2026-03-03 21:57:32,953 - INFO - ============================================================
2026-03-03 21:57:32,953 - INFO - Experiment run directory: /scratch/sb272/patterns5k_results/slurm_hist_cnn_2026-03-03_15-13-01/trial_0039_learning_rate=1.0e-04_history=1_kernel_sizes=10x3_conv_channels=256x128_fc_dims=256_seed0
2026-03-03 21:57:32,953 - INFO - ============================================================
2026-03-03 21:57:32,953 - INFO - Loading data …
2026-03-03 21:57:33,565 - INFO - 63 unique neurons after dropping problematic neurons
2026-03-03 21:57:34,470 - INFO - Stimulation channels: 42, Spiking neurons: 63
2026-03-03 21:58:42,042 - INFO - Unique patterns: 4050, Total trials: 5000
2026-03-03 21:58:42,044 - INFO - Stimulation channels: 42, Spiking neurons: 63
2026-03-03 21:58:42,044 - INFO - Unique patterns: 4050, Total trials: 5000
2026-03-03 21:58:42,054 - INFO - Split (oracle): train=3400, val=600, test=1000
2026-03-03 21:58:56,290 - INFO - BinnedStimSpikeDataset initialized:
2026-03-03 21:58:56,290 - INFO -   input_bin_size_ms=10, output_bin_size_ms=10
2026-03-03 21:58:56,290 - INFO -   n_input_bins=60, n_output_bins=60
2026-03-03 21:58:56,290 - INFO -   output_offset=0, total_bins_input=60, total_bins_output=60
2026-03-03 21:58:56,290 - INFO -   Valid start positions per trial: 0 to 0
2026-03-03 21:58:56,290 - INFO -   Total samples: 3400 (3400 trials × 1 positions)
2026-03-03 21:59:09,992 - INFO - BinnedStimSpikeDataset initialized:
2026-03-03 21:59:09,992 - INFO -   input_bin_size_ms=10, output_bin_size_ms=10
2026-03-03 21:59:09,992 - INFO -   n_input_bins=60, n_output_bins=60
2026-03-03 21:59:09,992 - INFO -   output_offset=0, total_bins_input=60, total_bins_output=60
2026-03-03 21:59:09,992 - INFO -   Valid start positions per trial: 0 to 0
2026-03-03 21:59:09,992 - INFO -   Total samples: 600 (600 trials × 1 positions)
2026-03-03 21:59:24,558 - INFO - BinnedStimSpikeDataset initialized:
2026-03-03 21:59:24,558 - INFO -   input_bin_size_ms=10, output_bin_size_ms=10
2026-03-03 21:59:24,558 - INFO -   n_input_bins=60, n_output_bins=60
2026-03-03 21:59:24,558 - INFO -   output_offset=0, total_bins_input=60, total_bins_output=60
2026-03-03 21:59:24,558 - INFO -   Valid start positions per trial: 0 to 0
2026-03-03 21:59:24,558 - INFO -   Total samples: 1000 (1000 trials × 1 positions)
2026-03-03 21:59:24,558 - INFO - Samples — train: 3400, val: 600, test: 1000
2026-03-03 21:59:24,558 - INFO - Input channels: 105, Neurons: 63
2026-03-03 21:59:24,572 - INFO - Using CPU
2026-03-03 21:59:24,590 - INFO - Model: CNN — 417,471 trainable params (417,471 total)
2026-03-03 21:59:31,825 - INFO - Starting training …
2026-03-03 21:59:38,450 - INFO - Epoch   1/50 | Train: 0.444213 | Val: 0.200715 | Corr: 0.095445 | LR: 1.00e-04
2026-03-03 21:59:38,472 - INFO -   ↳ Saved best model (val_corr=0.095445)
2026-03-03 21:59:44,005 - INFO - Epoch   2/50 | Train: 0.182946 | Val: 0.182536 | Corr: 0.129271 | LR: 1.00e-04
2026-03-03 21:59:44,022 - INFO -   ↳ Saved best model (val_corr=0.129271)
2026-03-03 21:59:49,933 - INFO - Epoch   3/50 | Train: 0.178331 | Val: 0.180874 | Corr: 0.138464 | LR: 1.00e-04
2026-03-03 21:59:49,957 - INFO -   ↳ Saved best model (val_corr=0.138464)
2026-03-03 21:59:55,640 - INFO - Epoch   4/50 | Train: 0.176333 | Val: 0.179812 | Corr: 0.145468 | LR: 1.00e-04
2026-03-03 21:59:55,659 - INFO -   ↳ Saved best model (val_corr=0.145468)
2026-03-03 22:00:00,738 - INFO - Epoch   5/50 | Train: 0.174552 | Val: 0.177884 | Corr: 0.151868 | LR: 1.00e-04
2026-03-03 22:00:00,751 - INFO -   ↳ Saved best model (val_corr=0.151868)
2026-03-03 22:00:05,775 - INFO - Epoch   6/50 | Train: 0.173079 | Val: 0.176130 | Corr: 0.159423 | LR: 1.00e-04
2026-03-03 22:00:05,789 - INFO -   ↳ Saved best model (val_corr=0.159423)
2026-03-03 22:00:10,732 - INFO - Epoch   7/50 | Train: 0.171662 | Val: 0.175233 | Corr: 0.165013 | LR: 1.00e-04
2026-03-03 22:00:10,751 - INFO -   ↳ Saved best model (val_corr=0.165013)
2026-03-03 22:00:15,693 - INFO - Epoch   8/50 | Train: 0.170485 | Val: 0.174501 | Corr: 0.169791 | LR: 1.00e-04
2026-03-03 22:00:15,709 - INFO -   ↳ Saved best model (val_corr=0.169791)
2026-03-03 22:00:20,766 - INFO - Epoch   9/50 | Train: 0.169478 | Val: 0.173946 | Corr: 0.174174 | LR: 1.00e-04
2026-03-03 22:00:20,806 - INFO -   ↳ Saved best model (val_corr=0.174174)
2026-03-03 22:00:25,880 - INFO - Epoch  10/50 | Train: 0.168543 | Val: 0.172694 | Corr: 0.178660 | LR: 1.00e-04
2026-03-03 22:00:25,914 - INFO -   ↳ Saved best model (val_corr=0.178660)
2026-03-03 22:00:31,002 - INFO - Epoch  11/50 | Train: 0.167724 | Val: 0.173120 | Corr: 0.182570 | LR: 1.00e-04
2026-03-03 22:00:31,018 - INFO -   ↳ Saved best model (val_corr=0.182570)
2026-03-03 22:00:36,138 - INFO - Epoch  12/50 | Train: 0.166857 | Val: 0.174682 | Corr: 0.185137 | LR: 1.00e-04
2026-03-03 22:00:36,151 - INFO -   ↳ Saved best model (val_corr=0.185137)
2026-03-03 22:00:41,244 - INFO - Epoch  13/50 | Train: 0.166217 | Val: 0.171863 | Corr: 0.189281 | LR: 1.00e-04
2026-03-03 22:00:41,260 - INFO -   ↳ Saved best model (val_corr=0.189281)
2026-03-03 22:00:46,359 - INFO - Epoch  14/50 | Train: 0.165486 | Val: 0.171164 | Corr: 0.194141 | LR: 1.00e-04
2026-03-03 22:00:46,376 - INFO -   ↳ Saved best model (val_corr=0.194141)
2026-03-03 22:00:51,523 - INFO - Epoch  15/50 | Train: 0.164894 | Val: 0.171531 | Corr: 0.196691 | LR: 1.00e-04
2026-03-03 22:00:51,537 - INFO -   ↳ Saved best model (val_corr=0.196691)
2026-03-03 22:00:56,683 - INFO - Epoch  16/50 | Train: 0.164191 | Val: 0.170969 | Corr: 0.199798 | LR: 1.00e-04
2026-03-03 22:00:56,714 - INFO -   ↳ Saved best model (val_corr=0.199798)
2026-03-03 22:01:01,766 - INFO - Epoch  17/50 | Train: 0.163580 | Val: 0.169657 | Corr: 0.202686 | LR: 1.00e-04
2026-03-03 22:01:01,790 - INFO -   ↳ Saved best model (val_corr=0.202686)
2026-03-03 22:01:06,836 - INFO - Epoch  18/50 | Train: 0.163051 | Val: 0.170273 | Corr: 0.206348 | LR: 1.00e-04
2026-03-03 22:01:06,856 - INFO -   ↳ Saved best model (val_corr=0.206348)
2026-03-03 22:01:11,985 - INFO - Epoch  19/50 | Train: 0.162450 | Val: 0.169134 | Corr: 0.208548 | LR: 1.00e-04
2026-03-03 22:01:12,004 - INFO -   ↳ Saved best model (val_corr=0.208548)
2026-03-03 22:01:17,187 - INFO - Epoch  20/50 | Train: 0.162003 | Val: 0.168989 | Corr: 0.211068 | LR: 1.00e-04
2026-03-03 22:01:17,207 - INFO -   ↳ Saved best model (val_corr=0.211068)
2026-03-03 22:01:22,350 - INFO - Epoch  21/50 | Train: 0.161659 | Val: 0.169099 | Corr: 0.213187 | LR: 1.00e-04
2026-03-03 22:01:22,367 - INFO -   ↳ Saved best model (val_corr=0.213187)
2026-03-03 22:01:27,528 - INFO - Epoch  22/50 | Train: 0.161118 | Val: 0.168756 | Corr: 0.214872 | LR: 1.00e-04
2026-03-03 22:01:27,542 - INFO -   ↳ Saved best model (val_corr=0.214872)
2026-03-03 22:01:32,916 - INFO - Epoch  23/50 | Train: 0.160652 | Val: 0.168495 | Corr: 0.217046 | LR: 1.00e-04
2026-03-03 22:01:32,934 - INFO -   ↳ Saved best model (val_corr=0.217046)
2026-03-03 22:01:38,345 - INFO - Epoch  24/50 | Train: 0.160237 | Val: 0.167143 | Corr: 0.218589 | LR: 1.00e-04
2026-03-03 22:01:38,365 - INFO -   ↳ Saved best model (val_corr=0.218589)
2026-03-03 22:01:43,829 - INFO - Epoch  25/50 | Train: 0.159960 | Val: 0.167436 | Corr: 0.221015 | LR: 1.00e-04
2026-03-03 22:01:43,847 - INFO -   ↳ Saved best model (val_corr=0.221015)
2026-03-03 22:01:49,328 - INFO - Epoch  26/50 | Train: 0.159546 | Val: 0.167833 | Corr: 0.221925 | LR: 1.00e-04
2026-03-03 22:01:49,343 - INFO -   ↳ Saved best model (val_corr=0.221925)
2026-03-03 22:01:54,787 - INFO - Epoch  27/50 | Train: 0.159271 | Val: 0.167377 | Corr: 0.223529 | LR: 1.00e-04
2026-03-03 22:01:54,803 - INFO -   ↳ Saved best model (val_corr=0.223529)
2026-03-03 22:02:00,296 - INFO - Epoch  28/50 | Train: 0.158900 | Val: 0.167057 | Corr: 0.224701 | LR: 1.00e-04
2026-03-03 22:02:00,312 - INFO -   ↳ Saved best model (val_corr=0.224701)
2026-03-03 22:02:06,051 - INFO - Epoch  29/50 | Train: 0.158483 | Val: 0.167140 | Corr: 0.225921 | LR: 1.00e-04
2026-03-03 22:02:06,065 - INFO -   ↳ Saved best model (val_corr=0.225921)
2026-03-03 22:02:11,785 - INFO - Epoch  30/50 | Train: 0.158288 | Val: 0.167174 | Corr: 0.227861 | LR: 1.00e-04
2026-03-03 22:02:11,798 - INFO -   ↳ Saved best model (val_corr=0.227861)
2026-03-03 22:02:17,438 - INFO - Epoch  31/50 | Train: 0.157904 | Val: 0.167191 | Corr: 0.227782 | LR: 1.00e-04
2026-03-03 22:02:23,085 - INFO - Epoch  32/50 | Train: 0.157680 | Val: 0.166766 | Corr: 0.229329 | LR: 1.00e-04
2026-03-03 22:02:23,105 - INFO -   ↳ Saved best model (val_corr=0.229329)
2026-03-03 22:02:28,618 - INFO - Epoch  33/50 | Train: 0.157330 | Val: 0.166901 | Corr: 0.230301 | LR: 1.00e-04
2026-03-03 22:02:28,633 - INFO -   ↳ Saved best model (val_corr=0.230301)
2026-03-03 22:02:34,399 - INFO - Epoch  34/50 | Train: 0.157104 | Val: 0.166403 | Corr: 0.231150 | LR: 1.00e-04
2026-03-03 22:02:34,413 - INFO -   ↳ Saved best model (val_corr=0.231150)
2026-03-03 22:02:40,198 - INFO - Epoch  35/50 | Train: 0.156791 | Val: 0.166339 | Corr: 0.232614 | LR: 1.00e-04
2026-03-03 22:02:40,222 - INFO -   ↳ Saved best model (val_corr=0.232614)
2026-03-03 22:02:46,006 - INFO - Epoch  36/50 | Train: 0.156519 | Val: 0.166589 | Corr: 0.232713 | LR: 1.00e-04
2026-03-03 22:02:46,026 - INFO -   ↳ Saved best model (val_corr=0.232713)
2026-03-03 22:02:51,808 - INFO - Epoch  37/50 | Train: 0.156344 | Val: 0.166496 | Corr: 0.233076 | LR: 1.00e-04
2026-03-03 22:02:51,824 - INFO -   ↳ Saved best model (val_corr=0.233076)
2026-03-03 22:02:57,591 - INFO - Epoch  38/50 | Train: 0.156134 | Val: 0.166516 | Corr: 0.234234 | LR: 1.00e-04
2026-03-03 22:02:57,603 - INFO -   ↳ Saved best model (val_corr=0.234234)
2026-03-03 22:03:03,563 - INFO - Epoch  39/50 | Train: 0.155966 | Val: 0.166238 | Corr: 0.235227 | LR: 1.00e-04
2026-03-03 22:03:03,580 - INFO -   ↳ Saved best model (val_corr=0.235227)
2026-03-03 22:03:09,577 - INFO - Epoch  40/50 | Train: 0.155665 | Val: 0.166552 | Corr: 0.235364 | LR: 1.00e-04
2026-03-03 22:03:09,602 - INFO -   ↳ Saved best model (val_corr=0.235364)
2026-03-03 22:03:15,653 - INFO - Epoch  41/50 | Train: 0.155463 | Val: 0.166003 | Corr: 0.237094 | LR: 1.00e-04
2026-03-03 22:03:15,669 - INFO -   ↳ Saved best model (val_corr=0.237094)
2026-03-03 22:03:21,741 - INFO - Epoch  42/50 | Train: 0.155272 | Val: 0.165576 | Corr: 0.236614 | LR: 1.00e-04
2026-03-03 22:03:27,774 - INFO - Epoch  43/50 | Train: 0.155020 | Val: 0.165997 | Corr: 0.236931 | LR: 1.00e-04
2026-03-03 22:03:33,776 - INFO - Epoch  44/50 | Train: 0.154914 | Val: 0.166358 | Corr: 0.237937 | LR: 1.00e-04
2026-03-03 22:03:33,802 - INFO -   ↳ Saved best model (val_corr=0.237937)
2026-03-03 22:03:39,779 - INFO - Epoch  45/50 | Train: 0.154645 | Val: 0.165772 | Corr: 0.238362 | LR: 1.00e-04
2026-03-03 22:03:39,801 - INFO -   ↳ Saved best model (val_corr=0.238362)
2026-03-03 22:03:45,788 - INFO - Epoch  46/50 | Train: 0.154502 | Val: 0.165676 | Corr: 0.238965 | LR: 1.00e-04
2026-03-03 22:03:45,802 - INFO -   ↳ Saved best model (val_corr=0.238965)
2026-03-03 22:03:51,814 - INFO - Epoch  47/50 | Train: 0.154388 | Val: 0.165843 | Corr: 0.239407 | LR: 1.00e-04
2026-03-03 22:03:51,834 - INFO -   ↳ Saved best model (val_corr=0.239407)
2026-03-03 22:03:57,838 - INFO - Epoch  48/50 | Train: 0.154118 | Val: 0.165754 | Corr: 0.238755 | LR: 5.00e-05
2026-03-03 22:04:03,818 - INFO - Epoch  49/50 | Train: 0.153712 | Val: 0.165488 | Corr: 0.240042 | LR: 5.00e-05
2026-03-03 22:04:03,837 - INFO -   ↳ Saved best model (val_corr=0.240042)
2026-03-03 22:04:09,862 - INFO - Epoch  50/50 | Train: 0.153574 | Val: 0.166143 | Corr: 0.239594 | LR: 5.00e-05
2026-03-03 22:04:09,862 - INFO - Training complete — best val corr: 0.240042
2026-03-03 22:04:11,398 - INFO - Test loss: 0.154630, Test corr: 0.235114
2026-03-03 22:04:11,969 - INFO - Fraction of variance explained (FVE): 0.062261
2026-03-03 22:04:11,969 - INFO - Computing autoregressive (AR) test predictions …
2026-03-03 22:04:12,640 - INFO - AR FVE: -0.007385, AR test corr: 0.071410
2026-03-03 22:04:12,640 - INFO - Generating figures …
2026-03-03 22:04:13,049 - INFO - Correlation between predicted and actual per-neuron averages: r=0.9957, p=0.00e+00
2026-03-03 22:04:14,969 - INFO - Pattern selectivity summary:
2026-03-03 22:04:14,969 - INFO -   Mean correlation across neurons: 0.7206
2026-03-03 22:04:14,969 - INFO -   Median correlation: 0.7480
2026-03-03 22:04:14,969 - INFO -   Neurons with r > 0.5: 56 / 63
2026-03-03 22:04:14,969 - INFO -   Neurons with r > 0.3: 62 / 63
2026-03-03 22:04:14,969 - INFO - Pattern selectivity — mean neuron corr: 0.7206
2026-03-03 22:04:16,510 - INFO - LOO (avg rate) — Model mean r: 0.6042, LOO mean r: 0.4546, Neurons model > LOO: 52/63
2026-03-03 22:04:18,633 - INFO - LOO (temporal) — Model mean r: 0.2463, LOO mean r: 0.3186, Neurons model > LOO: 9/63
2026-03-03 22:04:18,633 - INFO - Skipping oracle trial plots (skip_oracle_plots=True)
2026-03-03 22:04:18,642 - INFO - Experiment complete. Summary: {
  "run_dir": "/scratch/sb272/patterns5k_results/slurm_hist_cnn_2026-03-03_15-13-01/trial_0039_learning_rate=1.0e-04_history=1_kernel_sizes=10x3_conv_channels=256x128_fc_dims=256_seed0",
  "model_type": "cnn",
  "batch_avg_test_loss": 0.1546298016309738,
  "batch_avg_test_corr": 0.23511422594878628,
  "all_test_fve": 0.06226071668049646,
  "AR_FVE": -0.007385399606492784,
  "AR_test_correlation": 0.07140998542308807,
  "best_val_corr": 0.24004224379927688,
  "total_params": 417471,
  "trainable_params": 417471,
  "epochs_trained": 50,
  "mean_pattern_corr": 0.7206402325774844,
  "history": 1,
  "init_state": true,
  "loo_avg_mean_corr": 0.45456832695830385,
  "model_avg_mean_corr": 0.6041717113207105,
  "neurons_model_beats_loo_avg": 52,
  "loo_temporal_mean_corr": 0.31855225563049316,
  "all_test_corr": 0.24628868699073792,
  "neurons_model_beats_loo_temporal": 9,
  "kernel_sizes": [
    10,
    3
  ],
  "conv_channels": [
    256,
    128
  ],
  "fc_dims": [
    256
  ]
}
