2026-03-03 21:22:07,049 - INFO - ============================================================
2026-03-03 21:22:07,049 - INFO - Experiment run directory: /scratch/sb272/patterns5k_results/slurm_hist_cnn_2026-03-03_15-13-01/trial_0204_learning_rate=5.0e-04_history=20_kernel_sizes=5_conv_channels=256_fc_dims=256_seed2
2026-03-03 21:22:07,049 - INFO - ============================================================
2026-03-03 21:22:07,049 - INFO - Loading data …
2026-03-03 21:22:07,659 - INFO - 63 unique neurons after dropping problematic neurons
2026-03-03 21:22:08,590 - INFO - Stimulation channels: 42, Spiking neurons: 63
2026-03-03 21:23:16,276 - INFO - Unique patterns: 4050, Total trials: 5000
2026-03-03 21:23:16,277 - INFO - Stimulation channels: 42, Spiking neurons: 63
2026-03-03 21:23:16,277 - INFO - Unique patterns: 4050, Total trials: 5000
2026-03-03 21:23:16,288 - INFO - Split (oracle): train=3400, val=600, test=1000
2026-03-03 21:23:30,688 - INFO - BinnedStimSpikeDataset initialized:
2026-03-03 21:23:30,689 - INFO -   input_bin_size_ms=10, output_bin_size_ms=10
2026-03-03 21:23:30,689 - INFO -   n_input_bins=60, n_output_bins=60
2026-03-03 21:23:30,689 - INFO -   output_offset=0, total_bins_input=60, total_bins_output=60
2026-03-03 21:23:30,689 - INFO -   Valid start positions per trial: 0 to 0
2026-03-03 21:23:30,689 - INFO -   Total samples: 3400 (3400 trials × 1 positions)
2026-03-03 21:23:44,607 - INFO - BinnedStimSpikeDataset initialized:
2026-03-03 21:23:44,608 - INFO -   input_bin_size_ms=10, output_bin_size_ms=10
2026-03-03 21:23:44,608 - INFO -   n_input_bins=60, n_output_bins=60
2026-03-03 21:23:44,608 - INFO -   output_offset=0, total_bins_input=60, total_bins_output=60
2026-03-03 21:23:44,608 - INFO -   Valid start positions per trial: 0 to 0
2026-03-03 21:23:44,608 - INFO -   Total samples: 600 (600 trials × 1 positions)
2026-03-03 21:23:58,613 - INFO - BinnedStimSpikeDataset initialized:
2026-03-03 21:23:58,613 - INFO -   input_bin_size_ms=10, output_bin_size_ms=10
2026-03-03 21:23:58,613 - INFO -   n_input_bins=60, n_output_bins=60
2026-03-03 21:23:58,613 - INFO -   output_offset=0, total_bins_input=60, total_bins_output=60
2026-03-03 21:23:58,613 - INFO -   Valid start positions per trial: 0 to 0
2026-03-03 21:23:58,613 - INFO -   Total samples: 1000 (1000 trials × 1 positions)
2026-03-03 21:23:58,613 - INFO - Samples — train: 3400, val: 600, test: 1000
2026-03-03 21:23:58,613 - INFO - Input channels: 105, Neurons: 63
2026-03-03 21:23:58,613 - INFO - Using CPU
2026-03-03 21:23:58,629 - INFO - Model: CNN — 217,151 trainable params (217,151 total)
2026-03-03 21:24:02,985 - INFO - Starting training …
2026-03-03 21:24:07,040 - INFO - Epoch   1/50 | Train: 0.240114 | Val: 0.187834 | Corr: 0.034656 | LR: 5.00e-04
2026-03-03 21:24:07,055 - INFO -   ↳ Saved best model (val_corr=0.034656)
2026-03-03 21:24:10,300 - INFO - Epoch   2/50 | Train: 0.188237 | Val: 0.185160 | Corr: 0.052870 | LR: 5.00e-04
2026-03-03 21:24:10,315 - INFO -   ↳ Saved best model (val_corr=0.052870)
2026-03-03 21:24:13,600 - INFO - Epoch   3/50 | Train: 0.185804 | Val: 0.184404 | Corr: 0.059671 | LR: 5.00e-04
2026-03-03 21:24:13,610 - INFO -   ↳ Saved best model (val_corr=0.059671)
2026-03-03 21:24:16,844 - INFO - Epoch   4/50 | Train: 0.184138 | Val: 0.183201 | Corr: 0.071101 | LR: 5.00e-04
2026-03-03 21:24:16,856 - INFO -   ↳ Saved best model (val_corr=0.071101)
2026-03-03 21:24:20,095 - INFO - Epoch   5/50 | Train: 0.182744 | Val: 0.182840 | Corr: 0.078424 | LR: 5.00e-04
2026-03-03 21:24:20,106 - INFO -   ↳ Saved best model (val_corr=0.078424)
2026-03-03 21:24:23,342 - INFO - Epoch   6/50 | Train: 0.181599 | Val: 0.182197 | Corr: 0.086906 | LR: 5.00e-04
2026-03-03 21:24:23,354 - INFO -   ↳ Saved best model (val_corr=0.086906)
2026-03-03 21:24:26,540 - INFO - Epoch   7/50 | Train: 0.180438 | Val: 0.180830 | Corr: 0.094760 | LR: 5.00e-04
2026-03-03 21:24:26,553 - INFO -   ↳ Saved best model (val_corr=0.094760)
2026-03-03 21:24:29,755 - INFO - Epoch   8/50 | Train: 0.179449 | Val: 0.181671 | Corr: 0.100023 | LR: 5.00e-04
2026-03-03 21:24:29,768 - INFO -   ↳ Saved best model (val_corr=0.100023)
2026-03-03 21:24:33,001 - INFO - Epoch   9/50 | Train: 0.178728 | Val: 0.181326 | Corr: 0.103680 | LR: 5.00e-04
2026-03-03 21:24:33,011 - INFO -   ↳ Saved best model (val_corr=0.103680)
2026-03-03 21:24:36,120 - INFO - Epoch  10/50 | Train: 0.178170 | Val: 0.179769 | Corr: 0.105236 | LR: 5.00e-04
2026-03-03 21:24:36,133 - INFO -   ↳ Saved best model (val_corr=0.105236)
2026-03-03 21:24:39,318 - INFO - Epoch  11/50 | Train: 0.177488 | Val: 0.179294 | Corr: 0.107944 | LR: 5.00e-04
2026-03-03 21:24:39,328 - INFO -   ↳ Saved best model (val_corr=0.107944)
2026-03-03 21:24:42,509 - INFO - Epoch  12/50 | Train: 0.177135 | Val: 0.179114 | Corr: 0.111470 | LR: 5.00e-04
2026-03-03 21:24:42,527 - INFO -   ↳ Saved best model (val_corr=0.111470)
2026-03-03 21:24:45,716 - INFO - Epoch  13/50 | Train: 0.176660 | Val: 0.179027 | Corr: 0.113198 | LR: 5.00e-04
2026-03-03 21:24:45,728 - INFO -   ↳ Saved best model (val_corr=0.113198)
2026-03-03 21:24:48,903 - INFO - Epoch  14/50 | Train: 0.176170 | Val: 0.178876 | Corr: 0.114465 | LR: 5.00e-04
2026-03-03 21:24:48,913 - INFO -   ↳ Saved best model (val_corr=0.114465)
2026-03-03 21:24:52,078 - INFO - Epoch  15/50 | Train: 0.175752 | Val: 0.178291 | Corr: 0.117464 | LR: 5.00e-04
2026-03-03 21:24:52,090 - INFO -   ↳ Saved best model (val_corr=0.117464)
2026-03-03 21:24:55,277 - INFO - Epoch  16/50 | Train: 0.175424 | Val: 0.178223 | Corr: 0.119239 | LR: 5.00e-04
2026-03-03 21:24:55,290 - INFO -   ↳ Saved best model (val_corr=0.119239)
2026-03-03 21:24:58,478 - INFO - Epoch  17/50 | Train: 0.175134 | Val: 0.178241 | Corr: 0.119366 | LR: 5.00e-04
2026-03-03 21:24:58,491 - INFO -   ↳ Saved best model (val_corr=0.119366)
2026-03-03 21:25:01,692 - INFO - Epoch  18/50 | Train: 0.174897 | Val: 0.178505 | Corr: 0.120407 | LR: 5.00e-04
2026-03-03 21:25:01,709 - INFO -   ↳ Saved best model (val_corr=0.120407)
2026-03-03 21:25:04,823 - INFO - Epoch  19/50 | Train: 0.174606 | Val: 0.178257 | Corr: 0.121696 | LR: 5.00e-04
2026-03-03 21:25:04,852 - INFO -   ↳ Saved best model (val_corr=0.121696)
2026-03-03 21:25:07,963 - INFO - Epoch  20/50 | Train: 0.174191 | Val: 0.177941 | Corr: 0.122770 | LR: 5.00e-04
2026-03-03 21:25:07,977 - INFO -   ↳ Saved best model (val_corr=0.122770)
2026-03-03 21:25:11,096 - INFO - Epoch  21/50 | Train: 0.173861 | Val: 0.177846 | Corr: 0.122368 | LR: 5.00e-04
2026-03-03 21:25:14,234 - INFO - Epoch  22/50 | Train: 0.173608 | Val: 0.177726 | Corr: 0.125694 | LR: 5.00e-04
2026-03-03 21:25:14,246 - INFO -   ↳ Saved best model (val_corr=0.125694)
2026-03-03 21:25:17,381 - INFO - Epoch  23/50 | Train: 0.173352 | Val: 0.178057 | Corr: 0.123156 | LR: 5.00e-04
2026-03-03 21:25:20,537 - INFO - Epoch  24/50 | Train: 0.173181 | Val: 0.177896 | Corr: 0.123369 | LR: 5.00e-04
2026-03-03 21:25:23,762 - INFO - Epoch  25/50 | Train: 0.172930 | Val: 0.177781 | Corr: 0.125961 | LR: 5.00e-04
2026-03-03 21:25:23,771 - INFO -   ↳ Saved best model (val_corr=0.125961)
2026-03-03 21:25:26,944 - INFO - Epoch  26/50 | Train: 0.172721 | Val: 0.177767 | Corr: 0.125113 | LR: 5.00e-04
2026-03-03 21:25:30,114 - INFO - Epoch  27/50 | Train: 0.172505 | Val: 0.177991 | Corr: 0.125999 | LR: 5.00e-04
2026-03-03 21:25:30,127 - INFO -   ↳ Saved best model (val_corr=0.125999)
2026-03-03 21:25:33,310 - INFO - Epoch  28/50 | Train: 0.172288 | Val: 0.177597 | Corr: 0.126509 | LR: 5.00e-04
2026-03-03 21:25:33,323 - INFO -   ↳ Saved best model (val_corr=0.126509)
2026-03-03 21:25:36,495 - INFO - Epoch  29/50 | Train: 0.172114 | Val: 0.177785 | Corr: 0.125177 | LR: 5.00e-04
2026-03-03 21:25:39,699 - INFO - Epoch  30/50 | Train: 0.171835 | Val: 0.177744 | Corr: 0.126942 | LR: 5.00e-04
2026-03-03 21:25:39,715 - INFO -   ↳ Saved best model (val_corr=0.126942)
2026-03-03 21:25:42,915 - INFO - Epoch  31/50 | Train: 0.171722 | Val: 0.177647 | Corr: 0.127127 | LR: 5.00e-04
2026-03-03 21:25:42,929 - INFO -   ↳ Saved best model (val_corr=0.127127)
2026-03-03 21:25:46,152 - INFO - Epoch  32/50 | Train: 0.171536 | Val: 0.177802 | Corr: 0.126494 | LR: 5.00e-04
2026-03-03 21:25:49,403 - INFO - Epoch  33/50 | Train: 0.171301 | Val: 0.177899 | Corr: 0.126246 | LR: 5.00e-04
2026-03-03 21:25:52,668 - INFO - Epoch  34/50 | Train: 0.171159 | Val: 0.178128 | Corr: 0.127300 | LR: 2.50e-04
2026-03-03 21:25:52,682 - INFO -   ↳ Saved best model (val_corr=0.127300)
2026-03-03 21:25:55,986 - INFO - Epoch  35/50 | Train: 0.170293 | Val: 0.177909 | Corr: 0.126631 | LR: 2.50e-04
2026-03-03 21:25:59,227 - INFO - Epoch  36/50 | Train: 0.170043 | Val: 0.177766 | Corr: 0.127575 | LR: 2.50e-04
2026-03-03 21:25:59,239 - INFO -   ↳ Saved best model (val_corr=0.127575)
2026-03-03 21:26:02,457 - INFO - Epoch  37/50 | Train: 0.170043 | Val: 0.177820 | Corr: 0.127537 | LR: 2.50e-04
2026-03-03 21:26:05,721 - INFO - Epoch  38/50 | Train: 0.169887 | Val: 0.178056 | Corr: 0.127225 | LR: 2.50e-04
2026-03-03 21:26:08,942 - INFO - Epoch  39/50 | Train: 0.169756 | Val: 0.178116 | Corr: 0.127230 | LR: 2.50e-04
2026-03-03 21:26:12,211 - INFO - Epoch  40/50 | Train: 0.169656 | Val: 0.178006 | Corr: 0.127031 | LR: 1.25e-04
2026-03-03 21:26:15,480 - INFO - Epoch  41/50 | Train: 0.169322 | Val: 0.177853 | Corr: 0.126991 | LR: 1.25e-04
2026-03-03 21:26:18,749 - INFO - Epoch  42/50 | Train: 0.169147 | Val: 0.177978 | Corr: 0.127079 | LR: 1.25e-04
2026-03-03 21:26:21,970 - INFO - Epoch  43/50 | Train: 0.169121 | Val: 0.178045 | Corr: 0.127167 | LR: 1.25e-04
2026-03-03 21:26:25,195 - INFO - Epoch  44/50 | Train: 0.169061 | Val: 0.178175 | Corr: 0.127053 | LR: 1.25e-04
2026-03-03 21:26:28,371 - INFO - Epoch  45/50 | Train: 0.168995 | Val: 0.178110 | Corr: 0.126507 | LR: 1.25e-04
2026-03-03 21:26:31,577 - INFO - Epoch  46/50 | Train: 0.168943 | Val: 0.178034 | Corr: 0.126657 | LR: 6.25e-05
2026-03-03 21:26:31,578 - INFO - Early stopping at epoch 46
2026-03-03 21:26:31,578 - INFO - Training complete — best val corr: 0.127575
2026-03-03 21:26:32,576 - INFO - Test loss: 0.168810, Test corr: 0.130461
2026-03-03 21:26:32,871 - INFO - Fraction of variance explained (FVE): 0.020923
2026-03-03 21:26:32,871 - INFO - Computing autoregressive (AR) test predictions …
2026-03-03 21:26:33,289 - INFO - AR FVE: 0.020462, AR test corr: 0.131191
2026-03-03 21:26:33,289 - INFO - Generating figures …
2026-03-03 21:26:33,647 - INFO - Correlation between predicted and actual per-neuron averages: r=0.9925, p=0.00e+00
2026-03-03 21:26:35,150 - INFO - Pattern selectivity summary:
2026-03-03 21:26:35,150 - INFO -   Mean correlation across neurons: 0.5271
2026-03-03 21:26:35,151 - INFO -   Median correlation: 0.5654
2026-03-03 21:26:35,151 - INFO -   Neurons with r > 0.5: 39 / 63
2026-03-03 21:26:35,151 - INFO -   Neurons with r > 0.3: 55 / 63
2026-03-03 21:26:35,151 - INFO - Pattern selectivity — mean neuron corr: 0.5271
2026-03-03 21:26:36,294 - INFO - LOO (avg rate) — Model mean r: 0.3882, LOO mean r: 0.4546, Neurons model > LOO: 9/63
2026-03-03 21:26:37,838 - INFO - LOO (temporal) — Model mean r: 0.1373, LOO mean r: 0.3186, Neurons model > LOO: 1/63
2026-03-03 21:26:37,838 - INFO - Skipping oracle trial plots (skip_oracle_plots=True)
2026-03-03 21:26:37,845 - INFO - Experiment complete. Summary: {
  "run_dir": "/scratch/sb272/patterns5k_results/slurm_hist_cnn_2026-03-03_15-13-01/trial_0204_learning_rate=5.0e-04_history=20_kernel_sizes=5_conv_channels=256_fc_dims=256_seed2",
  "model_type": "cnn",
  "batch_avg_test_loss": 0.16881016051769257,
  "batch_avg_test_corr": 0.13046115735315542,
  "all_test_fve": 0.0209226579893203,
  "AR_FVE": 0.02046183745066325,
  "AR_test_correlation": 0.13119062781333923,
  "best_val_corr": 0.12757498071869175,
  "total_params": 217151,
  "trainable_params": 217151,
  "epochs_trained": 46,
  "mean_pattern_corr": 0.5271304153427486,
  "history": 20,
  "init_state": true,
  "loo_avg_mean_corr": 0.45456832695830385,
  "model_avg_mean_corr": 0.38822835247336196,
  "neurons_model_beats_loo_avg": 9,
  "loo_temporal_mean_corr": 0.31855225563049316,
  "all_test_corr": 0.13726037740707397,
  "neurons_model_beats_loo_temporal": 1,
  "kernel_sizes": [
    5
  ],
  "conv_channels": [
    256
  ],
  "fc_dims": [
    256
  ]
}
