2026-03-06 04:34:06,903 - INFO - ============================================================
2026-03-06 04:34:06,903 - INFO - Experiment run directory: /scratch/sb272/patterns5k_results/slurm_hist_cnn_2026-03-05_16-01-45/trial_0543_learning_rate=1.0e-03_history=2_kernel_sizes=5x3_conv_channels=128x256_fc_dims=256_seed0
2026-03-06 04:34:06,903 - INFO - ============================================================
2026-03-06 04:34:06,903 - INFO - Loading data …
2026-03-06 04:34:07,705 - INFO - 63 unique neurons after dropping problematic neurons
2026-03-06 04:34:08,773 - INFO - Stimulation channels: 42, Spiking neurons: 63
2026-03-06 04:35:55,862 - INFO - Unique patterns: 4050, Total trials: 5000
2026-03-06 04:35:55,863 - INFO - Stimulation channels: 42, Spiking neurons: 63
2026-03-06 04:35:55,864 - INFO - Unique patterns: 4050, Total trials: 5000
2026-03-06 04:35:55,879 - INFO - Split (oracle): train=3400, val=600, test=1000
2026-03-06 04:36:18,032 - INFO - BinnedStimSpikeDataset initialized:
2026-03-06 04:36:18,033 - INFO -   input_bin_size_ms=10, output_bin_size_ms=10
2026-03-06 04:36:18,033 - INFO -   n_input_bins=60, n_output_bins=60
2026-03-06 04:36:18,033 - INFO -   output_offset=0, total_bins_input=60, total_bins_output=60
2026-03-06 04:36:18,033 - INFO -   Valid start positions per trial: 0 to 0
2026-03-06 04:36:18,033 - INFO -   Total samples: 3400 (3400 trials × 1 positions)
2026-03-06 04:36:39,697 - INFO - BinnedStimSpikeDataset initialized:
2026-03-06 04:36:39,698 - INFO -   input_bin_size_ms=10, output_bin_size_ms=10
2026-03-06 04:36:39,698 - INFO -   n_input_bins=60, n_output_bins=60
2026-03-06 04:36:39,698 - INFO -   output_offset=0, total_bins_input=60, total_bins_output=60
2026-03-06 04:36:39,698 - INFO -   Valid start positions per trial: 0 to 0
2026-03-06 04:36:39,698 - INFO -   Total samples: 600 (600 trials × 1 positions)
2026-03-06 04:37:01,515 - INFO - BinnedStimSpikeDataset initialized:
2026-03-06 04:37:01,515 - INFO -   input_bin_size_ms=10, output_bin_size_ms=10
2026-03-06 04:37:01,515 - INFO -   n_input_bins=60, n_output_bins=60
2026-03-06 04:37:01,515 - INFO -   output_offset=0, total_bins_input=60, total_bins_output=60
2026-03-06 04:37:01,515 - INFO -   Valid start positions per trial: 0 to 0
2026-03-06 04:37:01,515 - INFO -   Total samples: 1000 (1000 trials × 1 positions)
2026-03-06 04:37:01,515 - INFO - Samples — train: 3400, val: 600, test: 1000
2026-03-06 04:37:01,515 - INFO - Input channels: 105, Neurons: 63
2026-03-06 04:37:01,522 - INFO - Using CPU
2026-03-06 04:37:01,539 - INFO - Model: CNN — 248,639 trainable params (248,639 total)
2026-03-06 04:37:10,603 - INFO - Starting training …
2026-03-06 04:37:17,201 - INFO - Epoch   1/50 | Train: 0.205759 | Val: 0.178113 | Corr: 0.153363 | LR: 1.00e-03
2026-03-06 04:37:17,219 - INFO -   ↳ Saved best model (val_corr=0.153363)
2026-03-06 04:37:22,453 - INFO - Epoch   2/50 | Train: 0.173068 | Val: 0.174860 | Corr: 0.177110 | LR: 1.00e-03
2026-03-06 04:37:22,467 - INFO -   ↳ Saved best model (val_corr=0.177110)
2026-03-06 04:37:27,618 - INFO - Epoch   3/50 | Train: 0.169870 | Val: 0.170486 | Corr: 0.195317 | LR: 1.00e-03
2026-03-06 04:37:27,632 - INFO -   ↳ Saved best model (val_corr=0.195317)
2026-03-06 04:37:32,841 - INFO - Epoch   4/50 | Train: 0.167757 | Val: 0.171871 | Corr: 0.211548 | LR: 1.00e-03
2026-03-06 04:37:32,862 - INFO -   ↳ Saved best model (val_corr=0.211548)
2026-03-06 04:37:38,006 - INFO - Epoch   5/50 | Train: 0.166237 | Val: 0.170059 | Corr: 0.216516 | LR: 1.00e-03
2026-03-06 04:37:38,020 - INFO -   ↳ Saved best model (val_corr=0.216516)
2026-03-06 04:37:43,238 - INFO - Epoch   6/50 | Train: 0.165121 | Val: 0.169919 | Corr: 0.226023 | LR: 1.00e-03
2026-03-06 04:37:43,254 - INFO -   ↳ Saved best model (val_corr=0.226023)
2026-03-06 04:37:48,560 - INFO - Epoch   7/50 | Train: 0.164352 | Val: 0.166450 | Corr: 0.230986 | LR: 1.00e-03
2026-03-06 04:37:48,573 - INFO -   ↳ Saved best model (val_corr=0.230986)
2026-03-06 04:37:53,760 - INFO - Epoch   8/50 | Train: 0.163582 | Val: 0.166139 | Corr: 0.234073 | LR: 1.00e-03
2026-03-06 04:37:53,775 - INFO -   ↳ Saved best model (val_corr=0.234073)
2026-03-06 04:37:59,031 - INFO - Epoch   9/50 | Train: 0.162991 | Val: 0.165715 | Corr: 0.238047 | LR: 1.00e-03
2026-03-06 04:37:59,043 - INFO -   ↳ Saved best model (val_corr=0.238047)
2026-03-06 04:38:04,206 - INFO - Epoch  10/50 | Train: 0.162631 | Val: 0.168631 | Corr: 0.238358 | LR: 1.00e-03
2026-03-06 04:38:04,222 - INFO -   ↳ Saved best model (val_corr=0.238358)
2026-03-06 04:38:09,423 - INFO - Epoch  11/50 | Train: 0.162082 | Val: 0.168106 | Corr: 0.242489 | LR: 1.00e-03
2026-03-06 04:38:09,433 - INFO -   ↳ Saved best model (val_corr=0.242489)
2026-03-06 04:38:14,640 - INFO - Epoch  12/50 | Train: 0.161684 | Val: 0.165471 | Corr: 0.244425 | LR: 1.00e-03
2026-03-06 04:38:14,656 - INFO -   ↳ Saved best model (val_corr=0.244425)
2026-03-06 04:38:19,852 - INFO - Epoch  13/50 | Train: 0.161134 | Val: 0.167280 | Corr: 0.247674 | LR: 1.00e-03
2026-03-06 04:38:19,866 - INFO -   ↳ Saved best model (val_corr=0.247674)
2026-03-06 04:38:25,097 - INFO - Epoch  14/50 | Train: 0.160868 | Val: 0.166091 | Corr: 0.244969 | LR: 1.00e-03
2026-03-06 04:38:30,298 - INFO - Epoch  15/50 | Train: 0.160469 | Val: 0.164787 | Corr: 0.250392 | LR: 1.00e-03
2026-03-06 04:38:30,315 - INFO -   ↳ Saved best model (val_corr=0.250392)
2026-03-06 04:38:35,508 - INFO - Epoch  16/50 | Train: 0.160156 | Val: 0.163968 | Corr: 0.250866 | LR: 1.00e-03
2026-03-06 04:38:35,522 - INFO -   ↳ Saved best model (val_corr=0.250866)
2026-03-06 04:38:40,729 - INFO - Epoch  17/50 | Train: 0.160026 | Val: 0.165678 | Corr: 0.252485 | LR: 1.00e-03
2026-03-06 04:38:40,740 - INFO -   ↳ Saved best model (val_corr=0.252485)
2026-03-06 04:38:46,007 - INFO - Epoch  18/50 | Train: 0.159806 | Val: 0.164132 | Corr: 0.251265 | LR: 1.00e-03
2026-03-06 04:38:51,188 - INFO - Epoch  19/50 | Train: 0.159450 | Val: 0.165242 | Corr: 0.251996 | LR: 1.00e-03
2026-03-06 04:38:56,371 - INFO - Epoch  20/50 | Train: 0.159178 | Val: 0.165015 | Corr: 0.254265 | LR: 1.00e-03
2026-03-06 04:38:56,385 - INFO -   ↳ Saved best model (val_corr=0.254265)
2026-03-06 04:39:01,585 - INFO - Epoch  21/50 | Train: 0.159060 | Val: 0.164435 | Corr: 0.255344 | LR: 1.00e-03
2026-03-06 04:39:01,600 - INFO -   ↳ Saved best model (val_corr=0.255344)
2026-03-06 04:39:06,768 - INFO - Epoch  22/50 | Train: 0.158733 | Val: 0.165208 | Corr: 0.253576 | LR: 5.00e-04
2026-03-06 04:39:11,961 - INFO - Epoch  23/50 | Train: 0.157841 | Val: 0.163449 | Corr: 0.256917 | LR: 5.00e-04
2026-03-06 04:39:11,973 - INFO -   ↳ Saved best model (val_corr=0.256917)
2026-03-06 04:39:17,062 - INFO - Epoch  24/50 | Train: 0.157466 | Val: 0.164057 | Corr: 0.256765 | LR: 5.00e-04
2026-03-06 04:39:22,194 - INFO - Epoch  25/50 | Train: 0.157313 | Val: 0.164541 | Corr: 0.257758 | LR: 5.00e-04
2026-03-06 04:39:22,207 - INFO -   ↳ Saved best model (val_corr=0.257758)
2026-03-06 04:39:27,374 - INFO - Epoch  26/50 | Train: 0.157303 | Val: 0.164185 | Corr: 0.257762 | LR: 5.00e-04
2026-03-06 04:39:27,388 - INFO -   ↳ Saved best model (val_corr=0.257762)
2026-03-06 04:39:32,501 - INFO - Epoch  27/50 | Train: 0.157210 | Val: 0.164082 | Corr: 0.257966 | LR: 5.00e-04
2026-03-06 04:39:32,514 - INFO -   ↳ Saved best model (val_corr=0.257966)
2026-03-06 04:39:37,699 - INFO - Epoch  28/50 | Train: 0.157013 | Val: 0.163821 | Corr: 0.257493 | LR: 5.00e-04
2026-03-06 04:39:42,875 - INFO - Epoch  29/50 | Train: 0.156901 | Val: 0.163574 | Corr: 0.258215 | LR: 2.50e-04
2026-03-06 04:39:42,889 - INFO -   ↳ Saved best model (val_corr=0.258215)
2026-03-06 04:39:48,134 - INFO - Epoch  30/50 | Train: 0.156353 | Val: 0.163673 | Corr: 0.258156 | LR: 2.50e-04
2026-03-06 04:39:53,332 - INFO - Epoch  31/50 | Train: 0.156281 | Val: 0.164051 | Corr: 0.258603 | LR: 2.50e-04
2026-03-06 04:39:53,358 - INFO -   ↳ Saved best model (val_corr=0.258603)
2026-03-06 04:39:58,538 - INFO - Epoch  32/50 | Train: 0.156168 | Val: 0.163114 | Corr: 0.260339 | LR: 2.50e-04
2026-03-06 04:39:58,557 - INFO -   ↳ Saved best model (val_corr=0.260339)
2026-03-06 04:40:03,722 - INFO - Epoch  33/50 | Train: 0.156170 | Val: 0.163362 | Corr: 0.260283 | LR: 2.50e-04
2026-03-06 04:40:08,884 - INFO - Epoch  34/50 | Train: 0.156121 | Val: 0.163070 | Corr: 0.259672 | LR: 2.50e-04
2026-03-06 04:40:14,029 - INFO - Epoch  35/50 | Train: 0.155998 | Val: 0.163871 | Corr: 0.258657 | LR: 2.50e-04
2026-03-06 04:40:19,244 - INFO - Epoch  36/50 | Train: 0.155974 | Val: 0.164136 | Corr: 0.259536 | LR: 2.50e-04
2026-03-06 04:40:24,463 - INFO - Epoch  37/50 | Train: 0.155915 | Val: 0.164342 | Corr: 0.259953 | LR: 2.50e-04
2026-03-06 04:40:29,683 - INFO - Epoch  38/50 | Train: 0.155860 | Val: 0.163659 | Corr: 0.260394 | LR: 2.50e-04
2026-03-06 04:40:29,700 - INFO -   ↳ Saved best model (val_corr=0.260394)
2026-03-06 04:40:34,994 - INFO - Epoch  39/50 | Train: 0.155880 | Val: 0.163313 | Corr: 0.259470 | LR: 2.50e-04
2026-03-06 04:40:40,181 - INFO - Epoch  40/50 | Train: 0.155749 | Val: 0.163410 | Corr: 0.259456 | LR: 1.25e-04
2026-03-06 04:40:45,410 - INFO - Epoch  41/50 | Train: 0.155407 | Val: 0.163251 | Corr: 0.260479 | LR: 1.25e-04
2026-03-06 04:40:45,422 - INFO -   ↳ Saved best model (val_corr=0.260479)
2026-03-06 04:40:50,582 - INFO - Epoch  42/50 | Train: 0.155413 | Val: 0.163214 | Corr: 0.261167 | LR: 1.25e-04
2026-03-06 04:40:50,594 - INFO -   ↳ Saved best model (val_corr=0.261167)
2026-03-06 04:40:55,783 - INFO - Epoch  43/50 | Train: 0.155442 | Val: 0.163552 | Corr: 0.259223 | LR: 1.25e-04
2026-03-06 04:41:00,980 - INFO - Epoch  44/50 | Train: 0.155434 | Val: 0.163336 | Corr: 0.260999 | LR: 1.25e-04
2026-03-06 04:41:06,253 - INFO - Epoch  45/50 | Train: 0.155296 | Val: 0.163437 | Corr: 0.259851 | LR: 1.25e-04
2026-03-06 04:41:11,496 - INFO - Epoch  46/50 | Train: 0.155283 | Val: 0.163068 | Corr: 0.260765 | LR: 6.25e-05
2026-03-06 04:41:16,741 - INFO - Epoch  47/50 | Train: 0.155167 | Val: 0.163448 | Corr: 0.259932 | LR: 6.25e-05
2026-03-06 04:41:21,994 - INFO - Epoch  48/50 | Train: 0.155074 | Val: 0.163866 | Corr: 0.258651 | LR: 6.25e-05
2026-03-06 04:41:27,216 - INFO - Epoch  49/50 | Train: 0.155232 | Val: 0.163396 | Corr: 0.260053 | LR: 6.25e-05
2026-03-06 04:41:32,485 - INFO - Epoch  50/50 | Train: 0.154984 | Val: 0.163744 | Corr: 0.259572 | LR: 6.25e-05
2026-03-06 04:41:32,485 - INFO - Training complete — best val corr: 0.261167
2026-03-06 04:41:33,964 - INFO - Test loss: 0.153149, Test corr: 0.251854
2026-03-06 04:41:34,365 - INFO - Fraction of variance explained (FVE): 0.074267
2026-03-06 04:41:34,365 - INFO - Computing autoregressive (AR) test predictions …
2026-03-06 04:41:34,904 - INFO - AR FVE: 0.001809, AR test corr: 0.092347
2026-03-06 04:41:34,904 - INFO - Generating figures …
2026-03-06 04:41:35,380 - INFO - Correlation between predicted and actual per-neuron averages: r=0.9960, p=0.00e+00
2026-03-06 04:41:37,444 - INFO - Pattern selectivity summary:
2026-03-06 04:41:37,445 - INFO -   Mean correlation across neurons: 0.7490
2026-03-06 04:41:37,445 - INFO -   Median correlation: 0.7729
2026-03-06 04:41:37,445 - INFO -   Neurons with r > 0.5: 59 / 63
2026-03-06 04:41:37,445 - INFO -   Neurons with r > 0.3: 62 / 63
2026-03-06 04:41:37,445 - INFO - Pattern selectivity — mean neuron corr: 0.7490
2026-03-06 04:41:39,120 - INFO - LOO (avg rate) — Model mean r: 0.6188, LOO mean r: 0.4546, Neurons model > LOO: 56/63
2026-03-06 04:41:41,330 - INFO - LOO (temporal) — Model mean r: 0.2627, LOO mean r: 0.3186, Neurons model > LOO: 11/63
2026-03-06 04:41:41,330 - INFO - Skipping oracle trial plots (skip_oracle_plots=True)
2026-03-06 04:41:41,338 - INFO - Experiment complete. Summary: {
  "run_dir": "/scratch/sb272/patterns5k_results/slurm_hist_cnn_2026-03-05_16-01-45/trial_0543_learning_rate=1.0e-03_history=2_kernel_sizes=5x3_conv_channels=128x256_fc_dims=256_seed0",
  "model_type": "cnn",
  "batch_avg_test_loss": 0.15314915490150452,
  "batch_avg_test_corr": 0.25185443949799174,
  "all_test_fve": 0.07426654914068798,
  "AR_FVE": 0.0018087511970883324,
  "AR_test_correlation": 0.09234682470560074,
  "best_val_corr": 0.26116707799010397,
  "total_params": 248639,
  "trainable_params": 248639,
  "epochs_trained": 50,
  "mean_pattern_corr": 0.7489871218284134,
  "history": 2,
  "init_state": true,
  "loo_avg_mean_corr": 0.45456832695830385,
  "model_avg_mean_corr": 0.618767682726305,
  "neurons_model_beats_loo_avg": 56,
  "loo_temporal_mean_corr": 0.31855225563049316,
  "all_test_corr": 0.2626818120479584,
  "neurons_model_beats_loo_temporal": 11,
  "kernel_sizes": [
    5,
    3
  ],
  "conv_channels": [
    128,
    256
  ],
  "fc_dims": [
    256
  ]
}
