2026-03-06 05:08:42,620 - INFO - ============================================================
2026-03-06 05:08:42,620 - INFO - Experiment run directory: /scratch/sb272/patterns5k_results/slurm_hist_cnn_2026-03-05_16-01-45/trial_0523_learning_rate=1.0e-03_history=20_kernel_sizes=3x3x3_conv_channels=256x256x256_fc_dims=512_seed0
2026-03-06 05:08:42,620 - INFO - ============================================================
2026-03-06 05:08:42,620 - INFO - Loading data …
2026-03-06 05:08:43,532 - INFO - 63 unique neurons after dropping problematic neurons
2026-03-06 05:08:44,734 - INFO - Stimulation channels: 42, Spiking neurons: 63
2026-03-06 05:10:54,580 - INFO - Unique patterns: 4050, Total trials: 5000
2026-03-06 05:10:54,581 - INFO - Stimulation channels: 42, Spiking neurons: 63
2026-03-06 05:10:54,581 - INFO - Unique patterns: 4050, Total trials: 5000
2026-03-06 05:10:54,598 - INFO - Split (oracle): train=3400, val=600, test=1000
2026-03-06 05:11:21,356 - INFO - BinnedStimSpikeDataset initialized:
2026-03-06 05:11:21,357 - INFO -   input_bin_size_ms=10, output_bin_size_ms=10
2026-03-06 05:11:21,357 - INFO -   n_input_bins=60, n_output_bins=60
2026-03-06 05:11:21,357 - INFO -   output_offset=0, total_bins_input=60, total_bins_output=60
2026-03-06 05:11:21,357 - INFO -   Valid start positions per trial: 0 to 0
2026-03-06 05:11:21,357 - INFO -   Total samples: 3400 (3400 trials × 1 positions)
2026-03-06 05:11:47,426 - INFO - BinnedStimSpikeDataset initialized:
2026-03-06 05:11:47,428 - INFO -   input_bin_size_ms=10, output_bin_size_ms=10
2026-03-06 05:11:47,428 - INFO -   n_input_bins=60, n_output_bins=60
2026-03-06 05:11:47,428 - INFO -   output_offset=0, total_bins_input=60, total_bins_output=60
2026-03-06 05:11:47,428 - INFO -   Valid start positions per trial: 0 to 0
2026-03-06 05:11:47,428 - INFO -   Total samples: 600 (600 trials × 1 positions)
2026-03-06 05:12:13,655 - INFO - BinnedStimSpikeDataset initialized:
2026-03-06 05:12:13,655 - INFO -   input_bin_size_ms=10, output_bin_size_ms=10
2026-03-06 05:12:13,655 - INFO -   n_input_bins=60, n_output_bins=60
2026-03-06 05:12:13,655 - INFO -   output_offset=0, total_bins_input=60, total_bins_output=60
2026-03-06 05:12:13,655 - INFO -   Valid start positions per trial: 0 to 0
2026-03-06 05:12:13,655 - INFO -   Total samples: 1000 (1000 trials × 1 positions)
2026-03-06 05:12:13,655 - INFO - Samples — train: 3400, val: 600, test: 1000
2026-03-06 05:12:13,656 - INFO - Input channels: 105, Neurons: 63
2026-03-06 05:12:13,660 - INFO - Using CPU
2026-03-06 05:12:13,688 - INFO - Model: CNN — 640,063 trainable params (640,063 total)
2026-03-06 05:12:17,437 - INFO - Starting training …
2026-03-06 05:12:32,814 - INFO - Epoch   1/50 | Train: 0.203447 | Val: 0.183984 | Corr: 0.082644 | LR: 1.00e-03
2026-03-06 05:12:32,837 - INFO -   ↳ Saved best model (val_corr=0.082644)
2026-03-06 05:12:46,675 - INFO - Epoch   2/50 | Train: 0.181201 | Val: 0.182347 | Corr: 0.097987 | LR: 1.00e-03
2026-03-06 05:12:46,698 - INFO -   ↳ Saved best model (val_corr=0.097987)
2026-03-06 05:13:00,787 - INFO - Epoch   3/50 | Train: 0.179595 | Val: 0.180545 | Corr: 0.113286 | LR: 1.00e-03
2026-03-06 05:13:00,805 - INFO -   ↳ Saved best model (val_corr=0.113286)
2026-03-06 05:13:14,926 - INFO - Epoch   4/50 | Train: 0.178137 | Val: 0.180283 | Corr: 0.122711 | LR: 1.00e-03
2026-03-06 05:13:14,945 - INFO -   ↳ Saved best model (val_corr=0.122711)
2026-03-06 05:13:28,953 - INFO - Epoch   5/50 | Train: 0.176846 | Val: 0.180465 | Corr: 0.124505 | LR: 1.00e-03
2026-03-06 05:13:28,970 - INFO -   ↳ Saved best model (val_corr=0.124505)
2026-03-06 05:13:42,792 - INFO - Epoch   6/50 | Train: 0.175919 | Val: 0.180740 | Corr: 0.131763 | LR: 1.00e-03
2026-03-06 05:13:42,810 - INFO -   ↳ Saved best model (val_corr=0.131763)
2026-03-06 05:13:56,662 - INFO - Epoch   7/50 | Train: 0.175129 | Val: 0.179203 | Corr: 0.132587 | LR: 1.00e-03
2026-03-06 05:13:56,678 - INFO -   ↳ Saved best model (val_corr=0.132587)
2026-03-06 05:14:10,733 - INFO - Epoch   8/50 | Train: 0.174123 | Val: 0.178690 | Corr: 0.137743 | LR: 1.00e-03
2026-03-06 05:14:10,753 - INFO -   ↳ Saved best model (val_corr=0.137743)
2026-03-06 05:14:24,882 - INFO - Epoch   9/50 | Train: 0.173609 | Val: 0.178272 | Corr: 0.140218 | LR: 1.00e-03
2026-03-06 05:14:24,900 - INFO -   ↳ Saved best model (val_corr=0.140218)
2026-03-06 05:14:39,043 - INFO - Epoch  10/50 | Train: 0.172810 | Val: 0.178485 | Corr: 0.140605 | LR: 1.00e-03
2026-03-06 05:14:39,061 - INFO -   ↳ Saved best model (val_corr=0.140605)
2026-03-06 05:14:53,137 - INFO - Epoch  11/50 | Train: 0.172036 | Val: 0.178529 | Corr: 0.140529 | LR: 1.00e-03
2026-03-06 05:15:06,963 - INFO - Epoch  12/50 | Train: 0.171300 | Val: 0.179419 | Corr: 0.141310 | LR: 1.00e-03
2026-03-06 05:15:06,994 - INFO -   ↳ Saved best model (val_corr=0.141310)
2026-03-06 05:15:21,198 - INFO - Epoch  13/50 | Train: 0.170833 | Val: 0.180392 | Corr: 0.140490 | LR: 1.00e-03
2026-03-06 05:15:35,204 - INFO - Epoch  14/50 | Train: 0.170267 | Val: 0.179544 | Corr: 0.140103 | LR: 1.00e-03
2026-03-06 05:15:49,459 - INFO - Epoch  15/50 | Train: 0.169575 | Val: 0.180001 | Corr: 0.140362 | LR: 5.00e-04
2026-03-06 05:16:03,569 - INFO - Epoch  16/50 | Train: 0.167696 | Val: 0.179421 | Corr: 0.143482 | LR: 5.00e-04
2026-03-06 05:16:03,597 - INFO -   ↳ Saved best model (val_corr=0.143482)
2026-03-06 05:16:17,720 - INFO - Epoch  17/50 | Train: 0.167046 | Val: 0.179747 | Corr: 0.141391 | LR: 5.00e-04
2026-03-06 05:16:31,686 - INFO - Epoch  18/50 | Train: 0.166733 | Val: 0.180133 | Corr: 0.142359 | LR: 5.00e-04
2026-03-06 05:16:45,384 - INFO - Epoch  19/50 | Train: 0.166395 | Val: 0.180463 | Corr: 0.141219 | LR: 5.00e-04
2026-03-06 05:16:59,162 - INFO - Epoch  20/50 | Train: 0.166035 | Val: 0.182217 | Corr: 0.141110 | LR: 5.00e-04
2026-03-06 05:17:12,818 - INFO - Epoch  21/50 | Train: 0.165572 | Val: 0.181626 | Corr: 0.139188 | LR: 2.50e-04
2026-03-06 05:17:26,699 - INFO - Epoch  22/50 | Train: 0.164666 | Val: 0.183021 | Corr: 0.139731 | LR: 2.50e-04
2026-03-06 05:17:40,370 - INFO - Epoch  23/50 | Train: 0.164245 | Val: 0.182742 | Corr: 0.140214 | LR: 2.50e-04
2026-03-06 05:17:54,018 - INFO - Epoch  24/50 | Train: 0.164019 | Val: 0.181796 | Corr: 0.139526 | LR: 2.50e-04
2026-03-06 05:18:07,723 - INFO - Epoch  25/50 | Train: 0.163907 | Val: 0.182409 | Corr: 0.139173 | LR: 2.50e-04
2026-03-06 05:18:21,450 - INFO - Epoch  26/50 | Train: 0.163644 | Val: 0.181794 | Corr: 0.139844 | LR: 2.50e-04
2026-03-06 05:18:21,450 - INFO - Early stopping at epoch 26
2026-03-06 05:18:21,451 - INFO - Training complete — best val corr: 0.143482
2026-03-06 05:18:23,957 - INFO - Test loss: 0.168556, Test corr: 0.140146
2026-03-06 05:18:24,998 - INFO - Fraction of variance explained (FVE): 0.023203
2026-03-06 05:18:24,998 - INFO - Computing autoregressive (AR) test predictions …
2026-03-06 05:18:26,245 - INFO - AR FVE: 0.019082, AR test corr: 0.131765
2026-03-06 05:18:26,245 - INFO - Generating figures …
2026-03-06 05:18:26,838 - INFO - Correlation between predicted and actual per-neuron averages: r=0.9818, p=0.00e+00
2026-03-06 05:18:29,665 - INFO - Pattern selectivity summary:
2026-03-06 05:18:29,665 - INFO -   Mean correlation across neurons: 0.5134
2026-03-06 05:18:29,666 - INFO -   Median correlation: 0.5413
2026-03-06 05:18:29,666 - INFO -   Neurons with r > 0.5: 37 / 63
2026-03-06 05:18:29,666 - INFO -   Neurons with r > 0.3: 54 / 63
2026-03-06 05:18:29,666 - INFO - Pattern selectivity — mean neuron corr: 0.5134
2026-03-06 05:18:32,161 - INFO - LOO (avg rate) — Model mean r: 0.3593, LOO mean r: 0.4546, Neurons model > LOO: 10/63
2026-03-06 05:18:35,177 - INFO - LOO (temporal) — Model mean r: 0.1448, LOO mean r: 0.3186, Neurons model > LOO: 1/63
2026-03-06 05:18:35,178 - INFO - Skipping oracle trial plots (skip_oracle_plots=True)
2026-03-06 05:18:35,183 - INFO - Experiment complete. Summary: {
  "run_dir": "/scratch/sb272/patterns5k_results/slurm_hist_cnn_2026-03-05_16-01-45/trial_0523_learning_rate=1.0e-03_history=20_kernel_sizes=3x3x3_conv_channels=256x256x256_fc_dims=512_seed0",
  "model_type": "cnn",
  "batch_avg_test_loss": 0.1685559585094452,
  "batch_avg_test_corr": 0.14014602951036106,
  "all_test_fve": 0.023203456212603855,
  "AR_FVE": 0.019081983301374648,
  "AR_test_correlation": 0.13176541030406952,
  "best_val_corr": 0.1434824776443657,
  "total_params": 640063,
  "trainable_params": 640063,
  "epochs_trained": 26,
  "mean_pattern_corr": 0.5134437089544873,
  "history": 20,
  "init_state": true,
  "loo_avg_mean_corr": 0.45456832695830385,
  "model_avg_mean_corr": 0.3593046605741388,
  "neurons_model_beats_loo_avg": 10,
  "loo_temporal_mean_corr": 0.31855225563049316,
  "all_test_corr": 0.14483867585659027,
  "neurons_model_beats_loo_temporal": 1,
  "kernel_sizes": [
    3,
    3,
    3
  ],
  "conv_channels": [
    256,
    256,
    256
  ],
  "fc_dims": [
    512
  ]
}
