2026-02-19 18:12:07,922 - INFO - ============================================================
2026-02-19 18:12:07,922 - INFO - Experiment run directory: results/hist_cnn_initstate_v3_2026-02-19_18-06-22/trial_0007_history=1
2026-02-19 18:12:07,922 - INFO - ============================================================
2026-02-19 18:12:07,922 - INFO - Using preloaded raw data (skipping I/O)
2026-02-19 18:12:07,922 - INFO - Stimulation channels: 42, Spiking neurons: 63
2026-02-19 18:12:07,922 - INFO - Unique patterns: 4050, Total trials: 5000
2026-02-19 18:12:07,935 - INFO - Split (oracle): train=3400, val=600, test=1000
2026-02-19 18:12:22,398 - INFO - BinnedStimSpikeDataset initialized:
2026-02-19 18:12:22,399 - INFO -   input_bin_size_ms=10, output_bin_size_ms=10
2026-02-19 18:12:22,399 - INFO -   n_input_bins=60, n_output_bins=60
2026-02-19 18:12:22,399 - INFO -   output_offset=0, total_bins_input=60, total_bins_output=60
2026-02-19 18:12:22,399 - INFO -   Valid start positions per trial: 0 to 0
2026-02-19 18:12:22,399 - INFO -   Total samples: 3400 (3400 trials × 1 positions)
2026-02-19 18:12:36,025 - INFO - BinnedStimSpikeDataset initialized:
2026-02-19 18:12:36,026 - INFO -   input_bin_size_ms=10, output_bin_size_ms=10
2026-02-19 18:12:36,026 - INFO -   n_input_bins=60, n_output_bins=60
2026-02-19 18:12:36,026 - INFO -   output_offset=0, total_bins_input=60, total_bins_output=60
2026-02-19 18:12:36,026 - INFO -   Valid start positions per trial: 0 to 0
2026-02-19 18:12:36,026 - INFO -   Total samples: 600 (600 trials × 1 positions)
2026-02-19 18:12:49,828 - INFO - BinnedStimSpikeDataset initialized:
2026-02-19 18:12:49,829 - INFO -   input_bin_size_ms=10, output_bin_size_ms=10
2026-02-19 18:12:49,829 - INFO -   n_input_bins=60, n_output_bins=60
2026-02-19 18:12:49,829 - INFO -   output_offset=0, total_bins_input=60, total_bins_output=60
2026-02-19 18:12:49,829 - INFO -   Valid start positions per trial: 0 to 0
2026-02-19 18:12:49,829 - INFO -   Total samples: 1000 (1000 trials × 1 positions)
2026-02-19 18:12:49,830 - INFO - Samples — train: 3400, val: 600, test: 1000
2026-02-19 18:12:49,830 - INFO - Input channels: 105, Neurons: 63
2026-02-19 18:12:49,830 - INFO - Using Apple Silicon MPS acceleration
2026-02-19 18:12:49,872 - INFO - Model: CNN — 163,391 trainable params (163,391 total)
2026-02-19 18:12:49,873 - INFO - Starting training …
2026-02-19 18:12:49,884 - ERROR -   FAILED: The size of tensor a (60) must match the size of tensor b (61) at non-singleton dimension 2
2026-02-19 18:12:49,902 - INFO - 
======================================================================
2026-02-19 18:12:49,902 - INFO - [9/56] trial_0008_history=2
2026-02-19 18:12:49,902 - INFO -   Overrides: {"kernel_sizes": [3], "weight_decay": 0.0001, "conv_channels": [256], "history": 2}
2026-02-19 18:12:49,902 - INFO -   Output: results/hist_cnn_initstate_v3_2026-02-19_18-06-22/trial_0008_history=2
