2026-02-15 11:09:00,453 - INFO - ============================================================
2026-02-15 11:09:00,453 - INFO - Experiment run directory: results/base_cnn_kernel_sweep_2026-02-15_10-58-06/trial_0004_learning_rate=1.0e-04
2026-02-15 11:09:00,453 - INFO - ============================================================
2026-02-15 11:09:00,453 - INFO - Loading data …
2026-02-15 11:09:00,993 - INFO - 63 unique neurons after dropping problematic neurons
2026-02-15 11:09:01,888 - INFO - Stimulation channels: 42, Spiking neurons: 63
2026-02-15 11:09:48,443 - INFO - Unique patterns: 4050, Total trials: 5000
2026-02-15 11:09:48,459 - INFO - Split (oracle): train=3400, val=600, test=1000
2026-02-15 11:10:02,386 - INFO - BinnedStimSpikeDataset initialized:
2026-02-15 11:10:02,386 - INFO -   input_bin_size_ms=10, output_bin_size_ms=10
2026-02-15 11:10:02,386 - INFO -   n_input_bins=60, n_output_bins=60
2026-02-15 11:10:02,386 - INFO -   output_offset=0, total_bins_input=60, total_bins_output=60
2026-02-15 11:10:02,386 - INFO -   Valid start positions per trial: 0 to 0
2026-02-15 11:10:02,386 - INFO -   Total samples: 3400 (3400 trials × 1 positions)
2026-02-15 11:10:15,735 - INFO - BinnedStimSpikeDataset initialized:
2026-02-15 11:10:15,735 - INFO -   input_bin_size_ms=10, output_bin_size_ms=10
2026-02-15 11:10:15,735 - INFO -   n_input_bins=60, n_output_bins=60
2026-02-15 11:10:15,735 - INFO -   output_offset=0, total_bins_input=60, total_bins_output=60
2026-02-15 11:10:15,735 - INFO -   Valid start positions per trial: 0 to 0
2026-02-15 11:10:15,735 - INFO -   Total samples: 600 (600 trials × 1 positions)
2026-02-15 11:10:29,222 - INFO - BinnedStimSpikeDataset initialized:
2026-02-15 11:10:29,223 - INFO -   input_bin_size_ms=10, output_bin_size_ms=10
2026-02-15 11:10:29,223 - INFO -   n_input_bins=60, n_output_bins=60
2026-02-15 11:10:29,223 - INFO -   output_offset=0, total_bins_input=60, total_bins_output=60
2026-02-15 11:10:29,223 - INFO -   Valid start positions per trial: 0 to 0
2026-02-15 11:10:29,223 - INFO -   Total samples: 1000 (1000 trials × 1 positions)
2026-02-15 11:10:29,224 - INFO - Samples — train: 3400, val: 600, test: 1000
2026-02-15 11:10:29,224 - INFO - Input channels: 42, Neurons: 63
2026-02-15 11:10:29,224 - INFO - Using Apple Silicon MPS acceleration
2026-02-15 11:10:29,233 - INFO - Model: CNN — 30,399 trainable params (30,399 total)
2026-02-15 11:10:29,233 - INFO - Starting training …
2026-02-15 11:10:30,876 - INFO - Epoch   1/50 | Train: 0.713678 | Val: 0.417427 | Corr: -0.075236 | LR: 1.00e-04
2026-02-15 11:10:30,884 - INFO -   ↳ Saved best model (val_corr=-0.075236)
2026-02-15 11:10:32,385 - INFO - Epoch   2/50 | Train: 0.313234 | Val: 0.259305 | Corr: -0.004133 | LR: 1.00e-04
2026-02-15 11:10:32,389 - INFO -   ↳ Saved best model (val_corr=-0.004133)
2026-02-15 11:10:33,877 - INFO - Epoch   3/50 | Train: 0.250269 | Val: 0.240424 | Corr: 0.059375 | LR: 1.00e-04
2026-02-15 11:10:33,880 - INFO -   ↳ Saved best model (val_corr=0.059375)
2026-02-15 11:10:35,370 - INFO - Epoch   4/50 | Train: 0.237561 | Val: 0.229368 | Corr: 0.087195 | LR: 1.00e-04
2026-02-15 11:10:35,375 - INFO -   ↳ Saved best model (val_corr=0.087195)
2026-02-15 11:10:36,854 - INFO - Epoch   5/50 | Train: 0.229209 | Val: 0.221162 | Corr: 0.107041 | LR: 1.00e-04
2026-02-15 11:10:36,859 - INFO -   ↳ Saved best model (val_corr=0.107041)
2026-02-15 11:10:38,334 - INFO - Epoch   6/50 | Train: 0.222895 | Val: 0.215556 | Corr: 0.123080 | LR: 1.00e-04
2026-02-15 11:10:38,338 - INFO -   ↳ Saved best model (val_corr=0.123080)
2026-02-15 11:10:39,796 - INFO - Epoch   7/50 | Train: 0.217726 | Val: 0.210965 | Corr: 0.136440 | LR: 1.00e-04
2026-02-15 11:10:39,800 - INFO -   ↳ Saved best model (val_corr=0.136440)
2026-02-15 11:10:41,287 - INFO - Epoch   8/50 | Train: 0.214280 | Val: 0.208529 | Corr: 0.144175 | LR: 1.00e-04
2026-02-15 11:10:41,291 - INFO -   ↳ Saved best model (val_corr=0.144175)
2026-02-15 11:10:42,779 - INFO - Epoch   9/50 | Train: 0.211705 | Val: 0.206059 | Corr: 0.150586 | LR: 1.00e-04
2026-02-15 11:10:42,782 - INFO -   ↳ Saved best model (val_corr=0.150586)
2026-02-15 11:10:44,271 - INFO - Epoch  10/50 | Train: 0.210015 | Val: 0.204784 | Corr: 0.154835 | LR: 1.00e-04
2026-02-15 11:10:44,276 - INFO -   ↳ Saved best model (val_corr=0.154835)
2026-02-15 11:10:45,764 - INFO - Epoch  11/50 | Train: 0.208513 | Val: 0.203584 | Corr: 0.158286 | LR: 1.00e-04
2026-02-15 11:10:45,769 - INFO -   ↳ Saved best model (val_corr=0.158286)
2026-02-15 11:10:47,203 - INFO - Epoch  12/50 | Train: 0.207494 | Val: 0.202801 | Corr: 0.160946 | LR: 1.00e-04
2026-02-15 11:10:47,207 - INFO -   ↳ Saved best model (val_corr=0.160946)
2026-02-15 11:10:48,690 - INFO - Epoch  13/50 | Train: 0.206375 | Val: 0.202110 | Corr: 0.163151 | LR: 1.00e-04
2026-02-15 11:10:48,695 - INFO -   ↳ Saved best model (val_corr=0.163151)
2026-02-15 11:10:50,183 - INFO - Epoch  14/50 | Train: 0.205547 | Val: 0.201490 | Corr: 0.165618 | LR: 1.00e-04
2026-02-15 11:10:50,186 - INFO -   ↳ Saved best model (val_corr=0.165618)
2026-02-15 11:10:51,666 - INFO - Epoch  15/50 | Train: 0.204976 | Val: 0.200798 | Corr: 0.168448 | LR: 1.00e-04
2026-02-15 11:10:51,672 - INFO -   ↳ Saved best model (val_corr=0.168448)
2026-02-15 11:10:53,115 - INFO - Epoch  16/50 | Train: 0.204231 | Val: 0.200482 | Corr: 0.170241 | LR: 1.00e-04
2026-02-15 11:10:53,119 - INFO -   ↳ Saved best model (val_corr=0.170241)
2026-02-15 11:10:54,600 - INFO - Epoch  17/50 | Train: 0.203757 | Val: 0.200025 | Corr: 0.172729 | LR: 1.00e-04
2026-02-15 11:10:54,605 - INFO -   ↳ Saved best model (val_corr=0.172729)
2026-02-15 11:10:56,094 - INFO - Epoch  18/50 | Train: 0.203152 | Val: 0.199793 | Corr: 0.174191 | LR: 1.00e-04
2026-02-15 11:10:56,101 - INFO -   ↳ Saved best model (val_corr=0.174191)
2026-02-15 11:10:57,583 - INFO - Epoch  19/50 | Train: 0.202721 | Val: 0.199422 | Corr: 0.175940 | LR: 1.00e-04
2026-02-15 11:10:57,589 - INFO -   ↳ Saved best model (val_corr=0.175940)
2026-02-15 11:10:59,025 - INFO - Epoch  20/50 | Train: 0.202293 | Val: 0.199136 | Corr: 0.178125 | LR: 1.00e-04
2026-02-15 11:10:59,029 - INFO -   ↳ Saved best model (val_corr=0.178125)
2026-02-15 11:11:00,524 - INFO - Epoch  21/50 | Train: 0.201910 | Val: 0.198732 | Corr: 0.179883 | LR: 1.00e-04
2026-02-15 11:11:00,529 - INFO -   ↳ Saved best model (val_corr=0.179883)
2026-02-15 11:11:02,019 - INFO - Epoch  22/50 | Train: 0.201558 | Val: 0.198497 | Corr: 0.181660 | LR: 1.00e-04
2026-02-15 11:11:02,025 - INFO -   ↳ Saved best model (val_corr=0.181660)
2026-02-15 11:11:03,458 - INFO - Epoch  23/50 | Train: 0.201196 | Val: 0.198264 | Corr: 0.183533 | LR: 1.00e-04
2026-02-15 11:11:03,462 - INFO -   ↳ Saved best model (val_corr=0.183533)
2026-02-15 11:11:04,951 - INFO - Epoch  24/50 | Train: 0.200774 | Val: 0.198027 | Corr: 0.185003 | LR: 1.00e-04
2026-02-15 11:11:04,955 - INFO -   ↳ Saved best model (val_corr=0.185003)
2026-02-15 11:11:06,443 - INFO - Epoch  25/50 | Train: 0.200623 | Val: 0.197771 | Corr: 0.186546 | LR: 1.00e-04
2026-02-15 11:11:06,448 - INFO -   ↳ Saved best model (val_corr=0.186546)
2026-02-15 11:11:07,890 - INFO - Epoch  26/50 | Train: 0.200220 | Val: 0.197552 | Corr: 0.188219 | LR: 1.00e-04
2026-02-15 11:11:07,896 - INFO -   ↳ Saved best model (val_corr=0.188219)
2026-02-15 11:11:09,343 - INFO - Epoch  27/50 | Train: 0.199990 | Val: 0.197305 | Corr: 0.190053 | LR: 1.00e-04
2026-02-15 11:11:09,347 - INFO -   ↳ Saved best model (val_corr=0.190053)
2026-02-15 11:11:10,799 - INFO - Epoch  28/50 | Train: 0.199602 | Val: 0.197080 | Corr: 0.191673 | LR: 1.00e-04
2026-02-15 11:11:10,802 - INFO -   ↳ Saved best model (val_corr=0.191673)
2026-02-15 11:11:12,290 - INFO - Epoch  29/50 | Train: 0.199377 | Val: 0.196918 | Corr: 0.192866 | LR: 1.00e-04
2026-02-15 11:11:12,294 - INFO -   ↳ Saved best model (val_corr=0.192866)
2026-02-15 11:11:13,787 - INFO - Epoch  30/50 | Train: 0.199021 | Val: 0.196826 | Corr: 0.193846 | LR: 1.00e-04
2026-02-15 11:11:13,793 - INFO -   ↳ Saved best model (val_corr=0.193846)
2026-02-15 11:11:15,239 - INFO - Epoch  31/50 | Train: 0.198881 | Val: 0.196624 | Corr: 0.195206 | LR: 1.00e-04
2026-02-15 11:11:15,244 - INFO -   ↳ Saved best model (val_corr=0.195206)
2026-02-15 11:11:16,741 - INFO - Epoch  32/50 | Train: 0.198629 | Val: 0.196422 | Corr: 0.196924 | LR: 1.00e-04
2026-02-15 11:11:16,748 - INFO -   ↳ Saved best model (val_corr=0.196924)
2026-02-15 11:11:18,224 - INFO - Epoch  33/50 | Train: 0.198437 | Val: 0.196262 | Corr: 0.197792 | LR: 1.00e-04
2026-02-15 11:11:18,228 - INFO -   ↳ Saved best model (val_corr=0.197792)
2026-02-15 11:11:19,707 - INFO - Epoch  34/50 | Train: 0.198241 | Val: 0.196115 | Corr: 0.198753 | LR: 1.00e-04
2026-02-15 11:11:19,710 - INFO -   ↳ Saved best model (val_corr=0.198753)
2026-02-15 11:11:21,151 - INFO - Epoch  35/50 | Train: 0.198027 | Val: 0.196040 | Corr: 0.199915 | LR: 1.00e-04
2026-02-15 11:11:21,155 - INFO -   ↳ Saved best model (val_corr=0.199915)
2026-02-15 11:11:22,642 - INFO - Epoch  36/50 | Train: 0.197867 | Val: 0.195831 | Corr: 0.201270 | LR: 1.00e-04
2026-02-15 11:11:22,646 - INFO -   ↳ Saved best model (val_corr=0.201270)
2026-02-15 11:11:24,127 - INFO - Epoch  37/50 | Train: 0.197627 | Val: 0.195738 | Corr: 0.202012 | LR: 1.00e-04
2026-02-15 11:11:24,135 - INFO -   ↳ Saved best model (val_corr=0.202012)
2026-02-15 11:11:25,613 - INFO - Epoch  38/50 | Train: 0.197538 | Val: 0.195469 | Corr: 0.203590 | LR: 1.00e-04
2026-02-15 11:11:25,618 - INFO -   ↳ Saved best model (val_corr=0.203590)
2026-02-15 11:11:27,055 - INFO - Epoch  39/50 | Train: 0.197325 | Val: 0.195379 | Corr: 0.204277 | LR: 1.00e-04
2026-02-15 11:11:27,059 - INFO -   ↳ Saved best model (val_corr=0.204277)
2026-02-15 11:11:28,548 - INFO - Epoch  40/50 | Train: 0.197152 | Val: 0.195274 | Corr: 0.205469 | LR: 1.00e-04
2026-02-15 11:11:28,551 - INFO -   ↳ Saved best model (val_corr=0.205469)
2026-02-15 11:11:30,040 - INFO - Epoch  41/50 | Train: 0.197004 | Val: 0.195166 | Corr: 0.206110 | LR: 1.00e-04
2026-02-15 11:11:30,044 - INFO -   ↳ Saved best model (val_corr=0.206110)
2026-02-15 11:11:31,511 - INFO - Epoch  42/50 | Train: 0.196945 | Val: 0.195148 | Corr: 0.206354 | LR: 1.00e-04
2026-02-15 11:11:31,515 - INFO -   ↳ Saved best model (val_corr=0.206354)
2026-02-15 11:11:32,962 - INFO - Epoch  43/50 | Train: 0.196738 | Val: 0.195047 | Corr: 0.207388 | LR: 1.00e-04
2026-02-15 11:11:32,966 - INFO -   ↳ Saved best model (val_corr=0.207388)
2026-02-15 11:11:34,444 - INFO - Epoch  44/50 | Train: 0.196680 | Val: 0.194996 | Corr: 0.207928 | LR: 1.00e-04
2026-02-15 11:11:34,447 - INFO -   ↳ Saved best model (val_corr=0.207928)
2026-02-15 11:11:35,928 - INFO - Epoch  45/50 | Train: 0.196556 | Val: 0.194833 | Corr: 0.208953 | LR: 1.00e-04
2026-02-15 11:11:35,932 - INFO -   ↳ Saved best model (val_corr=0.208953)
2026-02-15 11:11:37,373 - INFO - Epoch  46/50 | Train: 0.196415 | Val: 0.194783 | Corr: 0.209224 | LR: 1.00e-04
2026-02-15 11:11:37,376 - INFO -   ↳ Saved best model (val_corr=0.209224)
2026-02-15 11:11:38,854 - INFO - Epoch  47/50 | Train: 0.196342 | Val: 0.194695 | Corr: 0.210076 | LR: 1.00e-04
2026-02-15 11:11:38,857 - INFO -   ↳ Saved best model (val_corr=0.210076)
2026-02-15 11:11:40,343 - INFO - Epoch  48/50 | Train: 0.196232 | Val: 0.194681 | Corr: 0.210193 | LR: 1.00e-04
2026-02-15 11:11:40,347 - INFO -   ↳ Saved best model (val_corr=0.210193)
2026-02-15 11:11:41,787 - INFO - Epoch  49/50 | Train: 0.196131 | Val: 0.194523 | Corr: 0.211485 | LR: 1.00e-04
2026-02-15 11:11:41,790 - INFO -   ↳ Saved best model (val_corr=0.211485)
2026-02-15 11:11:43,269 - INFO - Epoch  50/50 | Train: 0.196027 | Val: 0.194527 | Corr: 0.211586 | LR: 1.00e-04
2026-02-15 11:11:43,274 - INFO -   ↳ Saved best model (val_corr=0.211586)
2026-02-15 11:11:43,274 - INFO - Training complete — best val corr: 0.211586
2026-02-15 11:11:43,561 - INFO - Test loss: 0.185098, Test corr: 0.211884
2026-02-15 11:11:43,633 - INFO - Generating figures …
2026-02-15 11:11:43,849 - INFO - Correlation between predicted and actual per-neuron averages: r=0.9952, p=2.59e-63
2026-02-15 11:11:44,509 - INFO - Pattern selectivity summary:
2026-02-15 11:11:44,509 - INFO -   Mean correlation across neurons: 0.4365
2026-02-15 11:11:44,509 - INFO -   Median correlation: 0.4999
2026-02-15 11:11:44,509 - INFO -   Neurons with r > 0.5: 31 / 63
2026-02-15 11:11:44,509 - INFO -   Neurons with r > 0.3: 44 / 63
2026-02-15 11:11:44,509 - INFO - Pattern selectivity — mean neuron corr: 0.4365
2026-02-15 11:11:44,828 - INFO - LOO baseline — Model mean r: 0.2624, LOO mean r: 0.4728, Neurons model > LOO: 1/63
2026-02-15 11:11:44,828 - INFO - Skipping oracle trial plots (skip_oracle_plots=True)
2026-02-15 11:11:44,828 - INFO - Experiment complete. Summary: {
  "run_dir": "results/base_cnn_kernel_sweep_2026-02-15_10-58-06/trial_0004_learning_rate=1.0e-04",
  "model_type": "cnn",
  "test_loss": 0.1850982720851898,
  "test_corr": 0.2118840287357592,
  "best_val_corr": 0.21158552402796277,
  "total_params": 30399,
  "trainable_params": 30399,
  "epochs_trained": 50,
  "mean_pattern_corr": 0.43645138192028987,
  "loo_mean_corr": 0.47275709111471625,
  "model_sample_mean_corr": 0.2624200737504293,
  "neurons_model_beats_loo": 1
}
2026-02-15 11:11:45,006 - INFO - 
======================================================================
2026-02-15 11:11:45,007 - INFO - [6/1260] trial_0005_learning_rate=1.0e-04
2026-02-15 11:11:45,007 - INFO -   Overrides: {"kernel_sizes": [1], "learning_rate": 0.0001, "fc_dims": [128], "weight_decay": 1e-05, "conv_channels": [256]}
2026-02-15 11:11:45,007 - INFO -   Output: results/base_cnn_kernel_sweep_2026-02-15_10-58-06/trial_0005_learning_rate=1.0e-04
