2026-02-15 15:53:26,302 - INFO - ============================================================
2026-02-15 15:53:26,302 - INFO - Experiment run directory: results/base_cnn_kernel_sweep_2026-02-15_11-28-56/trial_0116_learning_rate=1.0e-04
2026-02-15 15:53:26,302 - INFO - ============================================================
2026-02-15 15:53:26,302 - INFO - Using preloaded raw data (skipping I/O)
2026-02-15 15:53:26,302 - INFO - Stimulation channels: 42, Spiking neurons: 63
2026-02-15 15:53:26,302 - INFO - Unique patterns: 4050, Total trials: 5000
2026-02-15 15:53:26,313 - INFO - Split (oracle): train=3400, val=600, test=1000
2026-02-15 15:53:40,520 - INFO - BinnedStimSpikeDataset initialized:
2026-02-15 15:53:40,520 - INFO -   input_bin_size_ms=10, output_bin_size_ms=10
2026-02-15 15:53:40,520 - INFO -   n_input_bins=60, n_output_bins=60
2026-02-15 15:53:40,520 - INFO -   output_offset=0, total_bins_input=60, total_bins_output=60
2026-02-15 15:53:40,520 - INFO -   Valid start positions per trial: 0 to 0
2026-02-15 15:53:40,521 - INFO -   Total samples: 3400 (3400 trials × 1 positions)
2026-02-15 15:53:53,952 - INFO - BinnedStimSpikeDataset initialized:
2026-02-15 15:53:53,952 - INFO -   input_bin_size_ms=10, output_bin_size_ms=10
2026-02-15 15:53:53,952 - INFO -   n_input_bins=60, n_output_bins=60
2026-02-15 15:53:53,952 - INFO -   output_offset=0, total_bins_input=60, total_bins_output=60
2026-02-15 15:53:53,952 - INFO -   Valid start positions per trial: 0 to 0
2026-02-15 15:53:53,952 - INFO -   Total samples: 600 (600 trials × 1 positions)
2026-02-15 15:54:07,485 - INFO - BinnedStimSpikeDataset initialized:
2026-02-15 15:54:07,485 - INFO -   input_bin_size_ms=10, output_bin_size_ms=10
2026-02-15 15:54:07,485 - INFO -   n_input_bins=60, n_output_bins=60
2026-02-15 15:54:07,485 - INFO -   output_offset=0, total_bins_input=60, total_bins_output=60
2026-02-15 15:54:07,485 - INFO -   Valid start positions per trial: 0 to 0
2026-02-15 15:54:07,485 - INFO -   Total samples: 1000 (1000 trials × 1 positions)
2026-02-15 15:54:07,486 - INFO - Samples — train: 3400, val: 600, test: 1000
2026-02-15 15:54:07,486 - INFO - Input channels: 42, Neurons: 63
2026-02-15 15:54:07,486 - INFO - Using Apple Silicon MPS acceleration
2026-02-15 15:54:07,504 - INFO - Model: CNN — 190,271 trainable params (190,271 total)
2026-02-15 15:54:07,504 - INFO - Starting training …
2026-02-15 15:54:10,220 - INFO - Epoch   1/50 | Train: 0.422047 | Val: 0.214068 | Corr: 0.077797 | LR: 1.00e-04
2026-02-15 15:54:10,232 - INFO -   ↳ Saved best model (val_corr=0.077797)
2026-02-15 15:54:12,880 - INFO - Epoch   2/50 | Train: 0.213509 | Val: 0.208444 | Corr: 0.113691 | LR: 1.00e-04
2026-02-15 15:54:12,893 - INFO -   ↳ Saved best model (val_corr=0.113691)
2026-02-15 15:54:15,515 - INFO - Epoch   3/50 | Train: 0.209806 | Val: 0.205797 | Corr: 0.127677 | LR: 1.00e-04
2026-02-15 15:54:15,523 - INFO -   ↳ Saved best model (val_corr=0.127677)
2026-02-15 15:54:18,004 - INFO - Epoch   4/50 | Train: 0.207284 | Val: 0.203863 | Corr: 0.139150 | LR: 1.00e-04
2026-02-15 15:54:18,011 - INFO -   ↳ Saved best model (val_corr=0.139150)
2026-02-15 15:54:20,635 - INFO - Epoch   5/50 | Train: 0.205367 | Val: 0.202602 | Corr: 0.146772 | LR: 1.00e-04
2026-02-15 15:54:20,646 - INFO -   ↳ Saved best model (val_corr=0.146772)
2026-02-15 15:54:23,316 - INFO - Epoch   6/50 | Train: 0.203758 | Val: 0.201330 | Corr: 0.155441 | LR: 1.00e-04
2026-02-15 15:54:23,323 - INFO -   ↳ Saved best model (val_corr=0.155441)
2026-02-15 15:54:25,910 - INFO - Epoch   7/50 | Train: 0.202477 | Val: 0.200348 | Corr: 0.162227 | LR: 1.00e-04
2026-02-15 15:54:25,919 - INFO -   ↳ Saved best model (val_corr=0.162227)
2026-02-15 15:54:28,542 - INFO - Epoch   8/50 | Train: 0.201157 | Val: 0.199340 | Corr: 0.168620 | LR: 1.00e-04
2026-02-15 15:54:28,560 - INFO -   ↳ Saved best model (val_corr=0.168620)
2026-02-15 15:54:31,252 - INFO - Epoch   9/50 | Train: 0.200067 | Val: 0.198307 | Corr: 0.174773 | LR: 1.00e-04
2026-02-15 15:54:31,267 - INFO -   ↳ Saved best model (val_corr=0.174773)
2026-02-15 15:54:33,895 - INFO - Epoch  10/50 | Train: 0.199014 | Val: 0.197435 | Corr: 0.179929 | LR: 1.00e-04
2026-02-15 15:54:33,909 - INFO -   ↳ Saved best model (val_corr=0.179929)
2026-02-15 15:54:36,591 - INFO - Epoch  11/50 | Train: 0.197989 | Val: 0.196579 | Corr: 0.185174 | LR: 1.00e-04
2026-02-15 15:54:36,598 - INFO -   ↳ Saved best model (val_corr=0.185174)
2026-02-15 15:54:39,173 - INFO - Epoch  12/50 | Train: 0.197059 | Val: 0.195747 | Corr: 0.190828 | LR: 1.00e-04
2026-02-15 15:54:39,182 - INFO -   ↳ Saved best model (val_corr=0.190828)
2026-02-15 15:54:41,788 - INFO - Epoch  13/50 | Train: 0.196061 | Val: 0.195044 | Corr: 0.195299 | LR: 1.00e-04
2026-02-15 15:54:41,796 - INFO -   ↳ Saved best model (val_corr=0.195299)
2026-02-15 15:54:44,342 - INFO - Epoch  14/50 | Train: 0.195157 | Val: 0.194224 | Corr: 0.200663 | LR: 1.00e-04
2026-02-15 15:54:44,349 - INFO -   ↳ Saved best model (val_corr=0.200663)
2026-02-15 15:54:46,870 - INFO - Epoch  15/50 | Train: 0.194389 | Val: 0.193211 | Corr: 0.206063 | LR: 1.00e-04
2026-02-15 15:54:46,877 - INFO -   ↳ Saved best model (val_corr=0.206063)
2026-02-15 15:54:49,494 - INFO - Epoch  16/50 | Train: 0.193424 | Val: 0.192466 | Corr: 0.210567 | LR: 1.00e-04
2026-02-15 15:54:49,500 - INFO -   ↳ Saved best model (val_corr=0.210567)
2026-02-15 15:54:52,103 - INFO - Epoch  17/50 | Train: 0.192771 | Val: 0.191772 | Corr: 0.214742 | LR: 1.00e-04
2026-02-15 15:54:52,110 - INFO -   ↳ Saved best model (val_corr=0.214742)
2026-02-15 15:54:54,680 - INFO - Epoch  18/50 | Train: 0.191993 | Val: 0.191027 | Corr: 0.218824 | LR: 1.00e-04
2026-02-15 15:54:54,686 - INFO -   ↳ Saved best model (val_corr=0.218824)
2026-02-15 15:54:57,289 - INFO - Epoch  19/50 | Train: 0.191299 | Val: 0.190560 | Corr: 0.221444 | LR: 1.00e-04
2026-02-15 15:54:57,296 - INFO -   ↳ Saved best model (val_corr=0.221444)
2026-02-15 15:54:59,857 - INFO - Epoch  20/50 | Train: 0.190765 | Val: 0.189899 | Corr: 0.224996 | LR: 1.00e-04
2026-02-15 15:54:59,864 - INFO -   ↳ Saved best model (val_corr=0.224996)
2026-02-15 15:55:02,465 - INFO - Epoch  21/50 | Train: 0.190138 | Val: 0.189467 | Corr: 0.227792 | LR: 1.00e-04
2026-02-15 15:55:02,473 - INFO -   ↳ Saved best model (val_corr=0.227792)
2026-02-15 15:55:05,013 - INFO - Epoch  22/50 | Train: 0.189763 | Val: 0.189114 | Corr: 0.230186 | LR: 1.00e-04
2026-02-15 15:55:05,021 - INFO -   ↳ Saved best model (val_corr=0.230186)
2026-02-15 15:55:07,586 - INFO - Epoch  23/50 | Train: 0.189247 | Val: 0.188617 | Corr: 0.232755 | LR: 1.00e-04
2026-02-15 15:55:07,592 - INFO -   ↳ Saved best model (val_corr=0.232755)
2026-02-15 15:55:10,178 - INFO - Epoch  24/50 | Train: 0.188704 | Val: 0.188274 | Corr: 0.234887 | LR: 1.00e-04
2026-02-15 15:55:10,185 - INFO -   ↳ Saved best model (val_corr=0.234887)
2026-02-15 15:55:12,803 - INFO - Epoch  25/50 | Train: 0.188296 | Val: 0.187971 | Corr: 0.236280 | LR: 1.00e-04
2026-02-15 15:55:12,810 - INFO -   ↳ Saved best model (val_corr=0.236280)
2026-02-15 15:55:15,391 - INFO - Epoch  26/50 | Train: 0.187932 | Val: 0.187622 | Corr: 0.238404 | LR: 1.00e-04
2026-02-15 15:55:15,397 - INFO -   ↳ Saved best model (val_corr=0.238404)
2026-02-15 15:55:17,981 - INFO - Epoch  27/50 | Train: 0.187537 | Val: 0.187328 | Corr: 0.240285 | LR: 1.00e-04
2026-02-15 15:55:17,988 - INFO -   ↳ Saved best model (val_corr=0.240285)
2026-02-15 15:55:20,585 - INFO - Epoch  28/50 | Train: 0.187202 | Val: 0.187044 | Corr: 0.242111 | LR: 1.00e-04
2026-02-15 15:55:20,591 - INFO -   ↳ Saved best model (val_corr=0.242111)
2026-02-15 15:55:23,148 - INFO - Epoch  29/50 | Train: 0.186797 | Val: 0.186837 | Corr: 0.243701 | LR: 1.00e-04
2026-02-15 15:55:23,154 - INFO -   ↳ Saved best model (val_corr=0.243701)
2026-02-15 15:55:25,709 - INFO - Epoch  30/50 | Train: 0.186533 | Val: 0.186541 | Corr: 0.245803 | LR: 1.00e-04
2026-02-15 15:55:25,715 - INFO -   ↳ Saved best model (val_corr=0.245803)
2026-02-15 15:55:28,263 - INFO - Epoch  31/50 | Train: 0.186193 | Val: 0.186315 | Corr: 0.247368 | LR: 1.00e-04
2026-02-15 15:55:28,270 - INFO -   ↳ Saved best model (val_corr=0.247368)
2026-02-15 15:55:30,871 - INFO - Epoch  32/50 | Train: 0.185927 | Val: 0.186079 | Corr: 0.248269 | LR: 1.00e-04
2026-02-15 15:55:30,877 - INFO -   ↳ Saved best model (val_corr=0.248269)
2026-02-15 15:55:33,469 - INFO - Epoch  33/50 | Train: 0.185720 | Val: 0.185902 | Corr: 0.249760 | LR: 1.00e-04
2026-02-15 15:55:33,476 - INFO -   ↳ Saved best model (val_corr=0.249760)
2026-02-15 15:55:36,121 - INFO - Epoch  34/50 | Train: 0.185418 | Val: 0.185658 | Corr: 0.251335 | LR: 1.00e-04
2026-02-15 15:55:36,128 - INFO -   ↳ Saved best model (val_corr=0.251335)
2026-02-15 15:55:38,765 - INFO - Epoch  35/50 | Train: 0.185154 | Val: 0.185412 | Corr: 0.252391 | LR: 1.00e-04
2026-02-15 15:55:38,772 - INFO -   ↳ Saved best model (val_corr=0.252391)
2026-02-15 15:55:41,363 - INFO - Epoch  36/50 | Train: 0.184966 | Val: 0.185307 | Corr: 0.253714 | LR: 1.00e-04
2026-02-15 15:55:41,369 - INFO -   ↳ Saved best model (val_corr=0.253714)
2026-02-15 15:55:43,856 - INFO - Epoch  37/50 | Train: 0.184705 | Val: 0.185192 | Corr: 0.253922 | LR: 1.00e-04
2026-02-15 15:55:43,863 - INFO -   ↳ Saved best model (val_corr=0.253922)
2026-02-15 15:55:46,460 - INFO - Epoch  38/50 | Train: 0.184495 | Val: 0.184973 | Corr: 0.255674 | LR: 1.00e-04
2026-02-15 15:55:46,467 - INFO -   ↳ Saved best model (val_corr=0.255674)
2026-02-15 15:55:49,014 - INFO - Epoch  39/50 | Train: 0.184247 | Val: 0.184968 | Corr: 0.256671 | LR: 1.00e-04
2026-02-15 15:55:49,021 - INFO -   ↳ Saved best model (val_corr=0.256671)
2026-02-15 15:55:51,639 - INFO - Epoch  40/50 | Train: 0.184163 | Val: 0.184678 | Corr: 0.256922 | LR: 1.00e-04
2026-02-15 15:55:51,646 - INFO -   ↳ Saved best model (val_corr=0.256922)
2026-02-15 15:55:54,223 - INFO - Epoch  41/50 | Train: 0.183937 | Val: 0.184705 | Corr: 0.257960 | LR: 1.00e-04
2026-02-15 15:55:54,229 - INFO -   ↳ Saved best model (val_corr=0.257960)
2026-02-15 15:55:56,835 - INFO - Epoch  42/50 | Train: 0.183746 | Val: 0.184453 | Corr: 0.258981 | LR: 1.00e-04
2026-02-15 15:55:56,841 - INFO -   ↳ Saved best model (val_corr=0.258981)
2026-02-15 15:55:59,421 - INFO - Epoch  43/50 | Train: 0.183532 | Val: 0.184341 | Corr: 0.259159 | LR: 1.00e-04
2026-02-15 15:55:59,428 - INFO -   ↳ Saved best model (val_corr=0.259159)
2026-02-15 15:56:02,051 - INFO - Epoch  44/50 | Train: 0.183425 | Val: 0.184265 | Corr: 0.260082 | LR: 1.00e-04
2026-02-15 15:56:02,057 - INFO -   ↳ Saved best model (val_corr=0.260082)
2026-02-15 15:56:04,617 - INFO - Epoch  45/50 | Train: 0.183170 | Val: 0.184022 | Corr: 0.260759 | LR: 1.00e-04
2026-02-15 15:56:04,624 - INFO -   ↳ Saved best model (val_corr=0.260759)
2026-02-15 15:56:07,150 - INFO - Epoch  46/50 | Train: 0.183060 | Val: 0.183978 | Corr: 0.261820 | LR: 1.00e-04
2026-02-15 15:56:07,156 - INFO -   ↳ Saved best model (val_corr=0.261820)
2026-02-15 15:56:09,725 - INFO - Epoch  47/50 | Train: 0.182971 | Val: 0.183961 | Corr: 0.261446 | LR: 1.00e-04
2026-02-15 15:56:12,357 - INFO - Epoch  48/50 | Train: 0.182780 | Val: 0.183935 | Corr: 0.262353 | LR: 1.00e-04
2026-02-15 15:56:12,364 - INFO -   ↳ Saved best model (val_corr=0.262353)
2026-02-15 15:56:14,905 - INFO - Epoch  49/50 | Train: 0.182662 | Val: 0.183911 | Corr: 0.262639 | LR: 1.00e-04
2026-02-15 15:56:14,912 - INFO -   ↳ Saved best model (val_corr=0.262639)
2026-02-15 15:56:17,532 - INFO - Epoch  50/50 | Train: 0.182517 | Val: 0.183699 | Corr: 0.263768 | LR: 1.00e-04
2026-02-15 15:56:17,539 - INFO -   ↳ Saved best model (val_corr=0.263768)
2026-02-15 15:56:17,539 - INFO - Training complete — best val corr: 0.263768
2026-02-15 15:56:17,789 - INFO - Test loss: 0.174603, Test corr: 0.259514
2026-02-15 15:56:17,879 - INFO - Generating figures …
2026-02-15 15:56:18,090 - INFO - Correlation between predicted and actual per-neuron averages: r=0.9931, p=2.06e-58
2026-02-15 15:56:18,756 - INFO - Pattern selectivity summary:
2026-02-15 15:56:18,756 - INFO -   Mean correlation across neurons: 0.5460
2026-02-15 15:56:18,756 - INFO -   Median correlation: 0.5772
2026-02-15 15:56:18,756 - INFO -   Neurons with r > 0.5: 39 / 63
2026-02-15 15:56:18,756 - INFO -   Neurons with r > 0.3: 57 / 63
2026-02-15 15:56:18,756 - INFO - Pattern selectivity — mean neuron corr: 0.5460
2026-02-15 15:56:19,285 - INFO - LOO baseline — Model mean r: 0.3142, LOO mean r: 0.4728, Neurons model > LOO: 2/63
2026-02-15 15:56:19,286 - INFO - Skipping oracle trial plots (skip_oracle_plots=True)
2026-02-15 15:56:19,286 - INFO - Experiment complete. Summary: {
  "run_dir": "results/base_cnn_kernel_sweep_2026-02-15_11-28-56/trial_0116_learning_rate=1.0e-04",
  "model_type": "cnn",
  "test_loss": 0.17460270488262178,
  "test_corr": 0.25951433451806905,
  "best_val_corr": 0.2637678602147703,
  "total_params": 190271,
  "trainable_params": 190271,
  "epochs_trained": 50,
  "mean_pattern_corr": 0.5459700694367379,
  "loo_mean_corr": 0.47275709111471625,
  "model_sample_mean_corr": 0.314230024436158,
  "neurons_model_beats_loo": 2
}
2026-02-15 15:56:19,303 - INFO - 
======================================================================
2026-02-15 15:56:19,303 - INFO - [118/216] trial_0117_learning_rate=1.0e-04
2026-02-15 15:56:19,303 - INFO -   Overrides: {"kernel_sizes": [10], "learning_rate": 0.0001, "fc_dims": [256], "weight_decay": 0.001, "conv_channels": [64]}
2026-02-15 15:56:19,303 - INFO -   Output: results/base_cnn_kernel_sweep_2026-02-15_11-28-56/trial_0117_learning_rate=1.0e-04
