2026-03-04 18:12:09,647 - INFO - ============================================================
2026-03-04 18:12:09,647 - INFO - Experiment run directory: /scratch/sb272/patterns5k_results/slurm_base_cnn_2026-03-04_16-53-19/trial_0082_learning_rate=5.0e-04_kernel_sizes=3x3x3_conv_channels=32x64x128_fc_dims=256_seed1
2026-03-04 18:12:09,647 - INFO - ============================================================
2026-03-04 18:12:09,647 - INFO - Loading data …
2026-03-04 18:12:11,394 - INFO - 63 unique neurons after dropping problematic neurons
2026-03-04 18:12:12,425 - INFO - Stimulation channels: 42, Spiking neurons: 63
2026-03-04 18:13:35,513 - INFO - Unique patterns: 4050, Total trials: 5000
2026-03-04 18:13:35,514 - INFO - Stimulation channels: 42, Spiking neurons: 63
2026-03-04 18:13:35,514 - INFO - Unique patterns: 4050, Total trials: 5000
2026-03-04 18:13:35,528 - INFO - Split (oracle): train=3400, val=600, test=1000
2026-03-04 18:13:50,865 - INFO - BinnedStimSpikeDataset initialized:
2026-03-04 18:13:50,867 - INFO -   input_bin_size_ms=10, output_bin_size_ms=10
2026-03-04 18:13:50,867 - INFO -   n_input_bins=60, n_output_bins=60
2026-03-04 18:13:50,867 - INFO -   output_offset=0, total_bins_input=60, total_bins_output=60
2026-03-04 18:13:50,867 - INFO -   Valid start positions per trial: 0 to 0
2026-03-04 18:13:50,867 - INFO -   Total samples: 3400 (3400 trials × 1 positions)
2026-03-04 18:14:04,895 - INFO - BinnedStimSpikeDataset initialized:
2026-03-04 18:14:04,895 - INFO -   input_bin_size_ms=10, output_bin_size_ms=10
2026-03-04 18:14:04,895 - INFO -   n_input_bins=60, n_output_bins=60
2026-03-04 18:14:04,895 - INFO -   output_offset=0, total_bins_input=60, total_bins_output=60
2026-03-04 18:14:04,895 - INFO -   Valid start positions per trial: 0 to 0
2026-03-04 18:14:04,895 - INFO -   Total samples: 600 (600 trials × 1 positions)
2026-03-04 18:14:19,301 - INFO - BinnedStimSpikeDataset initialized:
2026-03-04 18:14:19,301 - INFO -   input_bin_size_ms=10, output_bin_size_ms=10
2026-03-04 18:14:19,301 - INFO -   n_input_bins=60, n_output_bins=60
2026-03-04 18:14:19,302 - INFO -   output_offset=0, total_bins_input=60, total_bins_output=60
2026-03-04 18:14:19,302 - INFO -   Valid start positions per trial: 0 to 0
2026-03-04 18:14:19,302 - INFO -   Total samples: 1000 (1000 trials × 1 positions)
2026-03-04 18:14:19,302 - INFO - Samples — train: 3400, val: 600, test: 1000
2026-03-04 18:14:19,302 - INFO - Input channels: 42, Neurons: 63
2026-03-04 18:14:19,322 - INFO - Using CPU
2026-03-04 18:14:19,338 - INFO - Model: CNN — 84,639 trainable params (84,639 total)
2026-03-04 18:14:24,092 - INFO - Starting training …
2026-03-04 18:14:28,514 - INFO - Epoch   1/50 | Train: 0.246565 | Val: 0.184205 | Corr: 0.070604 | LR: 5.00e-04
2026-03-04 18:14:28,527 - INFO -   ↳ Saved best model (val_corr=0.070604)
2026-03-04 18:14:31,939 - INFO - Epoch   2/50 | Train: 0.184860 | Val: 0.183564 | Corr: 0.077783 | LR: 5.00e-04
2026-03-04 18:14:31,953 - INFO -   ↳ Saved best model (val_corr=0.077783)
2026-03-04 18:14:35,640 - INFO - Epoch   3/50 | Train: 0.183808 | Val: 0.182049 | Corr: 0.084113 | LR: 5.00e-04
2026-03-04 18:14:35,650 - INFO -   ↳ Saved best model (val_corr=0.084113)
2026-03-04 18:14:38,980 - INFO - Epoch   4/50 | Train: 0.183017 | Val: 0.181505 | Corr: 0.088617 | LR: 5.00e-04
2026-03-04 18:14:39,001 - INFO -   ↳ Saved best model (val_corr=0.088617)
2026-03-04 18:14:42,248 - INFO - Epoch   5/50 | Train: 0.182416 | Val: 0.181238 | Corr: 0.092372 | LR: 5.00e-04
2026-03-04 18:14:42,261 - INFO -   ↳ Saved best model (val_corr=0.092372)
2026-03-04 18:14:45,172 - INFO - Epoch   6/50 | Train: 0.182044 | Val: 0.180609 | Corr: 0.096146 | LR: 5.00e-04
2026-03-04 18:14:45,182 - INFO -   ↳ Saved best model (val_corr=0.096146)
2026-03-04 18:14:48,101 - INFO - Epoch   7/50 | Train: 0.181528 | Val: 0.180534 | Corr: 0.098532 | LR: 5.00e-04
2026-03-04 18:14:48,111 - INFO -   ↳ Saved best model (val_corr=0.098532)
2026-03-04 18:14:51,032 - INFO - Epoch   8/50 | Train: 0.181194 | Val: 0.180096 | Corr: 0.101311 | LR: 5.00e-04
2026-03-04 18:14:51,046 - INFO -   ↳ Saved best model (val_corr=0.101311)
2026-03-04 18:14:53,972 - INFO - Epoch   9/50 | Train: 0.180788 | Val: 0.180553 | Corr: 0.103307 | LR: 5.00e-04
2026-03-04 18:14:53,982 - INFO -   ↳ Saved best model (val_corr=0.103307)
2026-03-04 18:14:57,044 - INFO - Epoch  10/50 | Train: 0.180392 | Val: 0.179608 | Corr: 0.106506 | LR: 5.00e-04
2026-03-04 18:14:57,053 - INFO -   ↳ Saved best model (val_corr=0.106506)
2026-03-04 18:15:00,331 - INFO - Epoch  11/50 | Train: 0.180228 | Val: 0.180035 | Corr: 0.106640 | LR: 5.00e-04
2026-03-04 18:15:00,352 - INFO -   ↳ Saved best model (val_corr=0.106640)
2026-03-04 18:15:03,437 - INFO - Epoch  12/50 | Train: 0.179849 | Val: 0.180731 | Corr: 0.110614 | LR: 5.00e-04
2026-03-04 18:15:03,521 - INFO -   ↳ Saved best model (val_corr=0.110614)
2026-03-04 18:15:06,528 - INFO - Epoch  13/50 | Train: 0.179673 | Val: 0.179286 | Corr: 0.111353 | LR: 5.00e-04
2026-03-04 18:15:06,538 - INFO -   ↳ Saved best model (val_corr=0.111353)
2026-03-04 18:15:09,630 - INFO - Epoch  14/50 | Train: 0.179419 | Val: 0.179382 | Corr: 0.113982 | LR: 5.00e-04
2026-03-04 18:15:09,646 - INFO -   ↳ Saved best model (val_corr=0.113982)
2026-03-04 18:15:12,775 - INFO - Epoch  15/50 | Train: 0.179224 | Val: 0.178698 | Corr: 0.116313 | LR: 5.00e-04
2026-03-04 18:15:12,787 - INFO -   ↳ Saved best model (val_corr=0.116313)
2026-03-04 18:15:16,141 - INFO - Epoch  16/50 | Train: 0.179025 | Val: 0.178464 | Corr: 0.118602 | LR: 5.00e-04
2026-03-04 18:15:16,150 - INFO -   ↳ Saved best model (val_corr=0.118602)
2026-03-04 18:15:19,548 - INFO - Epoch  17/50 | Train: 0.178860 | Val: 0.179201 | Corr: 0.118893 | LR: 5.00e-04
2026-03-04 18:15:19,563 - INFO -   ↳ Saved best model (val_corr=0.118893)
2026-03-04 18:15:22,996 - INFO - Epoch  18/50 | Train: 0.178681 | Val: 0.178931 | Corr: 0.120623 | LR: 5.00e-04
2026-03-04 18:15:23,008 - INFO -   ↳ Saved best model (val_corr=0.120623)
2026-03-04 18:15:26,442 - INFO - Epoch  19/50 | Train: 0.178536 | Val: 0.178094 | Corr: 0.123119 | LR: 5.00e-04
2026-03-04 18:15:26,457 - INFO -   ↳ Saved best model (val_corr=0.123119)
2026-03-04 18:15:29,945 - INFO - Epoch  20/50 | Train: 0.178358 | Val: 0.178393 | Corr: 0.124205 | LR: 5.00e-04
2026-03-04 18:15:29,956 - INFO -   ↳ Saved best model (val_corr=0.124205)
2026-03-04 18:15:33,273 - INFO - Epoch  21/50 | Train: 0.178222 | Val: 0.178623 | Corr: 0.124157 | LR: 5.00e-04
2026-03-04 18:15:36,145 - INFO - Epoch  22/50 | Train: 0.178094 | Val: 0.177785 | Corr: 0.126988 | LR: 5.00e-04
2026-03-04 18:15:36,160 - INFO -   ↳ Saved best model (val_corr=0.126988)
2026-03-04 18:15:39,169 - INFO - Epoch  23/50 | Train: 0.177983 | Val: 0.178668 | Corr: 0.127744 | LR: 5.00e-04
2026-03-04 18:15:39,180 - INFO -   ↳ Saved best model (val_corr=0.127744)
2026-03-04 18:15:42,125 - INFO - Epoch  24/50 | Train: 0.177876 | Val: 0.177687 | Corr: 0.127734 | LR: 5.00e-04
2026-03-04 18:15:45,082 - INFO - Epoch  25/50 | Train: 0.177877 | Val: 0.177590 | Corr: 0.129324 | LR: 5.00e-04
2026-03-04 18:15:45,093 - INFO -   ↳ Saved best model (val_corr=0.129324)
2026-03-04 18:15:48,389 - INFO - Epoch  26/50 | Train: 0.177707 | Val: 0.177654 | Corr: 0.130377 | LR: 5.00e-04
2026-03-04 18:15:48,399 - INFO -   ↳ Saved best model (val_corr=0.130377)
2026-03-04 18:15:51,557 - INFO - Epoch  27/50 | Train: 0.177565 | Val: 0.179595 | Corr: 0.130797 | LR: 5.00e-04
2026-03-04 18:15:51,592 - INFO -   ↳ Saved best model (val_corr=0.130797)
2026-03-04 18:15:54,557 - INFO - Epoch  28/50 | Train: 0.177557 | Val: 0.177382 | Corr: 0.131315 | LR: 5.00e-04
2026-03-04 18:15:54,610 - INFO -   ↳ Saved best model (val_corr=0.131315)
2026-03-04 18:15:57,728 - INFO - Epoch  29/50 | Train: 0.177508 | Val: 0.177524 | Corr: 0.132564 | LR: 5.00e-04
2026-03-04 18:15:57,747 - INFO -   ↳ Saved best model (val_corr=0.132564)
2026-03-04 18:16:00,906 - INFO - Epoch  30/50 | Train: 0.177384 | Val: 0.177184 | Corr: 0.133731 | LR: 5.00e-04
2026-03-04 18:16:00,915 - INFO -   ↳ Saved best model (val_corr=0.133731)
2026-03-04 18:16:04,169 - INFO - Epoch  31/50 | Train: 0.177231 | Val: 0.177228 | Corr: 0.133491 | LR: 5.00e-04
2026-03-04 18:16:07,590 - INFO - Epoch  32/50 | Train: 0.177293 | Val: 0.177494 | Corr: 0.134833 | LR: 5.00e-04
2026-03-04 18:16:07,599 - INFO -   ↳ Saved best model (val_corr=0.134833)
2026-03-04 18:16:11,021 - INFO - Epoch  33/50 | Train: 0.177208 | Val: 0.177031 | Corr: 0.135105 | LR: 5.00e-04
2026-03-04 18:16:11,030 - INFO -   ↳ Saved best model (val_corr=0.135105)
2026-03-04 18:16:14,444 - INFO - Epoch  34/50 | Train: 0.177092 | Val: 0.177151 | Corr: 0.135465 | LR: 5.00e-04
2026-03-04 18:16:14,456 - INFO -   ↳ Saved best model (val_corr=0.135465)
2026-03-04 18:16:17,892 - INFO - Epoch  35/50 | Train: 0.177079 | Val: 0.177222 | Corr: 0.136072 | LR: 5.00e-04
2026-03-04 18:16:17,901 - INFO -   ↳ Saved best model (val_corr=0.136072)
2026-03-04 18:16:21,212 - INFO - Epoch  36/50 | Train: 0.177014 | Val: 0.176978 | Corr: 0.136307 | LR: 5.00e-04
2026-03-04 18:16:21,222 - INFO -   ↳ Saved best model (val_corr=0.136307)
2026-03-04 18:16:24,413 - INFO - Epoch  37/50 | Train: 0.177002 | Val: 0.176961 | Corr: 0.136968 | LR: 5.00e-04
2026-03-04 18:16:24,422 - INFO -   ↳ Saved best model (val_corr=0.136968)
2026-03-04 18:16:27,508 - INFO - Epoch  38/50 | Train: 0.176947 | Val: 0.176936 | Corr: 0.137339 | LR: 5.00e-04
2026-03-04 18:16:27,541 - INFO -   ↳ Saved best model (val_corr=0.137339)
2026-03-04 18:16:30,578 - INFO - Epoch  39/50 | Train: 0.176876 | Val: 0.176858 | Corr: 0.138442 | LR: 5.00e-04
2026-03-04 18:16:30,588 - INFO -   ↳ Saved best model (val_corr=0.138442)
2026-03-04 18:16:33,673 - INFO - Epoch  40/50 | Train: 0.176902 | Val: 0.176786 | Corr: 0.138017 | LR: 5.00e-04
2026-03-04 18:16:36,892 - INFO - Epoch  41/50 | Train: 0.176773 | Val: 0.176990 | Corr: 0.138911 | LR: 5.00e-04
2026-03-04 18:16:36,901 - INFO -   ↳ Saved best model (val_corr=0.138911)
2026-03-04 18:16:40,330 - INFO - Epoch  42/50 | Train: 0.176774 | Val: 0.176730 | Corr: 0.138624 | LR: 5.00e-04
2026-03-04 18:16:43,324 - INFO - Epoch  43/50 | Train: 0.176770 | Val: 0.176668 | Corr: 0.138550 | LR: 5.00e-04
2026-03-04 18:16:46,376 - INFO - Epoch  44/50 | Train: 0.176557 | Val: 0.176728 | Corr: 0.138679 | LR: 5.00e-04
2026-03-04 18:16:49,574 - INFO - Epoch  45/50 | Train: 0.176609 | Val: 0.176660 | Corr: 0.139336 | LR: 5.00e-04
2026-03-04 18:16:49,584 - INFO -   ↳ Saved best model (val_corr=0.139336)
2026-03-04 18:16:52,887 - INFO - Epoch  46/50 | Train: 0.176565 | Val: 0.176683 | Corr: 0.139769 | LR: 5.00e-04
2026-03-04 18:16:52,897 - INFO -   ↳ Saved best model (val_corr=0.139769)
2026-03-04 18:16:56,298 - INFO - Epoch  47/50 | Train: 0.176615 | Val: 0.177125 | Corr: 0.140905 | LR: 5.00e-04
2026-03-04 18:16:56,307 - INFO -   ↳ Saved best model (val_corr=0.140905)
2026-03-04 18:16:59,721 - INFO - Epoch  48/50 | Train: 0.176517 | Val: 0.176494 | Corr: 0.140852 | LR: 5.00e-04
2026-03-04 18:17:03,189 - INFO - Epoch  49/50 | Train: 0.176483 | Val: 0.176486 | Corr: 0.140907 | LR: 5.00e-04
2026-03-04 18:17:03,200 - INFO -   ↳ Saved best model (val_corr=0.140907)
2026-03-04 18:17:06,640 - INFO - Epoch  50/50 | Train: 0.176541 | Val: 0.176729 | Corr: 0.141118 | LR: 5.00e-04
2026-03-04 18:17:06,648 - INFO -   ↳ Saved best model (val_corr=0.141118)
2026-03-04 18:17:06,648 - INFO - Training complete — best val corr: 0.141118
2026-03-04 18:17:07,955 - INFO - Test loss: 0.168370, Test corr: 0.133543
2026-03-04 18:17:08,222 - INFO - Fraction of variance explained (FVE): 0.021116
2026-03-04 18:17:08,223 - INFO - Generating figures …
2026-03-04 18:17:08,627 - INFO - Correlation between predicted and actual per-neuron averages: r=0.9895, p=0.00e+00
2026-03-04 18:17:10,394 - INFO - Pattern selectivity summary:
2026-03-04 18:17:10,395 - INFO -   Mean correlation across neurons: 0.4773
2026-03-04 18:17:10,395 - INFO -   Median correlation: 0.5176
2026-03-04 18:17:10,395 - INFO -   Neurons with r > 0.5: 32 / 63
2026-03-04 18:17:10,395 - INFO -   Neurons with r > 0.3: 51 / 63
2026-03-04 18:17:10,395 - INFO - Pattern selectivity — mean neuron corr: 0.4773
2026-03-04 18:17:11,714 - INFO - LOO (avg rate) — Model mean r: 0.2771, LOO mean r: 0.4546, Neurons model > LOO: 1/63
2026-03-04 18:17:13,783 - INFO - LOO (temporal) — Model mean r: 0.1344, LOO mean r: 0.3186, Neurons model > LOO: 0/63
2026-03-04 18:17:13,783 - INFO - Skipping oracle trial plots (skip_oracle_plots=True)
2026-03-04 18:17:13,790 - INFO - Experiment complete. Summary: {
  "run_dir": "/scratch/sb272/patterns5k_results/slurm_base_cnn_2026-03-04_16-53-19/trial_0082_learning_rate=5.0e-04_kernel_sizes=3x3x3_conv_channels=32x64x128_fc_dims=256_seed1",
  "model_type": "cnn",
  "batch_avg_test_loss": 0.16837002062797546,
  "batch_avg_test_corr": 0.13354292610894208,
  "all_test_fve": 0.021115659721313962,
  "AR_FVE": NaN,
  "AR_test_correlation": NaN,
  "best_val_corr": 0.14111761162001565,
  "total_params": 84639,
  "trainable_params": 84639,
  "epochs_trained": 50,
  "mean_pattern_corr": 0.47734412141528904,
  "history": 0,
  "init_state": true,
  "loo_avg_mean_corr": 0.45456832695830385,
  "model_avg_mean_corr": 0.2771463102319643,
  "neurons_model_beats_loo_avg": 1,
  "loo_temporal_mean_corr": 0.31855225563049316,
  "all_test_corr": 0.13437852263450623,
  "neurons_model_beats_loo_temporal": 0,
  "kernel_sizes": [
    3,
    3,
    3
  ],
  "conv_channels": [
    32,
    64,
    128
  ],
  "fc_dims": [
    256
  ]
}
