2026-03-04 22:17:50,360 - INFO - ============================================================
2026-03-04 22:17:50,360 - INFO - Experiment run directory: /scratch/sb272/patterns5k_results/slurm_base_cnn_2026-03-04_16-53-19/trial_0158_learning_rate=1.0e-03_kernel_sizes=5x3x3_conv_channels=64x128x256_fc_dims=256_seed2
2026-03-04 22:17:50,360 - INFO - ============================================================
2026-03-04 22:17:50,360 - INFO - Loading data …
2026-03-04 22:17:51,221 - INFO - 63 unique neurons after dropping problematic neurons
2026-03-04 22:17:52,534 - INFO - Stimulation channels: 42, Spiking neurons: 63
2026-03-04 22:19:56,343 - INFO - Unique patterns: 4050, Total trials: 5000
2026-03-04 22:19:56,345 - INFO - Stimulation channels: 42, Spiking neurons: 63
2026-03-04 22:19:56,345 - INFO - Unique patterns: 4050, Total trials: 5000
2026-03-04 22:19:56,364 - INFO - Split (oracle): train=3400, val=600, test=1000
2026-03-04 22:20:21,778 - INFO - BinnedStimSpikeDataset initialized:
2026-03-04 22:20:21,781 - INFO -   input_bin_size_ms=10, output_bin_size_ms=10
2026-03-04 22:20:21,781 - INFO -   n_input_bins=60, n_output_bins=60
2026-03-04 22:20:21,781 - INFO -   output_offset=0, total_bins_input=60, total_bins_output=60
2026-03-04 22:20:21,781 - INFO -   Valid start positions per trial: 0 to 0
2026-03-04 22:20:21,781 - INFO -   Total samples: 3400 (3400 trials × 1 positions)
2026-03-04 22:20:47,563 - INFO - BinnedStimSpikeDataset initialized:
2026-03-04 22:20:47,563 - INFO -   input_bin_size_ms=10, output_bin_size_ms=10
2026-03-04 22:20:47,563 - INFO -   n_input_bins=60, n_output_bins=60
2026-03-04 22:20:47,563 - INFO -   output_offset=0, total_bins_input=60, total_bins_output=60
2026-03-04 22:20:47,563 - INFO -   Valid start positions per trial: 0 to 0
2026-03-04 22:20:47,563 - INFO -   Total samples: 600 (600 trials × 1 positions)
2026-03-04 22:21:12,150 - INFO - BinnedStimSpikeDataset initialized:
2026-03-04 22:21:12,150 - INFO -   input_bin_size_ms=10, output_bin_size_ms=10
2026-03-04 22:21:12,150 - INFO -   n_input_bins=60, n_output_bins=60
2026-03-04 22:21:12,150 - INFO -   output_offset=0, total_bins_input=60, total_bins_output=60
2026-03-04 22:21:12,150 - INFO -   Valid start positions per trial: 0 to 0
2026-03-04 22:21:12,150 - INFO -   Total samples: 1000 (1000 trials × 1 positions)
2026-03-04 22:21:12,150 - INFO - Samples — train: 3400, val: 600, test: 1000
2026-03-04 22:21:12,150 - INFO - Input channels: 42, Neurons: 63
2026-03-04 22:21:12,170 - INFO - Using CPU
2026-03-04 22:21:12,175 - INFO - Model: CNN — 219,647 trainable params (219,647 total)
2026-03-04 22:21:17,411 - INFO - Starting training …
2026-03-04 22:21:24,637 - INFO - Epoch   1/50 | Train: 0.212870 | Val: 0.181397 | Corr: 0.075579 | LR: 1.00e-03
2026-03-04 22:21:24,684 - INFO -   ↳ Saved best model (val_corr=0.075579)
2026-03-04 22:21:31,222 - INFO - Epoch   2/50 | Train: 0.183300 | Val: 0.180239 | Corr: 0.087383 | LR: 1.00e-03
2026-03-04 22:21:31,246 - INFO -   ↳ Saved best model (val_corr=0.087383)
2026-03-04 22:21:37,439 - INFO - Epoch   3/50 | Train: 0.181872 | Val: 0.179972 | Corr: 0.092506 | LR: 1.00e-03
2026-03-04 22:21:37,478 - INFO -   ↳ Saved best model (val_corr=0.092506)
2026-03-04 22:21:43,914 - INFO - Epoch   4/50 | Train: 0.180896 | Val: 0.178910 | Corr: 0.101987 | LR: 1.00e-03
2026-03-04 22:21:43,936 - INFO -   ↳ Saved best model (val_corr=0.101987)
2026-03-04 22:21:49,933 - INFO - Epoch   5/50 | Train: 0.180044 | Val: 0.178712 | Corr: 0.105870 | LR: 1.00e-03
2026-03-04 22:21:49,950 - INFO -   ↳ Saved best model (val_corr=0.105870)
2026-03-04 22:21:56,556 - INFO - Epoch   6/50 | Train: 0.179394 | Val: 0.179094 | Corr: 0.112073 | LR: 1.00e-03
2026-03-04 22:21:56,569 - INFO -   ↳ Saved best model (val_corr=0.112073)
2026-03-04 22:22:02,753 - INFO - Epoch   7/50 | Train: 0.178877 | Val: 0.177804 | Corr: 0.114386 | LR: 1.00e-03
2026-03-04 22:22:02,768 - INFO -   ↳ Saved best model (val_corr=0.114386)
2026-03-04 22:22:08,997 - INFO - Epoch   8/50 | Train: 0.178430 | Val: 0.178953 | Corr: 0.114979 | LR: 1.00e-03
2026-03-04 22:22:09,025 - INFO -   ↳ Saved best model (val_corr=0.114979)
2026-03-04 22:22:15,377 - INFO - Epoch   9/50 | Train: 0.178191 | Val: 0.177480 | Corr: 0.120197 | LR: 1.00e-03
2026-03-04 22:22:15,395 - INFO -   ↳ Saved best model (val_corr=0.120197)
2026-03-04 22:22:21,056 - INFO - Epoch  10/50 | Train: 0.177662 | Val: 0.177616 | Corr: 0.120376 | LR: 1.00e-03
2026-03-04 22:22:21,071 - INFO -   ↳ Saved best model (val_corr=0.120376)
2026-03-04 22:22:26,793 - INFO - Epoch  11/50 | Train: 0.177483 | Val: 0.177247 | Corr: 0.120881 | LR: 1.00e-03
2026-03-04 22:22:26,814 - INFO -   ↳ Saved best model (val_corr=0.120881)
2026-03-04 22:22:32,781 - INFO - Epoch  12/50 | Train: 0.177087 | Val: 0.177201 | Corr: 0.122034 | LR: 1.00e-03
2026-03-04 22:22:32,797 - INFO -   ↳ Saved best model (val_corr=0.122034)
2026-03-04 22:22:38,434 - INFO - Epoch  13/50 | Train: 0.176942 | Val: 0.176639 | Corr: 0.126111 | LR: 1.00e-03
2026-03-04 22:22:38,449 - INFO -   ↳ Saved best model (val_corr=0.126111)
2026-03-04 22:22:44,150 - INFO - Epoch  14/50 | Train: 0.176678 | Val: 0.177711 | Corr: 0.125786 | LR: 1.00e-03
2026-03-04 22:22:50,261 - INFO - Epoch  15/50 | Train: 0.176616 | Val: 0.176520 | Corr: 0.127567 | LR: 1.00e-03
2026-03-04 22:22:50,275 - INFO -   ↳ Saved best model (val_corr=0.127567)
2026-03-04 22:22:55,647 - INFO - Epoch  16/50 | Train: 0.176349 | Val: 0.178459 | Corr: 0.126387 | LR: 1.00e-03
2026-03-04 22:23:00,967 - INFO - Epoch  17/50 | Train: 0.176163 | Val: 0.176711 | Corr: 0.128400 | LR: 1.00e-03
2026-03-04 22:23:00,986 - INFO -   ↳ Saved best model (val_corr=0.128400)
2026-03-04 22:23:08,482 - INFO - Epoch  18/50 | Train: 0.176025 | Val: 0.176597 | Corr: 0.131946 | LR: 1.00e-03
2026-03-04 22:23:08,513 - INFO -   ↳ Saved best model (val_corr=0.131946)
2026-03-04 22:23:16,133 - INFO - Epoch  19/50 | Train: 0.175768 | Val: 0.176747 | Corr: 0.129361 | LR: 1.00e-03
2026-03-04 22:23:23,771 - INFO - Epoch  20/50 | Train: 0.175722 | Val: 0.176879 | Corr: 0.132906 | LR: 1.00e-03
2026-03-04 22:23:23,787 - INFO -   ↳ Saved best model (val_corr=0.132906)
2026-03-04 22:23:31,412 - INFO - Epoch  21/50 | Train: 0.175485 | Val: 0.176411 | Corr: 0.131092 | LR: 1.00e-03
2026-03-04 22:23:39,066 - INFO - Epoch  22/50 | Train: 0.175456 | Val: 0.176916 | Corr: 0.133267 | LR: 1.00e-03
2026-03-04 22:23:39,085 - INFO -   ↳ Saved best model (val_corr=0.133267)
2026-03-04 22:23:46,718 - INFO - Epoch  23/50 | Train: 0.175277 | Val: 0.176093 | Corr: 0.132897 | LR: 1.00e-03
2026-03-04 22:23:54,277 - INFO - Epoch  24/50 | Train: 0.175071 | Val: 0.176321 | Corr: 0.134133 | LR: 1.00e-03
2026-03-04 22:23:54,291 - INFO -   ↳ Saved best model (val_corr=0.134133)
2026-03-04 22:24:01,868 - INFO - Epoch  25/50 | Train: 0.174997 | Val: 0.176412 | Corr: 0.133254 | LR: 1.00e-03
2026-03-04 22:24:09,474 - INFO - Epoch  26/50 | Train: 0.174900 | Val: 0.176019 | Corr: 0.134855 | LR: 1.00e-03
2026-03-04 22:24:09,489 - INFO -   ↳ Saved best model (val_corr=0.134855)
2026-03-04 22:24:15,772 - INFO - Epoch  27/50 | Train: 0.174693 | Val: 0.176403 | Corr: 0.134393 | LR: 1.00e-03
2026-03-04 22:24:22,184 - INFO - Epoch  28/50 | Train: 0.174580 | Val: 0.176123 | Corr: 0.134855 | LR: 1.00e-03
2026-03-04 22:24:28,269 - INFO - Epoch  29/50 | Train: 0.174493 | Val: 0.176023 | Corr: 0.135992 | LR: 1.00e-03
2026-03-04 22:24:28,288 - INFO -   ↳ Saved best model (val_corr=0.135992)
2026-03-04 22:24:34,867 - INFO - Epoch  30/50 | Train: 0.174445 | Val: 0.175930 | Corr: 0.135560 | LR: 1.00e-03
2026-03-04 22:24:40,931 - INFO - Epoch  31/50 | Train: 0.174444 | Val: 0.175834 | Corr: 0.136314 | LR: 1.00e-03
2026-03-04 22:24:40,950 - INFO -   ↳ Saved best model (val_corr=0.136314)
2026-03-04 22:24:47,106 - INFO - Epoch  32/50 | Train: 0.174241 | Val: 0.175981 | Corr: 0.136296 | LR: 1.00e-03
2026-03-04 22:24:53,556 - INFO - Epoch  33/50 | Train: 0.174170 | Val: 0.176460 | Corr: 0.133886 | LR: 1.00e-03
2026-03-04 22:24:59,480 - INFO - Epoch  34/50 | Train: 0.173983 | Val: 0.176017 | Corr: 0.136647 | LR: 1.00e-03
2026-03-04 22:24:59,506 - INFO -   ↳ Saved best model (val_corr=0.136647)
2026-03-04 22:25:05,980 - INFO - Epoch  35/50 | Train: 0.173917 | Val: 0.175996 | Corr: 0.136611 | LR: 1.00e-03
2026-03-04 22:25:11,776 - INFO - Epoch  36/50 | Train: 0.173823 | Val: 0.176567 | Corr: 0.134904 | LR: 1.00e-03
2026-03-04 22:25:18,271 - INFO - Epoch  37/50 | Train: 0.173769 | Val: 0.176039 | Corr: 0.136356 | LR: 5.00e-04
2026-03-04 22:25:24,428 - INFO - Epoch  38/50 | Train: 0.173219 | Val: 0.176406 | Corr: 0.135776 | LR: 5.00e-04
2026-03-04 22:25:30,359 - INFO - Epoch  39/50 | Train: 0.172961 | Val: 0.176645 | Corr: 0.136017 | LR: 5.00e-04
2026-03-04 22:25:36,939 - INFO - Epoch  40/50 | Train: 0.172983 | Val: 0.176263 | Corr: 0.136258 | LR: 5.00e-04
2026-03-04 22:25:43,182 - INFO - Epoch  41/50 | Train: 0.172843 | Val: 0.176463 | Corr: 0.135978 | LR: 5.00e-04
2026-03-04 22:25:49,706 - INFO - Epoch  42/50 | Train: 0.172803 | Val: 0.176026 | Corr: 0.137564 | LR: 5.00e-04
2026-03-04 22:25:49,722 - INFO -   ↳ Saved best model (val_corr=0.137564)
2026-03-04 22:25:55,619 - INFO - Epoch  43/50 | Train: 0.172779 | Val: 0.176036 | Corr: 0.137538 | LR: 2.50e-04
2026-03-04 22:26:01,560 - INFO - Epoch  44/50 | Train: 0.172402 | Val: 0.176009 | Corr: 0.137248 | LR: 2.50e-04
2026-03-04 22:26:08,066 - INFO - Epoch  45/50 | Train: 0.172364 | Val: 0.175934 | Corr: 0.138167 | LR: 2.50e-04
2026-03-04 22:26:08,084 - INFO -   ↳ Saved best model (val_corr=0.138167)
2026-03-04 22:26:14,209 - INFO - Epoch  46/50 | Train: 0.172313 | Val: 0.176121 | Corr: 0.136929 | LR: 2.50e-04
2026-03-04 22:26:20,730 - INFO - Epoch  47/50 | Train: 0.172228 | Val: 0.176456 | Corr: 0.135792 | LR: 2.50e-04
2026-03-04 22:26:26,727 - INFO - Epoch  48/50 | Train: 0.172215 | Val: 0.176521 | Corr: 0.135742 | LR: 2.50e-04
2026-03-04 22:26:33,232 - INFO - Epoch  49/50 | Train: 0.172163 | Val: 0.176093 | Corr: 0.136911 | LR: 1.25e-04
2026-03-04 22:26:39,825 - INFO - Epoch  50/50 | Train: 0.172071 | Val: 0.176531 | Corr: 0.135958 | LR: 1.25e-04
2026-03-04 22:26:39,825 - INFO - Training complete — best val corr: 0.138167
2026-03-04 22:26:41,621 - INFO - Test loss: 0.167815, Test corr: 0.139985
2026-03-04 22:26:42,006 - INFO - Fraction of variance explained (FVE): 0.022454
2026-03-04 22:26:42,007 - INFO - Generating figures …
2026-03-04 22:26:42,547 - INFO - Correlation between predicted and actual per-neuron averages: r=0.9928, p=0.00e+00
2026-03-04 22:26:44,602 - INFO - Pattern selectivity summary:
2026-03-04 22:26:44,603 - INFO -   Mean correlation across neurons: 0.5129
2026-03-04 22:26:44,603 - INFO -   Median correlation: 0.5650
2026-03-04 22:26:44,603 - INFO -   Neurons with r > 0.5: 35 / 63
2026-03-04 22:26:44,603 - INFO -   Neurons with r > 0.3: 56 / 63
2026-03-04 22:26:44,603 - INFO - Pattern selectivity — mean neuron corr: 0.5129
2026-03-04 22:26:46,464 - INFO - LOO (avg rate) — Model mean r: 0.2960, LOO mean r: 0.4546, Neurons model > LOO: 1/63
2026-03-04 22:26:48,717 - INFO - LOO (temporal) — Model mean r: 0.1406, LOO mean r: 0.3186, Neurons model > LOO: 0/63
2026-03-04 22:26:48,717 - INFO - Skipping oracle trial plots (skip_oracle_plots=True)
2026-03-04 22:26:48,741 - INFO - Experiment complete. Summary: {
  "run_dir": "/scratch/sb272/patterns5k_results/slurm_base_cnn_2026-03-04_16-53-19/trial_0158_learning_rate=1.0e-03_kernel_sizes=5x3x3_conv_channels=64x128x256_fc_dims=256_seed2",
  "model_type": "cnn",
  "batch_avg_test_loss": 0.1678150190114975,
  "batch_avg_test_corr": 0.1399853342692491,
  "all_test_fve": 0.02245382751737322,
  "AR_FVE": NaN,
  "AR_test_correlation": NaN,
  "best_val_corr": 0.13816686742150958,
  "total_params": 219647,
  "trainable_params": 219647,
  "epochs_trained": 50,
  "mean_pattern_corr": 0.5128920902312143,
  "history": 0,
  "init_state": true,
  "loo_avg_mean_corr": 0.45456832695830385,
  "model_avg_mean_corr": 0.2959876467878718,
  "neurons_model_beats_loo_avg": 1,
  "loo_temporal_mean_corr": 0.31855225563049316,
  "all_test_corr": 0.14055457711219788,
  "neurons_model_beats_loo_temporal": 0,
  "kernel_sizes": [
    5,
    3,
    3
  ],
  "conv_channels": [
    64,
    128,
    256
  ],
  "fc_dims": [
    256
  ]
}
