2026-03-05 23:04:53,328 - INFO - ============================================================
2026-03-05 23:04:53,328 - INFO - Experiment run directory: /scratch/sb272/patterns5k_results/slurm_hist_cnn_2026-03-05_16-01-45/trial_0071_learning_rate=1.0e-04_history=20_kernel_sizes=3x3x3_conv_channels=128x128x128_fc_dims=256_seed0
2026-03-05 23:04:53,328 - INFO - ============================================================
2026-03-05 23:04:53,328 - INFO - Loading data …
2026-03-05 23:04:54,239 - INFO - 63 unique neurons after dropping problematic neurons
2026-03-05 23:04:55,490 - INFO - Stimulation channels: 42, Spiking neurons: 63
2026-03-05 23:06:58,858 - INFO - Unique patterns: 4050, Total trials: 5000
2026-03-05 23:06:58,859 - INFO - Stimulation channels: 42, Spiking neurons: 63
2026-03-05 23:06:58,859 - INFO - Unique patterns: 4050, Total trials: 5000
2026-03-05 23:06:58,875 - INFO - Split (oracle): train=3400, val=600, test=1000
2026-03-05 23:07:23,576 - INFO - BinnedStimSpikeDataset initialized:
2026-03-05 23:07:23,577 - INFO -   input_bin_size_ms=10, output_bin_size_ms=10
2026-03-05 23:07:23,577 - INFO -   n_input_bins=60, n_output_bins=60
2026-03-05 23:07:23,577 - INFO -   output_offset=0, total_bins_input=60, total_bins_output=60
2026-03-05 23:07:23,577 - INFO -   Valid start positions per trial: 0 to 0
2026-03-05 23:07:23,577 - INFO -   Total samples: 3400 (3400 trials × 1 positions)
2026-03-05 23:07:47,761 - INFO - BinnedStimSpikeDataset initialized:
2026-03-05 23:07:47,761 - INFO -   input_bin_size_ms=10, output_bin_size_ms=10
2026-03-05 23:07:47,761 - INFO -   n_input_bins=60, n_output_bins=60
2026-03-05 23:07:47,762 - INFO -   output_offset=0, total_bins_input=60, total_bins_output=60
2026-03-05 23:07:47,762 - INFO -   Valid start positions per trial: 0 to 0
2026-03-05 23:07:47,762 - INFO -   Total samples: 600 (600 trials × 1 positions)
2026-03-05 23:08:11,907 - INFO - BinnedStimSpikeDataset initialized:
2026-03-05 23:08:11,907 - INFO -   input_bin_size_ms=10, output_bin_size_ms=10
2026-03-05 23:08:11,907 - INFO -   n_input_bins=60, n_output_bins=60
2026-03-05 23:08:11,907 - INFO -   output_offset=0, total_bins_input=60, total_bins_output=60
2026-03-05 23:08:11,907 - INFO -   Valid start positions per trial: 0 to 0
2026-03-05 23:08:11,907 - INFO -   Total samples: 1000 (1000 trials × 1 positions)
2026-03-05 23:08:11,907 - INFO - Samples — train: 3400, val: 600, test: 1000
2026-03-05 23:08:11,907 - INFO - Input channels: 105, Neurons: 63
2026-03-05 23:08:11,910 - INFO - Using CPU
2026-03-05 23:08:11,927 - INFO - Model: CNN — 188,991 trainable params (188,991 total)
2026-03-05 23:08:14,817 - INFO - Starting training …
2026-03-05 23:08:21,649 - INFO - Epoch   1/50 | Train: 0.444698 | Val: 0.195601 | Corr: 0.052628 | LR: 1.00e-04
2026-03-05 23:08:21,661 - INFO -   ↳ Saved best model (val_corr=0.052628)
2026-03-05 23:08:27,596 - INFO - Epoch   2/50 | Train: 0.188132 | Val: 0.186597 | Corr: 0.064383 | LR: 1.00e-04
2026-03-05 23:08:27,607 - INFO -   ↳ Saved best model (val_corr=0.064383)
2026-03-05 23:08:33,279 - INFO - Epoch   3/50 | Train: 0.185460 | Val: 0.185249 | Corr: 0.071910 | LR: 1.00e-04
2026-03-05 23:08:33,289 - INFO -   ↳ Saved best model (val_corr=0.071910)
2026-03-05 23:08:38,864 - INFO - Epoch   4/50 | Train: 0.184577 | Val: 0.184141 | Corr: 0.075327 | LR: 1.00e-04
2026-03-05 23:08:38,873 - INFO -   ↳ Saved best model (val_corr=0.075327)
2026-03-05 23:08:44,666 - INFO - Epoch   5/50 | Train: 0.184046 | Val: 0.184070 | Corr: 0.075962 | LR: 1.00e-04
2026-03-05 23:08:44,680 - INFO -   ↳ Saved best model (val_corr=0.075962)
2026-03-05 23:08:50,312 - INFO - Epoch   6/50 | Train: 0.183606 | Val: 0.183430 | Corr: 0.079977 | LR: 1.00e-04
2026-03-05 23:08:50,320 - INFO -   ↳ Saved best model (val_corr=0.079977)
2026-03-05 23:08:56,219 - INFO - Epoch   7/50 | Train: 0.183122 | Val: 0.183208 | Corr: 0.082209 | LR: 1.00e-04
2026-03-05 23:08:56,229 - INFO -   ↳ Saved best model (val_corr=0.082209)
2026-03-05 23:09:02,062 - INFO - Epoch   8/50 | Train: 0.182703 | Val: 0.183139 | Corr: 0.083858 | LR: 1.00e-04
2026-03-05 23:09:02,072 - INFO -   ↳ Saved best model (val_corr=0.083858)
2026-03-05 23:09:07,986 - INFO - Epoch   9/50 | Train: 0.182445 | Val: 0.182938 | Corr: 0.085053 | LR: 1.00e-04
2026-03-05 23:09:07,998 - INFO -   ↳ Saved best model (val_corr=0.085053)
2026-03-05 23:09:14,109 - INFO - Epoch  10/50 | Train: 0.182039 | Val: 0.182662 | Corr: 0.087487 | LR: 1.00e-04
2026-03-05 23:09:14,119 - INFO -   ↳ Saved best model (val_corr=0.087487)
2026-03-05 23:09:19,955 - INFO - Epoch  11/50 | Train: 0.181777 | Val: 0.182445 | Corr: 0.090272 | LR: 1.00e-04
2026-03-05 23:09:19,965 - INFO -   ↳ Saved best model (val_corr=0.090272)
2026-03-05 23:09:25,914 - INFO - Epoch  12/50 | Train: 0.181455 | Val: 0.182440 | Corr: 0.092222 | LR: 1.00e-04
2026-03-05 23:09:25,924 - INFO -   ↳ Saved best model (val_corr=0.092222)
2026-03-05 23:09:31,962 - INFO - Epoch  13/50 | Train: 0.181141 | Val: 0.182195 | Corr: 0.092836 | LR: 1.00e-04
2026-03-05 23:09:31,972 - INFO -   ↳ Saved best model (val_corr=0.092836)
2026-03-05 23:09:37,998 - INFO - Epoch  14/50 | Train: 0.180858 | Val: 0.181978 | Corr: 0.095433 | LR: 1.00e-04
2026-03-05 23:09:38,008 - INFO -   ↳ Saved best model (val_corr=0.095433)
2026-03-05 23:09:44,168 - INFO - Epoch  15/50 | Train: 0.180551 | Val: 0.181954 | Corr: 0.097176 | LR: 1.00e-04
2026-03-05 23:09:44,180 - INFO -   ↳ Saved best model (val_corr=0.097176)
2026-03-05 23:09:50,170 - INFO - Epoch  16/50 | Train: 0.180260 | Val: 0.181713 | Corr: 0.098418 | LR: 1.00e-04
2026-03-05 23:09:50,180 - INFO -   ↳ Saved best model (val_corr=0.098418)
2026-03-05 23:09:56,144 - INFO - Epoch  17/50 | Train: 0.179944 | Val: 0.181502 | Corr: 0.100665 | LR: 1.00e-04
2026-03-05 23:09:56,154 - INFO -   ↳ Saved best model (val_corr=0.100665)
2026-03-05 23:10:02,332 - INFO - Epoch  18/50 | Train: 0.179715 | Val: 0.181609 | Corr: 0.100291 | LR: 1.00e-04
2026-03-05 23:10:08,418 - INFO - Epoch  19/50 | Train: 0.179489 | Val: 0.181293 | Corr: 0.103119 | LR: 1.00e-04
2026-03-05 23:10:08,430 - INFO -   ↳ Saved best model (val_corr=0.103119)
2026-03-05 23:10:14,499 - INFO - Epoch  20/50 | Train: 0.179238 | Val: 0.181322 | Corr: 0.103744 | LR: 1.00e-04
2026-03-05 23:10:14,510 - INFO -   ↳ Saved best model (val_corr=0.103744)
2026-03-05 23:10:20,483 - INFO - Epoch  21/50 | Train: 0.178981 | Val: 0.181187 | Corr: 0.105701 | LR: 1.00e-04
2026-03-05 23:10:20,495 - INFO -   ↳ Saved best model (val_corr=0.105701)
2026-03-05 23:10:26,479 - INFO - Epoch  22/50 | Train: 0.178781 | Val: 0.180909 | Corr: 0.107627 | LR: 1.00e-04
2026-03-05 23:10:26,491 - INFO -   ↳ Saved best model (val_corr=0.107627)
2026-03-05 23:10:32,641 - INFO - Epoch  23/50 | Train: 0.178585 | Val: 0.180865 | Corr: 0.108644 | LR: 1.00e-04
2026-03-05 23:10:32,651 - INFO -   ↳ Saved best model (val_corr=0.108644)
2026-03-05 23:10:38,692 - INFO - Epoch  24/50 | Train: 0.178318 | Val: 0.180636 | Corr: 0.110382 | LR: 1.00e-04
2026-03-05 23:10:38,703 - INFO -   ↳ Saved best model (val_corr=0.110382)
2026-03-05 23:10:44,867 - INFO - Epoch  25/50 | Train: 0.178136 | Val: 0.180747 | Corr: 0.109928 | LR: 1.00e-04
2026-03-05 23:10:50,727 - INFO - Epoch  26/50 | Train: 0.177927 | Val: 0.180570 | Corr: 0.111429 | LR: 1.00e-04
2026-03-05 23:10:50,739 - INFO -   ↳ Saved best model (val_corr=0.111429)
2026-03-05 23:10:56,567 - INFO - Epoch  27/50 | Train: 0.177751 | Val: 0.180498 | Corr: 0.113114 | LR: 1.00e-04
2026-03-05 23:10:56,577 - INFO -   ↳ Saved best model (val_corr=0.113114)
2026-03-05 23:11:02,690 - INFO - Epoch  28/50 | Train: 0.177631 | Val: 0.180379 | Corr: 0.114276 | LR: 1.00e-04
2026-03-05 23:11:02,703 - INFO -   ↳ Saved best model (val_corr=0.114276)
2026-03-05 23:11:08,812 - INFO - Epoch  29/50 | Train: 0.177299 | Val: 0.180107 | Corr: 0.116528 | LR: 1.00e-04
2026-03-05 23:11:08,822 - INFO -   ↳ Saved best model (val_corr=0.116528)
2026-03-05 23:11:15,027 - INFO - Epoch  30/50 | Train: 0.177187 | Val: 0.180183 | Corr: 0.116483 | LR: 1.00e-04
2026-03-05 23:11:21,163 - INFO - Epoch  31/50 | Train: 0.177053 | Val: 0.180147 | Corr: 0.117807 | LR: 1.00e-04
2026-03-05 23:11:21,174 - INFO -   ↳ Saved best model (val_corr=0.117807)
2026-03-05 23:11:27,077 - INFO - Epoch  32/50 | Train: 0.176880 | Val: 0.180001 | Corr: 0.118510 | LR: 1.00e-04
2026-03-05 23:11:27,088 - INFO -   ↳ Saved best model (val_corr=0.118510)
2026-03-05 23:11:33,183 - INFO - Epoch  33/50 | Train: 0.176716 | Val: 0.179885 | Corr: 0.119502 | LR: 1.00e-04
2026-03-05 23:11:33,194 - INFO -   ↳ Saved best model (val_corr=0.119502)
2026-03-05 23:11:39,309 - INFO - Epoch  34/50 | Train: 0.176548 | Val: 0.180030 | Corr: 0.119367 | LR: 1.00e-04
2026-03-05 23:11:45,593 - INFO - Epoch  35/50 | Train: 0.176385 | Val: 0.179825 | Corr: 0.120733 | LR: 1.00e-04
2026-03-05 23:11:45,602 - INFO -   ↳ Saved best model (val_corr=0.120733)
2026-03-05 23:11:51,952 - INFO - Epoch  36/50 | Train: 0.176248 | Val: 0.179748 | Corr: 0.121307 | LR: 1.00e-04
2026-03-05 23:11:51,964 - INFO -   ↳ Saved best model (val_corr=0.121307)
2026-03-05 23:11:58,046 - INFO - Epoch  37/50 | Train: 0.176137 | Val: 0.179630 | Corr: 0.122532 | LR: 1.00e-04
2026-03-05 23:11:58,058 - INFO -   ↳ Saved best model (val_corr=0.122532)
2026-03-05 23:12:04,230 - INFO - Epoch  38/50 | Train: 0.176011 | Val: 0.179859 | Corr: 0.123233 | LR: 1.00e-04
2026-03-05 23:12:04,240 - INFO -   ↳ Saved best model (val_corr=0.123233)
2026-03-05 23:12:10,522 - INFO - Epoch  39/50 | Train: 0.175789 | Val: 0.179577 | Corr: 0.123803 | LR: 1.00e-04
2026-03-05 23:12:10,532 - INFO -   ↳ Saved best model (val_corr=0.123803)
2026-03-05 23:12:16,332 - INFO - Epoch  40/50 | Train: 0.175686 | Val: 0.179657 | Corr: 0.124190 | LR: 1.00e-04
2026-03-05 23:12:16,343 - INFO -   ↳ Saved best model (val_corr=0.124190)
2026-03-05 23:12:22,382 - INFO - Epoch  41/50 | Train: 0.175594 | Val: 0.179437 | Corr: 0.125143 | LR: 1.00e-04
2026-03-05 23:12:22,392 - INFO -   ↳ Saved best model (val_corr=0.125143)
2026-03-05 23:12:28,427 - INFO - Epoch  42/50 | Train: 0.175423 | Val: 0.179403 | Corr: 0.126000 | LR: 1.00e-04
2026-03-05 23:12:28,437 - INFO -   ↳ Saved best model (val_corr=0.126000)
2026-03-05 23:12:34,322 - INFO - Epoch  43/50 | Train: 0.175361 | Val: 0.179357 | Corr: 0.126661 | LR: 1.00e-04
2026-03-05 23:12:34,332 - INFO -   ↳ Saved best model (val_corr=0.126661)
2026-03-05 23:12:40,448 - INFO - Epoch  44/50 | Train: 0.175209 | Val: 0.179471 | Corr: 0.126792 | LR: 1.00e-04
2026-03-05 23:12:40,459 - INFO -   ↳ Saved best model (val_corr=0.126792)
2026-03-05 23:12:46,507 - INFO - Epoch  45/50 | Train: 0.175150 | Val: 0.179340 | Corr: 0.127082 | LR: 1.00e-04
2026-03-05 23:12:46,520 - INFO -   ↳ Saved best model (val_corr=0.127082)
2026-03-05 23:12:52,651 - INFO - Epoch  46/50 | Train: 0.175056 | Val: 0.179220 | Corr: 0.128390 | LR: 1.00e-04
2026-03-05 23:12:52,663 - INFO -   ↳ Saved best model (val_corr=0.128390)
2026-03-05 23:12:58,641 - INFO - Epoch  47/50 | Train: 0.174864 | Val: 0.179277 | Corr: 0.128430 | LR: 1.00e-04
2026-03-05 23:12:58,651 - INFO -   ↳ Saved best model (val_corr=0.128430)
2026-03-05 23:13:04,497 - INFO - Epoch  48/50 | Train: 0.174752 | Val: 0.179302 | Corr: 0.128837 | LR: 1.00e-04
2026-03-05 23:13:04,506 - INFO -   ↳ Saved best model (val_corr=0.128837)
2026-03-05 23:13:10,631 - INFO - Epoch  49/50 | Train: 0.174728 | Val: 0.179237 | Corr: 0.129240 | LR: 1.00e-04
2026-03-05 23:13:10,641 - INFO -   ↳ Saved best model (val_corr=0.129240)
2026-03-05 23:13:16,712 - INFO - Epoch  50/50 | Train: 0.174512 | Val: 0.179102 | Corr: 0.129954 | LR: 1.00e-04
2026-03-05 23:13:16,723 - INFO -   ↳ Saved best model (val_corr=0.129954)
2026-03-05 23:13:16,723 - INFO - Training complete — best val corr: 0.129954
2026-03-05 23:13:18,295 - INFO - Test loss: 0.168548, Test corr: 0.126337
2026-03-05 23:13:18,751 - INFO - Fraction of variance explained (FVE): 0.019416
2026-03-05 23:13:18,752 - INFO - Computing autoregressive (AR) test predictions …
2026-03-05 23:13:19,368 - INFO - AR FVE: 0.017556, AR test corr: 0.121580
2026-03-05 23:13:19,368 - INFO - Generating figures …
2026-03-05 23:13:19,847 - INFO - Correlation between predicted and actual per-neuron averages: r=0.9921, p=0.00e+00
2026-03-05 23:13:21,933 - INFO - Pattern selectivity summary:
2026-03-05 23:13:21,933 - INFO -   Mean correlation across neurons: 0.4680
2026-03-05 23:13:21,933 - INFO -   Median correlation: 0.4727
2026-03-05 23:13:21,933 - INFO -   Neurons with r > 0.5: 27 / 63
2026-03-05 23:13:21,933 - INFO -   Neurons with r > 0.3: 52 / 63
2026-03-05 23:13:21,934 - INFO - Pattern selectivity — mean neuron corr: 0.4680
2026-03-05 23:13:23,661 - INFO - LOO (avg rate) — Model mean r: 0.3347, LOO mean r: 0.4546, Neurons model > LOO: 10/63
2026-03-05 23:13:25,968 - INFO - LOO (temporal) — Model mean r: 0.1313, LOO mean r: 0.3186, Neurons model > LOO: 1/63
2026-03-05 23:13:25,969 - INFO - Skipping oracle trial plots (skip_oracle_plots=True)
2026-03-05 23:13:25,973 - INFO - Experiment complete. Summary: {
  "run_dir": "/scratch/sb272/patterns5k_results/slurm_hist_cnn_2026-03-05_16-01-45/trial_0071_learning_rate=1.0e-04_history=20_kernel_sizes=3x3x3_conv_channels=128x128x128_fc_dims=256_seed0",
  "model_type": "cnn",
  "batch_avg_test_loss": 0.16854784619808197,
  "batch_avg_test_corr": 0.1263366046945187,
  "all_test_fve": 0.01941629723897056,
  "AR_FVE": 0.01755644404698932,
  "AR_test_correlation": 0.1215803474187851,
  "best_val_corr": 0.12995380001703458,
  "total_params": 188991,
  "trainable_params": 188991,
  "epochs_trained": 50,
  "mean_pattern_corr": 0.46799807627946965,
  "history": 20,
  "init_state": true,
  "loo_avg_mean_corr": 0.45456832695830385,
  "model_avg_mean_corr": 0.3347041315670132,
  "neurons_model_beats_loo_avg": 10,
  "loo_temporal_mean_corr": 0.31855225563049316,
  "all_test_corr": 0.1312505602836609,
  "neurons_model_beats_loo_temporal": 1,
  "kernel_sizes": [
    3,
    3,
    3
  ],
  "conv_channels": [
    128,
    128,
    128
  ],
  "fc_dims": [
    256
  ]
}
