2026-03-04 20:42:29,503 - INFO - ============================================================
2026-03-04 20:42:29,503 - INFO - Experiment run directory: /scratch/sb272/patterns5k_results/slurm_base_cnn_2026-03-04_16-53-19/trial_0068_learning_rate=5.0e-04_kernel_sizes=5x3x3_conv_channels=64x128x256_fc_dims=256_seed4
2026-03-04 20:42:29,503 - INFO - ============================================================
2026-03-04 20:42:29,503 - INFO - Loading data …
2026-03-04 20:42:31,036 - INFO - 63 unique neurons after dropping problematic neurons
2026-03-04 20:42:31,942 - INFO - Stimulation channels: 42, Spiking neurons: 63
2026-03-04 20:43:38,706 - INFO - Unique patterns: 4050, Total trials: 5000
2026-03-04 20:43:38,707 - INFO - Stimulation channels: 42, Spiking neurons: 63
2026-03-04 20:43:38,707 - INFO - Unique patterns: 4050, Total trials: 5000
2026-03-04 20:43:38,718 - INFO - Split (oracle): train=3400, val=600, test=1000
2026-03-04 20:43:52,954 - INFO - BinnedStimSpikeDataset initialized:
2026-03-04 20:43:52,955 - INFO -   input_bin_size_ms=10, output_bin_size_ms=10
2026-03-04 20:43:52,955 - INFO -   n_input_bins=60, n_output_bins=60
2026-03-04 20:43:52,955 - INFO -   output_offset=0, total_bins_input=60, total_bins_output=60
2026-03-04 20:43:52,955 - INFO -   Valid start positions per trial: 0 to 0
2026-03-04 20:43:52,955 - INFO -   Total samples: 3400 (3400 trials × 1 positions)
2026-03-04 20:44:06,693 - INFO - BinnedStimSpikeDataset initialized:
2026-03-04 20:44:06,693 - INFO -   input_bin_size_ms=10, output_bin_size_ms=10
2026-03-04 20:44:06,693 - INFO -   n_input_bins=60, n_output_bins=60
2026-03-04 20:44:06,693 - INFO -   output_offset=0, total_bins_input=60, total_bins_output=60
2026-03-04 20:44:06,693 - INFO -   Valid start positions per trial: 0 to 0
2026-03-04 20:44:06,693 - INFO -   Total samples: 600 (600 trials × 1 positions)
2026-03-04 20:44:20,549 - INFO - BinnedStimSpikeDataset initialized:
2026-03-04 20:44:20,549 - INFO -   input_bin_size_ms=10, output_bin_size_ms=10
2026-03-04 20:44:20,549 - INFO -   n_input_bins=60, n_output_bins=60
2026-03-04 20:44:20,549 - INFO -   output_offset=0, total_bins_input=60, total_bins_output=60
2026-03-04 20:44:20,549 - INFO -   Valid start positions per trial: 0 to 0
2026-03-04 20:44:20,549 - INFO -   Total samples: 1000 (1000 trials × 1 positions)
2026-03-04 20:44:20,549 - INFO - Samples — train: 3400, val: 600, test: 1000
2026-03-04 20:44:20,549 - INFO - Input channels: 42, Neurons: 63
2026-03-04 20:44:20,567 - INFO - Using CPU
2026-03-04 20:44:20,583 - INFO - Model: CNN — 219,647 trainable params (219,647 total)
2026-03-04 20:44:26,301 - INFO - Starting training …
2026-03-04 20:44:31,115 - INFO - Epoch   1/50 | Train: 0.230426 | Val: 0.182820 | Corr: 0.078936 | LR: 5.00e-04
2026-03-04 20:44:31,131 - INFO -   ↳ Saved best model (val_corr=0.078936)
2026-03-04 20:44:34,924 - INFO - Epoch   2/50 | Train: 0.184009 | Val: 0.182106 | Corr: 0.084723 | LR: 5.00e-04
2026-03-04 20:44:34,938 - INFO -   ↳ Saved best model (val_corr=0.084723)
2026-03-04 20:44:38,706 - INFO - Epoch   3/50 | Train: 0.182676 | Val: 0.181561 | Corr: 0.091292 | LR: 5.00e-04
2026-03-04 20:44:38,718 - INFO -   ↳ Saved best model (val_corr=0.091292)
2026-03-04 20:44:42,479 - INFO - Epoch   4/50 | Train: 0.181740 | Val: 0.180661 | Corr: 0.097024 | LR: 5.00e-04
2026-03-04 20:44:42,501 - INFO -   ↳ Saved best model (val_corr=0.097024)
2026-03-04 20:44:46,259 - INFO - Epoch   5/50 | Train: 0.180900 | Val: 0.180121 | Corr: 0.103896 | LR: 5.00e-04
2026-03-04 20:44:46,276 - INFO -   ↳ Saved best model (val_corr=0.103896)
2026-03-04 20:44:50,023 - INFO - Epoch   6/50 | Train: 0.180149 | Val: 0.180247 | Corr: 0.105563 | LR: 5.00e-04
2026-03-04 20:44:50,035 - INFO -   ↳ Saved best model (val_corr=0.105563)
2026-03-04 20:44:53,795 - INFO - Epoch   7/50 | Train: 0.179738 | Val: 0.179668 | Corr: 0.108004 | LR: 5.00e-04
2026-03-04 20:44:53,807 - INFO -   ↳ Saved best model (val_corr=0.108004)
2026-03-04 20:44:57,575 - INFO - Epoch   8/50 | Train: 0.179281 | Val: 0.179655 | Corr: 0.112728 | LR: 5.00e-04
2026-03-04 20:44:57,589 - INFO -   ↳ Saved best model (val_corr=0.112728)
2026-03-04 20:45:01,333 - INFO - Epoch   9/50 | Train: 0.178811 | Val: 0.178933 | Corr: 0.116776 | LR: 5.00e-04
2026-03-04 20:45:01,347 - INFO -   ↳ Saved best model (val_corr=0.116776)
2026-03-04 20:45:05,150 - INFO - Epoch  10/50 | Train: 0.178446 | Val: 0.179099 | Corr: 0.118642 | LR: 5.00e-04
2026-03-04 20:45:05,163 - INFO -   ↳ Saved best model (val_corr=0.118642)
2026-03-04 20:45:09,008 - INFO - Epoch  11/50 | Train: 0.178163 | Val: 0.179081 | Corr: 0.117743 | LR: 5.00e-04
2026-03-04 20:45:12,839 - INFO - Epoch  12/50 | Train: 0.177773 | Val: 0.178122 | Corr: 0.122917 | LR: 5.00e-04
2026-03-04 20:45:12,853 - INFO -   ↳ Saved best model (val_corr=0.122917)
2026-03-04 20:45:16,821 - INFO - Epoch  13/50 | Train: 0.177508 | Val: 0.178178 | Corr: 0.124896 | LR: 5.00e-04
2026-03-04 20:45:16,831 - INFO -   ↳ Saved best model (val_corr=0.124896)
2026-03-04 20:45:20,823 - INFO - Epoch  14/50 | Train: 0.177264 | Val: 0.178413 | Corr: 0.126348 | LR: 5.00e-04
2026-03-04 20:45:20,836 - INFO -   ↳ Saved best model (val_corr=0.126348)
2026-03-04 20:45:24,761 - INFO - Epoch  15/50 | Train: 0.177057 | Val: 0.177905 | Corr: 0.126960 | LR: 5.00e-04
2026-03-04 20:45:24,783 - INFO -   ↳ Saved best model (val_corr=0.126960)
2026-03-04 20:45:28,713 - INFO - Epoch  16/50 | Train: 0.176923 | Val: 0.177785 | Corr: 0.128355 | LR: 5.00e-04
2026-03-04 20:45:28,727 - INFO -   ↳ Saved best model (val_corr=0.128355)
2026-03-04 20:45:32,625 - INFO - Epoch  17/50 | Train: 0.176578 | Val: 0.178095 | Corr: 0.127055 | LR: 5.00e-04
2026-03-04 20:45:36,493 - INFO - Epoch  18/50 | Train: 0.176420 | Val: 0.177447 | Corr: 0.131639 | LR: 5.00e-04
2026-03-04 20:45:36,522 - INFO -   ↳ Saved best model (val_corr=0.131639)
2026-03-04 20:45:40,393 - INFO - Epoch  19/50 | Train: 0.176185 | Val: 0.177477 | Corr: 0.131070 | LR: 5.00e-04
2026-03-04 20:45:44,178 - INFO - Epoch  20/50 | Train: 0.176081 | Val: 0.177241 | Corr: 0.132160 | LR: 5.00e-04
2026-03-04 20:45:44,221 - INFO -   ↳ Saved best model (val_corr=0.132160)
2026-03-04 20:45:48,077 - INFO - Epoch  21/50 | Train: 0.175994 | Val: 0.177598 | Corr: 0.132187 | LR: 5.00e-04
2026-03-04 20:45:48,089 - INFO -   ↳ Saved best model (val_corr=0.132187)
2026-03-04 20:45:51,940 - INFO - Epoch  22/50 | Train: 0.175885 | Val: 0.177336 | Corr: 0.133240 | LR: 5.00e-04
2026-03-04 20:45:51,972 - INFO -   ↳ Saved best model (val_corr=0.133240)
2026-03-04 20:45:55,802 - INFO - Epoch  23/50 | Train: 0.175726 | Val: 0.177204 | Corr: 0.134343 | LR: 5.00e-04
2026-03-04 20:45:55,837 - INFO -   ↳ Saved best model (val_corr=0.134343)
2026-03-04 20:45:59,685 - INFO - Epoch  24/50 | Train: 0.175634 | Val: 0.178546 | Corr: 0.133635 | LR: 5.00e-04
2026-03-04 20:46:03,596 - INFO - Epoch  25/50 | Train: 0.175371 | Val: 0.177103 | Corr: 0.135771 | LR: 5.00e-04
2026-03-04 20:46:03,611 - INFO -   ↳ Saved best model (val_corr=0.135771)
2026-03-04 20:46:07,628 - INFO - Epoch  26/50 | Train: 0.175321 | Val: 0.177099 | Corr: 0.135283 | LR: 5.00e-04
2026-03-04 20:46:11,671 - INFO - Epoch  27/50 | Train: 0.175252 | Val: 0.177361 | Corr: 0.135952 | LR: 5.00e-04
2026-03-04 20:46:11,689 - INFO -   ↳ Saved best model (val_corr=0.135952)
2026-03-04 20:46:15,754 - INFO - Epoch  28/50 | Train: 0.175015 | Val: 0.177446 | Corr: 0.134408 | LR: 5.00e-04
2026-03-04 20:46:19,807 - INFO - Epoch  29/50 | Train: 0.174976 | Val: 0.177536 | Corr: 0.134259 | LR: 5.00e-04
2026-03-04 20:46:23,848 - INFO - Epoch  30/50 | Train: 0.174851 | Val: 0.177186 | Corr: 0.136887 | LR: 5.00e-04
2026-03-04 20:46:23,862 - INFO -   ↳ Saved best model (val_corr=0.136887)
2026-03-04 20:46:27,892 - INFO - Epoch  31/50 | Train: 0.174798 | Val: 0.178009 | Corr: 0.136352 | LR: 2.50e-04
2026-03-04 20:46:31,931 - INFO - Epoch  32/50 | Train: 0.174274 | Val: 0.176850 | Corr: 0.138803 | LR: 2.50e-04
2026-03-04 20:46:31,944 - INFO -   ↳ Saved best model (val_corr=0.138803)
2026-03-04 20:46:35,954 - INFO - Epoch  33/50 | Train: 0.174179 | Val: 0.177073 | Corr: 0.137355 | LR: 2.50e-04
2026-03-04 20:46:39,987 - INFO - Epoch  34/50 | Train: 0.174102 | Val: 0.176820 | Corr: 0.138828 | LR: 2.50e-04
2026-03-04 20:46:40,000 - INFO -   ↳ Saved best model (val_corr=0.138828)
2026-03-04 20:46:43,987 - INFO - Epoch  35/50 | Train: 0.174054 | Val: 0.176805 | Corr: 0.139028 | LR: 2.50e-04
2026-03-04 20:46:43,999 - INFO -   ↳ Saved best model (val_corr=0.139028)
2026-03-04 20:46:48,011 - INFO - Epoch  36/50 | Train: 0.174023 | Val: 0.176814 | Corr: 0.138740 | LR: 2.50e-04
2026-03-04 20:46:52,064 - INFO - Epoch  37/50 | Train: 0.173979 | Val: 0.176740 | Corr: 0.138816 | LR: 2.50e-04
2026-03-04 20:46:56,084 - INFO - Epoch  38/50 | Train: 0.173836 | Val: 0.176943 | Corr: 0.138718 | LR: 2.50e-04
2026-03-04 20:47:00,118 - INFO - Epoch  39/50 | Train: 0.173802 | Val: 0.176963 | Corr: 0.138693 | LR: 2.50e-04
2026-03-04 20:47:04,115 - INFO - Epoch  40/50 | Train: 0.173823 | Val: 0.176760 | Corr: 0.139158 | LR: 2.50e-04
2026-03-04 20:47:04,129 - INFO -   ↳ Saved best model (val_corr=0.139158)
2026-03-04 20:47:08,144 - INFO - Epoch  41/50 | Train: 0.173725 | Val: 0.176719 | Corr: 0.139748 | LR: 2.50e-04
2026-03-04 20:47:08,156 - INFO -   ↳ Saved best model (val_corr=0.139748)
2026-03-04 20:47:12,200 - INFO - Epoch  42/50 | Train: 0.173692 | Val: 0.176847 | Corr: 0.139504 | LR: 2.50e-04
2026-03-04 20:47:16,085 - INFO - Epoch  43/50 | Train: 0.173587 | Val: 0.176793 | Corr: 0.138981 | LR: 2.50e-04
2026-03-04 20:47:19,955 - INFO - Epoch  44/50 | Train: 0.173593 | Val: 0.176871 | Corr: 0.139033 | LR: 2.50e-04
2026-03-04 20:47:23,820 - INFO - Epoch  45/50 | Train: 0.173533 | Val: 0.176723 | Corr: 0.140110 | LR: 2.50e-04
2026-03-04 20:47:23,849 - INFO -   ↳ Saved best model (val_corr=0.140110)
2026-03-04 20:47:27,716 - INFO - Epoch  46/50 | Train: 0.173514 | Val: 0.176873 | Corr: 0.138864 | LR: 2.50e-04
2026-03-04 20:47:31,580 - INFO - Epoch  47/50 | Train: 0.173393 | Val: 0.176842 | Corr: 0.139122 | LR: 1.25e-04
2026-03-04 20:47:35,433 - INFO - Epoch  48/50 | Train: 0.173228 | Val: 0.176810 | Corr: 0.140162 | LR: 1.25e-04
2026-03-04 20:47:35,446 - INFO -   ↳ Saved best model (val_corr=0.140162)
2026-03-04 20:47:39,285 - INFO - Epoch  49/50 | Train: 0.173161 | Val: 0.176832 | Corr: 0.139776 | LR: 1.25e-04
2026-03-04 20:47:43,124 - INFO - Epoch  50/50 | Train: 0.173177 | Val: 0.177230 | Corr: 0.139177 | LR: 1.25e-04
2026-03-04 20:47:43,125 - INFO - Training complete — best val corr: 0.140162
2026-03-04 20:47:44,236 - INFO - Test loss: 0.167908, Test corr: 0.136081
2026-03-04 20:47:44,514 - INFO - Fraction of variance explained (FVE): 0.022126
2026-03-04 20:47:44,514 - INFO - Generating figures …
2026-03-04 20:47:44,868 - INFO - Correlation between predicted and actual per-neuron averages: r=0.9913, p=0.00e+00
2026-03-04 20:47:46,408 - INFO - Pattern selectivity summary:
2026-03-04 20:47:46,408 - INFO -   Mean correlation across neurons: 0.4776
2026-03-04 20:47:46,408 - INFO -   Median correlation: 0.5181
2026-03-04 20:47:46,408 - INFO -   Neurons with r > 0.5: 33 / 63
2026-03-04 20:47:46,408 - INFO -   Neurons with r > 0.3: 49 / 63
2026-03-04 20:47:46,408 - INFO - Pattern selectivity — mean neuron corr: 0.4776
2026-03-04 20:47:47,652 - INFO - LOO (avg rate) — Model mean r: 0.2774, LOO mean r: 0.4546, Neurons model > LOO: 2/63
2026-03-04 20:47:49,334 - INFO - LOO (temporal) — Model mean r: 0.1368, LOO mean r: 0.3186, Neurons model > LOO: 0/63
2026-03-04 20:47:49,334 - INFO - Skipping oracle trial plots (skip_oracle_plots=True)
2026-03-04 20:47:49,342 - INFO - Experiment complete. Summary: {
  "run_dir": "/scratch/sb272/patterns5k_results/slurm_base_cnn_2026-03-04_16-53-19/trial_0068_learning_rate=5.0e-04_kernel_sizes=5x3x3_conv_channels=64x128x256_fc_dims=256_seed4",
  "model_type": "cnn",
  "batch_avg_test_loss": 0.1679082169532776,
  "batch_avg_test_corr": 0.13608101441678283,
  "all_test_fve": 0.022126498676481702,
  "AR_FVE": NaN,
  "AR_test_correlation": NaN,
  "best_val_corr": 0.1401624134710038,
  "total_params": 219647,
  "trainable_params": 219647,
  "epochs_trained": 50,
  "mean_pattern_corr": 0.4775889889187744,
  "history": 0,
  "init_state": true,
  "loo_avg_mean_corr": 0.45456832695830385,
  "model_avg_mean_corr": 0.27743851745384923,
  "neurons_model_beats_loo_avg": 2,
  "loo_temporal_mean_corr": 0.31855225563049316,
  "all_test_corr": 0.13682828843593597,
  "neurons_model_beats_loo_temporal": 0,
  "kernel_sizes": [
    5,
    3,
    3
  ],
  "conv_channels": [
    64,
    128,
    256
  ],
  "fc_dims": [
    256
  ]
}
