2026-02-15 18:34:55,434 - INFO - ============================================================
2026-02-15 18:34:55,434 - INFO - Experiment run directory: results/base_cnn_kernel_sweep_2026-02-15_11-28-56/trial_0179_learning_rate=0.01
2026-02-15 18:34:55,434 - INFO - ============================================================
2026-02-15 18:34:55,434 - INFO - Using preloaded raw data (skipping I/O)
2026-02-15 18:34:55,434 - INFO - Stimulation channels: 42, Spiking neurons: 63
2026-02-15 18:34:55,434 - INFO - Unique patterns: 4050, Total trials: 5000
2026-02-15 18:34:55,447 - INFO - Split (oracle): train=3400, val=600, test=1000
2026-02-15 18:35:09,598 - INFO - BinnedStimSpikeDataset initialized:
2026-02-15 18:35:09,600 - INFO -   input_bin_size_ms=10, output_bin_size_ms=10
2026-02-15 18:35:09,600 - INFO -   n_input_bins=60, n_output_bins=60
2026-02-15 18:35:09,600 - INFO -   output_offset=0, total_bins_input=60, total_bins_output=60
2026-02-15 18:35:09,600 - INFO -   Valid start positions per trial: 0 to 0
2026-02-15 18:35:09,600 - INFO -   Total samples: 3400 (3400 trials × 1 positions)
2026-02-15 18:35:22,962 - INFO - BinnedStimSpikeDataset initialized:
2026-02-15 18:35:22,962 - INFO -   input_bin_size_ms=10, output_bin_size_ms=10
2026-02-15 18:35:22,962 - INFO -   n_input_bins=60, n_output_bins=60
2026-02-15 18:35:22,962 - INFO -   output_offset=0, total_bins_input=60, total_bins_output=60
2026-02-15 18:35:22,962 - INFO -   Valid start positions per trial: 0 to 0
2026-02-15 18:35:22,962 - INFO -   Total samples: 600 (600 trials × 1 positions)
2026-02-15 18:35:36,443 - INFO - BinnedStimSpikeDataset initialized:
2026-02-15 18:35:36,444 - INFO -   input_bin_size_ms=10, output_bin_size_ms=10
2026-02-15 18:35:36,444 - INFO -   n_input_bins=60, n_output_bins=60
2026-02-15 18:35:36,444 - INFO -   output_offset=0, total_bins_input=60, total_bins_output=60
2026-02-15 18:35:36,444 - INFO -   Valid start positions per trial: 0 to 0
2026-02-15 18:35:36,444 - INFO -   Total samples: 1000 (1000 trials × 1 positions)
2026-02-15 18:35:36,445 - INFO - Samples — train: 3400, val: 600, test: 1000
2026-02-15 18:35:36,445 - INFO - Input channels: 42, Neurons: 63
2026-02-15 18:35:36,445 - INFO - Using Apple Silicon MPS acceleration
2026-02-15 18:35:36,472 - INFO - Model: CNN — 405,311 trainable params (405,311 total)
2026-02-15 18:35:36,473 - INFO - Starting training …
2026-02-15 18:35:40,174 - INFO - Epoch   1/50 | Train: 0.216104 | Val: 0.197659 | Corr: 0.180085 | LR: 1.00e-02
2026-02-15 18:35:40,189 - INFO -   ↳ Saved best model (val_corr=0.180085)
2026-02-15 18:35:43,235 - INFO - Epoch   2/50 | Train: 0.195870 | Val: 0.191402 | Corr: 0.212166 | LR: 1.00e-02
2026-02-15 18:35:43,248 - INFO -   ↳ Saved best model (val_corr=0.212166)
2026-02-15 18:35:46,357 - INFO - Epoch   3/50 | Train: 0.190648 | Val: 0.187520 | Corr: 0.237638 | LR: 1.00e-02
2026-02-15 18:35:46,372 - INFO -   ↳ Saved best model (val_corr=0.237638)
2026-02-15 18:35:49,358 - INFO - Epoch   4/50 | Train: 0.187100 | Val: 0.186296 | Corr: 0.244653 | LR: 1.00e-02
2026-02-15 18:35:49,372 - INFO -   ↳ Saved best model (val_corr=0.244653)
2026-02-15 18:35:52,416 - INFO - Epoch   5/50 | Train: 0.184872 | Val: 0.185029 | Corr: 0.253369 | LR: 1.00e-02
2026-02-15 18:35:52,426 - INFO -   ↳ Saved best model (val_corr=0.253369)
2026-02-15 18:35:55,628 - INFO - Epoch   6/50 | Train: 0.182765 | Val: 0.184633 | Corr: 0.258291 | LR: 1.00e-02
2026-02-15 18:35:55,644 - INFO -   ↳ Saved best model (val_corr=0.258291)
2026-02-15 18:35:58,604 - INFO - Epoch   7/50 | Train: 0.181033 | Val: 0.184368 | Corr: 0.259462 | LR: 1.00e-02
2026-02-15 18:35:58,612 - INFO -   ↳ Saved best model (val_corr=0.259462)
2026-02-15 18:36:01,600 - INFO - Epoch   8/50 | Train: 0.179739 | Val: 0.184663 | Corr: 0.260419 | LR: 1.00e-02
2026-02-15 18:36:01,609 - INFO -   ↳ Saved best model (val_corr=0.260419)
2026-02-15 18:36:04,398 - INFO - Epoch   9/50 | Train: 0.178432 | Val: 0.184507 | Corr: 0.262225 | LR: 1.00e-02
2026-02-15 18:36:04,408 - INFO -   ↳ Saved best model (val_corr=0.262225)
2026-02-15 18:36:07,261 - INFO - Epoch  10/50 | Train: 0.177307 | Val: 0.184612 | Corr: 0.263464 | LR: 1.00e-02
2026-02-15 18:36:07,268 - INFO -   ↳ Saved best model (val_corr=0.263464)
2026-02-15 18:36:10,425 - INFO - Epoch  11/50 | Train: 0.176369 | Val: 0.184535 | Corr: 0.266895 | LR: 1.00e-02
2026-02-15 18:36:10,432 - INFO -   ↳ Saved best model (val_corr=0.266895)
2026-02-15 18:36:13,358 - INFO - Epoch  12/50 | Train: 0.175526 | Val: 0.185012 | Corr: 0.265996 | LR: 1.00e-02
2026-02-15 18:36:16,447 - INFO - Epoch  13/50 | Train: 0.174648 | Val: 0.185040 | Corr: 0.266304 | LR: 5.00e-03
2026-02-15 18:36:19,643 - INFO - Epoch  14/50 | Train: 0.172188 | Val: 0.184386 | Corr: 0.269714 | LR: 5.00e-03
2026-02-15 18:36:19,658 - INFO -   ↳ Saved best model (val_corr=0.269714)
2026-02-15 18:36:22,513 - INFO - Epoch  15/50 | Train: 0.171185 | Val: 0.184962 | Corr: 0.269695 | LR: 5.00e-03
2026-02-15 18:36:25,659 - INFO - Epoch  16/50 | Train: 0.170706 | Val: 0.185659 | Corr: 0.268875 | LR: 5.00e-03
2026-02-15 18:36:28,838 - INFO - Epoch  17/50 | Train: 0.170325 | Val: 0.185901 | Corr: 0.270754 | LR: 5.00e-03
2026-02-15 18:36:28,852 - INFO -   ↳ Saved best model (val_corr=0.270754)
2026-02-15 18:36:32,019 - INFO - Epoch  18/50 | Train: 0.170004 | Val: 0.185482 | Corr: 0.269518 | LR: 5.00e-03
2026-02-15 18:36:35,224 - INFO - Epoch  19/50 | Train: 0.169760 | Val: 0.186213 | Corr: 0.268081 | LR: 2.50e-03
2026-02-15 18:36:38,014 - INFO - Epoch  20/50 | Train: 0.168371 | Val: 0.186185 | Corr: 0.269163 | LR: 2.50e-03
2026-02-15 18:36:40,768 - INFO - Epoch  21/50 | Train: 0.167919 | Val: 0.186201 | Corr: 0.269795 | LR: 2.50e-03
2026-02-15 18:36:44,015 - INFO - Epoch  22/50 | Train: 0.167585 | Val: 0.186583 | Corr: 0.269329 | LR: 2.50e-03
2026-02-15 18:36:47,211 - INFO - Epoch  23/50 | Train: 0.167477 | Val: 0.186579 | Corr: 0.269671 | LR: 2.50e-03
2026-02-15 18:36:49,976 - INFO - Epoch  24/50 | Train: 0.167340 | Val: 0.186963 | Corr: 0.269306 | LR: 2.50e-03
2026-02-15 18:36:52,805 - INFO - Epoch  25/50 | Train: 0.167112 | Val: 0.187144 | Corr: 0.268337 | LR: 1.25e-03
2026-02-15 18:36:55,894 - INFO - Epoch  26/50 | Train: 0.166344 | Val: 0.187454 | Corr: 0.269609 | LR: 1.25e-03
2026-02-15 18:36:59,207 - INFO - Epoch  27/50 | Train: 0.166208 | Val: 0.187712 | Corr: 0.269286 | LR: 1.25e-03
2026-02-15 18:36:59,208 - INFO - Early stopping at epoch 27
2026-02-15 18:36:59,208 - INFO - Training complete — best val corr: 0.270754
2026-02-15 18:36:59,611 - INFO - Test loss: 0.176082, Test corr: 0.270604
2026-02-15 18:36:59,750 - INFO - Generating figures …
2026-02-15 18:36:59,962 - INFO - Correlation between predicted and actual per-neuron averages: r=0.9867, p=7.96e-50
2026-02-15 18:37:00,717 - INFO - Pattern selectivity summary:
2026-02-15 18:37:00,717 - INFO -   Mean correlation across neurons: 0.5347
2026-02-15 18:37:00,717 - INFO -   Median correlation: 0.5751
2026-02-15 18:37:00,717 - INFO -   Neurons with r > 0.5: 38 / 63
2026-02-15 18:37:00,717 - INFO -   Neurons with r > 0.3: 55 / 63
2026-02-15 18:37:00,717 - INFO - Pattern selectivity — mean neuron corr: 0.5347
2026-02-15 18:37:01,087 - INFO - LOO baseline — Model mean r: 0.3077, LOO mean r: 0.4728, Neurons model > LOO: 3/63
2026-02-15 18:37:01,087 - INFO - Skipping oracle trial plots (skip_oracle_plots=True)
2026-02-15 18:37:01,087 - INFO - Experiment complete. Summary: {
  "run_dir": "results/base_cnn_kernel_sweep_2026-02-15_11-28-56/trial_0179_learning_rate=0.01",
  "model_type": "cnn",
  "test_loss": 0.17608194208145142,
  "test_corr": 0.2706038111018402,
  "best_val_corr": 0.2707539944395448,
  "total_params": 405311,
  "trainable_params": 405311,
  "epochs_trained": 27,
  "mean_pattern_corr": 0.5346571924990365,
  "loo_mean_corr": 0.47275709111471625,
  "model_sample_mean_corr": 0.3077205997933847,
  "neurons_model_beats_loo": 3
}
2026-02-15 18:37:01,103 - INFO - 
======================================================================
2026-02-15 18:37:01,103 - INFO - [181/216] trial_0180_learning_rate=1.0e-04
2026-02-15 18:37:01,103 - INFO -   Overrides: {"kernel_sizes": [60], "learning_rate": 0.0001, "fc_dims": [256], "weight_decay": 0, "conv_channels": [64]}
2026-02-15 18:37:01,103 - INFO -   Output: results/base_cnn_kernel_sweep_2026-02-15_11-28-56/trial_0180_learning_rate=1.0e-04
