2026-02-16 06:19:19,371 - INFO - ============================================================
2026-02-16 06:19:19,371 - INFO - Experiment run directory: results/base_cnn_kernel_sweep_2026-02-15_19-39-07/trial_0215_learning_rate=0.01
2026-02-16 06:19:19,371 - INFO - ============================================================
2026-02-16 06:19:19,371 - INFO - Using preloaded raw data (skipping I/O)
2026-02-16 06:19:19,371 - INFO - Stimulation channels: 42, Spiking neurons: 63
2026-02-16 06:19:19,371 - INFO - Unique patterns: 4050, Total trials: 5000
2026-02-16 06:19:19,381 - INFO - Split (oracle): train=3400, val=600, test=1000
2026-02-16 06:19:33,323 - INFO - BinnedStimSpikeDataset initialized:
2026-02-16 06:19:33,324 - INFO -   input_bin_size_ms=10, output_bin_size_ms=10
2026-02-16 06:19:33,324 - INFO -   n_input_bins=60, n_output_bins=60
2026-02-16 06:19:33,324 - INFO -   output_offset=0, total_bins_input=60, total_bins_output=60
2026-02-16 06:19:33,324 - INFO -   Valid start positions per trial: 0 to 0
2026-02-16 06:19:33,324 - INFO -   Total samples: 3400 (3400 trials × 1 positions)
2026-02-16 06:19:46,673 - INFO - BinnedStimSpikeDataset initialized:
2026-02-16 06:19:46,674 - INFO -   input_bin_size_ms=10, output_bin_size_ms=10
2026-02-16 06:19:46,674 - INFO -   n_input_bins=60, n_output_bins=60
2026-02-16 06:19:46,674 - INFO -   output_offset=0, total_bins_input=60, total_bins_output=60
2026-02-16 06:19:46,674 - INFO -   Valid start positions per trial: 0 to 0
2026-02-16 06:19:46,674 - INFO -   Total samples: 600 (600 trials × 1 positions)
2026-02-16 06:20:00,178 - INFO - BinnedStimSpikeDataset initialized:
2026-02-16 06:20:00,178 - INFO -   input_bin_size_ms=10, output_bin_size_ms=10
2026-02-16 06:20:00,179 - INFO -   n_input_bins=60, n_output_bins=60
2026-02-16 06:20:00,179 - INFO -   output_offset=0, total_bins_input=60, total_bins_output=60
2026-02-16 06:20:00,179 - INFO -   Valid start positions per trial: 0 to 0
2026-02-16 06:20:00,179 - INFO -   Total samples: 1000 (1000 trials × 1 positions)
2026-02-16 06:20:00,179 - INFO - Samples — train: 3400, val: 600, test: 1000
2026-02-16 06:20:00,179 - INFO - Input channels: 105, Neurons: 63
2026-02-16 06:20:00,179 - INFO - Using Apple Silicon MPS acceleration
2026-02-16 06:20:00,202 - INFO - Model: CNN — 1,695,551 trainable params (1,695,551 total)
2026-02-16 06:20:00,203 - INFO - Starting training …
2026-02-16 06:20:07,175 - INFO - Epoch   1/50 | Train: 0.204785 | Val: 0.187968 | Corr: 0.242917 | LR: 1.00e-02
2026-02-16 06:20:07,201 - INFO -   ↳ Saved best model (val_corr=0.242917)
2026-02-16 06:20:13,942 - INFO - Epoch   2/50 | Train: 0.185516 | Val: 0.181588 | Corr: 0.283192 | LR: 1.00e-02
2026-02-16 06:20:13,974 - INFO -   ↳ Saved best model (val_corr=0.283192)
2026-02-16 06:20:20,820 - INFO - Epoch   3/50 | Train: 0.178653 | Val: 0.179410 | Corr: 0.302440 | LR: 1.00e-02
2026-02-16 06:20:20,849 - INFO -   ↳ Saved best model (val_corr=0.302440)
2026-02-16 06:20:27,796 - INFO - Epoch   4/50 | Train: 0.173559 | Val: 0.177016 | Corr: 0.317316 | LR: 1.00e-02
2026-02-16 06:20:27,819 - INFO -   ↳ Saved best model (val_corr=0.317316)
2026-02-16 06:20:34,490 - INFO - Epoch   5/50 | Train: 0.169463 | Val: 0.176670 | Corr: 0.320801 | LR: 1.00e-02
2026-02-16 06:20:34,513 - INFO -   ↳ Saved best model (val_corr=0.320801)
2026-02-16 06:20:41,323 - INFO - Epoch   6/50 | Train: 0.166253 | Val: 0.177039 | Corr: 0.323800 | LR: 1.00e-02
2026-02-16 06:20:41,389 - INFO -   ↳ Saved best model (val_corr=0.323800)
2026-02-16 06:20:48,101 - INFO - Epoch   7/50 | Train: 0.163596 | Val: 0.176939 | Corr: 0.323184 | LR: 1.00e-02
2026-02-16 06:20:54,942 - INFO - Epoch   8/50 | Train: 0.161466 | Val: 0.177066 | Corr: 0.324655 | LR: 1.00e-02
2026-02-16 06:20:54,976 - INFO -   ↳ Saved best model (val_corr=0.324655)
2026-02-16 06:21:01,850 - INFO - Epoch   9/50 | Train: 0.159816 | Val: 0.178453 | Corr: 0.322725 | LR: 1.00e-02
2026-02-16 06:21:08,407 - INFO - Epoch  10/50 | Train: 0.158083 | Val: 0.179606 | Corr: 0.319943 | LR: 1.00e-02
2026-02-16 06:21:15,128 - INFO - Epoch  11/50 | Train: 0.156875 | Val: 0.180252 | Corr: 0.319709 | LR: 5.00e-03
2026-02-16 06:21:21,673 - INFO - Epoch  12/50 | Train: 0.152967 | Val: 0.182011 | Corr: 0.321365 | LR: 5.00e-03
2026-02-16 06:21:28,523 - INFO - Epoch  13/50 | Train: 0.150797 | Val: 0.183517 | Corr: 0.318049 | LR: 5.00e-03
2026-02-16 06:21:34,514 - INFO - Epoch  14/50 | Train: 0.149737 | Val: 0.184059 | Corr: 0.316264 | LR: 5.00e-03
2026-02-16 06:21:41,563 - INFO - Epoch  15/50 | Train: 0.148863 | Val: 0.186284 | Corr: 0.315851 | LR: 5.00e-03
2026-02-16 06:21:48,259 - INFO - Epoch  16/50 | Train: 0.148290 | Val: 0.189051 | Corr: 0.313670 | LR: 5.00e-03
2026-02-16 06:21:55,350 - INFO - Epoch  17/50 | Train: 0.147619 | Val: 0.187061 | Corr: 0.312002 | LR: 2.50e-03
2026-02-16 06:22:02,133 - INFO - Epoch  18/50 | Train: 0.145515 | Val: 0.189712 | Corr: 0.311357 | LR: 2.50e-03
2026-02-16 06:22:02,133 - INFO - Early stopping at epoch 18
2026-02-16 06:22:02,133 - INFO - Training complete — best val corr: 0.324655
2026-02-16 06:22:02,637 - INFO - Test loss: 0.167347, Test corr: 0.322138
2026-02-16 06:22:02,972 - INFO - Generating figures …
2026-02-16 06:22:03,173 - INFO - Correlation between predicted and actual per-neuron averages: r=0.9841, p=1.81e-47
2026-02-16 06:22:03,947 - INFO - Pattern selectivity summary:
2026-02-16 06:22:03,947 - INFO -   Mean correlation across neurons: 0.5917
2026-02-16 06:22:03,947 - INFO -   Median correlation: 0.6231
2026-02-16 06:22:03,947 - INFO -   Neurons with r > 0.5: 43 / 63
2026-02-16 06:22:03,947 - INFO -   Neurons with r > 0.3: 60 / 63
2026-02-16 06:22:03,947 - INFO - Pattern selectivity — mean neuron corr: 0.5917
2026-02-16 06:22:04,688 - INFO - LOO baseline — Model mean r: 0.4988, LOO mean r: 0.4728, Neurons model > LOO: 32/63
2026-02-16 06:22:04,688 - INFO - Skipping oracle trial plots (skip_oracle_plots=True)
2026-02-16 06:22:04,688 - INFO - Experiment complete. Summary: {
  "run_dir": "results/base_cnn_kernel_sweep_2026-02-15_19-39-07/trial_0215_learning_rate=0.01",
  "model_type": "cnn",
  "test_loss": 0.16734655106067658,
  "test_corr": 0.3221382812516752,
  "best_val_corr": 0.3246549795133266,
  "total_params": 1695551,
  "trainable_params": 1695551,
  "epochs_trained": 18,
  "mean_pattern_corr": 0.5916565830832589,
  "loo_mean_corr": 0.47275709111471625,
  "model_sample_mean_corr": 0.4988174442454465,
  "neurons_model_beats_loo": 32
}
2026-02-16 06:22:04,720 - INFO - 
Saved 216 results to results/base_cnn_kernel_sweep_2026-02-15_19-39-07/sweep_results.csv
2026-02-16 06:22:04,721 - INFO - 
======================================================================
2026-02-16 06:22:04,721 - INFO - LEADERBOARD
2026-02-16 06:22:04,721 - INFO - ======================================================================
2026-02-16 06:22:04,721 - INFO -   trial_0050_learning_rate=1.0e-03: test_corr=0.366426
2026-02-16 06:22:04,721 - INFO -   trial_0059_learning_rate=1.0e-03: test_corr=0.366179
2026-02-16 06:22:04,721 - INFO -   trial_0053_learning_rate=1.0e-03: test_corr=0.365902
2026-02-16 06:22:04,721 - INFO -   trial_0095_learning_rate=1.0e-03: test_corr=0.365015
2026-02-16 06:22:04,721 - INFO -   trial_0056_learning_rate=1.0e-03: test_corr=0.364240
2026-02-16 06:22:04,722 - INFO -   trial_0086_learning_rate=1.0e-03: test_corr=0.363559
2026-02-16 06:22:04,722 - INFO -   trial_0089_learning_rate=1.0e-03: test_corr=0.362996
2026-02-16 06:22:04,722 - INFO -   trial_0122_learning_rate=1.0e-03: test_corr=0.362975
2026-02-16 06:22:04,722 - INFO -   trial_0125_learning_rate=1.0e-03: test_corr=0.362430
2026-02-16 06:22:04,722 - INFO -   trial_0131_learning_rate=1.0e-03: test_corr=0.361958
2026-02-16 06:22:04,722 - INFO - ======================================================================
2026-02-16 06:22:04,722 - INFO - Best config saved to results/base_cnn_kernel_sweep_2026-02-15_19-39-07/best_config.yaml
2026-02-16 06:22:04,723 - INFO - Re-running best model with oracle plots in results/base_cnn_kernel_sweep_2026-02-15_19-39-07/trial_0050_learning_rate=1.0e-03 …
