2026-03-03 21:43:46,723 - INFO - ============================================================
2026-03-03 21:43:46,724 - INFO - Experiment run directory: /scratch/sb272/patterns5k_results/slurm_hist_cnn_2026-03-03_15-13-01/trial_0223_learning_rate=1.0e-03_history=2_kernel_sizes=10x5x3_conv_channels=256x128x64_fc_dims=256_seed0
2026-03-03 21:43:46,724 - INFO - ============================================================
2026-03-03 21:43:46,724 - INFO - Loading data …
2026-03-03 21:43:47,859 - INFO - 63 unique neurons after dropping problematic neurons
2026-03-03 21:43:48,649 - INFO - Stimulation channels: 42, Spiking neurons: 63
2026-03-03 21:44:54,687 - INFO - Unique patterns: 4050, Total trials: 5000
2026-03-03 21:44:54,689 - INFO - Stimulation channels: 42, Spiking neurons: 63
2026-03-03 21:44:54,689 - INFO - Unique patterns: 4050, Total trials: 5000
2026-03-03 21:44:54,700 - INFO - Split (oracle): train=3400, val=600, test=1000
2026-03-03 21:45:08,912 - INFO - BinnedStimSpikeDataset initialized:
2026-03-03 21:45:08,912 - INFO -   input_bin_size_ms=10, output_bin_size_ms=10
2026-03-03 21:45:08,912 - INFO -   n_input_bins=60, n_output_bins=60
2026-03-03 21:45:08,912 - INFO -   output_offset=0, total_bins_input=60, total_bins_output=60
2026-03-03 21:45:08,912 - INFO -   Valid start positions per trial: 0 to 0
2026-03-03 21:45:08,912 - INFO -   Total samples: 3400 (3400 trials × 1 positions)
2026-03-03 21:45:22,621 - INFO - BinnedStimSpikeDataset initialized:
2026-03-03 21:45:22,622 - INFO -   input_bin_size_ms=10, output_bin_size_ms=10
2026-03-03 21:45:22,622 - INFO -   n_input_bins=60, n_output_bins=60
2026-03-03 21:45:22,622 - INFO -   output_offset=0, total_bins_input=60, total_bins_output=60
2026-03-03 21:45:22,622 - INFO -   Valid start positions per trial: 0 to 0
2026-03-03 21:45:22,622 - INFO -   Total samples: 600 (600 trials × 1 positions)
2026-03-03 21:45:36,438 - INFO - BinnedStimSpikeDataset initialized:
2026-03-03 21:45:36,438 - INFO -   input_bin_size_ms=10, output_bin_size_ms=10
2026-03-03 21:45:36,438 - INFO -   n_input_bins=60, n_output_bins=60
2026-03-03 21:45:36,438 - INFO -   output_offset=0, total_bins_input=60, total_bins_output=60
2026-03-03 21:45:36,438 - INFO -   Valid start positions per trial: 0 to 0
2026-03-03 21:45:36,438 - INFO -   Total samples: 1000 (1000 trials × 1 positions)
2026-03-03 21:45:36,438 - INFO - Samples — train: 3400, val: 600, test: 1000
2026-03-03 21:45:36,439 - INFO - Input channels: 105, Neurons: 63
2026-03-03 21:45:36,469 - INFO - Using CPU
2026-03-03 21:45:36,486 - INFO - Model: CNN — 491,391 trainable params (491,391 total)
2026-03-03 21:45:43,865 - INFO - Starting training …
2026-03-03 21:45:50,204 - INFO - Epoch   1/50 | Train: 0.219821 | Val: 0.179039 | Corr: 0.128904 | LR: 1.00e-03
2026-03-03 21:45:50,226 - INFO -   ↳ Saved best model (val_corr=0.128904)
2026-03-03 21:45:56,006 - INFO - Epoch   2/50 | Train: 0.175098 | Val: 0.174392 | Corr: 0.158031 | LR: 1.00e-03
2026-03-03 21:45:56,021 - INFO -   ↳ Saved best model (val_corr=0.158031)
2026-03-03 21:46:01,785 - INFO - Epoch   3/50 | Train: 0.171473 | Val: 0.172041 | Corr: 0.174132 | LR: 1.00e-03
2026-03-03 21:46:01,801 - INFO -   ↳ Saved best model (val_corr=0.174132)
2026-03-03 21:46:07,546 - INFO - Epoch   4/50 | Train: 0.169034 | Val: 0.170321 | Corr: 0.183215 | LR: 1.00e-03
2026-03-03 21:46:07,571 - INFO -   ↳ Saved best model (val_corr=0.183215)
2026-03-03 21:46:13,356 - INFO - Epoch   5/50 | Train: 0.167144 | Val: 0.169971 | Corr: 0.188040 | LR: 1.00e-03
2026-03-03 21:46:13,415 - INFO -   ↳ Saved best model (val_corr=0.188040)
2026-03-03 21:46:19,329 - INFO - Epoch   6/50 | Train: 0.165597 | Val: 0.168793 | Corr: 0.194768 | LR: 1.00e-03
2026-03-03 21:46:19,346 - INFO -   ↳ Saved best model (val_corr=0.194768)
2026-03-03 21:46:25,217 - INFO - Epoch   7/50 | Train: 0.164230 | Val: 0.168568 | Corr: 0.198164 | LR: 1.00e-03
2026-03-03 21:46:25,233 - INFO -   ↳ Saved best model (val_corr=0.198164)
2026-03-03 21:46:31,050 - INFO - Epoch   8/50 | Train: 0.163118 | Val: 0.168415 | Corr: 0.200509 | LR: 1.00e-03
2026-03-03 21:46:31,091 - INFO -   ↳ Saved best model (val_corr=0.200509)
2026-03-03 21:46:36,999 - INFO - Epoch   9/50 | Train: 0.162021 | Val: 0.168071 | Corr: 0.204594 | LR: 1.00e-03
2026-03-03 21:46:37,013 - INFO -   ↳ Saved best model (val_corr=0.204594)
2026-03-03 21:46:42,897 - INFO - Epoch  10/50 | Train: 0.161145 | Val: 0.167253 | Corr: 0.208060 | LR: 1.00e-03
2026-03-03 21:46:42,912 - INFO -   ↳ Saved best model (val_corr=0.208060)
2026-03-03 21:46:48,784 - INFO - Epoch  11/50 | Train: 0.160269 | Val: 0.166776 | Corr: 0.211047 | LR: 1.00e-03
2026-03-03 21:46:48,802 - INFO -   ↳ Saved best model (val_corr=0.211047)
2026-03-03 21:46:54,694 - INFO - Epoch  12/50 | Train: 0.159478 | Val: 0.166627 | Corr: 0.213594 | LR: 1.00e-03
2026-03-03 21:46:54,717 - INFO -   ↳ Saved best model (val_corr=0.213594)
2026-03-03 21:47:00,533 - INFO - Epoch  13/50 | Train: 0.158659 | Val: 0.166262 | Corr: 0.216386 | LR: 1.00e-03
2026-03-03 21:47:00,554 - INFO -   ↳ Saved best model (val_corr=0.216386)
2026-03-03 21:47:06,315 - INFO - Epoch  14/50 | Train: 0.157975 | Val: 0.166285 | Corr: 0.218234 | LR: 1.00e-03
2026-03-03 21:47:06,328 - INFO -   ↳ Saved best model (val_corr=0.218234)
2026-03-03 21:47:12,061 - INFO - Epoch  15/50 | Train: 0.157494 | Val: 0.167101 | Corr: 0.217502 | LR: 1.00e-03
2026-03-03 21:47:17,861 - INFO - Epoch  16/50 | Train: 0.156908 | Val: 0.166237 | Corr: 0.220564 | LR: 1.00e-03
2026-03-03 21:47:17,876 - INFO -   ↳ Saved best model (val_corr=0.220564)
2026-03-03 21:47:23,621 - INFO - Epoch  17/50 | Train: 0.156436 | Val: 0.166122 | Corr: 0.221936 | LR: 1.00e-03
2026-03-03 21:47:23,642 - INFO -   ↳ Saved best model (val_corr=0.221936)
2026-03-03 21:47:29,525 - INFO - Epoch  18/50 | Train: 0.155885 | Val: 0.166099 | Corr: 0.222338 | LR: 1.00e-03
2026-03-03 21:47:29,540 - INFO -   ↳ Saved best model (val_corr=0.222338)
2026-03-03 21:47:35,446 - INFO - Epoch  19/50 | Train: 0.155464 | Val: 0.166467 | Corr: 0.223978 | LR: 1.00e-03
2026-03-03 21:47:35,463 - INFO -   ↳ Saved best model (val_corr=0.223978)
2026-03-03 21:47:41,383 - INFO - Epoch  20/50 | Train: 0.155060 | Val: 0.166300 | Corr: 0.223960 | LR: 1.00e-03
2026-03-03 21:47:47,288 - INFO - Epoch  21/50 | Train: 0.154615 | Val: 0.166435 | Corr: 0.224316 | LR: 1.00e-03
2026-03-03 21:47:47,305 - INFO -   ↳ Saved best model (val_corr=0.224316)
2026-03-03 21:47:53,104 - INFO - Epoch  22/50 | Train: 0.154278 | Val: 0.166453 | Corr: 0.225727 | LR: 1.00e-03
2026-03-03 21:47:53,117 - INFO -   ↳ Saved best model (val_corr=0.225727)
2026-03-03 21:47:58,983 - INFO - Epoch  23/50 | Train: 0.153963 | Val: 0.166596 | Corr: 0.225761 | LR: 1.00e-03
2026-03-03 21:47:59,001 - INFO -   ↳ Saved best model (val_corr=0.225761)
2026-03-03 21:48:04,848 - INFO - Epoch  24/50 | Train: 0.153579 | Val: 0.166738 | Corr: 0.226720 | LR: 5.00e-04
2026-03-03 21:48:04,881 - INFO -   ↳ Saved best model (val_corr=0.226720)
2026-03-03 21:48:10,711 - INFO - Epoch  25/50 | Train: 0.152310 | Val: 0.166282 | Corr: 0.228550 | LR: 5.00e-04
2026-03-03 21:48:10,731 - INFO -   ↳ Saved best model (val_corr=0.228550)
2026-03-03 21:48:16,553 - INFO - Epoch  26/50 | Train: 0.151800 | Val: 0.166680 | Corr: 0.228172 | LR: 5.00e-04
2026-03-03 21:48:22,513 - INFO - Epoch  27/50 | Train: 0.151532 | Val: 0.166687 | Corr: 0.228046 | LR: 5.00e-04
2026-03-03 21:48:28,440 - INFO - Epoch  28/50 | Train: 0.151269 | Val: 0.167106 | Corr: 0.228382 | LR: 5.00e-04
2026-03-03 21:48:34,268 - INFO - Epoch  29/50 | Train: 0.151097 | Val: 0.166679 | Corr: 0.227464 | LR: 5.00e-04
2026-03-03 21:48:40,164 - INFO - Epoch  30/50 | Train: 0.150906 | Val: 0.166797 | Corr: 0.228615 | LR: 2.50e-04
2026-03-03 21:48:40,188 - INFO -   ↳ Saved best model (val_corr=0.228615)
2026-03-03 21:48:46,024 - INFO - Epoch  31/50 | Train: 0.150227 | Val: 0.166985 | Corr: 0.228025 | LR: 2.50e-04
2026-03-03 21:48:51,889 - INFO - Epoch  32/50 | Train: 0.150079 | Val: 0.167344 | Corr: 0.228465 | LR: 2.50e-04
2026-03-03 21:48:57,720 - INFO - Epoch  33/50 | Train: 0.149819 | Val: 0.167383 | Corr: 0.227419 | LR: 2.50e-04
2026-03-03 21:49:03,529 - INFO - Epoch  34/50 | Train: 0.149760 | Val: 0.167410 | Corr: 0.228904 | LR: 2.50e-04
2026-03-03 21:49:03,545 - INFO -   ↳ Saved best model (val_corr=0.228904)
2026-03-03 21:49:09,389 - INFO - Epoch  35/50 | Train: 0.149492 | Val: 0.167714 | Corr: 0.228787 | LR: 2.50e-04
2026-03-03 21:49:15,152 - INFO - Epoch  36/50 | Train: 0.149403 | Val: 0.167511 | Corr: 0.228811 | LR: 1.25e-04
2026-03-03 21:49:20,842 - INFO - Epoch  37/50 | Train: 0.149124 | Val: 0.167536 | Corr: 0.229335 | LR: 1.25e-04
2026-03-03 21:49:20,871 - INFO -   ↳ Saved best model (val_corr=0.229335)
2026-03-03 21:49:26,612 - INFO - Epoch  38/50 | Train: 0.149031 | Val: 0.167507 | Corr: 0.228740 | LR: 1.25e-04
2026-03-03 21:49:32,366 - INFO - Epoch  39/50 | Train: 0.148901 | Val: 0.167911 | Corr: 0.228770 | LR: 1.25e-04
2026-03-03 21:49:38,108 - INFO - Epoch  40/50 | Train: 0.148899 | Val: 0.167591 | Corr: 0.227567 | LR: 1.25e-04
2026-03-03 21:49:43,780 - INFO - Epoch  41/50 | Train: 0.148766 | Val: 0.168022 | Corr: 0.228890 | LR: 1.25e-04
2026-03-03 21:49:49,542 - INFO - Epoch  42/50 | Train: 0.148744 | Val: 0.167721 | Corr: 0.228250 | LR: 6.25e-05
2026-03-03 21:49:55,281 - INFO - Epoch  43/50 | Train: 0.148597 | Val: 0.168106 | Corr: 0.229007 | LR: 6.25e-05
2026-03-03 21:50:01,100 - INFO - Epoch  44/50 | Train: 0.148535 | Val: 0.167742 | Corr: 0.228480 | LR: 6.25e-05
2026-03-03 21:50:06,868 - INFO - Epoch  45/50 | Train: 0.148473 | Val: 0.167933 | Corr: 0.229253 | LR: 6.25e-05
2026-03-03 21:50:12,605 - INFO - Epoch  46/50 | Train: 0.148446 | Val: 0.167918 | Corr: 0.228178 | LR: 6.25e-05
2026-03-03 21:50:18,459 - INFO - Epoch  47/50 | Train: 0.148430 | Val: 0.167636 | Corr: 0.228502 | LR: 6.25e-05
2026-03-03 21:50:18,459 - INFO - Early stopping at epoch 47
2026-03-03 21:50:18,459 - INFO - Training complete — best val corr: 0.229335
2026-03-03 21:50:19,626 - INFO - Test loss: 0.156485, Test corr: 0.222846
2026-03-03 21:50:20,170 - INFO - Fraction of variance explained (FVE): 0.059799
2026-03-03 21:50:20,170 - INFO - Computing autoregressive (AR) test predictions …
2026-03-03 21:50:20,813 - INFO - AR FVE: -0.014268, AR test corr: 0.058736
2026-03-03 21:50:20,813 - INFO - Generating figures …
2026-03-03 21:50:21,168 - INFO - Correlation between predicted and actual per-neuron averages: r=0.9917, p=0.00e+00
2026-03-03 21:50:22,687 - INFO - Pattern selectivity summary:
2026-03-03 21:50:22,688 - INFO -   Mean correlation across neurons: 0.6727
2026-03-03 21:50:22,688 - INFO -   Median correlation: 0.6758
2026-03-03 21:50:22,688 - INFO -   Neurons with r > 0.5: 54 / 63
2026-03-03 21:50:22,688 - INFO -   Neurons with r > 0.3: 62 / 63
2026-03-03 21:50:22,688 - INFO - Pattern selectivity — mean neuron corr: 0.6727
2026-03-03 21:50:23,943 - INFO - LOO (avg rate) — Model mean r: 0.5469, LOO mean r: 0.4546, Neurons model > LOO: 46/63
2026-03-03 21:50:25,595 - INFO - LOO (temporal) — Model mean r: 0.2334, LOO mean r: 0.3186, Neurons model > LOO: 9/63
2026-03-03 21:50:25,595 - INFO - Skipping oracle trial plots (skip_oracle_plots=True)
2026-03-03 21:50:25,603 - INFO - Experiment complete. Summary: {
  "run_dir": "/scratch/sb272/patterns5k_results/slurm_hist_cnn_2026-03-03_15-13-01/trial_0223_learning_rate=1.0e-03_history=2_kernel_sizes=10x5x3_conv_channels=256x128x64_fc_dims=256_seed0",
  "model_type": "cnn",
  "batch_avg_test_loss": 0.15648479509353638,
  "batch_avg_test_corr": 0.22284593256117757,
  "all_test_fve": 0.05979896537841312,
  "AR_FVE": -0.014267626262846448,
  "AR_test_correlation": 0.058735959231853485,
  "best_val_corr": 0.22933538054740804,
  "total_params": 491391,
  "trainable_params": 491391,
  "epochs_trained": 47,
  "mean_pattern_corr": 0.6727313750263433,
  "history": 2,
  "init_state": true,
  "loo_avg_mean_corr": 0.45456832695830385,
  "model_avg_mean_corr": 0.5468519885638425,
  "neurons_model_beats_loo_avg": 46,
  "loo_temporal_mean_corr": 0.31855225563049316,
  "all_test_corr": 0.23338934779167175,
  "neurons_model_beats_loo_temporal": 9,
  "kernel_sizes": [
    10,
    5,
    3
  ],
  "conv_channels": [
    256,
    128,
    64
  ],
  "fc_dims": [
    256
  ]
}
