2026-03-05 18:54:43,055 - INFO - ============================================================
2026-03-05 18:54:43,055 - INFO - Experiment run directory: /scratch/sb272/patterns5k_results/slurm_hist_cnn_2026-03-05_16-01-45/trial_0256_learning_rate=5.0e-04_history=5_kernel_sizes=3x3_conv_channels=64x128_fc_dims=256_seed0
2026-03-05 18:54:43,055 - INFO - ============================================================
2026-03-05 18:54:43,055 - INFO - Loading data …
2026-03-05 18:54:43,962 - INFO - 63 unique neurons after dropping problematic neurons
2026-03-05 18:54:45,163 - INFO - Stimulation channels: 42, Spiking neurons: 63
2026-03-05 18:56:45,191 - INFO - Unique patterns: 4050, Total trials: 5000
2026-03-05 18:56:45,192 - INFO - Stimulation channels: 42, Spiking neurons: 63
2026-03-05 18:56:45,193 - INFO - Unique patterns: 4050, Total trials: 5000
2026-03-05 18:56:45,209 - INFO - Split (oracle): train=3400, val=600, test=1000
2026-03-05 18:57:08,976 - INFO - BinnedStimSpikeDataset initialized:
2026-03-05 18:57:08,977 - INFO -   input_bin_size_ms=10, output_bin_size_ms=10
2026-03-05 18:57:08,977 - INFO -   n_input_bins=60, n_output_bins=60
2026-03-05 18:57:08,977 - INFO -   output_offset=0, total_bins_input=60, total_bins_output=60
2026-03-05 18:57:08,977 - INFO -   Valid start positions per trial: 0 to 0
2026-03-05 18:57:08,977 - INFO -   Total samples: 3400 (3400 trials × 1 positions)
2026-03-05 18:57:32,411 - INFO - BinnedStimSpikeDataset initialized:
2026-03-05 18:57:32,411 - INFO -   input_bin_size_ms=10, output_bin_size_ms=10
2026-03-05 18:57:32,411 - INFO -   n_input_bins=60, n_output_bins=60
2026-03-05 18:57:32,411 - INFO -   output_offset=0, total_bins_input=60, total_bins_output=60
2026-03-05 18:57:32,411 - INFO -   Valid start positions per trial: 0 to 0
2026-03-05 18:57:32,411 - INFO -   Total samples: 600 (600 trials × 1 positions)
2026-03-05 18:57:55,809 - INFO - BinnedStimSpikeDataset initialized:
2026-03-05 18:57:55,810 - INFO -   input_bin_size_ms=10, output_bin_size_ms=10
2026-03-05 18:57:55,810 - INFO -   n_input_bins=60, n_output_bins=60
2026-03-05 18:57:55,810 - INFO -   output_offset=0, total_bins_input=60, total_bins_output=60
2026-03-05 18:57:55,810 - INFO -   Valid start positions per trial: 0 to 0
2026-03-05 18:57:55,810 - INFO -   Total samples: 1000 (1000 trials × 1 positions)
2026-03-05 18:57:55,810 - INFO - Samples — train: 3400, val: 600, test: 1000
2026-03-05 18:57:55,810 - INFO - Input channels: 105, Neurons: 63
2026-03-05 18:57:55,828 - INFO - Using CPU
2026-03-05 18:57:55,832 - INFO - Model: CNN — 94,527 trainable params (94,527 total)
2026-03-05 18:57:58,993 - INFO - Starting training …
2026-03-05 18:58:03,697 - INFO - Epoch   1/50 | Train: 0.245760 | Val: 0.188813 | Corr: 0.067335 | LR: 5.00e-04
2026-03-05 18:58:03,706 - INFO -   ↳ Saved best model (val_corr=0.067335)
2026-03-05 18:58:07,264 - INFO - Epoch   2/50 | Train: 0.184826 | Val: 0.187033 | Corr: 0.077534 | LR: 5.00e-04
2026-03-05 18:58:07,272 - INFO -   ↳ Saved best model (val_corr=0.077534)
2026-03-05 18:58:10,948 - INFO - Epoch   3/50 | Train: 0.182963 | Val: 0.185918 | Corr: 0.085453 | LR: 5.00e-04
2026-03-05 18:58:10,960 - INFO -   ↳ Saved best model (val_corr=0.085453)
2026-03-05 18:58:14,585 - INFO - Epoch   4/50 | Train: 0.181666 | Val: 0.183683 | Corr: 0.090037 | LR: 5.00e-04
2026-03-05 18:58:14,594 - INFO -   ↳ Saved best model (val_corr=0.090037)
2026-03-05 18:58:18,180 - INFO - Epoch   5/50 | Train: 0.180688 | Val: 0.186760 | Corr: 0.095790 | LR: 5.00e-04
2026-03-05 18:58:18,189 - INFO -   ↳ Saved best model (val_corr=0.095790)
2026-03-05 18:58:21,787 - INFO - Epoch   6/50 | Train: 0.179969 | Val: 0.183937 | Corr: 0.098800 | LR: 5.00e-04
2026-03-05 18:58:21,794 - INFO -   ↳ Saved best model (val_corr=0.098800)
2026-03-05 18:58:25,333 - INFO - Epoch   7/50 | Train: 0.179267 | Val: 0.182667 | Corr: 0.103993 | LR: 5.00e-04
2026-03-05 18:58:25,341 - INFO -   ↳ Saved best model (val_corr=0.103993)
2026-03-05 18:58:28,935 - INFO - Epoch   8/50 | Train: 0.178749 | Val: 0.182307 | Corr: 0.106299 | LR: 5.00e-04
2026-03-05 18:58:28,943 - INFO -   ↳ Saved best model (val_corr=0.106299)
2026-03-05 18:58:32,523 - INFO - Epoch   9/50 | Train: 0.178190 | Val: 0.183424 | Corr: 0.110417 | LR: 5.00e-04
2026-03-05 18:58:32,530 - INFO -   ↳ Saved best model (val_corr=0.110417)
2026-03-05 18:58:36,074 - INFO - Epoch  10/50 | Train: 0.177844 | Val: 0.182804 | Corr: 0.112665 | LR: 5.00e-04
2026-03-05 18:58:36,082 - INFO -   ↳ Saved best model (val_corr=0.112665)
2026-03-05 18:58:39,690 - INFO - Epoch  11/50 | Train: 0.177506 | Val: 0.181497 | Corr: 0.115474 | LR: 5.00e-04
2026-03-05 18:58:39,698 - INFO -   ↳ Saved best model (val_corr=0.115474)
2026-03-05 18:58:43,282 - INFO - Epoch  12/50 | Train: 0.177099 | Val: 0.182432 | Corr: 0.119619 | LR: 5.00e-04
2026-03-05 18:58:43,292 - INFO -   ↳ Saved best model (val_corr=0.119619)
2026-03-05 18:58:46,819 - INFO - Epoch  13/50 | Train: 0.176761 | Val: 0.181712 | Corr: 0.120650 | LR: 5.00e-04
2026-03-05 18:58:46,827 - INFO -   ↳ Saved best model (val_corr=0.120650)
2026-03-05 18:58:50,351 - INFO - Epoch  14/50 | Train: 0.176580 | Val: 0.181121 | Corr: 0.122559 | LR: 5.00e-04
2026-03-05 18:58:50,359 - INFO -   ↳ Saved best model (val_corr=0.122559)
2026-03-05 18:58:54,015 - INFO - Epoch  15/50 | Train: 0.176326 | Val: 0.180895 | Corr: 0.126309 | LR: 5.00e-04
2026-03-05 18:58:54,024 - INFO -   ↳ Saved best model (val_corr=0.126309)
2026-03-05 18:58:57,546 - INFO - Epoch  16/50 | Train: 0.176084 | Val: 0.180035 | Corr: 0.128671 | LR: 5.00e-04
2026-03-05 18:58:57,554 - INFO -   ↳ Saved best model (val_corr=0.128671)
2026-03-05 18:59:01,183 - INFO - Epoch  17/50 | Train: 0.175884 | Val: 0.183144 | Corr: 0.128874 | LR: 5.00e-04
2026-03-05 18:59:01,190 - INFO -   ↳ Saved best model (val_corr=0.128874)
2026-03-05 18:59:04,836 - INFO - Epoch  18/50 | Train: 0.175697 | Val: 0.179832 | Corr: 0.130201 | LR: 5.00e-04
2026-03-05 18:59:04,847 - INFO -   ↳ Saved best model (val_corr=0.130201)
2026-03-05 18:59:08,434 - INFO - Epoch  19/50 | Train: 0.175501 | Val: 0.179597 | Corr: 0.133780 | LR: 5.00e-04
2026-03-05 18:59:08,449 - INFO -   ↳ Saved best model (val_corr=0.133780)
2026-03-05 18:59:12,037 - INFO - Epoch  20/50 | Train: 0.175349 | Val: 0.180926 | Corr: 0.134877 | LR: 5.00e-04
2026-03-05 18:59:12,047 - INFO -   ↳ Saved best model (val_corr=0.134877)
2026-03-05 18:59:15,675 - INFO - Epoch  21/50 | Train: 0.175199 | Val: 0.179015 | Corr: 0.135369 | LR: 5.00e-04
2026-03-05 18:59:15,686 - INFO -   ↳ Saved best model (val_corr=0.135369)
2026-03-05 18:59:19,258 - INFO - Epoch  22/50 | Train: 0.175044 | Val: 0.181739 | Corr: 0.135564 | LR: 5.00e-04
2026-03-05 18:59:19,270 - INFO -   ↳ Saved best model (val_corr=0.135564)
2026-03-05 18:59:22,840 - INFO - Epoch  23/50 | Train: 0.174866 | Val: 0.179433 | Corr: 0.138029 | LR: 5.00e-04
2026-03-05 18:59:22,847 - INFO -   ↳ Saved best model (val_corr=0.138029)
2026-03-05 18:59:26,373 - INFO - Epoch  24/50 | Train: 0.174839 | Val: 0.180104 | Corr: 0.139869 | LR: 5.00e-04
2026-03-05 18:59:26,380 - INFO -   ↳ Saved best model (val_corr=0.139869)
2026-03-05 18:59:29,965 - INFO - Epoch  25/50 | Train: 0.174635 | Val: 0.179345 | Corr: 0.139558 | LR: 5.00e-04
2026-03-05 18:59:33,533 - INFO - Epoch  26/50 | Train: 0.174558 | Val: 0.179102 | Corr: 0.140095 | LR: 5.00e-04
2026-03-05 18:59:33,542 - INFO -   ↳ Saved best model (val_corr=0.140095)
2026-03-05 18:59:37,127 - INFO - Epoch  27/50 | Train: 0.174407 | Val: 0.179145 | Corr: 0.140583 | LR: 2.50e-04
2026-03-05 18:59:37,137 - INFO -   ↳ Saved best model (val_corr=0.140583)
2026-03-05 18:59:40,680 - INFO - Epoch  28/50 | Train: 0.173971 | Val: 0.178543 | Corr: 0.141289 | LR: 2.50e-04
2026-03-05 18:59:40,688 - INFO -   ↳ Saved best model (val_corr=0.141289)
2026-03-05 18:59:44,495 - INFO - Epoch  29/50 | Train: 0.173900 | Val: 0.178588 | Corr: 0.142408 | LR: 2.50e-04
2026-03-05 18:59:44,503 - INFO -   ↳ Saved best model (val_corr=0.142408)
2026-03-05 18:59:48,040 - INFO - Epoch  30/50 | Train: 0.173874 | Val: 0.178369 | Corr: 0.142316 | LR: 2.50e-04
2026-03-05 18:59:51,616 - INFO - Epoch  31/50 | Train: 0.173805 | Val: 0.178268 | Corr: 0.142561 | LR: 2.50e-04
2026-03-05 18:59:51,627 - INFO -   ↳ Saved best model (val_corr=0.142561)
2026-03-05 18:59:55,263 - INFO - Epoch  32/50 | Train: 0.173790 | Val: 0.178347 | Corr: 0.142252 | LR: 2.50e-04
2026-03-05 18:59:58,854 - INFO - Epoch  33/50 | Train: 0.173730 | Val: 0.178474 | Corr: 0.143334 | LR: 2.50e-04
2026-03-05 18:59:58,865 - INFO -   ↳ Saved best model (val_corr=0.143334)
2026-03-05 19:00:02,415 - INFO - Epoch  34/50 | Train: 0.173635 | Val: 0.178815 | Corr: 0.143994 | LR: 2.50e-04
2026-03-05 19:00:02,424 - INFO -   ↳ Saved best model (val_corr=0.143994)
2026-03-05 19:00:05,981 - INFO - Epoch  35/50 | Train: 0.173561 | Val: 0.178367 | Corr: 0.144386 | LR: 2.50e-04
2026-03-05 19:00:05,990 - INFO -   ↳ Saved best model (val_corr=0.144386)
2026-03-05 19:00:09,526 - INFO - Epoch  36/50 | Train: 0.173494 | Val: 0.178727 | Corr: 0.143747 | LR: 2.50e-04
2026-03-05 19:00:13,087 - INFO - Epoch  37/50 | Train: 0.173566 | Val: 0.178944 | Corr: 0.143941 | LR: 1.25e-04
2026-03-05 19:00:16,648 - INFO - Epoch  38/50 | Train: 0.173288 | Val: 0.178767 | Corr: 0.144717 | LR: 1.25e-04
2026-03-05 19:00:16,656 - INFO -   ↳ Saved best model (val_corr=0.144717)
2026-03-05 19:00:20,230 - INFO - Epoch  39/50 | Train: 0.173229 | Val: 0.178304 | Corr: 0.144500 | LR: 1.25e-04
2026-03-05 19:00:23,818 - INFO - Epoch  40/50 | Train: 0.173249 | Val: 0.178333 | Corr: 0.144597 | LR: 1.25e-04
2026-03-05 19:00:27,383 - INFO - Epoch  41/50 | Train: 0.173219 | Val: 0.178551 | Corr: 0.144562 | LR: 1.25e-04
2026-03-05 19:00:30,911 - INFO - Epoch  42/50 | Train: 0.173146 | Val: 0.178142 | Corr: 0.144222 | LR: 1.25e-04
2026-03-05 19:00:34,410 - INFO - Epoch  43/50 | Train: 0.173111 | Val: 0.178171 | Corr: 0.144855 | LR: 1.25e-04
2026-03-05 19:00:34,419 - INFO -   ↳ Saved best model (val_corr=0.144855)
2026-03-05 19:00:38,108 - INFO - Epoch  44/50 | Train: 0.173083 | Val: 0.178566 | Corr: 0.144769 | LR: 1.25e-04
2026-03-05 19:00:41,657 - INFO - Epoch  45/50 | Train: 0.173171 | Val: 0.178579 | Corr: 0.145073 | LR: 1.25e-04
2026-03-05 19:00:41,680 - INFO -   ↳ Saved best model (val_corr=0.145073)
2026-03-05 19:00:45,305 - INFO - Epoch  46/50 | Train: 0.173036 | Val: 0.178263 | Corr: 0.144641 | LR: 1.25e-04
2026-03-05 19:00:48,950 - INFO - Epoch  47/50 | Train: 0.173125 | Val: 0.178519 | Corr: 0.144949 | LR: 1.25e-04
2026-03-05 19:00:52,541 - INFO - Epoch  48/50 | Train: 0.173013 | Val: 0.178362 | Corr: 0.145019 | LR: 6.25e-05
2026-03-05 19:00:56,111 - INFO - Epoch  49/50 | Train: 0.172891 | Val: 0.178205 | Corr: 0.145057 | LR: 6.25e-05
2026-03-05 19:00:59,645 - INFO - Epoch  50/50 | Train: 0.172869 | Val: 0.178523 | Corr: 0.145003 | LR: 6.25e-05
2026-03-05 19:00:59,645 - INFO - Training complete — best val corr: 0.145073
2026-03-05 19:01:00,962 - INFO - Test loss: 0.167939, Test corr: 0.141955
2026-03-05 19:01:01,233 - INFO - Fraction of variance explained (FVE): 0.019368
2026-03-05 19:01:01,233 - INFO - Computing autoregressive (AR) test predictions …
2026-03-05 19:01:01,667 - INFO - AR FVE: 0.015661, AR test corr: 0.129560
2026-03-05 19:01:01,667 - INFO - Generating figures …
2026-03-05 19:01:02,150 - INFO - Correlation between predicted and actual per-neuron averages: r=0.9943, p=0.00e+00
2026-03-05 19:01:03,999 - INFO - Pattern selectivity summary:
2026-03-05 19:01:03,999 - INFO -   Mean correlation across neurons: 0.5298
2026-03-05 19:01:03,999 - INFO -   Median correlation: 0.5595
2026-03-05 19:01:03,999 - INFO -   Neurons with r > 0.5: 38 / 63
2026-03-05 19:01:03,999 - INFO -   Neurons with r > 0.3: 57 / 63
2026-03-05 19:01:03,999 - INFO - Pattern selectivity — mean neuron corr: 0.5298
2026-03-05 19:01:05,437 - INFO - LOO (avg rate) — Model mean r: 0.3738, LOO mean r: 0.4546, Neurons model > LOO: 12/63
2026-03-05 19:01:07,421 - INFO - LOO (temporal) — Model mean r: 0.1469, LOO mean r: 0.3186, Neurons model > LOO: 2/63
2026-03-05 19:01:07,421 - INFO - Skipping oracle trial plots (skip_oracle_plots=True)
2026-03-05 19:01:07,426 - INFO - Experiment complete. Summary: {
  "run_dir": "/scratch/sb272/patterns5k_results/slurm_hist_cnn_2026-03-05_16-01-45/trial_0256_learning_rate=5.0e-04_history=5_kernel_sizes=3x3_conv_channels=64x128_fc_dims=256_seed0",
  "model_type": "cnn",
  "batch_avg_test_loss": 0.16793895626068114,
  "batch_avg_test_corr": 0.14195467765279818,
  "all_test_fve": 0.019367669309888567,
  "AR_FVE": 0.015661079732198564,
  "AR_test_correlation": 0.1295602023601532,
  "best_val_corr": 0.14507296364301084,
  "total_params": 94527,
  "trainable_params": 94527,
  "epochs_trained": 50,
  "mean_pattern_corr": 0.5298231379785981,
  "history": 5,
  "init_state": true,
  "loo_avg_mean_corr": 0.45456832695830385,
  "model_avg_mean_corr": 0.3738228228366558,
  "neurons_model_beats_loo_avg": 12,
  "loo_temporal_mean_corr": 0.31855225563049316,
  "all_test_corr": 0.1469106823205948,
  "neurons_model_beats_loo_temporal": 2,
  "kernel_sizes": [
    3,
    3
  ],
  "conv_channels": [
    64,
    128
  ],
  "fc_dims": [
    256
  ]
}
