2026-02-25 05:27:39,719 - INFO - ============================================================
2026-02-25 05:27:39,719 - INFO - Experiment run directory: results/multilayer_cnn_nohist_sweep_v2_2026-02-24_22-05-22/trial_0173_history=30_kernel_sizes=5_conv_channels=256_fc_dims=256
2026-02-25 05:27:39,719 - INFO - ============================================================
2026-02-25 05:27:39,719 - INFO - Using preloaded raw data (skipping I/O)
2026-02-25 05:27:39,719 - INFO - Stimulation channels: 42, Spiking neurons: 63
2026-02-25 05:27:39,719 - INFO - Unique patterns: 4050, Total trials: 5000
2026-02-25 05:27:39,734 - INFO - Split (oracle): train=3400, val=600, test=1000
2026-02-25 05:27:54,416 - INFO - BinnedStimSpikeDataset initialized:
2026-02-25 05:27:54,417 - INFO -   input_bin_size_ms=10, output_bin_size_ms=10
2026-02-25 05:27:54,417 - INFO -   n_input_bins=60, n_output_bins=60
2026-02-25 05:27:54,417 - INFO -   output_offset=0, total_bins_input=60, total_bins_output=60
2026-02-25 05:27:54,421 - INFO -   Valid start positions per trial: 0 to 0
2026-02-25 05:27:54,421 - INFO -   Total samples: 3400 (3400 trials × 1 positions)
2026-02-25 05:28:07,939 - INFO - BinnedStimSpikeDataset initialized:
2026-02-25 05:28:07,939 - INFO -   input_bin_size_ms=10, output_bin_size_ms=10
2026-02-25 05:28:07,939 - INFO -   n_input_bins=60, n_output_bins=60
2026-02-25 05:28:07,939 - INFO -   output_offset=0, total_bins_input=60, total_bins_output=60
2026-02-25 05:28:07,939 - INFO -   Valid start positions per trial: 0 to 0
2026-02-25 05:28:07,939 - INFO -   Total samples: 600 (600 trials × 1 positions)
2026-02-25 05:28:21,652 - INFO - BinnedStimSpikeDataset initialized:
2026-02-25 05:28:21,653 - INFO -   input_bin_size_ms=10, output_bin_size_ms=10
2026-02-25 05:28:21,653 - INFO -   n_input_bins=60, n_output_bins=60
2026-02-25 05:28:21,653 - INFO -   output_offset=0, total_bins_input=60, total_bins_output=60
2026-02-25 05:28:21,653 - INFO -   Valid start positions per trial: 0 to 0
2026-02-25 05:28:21,653 - INFO -   Total samples: 1000 (1000 trials × 1 positions)
2026-02-25 05:28:21,654 - INFO - Samples — train: 3400, val: 600, test: 1000
2026-02-25 05:28:21,654 - INFO - Input channels: 105, Neurons: 63
2026-02-25 05:28:21,654 - INFO - Using Apple Silicon MPS acceleration
2026-02-25 05:28:21,671 - INFO - Model: CNN — 217,151 trainable params (217,151 total)
2026-02-25 05:28:21,671 - INFO - Starting training …
2026-02-25 05:28:24,631 - INFO - Epoch   1/50 | Train: 0.232783 | Val: 0.199822 | Corr: 0.084099 | LR: 1.00e-03
2026-02-25 05:28:24,639 - INFO -   ↳ Saved best model (val_corr=0.084099)
2026-02-25 05:28:27,427 - INFO - Epoch   2/50 | Train: 0.199450 | Val: 0.195797 | Corr: 0.113430 | LR: 1.00e-03
2026-02-25 05:28:27,434 - INFO -   ↳ Saved best model (val_corr=0.113430)
2026-02-25 05:28:30,224 - INFO - Epoch   3/50 | Train: 0.194659 | Val: 0.191232 | Corr: 0.143112 | LR: 1.00e-03
2026-02-25 05:28:30,232 - INFO -   ↳ Saved best model (val_corr=0.143112)
2026-02-25 05:28:32,983 - INFO - Epoch   4/50 | Train: 0.190608 | Val: 0.188876 | Corr: 0.157994 | LR: 1.00e-03
2026-02-25 05:28:32,991 - INFO -   ↳ Saved best model (val_corr=0.157994)
2026-02-25 05:28:35,810 - INFO - Epoch   5/50 | Train: 0.188465 | Val: 0.187492 | Corr: 0.169174 | LR: 1.00e-03
2026-02-25 05:28:35,818 - INFO -   ↳ Saved best model (val_corr=0.169174)
2026-02-25 05:28:38,447 - INFO - Epoch   6/50 | Train: 0.186889 | Val: 0.186426 | Corr: 0.176934 | LR: 1.00e-03
2026-02-25 05:28:38,453 - INFO -   ↳ Saved best model (val_corr=0.176934)
2026-02-25 05:28:41,103 - INFO - Epoch   7/50 | Train: 0.185819 | Val: 0.186288 | Corr: 0.181236 | LR: 1.00e-03
2026-02-25 05:28:41,112 - INFO -   ↳ Saved best model (val_corr=0.181236)
2026-02-25 05:28:43,857 - INFO - Epoch   8/50 | Train: 0.184903 | Val: 0.185560 | Corr: 0.185764 | LR: 1.00e-03
2026-02-25 05:28:43,868 - INFO -   ↳ Saved best model (val_corr=0.185764)
2026-02-25 05:28:46,655 - INFO - Epoch   9/50 | Train: 0.184170 | Val: 0.185003 | Corr: 0.186851 | LR: 1.00e-03
2026-02-25 05:28:46,676 - INFO -   ↳ Saved best model (val_corr=0.186851)
2026-02-25 05:28:49,487 - INFO - Epoch  10/50 | Train: 0.183365 | Val: 0.184592 | Corr: 0.189793 | LR: 1.00e-03
2026-02-25 05:28:49,507 - INFO -   ↳ Saved best model (val_corr=0.189793)
2026-02-25 05:28:52,386 - INFO - Epoch  11/50 | Train: 0.182848 | Val: 0.184761 | Corr: 0.190850 | LR: 1.00e-03
2026-02-25 05:28:52,404 - INFO -   ↳ Saved best model (val_corr=0.190850)
2026-02-25 05:28:55,265 - INFO - Epoch  12/50 | Train: 0.182415 | Val: 0.184139 | Corr: 0.194465 | LR: 1.00e-03
2026-02-25 05:28:55,273 - INFO -   ↳ Saved best model (val_corr=0.194465)
2026-02-25 05:28:57,945 - INFO - Epoch  13/50 | Train: 0.181791 | Val: 0.184551 | Corr: 0.194111 | LR: 1.00e-03
2026-02-25 05:29:00,687 - INFO - Epoch  14/50 | Train: 0.181356 | Val: 0.183979 | Corr: 0.195987 | LR: 1.00e-03
2026-02-25 05:29:00,694 - INFO -   ↳ Saved best model (val_corr=0.195987)
2026-02-25 05:29:03,419 - INFO - Epoch  15/50 | Train: 0.180910 | Val: 0.183862 | Corr: 0.196984 | LR: 1.00e-03
2026-02-25 05:29:03,425 - INFO -   ↳ Saved best model (val_corr=0.196984)
2026-02-25 05:29:06,130 - INFO - Epoch  16/50 | Train: 0.180561 | Val: 0.183994 | Corr: 0.197495 | LR: 1.00e-03
2026-02-25 05:29:06,137 - INFO -   ↳ Saved best model (val_corr=0.197495)
2026-02-25 05:29:08,883 - INFO - Epoch  17/50 | Train: 0.180218 | Val: 0.184529 | Corr: 0.198368 | LR: 1.00e-03
2026-02-25 05:29:08,889 - INFO -   ↳ Saved best model (val_corr=0.198368)
2026-02-25 05:29:11,682 - INFO - Epoch  18/50 | Train: 0.179821 | Val: 0.184273 | Corr: 0.198764 | LR: 1.00e-03
2026-02-25 05:29:11,690 - INFO -   ↳ Saved best model (val_corr=0.198764)
2026-02-25 05:29:14,446 - INFO - Epoch  19/50 | Train: 0.179497 | Val: 0.183993 | Corr: 0.199264 | LR: 1.00e-03
2026-02-25 05:29:14,455 - INFO -   ↳ Saved best model (val_corr=0.199264)
2026-02-25 05:29:17,271 - INFO - Epoch  20/50 | Train: 0.179119 | Val: 0.183713 | Corr: 0.199155 | LR: 1.00e-03
2026-02-25 05:29:20,092 - INFO - Epoch  21/50 | Train: 0.178810 | Val: 0.184127 | Corr: 0.199224 | LR: 1.00e-03
2026-02-25 05:29:22,884 - INFO - Epoch  22/50 | Train: 0.178457 | Val: 0.183600 | Corr: 0.199950 | LR: 1.00e-03
2026-02-25 05:29:22,896 - INFO -   ↳ Saved best model (val_corr=0.199950)
2026-02-25 05:29:25,719 - INFO - Epoch  23/50 | Train: 0.178249 | Val: 0.184388 | Corr: 0.200598 | LR: 1.00e-03
2026-02-25 05:29:25,727 - INFO -   ↳ Saved best model (val_corr=0.200598)
2026-02-25 05:29:28,499 - INFO - Epoch  24/50 | Train: 0.177993 | Val: 0.184558 | Corr: 0.199827 | LR: 1.00e-03
2026-02-25 05:29:31,381 - INFO - Epoch  25/50 | Train: 0.177787 | Val: 0.184355 | Corr: 0.199726 | LR: 1.00e-03
2026-02-25 05:29:34,069 - INFO - Epoch  26/50 | Train: 0.177483 | Val: 0.183737 | Corr: 0.199235 | LR: 1.00e-03
2026-02-25 05:29:36,843 - INFO - Epoch  27/50 | Train: 0.177226 | Val: 0.183713 | Corr: 0.199578 | LR: 1.00e-03
2026-02-25 05:29:39,506 - INFO - Epoch  28/50 | Train: 0.176966 | Val: 0.183820 | Corr: 0.200319 | LR: 5.00e-04
2026-02-25 05:29:42,280 - INFO - Epoch  29/50 | Train: 0.175926 | Val: 0.183785 | Corr: 0.200051 | LR: 5.00e-04
2026-02-25 05:29:45,085 - INFO - Epoch  30/50 | Train: 0.175621 | Val: 0.183878 | Corr: 0.201085 | LR: 5.00e-04
2026-02-25 05:29:45,102 - INFO -   ↳ Saved best model (val_corr=0.201085)
2026-02-25 05:29:47,901 - INFO - Epoch  31/50 | Train: 0.175531 | Val: 0.183656 | Corr: 0.200657 | LR: 5.00e-04
2026-02-25 05:29:50,688 - INFO - Epoch  32/50 | Train: 0.175456 | Val: 0.183875 | Corr: 0.199974 | LR: 5.00e-04
2026-02-25 05:29:53,409 - INFO - Epoch  33/50 | Train: 0.175235 | Val: 0.183942 | Corr: 0.199845 | LR: 5.00e-04
2026-02-25 05:29:56,192 - INFO - Epoch  34/50 | Train: 0.175144 | Val: 0.183994 | Corr: 0.199501 | LR: 2.50e-04
2026-02-25 05:29:58,864 - INFO - Epoch  35/50 | Train: 0.174598 | Val: 0.183922 | Corr: 0.199771 | LR: 2.50e-04
2026-02-25 05:30:01,512 - INFO - Epoch  36/50 | Train: 0.174471 | Val: 0.184041 | Corr: 0.200332 | LR: 2.50e-04
2026-02-25 05:30:04,211 - INFO - Epoch  37/50 | Train: 0.174445 | Val: 0.183856 | Corr: 0.200340 | LR: 2.50e-04
2026-02-25 05:30:06,964 - INFO - Epoch  38/50 | Train: 0.174297 | Val: 0.184051 | Corr: 0.199997 | LR: 2.50e-04
2026-02-25 05:30:09,731 - INFO - Epoch  39/50 | Train: 0.174192 | Val: 0.184103 | Corr: 0.199519 | LR: 2.50e-04
2026-02-25 05:30:12,504 - INFO - Epoch  40/50 | Train: 0.174200 | Val: 0.184148 | Corr: 0.199465 | LR: 1.25e-04
2026-02-25 05:30:12,505 - INFO - Early stopping at epoch 40
2026-02-25 05:30:12,505 - INFO - Training complete — best val corr: 0.201085
2026-02-25 05:30:12,944 - INFO - Test loss: 0.174774, Test corr: 0.201189
2026-02-25 05:30:13,086 - INFO - Fraction of variance explained (FVE): 0.047511
2026-02-25 05:30:13,087 - INFO - Computing autoregressive (AR) test predictions …
2026-02-25 05:30:13,525 - INFO - AR FVE: 0.048461, AR test corr: 0.204164
2026-02-25 05:30:13,525 - INFO - Generating figures …
2026-02-25 05:30:13,971 - INFO - Correlation between predicted and actual per-neuron averages: r=0.9920, p=1.49e-56
2026-02-25 05:30:14,539 - INFO - Pattern selectivity summary:
2026-02-25 05:30:14,539 - INFO -   Mean correlation across neurons: 0.5997
2026-02-25 05:30:14,539 - INFO -   Median correlation: 0.6210
2026-02-25 05:30:14,539 - INFO -   Neurons with r > 0.5: 45 / 63
2026-02-25 05:30:14,539 - INFO -   Neurons with r > 0.3: 58 / 63
2026-02-25 05:30:14,539 - INFO - Pattern selectivity — mean neuron corr: 0.5997
2026-02-25 05:30:14,921 - INFO - LOO (avg rate) — Model mean r: 0.4063, LOO mean r: 0.4728, Neurons model > LOO: 12/63
2026-02-25 05:30:15,643 - INFO - LOO (temporal) — Model mean r: 0.2070, LOO mean r: 0.3815, Neurons model > LOO: 1/63
2026-02-25 05:30:15,643 - INFO - Skipping oracle trial plots (skip_oracle_plots=True)
2026-02-25 05:30:15,644 - INFO - Experiment complete. Summary: {
  "run_dir": "results/multilayer_cnn_nohist_sweep_v2_2026-02-24_22-05-22/trial_0173_history=30_kernel_sizes=5_conv_channels=256_fc_dims=256",
  "model_type": "cnn",
  "batch_avg_test_loss": 0.17477382564544677,
  "batch_avg_test_corr": 0.20118862054525338,
  "all_test_fve": 0.04751081315297929,
  "AR_FVE": 0.04846090267574976,
  "AR_test_correlation": 0.2041635513305664,
  "best_val_corr": 0.2010854962284719,
  "total_params": 217151,
  "trainable_params": 217151,
  "epochs_trained": 40,
  "mean_pattern_corr": 0.5996783734804723,
  "history": 30,
  "init_state": true,
  "loo_avg_mean_corr": 0.47275709111471625,
  "model_avg_mean_corr": 0.40627891528598886,
  "neurons_model_beats_loo_avg": 12,
  "loo_temporal_mean_corr": 0.3815135061740875,
  "all_test_corr": 0.2069503366947174,
  "neurons_model_beats_loo_temporal": 1,
  "kernel_sizes": [
    5
  ],
  "conv_channels": [
    256
  ],
  "fc_dims": [
    256
  ]
}
2026-02-25 05:30:15,652 - INFO - 
======================================================================
2026-02-25 05:30:15,652 - INFO - [175/864] trial_0174_history=30_kernel_sizes=5_conv_channels=256_fc_dims=256
2026-02-25 05:30:15,652 - INFO -   Overrides: {"_arch": {"kernel_sizes": [5], "conv_channels": [256], "fc_dims": [256]}, "history": 30, "weight_decay": 0.0005}
2026-02-25 05:30:15,652 - INFO -   Output: results/multilayer_cnn_nohist_sweep_v2_2026-02-24_22-05-22/trial_0174_history=30_kernel_sizes=5_conv_channels=256_fc_dims=256
