2026-03-05 01:14:04,269 - INFO - ============================================================
2026-03-05 01:14:04,269 - INFO - Experiment run directory: /scratch/sb272/patterns5k_results/slurm_base_cnn_2026-03-04_16-53-19/trial_0215_learning_rate=5.0e-03_kernel_sizes=5x3_conv_channels=128x256_fc_dims=1024_seed3
2026-03-05 01:14:04,269 - INFO - ============================================================
2026-03-05 01:14:04,269 - INFO - Loading data …
2026-03-05 01:14:05,213 - INFO - 63 unique neurons after dropping problematic neurons
2026-03-05 01:14:06,535 - INFO - Stimulation channels: 42, Spiking neurons: 63
2026-03-05 01:16:23,191 - INFO - Unique patterns: 4050, Total trials: 5000
2026-03-05 01:16:23,192 - INFO - Stimulation channels: 42, Spiking neurons: 63
2026-03-05 01:16:23,192 - INFO - Unique patterns: 4050, Total trials: 5000
2026-03-05 01:16:23,212 - INFO - Split (oracle): train=3400, val=600, test=1000
2026-03-05 01:16:51,108 - INFO - BinnedStimSpikeDataset initialized:
2026-03-05 01:16:51,108 - INFO -   input_bin_size_ms=10, output_bin_size_ms=10
2026-03-05 01:16:51,109 - INFO -   n_input_bins=60, n_output_bins=60
2026-03-05 01:16:51,109 - INFO -   output_offset=0, total_bins_input=60, total_bins_output=60
2026-03-05 01:16:51,109 - INFO -   Valid start positions per trial: 0 to 0
2026-03-05 01:16:51,109 - INFO -   Total samples: 3400 (3400 trials × 1 positions)
2026-03-05 01:17:18,378 - INFO - BinnedStimSpikeDataset initialized:
2026-03-05 01:17:18,378 - INFO -   input_bin_size_ms=10, output_bin_size_ms=10
2026-03-05 01:17:18,378 - INFO -   n_input_bins=60, n_output_bins=60
2026-03-05 01:17:18,378 - INFO -   output_offset=0, total_bins_input=60, total_bins_output=60
2026-03-05 01:17:18,378 - INFO -   Valid start positions per trial: 0 to 0
2026-03-05 01:17:18,378 - INFO -   Total samples: 600 (600 trials × 1 positions)
2026-03-05 01:17:45,063 - INFO - BinnedStimSpikeDataset initialized:
2026-03-05 01:17:45,063 - INFO -   input_bin_size_ms=10, output_bin_size_ms=10
2026-03-05 01:17:45,063 - INFO -   n_input_bins=60, n_output_bins=60
2026-03-05 01:17:45,063 - INFO -   output_offset=0, total_bins_input=60, total_bins_output=60
2026-03-05 01:17:45,063 - INFO -   Valid start positions per trial: 0 to 0
2026-03-05 01:17:45,063 - INFO -   Total samples: 1000 (1000 trials × 1 positions)
2026-03-05 01:17:45,063 - INFO - Samples — train: 3400, val: 600, test: 1000
2026-03-05 01:17:45,063 - INFO - Input channels: 42, Neurons: 63
2026-03-05 01:17:45,066 - INFO - Using CPU
2026-03-05 01:17:45,086 - INFO - Model: CNN — 454,079 trainable params (454,079 total)
2026-03-05 01:17:49,346 - INFO - Starting training …
2026-03-05 01:18:01,192 - INFO - Epoch   1/50 | Train: 0.195207 | Val: 0.180842 | Corr: 0.088646 | LR: 5.00e-03
2026-03-05 01:18:01,231 - INFO -   ↳ Saved best model (val_corr=0.088646)
2026-03-05 01:18:12,374 - INFO - Epoch   2/50 | Train: 0.181858 | Val: 0.179935 | Corr: 0.109152 | LR: 5.00e-03
2026-03-05 01:18:12,391 - INFO -   ↳ Saved best model (val_corr=0.109152)
2026-03-05 01:18:23,570 - INFO - Epoch   3/50 | Train: 0.179941 | Val: 0.177257 | Corr: 0.119778 | LR: 5.00e-03
2026-03-05 01:18:23,587 - INFO -   ↳ Saved best model (val_corr=0.119778)
2026-03-05 01:18:35,170 - INFO - Epoch   4/50 | Train: 0.178514 | Val: 0.176806 | Corr: 0.125188 | LR: 5.00e-03
2026-03-05 01:18:35,183 - INFO -   ↳ Saved best model (val_corr=0.125188)
2026-03-05 01:18:46,853 - INFO - Epoch   5/50 | Train: 0.177869 | Val: 0.175946 | Corr: 0.132082 | LR: 5.00e-03
2026-03-05 01:18:46,870 - INFO -   ↳ Saved best model (val_corr=0.132082)
2026-03-05 01:18:58,195 - INFO - Epoch   6/50 | Train: 0.177336 | Val: 0.176131 | Corr: 0.131958 | LR: 5.00e-03
2026-03-05 01:19:09,615 - INFO - Epoch   7/50 | Train: 0.176740 | Val: 0.175774 | Corr: 0.133591 | LR: 5.00e-03
2026-03-05 01:19:09,632 - INFO -   ↳ Saved best model (val_corr=0.133591)
2026-03-05 01:19:21,398 - INFO - Epoch   8/50 | Train: 0.176557 | Val: 0.175870 | Corr: 0.133918 | LR: 5.00e-03
2026-03-05 01:19:21,414 - INFO -   ↳ Saved best model (val_corr=0.133918)
2026-03-05 01:19:32,815 - INFO - Epoch   9/50 | Train: 0.175893 | Val: 0.176099 | Corr: 0.134978 | LR: 5.00e-03
2026-03-05 01:19:32,829 - INFO -   ↳ Saved best model (val_corr=0.134978)
2026-03-05 01:19:44,371 - INFO - Epoch  10/50 | Train: 0.175698 | Val: 0.175599 | Corr: 0.135883 | LR: 5.00e-03
2026-03-05 01:19:44,388 - INFO -   ↳ Saved best model (val_corr=0.135883)
2026-03-05 01:19:55,794 - INFO - Epoch  11/50 | Train: 0.175400 | Val: 0.175896 | Corr: 0.135321 | LR: 5.00e-03
2026-03-05 01:20:07,081 - INFO - Epoch  12/50 | Train: 0.175077 | Val: 0.176226 | Corr: 0.134730 | LR: 5.00e-03
2026-03-05 01:20:18,612 - INFO - Epoch  13/50 | Train: 0.174907 | Val: 0.175816 | Corr: 0.134945 | LR: 5.00e-03
2026-03-05 01:20:30,033 - INFO - Epoch  14/50 | Train: 0.174498 | Val: 0.176433 | Corr: 0.132351 | LR: 5.00e-03
2026-03-05 01:20:41,428 - INFO - Epoch  15/50 | Train: 0.174297 | Val: 0.176119 | Corr: 0.130976 | LR: 5.00e-03
2026-03-05 01:20:52,789 - INFO - Epoch  16/50 | Train: 0.174137 | Val: 0.176041 | Corr: 0.133392 | LR: 2.50e-03
2026-03-05 01:21:04,456 - INFO - Epoch  17/50 | Train: 0.172788 | Val: 0.175813 | Corr: 0.133829 | LR: 2.50e-03
2026-03-05 01:21:15,926 - INFO - Epoch  18/50 | Train: 0.172371 | Val: 0.175850 | Corr: 0.133416 | LR: 2.50e-03
2026-03-05 01:21:27,704 - INFO - Epoch  19/50 | Train: 0.172142 | Val: 0.175977 | Corr: 0.133101 | LR: 2.50e-03
2026-03-05 01:21:39,305 - INFO - Epoch  20/50 | Train: 0.171902 | Val: 0.175956 | Corr: 0.133246 | LR: 2.50e-03
2026-03-05 01:21:39,306 - INFO - Early stopping at epoch 20
2026-03-05 01:21:39,306 - INFO - Training complete — best val corr: 0.135883
2026-03-05 01:21:41,486 - INFO - Test loss: 0.168523, Test corr: 0.134800
2026-03-05 01:21:42,292 - INFO - Fraction of variance explained (FVE): 0.021936
2026-03-05 01:21:42,292 - INFO - Generating figures …
2026-03-05 01:21:42,886 - INFO - Correlation between predicted and actual per-neuron averages: r=0.9757, p=6.21e-42
2026-03-05 01:21:45,564 - INFO - Pattern selectivity summary:
2026-03-05 01:21:45,564 - INFO -   Mean correlation across neurons: 0.4805
2026-03-05 01:21:45,564 - INFO -   Median correlation: 0.5365
2026-03-05 01:21:45,565 - INFO -   Neurons with r > 0.5: 34 / 63
2026-03-05 01:21:45,565 - INFO -   Neurons with r > 0.3: 51 / 63
2026-03-05 01:21:45,565 - INFO - Pattern selectivity — mean neuron corr: 0.4805
2026-03-05 01:21:47,804 - INFO - LOO (avg rate) — Model mean r: 0.2830, LOO mean r: 0.4546, Neurons model > LOO: 1/63
2026-03-05 01:21:50,664 - INFO - LOO (temporal) — Model mean r: 0.1359, LOO mean r: 0.3186, Neurons model > LOO: 0/63
2026-03-05 01:21:50,664 - INFO - Skipping oracle trial plots (skip_oracle_plots=True)
2026-03-05 01:21:50,670 - INFO - Experiment complete. Summary: {
  "run_dir": "/scratch/sb272/patterns5k_results/slurm_base_cnn_2026-03-04_16-53-19/trial_0215_learning_rate=5.0e-03_kernel_sizes=5x3_conv_channels=128x256_fc_dims=1024_seed3",
  "model_type": "cnn",
  "batch_avg_test_loss": 0.16852345371246338,
  "batch_avg_test_corr": 0.13479986427790153,
  "all_test_fve": 0.021936366482386515,
  "AR_FVE": NaN,
  "AR_test_correlation": NaN,
  "best_val_corr": 0.13588341174177052,
  "total_params": 454079,
  "trainable_params": 454079,
  "epochs_trained": 20,
  "mean_pattern_corr": 0.48045297584244356,
  "history": 0,
  "init_state": true,
  "loo_avg_mean_corr": 0.45456832695830385,
  "model_avg_mean_corr": 0.28302177532063877,
  "neurons_model_beats_loo_avg": 1,
  "loo_temporal_mean_corr": 0.31855225563049316,
  "all_test_corr": 0.13585932552814484,
  "neurons_model_beats_loo_temporal": 0,
  "kernel_sizes": [
    5,
    3
  ],
  "conv_channels": [
    128,
    256
  ],
  "fc_dims": [
    1024
  ]
}
