2026-02-16 02:10:00,407 - INFO - ============================================================
2026-02-16 02:10:00,407 - INFO - Experiment run directory: results/base_cnn_kernel_sweep_2026-02-15_19-39-07/trial_0140_learning_rate=0.01
2026-02-16 02:10:00,407 - INFO - ============================================================
2026-02-16 02:10:00,407 - INFO - Using preloaded raw data (skipping I/O)
2026-02-16 02:10:00,407 - INFO - Stimulation channels: 42, Spiking neurons: 63
2026-02-16 02:10:00,407 - INFO - Unique patterns: 4050, Total trials: 5000
2026-02-16 02:10:00,420 - INFO - Split (oracle): train=3400, val=600, test=1000
2026-02-16 02:10:14,523 - INFO - BinnedStimSpikeDataset initialized:
2026-02-16 02:10:14,524 - INFO -   input_bin_size_ms=10, output_bin_size_ms=10
2026-02-16 02:10:14,524 - INFO -   n_input_bins=60, n_output_bins=60
2026-02-16 02:10:14,524 - INFO -   output_offset=0, total_bins_input=60, total_bins_output=60
2026-02-16 02:10:14,524 - INFO -   Valid start positions per trial: 0 to 0
2026-02-16 02:10:14,524 - INFO -   Total samples: 3400 (3400 trials × 1 positions)
2026-02-16 02:10:27,915 - INFO - BinnedStimSpikeDataset initialized:
2026-02-16 02:10:27,916 - INFO -   input_bin_size_ms=10, output_bin_size_ms=10
2026-02-16 02:10:27,916 - INFO -   n_input_bins=60, n_output_bins=60
2026-02-16 02:10:27,916 - INFO -   output_offset=0, total_bins_input=60, total_bins_output=60
2026-02-16 02:10:27,916 - INFO -   Valid start positions per trial: 0 to 0
2026-02-16 02:10:27,916 - INFO -   Total samples: 600 (600 trials × 1 positions)
2026-02-16 02:10:41,428 - INFO - BinnedStimSpikeDataset initialized:
2026-02-16 02:10:41,428 - INFO -   input_bin_size_ms=10, output_bin_size_ms=10
2026-02-16 02:10:41,428 - INFO -   n_input_bins=60, n_output_bins=60
2026-02-16 02:10:41,428 - INFO -   output_offset=0, total_bins_input=60, total_bins_output=60
2026-02-16 02:10:41,428 - INFO -   Valid start positions per trial: 0 to 0
2026-02-16 02:10:41,428 - INFO -   Total samples: 1000 (1000 trials × 1 positions)
2026-02-16 02:10:41,429 - INFO - Samples — train: 3400, val: 600, test: 1000
2026-02-16 02:10:41,429 - INFO - Input channels: 105, Neurons: 63
2026-02-16 02:10:41,429 - INFO - Using Apple Silicon MPS acceleration
2026-02-16 02:10:41,450 - INFO - Model: CNN — 351,551 trainable params (351,551 total)
2026-02-16 02:10:41,451 - INFO - Starting training …
2026-02-16 02:10:45,221 - INFO - Epoch   1/50 | Train: 0.202721 | Val: 0.182618 | Corr: 0.275834 | LR: 1.00e-02
2026-02-16 02:10:45,237 - INFO -   ↳ Saved best model (val_corr=0.275834)
2026-02-16 02:10:48,704 - INFO - Epoch   2/50 | Train: 0.181875 | Val: 0.176527 | Corr: 0.316717 | LR: 1.00e-02
2026-02-16 02:10:48,730 - INFO -   ↳ Saved best model (val_corr=0.316717)
2026-02-16 02:10:52,390 - INFO - Epoch   3/50 | Train: 0.176879 | Val: 0.173537 | Corr: 0.336772 | LR: 1.00e-02
2026-02-16 02:10:52,411 - INFO -   ↳ Saved best model (val_corr=0.336772)
2026-02-16 02:10:55,962 - INFO - Epoch   4/50 | Train: 0.173946 | Val: 0.172636 | Corr: 0.345081 | LR: 1.00e-02
2026-02-16 02:10:55,981 - INFO -   ↳ Saved best model (val_corr=0.345081)
2026-02-16 02:10:59,553 - INFO - Epoch   5/50 | Train: 0.171994 | Val: 0.171628 | Corr: 0.350614 | LR: 1.00e-02
2026-02-16 02:10:59,579 - INFO -   ↳ Saved best model (val_corr=0.350614)
2026-02-16 02:11:03,066 - INFO - Epoch   6/50 | Train: 0.170563 | Val: 0.170897 | Corr: 0.351620 | LR: 1.00e-02
2026-02-16 02:11:03,091 - INFO -   ↳ Saved best model (val_corr=0.351620)
2026-02-16 02:11:06,751 - INFO - Epoch   7/50 | Train: 0.169388 | Val: 0.170601 | Corr: 0.354895 | LR: 1.00e-02
2026-02-16 02:11:06,775 - INFO -   ↳ Saved best model (val_corr=0.354895)
2026-02-16 02:11:10,360 - INFO - Epoch   8/50 | Train: 0.168200 | Val: 0.170575 | Corr: 0.356893 | LR: 1.00e-02
2026-02-16 02:11:10,381 - INFO -   ↳ Saved best model (val_corr=0.356893)
2026-02-16 02:11:13,934 - INFO - Epoch   9/50 | Train: 0.167237 | Val: 0.170608 | Corr: 0.356257 | LR: 1.00e-02
2026-02-16 02:11:17,496 - INFO - Epoch  10/50 | Train: 0.166525 | Val: 0.170871 | Corr: 0.357067 | LR: 1.00e-02
2026-02-16 02:11:17,505 - INFO -   ↳ Saved best model (val_corr=0.357067)
2026-02-16 02:11:21,126 - INFO - Epoch  11/50 | Train: 0.165730 | Val: 0.170557 | Corr: 0.358556 | LR: 1.00e-02
2026-02-16 02:11:21,148 - INFO -   ↳ Saved best model (val_corr=0.358556)
2026-02-16 02:11:24,746 - INFO - Epoch  12/50 | Train: 0.165145 | Val: 0.170561 | Corr: 0.358471 | LR: 1.00e-02
2026-02-16 02:11:28,364 - INFO - Epoch  13/50 | Train: 0.164586 | Val: 0.170795 | Corr: 0.356553 | LR: 1.00e-02
2026-02-16 02:11:31,985 - INFO - Epoch  14/50 | Train: 0.164147 | Val: 0.170947 | Corr: 0.357934 | LR: 1.00e-02
2026-02-16 02:11:35,567 - INFO - Epoch  15/50 | Train: 0.163680 | Val: 0.171191 | Corr: 0.357020 | LR: 1.00e-02
2026-02-16 02:11:39,205 - INFO - Epoch  16/50 | Train: 0.163328 | Val: 0.170961 | Corr: 0.357605 | LR: 1.00e-02
2026-02-16 02:11:42,737 - INFO - Epoch  17/50 | Train: 0.162960 | Val: 0.171164 | Corr: 0.356936 | LR: 5.00e-03
2026-02-16 02:11:46,293 - INFO - Epoch  18/50 | Train: 0.160836 | Val: 0.170870 | Corr: 0.361130 | LR: 5.00e-03
2026-02-16 02:11:46,316 - INFO -   ↳ Saved best model (val_corr=0.361130)
2026-02-16 02:11:49,890 - INFO - Epoch  19/50 | Train: 0.159995 | Val: 0.171724 | Corr: 0.360558 | LR: 5.00e-03
2026-02-16 02:11:53,508 - INFO - Epoch  20/50 | Train: 0.159717 | Val: 0.171429 | Corr: 0.360176 | LR: 5.00e-03
2026-02-16 02:11:57,154 - INFO - Epoch  21/50 | Train: 0.159506 | Val: 0.171773 | Corr: 0.358510 | LR: 5.00e-03
2026-02-16 02:12:00,680 - INFO - Epoch  22/50 | Train: 0.159288 | Val: 0.171961 | Corr: 0.358257 | LR: 5.00e-03
2026-02-16 02:12:04,245 - INFO - Epoch  23/50 | Train: 0.159109 | Val: 0.171571 | Corr: 0.358171 | LR: 2.50e-03
2026-02-16 02:12:07,635 - INFO - Epoch  24/50 | Train: 0.157925 | Val: 0.171708 | Corr: 0.359716 | LR: 2.50e-03
2026-02-16 02:12:11,136 - INFO - Epoch  25/50 | Train: 0.157563 | Val: 0.172338 | Corr: 0.359555 | LR: 2.50e-03
2026-02-16 02:12:14,454 - INFO - Epoch  26/50 | Train: 0.157407 | Val: 0.171973 | Corr: 0.359983 | LR: 2.50e-03
2026-02-16 02:12:17,743 - INFO - Epoch  27/50 | Train: 0.157172 | Val: 0.172111 | Corr: 0.359305 | LR: 2.50e-03
2026-02-16 02:12:21,143 - INFO - Epoch  28/50 | Train: 0.157085 | Val: 0.172421 | Corr: 0.358764 | LR: 2.50e-03
2026-02-16 02:12:21,144 - INFO - Early stopping at epoch 28
2026-02-16 02:12:21,144 - INFO - Training complete — best val corr: 0.361130
2026-02-16 02:12:21,802 - INFO - Test loss: 0.162674, Test corr: 0.354922
2026-02-16 02:12:22,012 - INFO - Generating figures …
2026-02-16 02:12:22,216 - INFO - Correlation between predicted and actual per-neuron averages: r=0.9915, p=1.12e-55
2026-02-16 02:12:23,021 - INFO - Pattern selectivity summary:
2026-02-16 02:12:23,022 - INFO -   Mean correlation across neurons: 0.7173
2026-02-16 02:12:23,022 - INFO -   Median correlation: 0.7169
2026-02-16 02:12:23,022 - INFO -   Neurons with r > 0.5: 60 / 63
2026-02-16 02:12:23,022 - INFO -   Neurons with r > 0.3: 63 / 63
2026-02-16 02:12:23,022 - INFO - Pattern selectivity — mean neuron corr: 0.7173
2026-02-16 02:12:23,401 - INFO - LOO baseline — Model mean r: 0.5640, LOO mean r: 0.4728, Neurons model > LOO: 43/63
2026-02-16 02:12:23,402 - INFO - Skipping oracle trial plots (skip_oracle_plots=True)
2026-02-16 02:12:23,402 - INFO - Experiment complete. Summary: {
  "run_dir": "results/base_cnn_kernel_sweep_2026-02-15_19-39-07/trial_0140_learning_rate=0.01",
  "model_type": "cnn",
  "test_loss": 0.1626744455099106,
  "test_corr": 0.3549221475573725,
  "best_val_corr": 0.3611303521853874,
  "total_params": 351551,
  "trainable_params": 351551,
  "epochs_trained": 28,
  "mean_pattern_corr": 0.7173046684012384,
  "loo_mean_corr": 0.47275709111471625,
  "model_sample_mean_corr": 0.5639857256203321,
  "neurons_model_beats_loo": 43
}
2026-02-16 02:12:23,425 - INFO - 
======================================================================
2026-02-16 02:12:23,425 - INFO - [142/216] trial_0141_learning_rate=0.01
2026-02-16 02:12:23,425 - INFO -   Overrides: {"kernel_sizes": [10], "learning_rate": 0.01, "weight_decay": 0.001, "conv_channels": [64]}
2026-02-16 02:12:23,425 - INFO -   Output: results/base_cnn_kernel_sweep_2026-02-15_19-39-07/trial_0141_learning_rate=0.01
