2026-03-04 01:47:31,825 - INFO - ============================================================
2026-03-04 01:47:31,825 - INFO - Experiment run directory: /scratch/sb272/patterns5k_results/slurm_hist_cnn_2026-03-03_15-13-01/trial_0404_learning_rate=5.0e-03_history=5_kernel_sizes=10x5_conv_channels=256x128_fc_dims=256_seed1
2026-03-04 01:47:31,825 - INFO - ============================================================
2026-03-04 01:47:31,825 - INFO - Loading data …
2026-03-04 01:47:32,933 - INFO - 63 unique neurons after dropping problematic neurons
2026-03-04 01:47:33,807 - INFO - Stimulation channels: 42, Spiking neurons: 63
2026-03-04 01:48:41,992 - INFO - Unique patterns: 4050, Total trials: 5000
2026-03-04 01:48:41,993 - INFO - Stimulation channels: 42, Spiking neurons: 63
2026-03-04 01:48:41,993 - INFO - Unique patterns: 4050, Total trials: 5000
2026-03-04 01:48:42,003 - INFO - Split (oracle): train=3400, val=600, test=1000
2026-03-04 01:48:56,213 - INFO - BinnedStimSpikeDataset initialized:
2026-03-04 01:48:56,213 - INFO -   input_bin_size_ms=10, output_bin_size_ms=10
2026-03-04 01:48:56,213 - INFO -   n_input_bins=60, n_output_bins=60
2026-03-04 01:48:56,213 - INFO -   output_offset=0, total_bins_input=60, total_bins_output=60
2026-03-04 01:48:56,213 - INFO -   Valid start positions per trial: 0 to 0
2026-03-04 01:48:56,213 - INFO -   Total samples: 3400 (3400 trials × 1 positions)
2026-03-04 01:49:09,957 - INFO - BinnedStimSpikeDataset initialized:
2026-03-04 01:49:09,957 - INFO -   input_bin_size_ms=10, output_bin_size_ms=10
2026-03-04 01:49:09,957 - INFO -   n_input_bins=60, n_output_bins=60
2026-03-04 01:49:09,957 - INFO -   output_offset=0, total_bins_input=60, total_bins_output=60
2026-03-04 01:49:09,957 - INFO -   Valid start positions per trial: 0 to 0
2026-03-04 01:49:09,957 - INFO -   Total samples: 600 (600 trials × 1 positions)
2026-03-04 01:49:23,743 - INFO - BinnedStimSpikeDataset initialized:
2026-03-04 01:49:23,744 - INFO -   input_bin_size_ms=10, output_bin_size_ms=10
2026-03-04 01:49:23,744 - INFO -   n_input_bins=60, n_output_bins=60
2026-03-04 01:49:23,744 - INFO -   output_offset=0, total_bins_input=60, total_bins_output=60
2026-03-04 01:49:23,744 - INFO -   Valid start positions per trial: 0 to 0
2026-03-04 01:49:23,744 - INFO -   Total samples: 1000 (1000 trials × 1 positions)
2026-03-04 01:49:23,744 - INFO - Samples — train: 3400, val: 600, test: 1000
2026-03-04 01:49:23,744 - INFO - Input channels: 105, Neurons: 63
2026-03-04 01:49:23,752 - INFO - Using CPU
2026-03-04 01:49:23,770 - INFO - Model: CNN — 483,007 trainable params (483,007 total)
2026-03-04 01:49:27,872 - INFO - Starting training …
2026-03-04 01:49:33,958 - INFO - Epoch   1/50 | Train: 0.200423 | Val: 0.181478 | Corr: 0.095797 | LR: 5.00e-03
2026-03-04 01:49:33,974 - INFO -   ↳ Saved best model (val_corr=0.095797)
2026-03-04 01:49:39,473 - INFO - Epoch   2/50 | Train: 0.180463 | Val: 0.181940 | Corr: 0.117897 | LR: 5.00e-03
2026-03-04 01:49:39,488 - INFO -   ↳ Saved best model (val_corr=0.117897)
2026-03-04 01:49:45,011 - INFO - Epoch   3/50 | Train: 0.177374 | Val: 0.177910 | Corr: 0.126859 | LR: 5.00e-03
2026-03-04 01:49:45,028 - INFO -   ↳ Saved best model (val_corr=0.126859)
2026-03-04 01:49:50,567 - INFO - Epoch   4/50 | Train: 0.175366 | Val: 0.176443 | Corr: 0.135525 | LR: 5.00e-03
2026-03-04 01:49:50,602 - INFO -   ↳ Saved best model (val_corr=0.135525)
2026-03-04 01:49:56,162 - INFO - Epoch   5/50 | Train: 0.173378 | Val: 0.175646 | Corr: 0.142221 | LR: 5.00e-03
2026-03-04 01:49:56,181 - INFO -   ↳ Saved best model (val_corr=0.142221)
2026-03-04 01:50:01,603 - INFO - Epoch   6/50 | Train: 0.171728 | Val: 0.175298 | Corr: 0.147323 | LR: 5.00e-03
2026-03-04 01:50:01,646 - INFO -   ↳ Saved best model (val_corr=0.147323)
2026-03-04 01:50:07,172 - INFO - Epoch   7/50 | Train: 0.169946 | Val: 0.175851 | Corr: 0.149261 | LR: 5.00e-03
2026-03-04 01:50:07,187 - INFO -   ↳ Saved best model (val_corr=0.149261)
2026-03-04 01:50:12,699 - INFO - Epoch   8/50 | Train: 0.168615 | Val: 0.175484 | Corr: 0.149455 | LR: 5.00e-03
2026-03-04 01:50:12,715 - INFO -   ↳ Saved best model (val_corr=0.149455)
2026-03-04 01:50:18,226 - INFO - Epoch   9/50 | Train: 0.167038 | Val: 0.176078 | Corr: 0.151392 | LR: 5.00e-03
2026-03-04 01:50:18,239 - INFO -   ↳ Saved best model (val_corr=0.151392)
2026-03-04 01:50:23,729 - INFO - Epoch  10/50 | Train: 0.165955 | Val: 0.175780 | Corr: 0.152076 | LR: 5.00e-03
2026-03-04 01:50:23,745 - INFO -   ↳ Saved best model (val_corr=0.152076)
2026-03-04 01:50:29,268 - INFO - Epoch  11/50 | Train: 0.164752 | Val: 0.177587 | Corr: 0.150966 | LR: 5.00e-03
2026-03-04 01:50:34,872 - INFO - Epoch  12/50 | Train: 0.163816 | Val: 0.176503 | Corr: 0.149371 | LR: 2.50e-03
2026-03-04 01:50:40,455 - INFO - Epoch  13/50 | Train: 0.160818 | Val: 0.176949 | Corr: 0.153452 | LR: 2.50e-03
2026-03-04 01:50:40,475 - INFO -   ↳ Saved best model (val_corr=0.153452)
2026-03-04 01:50:46,038 - INFO - Epoch  14/50 | Train: 0.159353 | Val: 0.177876 | Corr: 0.150641 | LR: 2.50e-03
2026-03-04 01:50:51,482 - INFO - Epoch  15/50 | Train: 0.158733 | Val: 0.178238 | Corr: 0.151019 | LR: 2.50e-03
2026-03-04 01:50:56,936 - INFO - Epoch  16/50 | Train: 0.158220 | Val: 0.178356 | Corr: 0.149450 | LR: 2.50e-03
2026-03-04 01:51:02,380 - INFO - Epoch  17/50 | Train: 0.157622 | Val: 0.178523 | Corr: 0.148610 | LR: 2.50e-03
2026-03-04 01:51:07,879 - INFO - Epoch  18/50 | Train: 0.157469 | Val: 0.178655 | Corr: 0.149950 | LR: 1.25e-03
2026-03-04 01:51:13,337 - INFO - Epoch  19/50 | Train: 0.155894 | Val: 0.179518 | Corr: 0.149093 | LR: 1.25e-03
2026-03-04 01:51:18,912 - INFO - Epoch  20/50 | Train: 0.155240 | Val: 0.179779 | Corr: 0.148417 | LR: 1.25e-03
2026-03-04 01:51:24,375 - INFO - Epoch  21/50 | Train: 0.154841 | Val: 0.180144 | Corr: 0.150045 | LR: 1.25e-03
2026-03-04 01:51:29,900 - INFO - Epoch  22/50 | Train: 0.154671 | Val: 0.180542 | Corr: 0.147400 | LR: 1.25e-03
2026-03-04 01:51:35,383 - INFO - Epoch  23/50 | Train: 0.154296 | Val: 0.180980 | Corr: 0.147085 | LR: 1.25e-03
2026-03-04 01:51:35,383 - INFO - Early stopping at epoch 23
2026-03-04 01:51:35,383 - INFO - Training complete — best val corr: 0.153452
2026-03-04 01:51:36,582 - INFO - Test loss: 0.167476, Test corr: 0.146252
2026-03-04 01:51:37,111 - INFO - Fraction of variance explained (FVE): 0.023395
2026-03-04 01:51:37,111 - INFO - Computing autoregressive (AR) test predictions …
2026-03-04 01:51:37,782 - INFO - AR FVE: 0.006811, AR test corr: 0.102866
2026-03-04 01:51:37,782 - INFO - Generating figures …
2026-03-04 01:51:38,231 - INFO - Correlation between predicted and actual per-neuron averages: r=0.9926, p=0.00e+00
2026-03-04 01:51:39,861 - INFO - Pattern selectivity summary:
2026-03-04 01:51:39,862 - INFO -   Mean correlation across neurons: 0.5657
2026-03-04 01:51:39,862 - INFO -   Median correlation: 0.6165
2026-03-04 01:51:39,862 - INFO -   Neurons with r > 0.5: 41 / 63
2026-03-04 01:51:39,862 - INFO -   Neurons with r > 0.3: 56 / 63
2026-03-04 01:51:39,862 - INFO - Pattern selectivity — mean neuron corr: 0.5657
2026-03-04 01:51:41,150 - INFO - LOO (avg rate) — Model mean r: 0.4191, LOO mean r: 0.4546, Neurons model > LOO: 18/63
2026-03-04 01:51:42,938 - INFO - LOO (temporal) — Model mean r: 0.1557, LOO mean r: 0.3186, Neurons model > LOO: 2/63
2026-03-04 01:51:42,938 - INFO - Skipping oracle trial plots (skip_oracle_plots=True)
2026-03-04 01:51:42,947 - INFO - Experiment complete. Summary: {
  "run_dir": "/scratch/sb272/patterns5k_results/slurm_hist_cnn_2026-03-03_15-13-01/trial_0404_learning_rate=5.0e-03_history=5_kernel_sizes=10x5_conv_channels=256x128_fc_dims=256_seed1",
  "model_type": "cnn",
  "batch_avg_test_loss": 0.16747587597370148,
  "batch_avg_test_corr": 0.14625228169536394,
  "all_test_fve": 0.023394717110527888,
  "AR_FVE": 0.006811259284852043,
  "AR_test_correlation": 0.10286568850278854,
  "best_val_corr": 0.1534520322272182,
  "total_params": 483007,
  "trainable_params": 483007,
  "epochs_trained": 23,
  "mean_pattern_corr": 0.5657389726135471,
  "history": 5,
  "init_state": true,
  "loo_avg_mean_corr": 0.45456832695830385,
  "model_avg_mean_corr": 0.4191486599415058,
  "neurons_model_beats_loo_avg": 18,
  "loo_temporal_mean_corr": 0.31855225563049316,
  "all_test_corr": 0.15569831430912018,
  "neurons_model_beats_loo_temporal": 2,
  "kernel_sizes": [
    10,
    5
  ],
  "conv_channels": [
    256,
    128
  ],
  "fc_dims": [
    256
  ]
}
