2026-02-15 13:46:17,557 - INFO - ============================================================
2026-02-15 13:46:17,557 - INFO - Experiment run directory: results/base_cnn_kernel_sweep_2026-02-15_11-28-56/trial_0061_learning_rate=0.01
2026-02-15 13:46:17,557 - INFO - ============================================================
2026-02-15 13:46:17,557 - INFO - Using preloaded raw data (skipping I/O)
2026-02-15 13:46:17,557 - INFO - Stimulation channels: 42, Spiking neurons: 63
2026-02-15 13:46:17,557 - INFO - Unique patterns: 4050, Total trials: 5000
2026-02-15 13:46:17,570 - INFO - Split (oracle): train=3400, val=600, test=1000
2026-02-15 13:46:32,020 - INFO - BinnedStimSpikeDataset initialized:
2026-02-15 13:46:32,020 - INFO -   input_bin_size_ms=10, output_bin_size_ms=10
2026-02-15 13:46:32,020 - INFO -   n_input_bins=60, n_output_bins=60
2026-02-15 13:46:32,020 - INFO -   output_offset=0, total_bins_input=60, total_bins_output=60
2026-02-15 13:46:32,020 - INFO -   Valid start positions per trial: 0 to 0
2026-02-15 13:46:32,020 - INFO -   Total samples: 3400 (3400 trials × 1 positions)
2026-02-15 13:46:45,441 - INFO - BinnedStimSpikeDataset initialized:
2026-02-15 13:46:45,442 - INFO -   input_bin_size_ms=10, output_bin_size_ms=10
2026-02-15 13:46:45,442 - INFO -   n_input_bins=60, n_output_bins=60
2026-02-15 13:46:45,442 - INFO -   output_offset=0, total_bins_input=60, total_bins_output=60
2026-02-15 13:46:45,442 - INFO -   Valid start positions per trial: 0 to 0
2026-02-15 13:46:45,442 - INFO -   Total samples: 600 (600 trials × 1 positions)
2026-02-15 13:46:58,964 - INFO - BinnedStimSpikeDataset initialized:
2026-02-15 13:46:58,964 - INFO -   input_bin_size_ms=10, output_bin_size_ms=10
2026-02-15 13:46:58,964 - INFO -   n_input_bins=60, n_output_bins=60
2026-02-15 13:46:58,964 - INFO -   output_offset=0, total_bins_input=60, total_bins_output=60
2026-02-15 13:46:58,964 - INFO -   Valid start positions per trial: 0 to 0
2026-02-15 13:46:58,964 - INFO -   Total samples: 1000 (1000 trials × 1 positions)
2026-02-15 13:46:58,964 - INFO - Samples — train: 3400, val: 600, test: 1000
2026-02-15 13:46:58,964 - INFO - Input channels: 42, Neurons: 63
2026-02-15 13:46:58,964 - INFO - Using Apple Silicon MPS acceleration
2026-02-15 13:46:58,978 - INFO - Model: CNN — 65,727 trainable params (65,727 total)
2026-02-15 13:46:58,978 - INFO - Starting training …
2026-02-15 13:47:01,016 - INFO - Epoch   1/50 | Train: 0.212832 | Val: 0.192023 | Corr: 0.206328 | LR: 1.00e-02
2026-02-15 13:47:01,020 - INFO -   ↳ Saved best model (val_corr=0.206328)
2026-02-15 13:47:02,967 - INFO - Epoch   2/50 | Train: 0.192007 | Val: 0.188013 | Corr: 0.237580 | LR: 1.00e-02
2026-02-15 13:47:02,970 - INFO -   ↳ Saved best model (val_corr=0.237580)
2026-02-15 13:47:04,965 - INFO - Epoch   3/50 | Train: 0.189592 | Val: 0.187203 | Corr: 0.249233 | LR: 1.00e-02
2026-02-15 13:47:04,969 - INFO -   ↳ Saved best model (val_corr=0.249233)
2026-02-15 13:47:06,904 - INFO - Epoch   4/50 | Train: 0.188367 | Val: 0.186022 | Corr: 0.252825 | LR: 1.00e-02
2026-02-15 13:47:06,909 - INFO -   ↳ Saved best model (val_corr=0.252825)
2026-02-15 13:47:08,906 - INFO - Epoch   5/50 | Train: 0.187637 | Val: 0.185476 | Corr: 0.256900 | LR: 1.00e-02
2026-02-15 13:47:08,910 - INFO -   ↳ Saved best model (val_corr=0.256900)
2026-02-15 13:47:10,838 - INFO - Epoch   6/50 | Train: 0.187302 | Val: 0.185869 | Corr: 0.256538 | LR: 1.00e-02
2026-02-15 13:47:12,811 - INFO - Epoch   7/50 | Train: 0.186799 | Val: 0.185277 | Corr: 0.257993 | LR: 1.00e-02
2026-02-15 13:47:12,815 - INFO -   ↳ Saved best model (val_corr=0.257993)
2026-02-15 13:47:14,785 - INFO - Epoch   8/50 | Train: 0.186511 | Val: 0.185046 | Corr: 0.259947 | LR: 1.00e-02
2026-02-15 13:47:14,789 - INFO -   ↳ Saved best model (val_corr=0.259947)
2026-02-15 13:47:16,637 - INFO - Epoch   9/50 | Train: 0.186145 | Val: 0.184849 | Corr: 0.261056 | LR: 1.00e-02
2026-02-15 13:47:16,641 - INFO -   ↳ Saved best model (val_corr=0.261056)
2026-02-15 13:47:18,599 - INFO - Epoch  10/50 | Train: 0.185871 | Val: 0.184698 | Corr: 0.262270 | LR: 1.00e-02
2026-02-15 13:47:18,602 - INFO -   ↳ Saved best model (val_corr=0.262270)
2026-02-15 13:47:20,524 - INFO - Epoch  11/50 | Train: 0.185609 | Val: 0.184980 | Corr: 0.263885 | LR: 1.00e-02
2026-02-15 13:47:20,527 - INFO -   ↳ Saved best model (val_corr=0.263885)
2026-02-15 13:47:22,515 - INFO - Epoch  12/50 | Train: 0.185395 | Val: 0.184670 | Corr: 0.263979 | LR: 1.00e-02
2026-02-15 13:47:22,518 - INFO -   ↳ Saved best model (val_corr=0.263979)
2026-02-15 13:47:24,400 - INFO - Epoch  13/50 | Train: 0.185276 | Val: 0.184831 | Corr: 0.263912 | LR: 1.00e-02
2026-02-15 13:47:26,314 - INFO - Epoch  14/50 | Train: 0.184988 | Val: 0.184306 | Corr: 0.265856 | LR: 1.00e-02
2026-02-15 13:47:26,318 - INFO -   ↳ Saved best model (val_corr=0.265856)
2026-02-15 13:47:28,282 - INFO - Epoch  15/50 | Train: 0.184973 | Val: 0.184883 | Corr: 0.263583 | LR: 1.00e-02
2026-02-15 13:47:30,218 - INFO - Epoch  16/50 | Train: 0.184768 | Val: 0.184238 | Corr: 0.266914 | LR: 1.00e-02
2026-02-15 13:47:30,222 - INFO -   ↳ Saved best model (val_corr=0.266914)
2026-02-15 13:47:32,132 - INFO - Epoch  17/50 | Train: 0.184546 | Val: 0.184271 | Corr: 0.266044 | LR: 1.00e-02
2026-02-15 13:47:34,106 - INFO - Epoch  18/50 | Train: 0.184591 | Val: 0.184477 | Corr: 0.265070 | LR: 1.00e-02
2026-02-15 13:47:36,024 - INFO - Epoch  19/50 | Train: 0.184381 | Val: 0.184206 | Corr: 0.266976 | LR: 1.00e-02
2026-02-15 13:47:36,028 - INFO -   ↳ Saved best model (val_corr=0.266976)
2026-02-15 13:47:38,010 - INFO - Epoch  20/50 | Train: 0.184317 | Val: 0.184356 | Corr: 0.265791 | LR: 1.00e-02
2026-02-15 13:47:39,873 - INFO - Epoch  21/50 | Train: 0.184186 | Val: 0.184163 | Corr: 0.267037 | LR: 1.00e-02
2026-02-15 13:47:39,876 - INFO -   ↳ Saved best model (val_corr=0.267037)
2026-02-15 13:47:41,815 - INFO - Epoch  22/50 | Train: 0.184120 | Val: 0.184352 | Corr: 0.266683 | LR: 1.00e-02
2026-02-15 13:47:43,782 - INFO - Epoch  23/50 | Train: 0.184064 | Val: 0.184077 | Corr: 0.267362 | LR: 1.00e-02
2026-02-15 13:47:43,785 - INFO -   ↳ Saved best model (val_corr=0.267362)
2026-02-15 13:47:45,709 - INFO - Epoch  24/50 | Train: 0.183995 | Val: 0.184094 | Corr: 0.267947 | LR: 1.00e-02
2026-02-15 13:47:45,712 - INFO -   ↳ Saved best model (val_corr=0.267947)
2026-02-15 13:47:47,658 - INFO - Epoch  25/50 | Train: 0.183920 | Val: 0.184029 | Corr: 0.267129 | LR: 1.00e-02
2026-02-15 13:47:49,661 - INFO - Epoch  26/50 | Train: 0.183911 | Val: 0.183886 | Corr: 0.268130 | LR: 1.00e-02
2026-02-15 13:47:49,664 - INFO -   ↳ Saved best model (val_corr=0.268130)
2026-02-15 13:47:51,577 - INFO - Epoch  27/50 | Train: 0.183844 | Val: 0.184153 | Corr: 0.266869 | LR: 1.00e-02
2026-02-15 13:47:53,574 - INFO - Epoch  28/50 | Train: 0.183767 | Val: 0.184142 | Corr: 0.266479 | LR: 1.00e-02
2026-02-15 13:47:55,388 - INFO - Epoch  29/50 | Train: 0.183743 | Val: 0.184077 | Corr: 0.267364 | LR: 1.00e-02
2026-02-15 13:47:57,357 - INFO - Epoch  30/50 | Train: 0.183698 | Val: 0.184058 | Corr: 0.266881 | LR: 1.00e-02
2026-02-15 13:47:59,340 - INFO - Epoch  31/50 | Train: 0.183647 | Val: 0.184013 | Corr: 0.267952 | LR: 1.00e-02
2026-02-15 13:48:01,213 - INFO - Epoch  32/50 | Train: 0.183606 | Val: 0.184213 | Corr: 0.265305 | LR: 5.00e-03
2026-02-15 13:48:03,109 - INFO - Epoch  33/50 | Train: 0.182907 | Val: 0.183717 | Corr: 0.269786 | LR: 5.00e-03
2026-02-15 13:48:03,112 - INFO -   ↳ Saved best model (val_corr=0.269786)
2026-02-15 13:48:05,102 - INFO - Epoch  34/50 | Train: 0.182671 | Val: 0.183731 | Corr: 0.270346 | LR: 5.00e-03
2026-02-15 13:48:05,106 - INFO -   ↳ Saved best model (val_corr=0.270346)
2026-02-15 13:48:07,144 - INFO - Epoch  35/50 | Train: 0.182561 | Val: 0.183686 | Corr: 0.270491 | LR: 5.00e-03
2026-02-15 13:48:07,148 - INFO -   ↳ Saved best model (val_corr=0.270491)
2026-02-15 13:48:09,138 - INFO - Epoch  36/50 | Train: 0.182598 | Val: 0.183733 | Corr: 0.269558 | LR: 5.00e-03
2026-02-15 13:48:11,018 - INFO - Epoch  37/50 | Train: 0.182479 | Val: 0.183723 | Corr: 0.269908 | LR: 5.00e-03
2026-02-15 13:48:12,898 - INFO - Epoch  38/50 | Train: 0.182465 | Val: 0.183776 | Corr: 0.269370 | LR: 5.00e-03
2026-02-15 13:48:14,871 - INFO - Epoch  39/50 | Train: 0.182402 | Val: 0.183726 | Corr: 0.269933 | LR: 5.00e-03
2026-02-15 13:48:16,790 - INFO - Epoch  40/50 | Train: 0.182431 | Val: 0.183752 | Corr: 0.270458 | LR: 5.00e-03
2026-02-15 13:48:18,763 - INFO - Epoch  41/50 | Train: 0.182379 | Val: 0.183831 | Corr: 0.269473 | LR: 2.50e-03
2026-02-15 13:48:20,585 - INFO - Epoch  42/50 | Train: 0.181890 | Val: 0.183647 | Corr: 0.270990 | LR: 2.50e-03
2026-02-15 13:48:20,591 - INFO -   ↳ Saved best model (val_corr=0.270990)
2026-02-15 13:48:22,580 - INFO - Epoch  43/50 | Train: 0.181851 | Val: 0.183648 | Corr: 0.271070 | LR: 2.50e-03
2026-02-15 13:48:22,585 - INFO -   ↳ Saved best model (val_corr=0.271070)
2026-02-15 13:48:24,581 - INFO - Epoch  44/50 | Train: 0.181886 | Val: 0.183672 | Corr: 0.270911 | LR: 2.50e-03
2026-02-15 13:48:26,467 - INFO - Epoch  45/50 | Train: 0.181721 | Val: 0.183676 | Corr: 0.271060 | LR: 2.50e-03
2026-02-15 13:48:28,411 - INFO - Epoch  46/50 | Train: 0.181727 | Val: 0.183648 | Corr: 0.270568 | LR: 2.50e-03
2026-02-15 13:48:30,325 - INFO - Epoch  47/50 | Train: 0.181709 | Val: 0.183590 | Corr: 0.271173 | LR: 2.50e-03
2026-02-15 13:48:30,330 - INFO -   ↳ Saved best model (val_corr=0.271173)
2026-02-15 13:48:32,292 - INFO - Epoch  48/50 | Train: 0.181672 | Val: 0.183597 | Corr: 0.271489 | LR: 2.50e-03
2026-02-15 13:48:32,298 - INFO -   ↳ Saved best model (val_corr=0.271489)
2026-02-15 13:48:34,260 - INFO - Epoch  49/50 | Train: 0.181695 | Val: 0.183701 | Corr: 0.270392 | LR: 2.50e-03
2026-02-15 13:48:36,084 - INFO - Epoch  50/50 | Train: 0.181665 | Val: 0.183665 | Corr: 0.271444 | LR: 2.50e-03
2026-02-15 13:48:36,084 - INFO - Training complete — best val corr: 0.271489
2026-02-15 13:48:36,317 - INFO - Test loss: 0.174426, Test corr: 0.272725
2026-02-15 13:48:36,393 - INFO - Generating figures …
2026-02-15 13:48:36,610 - INFO - Correlation between predicted and actual per-neuron averages: r=0.9942, p=9.59e-61
2026-02-15 13:48:37,260 - INFO - Pattern selectivity summary:
2026-02-15 13:48:37,261 - INFO -   Mean correlation across neurons: 0.6100
2026-02-15 13:48:37,261 - INFO -   Median correlation: 0.6649
2026-02-15 13:48:37,261 - INFO -   Neurons with r > 0.5: 48 / 63
2026-02-15 13:48:37,261 - INFO -   Neurons with r > 0.3: 55 / 63
2026-02-15 13:48:37,261 - INFO - Pattern selectivity — mean neuron corr: 0.6100
2026-02-15 13:48:37,584 - INFO - LOO baseline — Model mean r: 0.3540, LOO mean r: 0.4728, Neurons model > LOO: 2/63
2026-02-15 13:48:37,585 - INFO - Skipping oracle trial plots (skip_oracle_plots=True)
2026-02-15 13:48:37,585 - INFO - Experiment complete. Summary: {
  "run_dir": "results/base_cnn_kernel_sweep_2026-02-15_11-28-56/trial_0061_learning_rate=0.01",
  "model_type": "cnn",
  "test_loss": 0.17442550611495972,
  "test_corr": 0.27272453238354694,
  "best_val_corr": 0.27148934451958384,
  "total_params": 65727,
  "trainable_params": 65727,
  "epochs_trained": 50,
  "mean_pattern_corr": 0.6099617012836291,
  "loo_mean_corr": 0.47275709111471625,
  "model_sample_mean_corr": 0.35395058480626596,
  "neurons_model_beats_loo": 2
}
2026-02-15 13:48:37,585 - INFO - 
======================================================================
2026-02-15 13:48:37,585 - INFO - [63/216] trial_0062_learning_rate=0.01
2026-02-15 13:48:37,585 - INFO -   Overrides: {"kernel_sizes": [3], "learning_rate": 0.01, "fc_dims": [256], "weight_decay": 0, "conv_channels": [256]}
2026-02-15 13:48:37,585 - INFO -   Output: results/base_cnn_kernel_sweep_2026-02-15_11-28-56/trial_0062_learning_rate=0.01
