2026-02-16 16:36:54,505 - INFO - ============================================================
2026-02-16 16:36:54,505 - INFO - Experiment run directory: results/hist_cnn_v2_2026-02-16_15-55-59/trial_0015_history=20
2026-02-16 16:36:54,505 - INFO - ============================================================
2026-02-16 16:36:54,505 - INFO - Using preloaded raw data (skipping I/O)
2026-02-16 16:36:54,505 - INFO - Stimulation channels: 42, Spiking neurons: 63
2026-02-16 16:36:54,505 - INFO - Unique patterns: 4050, Total trials: 5000
2026-02-16 16:36:54,515 - INFO - Split (oracle): train=3400, val=600, test=1000
2026-02-16 16:37:08,488 - INFO - BinnedStimSpikeDataset initialized:
2026-02-16 16:37:08,489 - INFO -   input_bin_size_ms=10, output_bin_size_ms=10
2026-02-16 16:37:08,489 - INFO -   n_input_bins=60, n_output_bins=60
2026-02-16 16:37:08,489 - INFO -   output_offset=0, total_bins_input=60, total_bins_output=60
2026-02-16 16:37:08,489 - INFO -   Valid start positions per trial: 0 to 0
2026-02-16 16:37:08,489 - INFO -   Total samples: 3400 (3400 trials × 1 positions)
2026-02-16 16:37:21,835 - INFO - BinnedStimSpikeDataset initialized:
2026-02-16 16:37:21,836 - INFO -   input_bin_size_ms=10, output_bin_size_ms=10
2026-02-16 16:37:21,836 - INFO -   n_input_bins=60, n_output_bins=60
2026-02-16 16:37:21,836 - INFO -   output_offset=0, total_bins_input=60, total_bins_output=60
2026-02-16 16:37:21,836 - INFO -   Valid start positions per trial: 0 to 0
2026-02-16 16:37:21,836 - INFO -   Total samples: 600 (600 trials × 1 positions)
2026-02-16 16:37:35,273 - INFO - BinnedStimSpikeDataset initialized:
2026-02-16 16:37:35,274 - INFO -   input_bin_size_ms=10, output_bin_size_ms=10
2026-02-16 16:37:35,274 - INFO -   n_input_bins=60, n_output_bins=60
2026-02-16 16:37:35,274 - INFO -   output_offset=0, total_bins_input=60, total_bins_output=60
2026-02-16 16:37:35,274 - INFO -   Valid start positions per trial: 0 to 0
2026-02-16 16:37:35,274 - INFO -   Total samples: 1000 (1000 trials × 1 positions)
2026-02-16 16:37:35,274 - INFO - Samples — train: 3400, val: 600, test: 1000
2026-02-16 16:37:35,274 - INFO - Input channels: 105, Neurons: 63
2026-02-16 16:37:35,274 - INFO - Using Apple Silicon MPS acceleration
2026-02-16 16:37:35,281 - INFO - Model: CNN — 163,391 trainable params (163,391 total)
2026-02-16 16:37:35,284 - INFO - Starting training …
2026-02-16 16:37:38,168 - INFO - Epoch   1/50 | Train: 0.237714 | Val: 0.201083 | Corr: 0.074489 | LR: 1.00e-03
2026-02-16 16:37:38,173 - INFO -   ↳ Saved best model (val_corr=0.074489)
2026-02-16 16:37:40,684 - INFO - Epoch   2/50 | Train: 0.199518 | Val: 0.194317 | Corr: 0.123539 | LR: 1.00e-03
2026-02-16 16:37:40,689 - INFO -   ↳ Saved best model (val_corr=0.123539)
2026-02-16 16:37:43,331 - INFO - Epoch   3/50 | Train: 0.194090 | Val: 0.190846 | Corr: 0.145177 | LR: 1.00e-03
2026-02-16 16:37:43,336 - INFO -   ↳ Saved best model (val_corr=0.145177)
2026-02-16 16:37:45,826 - INFO - Epoch   4/50 | Train: 0.191180 | Val: 0.188956 | Corr: 0.158202 | LR: 1.00e-03
2026-02-16 16:37:45,831 - INFO -   ↳ Saved best model (val_corr=0.158202)
2026-02-16 16:37:48,452 - INFO - Epoch   5/50 | Train: 0.189331 | Val: 0.187625 | Corr: 0.170265 | LR: 1.00e-03
2026-02-16 16:37:48,458 - INFO -   ↳ Saved best model (val_corr=0.170265)
2026-02-16 16:37:50,818 - INFO - Epoch   6/50 | Train: 0.188015 | Val: 0.186793 | Corr: 0.176450 | LR: 1.00e-03
2026-02-16 16:37:50,824 - INFO -   ↳ Saved best model (val_corr=0.176450)
2026-02-16 16:37:53,356 - INFO - Epoch   7/50 | Train: 0.186872 | Val: 0.185889 | Corr: 0.182143 | LR: 1.00e-03
2026-02-16 16:37:53,362 - INFO -   ↳ Saved best model (val_corr=0.182143)
2026-02-16 16:37:55,883 - INFO - Epoch   8/50 | Train: 0.186074 | Val: 0.185304 | Corr: 0.188058 | LR: 1.00e-03
2026-02-16 16:37:55,888 - INFO -   ↳ Saved best model (val_corr=0.188058)
2026-02-16 16:37:58,478 - INFO - Epoch   9/50 | Train: 0.185362 | Val: 0.185015 | Corr: 0.190991 | LR: 1.00e-03
2026-02-16 16:37:58,483 - INFO -   ↳ Saved best model (val_corr=0.190991)
2026-02-16 16:38:00,882 - INFO - Epoch  10/50 | Train: 0.184556 | Val: 0.184407 | Corr: 0.194778 | LR: 1.00e-03
2026-02-16 16:38:00,887 - INFO -   ↳ Saved best model (val_corr=0.194778)
2026-02-16 16:38:03,450 - INFO - Epoch  11/50 | Train: 0.183990 | Val: 0.184263 | Corr: 0.197204 | LR: 1.00e-03
2026-02-16 16:38:03,455 - INFO -   ↳ Saved best model (val_corr=0.197204)
2026-02-16 16:38:05,963 - INFO - Epoch  12/50 | Train: 0.183539 | Val: 0.184813 | Corr: 0.200049 | LR: 1.00e-03
2026-02-16 16:38:05,968 - INFO -   ↳ Saved best model (val_corr=0.200049)
2026-02-16 16:38:08,444 - INFO - Epoch  13/50 | Train: 0.182941 | Val: 0.184804 | Corr: 0.200698 | LR: 1.00e-03
2026-02-16 16:38:08,449 - INFO -   ↳ Saved best model (val_corr=0.200698)
2026-02-16 16:38:10,984 - INFO - Epoch  14/50 | Train: 0.182501 | Val: 0.183213 | Corr: 0.203912 | LR: 1.00e-03
2026-02-16 16:38:10,989 - INFO -   ↳ Saved best model (val_corr=0.203912)
2026-02-16 16:38:13,512 - INFO - Epoch  15/50 | Train: 0.182210 | Val: 0.183058 | Corr: 0.205383 | LR: 1.00e-03
2026-02-16 16:38:13,518 - INFO -   ↳ Saved best model (val_corr=0.205383)
2026-02-16 16:38:16,089 - INFO - Epoch  16/50 | Train: 0.181681 | Val: 0.182861 | Corr: 0.207367 | LR: 1.00e-03
2026-02-16 16:38:16,094 - INFO -   ↳ Saved best model (val_corr=0.207367)
2026-02-16 16:38:18,603 - INFO - Epoch  17/50 | Train: 0.181260 | Val: 0.182761 | Corr: 0.208226 | LR: 1.00e-03
2026-02-16 16:38:18,608 - INFO -   ↳ Saved best model (val_corr=0.208226)
2026-02-16 16:38:21,127 - INFO - Epoch  18/50 | Train: 0.180953 | Val: 0.182851 | Corr: 0.209019 | LR: 1.00e-03
2026-02-16 16:38:21,133 - INFO -   ↳ Saved best model (val_corr=0.209019)
2026-02-16 16:38:23,678 - INFO - Epoch  19/50 | Train: 0.180638 | Val: 0.182421 | Corr: 0.210384 | LR: 1.00e-03
2026-02-16 16:38:23,684 - INFO -   ↳ Saved best model (val_corr=0.210384)
2026-02-16 16:38:26,160 - INFO - Epoch  20/50 | Train: 0.180226 | Val: 0.182618 | Corr: 0.212150 | LR: 1.00e-03
2026-02-16 16:38:26,165 - INFO -   ↳ Saved best model (val_corr=0.212150)
2026-02-16 16:38:28,790 - INFO - Epoch  21/50 | Train: 0.180051 | Val: 0.182516 | Corr: 0.211807 | LR: 1.00e-03
2026-02-16 16:38:31,334 - INFO - Epoch  22/50 | Train: 0.179684 | Val: 0.182608 | Corr: 0.212902 | LR: 1.00e-03
2026-02-16 16:38:31,339 - INFO -   ↳ Saved best model (val_corr=0.212902)
2026-02-16 16:38:34,056 - INFO - Epoch  23/50 | Train: 0.179412 | Val: 0.181987 | Corr: 0.212665 | LR: 1.00e-03
2026-02-16 16:38:36,455 - INFO - Epoch  24/50 | Train: 0.179157 | Val: 0.182372 | Corr: 0.212924 | LR: 1.00e-03
2026-02-16 16:38:36,461 - INFO -   ↳ Saved best model (val_corr=0.212924)
2026-02-16 16:38:39,034 - INFO - Epoch  25/50 | Train: 0.178992 | Val: 0.182327 | Corr: 0.214254 | LR: 1.00e-03
2026-02-16 16:38:39,040 - INFO -   ↳ Saved best model (val_corr=0.214254)
2026-02-16 16:38:41,598 - INFO - Epoch  26/50 | Train: 0.178791 | Val: 0.182164 | Corr: 0.214701 | LR: 1.00e-03
2026-02-16 16:38:41,604 - INFO -   ↳ Saved best model (val_corr=0.214701)
2026-02-16 16:38:44,109 - INFO - Epoch  27/50 | Train: 0.178475 | Val: 0.181969 | Corr: 0.213901 | LR: 1.00e-03
2026-02-16 16:38:46,634 - INFO - Epoch  28/50 | Train: 0.178282 | Val: 0.182389 | Corr: 0.214495 | LR: 1.00e-03
2026-02-16 16:38:49,257 - INFO - Epoch  29/50 | Train: 0.178115 | Val: 0.181891 | Corr: 0.215081 | LR: 1.00e-03
2026-02-16 16:38:49,264 - INFO -   ↳ Saved best model (val_corr=0.215081)
2026-02-16 16:38:51,797 - INFO - Epoch  30/50 | Train: 0.177960 | Val: 0.182274 | Corr: 0.215185 | LR: 1.00e-03
2026-02-16 16:38:51,804 - INFO -   ↳ Saved best model (val_corr=0.215185)
2026-02-16 16:38:54,423 - INFO - Epoch  31/50 | Train: 0.177752 | Val: 0.182111 | Corr: 0.215548 | LR: 1.00e-03
2026-02-16 16:38:54,428 - INFO -   ↳ Saved best model (val_corr=0.215548)
2026-02-16 16:38:56,967 - INFO - Epoch  32/50 | Train: 0.177571 | Val: 0.182168 | Corr: 0.215479 | LR: 1.00e-03
2026-02-16 16:38:59,522 - INFO - Epoch  33/50 | Train: 0.177427 | Val: 0.181871 | Corr: 0.215074 | LR: 1.00e-03
2026-02-16 16:39:01,956 - INFO - Epoch  34/50 | Train: 0.177249 | Val: 0.181960 | Corr: 0.215518 | LR: 1.00e-03
2026-02-16 16:39:04,451 - INFO - Epoch  35/50 | Train: 0.177095 | Val: 0.182297 | Corr: 0.215025 | LR: 1.00e-03
2026-02-16 16:39:06,906 - INFO - Epoch  36/50 | Train: 0.176934 | Val: 0.182116 | Corr: 0.216168 | LR: 1.00e-03
2026-02-16 16:39:06,912 - INFO -   ↳ Saved best model (val_corr=0.216168)
2026-02-16 16:39:09,372 - INFO - Epoch  37/50 | Train: 0.176791 | Val: 0.182063 | Corr: 0.216435 | LR: 1.00e-03
2026-02-16 16:39:09,377 - INFO -   ↳ Saved best model (val_corr=0.216435)
2026-02-16 16:39:11,880 - INFO - Epoch  38/50 | Train: 0.176630 | Val: 0.182288 | Corr: 0.215503 | LR: 1.00e-03
2026-02-16 16:39:14,426 - INFO - Epoch  39/50 | Train: 0.176609 | Val: 0.182165 | Corr: 0.216153 | LR: 5.00e-04
2026-02-16 16:39:16,924 - INFO - Epoch  40/50 | Train: 0.175764 | Val: 0.181855 | Corr: 0.217072 | LR: 5.00e-04
2026-02-16 16:39:16,929 - INFO -   ↳ Saved best model (val_corr=0.217072)
2026-02-16 16:39:19,457 - INFO - Epoch  41/50 | Train: 0.175519 | Val: 0.182149 | Corr: 0.216610 | LR: 5.00e-04
2026-02-16 16:39:21,969 - INFO - Epoch  42/50 | Train: 0.175421 | Val: 0.182493 | Corr: 0.216985 | LR: 5.00e-04
2026-02-16 16:39:24,523 - INFO - Epoch  43/50 | Train: 0.175334 | Val: 0.182084 | Corr: 0.216765 | LR: 5.00e-04
2026-02-16 16:39:27,101 - INFO - Epoch  44/50 | Train: 0.175335 | Val: 0.182488 | Corr: 0.216251 | LR: 5.00e-04
2026-02-16 16:39:29,636 - INFO - Epoch  45/50 | Train: 0.175288 | Val: 0.181986 | Corr: 0.216849 | LR: 2.50e-04
2026-02-16 16:39:32,169 - INFO - Epoch  46/50 | Train: 0.174763 | Val: 0.182327 | Corr: 0.216750 | LR: 2.50e-04
2026-02-16 16:39:34,851 - INFO - Epoch  47/50 | Train: 0.174673 | Val: 0.182194 | Corr: 0.216970 | LR: 2.50e-04
2026-02-16 16:39:37,356 - INFO - Epoch  48/50 | Train: 0.174609 | Val: 0.182176 | Corr: 0.216934 | LR: 2.50e-04
2026-02-16 16:39:40,057 - INFO - Epoch  49/50 | Train: 0.174568 | Val: 0.182169 | Corr: 0.217121 | LR: 2.50e-04
2026-02-16 16:39:40,062 - INFO -   ↳ Saved best model (val_corr=0.217121)
2026-02-16 16:39:42,436 - INFO - Epoch  50/50 | Train: 0.174536 | Val: 0.182196 | Corr: 0.217071 | LR: 2.50e-04
2026-02-16 16:39:42,436 - INFO - Training complete — best val corr: 0.217121
2026-02-16 16:39:42,836 - INFO - Test loss: 0.173716, Test corr: 0.216123
2026-02-16 16:39:42,931 - INFO - Generating figures …
2026-02-16 16:39:43,137 - INFO - Correlation between predicted and actual per-neuron averages: r=0.9959, p=2.57e-65
2026-02-16 16:39:43,804 - INFO - Pattern selectivity summary:
2026-02-16 16:39:43,804 - INFO -   Mean correlation across neurons: 0.6077
2026-02-16 16:39:43,804 - INFO -   Median correlation: 0.6293
2026-02-16 16:39:43,804 - INFO -   Neurons with r > 0.5: 47 / 63
2026-02-16 16:39:43,804 - INFO -   Neurons with r > 0.3: 58 / 63
2026-02-16 16:39:43,804 - INFO - Pattern selectivity — mean neuron corr: 0.6077
2026-02-16 16:39:44,151 - INFO - LOO (avg rate) — Model mean r: 0.3867, LOO mean r: 0.4728, Neurons model > LOO: 9/63
2026-02-16 16:39:44,884 - INFO - LOO (temporal) — Model mean r: 0.2201, LOO mean r: 0.3815, Neurons model > LOO: 0/63
2026-02-16 16:39:44,884 - INFO - Skipping oracle trial plots (skip_oracle_plots=True)
2026-02-16 16:39:44,884 - INFO - Experiment complete. Summary: {
  "run_dir": "results/hist_cnn_v2_2026-02-16_15-55-59/trial_0015_history=20",
  "model_type": "cnn",
  "test_loss": 0.17371643471717835,
  "test_corr": 0.21612319179433995,
  "best_val_corr": 0.2171206141406348,
  "total_params": 163391,
  "trainable_params": 163391,
  "epochs_trained": 50,
  "mean_pattern_corr": 0.6076885148436619,
  "loo_avg_mean_corr": 0.47275709111471625,
  "model_avg_mean_corr": 0.38671214138524074,
  "neurons_model_beats_loo_avg": 9,
  "loo_temporal_mean_corr": 0.3815135061740875,
  "model_temporal_mean_corr": 0.22012872993946075,
  "neurons_model_beats_loo_temporal": 0
}
2026-02-16 16:39:44,885 - INFO - 
======================================================================
2026-02-16 16:39:44,885 - INFO - [17/48] trial_0016_history=1
2026-02-16 16:39:44,885 - INFO -   Overrides: {"kernel_sizes": [5], "weight_decay": 0, "conv_channels": [256], "history": 1}
2026-02-16 16:39:44,885 - INFO -   Output: results/hist_cnn_v2_2026-02-16_15-55-59/trial_0016_history=1
