2026-03-05 21:02:55,836 - INFO - ============================================================
2026-03-05 21:02:55,837 - INFO - Experiment run directory: /scratch/sb272/patterns5k_results/slurm_hist_cnn_2026-03-05_16-01-45/trial_0038_learning_rate=1.0e-04_history=5_kernel_sizes=5x3x3_conv_channels=64x128x256_fc_dims=256_seed1
2026-03-05 21:02:55,837 - INFO - ============================================================
2026-03-05 21:02:55,837 - INFO - Loading data …
2026-03-05 21:02:57,060 - INFO - 63 unique neurons after dropping problematic neurons
2026-03-05 21:02:58,634 - INFO - Stimulation channels: 42, Spiking neurons: 63
2026-03-05 21:05:30,427 - INFO - Unique patterns: 4050, Total trials: 5000
2026-03-05 21:05:30,429 - INFO - Stimulation channels: 42, Spiking neurons: 63
2026-03-05 21:05:30,429 - INFO - Unique patterns: 4050, Total trials: 5000
2026-03-05 21:05:30,451 - INFO - Split (oracle): train=3400, val=600, test=1000
2026-03-05 21:06:02,953 - INFO - BinnedStimSpikeDataset initialized:
2026-03-05 21:06:02,954 - INFO -   input_bin_size_ms=10, output_bin_size_ms=10
2026-03-05 21:06:02,954 - INFO -   n_input_bins=60, n_output_bins=60
2026-03-05 21:06:02,954 - INFO -   output_offset=0, total_bins_input=60, total_bins_output=60
2026-03-05 21:06:02,954 - INFO -   Valid start positions per trial: 0 to 0
2026-03-05 21:06:02,954 - INFO -   Total samples: 3400 (3400 trials × 1 positions)
2026-03-05 21:06:35,901 - INFO - BinnedStimSpikeDataset initialized:
2026-03-05 21:06:35,902 - INFO -   input_bin_size_ms=10, output_bin_size_ms=10
2026-03-05 21:06:35,902 - INFO -   n_input_bins=60, n_output_bins=60
2026-03-05 21:06:35,902 - INFO -   output_offset=0, total_bins_input=60, total_bins_output=60
2026-03-05 21:06:35,902 - INFO -   Valid start positions per trial: 0 to 0
2026-03-05 21:06:35,902 - INFO -   Total samples: 600 (600 trials × 1 positions)
2026-03-05 21:07:07,672 - INFO - BinnedStimSpikeDataset initialized:
2026-03-05 21:07:07,672 - INFO -   input_bin_size_ms=10, output_bin_size_ms=10
2026-03-05 21:07:07,672 - INFO -   n_input_bins=60, n_output_bins=60
2026-03-05 21:07:07,672 - INFO -   output_offset=0, total_bins_input=60, total_bins_output=60
2026-03-05 21:07:07,672 - INFO -   Valid start positions per trial: 0 to 0
2026-03-05 21:07:07,672 - INFO -   Total samples: 1000 (1000 trials × 1 positions)
2026-03-05 21:07:07,672 - INFO - Samples — train: 3400, val: 600, test: 1000
2026-03-05 21:07:07,672 - INFO - Input channels: 105, Neurons: 63
2026-03-05 21:07:07,691 - INFO - Using CPU
2026-03-05 21:07:07,708 - INFO - Model: CNN — 239,807 trainable params (239,807 total)
2026-03-05 21:07:11,768 - INFO - Starting training …
2026-03-05 21:07:22,097 - INFO - Epoch   1/50 | Train: 0.378544 | Val: 0.190008 | Corr: 0.055094 | LR: 1.00e-04
2026-03-05 21:07:22,112 - INFO -   ↳ Saved best model (val_corr=0.055094)
2026-03-05 21:07:31,266 - INFO - Epoch   2/50 | Train: 0.187926 | Val: 0.186210 | Corr: 0.069146 | LR: 1.00e-04
2026-03-05 21:07:31,280 - INFO -   ↳ Saved best model (val_corr=0.069146)
2026-03-05 21:07:40,279 - INFO - Epoch   3/50 | Train: 0.186436 | Val: 0.185176 | Corr: 0.075546 | LR: 1.00e-04
2026-03-05 21:07:40,293 - INFO -   ↳ Saved best model (val_corr=0.075546)
2026-03-05 21:07:49,582 - INFO - Epoch   4/50 | Train: 0.185429 | Val: 0.184630 | Corr: 0.080984 | LR: 1.00e-04
2026-03-05 21:07:49,600 - INFO -   ↳ Saved best model (val_corr=0.080984)
2026-03-05 21:07:59,189 - INFO - Epoch   5/50 | Train: 0.184513 | Val: 0.184010 | Corr: 0.085604 | LR: 1.00e-04
2026-03-05 21:07:59,208 - INFO -   ↳ Saved best model (val_corr=0.085604)
2026-03-05 21:08:08,776 - INFO - Epoch   6/50 | Train: 0.183775 | Val: 0.183882 | Corr: 0.088170 | LR: 1.00e-04
2026-03-05 21:08:08,793 - INFO -   ↳ Saved best model (val_corr=0.088170)
2026-03-05 21:08:18,227 - INFO - Epoch   7/50 | Train: 0.183150 | Val: 0.181923 | Corr: 0.092559 | LR: 1.00e-04
2026-03-05 21:08:18,255 - INFO -   ↳ Saved best model (val_corr=0.092559)
2026-03-05 21:08:27,814 - INFO - Epoch   8/50 | Train: 0.182492 | Val: 0.181779 | Corr: 0.095670 | LR: 1.00e-04
2026-03-05 21:08:27,864 - INFO -   ↳ Saved best model (val_corr=0.095670)
2026-03-05 21:08:37,345 - INFO - Epoch   9/50 | Train: 0.182009 | Val: 0.181490 | Corr: 0.098047 | LR: 1.00e-04
2026-03-05 21:08:37,366 - INFO -   ↳ Saved best model (val_corr=0.098047)
2026-03-05 21:08:45,895 - INFO - Epoch  10/50 | Train: 0.181489 | Val: 0.180732 | Corr: 0.099892 | LR: 1.00e-04
2026-03-05 21:08:45,908 - INFO -   ↳ Saved best model (val_corr=0.099892)
2026-03-05 21:08:54,769 - INFO - Epoch  11/50 | Train: 0.181107 | Val: 0.180453 | Corr: 0.102697 | LR: 1.00e-04
2026-03-05 21:08:54,784 - INFO -   ↳ Saved best model (val_corr=0.102697)
2026-03-05 21:09:03,964 - INFO - Epoch  12/50 | Train: 0.180594 | Val: 0.180512 | Corr: 0.104335 | LR: 1.00e-04
2026-03-05 21:09:03,977 - INFO -   ↳ Saved best model (val_corr=0.104335)
2026-03-05 21:09:12,916 - INFO - Epoch  13/50 | Train: 0.180197 | Val: 0.180269 | Corr: 0.105123 | LR: 1.00e-04
2026-03-05 21:09:12,930 - INFO -   ↳ Saved best model (val_corr=0.105123)
2026-03-05 21:09:22,063 - INFO - Epoch  14/50 | Train: 0.179827 | Val: 0.179855 | Corr: 0.107962 | LR: 1.00e-04
2026-03-05 21:09:22,077 - INFO -   ↳ Saved best model (val_corr=0.107962)
2026-03-05 21:09:31,566 - INFO - Epoch  15/50 | Train: 0.179507 | Val: 0.179564 | Corr: 0.109572 | LR: 1.00e-04
2026-03-05 21:09:31,586 - INFO -   ↳ Saved best model (val_corr=0.109572)
2026-03-05 21:09:41,123 - INFO - Epoch  16/50 | Train: 0.179172 | Val: 0.179329 | Corr: 0.110722 | LR: 1.00e-04
2026-03-05 21:09:41,139 - INFO -   ↳ Saved best model (val_corr=0.110722)
2026-03-05 21:09:50,515 - INFO - Epoch  17/50 | Train: 0.178882 | Val: 0.179651 | Corr: 0.112987 | LR: 1.00e-04
2026-03-05 21:09:50,528 - INFO -   ↳ Saved best model (val_corr=0.112987)
2026-03-05 21:10:00,007 - INFO - Epoch  18/50 | Train: 0.178615 | Val: 0.179180 | Corr: 0.114250 | LR: 1.00e-04
2026-03-05 21:10:00,024 - INFO -   ↳ Saved best model (val_corr=0.114250)
2026-03-05 21:10:09,540 - INFO - Epoch  19/50 | Train: 0.178255 | Val: 0.178732 | Corr: 0.115697 | LR: 1.00e-04
2026-03-05 21:10:09,553 - INFO -   ↳ Saved best model (val_corr=0.115697)
2026-03-05 21:10:18,413 - INFO - Epoch  20/50 | Train: 0.178165 | Val: 0.179040 | Corr: 0.116765 | LR: 1.00e-04
2026-03-05 21:10:18,425 - INFO -   ↳ Saved best model (val_corr=0.116765)
2026-03-05 21:10:27,163 - INFO - Epoch  21/50 | Train: 0.177813 | Val: 0.178342 | Corr: 0.119267 | LR: 1.00e-04
2026-03-05 21:10:27,177 - INFO -   ↳ Saved best model (val_corr=0.119267)
2026-03-05 21:10:36,176 - INFO - Epoch  22/50 | Train: 0.177652 | Val: 0.178488 | Corr: 0.120242 | LR: 1.00e-04
2026-03-05 21:10:36,193 - INFO -   ↳ Saved best model (val_corr=0.120242)
2026-03-05 21:10:45,136 - INFO - Epoch  23/50 | Train: 0.177449 | Val: 0.178468 | Corr: 0.121051 | LR: 1.00e-04
2026-03-05 21:10:45,152 - INFO -   ↳ Saved best model (val_corr=0.121051)
2026-03-05 21:10:54,103 - INFO - Epoch  24/50 | Train: 0.177160 | Val: 0.178149 | Corr: 0.122045 | LR: 1.00e-04
2026-03-05 21:10:54,118 - INFO -   ↳ Saved best model (val_corr=0.122045)
2026-03-05 21:11:03,586 - INFO - Epoch  25/50 | Train: 0.176928 | Val: 0.178069 | Corr: 0.123335 | LR: 1.00e-04
2026-03-05 21:11:03,601 - INFO -   ↳ Saved best model (val_corr=0.123335)
2026-03-05 21:11:13,140 - INFO - Epoch  26/50 | Train: 0.176735 | Val: 0.177685 | Corr: 0.125068 | LR: 1.00e-04
2026-03-05 21:11:13,155 - INFO -   ↳ Saved best model (val_corr=0.125068)
2026-03-05 21:11:22,734 - INFO - Epoch  27/50 | Train: 0.176505 | Val: 0.177357 | Corr: 0.125584 | LR: 1.00e-04
2026-03-05 21:11:22,751 - INFO -   ↳ Saved best model (val_corr=0.125584)
2026-03-05 21:11:32,175 - INFO - Epoch  28/50 | Train: 0.176326 | Val: 0.177346 | Corr: 0.127024 | LR: 1.00e-04
2026-03-05 21:11:32,190 - INFO -   ↳ Saved best model (val_corr=0.127024)
2026-03-05 21:11:41,720 - INFO - Epoch  29/50 | Train: 0.176171 | Val: 0.177327 | Corr: 0.128484 | LR: 1.00e-04
2026-03-05 21:11:41,736 - INFO -   ↳ Saved best model (val_corr=0.128484)
2026-03-05 21:11:51,274 - INFO - Epoch  30/50 | Train: 0.175942 | Val: 0.177749 | Corr: 0.129006 | LR: 1.00e-04
2026-03-05 21:11:51,290 - INFO -   ↳ Saved best model (val_corr=0.129006)
2026-03-05 21:12:00,788 - INFO - Epoch  31/50 | Train: 0.175807 | Val: 0.177028 | Corr: 0.130583 | LR: 1.00e-04
2026-03-05 21:12:00,802 - INFO -   ↳ Saved best model (val_corr=0.130583)
2026-03-05 21:12:09,091 - INFO - Epoch  32/50 | Train: 0.175560 | Val: 0.176841 | Corr: 0.131678 | LR: 1.00e-04
2026-03-05 21:12:09,104 - INFO -   ↳ Saved best model (val_corr=0.131678)
2026-03-05 21:12:18,005 - INFO - Epoch  33/50 | Train: 0.175485 | Val: 0.176972 | Corr: 0.132681 | LR: 1.00e-04
2026-03-05 21:12:18,021 - INFO -   ↳ Saved best model (val_corr=0.132681)
2026-03-05 21:12:27,121 - INFO - Epoch  34/50 | Train: 0.175255 | Val: 0.176524 | Corr: 0.133661 | LR: 1.00e-04
2026-03-05 21:12:27,137 - INFO -   ↳ Saved best model (val_corr=0.133661)
2026-03-05 21:12:36,113 - INFO - Epoch  35/50 | Train: 0.175176 | Val: 0.176619 | Corr: 0.134951 | LR: 1.00e-04
2026-03-05 21:12:36,127 - INFO -   ↳ Saved best model (val_corr=0.134951)
2026-03-05 21:12:45,309 - INFO - Epoch  36/50 | Train: 0.175055 | Val: 0.176575 | Corr: 0.134878 | LR: 1.00e-04
2026-03-05 21:12:54,826 - INFO - Epoch  37/50 | Train: 0.174812 | Val: 0.176449 | Corr: 0.135642 | LR: 1.00e-04
2026-03-05 21:12:54,844 - INFO -   ↳ Saved best model (val_corr=0.135642)
2026-03-05 21:13:04,314 - INFO - Epoch  38/50 | Train: 0.174709 | Val: 0.176156 | Corr: 0.136804 | LR: 1.00e-04
2026-03-05 21:13:04,349 - INFO -   ↳ Saved best model (val_corr=0.136804)
2026-03-05 21:13:13,805 - INFO - Epoch  39/50 | Train: 0.174538 | Val: 0.176091 | Corr: 0.137843 | LR: 1.00e-04
2026-03-05 21:13:13,818 - INFO -   ↳ Saved best model (val_corr=0.137843)
2026-03-05 21:13:23,291 - INFO - Epoch  40/50 | Train: 0.174494 | Val: 0.175999 | Corr: 0.138710 | LR: 1.00e-04
2026-03-05 21:13:23,305 - INFO -   ↳ Saved best model (val_corr=0.138710)
2026-03-05 21:13:32,726 - INFO - Epoch  41/50 | Train: 0.174324 | Val: 0.176223 | Corr: 0.139456 | LR: 1.00e-04
2026-03-05 21:13:32,746 - INFO -   ↳ Saved best model (val_corr=0.139456)
2026-03-05 21:13:41,275 - INFO - Epoch  42/50 | Train: 0.174270 | Val: 0.176190 | Corr: 0.139268 | LR: 1.00e-04
2026-03-05 21:13:50,200 - INFO - Epoch  43/50 | Train: 0.174085 | Val: 0.176140 | Corr: 0.140960 | LR: 1.00e-04
2026-03-05 21:13:50,223 - INFO -   ↳ Saved best model (val_corr=0.140960)
2026-03-05 21:13:59,294 - INFO - Epoch  44/50 | Train: 0.173945 | Val: 0.175783 | Corr: 0.140837 | LR: 1.00e-04
2026-03-05 21:14:08,216 - INFO - Epoch  45/50 | Train: 0.173841 | Val: 0.176016 | Corr: 0.141772 | LR: 1.00e-04
2026-03-05 21:14:08,233 - INFO -   ↳ Saved best model (val_corr=0.141772)
2026-03-05 21:14:17,464 - INFO - Epoch  46/50 | Train: 0.173751 | Val: 0.175641 | Corr: 0.141911 | LR: 1.00e-04
2026-03-05 21:14:17,479 - INFO -   ↳ Saved best model (val_corr=0.141911)
2026-03-05 21:14:26,965 - INFO - Epoch  47/50 | Train: 0.173585 | Val: 0.175740 | Corr: 0.143498 | LR: 1.00e-04
2026-03-05 21:14:26,979 - INFO -   ↳ Saved best model (val_corr=0.143498)
2026-03-05 21:14:36,454 - INFO - Epoch  48/50 | Train: 0.173531 | Val: 0.175452 | Corr: 0.143422 | LR: 1.00e-04
2026-03-05 21:14:45,860 - INFO - Epoch  49/50 | Train: 0.173479 | Val: 0.175698 | Corr: 0.144925 | LR: 1.00e-04
2026-03-05 21:14:45,880 - INFO -   ↳ Saved best model (val_corr=0.144925)
2026-03-05 21:14:55,393 - INFO - Epoch  50/50 | Train: 0.173367 | Val: 0.175305 | Corr: 0.144615 | LR: 1.00e-04
2026-03-05 21:14:55,394 - INFO - Training complete — best val corr: 0.144925
2026-03-05 21:14:57,683 - INFO - Test loss: 0.167103, Test corr: 0.136327
2026-03-05 21:14:58,392 - INFO - Fraction of variance explained (FVE): 0.020694
2026-03-05 21:14:58,393 - INFO - Computing autoregressive (AR) test predictions …
2026-03-05 21:14:59,268 - INFO - AR FVE: 0.015065, AR test corr: 0.115685
2026-03-05 21:14:59,268 - INFO - Generating figures …
2026-03-05 21:14:59,953 - INFO - Correlation between predicted and actual per-neuron averages: r=0.9940, p=0.00e+00
2026-03-05 21:15:02,858 - INFO - Pattern selectivity summary:
2026-03-05 21:15:02,858 - INFO -   Mean correlation across neurons: 0.5124
2026-03-05 21:15:02,858 - INFO -   Median correlation: 0.5361
2026-03-05 21:15:02,858 - INFO -   Neurons with r > 0.5: 37 / 63
2026-03-05 21:15:02,859 - INFO -   Neurons with r > 0.3: 56 / 63
2026-03-05 21:15:02,859 - INFO - Pattern selectivity — mean neuron corr: 0.5124
2026-03-05 21:15:05,280 - INFO - LOO (avg rate) — Model mean r: 0.3828, LOO mean r: 0.4546, Neurons model > LOO: 15/63
2026-03-05 21:15:08,682 - INFO - LOO (temporal) — Model mean r: 0.1437, LOO mean r: 0.3186, Neurons model > LOO: 2/63
2026-03-05 21:15:08,682 - INFO - Skipping oracle trial plots (skip_oracle_plots=True)
2026-03-05 21:15:08,689 - INFO - Experiment complete. Summary: {
  "run_dir": "/scratch/sb272/patterns5k_results/slurm_hist_cnn_2026-03-05_16-01-45/trial_0038_learning_rate=1.0e-04_history=5_kernel_sizes=5x3x3_conv_channels=64x128x256_fc_dims=256_seed1",
  "model_type": "cnn",
  "batch_avg_test_loss": 0.16710324096679688,
  "batch_avg_test_corr": 0.13632656873505486,
  "all_test_fve": 0.020694497085752942,
  "AR_FVE": 0.015064664303310334,
  "AR_test_correlation": 0.11568481475114822,
  "best_val_corr": 0.14492461322232175,
  "total_params": 239807,
  "trainable_params": 239807,
  "epochs_trained": 50,
  "mean_pattern_corr": 0.5124110655840848,
  "history": 5,
  "init_state": true,
  "loo_avg_mean_corr": 0.45456832695830385,
  "model_avg_mean_corr": 0.382797876071107,
  "neurons_model_beats_loo_avg": 15,
  "loo_temporal_mean_corr": 0.31855225563049316,
  "all_test_corr": 0.14368367195129395,
  "neurons_model_beats_loo_temporal": 2,
  "kernel_sizes": [
    5,
    3,
    3
  ],
  "conv_channels": [
    64,
    128,
    256
  ],
  "fc_dims": [
    256
  ]
}
