2026-03-04 01:39:18,651 - INFO - ============================================================
2026-03-04 01:39:18,651 - INFO - Experiment run directory: /scratch/sb272/patterns5k_results/slurm_hist_cnn_2026-03-03_15-13-01/trial_0356_learning_rate=5.0e-03_history=1_kernel_sizes=10x5x3_conv_channels=256x128x64_fc_dims=256_seed1
2026-03-04 01:39:18,651 - INFO - ============================================================
2026-03-04 01:39:18,651 - INFO - Loading data …
2026-03-04 01:39:19,918 - INFO - 63 unique neurons after dropping problematic neurons
2026-03-04 01:39:20,748 - INFO - Stimulation channels: 42, Spiking neurons: 63
2026-03-04 01:40:27,781 - INFO - Unique patterns: 4050, Total trials: 5000
2026-03-04 01:40:27,783 - INFO - Stimulation channels: 42, Spiking neurons: 63
2026-03-04 01:40:27,783 - INFO - Unique patterns: 4050, Total trials: 5000
2026-03-04 01:40:27,794 - INFO - Split (oracle): train=3400, val=600, test=1000
2026-03-04 01:40:42,064 - INFO - BinnedStimSpikeDataset initialized:
2026-03-04 01:40:42,065 - INFO -   input_bin_size_ms=10, output_bin_size_ms=10
2026-03-04 01:40:42,065 - INFO -   n_input_bins=60, n_output_bins=60
2026-03-04 01:40:42,065 - INFO -   output_offset=0, total_bins_input=60, total_bins_output=60
2026-03-04 01:40:42,065 - INFO -   Valid start positions per trial: 0 to 0
2026-03-04 01:40:42,065 - INFO -   Total samples: 3400 (3400 trials × 1 positions)
2026-03-04 01:40:55,799 - INFO - BinnedStimSpikeDataset initialized:
2026-03-04 01:40:55,801 - INFO -   input_bin_size_ms=10, output_bin_size_ms=10
2026-03-04 01:40:55,801 - INFO -   n_input_bins=60, n_output_bins=60
2026-03-04 01:40:55,801 - INFO -   output_offset=0, total_bins_input=60, total_bins_output=60
2026-03-04 01:40:55,801 - INFO -   Valid start positions per trial: 0 to 0
2026-03-04 01:40:55,801 - INFO -   Total samples: 600 (600 trials × 1 positions)
2026-03-04 01:41:09,674 - INFO - BinnedStimSpikeDataset initialized:
2026-03-04 01:41:09,674 - INFO -   input_bin_size_ms=10, output_bin_size_ms=10
2026-03-04 01:41:09,674 - INFO -   n_input_bins=60, n_output_bins=60
2026-03-04 01:41:09,674 - INFO -   output_offset=0, total_bins_input=60, total_bins_output=60
2026-03-04 01:41:09,674 - INFO -   Valid start positions per trial: 0 to 0
2026-03-04 01:41:09,674 - INFO -   Total samples: 1000 (1000 trials × 1 positions)
2026-03-04 01:41:09,674 - INFO - Samples — train: 3400, val: 600, test: 1000
2026-03-04 01:41:09,674 - INFO - Input channels: 105, Neurons: 63
2026-03-04 01:41:09,676 - INFO - Using CPU
2026-03-04 01:41:09,693 - INFO - Model: CNN — 491,391 trainable params (491,391 total)
2026-03-04 01:41:14,545 - INFO - Starting training …
2026-03-04 01:41:22,041 - INFO - Epoch   1/50 | Train: 0.193506 | Val: 0.175896 | Corr: 0.149289 | LR: 5.00e-03
2026-03-04 01:41:22,058 - INFO -   ↳ Saved best model (val_corr=0.149289)
2026-03-04 01:41:28,011 - INFO - Epoch   2/50 | Train: 0.171507 | Val: 0.169407 | Corr: 0.177142 | LR: 5.00e-03
2026-03-04 01:41:28,025 - INFO -   ↳ Saved best model (val_corr=0.177142)
2026-03-04 01:41:33,938 - INFO - Epoch   3/50 | Train: 0.168239 | Val: 0.167398 | Corr: 0.190022 | LR: 5.00e-03
2026-03-04 01:41:33,952 - INFO -   ↳ Saved best model (val_corr=0.190022)
2026-03-04 01:41:39,866 - INFO - Epoch   4/50 | Train: 0.166032 | Val: 0.166125 | Corr: 0.199078 | LR: 5.00e-03
2026-03-04 01:41:39,887 - INFO -   ↳ Saved best model (val_corr=0.199078)
2026-03-04 01:41:45,754 - INFO - Epoch   5/50 | Train: 0.164427 | Val: 0.165047 | Corr: 0.205515 | LR: 5.00e-03
2026-03-04 01:41:45,770 - INFO -   ↳ Saved best model (val_corr=0.205515)
2026-03-04 01:41:51,665 - INFO - Epoch   6/50 | Train: 0.162967 | Val: 0.164078 | Corr: 0.210624 | LR: 5.00e-03
2026-03-04 01:41:51,683 - INFO -   ↳ Saved best model (val_corr=0.210624)
2026-03-04 01:41:57,584 - INFO - Epoch   7/50 | Train: 0.161619 | Val: 0.163828 | Corr: 0.216234 | LR: 5.00e-03
2026-03-04 01:41:57,598 - INFO -   ↳ Saved best model (val_corr=0.216234)
2026-03-04 01:42:03,536 - INFO - Epoch   8/50 | Train: 0.160590 | Val: 0.163820 | Corr: 0.220098 | LR: 5.00e-03
2026-03-04 01:42:03,555 - INFO -   ↳ Saved best model (val_corr=0.220098)
2026-03-04 01:42:09,497 - INFO - Epoch   9/50 | Train: 0.159490 | Val: 0.163259 | Corr: 0.223023 | LR: 5.00e-03
2026-03-04 01:42:09,514 - INFO -   ↳ Saved best model (val_corr=0.223023)
2026-03-04 01:42:15,499 - INFO - Epoch  10/50 | Train: 0.158531 | Val: 0.163483 | Corr: 0.225605 | LR: 5.00e-03
2026-03-04 01:42:15,517 - INFO -   ↳ Saved best model (val_corr=0.225605)
2026-03-04 01:42:21,486 - INFO - Epoch  11/50 | Train: 0.157974 | Val: 0.162155 | Corr: 0.229486 | LR: 5.00e-03
2026-03-04 01:42:21,500 - INFO -   ↳ Saved best model (val_corr=0.229486)
2026-03-04 01:42:27,467 - INFO - Epoch  12/50 | Train: 0.157227 | Val: 0.162486 | Corr: 0.229405 | LR: 5.00e-03
2026-03-04 01:42:33,465 - INFO - Epoch  13/50 | Train: 0.156598 | Val: 0.162065 | Corr: 0.233682 | LR: 5.00e-03
2026-03-04 01:42:33,483 - INFO -   ↳ Saved best model (val_corr=0.233682)
2026-03-04 01:42:39,454 - INFO - Epoch  14/50 | Train: 0.155927 | Val: 0.161946 | Corr: 0.233685 | LR: 5.00e-03
2026-03-04 01:42:39,484 - INFO -   ↳ Saved best model (val_corr=0.233685)
2026-03-04 01:42:45,504 - INFO - Epoch  15/50 | Train: 0.155420 | Val: 0.161824 | Corr: 0.234225 | LR: 5.00e-03
2026-03-04 01:42:45,521 - INFO -   ↳ Saved best model (val_corr=0.234225)
2026-03-04 01:42:51,396 - INFO - Epoch  16/50 | Train: 0.154844 | Val: 0.161647 | Corr: 0.236952 | LR: 5.00e-03
2026-03-04 01:42:51,409 - INFO -   ↳ Saved best model (val_corr=0.236952)
2026-03-04 01:42:57,285 - INFO - Epoch  17/50 | Train: 0.154376 | Val: 0.161963 | Corr: 0.236857 | LR: 5.00e-03
2026-03-04 01:43:03,129 - INFO - Epoch  18/50 | Train: 0.153951 | Val: 0.161806 | Corr: 0.238322 | LR: 5.00e-03
2026-03-04 01:43:03,148 - INFO -   ↳ Saved best model (val_corr=0.238322)
2026-03-04 01:43:09,029 - INFO - Epoch  19/50 | Train: 0.153549 | Val: 0.161964 | Corr: 0.236517 | LR: 5.00e-03
2026-03-04 01:43:14,932 - INFO - Epoch  20/50 | Train: 0.153296 | Val: 0.161762 | Corr: 0.239154 | LR: 5.00e-03
2026-03-04 01:43:14,947 - INFO -   ↳ Saved best model (val_corr=0.239154)
2026-03-04 01:43:20,815 - INFO - Epoch  21/50 | Train: 0.152873 | Val: 0.161897 | Corr: 0.238270 | LR: 5.00e-03
2026-03-04 01:43:26,646 - INFO - Epoch  22/50 | Train: 0.152624 | Val: 0.161663 | Corr: 0.239410 | LR: 2.50e-03
2026-03-04 01:43:26,671 - INFO -   ↳ Saved best model (val_corr=0.239410)
2026-03-04 01:43:32,510 - INFO - Epoch  23/50 | Train: 0.151159 | Val: 0.161599 | Corr: 0.241840 | LR: 2.50e-03
2026-03-04 01:43:32,523 - INFO -   ↳ Saved best model (val_corr=0.241840)
2026-03-04 01:43:38,395 - INFO - Epoch  24/50 | Train: 0.150441 | Val: 0.161319 | Corr: 0.242657 | LR: 2.50e-03
2026-03-04 01:43:38,409 - INFO -   ↳ Saved best model (val_corr=0.242657)
2026-03-04 01:43:44,259 - INFO - Epoch  25/50 | Train: 0.150093 | Val: 0.161377 | Corr: 0.243785 | LR: 2.50e-03
2026-03-04 01:43:44,272 - INFO -   ↳ Saved best model (val_corr=0.243785)
2026-03-04 01:43:50,158 - INFO - Epoch  26/50 | Train: 0.149897 | Val: 0.161807 | Corr: 0.242669 | LR: 2.50e-03
2026-03-04 01:43:56,046 - INFO - Epoch  27/50 | Train: 0.149612 | Val: 0.162214 | Corr: 0.241494 | LR: 2.50e-03
2026-03-04 01:44:01,899 - INFO - Epoch  28/50 | Train: 0.149471 | Val: 0.161912 | Corr: 0.243823 | LR: 2.50e-03
2026-03-04 01:44:01,917 - INFO -   ↳ Saved best model (val_corr=0.243823)
2026-03-04 01:44:07,765 - INFO - Epoch  29/50 | Train: 0.149210 | Val: 0.162080 | Corr: 0.242459 | LR: 2.50e-03
2026-03-04 01:44:13,621 - INFO - Epoch  30/50 | Train: 0.149154 | Val: 0.161977 | Corr: 0.241875 | LR: 1.25e-03
2026-03-04 01:44:19,418 - INFO - Epoch  31/50 | Train: 0.148298 | Val: 0.162080 | Corr: 0.243333 | LR: 1.25e-03
2026-03-04 01:44:25,323 - INFO - Epoch  32/50 | Train: 0.148078 | Val: 0.162142 | Corr: 0.243629 | LR: 1.25e-03
2026-03-04 01:44:31,216 - INFO - Epoch  33/50 | Train: 0.147844 | Val: 0.162090 | Corr: 0.241703 | LR: 1.25e-03
2026-03-04 01:44:37,097 - INFO - Epoch  34/50 | Train: 0.147643 | Val: 0.162159 | Corr: 0.242759 | LR: 1.25e-03
2026-03-04 01:44:42,992 - INFO - Epoch  35/50 | Train: 0.147550 | Val: 0.162446 | Corr: 0.241031 | LR: 1.25e-03
2026-03-04 01:44:48,897 - INFO - Epoch  36/50 | Train: 0.147483 | Val: 0.162643 | Corr: 0.241446 | LR: 6.25e-04
2026-03-04 01:44:54,768 - INFO - Epoch  37/50 | Train: 0.147012 | Val: 0.162376 | Corr: 0.243588 | LR: 6.25e-04
2026-03-04 01:45:00,710 - INFO - Epoch  38/50 | Train: 0.146978 | Val: 0.162566 | Corr: 0.242576 | LR: 6.25e-04
2026-03-04 01:45:00,710 - INFO - Early stopping at epoch 38
2026-03-04 01:45:00,710 - INFO - Training complete — best val corr: 0.243823
2026-03-04 01:45:02,063 - INFO - Test loss: 0.152725, Test corr: 0.239513
2026-03-04 01:45:02,626 - INFO - Fraction of variance explained (FVE): 0.069833
2026-03-04 01:45:02,626 - INFO - Computing autoregressive (AR) test predictions …
2026-03-04 01:45:03,290 - INFO - AR FVE: -0.016879, AR test corr: 0.059323
2026-03-04 01:45:03,290 - INFO - Generating figures …
2026-03-04 01:45:03,642 - INFO - Correlation between predicted and actual per-neuron averages: r=0.9876, p=0.00e+00
2026-03-04 01:45:05,247 - INFO - Pattern selectivity summary:
2026-03-04 01:45:05,247 - INFO -   Mean correlation across neurons: 0.6911
2026-03-04 01:45:05,248 - INFO -   Median correlation: 0.7089
2026-03-04 01:45:05,248 - INFO -   Neurons with r > 0.5: 55 / 63
2026-03-04 01:45:05,248 - INFO -   Neurons with r > 0.3: 63 / 63
2026-03-04 01:45:05,248 - INFO - Pattern selectivity — mean neuron corr: 0.6911
2026-03-04 01:45:06,622 - INFO - LOO (avg rate) — Model mean r: 0.5590, LOO mean r: 0.4546, Neurons model > LOO: 47/63
2026-03-04 01:45:08,431 - INFO - LOO (temporal) — Model mean r: 0.2500, LOO mean r: 0.3186, Neurons model > LOO: 14/63
2026-03-04 01:45:08,431 - INFO - Skipping oracle trial plots (skip_oracle_plots=True)
2026-03-04 01:45:08,438 - INFO - Experiment complete. Summary: {
  "run_dir": "/scratch/sb272/patterns5k_results/slurm_hist_cnn_2026-03-03_15-13-01/trial_0356_learning_rate=5.0e-03_history=1_kernel_sizes=10x5x3_conv_channels=256x128x64_fc_dims=256_seed1",
  "model_type": "cnn",
  "batch_avg_test_loss": 0.15272501611709594,
  "batch_avg_test_corr": 0.23951270063301666,
  "all_test_fve": 0.06983337799708049,
  "AR_FVE": -0.01687911105534387,
  "AR_test_correlation": 0.05932321026921272,
  "best_val_corr": 0.24382339849221973,
  "total_params": 491391,
  "trainable_params": 491391,
  "epochs_trained": 38,
  "mean_pattern_corr": 0.6911247974497153,
  "history": 1,
  "init_state": true,
  "loo_avg_mean_corr": 0.45456832695830385,
  "model_avg_mean_corr": 0.5589680510704642,
  "neurons_model_beats_loo_avg": 47,
  "loo_temporal_mean_corr": 0.31855225563049316,
  "all_test_corr": 0.25004297494888306,
  "neurons_model_beats_loo_temporal": 14,
  "kernel_sizes": [
    10,
    5,
    3
  ],
  "conv_channels": [
    256,
    128,
    64
  ],
  "fc_dims": [
    256
  ]
}
