2026-02-15 21:39:51,178 - INFO - ============================================================
2026-02-15 21:39:51,178 - INFO - Experiment run directory: results/base_cnn_kernel_sweep_2026-02-15_19-39-07/trial_0035_learning_rate=0.01
2026-02-15 21:39:51,178 - INFO - ============================================================
2026-02-15 21:39:51,178 - INFO - Using preloaded raw data (skipping I/O)
2026-02-15 21:39:51,178 - INFO - Stimulation channels: 42, Spiking neurons: 63
2026-02-15 21:39:51,178 - INFO - Unique patterns: 4050, Total trials: 5000
2026-02-15 21:39:51,191 - INFO - Split (oracle): train=3400, val=600, test=1000
2026-02-15 21:40:05,181 - INFO - BinnedStimSpikeDataset initialized:
2026-02-15 21:40:05,182 - INFO -   input_bin_size_ms=10, output_bin_size_ms=10
2026-02-15 21:40:05,182 - INFO -   n_input_bins=60, n_output_bins=60
2026-02-15 21:40:05,182 - INFO -   output_offset=0, total_bins_input=60, total_bins_output=60
2026-02-15 21:40:05,182 - INFO -   Valid start positions per trial: 0 to 0
2026-02-15 21:40:05,182 - INFO -   Total samples: 3400 (3400 trials × 1 positions)
2026-02-15 21:40:18,528 - INFO - BinnedStimSpikeDataset initialized:
2026-02-15 21:40:18,529 - INFO -   input_bin_size_ms=10, output_bin_size_ms=10
2026-02-15 21:40:18,529 - INFO -   n_input_bins=60, n_output_bins=60
2026-02-15 21:40:18,529 - INFO -   output_offset=0, total_bins_input=60, total_bins_output=60
2026-02-15 21:40:18,529 - INFO -   Valid start positions per trial: 0 to 0
2026-02-15 21:40:18,529 - INFO -   Total samples: 600 (600 trials × 1 positions)
2026-02-15 21:40:31,965 - INFO - BinnedStimSpikeDataset initialized:
2026-02-15 21:40:31,966 - INFO -   input_bin_size_ms=10, output_bin_size_ms=10
2026-02-15 21:40:31,966 - INFO -   n_input_bins=60, n_output_bins=60
2026-02-15 21:40:31,966 - INFO -   output_offset=0, total_bins_input=60, total_bins_output=60
2026-02-15 21:40:31,966 - INFO -   Valid start positions per trial: 0 to 0
2026-02-15 21:40:31,966 - INFO -   Total samples: 1000 (1000 trials × 1 positions)
2026-02-15 21:40:31,966 - INFO - Samples — train: 3400, val: 600, test: 1000
2026-02-15 21:40:31,966 - INFO - Input channels: 105, Neurons: 63
2026-02-15 21:40:31,966 - INFO - Using Apple Silicon MPS acceleration
2026-02-15 21:40:31,983 - INFO - Model: CNN — 109,631 trainable params (109,631 total)
2026-02-15 21:40:31,983 - INFO - Starting training …
2026-02-15 21:40:33,978 - INFO - Epoch   1/50 | Train: 0.212622 | Val: 0.195636 | Corr: 0.193561 | LR: 1.00e-02
2026-02-15 21:40:33,983 - INFO -   ↳ Saved best model (val_corr=0.193561)
2026-02-15 21:40:35,991 - INFO - Epoch   2/50 | Train: 0.196509 | Val: 0.192703 | Corr: 0.214568 | LR: 1.00e-02
2026-02-15 21:40:35,995 - INFO -   ↳ Saved best model (val_corr=0.214568)
2026-02-15 21:40:37,957 - INFO - Epoch   3/50 | Train: 0.194556 | Val: 0.191752 | Corr: 0.225810 | LR: 1.00e-02
2026-02-15 21:40:37,961 - INFO -   ↳ Saved best model (val_corr=0.225810)
2026-02-15 21:40:39,960 - INFO - Epoch   4/50 | Train: 0.193260 | Val: 0.190700 | Corr: 0.232650 | LR: 1.00e-02
2026-02-15 21:40:39,964 - INFO -   ↳ Saved best model (val_corr=0.232650)
2026-02-15 21:40:41,928 - INFO - Epoch   5/50 | Train: 0.192568 | Val: 0.190919 | Corr: 0.235550 | LR: 1.00e-02
2026-02-15 21:40:41,932 - INFO -   ↳ Saved best model (val_corr=0.235550)
2026-02-15 21:40:43,929 - INFO - Epoch   6/50 | Train: 0.192190 | Val: 0.190189 | Corr: 0.238979 | LR: 1.00e-02
2026-02-15 21:40:43,933 - INFO -   ↳ Saved best model (val_corr=0.238979)
2026-02-15 21:40:45,925 - INFO - Epoch   7/50 | Train: 0.191700 | Val: 0.190126 | Corr: 0.240366 | LR: 1.00e-02
2026-02-15 21:40:45,928 - INFO -   ↳ Saved best model (val_corr=0.240366)
2026-02-15 21:40:47,877 - INFO - Epoch   8/50 | Train: 0.191433 | Val: 0.189739 | Corr: 0.242912 | LR: 1.00e-02
2026-02-15 21:40:47,881 - INFO -   ↳ Saved best model (val_corr=0.242912)
2026-02-15 21:40:49,826 - INFO - Epoch   9/50 | Train: 0.191041 | Val: 0.189968 | Corr: 0.243567 | LR: 1.00e-02
2026-02-15 21:40:49,830 - INFO -   ↳ Saved best model (val_corr=0.243567)
2026-02-15 21:40:51,826 - INFO - Epoch  10/50 | Train: 0.190693 | Val: 0.189567 | Corr: 0.244097 | LR: 1.00e-02
2026-02-15 21:40:51,831 - INFO -   ↳ Saved best model (val_corr=0.244097)
2026-02-15 21:40:53,743 - INFO - Epoch  11/50 | Train: 0.190373 | Val: 0.189460 | Corr: 0.246821 | LR: 1.00e-02
2026-02-15 21:40:53,748 - INFO -   ↳ Saved best model (val_corr=0.246821)
2026-02-15 21:40:55,700 - INFO - Epoch  12/50 | Train: 0.190059 | Val: 0.189296 | Corr: 0.247212 | LR: 1.00e-02
2026-02-15 21:40:55,704 - INFO -   ↳ Saved best model (val_corr=0.247212)
2026-02-15 21:40:57,692 - INFO - Epoch  13/50 | Train: 0.189816 | Val: 0.189361 | Corr: 0.247152 | LR: 1.00e-02
2026-02-15 21:40:59,687 - INFO - Epoch  14/50 | Train: 0.189616 | Val: 0.189096 | Corr: 0.247788 | LR: 1.00e-02
2026-02-15 21:40:59,691 - INFO -   ↳ Saved best model (val_corr=0.247788)
2026-02-15 21:41:01,657 - INFO - Epoch  15/50 | Train: 0.189556 | Val: 0.189159 | Corr: 0.248002 | LR: 1.00e-02
2026-02-15 21:41:01,661 - INFO -   ↳ Saved best model (val_corr=0.248002)
2026-02-15 21:41:03,651 - INFO - Epoch  16/50 | Train: 0.189294 | Val: 0.189168 | Corr: 0.248620 | LR: 1.00e-02
2026-02-15 21:41:03,654 - INFO -   ↳ Saved best model (val_corr=0.248620)
2026-02-15 21:41:05,661 - INFO - Epoch  17/50 | Train: 0.189119 | Val: 0.189198 | Corr: 0.247728 | LR: 1.00e-02
2026-02-15 21:41:07,620 - INFO - Epoch  18/50 | Train: 0.189050 | Val: 0.189154 | Corr: 0.248733 | LR: 1.00e-02
2026-02-15 21:41:07,624 - INFO -   ↳ Saved best model (val_corr=0.248733)
2026-02-15 21:41:09,589 - INFO - Epoch  19/50 | Train: 0.188852 | Val: 0.188915 | Corr: 0.250246 | LR: 1.00e-02
2026-02-15 21:41:09,593 - INFO -   ↳ Saved best model (val_corr=0.250246)
2026-02-15 21:41:11,522 - INFO - Epoch  20/50 | Train: 0.188696 | Val: 0.189075 | Corr: 0.249456 | LR: 1.00e-02
2026-02-15 21:41:13,453 - INFO - Epoch  21/50 | Train: 0.188632 | Val: 0.189265 | Corr: 0.247722 | LR: 1.00e-02
2026-02-15 21:41:15,433 - INFO - Epoch  22/50 | Train: 0.188565 | Val: 0.188918 | Corr: 0.250624 | LR: 1.00e-02
2026-02-15 21:41:15,437 - INFO -   ↳ Saved best model (val_corr=0.250624)
2026-02-15 21:41:17,419 - INFO - Epoch  23/50 | Train: 0.188525 | Val: 0.189077 | Corr: 0.249320 | LR: 1.00e-02
2026-02-15 21:41:19,392 - INFO - Epoch  24/50 | Train: 0.188417 | Val: 0.189046 | Corr: 0.249445 | LR: 1.00e-02
2026-02-15 21:41:21,353 - INFO - Epoch  25/50 | Train: 0.188283 | Val: 0.189128 | Corr: 0.248245 | LR: 5.00e-03
2026-02-15 21:41:23,322 - INFO - Epoch  26/50 | Train: 0.187435 | Val: 0.188771 | Corr: 0.253040 | LR: 5.00e-03
2026-02-15 21:41:23,326 - INFO -   ↳ Saved best model (val_corr=0.253040)
2026-02-15 21:41:25,293 - INFO - Epoch  27/50 | Train: 0.187283 | Val: 0.188648 | Corr: 0.253333 | LR: 5.00e-03
2026-02-15 21:41:25,297 - INFO -   ↳ Saved best model (val_corr=0.253333)
2026-02-15 21:41:27,257 - INFO - Epoch  28/50 | Train: 0.187106 | Val: 0.188621 | Corr: 0.253419 | LR: 5.00e-03
2026-02-15 21:41:27,261 - INFO -   ↳ Saved best model (val_corr=0.253419)
2026-02-15 21:41:29,242 - INFO - Epoch  29/50 | Train: 0.187088 | Val: 0.188690 | Corr: 0.253361 | LR: 5.00e-03
2026-02-15 21:41:31,211 - INFO - Epoch  30/50 | Train: 0.186977 | Val: 0.188742 | Corr: 0.252381 | LR: 5.00e-03
2026-02-15 21:41:33,221 - INFO - Epoch  31/50 | Train: 0.186991 | Val: 0.188697 | Corr: 0.252827 | LR: 5.00e-03
2026-02-15 21:41:35,176 - INFO - Epoch  32/50 | Train: 0.186953 | Val: 0.188674 | Corr: 0.253507 | LR: 5.00e-03
2026-02-15 21:41:35,180 - INFO -   ↳ Saved best model (val_corr=0.253507)
2026-02-15 21:41:37,163 - INFO - Epoch  33/50 | Train: 0.186870 | Val: 0.188845 | Corr: 0.252878 | LR: 5.00e-03
2026-02-15 21:41:39,135 - INFO - Epoch  34/50 | Train: 0.186857 | Val: 0.188750 | Corr: 0.252174 | LR: 2.50e-03
2026-02-15 21:41:41,075 - INFO - Epoch  35/50 | Train: 0.186326 | Val: 0.188601 | Corr: 0.254350 | LR: 2.50e-03
2026-02-15 21:41:41,079 - INFO -   ↳ Saved best model (val_corr=0.254350)
2026-02-15 21:41:43,059 - INFO - Epoch  36/50 | Train: 0.186219 | Val: 0.188501 | Corr: 0.254900 | LR: 2.50e-03
2026-02-15 21:41:43,063 - INFO -   ↳ Saved best model (val_corr=0.254900)
2026-02-15 21:41:45,062 - INFO - Epoch  37/50 | Train: 0.186191 | Val: 0.188582 | Corr: 0.254125 | LR: 2.50e-03
2026-02-15 21:41:47,057 - INFO - Epoch  38/50 | Train: 0.186125 | Val: 0.188597 | Corr: 0.254085 | LR: 2.50e-03
2026-02-15 21:41:49,013 - INFO - Epoch  39/50 | Train: 0.186043 | Val: 0.188625 | Corr: 0.254429 | LR: 2.50e-03
2026-02-15 21:41:50,981 - INFO - Epoch  40/50 | Train: 0.186048 | Val: 0.188624 | Corr: 0.254342 | LR: 2.50e-03
2026-02-15 21:41:52,973 - INFO - Epoch  41/50 | Train: 0.185983 | Val: 0.188634 | Corr: 0.254128 | LR: 2.50e-03
2026-02-15 21:41:54,920 - INFO - Epoch  42/50 | Train: 0.185963 | Val: 0.188663 | Corr: 0.254304 | LR: 1.25e-03
2026-02-15 21:41:56,890 - INFO - Epoch  43/50 | Train: 0.185690 | Val: 0.188608 | Corr: 0.254837 | LR: 1.25e-03
2026-02-15 21:41:58,869 - INFO - Epoch  44/50 | Train: 0.185638 | Val: 0.188571 | Corr: 0.255154 | LR: 1.25e-03
2026-02-15 21:41:58,873 - INFO -   ↳ Saved best model (val_corr=0.255154)
2026-02-15 21:42:00,861 - INFO - Epoch  45/50 | Train: 0.185566 | Val: 0.188591 | Corr: 0.254890 | LR: 1.25e-03
2026-02-15 21:42:02,815 - INFO - Epoch  46/50 | Train: 0.185531 | Val: 0.188619 | Corr: 0.254845 | LR: 1.25e-03
2026-02-15 21:42:04,796 - INFO - Epoch  47/50 | Train: 0.185461 | Val: 0.188625 | Corr: 0.254802 | LR: 1.25e-03
2026-02-15 21:42:06,755 - INFO - Epoch  48/50 | Train: 0.185546 | Val: 0.188628 | Corr: 0.254823 | LR: 6.25e-04
2026-02-15 21:42:08,745 - INFO - Epoch  49/50 | Train: 0.185330 | Val: 0.188594 | Corr: 0.255384 | LR: 6.25e-04
2026-02-15 21:42:08,749 - INFO -   ↳ Saved best model (val_corr=0.255384)
2026-02-15 21:42:10,745 - INFO - Epoch  50/50 | Train: 0.185356 | Val: 0.188598 | Corr: 0.255160 | LR: 6.25e-04
2026-02-15 21:42:10,745 - INFO - Training complete — best val corr: 0.255384
2026-02-15 21:42:11,053 - INFO - Test loss: 0.178941, Test corr: 0.257880
2026-02-15 21:42:11,143 - INFO - Generating figures …
2026-02-15 21:42:11,347 - INFO - Correlation between predicted and actual per-neuron averages: r=0.9956, p=2.08e-64
2026-02-15 21:42:12,175 - INFO - Pattern selectivity summary:
2026-02-15 21:42:12,175 - INFO -   Mean correlation across neurons: 0.6555
2026-02-15 21:42:12,175 - INFO -   Median correlation: 0.6676
2026-02-15 21:42:12,175 - INFO -   Neurons with r > 0.5: 53 / 63
2026-02-15 21:42:12,175 - INFO -   Neurons with r > 0.3: 63 / 63
2026-02-15 21:42:12,175 - INFO - Pattern selectivity — mean neuron corr: 0.6555
2026-02-15 21:42:12,516 - INFO - LOO baseline — Model mean r: 0.4534, LOO mean r: 0.4728, Neurons model > LOO: 26/63
2026-02-15 21:42:12,517 - INFO - Skipping oracle trial plots (skip_oracle_plots=True)
2026-02-15 21:42:12,517 - INFO - Experiment complete. Summary: {
  "run_dir": "results/base_cnn_kernel_sweep_2026-02-15_19-39-07/trial_0035_learning_rate=0.01",
  "model_type": "cnn",
  "test_loss": 0.1789406601190567,
  "test_corr": 0.2578797021211627,
  "best_val_corr": 0.25538441943092427,
  "total_params": 109631,
  "trainable_params": 109631,
  "epochs_trained": 50,
  "mean_pattern_corr": 0.6554728375141845,
  "loo_mean_corr": 0.47275709111471625,
  "model_sample_mean_corr": 0.45342764764266097,
  "neurons_model_beats_loo": 26
}
2026-02-15 21:42:12,518 - INFO - 
======================================================================
2026-02-15 21:42:12,518 - INFO - [37/216] trial_0036_learning_rate=1.0e-04
2026-02-15 21:42:12,518 - INFO -   Overrides: {"kernel_sizes": [3], "learning_rate": 0.0001, "weight_decay": 0, "conv_channels": [64]}
2026-02-15 21:42:12,518 - INFO -   Output: results/base_cnn_kernel_sweep_2026-02-15_19-39-07/trial_0036_learning_rate=1.0e-04
