2026-03-04 02:00:39,016 - INFO - ============================================================
2026-03-04 02:00:39,016 - INFO - Experiment run directory: /scratch/sb272/patterns5k_results/slurm_hist_cnn_2026-03-03_15-13-01/trial_0049_learning_rate=1.0e-04_history=5_kernel_sizes=3_conv_channels=256_fc_dims=256_seed0
2026-03-04 02:00:39,016 - INFO - ============================================================
2026-03-04 02:00:39,016 - INFO - Loading data …
2026-03-04 02:00:40,658 - INFO - 63 unique neurons after dropping problematic neurons
2026-03-04 02:00:41,690 - INFO - Stimulation channels: 42, Spiking neurons: 63
2026-03-04 02:02:10,549 - INFO - Unique patterns: 4050, Total trials: 5000
2026-03-04 02:02:10,550 - INFO - Stimulation channels: 42, Spiking neurons: 63
2026-03-04 02:02:10,551 - INFO - Unique patterns: 4050, Total trials: 5000
2026-03-04 02:02:10,563 - INFO - Split (oracle): train=3400, val=600, test=1000
2026-03-04 02:02:28,374 - INFO - BinnedStimSpikeDataset initialized:
2026-03-04 02:02:28,375 - INFO -   input_bin_size_ms=10, output_bin_size_ms=10
2026-03-04 02:02:28,375 - INFO -   n_input_bins=60, n_output_bins=60
2026-03-04 02:02:28,375 - INFO -   output_offset=0, total_bins_input=60, total_bins_output=60
2026-03-04 02:02:28,375 - INFO -   Valid start positions per trial: 0 to 0
2026-03-04 02:02:28,375 - INFO -   Total samples: 3400 (3400 trials × 1 positions)
2026-03-04 02:02:45,382 - INFO - BinnedStimSpikeDataset initialized:
2026-03-04 02:02:45,382 - INFO -   input_bin_size_ms=10, output_bin_size_ms=10
2026-03-04 02:02:45,382 - INFO -   n_input_bins=60, n_output_bins=60
2026-03-04 02:02:45,382 - INFO -   output_offset=0, total_bins_input=60, total_bins_output=60
2026-03-04 02:02:45,382 - INFO -   Valid start positions per trial: 0 to 0
2026-03-04 02:02:45,382 - INFO -   Total samples: 600 (600 trials × 1 positions)
2026-03-04 02:03:02,603 - INFO - BinnedStimSpikeDataset initialized:
2026-03-04 02:03:02,603 - INFO -   input_bin_size_ms=10, output_bin_size_ms=10
2026-03-04 02:03:02,603 - INFO -   n_input_bins=60, n_output_bins=60
2026-03-04 02:03:02,603 - INFO -   output_offset=0, total_bins_input=60, total_bins_output=60
2026-03-04 02:03:02,603 - INFO -   Valid start positions per trial: 0 to 0
2026-03-04 02:03:02,603 - INFO -   Total samples: 1000 (1000 trials × 1 positions)
2026-03-04 02:03:02,604 - INFO - Samples — train: 3400, val: 600, test: 1000
2026-03-04 02:03:02,604 - INFO - Input channels: 105, Neurons: 63
2026-03-04 02:03:02,612 - INFO - Using CPU
2026-03-04 02:03:02,628 - INFO - Model: CNN — 163,391 trainable params (163,391 total)
2026-03-04 02:03:08,907 - INFO - Starting training …
2026-03-04 02:03:13,801 - INFO - Epoch   1/50 | Train: 0.393719 | Val: 0.200248 | Corr: -0.017802 | LR: 1.00e-04
2026-03-04 02:03:13,817 - INFO -   ↳ Saved best model (val_corr=-0.017802)
2026-03-04 02:03:17,674 - INFO - Epoch   2/50 | Train: 0.197507 | Val: 0.195377 | Corr: 0.008641 | LR: 1.00e-04
2026-03-04 02:03:17,686 - INFO -   ↳ Saved best model (val_corr=0.008641)
2026-03-04 02:03:21,542 - INFO - Epoch   3/50 | Train: 0.194139 | Val: 0.193337 | Corr: 0.018160 | LR: 1.00e-04
2026-03-04 02:03:21,554 - INFO -   ↳ Saved best model (val_corr=0.018160)
2026-03-04 02:03:25,313 - INFO - Epoch   4/50 | Train: 0.191943 | Val: 0.191551 | Corr: 0.027037 | LR: 1.00e-04
2026-03-04 02:03:25,325 - INFO -   ↳ Saved best model (val_corr=0.027037)
2026-03-04 02:03:29,089 - INFO - Epoch   5/50 | Train: 0.190367 | Val: 0.190425 | Corr: 0.034260 | LR: 1.00e-04
2026-03-04 02:03:29,100 - INFO -   ↳ Saved best model (val_corr=0.034260)
2026-03-04 02:03:32,866 - INFO - Epoch   6/50 | Train: 0.188800 | Val: 0.189364 | Corr: 0.041529 | LR: 1.00e-04
2026-03-04 02:03:32,877 - INFO -   ↳ Saved best model (val_corr=0.041529)
2026-03-04 02:03:36,653 - INFO - Epoch   7/50 | Train: 0.187704 | Val: 0.188359 | Corr: 0.048611 | LR: 1.00e-04
2026-03-04 02:03:36,664 - INFO -   ↳ Saved best model (val_corr=0.048611)
2026-03-04 02:03:40,741 - INFO - Epoch   8/50 | Train: 0.186822 | Val: 0.187838 | Corr: 0.053645 | LR: 1.00e-04
2026-03-04 02:03:40,754 - INFO -   ↳ Saved best model (val_corr=0.053645)
2026-03-04 02:03:44,909 - INFO - Epoch   9/50 | Train: 0.186030 | Val: 0.187260 | Corr: 0.058207 | LR: 1.00e-04
2026-03-04 02:03:44,922 - INFO -   ↳ Saved best model (val_corr=0.058207)
2026-03-04 02:03:49,032 - INFO - Epoch  10/50 | Train: 0.185426 | Val: 0.186922 | Corr: 0.061748 | LR: 1.00e-04
2026-03-04 02:03:49,044 - INFO -   ↳ Saved best model (val_corr=0.061748)
2026-03-04 02:03:53,049 - INFO - Epoch  11/50 | Train: 0.184687 | Val: 0.186440 | Corr: 0.065459 | LR: 1.00e-04
2026-03-04 02:03:53,073 - INFO -   ↳ Saved best model (val_corr=0.065459)
2026-03-04 02:03:57,116 - INFO - Epoch  12/50 | Train: 0.184154 | Val: 0.186080 | Corr: 0.068979 | LR: 1.00e-04
2026-03-04 02:03:57,130 - INFO -   ↳ Saved best model (val_corr=0.068979)
2026-03-04 02:04:01,249 - INFO - Epoch  13/50 | Train: 0.183692 | Val: 0.185813 | Corr: 0.071847 | LR: 1.00e-04
2026-03-04 02:04:01,269 - INFO -   ↳ Saved best model (val_corr=0.071847)
2026-03-04 02:04:05,396 - INFO - Epoch  14/50 | Train: 0.183274 | Val: 0.185518 | Corr: 0.074733 | LR: 1.00e-04
2026-03-04 02:04:05,414 - INFO -   ↳ Saved best model (val_corr=0.074733)
2026-03-04 02:04:09,496 - INFO - Epoch  15/50 | Train: 0.182790 | Val: 0.185156 | Corr: 0.077618 | LR: 1.00e-04
2026-03-04 02:04:09,514 - INFO -   ↳ Saved best model (val_corr=0.077618)
2026-03-04 02:04:13,687 - INFO - Epoch  16/50 | Train: 0.182426 | Val: 0.184916 | Corr: 0.080510 | LR: 1.00e-04
2026-03-04 02:04:13,697 - INFO -   ↳ Saved best model (val_corr=0.080510)
2026-03-04 02:04:17,862 - INFO - Epoch  17/50 | Train: 0.182024 | Val: 0.184629 | Corr: 0.083553 | LR: 1.00e-04
2026-03-04 02:04:17,884 - INFO -   ↳ Saved best model (val_corr=0.083553)
2026-03-04 02:04:22,052 - INFO - Epoch  18/50 | Train: 0.181861 | Val: 0.184357 | Corr: 0.085832 | LR: 1.00e-04
2026-03-04 02:04:22,068 - INFO -   ↳ Saved best model (val_corr=0.085832)
2026-03-04 02:04:26,164 - INFO - Epoch  19/50 | Train: 0.181394 | Val: 0.184096 | Corr: 0.087920 | LR: 1.00e-04
2026-03-04 02:04:26,178 - INFO -   ↳ Saved best model (val_corr=0.087920)
2026-03-04 02:04:30,317 - INFO - Epoch  20/50 | Train: 0.181096 | Val: 0.183908 | Corr: 0.090198 | LR: 1.00e-04
2026-03-04 02:04:30,345 - INFO -   ↳ Saved best model (val_corr=0.090198)
2026-03-04 02:04:34,461 - INFO - Epoch  21/50 | Train: 0.180675 | Val: 0.183511 | Corr: 0.093154 | LR: 1.00e-04
2026-03-04 02:04:34,476 - INFO -   ↳ Saved best model (val_corr=0.093154)
2026-03-04 02:04:38,616 - INFO - Epoch  22/50 | Train: 0.180359 | Val: 0.183248 | Corr: 0.095744 | LR: 1.00e-04
2026-03-04 02:04:38,628 - INFO -   ↳ Saved best model (val_corr=0.095744)
2026-03-04 02:04:42,787 - INFO - Epoch  23/50 | Train: 0.180124 | Val: 0.183092 | Corr: 0.097337 | LR: 1.00e-04
2026-03-04 02:04:42,799 - INFO -   ↳ Saved best model (val_corr=0.097337)
2026-03-04 02:04:46,934 - INFO - Epoch  24/50 | Train: 0.179776 | Val: 0.182823 | Corr: 0.100040 | LR: 1.00e-04
2026-03-04 02:04:46,945 - INFO -   ↳ Saved best model (val_corr=0.100040)
2026-03-04 02:04:51,080 - INFO - Epoch  25/50 | Train: 0.179498 | Val: 0.182623 | Corr: 0.101666 | LR: 1.00e-04
2026-03-04 02:04:51,090 - INFO -   ↳ Saved best model (val_corr=0.101666)
2026-03-04 02:04:55,234 - INFO - Epoch  26/50 | Train: 0.179183 | Val: 0.182374 | Corr: 0.103794 | LR: 1.00e-04
2026-03-04 02:04:55,243 - INFO -   ↳ Saved best model (val_corr=0.103794)
2026-03-04 02:04:59,375 - INFO - Epoch  27/50 | Train: 0.178997 | Val: 0.182303 | Corr: 0.104841 | LR: 1.00e-04
2026-03-04 02:04:59,385 - INFO -   ↳ Saved best model (val_corr=0.104841)
2026-03-04 02:05:03,505 - INFO - Epoch  28/50 | Train: 0.178758 | Val: 0.182044 | Corr: 0.106731 | LR: 1.00e-04
2026-03-04 02:05:03,518 - INFO -   ↳ Saved best model (val_corr=0.106731)
2026-03-04 02:05:07,642 - INFO - Epoch  29/50 | Train: 0.178534 | Val: 0.181808 | Corr: 0.108354 | LR: 1.00e-04
2026-03-04 02:05:07,661 - INFO -   ↳ Saved best model (val_corr=0.108354)
2026-03-04 02:05:11,799 - INFO - Epoch  30/50 | Train: 0.178301 | Val: 0.181698 | Corr: 0.109814 | LR: 1.00e-04
2026-03-04 02:05:11,811 - INFO -   ↳ Saved best model (val_corr=0.109814)
2026-03-04 02:05:15,951 - INFO - Epoch  31/50 | Train: 0.178048 | Val: 0.181563 | Corr: 0.111074 | LR: 1.00e-04
2026-03-04 02:05:15,962 - INFO -   ↳ Saved best model (val_corr=0.111074)
2026-03-04 02:05:19,950 - INFO - Epoch  32/50 | Train: 0.177866 | Val: 0.181406 | Corr: 0.112943 | LR: 1.00e-04
2026-03-04 02:05:19,968 - INFO -   ↳ Saved best model (val_corr=0.112943)
2026-03-04 02:05:23,986 - INFO - Epoch  33/50 | Train: 0.177686 | Val: 0.181340 | Corr: 0.112589 | LR: 1.00e-04
2026-03-04 02:05:28,064 - INFO - Epoch  34/50 | Train: 0.177472 | Val: 0.181115 | Corr: 0.114945 | LR: 1.00e-04
2026-03-04 02:05:28,076 - INFO -   ↳ Saved best model (val_corr=0.114945)
2026-03-04 02:05:32,109 - INFO - Epoch  35/50 | Train: 0.177194 | Val: 0.180972 | Corr: 0.116026 | LR: 1.00e-04
2026-03-04 02:05:32,130 - INFO -   ↳ Saved best model (val_corr=0.116026)
2026-03-04 02:05:36,145 - INFO - Epoch  36/50 | Train: 0.177174 | Val: 0.180814 | Corr: 0.117557 | LR: 1.00e-04
2026-03-04 02:05:36,156 - INFO -   ↳ Saved best model (val_corr=0.117557)
2026-03-04 02:05:40,178 - INFO - Epoch  37/50 | Train: 0.176956 | Val: 0.180894 | Corr: 0.118513 | LR: 1.00e-04
2026-03-04 02:05:40,192 - INFO -   ↳ Saved best model (val_corr=0.118513)
2026-03-04 02:05:44,217 - INFO - Epoch  38/50 | Train: 0.176757 | Val: 0.180638 | Corr: 0.119929 | LR: 1.00e-04
2026-03-04 02:05:44,228 - INFO -   ↳ Saved best model (val_corr=0.119929)
2026-03-04 02:05:47,693 - INFO - Epoch  39/50 | Train: 0.176635 | Val: 0.180697 | Corr: 0.119008 | LR: 1.00e-04
2026-03-04 02:05:50,748 - INFO - Epoch  40/50 | Train: 0.176453 | Val: 0.180410 | Corr: 0.121443 | LR: 1.00e-04
2026-03-04 02:05:50,759 - INFO -   ↳ Saved best model (val_corr=0.121443)
2026-03-04 02:05:53,821 - INFO - Epoch  41/50 | Train: 0.176335 | Val: 0.180337 | Corr: 0.121979 | LR: 1.00e-04
2026-03-04 02:05:53,836 - INFO -   ↳ Saved best model (val_corr=0.121979)
2026-03-04 02:05:56,910 - INFO - Epoch  42/50 | Train: 0.176211 | Val: 0.180205 | Corr: 0.123350 | LR: 1.00e-04
2026-03-04 02:05:56,922 - INFO -   ↳ Saved best model (val_corr=0.123350)
2026-03-04 02:06:00,002 - INFO - Epoch  43/50 | Train: 0.176112 | Val: 0.180197 | Corr: 0.123540 | LR: 1.00e-04
2026-03-04 02:06:00,012 - INFO -   ↳ Saved best model (val_corr=0.123540)
2026-03-04 02:06:03,089 - INFO - Epoch  44/50 | Train: 0.175831 | Val: 0.180248 | Corr: 0.123681 | LR: 1.00e-04
2026-03-04 02:06:03,100 - INFO -   ↳ Saved best model (val_corr=0.123681)
2026-03-04 02:06:06,128 - INFO - Epoch  45/50 | Train: 0.175774 | Val: 0.180031 | Corr: 0.124900 | LR: 1.00e-04
2026-03-04 02:06:06,142 - INFO -   ↳ Saved best model (val_corr=0.124900)
2026-03-04 02:06:09,197 - INFO - Epoch  46/50 | Train: 0.175654 | Val: 0.180051 | Corr: 0.125642 | LR: 1.00e-04
2026-03-04 02:06:09,208 - INFO -   ↳ Saved best model (val_corr=0.125642)
2026-03-04 02:06:12,248 - INFO - Epoch  47/50 | Train: 0.175641 | Val: 0.179914 | Corr: 0.126503 | LR: 1.00e-04
2026-03-04 02:06:12,264 - INFO -   ↳ Saved best model (val_corr=0.126503)
2026-03-04 02:06:15,202 - INFO - Epoch  48/50 | Train: 0.175481 | Val: 0.179870 | Corr: 0.126770 | LR: 1.00e-04
2026-03-04 02:06:15,223 - INFO -   ↳ Saved best model (val_corr=0.126770)
2026-03-04 02:06:18,197 - INFO - Epoch  49/50 | Train: 0.175283 | Val: 0.179728 | Corr: 0.128195 | LR: 1.00e-04
2026-03-04 02:06:18,209 - INFO -   ↳ Saved best model (val_corr=0.128195)
2026-03-04 02:06:21,330 - INFO - Epoch  50/50 | Train: 0.175217 | Val: 0.179740 | Corr: 0.127515 | LR: 1.00e-04
2026-03-04 02:06:21,330 - INFO - Training complete — best val corr: 0.128195
2026-03-04 02:06:22,482 - INFO - Test loss: 0.168742, Test corr: 0.122307
2026-03-04 02:06:22,747 - INFO - Fraction of variance explained (FVE): 0.018438
2026-03-04 02:06:22,747 - INFO - Computing autoregressive (AR) test predictions …
2026-03-04 02:06:23,129 - INFO - AR FVE: 0.015012, AR test corr: 0.115046
2026-03-04 02:06:23,129 - INFO - Generating figures …
2026-03-04 02:06:23,527 - INFO - Correlation between predicted and actual per-neuron averages: r=0.9940, p=0.00e+00
2026-03-04 02:06:24,999 - INFO - Pattern selectivity summary:
2026-03-04 02:06:24,999 - INFO -   Mean correlation across neurons: 0.5249
2026-03-04 02:06:24,999 - INFO -   Median correlation: 0.5454
2026-03-04 02:06:24,999 - INFO -   Neurons with r > 0.5: 38 / 63
2026-03-04 02:06:24,999 - INFO -   Neurons with r > 0.3: 56 / 63
2026-03-04 02:06:25,000 - INFO - Pattern selectivity — mean neuron corr: 0.5249
2026-03-04 02:06:26,193 - INFO - LOO (avg rate) — Model mean r: 0.3983, LOO mean r: 0.4546, Neurons model > LOO: 15/63
2026-03-04 02:06:27,862 - INFO - LOO (temporal) — Model mean r: 0.1287, LOO mean r: 0.3186, Neurons model > LOO: 1/63
2026-03-04 02:06:27,862 - INFO - Skipping oracle trial plots (skip_oracle_plots=True)
2026-03-04 02:06:27,873 - INFO - Experiment complete. Summary: {
  "run_dir": "/scratch/sb272/patterns5k_results/slurm_hist_cnn_2026-03-03_15-13-01/trial_0049_learning_rate=1.0e-04_history=5_kernel_sizes=3_conv_channels=256_fc_dims=256_seed0",
  "model_type": "cnn",
  "batch_avg_test_loss": 0.1687418292760849,
  "batch_avg_test_corr": 0.12230698685602787,
  "all_test_fve": 0.01843812068303426,
  "AR_FVE": 0.015012365484994555,
  "AR_test_correlation": 0.11504579335451126,
  "best_val_corr": 0.12819479387207997,
  "total_params": 163391,
  "trainable_params": 163391,
  "epochs_trained": 50,
  "mean_pattern_corr": 0.5248514424530432,
  "history": 5,
  "init_state": true,
  "loo_avg_mean_corr": 0.45456832695830385,
  "model_avg_mean_corr": 0.398316901023496,
  "neurons_model_beats_loo_avg": 15,
  "loo_temporal_mean_corr": 0.31855225563049316,
  "all_test_corr": 0.12870493531227112,
  "neurons_model_beats_loo_temporal": 1,
  "kernel_sizes": [
    3
  ],
  "conv_channels": [
    256
  ],
  "fc_dims": [
    256
  ]
}
