2026-02-19 18:57:32,199 - INFO - ============================================================
2026-02-19 18:57:32,199 - INFO - Experiment run directory: results/hist_cnn_initstate_v3_2026-02-19_18-40-39/trial_0006_history=20
2026-02-19 18:57:32,199 - INFO - ============================================================
2026-02-19 18:57:32,199 - INFO - Using preloaded raw data (skipping I/O)
2026-02-19 18:57:32,199 - INFO - Stimulation channels: 42, Spiking neurons: 63
2026-02-19 18:57:32,199 - INFO - Unique patterns: 4050, Total trials: 5000
2026-02-19 18:57:32,211 - INFO - Split (oracle): train=3400, val=600, test=1000
2026-02-19 18:57:46,988 - INFO - BinnedStimSpikeDataset initialized:
2026-02-19 18:57:46,988 - INFO -   input_bin_size_ms=10, output_bin_size_ms=10
2026-02-19 18:57:46,988 - INFO -   n_input_bins=60, n_output_bins=60
2026-02-19 18:57:46,988 - INFO -   output_offset=0, total_bins_input=60, total_bins_output=60
2026-02-19 18:57:46,988 - INFO -   Valid start positions per trial: 0 to 0
2026-02-19 18:57:46,988 - INFO -   Total samples: 3400 (3400 trials × 1 positions)
2026-02-19 18:58:00,597 - INFO - BinnedStimSpikeDataset initialized:
2026-02-19 18:58:00,599 - INFO -   input_bin_size_ms=10, output_bin_size_ms=10
2026-02-19 18:58:00,599 - INFO -   n_input_bins=60, n_output_bins=60
2026-02-19 18:58:00,599 - INFO -   output_offset=0, total_bins_input=60, total_bins_output=60
2026-02-19 18:58:00,599 - INFO -   Valid start positions per trial: 0 to 0
2026-02-19 18:58:00,599 - INFO -   Total samples: 600 (600 trials × 1 positions)
2026-02-19 18:58:14,402 - INFO - BinnedStimSpikeDataset initialized:
2026-02-19 18:58:14,404 - INFO -   input_bin_size_ms=10, output_bin_size_ms=10
2026-02-19 18:58:14,404 - INFO -   n_input_bins=60, n_output_bins=60
2026-02-19 18:58:14,404 - INFO -   output_offset=0, total_bins_input=60, total_bins_output=60
2026-02-19 18:58:14,404 - INFO -   Valid start positions per trial: 0 to 0
2026-02-19 18:58:14,404 - INFO -   Total samples: 1000 (1000 trials × 1 positions)
2026-02-19 18:58:14,404 - INFO - Samples — train: 3400, val: 600, test: 1000
2026-02-19 18:58:14,405 - INFO - Input channels: 105, Neurons: 63
2026-02-19 18:58:14,405 - INFO - Using Apple Silicon MPS acceleration
2026-02-19 18:58:14,416 - INFO - Model: CNN — 163,391 trainable params (163,391 total)
2026-02-19 18:58:14,417 - INFO - Starting training …
2026-02-19 18:58:17,083 - INFO - Epoch   1/50 | Train: 0.235260 | Val: 0.201228 | Corr: 0.075135 | LR: 1.00e-03
2026-02-19 18:58:17,097 - INFO -   ↳ Saved best model (val_corr=0.075135)
2026-02-19 18:58:19,483 - INFO - Epoch   2/50 | Train: 0.200930 | Val: 0.196826 | Corr: 0.106976 | LR: 1.00e-03
2026-02-19 18:58:19,493 - INFO -   ↳ Saved best model (val_corr=0.106976)
2026-02-19 18:58:21,789 - INFO - Epoch   3/50 | Train: 0.196473 | Val: 0.193127 | Corr: 0.131070 | LR: 1.00e-03
2026-02-19 18:58:21,798 - INFO -   ↳ Saved best model (val_corr=0.131070)
2026-02-19 18:58:24,122 - INFO - Epoch   4/50 | Train: 0.192876 | Val: 0.190471 | Corr: 0.146689 | LR: 1.00e-03
2026-02-19 18:58:24,129 - INFO -   ↳ Saved best model (val_corr=0.146689)
2026-02-19 18:58:26,518 - INFO - Epoch   5/50 | Train: 0.190733 | Val: 0.190004 | Corr: 0.159106 | LR: 1.00e-03
2026-02-19 18:58:26,524 - INFO -   ↳ Saved best model (val_corr=0.159106)
2026-02-19 18:58:28,805 - INFO - Epoch   6/50 | Train: 0.189198 | Val: 0.188068 | Corr: 0.166492 | LR: 1.00e-03
2026-02-19 18:58:28,812 - INFO -   ↳ Saved best model (val_corr=0.166492)
2026-02-19 18:58:31,128 - INFO - Epoch   7/50 | Train: 0.188161 | Val: 0.187302 | Corr: 0.171686 | LR: 1.00e-03
2026-02-19 18:58:31,135 - INFO -   ↳ Saved best model (val_corr=0.171686)
2026-02-19 18:58:33,473 - INFO - Epoch   8/50 | Train: 0.187202 | Val: 0.186625 | Corr: 0.178030 | LR: 1.00e-03
2026-02-19 18:58:33,480 - INFO -   ↳ Saved best model (val_corr=0.178030)
2026-02-19 18:58:35,805 - INFO - Epoch   9/50 | Train: 0.186558 | Val: 0.186663 | Corr: 0.181462 | LR: 1.00e-03
2026-02-19 18:58:35,814 - INFO -   ↳ Saved best model (val_corr=0.181462)
2026-02-19 18:58:38,139 - INFO - Epoch  10/50 | Train: 0.185891 | Val: 0.185759 | Corr: 0.184097 | LR: 1.00e-03
2026-02-19 18:58:38,145 - INFO -   ↳ Saved best model (val_corr=0.184097)
2026-02-19 18:58:40,532 - INFO - Epoch  11/50 | Train: 0.185223 | Val: 0.185719 | Corr: 0.185470 | LR: 1.00e-03
2026-02-19 18:58:40,538 - INFO -   ↳ Saved best model (val_corr=0.185470)
2026-02-19 18:58:42,827 - INFO - Epoch  12/50 | Train: 0.184779 | Val: 0.185419 | Corr: 0.190024 | LR: 1.00e-03
2026-02-19 18:58:42,834 - INFO -   ↳ Saved best model (val_corr=0.190024)
2026-02-19 18:58:45,242 - INFO - Epoch  13/50 | Train: 0.184436 | Val: 0.184799 | Corr: 0.191245 | LR: 1.00e-03
2026-02-19 18:58:45,248 - INFO -   ↳ Saved best model (val_corr=0.191245)
2026-02-19 18:58:47,534 - INFO - Epoch  14/50 | Train: 0.183982 | Val: 0.184825 | Corr: 0.192762 | LR: 1.00e-03
2026-02-19 18:58:47,541 - INFO -   ↳ Saved best model (val_corr=0.192762)
2026-02-19 18:58:49,929 - INFO - Epoch  15/50 | Train: 0.183676 | Val: 0.184929 | Corr: 0.193378 | LR: 1.00e-03
2026-02-19 18:58:49,935 - INFO -   ↳ Saved best model (val_corr=0.193378)
2026-02-19 18:58:52,221 - INFO - Epoch  16/50 | Train: 0.183206 | Val: 0.184994 | Corr: 0.193843 | LR: 1.00e-03
2026-02-19 18:58:52,230 - INFO -   ↳ Saved best model (val_corr=0.193843)
2026-02-19 18:58:54,544 - INFO - Epoch  17/50 | Train: 0.182978 | Val: 0.184576 | Corr: 0.193469 | LR: 1.00e-03
2026-02-19 18:58:56,950 - INFO - Epoch  18/50 | Train: 0.182672 | Val: 0.184800 | Corr: 0.194915 | LR: 1.00e-03
2026-02-19 18:58:56,956 - INFO -   ↳ Saved best model (val_corr=0.194915)
2026-02-19 18:58:59,239 - INFO - Epoch  19/50 | Train: 0.182355 | Val: 0.184415 | Corr: 0.195867 | LR: 1.00e-03
2026-02-19 18:58:59,245 - INFO -   ↳ Saved best model (val_corr=0.195867)
2026-02-19 18:59:01,541 - INFO - Epoch  20/50 | Train: 0.182089 | Val: 0.184671 | Corr: 0.195696 | LR: 1.00e-03
2026-02-19 18:59:03,808 - INFO - Epoch  21/50 | Train: 0.181785 | Val: 0.184264 | Corr: 0.196580 | LR: 1.00e-03
2026-02-19 18:59:03,819 - INFO -   ↳ Saved best model (val_corr=0.196580)
2026-02-19 18:59:06,022 - INFO - Epoch  22/50 | Train: 0.181659 | Val: 0.185515 | Corr: 0.196172 | LR: 1.00e-03
2026-02-19 18:59:08,293 - INFO - Epoch  23/50 | Train: 0.181350 | Val: 0.184451 | Corr: 0.196615 | LR: 1.00e-03
2026-02-19 18:59:08,302 - INFO -   ↳ Saved best model (val_corr=0.196615)
2026-02-19 18:59:10,602 - INFO - Epoch  24/50 | Train: 0.181082 | Val: 0.184840 | Corr: 0.196548 | LR: 1.00e-03
2026-02-19 18:59:12,847 - INFO - Epoch  25/50 | Train: 0.180904 | Val: 0.184315 | Corr: 0.197868 | LR: 1.00e-03
2026-02-19 18:59:12,855 - INFO -   ↳ Saved best model (val_corr=0.197868)
2026-02-19 18:59:15,097 - INFO - Epoch  26/50 | Train: 0.180744 | Val: 0.184133 | Corr: 0.197722 | LR: 1.00e-03
2026-02-19 18:59:17,498 - INFO - Epoch  27/50 | Train: 0.180527 | Val: 0.184429 | Corr: 0.197012 | LR: 1.00e-03
2026-02-19 18:59:19,720 - INFO - Epoch  28/50 | Train: 0.180314 | Val: 0.184198 | Corr: 0.197542 | LR: 1.00e-03
2026-02-19 18:59:21,982 - INFO - Epoch  29/50 | Train: 0.180170 | Val: 0.184133 | Corr: 0.197324 | LR: 1.00e-03
2026-02-19 18:59:24,229 - INFO - Epoch  30/50 | Train: 0.179912 | Val: 0.184279 | Corr: 0.197491 | LR: 1.00e-03
2026-02-19 18:59:26,564 - INFO - Epoch  31/50 | Train: 0.179744 | Val: 0.184380 | Corr: 0.197487 | LR: 1.00e-03
2026-02-19 18:59:28,796 - INFO - Epoch  32/50 | Train: 0.179577 | Val: 0.184529 | Corr: 0.197631 | LR: 5.00e-04
2026-02-19 18:59:31,078 - INFO - Epoch  33/50 | Train: 0.178776 | Val: 0.184163 | Corr: 0.198540 | LR: 5.00e-04
2026-02-19 18:59:31,084 - INFO -   ↳ Saved best model (val_corr=0.198540)
2026-02-19 18:59:33,393 - INFO - Epoch  34/50 | Train: 0.178551 | Val: 0.184374 | Corr: 0.198926 | LR: 5.00e-04
2026-02-19 18:59:33,401 - INFO -   ↳ Saved best model (val_corr=0.198926)
2026-02-19 18:59:35,663 - INFO - Epoch  35/50 | Train: 0.178416 | Val: 0.184225 | Corr: 0.198494 | LR: 5.00e-04
2026-02-19 18:59:37,974 - INFO - Epoch  36/50 | Train: 0.178351 | Val: 0.184654 | Corr: 0.198261 | LR: 5.00e-04
2026-02-19 18:59:40,346 - INFO - Epoch  37/50 | Train: 0.178216 | Val: 0.184387 | Corr: 0.198426 | LR: 5.00e-04
2026-02-19 18:59:42,583 - INFO - Epoch  38/50 | Train: 0.178153 | Val: 0.184433 | Corr: 0.198015 | LR: 2.50e-04
2026-02-19 18:59:44,886 - INFO - Epoch  39/50 | Train: 0.177629 | Val: 0.184429 | Corr: 0.198461 | LR: 2.50e-04
2026-02-19 18:59:47,141 - INFO - Epoch  40/50 | Train: 0.177652 | Val: 0.184353 | Corr: 0.198436 | LR: 2.50e-04
2026-02-19 18:59:49,436 - INFO - Epoch  41/50 | Train: 0.177492 | Val: 0.184285 | Corr: 0.198544 | LR: 2.50e-04
2026-02-19 18:59:51,662 - INFO - Epoch  42/50 | Train: 0.177410 | Val: 0.184398 | Corr: 0.198154 | LR: 2.50e-04
2026-02-19 18:59:53,918 - INFO - Epoch  43/50 | Train: 0.177417 | Val: 0.184406 | Corr: 0.198139 | LR: 2.50e-04
2026-02-19 18:59:56,203 - INFO - Epoch  44/50 | Train: 0.177316 | Val: 0.184570 | Corr: 0.198360 | LR: 1.25e-04
2026-02-19 18:59:56,203 - INFO - Early stopping at epoch 44
2026-02-19 18:59:56,204 - INFO - Training complete — best val corr: 0.198926
2026-02-19 18:59:56,687 - INFO - Test loss: 0.174969, Test corr: 0.202241
2026-02-19 18:59:56,804 - INFO - Generating figures …
2026-02-19 18:59:57,015 - INFO - Correlation between predicted and actual per-neuron averages: r=0.9940, p=2.40e-60
2026-02-19 18:59:57,757 - INFO - Pattern selectivity summary:
2026-02-19 18:59:57,757 - INFO -   Mean correlation across neurons: 0.6188
2026-02-19 18:59:57,757 - INFO -   Median correlation: 0.6326
2026-02-19 18:59:57,757 - INFO -   Neurons with r > 0.5: 48 / 63
2026-02-19 18:59:57,757 - INFO -   Neurons with r > 0.3: 59 / 63
2026-02-19 18:59:57,757 - INFO - Pattern selectivity — mean neuron corr: 0.6188
2026-02-19 18:59:58,126 - INFO - LOO (avg rate) — Model mean r: 0.4103, LOO mean r: 0.4728, Neurons model > LOO: 12/63
2026-02-19 18:59:58,891 - INFO - LOO (temporal) — Model mean r: 0.2078, LOO mean r: 0.3815, Neurons model > LOO: 1/63
2026-02-19 18:59:58,891 - INFO - Skipping oracle trial plots (skip_oracle_plots=True)
2026-02-19 18:59:58,891 - INFO - Experiment complete. Summary: {
  "run_dir": "results/hist_cnn_initstate_v3_2026-02-19_18-40-39/trial_0006_history=20",
  "model_type": "cnn",
  "test_loss": 0.17496868979930877,
  "test_corr": 0.20224088241731014,
  "best_val_corr": 0.19892580423184153,
  "total_params": 163391,
  "trainable_params": 163391,
  "epochs_trained": 44,
  "mean_pattern_corr": 0.6187655352990727,
  "loo_avg_mean_corr": 0.47275709111471625,
  "model_avg_mean_corr": 0.4103397508107535,
  "neurons_model_beats_loo_avg": 12,
  "loo_temporal_mean_corr": 0.3815135061740875,
  "model_temporal_mean_corr": 0.20784498751163483,
  "neurons_model_beats_loo_temporal": 1
}
2026-02-19 18:59:58,892 - INFO - 
======================================================================
2026-02-19 18:59:58,892 - INFO - [8/56] trial_0007_history=1
2026-02-19 18:59:58,892 - INFO -   Overrides: {"kernel_sizes": [3], "weight_decay": 0.0001, "conv_channels": [256], "history": 1}
2026-02-19 18:59:58,892 - INFO -   Output: results/hist_cnn_initstate_v3_2026-02-19_18-40-39/trial_0007_history=1
