2026-03-04 00:52:33,412 - INFO - ============================================================
2026-03-04 00:52:33,412 - INFO - Experiment run directory: /scratch/sb272/patterns5k_results/slurm_hist_cnn_2026-03-03_15-13-01/trial_0368_learning_rate=5.0e-03_history=5_kernel_sizes=10x3_conv_channels=256x128_fc_dims=256_seed2
2026-03-04 00:52:33,412 - INFO - ============================================================
2026-03-04 00:52:33,412 - INFO - Loading data …
2026-03-04 00:52:34,139 - INFO - 63 unique neurons after dropping problematic neurons
2026-03-04 00:52:35,067 - INFO - Stimulation channels: 42, Spiking neurons: 63
2026-03-04 00:53:46,428 - INFO - Unique patterns: 4050, Total trials: 5000
2026-03-04 00:53:46,434 - INFO - Stimulation channels: 42, Spiking neurons: 63
2026-03-04 00:53:46,434 - INFO - Unique patterns: 4050, Total trials: 5000
2026-03-04 00:53:46,445 - INFO - Split (oracle): train=3400, val=600, test=1000
2026-03-04 00:54:00,754 - INFO - BinnedStimSpikeDataset initialized:
2026-03-04 00:54:00,754 - INFO -   input_bin_size_ms=10, output_bin_size_ms=10
2026-03-04 00:54:00,754 - INFO -   n_input_bins=60, n_output_bins=60
2026-03-04 00:54:00,754 - INFO -   output_offset=0, total_bins_input=60, total_bins_output=60
2026-03-04 00:54:00,754 - INFO -   Valid start positions per trial: 0 to 0
2026-03-04 00:54:00,754 - INFO -   Total samples: 3400 (3400 trials × 1 positions)
2026-03-04 00:54:14,606 - INFO - BinnedStimSpikeDataset initialized:
2026-03-04 00:54:14,606 - INFO -   input_bin_size_ms=10, output_bin_size_ms=10
2026-03-04 00:54:14,606 - INFO -   n_input_bins=60, n_output_bins=60
2026-03-04 00:54:14,606 - INFO -   output_offset=0, total_bins_input=60, total_bins_output=60
2026-03-04 00:54:14,606 - INFO -   Valid start positions per trial: 0 to 0
2026-03-04 00:54:14,606 - INFO -   Total samples: 600 (600 trials × 1 positions)
2026-03-04 00:54:28,647 - INFO - BinnedStimSpikeDataset initialized:
2026-03-04 00:54:28,647 - INFO -   input_bin_size_ms=10, output_bin_size_ms=10
2026-03-04 00:54:28,647 - INFO -   n_input_bins=60, n_output_bins=60
2026-03-04 00:54:28,647 - INFO -   output_offset=0, total_bins_input=60, total_bins_output=60
2026-03-04 00:54:28,647 - INFO -   Valid start positions per trial: 0 to 0
2026-03-04 00:54:28,647 - INFO -   Total samples: 1000 (1000 trials × 1 positions)
2026-03-04 00:54:28,647 - INFO - Samples — train: 3400, val: 600, test: 1000
2026-03-04 00:54:28,647 - INFO - Input channels: 105, Neurons: 63
2026-03-04 00:54:28,658 - INFO - Using CPU
2026-03-04 00:54:28,675 - INFO - Model: CNN — 417,471 trainable params (417,471 total)
2026-03-04 00:54:34,062 - INFO - Starting training …
2026-03-04 00:54:39,844 - INFO - Epoch   1/50 | Train: 0.202107 | Val: 0.180857 | Corr: 0.092256 | LR: 5.00e-03
2026-03-04 00:54:39,862 - INFO -   ↳ Saved best model (val_corr=0.092256)
2026-03-04 00:54:44,944 - INFO - Epoch   2/50 | Train: 0.180641 | Val: 0.177930 | Corr: 0.112700 | LR: 5.00e-03
2026-03-04 00:54:44,966 - INFO -   ↳ Saved best model (val_corr=0.112700)
2026-03-04 00:54:50,148 - INFO - Epoch   3/50 | Train: 0.177707 | Val: 0.176682 | Corr: 0.123787 | LR: 5.00e-03
2026-03-04 00:54:50,164 - INFO -   ↳ Saved best model (val_corr=0.123787)
2026-03-04 00:54:55,374 - INFO - Epoch   4/50 | Train: 0.175439 | Val: 0.175877 | Corr: 0.133741 | LR: 5.00e-03
2026-03-04 00:54:55,390 - INFO -   ↳ Saved best model (val_corr=0.133741)
2026-03-04 00:55:00,396 - INFO - Epoch   5/50 | Train: 0.173928 | Val: 0.176159 | Corr: 0.137890 | LR: 5.00e-03
2026-03-04 00:55:00,420 - INFO -   ↳ Saved best model (val_corr=0.137890)
2026-03-04 00:55:05,693 - INFO - Epoch   6/50 | Train: 0.172066 | Val: 0.175084 | Corr: 0.143085 | LR: 5.00e-03
2026-03-04 00:55:05,718 - INFO -   ↳ Saved best model (val_corr=0.143085)
2026-03-04 00:55:11,220 - INFO - Epoch   7/50 | Train: 0.170658 | Val: 0.174996 | Corr: 0.143940 | LR: 5.00e-03
2026-03-04 00:55:11,240 - INFO -   ↳ Saved best model (val_corr=0.143940)
2026-03-04 00:55:16,531 - INFO - Epoch   8/50 | Train: 0.169249 | Val: 0.175204 | Corr: 0.144729 | LR: 5.00e-03
2026-03-04 00:55:16,549 - INFO -   ↳ Saved best model (val_corr=0.144729)
2026-03-04 00:55:21,765 - INFO - Epoch   9/50 | Train: 0.168040 | Val: 0.175486 | Corr: 0.145963 | LR: 5.00e-03
2026-03-04 00:55:21,788 - INFO -   ↳ Saved best model (val_corr=0.145963)
2026-03-04 00:55:27,153 - INFO - Epoch  10/50 | Train: 0.166871 | Val: 0.175705 | Corr: 0.145907 | LR: 5.00e-03
2026-03-04 00:55:32,457 - INFO - Epoch  11/50 | Train: 0.165803 | Val: 0.176111 | Corr: 0.146109 | LR: 5.00e-03
2026-03-04 00:55:32,473 - INFO -   ↳ Saved best model (val_corr=0.146109)
2026-03-04 00:55:37,593 - INFO - Epoch  12/50 | Train: 0.164838 | Val: 0.176740 | Corr: 0.144730 | LR: 5.00e-03
2026-03-04 00:55:42,829 - INFO - Epoch  13/50 | Train: 0.164164 | Val: 0.176123 | Corr: 0.146036 | LR: 2.50e-03
2026-03-04 00:55:48,084 - INFO - Epoch  14/50 | Train: 0.161136 | Val: 0.176814 | Corr: 0.147436 | LR: 2.50e-03
2026-03-04 00:55:48,101 - INFO -   ↳ Saved best model (val_corr=0.147436)
2026-03-04 00:55:53,152 - INFO - Epoch  15/50 | Train: 0.160155 | Val: 0.177983 | Corr: 0.146472 | LR: 2.50e-03
2026-03-04 00:55:58,261 - INFO - Epoch  16/50 | Train: 0.159640 | Val: 0.178185 | Corr: 0.144460 | LR: 2.50e-03
2026-03-04 00:56:03,497 - INFO - Epoch  17/50 | Train: 0.159104 | Val: 0.178338 | Corr: 0.143314 | LR: 2.50e-03
2026-03-04 00:56:08,675 - INFO - Epoch  18/50 | Train: 0.158858 | Val: 0.179108 | Corr: 0.144043 | LR: 2.50e-03
2026-03-04 00:56:13,726 - INFO - Epoch  19/50 | Train: 0.158561 | Val: 0.178417 | Corr: 0.143872 | LR: 1.25e-03
2026-03-04 00:56:18,958 - INFO - Epoch  20/50 | Train: 0.156991 | Val: 0.179019 | Corr: 0.145109 | LR: 1.25e-03
2026-03-04 00:56:24,095 - INFO - Epoch  21/50 | Train: 0.156531 | Val: 0.179532 | Corr: 0.143904 | LR: 1.25e-03
2026-03-04 00:56:29,138 - INFO - Epoch  22/50 | Train: 0.156127 | Val: 0.179697 | Corr: 0.143607 | LR: 1.25e-03
2026-03-04 00:56:34,004 - INFO - Epoch  23/50 | Train: 0.155863 | Val: 0.180121 | Corr: 0.142457 | LR: 1.25e-03
2026-03-04 00:56:38,921 - INFO - Epoch  24/50 | Train: 0.155734 | Val: 0.180721 | Corr: 0.142072 | LR: 1.25e-03
2026-03-04 00:56:38,921 - INFO - Early stopping at epoch 24
2026-03-04 00:56:38,921 - INFO - Training complete — best val corr: 0.147436
2026-03-04 00:56:40,154 - INFO - Test loss: 0.168288, Test corr: 0.141863
2026-03-04 00:56:40,680 - INFO - Fraction of variance explained (FVE): 0.018950
2026-03-04 00:56:40,681 - INFO - Computing autoregressive (AR) test predictions …
2026-03-04 00:56:41,295 - INFO - AR FVE: 0.005364, AR test corr: 0.102488
2026-03-04 00:56:41,295 - INFO - Generating figures …
2026-03-04 00:56:41,696 - INFO - Correlation between predicted and actual per-neuron averages: r=0.9856, p=0.00e+00
2026-03-04 00:56:43,247 - INFO - Pattern selectivity summary:
2026-03-04 00:56:43,247 - INFO -   Mean correlation across neurons: 0.5790
2026-03-04 00:56:43,247 - INFO -   Median correlation: 0.6343
2026-03-04 00:56:43,247 - INFO -   Neurons with r > 0.5: 43 / 63
2026-03-04 00:56:43,247 - INFO -   Neurons with r > 0.3: 57 / 63
2026-03-04 00:56:43,247 - INFO - Pattern selectivity — mean neuron corr: 0.5790
2026-03-04 00:56:44,519 - INFO - LOO (avg rate) — Model mean r: 0.4258, LOO mean r: 0.4546, Neurons model > LOO: 19/63
2026-03-04 00:56:46,303 - INFO - LOO (temporal) — Model mean r: 0.1512, LOO mean r: 0.3186, Neurons model > LOO: 2/63
2026-03-04 00:56:46,303 - INFO - Skipping oracle trial plots (skip_oracle_plots=True)
2026-03-04 00:56:46,311 - INFO - Experiment complete. Summary: {
  "run_dir": "/scratch/sb272/patterns5k_results/slurm_hist_cnn_2026-03-03_15-13-01/trial_0368_learning_rate=5.0e-03_history=5_kernel_sizes=10x3_conv_channels=256x128_fc_dims=256_seed2",
  "model_type": "cnn",
  "batch_avg_test_loss": 0.1682882410287857,
  "batch_avg_test_corr": 0.14186279505977492,
  "all_test_fve": 0.018949843588329497,
  "AR_FVE": 0.005364090677291628,
  "AR_test_correlation": 0.10248804837465286,
  "best_val_corr": 0.14743644034564832,
  "total_params": 417471,
  "trainable_params": 417471,
  "epochs_trained": 24,
  "mean_pattern_corr": 0.5789501421643805,
  "history": 5,
  "init_state": true,
  "loo_avg_mean_corr": 0.45456832695830385,
  "model_avg_mean_corr": 0.4258025554472792,
  "neurons_model_beats_loo_avg": 19,
  "loo_temporal_mean_corr": 0.31855225563049316,
  "all_test_corr": 0.15124543011188507,
  "neurons_model_beats_loo_temporal": 2,
  "kernel_sizes": [
    10,
    3
  ],
  "conv_channels": [
    256,
    128
  ],
  "fc_dims": [
    256
  ]
}
