2026-03-03 20:28:21,790 - INFO - ============================================================
2026-03-03 20:28:21,790 - INFO - Experiment run directory: /scratch/sb272/patterns5k_results/slurm_hist_cnn_2026-03-03_15-13-01/trial_0167_learning_rate=5.0e-04_history=10_kernel_sizes=10x5x3_conv_channels=256x128x64_fc_dims=256_seed2
2026-03-03 20:28:21,790 - INFO - ============================================================
2026-03-03 20:28:21,790 - INFO - Loading data …
2026-03-03 20:28:23,208 - INFO - 63 unique neurons after dropping problematic neurons
2026-03-03 20:28:24,121 - INFO - Stimulation channels: 42, Spiking neurons: 63
2026-03-03 20:29:35,889 - INFO - Unique patterns: 4050, Total trials: 5000
2026-03-03 20:29:35,890 - INFO - Stimulation channels: 42, Spiking neurons: 63
2026-03-03 20:29:35,890 - INFO - Unique patterns: 4050, Total trials: 5000
2026-03-03 20:29:35,901 - INFO - Split (oracle): train=3400, val=600, test=1000
2026-03-03 20:29:50,160 - INFO - BinnedStimSpikeDataset initialized:
2026-03-03 20:29:50,161 - INFO -   input_bin_size_ms=10, output_bin_size_ms=10
2026-03-03 20:29:50,161 - INFO -   n_input_bins=60, n_output_bins=60
2026-03-03 20:29:50,161 - INFO -   output_offset=0, total_bins_input=60, total_bins_output=60
2026-03-03 20:29:50,161 - INFO -   Valid start positions per trial: 0 to 0
2026-03-03 20:29:50,161 - INFO -   Total samples: 3400 (3400 trials × 1 positions)
2026-03-03 20:30:03,834 - INFO - BinnedStimSpikeDataset initialized:
2026-03-03 20:30:03,834 - INFO -   input_bin_size_ms=10, output_bin_size_ms=10
2026-03-03 20:30:03,834 - INFO -   n_input_bins=60, n_output_bins=60
2026-03-03 20:30:03,834 - INFO -   output_offset=0, total_bins_input=60, total_bins_output=60
2026-03-03 20:30:03,834 - INFO -   Valid start positions per trial: 0 to 0
2026-03-03 20:30:03,834 - INFO -   Total samples: 600 (600 trials × 1 positions)
2026-03-03 20:30:17,596 - INFO - BinnedStimSpikeDataset initialized:
2026-03-03 20:30:17,596 - INFO -   input_bin_size_ms=10, output_bin_size_ms=10
2026-03-03 20:30:17,596 - INFO -   n_input_bins=60, n_output_bins=60
2026-03-03 20:30:17,596 - INFO -   output_offset=0, total_bins_input=60, total_bins_output=60
2026-03-03 20:30:17,596 - INFO -   Valid start positions per trial: 0 to 0
2026-03-03 20:30:17,596 - INFO -   Total samples: 1000 (1000 trials × 1 positions)
2026-03-03 20:30:17,596 - INFO - Samples — train: 3400, val: 600, test: 1000
2026-03-03 20:30:17,596 - INFO - Input channels: 105, Neurons: 63
2026-03-03 20:30:17,605 - INFO - Using CPU
2026-03-03 20:30:17,622 - INFO - Model: CNN — 491,391 trainable params (491,391 total)
2026-03-03 20:30:22,113 - INFO - Starting training …
2026-03-03 20:30:28,840 - INFO - Epoch   1/50 | Train: 0.258471 | Val: 0.182145 | Corr: 0.080053 | LR: 5.00e-04
2026-03-03 20:30:28,854 - INFO -   ↳ Saved best model (val_corr=0.080053)
2026-03-03 20:30:35,061 - INFO - Epoch   2/50 | Train: 0.183853 | Val: 0.180285 | Corr: 0.090113 | LR: 5.00e-04
2026-03-03 20:30:35,076 - INFO -   ↳ Saved best model (val_corr=0.090113)
2026-03-03 20:30:41,286 - INFO - Epoch   3/50 | Train: 0.181525 | Val: 0.179271 | Corr: 0.098601 | LR: 5.00e-04
2026-03-03 20:30:41,303 - INFO -   ↳ Saved best model (val_corr=0.098601)
2026-03-03 20:30:47,462 - INFO - Epoch   4/50 | Train: 0.179823 | Val: 0.178331 | Corr: 0.106122 | LR: 5.00e-04
2026-03-03 20:30:47,478 - INFO -   ↳ Saved best model (val_corr=0.106122)
2026-03-03 20:30:53,783 - INFO - Epoch   5/50 | Train: 0.178364 | Val: 0.178601 | Corr: 0.107522 | LR: 5.00e-04
2026-03-03 20:30:53,802 - INFO -   ↳ Saved best model (val_corr=0.107522)
2026-03-03 20:31:00,120 - INFO - Epoch   6/50 | Train: 0.176809 | Val: 0.178304 | Corr: 0.111439 | LR: 5.00e-04
2026-03-03 20:31:00,137 - INFO -   ↳ Saved best model (val_corr=0.111439)
2026-03-03 20:31:06,437 - INFO - Epoch   7/50 | Train: 0.175509 | Val: 0.177706 | Corr: 0.114599 | LR: 5.00e-04
2026-03-03 20:31:06,453 - INFO -   ↳ Saved best model (val_corr=0.114599)
2026-03-03 20:31:12,745 - INFO - Epoch   8/50 | Train: 0.174329 | Val: 0.177642 | Corr: 0.115471 | LR: 5.00e-04
2026-03-03 20:31:12,764 - INFO -   ↳ Saved best model (val_corr=0.115471)
2026-03-03 20:31:19,054 - INFO - Epoch   9/50 | Train: 0.173155 | Val: 0.177947 | Corr: 0.118570 | LR: 5.00e-04
2026-03-03 20:31:19,069 - INFO -   ↳ Saved best model (val_corr=0.118570)
2026-03-03 20:31:25,388 - INFO - Epoch  10/50 | Train: 0.171900 | Val: 0.177678 | Corr: 0.117450 | LR: 5.00e-04
2026-03-03 20:31:31,705 - INFO - Epoch  11/50 | Train: 0.170979 | Val: 0.177924 | Corr: 0.119459 | LR: 5.00e-04
2026-03-03 20:31:31,720 - INFO -   ↳ Saved best model (val_corr=0.119459)
2026-03-03 20:31:37,981 - INFO - Epoch  12/50 | Train: 0.169933 | Val: 0.177843 | Corr: 0.121399 | LR: 5.00e-04
2026-03-03 20:31:37,994 - INFO -   ↳ Saved best model (val_corr=0.121399)
2026-03-03 20:31:44,270 - INFO - Epoch  13/50 | Train: 0.169029 | Val: 0.177779 | Corr: 0.122503 | LR: 5.00e-04
2026-03-03 20:31:44,286 - INFO -   ↳ Saved best model (val_corr=0.122503)
2026-03-03 20:31:50,492 - INFO - Epoch  14/50 | Train: 0.168154 | Val: 0.177703 | Corr: 0.122953 | LR: 2.50e-04
2026-03-03 20:31:50,506 - INFO -   ↳ Saved best model (val_corr=0.122953)
2026-03-03 20:31:56,732 - INFO - Epoch  15/50 | Train: 0.166176 | Val: 0.178330 | Corr: 0.124142 | LR: 2.50e-04
2026-03-03 20:31:56,752 - INFO -   ↳ Saved best model (val_corr=0.124142)
2026-03-03 20:32:03,187 - INFO - Epoch  16/50 | Train: 0.165446 | Val: 0.178184 | Corr: 0.123476 | LR: 2.50e-04
2026-03-03 20:32:09,560 - INFO - Epoch  17/50 | Train: 0.164888 | Val: 0.178601 | Corr: 0.124014 | LR: 2.50e-04
2026-03-03 20:32:15,812 - INFO - Epoch  18/50 | Train: 0.164416 | Val: 0.178961 | Corr: 0.124059 | LR: 2.50e-04
2026-03-03 20:32:22,031 - INFO - Epoch  19/50 | Train: 0.164117 | Val: 0.179692 | Corr: 0.124472 | LR: 2.50e-04
2026-03-03 20:32:22,054 - INFO -   ↳ Saved best model (val_corr=0.124472)
2026-03-03 20:32:28,267 - INFO - Epoch  20/50 | Train: 0.163621 | Val: 0.178984 | Corr: 0.123984 | LR: 1.25e-04
2026-03-03 20:32:34,557 - INFO - Epoch  21/50 | Train: 0.162606 | Val: 0.179676 | Corr: 0.124683 | LR: 1.25e-04
2026-03-03 20:32:34,600 - INFO -   ↳ Saved best model (val_corr=0.124683)
2026-03-03 20:32:40,989 - INFO - Epoch  22/50 | Train: 0.162272 | Val: 0.179880 | Corr: 0.124625 | LR: 1.25e-04
2026-03-03 20:32:47,288 - INFO - Epoch  23/50 | Train: 0.162053 | Val: 0.180412 | Corr: 0.124181 | LR: 1.25e-04
2026-03-03 20:32:53,583 - INFO - Epoch  24/50 | Train: 0.161880 | Val: 0.180328 | Corr: 0.124151 | LR: 1.25e-04
2026-03-03 20:32:59,921 - INFO - Epoch  25/50 | Train: 0.161523 | Val: 0.180524 | Corr: 0.124218 | LR: 1.25e-04
2026-03-03 20:33:06,232 - INFO - Epoch  26/50 | Train: 0.161457 | Val: 0.180391 | Corr: 0.126080 | LR: 6.25e-05
2026-03-03 20:33:06,248 - INFO -   ↳ Saved best model (val_corr=0.126080)
2026-03-03 20:33:12,541 - INFO - Epoch  27/50 | Train: 0.160910 | Val: 0.180481 | Corr: 0.124469 | LR: 6.25e-05
2026-03-03 20:33:18,610 - INFO - Epoch  28/50 | Train: 0.160738 | Val: 0.180435 | Corr: 0.125008 | LR: 6.25e-05
2026-03-03 20:33:24,582 - INFO - Epoch  29/50 | Train: 0.160763 | Val: 0.180941 | Corr: 0.124754 | LR: 6.25e-05
2026-03-03 20:33:30,624 - INFO - Epoch  30/50 | Train: 0.160624 | Val: 0.180953 | Corr: 0.125392 | LR: 6.25e-05
2026-03-03 20:33:36,609 - INFO - Epoch  31/50 | Train: 0.160550 | Val: 0.180940 | Corr: 0.123828 | LR: 6.25e-05
2026-03-03 20:33:42,629 - INFO - Epoch  32/50 | Train: 0.160453 | Val: 0.181197 | Corr: 0.124414 | LR: 3.13e-05
2026-03-03 20:33:48,654 - INFO - Epoch  33/50 | Train: 0.160077 | Val: 0.180984 | Corr: 0.124882 | LR: 3.13e-05
2026-03-03 20:33:54,740 - INFO - Epoch  34/50 | Train: 0.160007 | Val: 0.181143 | Corr: 0.124944 | LR: 3.13e-05
2026-03-03 20:34:00,793 - INFO - Epoch  35/50 | Train: 0.160024 | Val: 0.180893 | Corr: 0.125244 | LR: 3.13e-05
2026-03-03 20:34:06,896 - INFO - Epoch  36/50 | Train: 0.159939 | Val: 0.181163 | Corr: 0.125131 | LR: 3.13e-05
2026-03-03 20:34:06,896 - INFO - Early stopping at epoch 36
2026-03-03 20:34:06,897 - INFO - Training complete — best val corr: 0.126080
2026-03-03 20:34:08,122 - INFO - Test loss: 0.170897, Test corr: 0.124233
2026-03-03 20:34:08,669 - INFO - Fraction of variance explained (FVE): 0.015333
2026-03-03 20:34:08,669 - INFO - Computing autoregressive (AR) test predictions …
2026-03-03 20:34:09,326 - INFO - AR FVE: 0.004763, AR test corr: 0.097216
2026-03-03 20:34:09,327 - INFO - Generating figures …
2026-03-03 20:34:09,688 - INFO - Correlation between predicted and actual per-neuron averages: r=0.9902, p=0.00e+00
2026-03-03 20:34:11,324 - INFO - Pattern selectivity summary:
2026-03-03 20:34:11,324 - INFO -   Mean correlation across neurons: 0.5137
2026-03-03 20:34:11,324 - INFO -   Median correlation: 0.5059
2026-03-03 20:34:11,324 - INFO -   Neurons with r > 0.5: 32 / 63
2026-03-03 20:34:11,324 - INFO -   Neurons with r > 0.3: 57 / 63
2026-03-03 20:34:11,324 - INFO - Pattern selectivity — mean neuron corr: 0.5137
2026-03-03 20:34:12,650 - INFO - LOO (avg rate) — Model mean r: 0.3850, LOO mean r: 0.4546, Neurons model > LOO: 16/63
2026-03-03 20:34:14,394 - INFO - LOO (temporal) — Model mean r: 0.1325, LOO mean r: 0.3186, Neurons model > LOO: 1/63
2026-03-03 20:34:14,394 - INFO - Skipping oracle trial plots (skip_oracle_plots=True)
2026-03-03 20:34:14,401 - INFO - Experiment complete. Summary: {
  "run_dir": "/scratch/sb272/patterns5k_results/slurm_hist_cnn_2026-03-03_15-13-01/trial_0167_learning_rate=5.0e-04_history=10_kernel_sizes=10x5x3_conv_channels=256x128x64_fc_dims=256_seed2",
  "model_type": "cnn",
  "batch_avg_test_loss": 0.17089683747291565,
  "batch_avg_test_corr": 0.12423285097724414,
  "all_test_fve": 0.01533299968356178,
  "AR_FVE": 0.004763454671890017,
  "AR_test_correlation": 0.09721601009368896,
  "best_val_corr": 0.1260796815818623,
  "total_params": 491391,
  "trainable_params": 491391,
  "epochs_trained": 36,
  "mean_pattern_corr": 0.5136915361040939,
  "history": 10,
  "init_state": true,
  "loo_avg_mean_corr": 0.45456832695830385,
  "model_avg_mean_corr": 0.38503129932322716,
  "neurons_model_beats_loo_avg": 16,
  "loo_temporal_mean_corr": 0.31855225563049316,
  "all_test_corr": 0.13250675797462463,
  "neurons_model_beats_loo_temporal": 1,
  "kernel_sizes": [
    10,
    5,
    3
  ],
  "conv_channels": [
    256,
    128,
    64
  ],
  "fc_dims": [
    256
  ]
}
