2026-03-03 21:39:56,520 - INFO - ============================================================
2026-03-03 21:39:56,520 - INFO - Experiment run directory: /scratch/sb272/patterns5k_results/slurm_hist_cnn_2026-03-03_15-13-01/trial_0188_learning_rate=5.0e-04_history=2_kernel_sizes=10x5x3_conv_channels=256x128x64_fc_dims=256_seed1
2026-03-03 21:39:56,520 - INFO - ============================================================
2026-03-03 21:39:56,520 - INFO - Loading data …
2026-03-03 21:39:58,164 - INFO - 63 unique neurons after dropping problematic neurons
2026-03-03 21:39:59,046 - INFO - Stimulation channels: 42, Spiking neurons: 63
2026-03-03 21:41:10,052 - INFO - Unique patterns: 4050, Total trials: 5000
2026-03-03 21:41:10,054 - INFO - Stimulation channels: 42, Spiking neurons: 63
2026-03-03 21:41:10,054 - INFO - Unique patterns: 4050, Total trials: 5000
2026-03-03 21:41:10,065 - INFO - Split (oracle): train=3400, val=600, test=1000
2026-03-03 21:41:24,226 - INFO - BinnedStimSpikeDataset initialized:
2026-03-03 21:41:24,226 - INFO -   input_bin_size_ms=10, output_bin_size_ms=10
2026-03-03 21:41:24,226 - INFO -   n_input_bins=60, n_output_bins=60
2026-03-03 21:41:24,226 - INFO -   output_offset=0, total_bins_input=60, total_bins_output=60
2026-03-03 21:41:24,226 - INFO -   Valid start positions per trial: 0 to 0
2026-03-03 21:41:24,226 - INFO -   Total samples: 3400 (3400 trials × 1 positions)
2026-03-03 21:41:37,913 - INFO - BinnedStimSpikeDataset initialized:
2026-03-03 21:41:37,913 - INFO -   input_bin_size_ms=10, output_bin_size_ms=10
2026-03-03 21:41:37,913 - INFO -   n_input_bins=60, n_output_bins=60
2026-03-03 21:41:37,913 - INFO -   output_offset=0, total_bins_input=60, total_bins_output=60
2026-03-03 21:41:37,913 - INFO -   Valid start positions per trial: 0 to 0
2026-03-03 21:41:37,913 - INFO -   Total samples: 600 (600 trials × 1 positions)
2026-03-03 21:41:51,706 - INFO - BinnedStimSpikeDataset initialized:
2026-03-03 21:41:51,706 - INFO -   input_bin_size_ms=10, output_bin_size_ms=10
2026-03-03 21:41:51,706 - INFO -   n_input_bins=60, n_output_bins=60
2026-03-03 21:41:51,706 - INFO -   output_offset=0, total_bins_input=60, total_bins_output=60
2026-03-03 21:41:51,706 - INFO -   Valid start positions per trial: 0 to 0
2026-03-03 21:41:51,706 - INFO -   Total samples: 1000 (1000 trials × 1 positions)
2026-03-03 21:41:51,706 - INFO - Samples — train: 3400, val: 600, test: 1000
2026-03-03 21:41:51,706 - INFO - Input channels: 105, Neurons: 63
2026-03-03 21:41:51,706 - INFO - Using CPU
2026-03-03 21:41:51,724 - INFO - Model: CNN — 491,391 trainable params (491,391 total)
2026-03-03 21:41:55,219 - INFO - Starting training …
2026-03-03 21:42:01,852 - INFO - Epoch   1/50 | Train: 0.259354 | Val: 0.177819 | Corr: 0.131281 | LR: 5.00e-04
2026-03-03 21:42:01,871 - INFO -   ↳ Saved best model (val_corr=0.131281)
2026-03-03 21:42:07,936 - INFO - Epoch   2/50 | Train: 0.177569 | Val: 0.175327 | Corr: 0.149582 | LR: 5.00e-04
2026-03-03 21:42:07,955 - INFO -   ↳ Saved best model (val_corr=0.149582)
2026-03-03 21:42:14,003 - INFO - Epoch   3/50 | Train: 0.174133 | Val: 0.171931 | Corr: 0.161319 | LR: 5.00e-04
2026-03-03 21:42:14,024 - INFO -   ↳ Saved best model (val_corr=0.161319)
2026-03-03 21:42:20,196 - INFO - Epoch   4/50 | Train: 0.171746 | Val: 0.170367 | Corr: 0.171644 | LR: 5.00e-04
2026-03-03 21:42:20,214 - INFO -   ↳ Saved best model (val_corr=0.171644)
2026-03-03 21:42:26,306 - INFO - Epoch   5/50 | Train: 0.169861 | Val: 0.169656 | Corr: 0.175590 | LR: 5.00e-04
2026-03-03 21:42:26,323 - INFO -   ↳ Saved best model (val_corr=0.175590)
2026-03-03 21:42:32,371 - INFO - Epoch   6/50 | Train: 0.168461 | Val: 0.168792 | Corr: 0.182741 | LR: 5.00e-04
2026-03-03 21:42:32,386 - INFO -   ↳ Saved best model (val_corr=0.182741)
2026-03-03 21:42:38,452 - INFO - Epoch   7/50 | Train: 0.166973 | Val: 0.168695 | Corr: 0.186181 | LR: 5.00e-04
2026-03-03 21:42:38,476 - INFO -   ↳ Saved best model (val_corr=0.186181)
2026-03-03 21:42:44,638 - INFO - Epoch   8/50 | Train: 0.166041 | Val: 0.167915 | Corr: 0.190352 | LR: 5.00e-04
2026-03-03 21:42:44,656 - INFO -   ↳ Saved best model (val_corr=0.190352)
2026-03-03 21:42:50,784 - INFO - Epoch   9/50 | Train: 0.164929 | Val: 0.167012 | Corr: 0.194250 | LR: 5.00e-04
2026-03-03 21:42:50,807 - INFO -   ↳ Saved best model (val_corr=0.194250)
2026-03-03 21:42:56,910 - INFO - Epoch  10/50 | Train: 0.163854 | Val: 0.167034 | Corr: 0.195181 | LR: 5.00e-04
2026-03-03 21:42:56,948 - INFO -   ↳ Saved best model (val_corr=0.195181)
2026-03-03 21:43:03,081 - INFO - Epoch  11/50 | Train: 0.163089 | Val: 0.166717 | Corr: 0.199352 | LR: 5.00e-04
2026-03-03 21:43:03,097 - INFO -   ↳ Saved best model (val_corr=0.199352)
2026-03-03 21:43:09,157 - INFO - Epoch  12/50 | Train: 0.162211 | Val: 0.166258 | Corr: 0.200840 | LR: 5.00e-04
2026-03-03 21:43:09,188 - INFO -   ↳ Saved best model (val_corr=0.200840)
2026-03-03 21:43:15,203 - INFO - Epoch  13/50 | Train: 0.161462 | Val: 0.166139 | Corr: 0.202103 | LR: 5.00e-04
2026-03-03 21:43:15,218 - INFO -   ↳ Saved best model (val_corr=0.202103)
2026-03-03 21:43:21,281 - INFO - Epoch  14/50 | Train: 0.160735 | Val: 0.166088 | Corr: 0.204893 | LR: 5.00e-04
2026-03-03 21:43:21,295 - INFO -   ↳ Saved best model (val_corr=0.204893)
2026-03-03 21:43:27,335 - INFO - Epoch  15/50 | Train: 0.160121 | Val: 0.165842 | Corr: 0.206654 | LR: 5.00e-04
2026-03-03 21:43:27,348 - INFO -   ↳ Saved best model (val_corr=0.206654)
2026-03-03 21:43:33,435 - INFO - Epoch  16/50 | Train: 0.159560 | Val: 0.165668 | Corr: 0.209394 | LR: 5.00e-04
2026-03-03 21:43:33,454 - INFO -   ↳ Saved best model (val_corr=0.209394)
2026-03-03 21:43:39,385 - INFO - Epoch  17/50 | Train: 0.158804 | Val: 0.166045 | Corr: 0.210103 | LR: 5.00e-04
2026-03-03 21:43:39,398 - INFO -   ↳ Saved best model (val_corr=0.210103)
2026-03-03 21:43:45,372 - INFO - Epoch  18/50 | Train: 0.158339 | Val: 0.165222 | Corr: 0.212391 | LR: 5.00e-04
2026-03-03 21:43:45,429 - INFO -   ↳ Saved best model (val_corr=0.212391)
2026-03-03 21:43:51,400 - INFO - Epoch  19/50 | Train: 0.157808 | Val: 0.165187 | Corr: 0.214256 | LR: 5.00e-04
2026-03-03 21:43:51,418 - INFO -   ↳ Saved best model (val_corr=0.214256)
2026-03-03 21:43:57,356 - INFO - Epoch  20/50 | Train: 0.157344 | Val: 0.165053 | Corr: 0.215632 | LR: 5.00e-04
2026-03-03 21:43:57,372 - INFO -   ↳ Saved best model (val_corr=0.215632)
2026-03-03 21:44:03,361 - INFO - Epoch  21/50 | Train: 0.156854 | Val: 0.165326 | Corr: 0.217321 | LR: 5.00e-04
2026-03-03 21:44:03,377 - INFO -   ↳ Saved best model (val_corr=0.217321)
2026-03-03 21:44:09,363 - INFO - Epoch  22/50 | Train: 0.156450 | Val: 0.165140 | Corr: 0.217684 | LR: 5.00e-04
2026-03-03 21:44:09,378 - INFO -   ↳ Saved best model (val_corr=0.217684)
2026-03-03 21:44:15,364 - INFO - Epoch  23/50 | Train: 0.156052 | Val: 0.164977 | Corr: 0.219088 | LR: 5.00e-04
2026-03-03 21:44:15,382 - INFO -   ↳ Saved best model (val_corr=0.219088)
2026-03-03 21:44:21,358 - INFO - Epoch  24/50 | Train: 0.155622 | Val: 0.164888 | Corr: 0.219574 | LR: 5.00e-04
2026-03-03 21:44:21,375 - INFO -   ↳ Saved best model (val_corr=0.219574)
2026-03-03 21:44:27,363 - INFO - Epoch  25/50 | Train: 0.155350 | Val: 0.165016 | Corr: 0.221343 | LR: 5.00e-04
2026-03-03 21:44:27,381 - INFO -   ↳ Saved best model (val_corr=0.221343)
2026-03-03 21:44:33,340 - INFO - Epoch  26/50 | Train: 0.154965 | Val: 0.164996 | Corr: 0.221325 | LR: 5.00e-04
2026-03-03 21:44:39,312 - INFO - Epoch  27/50 | Train: 0.154650 | Val: 0.164851 | Corr: 0.222521 | LR: 5.00e-04
2026-03-03 21:44:39,327 - INFO -   ↳ Saved best model (val_corr=0.222521)
2026-03-03 21:44:45,364 - INFO - Epoch  28/50 | Train: 0.154326 | Val: 0.165058 | Corr: 0.222040 | LR: 5.00e-04
2026-03-03 21:44:51,361 - INFO - Epoch  29/50 | Train: 0.154078 | Val: 0.164828 | Corr: 0.222469 | LR: 5.00e-04
2026-03-03 21:44:57,389 - INFO - Epoch  30/50 | Train: 0.153767 | Val: 0.164994 | Corr: 0.223135 | LR: 5.00e-04
2026-03-03 21:44:57,408 - INFO -   ↳ Saved best model (val_corr=0.223135)
2026-03-03 21:45:03,310 - INFO - Epoch  31/50 | Train: 0.153448 | Val: 0.164896 | Corr: 0.224538 | LR: 5.00e-04
2026-03-03 21:45:03,323 - INFO -   ↳ Saved best model (val_corr=0.224538)
2026-03-03 21:45:09,421 - INFO - Epoch  32/50 | Train: 0.153233 | Val: 0.165118 | Corr: 0.224988 | LR: 5.00e-04
2026-03-03 21:45:09,481 - INFO -   ↳ Saved best model (val_corr=0.224988)
2026-03-03 21:45:15,641 - INFO - Epoch  33/50 | Train: 0.153034 | Val: 0.165263 | Corr: 0.224912 | LR: 5.00e-04
2026-03-03 21:45:21,815 - INFO - Epoch  34/50 | Train: 0.152856 | Val: 0.164985 | Corr: 0.225936 | LR: 5.00e-04
2026-03-03 21:45:21,830 - INFO -   ↳ Saved best model (val_corr=0.225936)
2026-03-03 21:45:28,057 - INFO - Epoch  35/50 | Train: 0.152579 | Val: 0.165030 | Corr: 0.226288 | LR: 2.50e-04
2026-03-03 21:45:28,075 - INFO -   ↳ Saved best model (val_corr=0.226288)
2026-03-03 21:45:34,257 - INFO - Epoch  36/50 | Train: 0.151589 | Val: 0.165166 | Corr: 0.226841 | LR: 2.50e-04
2026-03-03 21:45:34,272 - INFO -   ↳ Saved best model (val_corr=0.226841)
2026-03-03 21:45:40,450 - INFO - Epoch  37/50 | Train: 0.151223 | Val: 0.165128 | Corr: 0.227331 | LR: 2.50e-04
2026-03-03 21:45:40,465 - INFO -   ↳ Saved best model (val_corr=0.227331)
2026-03-03 21:45:46,641 - INFO - Epoch  38/50 | Train: 0.151030 | Val: 0.165076 | Corr: 0.226614 | LR: 2.50e-04
2026-03-03 21:45:52,849 - INFO - Epoch  39/50 | Train: 0.150807 | Val: 0.165290 | Corr: 0.226396 | LR: 2.50e-04
2026-03-03 21:45:59,065 - INFO - Epoch  40/50 | Train: 0.150675 | Val: 0.165366 | Corr: 0.227333 | LR: 2.50e-04
2026-03-03 21:45:59,083 - INFO -   ↳ Saved best model (val_corr=0.227333)
2026-03-03 21:46:05,163 - INFO - Epoch  41/50 | Train: 0.150553 | Val: 0.166004 | Corr: 0.227559 | LR: 1.25e-04
2026-03-03 21:46:05,176 - INFO -   ↳ Saved best model (val_corr=0.227559)
2026-03-03 21:46:11,353 - INFO - Epoch  42/50 | Train: 0.149985 | Val: 0.165408 | Corr: 0.226486 | LR: 1.25e-04
2026-03-03 21:46:17,374 - INFO - Epoch  43/50 | Train: 0.149905 | Val: 0.165463 | Corr: 0.227060 | LR: 1.25e-04
2026-03-03 21:46:23,351 - INFO - Epoch  44/50 | Train: 0.149820 | Val: 0.165628 | Corr: 0.228114 | LR: 1.25e-04
2026-03-03 21:46:23,366 - INFO -   ↳ Saved best model (val_corr=0.228114)
2026-03-03 21:46:29,375 - INFO - Epoch  45/50 | Train: 0.149705 | Val: 0.165808 | Corr: 0.228030 | LR: 1.25e-04
2026-03-03 21:46:35,424 - INFO - Epoch  46/50 | Train: 0.149590 | Val: 0.165657 | Corr: 0.227285 | LR: 1.25e-04
2026-03-03 21:46:41,495 - INFO - Epoch  47/50 | Train: 0.149446 | Val: 0.166316 | Corr: 0.228019 | LR: 6.25e-05
2026-03-03 21:46:47,433 - INFO - Epoch  48/50 | Train: 0.149209 | Val: 0.165979 | Corr: 0.227228 | LR: 6.25e-05
2026-03-03 21:46:53,393 - INFO - Epoch  49/50 | Train: 0.149142 | Val: 0.166156 | Corr: 0.227928 | LR: 6.25e-05
2026-03-03 21:46:59,325 - INFO - Epoch  50/50 | Train: 0.149136 | Val: 0.166157 | Corr: 0.228062 | LR: 6.25e-05
2026-03-03 21:46:59,325 - INFO - Training complete — best val corr: 0.228114
2026-03-03 21:47:00,584 - INFO - Test loss: 0.156335, Test corr: 0.221885
2026-03-03 21:47:01,131 - INFO - Fraction of variance explained (FVE): 0.059814
2026-03-03 21:47:01,132 - INFO - Computing autoregressive (AR) test predictions …
2026-03-03 21:47:01,793 - INFO - AR FVE: -0.012226, AR test corr: 0.063926
2026-03-03 21:47:01,794 - INFO - Generating figures …
2026-03-03 21:47:02,144 - INFO - Correlation between predicted and actual per-neuron averages: r=0.9940, p=0.00e+00
2026-03-03 21:47:03,739 - INFO - Pattern selectivity summary:
2026-03-03 21:47:03,739 - INFO -   Mean correlation across neurons: 0.6801
2026-03-03 21:47:03,739 - INFO -   Median correlation: 0.6867
2026-03-03 21:47:03,739 - INFO -   Neurons with r > 0.5: 55 / 63
2026-03-03 21:47:03,739 - INFO -   Neurons with r > 0.3: 61 / 63
2026-03-03 21:47:03,739 - INFO - Pattern selectivity — mean neuron corr: 0.6801
2026-03-03 21:47:05,059 - INFO - LOO (avg rate) — Model mean r: 0.5518, LOO mean r: 0.4546, Neurons model > LOO: 46/63
2026-03-03 21:47:06,714 - INFO - LOO (temporal) — Model mean r: 0.2329, LOO mean r: 0.3186, Neurons model > LOO: 8/63
2026-03-03 21:47:06,714 - INFO - Skipping oracle trial plots (skip_oracle_plots=True)
2026-03-03 21:47:06,721 - INFO - Experiment complete. Summary: {
  "run_dir": "/scratch/sb272/patterns5k_results/slurm_hist_cnn_2026-03-03_15-13-01/trial_0188_learning_rate=5.0e-04_history=2_kernel_sizes=10x5x3_conv_channels=256x128x64_fc_dims=256_seed1",
  "model_type": "cnn",
  "batch_avg_test_loss": 0.1563352426290512,
  "batch_avg_test_corr": 0.22188526438203837,
  "all_test_fve": 0.059814022647009954,
  "AR_FVE": -0.012225922137971908,
  "AR_test_correlation": 0.06392581760883331,
  "best_val_corr": 0.22811428770198133,
  "total_params": 491391,
  "trainable_params": 491391,
  "epochs_trained": 50,
  "mean_pattern_corr": 0.6800863500451697,
  "history": 2,
  "init_state": true,
  "loo_avg_mean_corr": 0.45456832695830385,
  "model_avg_mean_corr": 0.551807644601264,
  "neurons_model_beats_loo_avg": 46,
  "loo_temporal_mean_corr": 0.31855225563049316,
  "all_test_corr": 0.23287443816661835,
  "neurons_model_beats_loo_temporal": 8,
  "kernel_sizes": [
    10,
    5,
    3
  ],
  "conv_channels": [
    256,
    128,
    64
  ],
  "fc_dims": [
    256
  ]
}
