2026-02-16 03:50:07,686 - INFO - ============================================================
2026-02-16 03:50:07,687 - INFO - Experiment run directory: results/base_cnn_kernel_sweep_2026-02-15_19-39-07/trial_0170_learning_rate=0.01
2026-02-16 03:50:07,687 - INFO - ============================================================
2026-02-16 03:50:07,687 - INFO - Using preloaded raw data (skipping I/O)
2026-02-16 03:50:07,687 - INFO - Stimulation channels: 42, Spiking neurons: 63
2026-02-16 03:50:07,687 - INFO - Unique patterns: 4050, Total trials: 5000
2026-02-16 03:50:07,706 - INFO - Split (oracle): train=3400, val=600, test=1000
2026-02-16 03:50:21,743 - INFO - BinnedStimSpikeDataset initialized:
2026-02-16 03:50:21,743 - INFO -   input_bin_size_ms=10, output_bin_size_ms=10
2026-02-16 03:50:21,743 - INFO -   n_input_bins=60, n_output_bins=60
2026-02-16 03:50:21,743 - INFO -   output_offset=0, total_bins_input=60, total_bins_output=60
2026-02-16 03:50:21,743 - INFO -   Valid start positions per trial: 0 to 0
2026-02-16 03:50:21,743 - INFO -   Total samples: 3400 (3400 trials × 1 positions)
2026-02-16 03:50:35,113 - INFO - BinnedStimSpikeDataset initialized:
2026-02-16 03:50:35,114 - INFO -   input_bin_size_ms=10, output_bin_size_ms=10
2026-02-16 03:50:35,114 - INFO -   n_input_bins=60, n_output_bins=60
2026-02-16 03:50:35,114 - INFO -   output_offset=0, total_bins_input=60, total_bins_output=60
2026-02-16 03:50:35,114 - INFO -   Valid start positions per trial: 0 to 0
2026-02-16 03:50:35,114 - INFO -   Total samples: 600 (600 trials × 1 positions)
2026-02-16 03:50:48,605 - INFO - BinnedStimSpikeDataset initialized:
2026-02-16 03:50:48,605 - INFO -   input_bin_size_ms=10, output_bin_size_ms=10
2026-02-16 03:50:48,606 - INFO -   n_input_bins=60, n_output_bins=60
2026-02-16 03:50:48,606 - INFO -   output_offset=0, total_bins_input=60, total_bins_output=60
2026-02-16 03:50:48,606 - INFO -   Valid start positions per trial: 0 to 0
2026-02-16 03:50:48,606 - INFO -   Total samples: 1000 (1000 trials × 1 positions)
2026-02-16 03:50:48,606 - INFO - Samples — train: 3400, val: 600, test: 1000
2026-02-16 03:50:48,606 - INFO - Input channels: 105, Neurons: 63
2026-02-16 03:50:48,606 - INFO - Using Apple Silicon MPS acceleration
2026-02-16 03:50:48,632 - INFO - Model: CNN — 889,151 trainable params (889,151 total)
2026-02-16 03:50:48,633 - INFO - Starting training …
2026-02-16 03:50:54,362 - INFO - Epoch   1/50 | Train: 0.204706 | Val: 0.188562 | Corr: 0.244728 | LR: 1.00e-02
2026-02-16 03:50:54,396 - INFO -   ↳ Saved best model (val_corr=0.244728)
2026-02-16 03:50:59,903 - INFO - Epoch   2/50 | Train: 0.185271 | Val: 0.182746 | Corr: 0.289354 | LR: 1.00e-02
2026-02-16 03:50:59,919 - INFO -   ↳ Saved best model (val_corr=0.289354)
2026-02-16 03:51:05,658 - INFO - Epoch   3/50 | Train: 0.179208 | Val: 0.178695 | Corr: 0.312297 | LR: 1.00e-02
2026-02-16 03:51:05,689 - INFO -   ↳ Saved best model (val_corr=0.312297)
2026-02-16 03:51:11,500 - INFO - Epoch   4/50 | Train: 0.174559 | Val: 0.175208 | Corr: 0.324628 | LR: 1.00e-02
2026-02-16 03:51:11,537 - INFO -   ↳ Saved best model (val_corr=0.324628)
2026-02-16 03:51:17,253 - INFO - Epoch   5/50 | Train: 0.171044 | Val: 0.174736 | Corr: 0.330881 | LR: 1.00e-02
2026-02-16 03:51:17,294 - INFO -   ↳ Saved best model (val_corr=0.330881)
2026-02-16 03:51:22,577 - INFO - Epoch   6/50 | Train: 0.168378 | Val: 0.174162 | Corr: 0.334036 | LR: 1.00e-02
2026-02-16 03:51:22,605 - INFO -   ↳ Saved best model (val_corr=0.334036)
2026-02-16 03:51:28,173 - INFO - Epoch   7/50 | Train: 0.166292 | Val: 0.174217 | Corr: 0.335393 | LR: 1.00e-02
2026-02-16 03:51:28,193 - INFO -   ↳ Saved best model (val_corr=0.335393)
2026-02-16 03:51:33,688 - INFO - Epoch   8/50 | Train: 0.164380 | Val: 0.174338 | Corr: 0.336080 | LR: 1.00e-02
2026-02-16 03:51:33,702 - INFO -   ↳ Saved best model (val_corr=0.336080)
2026-02-16 03:51:39,382 - INFO - Epoch   9/50 | Train: 0.162995 | Val: 0.176014 | Corr: 0.335694 | LR: 1.00e-02
2026-02-16 03:51:44,982 - INFO - Epoch  10/50 | Train: 0.161523 | Val: 0.175096 | Corr: 0.336738 | LR: 1.00e-02
2026-02-16 03:51:44,995 - INFO -   ↳ Saved best model (val_corr=0.336738)
2026-02-16 03:51:50,445 - INFO - Epoch  11/50 | Train: 0.160384 | Val: 0.175598 | Corr: 0.335330 | LR: 1.00e-02
2026-02-16 03:51:56,234 - INFO - Epoch  12/50 | Train: 0.159390 | Val: 0.176805 | Corr: 0.335365 | LR: 5.00e-03
2026-02-16 03:52:02,232 - INFO - Epoch  13/50 | Train: 0.156133 | Val: 0.176851 | Corr: 0.338351 | LR: 5.00e-03
2026-02-16 03:52:02,269 - INFO -   ↳ Saved best model (val_corr=0.338351)
2026-02-16 03:52:07,889 - INFO - Epoch  14/50 | Train: 0.154443 | Val: 0.177635 | Corr: 0.336626 | LR: 5.00e-03
2026-02-16 03:52:13,912 - INFO - Epoch  15/50 | Train: 0.153738 | Val: 0.179465 | Corr: 0.335389 | LR: 5.00e-03
2026-02-16 03:52:19,865 - INFO - Epoch  16/50 | Train: 0.153124 | Val: 0.179210 | Corr: 0.334079 | LR: 5.00e-03
2026-02-16 03:52:25,730 - INFO - Epoch  17/50 | Train: 0.152666 | Val: 0.179545 | Corr: 0.332882 | LR: 5.00e-03
2026-02-16 03:52:31,377 - INFO - Epoch  18/50 | Train: 0.152279 | Val: 0.181719 | Corr: 0.331241 | LR: 2.50e-03
2026-02-16 03:52:37,345 - INFO - Epoch  19/50 | Train: 0.150546 | Val: 0.182432 | Corr: 0.331382 | LR: 2.50e-03
2026-02-16 03:52:43,191 - INFO - Epoch  20/50 | Train: 0.149733 | Val: 0.182892 | Corr: 0.330250 | LR: 2.50e-03
2026-02-16 03:52:48,799 - INFO - Epoch  21/50 | Train: 0.149224 | Val: 0.183267 | Corr: 0.329283 | LR: 2.50e-03
2026-02-16 03:52:54,676 - INFO - Epoch  22/50 | Train: 0.148885 | Val: 0.184029 | Corr: 0.328069 | LR: 2.50e-03
2026-02-16 03:53:00,374 - INFO - Epoch  23/50 | Train: 0.148594 | Val: 0.185178 | Corr: 0.326908 | LR: 2.50e-03
2026-02-16 03:53:00,375 - INFO - Early stopping at epoch 23
2026-02-16 03:53:00,375 - INFO - Training complete — best val corr: 0.338351
2026-02-16 03:53:01,473 - INFO - Test loss: 0.167535, Test corr: 0.333449
2026-02-16 03:53:01,896 - INFO - Generating figures …
2026-02-16 03:53:02,105 - INFO - Correlation between predicted and actual per-neuron averages: r=0.9893, p=9.20e-53
2026-02-16 03:53:02,917 - INFO - Pattern selectivity summary:
2026-02-16 03:53:02,917 - INFO -   Mean correlation across neurons: 0.6469
2026-02-16 03:53:02,917 - INFO -   Median correlation: 0.6518
2026-02-16 03:53:02,917 - INFO -   Neurons with r > 0.5: 54 / 63
2026-02-16 03:53:02,917 - INFO -   Neurons with r > 0.3: 63 / 63
2026-02-16 03:53:02,917 - INFO - Pattern selectivity — mean neuron corr: 0.6469
2026-02-16 03:53:03,370 - INFO - LOO baseline — Model mean r: 0.5249, LOO mean r: 0.4728, Neurons model > LOO: 36/63
2026-02-16 03:53:03,371 - INFO - Skipping oracle trial plots (skip_oracle_plots=True)
2026-02-16 03:53:03,371 - INFO - Experiment complete. Summary: {
  "run_dir": "results/base_cnn_kernel_sweep_2026-02-15_19-39-07/trial_0170_learning_rate=0.01",
  "model_type": "cnn",
  "test_loss": 0.16753457880020142,
  "test_corr": 0.333448949416015,
  "best_val_corr": 0.33835075584349744,
  "total_params": 889151,
  "trainable_params": 889151,
  "epochs_trained": 23,
  "mean_pattern_corr": 0.6469493858419402,
  "loo_mean_corr": 0.47275709111471625,
  "model_sample_mean_corr": 0.5248590510666854,
  "neurons_model_beats_loo": 36
}
2026-02-16 03:53:03,392 - INFO - 
======================================================================
2026-02-16 03:53:03,392 - INFO - [172/216] trial_0171_learning_rate=0.01
2026-02-16 03:53:03,392 - INFO -   Overrides: {"kernel_sizes": [30], "learning_rate": 0.01, "weight_decay": 1e-05, "conv_channels": [64]}
2026-02-16 03:53:03,392 - INFO -   Output: results/base_cnn_kernel_sweep_2026-02-15_19-39-07/trial_0171_learning_rate=0.01
