2026-03-03 23:04:28,621 - INFO - ============================================================
2026-03-03 23:04:28,621 - INFO - Experiment run directory: /scratch/sb272/patterns5k_results/slurm_hist_cnn_2026-03-03_15-13-01/trial_0126_learning_rate=5.0e-04_history=10_kernel_sizes=3_conv_channels=256_fc_dims=256_seed1
2026-03-03 23:04:28,621 - INFO - ============================================================
2026-03-03 23:04:28,621 - INFO - Loading data …
2026-03-03 23:04:30,457 - INFO - 63 unique neurons after dropping problematic neurons
2026-03-03 23:04:31,442 - INFO - Stimulation channels: 42, Spiking neurons: 63
2026-03-03 23:05:54,015 - INFO - Unique patterns: 4050, Total trials: 5000
2026-03-03 23:05:54,016 - INFO - Stimulation channels: 42, Spiking neurons: 63
2026-03-03 23:05:54,017 - INFO - Unique patterns: 4050, Total trials: 5000
2026-03-03 23:05:54,028 - INFO - Split (oracle): train=3400, val=600, test=1000
2026-03-03 23:06:08,457 - INFO - BinnedStimSpikeDataset initialized:
2026-03-03 23:06:08,457 - INFO -   input_bin_size_ms=10, output_bin_size_ms=10
2026-03-03 23:06:08,457 - INFO -   n_input_bins=60, n_output_bins=60
2026-03-03 23:06:08,457 - INFO -   output_offset=0, total_bins_input=60, total_bins_output=60
2026-03-03 23:06:08,457 - INFO -   Valid start positions per trial: 0 to 0
2026-03-03 23:06:08,457 - INFO -   Total samples: 3400 (3400 trials × 1 positions)
2026-03-03 23:06:22,334 - INFO - BinnedStimSpikeDataset initialized:
2026-03-03 23:06:22,334 - INFO -   input_bin_size_ms=10, output_bin_size_ms=10
2026-03-03 23:06:22,334 - INFO -   n_input_bins=60, n_output_bins=60
2026-03-03 23:06:22,334 - INFO -   output_offset=0, total_bins_input=60, total_bins_output=60
2026-03-03 23:06:22,334 - INFO -   Valid start positions per trial: 0 to 0
2026-03-03 23:06:22,334 - INFO -   Total samples: 600 (600 trials × 1 positions)
2026-03-03 23:06:36,309 - INFO - BinnedStimSpikeDataset initialized:
2026-03-03 23:06:36,309 - INFO -   input_bin_size_ms=10, output_bin_size_ms=10
2026-03-03 23:06:36,309 - INFO -   n_input_bins=60, n_output_bins=60
2026-03-03 23:06:36,309 - INFO -   output_offset=0, total_bins_input=60, total_bins_output=60
2026-03-03 23:06:36,309 - INFO -   Valid start positions per trial: 0 to 0
2026-03-03 23:06:36,309 - INFO -   Total samples: 1000 (1000 trials × 1 positions)
2026-03-03 23:06:36,309 - INFO - Samples — train: 3400, val: 600, test: 1000
2026-03-03 23:06:36,309 - INFO - Input channels: 105, Neurons: 63
2026-03-03 23:06:36,318 - INFO - Using CPU
2026-03-03 23:06:36,333 - INFO - Model: CNN — 163,391 trainable params (163,391 total)
2026-03-03 23:06:40,361 - INFO - Starting training …
2026-03-03 23:06:44,435 - INFO - Epoch   1/50 | Train: 0.239209 | Val: 0.189810 | Corr: 0.030795 | LR: 5.00e-04
2026-03-03 23:06:44,452 - INFO -   ↳ Saved best model (val_corr=0.030795)
2026-03-03 23:06:47,811 - INFO - Epoch   2/50 | Train: 0.189208 | Val: 0.186367 | Corr: 0.056775 | LR: 5.00e-04
2026-03-03 23:06:47,822 - INFO -   ↳ Saved best model (val_corr=0.056775)
2026-03-03 23:06:51,116 - INFO - Epoch   3/50 | Train: 0.186060 | Val: 0.184824 | Corr: 0.070234 | LR: 5.00e-04
2026-03-03 23:06:51,127 - INFO -   ↳ Saved best model (val_corr=0.070234)
2026-03-03 23:06:54,435 - INFO - Epoch   4/50 | Train: 0.184102 | Val: 0.183502 | Corr: 0.081966 | LR: 5.00e-04
2026-03-03 23:06:54,446 - INFO -   ↳ Saved best model (val_corr=0.081966)
2026-03-03 23:06:57,693 - INFO - Epoch   5/50 | Train: 0.182556 | Val: 0.182424 | Corr: 0.092052 | LR: 5.00e-04
2026-03-03 23:06:57,707 - INFO -   ↳ Saved best model (val_corr=0.092052)
2026-03-03 23:07:00,984 - INFO - Epoch   6/50 | Train: 0.181316 | Val: 0.181624 | Corr: 0.098255 | LR: 5.00e-04
2026-03-03 23:07:01,012 - INFO -   ↳ Saved best model (val_corr=0.098255)
2026-03-03 23:07:04,309 - INFO - Epoch   7/50 | Train: 0.180287 | Val: 0.180888 | Corr: 0.102863 | LR: 5.00e-04
2026-03-03 23:07:04,325 - INFO -   ↳ Saved best model (val_corr=0.102863)
2026-03-03 23:07:07,638 - INFO - Epoch   8/50 | Train: 0.179483 | Val: 0.180292 | Corr: 0.109265 | LR: 5.00e-04
2026-03-03 23:07:07,649 - INFO -   ↳ Saved best model (val_corr=0.109265)
2026-03-03 23:07:10,937 - INFO - Epoch   9/50 | Train: 0.178860 | Val: 0.180289 | Corr: 0.111381 | LR: 5.00e-04
2026-03-03 23:07:10,950 - INFO -   ↳ Saved best model (val_corr=0.111381)
2026-03-03 23:07:14,200 - INFO - Epoch  10/50 | Train: 0.178249 | Val: 0.179717 | Corr: 0.116113 | LR: 5.00e-04
2026-03-03 23:07:14,211 - INFO -   ↳ Saved best model (val_corr=0.116113)
2026-03-03 23:07:17,565 - INFO - Epoch  11/50 | Train: 0.177815 | Val: 0.179693 | Corr: 0.118380 | LR: 5.00e-04
2026-03-03 23:07:17,575 - INFO -   ↳ Saved best model (val_corr=0.118380)
2026-03-03 23:07:20,883 - INFO - Epoch  12/50 | Train: 0.177466 | Val: 0.178900 | Corr: 0.121581 | LR: 5.00e-04
2026-03-03 23:07:20,896 - INFO -   ↳ Saved best model (val_corr=0.121581)
2026-03-03 23:07:24,227 - INFO - Epoch  13/50 | Train: 0.177028 | Val: 0.179356 | Corr: 0.123870 | LR: 5.00e-04
2026-03-03 23:07:24,241 - INFO -   ↳ Saved best model (val_corr=0.123870)
2026-03-03 23:07:27,549 - INFO - Epoch  14/50 | Train: 0.176672 | Val: 0.179185 | Corr: 0.126945 | LR: 5.00e-04
2026-03-03 23:07:27,560 - INFO -   ↳ Saved best model (val_corr=0.126945)
2026-03-03 23:07:30,871 - INFO - Epoch  15/50 | Train: 0.176194 | Val: 0.178596 | Corr: 0.127384 | LR: 5.00e-04
2026-03-03 23:07:30,882 - INFO -   ↳ Saved best model (val_corr=0.127384)
2026-03-03 23:07:34,193 - INFO - Epoch  16/50 | Train: 0.176057 | Val: 0.178155 | Corr: 0.130136 | LR: 5.00e-04
2026-03-03 23:07:34,203 - INFO -   ↳ Saved best model (val_corr=0.130136)
2026-03-03 23:07:37,497 - INFO - Epoch  17/50 | Train: 0.175673 | Val: 0.177996 | Corr: 0.129615 | LR: 5.00e-04
2026-03-03 23:07:40,794 - INFO - Epoch  18/50 | Train: 0.175482 | Val: 0.177849 | Corr: 0.131655 | LR: 5.00e-04
2026-03-03 23:07:40,807 - INFO -   ↳ Saved best model (val_corr=0.131655)
2026-03-03 23:07:44,104 - INFO - Epoch  19/50 | Train: 0.175126 | Val: 0.178527 | Corr: 0.133187 | LR: 5.00e-04
2026-03-03 23:07:44,117 - INFO -   ↳ Saved best model (val_corr=0.133187)
2026-03-03 23:07:47,418 - INFO - Epoch  20/50 | Train: 0.174995 | Val: 0.177778 | Corr: 0.133406 | LR: 5.00e-04
2026-03-03 23:07:47,438 - INFO -   ↳ Saved best model (val_corr=0.133406)
2026-03-03 23:07:50,797 - INFO - Epoch  21/50 | Train: 0.174836 | Val: 0.177648 | Corr: 0.133312 | LR: 5.00e-04
2026-03-03 23:07:54,094 - INFO - Epoch  22/50 | Train: 0.174548 | Val: 0.177520 | Corr: 0.134416 | LR: 5.00e-04
2026-03-03 23:07:54,104 - INFO -   ↳ Saved best model (val_corr=0.134416)
2026-03-03 23:07:57,452 - INFO - Epoch  23/50 | Train: 0.174442 | Val: 0.178320 | Corr: 0.134260 | LR: 5.00e-04
2026-03-03 23:08:00,707 - INFO - Epoch  24/50 | Train: 0.174129 | Val: 0.177622 | Corr: 0.135388 | LR: 5.00e-04
2026-03-03 23:08:00,719 - INFO -   ↳ Saved best model (val_corr=0.135388)
2026-03-03 23:08:03,973 - INFO - Epoch  25/50 | Train: 0.174014 | Val: 0.177631 | Corr: 0.134425 | LR: 5.00e-04
2026-03-03 23:08:07,298 - INFO - Epoch  26/50 | Train: 0.173924 | Val: 0.177354 | Corr: 0.135221 | LR: 5.00e-04
2026-03-03 23:08:10,591 - INFO - Epoch  27/50 | Train: 0.173670 | Val: 0.177406 | Corr: 0.135993 | LR: 5.00e-04
2026-03-03 23:08:10,601 - INFO -   ↳ Saved best model (val_corr=0.135993)
2026-03-03 23:08:13,918 - INFO - Epoch  28/50 | Train: 0.173452 | Val: 0.177655 | Corr: 0.135127 | LR: 5.00e-04
2026-03-03 23:08:17,226 - INFO - Epoch  29/50 | Train: 0.173338 | Val: 0.177316 | Corr: 0.136711 | LR: 5.00e-04
2026-03-03 23:08:17,238 - INFO -   ↳ Saved best model (val_corr=0.136711)
2026-03-03 23:08:20,559 - INFO - Epoch  30/50 | Train: 0.173153 | Val: 0.177552 | Corr: 0.135659 | LR: 5.00e-04
2026-03-03 23:08:23,768 - INFO - Epoch  31/50 | Train: 0.172931 | Val: 0.177714 | Corr: 0.136704 | LR: 5.00e-04
2026-03-03 23:08:27,044 - INFO - Epoch  32/50 | Train: 0.172846 | Val: 0.177330 | Corr: 0.135969 | LR: 5.00e-04
2026-03-03 23:08:30,269 - INFO - Epoch  33/50 | Train: 0.172742 | Val: 0.177625 | Corr: 0.135556 | LR: 5.00e-04
2026-03-03 23:08:33,507 - INFO - Epoch  34/50 | Train: 0.172608 | Val: 0.177544 | Corr: 0.136005 | LR: 5.00e-04
2026-03-03 23:08:36,699 - INFO - Epoch  35/50 | Train: 0.172551 | Val: 0.178188 | Corr: 0.137003 | LR: 2.50e-04
2026-03-03 23:08:36,740 - INFO -   ↳ Saved best model (val_corr=0.137003)
2026-03-03 23:08:39,958 - INFO - Epoch  36/50 | Train: 0.171917 | Val: 0.177311 | Corr: 0.137535 | LR: 2.50e-04
2026-03-03 23:08:39,971 - INFO -   ↳ Saved best model (val_corr=0.137535)
2026-03-03 23:08:43,240 - INFO - Epoch  37/50 | Train: 0.171808 | Val: 0.177471 | Corr: 0.138229 | LR: 2.50e-04
2026-03-03 23:08:43,252 - INFO -   ↳ Saved best model (val_corr=0.138229)
2026-03-03 23:08:46,455 - INFO - Epoch  38/50 | Train: 0.171723 | Val: 0.177406 | Corr: 0.137180 | LR: 2.50e-04
2026-03-03 23:08:49,758 - INFO - Epoch  39/50 | Train: 0.171648 | Val: 0.177376 | Corr: 0.137295 | LR: 2.50e-04
2026-03-03 23:08:53,024 - INFO - Epoch  40/50 | Train: 0.171590 | Val: 0.177496 | Corr: 0.136384 | LR: 2.50e-04
2026-03-03 23:08:56,316 - INFO - Epoch  41/50 | Train: 0.171474 | Val: 0.177719 | Corr: 0.136024 | LR: 1.25e-04
2026-03-03 23:08:59,581 - INFO - Epoch  42/50 | Train: 0.171156 | Val: 0.177336 | Corr: 0.137244 | LR: 1.25e-04
2026-03-03 23:09:02,859 - INFO - Epoch  43/50 | Train: 0.171123 | Val: 0.177424 | Corr: 0.137409 | LR: 1.25e-04
2026-03-03 23:09:06,130 - INFO - Epoch  44/50 | Train: 0.171093 | Val: 0.177436 | Corr: 0.136734 | LR: 1.25e-04
2026-03-03 23:09:09,401 - INFO - Epoch  45/50 | Train: 0.171027 | Val: 0.177559 | Corr: 0.137416 | LR: 1.25e-04
2026-03-03 23:09:12,636 - INFO - Epoch  46/50 | Train: 0.170987 | Val: 0.177444 | Corr: 0.137291 | LR: 1.25e-04
2026-03-03 23:09:15,876 - INFO - Epoch  47/50 | Train: 0.170954 | Val: 0.177402 | Corr: 0.137243 | LR: 6.25e-05
2026-03-03 23:09:15,876 - INFO - Early stopping at epoch 47
2026-03-03 23:09:15,876 - INFO - Training complete — best val corr: 0.138229
2026-03-03 23:09:16,875 - INFO - Test loss: 0.168532, Test corr: 0.134383
2026-03-03 23:09:17,129 - INFO - Fraction of variance explained (FVE): 0.020533
2026-03-03 23:09:17,129 - INFO - Computing autoregressive (AR) test predictions …
2026-03-03 23:09:17,531 - INFO - AR FVE: 0.019204, AR test corr: 0.129730
2026-03-03 23:09:17,532 - INFO - Generating figures …
2026-03-03 23:09:17,913 - INFO - Correlation between predicted and actual per-neuron averages: r=0.9903, p=0.00e+00
2026-03-03 23:09:19,324 - INFO - Pattern selectivity summary:
2026-03-03 23:09:19,325 - INFO -   Mean correlation across neurons: 0.5611
2026-03-03 23:09:19,325 - INFO -   Median correlation: 0.6097
2026-03-03 23:09:19,325 - INFO -   Neurons with r > 0.5: 41 / 63
2026-03-03 23:09:19,325 - INFO -   Neurons with r > 0.3: 59 / 63
2026-03-03 23:09:19,325 - INFO - Pattern selectivity — mean neuron corr: 0.5611
2026-03-03 23:09:20,374 - INFO - LOO (avg rate) — Model mean r: 0.3891, LOO mean r: 0.4546, Neurons model > LOO: 10/63
2026-03-03 23:09:21,938 - INFO - LOO (temporal) — Model mean r: 0.1401, LOO mean r: 0.3186, Neurons model > LOO: 1/63
2026-03-03 23:09:21,938 - INFO - Skipping oracle trial plots (skip_oracle_plots=True)
2026-03-03 23:09:21,945 - INFO - Experiment complete. Summary: {
  "run_dir": "/scratch/sb272/patterns5k_results/slurm_hist_cnn_2026-03-03_15-13-01/trial_0126_learning_rate=5.0e-04_history=10_kernel_sizes=3_conv_channels=256_fc_dims=256_seed1",
  "model_type": "cnn",
  "batch_avg_test_loss": 0.16853212904930115,
  "batch_avg_test_corr": 0.13438321931448413,
  "all_test_fve": 0.020532843612489245,
  "AR_FVE": 0.019204388535211957,
  "AR_test_correlation": 0.12972962856292725,
  "best_val_corr": 0.13822852273207917,
  "total_params": 163391,
  "trainable_params": 163391,
  "epochs_trained": 47,
  "mean_pattern_corr": 0.5611313030726646,
  "history": 10,
  "init_state": true,
  "loo_avg_mean_corr": 0.45456832695830385,
  "model_avg_mean_corr": 0.3891134478261893,
  "neurons_model_beats_loo_avg": 10,
  "loo_temporal_mean_corr": 0.31855225563049316,
  "all_test_corr": 0.14006002247333527,
  "neurons_model_beats_loo_temporal": 1,
  "kernel_sizes": [
    3
  ],
  "conv_channels": [
    256
  ],
  "fc_dims": [
    256
  ]
}
