2026-03-03 20:10:27,283 - INFO - ============================================================
2026-03-03 20:10:27,283 - INFO - Experiment run directory: /scratch/sb272/patterns5k_results/slurm_hist_cnn_2026-03-03_15-13-01/trial_0316_learning_rate=5.0e-03_history=1_kernel_sizes=5_conv_channels=256_fc_dims=256_seed2
2026-03-03 20:10:27,283 - INFO - ============================================================
2026-03-03 20:10:27,283 - INFO - Loading data …
2026-03-03 20:10:28,352 - INFO - 63 unique neurons after dropping problematic neurons
2026-03-03 20:10:29,654 - INFO - Stimulation channels: 42, Spiking neurons: 63
2026-03-03 20:12:33,342 - INFO - Unique patterns: 4050, Total trials: 5000
2026-03-03 20:12:33,344 - INFO - Stimulation channels: 42, Spiking neurons: 63
2026-03-03 20:12:33,344 - INFO - Unique patterns: 4050, Total trials: 5000
2026-03-03 20:12:33,360 - INFO - Split (oracle): train=3400, val=600, test=1000
2026-03-03 20:12:58,729 - INFO - BinnedStimSpikeDataset initialized:
2026-03-03 20:12:58,730 - INFO -   input_bin_size_ms=10, output_bin_size_ms=10
2026-03-03 20:12:58,730 - INFO -   n_input_bins=60, n_output_bins=60
2026-03-03 20:12:58,730 - INFO -   output_offset=0, total_bins_input=60, total_bins_output=60
2026-03-03 20:12:58,730 - INFO -   Valid start positions per trial: 0 to 0
2026-03-03 20:12:58,730 - INFO -   Total samples: 3400 (3400 trials × 1 positions)
2026-03-03 20:13:23,360 - INFO - BinnedStimSpikeDataset initialized:
2026-03-03 20:13:23,360 - INFO -   input_bin_size_ms=10, output_bin_size_ms=10
2026-03-03 20:13:23,360 - INFO -   n_input_bins=60, n_output_bins=60
2026-03-03 20:13:23,360 - INFO -   output_offset=0, total_bins_input=60, total_bins_output=60
2026-03-03 20:13:23,360 - INFO -   Valid start positions per trial: 0 to 0
2026-03-03 20:13:23,360 - INFO -   Total samples: 600 (600 trials × 1 positions)
2026-03-03 20:13:48,327 - INFO - BinnedStimSpikeDataset initialized:
2026-03-03 20:13:48,327 - INFO -   input_bin_size_ms=10, output_bin_size_ms=10
2026-03-03 20:13:48,327 - INFO -   n_input_bins=60, n_output_bins=60
2026-03-03 20:13:48,327 - INFO -   output_offset=0, total_bins_input=60, total_bins_output=60
2026-03-03 20:13:48,327 - INFO -   Valid start positions per trial: 0 to 0
2026-03-03 20:13:48,327 - INFO -   Total samples: 1000 (1000 trials × 1 positions)
2026-03-03 20:13:48,328 - INFO - Samples — train: 3400, val: 600, test: 1000
2026-03-03 20:13:48,328 - INFO - Input channels: 105, Neurons: 63
2026-03-03 20:13:48,332 - INFO - Using CPU
2026-03-03 20:13:48,336 - INFO - Model: CNN — 217,151 trainable params (217,151 total)
2026-03-03 20:13:56,008 - INFO - Starting training …
2026-03-03 20:14:02,512 - INFO - Epoch   1/50 | Train: 0.193916 | Val: 0.171821 | Corr: 0.176076 | LR: 5.00e-03
2026-03-03 20:14:02,531 - INFO -   ↳ Saved best model (val_corr=0.176076)
2026-03-03 20:14:07,979 - INFO - Epoch   2/50 | Train: 0.171486 | Val: 0.167171 | Corr: 0.206994 | LR: 5.00e-03
2026-03-03 20:14:07,996 - INFO -   ↳ Saved best model (val_corr=0.206994)
2026-03-03 20:14:13,478 - INFO - Epoch   3/50 | Train: 0.167890 | Val: 0.164498 | Corr: 0.222775 | LR: 5.00e-03
2026-03-03 20:14:13,494 - INFO -   ↳ Saved best model (val_corr=0.222775)
2026-03-03 20:14:19,270 - INFO - Epoch   4/50 | Train: 0.165822 | Val: 0.163550 | Corr: 0.232201 | LR: 5.00e-03
2026-03-03 20:14:19,285 - INFO -   ↳ Saved best model (val_corr=0.232201)
2026-03-03 20:14:24,700 - INFO - Epoch   5/50 | Train: 0.164544 | Val: 0.162878 | Corr: 0.237037 | LR: 5.00e-03
2026-03-03 20:14:24,720 - INFO -   ↳ Saved best model (val_corr=0.237037)
2026-03-03 20:14:30,130 - INFO - Epoch   6/50 | Train: 0.163411 | Val: 0.162261 | Corr: 0.240686 | LR: 5.00e-03
2026-03-03 20:14:30,144 - INFO -   ↳ Saved best model (val_corr=0.240686)
2026-03-03 20:14:35,935 - INFO - Epoch   7/50 | Train: 0.162234 | Val: 0.162477 | Corr: 0.242704 | LR: 5.00e-03
2026-03-03 20:14:35,948 - INFO -   ↳ Saved best model (val_corr=0.242704)
2026-03-03 20:14:41,233 - INFO - Epoch   8/50 | Train: 0.161660 | Val: 0.162020 | Corr: 0.245571 | LR: 5.00e-03
2026-03-03 20:14:41,253 - INFO -   ↳ Saved best model (val_corr=0.245571)
2026-03-03 20:14:46,652 - INFO - Epoch   9/50 | Train: 0.161154 | Val: 0.162409 | Corr: 0.244987 | LR: 5.00e-03
2026-03-03 20:14:52,157 - INFO - Epoch  10/50 | Train: 0.160434 | Val: 0.161532 | Corr: 0.245539 | LR: 5.00e-03
2026-03-03 20:14:57,579 - INFO - Epoch  11/50 | Train: 0.159946 | Val: 0.162636 | Corr: 0.245404 | LR: 5.00e-03
2026-03-03 20:15:03,158 - INFO - Epoch  12/50 | Train: 0.159617 | Val: 0.161457 | Corr: 0.247792 | LR: 5.00e-03
2026-03-03 20:15:03,179 - INFO -   ↳ Saved best model (val_corr=0.247792)
2026-03-03 20:15:08,869 - INFO - Epoch  13/50 | Train: 0.158992 | Val: 0.161792 | Corr: 0.245993 | LR: 5.00e-03
2026-03-03 20:15:14,510 - INFO - Epoch  14/50 | Train: 0.158923 | Val: 0.161951 | Corr: 0.246037 | LR: 5.00e-03
2026-03-03 20:15:20,185 - INFO - Epoch  15/50 | Train: 0.158447 | Val: 0.161309 | Corr: 0.247386 | LR: 5.00e-03
2026-03-03 20:15:25,739 - INFO - Epoch  16/50 | Train: 0.157996 | Val: 0.162016 | Corr: 0.247971 | LR: 5.00e-03
2026-03-03 20:15:25,752 - INFO -   ↳ Saved best model (val_corr=0.247971)
2026-03-03 20:15:31,250 - INFO - Epoch  17/50 | Train: 0.157703 | Val: 0.161409 | Corr: 0.248327 | LR: 5.00e-03
2026-03-03 20:15:31,261 - INFO -   ↳ Saved best model (val_corr=0.248327)
2026-03-03 20:15:36,691 - INFO - Epoch  18/50 | Train: 0.157446 | Val: 0.161922 | Corr: 0.246886 | LR: 5.00e-03
2026-03-03 20:15:42,159 - INFO - Epoch  19/50 | Train: 0.157094 | Val: 0.162485 | Corr: 0.246047 | LR: 5.00e-03
2026-03-03 20:15:47,463 - INFO - Epoch  20/50 | Train: 0.156826 | Val: 0.161700 | Corr: 0.247056 | LR: 5.00e-03
2026-03-03 20:15:53,053 - INFO - Epoch  21/50 | Train: 0.156628 | Val: 0.161796 | Corr: 0.246878 | LR: 2.50e-03
2026-03-03 20:15:58,625 - INFO - Epoch  22/50 | Train: 0.155151 | Val: 0.161697 | Corr: 0.248654 | LR: 2.50e-03
2026-03-03 20:15:58,641 - INFO -   ↳ Saved best model (val_corr=0.248654)
2026-03-03 20:16:04,165 - INFO - Epoch  23/50 | Train: 0.154681 | Val: 0.161647 | Corr: 0.248785 | LR: 2.50e-03
2026-03-03 20:16:04,179 - INFO -   ↳ Saved best model (val_corr=0.248785)
2026-03-03 20:16:09,805 - INFO - Epoch  24/50 | Train: 0.154616 | Val: 0.161711 | Corr: 0.247938 | LR: 2.50e-03
2026-03-03 20:16:15,228 - INFO - Epoch  25/50 | Train: 0.154430 | Val: 0.161789 | Corr: 0.247911 | LR: 2.50e-03
2026-03-03 20:16:20,646 - INFO - Epoch  26/50 | Train: 0.154266 | Val: 0.161873 | Corr: 0.247095 | LR: 2.50e-03
2026-03-03 20:16:26,073 - INFO - Epoch  27/50 | Train: 0.154090 | Val: 0.162149 | Corr: 0.246704 | LR: 1.25e-03
2026-03-03 20:16:31,270 - INFO - Epoch  28/50 | Train: 0.153347 | Val: 0.161951 | Corr: 0.247132 | LR: 1.25e-03
2026-03-03 20:16:36,840 - INFO - Epoch  29/50 | Train: 0.153046 | Val: 0.162108 | Corr: 0.247453 | LR: 1.25e-03
2026-03-03 20:16:42,446 - INFO - Epoch  30/50 | Train: 0.152870 | Val: 0.162020 | Corr: 0.247843 | LR: 1.25e-03
2026-03-03 20:16:48,043 - INFO - Epoch  31/50 | Train: 0.152815 | Val: 0.162034 | Corr: 0.247362 | LR: 1.25e-03
2026-03-03 20:16:53,459 - INFO - Epoch  32/50 | Train: 0.152757 | Val: 0.162192 | Corr: 0.246776 | LR: 1.25e-03
2026-03-03 20:16:58,920 - INFO - Epoch  33/50 | Train: 0.152639 | Val: 0.162285 | Corr: 0.246995 | LR: 6.25e-04
2026-03-03 20:16:58,920 - INFO - Early stopping at epoch 33
2026-03-03 20:16:58,920 - INFO - Training complete — best val corr: 0.248785
2026-03-03 20:17:00,564 - INFO - Test loss: 0.153376, Test corr: 0.243898
2026-03-03 20:17:00,992 - INFO - Fraction of variance explained (FVE): 0.073636
2026-03-03 20:17:00,992 - INFO - Computing autoregressive (AR) test predictions …
2026-03-03 20:17:01,613 - INFO - AR FVE: -0.006737, AR test corr: 0.089192
2026-03-03 20:17:01,614 - INFO - Generating figures …
2026-03-03 20:17:02,147 - INFO - Correlation between predicted and actual per-neuron averages: r=0.9874, p=0.00e+00
2026-03-03 20:17:04,254 - INFO - Pattern selectivity summary:
2026-03-03 20:17:04,255 - INFO -   Mean correlation across neurons: 0.7673
2026-03-03 20:17:04,255 - INFO -   Median correlation: 0.7924
2026-03-03 20:17:04,255 - INFO -   Neurons with r > 0.5: 58 / 63
2026-03-03 20:17:04,255 - INFO -   Neurons with r > 0.3: 63 / 63
2026-03-03 20:17:04,255 - INFO - Pattern selectivity — mean neuron corr: 0.7673
2026-03-03 20:17:06,091 - INFO - LOO (avg rate) — Model mean r: 0.6457, LOO mean r: 0.4546, Neurons model > LOO: 59/63
2026-03-03 20:17:08,441 - INFO - LOO (temporal) — Model mean r: 0.2560, LOO mean r: 0.3186, Neurons model > LOO: 14/63
2026-03-03 20:17:08,441 - INFO - Skipping oracle trial plots (skip_oracle_plots=True)
2026-03-03 20:17:08,450 - INFO - Experiment complete. Summary: {
  "run_dir": "/scratch/sb272/patterns5k_results/slurm_hist_cnn_2026-03-03_15-13-01/trial_0316_learning_rate=5.0e-03_history=1_kernel_sizes=5_conv_channels=256_fc_dims=256_seed2",
  "model_type": "cnn",
  "batch_avg_test_loss": 0.15337593507766722,
  "batch_avg_test_corr": 0.24389753819871135,
  "all_test_fve": 0.07363591686127678,
  "AR_FVE": -0.006736707119714646,
  "AR_test_correlation": 0.08919170498847961,
  "best_val_corr": 0.24878478603208795,
  "total_params": 217151,
  "trainable_params": 217151,
  "epochs_trained": 33,
  "mean_pattern_corr": 0.7672961055521758,
  "history": 1,
  "init_state": true,
  "loo_avg_mean_corr": 0.45456832695830385,
  "model_avg_mean_corr": 0.6456983019261838,
  "neurons_model_beats_loo_avg": 59,
  "loo_temporal_mean_corr": 0.31855225563049316,
  "all_test_corr": 0.25596678256988525,
  "neurons_model_beats_loo_temporal": 14,
  "kernel_sizes": [
    5
  ],
  "conv_channels": [
    256
  ],
  "fc_dims": [
    256
  ]
}
