2026-02-25 08:09:11,151 - INFO - ============================================================
2026-02-25 08:09:11,151 - INFO - Experiment run directory: results/multilayer_cnn_nohist_sweep_v2_2026-02-24_22-05-22/trial_0236_history=10_kernel_sizes=60_conv_channels=128_fc_dims=256
2026-02-25 08:09:11,151 - INFO - ============================================================
2026-02-25 08:09:11,151 - INFO - Using preloaded raw data (skipping I/O)
2026-02-25 08:09:11,151 - INFO - Stimulation channels: 42, Spiking neurons: 63
2026-02-25 08:09:11,151 - INFO - Unique patterns: 4050, Total trials: 5000
2026-02-25 08:09:11,163 - INFO - Split (oracle): train=3400, val=600, test=1000
2026-02-25 08:09:25,861 - INFO - BinnedStimSpikeDataset initialized:
2026-02-25 08:09:25,862 - INFO -   input_bin_size_ms=10, output_bin_size_ms=10
2026-02-25 08:09:25,862 - INFO -   n_input_bins=60, n_output_bins=60
2026-02-25 08:09:25,862 - INFO -   output_offset=0, total_bins_input=60, total_bins_output=60
2026-02-25 08:09:25,862 - INFO -   Valid start positions per trial: 0 to 0
2026-02-25 08:09:25,862 - INFO -   Total samples: 3400 (3400 trials × 1 positions)
2026-02-25 08:09:39,377 - INFO - BinnedStimSpikeDataset initialized:
2026-02-25 08:09:39,377 - INFO -   input_bin_size_ms=10, output_bin_size_ms=10
2026-02-25 08:09:39,377 - INFO -   n_input_bins=60, n_output_bins=60
2026-02-25 08:09:39,377 - INFO -   output_offset=0, total_bins_input=60, total_bins_output=60
2026-02-25 08:09:39,377 - INFO -   Valid start positions per trial: 0 to 0
2026-02-25 08:09:39,377 - INFO -   Total samples: 600 (600 trials × 1 positions)
2026-02-25 08:09:53,084 - INFO - BinnedStimSpikeDataset initialized:
2026-02-25 08:09:53,085 - INFO -   input_bin_size_ms=10, output_bin_size_ms=10
2026-02-25 08:09:53,085 - INFO -   n_input_bins=60, n_output_bins=60
2026-02-25 08:09:53,085 - INFO -   output_offset=0, total_bins_input=60, total_bins_output=60
2026-02-25 08:09:53,085 - INFO -   Valid start positions per trial: 0 to 0
2026-02-25 08:09:53,085 - INFO -   Total samples: 1000 (1000 trials × 1 positions)
2026-02-25 08:09:53,086 - INFO - Samples — train: 3400, val: 600, test: 1000
2026-02-25 08:09:53,086 - INFO - Input channels: 105, Neurons: 63
2026-02-25 08:09:53,086 - INFO - Using Apple Silicon MPS acceleration
2026-02-25 08:09:53,105 - INFO - Model: CNN — 855,999 trainable params (855,999 total)
2026-02-25 08:09:53,106 - INFO - Starting training …
2026-02-25 08:09:57,148 - INFO - Epoch   1/50 | Train: 0.237959 | Val: 0.199797 | Corr: 0.089181 | LR: 1.00e-03
2026-02-25 08:09:57,185 - INFO -   ↳ Saved best model (val_corr=0.089181)
2026-02-25 08:10:01,128 - INFO - Epoch   2/50 | Train: 0.196462 | Val: 0.196730 | Corr: 0.112541 | LR: 1.00e-03
2026-02-25 08:10:01,161 - INFO -   ↳ Saved best model (val_corr=0.112541)
2026-02-25 08:10:05,221 - INFO - Epoch   3/50 | Train: 0.191770 | Val: 0.195138 | Corr: 0.122296 | LR: 1.00e-03
2026-02-25 08:10:05,265 - INFO -   ↳ Saved best model (val_corr=0.122296)
2026-02-25 08:10:09,577 - INFO - Epoch   4/50 | Train: 0.188691 | Val: 0.194469 | Corr: 0.130168 | LR: 1.00e-03
2026-02-25 08:10:09,628 - INFO -   ↳ Saved best model (val_corr=0.130168)
2026-02-25 08:10:13,929 - INFO - Epoch   5/50 | Train: 0.186271 | Val: 0.193681 | Corr: 0.137423 | LR: 1.00e-03
2026-02-25 08:10:13,973 - INFO -   ↳ Saved best model (val_corr=0.137423)
2026-02-25 08:10:17,152 - INFO - Epoch   6/50 | Train: 0.183910 | Val: 0.193085 | Corr: 0.142207 | LR: 1.00e-03
2026-02-25 08:10:17,196 - INFO -   ↳ Saved best model (val_corr=0.142207)
2026-02-25 08:10:21,406 - INFO - Epoch   7/50 | Train: 0.181819 | Val: 0.192365 | Corr: 0.147029 | LR: 1.00e-03
2026-02-25 08:10:21,470 - INFO -   ↳ Saved best model (val_corr=0.147029)
2026-02-25 08:10:25,631 - INFO - Epoch   8/50 | Train: 0.179648 | Val: 0.191908 | Corr: 0.150545 | LR: 1.00e-03
2026-02-25 08:10:25,682 - INFO -   ↳ Saved best model (val_corr=0.150545)
2026-02-25 08:10:30,114 - INFO - Epoch   9/50 | Train: 0.177704 | Val: 0.192356 | Corr: 0.152261 | LR: 1.00e-03
2026-02-25 08:10:30,162 - INFO -   ↳ Saved best model (val_corr=0.152261)
2026-02-25 08:10:34,360 - INFO - Epoch  10/50 | Train: 0.175964 | Val: 0.191904 | Corr: 0.155922 | LR: 1.00e-03
2026-02-25 08:10:34,416 - INFO -   ↳ Saved best model (val_corr=0.155922)
2026-02-25 08:10:38,668 - INFO - Epoch  11/50 | Train: 0.174240 | Val: 0.191637 | Corr: 0.157720 | LR: 1.00e-03
2026-02-25 08:10:38,704 - INFO -   ↳ Saved best model (val_corr=0.157720)
2026-02-25 08:10:42,910 - INFO - Epoch  12/50 | Train: 0.172692 | Val: 0.192117 | Corr: 0.157016 | LR: 1.00e-03
2026-02-25 08:10:46,754 - INFO - Epoch  13/50 | Train: 0.171369 | Val: 0.191820 | Corr: 0.159659 | LR: 1.00e-03
2026-02-25 08:10:46,783 - INFO -   ↳ Saved best model (val_corr=0.159659)
2026-02-25 08:10:50,945 - INFO - Epoch  14/50 | Train: 0.170231 | Val: 0.192587 | Corr: 0.159256 | LR: 1.00e-03
2026-02-25 08:10:54,283 - INFO - Epoch  15/50 | Train: 0.168866 | Val: 0.194351 | Corr: 0.158900 | LR: 1.00e-03
2026-02-25 08:10:57,149 - INFO - Epoch  16/50 | Train: 0.167848 | Val: 0.194015 | Corr: 0.158138 | LR: 1.00e-03
2026-02-25 08:11:00,271 - INFO - Epoch  17/50 | Train: 0.166968 | Val: 0.193785 | Corr: 0.159044 | LR: 5.00e-04
2026-02-25 08:11:03,942 - INFO - Epoch  18/50 | Train: 0.164164 | Val: 0.194911 | Corr: 0.159004 | LR: 5.00e-04
2026-02-25 08:11:07,799 - INFO - Epoch  19/50 | Train: 0.163116 | Val: 0.195008 | Corr: 0.158975 | LR: 5.00e-04
2026-02-25 08:11:11,285 - INFO - Epoch  20/50 | Train: 0.162303 | Val: 0.196122 | Corr: 0.157339 | LR: 5.00e-04
2026-02-25 08:11:13,993 - INFO - Epoch  21/50 | Train: 0.161826 | Val: 0.197188 | Corr: 0.155421 | LR: 5.00e-04
2026-02-25 08:11:16,506 - INFO - Epoch  22/50 | Train: 0.161411 | Val: 0.197037 | Corr: 0.155965 | LR: 5.00e-04
2026-02-25 08:11:19,794 - INFO - Epoch  23/50 | Train: 0.160920 | Val: 0.197937 | Corr: 0.155083 | LR: 2.50e-04
2026-02-25 08:11:19,795 - INFO - Early stopping at epoch 23
2026-02-25 08:11:19,795 - INFO - Training complete — best val corr: 0.159659
2026-02-25 08:11:20,391 - INFO - Test loss: 0.182668, Test corr: 0.148478
2026-02-25 08:11:20,676 - INFO - Fraction of variance explained (FVE): 0.018277
2026-02-25 08:11:20,677 - INFO - Computing autoregressive (AR) test predictions …
2026-02-25 08:11:21,018 - INFO - AR FVE: 0.019609, AR test corr: 0.151651
2026-02-25 08:11:21,018 - INFO - Generating figures …
2026-02-25 08:11:21,310 - INFO - Correlation between predicted and actual per-neuron averages: r=0.9883, p=1.55e-51
2026-02-25 08:11:22,143 - INFO - Pattern selectivity summary:
2026-02-25 08:11:22,143 - INFO -   Mean correlation across neurons: 0.3328
2026-02-25 08:11:22,143 - INFO -   Median correlation: 0.3227
2026-02-25 08:11:22,143 - INFO -   Neurons with r > 0.5: 15 / 63
2026-02-25 08:11:22,143 - INFO -   Neurons with r > 0.3: 36 / 63
2026-02-25 08:11:22,143 - INFO - Pattern selectivity — mean neuron corr: 0.3328
2026-02-25 08:11:22,628 - INFO - LOO (avg rate) — Model mean r: 0.2925, LOO mean r: 0.4728, Neurons model > LOO: 13/63
2026-02-25 08:11:23,388 - INFO - LOO (temporal) — Model mean r: 0.1596, LOO mean r: 0.3815, Neurons model > LOO: 1/63
2026-02-25 08:11:23,388 - INFO - Skipping oracle trial plots (skip_oracle_plots=True)
2026-02-25 08:11:23,388 - INFO - Experiment complete. Summary: {
  "run_dir": "results/multilayer_cnn_nohist_sweep_v2_2026-02-24_22-05-22/trial_0236_history=10_kernel_sizes=60_conv_channels=128_fc_dims=256",
  "model_type": "cnn",
  "batch_avg_test_loss": 0.18266803908348084,
  "batch_avg_test_corr": 0.14847833269589547,
  "all_test_fve": 0.018276541952102904,
  "AR_FVE": 0.01960923368968661,
  "AR_test_correlation": 0.15165074169635773,
  "best_val_corr": 0.15965911868571606,
  "total_params": 855999,
  "trainable_params": 855999,
  "epochs_trained": 23,
  "mean_pattern_corr": 0.33276678990193054,
  "history": 10,
  "init_state": true,
  "loo_avg_mean_corr": 0.47275709111471625,
  "model_avg_mean_corr": 0.29249022924773993,
  "neurons_model_beats_loo_avg": 13,
  "loo_temporal_mean_corr": 0.3815135061740875,
  "all_test_corr": 0.15958108007907867,
  "neurons_model_beats_loo_temporal": 1,
  "kernel_sizes": [
    60
  ],
  "conv_channels": [
    128
  ],
  "fc_dims": [
    256
  ]
}
2026-02-25 08:11:23,444 - INFO - 
======================================================================
2026-02-25 08:11:23,444 - INFO - [238/864] trial_0237_history=10_kernel_sizes=60_conv_channels=128_fc_dims=256
2026-02-25 08:11:23,444 - INFO -   Overrides: {"_arch": {"kernel_sizes": [60], "conv_channels": [128], "fc_dims": [256]}, "history": 10, "weight_decay": 0.0001}
2026-02-25 08:11:23,444 - INFO -   Output: results/multilayer_cnn_nohist_sweep_v2_2026-02-24_22-05-22/trial_0237_history=10_kernel_sizes=60_conv_channels=128_fc_dims=256
