2026-03-05 17:06:02,193 - INFO - ============================================================
2026-03-05 17:06:02,193 - INFO - Experiment run directory: /scratch/sb272/patterns5k_results/slurm_hist_cnn_2026-03-05_16-01-45/trial_0177_learning_rate=1.0e-04_history=2_kernel_sizes=3x3x3_conv_channels=128x128x128_fc_dims=512_seed0
2026-03-05 17:06:02,193 - INFO - ============================================================
2026-03-05 17:06:02,194 - INFO - Loading data …
2026-03-05 17:06:04,856 - INFO - 63 unique neurons after dropping problematic neurons
2026-03-05 17:06:06,375 - INFO - Stimulation channels: 42, Spiking neurons: 63
2026-03-05 17:08:02,883 - INFO - Unique patterns: 4050, Total trials: 5000
2026-03-05 17:08:02,885 - INFO - Stimulation channels: 42, Spiking neurons: 63
2026-03-05 17:08:02,885 - INFO - Unique patterns: 4050, Total trials: 5000
2026-03-05 17:08:02,904 - INFO - Split (oracle): train=3400, val=600, test=1000
2026-03-05 17:08:20,372 - INFO - BinnedStimSpikeDataset initialized:
2026-03-05 17:08:20,372 - INFO -   input_bin_size_ms=10, output_bin_size_ms=10
2026-03-05 17:08:20,373 - INFO -   n_input_bins=60, n_output_bins=60
2026-03-05 17:08:20,373 - INFO -   output_offset=0, total_bins_input=60, total_bins_output=60
2026-03-05 17:08:20,373 - INFO -   Valid start positions per trial: 0 to 0
2026-03-05 17:08:20,373 - INFO -   Total samples: 3400 (3400 trials × 1 positions)
2026-03-05 17:08:37,396 - INFO - BinnedStimSpikeDataset initialized:
2026-03-05 17:08:37,396 - INFO -   input_bin_size_ms=10, output_bin_size_ms=10
2026-03-05 17:08:37,396 - INFO -   n_input_bins=60, n_output_bins=60
2026-03-05 17:08:37,396 - INFO -   output_offset=0, total_bins_input=60, total_bins_output=60
2026-03-05 17:08:37,396 - INFO -   Valid start positions per trial: 0 to 0
2026-03-05 17:08:37,396 - INFO -   Total samples: 600 (600 trials × 1 positions)
2026-03-05 17:08:54,538 - INFO - BinnedStimSpikeDataset initialized:
2026-03-05 17:08:54,538 - INFO -   input_bin_size_ms=10, output_bin_size_ms=10
2026-03-05 17:08:54,538 - INFO -   n_input_bins=60, n_output_bins=60
2026-03-05 17:08:54,538 - INFO -   output_offset=0, total_bins_input=60, total_bins_output=60
2026-03-05 17:08:54,538 - INFO -   Valid start positions per trial: 0 to 0
2026-03-05 17:08:54,539 - INFO -   Total samples: 1000 (1000 trials × 1 positions)
2026-03-05 17:08:54,539 - INFO - Samples — train: 3400, val: 600, test: 1000
2026-03-05 17:08:54,539 - INFO - Input channels: 105, Neurons: 63
2026-03-05 17:08:54,562 - INFO - Using CPU
2026-03-05 17:08:54,581 - INFO - Model: CNN — 238,143 trainable params (238,143 total)
2026-03-05 17:08:59,419 - INFO - Starting training …
2026-03-05 17:09:08,816 - INFO - Epoch   1/50 | Train: 0.367187 | Val: 0.189417 | Corr: 0.076363 | LR: 1.00e-04
2026-03-05 17:09:08,836 - INFO -   ↳ Saved best model (val_corr=0.076363)
2026-03-05 17:09:16,717 - INFO - Epoch   2/50 | Train: 0.183156 | Val: 0.182425 | Corr: 0.107866 | LR: 1.00e-04
2026-03-05 17:09:16,732 - INFO -   ↳ Saved best model (val_corr=0.107866)
2026-03-05 17:09:24,848 - INFO - Epoch   3/50 | Train: 0.180188 | Val: 0.180278 | Corr: 0.122476 | LR: 1.00e-04
2026-03-05 17:09:24,865 - INFO -   ↳ Saved best model (val_corr=0.122476)
2026-03-05 17:09:32,877 - INFO - Epoch   4/50 | Train: 0.178460 | Val: 0.179393 | Corr: 0.131055 | LR: 1.00e-04
2026-03-05 17:09:32,891 - INFO -   ↳ Saved best model (val_corr=0.131055)
2026-03-05 17:09:40,875 - INFO - Epoch   5/50 | Train: 0.177167 | Val: 0.177441 | Corr: 0.139029 | LR: 1.00e-04
2026-03-05 17:09:40,889 - INFO -   ↳ Saved best model (val_corr=0.139029)
2026-03-05 17:09:48,703 - INFO - Epoch   6/50 | Train: 0.175989 | Val: 0.176803 | Corr: 0.144491 | LR: 1.00e-04
2026-03-05 17:09:48,717 - INFO -   ↳ Saved best model (val_corr=0.144491)
2026-03-05 17:09:56,540 - INFO - Epoch   7/50 | Train: 0.175019 | Val: 0.175535 | Corr: 0.150234 | LR: 1.00e-04
2026-03-05 17:09:56,554 - INFO -   ↳ Saved best model (val_corr=0.150234)
2026-03-05 17:10:04,294 - INFO - Epoch   8/50 | Train: 0.174140 | Val: 0.175128 | Corr: 0.154511 | LR: 1.00e-04
2026-03-05 17:10:04,314 - INFO -   ↳ Saved best model (val_corr=0.154511)
2026-03-05 17:10:11,980 - INFO - Epoch   9/50 | Train: 0.173467 | Val: 0.173873 | Corr: 0.160656 | LR: 1.00e-04
2026-03-05 17:10:11,994 - INFO -   ↳ Saved best model (val_corr=0.160656)
2026-03-05 17:10:19,611 - INFO - Epoch  10/50 | Train: 0.172780 | Val: 0.173822 | Corr: 0.164319 | LR: 1.00e-04
2026-03-05 17:10:19,629 - INFO -   ↳ Saved best model (val_corr=0.164319)
2026-03-05 17:10:27,225 - INFO - Epoch  11/50 | Train: 0.172237 | Val: 0.173279 | Corr: 0.166962 | LR: 1.00e-04
2026-03-05 17:10:27,239 - INFO -   ↳ Saved best model (val_corr=0.166962)
2026-03-05 17:10:35,121 - INFO - Epoch  12/50 | Train: 0.171535 | Val: 0.172789 | Corr: 0.171223 | LR: 1.00e-04
2026-03-05 17:10:35,138 - INFO -   ↳ Saved best model (val_corr=0.171223)
2026-03-05 17:10:43,927 - INFO - Epoch  13/50 | Train: 0.171141 | Val: 0.172210 | Corr: 0.174453 | LR: 1.00e-04
2026-03-05 17:10:43,941 - INFO -   ↳ Saved best model (val_corr=0.174453)
2026-03-05 17:10:52,754 - INFO - Epoch  14/50 | Train: 0.170674 | Val: 0.171814 | Corr: 0.176828 | LR: 1.00e-04
2026-03-05 17:10:52,772 - INFO -   ↳ Saved best model (val_corr=0.176828)
2026-03-05 17:11:01,506 - INFO - Epoch  15/50 | Train: 0.170234 | Val: 0.171668 | Corr: 0.179619 | LR: 1.00e-04
2026-03-05 17:11:01,526 - INFO -   ↳ Saved best model (val_corr=0.179619)
2026-03-05 17:11:09,088 - INFO - Epoch  16/50 | Train: 0.169799 | Val: 0.171570 | Corr: 0.180951 | LR: 1.00e-04
2026-03-05 17:11:09,100 - INFO -   ↳ Saved best model (val_corr=0.180951)
2026-03-05 17:11:16,992 - INFO - Epoch  17/50 | Train: 0.169474 | Val: 0.171146 | Corr: 0.184289 | LR: 1.00e-04
2026-03-05 17:11:17,008 - INFO -   ↳ Saved best model (val_corr=0.184289)
2026-03-05 17:11:24,800 - INFO - Epoch  18/50 | Train: 0.169177 | Val: 0.170718 | Corr: 0.186448 | LR: 1.00e-04
2026-03-05 17:11:24,814 - INFO -   ↳ Saved best model (val_corr=0.186448)
2026-03-05 17:11:33,243 - INFO - Epoch  19/50 | Train: 0.168728 | Val: 0.170208 | Corr: 0.188909 | LR: 1.00e-04
2026-03-05 17:11:33,261 - INFO -   ↳ Saved best model (val_corr=0.188909)
2026-03-05 17:11:41,667 - INFO - Epoch  20/50 | Train: 0.168423 | Val: 0.170230 | Corr: 0.191499 | LR: 1.00e-04
2026-03-05 17:11:41,682 - INFO -   ↳ Saved best model (val_corr=0.191499)
2026-03-05 17:11:50,058 - INFO - Epoch  21/50 | Train: 0.168118 | Val: 0.169561 | Corr: 0.194098 | LR: 1.00e-04
2026-03-05 17:11:50,075 - INFO -   ↳ Saved best model (val_corr=0.194098)
2026-03-05 17:11:57,690 - INFO - Epoch  22/50 | Train: 0.167836 | Val: 0.169587 | Corr: 0.195724 | LR: 1.00e-04
2026-03-05 17:11:57,702 - INFO -   ↳ Saved best model (val_corr=0.195724)
2026-03-05 17:12:04,937 - INFO - Epoch  23/50 | Train: 0.167509 | Val: 0.168699 | Corr: 0.199214 | LR: 1.00e-04
2026-03-05 17:12:04,955 - INFO -   ↳ Saved best model (val_corr=0.199214)
2026-03-05 17:12:12,742 - INFO - Epoch  24/50 | Train: 0.167215 | Val: 0.169076 | Corr: 0.201144 | LR: 1.00e-04
2026-03-05 17:12:12,756 - INFO -   ↳ Saved best model (val_corr=0.201144)
2026-03-05 17:12:21,221 - INFO - Epoch  25/50 | Train: 0.166810 | Val: 0.169098 | Corr: 0.201504 | LR: 1.00e-04
2026-03-05 17:12:21,237 - INFO -   ↳ Saved best model (val_corr=0.201504)
2026-03-05 17:12:29,943 - INFO - Epoch  26/50 | Train: 0.166645 | Val: 0.168207 | Corr: 0.205955 | LR: 1.00e-04
2026-03-05 17:12:29,957 - INFO -   ↳ Saved best model (val_corr=0.205955)
2026-03-05 17:12:38,784 - INFO - Epoch  27/50 | Train: 0.166296 | Val: 0.168112 | Corr: 0.207531 | LR: 1.00e-04
2026-03-05 17:12:38,800 - INFO -   ↳ Saved best model (val_corr=0.207531)
2026-03-05 17:12:46,963 - INFO - Epoch  28/50 | Train: 0.166141 | Val: 0.167855 | Corr: 0.209356 | LR: 1.00e-04
2026-03-05 17:12:46,979 - INFO -   ↳ Saved best model (val_corr=0.209356)
2026-03-05 17:12:54,451 - INFO - Epoch  29/50 | Train: 0.165805 | Val: 0.167444 | Corr: 0.211466 | LR: 1.00e-04
2026-03-05 17:12:54,465 - INFO -   ↳ Saved best model (val_corr=0.211466)
2026-03-05 17:13:02,229 - INFO - Epoch  30/50 | Train: 0.165613 | Val: 0.167674 | Corr: 0.213489 | LR: 1.00e-04
2026-03-05 17:13:02,244 - INFO -   ↳ Saved best model (val_corr=0.213489)
2026-03-05 17:13:10,985 - INFO - Epoch  31/50 | Train: 0.165405 | Val: 0.167257 | Corr: 0.215671 | LR: 1.00e-04
2026-03-05 17:13:11,007 - INFO -   ↳ Saved best model (val_corr=0.215671)
2026-03-05 17:13:19,705 - INFO - Epoch  32/50 | Train: 0.165164 | Val: 0.166919 | Corr: 0.217615 | LR: 1.00e-04
2026-03-05 17:13:19,719 - INFO -   ↳ Saved best model (val_corr=0.217615)
2026-03-05 17:13:28,482 - INFO - Epoch  33/50 | Train: 0.164929 | Val: 0.166705 | Corr: 0.218449 | LR: 1.00e-04
2026-03-05 17:13:28,496 - INFO -   ↳ Saved best model (val_corr=0.218449)
2026-03-05 17:13:36,513 - INFO - Epoch  34/50 | Train: 0.164817 | Val: 0.166281 | Corr: 0.221262 | LR: 1.00e-04
2026-03-05 17:13:36,526 - INFO -   ↳ Saved best model (val_corr=0.221262)
2026-03-05 17:13:43,883 - INFO - Epoch  35/50 | Train: 0.164566 | Val: 0.166620 | Corr: 0.222028 | LR: 1.00e-04
2026-03-05 17:13:43,898 - INFO -   ↳ Saved best model (val_corr=0.222028)
2026-03-05 17:13:51,758 - INFO - Epoch  36/50 | Train: 0.164342 | Val: 0.166474 | Corr: 0.223110 | LR: 1.00e-04
2026-03-05 17:13:51,773 - INFO -   ↳ Saved best model (val_corr=0.223110)
2026-03-05 17:14:00,245 - INFO - Epoch  37/50 | Train: 0.164193 | Val: 0.166267 | Corr: 0.225119 | LR: 1.00e-04
2026-03-05 17:14:00,258 - INFO -   ↳ Saved best model (val_corr=0.225119)
2026-03-05 17:14:08,850 - INFO - Epoch  38/50 | Train: 0.163978 | Val: 0.165738 | Corr: 0.226093 | LR: 1.00e-04
2026-03-05 17:14:08,866 - INFO -   ↳ Saved best model (val_corr=0.226093)
2026-03-05 17:14:17,472 - INFO - Epoch  39/50 | Train: 0.163799 | Val: 0.166184 | Corr: 0.226347 | LR: 1.00e-04
2026-03-05 17:14:17,489 - INFO -   ↳ Saved best model (val_corr=0.226347)
2026-03-05 17:14:25,739 - INFO - Epoch  40/50 | Train: 0.163650 | Val: 0.166162 | Corr: 0.228058 | LR: 1.00e-04
2026-03-05 17:14:25,750 - INFO -   ↳ Saved best model (val_corr=0.228058)
2026-03-05 17:14:33,693 - INFO - Epoch  41/50 | Train: 0.163507 | Val: 0.165601 | Corr: 0.229351 | LR: 1.00e-04
2026-03-05 17:14:33,707 - INFO -   ↳ Saved best model (val_corr=0.229351)
2026-03-05 17:14:41,724 - INFO - Epoch  42/50 | Train: 0.163334 | Val: 0.165617 | Corr: 0.230568 | LR: 1.00e-04
2026-03-05 17:14:41,739 - INFO -   ↳ Saved best model (val_corr=0.230568)
2026-03-05 17:14:50,450 - INFO - Epoch  43/50 | Train: 0.163209 | Val: 0.165638 | Corr: 0.231064 | LR: 1.00e-04
2026-03-05 17:14:50,467 - INFO -   ↳ Saved best model (val_corr=0.231064)
2026-03-05 17:14:59,327 - INFO - Epoch  44/50 | Train: 0.163062 | Val: 0.165506 | Corr: 0.231776 | LR: 1.00e-04
2026-03-05 17:14:59,344 - INFO -   ↳ Saved best model (val_corr=0.231776)
2026-03-05 17:15:08,181 - INFO - Epoch  45/50 | Train: 0.163030 | Val: 0.164961 | Corr: 0.233487 | LR: 1.00e-04
2026-03-05 17:15:08,196 - INFO -   ↳ Saved best model (val_corr=0.233487)
2026-03-05 17:15:15,931 - INFO - Epoch  46/50 | Train: 0.162813 | Val: 0.165359 | Corr: 0.234142 | LR: 1.00e-04
2026-03-05 17:15:15,948 - INFO -   ↳ Saved best model (val_corr=0.234142)
2026-03-05 17:15:23,772 - INFO - Epoch  47/50 | Train: 0.162638 | Val: 0.165113 | Corr: 0.235090 | LR: 1.00e-04
2026-03-05 17:15:23,790 - INFO -   ↳ Saved best model (val_corr=0.235090)
2026-03-05 17:15:32,010 - INFO - Epoch  48/50 | Train: 0.162485 | Val: 0.164943 | Corr: 0.235586 | LR: 1.00e-04
2026-03-05 17:15:32,028 - INFO -   ↳ Saved best model (val_corr=0.235586)
2026-03-05 17:15:40,974 - INFO - Epoch  49/50 | Train: 0.162356 | Val: 0.164712 | Corr: 0.237031 | LR: 1.00e-04
2026-03-05 17:15:40,990 - INFO -   ↳ Saved best model (val_corr=0.237031)
2026-03-05 17:15:49,795 - INFO - Epoch  50/50 | Train: 0.162368 | Val: 0.165202 | Corr: 0.237078 | LR: 1.00e-04
2026-03-05 17:15:49,831 - INFO -   ↳ Saved best model (val_corr=0.237078)
2026-03-05 17:15:49,832 - INFO - Training complete — best val corr: 0.237078
2026-03-05 17:15:51,760 - INFO - Test loss: 0.155172, Test corr: 0.229262
2026-03-05 17:15:52,395 - INFO - Fraction of variance explained (FVE): 0.062555
2026-03-05 17:15:52,395 - INFO - Computing autoregressive (AR) test predictions …
2026-03-05 17:15:53,271 - INFO - AR FVE: -0.001333, AR test corr: 0.079443
2026-03-05 17:15:53,272 - INFO - Generating figures …
2026-03-05 17:15:53,812 - INFO - Correlation between predicted and actual per-neuron averages: r=0.9943, p=0.00e+00
2026-03-05 17:15:56,631 - INFO - Pattern selectivity summary:
2026-03-05 17:15:56,631 - INFO -   Mean correlation across neurons: 0.6903
2026-03-05 17:15:56,631 - INFO -   Median correlation: 0.7051
2026-03-05 17:15:56,631 - INFO -   Neurons with r > 0.5: 56 / 63
2026-03-05 17:15:56,631 - INFO -   Neurons with r > 0.3: 61 / 63
2026-03-05 17:15:56,632 - INFO - Pattern selectivity — mean neuron corr: 0.6903
2026-03-05 17:15:58,876 - INFO - LOO (avg rate) — Model mean r: 0.5597, LOO mean r: 0.4546, Neurons model > LOO: 50/63
2026-03-05 17:16:01,845 - INFO - LOO (temporal) — Model mean r: 0.2383, LOO mean r: 0.3186, Neurons model > LOO: 8/63
2026-03-05 17:16:01,846 - INFO - Skipping oracle trial plots (skip_oracle_plots=True)
2026-03-05 17:16:01,854 - INFO - Experiment complete. Summary: {
  "run_dir": "/scratch/sb272/patterns5k_results/slurm_hist_cnn_2026-03-05_16-01-45/trial_0177_learning_rate=1.0e-04_history=2_kernel_sizes=3x3x3_conv_channels=128x128x128_fc_dims=512_seed0",
  "model_type": "cnn",
  "batch_avg_test_loss": 0.155171759724617,
  "batch_avg_test_corr": 0.22926243871166074,
  "all_test_fve": 0.06255459690850879,
  "AR_FVE": -0.001332543199024503,
  "AR_test_correlation": 0.07944273203611374,
  "best_val_corr": 0.23707844148332824,
  "total_params": 238143,
  "trainable_params": 238143,
  "epochs_trained": 50,
  "mean_pattern_corr": 0.6903281203022323,
  "history": 2,
  "init_state": true,
  "loo_avg_mean_corr": 0.45456832695830385,
  "model_avg_mean_corr": 0.5596947115139085,
  "neurons_model_beats_loo_avg": 50,
  "loo_temporal_mean_corr": 0.31855225563049316,
  "all_test_corr": 0.23833942413330078,
  "neurons_model_beats_loo_temporal": 8,
  "kernel_sizes": [
    3,
    3,
    3
  ],
  "conv_channels": [
    128,
    128,
    128
  ],
  "fc_dims": [
    512
  ]
}
