2026-03-03 23:11:44,815 - INFO - ============================================================
2026-03-03 23:11:44,815 - INFO - Experiment run directory: /scratch/sb272/patterns5k_results/slurm_hist_cnn_2026-03-03_15-13-01/trial_0075_learning_rate=1.0e-04_history=1_kernel_sizes=10x5_conv_channels=256x128_fc_dims=256_seed2
2026-03-03 23:11:44,815 - INFO - ============================================================
2026-03-03 23:11:44,815 - INFO - Loading data …
2026-03-03 23:11:46,557 - INFO - 63 unique neurons after dropping problematic neurons
2026-03-03 23:11:47,585 - INFO - Stimulation channels: 42, Spiking neurons: 63
2026-03-03 23:13:02,944 - INFO - Unique patterns: 4050, Total trials: 5000
2026-03-03 23:13:02,946 - INFO - Stimulation channels: 42, Spiking neurons: 63
2026-03-03 23:13:02,946 - INFO - Unique patterns: 4050, Total trials: 5000
2026-03-03 23:13:02,958 - INFO - Split (oracle): train=3400, val=600, test=1000
2026-03-03 23:13:17,374 - INFO - BinnedStimSpikeDataset initialized:
2026-03-03 23:13:17,374 - INFO -   input_bin_size_ms=10, output_bin_size_ms=10
2026-03-03 23:13:17,374 - INFO -   n_input_bins=60, n_output_bins=60
2026-03-03 23:13:17,374 - INFO -   output_offset=0, total_bins_input=60, total_bins_output=60
2026-03-03 23:13:17,374 - INFO -   Valid start positions per trial: 0 to 0
2026-03-03 23:13:17,374 - INFO -   Total samples: 3400 (3400 trials × 1 positions)
2026-03-03 23:13:31,278 - INFO - BinnedStimSpikeDataset initialized:
2026-03-03 23:13:31,279 - INFO -   input_bin_size_ms=10, output_bin_size_ms=10
2026-03-03 23:13:31,279 - INFO -   n_input_bins=60, n_output_bins=60
2026-03-03 23:13:31,279 - INFO -   output_offset=0, total_bins_input=60, total_bins_output=60
2026-03-03 23:13:31,279 - INFO -   Valid start positions per trial: 0 to 0
2026-03-03 23:13:31,279 - INFO -   Total samples: 600 (600 trials × 1 positions)
2026-03-03 23:13:45,260 - INFO - BinnedStimSpikeDataset initialized:
2026-03-03 23:13:45,261 - INFO -   input_bin_size_ms=10, output_bin_size_ms=10
2026-03-03 23:13:45,261 - INFO -   n_input_bins=60, n_output_bins=60
2026-03-03 23:13:45,261 - INFO -   output_offset=0, total_bins_input=60, total_bins_output=60
2026-03-03 23:13:45,261 - INFO -   Valid start positions per trial: 0 to 0
2026-03-03 23:13:45,261 - INFO -   Total samples: 1000 (1000 trials × 1 positions)
2026-03-03 23:13:45,261 - INFO - Samples — train: 3400, val: 600, test: 1000
2026-03-03 23:13:45,261 - INFO - Input channels: 105, Neurons: 63
2026-03-03 23:13:45,283 - INFO - Using CPU
2026-03-03 23:13:45,300 - INFO - Model: CNN — 483,007 trainable params (483,007 total)
2026-03-03 23:13:50,367 - INFO - Starting training …
2026-03-03 23:13:57,273 - INFO - Epoch   1/50 | Train: 0.451273 | Val: 0.198226 | Corr: 0.093225 | LR: 1.00e-04
2026-03-03 23:13:57,290 - INFO -   ↳ Saved best model (val_corr=0.093225)
2026-03-03 23:14:03,335 - INFO - Epoch   2/50 | Train: 0.183317 | Val: 0.180788 | Corr: 0.128585 | LR: 1.00e-04
2026-03-03 23:14:03,351 - INFO -   ↳ Saved best model (val_corr=0.128585)
2026-03-03 23:14:09,327 - INFO - Epoch   3/50 | Train: 0.178685 | Val: 0.178179 | Corr: 0.138127 | LR: 1.00e-04
2026-03-03 23:14:09,343 - INFO -   ↳ Saved best model (val_corr=0.138127)
2026-03-03 23:14:15,294 - INFO - Epoch   4/50 | Train: 0.176787 | Val: 0.176097 | Corr: 0.144975 | LR: 1.00e-04
2026-03-03 23:14:15,310 - INFO -   ↳ Saved best model (val_corr=0.144975)
2026-03-03 23:14:21,273 - INFO - Epoch   5/50 | Train: 0.175017 | Val: 0.174575 | Corr: 0.151708 | LR: 1.00e-04
2026-03-03 23:14:21,288 - INFO -   ↳ Saved best model (val_corr=0.151708)
2026-03-03 23:14:27,300 - INFO - Epoch   6/50 | Train: 0.173437 | Val: 0.173594 | Corr: 0.157073 | LR: 1.00e-04
2026-03-03 23:14:27,315 - INFO -   ↳ Saved best model (val_corr=0.157073)
2026-03-03 23:14:33,334 - INFO - Epoch   7/50 | Train: 0.171975 | Val: 0.172917 | Corr: 0.163608 | LR: 1.00e-04
2026-03-03 23:14:33,351 - INFO -   ↳ Saved best model (val_corr=0.163608)
2026-03-03 23:14:39,367 - INFO - Epoch   8/50 | Train: 0.170789 | Val: 0.171655 | Corr: 0.169656 | LR: 1.00e-04
2026-03-03 23:14:39,382 - INFO -   ↳ Saved best model (val_corr=0.169656)
2026-03-03 23:14:45,248 - INFO - Epoch   9/50 | Train: 0.169614 | Val: 0.170419 | Corr: 0.173581 | LR: 1.00e-04
2026-03-03 23:14:45,263 - INFO -   ↳ Saved best model (val_corr=0.173581)
2026-03-03 23:14:51,174 - INFO - Epoch  10/50 | Train: 0.168753 | Val: 0.170244 | Corr: 0.177938 | LR: 1.00e-04
2026-03-03 23:14:51,192 - INFO -   ↳ Saved best model (val_corr=0.177938)
2026-03-03 23:14:57,075 - INFO - Epoch  11/50 | Train: 0.167950 | Val: 0.170056 | Corr: 0.181991 | LR: 1.00e-04
2026-03-03 23:14:57,090 - INFO -   ↳ Saved best model (val_corr=0.181991)
2026-03-03 23:15:03,009 - INFO - Epoch  12/50 | Train: 0.167045 | Val: 0.169848 | Corr: 0.185239 | LR: 1.00e-04
2026-03-03 23:15:03,030 - INFO -   ↳ Saved best model (val_corr=0.185239)
2026-03-03 23:15:08,944 - INFO - Epoch  13/50 | Train: 0.166241 | Val: 0.169014 | Corr: 0.188730 | LR: 1.00e-04
2026-03-03 23:15:08,963 - INFO -   ↳ Saved best model (val_corr=0.188730)
2026-03-03 23:15:14,882 - INFO - Epoch  14/50 | Train: 0.165557 | Val: 0.167846 | Corr: 0.192507 | LR: 1.00e-04
2026-03-03 23:15:14,899 - INFO -   ↳ Saved best model (val_corr=0.192507)
2026-03-03 23:15:20,802 - INFO - Epoch  15/50 | Train: 0.164803 | Val: 0.167642 | Corr: 0.195915 | LR: 1.00e-04
2026-03-03 23:15:20,837 - INFO -   ↳ Saved best model (val_corr=0.195915)
2026-03-03 23:15:26,733 - INFO - Epoch  16/50 | Train: 0.164189 | Val: 0.168061 | Corr: 0.198101 | LR: 1.00e-04
2026-03-03 23:15:26,748 - INFO -   ↳ Saved best model (val_corr=0.198101)
2026-03-03 23:15:32,661 - INFO - Epoch  17/50 | Train: 0.163677 | Val: 0.166912 | Corr: 0.201701 | LR: 1.00e-04
2026-03-03 23:15:32,678 - INFO -   ↳ Saved best model (val_corr=0.201701)
2026-03-03 23:15:38,617 - INFO - Epoch  18/50 | Train: 0.163048 | Val: 0.166812 | Corr: 0.205317 | LR: 1.00e-04
2026-03-03 23:15:38,637 - INFO -   ↳ Saved best model (val_corr=0.205317)
2026-03-03 23:15:44,531 - INFO - Epoch  19/50 | Train: 0.162435 | Val: 0.165901 | Corr: 0.206961 | LR: 1.00e-04
2026-03-03 23:15:44,549 - INFO -   ↳ Saved best model (val_corr=0.206961)
2026-03-03 23:15:50,506 - INFO - Epoch  20/50 | Train: 0.161951 | Val: 0.166231 | Corr: 0.209742 | LR: 1.00e-04
2026-03-03 23:15:50,523 - INFO -   ↳ Saved best model (val_corr=0.209742)
2026-03-03 23:15:56,446 - INFO - Epoch  21/50 | Train: 0.161506 | Val: 0.165958 | Corr: 0.210744 | LR: 1.00e-04
2026-03-03 23:15:56,464 - INFO -   ↳ Saved best model (val_corr=0.210744)
2026-03-03 23:16:02,369 - INFO - Epoch  22/50 | Train: 0.161077 | Val: 0.165676 | Corr: 0.213080 | LR: 1.00e-04
2026-03-03 23:16:02,392 - INFO -   ↳ Saved best model (val_corr=0.213080)
2026-03-03 23:16:08,362 - INFO - Epoch  23/50 | Train: 0.160573 | Val: 0.164876 | Corr: 0.214383 | LR: 1.00e-04
2026-03-03 23:16:08,382 - INFO -   ↳ Saved best model (val_corr=0.214383)
2026-03-03 23:16:14,311 - INFO - Epoch  24/50 | Train: 0.160168 | Val: 0.165793 | Corr: 0.216764 | LR: 1.00e-04
2026-03-03 23:16:14,324 - INFO -   ↳ Saved best model (val_corr=0.216764)
2026-03-03 23:16:20,265 - INFO - Epoch  25/50 | Train: 0.159824 | Val: 0.165658 | Corr: 0.216674 | LR: 1.00e-04
2026-03-03 23:16:26,187 - INFO - Epoch  26/50 | Train: 0.159361 | Val: 0.165137 | Corr: 0.219810 | LR: 1.00e-04
2026-03-03 23:16:26,215 - INFO -   ↳ Saved best model (val_corr=0.219810)
2026-03-03 23:16:32,096 - INFO - Epoch  27/50 | Train: 0.159028 | Val: 0.164831 | Corr: 0.220784 | LR: 1.00e-04
2026-03-03 23:16:32,120 - INFO -   ↳ Saved best model (val_corr=0.220784)
2026-03-03 23:16:38,029 - INFO - Epoch  28/50 | Train: 0.158676 | Val: 0.164842 | Corr: 0.221769 | LR: 1.00e-04
2026-03-03 23:16:38,044 - INFO -   ↳ Saved best model (val_corr=0.221769)
2026-03-03 23:16:43,994 - INFO - Epoch  29/50 | Train: 0.158366 | Val: 0.164497 | Corr: 0.223769 | LR: 1.00e-04
2026-03-03 23:16:44,020 - INFO -   ↳ Saved best model (val_corr=0.223769)
2026-03-03 23:16:49,963 - INFO - Epoch  30/50 | Train: 0.158017 | Val: 0.165116 | Corr: 0.224026 | LR: 1.00e-04
2026-03-03 23:16:49,980 - INFO -   ↳ Saved best model (val_corr=0.224026)
2026-03-03 23:16:56,023 - INFO - Epoch  31/50 | Train: 0.157647 | Val: 0.164543 | Corr: 0.225668 | LR: 1.00e-04
2026-03-03 23:16:56,040 - INFO -   ↳ Saved best model (val_corr=0.225668)
2026-03-03 23:17:02,016 - INFO - Epoch  32/50 | Train: 0.157340 | Val: 0.164075 | Corr: 0.226180 | LR: 1.00e-04
2026-03-03 23:17:02,033 - INFO -   ↳ Saved best model (val_corr=0.226180)
2026-03-03 23:17:07,948 - INFO - Epoch  33/50 | Train: 0.157174 | Val: 0.164178 | Corr: 0.227038 | LR: 1.00e-04
2026-03-03 23:17:07,968 - INFO -   ↳ Saved best model (val_corr=0.227038)
2026-03-03 23:17:13,955 - INFO - Epoch  34/50 | Train: 0.156803 | Val: 0.164325 | Corr: 0.227993 | LR: 1.00e-04
2026-03-03 23:17:13,971 - INFO -   ↳ Saved best model (val_corr=0.227993)
2026-03-03 23:17:19,942 - INFO - Epoch  35/50 | Train: 0.156583 | Val: 0.164460 | Corr: 0.228391 | LR: 1.00e-04
2026-03-03 23:17:19,959 - INFO -   ↳ Saved best model (val_corr=0.228391)
2026-03-03 23:17:26,026 - INFO - Epoch  36/50 | Train: 0.156311 | Val: 0.164135 | Corr: 0.229297 | LR: 1.00e-04
2026-03-03 23:17:26,041 - INFO -   ↳ Saved best model (val_corr=0.229297)
2026-03-03 23:17:32,143 - INFO - Epoch  37/50 | Train: 0.156123 | Val: 0.163589 | Corr: 0.230075 | LR: 1.00e-04
2026-03-03 23:17:32,158 - INFO -   ↳ Saved best model (val_corr=0.230075)
2026-03-03 23:17:38,293 - INFO - Epoch  38/50 | Train: 0.155815 | Val: 0.164400 | Corr: 0.230122 | LR: 1.00e-04
2026-03-03 23:17:38,309 - INFO -   ↳ Saved best model (val_corr=0.230122)
2026-03-03 23:17:44,421 - INFO - Epoch  39/50 | Train: 0.155637 | Val: 0.164427 | Corr: 0.229939 | LR: 1.00e-04
2026-03-03 23:17:50,498 - INFO - Epoch  40/50 | Train: 0.155381 | Val: 0.163534 | Corr: 0.231372 | LR: 1.00e-04
2026-03-03 23:17:50,521 - INFO -   ↳ Saved best model (val_corr=0.231372)
2026-03-03 23:17:56,549 - INFO - Epoch  41/50 | Train: 0.155149 | Val: 0.163771 | Corr: 0.232448 | LR: 1.00e-04
2026-03-03 23:17:56,569 - INFO -   ↳ Saved best model (val_corr=0.232448)
2026-03-03 23:18:02,610 - INFO - Epoch  42/50 | Train: 0.154965 | Val: 0.163749 | Corr: 0.232711 | LR: 1.00e-04
2026-03-03 23:18:02,628 - INFO -   ↳ Saved best model (val_corr=0.232711)
2026-03-03 23:18:08,641 - INFO - Epoch  43/50 | Train: 0.154673 | Val: 0.163141 | Corr: 0.233313 | LR: 1.00e-04
2026-03-03 23:18:08,658 - INFO -   ↳ Saved best model (val_corr=0.233313)
2026-03-03 23:18:14,689 - INFO - Epoch  44/50 | Train: 0.154463 | Val: 0.163420 | Corr: 0.233336 | LR: 1.00e-04
2026-03-03 23:18:14,706 - INFO -   ↳ Saved best model (val_corr=0.233336)
2026-03-03 23:18:20,765 - INFO - Epoch  45/50 | Train: 0.154359 | Val: 0.164321 | Corr: 0.232855 | LR: 1.00e-04
2026-03-03 23:18:26,729 - INFO - Epoch  46/50 | Train: 0.154086 | Val: 0.163567 | Corr: 0.234261 | LR: 1.00e-04
2026-03-03 23:18:26,768 - INFO -   ↳ Saved best model (val_corr=0.234261)
2026-03-03 23:18:32,660 - INFO - Epoch  47/50 | Train: 0.153915 | Val: 0.163233 | Corr: 0.235107 | LR: 1.00e-04
2026-03-03 23:18:32,677 - INFO -   ↳ Saved best model (val_corr=0.235107)
2026-03-03 23:18:38,714 - INFO - Epoch  48/50 | Train: 0.153780 | Val: 0.163434 | Corr: 0.235446 | LR: 1.00e-04
2026-03-03 23:18:38,729 - INFO -   ↳ Saved best model (val_corr=0.235446)
2026-03-03 23:18:44,773 - INFO - Epoch  49/50 | Train: 0.153609 | Val: 0.164095 | Corr: 0.235380 | LR: 5.00e-05
2026-03-03 23:18:50,816 - INFO - Epoch  50/50 | Train: 0.153013 | Val: 0.162962 | Corr: 0.236137 | LR: 5.00e-05
2026-03-03 23:18:50,833 - INFO -   ↳ Saved best model (val_corr=0.236137)
2026-03-03 23:18:50,833 - INFO - Training complete — best val corr: 0.236137
2026-03-03 23:18:52,249 - INFO - Test loss: 0.154162, Test corr: 0.233345
2026-03-03 23:18:52,780 - INFO - Fraction of variance explained (FVE): 0.061462
2026-03-03 23:18:52,780 - INFO - Computing autoregressive (AR) test predictions …
2026-03-03 23:18:53,432 - INFO - AR FVE: -0.008841, AR test corr: 0.071719
2026-03-03 23:18:53,432 - INFO - Generating figures …
2026-03-03 23:18:53,798 - INFO - Correlation between predicted and actual per-neuron averages: r=0.9941, p=0.00e+00
2026-03-03 23:18:55,570 - INFO - Pattern selectivity summary:
2026-03-03 23:18:55,570 - INFO -   Mean correlation across neurons: 0.7124
2026-03-03 23:18:55,571 - INFO -   Median correlation: 0.7272
2026-03-03 23:18:55,571 - INFO -   Neurons with r > 0.5: 57 / 63
2026-03-03 23:18:55,571 - INFO -   Neurons with r > 0.3: 63 / 63
2026-03-03 23:18:55,571 - INFO - Pattern selectivity — mean neuron corr: 0.7124
2026-03-03 23:18:57,053 - INFO - LOO (avg rate) — Model mean r: 0.5991, LOO mean r: 0.4546, Neurons model > LOO: 52/63
2026-03-03 23:18:59,048 - INFO - LOO (temporal) — Model mean r: 0.2446, LOO mean r: 0.3186, Neurons model > LOO: 10/63
2026-03-03 23:18:59,048 - INFO - Skipping oracle trial plots (skip_oracle_plots=True)
2026-03-03 23:18:59,055 - INFO - Experiment complete. Summary: {
  "run_dir": "/scratch/sb272/patterns5k_results/slurm_hist_cnn_2026-03-03_15-13-01/trial_0075_learning_rate=1.0e-04_history=1_kernel_sizes=10x5_conv_channels=256x128_fc_dims=256_seed2",
  "model_type": "cnn",
  "batch_avg_test_loss": 0.15416226959228516,
  "batch_avg_test_corr": 0.2333445568594863,
  "all_test_fve": 0.06146203998535398,
  "AR_FVE": -0.008841322527991401,
  "AR_test_correlation": 0.0717192068696022,
  "best_val_corr": 0.23613746382569037,
  "total_params": 483007,
  "trainable_params": 483007,
  "epochs_trained": 50,
  "mean_pattern_corr": 0.712353806471591,
  "history": 1,
  "init_state": true,
  "loo_avg_mean_corr": 0.45456832695830385,
  "model_avg_mean_corr": 0.5990536477668624,
  "neurons_model_beats_loo_avg": 52,
  "loo_temporal_mean_corr": 0.31855225563049316,
  "all_test_corr": 0.24462781846523285,
  "neurons_model_beats_loo_temporal": 10,
  "kernel_sizes": [
    10,
    5
  ],
  "conv_channels": [
    256,
    128
  ],
  "fc_dims": [
    256
  ]
}
