2026-03-05 00:47:48,251 - INFO - ============================================================
2026-03-05 00:47:48,251 - INFO - Experiment run directory: /scratch/sb272/patterns5k_results/slurm_base_cnn_2026-03-04_16-53-19/trial_0215_learning_rate=5.0e-03_kernel_sizes=5x3_conv_channels=128x256_fc_dims=1024_seed0
2026-03-05 00:47:48,251 - INFO - ============================================================
2026-03-05 00:47:48,251 - INFO - Loading data …
2026-03-05 00:47:49,144 - INFO - 63 unique neurons after dropping problematic neurons
2026-03-05 00:47:50,452 - INFO - Stimulation channels: 42, Spiking neurons: 63
2026-03-05 00:50:05,025 - INFO - Unique patterns: 4050, Total trials: 5000
2026-03-05 00:50:05,026 - INFO - Stimulation channels: 42, Spiking neurons: 63
2026-03-05 00:50:05,026 - INFO - Unique patterns: 4050, Total trials: 5000
2026-03-05 00:50:05,046 - INFO - Split (oracle): train=3400, val=600, test=1000
2026-03-05 00:50:33,096 - INFO - BinnedStimSpikeDataset initialized:
2026-03-05 00:50:33,096 - INFO -   input_bin_size_ms=10, output_bin_size_ms=10
2026-03-05 00:50:33,096 - INFO -   n_input_bins=60, n_output_bins=60
2026-03-05 00:50:33,096 - INFO -   output_offset=0, total_bins_input=60, total_bins_output=60
2026-03-05 00:50:33,096 - INFO -   Valid start positions per trial: 0 to 0
2026-03-05 00:50:33,096 - INFO -   Total samples: 3400 (3400 trials × 1 positions)
2026-03-05 00:50:59,816 - INFO - BinnedStimSpikeDataset initialized:
2026-03-05 00:50:59,816 - INFO -   input_bin_size_ms=10, output_bin_size_ms=10
2026-03-05 00:50:59,816 - INFO -   n_input_bins=60, n_output_bins=60
2026-03-05 00:50:59,816 - INFO -   output_offset=0, total_bins_input=60, total_bins_output=60
2026-03-05 00:50:59,816 - INFO -   Valid start positions per trial: 0 to 0
2026-03-05 00:50:59,816 - INFO -   Total samples: 600 (600 trials × 1 positions)
2026-03-05 00:51:27,046 - INFO - BinnedStimSpikeDataset initialized:
2026-03-05 00:51:27,046 - INFO -   input_bin_size_ms=10, output_bin_size_ms=10
2026-03-05 00:51:27,046 - INFO -   n_input_bins=60, n_output_bins=60
2026-03-05 00:51:27,046 - INFO -   output_offset=0, total_bins_input=60, total_bins_output=60
2026-03-05 00:51:27,046 - INFO -   Valid start positions per trial: 0 to 0
2026-03-05 00:51:27,046 - INFO -   Total samples: 1000 (1000 trials × 1 positions)
2026-03-05 00:51:27,046 - INFO - Samples — train: 3400, val: 600, test: 1000
2026-03-05 00:51:27,046 - INFO - Input channels: 42, Neurons: 63
2026-03-05 00:51:27,050 - INFO - Using CPU
2026-03-05 00:51:27,057 - INFO - Model: CNN — 454,079 trainable params (454,079 total)
2026-03-05 00:51:31,875 - INFO - Starting training …
2026-03-05 00:51:44,111 - INFO - Epoch   1/50 | Train: 0.195080 | Val: 0.184315 | Corr: 0.085555 | LR: 5.00e-03
2026-03-05 00:51:44,135 - INFO -   ↳ Saved best model (val_corr=0.085555)
2026-03-05 00:51:55,450 - INFO - Epoch   2/50 | Train: 0.181157 | Val: 0.182083 | Corr: 0.107772 | LR: 5.00e-03
2026-03-05 00:51:55,464 - INFO -   ↳ Saved best model (val_corr=0.107772)
2026-03-05 00:52:06,792 - INFO - Epoch   3/50 | Train: 0.179342 | Val: 0.181067 | Corr: 0.120937 | LR: 5.00e-03
2026-03-05 00:52:06,811 - INFO -   ↳ Saved best model (val_corr=0.120937)
2026-03-05 00:52:18,838 - INFO - Epoch   4/50 | Train: 0.178225 | Val: 0.179534 | Corr: 0.130807 | LR: 5.00e-03
2026-03-05 00:52:18,864 - INFO -   ↳ Saved best model (val_corr=0.130807)
2026-03-05 00:52:30,528 - INFO - Epoch   5/50 | Train: 0.177456 | Val: 0.179374 | Corr: 0.133244 | LR: 5.00e-03
2026-03-05 00:52:30,550 - INFO -   ↳ Saved best model (val_corr=0.133244)
2026-03-05 00:52:42,208 - INFO - Epoch   6/50 | Train: 0.176780 | Val: 0.179476 | Corr: 0.134634 | LR: 5.00e-03
2026-03-05 00:52:42,221 - INFO -   ↳ Saved best model (val_corr=0.134634)
2026-03-05 00:52:53,905 - INFO - Epoch   7/50 | Train: 0.176202 | Val: 0.179083 | Corr: 0.136843 | LR: 5.00e-03
2026-03-05 00:52:53,920 - INFO -   ↳ Saved best model (val_corr=0.136843)
2026-03-05 00:53:05,442 - INFO - Epoch   8/50 | Train: 0.175916 | Val: 0.179252 | Corr: 0.136307 | LR: 5.00e-03
2026-03-05 00:53:17,008 - INFO - Epoch   9/50 | Train: 0.175488 | Val: 0.178597 | Corr: 0.138508 | LR: 5.00e-03
2026-03-05 00:53:17,024 - INFO -   ↳ Saved best model (val_corr=0.138508)
2026-03-05 00:53:28,495 - INFO - Epoch  10/50 | Train: 0.175327 | Val: 0.178966 | Corr: 0.138525 | LR: 5.00e-03
2026-03-05 00:53:28,515 - INFO -   ↳ Saved best model (val_corr=0.138525)
2026-03-05 00:53:40,146 - INFO - Epoch  11/50 | Train: 0.174986 | Val: 0.178841 | Corr: 0.139047 | LR: 5.00e-03
2026-03-05 00:53:40,164 - INFO -   ↳ Saved best model (val_corr=0.139047)
2026-03-05 00:53:51,380 - INFO - Epoch  12/50 | Train: 0.174611 | Val: 0.178998 | Corr: 0.137675 | LR: 5.00e-03
2026-03-05 00:54:02,871 - INFO - Epoch  13/50 | Train: 0.174480 | Val: 0.179226 | Corr: 0.139709 | LR: 5.00e-03
2026-03-05 00:54:02,893 - INFO -   ↳ Saved best model (val_corr=0.139709)
2026-03-05 00:54:14,422 - INFO - Epoch  14/50 | Train: 0.174076 | Val: 0.178778 | Corr: 0.137936 | LR: 5.00e-03
2026-03-05 00:54:26,032 - INFO - Epoch  15/50 | Train: 0.173829 | Val: 0.178859 | Corr: 0.138069 | LR: 2.50e-03
2026-03-05 00:54:37,642 - INFO - Epoch  16/50 | Train: 0.172522 | Val: 0.178733 | Corr: 0.138167 | LR: 2.50e-03
2026-03-05 00:54:49,077 - INFO - Epoch  17/50 | Train: 0.172158 | Val: 0.178936 | Corr: 0.138941 | LR: 2.50e-03
2026-03-05 00:55:00,667 - INFO - Epoch  18/50 | Train: 0.171877 | Val: 0.178954 | Corr: 0.137068 | LR: 2.50e-03
2026-03-05 00:55:12,398 - INFO - Epoch  19/50 | Train: 0.171783 | Val: 0.178741 | Corr: 0.138214 | LR: 2.50e-03
2026-03-05 00:55:24,021 - INFO - Epoch  20/50 | Train: 0.171616 | Val: 0.178945 | Corr: 0.136807 | LR: 2.50e-03
2026-03-05 00:55:35,576 - INFO - Epoch  21/50 | Train: 0.171389 | Val: 0.179011 | Corr: 0.136531 | LR: 1.25e-03
2026-03-05 00:55:47,404 - INFO - Epoch  22/50 | Train: 0.170628 | Val: 0.178972 | Corr: 0.136124 | LR: 1.25e-03
2026-03-05 00:55:58,942 - INFO - Epoch  23/50 | Train: 0.170334 | Val: 0.178955 | Corr: 0.137081 | LR: 1.25e-03
2026-03-05 00:55:58,942 - INFO - Early stopping at epoch 23
2026-03-05 00:55:58,943 - INFO - Training complete — best val corr: 0.139709
2026-03-05 00:56:01,001 - INFO - Test loss: 0.168962, Test corr: 0.138944
2026-03-05 00:56:01,838 - INFO - Fraction of variance explained (FVE): 0.019701
2026-03-05 00:56:01,838 - INFO - Generating figures …
2026-03-05 00:56:02,456 - INFO - Correlation between predicted and actual per-neuron averages: r=0.9728, p=1.87e-40
2026-03-05 00:56:04,969 - INFO - Pattern selectivity summary:
2026-03-05 00:56:04,970 - INFO -   Mean correlation across neurons: 0.4940
2026-03-05 00:56:04,970 - INFO -   Median correlation: 0.5459
2026-03-05 00:56:04,970 - INFO -   Neurons with r > 0.5: 34 / 63
2026-03-05 00:56:04,970 - INFO -   Neurons with r > 0.3: 51 / 63
2026-03-05 00:56:04,970 - INFO - Pattern selectivity — mean neuron corr: 0.4940
2026-03-05 00:56:07,181 - INFO - LOO (avg rate) — Model mean r: 0.2910, LOO mean r: 0.4546, Neurons model > LOO: 1/63
2026-03-05 00:56:10,004 - INFO - LOO (temporal) — Model mean r: 0.1398, LOO mean r: 0.3186, Neurons model > LOO: 0/63
2026-03-05 00:56:10,004 - INFO - Skipping oracle trial plots (skip_oracle_plots=True)
2026-03-05 00:56:10,011 - INFO - Experiment complete. Summary: {
  "run_dir": "/scratch/sb272/patterns5k_results/slurm_base_cnn_2026-03-04_16-53-19/trial_0215_learning_rate=5.0e-03_kernel_sizes=5x3_conv_channels=128x256_fc_dims=1024_seed0",
  "model_type": "cnn",
  "batch_avg_test_loss": 0.16896213710308075,
  "batch_avg_test_corr": 0.1389435780676359,
  "all_test_fve": 0.019700916986616832,
  "AR_FVE": NaN,
  "AR_test_correlation": NaN,
  "best_val_corr": 0.13970943570010097,
  "total_params": 454079,
  "trainable_params": 454079,
  "epochs_trained": 23,
  "mean_pattern_corr": 0.49403329697013804,
  "history": 0,
  "init_state": true,
  "loo_avg_mean_corr": 0.45456832695830385,
  "model_avg_mean_corr": 0.2910108903599473,
  "neurons_model_beats_loo_avg": 1,
  "loo_temporal_mean_corr": 0.31855225563049316,
  "all_test_corr": 0.13982002437114716,
  "neurons_model_beats_loo_temporal": 0,
  "kernel_sizes": [
    5,
    3
  ],
  "conv_channels": [
    128,
    256
  ],
  "fc_dims": [
    1024
  ]
}
