2026-03-04 00:59:34,620 - INFO - ============================================================
2026-03-04 00:59:34,620 - INFO - Experiment run directory: /scratch/sb272/patterns5k_results/slurm_hist_cnn_2026-03-03_15-13-01/trial_0400_learning_rate=5.0e-03_history=5_kernel_sizes=5_conv_channels=256_fc_dims=256_seed1
2026-03-04 00:59:34,620 - INFO - ============================================================
2026-03-04 00:59:34,620 - INFO - Loading data …
2026-03-04 00:59:36,259 - INFO - 63 unique neurons after dropping problematic neurons
2026-03-04 00:59:37,111 - INFO - Stimulation channels: 42, Spiking neurons: 63
2026-03-04 01:00:44,991 - INFO - Unique patterns: 4050, Total trials: 5000
2026-03-04 01:00:44,993 - INFO - Stimulation channels: 42, Spiking neurons: 63
2026-03-04 01:00:44,993 - INFO - Unique patterns: 4050, Total trials: 5000
2026-03-04 01:00:45,004 - INFO - Split (oracle): train=3400, val=600, test=1000
2026-03-04 01:00:59,212 - INFO - BinnedStimSpikeDataset initialized:
2026-03-04 01:00:59,212 - INFO -   input_bin_size_ms=10, output_bin_size_ms=10
2026-03-04 01:00:59,212 - INFO -   n_input_bins=60, n_output_bins=60
2026-03-04 01:00:59,212 - INFO -   output_offset=0, total_bins_input=60, total_bins_output=60
2026-03-04 01:00:59,212 - INFO -   Valid start positions per trial: 0 to 0
2026-03-04 01:00:59,212 - INFO -   Total samples: 3400 (3400 trials × 1 positions)
2026-03-04 01:01:12,923 - INFO - BinnedStimSpikeDataset initialized:
2026-03-04 01:01:12,923 - INFO -   input_bin_size_ms=10, output_bin_size_ms=10
2026-03-04 01:01:12,923 - INFO -   n_input_bins=60, n_output_bins=60
2026-03-04 01:01:12,923 - INFO -   output_offset=0, total_bins_input=60, total_bins_output=60
2026-03-04 01:01:12,923 - INFO -   Valid start positions per trial: 0 to 0
2026-03-04 01:01:12,923 - INFO -   Total samples: 600 (600 trials × 1 positions)
2026-03-04 01:01:26,765 - INFO - BinnedStimSpikeDataset initialized:
2026-03-04 01:01:26,766 - INFO -   input_bin_size_ms=10, output_bin_size_ms=10
2026-03-04 01:01:26,766 - INFO -   n_input_bins=60, n_output_bins=60
2026-03-04 01:01:26,766 - INFO -   output_offset=0, total_bins_input=60, total_bins_output=60
2026-03-04 01:01:26,766 - INFO -   Valid start positions per trial: 0 to 0
2026-03-04 01:01:26,766 - INFO -   Total samples: 1000 (1000 trials × 1 positions)
2026-03-04 01:01:26,766 - INFO - Samples — train: 3400, val: 600, test: 1000
2026-03-04 01:01:26,766 - INFO - Input channels: 105, Neurons: 63
2026-03-04 01:01:26,774 - INFO - Using CPU
2026-03-04 01:01:26,790 - INFO - Model: CNN — 217,151 trainable params (217,151 total)
2026-03-04 01:01:31,149 - INFO - Starting training …
2026-03-04 01:01:35,263 - INFO - Epoch   1/50 | Train: 0.205933 | Val: 0.185770 | Corr: 0.070062 | LR: 5.00e-03
2026-03-04 01:01:35,279 - INFO -   ↳ Saved best model (val_corr=0.070062)
2026-03-04 01:01:38,733 - INFO - Epoch   2/50 | Train: 0.183949 | Val: 0.181281 | Corr: 0.101891 | LR: 5.00e-03
2026-03-04 01:01:38,744 - INFO -   ↳ Saved best model (val_corr=0.101891)
2026-03-04 01:01:42,098 - INFO - Epoch   3/50 | Train: 0.180199 | Val: 0.179142 | Corr: 0.118618 | LR: 5.00e-03
2026-03-04 01:01:42,108 - INFO -   ↳ Saved best model (val_corr=0.118618)
2026-03-04 01:01:45,576 - INFO - Epoch   4/50 | Train: 0.178323 | Val: 0.178581 | Corr: 0.126512 | LR: 5.00e-03
2026-03-04 01:01:45,591 - INFO -   ↳ Saved best model (val_corr=0.126512)
2026-03-04 01:01:49,022 - INFO - Epoch   5/50 | Train: 0.176860 | Val: 0.178780 | Corr: 0.134349 | LR: 5.00e-03
2026-03-04 01:01:49,036 - INFO -   ↳ Saved best model (val_corr=0.134349)
2026-03-04 01:01:52,505 - INFO - Epoch   6/50 | Train: 0.175754 | Val: 0.177130 | Corr: 0.135609 | LR: 5.00e-03
2026-03-04 01:01:52,516 - INFO -   ↳ Saved best model (val_corr=0.135609)
2026-03-04 01:01:56,027 - INFO - Epoch   7/50 | Train: 0.175082 | Val: 0.177590 | Corr: 0.139723 | LR: 5.00e-03
2026-03-04 01:01:56,041 - INFO -   ↳ Saved best model (val_corr=0.139723)
2026-03-04 01:01:59,556 - INFO - Epoch   8/50 | Train: 0.174216 | Val: 0.176551 | Corr: 0.141095 | LR: 5.00e-03
2026-03-04 01:01:59,568 - INFO -   ↳ Saved best model (val_corr=0.141095)
2026-03-04 01:02:03,097 - INFO - Epoch   9/50 | Train: 0.173434 | Val: 0.176419 | Corr: 0.142366 | LR: 5.00e-03
2026-03-04 01:02:03,109 - INFO -   ↳ Saved best model (val_corr=0.142366)
2026-03-04 01:02:06,633 - INFO - Epoch  10/50 | Train: 0.172792 | Val: 0.176653 | Corr: 0.141654 | LR: 5.00e-03
2026-03-04 01:02:10,048 - INFO - Epoch  11/50 | Train: 0.172253 | Val: 0.177029 | Corr: 0.142600 | LR: 5.00e-03
2026-03-04 01:02:10,062 - INFO -   ↳ Saved best model (val_corr=0.142600)
2026-03-04 01:02:13,452 - INFO - Epoch  12/50 | Train: 0.171732 | Val: 0.177060 | Corr: 0.140506 | LR: 5.00e-03
2026-03-04 01:02:16,934 - INFO - Epoch  13/50 | Train: 0.171330 | Val: 0.177607 | Corr: 0.141363 | LR: 5.00e-03
2026-03-04 01:02:20,296 - INFO - Epoch  14/50 | Train: 0.170727 | Val: 0.177278 | Corr: 0.140533 | LR: 5.00e-03
2026-03-04 01:02:23,644 - INFO - Epoch  15/50 | Train: 0.170273 | Val: 0.177458 | Corr: 0.139464 | LR: 2.50e-03
2026-03-04 01:02:26,997 - INFO - Epoch  16/50 | Train: 0.168430 | Val: 0.177322 | Corr: 0.141173 | LR: 2.50e-03
2026-03-04 01:02:30,358 - INFO - Epoch  17/50 | Train: 0.167821 | Val: 0.178075 | Corr: 0.140184 | LR: 2.50e-03
2026-03-04 01:02:33,796 - INFO - Epoch  18/50 | Train: 0.167472 | Val: 0.177580 | Corr: 0.140486 | LR: 2.50e-03
2026-03-04 01:02:37,220 - INFO - Epoch  19/50 | Train: 0.167244 | Val: 0.178523 | Corr: 0.138202 | LR: 2.50e-03
2026-03-04 01:02:40,619 - INFO - Epoch  20/50 | Train: 0.166977 | Val: 0.178626 | Corr: 0.139091 | LR: 2.50e-03
2026-03-04 01:02:44,066 - INFO - Epoch  21/50 | Train: 0.166647 | Val: 0.178632 | Corr: 0.138990 | LR: 1.25e-03
2026-03-04 01:02:44,066 - INFO - Early stopping at epoch 21
2026-03-04 01:02:44,066 - INFO - Training complete — best val corr: 0.142600
2026-03-04 01:02:45,023 - INFO - Test loss: 0.167315, Test corr: 0.141400
2026-03-04 01:02:45,337 - INFO - Fraction of variance explained (FVE): 0.023678
2026-03-04 01:02:45,337 - INFO - Computing autoregressive (AR) test predictions …
2026-03-04 01:02:45,817 - INFO - AR FVE: 0.019580, AR test corr: 0.131352
2026-03-04 01:02:45,817 - INFO - Generating figures …
2026-03-04 01:02:46,170 - INFO - Correlation between predicted and actual per-neuron averages: r=0.9816, p=0.00e+00
2026-03-04 01:02:47,580 - INFO - Pattern selectivity summary:
2026-03-04 01:02:47,580 - INFO -   Mean correlation across neurons: 0.5389
2026-03-04 01:02:47,580 - INFO -   Median correlation: 0.5587
2026-03-04 01:02:47,580 - INFO -   Neurons with r > 0.5: 41 / 63
2026-03-04 01:02:47,580 - INFO -   Neurons with r > 0.3: 57 / 63
2026-03-04 01:02:47,581 - INFO - Pattern selectivity — mean neuron corr: 0.5389
2026-03-04 01:02:48,708 - INFO - LOO (avg rate) — Model mean r: 0.3873, LOO mean r: 0.4546, Neurons model > LOO: 15/63
2026-03-04 01:02:50,365 - INFO - LOO (temporal) — Model mean r: 0.1480, LOO mean r: 0.3186, Neurons model > LOO: 2/63
2026-03-04 01:02:50,365 - INFO - Skipping oracle trial plots (skip_oracle_plots=True)
2026-03-04 01:02:50,373 - INFO - Experiment complete. Summary: {
  "run_dir": "/scratch/sb272/patterns5k_results/slurm_hist_cnn_2026-03-03_15-13-01/trial_0400_learning_rate=5.0e-03_history=5_kernel_sizes=5_conv_channels=256_fc_dims=256_seed1",
  "model_type": "cnn",
  "batch_avg_test_loss": 0.16731514072418213,
  "batch_avg_test_corr": 0.14139990946691375,
  "all_test_fve": 0.023677811736152285,
  "AR_FVE": 0.01957986657581632,
  "AR_test_correlation": 0.13135243952274323,
  "best_val_corr": 0.14260040853811293,
  "total_params": 217151,
  "trainable_params": 217151,
  "epochs_trained": 21,
  "mean_pattern_corr": 0.5389130204061933,
  "history": 5,
  "init_state": true,
  "loo_avg_mean_corr": 0.45456832695830385,
  "model_avg_mean_corr": 0.387271004188991,
  "neurons_model_beats_loo_avg": 15,
  "loo_temporal_mean_corr": 0.31855225563049316,
  "all_test_corr": 0.14795538783073425,
  "neurons_model_beats_loo_temporal": 2,
  "kernel_sizes": [
    5
  ],
  "conv_channels": [
    256
  ],
  "fc_dims": [
    256
  ]
}
