2026-03-04 21:10:12,466 - INFO - ============================================================
2026-03-04 21:10:12,467 - INFO - Experiment run directory: /scratch/sb272/patterns5k_results/slurm_base_cnn_2026-03-04_16-53-19/trial_0079_learning_rate=5.0e-04_kernel_sizes=5x3_conv_channels=128x256_fc_dims=512_seed0
2026-03-04 21:10:12,467 - INFO - ============================================================
2026-03-04 21:10:12,467 - INFO - Loading data …
2026-03-04 21:10:13,463 - INFO - 63 unique neurons after dropping problematic neurons
2026-03-04 21:10:14,373 - INFO - Stimulation channels: 42, Spiking neurons: 63
2026-03-04 21:11:23,912 - INFO - Unique patterns: 4050, Total trials: 5000
2026-03-04 21:11:23,919 - INFO - Stimulation channels: 42, Spiking neurons: 63
2026-03-04 21:11:23,919 - INFO - Unique patterns: 4050, Total trials: 5000
2026-03-04 21:11:23,930 - INFO - Split (oracle): train=3400, val=600, test=1000
2026-03-04 21:11:38,065 - INFO - BinnedStimSpikeDataset initialized:
2026-03-04 21:11:38,066 - INFO -   input_bin_size_ms=10, output_bin_size_ms=10
2026-03-04 21:11:38,066 - INFO -   n_input_bins=60, n_output_bins=60
2026-03-04 21:11:38,066 - INFO -   output_offset=0, total_bins_input=60, total_bins_output=60
2026-03-04 21:11:38,066 - INFO -   Valid start positions per trial: 0 to 0
2026-03-04 21:11:38,066 - INFO -   Total samples: 3400 (3400 trials × 1 positions)
2026-03-04 21:11:51,739 - INFO - BinnedStimSpikeDataset initialized:
2026-03-04 21:11:51,739 - INFO -   input_bin_size_ms=10, output_bin_size_ms=10
2026-03-04 21:11:51,739 - INFO -   n_input_bins=60, n_output_bins=60
2026-03-04 21:11:51,739 - INFO -   output_offset=0, total_bins_input=60, total_bins_output=60
2026-03-04 21:11:51,739 - INFO -   Valid start positions per trial: 0 to 0
2026-03-04 21:11:51,739 - INFO -   Total samples: 600 (600 trials × 1 positions)
2026-03-04 21:12:05,489 - INFO - BinnedStimSpikeDataset initialized:
2026-03-04 21:12:05,489 - INFO -   input_bin_size_ms=10, output_bin_size_ms=10
2026-03-04 21:12:05,489 - INFO -   n_input_bins=60, n_output_bins=60
2026-03-04 21:12:05,489 - INFO -   output_offset=0, total_bins_input=60, total_bins_output=60
2026-03-04 21:12:05,489 - INFO -   Valid start positions per trial: 0 to 0
2026-03-04 21:12:05,489 - INFO -   Total samples: 1000 (1000 trials × 1 positions)
2026-03-04 21:12:05,489 - INFO - Samples — train: 3400, val: 600, test: 1000
2026-03-04 21:12:05,489 - INFO - Input channels: 42, Neurons: 63
2026-03-04 21:12:05,505 - INFO - Using CPU
2026-03-04 21:12:05,522 - INFO - Model: CNN — 290,239 trainable params (290,239 total)
2026-03-04 21:12:12,748 - INFO - Starting training …
2026-03-04 21:12:18,240 - INFO - Epoch   1/50 | Train: 0.219036 | Val: 0.192243 | Corr: 0.070166 | LR: 5.00e-04
2026-03-04 21:12:18,263 - INFO -   ↳ Saved best model (val_corr=0.070166)
2026-03-04 21:12:23,092 - INFO - Epoch   2/50 | Train: 0.182990 | Val: 0.187767 | Corr: 0.084925 | LR: 5.00e-04
2026-03-04 21:12:23,108 - INFO -   ↳ Saved best model (val_corr=0.084925)
2026-03-04 21:12:27,915 - INFO - Epoch   3/50 | Train: 0.181138 | Val: 0.183840 | Corr: 0.094772 | LR: 5.00e-04
2026-03-04 21:12:27,942 - INFO -   ↳ Saved best model (val_corr=0.094772)
2026-03-04 21:12:32,731 - INFO - Epoch   4/50 | Train: 0.179980 | Val: 0.187237 | Corr: 0.102432 | LR: 5.00e-04
2026-03-04 21:12:32,744 - INFO -   ↳ Saved best model (val_corr=0.102432)
2026-03-04 21:12:37,533 - INFO - Epoch   5/50 | Train: 0.178998 | Val: 0.183079 | Corr: 0.108736 | LR: 5.00e-04
2026-03-04 21:12:37,547 - INFO -   ↳ Saved best model (val_corr=0.108736)
2026-03-04 21:12:42,314 - INFO - Epoch   6/50 | Train: 0.178160 | Val: 0.181924 | Corr: 0.113320 | LR: 5.00e-04
2026-03-04 21:12:42,331 - INFO -   ↳ Saved best model (val_corr=0.113320)
2026-03-04 21:12:47,114 - INFO - Epoch   7/50 | Train: 0.177709 | Val: 0.183591 | Corr: 0.115305 | LR: 5.00e-04
2026-03-04 21:12:47,131 - INFO -   ↳ Saved best model (val_corr=0.115305)
2026-03-04 21:12:51,860 - INFO - Epoch   8/50 | Train: 0.177107 | Val: 0.181139 | Corr: 0.119767 | LR: 5.00e-04
2026-03-04 21:12:51,875 - INFO -   ↳ Saved best model (val_corr=0.119767)
2026-03-04 21:12:56,553 - INFO - Epoch   9/50 | Train: 0.176716 | Val: 0.185023 | Corr: 0.122314 | LR: 5.00e-04
2026-03-04 21:12:56,573 - INFO -   ↳ Saved best model (val_corr=0.122314)
2026-03-04 21:13:01,237 - INFO - Epoch  10/50 | Train: 0.176368 | Val: 0.183603 | Corr: 0.121349 | LR: 5.00e-04
2026-03-04 21:13:05,891 - INFO - Epoch  11/50 | Train: 0.175958 | Val: 0.181327 | Corr: 0.123776 | LR: 5.00e-04
2026-03-04 21:13:05,910 - INFO -   ↳ Saved best model (val_corr=0.123776)
2026-03-04 21:13:10,624 - INFO - Epoch  12/50 | Train: 0.175702 | Val: 0.181230 | Corr: 0.126905 | LR: 5.00e-04
2026-03-04 21:13:10,638 - INFO -   ↳ Saved best model (val_corr=0.126905)
2026-03-04 21:13:15,366 - INFO - Epoch  13/50 | Train: 0.175474 | Val: 0.180762 | Corr: 0.129281 | LR: 5.00e-04
2026-03-04 21:13:15,380 - INFO -   ↳ Saved best model (val_corr=0.129281)
2026-03-04 21:13:20,096 - INFO - Epoch  14/50 | Train: 0.175094 | Val: 0.180283 | Corr: 0.131023 | LR: 5.00e-04
2026-03-04 21:13:20,119 - INFO -   ↳ Saved best model (val_corr=0.131023)
2026-03-04 21:13:24,823 - INFO - Epoch  15/50 | Train: 0.174998 | Val: 0.180139 | Corr: 0.130656 | LR: 5.00e-04
2026-03-04 21:13:29,424 - INFO - Epoch  16/50 | Train: 0.174791 | Val: 0.182534 | Corr: 0.130281 | LR: 5.00e-04
2026-03-04 21:13:33,915 - INFO - Epoch  17/50 | Train: 0.174522 | Val: 0.180153 | Corr: 0.132113 | LR: 5.00e-04
2026-03-04 21:13:33,957 - INFO -   ↳ Saved best model (val_corr=0.132113)
2026-03-04 21:13:38,462 - INFO - Epoch  18/50 | Train: 0.174390 | Val: 0.180794 | Corr: 0.132676 | LR: 5.00e-04
2026-03-04 21:13:38,476 - INFO -   ↳ Saved best model (val_corr=0.132676)
2026-03-04 21:13:42,865 - INFO - Epoch  19/50 | Train: 0.174113 | Val: 0.182499 | Corr: 0.133765 | LR: 5.00e-04
2026-03-04 21:13:42,882 - INFO -   ↳ Saved best model (val_corr=0.133765)
2026-03-04 21:13:47,359 - INFO - Epoch  20/50 | Train: 0.174064 | Val: 0.181938 | Corr: 0.133973 | LR: 5.00e-04
2026-03-04 21:13:47,379 - INFO -   ↳ Saved best model (val_corr=0.133973)
2026-03-04 21:13:51,641 - INFO - Epoch  21/50 | Train: 0.173924 | Val: 0.180462 | Corr: 0.133462 | LR: 2.50e-04
2026-03-04 21:13:55,907 - INFO - Epoch  22/50 | Train: 0.173207 | Val: 0.180604 | Corr: 0.135510 | LR: 2.50e-04
2026-03-04 21:13:55,921 - INFO -   ↳ Saved best model (val_corr=0.135510)
2026-03-04 21:14:00,180 - INFO - Epoch  23/50 | Train: 0.173078 | Val: 0.179350 | Corr: 0.135920 | LR: 2.50e-04
2026-03-04 21:14:00,200 - INFO -   ↳ Saved best model (val_corr=0.135920)
2026-03-04 21:14:04,513 - INFO - Epoch  24/50 | Train: 0.172957 | Val: 0.179608 | Corr: 0.134891 | LR: 2.50e-04
2026-03-04 21:14:09,004 - INFO - Epoch  25/50 | Train: 0.172780 | Val: 0.180096 | Corr: 0.136174 | LR: 2.50e-04
2026-03-04 21:14:09,017 - INFO -   ↳ Saved best model (val_corr=0.136174)
2026-03-04 21:14:13,425 - INFO - Epoch  26/50 | Train: 0.172773 | Val: 0.179355 | Corr: 0.134821 | LR: 2.50e-04
2026-03-04 21:14:18,004 - INFO - Epoch  27/50 | Train: 0.172763 | Val: 0.180512 | Corr: 0.135313 | LR: 2.50e-04
2026-03-04 21:14:22,449 - INFO - Epoch  28/50 | Train: 0.172496 | Val: 0.181293 | Corr: 0.136755 | LR: 2.50e-04
2026-03-04 21:14:22,466 - INFO -   ↳ Saved best model (val_corr=0.136755)
2026-03-04 21:14:26,953 - INFO - Epoch  29/50 | Train: 0.172443 | Val: 0.180555 | Corr: 0.135780 | LR: 1.25e-04
2026-03-04 21:14:31,414 - INFO - Epoch  30/50 | Train: 0.172183 | Val: 0.180228 | Corr: 0.135693 | LR: 1.25e-04
2026-03-04 21:14:36,076 - INFO - Epoch  31/50 | Train: 0.172019 | Val: 0.181487 | Corr: 0.136527 | LR: 1.25e-04
2026-03-04 21:14:40,814 - INFO - Epoch  32/50 | Train: 0.171977 | Val: 0.180700 | Corr: 0.136812 | LR: 1.25e-04
2026-03-04 21:14:40,829 - INFO -   ↳ Saved best model (val_corr=0.136812)
2026-03-04 21:14:45,672 - INFO - Epoch  33/50 | Train: 0.171884 | Val: 0.180093 | Corr: 0.135419 | LR: 1.25e-04
2026-03-04 21:14:50,375 - INFO - Epoch  34/50 | Train: 0.171921 | Val: 0.180535 | Corr: 0.136854 | LR: 1.25e-04
2026-03-04 21:14:50,414 - INFO -   ↳ Saved best model (val_corr=0.136854)
2026-03-04 21:14:55,094 - INFO - Epoch  35/50 | Train: 0.171911 | Val: 0.181393 | Corr: 0.137238 | LR: 6.25e-05
2026-03-04 21:14:55,120 - INFO -   ↳ Saved best model (val_corr=0.137238)
2026-03-04 21:14:59,803 - INFO - Epoch  36/50 | Train: 0.171694 | Val: 0.180582 | Corr: 0.136765 | LR: 6.25e-05
2026-03-04 21:15:04,445 - INFO - Epoch  37/50 | Train: 0.171751 | Val: 0.179853 | Corr: 0.136219 | LR: 6.25e-05
2026-03-04 21:15:09,107 - INFO - Epoch  38/50 | Train: 0.171622 | Val: 0.180130 | Corr: 0.136115 | LR: 6.25e-05
2026-03-04 21:15:13,728 - INFO - Epoch  39/50 | Train: 0.171632 | Val: 0.180145 | Corr: 0.135976 | LR: 6.25e-05
2026-03-04 21:15:18,231 - INFO - Epoch  40/50 | Train: 0.171622 | Val: 0.180280 | Corr: 0.136186 | LR: 6.25e-05
2026-03-04 21:15:22,695 - INFO - Epoch  41/50 | Train: 0.171573 | Val: 0.180207 | Corr: 0.136229 | LR: 3.13e-05
2026-03-04 21:15:27,160 - INFO - Epoch  42/50 | Train: 0.171421 | Val: 0.180363 | Corr: 0.136388 | LR: 3.13e-05
2026-03-04 21:15:31,625 - INFO - Epoch  43/50 | Train: 0.171462 | Val: 0.180413 | Corr: 0.136369 | LR: 3.13e-05
2026-03-04 21:15:36,050 - INFO - Epoch  44/50 | Train: 0.171477 | Val: 0.180438 | Corr: 0.136284 | LR: 3.13e-05
2026-03-04 21:15:40,498 - INFO - Epoch  45/50 | Train: 0.171468 | Val: 0.180408 | Corr: 0.136356 | LR: 3.13e-05
2026-03-04 21:15:40,498 - INFO - Early stopping at epoch 45
2026-03-04 21:15:40,499 - INFO - Training complete — best val corr: 0.137238
2026-03-04 21:15:41,669 - INFO - Test loss: 0.171258, Test corr: 0.137338
2026-03-04 21:15:42,008 - INFO - Fraction of variance explained (FVE): 0.004623
2026-03-04 21:15:42,008 - INFO - Generating figures …
2026-03-04 21:15:42,448 - INFO - Correlation between predicted and actual per-neuron averages: r=0.9921, p=0.00e+00
2026-03-04 21:15:43,989 - INFO - Pattern selectivity summary:
2026-03-04 21:15:43,989 - INFO -   Mean correlation across neurons: 0.4975
2026-03-04 21:15:43,989 - INFO -   Median correlation: 0.5513
2026-03-04 21:15:43,989 - INFO -   Neurons with r > 0.5: 33 / 63
2026-03-04 21:15:43,989 - INFO -   Neurons with r > 0.3: 50 / 63
2026-03-04 21:15:43,989 - INFO - Pattern selectivity — mean neuron corr: 0.4975
2026-03-04 21:15:45,318 - INFO - LOO (avg rate) — Model mean r: 0.2918, LOO mean r: 0.4546, Neurons model > LOO: 1/63
2026-03-04 21:15:46,992 - INFO - LOO (temporal) — Model mean r: 0.1380, LOO mean r: 0.3186, Neurons model > LOO: 0/63
2026-03-04 21:15:46,992 - INFO - Skipping oracle trial plots (skip_oracle_plots=True)
2026-03-04 21:15:47,001 - INFO - Experiment complete. Summary: {
  "run_dir": "/scratch/sb272/patterns5k_results/slurm_base_cnn_2026-03-04_16-53-19/trial_0079_learning_rate=5.0e-04_kernel_sizes=5x3_conv_channels=128x256_fc_dims=512_seed0",
  "model_type": "cnn",
  "batch_avg_test_loss": 0.1712584146261215,
  "batch_avg_test_corr": 0.13733848641763566,
  "all_test_fve": 0.004622711075676812,
  "AR_FVE": NaN,
  "AR_test_correlation": NaN,
  "best_val_corr": 0.13723761686390615,
  "total_params": 290239,
  "trainable_params": 290239,
  "epochs_trained": 45,
  "mean_pattern_corr": 0.4974523467807341,
  "history": 0,
  "init_state": true,
  "loo_avg_mean_corr": 0.45456832695830385,
  "model_avg_mean_corr": 0.2917775898061778,
  "neurons_model_beats_loo_avg": 1,
  "loo_temporal_mean_corr": 0.31855225563049316,
  "all_test_corr": 0.13798782229423523,
  "neurons_model_beats_loo_temporal": 0,
  "kernel_sizes": [
    5,
    3
  ],
  "conv_channels": [
    128,
    256
  ],
  "fc_dims": [
    512
  ]
}
