2026-03-05 19:01:26,867 - INFO - ============================================================
2026-03-05 19:01:26,867 - INFO - Experiment run directory: /scratch/sb272/patterns5k_results/slurm_hist_cnn_2026-03-05_16-01-45/trial_0476_learning_rate=1.0e-03_history=2_kernel_sizes=3x3x3_conv_channels=128x128x128_fc_dims=256_seed0
2026-03-05 19:01:26,867 - INFO - ============================================================
2026-03-05 19:01:26,867 - INFO - Loading data …
2026-03-05 19:01:28,645 - INFO - 63 unique neurons after dropping problematic neurons
2026-03-05 19:01:30,594 - INFO - Stimulation channels: 42, Spiking neurons: 63
2026-03-05 19:04:28,824 - INFO - Unique patterns: 4050, Total trials: 5000
2026-03-05 19:04:28,825 - INFO - Stimulation channels: 42, Spiking neurons: 63
2026-03-05 19:04:28,825 - INFO - Unique patterns: 4050, Total trials: 5000
2026-03-05 19:04:28,854 - INFO - Split (oracle): train=3400, val=600, test=1000
2026-03-05 19:05:05,521 - INFO - BinnedStimSpikeDataset initialized:
2026-03-05 19:05:05,521 - INFO -   input_bin_size_ms=10, output_bin_size_ms=10
2026-03-05 19:05:05,521 - INFO -   n_input_bins=60, n_output_bins=60
2026-03-05 19:05:05,521 - INFO -   output_offset=0, total_bins_input=60, total_bins_output=60
2026-03-05 19:05:05,521 - INFO -   Valid start positions per trial: 0 to 0
2026-03-05 19:05:05,522 - INFO -   Total samples: 3400 (3400 trials × 1 positions)
2026-03-05 19:05:36,821 - INFO - BinnedStimSpikeDataset initialized:
2026-03-05 19:05:36,823 - INFO -   input_bin_size_ms=10, output_bin_size_ms=10
2026-03-05 19:05:36,823 - INFO -   n_input_bins=60, n_output_bins=60
2026-03-05 19:05:36,823 - INFO -   output_offset=0, total_bins_input=60, total_bins_output=60
2026-03-05 19:05:36,823 - INFO -   Valid start positions per trial: 0 to 0
2026-03-05 19:05:36,823 - INFO -   Total samples: 600 (600 trials × 1 positions)
2026-03-05 19:06:11,849 - INFO - BinnedStimSpikeDataset initialized:
2026-03-05 19:06:11,849 - INFO -   input_bin_size_ms=10, output_bin_size_ms=10
2026-03-05 19:06:11,849 - INFO -   n_input_bins=60, n_output_bins=60
2026-03-05 19:06:11,850 - INFO -   output_offset=0, total_bins_input=60, total_bins_output=60
2026-03-05 19:06:11,850 - INFO -   Valid start positions per trial: 0 to 0
2026-03-05 19:06:11,850 - INFO -   Total samples: 1000 (1000 trials × 1 positions)
2026-03-05 19:06:11,850 - INFO - Samples — train: 3400, val: 600, test: 1000
2026-03-05 19:06:11,851 - INFO - Input channels: 105, Neurons: 63
2026-03-05 19:06:11,856 - INFO - Using CPU
2026-03-05 19:06:11,874 - INFO - Model: CNN — 188,991 trainable params (188,991 total)
2026-03-05 19:06:15,268 - INFO - Starting training …
2026-03-05 19:06:24,973 - INFO - Epoch   1/50 | Train: 0.211515 | Val: 0.175326 | Corr: 0.149566 | LR: 1.00e-03
2026-03-05 19:06:24,985 - INFO -   ↳ Saved best model (val_corr=0.149566)
2026-03-05 19:06:33,709 - INFO - Epoch   2/50 | Train: 0.173925 | Val: 0.172416 | Corr: 0.170666 | LR: 1.00e-03
2026-03-05 19:06:33,720 - INFO -   ↳ Saved best model (val_corr=0.170666)
2026-03-05 19:06:42,561 - INFO - Epoch   3/50 | Train: 0.171183 | Val: 0.170771 | Corr: 0.181532 | LR: 1.00e-03
2026-03-05 19:06:42,574 - INFO -   ↳ Saved best model (val_corr=0.181532)
2026-03-05 19:06:53,103 - INFO - Epoch   4/50 | Train: 0.169574 | Val: 0.169713 | Corr: 0.189749 | LR: 1.00e-03
2026-03-05 19:06:53,117 - INFO -   ↳ Saved best model (val_corr=0.189749)
2026-03-05 19:07:03,669 - INFO - Epoch   5/50 | Train: 0.168353 | Val: 0.169264 | Corr: 0.200525 | LR: 1.00e-03
2026-03-05 19:07:03,681 - INFO -   ↳ Saved best model (val_corr=0.200525)
2026-03-05 19:07:12,997 - INFO - Epoch   6/50 | Train: 0.167241 | Val: 0.167403 | Corr: 0.208617 | LR: 1.00e-03
2026-03-05 19:07:13,008 - INFO -   ↳ Saved best model (val_corr=0.208617)
2026-03-05 19:07:21,047 - INFO - Epoch   7/50 | Train: 0.166179 | Val: 0.166655 | Corr: 0.215493 | LR: 1.00e-03
2026-03-05 19:07:21,059 - INFO -   ↳ Saved best model (val_corr=0.215493)
2026-03-05 19:07:29,830 - INFO - Epoch   8/50 | Train: 0.165477 | Val: 0.166433 | Corr: 0.219134 | LR: 1.00e-03
2026-03-05 19:07:29,843 - INFO -   ↳ Saved best model (val_corr=0.219134)
2026-03-05 19:07:38,556 - INFO - Epoch   9/50 | Train: 0.164748 | Val: 0.166681 | Corr: 0.224259 | LR: 1.00e-03
2026-03-05 19:07:38,569 - INFO -   ↳ Saved best model (val_corr=0.224259)
2026-03-05 19:07:48,060 - INFO - Epoch  10/50 | Train: 0.164086 | Val: 0.166129 | Corr: 0.228537 | LR: 1.00e-03
2026-03-05 19:07:48,073 - INFO -   ↳ Saved best model (val_corr=0.228537)
2026-03-05 19:07:58,622 - INFO - Epoch  11/50 | Train: 0.163594 | Val: 0.165348 | Corr: 0.231106 | LR: 1.00e-03
2026-03-05 19:07:58,635 - INFO -   ↳ Saved best model (val_corr=0.231106)
2026-03-05 19:08:09,183 - INFO - Epoch  12/50 | Train: 0.163198 | Val: 0.164484 | Corr: 0.233990 | LR: 1.00e-03
2026-03-05 19:08:09,198 - INFO -   ↳ Saved best model (val_corr=0.233990)
2026-03-05 19:08:17,214 - INFO - Epoch  13/50 | Train: 0.162716 | Val: 0.164461 | Corr: 0.237642 | LR: 1.00e-03
2026-03-05 19:08:17,227 - INFO -   ↳ Saved best model (val_corr=0.237642)
2026-03-05 19:08:26,035 - INFO - Epoch  14/50 | Train: 0.162353 | Val: 0.164353 | Corr: 0.240280 | LR: 1.00e-03
2026-03-05 19:08:26,049 - INFO -   ↳ Saved best model (val_corr=0.240280)
2026-03-05 19:08:34,625 - INFO - Epoch  15/50 | Train: 0.162073 | Val: 0.163654 | Corr: 0.241774 | LR: 1.00e-03
2026-03-05 19:08:34,639 - INFO -   ↳ Saved best model (val_corr=0.241774)
2026-03-05 19:08:43,399 - INFO - Epoch  16/50 | Train: 0.161831 | Val: 0.164045 | Corr: 0.243497 | LR: 1.00e-03
2026-03-05 19:08:43,411 - INFO -   ↳ Saved best model (val_corr=0.243497)
2026-03-05 19:08:53,485 - INFO - Epoch  17/50 | Train: 0.161498 | Val: 0.163772 | Corr: 0.245141 | LR: 1.00e-03
2026-03-05 19:08:53,498 - INFO -   ↳ Saved best model (val_corr=0.245141)
2026-03-05 19:09:04,056 - INFO - Epoch  18/50 | Train: 0.161219 | Val: 0.163089 | Corr: 0.247169 | LR: 1.00e-03
2026-03-05 19:09:04,068 - INFO -   ↳ Saved best model (val_corr=0.247169)
2026-03-05 19:09:14,567 - INFO - Epoch  19/50 | Train: 0.161007 | Val: 0.163012 | Corr: 0.248702 | LR: 1.00e-03
2026-03-05 19:09:14,578 - INFO -   ↳ Saved best model (val_corr=0.248702)
2026-03-05 19:09:21,989 - INFO - Epoch  20/50 | Train: 0.160804 | Val: 0.163188 | Corr: 0.247685 | LR: 1.00e-03
2026-03-05 19:09:30,631 - INFO - Epoch  21/50 | Train: 0.160675 | Val: 0.163098 | Corr: 0.250499 | LR: 1.00e-03
2026-03-05 19:09:30,645 - INFO -   ↳ Saved best model (val_corr=0.250499)
2026-03-05 19:09:39,485 - INFO - Epoch  22/50 | Train: 0.160308 | Val: 0.162733 | Corr: 0.250802 | LR: 1.00e-03
2026-03-05 19:09:39,499 - INFO -   ↳ Saved best model (val_corr=0.250802)
2026-03-05 19:09:48,642 - INFO - Epoch  23/50 | Train: 0.160167 | Val: 0.162804 | Corr: 0.251996 | LR: 1.00e-03
2026-03-05 19:09:48,654 - INFO -   ↳ Saved best model (val_corr=0.251996)
2026-03-05 19:09:59,331 - INFO - Epoch  24/50 | Train: 0.160051 | Val: 0.162542 | Corr: 0.253093 | LR: 1.00e-03
2026-03-05 19:09:59,343 - INFO -   ↳ Saved best model (val_corr=0.253093)
2026-03-05 19:10:09,992 - INFO - Epoch  25/50 | Train: 0.159914 | Val: 0.162549 | Corr: 0.252609 | LR: 1.00e-03
2026-03-05 19:10:18,959 - INFO - Epoch  26/50 | Train: 0.159729 | Val: 0.162564 | Corr: 0.253791 | LR: 1.00e-03
2026-03-05 19:10:18,971 - INFO -   ↳ Saved best model (val_corr=0.253791)
2026-03-05 19:10:27,121 - INFO - Epoch  27/50 | Train: 0.159569 | Val: 0.162263 | Corr: 0.255017 | LR: 1.00e-03
2026-03-05 19:10:27,135 - INFO -   ↳ Saved best model (val_corr=0.255017)
2026-03-05 19:10:35,769 - INFO - Epoch  28/50 | Train: 0.159385 | Val: 0.162425 | Corr: 0.255078 | LR: 1.00e-03
2026-03-05 19:10:35,781 - INFO -   ↳ Saved best model (val_corr=0.255078)
2026-03-05 19:10:44,534 - INFO - Epoch  29/50 | Train: 0.159330 | Val: 0.162269 | Corr: 0.255958 | LR: 1.00e-03
2026-03-05 19:10:44,547 - INFO -   ↳ Saved best model (val_corr=0.255958)
2026-03-05 19:10:54,196 - INFO - Epoch  30/50 | Train: 0.159197 | Val: 0.162197 | Corr: 0.256506 | LR: 1.00e-03
2026-03-05 19:10:54,209 - INFO -   ↳ Saved best model (val_corr=0.256506)
2026-03-05 19:11:04,758 - INFO - Epoch  31/50 | Train: 0.159092 | Val: 0.162288 | Corr: 0.256361 | LR: 1.00e-03
2026-03-05 19:11:15,323 - INFO - Epoch  32/50 | Train: 0.159005 | Val: 0.162227 | Corr: 0.256508 | LR: 1.00e-03
2026-03-05 19:11:15,336 - INFO -   ↳ Saved best model (val_corr=0.256508)
2026-03-05 19:11:22,979 - INFO - Epoch  33/50 | Train: 0.158895 | Val: 0.161927 | Corr: 0.258508 | LR: 1.00e-03
2026-03-05 19:11:22,990 - INFO -   ↳ Saved best model (val_corr=0.258508)
2026-03-05 19:11:31,813 - INFO - Epoch  34/50 | Train: 0.158657 | Val: 0.161704 | Corr: 0.259498 | LR: 1.00e-03
2026-03-05 19:11:31,827 - INFO -   ↳ Saved best model (val_corr=0.259498)
2026-03-05 19:11:41,445 - INFO - Epoch  35/50 | Train: 0.158592 | Val: 0.161980 | Corr: 0.259642 | LR: 1.00e-03
2026-03-05 19:11:41,455 - INFO -   ↳ Saved best model (val_corr=0.259642)
2026-03-05 19:11:50,540 - INFO - Epoch  36/50 | Train: 0.158520 | Val: 0.161954 | Corr: 0.259643 | LR: 1.00e-03
2026-03-05 19:11:50,555 - INFO -   ↳ Saved best model (val_corr=0.259643)
2026-03-05 19:12:00,503 - INFO - Epoch  37/50 | Train: 0.158471 | Val: 0.161833 | Corr: 0.259906 | LR: 1.00e-03
2026-03-05 19:12:00,515 - INFO -   ↳ Saved best model (val_corr=0.259906)
2026-03-05 19:12:10,525 - INFO - Epoch  38/50 | Train: 0.158251 | Val: 0.161769 | Corr: 0.261016 | LR: 1.00e-03
2026-03-05 19:12:10,540 - INFO -   ↳ Saved best model (val_corr=0.261016)
2026-03-05 19:12:18,614 - INFO - Epoch  39/50 | Train: 0.158205 | Val: 0.161644 | Corr: 0.260649 | LR: 1.00e-03
2026-03-05 19:12:27,522 - INFO - Epoch  40/50 | Train: 0.158169 | Val: 0.161587 | Corr: 0.261259 | LR: 1.00e-03
2026-03-05 19:12:27,533 - INFO -   ↳ Saved best model (val_corr=0.261259)
2026-03-05 19:12:36,227 - INFO - Epoch  41/50 | Train: 0.158126 | Val: 0.162116 | Corr: 0.260652 | LR: 1.00e-03
2026-03-05 19:12:45,174 - INFO - Epoch  42/50 | Train: 0.158154 | Val: 0.161981 | Corr: 0.260402 | LR: 1.00e-03
2026-03-05 19:12:54,862 - INFO - Epoch  43/50 | Train: 0.157940 | Val: 0.161839 | Corr: 0.260879 | LR: 1.00e-03
2026-03-05 19:13:05,739 - INFO - Epoch  44/50 | Train: 0.157898 | Val: 0.161774 | Corr: 0.261320 | LR: 1.00e-03
2026-03-05 19:13:05,753 - INFO -   ↳ Saved best model (val_corr=0.261320)
2026-03-05 19:13:16,331 - INFO - Epoch  45/50 | Train: 0.157817 | Val: 0.161715 | Corr: 0.261820 | LR: 1.00e-03
2026-03-05 19:13:16,343 - INFO -   ↳ Saved best model (val_corr=0.261820)
2026-03-05 19:13:25,287 - INFO - Epoch  46/50 | Train: 0.157857 | Val: 0.162123 | Corr: 0.259346 | LR: 5.00e-04
2026-03-05 19:13:33,477 - INFO - Epoch  47/50 | Train: 0.157165 | Val: 0.161409 | Corr: 0.262989 | LR: 5.00e-04
2026-03-05 19:13:33,489 - INFO -   ↳ Saved best model (val_corr=0.262989)
2026-03-05 19:13:42,201 - INFO - Epoch  48/50 | Train: 0.157063 | Val: 0.161416 | Corr: 0.263585 | LR: 5.00e-04
2026-03-05 19:13:42,213 - INFO -   ↳ Saved best model (val_corr=0.263585)
2026-03-05 19:13:51,083 - INFO - Epoch  49/50 | Train: 0.156948 | Val: 0.161421 | Corr: 0.263872 | LR: 5.00e-04
2026-03-05 19:13:51,095 - INFO -   ↳ Saved best model (val_corr=0.263872)
2026-03-05 19:14:00,924 - INFO - Epoch  50/50 | Train: 0.156880 | Val: 0.161877 | Corr: 0.261240 | LR: 5.00e-04
2026-03-05 19:14:00,924 - INFO - Training complete — best val corr: 0.263872
2026-03-05 19:14:03,118 - INFO - Test loss: 0.151635, Test corr: 0.253917
2026-03-05 19:14:03,958 - INFO - Fraction of variance explained (FVE): 0.079254
2026-03-05 19:14:03,958 - INFO - Computing autoregressive (AR) test predictions …
2026-03-05 19:14:05,051 - INFO - AR FVE: -0.007856, AR test corr: 0.073610
2026-03-05 19:14:05,052 - INFO - Generating figures …
2026-03-05 19:14:05,843 - INFO - Correlation between predicted and actual per-neuron averages: r=0.9919, p=0.00e+00
2026-03-05 19:14:08,901 - INFO - Pattern selectivity summary:
2026-03-05 19:14:08,901 - INFO -   Mean correlation across neurons: 0.7367
2026-03-05 19:14:08,901 - INFO -   Median correlation: 0.7577
2026-03-05 19:14:08,902 - INFO -   Neurons with r > 0.5: 60 / 63
2026-03-05 19:14:08,902 - INFO -   Neurons with r > 0.3: 63 / 63
2026-03-05 19:14:08,902 - INFO - Pattern selectivity — mean neuron corr: 0.7367
2026-03-05 19:14:11,318 - INFO - LOO (avg rate) — Model mean r: 0.5905, LOO mean r: 0.4546, Neurons model > LOO: 51/63
2026-03-05 19:14:16,295 - INFO - LOO (temporal) — Model mean r: 0.2640, LOO mean r: 0.3186, Neurons model > LOO: 13/63
2026-03-05 19:14:16,296 - INFO - Skipping oracle trial plots (skip_oracle_plots=True)
2026-03-05 19:14:16,302 - INFO - Experiment complete. Summary: {
  "run_dir": "/scratch/sb272/patterns5k_results/slurm_hist_cnn_2026-03-05_16-01-45/trial_0476_learning_rate=1.0e-03_history=2_kernel_sizes=3x3x3_conv_channels=128x128x128_fc_dims=256_seed0",
  "model_type": "cnn",
  "batch_avg_test_loss": 0.15163512563705445,
  "batch_avg_test_corr": 0.253916796685214,
  "all_test_fve": 0.07925355434417725,
  "AR_FVE": -0.00785607761806912,
  "AR_test_correlation": 0.07361029088497162,
  "best_val_corr": 0.2638718490566802,
  "total_params": 188991,
  "trainable_params": 188991,
  "epochs_trained": 50,
  "mean_pattern_corr": 0.7367223499788228,
  "history": 2,
  "init_state": true,
  "loo_avg_mean_corr": 0.45456832695830385,
  "model_avg_mean_corr": 0.590491965632902,
  "neurons_model_beats_loo_avg": 51,
  "loo_temporal_mean_corr": 0.31855225563049316,
  "all_test_corr": 0.26400014758110046,
  "neurons_model_beats_loo_temporal": 13,
  "kernel_sizes": [
    3,
    3,
    3
  ],
  "conv_channels": [
    128,
    128,
    128
  ],
  "fc_dims": [
    256
  ]
}
