2026-03-04 02:00:56,215 - INFO - ============================================================
2026-03-04 02:00:56,215 - INFO - Experiment run directory: /scratch/sb272/patterns5k_results/slurm_hist_cnn_2026-03-03_15-13-01/trial_0390_learning_rate=5.0e-03_history=1_kernel_sizes=10x5_conv_channels=256x128_fc_dims=256_seed1
2026-03-04 02:00:56,215 - INFO - ============================================================
2026-03-04 02:00:56,215 - INFO - Loading data …
2026-03-04 02:00:57,138 - INFO - 63 unique neurons after dropping problematic neurons
2026-03-04 02:00:58,059 - INFO - Stimulation channels: 42, Spiking neurons: 63
2026-03-04 02:02:03,769 - INFO - Unique patterns: 4050, Total trials: 5000
2026-03-04 02:02:03,770 - INFO - Stimulation channels: 42, Spiking neurons: 63
2026-03-04 02:02:03,770 - INFO - Unique patterns: 4050, Total trials: 5000
2026-03-04 02:02:03,781 - INFO - Split (oracle): train=3400, val=600, test=1000
2026-03-04 02:02:17,954 - INFO - BinnedStimSpikeDataset initialized:
2026-03-04 02:02:17,955 - INFO -   input_bin_size_ms=10, output_bin_size_ms=10
2026-03-04 02:02:17,955 - INFO -   n_input_bins=60, n_output_bins=60
2026-03-04 02:02:17,955 - INFO -   output_offset=0, total_bins_input=60, total_bins_output=60
2026-03-04 02:02:17,955 - INFO -   Valid start positions per trial: 0 to 0
2026-03-04 02:02:17,955 - INFO -   Total samples: 3400 (3400 trials × 1 positions)
2026-03-04 02:02:31,626 - INFO - BinnedStimSpikeDataset initialized:
2026-03-04 02:02:31,626 - INFO -   input_bin_size_ms=10, output_bin_size_ms=10
2026-03-04 02:02:31,626 - INFO -   n_input_bins=60, n_output_bins=60
2026-03-04 02:02:31,626 - INFO -   output_offset=0, total_bins_input=60, total_bins_output=60
2026-03-04 02:02:31,626 - INFO -   Valid start positions per trial: 0 to 0
2026-03-04 02:02:31,626 - INFO -   Total samples: 600 (600 trials × 1 positions)
2026-03-04 02:02:45,395 - INFO - BinnedStimSpikeDataset initialized:
2026-03-04 02:02:45,395 - INFO -   input_bin_size_ms=10, output_bin_size_ms=10
2026-03-04 02:02:45,395 - INFO -   n_input_bins=60, n_output_bins=60
2026-03-04 02:02:45,395 - INFO -   output_offset=0, total_bins_input=60, total_bins_output=60
2026-03-04 02:02:45,395 - INFO -   Valid start positions per trial: 0 to 0
2026-03-04 02:02:45,395 - INFO -   Total samples: 1000 (1000 trials × 1 positions)
2026-03-04 02:02:45,396 - INFO - Samples — train: 3400, val: 600, test: 1000
2026-03-04 02:02:45,396 - INFO - Input channels: 105, Neurons: 63
2026-03-04 02:02:45,404 - INFO - Using CPU
2026-03-04 02:02:45,421 - INFO - Model: CNN — 483,007 trainable params (483,007 total)
2026-03-04 02:02:51,646 - INFO - Starting training …
2026-03-04 02:02:57,811 - INFO - Epoch   1/50 | Train: 0.191754 | Val: 0.171915 | Corr: 0.165732 | LR: 5.00e-03
2026-03-04 02:02:57,832 - INFO -   ↳ Saved best model (val_corr=0.165732)
2026-03-04 02:03:03,228 - INFO - Epoch   2/50 | Train: 0.170087 | Val: 0.169017 | Corr: 0.189479 | LR: 5.00e-03
2026-03-04 02:03:03,246 - INFO -   ↳ Saved best model (val_corr=0.189479)
2026-03-04 02:03:08,742 - INFO - Epoch   3/50 | Train: 0.167070 | Val: 0.165631 | Corr: 0.207555 | LR: 5.00e-03
2026-03-04 02:03:08,761 - INFO -   ↳ Saved best model (val_corr=0.207555)
2026-03-04 02:03:14,024 - INFO - Epoch   4/50 | Train: 0.164491 | Val: 0.164342 | Corr: 0.221073 | LR: 5.00e-03
2026-03-04 02:03:14,039 - INFO -   ↳ Saved best model (val_corr=0.221073)
2026-03-04 02:03:19,431 - INFO - Epoch   5/50 | Train: 0.162289 | Val: 0.165023 | Corr: 0.228930 | LR: 5.00e-03
2026-03-04 02:03:19,444 - INFO -   ↳ Saved best model (val_corr=0.228930)
2026-03-04 02:03:25,063 - INFO - Epoch   6/50 | Train: 0.160770 | Val: 0.162396 | Corr: 0.236659 | LR: 5.00e-03
2026-03-04 02:03:25,078 - INFO -   ↳ Saved best model (val_corr=0.236659)
2026-03-04 02:03:30,588 - INFO - Epoch   7/50 | Train: 0.159360 | Val: 0.162200 | Corr: 0.239739 | LR: 5.00e-03
2026-03-04 02:03:30,603 - INFO -   ↳ Saved best model (val_corr=0.239739)
2026-03-04 02:03:36,063 - INFO - Epoch   8/50 | Train: 0.158496 | Val: 0.162850 | Corr: 0.240759 | LR: 5.00e-03
2026-03-04 02:03:36,078 - INFO -   ↳ Saved best model (val_corr=0.240759)
2026-03-04 02:03:41,463 - INFO - Epoch   9/50 | Train: 0.157206 | Val: 0.161287 | Corr: 0.246250 | LR: 5.00e-03
2026-03-04 02:03:41,477 - INFO -   ↳ Saved best model (val_corr=0.246250)
2026-03-04 02:03:46,835 - INFO - Epoch  10/50 | Train: 0.156289 | Val: 0.161938 | Corr: 0.246626 | LR: 5.00e-03
2026-03-04 02:03:46,858 - INFO -   ↳ Saved best model (val_corr=0.246626)
2026-03-04 02:03:52,199 - INFO - Epoch  11/50 | Train: 0.155514 | Val: 0.161162 | Corr: 0.248207 | LR: 5.00e-03
2026-03-04 02:03:52,213 - INFO -   ↳ Saved best model (val_corr=0.248207)
2026-03-04 02:03:57,733 - INFO - Epoch  12/50 | Train: 0.154753 | Val: 0.161581 | Corr: 0.247321 | LR: 5.00e-03
2026-03-04 02:04:03,219 - INFO - Epoch  13/50 | Train: 0.154039 | Val: 0.161110 | Corr: 0.249022 | LR: 5.00e-03
2026-03-04 02:04:03,234 - INFO -   ↳ Saved best model (val_corr=0.249022)
2026-03-04 02:04:08,725 - INFO - Epoch  14/50 | Train: 0.153475 | Val: 0.161363 | Corr: 0.249415 | LR: 5.00e-03
2026-03-04 02:04:08,739 - INFO -   ↳ Saved best model (val_corr=0.249415)
2026-03-04 02:04:14,218 - INFO - Epoch  15/50 | Train: 0.152848 | Val: 0.161353 | Corr: 0.250003 | LR: 5.00e-03
2026-03-04 02:04:14,234 - INFO -   ↳ Saved best model (val_corr=0.250003)
2026-03-04 02:04:19,719 - INFO - Epoch  16/50 | Train: 0.152406 | Val: 0.162093 | Corr: 0.250013 | LR: 5.00e-03
2026-03-04 02:04:19,732 - INFO -   ↳ Saved best model (val_corr=0.250013)
2026-03-04 02:04:25,212 - INFO - Epoch  17/50 | Train: 0.152039 | Val: 0.161855 | Corr: 0.251541 | LR: 5.00e-03
2026-03-04 02:04:25,226 - INFO -   ↳ Saved best model (val_corr=0.251541)
2026-03-04 02:04:30,719 - INFO - Epoch  18/50 | Train: 0.151758 | Val: 0.161592 | Corr: 0.249701 | LR: 5.00e-03
2026-03-04 02:04:36,202 - INFO - Epoch  19/50 | Train: 0.151105 | Val: 0.161631 | Corr: 0.249677 | LR: 2.50e-03
2026-03-04 02:04:41,707 - INFO - Epoch  20/50 | Train: 0.149185 | Val: 0.161534 | Corr: 0.251606 | LR: 2.50e-03
2026-03-04 02:04:41,723 - INFO -   ↳ Saved best model (val_corr=0.251606)
2026-03-04 02:04:47,195 - INFO - Epoch  21/50 | Train: 0.148514 | Val: 0.161586 | Corr: 0.251798 | LR: 2.50e-03
2026-03-04 02:04:47,213 - INFO -   ↳ Saved best model (val_corr=0.251798)
2026-03-04 02:04:52,699 - INFO - Epoch  22/50 | Train: 0.148148 | Val: 0.161988 | Corr: 0.251891 | LR: 2.50e-03
2026-03-04 02:04:52,714 - INFO -   ↳ Saved best model (val_corr=0.251891)
2026-03-04 02:04:58,229 - INFO - Epoch  23/50 | Train: 0.147758 | Val: 0.161802 | Corr: 0.252016 | LR: 2.50e-03
2026-03-04 02:04:58,243 - INFO -   ↳ Saved best model (val_corr=0.252016)
2026-03-04 02:05:03,650 - INFO - Epoch  24/50 | Train: 0.147526 | Val: 0.162299 | Corr: 0.250057 | LR: 2.50e-03
2026-03-04 02:05:09,065 - INFO - Epoch  25/50 | Train: 0.147500 | Val: 0.162484 | Corr: 0.250965 | LR: 1.25e-03
2026-03-04 02:05:14,467 - INFO - Epoch  26/50 | Train: 0.146406 | Val: 0.162257 | Corr: 0.252044 | LR: 1.25e-03
2026-03-04 02:05:14,482 - INFO -   ↳ Saved best model (val_corr=0.252044)
2026-03-04 02:05:19,893 - INFO - Epoch  27/50 | Train: 0.146070 | Val: 0.162384 | Corr: 0.250025 | LR: 1.25e-03
2026-03-04 02:05:25,416 - INFO - Epoch  28/50 | Train: 0.145709 | Val: 0.162474 | Corr: 0.249543 | LR: 1.25e-03
2026-03-04 02:05:30,860 - INFO - Epoch  29/50 | Train: 0.145616 | Val: 0.162962 | Corr: 0.251342 | LR: 1.25e-03
2026-03-04 02:05:36,379 - INFO - Epoch  30/50 | Train: 0.145599 | Val: 0.163004 | Corr: 0.249994 | LR: 1.25e-03
2026-03-04 02:05:41,832 - INFO - Epoch  31/50 | Train: 0.145338 | Val: 0.162923 | Corr: 0.249978 | LR: 6.25e-04
2026-03-04 02:05:47,312 - INFO - Epoch  32/50 | Train: 0.144853 | Val: 0.163135 | Corr: 0.250686 | LR: 6.25e-04
2026-03-04 02:05:52,863 - INFO - Epoch  33/50 | Train: 0.144578 | Val: 0.162933 | Corr: 0.250211 | LR: 6.25e-04
2026-03-04 02:05:58,423 - INFO - Epoch  34/50 | Train: 0.144444 | Val: 0.163258 | Corr: 0.250934 | LR: 6.25e-04
2026-03-04 02:06:03,968 - INFO - Epoch  35/50 | Train: 0.144355 | Val: 0.163413 | Corr: 0.250682 | LR: 6.25e-04
2026-03-04 02:06:09,509 - INFO - Epoch  36/50 | Train: 0.144331 | Val: 0.163075 | Corr: 0.248562 | LR: 6.25e-04
2026-03-04 02:06:09,509 - INFO - Early stopping at epoch 36
2026-03-04 02:06:09,509 - INFO - Training complete — best val corr: 0.252044
2026-03-04 02:06:10,760 - INFO - Test loss: 0.153438, Test corr: 0.242657
2026-03-04 02:06:11,281 - INFO - Fraction of variance explained (FVE): 0.070015
2026-03-04 02:06:11,281 - INFO - Computing autoregressive (AR) test predictions …
2026-03-04 02:06:11,907 - INFO - AR FVE: -0.014078, AR test corr: 0.057357
2026-03-04 02:06:11,907 - INFO - Generating figures …
2026-03-04 02:06:12,272 - INFO - Correlation between predicted and actual per-neuron averages: r=0.9942, p=0.00e+00
2026-03-04 02:06:13,897 - INFO - Pattern selectivity summary:
2026-03-04 02:06:13,897 - INFO -   Mean correlation across neurons: 0.7248
2026-03-04 02:06:13,897 - INFO -   Median correlation: 0.7492
2026-03-04 02:06:13,897 - INFO -   Neurons with r > 0.5: 58 / 63
2026-03-04 02:06:13,897 - INFO -   Neurons with r > 0.3: 62 / 63
2026-03-04 02:06:13,897 - INFO - Pattern selectivity — mean neuron corr: 0.7248
2026-03-04 02:06:15,233 - INFO - LOO (avg rate) — Model mean r: 0.5926, LOO mean r: 0.4546, Neurons model > LOO: 52/63
2026-03-04 02:06:16,981 - INFO - LOO (temporal) — Model mean r: 0.2541, LOO mean r: 0.3186, Neurons model > LOO: 13/63
2026-03-04 02:06:16,982 - INFO - Skipping oracle trial plots (skip_oracle_plots=True)
2026-03-04 02:06:16,990 - INFO - Experiment complete. Summary: {
  "run_dir": "/scratch/sb272/patterns5k_results/slurm_hist_cnn_2026-03-03_15-13-01/trial_0390_learning_rate=5.0e-03_history=1_kernel_sizes=10x5_conv_channels=256x128_fc_dims=256_seed1",
  "model_type": "cnn",
  "batch_avg_test_loss": 0.15343796169757842,
  "batch_avg_test_corr": 0.24265650612901782,
  "all_test_fve": 0.07001490725411309,
  "AR_FVE": -0.01407764923004877,
  "AR_test_correlation": 0.05735659971833229,
  "best_val_corr": 0.2520444780288985,
  "total_params": 483007,
  "trainable_params": 483007,
  "epochs_trained": 36,
  "mean_pattern_corr": 0.7248039381783422,
  "history": 1,
  "init_state": true,
  "loo_avg_mean_corr": 0.45456832695830385,
  "model_avg_mean_corr": 0.5926309089102819,
  "neurons_model_beats_loo_avg": 52,
  "loo_temporal_mean_corr": 0.31855225563049316,
  "all_test_corr": 0.2540869116783142,
  "neurons_model_beats_loo_temporal": 13,
  "kernel_sizes": [
    10,
    5
  ],
  "conv_channels": [
    256,
    128
  ],
  "fc_dims": [
    256
  ]
}
