2026-03-05 00:16:37,300 - INFO - ============================================================
2026-03-05 00:16:37,300 - INFO - Experiment run directory: /scratch/sb272/patterns5k_results/slurm_base_cnn_2026-03-04_16-53-19/trial_0234_learning_rate=5.0e-03_kernel_sizes=5x3x3_conv_channels=64x128x256_fc_dims=512_seed3
2026-03-05 00:16:37,300 - INFO - ============================================================
2026-03-05 00:16:37,300 - INFO - Loading data …
2026-03-05 00:16:38,323 - INFO - 63 unique neurons after dropping problematic neurons
2026-03-05 00:16:39,336 - INFO - Stimulation channels: 42, Spiking neurons: 63
2026-03-05 00:18:05,193 - INFO - Unique patterns: 4050, Total trials: 5000
2026-03-05 00:18:05,198 - INFO - Stimulation channels: 42, Spiking neurons: 63
2026-03-05 00:18:05,198 - INFO - Unique patterns: 4050, Total trials: 5000
2026-03-05 00:18:05,212 - INFO - Split (oracle): train=3400, val=600, test=1000
2026-03-05 00:18:22,423 - INFO - BinnedStimSpikeDataset initialized:
2026-03-05 00:18:22,424 - INFO -   input_bin_size_ms=10, output_bin_size_ms=10
2026-03-05 00:18:22,424 - INFO -   n_input_bins=60, n_output_bins=60
2026-03-05 00:18:22,424 - INFO -   output_offset=0, total_bins_input=60, total_bins_output=60
2026-03-05 00:18:22,424 - INFO -   Valid start positions per trial: 0 to 0
2026-03-05 00:18:22,424 - INFO -   Total samples: 3400 (3400 trials × 1 positions)
2026-03-05 00:18:39,273 - INFO - BinnedStimSpikeDataset initialized:
2026-03-05 00:18:39,273 - INFO -   input_bin_size_ms=10, output_bin_size_ms=10
2026-03-05 00:18:39,273 - INFO -   n_input_bins=60, n_output_bins=60
2026-03-05 00:18:39,273 - INFO -   output_offset=0, total_bins_input=60, total_bins_output=60
2026-03-05 00:18:39,273 - INFO -   Valid start positions per trial: 0 to 0
2026-03-05 00:18:39,273 - INFO -   Total samples: 600 (600 trials × 1 positions)
2026-03-05 00:18:56,287 - INFO - BinnedStimSpikeDataset initialized:
2026-03-05 00:18:56,287 - INFO -   input_bin_size_ms=10, output_bin_size_ms=10
2026-03-05 00:18:56,287 - INFO -   n_input_bins=60, n_output_bins=60
2026-03-05 00:18:56,287 - INFO -   output_offset=0, total_bins_input=60, total_bins_output=60
2026-03-05 00:18:56,287 - INFO -   Valid start positions per trial: 0 to 0
2026-03-05 00:18:56,287 - INFO -   Total samples: 1000 (1000 trials × 1 positions)
2026-03-05 00:18:56,288 - INFO - Samples — train: 3400, val: 600, test: 1000
2026-03-05 00:18:56,288 - INFO - Input channels: 42, Neurons: 63
2026-03-05 00:18:56,298 - INFO - Using CPU
2026-03-05 00:18:56,317 - INFO - Model: CNN — 301,567 trainable params (301,567 total)
2026-03-05 00:19:03,230 - INFO - Starting training …
2026-03-05 00:19:10,791 - INFO - Epoch   1/50 | Train: 0.195553 | Val: 0.182082 | Corr: 0.066415 | LR: 5.00e-03
2026-03-05 00:19:10,819 - INFO -   ↳ Saved best model (val_corr=0.066415)
2026-03-05 00:19:17,376 - INFO - Epoch   2/50 | Train: 0.182843 | Val: 0.180123 | Corr: 0.094859 | LR: 5.00e-03
2026-03-05 00:19:17,408 - INFO -   ↳ Saved best model (val_corr=0.094859)
2026-03-05 00:19:23,917 - INFO - Epoch   3/50 | Train: 0.181574 | Val: 0.179072 | Corr: 0.104674 | LR: 5.00e-03
2026-03-05 00:19:23,935 - INFO -   ↳ Saved best model (val_corr=0.104674)
2026-03-05 00:19:30,857 - INFO - Epoch   4/50 | Train: 0.180486 | Val: 0.177398 | Corr: 0.114107 | LR: 5.00e-03
2026-03-05 00:19:30,878 - INFO -   ↳ Saved best model (val_corr=0.114107)
2026-03-05 00:19:37,856 - INFO - Epoch   5/50 | Train: 0.179556 | Val: 0.177411 | Corr: 0.115027 | LR: 5.00e-03
2026-03-05 00:19:37,870 - INFO -   ↳ Saved best model (val_corr=0.115027)
2026-03-05 00:19:44,720 - INFO - Epoch   6/50 | Train: 0.178712 | Val: 0.176521 | Corr: 0.122575 | LR: 5.00e-03
2026-03-05 00:19:44,737 - INFO -   ↳ Saved best model (val_corr=0.122575)
2026-03-05 00:19:51,577 - INFO - Epoch   7/50 | Train: 0.178355 | Val: 0.177643 | Corr: 0.122736 | LR: 5.00e-03
2026-03-05 00:19:51,591 - INFO -   ↳ Saved best model (val_corr=0.122736)
2026-03-05 00:19:58,447 - INFO - Epoch   8/50 | Train: 0.177898 | Val: 0.176776 | Corr: 0.126115 | LR: 5.00e-03
2026-03-05 00:19:58,468 - INFO -   ↳ Saved best model (val_corr=0.126115)
2026-03-05 00:20:05,364 - INFO - Epoch   9/50 | Train: 0.177742 | Val: 0.175869 | Corr: 0.129195 | LR: 5.00e-03
2026-03-05 00:20:05,378 - INFO -   ↳ Saved best model (val_corr=0.129195)
2026-03-05 00:20:12,320 - INFO - Epoch  10/50 | Train: 0.177217 | Val: 0.176006 | Corr: 0.130228 | LR: 5.00e-03
2026-03-05 00:20:12,341 - INFO -   ↳ Saved best model (val_corr=0.130228)
2026-03-05 00:20:19,263 - INFO - Epoch  11/50 | Train: 0.177046 | Val: 0.175910 | Corr: 0.130078 | LR: 5.00e-03
2026-03-05 00:20:26,235 - INFO - Epoch  12/50 | Train: 0.176763 | Val: 0.175796 | Corr: 0.132969 | LR: 5.00e-03
2026-03-05 00:20:26,251 - INFO -   ↳ Saved best model (val_corr=0.132969)
2026-03-05 00:20:33,171 - INFO - Epoch  13/50 | Train: 0.176476 | Val: 0.175525 | Corr: 0.134215 | LR: 5.00e-03
2026-03-05 00:20:33,188 - INFO -   ↳ Saved best model (val_corr=0.134215)
2026-03-05 00:20:40,112 - INFO - Epoch  14/50 | Train: 0.176345 | Val: 0.175577 | Corr: 0.134509 | LR: 5.00e-03
2026-03-05 00:20:40,147 - INFO -   ↳ Saved best model (val_corr=0.134509)
2026-03-05 00:20:47,073 - INFO - Epoch  15/50 | Train: 0.176163 | Val: 0.175792 | Corr: 0.135321 | LR: 5.00e-03
2026-03-05 00:20:47,097 - INFO -   ↳ Saved best model (val_corr=0.135321)
2026-03-05 00:20:54,069 - INFO - Epoch  16/50 | Train: 0.176089 | Val: 0.175756 | Corr: 0.133874 | LR: 5.00e-03
2026-03-05 00:21:01,140 - INFO - Epoch  17/50 | Train: 0.175880 | Val: 0.175608 | Corr: 0.134549 | LR: 5.00e-03
2026-03-05 00:21:08,070 - INFO - Epoch  18/50 | Train: 0.175670 | Val: 0.175704 | Corr: 0.135089 | LR: 5.00e-03
2026-03-05 00:21:15,008 - INFO - Epoch  19/50 | Train: 0.175540 | Val: 0.175292 | Corr: 0.136539 | LR: 5.00e-03
2026-03-05 00:21:15,050 - INFO -   ↳ Saved best model (val_corr=0.136539)
2026-03-05 00:21:22,059 - INFO - Epoch  20/50 | Train: 0.175377 | Val: 0.175434 | Corr: 0.136244 | LR: 5.00e-03
2026-03-05 00:21:29,101 - INFO - Epoch  21/50 | Train: 0.175215 | Val: 0.175482 | Corr: 0.135937 | LR: 5.00e-03
2026-03-05 00:21:36,011 - INFO - Epoch  22/50 | Train: 0.175141 | Val: 0.175415 | Corr: 0.136427 | LR: 5.00e-03
2026-03-05 00:21:43,067 - INFO - Epoch  23/50 | Train: 0.175074 | Val: 0.175568 | Corr: 0.137178 | LR: 5.00e-03
2026-03-05 00:21:43,104 - INFO -   ↳ Saved best model (val_corr=0.137178)
2026-03-05 00:21:50,066 - INFO - Epoch  24/50 | Train: 0.174806 | Val: 0.175216 | Corr: 0.137100 | LR: 5.00e-03
2026-03-05 00:21:56,938 - INFO - Epoch  25/50 | Train: 0.174700 | Val: 0.175839 | Corr: 0.136858 | LR: 5.00e-03
2026-03-05 00:22:03,954 - INFO - Epoch  26/50 | Train: 0.174601 | Val: 0.175617 | Corr: 0.135512 | LR: 5.00e-03
2026-03-05 00:22:10,980 - INFO - Epoch  27/50 | Train: 0.174427 | Val: 0.175726 | Corr: 0.137880 | LR: 5.00e-03
2026-03-05 00:22:11,002 - INFO -   ↳ Saved best model (val_corr=0.137880)
2026-03-05 00:22:18,096 - INFO - Epoch  28/50 | Train: 0.174302 | Val: 0.175707 | Corr: 0.136468 | LR: 5.00e-03
2026-03-05 00:22:25,075 - INFO - Epoch  29/50 | Train: 0.174165 | Val: 0.175187 | Corr: 0.138485 | LR: 5.00e-03
2026-03-05 00:22:25,098 - INFO -   ↳ Saved best model (val_corr=0.138485)
2026-03-05 00:22:32,116 - INFO - Epoch  30/50 | Train: 0.174104 | Val: 0.175796 | Corr: 0.136799 | LR: 5.00e-03
2026-03-05 00:22:39,186 - INFO - Epoch  31/50 | Train: 0.174016 | Val: 0.175646 | Corr: 0.137551 | LR: 5.00e-03
2026-03-05 00:22:46,234 - INFO - Epoch  32/50 | Train: 0.173863 | Val: 0.175697 | Corr: 0.138150 | LR: 5.00e-03
2026-03-05 00:22:53,311 - INFO - Epoch  33/50 | Train: 0.173818 | Val: 0.175428 | Corr: 0.137303 | LR: 5.00e-03
2026-03-05 00:23:00,468 - INFO - Epoch  34/50 | Train: 0.173669 | Val: 0.175598 | Corr: 0.136921 | LR: 5.00e-03
2026-03-05 00:23:07,632 - INFO - Epoch  35/50 | Train: 0.173629 | Val: 0.175682 | Corr: 0.136936 | LR: 2.50e-03
2026-03-05 00:23:14,832 - INFO - Epoch  36/50 | Train: 0.172785 | Val: 0.175416 | Corr: 0.137815 | LR: 2.50e-03
2026-03-05 00:23:21,931 - INFO - Epoch  37/50 | Train: 0.172470 | Val: 0.175820 | Corr: 0.137471 | LR: 2.50e-03
2026-03-05 00:23:28,831 - INFO - Epoch  38/50 | Train: 0.172420 | Val: 0.175682 | Corr: 0.138141 | LR: 2.50e-03
2026-03-05 00:23:36,057 - INFO - Epoch  39/50 | Train: 0.172254 | Val: 0.175993 | Corr: 0.137217 | LR: 2.50e-03
2026-03-05 00:23:36,058 - INFO - Early stopping at epoch 39
2026-03-05 00:23:36,058 - INFO - Training complete — best val corr: 0.138485
2026-03-05 00:23:37,623 - INFO - Test loss: 0.168084, Test corr: 0.135214
2026-03-05 00:23:38,122 - INFO - Fraction of variance explained (FVE): 0.021718
2026-03-05 00:23:38,122 - INFO - Generating figures …
2026-03-05 00:23:38,631 - INFO - Correlation between predicted and actual per-neuron averages: r=0.9839, p=0.00e+00
2026-03-05 00:23:40,660 - INFO - Pattern selectivity summary:
2026-03-05 00:23:40,661 - INFO -   Mean correlation across neurons: 0.4851
2026-03-05 00:23:40,661 - INFO -   Median correlation: 0.4949
2026-03-05 00:23:40,661 - INFO -   Neurons with r > 0.5: 30 / 63
2026-03-05 00:23:40,661 - INFO -   Neurons with r > 0.3: 53 / 63
2026-03-05 00:23:40,661 - INFO - Pattern selectivity — mean neuron corr: 0.4851
2026-03-05 00:23:42,327 - INFO - LOO (avg rate) — Model mean r: 0.2799, LOO mean r: 0.4546, Neurons model > LOO: 1/63
2026-03-05 00:23:44,544 - INFO - LOO (temporal) — Model mean r: 0.1358, LOO mean r: 0.3186, Neurons model > LOO: 0/63
2026-03-05 00:23:44,544 - INFO - Skipping oracle trial plots (skip_oracle_plots=True)
2026-03-05 00:23:44,555 - INFO - Experiment complete. Summary: {
  "run_dir": "/scratch/sb272/patterns5k_results/slurm_base_cnn_2026-03-04_16-53-19/trial_0234_learning_rate=5.0e-03_kernel_sizes=5x3x3_conv_channels=64x128x256_fc_dims=512_seed3",
  "model_type": "cnn",
  "batch_avg_test_loss": 0.16808353757858277,
  "batch_avg_test_corr": 0.13521420821061642,
  "all_test_fve": 0.021717978848351374,
  "AR_FVE": NaN,
  "AR_test_correlation": NaN,
  "best_val_corr": 0.13848486328665077,
  "total_params": 301567,
  "trainable_params": 301567,
  "epochs_trained": 39,
  "mean_pattern_corr": 0.48513768011183533,
  "history": 0,
  "init_state": true,
  "loo_avg_mean_corr": 0.45456832695830385,
  "model_avg_mean_corr": 0.279887769411428,
  "neurons_model_beats_loo_avg": 1,
  "loo_temporal_mean_corr": 0.31855225563049316,
  "all_test_corr": 0.13576334714889526,
  "neurons_model_beats_loo_temporal": 0,
  "kernel_sizes": [
    5,
    3,
    3
  ],
  "conv_channels": [
    64,
    128,
    256
  ],
  "fc_dims": [
    512
  ]
}
