2026-03-04 22:21:24,884 - INFO - ============================================================
2026-03-04 22:21:24,884 - INFO - Experiment run directory: /scratch/sb272/patterns5k_results/slurm_base_cnn_2026-03-04_16-53-19/trial_0028_learning_rate=1.0e-04_kernel_sizes=3x3x3_conv_channels=256x256x256_fc_dims=512_seed4
2026-03-04 22:21:24,884 - INFO - ============================================================
2026-03-04 22:21:24,884 - INFO - Loading data …
2026-03-04 22:21:25,505 - INFO - 63 unique neurons after dropping problematic neurons
2026-03-04 22:21:26,329 - INFO - Stimulation channels: 42, Spiking neurons: 63
2026-03-04 22:22:41,870 - INFO - Unique patterns: 4050, Total trials: 5000
2026-03-04 22:22:41,871 - INFO - Stimulation channels: 42, Spiking neurons: 63
2026-03-04 22:22:41,871 - INFO - Unique patterns: 4050, Total trials: 5000
2026-03-04 22:22:41,883 - INFO - Split (oracle): train=3400, val=600, test=1000
2026-03-04 22:22:58,410 - INFO - BinnedStimSpikeDataset initialized:
2026-03-04 22:22:58,411 - INFO -   input_bin_size_ms=10, output_bin_size_ms=10
2026-03-04 22:22:58,411 - INFO -   n_input_bins=60, n_output_bins=60
2026-03-04 22:22:58,411 - INFO -   output_offset=0, total_bins_input=60, total_bins_output=60
2026-03-04 22:22:58,411 - INFO -   Valid start positions per trial: 0 to 0
2026-03-04 22:22:58,411 - INFO -   Total samples: 3400 (3400 trials × 1 positions)
2026-03-04 22:23:14,472 - INFO - BinnedStimSpikeDataset initialized:
2026-03-04 22:23:14,474 - INFO -   input_bin_size_ms=10, output_bin_size_ms=10
2026-03-04 22:23:14,474 - INFO -   n_input_bins=60, n_output_bins=60
2026-03-04 22:23:14,474 - INFO -   output_offset=0, total_bins_input=60, total_bins_output=60
2026-03-04 22:23:14,474 - INFO -   Valid start positions per trial: 0 to 0
2026-03-04 22:23:14,474 - INFO -   Total samples: 600 (600 trials × 1 positions)
2026-03-04 22:23:30,634 - INFO - BinnedStimSpikeDataset initialized:
2026-03-04 22:23:30,634 - INFO -   input_bin_size_ms=10, output_bin_size_ms=10
2026-03-04 22:23:30,634 - INFO -   n_input_bins=60, n_output_bins=60
2026-03-04 22:23:30,634 - INFO -   output_offset=0, total_bins_input=60, total_bins_output=60
2026-03-04 22:23:30,634 - INFO -   Valid start positions per trial: 0 to 0
2026-03-04 22:23:30,634 - INFO -   Total samples: 1000 (1000 trials × 1 positions)
2026-03-04 22:23:30,634 - INFO - Samples — train: 3400, val: 600, test: 1000
2026-03-04 22:23:30,634 - INFO - Input channels: 42, Neurons: 63
2026-03-04 22:23:30,654 - INFO - Using CPU
2026-03-04 22:23:30,660 - INFO - Model: CNN — 591,679 trainable params (591,679 total)
2026-03-04 22:23:34,615 - INFO - Starting training …
2026-03-04 22:23:43,627 - INFO - Epoch   1/50 | Train: 0.312966 | Val: 0.183344 | Corr: 0.074414 | LR: 1.00e-04
2026-03-04 22:23:43,651 - INFO -   ↳ Saved best model (val_corr=0.074414)
2026-03-04 22:23:51,787 - INFO - Epoch   2/50 | Train: 0.183817 | Val: 0.182258 | Corr: 0.080475 | LR: 1.00e-04
2026-03-04 22:23:51,803 - INFO -   ↳ Saved best model (val_corr=0.080475)
2026-03-04 22:23:59,695 - INFO - Epoch   3/50 | Train: 0.182946 | Val: 0.182090 | Corr: 0.083651 | LR: 1.00e-04
2026-03-04 22:23:59,713 - INFO -   ↳ Saved best model (val_corr=0.083651)
2026-03-04 22:24:07,627 - INFO - Epoch   4/50 | Train: 0.182314 | Val: 0.181399 | Corr: 0.089221 | LR: 1.00e-04
2026-03-04 22:24:07,642 - INFO -   ↳ Saved best model (val_corr=0.089221)
2026-03-04 22:24:15,435 - INFO - Epoch   5/50 | Train: 0.181607 | Val: 0.181227 | Corr: 0.092581 | LR: 1.00e-04
2026-03-04 22:24:15,450 - INFO -   ↳ Saved best model (val_corr=0.092581)
2026-03-04 22:24:23,288 - INFO - Epoch   6/50 | Train: 0.181308 | Val: 0.180557 | Corr: 0.097879 | LR: 1.00e-04
2026-03-04 22:24:23,309 - INFO -   ↳ Saved best model (val_corr=0.097879)
2026-03-04 22:24:31,238 - INFO - Epoch   7/50 | Train: 0.180659 | Val: 0.180211 | Corr: 0.101435 | LR: 1.00e-04
2026-03-04 22:24:31,261 - INFO -   ↳ Saved best model (val_corr=0.101435)
2026-03-04 22:24:39,258 - INFO - Epoch   8/50 | Train: 0.180173 | Val: 0.180126 | Corr: 0.103852 | LR: 1.00e-04
2026-03-04 22:24:39,273 - INFO -   ↳ Saved best model (val_corr=0.103852)
2026-03-04 22:24:47,241 - INFO - Epoch   9/50 | Train: 0.179683 | Val: 0.179822 | Corr: 0.106761 | LR: 1.00e-04
2026-03-04 22:24:47,259 - INFO -   ↳ Saved best model (val_corr=0.106761)
2026-03-04 22:24:55,224 - INFO - Epoch  10/50 | Train: 0.179234 | Val: 0.179527 | Corr: 0.109363 | LR: 1.00e-04
2026-03-04 22:24:55,241 - INFO -   ↳ Saved best model (val_corr=0.109363)
2026-03-04 22:25:03,199 - INFO - Epoch  11/50 | Train: 0.178788 | Val: 0.179183 | Corr: 0.113120 | LR: 1.00e-04
2026-03-04 22:25:03,215 - INFO -   ↳ Saved best model (val_corr=0.113120)
2026-03-04 22:25:11,136 - INFO - Epoch  12/50 | Train: 0.178381 | Val: 0.179082 | Corr: 0.114453 | LR: 1.00e-04
2026-03-04 22:25:11,151 - INFO -   ↳ Saved best model (val_corr=0.114453)
2026-03-04 22:25:19,089 - INFO - Epoch  13/50 | Train: 0.177951 | Val: 0.179126 | Corr: 0.114962 | LR: 1.00e-04
2026-03-04 22:25:19,111 - INFO -   ↳ Saved best model (val_corr=0.114962)
2026-03-04 22:25:27,064 - INFO - Epoch  14/50 | Train: 0.177657 | Val: 0.178747 | Corr: 0.118363 | LR: 1.00e-04
2026-03-04 22:25:27,082 - INFO -   ↳ Saved best model (val_corr=0.118363)
2026-03-04 22:25:35,116 - INFO - Epoch  15/50 | Train: 0.177388 | Val: 0.178781 | Corr: 0.118133 | LR: 1.00e-04
2026-03-04 22:25:43,111 - INFO - Epoch  16/50 | Train: 0.177061 | Val: 0.178515 | Corr: 0.120033 | LR: 1.00e-04
2026-03-04 22:25:43,143 - INFO -   ↳ Saved best model (val_corr=0.120033)
2026-03-04 22:25:51,134 - INFO - Epoch  17/50 | Train: 0.176839 | Val: 0.178567 | Corr: 0.122314 | LR: 1.00e-04
2026-03-04 22:25:51,153 - INFO -   ↳ Saved best model (val_corr=0.122314)
2026-03-04 22:25:59,156 - INFO - Epoch  18/50 | Train: 0.176493 | Val: 0.178259 | Corr: 0.122380 | LR: 1.00e-04
2026-03-04 22:25:59,223 - INFO -   ↳ Saved best model (val_corr=0.122380)
2026-03-04 22:26:07,233 - INFO - Epoch  19/50 | Train: 0.176255 | Val: 0.178125 | Corr: 0.124197 | LR: 1.00e-04
2026-03-04 22:26:07,263 - INFO -   ↳ Saved best model (val_corr=0.124197)
2026-03-04 22:26:15,217 - INFO - Epoch  20/50 | Train: 0.175942 | Val: 0.178198 | Corr: 0.123940 | LR: 1.00e-04
2026-03-04 22:26:23,173 - INFO - Epoch  21/50 | Train: 0.175786 | Val: 0.178066 | Corr: 0.126188 | LR: 1.00e-04
2026-03-04 22:26:23,187 - INFO -   ↳ Saved best model (val_corr=0.126188)
2026-03-04 22:26:31,151 - INFO - Epoch  22/50 | Train: 0.175543 | Val: 0.178030 | Corr: 0.127245 | LR: 1.00e-04
2026-03-04 22:26:31,167 - INFO -   ↳ Saved best model (val_corr=0.127245)
2026-03-04 22:26:39,168 - INFO - Epoch  23/50 | Train: 0.175410 | Val: 0.177916 | Corr: 0.126938 | LR: 1.00e-04
2026-03-04 22:26:47,196 - INFO - Epoch  24/50 | Train: 0.175257 | Val: 0.177901 | Corr: 0.127661 | LR: 1.00e-04
2026-03-04 22:26:47,214 - INFO -   ↳ Saved best model (val_corr=0.127661)
2026-03-04 22:26:55,185 - INFO - Epoch  25/50 | Train: 0.175021 | Val: 0.178046 | Corr: 0.126853 | LR: 1.00e-04
2026-03-04 22:27:03,165 - INFO - Epoch  26/50 | Train: 0.174854 | Val: 0.177937 | Corr: 0.127871 | LR: 1.00e-04
2026-03-04 22:27:03,213 - INFO -   ↳ Saved best model (val_corr=0.127871)
2026-03-04 22:27:11,192 - INFO - Epoch  27/50 | Train: 0.174629 | Val: 0.178105 | Corr: 0.129089 | LR: 1.00e-04
2026-03-04 22:27:11,206 - INFO -   ↳ Saved best model (val_corr=0.129089)
2026-03-04 22:27:19,166 - INFO - Epoch  28/50 | Train: 0.174496 | Val: 0.177928 | Corr: 0.128609 | LR: 1.00e-04
2026-03-04 22:27:27,141 - INFO - Epoch  29/50 | Train: 0.174291 | Val: 0.177911 | Corr: 0.129079 | LR: 5.00e-05
2026-03-04 22:27:35,127 - INFO - Epoch  30/50 | Train: 0.173982 | Val: 0.177751 | Corr: 0.130045 | LR: 5.00e-05
2026-03-04 22:27:35,143 - INFO -   ↳ Saved best model (val_corr=0.130045)
2026-03-04 22:27:43,147 - INFO - Epoch  31/50 | Train: 0.173838 | Val: 0.177702 | Corr: 0.130474 | LR: 5.00e-05
2026-03-04 22:27:43,191 - INFO -   ↳ Saved best model (val_corr=0.130474)
2026-03-04 22:27:51,139 - INFO - Epoch  32/50 | Train: 0.173808 | Val: 0.177785 | Corr: 0.131004 | LR: 5.00e-05
2026-03-04 22:27:51,162 - INFO -   ↳ Saved best model (val_corr=0.131004)
2026-03-04 22:27:59,221 - INFO - Epoch  33/50 | Train: 0.173692 | Val: 0.177743 | Corr: 0.130252 | LR: 5.00e-05
2026-03-04 22:28:07,142 - INFO - Epoch  34/50 | Train: 0.173581 | Val: 0.177763 | Corr: 0.130473 | LR: 5.00e-05
2026-03-04 22:28:15,096 - INFO - Epoch  35/50 | Train: 0.173565 | Val: 0.177741 | Corr: 0.130425 | LR: 5.00e-05
2026-03-04 22:28:23,068 - INFO - Epoch  36/50 | Train: 0.173463 | Val: 0.177695 | Corr: 0.130975 | LR: 5.00e-05
2026-03-04 22:28:31,036 - INFO - Epoch  37/50 | Train: 0.173399 | Val: 0.177746 | Corr: 0.131029 | LR: 2.50e-05
2026-03-04 22:28:31,056 - INFO -   ↳ Saved best model (val_corr=0.131029)
2026-03-04 22:28:39,028 - INFO - Epoch  38/50 | Train: 0.173125 | Val: 0.177675 | Corr: 0.131071 | LR: 2.50e-05
2026-03-04 22:28:39,044 - INFO -   ↳ Saved best model (val_corr=0.131071)
2026-03-04 22:28:46,999 - INFO - Epoch  39/50 | Train: 0.173089 | Val: 0.177700 | Corr: 0.131058 | LR: 2.50e-05
2026-03-04 22:28:54,925 - INFO - Epoch  40/50 | Train: 0.173064 | Val: 0.177669 | Corr: 0.131426 | LR: 2.50e-05
2026-03-04 22:28:54,945 - INFO -   ↳ Saved best model (val_corr=0.131426)
2026-03-04 22:29:02,922 - INFO - Epoch  41/50 | Train: 0.173005 | Val: 0.177697 | Corr: 0.131484 | LR: 2.50e-05
2026-03-04 22:29:02,936 - INFO -   ↳ Saved best model (val_corr=0.131484)
2026-03-04 22:29:10,950 - INFO - Epoch  42/50 | Train: 0.172938 | Val: 0.177726 | Corr: 0.131463 | LR: 2.50e-05
2026-03-04 22:29:18,945 - INFO - Epoch  43/50 | Train: 0.172911 | Val: 0.177717 | Corr: 0.131747 | LR: 2.50e-05
2026-03-04 22:29:18,960 - INFO -   ↳ Saved best model (val_corr=0.131747)
2026-03-04 22:29:26,944 - INFO - Epoch  44/50 | Train: 0.172952 | Val: 0.177903 | Corr: 0.131814 | LR: 1.25e-05
2026-03-04 22:29:26,959 - INFO -   ↳ Saved best model (val_corr=0.131814)
2026-03-04 22:29:34,925 - INFO - Epoch  45/50 | Train: 0.172839 | Val: 0.177690 | Corr: 0.131588 | LR: 1.25e-05
2026-03-04 22:29:42,904 - INFO - Epoch  46/50 | Train: 0.172802 | Val: 0.177673 | Corr: 0.131700 | LR: 1.25e-05
2026-03-04 22:29:50,891 - INFO - Epoch  47/50 | Train: 0.172749 | Val: 0.177736 | Corr: 0.131691 | LR: 1.25e-05
2026-03-04 22:29:58,957 - INFO - Epoch  48/50 | Train: 0.172769 | Val: 0.177700 | Corr: 0.131619 | LR: 1.25e-05
2026-03-04 22:30:06,984 - INFO - Epoch  49/50 | Train: 0.172744 | Val: 0.177723 | Corr: 0.131526 | LR: 1.25e-05
2026-03-04 22:30:15,010 - INFO - Epoch  50/50 | Train: 0.172717 | Val: 0.177745 | Corr: 0.131965 | LR: 6.25e-06
2026-03-04 22:30:15,029 - INFO -   ↳ Saved best model (val_corr=0.131965)
2026-03-04 22:30:15,029 - INFO - Training complete — best val corr: 0.131965
2026-03-04 22:30:16,602 - INFO - Test loss: 0.168819, Test corr: 0.129087
2026-03-04 22:30:17,248 - INFO - Fraction of variance explained (FVE): 0.015897
2026-03-04 22:30:17,248 - INFO - Generating figures …
2026-03-04 22:30:17,644 - INFO - Correlation between predicted and actual per-neuron averages: r=0.9923, p=0.00e+00
2026-03-04 22:30:19,565 - INFO - Pattern selectivity summary:
2026-03-04 22:30:19,565 - INFO -   Mean correlation across neurons: 0.4896
2026-03-04 22:30:19,565 - INFO -   Median correlation: 0.5495
2026-03-04 22:30:19,565 - INFO -   Neurons with r > 0.5: 33 / 63
2026-03-04 22:30:19,565 - INFO -   Neurons with r > 0.3: 50 / 63
2026-03-04 22:30:19,565 - INFO - Pattern selectivity — mean neuron corr: 0.4896
2026-03-04 22:30:21,186 - INFO - LOO (avg rate) — Model mean r: 0.2866, LOO mean r: 0.4546, Neurons model > LOO: 1/63
2026-03-04 22:30:23,276 - INFO - LOO (temporal) — Model mean r: 0.1294, LOO mean r: 0.3186, Neurons model > LOO: 0/63
2026-03-04 22:30:23,277 - INFO - Skipping oracle trial plots (skip_oracle_plots=True)
2026-03-04 22:30:23,285 - INFO - Experiment complete. Summary: {
  "run_dir": "/scratch/sb272/patterns5k_results/slurm_base_cnn_2026-03-04_16-53-19/trial_0028_learning_rate=1.0e-04_kernel_sizes=3x3x3_conv_channels=256x256x256_fc_dims=512_seed4",
  "model_type": "cnn",
  "batch_avg_test_loss": 0.1688186937570572,
  "batch_avg_test_corr": 0.12908684965695222,
  "all_test_fve": 0.01589724279585339,
  "AR_FVE": NaN,
  "AR_test_correlation": NaN,
  "best_val_corr": 0.1319650705620503,
  "total_params": 591679,
  "trainable_params": 591679,
  "epochs_trained": 50,
  "mean_pattern_corr": 0.4896009701147087,
  "history": 0,
  "init_state": true,
  "loo_avg_mean_corr": 0.45456832695830385,
  "model_avg_mean_corr": 0.2866446288760997,
  "neurons_model_beats_loo_avg": 1,
  "loo_temporal_mean_corr": 0.31855225563049316,
  "all_test_corr": 0.1294116973876953,
  "neurons_model_beats_loo_temporal": 0,
  "kernel_sizes": [
    3,
    3,
    3
  ],
  "conv_channels": [
    256,
    256,
    256
  ],
  "fc_dims": [
    512
  ]
}
