2026-03-04 03:17:38,100 - INFO - ============================================================
2026-03-04 03:17:38,100 - INFO - Experiment run directory: /scratch/sb272/patterns5k_results/slurm_hist_cnn_2026-03-03_15-13-01/trial_0348_learning_rate=5.0e-03_history=20_kernel_sizes=10x5_conv_channels=256x128_fc_dims=256_seed2
2026-03-04 03:17:38,100 - INFO - ============================================================
2026-03-04 03:17:38,100 - INFO - Loading data …
2026-03-04 03:17:39,687 - INFO - 63 unique neurons after dropping problematic neurons
2026-03-04 03:17:40,578 - INFO - Stimulation channels: 42, Spiking neurons: 63
2026-03-04 03:18:48,800 - INFO - Unique patterns: 4050, Total trials: 5000
2026-03-04 03:18:48,807 - INFO - Stimulation channels: 42, Spiking neurons: 63
2026-03-04 03:18:48,807 - INFO - Unique patterns: 4050, Total trials: 5000
2026-03-04 03:18:48,818 - INFO - Split (oracle): train=3400, val=600, test=1000
2026-03-04 03:19:03,016 - INFO - BinnedStimSpikeDataset initialized:
2026-03-04 03:19:03,016 - INFO -   input_bin_size_ms=10, output_bin_size_ms=10
2026-03-04 03:19:03,016 - INFO -   n_input_bins=60, n_output_bins=60
2026-03-04 03:19:03,016 - INFO -   output_offset=0, total_bins_input=60, total_bins_output=60
2026-03-04 03:19:03,016 - INFO -   Valid start positions per trial: 0 to 0
2026-03-04 03:19:03,016 - INFO -   Total samples: 3400 (3400 trials × 1 positions)
2026-03-04 03:19:16,602 - INFO - BinnedStimSpikeDataset initialized:
2026-03-04 03:19:16,602 - INFO -   input_bin_size_ms=10, output_bin_size_ms=10
2026-03-04 03:19:16,603 - INFO -   n_input_bins=60, n_output_bins=60
2026-03-04 03:19:16,603 - INFO -   output_offset=0, total_bins_input=60, total_bins_output=60
2026-03-04 03:19:16,603 - INFO -   Valid start positions per trial: 0 to 0
2026-03-04 03:19:16,603 - INFO -   Total samples: 600 (600 trials × 1 positions)
2026-03-04 03:19:30,275 - INFO - BinnedStimSpikeDataset initialized:
2026-03-04 03:19:30,275 - INFO -   input_bin_size_ms=10, output_bin_size_ms=10
2026-03-04 03:19:30,275 - INFO -   n_input_bins=60, n_output_bins=60
2026-03-04 03:19:30,275 - INFO -   output_offset=0, total_bins_input=60, total_bins_output=60
2026-03-04 03:19:30,275 - INFO -   Valid start positions per trial: 0 to 0
2026-03-04 03:19:30,275 - INFO -   Total samples: 1000 (1000 trials × 1 positions)
2026-03-04 03:19:30,275 - INFO - Samples — train: 3400, val: 600, test: 1000
2026-03-04 03:19:30,275 - INFO - Input channels: 105, Neurons: 63
2026-03-04 03:19:30,296 - INFO - Using CPU
2026-03-04 03:19:30,301 - INFO - Model: CNN — 483,007 trainable params (483,007 total)
2026-03-04 03:19:39,925 - INFO - Starting training …
2026-03-04 03:19:46,411 - INFO - Epoch   1/50 | Train: 0.202923 | Val: 0.182182 | Corr: 0.075829 | LR: 5.00e-03
2026-03-04 03:19:46,450 - INFO -   ↳ Saved best model (val_corr=0.075829)
2026-03-04 03:19:51,960 - INFO - Epoch   2/50 | Train: 0.182009 | Val: 0.179491 | Corr: 0.100785 | LR: 5.00e-03
2026-03-04 03:19:51,978 - INFO -   ↳ Saved best model (val_corr=0.100785)
2026-03-04 03:19:57,495 - INFO - Epoch   3/50 | Train: 0.178907 | Val: 0.178392 | Corr: 0.110075 | LR: 5.00e-03
2026-03-04 03:19:57,520 - INFO -   ↳ Saved best model (val_corr=0.110075)
2026-03-04 03:20:03,047 - INFO - Epoch   4/50 | Train: 0.176955 | Val: 0.177820 | Corr: 0.116687 | LR: 5.00e-03
2026-03-04 03:20:03,074 - INFO -   ↳ Saved best model (val_corr=0.116687)
2026-03-04 03:20:08,626 - INFO - Epoch   5/50 | Train: 0.175636 | Val: 0.177632 | Corr: 0.120234 | LR: 5.00e-03
2026-03-04 03:20:08,652 - INFO -   ↳ Saved best model (val_corr=0.120234)
2026-03-04 03:20:14,245 - INFO - Epoch   6/50 | Train: 0.173772 | Val: 0.177894 | Corr: 0.123245 | LR: 5.00e-03
2026-03-04 03:20:14,270 - INFO -   ↳ Saved best model (val_corr=0.123245)
2026-03-04 03:20:19,873 - INFO - Epoch   7/50 | Train: 0.172289 | Val: 0.179500 | Corr: 0.125808 | LR: 5.00e-03
2026-03-04 03:20:19,894 - INFO -   ↳ Saved best model (val_corr=0.125808)
2026-03-04 03:20:25,480 - INFO - Epoch   8/50 | Train: 0.170681 | Val: 0.177618 | Corr: 0.127003 | LR: 5.00e-03
2026-03-04 03:20:25,511 - INFO -   ↳ Saved best model (val_corr=0.127003)
2026-03-04 03:20:31,106 - INFO - Epoch   9/50 | Train: 0.169201 | Val: 0.177955 | Corr: 0.126907 | LR: 5.00e-03
2026-03-04 03:20:36,665 - INFO - Epoch  10/50 | Train: 0.168025 | Val: 0.178499 | Corr: 0.125824 | LR: 5.00e-03
2026-03-04 03:20:42,297 - INFO - Epoch  11/50 | Train: 0.166855 | Val: 0.179254 | Corr: 0.126295 | LR: 2.50e-03
2026-03-04 03:20:47,908 - INFO - Epoch  12/50 | Train: 0.163639 | Val: 0.179424 | Corr: 0.123867 | LR: 2.50e-03
2026-03-04 03:20:53,520 - INFO - Epoch  13/50 | Train: 0.162209 | Val: 0.180592 | Corr: 0.125420 | LR: 2.50e-03
2026-03-04 03:20:59,212 - INFO - Epoch  14/50 | Train: 0.161505 | Val: 0.181173 | Corr: 0.122733 | LR: 2.50e-03
2026-03-04 03:21:04,866 - INFO - Epoch  15/50 | Train: 0.160891 | Val: 0.181151 | Corr: 0.124337 | LR: 2.50e-03
2026-03-04 03:21:10,457 - INFO - Epoch  16/50 | Train: 0.160345 | Val: 0.181502 | Corr: 0.123293 | LR: 2.50e-03
2026-03-04 03:21:16,054 - INFO - Epoch  17/50 | Train: 0.159916 | Val: 0.182144 | Corr: 0.122618 | LR: 1.25e-03
2026-03-04 03:21:21,645 - INFO - Epoch  18/50 | Train: 0.158089 | Val: 0.182941 | Corr: 0.121937 | LR: 1.25e-03
2026-03-04 03:21:21,645 - INFO - Early stopping at epoch 18
2026-03-04 03:21:21,645 - INFO - Training complete — best val corr: 0.127003
2026-03-04 03:21:23,028 - INFO - Test loss: 0.169535, Test corr: 0.122809
2026-03-04 03:21:23,559 - INFO - Fraction of variance explained (FVE): 0.015664
2026-03-04 03:21:23,559 - INFO - Computing autoregressive (AR) test predictions …
2026-03-04 03:21:24,195 - INFO - AR FVE: 0.010967, AR test corr: 0.115942
2026-03-04 03:21:24,195 - INFO - Generating figures …
2026-03-04 03:21:24,641 - INFO - Correlation between predicted and actual per-neuron averages: r=0.9799, p=2.24e-44
2026-03-04 03:21:26,528 - INFO - Pattern selectivity summary:
2026-03-04 03:21:26,528 - INFO -   Mean correlation across neurons: 0.4606
2026-03-04 03:21:26,528 - INFO -   Median correlation: 0.4775
2026-03-04 03:21:26,528 - INFO -   Neurons with r > 0.5: 27 / 63
2026-03-04 03:21:26,528 - INFO -   Neurons with r > 0.3: 53 / 63
2026-03-04 03:21:26,528 - INFO - Pattern selectivity — mean neuron corr: 0.4606
2026-03-04 03:21:28,081 - INFO - LOO (avg rate) — Model mean r: 0.3365, LOO mean r: 0.4546, Neurons model > LOO: 11/63
2026-03-04 03:21:30,039 - INFO - LOO (temporal) — Model mean r: 0.1299, LOO mean r: 0.3186, Neurons model > LOO: 1/63
2026-03-04 03:21:30,039 - INFO - Skipping oracle trial plots (skip_oracle_plots=True)
2026-03-04 03:21:30,049 - INFO - Experiment complete. Summary: {
  "run_dir": "/scratch/sb272/patterns5k_results/slurm_hist_cnn_2026-03-03_15-13-01/trial_0348_learning_rate=5.0e-03_history=20_kernel_sizes=10x5_conv_channels=256x128_fc_dims=256_seed2",
  "model_type": "cnn",
  "batch_avg_test_loss": 0.16953469252586365,
  "batch_avg_test_corr": 0.12280914625230052,
  "all_test_fve": 0.015663870743342807,
  "AR_FVE": 0.010966649131169395,
  "AR_test_correlation": 0.11594229191541672,
  "best_val_corr": 0.12700349147782827,
  "total_params": 483007,
  "trainable_params": 483007,
  "epochs_trained": 18,
  "mean_pattern_corr": 0.4606035699972718,
  "history": 20,
  "init_state": true,
  "loo_avg_mean_corr": 0.45456832695830385,
  "model_avg_mean_corr": 0.33649925493622584,
  "neurons_model_beats_loo_avg": 11,
  "loo_temporal_mean_corr": 0.31855225563049316,
  "all_test_corr": 0.12990893423557281,
  "neurons_model_beats_loo_temporal": 1,
  "kernel_sizes": [
    10,
    5
  ],
  "conv_channels": [
    256,
    128
  ],
  "fc_dims": [
    256
  ]
}
