2026-03-06 01:45:48,144 - INFO - ============================================================
2026-03-06 01:45:48,145 - INFO - Experiment run directory: /scratch/sb272/patterns5k_results/slurm_hist_cnn_2026-03-05_16-01-45/trial_0533_learning_rate=1.0e-03_history=1_kernel_sizes=5x3x3_conv_channels=64x128x256_fc_dims=256_seed1
2026-03-06 01:45:48,145 - INFO - ============================================================
2026-03-06 01:45:48,145 - INFO - Loading data …
2026-03-06 01:45:48,971 - INFO - 63 unique neurons after dropping problematic neurons
2026-03-06 01:45:50,113 - INFO - Stimulation channels: 42, Spiking neurons: 63
2026-03-06 01:47:45,332 - INFO - Unique patterns: 4050, Total trials: 5000
2026-03-06 01:47:45,334 - INFO - Stimulation channels: 42, Spiking neurons: 63
2026-03-06 01:47:45,334 - INFO - Unique patterns: 4050, Total trials: 5000
2026-03-06 01:47:45,349 - INFO - Split (oracle): train=3400, val=600, test=1000
2026-03-06 01:48:09,542 - INFO - BinnedStimSpikeDataset initialized:
2026-03-06 01:48:09,543 - INFO -   input_bin_size_ms=10, output_bin_size_ms=10
2026-03-06 01:48:09,543 - INFO -   n_input_bins=60, n_output_bins=60
2026-03-06 01:48:09,543 - INFO -   output_offset=0, total_bins_input=60, total_bins_output=60
2026-03-06 01:48:09,543 - INFO -   Valid start positions per trial: 0 to 0
2026-03-06 01:48:09,543 - INFO -   Total samples: 3400 (3400 trials × 1 positions)
2026-03-06 01:48:33,008 - INFO - BinnedStimSpikeDataset initialized:
2026-03-06 01:48:33,008 - INFO -   input_bin_size_ms=10, output_bin_size_ms=10
2026-03-06 01:48:33,008 - INFO -   n_input_bins=60, n_output_bins=60
2026-03-06 01:48:33,008 - INFO -   output_offset=0, total_bins_input=60, total_bins_output=60
2026-03-06 01:48:33,008 - INFO -   Valid start positions per trial: 0 to 0
2026-03-06 01:48:33,008 - INFO -   Total samples: 600 (600 trials × 1 positions)
2026-03-06 01:48:56,553 - INFO - BinnedStimSpikeDataset initialized:
2026-03-06 01:48:56,553 - INFO -   input_bin_size_ms=10, output_bin_size_ms=10
2026-03-06 01:48:56,553 - INFO -   n_input_bins=60, n_output_bins=60
2026-03-06 01:48:56,553 - INFO -   output_offset=0, total_bins_input=60, total_bins_output=60
2026-03-06 01:48:56,553 - INFO -   Valid start positions per trial: 0 to 0
2026-03-06 01:48:56,553 - INFO -   Total samples: 1000 (1000 trials × 1 positions)
2026-03-06 01:48:56,553 - INFO - Samples — train: 3400, val: 600, test: 1000
2026-03-06 01:48:56,553 - INFO - Input channels: 105, Neurons: 63
2026-03-06 01:48:56,559 - INFO - Using CPU
2026-03-06 01:48:56,576 - INFO - Model: CNN — 239,807 trainable params (239,807 total)
2026-03-06 01:49:00,314 - INFO - Starting training …
2026-03-06 01:49:08,044 - INFO - Epoch   1/50 | Train: 0.206055 | Val: 0.172659 | Corr: 0.155875 | LR: 1.00e-03
2026-03-06 01:49:08,060 - INFO -   ↳ Saved best model (val_corr=0.155875)
2026-03-06 01:49:14,694 - INFO - Epoch   2/50 | Train: 0.173273 | Val: 0.170212 | Corr: 0.177745 | LR: 1.00e-03
2026-03-06 01:49:14,705 - INFO -   ↳ Saved best model (val_corr=0.177745)
2026-03-06 01:49:21,376 - INFO - Epoch   3/50 | Train: 0.170243 | Val: 0.167502 | Corr: 0.193762 | LR: 1.00e-03
2026-03-06 01:49:21,389 - INFO -   ↳ Saved best model (val_corr=0.193762)
2026-03-06 01:49:27,918 - INFO - Epoch   4/50 | Train: 0.168282 | Val: 0.166370 | Corr: 0.201164 | LR: 1.00e-03
2026-03-06 01:49:27,931 - INFO -   ↳ Saved best model (val_corr=0.201164)
2026-03-06 01:49:34,374 - INFO - Epoch   5/50 | Train: 0.166998 | Val: 0.165060 | Corr: 0.211628 | LR: 1.00e-03
2026-03-06 01:49:34,387 - INFO -   ↳ Saved best model (val_corr=0.211628)
2026-03-06 01:49:41,005 - INFO - Epoch   6/50 | Train: 0.165916 | Val: 0.163856 | Corr: 0.218296 | LR: 1.00e-03
2026-03-06 01:49:41,020 - INFO -   ↳ Saved best model (val_corr=0.218296)
2026-03-06 01:49:47,307 - INFO - Epoch   7/50 | Train: 0.164881 | Val: 0.163190 | Corr: 0.225266 | LR: 1.00e-03
2026-03-06 01:49:47,318 - INFO -   ↳ Saved best model (val_corr=0.225266)
2026-03-06 01:49:54,102 - INFO - Epoch   8/50 | Train: 0.164231 | Val: 0.162811 | Corr: 0.229550 | LR: 1.00e-03
2026-03-06 01:49:54,116 - INFO -   ↳ Saved best model (val_corr=0.229550)
2026-03-06 01:50:00,939 - INFO - Epoch   9/50 | Train: 0.163614 | Val: 0.162572 | Corr: 0.232224 | LR: 1.00e-03
2026-03-06 01:50:00,955 - INFO -   ↳ Saved best model (val_corr=0.232224)
2026-03-06 01:50:07,725 - INFO - Epoch  10/50 | Train: 0.163114 | Val: 0.161904 | Corr: 0.235846 | LR: 1.00e-03
2026-03-06 01:50:07,746 - INFO -   ↳ Saved best model (val_corr=0.235846)
2026-03-06 01:50:14,041 - INFO - Epoch  11/50 | Train: 0.162649 | Val: 0.161625 | Corr: 0.239599 | LR: 1.00e-03
2026-03-06 01:50:14,055 - INFO -   ↳ Saved best model (val_corr=0.239599)
2026-03-06 01:50:19,928 - INFO - Epoch  12/50 | Train: 0.162298 | Val: 0.161762 | Corr: 0.240818 | LR: 1.00e-03
2026-03-06 01:50:19,940 - INFO -   ↳ Saved best model (val_corr=0.240818)
2026-03-06 01:50:25,829 - INFO - Epoch  13/50 | Train: 0.161990 | Val: 0.161176 | Corr: 0.243685 | LR: 1.00e-03
2026-03-06 01:50:25,840 - INFO -   ↳ Saved best model (val_corr=0.243685)
2026-03-06 01:50:32,133 - INFO - Epoch  14/50 | Train: 0.161525 | Val: 0.160876 | Corr: 0.246054 | LR: 1.00e-03
2026-03-06 01:50:32,147 - INFO -   ↳ Saved best model (val_corr=0.246054)
2026-03-06 01:50:38,141 - INFO - Epoch  15/50 | Train: 0.161331 | Val: 0.160703 | Corr: 0.246936 | LR: 1.00e-03
2026-03-06 01:50:38,154 - INFO -   ↳ Saved best model (val_corr=0.246936)
2026-03-06 01:50:44,090 - INFO - Epoch  16/50 | Train: 0.160957 | Val: 0.160713 | Corr: 0.248383 | LR: 1.00e-03
2026-03-06 01:50:44,103 - INFO -   ↳ Saved best model (val_corr=0.248383)
2026-03-06 01:50:50,068 - INFO - Epoch  17/50 | Train: 0.160887 | Val: 0.160323 | Corr: 0.250089 | LR: 1.00e-03
2026-03-06 01:50:50,081 - INFO -   ↳ Saved best model (val_corr=0.250089)
2026-03-06 01:50:56,004 - INFO - Epoch  18/50 | Train: 0.160582 | Val: 0.159915 | Corr: 0.251661 | LR: 1.00e-03
2026-03-06 01:50:56,016 - INFO -   ↳ Saved best model (val_corr=0.251661)
2026-03-06 01:51:02,059 - INFO - Epoch  19/50 | Train: 0.160454 | Val: 0.160038 | Corr: 0.251953 | LR: 1.00e-03
2026-03-06 01:51:02,072 - INFO -   ↳ Saved best model (val_corr=0.251953)
2026-03-06 01:51:07,802 - INFO - Epoch  20/50 | Train: 0.160093 | Val: 0.159902 | Corr: 0.253756 | LR: 1.00e-03
2026-03-06 01:51:07,817 - INFO -   ↳ Saved best model (val_corr=0.253756)
2026-03-06 01:51:13,663 - INFO - Epoch  21/50 | Train: 0.159921 | Val: 0.159680 | Corr: 0.254196 | LR: 1.00e-03
2026-03-06 01:51:13,675 - INFO -   ↳ Saved best model (val_corr=0.254196)
2026-03-06 01:51:19,563 - INFO - Epoch  22/50 | Train: 0.159937 | Val: 0.159792 | Corr: 0.255021 | LR: 1.00e-03
2026-03-06 01:51:19,579 - INFO -   ↳ Saved best model (val_corr=0.255021)
2026-03-06 01:51:25,512 - INFO - Epoch  23/50 | Train: 0.159545 | Val: 0.159427 | Corr: 0.256510 | LR: 1.00e-03
2026-03-06 01:51:25,531 - INFO -   ↳ Saved best model (val_corr=0.256510)
2026-03-06 01:51:31,443 - INFO - Epoch  24/50 | Train: 0.159447 | Val: 0.159298 | Corr: 0.258405 | LR: 1.00e-03
2026-03-06 01:51:31,456 - INFO -   ↳ Saved best model (val_corr=0.258405)
2026-03-06 01:51:38,687 - INFO - Epoch  25/50 | Train: 0.159274 | Val: 0.158921 | Corr: 0.260075 | LR: 1.00e-03
2026-03-06 01:51:38,703 - INFO -   ↳ Saved best model (val_corr=0.260075)
2026-03-06 01:51:45,763 - INFO - Epoch  26/50 | Train: 0.159221 | Val: 0.159531 | Corr: 0.259225 | LR: 1.00e-03
2026-03-06 01:51:52,485 - INFO - Epoch  27/50 | Train: 0.158914 | Val: 0.158683 | Corr: 0.260880 | LR: 1.00e-03
2026-03-06 01:51:52,497 - INFO -   ↳ Saved best model (val_corr=0.260880)
2026-03-06 01:51:58,392 - INFO - Epoch  28/50 | Train: 0.158877 | Val: 0.158849 | Corr: 0.260549 | LR: 1.00e-03
2026-03-06 01:52:04,273 - INFO - Epoch  29/50 | Train: 0.158652 | Val: 0.158668 | Corr: 0.261826 | LR: 1.00e-03
2026-03-06 01:52:04,286 - INFO -   ↳ Saved best model (val_corr=0.261826)
2026-03-06 01:52:10,411 - INFO - Epoch  30/50 | Train: 0.158554 | Val: 0.158498 | Corr: 0.263241 | LR: 1.00e-03
2026-03-06 01:52:10,430 - INFO -   ↳ Saved best model (val_corr=0.263241)
2026-03-06 01:52:16,367 - INFO - Epoch  31/50 | Train: 0.158612 | Val: 0.158636 | Corr: 0.263134 | LR: 1.00e-03
2026-03-06 01:52:22,280 - INFO - Epoch  32/50 | Train: 0.158358 | Val: 0.158478 | Corr: 0.263529 | LR: 1.00e-03
2026-03-06 01:52:22,291 - INFO -   ↳ Saved best model (val_corr=0.263529)
2026-03-06 01:52:28,124 - INFO - Epoch  33/50 | Train: 0.158343 | Val: 0.158482 | Corr: 0.263932 | LR: 1.00e-03
2026-03-06 01:52:28,136 - INFO -   ↳ Saved best model (val_corr=0.263932)
2026-03-06 01:52:34,272 - INFO - Epoch  34/50 | Train: 0.158195 | Val: 0.158514 | Corr: 0.263618 | LR: 1.00e-03
2026-03-06 01:52:40,168 - INFO - Epoch  35/50 | Train: 0.158017 | Val: 0.158766 | Corr: 0.263485 | LR: 1.00e-03
2026-03-06 01:52:46,066 - INFO - Epoch  36/50 | Train: 0.157865 | Val: 0.158438 | Corr: 0.264890 | LR: 1.00e-03
2026-03-06 01:52:46,078 - INFO -   ↳ Saved best model (val_corr=0.264890)
2026-03-06 01:52:52,318 - INFO - Epoch  37/50 | Train: 0.157764 | Val: 0.158142 | Corr: 0.266311 | LR: 1.00e-03
2026-03-06 01:52:52,333 - INFO -   ↳ Saved best model (val_corr=0.266311)
2026-03-06 01:52:58,399 - INFO - Epoch  38/50 | Train: 0.157748 | Val: 0.157858 | Corr: 0.267044 | LR: 1.00e-03
2026-03-06 01:52:58,413 - INFO -   ↳ Saved best model (val_corr=0.267044)
2026-03-06 01:53:04,103 - INFO - Epoch  39/50 | Train: 0.157595 | Val: 0.158078 | Corr: 0.265799 | LR: 1.00e-03
2026-03-06 01:53:09,959 - INFO - Epoch  40/50 | Train: 0.157530 | Val: 0.157863 | Corr: 0.267247 | LR: 1.00e-03
2026-03-06 01:53:09,972 - INFO -   ↳ Saved best model (val_corr=0.267247)
2026-03-06 01:53:15,950 - INFO - Epoch  41/50 | Train: 0.157476 | Val: 0.157969 | Corr: 0.267276 | LR: 1.00e-03
2026-03-06 01:53:15,986 - INFO -   ↳ Saved best model (val_corr=0.267276)
2026-03-06 01:53:22,007 - INFO - Epoch  42/50 | Train: 0.157486 | Val: 0.157996 | Corr: 0.267185 | LR: 1.00e-03
2026-03-06 01:53:27,926 - INFO - Epoch  43/50 | Train: 0.157294 | Val: 0.157868 | Corr: 0.268478 | LR: 1.00e-03
2026-03-06 01:53:27,947 - INFO -   ↳ Saved best model (val_corr=0.268478)
2026-03-06 01:53:33,921 - INFO - Epoch  44/50 | Train: 0.157280 | Val: 0.157750 | Corr: 0.269046 | LR: 1.00e-03
2026-03-06 01:53:33,933 - INFO -   ↳ Saved best model (val_corr=0.269046)
2026-03-06 01:53:39,770 - INFO - Epoch  45/50 | Train: 0.157174 | Val: 0.157795 | Corr: 0.268449 | LR: 1.00e-03
2026-03-06 01:53:45,777 - INFO - Epoch  46/50 | Train: 0.157073 | Val: 0.157810 | Corr: 0.268570 | LR: 1.00e-03
2026-03-06 01:53:51,617 - INFO - Epoch  47/50 | Train: 0.156996 | Val: 0.158044 | Corr: 0.268418 | LR: 1.00e-03
2026-03-06 01:53:57,898 - INFO - Epoch  48/50 | Train: 0.156932 | Val: 0.157445 | Corr: 0.270568 | LR: 1.00e-03
2026-03-06 01:53:57,911 - INFO -   ↳ Saved best model (val_corr=0.270568)
2026-03-06 01:54:04,998 - INFO - Epoch  49/50 | Train: 0.156824 | Val: 0.157730 | Corr: 0.269240 | LR: 1.00e-03
2026-03-06 01:54:12,017 - INFO - Epoch  50/50 | Train: 0.156869 | Val: 0.157515 | Corr: 0.270249 | LR: 1.00e-03
2026-03-06 01:54:12,017 - INFO - Training complete — best val corr: 0.270568
2026-03-06 01:54:13,712 - INFO - Test loss: 0.149212, Test corr: 0.261668
2026-03-06 01:54:14,277 - INFO - Fraction of variance explained (FVE): 0.083425
2026-03-06 01:54:14,277 - INFO - Computing autoregressive (AR) test predictions …
2026-03-06 01:54:14,959 - INFO - AR FVE: -0.017940, AR test corr: 0.057257
2026-03-06 01:54:14,959 - INFO - Generating figures …
2026-03-06 01:54:15,696 - INFO - Correlation between predicted and actual per-neuron averages: r=0.9921, p=0.00e+00
2026-03-06 01:54:17,794 - INFO - Pattern selectivity summary:
2026-03-06 01:54:17,795 - INFO -   Mean correlation across neurons: 0.7306
2026-03-06 01:54:17,795 - INFO -   Median correlation: 0.7443
2026-03-06 01:54:17,795 - INFO -   Neurons with r > 0.5: 58 / 63
2026-03-06 01:54:17,795 - INFO -   Neurons with r > 0.3: 63 / 63
2026-03-06 01:54:17,795 - INFO - Pattern selectivity — mean neuron corr: 0.7306
2026-03-06 01:54:19,581 - INFO - LOO (avg rate) — Model mean r: 0.5911, LOO mean r: 0.4546, Neurons model > LOO: 52/63
2026-03-06 01:54:21,844 - INFO - LOO (temporal) — Model mean r: 0.2722, LOO mean r: 0.3186, Neurons model > LOO: 17/63
2026-03-06 01:54:21,844 - INFO - Skipping oracle trial plots (skip_oracle_plots=True)
2026-03-06 01:54:21,850 - INFO - Experiment complete. Summary: {
  "run_dir": "/scratch/sb272/patterns5k_results/slurm_hist_cnn_2026-03-05_16-01-45/trial_0533_learning_rate=1.0e-03_history=1_kernel_sizes=5x3x3_conv_channels=64x128x256_fc_dims=256_seed1",
  "model_type": "cnn",
  "batch_avg_test_loss": 0.14921239042282106,
  "batch_avg_test_corr": 0.2616675718235727,
  "all_test_fve": 0.0834247659123133,
  "AR_FVE": -0.017940308366503035,
  "AR_test_correlation": 0.05725667253136635,
  "best_val_corr": 0.27056820756499217,
  "total_params": 239807,
  "trainable_params": 239807,
  "epochs_trained": 50,
  "mean_pattern_corr": 0.7306256371566541,
  "history": 1,
  "init_state": true,
  "loo_avg_mean_corr": 0.45456832695830385,
  "model_avg_mean_corr": 0.5911474482482583,
  "neurons_model_beats_loo_avg": 52,
  "loo_temporal_mean_corr": 0.31855225563049316,
  "all_test_corr": 0.27222058176994324,
  "neurons_model_beats_loo_temporal": 17,
  "kernel_sizes": [
    5,
    3,
    3
  ],
  "conv_channels": [
    64,
    128,
    256
  ],
  "fc_dims": [
    256
  ]
}
