2026-03-05 16:38:23,460 - INFO - ============================================================
2026-03-05 16:38:23,460 - INFO - Experiment run directory: /scratch/sb272/patterns5k_results/slurm_hist_cnn_2026-03-05_16-01-45/trial_0077_learning_rate=1.0e-04_history=1_kernel_sizes=3x3_conv_channels=64x128_fc_dims=512_seed1
2026-03-05 16:38:23,460 - INFO - ============================================================
2026-03-05 16:38:23,460 - INFO - Loading data …
2026-03-05 16:38:24,425 - INFO - 63 unique neurons after dropping problematic neurons
2026-03-05 16:38:25,743 - INFO - Stimulation channels: 42, Spiking neurons: 63
2026-03-05 16:40:32,851 - INFO - Unique patterns: 4050, Total trials: 5000
2026-03-05 16:40:32,852 - INFO - Stimulation channels: 42, Spiking neurons: 63
2026-03-05 16:40:32,852 - INFO - Unique patterns: 4050, Total trials: 5000
2026-03-05 16:40:32,869 - INFO - Split (oracle): train=3400, val=600, test=1000
2026-03-05 16:40:59,111 - INFO - BinnedStimSpikeDataset initialized:
2026-03-05 16:40:59,113 - INFO -   input_bin_size_ms=10, output_bin_size_ms=10
2026-03-05 16:40:59,113 - INFO -   n_input_bins=60, n_output_bins=60
2026-03-05 16:40:59,113 - INFO -   output_offset=0, total_bins_input=60, total_bins_output=60
2026-03-05 16:40:59,113 - INFO -   Valid start positions per trial: 0 to 0
2026-03-05 16:40:59,113 - INFO -   Total samples: 3400 (3400 trials × 1 positions)
2026-03-05 16:41:24,489 - INFO - BinnedStimSpikeDataset initialized:
2026-03-05 16:41:24,489 - INFO -   input_bin_size_ms=10, output_bin_size_ms=10
2026-03-05 16:41:24,489 - INFO -   n_input_bins=60, n_output_bins=60
2026-03-05 16:41:24,489 - INFO -   output_offset=0, total_bins_input=60, total_bins_output=60
2026-03-05 16:41:24,489 - INFO -   Valid start positions per trial: 0 to 0
2026-03-05 16:41:24,489 - INFO -   Total samples: 600 (600 trials × 1 positions)
2026-03-05 16:41:50,170 - INFO - BinnedStimSpikeDataset initialized:
2026-03-05 16:41:50,171 - INFO -   input_bin_size_ms=10, output_bin_size_ms=10
2026-03-05 16:41:50,171 - INFO -   n_input_bins=60, n_output_bins=60
2026-03-05 16:41:50,171 - INFO -   output_offset=0, total_bins_input=60, total_bins_output=60
2026-03-05 16:41:50,171 - INFO -   Valid start positions per trial: 0 to 0
2026-03-05 16:41:50,171 - INFO -   Total samples: 1000 (1000 trials × 1 positions)
2026-03-05 16:41:50,171 - INFO - Samples — train: 3400, val: 600, test: 1000
2026-03-05 16:41:50,171 - INFO - Input channels: 105, Neurons: 63
2026-03-05 16:41:50,178 - INFO - Using CPU
2026-03-05 16:41:50,183 - INFO - Model: CNN — 143,679 trainable params (143,679 total)
2026-03-05 16:41:53,342 - INFO - Starting training …
2026-03-05 16:41:59,755 - INFO - Epoch   1/50 | Train: 0.370003 | Val: 0.194321 | Corr: 0.077425 | LR: 1.00e-04
2026-03-05 16:41:59,765 - INFO -   ↳ Saved best model (val_corr=0.077425)
2026-03-05 16:42:05,098 - INFO - Epoch   2/50 | Train: 0.184163 | Val: 0.185411 | Corr: 0.110072 | LR: 1.00e-04
2026-03-05 16:42:05,108 - INFO -   ↳ Saved best model (val_corr=0.110072)
2026-03-05 16:42:10,287 - INFO - Epoch   3/50 | Train: 0.181275 | Val: 0.183294 | Corr: 0.121975 | LR: 1.00e-04
2026-03-05 16:42:10,302 - INFO -   ↳ Saved best model (val_corr=0.121975)
2026-03-05 16:42:15,537 - INFO - Epoch   4/50 | Train: 0.179535 | Val: 0.182641 | Corr: 0.131753 | LR: 1.00e-04
2026-03-05 16:42:15,555 - INFO -   ↳ Saved best model (val_corr=0.131753)
2026-03-05 16:42:20,876 - INFO - Epoch   5/50 | Train: 0.178064 | Val: 0.180153 | Corr: 0.140967 | LR: 1.00e-04
2026-03-05 16:42:20,889 - INFO -   ↳ Saved best model (val_corr=0.140967)
2026-03-05 16:42:26,198 - INFO - Epoch   6/50 | Train: 0.176709 | Val: 0.178407 | Corr: 0.148138 | LR: 1.00e-04
2026-03-05 16:42:26,209 - INFO -   ↳ Saved best model (val_corr=0.148138)
2026-03-05 16:42:31,578 - INFO - Epoch   7/50 | Train: 0.175568 | Val: 0.177002 | Corr: 0.153175 | LR: 1.00e-04
2026-03-05 16:42:31,588 - INFO -   ↳ Saved best model (val_corr=0.153175)
2026-03-05 16:42:36,880 - INFO - Epoch   8/50 | Train: 0.174867 | Val: 0.176683 | Corr: 0.157602 | LR: 1.00e-04
2026-03-05 16:42:36,892 - INFO -   ↳ Saved best model (val_corr=0.157602)
2026-03-05 16:42:42,144 - INFO - Epoch   9/50 | Train: 0.174115 | Val: 0.176283 | Corr: 0.161518 | LR: 1.00e-04
2026-03-05 16:42:42,158 - INFO -   ↳ Saved best model (val_corr=0.161518)
2026-03-05 16:42:47,439 - INFO - Epoch  10/50 | Train: 0.173506 | Val: 0.176688 | Corr: 0.164436 | LR: 1.00e-04
2026-03-05 16:42:47,448 - INFO -   ↳ Saved best model (val_corr=0.164436)
2026-03-05 16:42:52,680 - INFO - Epoch  11/50 | Train: 0.172944 | Val: 0.175364 | Corr: 0.167449 | LR: 1.00e-04
2026-03-05 16:42:52,696 - INFO -   ↳ Saved best model (val_corr=0.167449)
2026-03-05 16:42:58,004 - INFO - Epoch  12/50 | Train: 0.172402 | Val: 0.173636 | Corr: 0.171693 | LR: 1.00e-04
2026-03-05 16:42:58,013 - INFO -   ↳ Saved best model (val_corr=0.171693)
2026-03-05 16:43:03,363 - INFO - Epoch  13/50 | Train: 0.171830 | Val: 0.174266 | Corr: 0.173643 | LR: 1.00e-04
2026-03-05 16:43:03,374 - INFO -   ↳ Saved best model (val_corr=0.173643)
2026-03-05 16:43:08,689 - INFO - Epoch  14/50 | Train: 0.171515 | Val: 0.173333 | Corr: 0.178218 | LR: 1.00e-04
2026-03-05 16:43:08,702 - INFO -   ↳ Saved best model (val_corr=0.178218)
2026-03-05 16:43:13,924 - INFO - Epoch  15/50 | Train: 0.170973 | Val: 0.173652 | Corr: 0.181113 | LR: 1.00e-04
2026-03-05 16:43:13,934 - INFO -   ↳ Saved best model (val_corr=0.181113)
2026-03-05 16:43:19,140 - INFO - Epoch  16/50 | Train: 0.170623 | Val: 0.172468 | Corr: 0.183430 | LR: 1.00e-04
2026-03-05 16:43:19,150 - INFO -   ↳ Saved best model (val_corr=0.183430)
2026-03-05 16:43:24,402 - INFO - Epoch  17/50 | Train: 0.170276 | Val: 0.172779 | Corr: 0.186631 | LR: 1.00e-04
2026-03-05 16:43:24,416 - INFO -   ↳ Saved best model (val_corr=0.186631)
2026-03-05 16:43:29,635 - INFO - Epoch  18/50 | Train: 0.169836 | Val: 0.172069 | Corr: 0.188939 | LR: 1.00e-04
2026-03-05 16:43:29,645 - INFO -   ↳ Saved best model (val_corr=0.188939)
2026-03-05 16:43:34,986 - INFO - Epoch  19/50 | Train: 0.169455 | Val: 0.172436 | Corr: 0.191366 | LR: 1.00e-04
2026-03-05 16:43:34,996 - INFO -   ↳ Saved best model (val_corr=0.191366)
2026-03-05 16:43:40,324 - INFO - Epoch  20/50 | Train: 0.169272 | Val: 0.170049 | Corr: 0.193729 | LR: 1.00e-04
2026-03-05 16:43:40,334 - INFO -   ↳ Saved best model (val_corr=0.193729)
2026-03-05 16:43:45,571 - INFO - Epoch  21/50 | Train: 0.168875 | Val: 0.171228 | Corr: 0.196150 | LR: 1.00e-04
2026-03-05 16:43:45,581 - INFO -   ↳ Saved best model (val_corr=0.196150)
2026-03-05 16:43:50,791 - INFO - Epoch  22/50 | Train: 0.168530 | Val: 0.169968 | Corr: 0.198168 | LR: 1.00e-04
2026-03-05 16:43:50,803 - INFO -   ↳ Saved best model (val_corr=0.198168)
2026-03-05 16:43:56,036 - INFO - Epoch  23/50 | Train: 0.168425 | Val: 0.170037 | Corr: 0.200277 | LR: 1.00e-04
2026-03-05 16:43:56,046 - INFO -   ↳ Saved best model (val_corr=0.200277)
2026-03-05 16:44:01,377 - INFO - Epoch  24/50 | Train: 0.168024 | Val: 0.170803 | Corr: 0.202085 | LR: 1.00e-04
2026-03-05 16:44:01,388 - INFO -   ↳ Saved best model (val_corr=0.202085)
2026-03-05 16:44:06,680 - INFO - Epoch  25/50 | Train: 0.167896 | Val: 0.170422 | Corr: 0.203915 | LR: 1.00e-04
2026-03-05 16:44:06,694 - INFO -   ↳ Saved best model (val_corr=0.203915)
2026-03-05 16:44:11,966 - INFO - Epoch  26/50 | Train: 0.167589 | Val: 0.170042 | Corr: 0.205962 | LR: 1.00e-04
2026-03-05 16:44:11,975 - INFO -   ↳ Saved best model (val_corr=0.205962)
2026-03-05 16:44:17,200 - INFO - Epoch  27/50 | Train: 0.167281 | Val: 0.169597 | Corr: 0.207213 | LR: 1.00e-04
2026-03-05 16:44:17,210 - INFO -   ↳ Saved best model (val_corr=0.207213)
2026-03-05 16:44:22,403 - INFO - Epoch  28/50 | Train: 0.167248 | Val: 0.169867 | Corr: 0.209009 | LR: 1.00e-04
2026-03-05 16:44:22,413 - INFO -   ↳ Saved best model (val_corr=0.209009)
2026-03-05 16:44:27,626 - INFO - Epoch  29/50 | Train: 0.166946 | Val: 0.169229 | Corr: 0.211214 | LR: 1.00e-04
2026-03-05 16:44:27,639 - INFO -   ↳ Saved best model (val_corr=0.211214)
2026-03-05 16:44:32,828 - INFO - Epoch  30/50 | Train: 0.166715 | Val: 0.168800 | Corr: 0.212817 | LR: 1.00e-04
2026-03-05 16:44:32,837 - INFO -   ↳ Saved best model (val_corr=0.212817)
2026-03-05 16:44:38,173 - INFO - Epoch  31/50 | Train: 0.166553 | Val: 0.168953 | Corr: 0.213745 | LR: 1.00e-04
2026-03-05 16:44:38,183 - INFO -   ↳ Saved best model (val_corr=0.213745)
2026-03-05 16:44:43,486 - INFO - Epoch  32/50 | Train: 0.166358 | Val: 0.168243 | Corr: 0.215142 | LR: 1.00e-04
2026-03-05 16:44:43,496 - INFO -   ↳ Saved best model (val_corr=0.215142)
2026-03-05 16:44:48,696 - INFO - Epoch  33/50 | Train: 0.166264 | Val: 0.168755 | Corr: 0.215880 | LR: 1.00e-04
2026-03-05 16:44:48,705 - INFO -   ↳ Saved best model (val_corr=0.215880)
2026-03-05 16:44:53,963 - INFO - Epoch  34/50 | Train: 0.166098 | Val: 0.169080 | Corr: 0.217843 | LR: 1.00e-04
2026-03-05 16:44:53,973 - INFO -   ↳ Saved best model (val_corr=0.217843)
2026-03-05 16:44:59,229 - INFO - Epoch  35/50 | Train: 0.165893 | Val: 0.167191 | Corr: 0.218838 | LR: 1.00e-04
2026-03-05 16:44:59,239 - INFO -   ↳ Saved best model (val_corr=0.218838)
2026-03-05 16:45:04,455 - INFO - Epoch  36/50 | Train: 0.165725 | Val: 0.167248 | Corr: 0.219818 | LR: 1.00e-04
2026-03-05 16:45:04,466 - INFO -   ↳ Saved best model (val_corr=0.219818)
2026-03-05 16:45:09,741 - INFO - Epoch  37/50 | Train: 0.165519 | Val: 0.166945 | Corr: 0.220435 | LR: 1.00e-04
2026-03-05 16:45:09,753 - INFO -   ↳ Saved best model (val_corr=0.220435)
2026-03-05 16:45:15,029 - INFO - Epoch  38/50 | Train: 0.165429 | Val: 0.168555 | Corr: 0.222138 | LR: 1.00e-04
2026-03-05 16:45:15,040 - INFO -   ↳ Saved best model (val_corr=0.222138)
2026-03-05 16:45:20,344 - INFO - Epoch  39/50 | Train: 0.165403 | Val: 0.167775 | Corr: 0.223180 | LR: 1.00e-04
2026-03-05 16:45:20,353 - INFO -   ↳ Saved best model (val_corr=0.223180)
2026-03-05 16:45:25,584 - INFO - Epoch  40/50 | Train: 0.165190 | Val: 0.168570 | Corr: 0.223636 | LR: 1.00e-04
2026-03-05 16:45:25,593 - INFO -   ↳ Saved best model (val_corr=0.223636)
2026-03-05 16:45:30,831 - INFO - Epoch  41/50 | Train: 0.165053 | Val: 0.166782 | Corr: 0.225833 | LR: 1.00e-04
2026-03-05 16:45:30,842 - INFO -   ↳ Saved best model (val_corr=0.225833)
2026-03-05 16:45:36,035 - INFO - Epoch  42/50 | Train: 0.165007 | Val: 0.166851 | Corr: 0.226389 | LR: 1.00e-04
2026-03-05 16:45:36,045 - INFO -   ↳ Saved best model (val_corr=0.226389)
2026-03-05 16:45:41,282 - INFO - Epoch  43/50 | Train: 0.164855 | Val: 0.166125 | Corr: 0.227187 | LR: 1.00e-04
2026-03-05 16:45:41,292 - INFO -   ↳ Saved best model (val_corr=0.227187)
2026-03-05 16:45:46,641 - INFO - Epoch  44/50 | Train: 0.164721 | Val: 0.166057 | Corr: 0.227839 | LR: 1.00e-04
2026-03-05 16:45:46,650 - INFO -   ↳ Saved best model (val_corr=0.227839)
2026-03-05 16:45:51,992 - INFO - Epoch  45/50 | Train: 0.164581 | Val: 0.167254 | Corr: 0.229129 | LR: 1.00e-04
2026-03-05 16:45:52,001 - INFO -   ↳ Saved best model (val_corr=0.229129)
2026-03-05 16:45:57,354 - INFO - Epoch  46/50 | Train: 0.164588 | Val: 0.166424 | Corr: 0.229798 | LR: 1.00e-04
2026-03-05 16:45:57,369 - INFO -   ↳ Saved best model (val_corr=0.229798)
2026-03-05 16:46:02,611 - INFO - Epoch  47/50 | Train: 0.164405 | Val: 0.167021 | Corr: 0.230304 | LR: 1.00e-04
2026-03-05 16:46:02,621 - INFO -   ↳ Saved best model (val_corr=0.230304)
2026-03-05 16:46:07,822 - INFO - Epoch  48/50 | Train: 0.164450 | Val: 0.165105 | Corr: 0.231128 | LR: 1.00e-04
2026-03-05 16:46:07,839 - INFO -   ↳ Saved best model (val_corr=0.231128)
2026-03-05 16:46:13,039 - INFO - Epoch  49/50 | Train: 0.164278 | Val: 0.165713 | Corr: 0.231589 | LR: 1.00e-04
2026-03-05 16:46:13,052 - INFO -   ↳ Saved best model (val_corr=0.231589)
2026-03-05 16:46:18,327 - INFO - Epoch  50/50 | Train: 0.164168 | Val: 0.165664 | Corr: 0.232892 | LR: 1.00e-04
2026-03-05 16:46:18,339 - INFO -   ↳ Saved best model (val_corr=0.232892)
2026-03-05 16:46:18,339 - INFO - Training complete — best val corr: 0.232892
2026-03-05 16:46:19,940 - INFO - Test loss: 0.156610, Test corr: 0.225721
2026-03-05 16:46:20,311 - INFO - Fraction of variance explained (FVE): 0.057173
2026-03-05 16:46:20,311 - INFO - Computing autoregressive (AR) test predictions …
2026-03-05 16:46:20,916 - INFO - AR FVE: -0.000080, AR test corr: 0.091025
2026-03-05 16:46:20,916 - INFO - Generating figures …
2026-03-05 16:46:21,504 - INFO - Correlation between predicted and actual per-neuron averages: r=0.9955, p=0.00e+00
2026-03-05 16:46:23,550 - INFO - Pattern selectivity summary:
2026-03-05 16:46:23,550 - INFO -   Mean correlation across neurons: 0.6951
2026-03-05 16:46:23,550 - INFO -   Median correlation: 0.7324
2026-03-05 16:46:23,551 - INFO -   Neurons with r > 0.5: 57 / 63
2026-03-05 16:46:23,551 - INFO -   Neurons with r > 0.3: 62 / 63
2026-03-05 16:46:23,551 - INFO - Pattern selectivity — mean neuron corr: 0.6951
2026-03-05 16:46:25,261 - INFO - LOO (avg rate) — Model mean r: 0.5823, LOO mean r: 0.4546, Neurons model > LOO: 50/63
2026-03-05 16:46:27,827 - INFO - LOO (temporal) — Model mean r: 0.2350, LOO mean r: 0.3186, Neurons model > LOO: 9/63
2026-03-05 16:46:27,827 - INFO - Skipping oracle trial plots (skip_oracle_plots=True)
2026-03-05 16:46:27,833 - INFO - Experiment complete. Summary: {
  "run_dir": "/scratch/sb272/patterns5k_results/slurm_hist_cnn_2026-03-05_16-01-45/trial_0077_learning_rate=1.0e-04_history=1_kernel_sizes=3x3_conv_channels=64x128_fc_dims=512_seed1",
  "model_type": "cnn",
  "batch_avg_test_loss": 0.1566099202632904,
  "batch_avg_test_corr": 0.2257207178742554,
  "all_test_fve": 0.05717253401165917,
  "AR_FVE": -7.956463193136548e-05,
  "AR_test_correlation": 0.09102462232112885,
  "best_val_corr": 0.23289204581591275,
  "total_params": 143679,
  "trainable_params": 143679,
  "epochs_trained": 50,
  "mean_pattern_corr": 0.695060551432153,
  "history": 1,
  "init_state": true,
  "loo_avg_mean_corr": 0.45456832695830385,
  "model_avg_mean_corr": 0.5823296365414472,
  "neurons_model_beats_loo_avg": 50,
  "loo_temporal_mean_corr": 0.31855225563049316,
  "all_test_corr": 0.23502117395401,
  "neurons_model_beats_loo_temporal": 9,
  "kernel_sizes": [
    3,
    3
  ],
  "conv_channels": [
    64,
    128
  ],
  "fc_dims": [
    512
  ]
}
