2026-03-03 21:21:03,207 - INFO - ============================================================
2026-03-03 21:21:03,207 - INFO - Experiment run directory: /scratch/sb272/patterns5k_results/slurm_hist_cnn_2026-03-03_15-13-01/trial_0020_learning_rate=1.0e-04_history=5_kernel_sizes=10x5x3_conv_channels=256x128x64_fc_dims=256_seed0
2026-03-03 21:21:03,207 - INFO - ============================================================
2026-03-03 21:21:03,207 - INFO - Loading data …
2026-03-03 21:21:03,965 - INFO - 63 unique neurons after dropping problematic neurons
2026-03-03 21:21:04,879 - INFO - Stimulation channels: 42, Spiking neurons: 63
2026-03-03 21:22:21,095 - INFO - Unique patterns: 4050, Total trials: 5000
2026-03-03 21:22:21,097 - INFO - Stimulation channels: 42, Spiking neurons: 63
2026-03-03 21:22:21,097 - INFO - Unique patterns: 4050, Total trials: 5000
2026-03-03 21:22:21,108 - INFO - Split (oracle): train=3400, val=600, test=1000
2026-03-03 21:22:35,436 - INFO - BinnedStimSpikeDataset initialized:
2026-03-03 21:22:35,436 - INFO -   input_bin_size_ms=10, output_bin_size_ms=10
2026-03-03 21:22:35,436 - INFO -   n_input_bins=60, n_output_bins=60
2026-03-03 21:22:35,436 - INFO -   output_offset=0, total_bins_input=60, total_bins_output=60
2026-03-03 21:22:35,436 - INFO -   Valid start positions per trial: 0 to 0
2026-03-03 21:22:35,436 - INFO -   Total samples: 3400 (3400 trials × 1 positions)
2026-03-03 21:22:49,271 - INFO - BinnedStimSpikeDataset initialized:
2026-03-03 21:22:49,271 - INFO -   input_bin_size_ms=10, output_bin_size_ms=10
2026-03-03 21:22:49,271 - INFO -   n_input_bins=60, n_output_bins=60
2026-03-03 21:22:49,271 - INFO -   output_offset=0, total_bins_input=60, total_bins_output=60
2026-03-03 21:22:49,271 - INFO -   Valid start positions per trial: 0 to 0
2026-03-03 21:22:49,271 - INFO -   Total samples: 600 (600 trials × 1 positions)
2026-03-03 21:23:03,231 - INFO - BinnedStimSpikeDataset initialized:
2026-03-03 21:23:03,232 - INFO -   input_bin_size_ms=10, output_bin_size_ms=10
2026-03-03 21:23:03,232 - INFO -   n_input_bins=60, n_output_bins=60
2026-03-03 21:23:03,232 - INFO -   output_offset=0, total_bins_input=60, total_bins_output=60
2026-03-03 21:23:03,232 - INFO -   Valid start positions per trial: 0 to 0
2026-03-03 21:23:03,232 - INFO -   Total samples: 1000 (1000 trials × 1 positions)
2026-03-03 21:23:03,232 - INFO - Samples — train: 3400, val: 600, test: 1000
2026-03-03 21:23:03,232 - INFO - Input channels: 105, Neurons: 63
2026-03-03 21:23:03,240 - INFO - Using CPU
2026-03-03 21:23:03,258 - INFO - Model: CNN — 491,391 trainable params (491,391 total)
2026-03-03 21:23:07,498 - INFO - Starting training …
2026-03-03 21:23:14,656 - INFO - Epoch   1/50 | Train: 0.514015 | Val: 0.229393 | Corr: 0.025475 | LR: 1.00e-04
2026-03-03 21:23:14,672 - INFO -   ↳ Saved best model (val_corr=0.025475)
2026-03-03 21:23:21,260 - INFO - Epoch   2/50 | Train: 0.194982 | Val: 0.187806 | Corr: 0.063226 | LR: 1.00e-04
2026-03-03 21:23:21,273 - INFO -   ↳ Saved best model (val_corr=0.063226)
2026-03-03 21:23:27,837 - INFO - Epoch   3/50 | Train: 0.186575 | Val: 0.185031 | Corr: 0.076495 | LR: 1.00e-04
2026-03-03 21:23:27,851 - INFO -   ↳ Saved best model (val_corr=0.076495)
2026-03-03 21:23:34,369 - INFO - Epoch   4/50 | Train: 0.184697 | Val: 0.184058 | Corr: 0.083477 | LR: 1.00e-04
2026-03-03 21:23:34,384 - INFO -   ↳ Saved best model (val_corr=0.083477)
2026-03-03 21:23:40,937 - INFO - Epoch   5/50 | Train: 0.183443 | Val: 0.183346 | Corr: 0.088223 | LR: 1.00e-04
2026-03-03 21:23:40,955 - INFO -   ↳ Saved best model (val_corr=0.088223)
2026-03-03 21:23:47,509 - INFO - Epoch   6/50 | Train: 0.182375 | Val: 0.182852 | Corr: 0.093537 | LR: 1.00e-04
2026-03-03 21:23:47,527 - INFO -   ↳ Saved best model (val_corr=0.093537)
2026-03-03 21:23:54,044 - INFO - Epoch   7/50 | Train: 0.181355 | Val: 0.182303 | Corr: 0.097099 | LR: 1.00e-04
2026-03-03 21:23:54,065 - INFO -   ↳ Saved best model (val_corr=0.097099)
2026-03-03 21:24:00,530 - INFO - Epoch   8/50 | Train: 0.180460 | Val: 0.181903 | Corr: 0.100543 | LR: 1.00e-04
2026-03-03 21:24:00,544 - INFO -   ↳ Saved best model (val_corr=0.100543)
2026-03-03 21:24:06,971 - INFO - Epoch   9/50 | Train: 0.179648 | Val: 0.181752 | Corr: 0.102764 | LR: 1.00e-04
2026-03-03 21:24:06,985 - INFO -   ↳ Saved best model (val_corr=0.102764)
2026-03-03 21:24:13,538 - INFO - Epoch  10/50 | Train: 0.178801 | Val: 0.181219 | Corr: 0.105476 | LR: 1.00e-04
2026-03-03 21:24:13,555 - INFO -   ↳ Saved best model (val_corr=0.105476)
2026-03-03 21:24:20,158 - INFO - Epoch  11/50 | Train: 0.178089 | Val: 0.181027 | Corr: 0.107461 | LR: 1.00e-04
2026-03-03 21:24:20,178 - INFO -   ↳ Saved best model (val_corr=0.107461)
2026-03-03 21:24:26,633 - INFO - Epoch  12/50 | Train: 0.177370 | Val: 0.180959 | Corr: 0.108479 | LR: 1.00e-04
2026-03-03 21:24:26,647 - INFO -   ↳ Saved best model (val_corr=0.108479)
2026-03-03 21:24:33,126 - INFO - Epoch  13/50 | Train: 0.176607 | Val: 0.181009 | Corr: 0.109575 | LR: 1.00e-04
2026-03-03 21:24:33,140 - INFO -   ↳ Saved best model (val_corr=0.109575)
2026-03-03 21:24:39,651 - INFO - Epoch  14/50 | Train: 0.175891 | Val: 0.180692 | Corr: 0.111270 | LR: 1.00e-04
2026-03-03 21:24:39,666 - INFO -   ↳ Saved best model (val_corr=0.111270)
2026-03-03 21:24:46,101 - INFO - Epoch  15/50 | Train: 0.175340 | Val: 0.180437 | Corr: 0.111682 | LR: 1.00e-04
2026-03-03 21:24:46,119 - INFO -   ↳ Saved best model (val_corr=0.111682)
2026-03-03 21:24:52,603 - INFO - Epoch  16/50 | Train: 0.174816 | Val: 0.180440 | Corr: 0.113822 | LR: 1.00e-04
2026-03-03 21:24:52,620 - INFO -   ↳ Saved best model (val_corr=0.113822)
2026-03-03 21:24:59,070 - INFO - Epoch  17/50 | Train: 0.174233 | Val: 0.180535 | Corr: 0.113907 | LR: 1.00e-04
2026-03-03 21:24:59,088 - INFO -   ↳ Saved best model (val_corr=0.113907)
2026-03-03 21:25:05,617 - INFO - Epoch  18/50 | Train: 0.173657 | Val: 0.180242 | Corr: 0.115047 | LR: 1.00e-04
2026-03-03 21:25:05,634 - INFO -   ↳ Saved best model (val_corr=0.115047)
2026-03-03 21:25:12,094 - INFO - Epoch  19/50 | Train: 0.173163 | Val: 0.180263 | Corr: 0.115641 | LR: 1.00e-04
2026-03-03 21:25:12,108 - INFO -   ↳ Saved best model (val_corr=0.115641)
2026-03-03 21:25:18,662 - INFO - Epoch  20/50 | Train: 0.172652 | Val: 0.180352 | Corr: 0.117639 | LR: 1.00e-04
2026-03-03 21:25:18,679 - INFO -   ↳ Saved best model (val_corr=0.117639)
2026-03-03 21:25:25,268 - INFO - Epoch  21/50 | Train: 0.172215 | Val: 0.180296 | Corr: 0.117102 | LR: 1.00e-04
2026-03-03 21:25:31,876 - INFO - Epoch  22/50 | Train: 0.171606 | Val: 0.180186 | Corr: 0.119200 | LR: 1.00e-04
2026-03-03 21:25:31,894 - INFO -   ↳ Saved best model (val_corr=0.119200)
2026-03-03 21:25:38,487 - INFO - Epoch  23/50 | Train: 0.171178 | Val: 0.180498 | Corr: 0.119023 | LR: 1.00e-04
2026-03-03 21:25:45,075 - INFO - Epoch  24/50 | Train: 0.170734 | Val: 0.180288 | Corr: 0.119713 | LR: 1.00e-04
2026-03-03 21:25:45,091 - INFO -   ↳ Saved best model (val_corr=0.119713)
2026-03-03 21:25:51,691 - INFO - Epoch  25/50 | Train: 0.170304 | Val: 0.180726 | Corr: 0.120893 | LR: 1.00e-04
2026-03-03 21:25:51,707 - INFO -   ↳ Saved best model (val_corr=0.120893)
2026-03-03 21:25:58,287 - INFO - Epoch  26/50 | Train: 0.169862 | Val: 0.180468 | Corr: 0.120704 | LR: 1.00e-04
2026-03-03 21:26:04,817 - INFO - Epoch  27/50 | Train: 0.169426 | Val: 0.180194 | Corr: 0.121138 | LR: 1.00e-04
2026-03-03 21:26:04,834 - INFO -   ↳ Saved best model (val_corr=0.121138)
2026-03-03 21:26:11,255 - INFO - Epoch  28/50 | Train: 0.168985 | Val: 0.180502 | Corr: 0.122778 | LR: 5.00e-05
2026-03-03 21:26:11,271 - INFO -   ↳ Saved best model (val_corr=0.122778)
2026-03-03 21:26:17,784 - INFO - Epoch  29/50 | Train: 0.168294 | Val: 0.180304 | Corr: 0.123897 | LR: 5.00e-05
2026-03-03 21:26:17,801 - INFO -   ↳ Saved best model (val_corr=0.123897)
2026-03-03 21:26:24,326 - INFO - Epoch  30/50 | Train: 0.167880 | Val: 0.180479 | Corr: 0.122957 | LR: 5.00e-05
2026-03-03 21:26:30,849 - INFO - Epoch  31/50 | Train: 0.167747 | Val: 0.180678 | Corr: 0.124170 | LR: 5.00e-05
2026-03-03 21:26:30,864 - INFO -   ↳ Saved best model (val_corr=0.124170)
2026-03-03 21:26:37,385 - INFO - Epoch  32/50 | Train: 0.167456 | Val: 0.180644 | Corr: 0.124023 | LR: 5.00e-05
2026-03-03 21:26:43,892 - INFO - Epoch  33/50 | Train: 0.167296 | Val: 0.180557 | Corr: 0.124242 | LR: 5.00e-05
2026-03-03 21:26:43,908 - INFO -   ↳ Saved best model (val_corr=0.124242)
2026-03-03 21:26:50,459 - INFO - Epoch  34/50 | Train: 0.167011 | Val: 0.180750 | Corr: 0.124740 | LR: 2.50e-05
2026-03-03 21:26:50,471 - INFO -   ↳ Saved best model (val_corr=0.124740)
2026-03-03 21:26:56,957 - INFO - Epoch  35/50 | Train: 0.166805 | Val: 0.180884 | Corr: 0.124723 | LR: 2.50e-05
2026-03-03 21:27:03,424 - INFO - Epoch  36/50 | Train: 0.166587 | Val: 0.180638 | Corr: 0.124950 | LR: 2.50e-05
2026-03-03 21:27:03,438 - INFO -   ↳ Saved best model (val_corr=0.124950)
2026-03-03 21:27:09,775 - INFO - Epoch  37/50 | Train: 0.166478 | Val: 0.180982 | Corr: 0.124807 | LR: 2.50e-05
2026-03-03 21:27:16,370 - INFO - Epoch  38/50 | Train: 0.166252 | Val: 0.180768 | Corr: 0.124975 | LR: 2.50e-05
2026-03-03 21:27:16,384 - INFO -   ↳ Saved best model (val_corr=0.124975)
2026-03-03 21:27:22,892 - INFO - Epoch  39/50 | Train: 0.166315 | Val: 0.180760 | Corr: 0.125300 | LR: 2.50e-05
2026-03-03 21:27:22,907 - INFO -   ↳ Saved best model (val_corr=0.125300)
2026-03-03 21:27:29,405 - INFO - Epoch  40/50 | Train: 0.166180 | Val: 0.180826 | Corr: 0.124829 | LR: 1.25e-05
2026-03-03 21:27:35,767 - INFO - Epoch  41/50 | Train: 0.166079 | Val: 0.181211 | Corr: 0.125237 | LR: 1.25e-05
2026-03-03 21:27:42,148 - INFO - Epoch  42/50 | Train: 0.166010 | Val: 0.180624 | Corr: 0.125652 | LR: 1.25e-05
2026-03-03 21:27:42,163 - INFO -   ↳ Saved best model (val_corr=0.125652)
2026-03-03 21:27:48,629 - INFO - Epoch  43/50 | Train: 0.165845 | Val: 0.180883 | Corr: 0.125555 | LR: 1.25e-05
2026-03-03 21:27:54,927 - INFO - Epoch  44/50 | Train: 0.165908 | Val: 0.180846 | Corr: 0.125414 | LR: 1.25e-05
2026-03-03 21:28:01,319 - INFO - Epoch  45/50 | Train: 0.165758 | Val: 0.180870 | Corr: 0.125444 | LR: 1.25e-05
2026-03-03 21:28:07,847 - INFO - Epoch  46/50 | Train: 0.165758 | Val: 0.180832 | Corr: 0.125705 | LR: 6.25e-06
2026-03-03 21:28:07,865 - INFO -   ↳ Saved best model (val_corr=0.125705)
2026-03-03 21:28:14,349 - INFO - Epoch  47/50 | Train: 0.165657 | Val: 0.180937 | Corr: 0.125679 | LR: 6.25e-06
2026-03-03 21:28:20,872 - INFO - Epoch  48/50 | Train: 0.165631 | Val: 0.180996 | Corr: 0.125997 | LR: 6.25e-06
2026-03-03 21:28:20,886 - INFO -   ↳ Saved best model (val_corr=0.125997)
2026-03-03 21:28:27,370 - INFO - Epoch  49/50 | Train: 0.165566 | Val: 0.181090 | Corr: 0.125604 | LR: 6.25e-06
2026-03-03 21:28:33,874 - INFO - Epoch  50/50 | Train: 0.165486 | Val: 0.180975 | Corr: 0.125892 | LR: 6.25e-06
2026-03-03 21:28:33,874 - INFO - Training complete — best val corr: 0.125997
2026-03-03 21:28:35,219 - INFO - Test loss: 0.168585, Test corr: 0.123792
2026-03-03 21:28:35,805 - INFO - Fraction of variance explained (FVE): 0.017424
2026-03-03 21:28:35,805 - INFO - Computing autoregressive (AR) test predictions …
2026-03-03 21:28:36,492 - INFO - AR FVE: 0.001622, AR test corr: 0.081920
2026-03-03 21:28:36,492 - INFO - Generating figures …
2026-03-03 21:28:36,938 - INFO - Correlation between predicted and actual per-neuron averages: r=0.9940, p=0.00e+00
2026-03-03 21:28:38,614 - INFO - Pattern selectivity summary:
2026-03-03 21:28:38,614 - INFO -   Mean correlation across neurons: 0.4852
2026-03-03 21:28:38,614 - INFO -   Median correlation: 0.5201
2026-03-03 21:28:38,614 - INFO -   Neurons with r > 0.5: 33 / 63
2026-03-03 21:28:38,614 - INFO -   Neurons with r > 0.3: 53 / 63
2026-03-03 21:28:38,614 - INFO - Pattern selectivity — mean neuron corr: 0.4852
2026-03-03 21:28:40,052 - INFO - LOO (avg rate) — Model mean r: 0.3815, LOO mean r: 0.4546, Neurons model > LOO: 16/63
2026-03-03 21:28:41,949 - INFO - LOO (temporal) — Model mean r: 0.1324, LOO mean r: 0.3186, Neurons model > LOO: 2/63
2026-03-03 21:28:41,949 - INFO - Skipping oracle trial plots (skip_oracle_plots=True)
2026-03-03 21:28:41,956 - INFO - Experiment complete. Summary: {
  "run_dir": "/scratch/sb272/patterns5k_results/slurm_hist_cnn_2026-03-03_15-13-01/trial_0020_learning_rate=1.0e-04_history=5_kernel_sizes=10x5x3_conv_channels=256x128x64_fc_dims=256_seed0",
  "model_type": "cnn",
  "batch_avg_test_loss": 0.16858537578582763,
  "batch_avg_test_corr": 0.12379244991742802,
  "all_test_fve": 0.01742439516006954,
  "AR_FVE": 0.0016220978328159877,
  "AR_test_correlation": 0.08191979676485062,
  "best_val_corr": 0.12599719946170782,
  "total_params": 491391,
  "trainable_params": 491391,
  "epochs_trained": 50,
  "mean_pattern_corr": 0.48515947349344707,
  "history": 5,
  "init_state": true,
  "loo_avg_mean_corr": 0.45456832695830385,
  "model_avg_mean_corr": 0.38148263721544684,
  "neurons_model_beats_loo_avg": 16,
  "loo_temporal_mean_corr": 0.31855225563049316,
  "all_test_corr": 0.13237673044204712,
  "neurons_model_beats_loo_temporal": 2,
  "kernel_sizes": [
    10,
    5,
    3
  ],
  "conv_channels": [
    256,
    128,
    64
  ],
  "fc_dims": [
    256
  ]
}
