2026-03-05 21:40:20,511 - INFO - ============================================================
2026-03-05 21:40:20,511 - INFO - Experiment run directory: /scratch/sb272/patterns5k_results/slurm_hist_cnn_2026-03-05_16-01-45/trial_0480_learning_rate=1.0e-03_history=5_kernel_sizes=3x3_conv_channels=64x128_fc_dims=128_seed1
2026-03-05 21:40:20,511 - INFO - ============================================================
2026-03-05 21:40:20,511 - INFO - Loading data …
2026-03-05 21:40:22,004 - INFO - 63 unique neurons after dropping problematic neurons
2026-03-05 21:40:23,755 - INFO - Stimulation channels: 42, Spiking neurons: 63
2026-03-05 21:43:24,074 - INFO - Unique patterns: 4050, Total trials: 5000
2026-03-05 21:43:24,076 - INFO - Stimulation channels: 42, Spiking neurons: 63
2026-03-05 21:43:24,076 - INFO - Unique patterns: 4050, Total trials: 5000
2026-03-05 21:43:24,106 - INFO - Split (oracle): train=3400, val=600, test=1000
2026-03-05 21:44:00,932 - INFO - BinnedStimSpikeDataset initialized:
2026-03-05 21:44:00,933 - INFO -   input_bin_size_ms=10, output_bin_size_ms=10
2026-03-05 21:44:00,933 - INFO -   n_input_bins=60, n_output_bins=60
2026-03-05 21:44:00,933 - INFO -   output_offset=0, total_bins_input=60, total_bins_output=60
2026-03-05 21:44:00,933 - INFO -   Valid start positions per trial: 0 to 0
2026-03-05 21:44:00,933 - INFO -   Total samples: 3400 (3400 trials × 1 positions)
2026-03-05 21:44:34,228 - INFO - BinnedStimSpikeDataset initialized:
2026-03-05 21:44:34,228 - INFO -   input_bin_size_ms=10, output_bin_size_ms=10
2026-03-05 21:44:34,228 - INFO -   n_input_bins=60, n_output_bins=60
2026-03-05 21:44:34,228 - INFO -   output_offset=0, total_bins_input=60, total_bins_output=60
2026-03-05 21:44:34,229 - INFO -   Valid start positions per trial: 0 to 0
2026-03-05 21:44:34,229 - INFO -   Total samples: 600 (600 trials × 1 positions)
2026-03-05 21:45:08,426 - INFO - BinnedStimSpikeDataset initialized:
2026-03-05 21:45:08,426 - INFO -   input_bin_size_ms=10, output_bin_size_ms=10
2026-03-05 21:45:08,426 - INFO -   n_input_bins=60, n_output_bins=60
2026-03-05 21:45:08,426 - INFO -   output_offset=0, total_bins_input=60, total_bins_output=60
2026-03-05 21:45:08,426 - INFO -   Valid start positions per trial: 0 to 0
2026-03-05 21:45:08,426 - INFO -   Total samples: 1000 (1000 trials × 1 positions)
2026-03-05 21:45:08,427 - INFO - Samples — train: 3400, val: 600, test: 1000
2026-03-05 21:45:08,427 - INFO - Input channels: 105, Neurons: 63
2026-03-05 21:45:08,434 - INFO - Using CPU
2026-03-05 21:45:08,451 - INFO - Model: CNN — 69,951 trainable params (69,951 total)
2026-03-05 21:45:13,544 - INFO - Starting training …
2026-03-05 21:45:20,225 - INFO - Epoch   1/50 | Train: 0.233313 | Val: 0.189027 | Corr: 0.074863 | LR: 1.00e-03
2026-03-05 21:45:20,241 - INFO -   ↳ Saved best model (val_corr=0.074863)
2026-03-05 21:45:26,678 - INFO - Epoch   2/50 | Train: 0.184967 | Val: 0.183872 | Corr: 0.086877 | LR: 1.00e-03
2026-03-05 21:45:26,688 - INFO -   ↳ Saved best model (val_corr=0.086877)
2026-03-05 21:45:33,282 - INFO - Epoch   3/50 | Train: 0.182818 | Val: 0.183261 | Corr: 0.094579 | LR: 1.00e-03
2026-03-05 21:45:33,295 - INFO -   ↳ Saved best model (val_corr=0.094579)
2026-03-05 21:45:39,931 - INFO - Epoch   4/50 | Train: 0.181455 | Val: 0.184017 | Corr: 0.101399 | LR: 1.00e-03
2026-03-05 21:45:39,948 - INFO -   ↳ Saved best model (val_corr=0.101399)
2026-03-05 21:45:46,531 - INFO - Epoch   5/50 | Train: 0.180401 | Val: 0.181072 | Corr: 0.106853 | LR: 1.00e-03
2026-03-05 21:45:46,543 - INFO -   ↳ Saved best model (val_corr=0.106853)
2026-03-05 21:45:51,634 - INFO - Epoch   6/50 | Train: 0.179676 | Val: 0.181404 | Corr: 0.110585 | LR: 1.00e-03
2026-03-05 21:45:51,646 - INFO -   ↳ Saved best model (val_corr=0.110585)
2026-03-05 21:45:57,331 - INFO - Epoch   7/50 | Train: 0.178798 | Val: 0.179396 | Corr: 0.114693 | LR: 1.00e-03
2026-03-05 21:45:57,344 - INFO -   ↳ Saved best model (val_corr=0.114693)
2026-03-05 21:46:02,888 - INFO - Epoch   8/50 | Train: 0.178397 | Val: 0.181640 | Corr: 0.119212 | LR: 1.00e-03
2026-03-05 21:46:02,902 - INFO -   ↳ Saved best model (val_corr=0.119212)
2026-03-05 21:46:08,503 - INFO - Epoch   9/50 | Train: 0.177913 | Val: 0.180036 | Corr: 0.122706 | LR: 1.00e-03
2026-03-05 21:46:08,516 - INFO -   ↳ Saved best model (val_corr=0.122706)
2026-03-05 21:46:14,098 - INFO - Epoch  10/50 | Train: 0.177587 | Val: 0.177919 | Corr: 0.125463 | LR: 1.00e-03
2026-03-05 21:46:14,111 - INFO -   ↳ Saved best model (val_corr=0.125463)
2026-03-05 21:46:20,718 - INFO - Epoch  11/50 | Train: 0.177351 | Val: 0.178646 | Corr: 0.129145 | LR: 1.00e-03
2026-03-05 21:46:20,731 - INFO -   ↳ Saved best model (val_corr=0.129145)
2026-03-05 21:46:27,393 - INFO - Epoch  12/50 | Train: 0.176946 | Val: 0.178872 | Corr: 0.130551 | LR: 1.00e-03
2026-03-05 21:46:27,429 - INFO -   ↳ Saved best model (val_corr=0.130551)
2026-03-05 21:46:34,119 - INFO - Epoch  13/50 | Train: 0.176628 | Val: 0.177431 | Corr: 0.131263 | LR: 1.00e-03
2026-03-05 21:46:34,135 - INFO -   ↳ Saved best model (val_corr=0.131263)
2026-03-05 21:46:40,640 - INFO - Epoch  14/50 | Train: 0.176539 | Val: 0.178190 | Corr: 0.133202 | LR: 1.00e-03
2026-03-05 21:46:40,653 - INFO -   ↳ Saved best model (val_corr=0.133202)
2026-03-05 21:46:45,905 - INFO - Epoch  15/50 | Train: 0.176260 | Val: 0.178805 | Corr: 0.135273 | LR: 1.00e-03
2026-03-05 21:46:45,914 - INFO -   ↳ Saved best model (val_corr=0.135273)
2026-03-05 21:46:51,565 - INFO - Epoch  16/50 | Train: 0.176145 | Val: 0.177420 | Corr: 0.135415 | LR: 1.00e-03
2026-03-05 21:46:51,578 - INFO -   ↳ Saved best model (val_corr=0.135415)
2026-03-05 21:46:57,192 - INFO - Epoch  17/50 | Train: 0.175911 | Val: 0.177359 | Corr: 0.136175 | LR: 1.00e-03
2026-03-05 21:46:57,204 - INFO -   ↳ Saved best model (val_corr=0.136175)
2026-03-05 21:47:02,746 - INFO - Epoch  18/50 | Train: 0.175770 | Val: 0.177139 | Corr: 0.138346 | LR: 1.00e-03
2026-03-05 21:47:02,756 - INFO -   ↳ Saved best model (val_corr=0.138346)
2026-03-05 21:47:08,340 - INFO - Epoch  19/50 | Train: 0.175619 | Val: 0.177468 | Corr: 0.139840 | LR: 1.00e-03
2026-03-05 21:47:08,350 - INFO -   ↳ Saved best model (val_corr=0.139840)
2026-03-05 21:47:15,038 - INFO - Epoch  20/50 | Train: 0.175605 | Val: 0.177533 | Corr: 0.139942 | LR: 1.00e-03
2026-03-05 21:47:15,051 - INFO -   ↳ Saved best model (val_corr=0.139942)
2026-03-05 21:47:21,709 - INFO - Epoch  21/50 | Train: 0.175427 | Val: 0.177138 | Corr: 0.140785 | LR: 1.00e-03
2026-03-05 21:47:21,726 - INFO -   ↳ Saved best model (val_corr=0.140785)
2026-03-05 21:47:28,273 - INFO - Epoch  22/50 | Train: 0.175183 | Val: 0.176567 | Corr: 0.139735 | LR: 1.00e-03
2026-03-05 21:47:34,589 - INFO - Epoch  23/50 | Train: 0.175202 | Val: 0.176999 | Corr: 0.142179 | LR: 1.00e-03
2026-03-05 21:47:34,597 - INFO -   ↳ Saved best model (val_corr=0.142179)
2026-03-05 21:47:40,011 - INFO - Epoch  24/50 | Train: 0.175079 | Val: 0.176477 | Corr: 0.141613 | LR: 1.00e-03
2026-03-05 21:47:45,532 - INFO - Epoch  25/50 | Train: 0.174848 | Val: 0.177245 | Corr: 0.142947 | LR: 1.00e-03
2026-03-05 21:47:45,554 - INFO -   ↳ Saved best model (val_corr=0.142947)
2026-03-05 21:47:51,034 - INFO - Epoch  26/50 | Train: 0.174815 | Val: 0.176487 | Corr: 0.142678 | LR: 1.00e-03
2026-03-05 21:47:56,491 - INFO - Epoch  27/50 | Train: 0.174765 | Val: 0.176688 | Corr: 0.144045 | LR: 1.00e-03
2026-03-05 21:47:56,501 - INFO -   ↳ Saved best model (val_corr=0.144045)
2026-03-05 21:48:02,009 - INFO - Epoch  28/50 | Train: 0.174545 | Val: 0.176882 | Corr: 0.145189 | LR: 1.00e-03
2026-03-05 21:48:02,019 - INFO -   ↳ Saved best model (val_corr=0.145189)
2026-03-05 21:48:08,548 - INFO - Epoch  29/50 | Train: 0.174527 | Val: 0.176072 | Corr: 0.143370 | LR: 1.00e-03
2026-03-05 21:48:15,103 - INFO - Epoch  30/50 | Train: 0.174463 | Val: 0.176750 | Corr: 0.144175 | LR: 1.00e-03
2026-03-05 21:48:21,610 - INFO - Epoch  31/50 | Train: 0.174356 | Val: 0.177608 | Corr: 0.145033 | LR: 1.00e-03
2026-03-05 21:48:28,138 - INFO - Epoch  32/50 | Train: 0.174204 | Val: 0.176410 | Corr: 0.144932 | LR: 1.00e-03
2026-03-05 21:48:33,382 - INFO - Epoch  33/50 | Train: 0.174121 | Val: 0.176678 | Corr: 0.144527 | LR: 1.00e-03
2026-03-05 21:48:38,905 - INFO - Epoch  34/50 | Train: 0.173999 | Val: 0.176655 | Corr: 0.144114 | LR: 1.00e-03
2026-03-05 21:48:44,405 - INFO - Epoch  35/50 | Train: 0.173946 | Val: 0.176050 | Corr: 0.144896 | LR: 1.00e-03
2026-03-05 21:48:49,836 - INFO - Epoch  36/50 | Train: 0.174033 | Val: 0.177151 | Corr: 0.145720 | LR: 1.00e-03
2026-03-05 21:48:49,853 - INFO -   ↳ Saved best model (val_corr=0.145720)
2026-03-05 21:48:55,231 - INFO - Epoch  37/50 | Train: 0.173882 | Val: 0.176375 | Corr: 0.144239 | LR: 1.00e-03
2026-03-05 21:49:01,651 - INFO - Epoch  38/50 | Train: 0.173781 | Val: 0.177115 | Corr: 0.145356 | LR: 1.00e-03
2026-03-05 21:49:08,145 - INFO - Epoch  39/50 | Train: 0.173688 | Val: 0.176185 | Corr: 0.145516 | LR: 1.00e-03
2026-03-05 21:49:14,698 - INFO - Epoch  40/50 | Train: 0.173656 | Val: 0.176063 | Corr: 0.146002 | LR: 1.00e-03
2026-03-05 21:49:14,709 - INFO -   ↳ Saved best model (val_corr=0.146002)
2026-03-05 21:49:21,341 - INFO - Epoch  41/50 | Train: 0.173582 | Val: 0.176335 | Corr: 0.145763 | LR: 5.00e-04
2026-03-05 21:49:26,366 - INFO - Epoch  42/50 | Train: 0.173060 | Val: 0.176170 | Corr: 0.146117 | LR: 5.00e-04
2026-03-05 21:49:26,391 - INFO -   ↳ Saved best model (val_corr=0.146117)
2026-03-05 21:49:31,956 - INFO - Epoch  43/50 | Train: 0.173021 | Val: 0.176128 | Corr: 0.146089 | LR: 5.00e-04
2026-03-05 21:49:37,417 - INFO - Epoch  44/50 | Train: 0.172983 | Val: 0.176124 | Corr: 0.145916 | LR: 5.00e-04
2026-03-05 21:49:42,852 - INFO - Epoch  45/50 | Train: 0.172987 | Val: 0.176358 | Corr: 0.146587 | LR: 5.00e-04
2026-03-05 21:49:42,865 - INFO -   ↳ Saved best model (val_corr=0.146587)
2026-03-05 21:49:48,334 - INFO - Epoch  46/50 | Train: 0.172892 | Val: 0.176227 | Corr: 0.146518 | LR: 5.00e-04
2026-03-05 21:49:54,740 - INFO - Epoch  47/50 | Train: 0.172869 | Val: 0.176274 | Corr: 0.145968 | LR: 2.50e-04
2026-03-05 21:50:01,298 - INFO - Epoch  48/50 | Train: 0.172583 | Val: 0.176276 | Corr: 0.146369 | LR: 2.50e-04
2026-03-05 21:50:07,849 - INFO - Epoch  49/50 | Train: 0.172499 | Val: 0.176149 | Corr: 0.146608 | LR: 2.50e-04
2026-03-05 21:50:07,861 - INFO -   ↳ Saved best model (val_corr=0.146608)
2026-03-05 21:50:14,397 - INFO - Epoch  50/50 | Train: 0.172544 | Val: 0.176362 | Corr: 0.146446 | LR: 2.50e-04
2026-03-05 21:50:14,397 - INFO - Training complete — best val corr: 0.146608
2026-03-05 21:50:15,971 - INFO - Test loss: 0.167117, Test corr: 0.141774
2026-03-05 21:50:16,298 - INFO - Fraction of variance explained (FVE): 0.022955
2026-03-05 21:50:16,298 - INFO - Computing autoregressive (AR) test predictions …
2026-03-05 21:50:16,926 - INFO - AR FVE: 0.019690, AR test corr: 0.130618
2026-03-05 21:50:16,926 - INFO - Generating figures …
2026-03-05 21:50:17,597 - INFO - Correlation between predicted and actual per-neuron averages: r=0.9940, p=0.00e+00
2026-03-05 21:50:20,132 - INFO - Pattern selectivity summary:
2026-03-05 21:50:20,133 - INFO -   Mean correlation across neurons: 0.5387
2026-03-05 21:50:20,133 - INFO -   Median correlation: 0.5647
2026-03-05 21:50:20,133 - INFO -   Neurons with r > 0.5: 39 / 63
2026-03-05 21:50:20,133 - INFO -   Neurons with r > 0.3: 57 / 63
2026-03-05 21:50:20,133 - INFO - Pattern selectivity — mean neuron corr: 0.5387
2026-03-05 21:50:22,098 - INFO - LOO (avg rate) — Model mean r: 0.3831, LOO mean r: 0.4546, Neurons model > LOO: 13/63
2026-03-05 21:50:25,892 - INFO - LOO (temporal) — Model mean r: 0.1476, LOO mean r: 0.3186, Neurons model > LOO: 2/63
2026-03-05 21:50:25,893 - INFO - Skipping oracle trial plots (skip_oracle_plots=True)
2026-03-05 21:50:25,900 - INFO - Experiment complete. Summary: {
  "run_dir": "/scratch/sb272/patterns5k_results/slurm_hist_cnn_2026-03-05_16-01-45/trial_0480_learning_rate=1.0e-03_history=5_kernel_sizes=3x3_conv_channels=64x128_fc_dims=128_seed1",
  "model_type": "cnn",
  "batch_avg_test_loss": 0.16711677730083466,
  "batch_avg_test_corr": 0.14177411834940368,
  "all_test_fve": 0.022955084603930278,
  "AR_FVE": 0.019689876881856767,
  "AR_test_correlation": 0.13061755895614624,
  "best_val_corr": 0.14660815394775206,
  "total_params": 69951,
  "trainable_params": 69951,
  "epochs_trained": 50,
  "mean_pattern_corr": 0.5386818995671683,
  "history": 5,
  "init_state": true,
  "loo_avg_mean_corr": 0.45456832695830385,
  "model_avg_mean_corr": 0.3830902375515177,
  "neurons_model_beats_loo_avg": 13,
  "loo_temporal_mean_corr": 0.31855225563049316,
  "all_test_corr": 0.14760330319404602,
  "neurons_model_beats_loo_temporal": 2,
  "kernel_sizes": [
    3,
    3
  ],
  "conv_channels": [
    64,
    128
  ],
  "fc_dims": [
    128
  ]
}
