2026-03-06 01:24:55,244 - INFO - ============================================================
2026-03-06 01:24:55,245 - INFO - Experiment run directory: /scratch/sb272/patterns5k_results/slurm_hist_cnn_2026-03-05_16-01-45/trial_0556_learning_rate=1.0e-03_history=5_kernel_sizes=3x3_conv_channels=64x128_fc_dims=256_seed0
2026-03-06 01:24:55,245 - INFO - ============================================================
2026-03-06 01:24:55,245 - INFO - Loading data …
2026-03-06 01:24:56,969 - INFO - 63 unique neurons after dropping problematic neurons
2026-03-06 01:24:58,196 - INFO - Stimulation channels: 42, Spiking neurons: 63
2026-03-06 01:26:28,277 - INFO - Unique patterns: 4050, Total trials: 5000
2026-03-06 01:26:28,278 - INFO - Stimulation channels: 42, Spiking neurons: 63
2026-03-06 01:26:28,278 - INFO - Unique patterns: 4050, Total trials: 5000
2026-03-06 01:26:28,291 - INFO - Split (oracle): train=3400, val=600, test=1000
2026-03-06 01:26:44,923 - INFO - BinnedStimSpikeDataset initialized:
2026-03-06 01:26:44,924 - INFO -   input_bin_size_ms=10, output_bin_size_ms=10
2026-03-06 01:26:44,924 - INFO -   n_input_bins=60, n_output_bins=60
2026-03-06 01:26:44,924 - INFO -   output_offset=0, total_bins_input=60, total_bins_output=60
2026-03-06 01:26:44,924 - INFO -   Valid start positions per trial: 0 to 0
2026-03-06 01:26:44,924 - INFO -   Total samples: 3400 (3400 trials × 1 positions)
2026-03-06 01:27:00,741 - INFO - BinnedStimSpikeDataset initialized:
2026-03-06 01:27:00,741 - INFO -   input_bin_size_ms=10, output_bin_size_ms=10
2026-03-06 01:27:00,741 - INFO -   n_input_bins=60, n_output_bins=60
2026-03-06 01:27:00,741 - INFO -   output_offset=0, total_bins_input=60, total_bins_output=60
2026-03-06 01:27:00,741 - INFO -   Valid start positions per trial: 0 to 0
2026-03-06 01:27:00,741 - INFO -   Total samples: 600 (600 trials × 1 positions)
2026-03-06 01:27:16,546 - INFO - BinnedStimSpikeDataset initialized:
2026-03-06 01:27:16,546 - INFO -   input_bin_size_ms=10, output_bin_size_ms=10
2026-03-06 01:27:16,546 - INFO -   n_input_bins=60, n_output_bins=60
2026-03-06 01:27:16,546 - INFO -   output_offset=0, total_bins_input=60, total_bins_output=60
2026-03-06 01:27:16,546 - INFO -   Valid start positions per trial: 0 to 0
2026-03-06 01:27:16,546 - INFO -   Total samples: 1000 (1000 trials × 1 positions)
2026-03-06 01:27:16,547 - INFO - Samples — train: 3400, val: 600, test: 1000
2026-03-06 01:27:16,547 - INFO - Input channels: 105, Neurons: 63
2026-03-06 01:27:16,551 - INFO - Using CPU
2026-03-06 01:27:16,569 - INFO - Model: CNN — 94,527 trainable params (94,527 total)
2026-03-06 01:27:19,930 - INFO - Starting training …
2026-03-06 01:27:24,168 - INFO - Epoch   1/50 | Train: 0.223936 | Val: 0.188160 | Corr: 0.073994 | LR: 1.00e-03
2026-03-06 01:27:24,176 - INFO -   ↳ Saved best model (val_corr=0.073994)
2026-03-06 01:27:27,364 - INFO - Epoch   2/50 | Train: 0.183442 | Val: 0.185074 | Corr: 0.088983 | LR: 1.00e-03
2026-03-06 01:27:27,374 - INFO -   ↳ Saved best model (val_corr=0.088983)
2026-03-06 01:27:30,542 - INFO - Epoch   3/50 | Train: 0.181344 | Val: 0.184660 | Corr: 0.099730 | LR: 1.00e-03
2026-03-06 01:27:30,550 - INFO -   ↳ Saved best model (val_corr=0.099730)
2026-03-06 01:27:33,851 - INFO - Epoch   4/50 | Train: 0.179989 | Val: 0.183011 | Corr: 0.106609 | LR: 1.00e-03
2026-03-06 01:27:33,859 - INFO -   ↳ Saved best model (val_corr=0.106609)
2026-03-06 01:27:37,038 - INFO - Epoch   5/50 | Train: 0.179061 | Val: 0.183523 | Corr: 0.111717 | LR: 1.00e-03
2026-03-06 01:27:37,046 - INFO -   ↳ Saved best model (val_corr=0.111717)
2026-03-06 01:27:40,040 - INFO - Epoch   6/50 | Train: 0.178190 | Val: 0.181655 | Corr: 0.116871 | LR: 1.00e-03
2026-03-06 01:27:40,050 - INFO -   ↳ Saved best model (val_corr=0.116871)
2026-03-06 01:27:43,165 - INFO - Epoch   7/50 | Train: 0.177700 | Val: 0.180126 | Corr: 0.120821 | LR: 1.00e-03
2026-03-06 01:27:43,174 - INFO -   ↳ Saved best model (val_corr=0.120821)
2026-03-06 01:27:46,190 - INFO - Epoch   8/50 | Train: 0.177110 | Val: 0.181564 | Corr: 0.125010 | LR: 1.00e-03
2026-03-06 01:27:46,198 - INFO -   ↳ Saved best model (val_corr=0.125010)
2026-03-06 01:27:49,247 - INFO - Epoch   9/50 | Train: 0.176672 | Val: 0.181018 | Corr: 0.128464 | LR: 1.00e-03
2026-03-06 01:27:49,255 - INFO -   ↳ Saved best model (val_corr=0.128464)
2026-03-06 01:27:52,412 - INFO - Epoch  10/50 | Train: 0.176344 | Val: 0.181560 | Corr: 0.132600 | LR: 1.00e-03
2026-03-06 01:27:52,421 - INFO -   ↳ Saved best model (val_corr=0.132600)
2026-03-06 01:27:55,597 - INFO - Epoch  11/50 | Train: 0.176072 | Val: 0.180848 | Corr: 0.134162 | LR: 1.00e-03
2026-03-06 01:27:55,605 - INFO -   ↳ Saved best model (val_corr=0.134162)
2026-03-06 01:27:58,894 - INFO - Epoch  12/50 | Train: 0.175695 | Val: 0.179044 | Corr: 0.136559 | LR: 1.00e-03
2026-03-06 01:27:58,902 - INFO -   ↳ Saved best model (val_corr=0.136559)
2026-03-06 01:28:02,240 - INFO - Epoch  13/50 | Train: 0.175545 | Val: 0.180956 | Corr: 0.137508 | LR: 1.00e-03
2026-03-06 01:28:02,248 - INFO -   ↳ Saved best model (val_corr=0.137508)
2026-03-06 01:28:05,864 - INFO - Epoch  14/50 | Train: 0.175230 | Val: 0.178325 | Corr: 0.138755 | LR: 1.00e-03
2026-03-06 01:28:05,871 - INFO -   ↳ Saved best model (val_corr=0.138755)
2026-03-06 01:28:09,149 - INFO - Epoch  15/50 | Train: 0.175119 | Val: 0.178425 | Corr: 0.140025 | LR: 1.00e-03
2026-03-06 01:28:09,157 - INFO -   ↳ Saved best model (val_corr=0.140025)
2026-03-06 01:28:12,810 - INFO - Epoch  16/50 | Train: 0.174814 | Val: 0.178310 | Corr: 0.140854 | LR: 1.00e-03
2026-03-06 01:28:12,819 - INFO -   ↳ Saved best model (val_corr=0.140854)
2026-03-06 01:28:16,229 - INFO - Epoch  17/50 | Train: 0.174742 | Val: 0.178406 | Corr: 0.143652 | LR: 1.00e-03
2026-03-06 01:28:16,237 - INFO -   ↳ Saved best model (val_corr=0.143652)
2026-03-06 01:28:19,670 - INFO - Epoch  18/50 | Train: 0.174637 | Val: 0.178571 | Corr: 0.142922 | LR: 1.00e-03
2026-03-06 01:28:22,829 - INFO - Epoch  19/50 | Train: 0.174501 | Val: 0.178072 | Corr: 0.144337 | LR: 1.00e-03
2026-03-06 01:28:22,836 - INFO -   ↳ Saved best model (val_corr=0.144337)
2026-03-06 01:28:26,392 - INFO - Epoch  20/50 | Train: 0.174365 | Val: 0.178480 | Corr: 0.145791 | LR: 1.00e-03
2026-03-06 01:28:26,401 - INFO -   ↳ Saved best model (val_corr=0.145791)
2026-03-06 01:28:29,742 - INFO - Epoch  21/50 | Train: 0.174101 | Val: 0.179284 | Corr: 0.145823 | LR: 1.00e-03
2026-03-06 01:28:29,751 - INFO -   ↳ Saved best model (val_corr=0.145823)
2026-03-06 01:28:33,366 - INFO - Epoch  22/50 | Train: 0.174149 | Val: 0.177952 | Corr: 0.146904 | LR: 1.00e-03
2026-03-06 01:28:33,374 - INFO -   ↳ Saved best model (val_corr=0.146904)
2026-03-06 01:28:36,689 - INFO - Epoch  23/50 | Train: 0.174014 | Val: 0.177813 | Corr: 0.146045 | LR: 1.00e-03
2026-03-06 01:28:40,221 - INFO - Epoch  24/50 | Train: 0.173848 | Val: 0.179185 | Corr: 0.147005 | LR: 1.00e-03
2026-03-06 01:28:40,232 - INFO -   ↳ Saved best model (val_corr=0.147005)
2026-03-06 01:28:43,998 - INFO - Epoch  25/50 | Train: 0.173719 | Val: 0.177842 | Corr: 0.148433 | LR: 1.00e-03
2026-03-06 01:28:44,006 - INFO -   ↳ Saved best model (val_corr=0.148433)
2026-03-06 01:28:47,548 - INFO - Epoch  26/50 | Train: 0.173506 | Val: 0.177626 | Corr: 0.148199 | LR: 1.00e-03
2026-03-06 01:28:51,990 - INFO - Epoch  27/50 | Train: 0.173422 | Val: 0.178944 | Corr: 0.148712 | LR: 1.00e-03
2026-03-06 01:28:51,999 - INFO -   ↳ Saved best model (val_corr=0.148712)
2026-03-06 01:28:55,972 - INFO - Epoch  28/50 | Train: 0.173422 | Val: 0.178103 | Corr: 0.147061 | LR: 1.00e-03
2026-03-06 01:29:00,071 - INFO - Epoch  29/50 | Train: 0.173292 | Val: 0.177275 | Corr: 0.149150 | LR: 1.00e-03
2026-03-06 01:29:00,080 - INFO -   ↳ Saved best model (val_corr=0.149150)
2026-03-06 01:29:04,033 - INFO - Epoch  30/50 | Train: 0.173186 | Val: 0.178246 | Corr: 0.149352 | LR: 1.00e-03
2026-03-06 01:29:04,041 - INFO -   ↳ Saved best model (val_corr=0.149352)
2026-03-06 01:29:07,460 - INFO - Epoch  31/50 | Train: 0.173085 | Val: 0.177618 | Corr: 0.148966 | LR: 1.00e-03
2026-03-06 01:29:10,633 - INFO - Epoch  32/50 | Train: 0.173122 | Val: 0.177285 | Corr: 0.149327 | LR: 1.00e-03
2026-03-06 01:29:13,270 - INFO - Epoch  33/50 | Train: 0.173169 | Val: 0.177864 | Corr: 0.149064 | LR: 1.00e-03
2026-03-06 01:29:16,242 - INFO - Epoch  34/50 | Train: 0.172898 | Val: 0.178777 | Corr: 0.150326 | LR: 1.00e-03
2026-03-06 01:29:16,250 - INFO -   ↳ Saved best model (val_corr=0.150326)
2026-03-06 01:29:19,216 - INFO - Epoch  35/50 | Train: 0.172893 | Val: 0.178081 | Corr: 0.148939 | LR: 5.00e-04
2026-03-06 01:29:22,459 - INFO - Epoch  36/50 | Train: 0.172290 | Val: 0.177366 | Corr: 0.150525 | LR: 5.00e-04
2026-03-06 01:29:22,467 - INFO -   ↳ Saved best model (val_corr=0.150525)
2026-03-06 01:29:25,688 - INFO - Epoch  37/50 | Train: 0.172139 | Val: 0.177885 | Corr: 0.150360 | LR: 5.00e-04
2026-03-06 01:29:28,932 - INFO - Epoch  38/50 | Train: 0.172138 | Val: 0.177296 | Corr: 0.150565 | LR: 5.00e-04
2026-03-06 01:29:28,942 - INFO -   ↳ Saved best model (val_corr=0.150565)
2026-03-06 01:29:32,348 - INFO - Epoch  39/50 | Train: 0.172110 | Val: 0.177413 | Corr: 0.150474 | LR: 5.00e-04
2026-03-06 01:29:35,790 - INFO - Epoch  40/50 | Train: 0.172022 | Val: 0.177223 | Corr: 0.150283 | LR: 5.00e-04
2026-03-06 01:29:39,209 - INFO - Epoch  41/50 | Train: 0.172072 | Val: 0.177302 | Corr: 0.150388 | LR: 5.00e-04
2026-03-06 01:29:42,230 - INFO - Epoch  42/50 | Train: 0.171998 | Val: 0.178086 | Corr: 0.151204 | LR: 5.00e-04
2026-03-06 01:29:42,239 - INFO -   ↳ Saved best model (val_corr=0.151204)
2026-03-06 01:29:45,155 - INFO - Epoch  43/50 | Train: 0.172001 | Val: 0.177663 | Corr: 0.151118 | LR: 5.00e-04
2026-03-06 01:29:48,101 - INFO - Epoch  44/50 | Train: 0.171955 | Val: 0.177836 | Corr: 0.150804 | LR: 5.00e-04
2026-03-06 01:29:51,538 - INFO - Epoch  45/50 | Train: 0.171988 | Val: 0.177260 | Corr: 0.150933 | LR: 5.00e-04
2026-03-06 01:29:55,161 - INFO - Epoch  46/50 | Train: 0.171838 | Val: 0.177714 | Corr: 0.150916 | LR: 2.50e-04
2026-03-06 01:29:58,932 - INFO - Epoch  47/50 | Train: 0.171600 | Val: 0.177844 | Corr: 0.150992 | LR: 2.50e-04
2026-03-06 01:30:02,906 - INFO - Epoch  48/50 | Train: 0.171587 | Val: 0.177622 | Corr: 0.150612 | LR: 2.50e-04
2026-03-06 01:30:07,222 - INFO - Epoch  49/50 | Train: 0.171566 | Val: 0.177481 | Corr: 0.151069 | LR: 2.50e-04
2026-03-06 01:30:10,730 - INFO - Epoch  50/50 | Train: 0.171439 | Val: 0.177752 | Corr: 0.150954 | LR: 2.50e-04
2026-03-06 01:30:10,730 - INFO - Training complete — best val corr: 0.151204
2026-03-06 01:30:11,931 - INFO - Test loss: 0.167645, Test corr: 0.144910
2026-03-06 01:30:12,170 - INFO - Fraction of variance explained (FVE): 0.021982
2026-03-06 01:30:12,170 - INFO - Computing autoregressive (AR) test predictions …
2026-03-06 01:30:12,556 - INFO - AR FVE: 0.019411, AR test corr: 0.133945
2026-03-06 01:30:12,556 - INFO - Generating figures …
2026-03-06 01:30:12,904 - INFO - Correlation between predicted and actual per-neuron averages: r=0.9923, p=0.00e+00
2026-03-06 01:30:14,367 - INFO - Pattern selectivity summary:
2026-03-06 01:30:14,367 - INFO -   Mean correlation across neurons: 0.5602
2026-03-06 01:30:14,367 - INFO -   Median correlation: 0.5880
2026-03-06 01:30:14,367 - INFO -   Neurons with r > 0.5: 41 / 63
2026-03-06 01:30:14,367 - INFO -   Neurons with r > 0.3: 60 / 63
2026-03-06 01:30:14,367 - INFO - Pattern selectivity — mean neuron corr: 0.5602
2026-03-06 01:30:15,601 - INFO - LOO (avg rate) — Model mean r: 0.3967, LOO mean r: 0.4546, Neurons model > LOO: 13/63
2026-03-06 01:30:18,355 - INFO - LOO (temporal) — Model mean r: 0.1513, LOO mean r: 0.3186, Neurons model > LOO: 2/63
2026-03-06 01:30:18,356 - INFO - Skipping oracle trial plots (skip_oracle_plots=True)
2026-03-06 01:30:18,361 - INFO - Experiment complete. Summary: {
  "run_dir": "/scratch/sb272/patterns5k_results/slurm_hist_cnn_2026-03-05_16-01-45/trial_0556_learning_rate=1.0e-03_history=5_kernel_sizes=3x3_conv_channels=64x128_fc_dims=256_seed0",
  "model_type": "cnn",
  "batch_avg_test_loss": 0.1676452213525772,
  "batch_avg_test_corr": 0.1449096232923377,
  "all_test_fve": 0.021981789006127253,
  "AR_FVE": 0.019410565732017396,
  "AR_test_correlation": 0.1339450180530548,
  "best_val_corr": 0.15120445093272109,
  "total_params": 94527,
  "trainable_params": 94527,
  "epochs_trained": 50,
  "mean_pattern_corr": 0.5601564148647186,
  "history": 5,
  "init_state": true,
  "loo_avg_mean_corr": 0.45456832695830385,
  "model_avg_mean_corr": 0.3967368831003446,
  "neurons_model_beats_loo_avg": 13,
  "loo_temporal_mean_corr": 0.31855225563049316,
  "all_test_corr": 0.15130406618118286,
  "neurons_model_beats_loo_temporal": 2,
  "kernel_sizes": [
    3,
    3
  ],
  "conv_channels": [
    64,
    128
  ],
  "fc_dims": [
    256
  ]
}
