2026-02-26 01:28:45,504 - INFO - ============================================================
2026-02-26 01:28:45,504 - INFO - Experiment run directory: results/cache_cnn_sweep_2026-02-26_00-36-32/trial_0010_kernel_sizes=3_conv_channels=256_fc_dims=256
2026-02-26 01:28:45,504 - INFO - ============================================================
2026-02-26 01:28:45,504 - INFO - Using preloaded raw data (skipping I/O)
2026-02-26 01:28:45,504 - INFO - Stimulation channels: 42, Spiking neurons: 63
2026-02-26 01:28:45,504 - INFO - Unique patterns: 4050, Total trials: 5000
2026-02-26 01:28:45,517 - INFO - Split (oracle): train=3400, val=600, test=1000
2026-02-26 01:28:59,706 - INFO - BinnedStimSpikeDataset initialized:
2026-02-26 01:28:59,707 - INFO -   input_bin_size_ms=10, output_bin_size_ms=10
2026-02-26 01:28:59,707 - INFO -   n_input_bins=60, n_output_bins=60
2026-02-26 01:28:59,707 - INFO -   output_offset=0, total_bins_input=60, total_bins_output=60
2026-02-26 01:28:59,707 - INFO -   Valid start positions per trial: 0 to 0
2026-02-26 01:28:59,707 - INFO -   Total samples: 3400 (3400 trials × 1 positions)
2026-02-26 01:29:13,131 - INFO - BinnedStimSpikeDataset initialized:
2026-02-26 01:29:13,132 - INFO -   input_bin_size_ms=10, output_bin_size_ms=10
2026-02-26 01:29:13,132 - INFO -   n_input_bins=60, n_output_bins=60
2026-02-26 01:29:13,132 - INFO -   output_offset=0, total_bins_input=60, total_bins_output=60
2026-02-26 01:29:13,132 - INFO -   Valid start positions per trial: 0 to 0
2026-02-26 01:29:13,132 - INFO -   Total samples: 600 (600 trials × 1 positions)
2026-02-26 01:29:26,709 - INFO - BinnedStimSpikeDataset initialized:
2026-02-26 01:29:26,711 - INFO -   input_bin_size_ms=10, output_bin_size_ms=10
2026-02-26 01:29:26,711 - INFO -   n_input_bins=60, n_output_bins=60
2026-02-26 01:29:26,711 - INFO -   output_offset=0, total_bins_input=60, total_bins_output=60
2026-02-26 01:29:26,711 - INFO -   Valid start positions per trial: 0 to 0
2026-02-26 01:29:26,711 - INFO -   Total samples: 1000 (1000 trials × 1 positions)
2026-02-26 01:29:26,712 - INFO - Samples — train: 3400, val: 600, test: 1000
2026-02-26 01:29:26,712 - INFO - Input channels: 42, Neurons: 63
2026-02-26 01:29:26,712 - INFO - Using Apple Silicon MPS acceleration
2026-02-26 01:29:26,743 - INFO - Model: CACHE_CNN — 1,663,647 trainable params (1,663,647 total)
2026-02-26 01:29:26,744 - INFO - Starting training …
2026-02-26 01:29:32,569 - INFO - Epoch   1/50 | Train: 0.218147 | Val: 0.182750 | Corr: 0.204812 | LR: 1.00e-03
2026-02-26 01:29:32,622 - INFO -   ↳ Saved best model (val_corr=0.204812)
2026-02-26 01:29:38,201 - INFO - Epoch   2/50 | Train: 0.182876 | Val: 0.179565 | Corr: 0.240949 | LR: 1.00e-03
2026-02-26 01:29:38,241 - INFO -   ↳ Saved best model (val_corr=0.240949)
2026-02-26 01:29:43,880 - INFO - Epoch   3/50 | Train: 0.178465 | Val: 0.175396 | Corr: 0.258618 | LR: 1.00e-03
2026-02-26 01:29:43,914 - INFO -   ↳ Saved best model (val_corr=0.258618)
2026-02-26 01:29:49,424 - INFO - Epoch   4/50 | Train: 0.175553 | Val: 0.173048 | Corr: 0.269255 | LR: 1.00e-03
2026-02-26 01:29:49,458 - INFO -   ↳ Saved best model (val_corr=0.269255)
2026-02-26 01:29:54,963 - INFO - Epoch   5/50 | Train: 0.173099 | Val: 0.171520 | Corr: 0.276983 | LR: 1.00e-03
2026-02-26 01:29:54,995 - INFO -   ↳ Saved best model (val_corr=0.276983)
2026-02-26 01:30:00,496 - INFO - Epoch   6/50 | Train: 0.171145 | Val: 0.170147 | Corr: 0.283743 | LR: 1.00e-03
2026-02-26 01:30:00,530 - INFO -   ↳ Saved best model (val_corr=0.283743)
2026-02-26 01:30:09,245 - INFO - Epoch   7/50 | Train: 0.169562 | Val: 0.169506 | Corr: 0.287367 | LR: 1.00e-03
2026-02-26 01:30:09,282 - INFO -   ↳ Saved best model (val_corr=0.287367)
2026-02-26 01:30:32,773 - INFO - Epoch   8/50 | Train: 0.168360 | Val: 0.168905 | Corr: 0.289753 | LR: 1.00e-03
2026-02-26 01:30:32,805 - INFO -   ↳ Saved best model (val_corr=0.289753)
2026-02-26 01:30:46,244 - INFO - Epoch   9/50 | Train: 0.167314 | Val: 0.168491 | Corr: 0.292322 | LR: 1.00e-03
2026-02-26 01:30:46,273 - INFO -   ↳ Saved best model (val_corr=0.292322)
2026-02-26 01:30:55,381 - INFO - Epoch  10/50 | Train: 0.166295 | Val: 0.168456 | Corr: 0.294225 | LR: 1.00e-03
2026-02-26 01:30:55,411 - INFO -   ↳ Saved best model (val_corr=0.294225)
2026-02-26 01:31:03,249 - INFO - Epoch  11/50 | Train: 0.165441 | Val: 0.168034 | Corr: 0.296615 | LR: 1.00e-03
2026-02-26 01:31:03,279 - INFO -   ↳ Saved best model (val_corr=0.296615)
2026-02-26 01:31:10,813 - INFO - Epoch  12/50 | Train: 0.164561 | Val: 0.168086 | Corr: 0.297603 | LR: 1.00e-03
2026-02-26 01:31:10,840 - INFO -   ↳ Saved best model (val_corr=0.297603)
2026-02-26 01:31:18,155 - INFO - Epoch  13/50 | Train: 0.163917 | Val: 0.167597 | Corr: 0.298462 | LR: 1.00e-03
2026-02-26 01:31:18,183 - INFO -   ↳ Saved best model (val_corr=0.298462)
2026-02-26 01:31:25,332 - INFO - Epoch  14/50 | Train: 0.163227 | Val: 0.167730 | Corr: 0.298893 | LR: 1.00e-03
2026-02-26 01:31:25,359 - INFO -   ↳ Saved best model (val_corr=0.298893)
2026-02-26 01:31:32,376 - INFO - Epoch  15/50 | Train: 0.162522 | Val: 0.167653 | Corr: 0.299520 | LR: 1.00e-03
2026-02-26 01:31:32,406 - INFO -   ↳ Saved best model (val_corr=0.299520)
2026-02-26 01:31:39,420 - INFO - Epoch  16/50 | Train: 0.161890 | Val: 0.167846 | Corr: 0.300611 | LR: 1.00e-03
2026-02-26 01:31:39,447 - INFO -   ↳ Saved best model (val_corr=0.300611)
2026-02-26 01:31:46,556 - INFO - Epoch  17/50 | Train: 0.161263 | Val: 0.167815 | Corr: 0.300462 | LR: 1.00e-03
2026-02-26 01:31:53,580 - INFO - Epoch  18/50 | Train: 0.160755 | Val: 0.167835 | Corr: 0.300657 | LR: 1.00e-03
2026-02-26 01:31:53,607 - INFO -   ↳ Saved best model (val_corr=0.300657)
2026-02-26 01:32:00,585 - INFO - Epoch  19/50 | Train: 0.160164 | Val: 0.167853 | Corr: 0.300523 | LR: 5.00e-04
2026-02-26 01:32:07,584 - INFO - Epoch  20/50 | Train: 0.158631 | Val: 0.167444 | Corr: 0.301172 | LR: 5.00e-04
2026-02-26 01:32:07,610 - INFO -   ↳ Saved best model (val_corr=0.301172)
2026-02-26 01:32:14,570 - INFO - Epoch  21/50 | Train: 0.158101 | Val: 0.167838 | Corr: 0.300844 | LR: 5.00e-04
2026-02-26 01:32:21,556 - INFO - Epoch  22/50 | Train: 0.157687 | Val: 0.167954 | Corr: 0.300044 | LR: 5.00e-04
2026-02-26 01:32:28,553 - INFO - Epoch  23/50 | Train: 0.157364 | Val: 0.167953 | Corr: 0.300015 | LR: 5.00e-04
2026-02-26 01:32:35,512 - INFO - Epoch  24/50 | Train: 0.157057 | Val: 0.167920 | Corr: 0.300192 | LR: 5.00e-04
2026-02-26 01:32:42,515 - INFO - Epoch  25/50 | Train: 0.156773 | Val: 0.168005 | Corr: 0.299517 | LR: 5.00e-04
2026-02-26 01:32:49,537 - INFO - Epoch  26/50 | Train: 0.156547 | Val: 0.168132 | Corr: 0.299425 | LR: 2.50e-04
2026-02-26 01:32:56,855 - INFO - Epoch  27/50 | Train: 0.155622 | Val: 0.168223 | Corr: 0.299536 | LR: 2.50e-04
2026-02-26 01:33:04,380 - INFO - Epoch  28/50 | Train: 0.155302 | Val: 0.168248 | Corr: 0.299395 | LR: 2.50e-04
2026-02-26 01:33:11,687 - INFO - Epoch  29/50 | Train: 0.155200 | Val: 0.168409 | Corr: 0.299156 | LR: 2.50e-04
2026-02-26 01:33:18,809 - INFO - Epoch  30/50 | Train: 0.154952 | Val: 0.168463 | Corr: 0.298872 | LR: 2.50e-04
2026-02-26 01:33:18,809 - INFO - Early stopping at epoch 30
2026-02-26 01:33:18,810 - INFO - Training complete — best val corr: 0.301172
2026-02-26 01:33:19,784 - INFO - Test loss: 0.159422, Test corr: 0.292875
2026-02-26 01:33:20,438 - INFO - Fraction of variance explained (FVE): 0.100285
2026-02-26 01:33:20,438 - INFO - Generating figures …
2026-02-26 01:33:20,643 - INFO - Correlation between predicted and actual per-neuron averages: r=0.9948, p=2.79e-62
2026-02-26 01:33:20,867 - WARNING - Could not generate pattern selectivity plot: 'NoneType' object has no attribute 'shape'
2026-02-26 01:33:20,872 - WARNING - LOO baseline failed: 'NoneType' object has no attribute 'shape'
2026-02-26 01:33:20,872 - INFO - Skipping oracle trial plots (skip_oracle_plots=True)
2026-02-26 01:33:20,872 - INFO - Experiment complete. Summary: {
  "run_dir": "results/cache_cnn_sweep_2026-02-26_00-36-32/trial_0010_kernel_sizes=3_conv_channels=256_fc_dims=256",
  "model_type": "cache_cnn",
  "batch_avg_test_loss": 0.1594222151041031,
  "batch_avg_test_corr": 0.2928745813457169,
  "all_test_fve": 0.10028461142191811,
  "AR_FVE": NaN,
  "AR_test_correlation": NaN,
  "best_val_corr": 0.30117218502127985,
  "total_params": 1663647,
  "trainable_params": 1663647,
  "epochs_trained": 30,
  "mean_pattern_corr": NaN,
  "history": 0,
  "init_state": false,
  "kernel_sizes": [
    3
  ],
  "conv_channels": [
    256
  ],
  "fc_dims": [
    256
  ],
  "cache_size": 10,
  "cache_embed_dim": 32
}
2026-02-26 01:33:20,873 - INFO - 
======================================================================
2026-02-26 01:33:20,874 - INFO - [12/135] trial_0011_kernel_sizes=3_conv_channels=256_fc_dims=256
2026-02-26 01:33:20,874 - INFO -   Overrides: {"_arch": {"kernel_sizes": [3], "conv_channels": [256], "fc_dims": [256]}, "cache_size": 10, "cache_embed_dim": 64}
2026-02-26 01:33:20,874 - INFO -   Output: results/cache_cnn_sweep_2026-02-26_00-36-32/trial_0011_kernel_sizes=3_conv_channels=256_fc_dims=256
