2026-03-04 16:57:08,415 - INFO - ============================================================
2026-03-04 16:57:08,415 - INFO - Experiment run directory: /scratch/sb272/patterns5k_results/slurm_base_cnn_2026-03-04_16-53-19/trial_0140_learning_rate=1.0e-03_kernel_sizes=5x3_conv_channels=128x256_fc_dims=1024_seed0
2026-03-04 16:57:08,415 - INFO - ============================================================
2026-03-04 16:57:08,415 - INFO - Loading data …
2026-03-04 16:57:09,763 - INFO - 63 unique neurons after dropping problematic neurons
2026-03-04 16:57:10,590 - INFO - Stimulation channels: 42, Spiking neurons: 63
2026-03-04 16:58:15,082 - INFO - Unique patterns: 4050, Total trials: 5000
2026-03-04 16:58:15,084 - INFO - Stimulation channels: 42, Spiking neurons: 63
2026-03-04 16:58:15,084 - INFO - Unique patterns: 4050, Total trials: 5000
2026-03-04 16:58:15,096 - INFO - Split (oracle): train=3400, val=600, test=1000
2026-03-04 16:58:29,337 - INFO - BinnedStimSpikeDataset initialized:
2026-03-04 16:58:29,337 - INFO -   input_bin_size_ms=10, output_bin_size_ms=10
2026-03-04 16:58:29,337 - INFO -   n_input_bins=60, n_output_bins=60
2026-03-04 16:58:29,337 - INFO -   output_offset=0, total_bins_input=60, total_bins_output=60
2026-03-04 16:58:29,337 - INFO -   Valid start positions per trial: 0 to 0
2026-03-04 16:58:29,337 - INFO -   Total samples: 3400 (3400 trials × 1 positions)
2026-03-04 16:58:43,127 - INFO - BinnedStimSpikeDataset initialized:
2026-03-04 16:58:43,127 - INFO -   input_bin_size_ms=10, output_bin_size_ms=10
2026-03-04 16:58:43,127 - INFO -   n_input_bins=60, n_output_bins=60
2026-03-04 16:58:43,127 - INFO -   output_offset=0, total_bins_input=60, total_bins_output=60
2026-03-04 16:58:43,127 - INFO -   Valid start positions per trial: 0 to 0
2026-03-04 16:58:43,127 - INFO -   Total samples: 600 (600 trials × 1 positions)
2026-03-04 16:58:57,077 - INFO - BinnedStimSpikeDataset initialized:
2026-03-04 16:58:57,077 - INFO -   input_bin_size_ms=10, output_bin_size_ms=10
2026-03-04 16:58:57,077 - INFO -   n_input_bins=60, n_output_bins=60
2026-03-04 16:58:57,077 - INFO -   output_offset=0, total_bins_input=60, total_bins_output=60
2026-03-04 16:58:57,077 - INFO -   Valid start positions per trial: 0 to 0
2026-03-04 16:58:57,077 - INFO -   Total samples: 1000 (1000 trials × 1 positions)
2026-03-04 16:58:57,077 - INFO - Samples — train: 3400, val: 600, test: 1000
2026-03-04 16:58:57,078 - INFO - Input channels: 42, Neurons: 63
2026-03-04 16:58:57,101 - INFO - Using CPU
2026-03-04 16:58:57,266 - INFO - Model: CNN — 454,079 trainable params (454,079 total)
2026-03-04 16:59:07,144 - INFO - Starting training …
2026-03-04 16:59:14,691 - INFO - Epoch   1/50 | Train: 0.200541 | Val: 0.190853 | Corr: 0.077833 | LR: 1.00e-03
2026-03-04 16:59:14,719 - INFO -   ↳ Saved best model (val_corr=0.077833)
2026-03-04 16:59:20,976 - INFO - Epoch   2/50 | Train: 0.181294 | Val: 0.190409 | Corr: 0.097223 | LR: 1.00e-03
2026-03-04 16:59:21,002 - INFO -   ↳ Saved best model (val_corr=0.097223)
2026-03-04 16:59:27,254 - INFO - Epoch   3/50 | Train: 0.179544 | Val: 0.182283 | Corr: 0.109297 | LR: 1.00e-03
2026-03-04 16:59:27,276 - INFO -   ↳ Saved best model (val_corr=0.109297)
2026-03-04 16:59:33,576 - INFO - Epoch   4/50 | Train: 0.178279 | Val: 0.183881 | Corr: 0.115499 | LR: 1.00e-03
2026-03-04 16:59:33,604 - INFO -   ↳ Saved best model (val_corr=0.115499)
2026-03-04 16:59:39,929 - INFO - Epoch   5/50 | Train: 0.177356 | Val: 0.182168 | Corr: 0.120636 | LR: 1.00e-03
2026-03-04 16:59:39,966 - INFO -   ↳ Saved best model (val_corr=0.120636)
2026-03-04 16:59:46,210 - INFO - Epoch   6/50 | Train: 0.176787 | Val: 0.180520 | Corr: 0.124992 | LR: 1.00e-03
2026-03-04 16:59:46,233 - INFO -   ↳ Saved best model (val_corr=0.124992)
2026-03-04 16:59:52,376 - INFO - Epoch   7/50 | Train: 0.176117 | Val: 0.181156 | Corr: 0.127539 | LR: 1.00e-03
2026-03-04 16:59:52,408 - INFO -   ↳ Saved best model (val_corr=0.127539)
2026-03-04 16:59:58,941 - INFO - Epoch   8/50 | Train: 0.175904 | Val: 0.181275 | Corr: 0.130002 | LR: 1.00e-03
2026-03-04 16:59:58,976 - INFO -   ↳ Saved best model (val_corr=0.130002)
2026-03-04 17:00:05,646 - INFO - Epoch   9/50 | Train: 0.175459 | Val: 0.183765 | Corr: 0.132246 | LR: 1.00e-03
2026-03-04 17:00:05,667 - INFO -   ↳ Saved best model (val_corr=0.132246)
2026-03-04 17:00:12,276 - INFO - Epoch  10/50 | Train: 0.174818 | Val: 0.181657 | Corr: 0.133387 | LR: 1.00e-03
2026-03-04 17:00:12,306 - INFO -   ↳ Saved best model (val_corr=0.133387)
2026-03-04 17:00:18,947 - INFO - Epoch  11/50 | Train: 0.174680 | Val: 0.181150 | Corr: 0.133035 | LR: 1.00e-03
2026-03-04 17:00:25,579 - INFO - Epoch  12/50 | Train: 0.174462 | Val: 0.180425 | Corr: 0.135426 | LR: 1.00e-03
2026-03-04 17:00:25,596 - INFO -   ↳ Saved best model (val_corr=0.135426)
2026-03-04 17:00:32,105 - INFO - Epoch  13/50 | Train: 0.174186 | Val: 0.179519 | Corr: 0.135500 | LR: 1.00e-03
2026-03-04 17:00:32,135 - INFO -   ↳ Saved best model (val_corr=0.135500)
2026-03-04 17:00:38,344 - INFO - Epoch  14/50 | Train: 0.173845 | Val: 0.180030 | Corr: 0.134935 | LR: 1.00e-03
2026-03-04 17:00:44,386 - INFO - Epoch  15/50 | Train: 0.173570 | Val: 0.183161 | Corr: 0.137652 | LR: 1.00e-03
2026-03-04 17:00:44,403 - INFO -   ↳ Saved best model (val_corr=0.137652)
2026-03-04 17:00:50,585 - INFO - Epoch  16/50 | Train: 0.173385 | Val: 0.179816 | Corr: 0.133463 | LR: 1.00e-03
2026-03-04 17:00:56,754 - INFO - Epoch  17/50 | Train: 0.173226 | Val: 0.180687 | Corr: 0.136390 | LR: 1.00e-03
2026-03-04 17:01:02,888 - INFO - Epoch  18/50 | Train: 0.172886 | Val: 0.180635 | Corr: 0.136419 | LR: 1.00e-03
2026-03-04 17:01:08,981 - INFO - Epoch  19/50 | Train: 0.172759 | Val: 0.183395 | Corr: 0.138789 | LR: 5.00e-04
2026-03-04 17:01:08,999 - INFO -   ↳ Saved best model (val_corr=0.138789)
2026-03-04 17:01:15,170 - INFO - Epoch  20/50 | Train: 0.171733 | Val: 0.180890 | Corr: 0.138985 | LR: 5.00e-04
2026-03-04 17:01:15,186 - INFO -   ↳ Saved best model (val_corr=0.138985)
2026-03-04 17:01:21,361 - INFO - Epoch  21/50 | Train: 0.171377 | Val: 0.180100 | Corr: 0.138576 | LR: 5.00e-04
2026-03-04 17:01:27,512 - INFO - Epoch  22/50 | Train: 0.171288 | Val: 0.181115 | Corr: 0.138301 | LR: 5.00e-04
2026-03-04 17:01:33,704 - INFO - Epoch  23/50 | Train: 0.171020 | Val: 0.180620 | Corr: 0.137059 | LR: 5.00e-04
2026-03-04 17:01:40,157 - INFO - Epoch  24/50 | Train: 0.170952 | Val: 0.181983 | Corr: 0.137611 | LR: 5.00e-04
2026-03-04 17:01:46,749 - INFO - Epoch  25/50 | Train: 0.170867 | Val: 0.179711 | Corr: 0.138029 | LR: 2.50e-04
2026-03-04 17:01:53,261 - INFO - Epoch  26/50 | Train: 0.170284 | Val: 0.181333 | Corr: 0.138558 | LR: 2.50e-04
2026-03-04 17:01:59,855 - INFO - Epoch  27/50 | Train: 0.170080 | Val: 0.180345 | Corr: 0.138236 | LR: 2.50e-04
2026-03-04 17:02:06,401 - INFO - Epoch  28/50 | Train: 0.170008 | Val: 0.180716 | Corr: 0.137832 | LR: 2.50e-04
2026-03-04 17:02:12,931 - INFO - Epoch  29/50 | Train: 0.169850 | Val: 0.180544 | Corr: 0.137801 | LR: 2.50e-04
2026-03-04 17:02:19,212 - INFO - Epoch  30/50 | Train: 0.169715 | Val: 0.179999 | Corr: 0.137315 | LR: 2.50e-04
2026-03-04 17:02:19,213 - INFO - Early stopping at epoch 30
2026-03-04 17:02:19,213 - INFO - Training complete — best val corr: 0.138985
2026-03-04 17:02:20,315 - INFO - Test loss: 0.170636, Test corr: 0.138105
2026-03-04 17:02:20,771 - INFO - Fraction of variance explained (FVE): 0.007408
2026-03-04 17:02:20,771 - INFO - Generating figures …
2026-03-04 17:02:21,257 - INFO - Correlation between predicted and actual per-neuron averages: r=0.9890, p=0.00e+00
2026-03-04 17:02:22,764 - INFO - Pattern selectivity summary:
2026-03-04 17:02:22,764 - INFO -   Mean correlation across neurons: 0.4968
2026-03-04 17:02:22,766 - INFO -   Median correlation: 0.5299
2026-03-04 17:02:22,766 - INFO -   Neurons with r > 0.5: 35 / 63
2026-03-04 17:02:22,766 - INFO -   Neurons with r > 0.3: 52 / 63
2026-03-04 17:02:22,766 - INFO - Pattern selectivity — mean neuron corr: 0.4968
2026-03-04 17:02:24,002 - INFO - LOO (avg rate) — Model mean r: 0.2938, LOO mean r: 0.4546, Neurons model > LOO: 1/63
2026-03-04 17:02:25,578 - INFO - LOO (temporal) — Model mean r: 0.1390, LOO mean r: 0.3186, Neurons model > LOO: 0/63
2026-03-04 17:02:25,579 - INFO - Skipping oracle trial plots (skip_oracle_plots=True)
2026-03-04 17:02:25,596 - INFO - Experiment complete. Summary: {
  "run_dir": "/scratch/sb272/patterns5k_results/slurm_base_cnn_2026-03-04_16-53-19/trial_0140_learning_rate=1.0e-03_kernel_sizes=5x3_conv_channels=128x256_fc_dims=1024_seed0",
  "model_type": "cnn",
  "batch_avg_test_loss": 0.1706363731622696,
  "batch_avg_test_corr": 0.13810485440359144,
  "all_test_fve": 0.0074075668577163935,
  "AR_FVE": NaN,
  "AR_test_correlation": NaN,
  "best_val_corr": 0.13898467647749685,
  "total_params": 454079,
  "trainable_params": 454079,
  "epochs_trained": 30,
  "mean_pattern_corr": 0.49681486556129173,
  "history": 0,
  "init_state": true,
  "loo_avg_mean_corr": 0.45456832695830385,
  "model_avg_mean_corr": 0.29378972695125655,
  "neurons_model_beats_loo_avg": 1,
  "loo_temporal_mean_corr": 0.31855225563049316,
  "all_test_corr": 0.13899101316928864,
  "neurons_model_beats_loo_temporal": 0,
  "kernel_sizes": [
    5,
    3
  ],
  "conv_channels": [
    128,
    256
  ],
  "fc_dims": [
    1024
  ]
}
