2026-03-05 20:02:23,961 - INFO - ============================================================
2026-03-05 20:02:23,961 - INFO - Experiment run directory: /scratch/sb272/patterns5k_results/slurm_hist_cnn_2026-03-05_16-01-45/trial_0087_learning_rate=1.0e-04_history=1_kernel_sizes=3x3x3_conv_channels=128x128x128_fc_dims=512_seed1
2026-03-05 20:02:23,962 - INFO - ============================================================
2026-03-05 20:02:23,962 - INFO - Loading data …
2026-03-05 20:02:25,210 - INFO - 63 unique neurons after dropping problematic neurons
2026-03-05 20:02:26,962 - INFO - Stimulation channels: 42, Spiking neurons: 63
2026-03-05 20:05:05,602 - INFO - Unique patterns: 4050, Total trials: 5000
2026-03-05 20:05:05,604 - INFO - Stimulation channels: 42, Spiking neurons: 63
2026-03-05 20:05:05,604 - INFO - Unique patterns: 4050, Total trials: 5000
2026-03-05 20:05:05,627 - INFO - Split (oracle): train=3400, val=600, test=1000
2026-03-05 20:05:39,480 - INFO - BinnedStimSpikeDataset initialized:
2026-03-05 20:05:39,481 - INFO -   input_bin_size_ms=10, output_bin_size_ms=10
2026-03-05 20:05:39,481 - INFO -   n_input_bins=60, n_output_bins=60
2026-03-05 20:05:39,481 - INFO -   output_offset=0, total_bins_input=60, total_bins_output=60
2026-03-05 20:05:39,481 - INFO -   Valid start positions per trial: 0 to 0
2026-03-05 20:05:39,481 - INFO -   Total samples: 3400 (3400 trials × 1 positions)
2026-03-05 20:06:12,005 - INFO - BinnedStimSpikeDataset initialized:
2026-03-05 20:06:12,005 - INFO -   input_bin_size_ms=10, output_bin_size_ms=10
2026-03-05 20:06:12,005 - INFO -   n_input_bins=60, n_output_bins=60
2026-03-05 20:06:12,006 - INFO -   output_offset=0, total_bins_input=60, total_bins_output=60
2026-03-05 20:06:12,006 - INFO -   Valid start positions per trial: 0 to 0
2026-03-05 20:06:12,006 - INFO -   Total samples: 600 (600 trials × 1 positions)
2026-03-05 20:06:45,352 - INFO - BinnedStimSpikeDataset initialized:
2026-03-05 20:06:45,352 - INFO -   input_bin_size_ms=10, output_bin_size_ms=10
2026-03-05 20:06:45,352 - INFO -   n_input_bins=60, n_output_bins=60
2026-03-05 20:06:45,352 - INFO -   output_offset=0, total_bins_input=60, total_bins_output=60
2026-03-05 20:06:45,352 - INFO -   Valid start positions per trial: 0 to 0
2026-03-05 20:06:45,352 - INFO -   Total samples: 1000 (1000 trials × 1 positions)
2026-03-05 20:06:45,352 - INFO - Samples — train: 3400, val: 600, test: 1000
2026-03-05 20:06:45,352 - INFO - Input channels: 105, Neurons: 63
2026-03-05 20:06:45,372 - INFO - Using CPU
2026-03-05 20:06:45,378 - INFO - Model: CNN — 238,143 trainable params (238,143 total)
2026-03-05 20:06:48,955 - INFO - Starting training …
2026-03-05 20:06:59,624 - INFO - Epoch   1/50 | Train: 0.358856 | Val: 0.186692 | Corr: 0.091959 | LR: 1.00e-04
2026-03-05 20:06:59,642 - INFO -   ↳ Saved best model (val_corr=0.091959)
2026-03-05 20:07:09,058 - INFO - Epoch   2/50 | Train: 0.182071 | Val: 0.179385 | Corr: 0.122372 | LR: 1.00e-04
2026-03-05 20:07:09,073 - INFO -   ↳ Saved best model (val_corr=0.122372)
2026-03-05 20:07:17,725 - INFO - Epoch   3/50 | Train: 0.179229 | Val: 0.176704 | Corr: 0.135879 | LR: 1.00e-04
2026-03-05 20:07:17,740 - INFO -   ↳ Saved best model (val_corr=0.135879)
2026-03-05 20:07:26,923 - INFO - Epoch   4/50 | Train: 0.177384 | Val: 0.175779 | Corr: 0.145125 | LR: 1.00e-04
2026-03-05 20:07:26,936 - INFO -   ↳ Saved best model (val_corr=0.145125)
2026-03-05 20:07:36,255 - INFO - Epoch   5/50 | Train: 0.175895 | Val: 0.173601 | Corr: 0.153091 | LR: 1.00e-04
2026-03-05 20:07:36,272 - INFO -   ↳ Saved best model (val_corr=0.153091)
2026-03-05 20:07:45,449 - INFO - Epoch   6/50 | Train: 0.174551 | Val: 0.172847 | Corr: 0.159330 | LR: 1.00e-04
2026-03-05 20:07:45,462 - INFO -   ↳ Saved best model (val_corr=0.159330)
2026-03-05 20:07:55,057 - INFO - Epoch   7/50 | Train: 0.173482 | Val: 0.171776 | Corr: 0.163861 | LR: 1.00e-04
2026-03-05 20:07:55,071 - INFO -   ↳ Saved best model (val_corr=0.163861)
2026-03-05 20:08:04,705 - INFO - Epoch   8/50 | Train: 0.172728 | Val: 0.171276 | Corr: 0.167736 | LR: 1.00e-04
2026-03-05 20:08:04,720 - INFO -   ↳ Saved best model (val_corr=0.167736)
2026-03-05 20:08:14,352 - INFO - Epoch   9/50 | Train: 0.172025 | Val: 0.170633 | Corr: 0.171578 | LR: 1.00e-04
2026-03-05 20:08:14,368 - INFO -   ↳ Saved best model (val_corr=0.171578)
2026-03-05 20:08:24,106 - INFO - Epoch  10/50 | Train: 0.171446 | Val: 0.169971 | Corr: 0.175681 | LR: 1.00e-04
2026-03-05 20:08:24,121 - INFO -   ↳ Saved best model (val_corr=0.175681)
2026-03-05 20:08:33,951 - INFO - Epoch  11/50 | Train: 0.170822 | Val: 0.169327 | Corr: 0.178356 | LR: 1.00e-04
2026-03-05 20:08:33,966 - INFO -   ↳ Saved best model (val_corr=0.178356)
2026-03-05 20:08:42,757 - INFO - Epoch  12/50 | Train: 0.170312 | Val: 0.169456 | Corr: 0.182185 | LR: 1.00e-04
2026-03-05 20:08:42,771 - INFO -   ↳ Saved best model (val_corr=0.182185)
2026-03-05 20:08:52,159 - INFO - Epoch  13/50 | Train: 0.169843 | Val: 0.168700 | Corr: 0.185748 | LR: 1.00e-04
2026-03-05 20:08:52,173 - INFO -   ↳ Saved best model (val_corr=0.185748)
2026-03-05 20:09:01,671 - INFO - Epoch  14/50 | Train: 0.169283 | Val: 0.168167 | Corr: 0.188853 | LR: 1.00e-04
2026-03-05 20:09:01,684 - INFO -   ↳ Saved best model (val_corr=0.188853)
2026-03-05 20:09:10,994 - INFO - Epoch  15/50 | Train: 0.168858 | Val: 0.168037 | Corr: 0.191592 | LR: 1.00e-04
2026-03-05 20:09:11,013 - INFO -   ↳ Saved best model (val_corr=0.191592)
2026-03-05 20:09:20,757 - INFO - Epoch  16/50 | Train: 0.168393 | Val: 0.167250 | Corr: 0.195396 | LR: 1.00e-04
2026-03-05 20:09:20,769 - INFO -   ↳ Saved best model (val_corr=0.195396)
2026-03-05 20:09:30,563 - INFO - Epoch  17/50 | Train: 0.168029 | Val: 0.166969 | Corr: 0.198198 | LR: 1.00e-04
2026-03-05 20:09:30,576 - INFO -   ↳ Saved best model (val_corr=0.198198)
2026-03-05 20:09:40,318 - INFO - Epoch  18/50 | Train: 0.167606 | Val: 0.166709 | Corr: 0.200980 | LR: 1.00e-04
2026-03-05 20:09:40,331 - INFO -   ↳ Saved best model (val_corr=0.200980)
2026-03-05 20:09:50,134 - INFO - Epoch  19/50 | Train: 0.167287 | Val: 0.166163 | Corr: 0.202957 | LR: 1.00e-04
2026-03-05 20:09:50,147 - INFO -   ↳ Saved best model (val_corr=0.202957)
2026-03-05 20:09:59,959 - INFO - Epoch  20/50 | Train: 0.166870 | Val: 0.165894 | Corr: 0.205593 | LR: 1.00e-04
2026-03-05 20:09:59,982 - INFO -   ↳ Saved best model (val_corr=0.205593)
2026-03-05 20:10:08,749 - INFO - Epoch  21/50 | Train: 0.166542 | Val: 0.166091 | Corr: 0.207412 | LR: 1.00e-04
2026-03-05 20:10:08,762 - INFO -   ↳ Saved best model (val_corr=0.207412)
2026-03-05 20:10:17,949 - INFO - Epoch  22/50 | Train: 0.166214 | Val: 0.165342 | Corr: 0.209902 | LR: 1.00e-04
2026-03-05 20:10:17,963 - INFO -   ↳ Saved best model (val_corr=0.209902)
2026-03-05 20:10:27,467 - INFO - Epoch  23/50 | Train: 0.165887 | Val: 0.165192 | Corr: 0.212150 | LR: 1.00e-04
2026-03-05 20:10:27,482 - INFO -   ↳ Saved best model (val_corr=0.212150)
2026-03-05 20:10:36,690 - INFO - Epoch  24/50 | Train: 0.165628 | Val: 0.165157 | Corr: 0.213951 | LR: 1.00e-04
2026-03-05 20:10:36,702 - INFO -   ↳ Saved best model (val_corr=0.213951)
2026-03-05 20:10:46,157 - INFO - Epoch  25/50 | Train: 0.165400 | Val: 0.164713 | Corr: 0.216292 | LR: 1.00e-04
2026-03-05 20:10:46,173 - INFO -   ↳ Saved best model (val_corr=0.216292)
2026-03-05 20:10:55,855 - INFO - Epoch  26/50 | Train: 0.165090 | Val: 0.164759 | Corr: 0.217815 | LR: 1.00e-04
2026-03-05 20:10:55,871 - INFO -   ↳ Saved best model (val_corr=0.217815)
2026-03-05 20:11:05,515 - INFO - Epoch  27/50 | Train: 0.164851 | Val: 0.164036 | Corr: 0.219277 | LR: 1.00e-04
2026-03-05 20:11:05,528 - INFO -   ↳ Saved best model (val_corr=0.219277)
2026-03-05 20:11:15,176 - INFO - Epoch  28/50 | Train: 0.164590 | Val: 0.164187 | Corr: 0.221376 | LR: 1.00e-04
2026-03-05 20:11:15,190 - INFO -   ↳ Saved best model (val_corr=0.221376)
2026-03-05 20:11:24,900 - INFO - Epoch  29/50 | Train: 0.164405 | Val: 0.164420 | Corr: 0.222512 | LR: 1.00e-04
2026-03-05 20:11:24,916 - INFO -   ↳ Saved best model (val_corr=0.222512)
2026-03-05 20:11:34,606 - INFO - Epoch  30/50 | Train: 0.164200 | Val: 0.163710 | Corr: 0.224369 | LR: 1.00e-04
2026-03-05 20:11:34,619 - INFO -   ↳ Saved best model (val_corr=0.224369)
2026-03-05 20:11:43,065 - INFO - Epoch  31/50 | Train: 0.163985 | Val: 0.163767 | Corr: 0.225958 | LR: 1.00e-04
2026-03-05 20:11:43,076 - INFO -   ↳ Saved best model (val_corr=0.225958)
2026-03-05 20:11:52,136 - INFO - Epoch  32/50 | Train: 0.163793 | Val: 0.163290 | Corr: 0.227159 | LR: 1.00e-04
2026-03-05 20:11:52,150 - INFO -   ↳ Saved best model (val_corr=0.227159)
2026-03-05 20:12:01,626 - INFO - Epoch  33/50 | Train: 0.163576 | Val: 0.163358 | Corr: 0.227974 | LR: 1.00e-04
2026-03-05 20:12:01,640 - INFO -   ↳ Saved best model (val_corr=0.227974)
2026-03-05 20:12:11,031 - INFO - Epoch  34/50 | Train: 0.163359 | Val: 0.163420 | Corr: 0.228907 | LR: 1.00e-04
2026-03-05 20:12:11,052 - INFO -   ↳ Saved best model (val_corr=0.228907)
2026-03-05 20:12:20,547 - INFO - Epoch  35/50 | Train: 0.163167 | Val: 0.163800 | Corr: 0.230121 | LR: 1.00e-04
2026-03-05 20:12:20,559 - INFO -   ↳ Saved best model (val_corr=0.230121)
2026-03-05 20:12:30,207 - INFO - Epoch  36/50 | Train: 0.163024 | Val: 0.162954 | Corr: 0.232093 | LR: 1.00e-04
2026-03-05 20:12:30,225 - INFO -   ↳ Saved best model (val_corr=0.232093)
2026-03-05 20:12:39,848 - INFO - Epoch  37/50 | Train: 0.162885 | Val: 0.163311 | Corr: 0.232035 | LR: 1.00e-04
2026-03-05 20:12:49,644 - INFO - Epoch  38/50 | Train: 0.162749 | Val: 0.162977 | Corr: 0.233635 | LR: 1.00e-04
2026-03-05 20:12:49,659 - INFO -   ↳ Saved best model (val_corr=0.233635)
2026-03-05 20:12:59,365 - INFO - Epoch  39/50 | Train: 0.162569 | Val: 0.162433 | Corr: 0.235143 | LR: 1.00e-04
2026-03-05 20:12:59,378 - INFO -   ↳ Saved best model (val_corr=0.235143)
2026-03-05 20:13:09,179 - INFO - Epoch  40/50 | Train: 0.162475 | Val: 0.162516 | Corr: 0.235998 | LR: 1.00e-04
2026-03-05 20:13:09,195 - INFO -   ↳ Saved best model (val_corr=0.235998)
2026-03-05 20:13:17,794 - INFO - Epoch  41/50 | Train: 0.162271 | Val: 0.162705 | Corr: 0.237175 | LR: 1.00e-04
2026-03-05 20:13:17,809 - INFO -   ↳ Saved best model (val_corr=0.237175)
2026-03-05 20:13:26,888 - INFO - Epoch  42/50 | Train: 0.162116 | Val: 0.162480 | Corr: 0.237773 | LR: 1.00e-04
2026-03-05 20:13:26,903 - INFO -   ↳ Saved best model (val_corr=0.237773)
2026-03-05 20:13:36,433 - INFO - Epoch  43/50 | Train: 0.161943 | Val: 0.162068 | Corr: 0.239285 | LR: 1.00e-04
2026-03-05 20:13:36,454 - INFO -   ↳ Saved best model (val_corr=0.239285)
2026-03-05 20:13:45,752 - INFO - Epoch  44/50 | Train: 0.161789 | Val: 0.162325 | Corr: 0.239857 | LR: 1.00e-04
2026-03-05 20:13:45,767 - INFO -   ↳ Saved best model (val_corr=0.239857)
2026-03-05 20:13:54,972 - INFO - Epoch  45/50 | Train: 0.161702 | Val: 0.161681 | Corr: 0.241495 | LR: 1.00e-04
2026-03-05 20:13:54,984 - INFO -   ↳ Saved best model (val_corr=0.241495)
2026-03-05 20:14:04,628 - INFO - Epoch  46/50 | Train: 0.161667 | Val: 0.161839 | Corr: 0.241828 | LR: 1.00e-04
2026-03-05 20:14:04,641 - INFO -   ↳ Saved best model (val_corr=0.241828)
2026-03-05 20:14:14,478 - INFO - Epoch  47/50 | Train: 0.161437 | Val: 0.161655 | Corr: 0.242456 | LR: 1.00e-04
2026-03-05 20:14:14,492 - INFO -   ↳ Saved best model (val_corr=0.242456)
2026-03-05 20:14:24,109 - INFO - Epoch  48/50 | Train: 0.161381 | Val: 0.161901 | Corr: 0.243526 | LR: 1.00e-04
2026-03-05 20:14:24,122 - INFO -   ↳ Saved best model (val_corr=0.243526)
2026-03-05 20:14:33,940 - INFO - Epoch  49/50 | Train: 0.161276 | Val: 0.161669 | Corr: 0.244091 | LR: 1.00e-04
2026-03-05 20:14:33,967 - INFO -   ↳ Saved best model (val_corr=0.244091)
2026-03-05 20:14:43,819 - INFO - Epoch  50/50 | Train: 0.161126 | Val: 0.161405 | Corr: 0.244657 | LR: 1.00e-04
2026-03-05 20:14:43,834 - INFO -   ↳ Saved best model (val_corr=0.244657)
2026-03-05 20:14:43,834 - INFO - Training complete — best val corr: 0.244657
2026-03-05 20:14:45,931 - INFO - Test loss: 0.152823, Test corr: 0.237105
2026-03-05 20:14:46,675 - INFO - Fraction of variance explained (FVE): 0.067700
2026-03-05 20:14:46,675 - INFO - Computing autoregressive (AR) test predictions …
2026-03-05 20:14:47,617 - INFO - AR FVE: -0.008992, AR test corr: 0.067289
2026-03-05 20:14:47,617 - INFO - Generating figures …
2026-03-05 20:14:48,316 - INFO - Correlation between predicted and actual per-neuron averages: r=0.9937, p=0.00e+00
2026-03-05 20:14:51,114 - INFO - Pattern selectivity summary:
2026-03-05 20:14:51,114 - INFO -   Mean correlation across neurons: 0.6953
2026-03-05 20:14:51,114 - INFO -   Median correlation: 0.7195
2026-03-05 20:14:51,115 - INFO -   Neurons with r > 0.5: 56 / 63
2026-03-05 20:14:51,115 - INFO -   Neurons with r > 0.3: 62 / 63
2026-03-05 20:14:51,115 - INFO - Pattern selectivity — mean neuron corr: 0.6953
2026-03-05 20:14:53,348 - INFO - LOO (avg rate) — Model mean r: 0.5727, LOO mean r: 0.4546, Neurons model > LOO: 51/63
2026-03-05 20:14:55,906 - INFO - LOO (temporal) — Model mean r: 0.2462, LOO mean r: 0.3186, Neurons model > LOO: 14/63
2026-03-05 20:14:55,906 - INFO - Skipping oracle trial plots (skip_oracle_plots=True)
2026-03-05 20:14:55,912 - INFO - Experiment complete. Summary: {
  "run_dir": "/scratch/sb272/patterns5k_results/slurm_hist_cnn_2026-03-05_16-01-45/trial_0087_learning_rate=1.0e-04_history=1_kernel_sizes=3x3x3_conv_channels=128x128x128_fc_dims=512_seed1",
  "model_type": "cnn",
  "batch_avg_test_loss": 0.15282257568836213,
  "batch_avg_test_corr": 0.23710546440416053,
  "all_test_fve": 0.06769991015631055,
  "AR_FVE": -0.008992109979901994,
  "AR_test_correlation": 0.06728935986757278,
  "best_val_corr": 0.24465734370055722,
  "total_params": 238143,
  "trainable_params": 238143,
  "epochs_trained": 50,
  "mean_pattern_corr": 0.6953095528420443,
  "history": 1,
  "init_state": true,
  "loo_avg_mean_corr": 0.45456832695830385,
  "model_avg_mean_corr": 0.5727163319230377,
  "neurons_model_beats_loo_avg": 51,
  "loo_temporal_mean_corr": 0.31855225563049316,
  "all_test_corr": 0.24624022841453552,
  "neurons_model_beats_loo_temporal": 14,
  "kernel_sizes": [
    3,
    3,
    3
  ],
  "conv_channels": [
    128,
    128,
    128
  ],
  "fc_dims": [
    512
  ]
}
