2026-03-03 21:01:46,881 - INFO - ============================================================
2026-03-03 21:01:46,881 - INFO - Experiment run directory: /scratch/sb272/patterns5k_results/slurm_hist_cnn_2026-03-03_15-13-01/trial_0236_learning_rate=1.0e-03_history=10_kernel_sizes=10x5_conv_channels=256x128_fc_dims=256_seed2
2026-03-03 21:01:46,881 - INFO - ============================================================
2026-03-03 21:01:46,881 - INFO - Loading data …
2026-03-03 21:01:47,530 - INFO - 63 unique neurons after dropping problematic neurons
2026-03-03 21:01:48,380 - INFO - Stimulation channels: 42, Spiking neurons: 63
2026-03-03 21:03:00,904 - INFO - Unique patterns: 4050, Total trials: 5000
2026-03-03 21:03:00,906 - INFO - Stimulation channels: 42, Spiking neurons: 63
2026-03-03 21:03:00,906 - INFO - Unique patterns: 4050, Total trials: 5000
2026-03-03 21:03:00,917 - INFO - Split (oracle): train=3400, val=600, test=1000
2026-03-03 21:03:15,392 - INFO - BinnedStimSpikeDataset initialized:
2026-03-03 21:03:15,392 - INFO -   input_bin_size_ms=10, output_bin_size_ms=10
2026-03-03 21:03:15,392 - INFO -   n_input_bins=60, n_output_bins=60
2026-03-03 21:03:15,392 - INFO -   output_offset=0, total_bins_input=60, total_bins_output=60
2026-03-03 21:03:15,392 - INFO -   Valid start positions per trial: 0 to 0
2026-03-03 21:03:15,392 - INFO -   Total samples: 3400 (3400 trials × 1 positions)
2026-03-03 21:03:29,424 - INFO - BinnedStimSpikeDataset initialized:
2026-03-03 21:03:29,424 - INFO -   input_bin_size_ms=10, output_bin_size_ms=10
2026-03-03 21:03:29,424 - INFO -   n_input_bins=60, n_output_bins=60
2026-03-03 21:03:29,424 - INFO -   output_offset=0, total_bins_input=60, total_bins_output=60
2026-03-03 21:03:29,424 - INFO -   Valid start positions per trial: 0 to 0
2026-03-03 21:03:29,424 - INFO -   Total samples: 600 (600 trials × 1 positions)
2026-03-03 21:03:43,529 - INFO - BinnedStimSpikeDataset initialized:
2026-03-03 21:03:43,529 - INFO -   input_bin_size_ms=10, output_bin_size_ms=10
2026-03-03 21:03:43,529 - INFO -   n_input_bins=60, n_output_bins=60
2026-03-03 21:03:43,529 - INFO -   output_offset=0, total_bins_input=60, total_bins_output=60
2026-03-03 21:03:43,529 - INFO -   Valid start positions per trial: 0 to 0
2026-03-03 21:03:43,529 - INFO -   Total samples: 1000 (1000 trials × 1 positions)
2026-03-03 21:03:43,529 - INFO - Samples — train: 3400, val: 600, test: 1000
2026-03-03 21:03:43,529 - INFO - Input channels: 105, Neurons: 63
2026-03-03 21:03:43,538 - INFO - Using CPU
2026-03-03 21:03:43,556 - INFO - Model: CNN — 483,007 trainable params (483,007 total)
2026-03-03 21:03:48,046 - INFO - Starting training …
2026-03-03 21:03:54,549 - INFO - Epoch   1/50 | Train: 0.221516 | Val: 0.184048 | Corr: 0.079300 | LR: 1.00e-03
2026-03-03 21:03:54,568 - INFO -   ↳ Saved best model (val_corr=0.079300)
2026-03-03 21:04:00,468 - INFO - Epoch   2/50 | Train: 0.182256 | Val: 0.180650 | Corr: 0.090069 | LR: 1.00e-03
2026-03-03 21:04:00,484 - INFO -   ↳ Saved best model (val_corr=0.090069)
2026-03-03 21:04:06,380 - INFO - Epoch   3/50 | Train: 0.179173 | Val: 0.179737 | Corr: 0.102497 | LR: 1.00e-03
2026-03-03 21:04:06,394 - INFO -   ↳ Saved best model (val_corr=0.102497)
2026-03-03 21:04:12,328 - INFO - Epoch   4/50 | Train: 0.176962 | Val: 0.179537 | Corr: 0.111267 | LR: 1.00e-03
2026-03-03 21:04:12,344 - INFO -   ↳ Saved best model (val_corr=0.111267)
2026-03-03 21:04:18,430 - INFO - Epoch   5/50 | Train: 0.175163 | Val: 0.181606 | Corr: 0.116187 | LR: 1.00e-03
2026-03-03 21:04:18,447 - INFO -   ↳ Saved best model (val_corr=0.116187)
2026-03-03 21:04:24,489 - INFO - Epoch   6/50 | Train: 0.173697 | Val: 0.177901 | Corr: 0.121837 | LR: 1.00e-03
2026-03-03 21:04:24,505 - INFO -   ↳ Saved best model (val_corr=0.121837)
2026-03-03 21:04:30,265 - INFO - Epoch   7/50 | Train: 0.172406 | Val: 0.177132 | Corr: 0.126843 | LR: 1.00e-03
2026-03-03 21:04:30,297 - INFO -   ↳ Saved best model (val_corr=0.126843)
2026-03-03 21:04:36,208 - INFO - Epoch   8/50 | Train: 0.171207 | Val: 0.177002 | Corr: 0.128554 | LR: 1.00e-03
2026-03-03 21:04:36,226 - INFO -   ↳ Saved best model (val_corr=0.128554)
2026-03-03 21:04:42,066 - INFO - Epoch   9/50 | Train: 0.170097 | Val: 0.178571 | Corr: 0.132594 | LR: 1.00e-03
2026-03-03 21:04:42,089 - INFO -   ↳ Saved best model (val_corr=0.132594)
2026-03-03 21:04:48,080 - INFO - Epoch  10/50 | Train: 0.168938 | Val: 0.178008 | Corr: 0.132798 | LR: 1.00e-03
2026-03-03 21:04:48,097 - INFO -   ↳ Saved best model (val_corr=0.132798)
2026-03-03 21:04:54,073 - INFO - Epoch  11/50 | Train: 0.168091 | Val: 0.178118 | Corr: 0.134661 | LR: 1.00e-03
2026-03-03 21:04:54,086 - INFO -   ↳ Saved best model (val_corr=0.134661)
2026-03-03 21:04:59,949 - INFO - Epoch  12/50 | Train: 0.167103 | Val: 0.178151 | Corr: 0.131003 | LR: 1.00e-03
2026-03-03 21:05:05,906 - INFO - Epoch  13/50 | Train: 0.166197 | Val: 0.177802 | Corr: 0.133745 | LR: 1.00e-03
2026-03-03 21:05:11,884 - INFO - Epoch  14/50 | Train: 0.165336 | Val: 0.178180 | Corr: 0.134590 | LR: 5.00e-04
2026-03-03 21:05:17,792 - INFO - Epoch  15/50 | Train: 0.162929 | Val: 0.178269 | Corr: 0.134863 | LR: 5.00e-04
2026-03-03 21:05:17,809 - INFO -   ↳ Saved best model (val_corr=0.134863)
2026-03-03 21:05:23,690 - INFO - Epoch  16/50 | Train: 0.162144 | Val: 0.178730 | Corr: 0.135098 | LR: 5.00e-04
2026-03-03 21:05:23,706 - INFO -   ↳ Saved best model (val_corr=0.135098)
2026-03-03 21:05:29,748 - INFO - Epoch  17/50 | Train: 0.161553 | Val: 0.179112 | Corr: 0.134465 | LR: 5.00e-04
2026-03-03 21:05:35,698 - INFO - Epoch  18/50 | Train: 0.161139 | Val: 0.179076 | Corr: 0.133785 | LR: 5.00e-04
2026-03-03 21:05:41,556 - INFO - Epoch  19/50 | Train: 0.160732 | Val: 0.179444 | Corr: 0.133762 | LR: 5.00e-04
2026-03-03 21:05:47,471 - INFO - Epoch  20/50 | Train: 0.160382 | Val: 0.179381 | Corr: 0.134060 | LR: 2.50e-04
2026-03-03 21:05:53,373 - INFO - Epoch  21/50 | Train: 0.159143 | Val: 0.179876 | Corr: 0.135612 | LR: 2.50e-04
2026-03-03 21:05:53,392 - INFO -   ↳ Saved best model (val_corr=0.135612)
2026-03-03 21:05:59,356 - INFO - Epoch  22/50 | Train: 0.158577 | Val: 0.180142 | Corr: 0.134436 | LR: 2.50e-04
2026-03-03 21:06:05,206 - INFO - Epoch  23/50 | Train: 0.158304 | Val: 0.180194 | Corr: 0.134010 | LR: 2.50e-04
2026-03-03 21:06:11,126 - INFO - Epoch  24/50 | Train: 0.158253 | Val: 0.180671 | Corr: 0.133008 | LR: 2.50e-04
2026-03-03 21:06:16,964 - INFO - Epoch  25/50 | Train: 0.157980 | Val: 0.180509 | Corr: 0.133368 | LR: 2.50e-04
2026-03-03 21:06:22,896 - INFO - Epoch  26/50 | Train: 0.157735 | Val: 0.180553 | Corr: 0.132538 | LR: 1.25e-04
2026-03-03 21:06:28,680 - INFO - Epoch  27/50 | Train: 0.157154 | Val: 0.180823 | Corr: 0.133642 | LR: 1.25e-04
2026-03-03 21:06:34,573 - INFO - Epoch  28/50 | Train: 0.156967 | Val: 0.181280 | Corr: 0.132984 | LR: 1.25e-04
2026-03-03 21:06:40,465 - INFO - Epoch  29/50 | Train: 0.156780 | Val: 0.181194 | Corr: 0.133317 | LR: 1.25e-04
2026-03-03 21:06:46,349 - INFO - Epoch  30/50 | Train: 0.156734 | Val: 0.181291 | Corr: 0.132922 | LR: 1.25e-04
2026-03-03 21:06:52,233 - INFO - Epoch  31/50 | Train: 0.156585 | Val: 0.181439 | Corr: 0.132651 | LR: 1.25e-04
2026-03-03 21:06:52,233 - INFO - Early stopping at epoch 31
2026-03-03 21:06:52,233 - INFO - Training complete — best val corr: 0.135612
2026-03-03 21:06:53,409 - INFO - Test loss: 0.170783, Test corr: 0.132118
2026-03-03 21:06:53,934 - INFO - Fraction of variance explained (FVE): 0.007334
2026-03-03 21:06:53,934 - INFO - Computing autoregressive (AR) test predictions …
2026-03-03 21:06:54,591 - INFO - AR FVE: 0.000169, AR test corr: 0.113274
2026-03-03 21:06:54,591 - INFO - Generating figures …
2026-03-03 21:06:54,955 - INFO - Correlation between predicted and actual per-neuron averages: r=0.9932, p=0.00e+00
2026-03-03 21:06:56,536 - INFO - Pattern selectivity summary:
2026-03-03 21:06:56,536 - INFO -   Mean correlation across neurons: 0.5488
2026-03-03 21:06:56,536 - INFO -   Median correlation: 0.5892
2026-03-03 21:06:56,536 - INFO -   Neurons with r > 0.5: 38 / 63
2026-03-03 21:06:56,536 - INFO -   Neurons with r > 0.3: 61 / 63
2026-03-03 21:06:56,536 - INFO - Pattern selectivity — mean neuron corr: 0.5488
2026-03-03 21:06:57,803 - INFO - LOO (avg rate) — Model mean r: 0.3947, LOO mean r: 0.4546, Neurons model > LOO: 14/63
2026-03-03 21:06:59,587 - INFO - LOO (temporal) — Model mean r: 0.1401, LOO mean r: 0.3186, Neurons model > LOO: 1/63
2026-03-03 21:06:59,587 - INFO - Skipping oracle trial plots (skip_oracle_plots=True)
2026-03-03 21:06:59,596 - INFO - Experiment complete. Summary: {
  "run_dir": "/scratch/sb272/patterns5k_results/slurm_hist_cnn_2026-03-03_15-13-01/trial_0236_learning_rate=1.0e-03_history=10_kernel_sizes=10x5_conv_channels=256x128_fc_dims=256_seed2",
  "model_type": "cnn",
  "batch_avg_test_loss": 0.1707830013036728,
  "batch_avg_test_corr": 0.13211846109262917,
  "all_test_fve": 0.0073336779125153075,
  "AR_FVE": 0.00016907283238002231,
  "AR_test_correlation": 0.11327417939901352,
  "best_val_corr": 0.1356122094336226,
  "total_params": 483007,
  "trainable_params": 483007,
  "epochs_trained": 31,
  "mean_pattern_corr": 0.5488472698368507,
  "history": 10,
  "init_state": true,
  "loo_avg_mean_corr": 0.45456832695830385,
  "model_avg_mean_corr": 0.3946698633112038,
  "neurons_model_beats_loo_avg": 14,
  "loo_temporal_mean_corr": 0.31855225563049316,
  "all_test_corr": 0.14011090993881226,
  "neurons_model_beats_loo_temporal": 1,
  "kernel_sizes": [
    10,
    5
  ],
  "conv_channels": [
    256,
    128
  ],
  "fc_dims": [
    256
  ]
}
