2026-03-04 02:55:00,409 - INFO - ============================================================
2026-03-04 02:55:00,410 - INFO - Experiment run directory: /scratch/sb272/patterns5k_results/slurm_hist_cnn_2026-03-03_15-13-01/trial_0362_learning_rate=5.0e-03_history=2_kernel_sizes=10x5_conv_channels=256x128_fc_dims=256_seed0
2026-03-04 02:55:00,410 - INFO - ============================================================
2026-03-04 02:55:00,410 - INFO - Loading data …
2026-03-04 02:55:01,288 - INFO - 63 unique neurons after dropping problematic neurons
2026-03-04 02:55:02,076 - INFO - Stimulation channels: 42, Spiking neurons: 63
2026-03-04 02:56:09,310 - INFO - Unique patterns: 4050, Total trials: 5000
2026-03-04 02:56:09,311 - INFO - Stimulation channels: 42, Spiking neurons: 63
2026-03-04 02:56:09,311 - INFO - Unique patterns: 4050, Total trials: 5000
2026-03-04 02:56:09,322 - INFO - Split (oracle): train=3400, val=600, test=1000
2026-03-04 02:56:23,607 - INFO - BinnedStimSpikeDataset initialized:
2026-03-04 02:56:23,607 - INFO -   input_bin_size_ms=10, output_bin_size_ms=10
2026-03-04 02:56:23,607 - INFO -   n_input_bins=60, n_output_bins=60
2026-03-04 02:56:23,607 - INFO -   output_offset=0, total_bins_input=60, total_bins_output=60
2026-03-04 02:56:23,607 - INFO -   Valid start positions per trial: 0 to 0
2026-03-04 02:56:23,607 - INFO -   Total samples: 3400 (3400 trials × 1 positions)
2026-03-04 02:56:37,378 - INFO - BinnedStimSpikeDataset initialized:
2026-03-04 02:56:37,378 - INFO -   input_bin_size_ms=10, output_bin_size_ms=10
2026-03-04 02:56:37,378 - INFO -   n_input_bins=60, n_output_bins=60
2026-03-04 02:56:37,378 - INFO -   output_offset=0, total_bins_input=60, total_bins_output=60
2026-03-04 02:56:37,378 - INFO -   Valid start positions per trial: 0 to 0
2026-03-04 02:56:37,378 - INFO -   Total samples: 600 (600 trials × 1 positions)
2026-03-04 02:56:51,245 - INFO - BinnedStimSpikeDataset initialized:
2026-03-04 02:56:51,245 - INFO -   input_bin_size_ms=10, output_bin_size_ms=10
2026-03-04 02:56:51,245 - INFO -   n_input_bins=60, n_output_bins=60
2026-03-04 02:56:51,246 - INFO -   output_offset=0, total_bins_input=60, total_bins_output=60
2026-03-04 02:56:51,246 - INFO -   Valid start positions per trial: 0 to 0
2026-03-04 02:56:51,246 - INFO -   Total samples: 1000 (1000 trials × 1 positions)
2026-03-04 02:56:51,246 - INFO - Samples — train: 3400, val: 600, test: 1000
2026-03-04 02:56:51,246 - INFO - Input channels: 105, Neurons: 63
2026-03-04 02:56:51,246 - INFO - Using CPU
2026-03-04 02:56:51,264 - INFO - Model: CNN — 483,007 trainable params (483,007 total)
2026-03-04 02:56:57,315 - INFO - Starting training …
2026-03-04 02:57:03,497 - INFO - Epoch   1/50 | Train: 0.193984 | Val: 0.175202 | Corr: 0.154040 | LR: 5.00e-03
2026-03-04 02:57:03,511 - INFO -   ↳ Saved best model (val_corr=0.154040)
2026-03-04 02:57:08,981 - INFO - Epoch   2/50 | Train: 0.171759 | Val: 0.172605 | Corr: 0.174322 | LR: 5.00e-03
2026-03-04 02:57:08,995 - INFO -   ↳ Saved best model (val_corr=0.174322)
2026-03-04 02:57:14,372 - INFO - Epoch   3/50 | Train: 0.168868 | Val: 0.169753 | Corr: 0.192324 | LR: 5.00e-03
2026-03-04 02:57:14,388 - INFO -   ↳ Saved best model (val_corr=0.192324)
2026-03-04 02:57:19,863 - INFO - Epoch   4/50 | Train: 0.166302 | Val: 0.168070 | Corr: 0.205753 | LR: 5.00e-03
2026-03-04 02:57:19,881 - INFO -   ↳ Saved best model (val_corr=0.205753)
2026-03-04 02:57:25,302 - INFO - Epoch   5/50 | Train: 0.164111 | Val: 0.166976 | Corr: 0.215248 | LR: 5.00e-03
2026-03-04 02:57:25,336 - INFO -   ↳ Saved best model (val_corr=0.215248)
2026-03-04 02:57:30,794 - INFO - Epoch   6/50 | Train: 0.162651 | Val: 0.166542 | Corr: 0.222351 | LR: 5.00e-03
2026-03-04 02:57:30,814 - INFO -   ↳ Saved best model (val_corr=0.222351)
2026-03-04 02:57:36,251 - INFO - Epoch   7/50 | Train: 0.160948 | Val: 0.165864 | Corr: 0.227000 | LR: 5.00e-03
2026-03-04 02:57:36,266 - INFO -   ↳ Saved best model (val_corr=0.227000)
2026-03-04 02:57:41,617 - INFO - Epoch   8/50 | Train: 0.159797 | Val: 0.166075 | Corr: 0.229217 | LR: 5.00e-03
2026-03-04 02:57:41,635 - INFO -   ↳ Saved best model (val_corr=0.229217)
2026-03-04 02:57:47,027 - INFO - Epoch   9/50 | Train: 0.158664 | Val: 0.165644 | Corr: 0.232629 | LR: 5.00e-03
2026-03-04 02:57:47,060 - INFO -   ↳ Saved best model (val_corr=0.232629)
2026-03-04 02:57:52,418 - INFO - Epoch  10/50 | Train: 0.157759 | Val: 0.165267 | Corr: 0.234736 | LR: 5.00e-03
2026-03-04 02:57:52,434 - INFO -   ↳ Saved best model (val_corr=0.234736)
2026-03-04 02:57:57,837 - INFO - Epoch  11/50 | Train: 0.156896 | Val: 0.165245 | Corr: 0.236363 | LR: 5.00e-03
2026-03-04 02:57:57,854 - INFO -   ↳ Saved best model (val_corr=0.236363)
2026-03-04 02:58:03,219 - INFO - Epoch  12/50 | Train: 0.156005 | Val: 0.164829 | Corr: 0.236877 | LR: 5.00e-03
2026-03-04 02:58:03,260 - INFO -   ↳ Saved best model (val_corr=0.236877)
2026-03-04 02:58:08,630 - INFO - Epoch  13/50 | Train: 0.155414 | Val: 0.165443 | Corr: 0.237517 | LR: 5.00e-03
2026-03-04 02:58:08,647 - INFO -   ↳ Saved best model (val_corr=0.237517)
2026-03-04 02:58:14,049 - INFO - Epoch  14/50 | Train: 0.154744 | Val: 0.165281 | Corr: 0.237444 | LR: 5.00e-03
2026-03-04 02:58:19,450 - INFO - Epoch  15/50 | Train: 0.154111 | Val: 0.165178 | Corr: 0.239667 | LR: 5.00e-03
2026-03-04 02:58:19,467 - INFO -   ↳ Saved best model (val_corr=0.239667)
2026-03-04 02:58:24,856 - INFO - Epoch  16/50 | Train: 0.153527 | Val: 0.165453 | Corr: 0.238760 | LR: 5.00e-03
2026-03-04 02:58:30,258 - INFO - Epoch  17/50 | Train: 0.153203 | Val: 0.165306 | Corr: 0.238627 | LR: 5.00e-03
2026-03-04 02:58:35,613 - INFO - Epoch  18/50 | Train: 0.152759 | Val: 0.165672 | Corr: 0.238941 | LR: 2.50e-03
2026-03-04 02:58:41,057 - INFO - Epoch  19/50 | Train: 0.150690 | Val: 0.165622 | Corr: 0.241984 | LR: 2.50e-03
2026-03-04 02:58:41,124 - INFO -   ↳ Saved best model (val_corr=0.241984)
2026-03-04 02:58:46,524 - INFO - Epoch  20/50 | Train: 0.149900 | Val: 0.165770 | Corr: 0.241046 | LR: 2.50e-03
2026-03-04 02:58:51,909 - INFO - Epoch  21/50 | Train: 0.149552 | Val: 0.166047 | Corr: 0.241108 | LR: 2.50e-03
2026-03-04 02:58:57,319 - INFO - Epoch  22/50 | Train: 0.149159 | Val: 0.165956 | Corr: 0.240064 | LR: 2.50e-03
2026-03-04 02:59:02,703 - INFO - Epoch  23/50 | Train: 0.148975 | Val: 0.166154 | Corr: 0.240865 | LR: 2.50e-03
2026-03-04 02:59:08,088 - INFO - Epoch  24/50 | Train: 0.148768 | Val: 0.166511 | Corr: 0.239506 | LR: 1.25e-03
2026-03-04 02:59:13,479 - INFO - Epoch  25/50 | Train: 0.147563 | Val: 0.166627 | Corr: 0.240898 | LR: 1.25e-03
2026-03-04 02:59:18,845 - INFO - Epoch  26/50 | Train: 0.147378 | Val: 0.166321 | Corr: 0.240894 | LR: 1.25e-03
2026-03-04 02:59:24,319 - INFO - Epoch  27/50 | Train: 0.147025 | Val: 0.166991 | Corr: 0.239513 | LR: 1.25e-03
2026-03-04 02:59:29,822 - INFO - Epoch  28/50 | Train: 0.146882 | Val: 0.167123 | Corr: 0.240379 | LR: 1.25e-03
2026-03-04 02:59:35,265 - INFO - Epoch  29/50 | Train: 0.146776 | Val: 0.166841 | Corr: 0.238653 | LR: 1.25e-03
2026-03-04 02:59:35,265 - INFO - Early stopping at epoch 29
2026-03-04 02:59:35,265 - INFO - Training complete — best val corr: 0.241984
2026-03-04 02:59:36,487 - INFO - Test loss: 0.154745, Test corr: 0.234944
2026-03-04 02:59:37,004 - INFO - Fraction of variance explained (FVE): 0.067707
2026-03-04 02:59:37,004 - INFO - Computing autoregressive (AR) test predictions …
2026-03-04 02:59:37,632 - INFO - AR FVE: -0.007802, AR test corr: 0.075182
2026-03-04 02:59:37,632 - INFO - Generating figures …
2026-03-04 02:59:37,987 - INFO - Correlation between predicted and actual per-neuron averages: r=0.9873, p=0.00e+00
2026-03-04 02:59:39,617 - INFO - Pattern selectivity summary:
2026-03-04 02:59:39,618 - INFO -   Mean correlation across neurons: 0.7129
2026-03-04 02:59:39,618 - INFO -   Median correlation: 0.7208
2026-03-04 02:59:39,618 - INFO -   Neurons with r > 0.5: 55 / 63
2026-03-04 02:59:39,618 - INFO -   Neurons with r > 0.3: 62 / 63
2026-03-04 02:59:39,618 - INFO - Pattern selectivity — mean neuron corr: 0.7129
2026-03-04 02:59:40,951 - INFO - LOO (avg rate) — Model mean r: 0.5791, LOO mean r: 0.4546, Neurons model > LOO: 49/63
2026-03-04 02:59:42,682 - INFO - LOO (temporal) — Model mean r: 0.2464, LOO mean r: 0.3186, Neurons model > LOO: 9/63
2026-03-04 02:59:42,682 - INFO - Skipping oracle trial plots (skip_oracle_plots=True)
2026-03-04 02:59:42,688 - INFO - Experiment complete. Summary: {
  "run_dir": "/scratch/sb272/patterns5k_results/slurm_hist_cnn_2026-03-03_15-13-01/trial_0362_learning_rate=5.0e-03_history=2_kernel_sizes=10x5_conv_channels=256x128_fc_dims=256_seed0",
  "model_type": "cnn",
  "batch_avg_test_loss": 0.1547451949119568,
  "batch_avg_test_corr": 0.23494404964529472,
  "all_test_fve": 0.0677065480323065,
  "AR_FVE": -0.007801881858280727,
  "AR_test_correlation": 0.075181744992733,
  "best_val_corr": 0.24198408430219773,
  "total_params": 483007,
  "trainable_params": 483007,
  "epochs_trained": 29,
  "mean_pattern_corr": 0.7129127093546809,
  "history": 2,
  "init_state": true,
  "loo_avg_mean_corr": 0.45456832695830385,
  "model_avg_mean_corr": 0.5791257832420754,
  "neurons_model_beats_loo_avg": 49,
  "loo_temporal_mean_corr": 0.31855225563049316,
  "all_test_corr": 0.24639751017093658,
  "neurons_model_beats_loo_temporal": 9,
  "kernel_sizes": [
    10,
    5
  ],
  "conv_channels": [
    256,
    128
  ],
  "fc_dims": [
    256
  ]
}
