2026-03-04 04:15:20,368 - INFO - ============================================================
2026-03-04 04:15:20,368 - INFO - Experiment run directory: /scratch/sb272/patterns5k_results/slurm_hist_cnn_2026-03-03_15-13-01/trial_0399_learning_rate=5.0e-03_history=5_kernel_sizes=3_conv_channels=256_fc_dims=256_seed1
2026-03-04 04:15:20,368 - INFO - ============================================================
2026-03-04 04:15:20,368 - INFO - Loading data …
2026-03-04 04:15:21,306 - INFO - 63 unique neurons after dropping problematic neurons
2026-03-04 04:15:22,078 - INFO - Stimulation channels: 42, Spiking neurons: 63
2026-03-04 04:16:27,167 - INFO - Unique patterns: 4050, Total trials: 5000
2026-03-04 04:16:27,169 - INFO - Stimulation channels: 42, Spiking neurons: 63
2026-03-04 04:16:27,169 - INFO - Unique patterns: 4050, Total trials: 5000
2026-03-04 04:16:27,180 - INFO - Split (oracle): train=3400, val=600, test=1000
2026-03-04 04:16:41,466 - INFO - BinnedStimSpikeDataset initialized:
2026-03-04 04:16:41,467 - INFO -   input_bin_size_ms=10, output_bin_size_ms=10
2026-03-04 04:16:41,467 - INFO -   n_input_bins=60, n_output_bins=60
2026-03-04 04:16:41,467 - INFO -   output_offset=0, total_bins_input=60, total_bins_output=60
2026-03-04 04:16:41,467 - INFO -   Valid start positions per trial: 0 to 0
2026-03-04 04:16:41,467 - INFO -   Total samples: 3400 (3400 trials × 1 positions)
2026-03-04 04:16:55,239 - INFO - BinnedStimSpikeDataset initialized:
2026-03-04 04:16:55,239 - INFO -   input_bin_size_ms=10, output_bin_size_ms=10
2026-03-04 04:16:55,239 - INFO -   n_input_bins=60, n_output_bins=60
2026-03-04 04:16:55,239 - INFO -   output_offset=0, total_bins_input=60, total_bins_output=60
2026-03-04 04:16:55,239 - INFO -   Valid start positions per trial: 0 to 0
2026-03-04 04:16:55,239 - INFO -   Total samples: 600 (600 trials × 1 positions)
2026-03-04 04:17:09,085 - INFO - BinnedStimSpikeDataset initialized:
2026-03-04 04:17:09,085 - INFO -   input_bin_size_ms=10, output_bin_size_ms=10
2026-03-04 04:17:09,085 - INFO -   n_input_bins=60, n_output_bins=60
2026-03-04 04:17:09,085 - INFO -   output_offset=0, total_bins_input=60, total_bins_output=60
2026-03-04 04:17:09,085 - INFO -   Valid start positions per trial: 0 to 0
2026-03-04 04:17:09,085 - INFO -   Total samples: 1000 (1000 trials × 1 positions)
2026-03-04 04:17:09,085 - INFO - Samples — train: 3400, val: 600, test: 1000
2026-03-04 04:17:09,085 - INFO - Input channels: 105, Neurons: 63
2026-03-04 04:17:09,093 - INFO - Using CPU
2026-03-04 04:17:09,109 - INFO - Model: CNN — 163,391 trainable params (163,391 total)
2026-03-04 04:17:13,675 - INFO - Starting training …
2026-03-04 04:17:17,534 - INFO - Epoch   1/50 | Train: 0.204361 | Val: 0.187864 | Corr: 0.071071 | LR: 5.00e-03
2026-03-04 04:17:17,549 - INFO -   ↳ Saved best model (val_corr=0.071071)
2026-03-04 04:17:20,513 - INFO - Epoch   2/50 | Train: 0.183402 | Val: 0.182065 | Corr: 0.101827 | LR: 5.00e-03
2026-03-04 04:17:20,523 - INFO -   ↳ Saved best model (val_corr=0.101827)
2026-03-04 04:17:23,411 - INFO - Epoch   3/50 | Train: 0.180510 | Val: 0.181655 | Corr: 0.114577 | LR: 5.00e-03
2026-03-04 04:17:23,423 - INFO -   ↳ Saved best model (val_corr=0.114577)
2026-03-04 04:17:26,325 - INFO - Epoch   4/50 | Train: 0.178857 | Val: 0.178532 | Corr: 0.125753 | LR: 5.00e-03
2026-03-04 04:17:26,336 - INFO -   ↳ Saved best model (val_corr=0.125753)
2026-03-04 04:17:29,293 - INFO - Epoch   5/50 | Train: 0.177730 | Val: 0.177937 | Corr: 0.130098 | LR: 5.00e-03
2026-03-04 04:17:29,304 - INFO -   ↳ Saved best model (val_corr=0.130098)
2026-03-04 04:17:32,273 - INFO - Epoch   6/50 | Train: 0.176982 | Val: 0.178234 | Corr: 0.132719 | LR: 5.00e-03
2026-03-04 04:17:32,283 - INFO -   ↳ Saved best model (val_corr=0.132719)
2026-03-04 04:17:35,250 - INFO - Epoch   7/50 | Train: 0.176322 | Val: 0.177204 | Corr: 0.138474 | LR: 5.00e-03
2026-03-04 04:17:35,265 - INFO -   ↳ Saved best model (val_corr=0.138474)
2026-03-04 04:17:38,263 - INFO - Epoch   8/50 | Train: 0.175550 | Val: 0.177341 | Corr: 0.139285 | LR: 5.00e-03
2026-03-04 04:17:38,275 - INFO -   ↳ Saved best model (val_corr=0.139285)
2026-03-04 04:17:41,252 - INFO - Epoch   9/50 | Train: 0.174971 | Val: 0.177888 | Corr: 0.136829 | LR: 5.00e-03
2026-03-04 04:17:44,224 - INFO - Epoch  10/50 | Train: 0.174701 | Val: 0.176704 | Corr: 0.140565 | LR: 5.00e-03
2026-03-04 04:17:44,238 - INFO -   ↳ Saved best model (val_corr=0.140565)
2026-03-04 04:17:47,157 - INFO - Epoch  11/50 | Train: 0.174073 | Val: 0.176695 | Corr: 0.141770 | LR: 5.00e-03
2026-03-04 04:17:47,166 - INFO -   ↳ Saved best model (val_corr=0.141770)
2026-03-04 04:17:50,117 - INFO - Epoch  12/50 | Train: 0.173764 | Val: 0.176856 | Corr: 0.141426 | LR: 5.00e-03
2026-03-04 04:17:53,086 - INFO - Epoch  13/50 | Train: 0.173261 | Val: 0.177093 | Corr: 0.141221 | LR: 5.00e-03
2026-03-04 04:17:56,043 - INFO - Epoch  14/50 | Train: 0.172780 | Val: 0.176819 | Corr: 0.141776 | LR: 5.00e-03
2026-03-04 04:17:56,055 - INFO -   ↳ Saved best model (val_corr=0.141776)
2026-03-04 04:17:58,999 - INFO - Epoch  15/50 | Train: 0.172523 | Val: 0.176922 | Corr: 0.141255 | LR: 5.00e-03
2026-03-04 04:18:01,967 - INFO - Epoch  16/50 | Train: 0.172352 | Val: 0.176924 | Corr: 0.140608 | LR: 2.50e-03
2026-03-04 04:18:04,825 - INFO - Epoch  17/50 | Train: 0.170730 | Val: 0.177099 | Corr: 0.140954 | LR: 2.50e-03
2026-03-04 04:18:07,739 - INFO - Epoch  18/50 | Train: 0.170332 | Val: 0.177410 | Corr: 0.141452 | LR: 2.50e-03
2026-03-04 04:18:10,720 - INFO - Epoch  19/50 | Train: 0.170165 | Val: 0.177370 | Corr: 0.140944 | LR: 2.50e-03
2026-03-04 04:18:13,688 - INFO - Epoch  20/50 | Train: 0.169885 | Val: 0.177448 | Corr: 0.140025 | LR: 2.50e-03
2026-03-04 04:18:16,663 - INFO - Epoch  21/50 | Train: 0.169660 | Val: 0.177632 | Corr: 0.139375 | LR: 2.50e-03
2026-03-04 04:18:19,636 - INFO - Epoch  22/50 | Train: 0.169586 | Val: 0.177633 | Corr: 0.139560 | LR: 1.25e-03
2026-03-04 04:18:22,580 - INFO - Epoch  23/50 | Train: 0.168602 | Val: 0.177627 | Corr: 0.140310 | LR: 1.25e-03
2026-03-04 04:18:25,550 - INFO - Epoch  24/50 | Train: 0.168450 | Val: 0.177984 | Corr: 0.139654 | LR: 1.25e-03
2026-03-04 04:18:25,550 - INFO - Early stopping at epoch 24
2026-03-04 04:18:25,551 - INFO - Training complete — best val corr: 0.141776
2026-03-04 04:18:26,596 - INFO - Test loss: 0.167737, Test corr: 0.136410
2026-03-04 04:18:26,845 - INFO - Fraction of variance explained (FVE): 0.023163
2026-03-04 04:18:26,845 - INFO - Computing autoregressive (AR) test predictions …
2026-03-04 04:18:27,187 - INFO - AR FVE: 0.019423, AR test corr: 0.127200
2026-03-04 04:18:27,188 - INFO - Generating figures …
2026-03-04 04:18:27,526 - INFO - Correlation between predicted and actual per-neuron averages: r=0.9807, p=5.61e-45
2026-03-04 04:18:28,977 - INFO - Pattern selectivity summary:
2026-03-04 04:18:28,977 - INFO -   Mean correlation across neurons: 0.5439
2026-03-04 04:18:28,977 - INFO -   Median correlation: 0.5751
2026-03-04 04:18:28,977 - INFO -   Neurons with r > 0.5: 39 / 63
2026-03-04 04:18:28,977 - INFO -   Neurons with r > 0.3: 57 / 63
2026-03-04 04:18:28,977 - INFO - Pattern selectivity — mean neuron corr: 0.5439
2026-03-04 04:18:30,381 - INFO - LOO (avg rate) — Model mean r: 0.3943, LOO mean r: 0.4546, Neurons model > LOO: 14/63
2026-03-04 04:18:31,958 - INFO - LOO (temporal) — Model mean r: 0.1427, LOO mean r: 0.3186, Neurons model > LOO: 2/63
2026-03-04 04:18:31,958 - INFO - Skipping oracle trial plots (skip_oracle_plots=True)
2026-03-04 04:18:31,964 - INFO - Experiment complete. Summary: {
  "run_dir": "/scratch/sb272/patterns5k_results/slurm_hist_cnn_2026-03-03_15-13-01/trial_0399_learning_rate=5.0e-03_history=5_kernel_sizes=3_conv_channels=256_fc_dims=256_seed1",
  "model_type": "cnn",
  "batch_avg_test_loss": 0.16773663794994353,
  "batch_avg_test_corr": 0.13640998793984938,
  "all_test_fve": 0.02316339999910385,
  "AR_FVE": 0.01942348669445704,
  "AR_test_correlation": 0.12720021605491638,
  "best_val_corr": 0.14177597652199586,
  "total_params": 163391,
  "trainable_params": 163391,
  "epochs_trained": 24,
  "mean_pattern_corr": 0.5439101363429643,
  "history": 5,
  "init_state": true,
  "loo_avg_mean_corr": 0.45456832695830385,
  "model_avg_mean_corr": 0.39431406003862984,
  "neurons_model_beats_loo_avg": 14,
  "loo_temporal_mean_corr": 0.31855225563049316,
  "all_test_corr": 0.1426672637462616,
  "neurons_model_beats_loo_temporal": 2,
  "kernel_sizes": [
    3
  ],
  "conv_channels": [
    256
  ],
  "fc_dims": [
    256
  ]
}
