2026-03-05 22:46:29,379 - INFO - ============================================================
2026-03-05 22:46:29,379 - INFO - Experiment run directory: /scratch/sb272/patterns5k_results/slurm_hist_cnn_2026-03-05_16-01-45/trial_0217_learning_rate=1.0e-04_history=20_kernel_sizes=3x3x3_conv_channels=32x64x128_fc_dims=256_seed1
2026-03-05 22:46:29,379 - INFO - ============================================================
2026-03-05 22:46:29,379 - INFO - Loading data …
2026-03-05 22:46:30,261 - INFO - 63 unique neurons after dropping problematic neurons
2026-03-05 22:46:31,496 - INFO - Stimulation channels: 42, Spiking neurons: 63
2026-03-05 22:48:35,811 - INFO - Unique patterns: 4050, Total trials: 5000
2026-03-05 22:48:35,812 - INFO - Stimulation channels: 42, Spiking neurons: 63
2026-03-05 22:48:35,812 - INFO - Unique patterns: 4050, Total trials: 5000
2026-03-05 22:48:35,829 - INFO - Split (oracle): train=3400, val=600, test=1000
2026-03-05 22:49:02,389 - INFO - BinnedStimSpikeDataset initialized:
2026-03-05 22:49:02,389 - INFO -   input_bin_size_ms=10, output_bin_size_ms=10
2026-03-05 22:49:02,389 - INFO -   n_input_bins=60, n_output_bins=60
2026-03-05 22:49:02,389 - INFO -   output_offset=0, total_bins_input=60, total_bins_output=60
2026-03-05 22:49:02,389 - INFO -   Valid start positions per trial: 0 to 0
2026-03-05 22:49:02,389 - INFO -   Total samples: 3400 (3400 trials × 1 positions)
2026-03-05 22:49:28,319 - INFO - BinnedStimSpikeDataset initialized:
2026-03-05 22:49:28,319 - INFO -   input_bin_size_ms=10, output_bin_size_ms=10
2026-03-05 22:49:28,319 - INFO -   n_input_bins=60, n_output_bins=60
2026-03-05 22:49:28,319 - INFO -   output_offset=0, total_bins_input=60, total_bins_output=60
2026-03-05 22:49:28,319 - INFO -   Valid start positions per trial: 0 to 0
2026-03-05 22:49:28,319 - INFO -   Total samples: 600 (600 trials × 1 positions)
2026-03-05 22:49:52,804 - INFO - BinnedStimSpikeDataset initialized:
2026-03-05 22:49:52,804 - INFO -   input_bin_size_ms=10, output_bin_size_ms=10
2026-03-05 22:49:52,804 - INFO -   n_input_bins=60, n_output_bins=60
2026-03-05 22:49:52,804 - INFO -   output_offset=0, total_bins_input=60, total_bins_output=60
2026-03-05 22:49:52,804 - INFO -   Valid start positions per trial: 0 to 0
2026-03-05 22:49:52,804 - INFO -   Total samples: 1000 (1000 trials × 1 positions)
2026-03-05 22:49:52,804 - INFO - Samples — train: 3400, val: 600, test: 1000
2026-03-05 22:49:52,804 - INFO - Input channels: 105, Neurons: 63
2026-03-05 22:49:52,822 - INFO - Using CPU
2026-03-05 22:49:52,827 - INFO - Model: CNN — 90,687 trainable params (90,687 total)
2026-03-05 22:49:56,259 - INFO - Starting training …
2026-03-05 22:50:01,451 - INFO - Epoch   1/50 | Train: 0.460713 | Val: 0.204729 | Corr: 0.042673 | LR: 1.00e-04
2026-03-05 22:50:01,462 - INFO -   ↳ Saved best model (val_corr=0.042673)
2026-03-05 22:50:05,655 - INFO - Epoch   2/50 | Train: 0.190461 | Val: 0.187693 | Corr: 0.057374 | LR: 1.00e-04
2026-03-05 22:50:05,663 - INFO -   ↳ Saved best model (val_corr=0.057374)
2026-03-05 22:50:10,133 - INFO - Epoch   3/50 | Train: 0.187739 | Val: 0.185935 | Corr: 0.062984 | LR: 1.00e-04
2026-03-05 22:50:10,141 - INFO -   ↳ Saved best model (val_corr=0.062984)
2026-03-05 22:50:14,262 - INFO - Epoch   4/50 | Train: 0.186977 | Val: 0.185841 | Corr: 0.066636 | LR: 1.00e-04
2026-03-05 22:50:14,270 - INFO -   ↳ Saved best model (val_corr=0.066636)
2026-03-05 22:50:18,378 - INFO - Epoch   5/50 | Train: 0.186254 | Val: 0.185116 | Corr: 0.070531 | LR: 1.00e-04
2026-03-05 22:50:18,385 - INFO -   ↳ Saved best model (val_corr=0.070531)
2026-03-05 22:50:22,497 - INFO - Epoch   6/50 | Train: 0.185750 | Val: 0.184393 | Corr: 0.072545 | LR: 1.00e-04
2026-03-05 22:50:22,507 - INFO -   ↳ Saved best model (val_corr=0.072545)
2026-03-05 22:50:27,012 - INFO - Epoch   7/50 | Train: 0.185283 | Val: 0.184073 | Corr: 0.075085 | LR: 1.00e-04
2026-03-05 22:50:27,021 - INFO -   ↳ Saved best model (val_corr=0.075085)
2026-03-05 22:50:31,212 - INFO - Epoch   8/50 | Train: 0.184943 | Val: 0.183837 | Corr: 0.077239 | LR: 1.00e-04
2026-03-05 22:50:31,237 - INFO -   ↳ Saved best model (val_corr=0.077239)
2026-03-05 22:50:35,419 - INFO - Epoch   9/50 | Train: 0.184591 | Val: 0.183443 | Corr: 0.079352 | LR: 1.00e-04
2026-03-05 22:50:35,428 - INFO -   ↳ Saved best model (val_corr=0.079352)
2026-03-05 22:50:39,742 - INFO - Epoch  10/50 | Train: 0.184228 | Val: 0.183120 | Corr: 0.080038 | LR: 1.00e-04
2026-03-05 22:50:39,749 - INFO -   ↳ Saved best model (val_corr=0.080038)
2026-03-05 22:50:43,761 - INFO - Epoch  11/50 | Train: 0.183919 | Val: 0.182719 | Corr: 0.081149 | LR: 1.00e-04
2026-03-05 22:50:43,770 - INFO -   ↳ Saved best model (val_corr=0.081149)
2026-03-05 22:50:47,739 - INFO - Epoch  12/50 | Train: 0.183709 | Val: 0.182412 | Corr: 0.083070 | LR: 1.00e-04
2026-03-05 22:50:47,748 - INFO -   ↳ Saved best model (val_corr=0.083070)
2026-03-05 22:50:51,769 - INFO - Epoch  13/50 | Train: 0.183360 | Val: 0.182253 | Corr: 0.084437 | LR: 1.00e-04
2026-03-05 22:50:51,780 - INFO -   ↳ Saved best model (val_corr=0.084437)
2026-03-05 22:50:56,079 - INFO - Epoch  14/50 | Train: 0.183170 | Val: 0.182210 | Corr: 0.085900 | LR: 1.00e-04
2026-03-05 22:50:56,089 - INFO -   ↳ Saved best model (val_corr=0.085900)
2026-03-05 22:51:00,531 - INFO - Epoch  15/50 | Train: 0.182979 | Val: 0.182219 | Corr: 0.087257 | LR: 1.00e-04
2026-03-05 22:51:00,539 - INFO -   ↳ Saved best model (val_corr=0.087257)
2026-03-05 22:51:04,682 - INFO - Epoch  16/50 | Train: 0.182735 | Val: 0.181782 | Corr: 0.089461 | LR: 1.00e-04
2026-03-05 22:51:04,691 - INFO -   ↳ Saved best model (val_corr=0.089461)
2026-03-05 22:51:08,788 - INFO - Epoch  17/50 | Train: 0.182540 | Val: 0.181403 | Corr: 0.090654 | LR: 1.00e-04
2026-03-05 22:51:08,796 - INFO -   ↳ Saved best model (val_corr=0.090654)
2026-03-05 22:51:12,719 - INFO - Epoch  18/50 | Train: 0.182375 | Val: 0.181303 | Corr: 0.091208 | LR: 1.00e-04
2026-03-05 22:51:12,728 - INFO -   ↳ Saved best model (val_corr=0.091208)
2026-03-05 22:51:17,169 - INFO - Epoch  19/50 | Train: 0.182154 | Val: 0.181771 | Corr: 0.092800 | LR: 1.00e-04
2026-03-05 22:51:17,177 - INFO -   ↳ Saved best model (val_corr=0.092800)
2026-03-05 22:51:21,325 - INFO - Epoch  20/50 | Train: 0.181945 | Val: 0.181319 | Corr: 0.094048 | LR: 1.00e-04
2026-03-05 22:51:21,334 - INFO -   ↳ Saved best model (val_corr=0.094048)
2026-03-05 22:51:25,497 - INFO - Epoch  21/50 | Train: 0.181761 | Val: 0.181475 | Corr: 0.094418 | LR: 1.00e-04
2026-03-05 22:51:25,506 - INFO -   ↳ Saved best model (val_corr=0.094418)
2026-03-05 22:51:29,759 - INFO - Epoch  22/50 | Train: 0.181694 | Val: 0.181182 | Corr: 0.096436 | LR: 1.00e-04
2026-03-05 22:51:29,766 - INFO -   ↳ Saved best model (val_corr=0.096436)
2026-03-05 22:51:34,004 - INFO - Epoch  23/50 | Train: 0.181412 | Val: 0.181131 | Corr: 0.098146 | LR: 1.00e-04
2026-03-05 22:51:34,012 - INFO -   ↳ Saved best model (val_corr=0.098146)
2026-03-05 22:51:38,159 - INFO - Epoch  24/50 | Train: 0.181308 | Val: 0.180930 | Corr: 0.098562 | LR: 1.00e-04
2026-03-05 22:51:38,168 - INFO -   ↳ Saved best model (val_corr=0.098562)
2026-03-05 22:51:42,296 - INFO - Epoch  25/50 | Train: 0.181143 | Val: 0.180743 | Corr: 0.099092 | LR: 1.00e-04
2026-03-05 22:51:42,304 - INFO -   ↳ Saved best model (val_corr=0.099092)
2026-03-05 22:51:46,782 - INFO - Epoch  26/50 | Train: 0.181016 | Val: 0.180457 | Corr: 0.100446 | LR: 1.00e-04
2026-03-05 22:51:46,790 - INFO -   ↳ Saved best model (val_corr=0.100446)
2026-03-05 22:51:50,893 - INFO - Epoch  27/50 | Train: 0.180820 | Val: 0.180504 | Corr: 0.101723 | LR: 1.00e-04
2026-03-05 22:51:50,901 - INFO -   ↳ Saved best model (val_corr=0.101723)
2026-03-05 22:51:55,044 - INFO - Epoch  28/50 | Train: 0.180788 | Val: 0.180495 | Corr: 0.102217 | LR: 1.00e-04
2026-03-05 22:51:55,052 - INFO -   ↳ Saved best model (val_corr=0.102217)
2026-03-05 22:51:59,167 - INFO - Epoch  29/50 | Train: 0.180604 | Val: 0.180494 | Corr: 0.101827 | LR: 1.00e-04
2026-03-05 22:52:03,515 - INFO - Epoch  30/50 | Train: 0.180540 | Val: 0.180333 | Corr: 0.103889 | LR: 1.00e-04
2026-03-05 22:52:03,526 - INFO -   ↳ Saved best model (val_corr=0.103889)
2026-03-05 22:52:07,605 - INFO - Epoch  31/50 | Train: 0.180296 | Val: 0.180252 | Corr: 0.105157 | LR: 1.00e-04
2026-03-05 22:52:07,614 - INFO -   ↳ Saved best model (val_corr=0.105157)
2026-03-05 22:52:11,650 - INFO - Epoch  32/50 | Train: 0.180263 | Val: 0.180151 | Corr: 0.105905 | LR: 1.00e-04
2026-03-05 22:52:11,659 - INFO -   ↳ Saved best model (val_corr=0.105905)
2026-03-05 22:52:15,897 - INFO - Epoch  33/50 | Train: 0.180123 | Val: 0.180239 | Corr: 0.105838 | LR: 1.00e-04
2026-03-05 22:52:20,444 - INFO - Epoch  34/50 | Train: 0.179986 | Val: 0.179898 | Corr: 0.107549 | LR: 1.00e-04
2026-03-05 22:52:20,454 - INFO -   ↳ Saved best model (val_corr=0.107549)
2026-03-05 22:52:24,999 - INFO - Epoch  35/50 | Train: 0.179965 | Val: 0.179931 | Corr: 0.108144 | LR: 1.00e-04
2026-03-05 22:52:25,007 - INFO -   ↳ Saved best model (val_corr=0.108144)
2026-03-05 22:52:29,467 - INFO - Epoch  36/50 | Train: 0.179783 | Val: 0.180124 | Corr: 0.109730 | LR: 1.00e-04
2026-03-05 22:52:29,475 - INFO -   ↳ Saved best model (val_corr=0.109730)
2026-03-05 22:52:33,596 - INFO - Epoch  37/50 | Train: 0.179664 | Val: 0.180065 | Corr: 0.108732 | LR: 1.00e-04
2026-03-05 22:52:37,717 - INFO - Epoch  38/50 | Train: 0.179603 | Val: 0.179721 | Corr: 0.111195 | LR: 1.00e-04
2026-03-05 22:52:37,726 - INFO -   ↳ Saved best model (val_corr=0.111195)
2026-03-05 22:52:41,851 - INFO - Epoch  39/50 | Train: 0.179487 | Val: 0.179281 | Corr: 0.112495 | LR: 1.00e-04
2026-03-05 22:52:41,860 - INFO -   ↳ Saved best model (val_corr=0.112495)
2026-03-05 22:52:46,267 - INFO - Epoch  40/50 | Train: 0.179345 | Val: 0.179255 | Corr: 0.112977 | LR: 1.00e-04
2026-03-05 22:52:46,279 - INFO -   ↳ Saved best model (val_corr=0.112977)
2026-03-05 22:52:50,405 - INFO - Epoch  41/50 | Train: 0.179291 | Val: 0.178961 | Corr: 0.113605 | LR: 1.00e-04
2026-03-05 22:52:50,412 - INFO -   ↳ Saved best model (val_corr=0.113605)
2026-03-05 22:52:54,572 - INFO - Epoch  42/50 | Train: 0.179197 | Val: 0.179386 | Corr: 0.114592 | LR: 1.00e-04
2026-03-05 22:52:54,586 - INFO -   ↳ Saved best model (val_corr=0.114592)
2026-03-05 22:52:58,915 - INFO - Epoch  43/50 | Train: 0.179078 | Val: 0.179333 | Corr: 0.115051 | LR: 1.00e-04
2026-03-05 22:52:58,923 - INFO -   ↳ Saved best model (val_corr=0.115051)
2026-03-05 22:53:03,121 - INFO - Epoch  44/50 | Train: 0.179008 | Val: 0.179408 | Corr: 0.116098 | LR: 1.00e-04
2026-03-05 22:53:03,129 - INFO -   ↳ Saved best model (val_corr=0.116098)
2026-03-05 22:53:07,346 - INFO - Epoch  45/50 | Train: 0.178954 | Val: 0.179325 | Corr: 0.116792 | LR: 1.00e-04
2026-03-05 22:53:07,356 - INFO -   ↳ Saved best model (val_corr=0.116792)
2026-03-05 22:53:11,513 - INFO - Epoch  46/50 | Train: 0.178880 | Val: 0.178871 | Corr: 0.117322 | LR: 1.00e-04
2026-03-05 22:53:11,522 - INFO -   ↳ Saved best model (val_corr=0.117322)
2026-03-05 22:53:16,073 - INFO - Epoch  47/50 | Train: 0.178802 | Val: 0.178937 | Corr: 0.117677 | LR: 1.00e-04
2026-03-05 22:53:16,083 - INFO -   ↳ Saved best model (val_corr=0.117677)
2026-03-05 22:53:19,984 - INFO - Epoch  48/50 | Train: 0.178772 | Val: 0.178747 | Corr: 0.118862 | LR: 1.00e-04
2026-03-05 22:53:19,993 - INFO -   ↳ Saved best model (val_corr=0.118862)
2026-03-05 22:53:23,937 - INFO - Epoch  49/50 | Train: 0.178655 | Val: 0.178633 | Corr: 0.119274 | LR: 1.00e-04
2026-03-05 22:53:23,946 - INFO -   ↳ Saved best model (val_corr=0.119274)
2026-03-05 22:53:28,121 - INFO - Epoch  50/50 | Train: 0.178513 | Val: 0.178793 | Corr: 0.119903 | LR: 1.00e-04
2026-03-05 22:53:28,129 - INFO -   ↳ Saved best model (val_corr=0.119903)
2026-03-05 22:53:28,129 - INFO - Training complete — best val corr: 0.119903
2026-03-05 22:53:29,590 - INFO - Test loss: 0.169989, Test corr: 0.116051
2026-03-05 22:53:29,920 - INFO - Fraction of variance explained (FVE): 0.015208
2026-03-05 22:53:29,920 - INFO - Computing autoregressive (AR) test predictions …
2026-03-05 22:53:30,467 - INFO - AR FVE: 0.014385, AR test corr: 0.114338
2026-03-05 22:53:30,467 - INFO - Generating figures …
2026-03-05 22:53:31,001 - INFO - Correlation between predicted and actual per-neuron averages: r=0.9888, p=0.00e+00
2026-03-05 22:53:32,925 - INFO - Pattern selectivity summary:
2026-03-05 22:53:32,925 - INFO -   Mean correlation across neurons: 0.4308
2026-03-05 22:53:32,925 - INFO -   Median correlation: 0.4529
2026-03-05 22:53:32,925 - INFO -   Neurons with r > 0.5: 27 / 63
2026-03-05 22:53:32,925 - INFO -   Neurons with r > 0.3: 47 / 63
2026-03-05 22:53:32,926 - INFO - Pattern selectivity — mean neuron corr: 0.4308
2026-03-05 22:53:34,314 - INFO - LOO (avg rate) — Model mean r: 0.2950, LOO mean r: 0.4546, Neurons model > LOO: 7/63
2026-03-05 22:53:36,309 - INFO - LOO (temporal) — Model mean r: 0.1203, LOO mean r: 0.3186, Neurons model > LOO: 0/63
2026-03-05 22:53:36,310 - INFO - Skipping oracle trial plots (skip_oracle_plots=True)
2026-03-05 22:53:36,315 - INFO - Experiment complete. Summary: {
  "run_dir": "/scratch/sb272/patterns5k_results/slurm_hist_cnn_2026-03-05_16-01-45/trial_0217_learning_rate=1.0e-04_history=20_kernel_sizes=3x3x3_conv_channels=32x64x128_fc_dims=256_seed1",
  "model_type": "cnn",
  "batch_avg_test_loss": 0.16998944544792174,
  "batch_avg_test_corr": 0.11605076930633595,
  "all_test_fve": 0.015207720181298635,
  "AR_FVE": 0.014384540300520639,
  "AR_test_correlation": 0.11433764547109604,
  "best_val_corr": 0.11990291890048073,
  "total_params": 90687,
  "trainable_params": 90687,
  "epochs_trained": 50,
  "mean_pattern_corr": 0.4307736162242397,
  "history": 20,
  "init_state": true,
  "loo_avg_mean_corr": 0.45456832695830385,
  "model_avg_mean_corr": 0.2949631460509333,
  "neurons_model_beats_loo_avg": 7,
  "loo_temporal_mean_corr": 0.31855225563049316,
  "all_test_corr": 0.12026794999837875,
  "neurons_model_beats_loo_temporal": 0,
  "kernel_sizes": [
    3,
    3,
    3
  ],
  "conv_channels": [
    32,
    64,
    128
  ],
  "fc_dims": [
    256
  ]
}
