2026-03-04 02:16:06,471 - INFO - ============================================================
2026-03-04 02:16:06,471 - INFO - Experiment run directory: /scratch/sb272/patterns5k_results/slurm_hist_cnn_2026-03-03_15-13-01/trial_0375_learning_rate=5.0e-03_history=10_kernel_sizes=10x3_conv_channels=256x128_fc_dims=256_seed1
2026-03-04 02:16:06,471 - INFO - ============================================================
2026-03-04 02:16:06,471 - INFO - Loading data …
2026-03-04 02:16:07,672 - INFO - 63 unique neurons after dropping problematic neurons
2026-03-04 02:16:08,664 - INFO - Stimulation channels: 42, Spiking neurons: 63
2026-03-04 02:17:18,516 - INFO - Unique patterns: 4050, Total trials: 5000
2026-03-04 02:17:18,518 - INFO - Stimulation channels: 42, Spiking neurons: 63
2026-03-04 02:17:18,518 - INFO - Unique patterns: 4050, Total trials: 5000
2026-03-04 02:17:18,529 - INFO - Split (oracle): train=3400, val=600, test=1000
2026-03-04 02:17:32,939 - INFO - BinnedStimSpikeDataset initialized:
2026-03-04 02:17:32,939 - INFO -   input_bin_size_ms=10, output_bin_size_ms=10
2026-03-04 02:17:32,939 - INFO -   n_input_bins=60, n_output_bins=60
2026-03-04 02:17:32,939 - INFO -   output_offset=0, total_bins_input=60, total_bins_output=60
2026-03-04 02:17:32,939 - INFO -   Valid start positions per trial: 0 to 0
2026-03-04 02:17:32,939 - INFO -   Total samples: 3400 (3400 trials × 1 positions)
2026-03-04 02:17:46,816 - INFO - BinnedStimSpikeDataset initialized:
2026-03-04 02:17:46,816 - INFO -   input_bin_size_ms=10, output_bin_size_ms=10
2026-03-04 02:17:46,816 - INFO -   n_input_bins=60, n_output_bins=60
2026-03-04 02:17:46,816 - INFO -   output_offset=0, total_bins_input=60, total_bins_output=60
2026-03-04 02:17:46,816 - INFO -   Valid start positions per trial: 0 to 0
2026-03-04 02:17:46,816 - INFO -   Total samples: 600 (600 trials × 1 positions)
2026-03-04 02:18:00,834 - INFO - BinnedStimSpikeDataset initialized:
2026-03-04 02:18:00,834 - INFO -   input_bin_size_ms=10, output_bin_size_ms=10
2026-03-04 02:18:00,834 - INFO -   n_input_bins=60, n_output_bins=60
2026-03-04 02:18:00,834 - INFO -   output_offset=0, total_bins_input=60, total_bins_output=60
2026-03-04 02:18:00,834 - INFO -   Valid start positions per trial: 0 to 0
2026-03-04 02:18:00,834 - INFO -   Total samples: 1000 (1000 trials × 1 positions)
2026-03-04 02:18:00,834 - INFO - Samples — train: 3400, val: 600, test: 1000
2026-03-04 02:18:00,834 - INFO - Input channels: 105, Neurons: 63
2026-03-04 02:18:00,843 - INFO - Using CPU
2026-03-04 02:18:00,860 - INFO - Model: CNN — 417,471 trainable params (417,471 total)
2026-03-04 02:18:05,423 - INFO - Starting training …
2026-03-04 02:18:11,386 - INFO - Epoch   1/50 | Train: 0.200853 | Val: 0.183666 | Corr: 0.080599 | LR: 5.00e-03
2026-03-04 02:18:11,417 - INFO -   ↳ Saved best model (val_corr=0.080599)
2026-03-04 02:18:16,496 - INFO - Epoch   2/50 | Train: 0.181080 | Val: 0.179799 | Corr: 0.110799 | LR: 5.00e-03
2026-03-04 02:18:16,512 - INFO -   ↳ Saved best model (val_corr=0.110799)
2026-03-04 02:18:21,805 - INFO - Epoch   3/50 | Train: 0.178176 | Val: 0.178562 | Corr: 0.122163 | LR: 5.00e-03
2026-03-04 02:18:21,830 - INFO -   ↳ Saved best model (val_corr=0.122163)
2026-03-04 02:18:27,123 - INFO - Epoch   4/50 | Train: 0.176387 | Val: 0.178533 | Corr: 0.130468 | LR: 5.00e-03
2026-03-04 02:18:27,137 - INFO -   ↳ Saved best model (val_corr=0.130468)
2026-03-04 02:18:32,243 - INFO - Epoch   5/50 | Train: 0.174591 | Val: 0.177142 | Corr: 0.136299 | LR: 5.00e-03
2026-03-04 02:18:32,264 - INFO -   ↳ Saved best model (val_corr=0.136299)
2026-03-04 02:18:37,451 - INFO - Epoch   6/50 | Train: 0.172914 | Val: 0.177241 | Corr: 0.140121 | LR: 5.00e-03
2026-03-04 02:18:37,468 - INFO -   ↳ Saved best model (val_corr=0.140121)
2026-03-04 02:18:42,933 - INFO - Epoch   7/50 | Train: 0.171563 | Val: 0.178383 | Corr: 0.140504 | LR: 5.00e-03
2026-03-04 02:18:42,956 - INFO -   ↳ Saved best model (val_corr=0.140504)
2026-03-04 02:18:48,168 - INFO - Epoch   8/50 | Train: 0.170076 | Val: 0.177450 | Corr: 0.141728 | LR: 5.00e-03
2026-03-04 02:18:48,187 - INFO -   ↳ Saved best model (val_corr=0.141728)
2026-03-04 02:18:53,138 - INFO - Epoch   9/50 | Train: 0.168860 | Val: 0.177334 | Corr: 0.142250 | LR: 5.00e-03
2026-03-04 02:18:53,152 - INFO -   ↳ Saved best model (val_corr=0.142250)
2026-03-04 02:18:58,353 - INFO - Epoch  10/50 | Train: 0.167580 | Val: 0.178448 | Corr: 0.137825 | LR: 5.00e-03
2026-03-04 02:19:03,502 - INFO - Epoch  11/50 | Train: 0.166778 | Val: 0.178356 | Corr: 0.138896 | LR: 2.50e-03
2026-03-04 02:19:08,536 - INFO - Epoch  12/50 | Train: 0.163632 | Val: 0.178744 | Corr: 0.140368 | LR: 2.50e-03
2026-03-04 02:19:13,655 - INFO - Epoch  13/50 | Train: 0.162405 | Val: 0.180063 | Corr: 0.138392 | LR: 2.50e-03
2026-03-04 02:19:18,846 - INFO - Epoch  14/50 | Train: 0.161740 | Val: 0.179975 | Corr: 0.138406 | LR: 2.50e-03
2026-03-04 02:19:24,035 - INFO - Epoch  15/50 | Train: 0.161203 | Val: 0.180041 | Corr: 0.139202 | LR: 2.50e-03
2026-03-04 02:19:29,201 - INFO - Epoch  16/50 | Train: 0.160774 | Val: 0.180813 | Corr: 0.136616 | LR: 2.50e-03
2026-03-04 02:19:34,510 - INFO - Epoch  17/50 | Train: 0.160411 | Val: 0.180758 | Corr: 0.138205 | LR: 1.25e-03
2026-03-04 02:19:39,704 - INFO - Epoch  18/50 | Train: 0.158706 | Val: 0.181588 | Corr: 0.137695 | LR: 1.25e-03
2026-03-04 02:19:44,795 - INFO - Epoch  19/50 | Train: 0.158096 | Val: 0.181798 | Corr: 0.137147 | LR: 1.25e-03
2026-03-04 02:19:44,795 - INFO - Early stopping at epoch 19
2026-03-04 02:19:44,795 - INFO - Training complete — best val corr: 0.142250
2026-03-04 02:19:46,080 - INFO - Test loss: 0.168086, Test corr: 0.137437
2026-03-04 02:19:46,546 - INFO - Fraction of variance explained (FVE): 0.021434
2026-03-04 02:19:46,546 - INFO - Computing autoregressive (AR) test predictions …
2026-03-04 02:19:47,169 - INFO - AR FVE: 0.013747, AR test corr: 0.117600
2026-03-04 02:19:47,169 - INFO - Generating figures …
2026-03-04 02:19:47,528 - INFO - Correlation between predicted and actual per-neuron averages: r=0.9796, p=3.08e-44
2026-03-04 02:19:49,099 - INFO - Pattern selectivity summary:
2026-03-04 02:19:49,099 - INFO -   Mean correlation across neurons: 0.5164
2026-03-04 02:19:49,099 - INFO -   Median correlation: 0.5233
2026-03-04 02:19:49,099 - INFO -   Neurons with r > 0.5: 35 / 63
2026-03-04 02:19:49,099 - INFO -   Neurons with r > 0.3: 58 / 63
2026-03-04 02:19:49,099 - INFO - Pattern selectivity — mean neuron corr: 0.5164
2026-03-04 02:19:50,467 - INFO - LOO (avg rate) — Model mean r: 0.3829, LOO mean r: 0.4546, Neurons model > LOO: 10/63
2026-03-04 02:19:52,220 - INFO - LOO (temporal) — Model mean r: 0.1455, LOO mean r: 0.3186, Neurons model > LOO: 1/63
2026-03-04 02:19:52,220 - INFO - Skipping oracle trial plots (skip_oracle_plots=True)
2026-03-04 02:19:52,226 - INFO - Experiment complete. Summary: {
  "run_dir": "/scratch/sb272/patterns5k_results/slurm_hist_cnn_2026-03-03_15-13-01/trial_0375_learning_rate=5.0e-03_history=10_kernel_sizes=10x3_conv_channels=256x128_fc_dims=256_seed1",
  "model_type": "cnn",
  "batch_avg_test_loss": 0.16808617663383485,
  "batch_avg_test_corr": 0.13743678905367993,
  "all_test_fve": 0.021433902165246387,
  "AR_FVE": 0.013746831152174208,
  "AR_test_correlation": 0.11759969592094421,
  "best_val_corr": 0.14224986768075476,
  "total_params": 417471,
  "trainable_params": 417471,
  "epochs_trained": 19,
  "mean_pattern_corr": 0.5163660971625053,
  "history": 10,
  "init_state": true,
  "loo_avg_mean_corr": 0.45456832695830385,
  "model_avg_mean_corr": 0.3828562879512609,
  "neurons_model_beats_loo_avg": 10,
  "loo_temporal_mean_corr": 0.31855225563049316,
  "all_test_corr": 0.14546819031238556,
  "neurons_model_beats_loo_temporal": 1,
  "kernel_sizes": [
    10,
    3
  ],
  "conv_channels": [
    256,
    128
  ],
  "fc_dims": [
    256
  ]
}
