2026-03-04 18:54:00,222 - INFO - ============================================================
2026-03-04 18:54:00,222 - INFO - Experiment run directory: /scratch/sb272/patterns5k_results/slurm_base_cnn_2026-03-04_16-53-19/trial_0064_learning_rate=5.0e-04_kernel_sizes=5x3_conv_channels=128x256_fc_dims=512_seed4
2026-03-04 18:54:00,223 - INFO - ============================================================
2026-03-04 18:54:00,223 - INFO - Loading data …
2026-03-04 18:54:01,250 - INFO - 63 unique neurons after dropping problematic neurons
2026-03-04 18:54:02,107 - INFO - Stimulation channels: 42, Spiking neurons: 63
2026-03-04 18:55:12,149 - INFO - Unique patterns: 4050, Total trials: 5000
2026-03-04 18:55:12,150 - INFO - Stimulation channels: 42, Spiking neurons: 63
2026-03-04 18:55:12,150 - INFO - Unique patterns: 4050, Total trials: 5000
2026-03-04 18:55:12,161 - INFO - Split (oracle): train=3400, val=600, test=1000
2026-03-04 18:55:26,382 - INFO - BinnedStimSpikeDataset initialized:
2026-03-04 18:55:26,385 - INFO -   input_bin_size_ms=10, output_bin_size_ms=10
2026-03-04 18:55:26,385 - INFO -   n_input_bins=60, n_output_bins=60
2026-03-04 18:55:26,385 - INFO -   output_offset=0, total_bins_input=60, total_bins_output=60
2026-03-04 18:55:26,385 - INFO -   Valid start positions per trial: 0 to 0
2026-03-04 18:55:26,385 - INFO -   Total samples: 3400 (3400 trials × 1 positions)
2026-03-04 18:55:40,163 - INFO - BinnedStimSpikeDataset initialized:
2026-03-04 18:55:40,163 - INFO -   input_bin_size_ms=10, output_bin_size_ms=10
2026-03-04 18:55:40,163 - INFO -   n_input_bins=60, n_output_bins=60
2026-03-04 18:55:40,163 - INFO -   output_offset=0, total_bins_input=60, total_bins_output=60
2026-03-04 18:55:40,163 - INFO -   Valid start positions per trial: 0 to 0
2026-03-04 18:55:40,163 - INFO -   Total samples: 600 (600 trials × 1 positions)
2026-03-04 18:55:54,009 - INFO - BinnedStimSpikeDataset initialized:
2026-03-04 18:55:54,009 - INFO -   input_bin_size_ms=10, output_bin_size_ms=10
2026-03-04 18:55:54,009 - INFO -   n_input_bins=60, n_output_bins=60
2026-03-04 18:55:54,009 - INFO -   output_offset=0, total_bins_input=60, total_bins_output=60
2026-03-04 18:55:54,009 - INFO -   Valid start positions per trial: 0 to 0
2026-03-04 18:55:54,009 - INFO -   Total samples: 1000 (1000 trials × 1 positions)
2026-03-04 18:55:54,009 - INFO - Samples — train: 3400, val: 600, test: 1000
2026-03-04 18:55:54,009 - INFO - Input channels: 42, Neurons: 63
2026-03-04 18:55:54,028 - INFO - Using CPU
2026-03-04 18:55:54,032 - INFO - Model: CNN — 290,239 trainable params (290,239 total)
2026-03-04 18:55:59,209 - INFO - Starting training …
2026-03-04 18:56:04,568 - INFO - Epoch   1/50 | Train: 0.220549 | Val: 0.188274 | Corr: 0.074716 | LR: 5.00e-04
2026-03-04 18:56:04,586 - INFO -   ↳ Saved best model (val_corr=0.074716)
2026-03-04 18:56:08,977 - INFO - Epoch   2/50 | Train: 0.183308 | Val: 0.182281 | Corr: 0.087858 | LR: 5.00e-04
2026-03-04 18:56:08,998 - INFO -   ↳ Saved best model (val_corr=0.087858)
2026-03-04 18:56:13,376 - INFO - Epoch   3/50 | Train: 0.181506 | Val: 0.189526 | Corr: 0.095739 | LR: 5.00e-04
2026-03-04 18:56:13,392 - INFO -   ↳ Saved best model (val_corr=0.095739)
2026-03-04 18:56:17,776 - INFO - Epoch   4/50 | Train: 0.180288 | Val: 0.182206 | Corr: 0.103450 | LR: 5.00e-04
2026-03-04 18:56:17,792 - INFO -   ↳ Saved best model (val_corr=0.103450)
2026-03-04 18:56:22,213 - INFO - Epoch   5/50 | Train: 0.179282 | Val: 0.181629 | Corr: 0.107486 | LR: 5.00e-04
2026-03-04 18:56:22,223 - INFO -   ↳ Saved best model (val_corr=0.107486)
2026-03-04 18:56:26,896 - INFO - Epoch   6/50 | Train: 0.178653 | Val: 0.181759 | Corr: 0.114519 | LR: 5.00e-04
2026-03-04 18:56:26,909 - INFO -   ↳ Saved best model (val_corr=0.114519)
2026-03-04 18:56:31,680 - INFO - Epoch   7/50 | Train: 0.177941 | Val: 0.183215 | Corr: 0.115312 | LR: 5.00e-04
2026-03-04 18:56:31,693 - INFO -   ↳ Saved best model (val_corr=0.115312)
2026-03-04 18:56:36,443 - INFO - Epoch   8/50 | Train: 0.177457 | Val: 0.180105 | Corr: 0.118281 | LR: 5.00e-04
2026-03-04 18:56:36,457 - INFO -   ↳ Saved best model (val_corr=0.118281)
2026-03-04 18:56:41,213 - INFO - Epoch   9/50 | Train: 0.177014 | Val: 0.182023 | Corr: 0.122654 | LR: 5.00e-04
2026-03-04 18:56:41,224 - INFO -   ↳ Saved best model (val_corr=0.122654)
2026-03-04 18:56:46,003 - INFO - Epoch  10/50 | Train: 0.176589 | Val: 0.178997 | Corr: 0.124068 | LR: 5.00e-04
2026-03-04 18:56:46,018 - INFO -   ↳ Saved best model (val_corr=0.124068)
2026-03-04 18:56:50,765 - INFO - Epoch  11/50 | Train: 0.176238 | Val: 0.178830 | Corr: 0.125898 | LR: 5.00e-04
2026-03-04 18:56:50,782 - INFO -   ↳ Saved best model (val_corr=0.125898)
2026-03-04 18:56:55,513 - INFO - Epoch  12/50 | Train: 0.175867 | Val: 0.178685 | Corr: 0.125897 | LR: 5.00e-04
2026-03-04 18:57:00,216 - INFO - Epoch  13/50 | Train: 0.175743 | Val: 0.180433 | Corr: 0.128254 | LR: 5.00e-04
2026-03-04 18:57:00,278 - INFO -   ↳ Saved best model (val_corr=0.128254)
2026-03-04 18:57:05,047 - INFO - Epoch  14/50 | Train: 0.175402 | Val: 0.180991 | Corr: 0.129383 | LR: 5.00e-04
2026-03-04 18:57:05,062 - INFO -   ↳ Saved best model (val_corr=0.129383)
2026-03-04 18:57:09,839 - INFO - Epoch  15/50 | Train: 0.175104 | Val: 0.178562 | Corr: 0.130946 | LR: 5.00e-04
2026-03-04 18:57:09,852 - INFO -   ↳ Saved best model (val_corr=0.130946)
2026-03-04 18:57:14,606 - INFO - Epoch  16/50 | Train: 0.174957 | Val: 0.179992 | Corr: 0.131875 | LR: 5.00e-04
2026-03-04 18:57:14,640 - INFO -   ↳ Saved best model (val_corr=0.131875)
2026-03-04 18:57:19,381 - INFO - Epoch  17/50 | Train: 0.174793 | Val: 0.180464 | Corr: 0.132779 | LR: 5.00e-04
2026-03-04 18:57:19,397 - INFO -   ↳ Saved best model (val_corr=0.132779)
2026-03-04 18:57:24,122 - INFO - Epoch  18/50 | Train: 0.174561 | Val: 0.178768 | Corr: 0.133068 | LR: 5.00e-04
2026-03-04 18:57:24,136 - INFO -   ↳ Saved best model (val_corr=0.133068)
2026-03-04 18:57:28,897 - INFO - Epoch  19/50 | Train: 0.174299 | Val: 0.180145 | Corr: 0.134061 | LR: 5.00e-04
2026-03-04 18:57:28,912 - INFO -   ↳ Saved best model (val_corr=0.134061)
2026-03-04 18:57:33,686 - INFO - Epoch  20/50 | Train: 0.174190 | Val: 0.180321 | Corr: 0.133974 | LR: 5.00e-04
2026-03-04 18:57:38,482 - INFO - Epoch  21/50 | Train: 0.174139 | Val: 0.178593 | Corr: 0.135673 | LR: 2.50e-04
2026-03-04 18:57:38,499 - INFO -   ↳ Saved best model (val_corr=0.135673)
2026-03-04 18:57:43,251 - INFO - Epoch  22/50 | Train: 0.173383 | Val: 0.180471 | Corr: 0.135683 | LR: 2.50e-04
2026-03-04 18:57:43,271 - INFO -   ↳ Saved best model (val_corr=0.135683)
2026-03-04 18:57:47,998 - INFO - Epoch  23/50 | Train: 0.173251 | Val: 0.178723 | Corr: 0.136905 | LR: 2.50e-04
2026-03-04 18:57:48,013 - INFO -   ↳ Saved best model (val_corr=0.136905)
2026-03-04 18:57:52,728 - INFO - Epoch  24/50 | Train: 0.173177 | Val: 0.178486 | Corr: 0.136882 | LR: 2.50e-04
2026-03-04 18:57:57,509 - INFO - Epoch  25/50 | Train: 0.173021 | Val: 0.178194 | Corr: 0.135936 | LR: 2.50e-04
2026-03-04 18:58:02,299 - INFO - Epoch  26/50 | Train: 0.172953 | Val: 0.179116 | Corr: 0.136892 | LR: 2.50e-04
2026-03-04 18:58:06,984 - INFO - Epoch  27/50 | Train: 0.172973 | Val: 0.179724 | Corr: 0.136577 | LR: 2.50e-04
2026-03-04 18:58:11,689 - INFO - Epoch  28/50 | Train: 0.172826 | Val: 0.179535 | Corr: 0.136352 | LR: 2.50e-04
2026-03-04 18:58:16,268 - INFO - Epoch  29/50 | Train: 0.172828 | Val: 0.178806 | Corr: 0.136435 | LR: 2.50e-04
2026-03-04 18:58:20,824 - INFO - Epoch  30/50 | Train: 0.172638 | Val: 0.179448 | Corr: 0.136139 | LR: 2.50e-04
2026-03-04 18:58:25,359 - INFO - Epoch  31/50 | Train: 0.172604 | Val: 0.179399 | Corr: 0.136558 | LR: 1.25e-04
2026-03-04 18:58:29,882 - INFO - Epoch  32/50 | Train: 0.172299 | Val: 0.178845 | Corr: 0.137079 | LR: 1.25e-04
2026-03-04 18:58:29,895 - INFO -   ↳ Saved best model (val_corr=0.137079)
2026-03-04 18:58:34,616 - INFO - Epoch  33/50 | Train: 0.172126 | Val: 0.178673 | Corr: 0.136980 | LR: 1.25e-04
2026-03-04 18:58:39,429 - INFO - Epoch  34/50 | Train: 0.172038 | Val: 0.178977 | Corr: 0.137550 | LR: 1.25e-04
2026-03-04 18:58:39,442 - INFO -   ↳ Saved best model (val_corr=0.137550)
2026-03-04 18:58:44,192 - INFO - Epoch  35/50 | Train: 0.172072 | Val: 0.179112 | Corr: 0.137766 | LR: 1.25e-04
2026-03-04 18:58:44,208 - INFO -   ↳ Saved best model (val_corr=0.137766)
2026-03-04 18:58:48,987 - INFO - Epoch  36/50 | Train: 0.171973 | Val: 0.179174 | Corr: 0.137257 | LR: 1.25e-04
2026-03-04 18:58:53,776 - INFO - Epoch  37/50 | Train: 0.171918 | Val: 0.180761 | Corr: 0.138067 | LR: 6.25e-05
2026-03-04 18:58:53,791 - INFO -   ↳ Saved best model (val_corr=0.138067)
2026-03-04 18:58:58,572 - INFO - Epoch  38/50 | Train: 0.171792 | Val: 0.178930 | Corr: 0.137751 | LR: 6.25e-05
2026-03-04 18:59:03,346 - INFO - Epoch  39/50 | Train: 0.171708 | Val: 0.178654 | Corr: 0.137652 | LR: 6.25e-05
2026-03-04 18:59:08,123 - INFO - Epoch  40/50 | Train: 0.171721 | Val: 0.178559 | Corr: 0.137749 | LR: 6.25e-05
2026-03-04 18:59:12,895 - INFO - Epoch  41/50 | Train: 0.171698 | Val: 0.178854 | Corr: 0.137788 | LR: 6.25e-05
2026-03-04 18:59:17,695 - INFO - Epoch  42/50 | Train: 0.171725 | Val: 0.178886 | Corr: 0.137627 | LR: 6.25e-05
2026-03-04 18:59:22,501 - INFO - Epoch  43/50 | Train: 0.171692 | Val: 0.179064 | Corr: 0.137898 | LR: 3.13e-05
2026-03-04 18:59:27,284 - INFO - Epoch  44/50 | Train: 0.171525 | Val: 0.179356 | Corr: 0.137630 | LR: 3.13e-05
2026-03-04 18:59:32,048 - INFO - Epoch  45/50 | Train: 0.171557 | Val: 0.178571 | Corr: 0.137638 | LR: 3.13e-05
2026-03-04 18:59:36,813 - INFO - Epoch  46/50 | Train: 0.171654 | Val: 0.178781 | Corr: 0.137703 | LR: 3.13e-05
2026-03-04 18:59:41,592 - INFO - Epoch  47/50 | Train: 0.171514 | Val: 0.178778 | Corr: 0.137543 | LR: 3.13e-05
2026-03-04 18:59:41,592 - INFO - Early stopping at epoch 47
2026-03-04 18:59:41,592 - INFO - Training complete — best val corr: 0.138067
2026-03-04 18:59:42,705 - INFO - Test loss: 0.171831, Test corr: 0.135413
2026-03-04 18:59:43,042 - INFO - Fraction of variance explained (FVE): 0.002885
2026-03-04 18:59:43,042 - INFO - Generating figures …
2026-03-04 18:59:43,463 - INFO - Correlation between predicted and actual per-neuron averages: r=0.9933, p=0.00e+00
2026-03-04 18:59:45,064 - INFO - Pattern selectivity summary:
2026-03-04 18:59:45,064 - INFO -   Mean correlation across neurons: 0.5020
2026-03-04 18:59:45,065 - INFO -   Median correlation: 0.5344
2026-03-04 18:59:45,065 - INFO -   Neurons with r > 0.5: 34 / 63
2026-03-04 18:59:45,065 - INFO -   Neurons with r > 0.3: 51 / 63
2026-03-04 18:59:45,065 - INFO - Pattern selectivity — mean neuron corr: 0.5020
2026-03-04 18:59:46,393 - INFO - LOO (avg rate) — Model mean r: 0.2951, LOO mean r: 0.4546, Neurons model > LOO: 1/63
2026-03-04 18:59:48,185 - INFO - LOO (temporal) — Model mean r: 0.1364, LOO mean r: 0.3186, Neurons model > LOO: 0/63
2026-03-04 18:59:48,185 - INFO - Skipping oracle trial plots (skip_oracle_plots=True)
2026-03-04 18:59:48,194 - INFO - Experiment complete. Summary: {
  "run_dir": "/scratch/sb272/patterns5k_results/slurm_base_cnn_2026-03-04_16-53-19/trial_0064_learning_rate=5.0e-04_kernel_sizes=5x3_conv_channels=128x256_fc_dims=512_seed4",
  "model_type": "cnn",
  "batch_avg_test_loss": 0.17183120763301848,
  "batch_avg_test_corr": 0.13541316034137243,
  "all_test_fve": 0.002884575298854283,
  "AR_FVE": NaN,
  "AR_test_correlation": NaN,
  "best_val_corr": 0.1380674050241263,
  "total_params": 290239,
  "trainable_params": 290239,
  "epochs_trained": 47,
  "mean_pattern_corr": 0.5019979035407514,
  "history": 0,
  "init_state": true,
  "loo_avg_mean_corr": 0.45456832695830385,
  "model_avg_mean_corr": 0.2950817079093401,
  "neurons_model_beats_loo_avg": 1,
  "loo_temporal_mean_corr": 0.31855225563049316,
  "all_test_corr": 0.1363683044910431,
  "neurons_model_beats_loo_temporal": 0,
  "kernel_sizes": [
    5,
    3
  ],
  "conv_channels": [
    128,
    256
  ],
  "fc_dims": [
    512
  ]
}
