2026-02-15 14:29:13,551 - INFO - ============================================================
2026-02-15 14:29:13,551 - INFO - Experiment run directory: results/base_cnn_kernel_sweep_2026-02-15_11-28-56/trial_0080_learning_rate=1.0e-04
2026-02-15 14:29:13,551 - INFO - ============================================================
2026-02-15 14:29:13,551 - INFO - Using preloaded raw data (skipping I/O)
2026-02-15 14:29:13,551 - INFO - Stimulation channels: 42, Spiking neurons: 63
2026-02-15 14:29:13,551 - INFO - Unique patterns: 4050, Total trials: 5000
2026-02-15 14:29:13,563 - INFO - Split (oracle): train=3400, val=600, test=1000
2026-02-15 14:29:27,797 - INFO - BinnedStimSpikeDataset initialized:
2026-02-15 14:29:27,798 - INFO -   input_bin_size_ms=10, output_bin_size_ms=10
2026-02-15 14:29:27,798 - INFO -   n_input_bins=60, n_output_bins=60
2026-02-15 14:29:27,798 - INFO -   output_offset=0, total_bins_input=60, total_bins_output=60
2026-02-15 14:29:27,798 - INFO -   Valid start positions per trial: 0 to 0
2026-02-15 14:29:27,798 - INFO -   Total samples: 3400 (3400 trials × 1 positions)
2026-02-15 14:29:41,233 - INFO - BinnedStimSpikeDataset initialized:
2026-02-15 14:29:41,233 - INFO -   input_bin_size_ms=10, output_bin_size_ms=10
2026-02-15 14:29:41,233 - INFO -   n_input_bins=60, n_output_bins=60
2026-02-15 14:29:41,233 - INFO -   output_offset=0, total_bins_input=60, total_bins_output=60
2026-02-15 14:29:41,233 - INFO -   Valid start positions per trial: 0 to 0
2026-02-15 14:29:41,233 - INFO -   Total samples: 600 (600 trials × 1 positions)
2026-02-15 14:29:54,760 - INFO - BinnedStimSpikeDataset initialized:
2026-02-15 14:29:54,760 - INFO -   input_bin_size_ms=10, output_bin_size_ms=10
2026-02-15 14:29:54,760 - INFO -   n_input_bins=60, n_output_bins=60
2026-02-15 14:29:54,760 - INFO -   output_offset=0, total_bins_input=60, total_bins_output=60
2026-02-15 14:29:54,760 - INFO -   Valid start positions per trial: 0 to 0
2026-02-15 14:29:54,760 - INFO -   Total samples: 1000 (1000 trials × 1 positions)
2026-02-15 14:29:54,760 - INFO - Samples — train: 3400, val: 600, test: 1000
2026-02-15 14:29:54,760 - INFO - Input channels: 42, Neurons: 63
2026-02-15 14:29:54,761 - INFO - Using Apple Silicon MPS acceleration
2026-02-15 14:29:54,774 - INFO - Model: CNN — 136,511 trainable params (136,511 total)
2026-02-15 14:29:54,774 - INFO - Starting training …
2026-02-15 14:29:57,138 - INFO - Epoch   1/50 | Train: 0.434737 | Val: 0.226309 | Corr: 0.033315 | LR: 1.00e-04
2026-02-15 14:29:57,150 - INFO -   ↳ Saved best model (val_corr=0.033315)
2026-02-15 14:29:59,438 - INFO - Epoch   2/50 | Train: 0.221284 | Val: 0.214573 | Corr: 0.095657 | LR: 1.00e-04
2026-02-15 14:29:59,447 - INFO -   ↳ Saved best model (val_corr=0.095657)
2026-02-15 14:30:01,702 - INFO - Epoch   3/50 | Train: 0.214471 | Val: 0.209582 | Corr: 0.116441 | LR: 1.00e-04
2026-02-15 14:30:01,710 - INFO -   ↳ Saved best model (val_corr=0.116441)
2026-02-15 14:30:03,980 - INFO - Epoch   4/50 | Train: 0.210026 | Val: 0.205971 | Corr: 0.132508 | LR: 1.00e-04
2026-02-15 14:30:03,985 - INFO -   ↳ Saved best model (val_corr=0.132508)
2026-02-15 14:30:06,261 - INFO - Epoch   5/50 | Train: 0.206859 | Val: 0.203156 | Corr: 0.145312 | LR: 1.00e-04
2026-02-15 14:30:06,268 - INFO -   ↳ Saved best model (val_corr=0.145312)
2026-02-15 14:30:08,574 - INFO - Epoch   6/50 | Train: 0.204599 | Val: 0.201107 | Corr: 0.156332 | LR: 1.00e-04
2026-02-15 14:30:08,583 - INFO -   ↳ Saved best model (val_corr=0.156332)
2026-02-15 14:30:10,984 - INFO - Epoch   7/50 | Train: 0.202722 | Val: 0.199410 | Corr: 0.166780 | LR: 1.00e-04
2026-02-15 14:30:10,995 - INFO -   ↳ Saved best model (val_corr=0.166780)
2026-02-15 14:30:13,368 - INFO - Epoch   8/50 | Train: 0.201089 | Val: 0.197940 | Corr: 0.175081 | LR: 1.00e-04
2026-02-15 14:30:13,376 - INFO -   ↳ Saved best model (val_corr=0.175081)
2026-02-15 14:30:15,692 - INFO - Epoch   9/50 | Train: 0.199541 | Val: 0.196759 | Corr: 0.184827 | LR: 1.00e-04
2026-02-15 14:30:15,703 - INFO -   ↳ Saved best model (val_corr=0.184827)
2026-02-15 14:30:18,044 - INFO - Epoch  10/50 | Train: 0.198248 | Val: 0.195559 | Corr: 0.191835 | LR: 1.00e-04
2026-02-15 14:30:18,053 - INFO -   ↳ Saved best model (val_corr=0.191835)
2026-02-15 14:30:20,390 - INFO - Epoch  11/50 | Train: 0.197014 | Val: 0.194495 | Corr: 0.200076 | LR: 1.00e-04
2026-02-15 14:30:20,401 - INFO -   ↳ Saved best model (val_corr=0.200076)
2026-02-15 14:30:22,746 - INFO - Epoch  12/50 | Train: 0.196027 | Val: 0.193496 | Corr: 0.206047 | LR: 1.00e-04
2026-02-15 14:30:22,755 - INFO -   ↳ Saved best model (val_corr=0.206047)
2026-02-15 14:30:25,105 - INFO - Epoch  13/50 | Train: 0.195126 | Val: 0.192802 | Corr: 0.211159 | LR: 1.00e-04
2026-02-15 14:30:25,115 - INFO -   ↳ Saved best model (val_corr=0.211159)
2026-02-15 14:30:27,434 - INFO - Epoch  14/50 | Train: 0.194183 | Val: 0.192061 | Corr: 0.216546 | LR: 1.00e-04
2026-02-15 14:30:27,447 - INFO -   ↳ Saved best model (val_corr=0.216546)
2026-02-15 14:30:29,811 - INFO - Epoch  15/50 | Train: 0.193487 | Val: 0.191462 | Corr: 0.220883 | LR: 1.00e-04
2026-02-15 14:30:29,824 - INFO -   ↳ Saved best model (val_corr=0.220883)
2026-02-15 14:30:32,106 - INFO - Epoch  16/50 | Train: 0.192763 | Val: 0.190798 | Corr: 0.224696 | LR: 1.00e-04
2026-02-15 14:30:32,113 - INFO -   ↳ Saved best model (val_corr=0.224696)
2026-02-15 14:30:34,394 - INFO - Epoch  17/50 | Train: 0.192169 | Val: 0.190399 | Corr: 0.227692 | LR: 1.00e-04
2026-02-15 14:30:34,405 - INFO -   ↳ Saved best model (val_corr=0.227692)
2026-02-15 14:30:36,722 - INFO - Epoch  18/50 | Train: 0.191682 | Val: 0.189872 | Corr: 0.230641 | LR: 1.00e-04
2026-02-15 14:30:36,732 - INFO -   ↳ Saved best model (val_corr=0.230641)
2026-02-15 14:30:39,074 - INFO - Epoch  19/50 | Train: 0.191022 | Val: 0.189548 | Corr: 0.233374 | LR: 1.00e-04
2026-02-15 14:30:39,080 - INFO -   ↳ Saved best model (val_corr=0.233374)
2026-02-15 14:30:41,358 - INFO - Epoch  20/50 | Train: 0.190561 | Val: 0.188992 | Corr: 0.236571 | LR: 1.00e-04
2026-02-15 14:30:41,365 - INFO -   ↳ Saved best model (val_corr=0.236571)
2026-02-15 14:30:43,622 - INFO - Epoch  21/50 | Train: 0.190022 | Val: 0.188514 | Corr: 0.239473 | LR: 1.00e-04
2026-02-15 14:30:43,637 - INFO -   ↳ Saved best model (val_corr=0.239473)
2026-02-15 14:30:46,048 - INFO - Epoch  22/50 | Train: 0.189638 | Val: 0.188199 | Corr: 0.241697 | LR: 1.00e-04
2026-02-15 14:30:46,054 - INFO -   ↳ Saved best model (val_corr=0.241697)
2026-02-15 14:30:48,380 - INFO - Epoch  23/50 | Train: 0.189263 | Val: 0.187838 | Corr: 0.243605 | LR: 1.00e-04
2026-02-15 14:30:48,385 - INFO -   ↳ Saved best model (val_corr=0.243605)
2026-02-15 14:30:50,743 - INFO - Epoch  24/50 | Train: 0.188829 | Val: 0.187612 | Corr: 0.245899 | LR: 1.00e-04
2026-02-15 14:30:50,752 - INFO -   ↳ Saved best model (val_corr=0.245899)
2026-02-15 14:30:53,122 - INFO - Epoch  25/50 | Train: 0.188565 | Val: 0.187318 | Corr: 0.247698 | LR: 1.00e-04
2026-02-15 14:30:53,133 - INFO -   ↳ Saved best model (val_corr=0.247698)
2026-02-15 14:30:55,542 - INFO - Epoch  26/50 | Train: 0.188117 | Val: 0.186952 | Corr: 0.248812 | LR: 1.00e-04
2026-02-15 14:30:55,554 - INFO -   ↳ Saved best model (val_corr=0.248812)
2026-02-15 14:30:57,877 - INFO - Epoch  27/50 | Train: 0.187873 | Val: 0.186827 | Corr: 0.250022 | LR: 1.00e-04
2026-02-15 14:30:57,888 - INFO -   ↳ Saved best model (val_corr=0.250022)
2026-02-15 14:31:00,250 - INFO - Epoch  28/50 | Train: 0.187659 | Val: 0.186530 | Corr: 0.252495 | LR: 1.00e-04
2026-02-15 14:31:00,263 - INFO -   ↳ Saved best model (val_corr=0.252495)
2026-02-15 14:31:02,538 - INFO - Epoch  29/50 | Train: 0.187364 | Val: 0.186347 | Corr: 0.253582 | LR: 1.00e-04
2026-02-15 14:31:02,545 - INFO -   ↳ Saved best model (val_corr=0.253582)
2026-02-15 14:31:04,923 - INFO - Epoch  30/50 | Train: 0.187124 | Val: 0.186134 | Corr: 0.254032 | LR: 1.00e-04
2026-02-15 14:31:04,928 - INFO -   ↳ Saved best model (val_corr=0.254032)
2026-02-15 14:31:07,253 - INFO - Epoch  31/50 | Train: 0.186870 | Val: 0.185961 | Corr: 0.255485 | LR: 1.00e-04
2026-02-15 14:31:07,258 - INFO -   ↳ Saved best model (val_corr=0.255485)
2026-02-15 14:31:09,562 - INFO - Epoch  32/50 | Train: 0.186641 | Val: 0.185778 | Corr: 0.255923 | LR: 1.00e-04
2026-02-15 14:31:09,603 - INFO -   ↳ Saved best model (val_corr=0.255923)
2026-02-15 14:31:11,863 - INFO - Epoch  33/50 | Train: 0.186428 | Val: 0.185612 | Corr: 0.257160 | LR: 1.00e-04
2026-02-15 14:31:11,870 - INFO -   ↳ Saved best model (val_corr=0.257160)
2026-02-15 14:31:14,226 - INFO - Epoch  34/50 | Train: 0.186286 | Val: 0.185454 | Corr: 0.258080 | LR: 1.00e-04
2026-02-15 14:31:14,247 - INFO -   ↳ Saved best model (val_corr=0.258080)
2026-02-15 14:31:16,686 - INFO - Epoch  35/50 | Train: 0.186070 | Val: 0.185451 | Corr: 0.259272 | LR: 1.00e-04
2026-02-15 14:31:16,690 - INFO -   ↳ Saved best model (val_corr=0.259272)
2026-02-15 14:31:19,048 - INFO - Epoch  36/50 | Train: 0.185847 | Val: 0.185264 | Corr: 0.259754 | LR: 1.00e-04
2026-02-15 14:31:19,054 - INFO -   ↳ Saved best model (val_corr=0.259754)
2026-02-15 14:31:21,297 - INFO - Epoch  37/50 | Train: 0.185688 | Val: 0.185132 | Corr: 0.260405 | LR: 1.00e-04
2026-02-15 14:31:21,303 - INFO -   ↳ Saved best model (val_corr=0.260405)
2026-02-15 14:31:23,637 - INFO - Epoch  38/50 | Train: 0.185515 | Val: 0.184940 | Corr: 0.261388 | LR: 1.00e-04
2026-02-15 14:31:23,648 - INFO -   ↳ Saved best model (val_corr=0.261388)
2026-02-15 14:31:26,023 - INFO - Epoch  39/50 | Train: 0.185367 | Val: 0.184913 | Corr: 0.261201 | LR: 1.00e-04
2026-02-15 14:31:28,335 - INFO - Epoch  40/50 | Train: 0.185278 | Val: 0.184799 | Corr: 0.262580 | LR: 1.00e-04
2026-02-15 14:31:28,346 - INFO -   ↳ Saved best model (val_corr=0.262580)
2026-02-15 14:31:30,597 - INFO - Epoch  41/50 | Train: 0.185132 | Val: 0.184658 | Corr: 0.263179 | LR: 1.00e-04
2026-02-15 14:31:30,607 - INFO -   ↳ Saved best model (val_corr=0.263179)
2026-02-15 14:31:32,794 - INFO - Epoch  42/50 | Train: 0.185010 | Val: 0.184528 | Corr: 0.263734 | LR: 1.00e-04
2026-02-15 14:31:32,804 - INFO -   ↳ Saved best model (val_corr=0.263734)
2026-02-15 14:31:35,207 - INFO - Epoch  43/50 | Train: 0.184896 | Val: 0.184434 | Corr: 0.264326 | LR: 1.00e-04
2026-02-15 14:31:35,221 - INFO -   ↳ Saved best model (val_corr=0.264326)
2026-02-15 14:31:37,553 - INFO - Epoch  44/50 | Train: 0.184771 | Val: 0.184365 | Corr: 0.264531 | LR: 1.00e-04
2026-02-15 14:31:37,561 - INFO -   ↳ Saved best model (val_corr=0.264531)
2026-02-15 14:31:39,853 - INFO - Epoch  45/50 | Train: 0.184570 | Val: 0.184508 | Corr: 0.265359 | LR: 1.00e-04
2026-02-15 14:31:39,860 - INFO -   ↳ Saved best model (val_corr=0.265359)
2026-02-15 14:31:42,150 - INFO - Epoch  46/50 | Train: 0.184523 | Val: 0.184220 | Corr: 0.265301 | LR: 1.00e-04
2026-02-15 14:31:44,500 - INFO - Epoch  47/50 | Train: 0.184469 | Val: 0.184342 | Corr: 0.266165 | LR: 1.00e-04
2026-02-15 14:31:44,506 - INFO -   ↳ Saved best model (val_corr=0.266165)
2026-02-15 14:31:46,812 - INFO - Epoch  48/50 | Train: 0.184340 | Val: 0.184085 | Corr: 0.266241 | LR: 1.00e-04
2026-02-15 14:31:46,817 - INFO -   ↳ Saved best model (val_corr=0.266241)
2026-02-15 14:31:49,146 - INFO - Epoch  49/50 | Train: 0.184179 | Val: 0.184071 | Corr: 0.267055 | LR: 1.00e-04
2026-02-15 14:31:49,154 - INFO -   ↳ Saved best model (val_corr=0.267055)
2026-02-15 14:31:51,446 - INFO - Epoch  50/50 | Train: 0.184158 | Val: 0.183943 | Corr: 0.267368 | LR: 1.00e-04
2026-02-15 14:31:51,454 - INFO -   ↳ Saved best model (val_corr=0.267368)
2026-02-15 14:31:51,454 - INFO - Training complete — best val corr: 0.267368
2026-02-15 14:31:51,701 - INFO - Test loss: 0.174693, Test corr: 0.266235
2026-02-15 14:31:51,781 - INFO - Generating figures …
2026-02-15 14:31:51,996 - INFO - Correlation between predicted and actual per-neuron averages: r=0.9958, p=3.34e-65
2026-02-15 14:31:52,657 - INFO - Pattern selectivity summary:
2026-02-15 14:31:52,657 - INFO -   Mean correlation across neurons: 0.5543
2026-02-15 14:31:52,657 - INFO -   Median correlation: 0.6024
2026-02-15 14:31:52,657 - INFO -   Neurons with r > 0.5: 41 / 63
2026-02-15 14:31:52,657 - INFO -   Neurons with r > 0.3: 52 / 63
2026-02-15 14:31:52,657 - INFO - Pattern selectivity — mean neuron corr: 0.5543
2026-02-15 14:31:53,146 - INFO - LOO baseline — Model mean r: 0.3230, LOO mean r: 0.4728, Neurons model > LOO: 2/63
2026-02-15 14:31:53,146 - INFO - Skipping oracle trial plots (skip_oracle_plots=True)
2026-02-15 14:31:53,147 - INFO - Experiment complete. Summary: {
  "run_dir": "results/base_cnn_kernel_sweep_2026-02-15_11-28-56/trial_0080_learning_rate=1.0e-04",
  "model_type": "cnn",
  "test_loss": 0.1746930080652237,
  "test_corr": 0.26623526253101343,
  "best_val_corr": 0.26736848038528926,
  "total_params": 136511,
  "trainable_params": 136511,
  "epochs_trained": 50,
  "mean_pattern_corr": 0.5543340519853442,
  "loo_mean_corr": 0.47275709111471625,
  "model_sample_mean_corr": 0.3230390162331844,
  "neurons_model_beats_loo": 2
}
2026-02-15 14:31:53,160 - INFO - 
======================================================================
2026-02-15 14:31:53,160 - INFO - [82/216] trial_0081_learning_rate=1.0e-04
2026-02-15 14:31:53,160 - INFO -   Overrides: {"kernel_sizes": [5], "learning_rate": 0.0001, "fc_dims": [256], "weight_decay": 0.001, "conv_channels": [64]}
2026-02-15 14:31:53,160 - INFO -   Output: results/base_cnn_kernel_sweep_2026-02-15_11-28-56/trial_0081_learning_rate=1.0e-04
