2026-03-04 21:53:04,732 - INFO - ============================================================
2026-03-04 21:53:04,732 - INFO - Experiment run directory: /scratch/sb272/patterns5k_results/slurm_base_cnn_2026-03-04_16-53-19/trial_0230_learning_rate=5.0e-03_kernel_sizes=5x3_conv_channels=128x256_fc_dims=1024_seed1
2026-03-04 21:53:04,732 - INFO - ============================================================
2026-03-04 21:53:04,732 - INFO - Loading data …
2026-03-04 21:53:05,928 - INFO - 63 unique neurons after dropping problematic neurons
2026-03-04 21:53:06,925 - INFO - Stimulation channels: 42, Spiking neurons: 63
2026-03-04 21:54:33,875 - INFO - Unique patterns: 4050, Total trials: 5000
2026-03-04 21:54:33,876 - INFO - Stimulation channels: 42, Spiking neurons: 63
2026-03-04 21:54:33,877 - INFO - Unique patterns: 4050, Total trials: 5000
2026-03-04 21:54:33,890 - INFO - Split (oracle): train=3400, val=600, test=1000
2026-03-04 21:54:51,371 - INFO - BinnedStimSpikeDataset initialized:
2026-03-04 21:54:51,373 - INFO -   input_bin_size_ms=10, output_bin_size_ms=10
2026-03-04 21:54:51,373 - INFO -   n_input_bins=60, n_output_bins=60
2026-03-04 21:54:51,373 - INFO -   output_offset=0, total_bins_input=60, total_bins_output=60
2026-03-04 21:54:51,373 - INFO -   Valid start positions per trial: 0 to 0
2026-03-04 21:54:51,373 - INFO -   Total samples: 3400 (3400 trials × 1 positions)
2026-03-04 21:55:08,370 - INFO - BinnedStimSpikeDataset initialized:
2026-03-04 21:55:08,371 - INFO -   input_bin_size_ms=10, output_bin_size_ms=10
2026-03-04 21:55:08,371 - INFO -   n_input_bins=60, n_output_bins=60
2026-03-04 21:55:08,371 - INFO -   output_offset=0, total_bins_input=60, total_bins_output=60
2026-03-04 21:55:08,371 - INFO -   Valid start positions per trial: 0 to 0
2026-03-04 21:55:08,371 - INFO -   Total samples: 600 (600 trials × 1 positions)
2026-03-04 21:55:25,482 - INFO - BinnedStimSpikeDataset initialized:
2026-03-04 21:55:25,482 - INFO -   input_bin_size_ms=10, output_bin_size_ms=10
2026-03-04 21:55:25,482 - INFO -   n_input_bins=60, n_output_bins=60
2026-03-04 21:55:25,482 - INFO -   output_offset=0, total_bins_input=60, total_bins_output=60
2026-03-04 21:55:25,482 - INFO -   Valid start positions per trial: 0 to 0
2026-03-04 21:55:25,482 - INFO -   Total samples: 1000 (1000 trials × 1 positions)
2026-03-04 21:55:25,482 - INFO - Samples — train: 3400, val: 600, test: 1000
2026-03-04 21:55:25,482 - INFO - Input channels: 42, Neurons: 63
2026-03-04 21:55:25,494 - INFO - Using CPU
2026-03-04 21:55:25,513 - INFO - Model: CNN — 454,079 trainable params (454,079 total)
2026-03-04 21:55:34,103 - INFO - Starting training …
2026-03-04 21:55:43,439 - INFO - Epoch   1/50 | Train: 0.195431 | Val: 0.183582 | Corr: 0.092672 | LR: 5.00e-03
2026-03-04 21:55:43,469 - INFO -   ↳ Saved best model (val_corr=0.092672)
2026-03-04 21:55:52,019 - INFO - Epoch   2/50 | Train: 0.181711 | Val: 0.181657 | Corr: 0.112308 | LR: 5.00e-03
2026-03-04 21:55:52,036 - INFO -   ↳ Saved best model (val_corr=0.112308)
2026-03-04 21:56:00,587 - INFO - Epoch   3/50 | Train: 0.179906 | Val: 0.178942 | Corr: 0.122688 | LR: 5.00e-03
2026-03-04 21:56:00,603 - INFO -   ↳ Saved best model (val_corr=0.122688)
2026-03-04 21:56:09,621 - INFO - Epoch   4/50 | Train: 0.178438 | Val: 0.179365 | Corr: 0.132171 | LR: 5.00e-03
2026-03-04 21:56:09,649 - INFO -   ↳ Saved best model (val_corr=0.132171)
2026-03-04 21:56:18,454 - INFO - Epoch   5/50 | Train: 0.177800 | Val: 0.177777 | Corr: 0.133875 | LR: 5.00e-03
2026-03-04 21:56:18,474 - INFO -   ↳ Saved best model (val_corr=0.133875)
2026-03-04 21:56:27,261 - INFO - Epoch   6/50 | Train: 0.177228 | Val: 0.178032 | Corr: 0.135784 | LR: 5.00e-03
2026-03-04 21:56:27,286 - INFO -   ↳ Saved best model (val_corr=0.135784)
2026-03-04 21:56:36,073 - INFO - Epoch   7/50 | Train: 0.176629 | Val: 0.177759 | Corr: 0.138033 | LR: 5.00e-03
2026-03-04 21:56:36,093 - INFO -   ↳ Saved best model (val_corr=0.138033)
2026-03-04 21:56:44,917 - INFO - Epoch   8/50 | Train: 0.176060 | Val: 0.177499 | Corr: 0.138204 | LR: 5.00e-03
2026-03-04 21:56:44,993 - INFO -   ↳ Saved best model (val_corr=0.138204)
2026-03-04 21:56:53,935 - INFO - Epoch   9/50 | Train: 0.175881 | Val: 0.177143 | Corr: 0.140494 | LR: 5.00e-03
2026-03-04 21:56:53,953 - INFO -   ↳ Saved best model (val_corr=0.140494)
2026-03-04 21:57:02,846 - INFO - Epoch  10/50 | Train: 0.175555 | Val: 0.177253 | Corr: 0.138373 | LR: 5.00e-03
2026-03-04 21:57:11,889 - INFO - Epoch  11/50 | Train: 0.175351 | Val: 0.177580 | Corr: 0.139884 | LR: 5.00e-03
2026-03-04 21:57:21,100 - INFO - Epoch  12/50 | Train: 0.174839 | Val: 0.177231 | Corr: 0.139520 | LR: 5.00e-03
2026-03-04 21:57:30,219 - INFO - Epoch  13/50 | Train: 0.174863 | Val: 0.177717 | Corr: 0.140501 | LR: 5.00e-03
2026-03-04 21:57:30,241 - INFO -   ↳ Saved best model (val_corr=0.140501)
2026-03-04 21:57:39,411 - INFO - Epoch  14/50 | Train: 0.174319 | Val: 0.177304 | Corr: 0.138722 | LR: 5.00e-03
2026-03-04 21:57:48,415 - INFO - Epoch  15/50 | Train: 0.174105 | Val: 0.177225 | Corr: 0.138445 | LR: 2.50e-03
2026-03-04 21:57:57,560 - INFO - Epoch  16/50 | Train: 0.172769 | Val: 0.177004 | Corr: 0.139148 | LR: 2.50e-03
2026-03-04 21:58:06,934 - INFO - Epoch  17/50 | Train: 0.172329 | Val: 0.177812 | Corr: 0.137601 | LR: 2.50e-03
2026-03-04 21:58:16,304 - INFO - Epoch  18/50 | Train: 0.172241 | Val: 0.177362 | Corr: 0.137966 | LR: 2.50e-03
2026-03-04 21:58:25,647 - INFO - Epoch  19/50 | Train: 0.172165 | Val: 0.177688 | Corr: 0.135607 | LR: 2.50e-03
2026-03-04 21:58:34,806 - INFO - Epoch  20/50 | Train: 0.171892 | Val: 0.177334 | Corr: 0.137526 | LR: 2.50e-03
2026-03-04 21:58:43,992 - INFO - Epoch  21/50 | Train: 0.171746 | Val: 0.177824 | Corr: 0.136287 | LR: 2.50e-03
2026-03-04 21:58:53,106 - INFO - Epoch  22/50 | Train: 0.171628 | Val: 0.177857 | Corr: 0.135082 | LR: 1.25e-03
2026-03-04 21:59:02,148 - INFO - Epoch  23/50 | Train: 0.170668 | Val: 0.177594 | Corr: 0.136357 | LR: 1.25e-03
2026-03-04 21:59:02,148 - INFO - Early stopping at epoch 23
2026-03-04 21:59:02,148 - INFO - Training complete — best val corr: 0.140501
2026-03-04 21:59:03,970 - INFO - Test loss: 0.169460, Test corr: 0.134386
2026-03-04 21:59:04,625 - INFO - Fraction of variance explained (FVE): 0.017985
2026-03-04 21:59:04,625 - INFO - Generating figures …
2026-03-04 21:59:05,096 - INFO - Correlation between predicted and actual per-neuron averages: r=0.9622, p=3.58e-36
2026-03-04 21:59:07,251 - INFO - Pattern selectivity summary:
2026-03-04 21:59:07,251 - INFO -   Mean correlation across neurons: 0.4882
2026-03-04 21:59:07,251 - INFO -   Median correlation: 0.5427
2026-03-04 21:59:07,251 - INFO -   Neurons with r > 0.5: 35 / 63
2026-03-04 21:59:07,251 - INFO -   Neurons with r > 0.3: 51 / 63
2026-03-04 21:59:07,251 - INFO - Pattern selectivity — mean neuron corr: 0.4882
2026-03-04 21:59:09,086 - INFO - LOO (avg rate) — Model mean r: 0.2867, LOO mean r: 0.4546, Neurons model > LOO: 1/63
2026-03-04 21:59:11,376 - INFO - LOO (temporal) — Model mean r: 0.1354, LOO mean r: 0.3186, Neurons model > LOO: 0/63
2026-03-04 21:59:11,377 - INFO - Skipping oracle trial plots (skip_oracle_plots=True)
2026-03-04 21:59:11,384 - INFO - Experiment complete. Summary: {
  "run_dir": "/scratch/sb272/patterns5k_results/slurm_base_cnn_2026-03-04_16-53-19/trial_0230_learning_rate=5.0e-03_kernel_sizes=5x3_conv_channels=128x256_fc_dims=1024_seed1",
  "model_type": "cnn",
  "batch_avg_test_loss": 0.16946035873889922,
  "batch_avg_test_corr": 0.1343858489568173,
  "all_test_fve": 0.017985172688014923,
  "AR_FVE": NaN,
  "AR_test_correlation": NaN,
  "best_val_corr": 0.14050109440745895,
  "total_params": 454079,
  "trainable_params": 454079,
  "epochs_trained": 23,
  "mean_pattern_corr": 0.4882437302737423,
  "history": 0,
  "init_state": true,
  "loo_avg_mean_corr": 0.45456832695830385,
  "model_avg_mean_corr": 0.2867372937003753,
  "neurons_model_beats_loo_avg": 1,
  "loo_temporal_mean_corr": 0.31855225563049316,
  "all_test_corr": 0.13543550670146942,
  "neurons_model_beats_loo_temporal": 0,
  "kernel_sizes": [
    5,
    3
  ],
  "conv_channels": [
    128,
    256
  ],
  "fc_dims": [
    1024
  ]
}
