2026-03-04 22:46:43,142 - INFO - ============================================================
2026-03-04 22:46:43,143 - INFO - Experiment run directory: /scratch/sb272/patterns5k_results/slurm_base_cnn_2026-03-04_16-53-19/trial_0169_learning_rate=1.0e-03_kernel_sizes=5x3_conv_channels=128x256_fc_dims=512_seed3
2026-03-04 22:46:43,143 - INFO - ============================================================
2026-03-04 22:46:43,143 - INFO - Loading data …
2026-03-04 22:46:44,047 - INFO - 63 unique neurons after dropping problematic neurons
2026-03-04 22:46:45,266 - INFO - Stimulation channels: 42, Spiking neurons: 63
2026-03-04 22:48:41,587 - INFO - Unique patterns: 4050, Total trials: 5000
2026-03-04 22:48:41,589 - INFO - Stimulation channels: 42, Spiking neurons: 63
2026-03-04 22:48:41,589 - INFO - Unique patterns: 4050, Total trials: 5000
2026-03-04 22:48:41,604 - INFO - Split (oracle): train=3400, val=600, test=1000
2026-03-04 22:49:04,637 - INFO - BinnedStimSpikeDataset initialized:
2026-03-04 22:49:04,638 - INFO -   input_bin_size_ms=10, output_bin_size_ms=10
2026-03-04 22:49:04,638 - INFO -   n_input_bins=60, n_output_bins=60
2026-03-04 22:49:04,638 - INFO -   output_offset=0, total_bins_input=60, total_bins_output=60
2026-03-04 22:49:04,638 - INFO -   Valid start positions per trial: 0 to 0
2026-03-04 22:49:04,638 - INFO -   Total samples: 3400 (3400 trials × 1 positions)
2026-03-04 22:49:26,534 - INFO - BinnedStimSpikeDataset initialized:
2026-03-04 22:49:26,534 - INFO -   input_bin_size_ms=10, output_bin_size_ms=10
2026-03-04 22:49:26,534 - INFO -   n_input_bins=60, n_output_bins=60
2026-03-04 22:49:26,534 - INFO -   output_offset=0, total_bins_input=60, total_bins_output=60
2026-03-04 22:49:26,535 - INFO -   Valid start positions per trial: 0 to 0
2026-03-04 22:49:26,535 - INFO -   Total samples: 600 (600 trials × 1 positions)
2026-03-04 22:49:49,037 - INFO - BinnedStimSpikeDataset initialized:
2026-03-04 22:49:49,037 - INFO -   input_bin_size_ms=10, output_bin_size_ms=10
2026-03-04 22:49:49,038 - INFO -   n_input_bins=60, n_output_bins=60
2026-03-04 22:49:49,038 - INFO -   output_offset=0, total_bins_input=60, total_bins_output=60
2026-03-04 22:49:49,038 - INFO -   Valid start positions per trial: 0 to 0
2026-03-04 22:49:49,038 - INFO -   Total samples: 1000 (1000 trials × 1 positions)
2026-03-04 22:49:49,038 - INFO - Samples — train: 3400, val: 600, test: 1000
2026-03-04 22:49:49,038 - INFO - Input channels: 42, Neurons: 63
2026-03-04 22:49:49,058 - INFO - Using CPU
2026-03-04 22:49:49,074 - INFO - Model: CNN — 290,239 trainable params (290,239 total)
2026-03-04 22:49:53,585 - INFO - Starting training …
2026-03-04 22:50:00,837 - INFO - Epoch   1/50 | Train: 0.206783 | Val: 0.182994 | Corr: 0.078944 | LR: 1.00e-03
2026-03-04 22:50:00,855 - INFO -   ↳ Saved best model (val_corr=0.078944)
2026-03-04 22:50:06,919 - INFO - Epoch   2/50 | Train: 0.182645 | Val: 0.181060 | Corr: 0.092977 | LR: 1.00e-03
2026-03-04 22:50:06,932 - INFO -   ↳ Saved best model (val_corr=0.092977)
2026-03-04 22:50:12,926 - INFO - Epoch   3/50 | Train: 0.180832 | Val: 0.179634 | Corr: 0.103779 | LR: 1.00e-03
2026-03-04 22:50:12,941 - INFO -   ↳ Saved best model (val_corr=0.103779)
2026-03-04 22:50:18,923 - INFO - Epoch   4/50 | Train: 0.179788 | Val: 0.180478 | Corr: 0.108440 | LR: 1.00e-03
2026-03-04 22:50:18,937 - INFO -   ↳ Saved best model (val_corr=0.108440)
2026-03-04 22:50:24,881 - INFO - Epoch   5/50 | Train: 0.178817 | Val: 0.179357 | Corr: 0.113701 | LR: 1.00e-03
2026-03-04 22:50:24,896 - INFO -   ↳ Saved best model (val_corr=0.113701)
2026-03-04 22:50:30,958 - INFO - Epoch   6/50 | Train: 0.177787 | Val: 0.180864 | Corr: 0.118929 | LR: 1.00e-03
2026-03-04 22:50:30,992 - INFO -   ↳ Saved best model (val_corr=0.118929)
2026-03-04 22:50:37,015 - INFO - Epoch   7/50 | Train: 0.177395 | Val: 0.178397 | Corr: 0.123713 | LR: 1.00e-03
2026-03-04 22:50:37,029 - INFO -   ↳ Saved best model (val_corr=0.123713)
2026-03-04 22:50:43,067 - INFO - Epoch   8/50 | Train: 0.177095 | Val: 0.179830 | Corr: 0.125367 | LR: 1.00e-03
2026-03-04 22:50:43,079 - INFO -   ↳ Saved best model (val_corr=0.125367)
2026-03-04 22:50:49,071 - INFO - Epoch   9/50 | Train: 0.176695 | Val: 0.178621 | Corr: 0.127552 | LR: 1.00e-03
2026-03-04 22:50:49,084 - INFO -   ↳ Saved best model (val_corr=0.127552)
2026-03-04 22:50:55,329 - INFO - Epoch  10/50 | Train: 0.176180 | Val: 0.177494 | Corr: 0.129829 | LR: 1.00e-03
2026-03-04 22:50:55,348 - INFO -   ↳ Saved best model (val_corr=0.129829)
2026-03-04 22:51:01,551 - INFO - Epoch  11/50 | Train: 0.175973 | Val: 0.177463 | Corr: 0.127941 | LR: 1.00e-03
2026-03-04 22:51:07,570 - INFO - Epoch  12/50 | Train: 0.175643 | Val: 0.178056 | Corr: 0.130982 | LR: 1.00e-03
2026-03-04 22:51:07,587 - INFO -   ↳ Saved best model (val_corr=0.130982)
2026-03-04 22:51:13,660 - INFO - Epoch  13/50 | Train: 0.175598 | Val: 0.179555 | Corr: 0.133239 | LR: 1.00e-03
2026-03-04 22:51:13,673 - INFO -   ↳ Saved best model (val_corr=0.133239)
2026-03-04 22:51:19,730 - INFO - Epoch  14/50 | Train: 0.175213 | Val: 0.178540 | Corr: 0.133458 | LR: 1.00e-03
2026-03-04 22:51:19,741 - INFO -   ↳ Saved best model (val_corr=0.133458)
2026-03-04 22:51:25,772 - INFO - Epoch  15/50 | Train: 0.175003 | Val: 0.177504 | Corr: 0.133034 | LR: 1.00e-03
2026-03-04 22:51:31,806 - INFO - Epoch  16/50 | Train: 0.174699 | Val: 0.177155 | Corr: 0.134889 | LR: 1.00e-03
2026-03-04 22:51:31,822 - INFO -   ↳ Saved best model (val_corr=0.134889)
2026-03-04 22:51:37,831 - INFO - Epoch  17/50 | Train: 0.174566 | Val: 0.178609 | Corr: 0.135128 | LR: 1.00e-03
2026-03-04 22:51:37,850 - INFO -   ↳ Saved best model (val_corr=0.135128)
2026-03-04 22:51:43,924 - INFO - Epoch  18/50 | Train: 0.174464 | Val: 0.177028 | Corr: 0.134613 | LR: 1.00e-03
2026-03-04 22:51:49,870 - INFO - Epoch  19/50 | Train: 0.174080 | Val: 0.176383 | Corr: 0.133797 | LR: 1.00e-03
2026-03-04 22:51:55,811 - INFO - Epoch  20/50 | Train: 0.173976 | Val: 0.176640 | Corr: 0.135556 | LR: 1.00e-03
2026-03-04 22:51:55,844 - INFO -   ↳ Saved best model (val_corr=0.135556)
2026-03-04 22:52:01,860 - INFO - Epoch  21/50 | Train: 0.173943 | Val: 0.175987 | Corr: 0.134259 | LR: 1.00e-03
2026-03-04 22:52:07,790 - INFO - Epoch  22/50 | Train: 0.173674 | Val: 0.176974 | Corr: 0.135342 | LR: 1.00e-03
2026-03-04 22:52:13,751 - INFO - Epoch  23/50 | Train: 0.173643 | Val: 0.178546 | Corr: 0.135412 | LR: 1.00e-03
2026-03-04 22:52:19,556 - INFO - Epoch  24/50 | Train: 0.173338 | Val: 0.176634 | Corr: 0.133278 | LR: 1.00e-03
2026-03-04 22:52:25,276 - INFO - Epoch  25/50 | Train: 0.173168 | Val: 0.177495 | Corr: 0.135199 | LR: 1.00e-03
2026-03-04 22:52:31,234 - INFO - Epoch  26/50 | Train: 0.173076 | Val: 0.176416 | Corr: 0.132517 | LR: 1.00e-03
2026-03-04 22:52:37,211 - INFO - Epoch  27/50 | Train: 0.172913 | Val: 0.176428 | Corr: 0.135668 | LR: 5.00e-04
2026-03-04 22:52:37,231 - INFO -   ↳ Saved best model (val_corr=0.135668)
2026-03-04 22:52:43,189 - INFO - Epoch  28/50 | Train: 0.171925 | Val: 0.176397 | Corr: 0.135794 | LR: 5.00e-04
2026-03-04 22:52:43,202 - INFO -   ↳ Saved best model (val_corr=0.135794)
2026-03-04 22:52:48,949 - INFO - Epoch  29/50 | Train: 0.171780 | Val: 0.175930 | Corr: 0.135490 | LR: 5.00e-04
2026-03-04 22:52:54,721 - INFO - Epoch  30/50 | Train: 0.171672 | Val: 0.176781 | Corr: 0.135742 | LR: 5.00e-04
2026-03-04 22:53:00,679 - INFO - Epoch  31/50 | Train: 0.171605 | Val: 0.176793 | Corr: 0.134952 | LR: 5.00e-04
2026-03-04 22:53:06,521 - INFO - Epoch  32/50 | Train: 0.171512 | Val: 0.176809 | Corr: 0.135404 | LR: 5.00e-04
2026-03-04 22:53:12,450 - INFO - Epoch  33/50 | Train: 0.171405 | Val: 0.177118 | Corr: 0.135239 | LR: 5.00e-04
2026-03-04 22:53:18,337 - INFO - Epoch  34/50 | Train: 0.171235 | Val: 0.178229 | Corr: 0.134598 | LR: 5.00e-04
2026-03-04 22:53:24,399 - INFO - Epoch  35/50 | Train: 0.171252 | Val: 0.176215 | Corr: 0.134327 | LR: 2.50e-04
2026-03-04 22:53:30,458 - INFO - Epoch  36/50 | Train: 0.170748 | Val: 0.176446 | Corr: 0.135083 | LR: 2.50e-04
2026-03-04 22:53:36,516 - INFO - Epoch  37/50 | Train: 0.170605 | Val: 0.176782 | Corr: 0.135492 | LR: 2.50e-04
2026-03-04 22:53:42,481 - INFO - Epoch  38/50 | Train: 0.170631 | Val: 0.177604 | Corr: 0.134712 | LR: 2.50e-04
2026-03-04 22:53:42,481 - INFO - Early stopping at epoch 38
2026-03-04 22:53:42,482 - INFO - Training complete — best val corr: 0.135794
2026-03-04 22:53:44,019 - INFO - Test loss: 0.169664, Test corr: 0.131316
2026-03-04 22:53:44,481 - INFO - Fraction of variance explained (FVE): 0.013999
2026-03-04 22:53:44,481 - INFO - Generating figures …
2026-03-04 22:53:44,957 - INFO - Correlation between predicted and actual per-neuron averages: r=0.9886, p=0.00e+00
2026-03-04 22:53:47,076 - INFO - Pattern selectivity summary:
2026-03-04 22:53:47,076 - INFO -   Mean correlation across neurons: 0.4925
2026-03-04 22:53:47,076 - INFO -   Median correlation: 0.5405
2026-03-04 22:53:47,076 - INFO -   Neurons with r > 0.5: 35 / 63
2026-03-04 22:53:47,076 - INFO -   Neurons with r > 0.3: 49 / 63
2026-03-04 22:53:47,076 - INFO - Pattern selectivity — mean neuron corr: 0.4925
2026-03-04 22:53:48,775 - INFO - LOO (avg rate) — Model mean r: 0.2891, LOO mean r: 0.4546, Neurons model > LOO: 1/63
2026-03-04 22:53:50,962 - INFO - LOO (temporal) — Model mean r: 0.1323, LOO mean r: 0.3186, Neurons model > LOO: 0/63
2026-03-04 22:53:50,963 - INFO - Skipping oracle trial plots (skip_oracle_plots=True)
2026-03-04 22:53:50,968 - INFO - Experiment complete. Summary: {
  "run_dir": "/scratch/sb272/patterns5k_results/slurm_base_cnn_2026-03-04_16-53-19/trial_0169_learning_rate=1.0e-03_kernel_sizes=5x3_conv_channels=128x256_fc_dims=512_seed3",
  "model_type": "cnn",
  "batch_avg_test_loss": 0.1696637235879898,
  "batch_avg_test_corr": 0.13131631969093246,
  "all_test_fve": 0.013998783770061675,
  "AR_FVE": NaN,
  "AR_test_correlation": NaN,
  "best_val_corr": 0.1357937032639728,
  "total_params": 290239,
  "trainable_params": 290239,
  "epochs_trained": 38,
  "mean_pattern_corr": 0.4925157586444866,
  "history": 0,
  "init_state": true,
  "loo_avg_mean_corr": 0.45456832695830385,
  "model_avg_mean_corr": 0.2891151565450651,
  "neurons_model_beats_loo_avg": 1,
  "loo_temporal_mean_corr": 0.31855225563049316,
  "all_test_corr": 0.13232095539569855,
  "neurons_model_beats_loo_temporal": 0,
  "kernel_sizes": [
    5,
    3
  ],
  "conv_channels": [
    128,
    256
  ],
  "fc_dims": [
    512
  ]
}
