2026-03-03 20:10:26,004 - INFO - ============================================================
2026-03-03 20:10:26,004 - INFO - Experiment run directory: /scratch/sb272/patterns5k_results/slurm_hist_cnn_2026-03-03_15-13-01/trial_0150_learning_rate=5.0e-04_history=2_kernel_sizes=20_conv_channels=256_fc_dims=256_seed0
2026-03-03 20:10:26,004 - INFO - ============================================================
2026-03-03 20:10:26,004 - INFO - Loading data …
2026-03-03 20:10:27,103 - INFO - 63 unique neurons after dropping problematic neurons
2026-03-03 20:10:27,916 - INFO - Stimulation channels: 42, Spiking neurons: 63
2026-03-03 20:11:33,181 - INFO - Unique patterns: 4050, Total trials: 5000
2026-03-03 20:11:33,184 - INFO - Stimulation channels: 42, Spiking neurons: 63
2026-03-03 20:11:33,184 - INFO - Unique patterns: 4050, Total trials: 5000
2026-03-03 20:11:33,195 - INFO - Split (oracle): train=3400, val=600, test=1000
2026-03-03 20:11:47,484 - INFO - BinnedStimSpikeDataset initialized:
2026-03-03 20:11:47,484 - INFO -   input_bin_size_ms=10, output_bin_size_ms=10
2026-03-03 20:11:47,484 - INFO -   n_input_bins=60, n_output_bins=60
2026-03-03 20:11:47,484 - INFO -   output_offset=0, total_bins_input=60, total_bins_output=60
2026-03-03 20:11:47,484 - INFO -   Valid start positions per trial: 0 to 0
2026-03-03 20:11:47,484 - INFO -   Total samples: 3400 (3400 trials × 1 positions)
2026-03-03 20:12:01,227 - INFO - BinnedStimSpikeDataset initialized:
2026-03-03 20:12:01,227 - INFO -   input_bin_size_ms=10, output_bin_size_ms=10
2026-03-03 20:12:01,227 - INFO -   n_input_bins=60, n_output_bins=60
2026-03-03 20:12:01,227 - INFO -   output_offset=0, total_bins_input=60, total_bins_output=60
2026-03-03 20:12:01,227 - INFO -   Valid start positions per trial: 0 to 0
2026-03-03 20:12:01,227 - INFO -   Total samples: 600 (600 trials × 1 positions)
2026-03-03 20:12:15,061 - INFO - BinnedStimSpikeDataset initialized:
2026-03-03 20:12:15,061 - INFO -   input_bin_size_ms=10, output_bin_size_ms=10
2026-03-03 20:12:15,061 - INFO -   n_input_bins=60, n_output_bins=60
2026-03-03 20:12:15,061 - INFO -   output_offset=0, total_bins_input=60, total_bins_output=60
2026-03-03 20:12:15,061 - INFO -   Valid start positions per trial: 0 to 0
2026-03-03 20:12:15,061 - INFO -   Total samples: 1000 (1000 trials × 1 positions)
2026-03-03 20:12:15,061 - INFO - Samples — train: 3400, val: 600, test: 1000
2026-03-03 20:12:15,061 - INFO - Input channels: 105, Neurons: 63
2026-03-03 20:12:15,074 - INFO - Using CPU
2026-03-03 20:12:15,210 - INFO - Model: CNN — 620,351 trainable params (620,351 total)
2026-03-03 20:12:22,388 - INFO - Starting training …
2026-03-03 20:12:29,888 - INFO - Epoch   1/50 | Train: 0.225811 | Val: 0.178967 | Corr: 0.136242 | LR: 5.00e-04
2026-03-03 20:12:29,912 - INFO -   ↳ Saved best model (val_corr=0.136242)
2026-03-03 20:12:35,862 - INFO - Epoch   2/50 | Train: 0.174163 | Val: 0.174961 | Corr: 0.163451 | LR: 5.00e-04
2026-03-03 20:12:35,879 - INFO -   ↳ Saved best model (val_corr=0.163451)
2026-03-03 20:12:41,809 - INFO - Epoch   3/50 | Train: 0.169865 | Val: 0.172911 | Corr: 0.182374 | LR: 5.00e-04
2026-03-03 20:12:41,823 - INFO -   ↳ Saved best model (val_corr=0.182374)
2026-03-03 20:12:47,806 - INFO - Epoch   4/50 | Train: 0.167088 | Val: 0.171262 | Corr: 0.194532 | LR: 5.00e-04
2026-03-03 20:12:47,828 - INFO -   ↳ Saved best model (val_corr=0.194532)
2026-03-03 20:12:53,794 - INFO - Epoch   5/50 | Train: 0.164836 | Val: 0.170070 | Corr: 0.205344 | LR: 5.00e-04
2026-03-03 20:12:53,814 - INFO -   ↳ Saved best model (val_corr=0.205344)
2026-03-03 20:12:59,756 - INFO - Epoch   6/50 | Train: 0.163172 | Val: 0.169640 | Corr: 0.209688 | LR: 5.00e-04
2026-03-03 20:12:59,777 - INFO -   ↳ Saved best model (val_corr=0.209688)
2026-03-03 20:13:05,721 - INFO - Epoch   7/50 | Train: 0.161898 | Val: 0.169349 | Corr: 0.213888 | LR: 5.00e-04
2026-03-03 20:13:05,738 - INFO -   ↳ Saved best model (val_corr=0.213888)
2026-03-03 20:13:11,970 - INFO - Epoch   8/50 | Train: 0.160500 | Val: 0.169281 | Corr: 0.218311 | LR: 5.00e-04
2026-03-03 20:13:11,989 - INFO -   ↳ Saved best model (val_corr=0.218311)
2026-03-03 20:13:18,217 - INFO - Epoch   9/50 | Train: 0.159447 | Val: 0.168210 | Corr: 0.221587 | LR: 5.00e-04
2026-03-03 20:13:18,234 - INFO -   ↳ Saved best model (val_corr=0.221587)
2026-03-03 20:13:24,497 - INFO - Epoch  10/50 | Train: 0.158400 | Val: 0.169363 | Corr: 0.222274 | LR: 5.00e-04
2026-03-03 20:13:24,514 - INFO -   ↳ Saved best model (val_corr=0.222274)
2026-03-03 20:13:30,766 - INFO - Epoch  11/50 | Train: 0.157560 | Val: 0.167941 | Corr: 0.225376 | LR: 5.00e-04
2026-03-03 20:13:30,794 - INFO -   ↳ Saved best model (val_corr=0.225376)
2026-03-03 20:13:37,049 - INFO - Epoch  12/50 | Train: 0.156699 | Val: 0.168497 | Corr: 0.225613 | LR: 5.00e-04
2026-03-03 20:13:37,064 - INFO -   ↳ Saved best model (val_corr=0.225613)
2026-03-03 20:13:43,319 - INFO - Epoch  13/50 | Train: 0.155858 | Val: 0.168178 | Corr: 0.226810 | LR: 5.00e-04
2026-03-03 20:13:43,337 - INFO -   ↳ Saved best model (val_corr=0.226810)
2026-03-03 20:13:49,615 - INFO - Epoch  14/50 | Train: 0.155184 | Val: 0.169079 | Corr: 0.227970 | LR: 5.00e-04
2026-03-03 20:13:49,631 - INFO -   ↳ Saved best model (val_corr=0.227970)
2026-03-03 20:13:55,923 - INFO - Epoch  15/50 | Train: 0.154571 | Val: 0.167979 | Corr: 0.229209 | LR: 5.00e-04
2026-03-03 20:13:55,940 - INFO -   ↳ Saved best model (val_corr=0.229209)
2026-03-03 20:14:02,231 - INFO - Epoch  16/50 | Train: 0.153929 | Val: 0.168206 | Corr: 0.228742 | LR: 5.00e-04
2026-03-03 20:14:08,510 - INFO - Epoch  17/50 | Train: 0.153369 | Val: 0.168065 | Corr: 0.229387 | LR: 2.50e-04
2026-03-03 20:14:08,527 - INFO -   ↳ Saved best model (val_corr=0.229387)
2026-03-03 20:14:14,797 - INFO - Epoch  18/50 | Train: 0.151408 | Val: 0.168230 | Corr: 0.229816 | LR: 2.50e-04
2026-03-03 20:14:14,827 - INFO -   ↳ Saved best model (val_corr=0.229816)
2026-03-03 20:14:21,111 - INFO - Epoch  19/50 | Train: 0.150765 | Val: 0.168618 | Corr: 0.230167 | LR: 2.50e-04
2026-03-03 20:14:21,141 - INFO -   ↳ Saved best model (val_corr=0.230167)
2026-03-03 20:14:27,474 - INFO - Epoch  20/50 | Train: 0.150423 | Val: 0.168554 | Corr: 0.229973 | LR: 2.50e-04
2026-03-03 20:14:33,745 - INFO - Epoch  21/50 | Train: 0.150091 | Val: 0.168725 | Corr: 0.229977 | LR: 2.50e-04
2026-03-03 20:14:40,046 - INFO - Epoch  22/50 | Train: 0.149703 | Val: 0.168931 | Corr: 0.229729 | LR: 2.50e-04
2026-03-03 20:14:46,343 - INFO - Epoch  23/50 | Train: 0.149449 | Val: 0.168733 | Corr: 0.228925 | LR: 1.25e-04
2026-03-03 20:14:52,624 - INFO - Epoch  24/50 | Train: 0.148430 | Val: 0.168943 | Corr: 0.229884 | LR: 1.25e-04
2026-03-03 20:14:58,931 - INFO - Epoch  25/50 | Train: 0.148176 | Val: 0.169500 | Corr: 0.229221 | LR: 1.25e-04
2026-03-03 20:15:05,019 - INFO - Epoch  26/50 | Train: 0.147986 | Val: 0.169480 | Corr: 0.229538 | LR: 1.25e-04
2026-03-03 20:15:11,016 - INFO - Epoch  27/50 | Train: 0.147696 | Val: 0.169299 | Corr: 0.229318 | LR: 1.25e-04
2026-03-03 20:15:17,010 - INFO - Epoch  28/50 | Train: 0.147529 | Val: 0.169448 | Corr: 0.229581 | LR: 1.25e-04
2026-03-03 20:15:23,012 - INFO - Epoch  29/50 | Train: 0.147440 | Val: 0.169453 | Corr: 0.228774 | LR: 6.25e-05
2026-03-03 20:15:23,012 - INFO - Early stopping at epoch 29
2026-03-03 20:15:23,012 - INFO - Training complete — best val corr: 0.230167
2026-03-03 20:15:24,420 - INFO - Test loss: 0.157894, Test corr: 0.219651
2026-03-03 20:15:25,071 - INFO - Fraction of variance explained (FVE): 0.059674
2026-03-03 20:15:25,071 - INFO - Computing autoregressive (AR) test predictions …
2026-03-03 20:15:25,807 - INFO - AR FVE: -0.010511, AR test corr: 0.074473
2026-03-03 20:15:25,808 - INFO - Generating figures …
2026-03-03 20:15:26,298 - INFO - Correlation between predicted and actual per-neuron averages: r=0.9836, p=0.00e+00
2026-03-03 20:15:28,244 - INFO - Pattern selectivity summary:
2026-03-03 20:15:28,244 - INFO -   Mean correlation across neurons: 0.7205
2026-03-03 20:15:28,247 - INFO -   Median correlation: 0.7313
2026-03-03 20:15:28,247 - INFO -   Neurons with r > 0.5: 59 / 63
2026-03-03 20:15:28,247 - INFO -   Neurons with r > 0.3: 62 / 63
2026-03-03 20:15:28,247 - INFO - Pattern selectivity — mean neuron corr: 0.7205
2026-03-03 20:15:29,825 - INFO - LOO (avg rate) — Model mean r: 0.6329, LOO mean r: 0.4546, Neurons model > LOO: 56/63
2026-03-03 20:15:31,742 - INFO - LOO (temporal) — Model mean r: 0.2317, LOO mean r: 0.3186, Neurons model > LOO: 6/63
2026-03-03 20:15:31,743 - INFO - Skipping oracle trial plots (skip_oracle_plots=True)
2026-03-03 20:15:31,750 - INFO - Experiment complete. Summary: {
  "run_dir": "/scratch/sb272/patterns5k_results/slurm_hist_cnn_2026-03-03_15-13-01/trial_0150_learning_rate=5.0e-04_history=2_kernel_sizes=20_conv_channels=256_fc_dims=256_seed0",
  "model_type": "cnn",
  "batch_avg_test_loss": 0.15789404571056365,
  "batch_avg_test_corr": 0.219650684929864,
  "all_test_fve": 0.05967429895249624,
  "AR_FVE": -0.010510947969224717,
  "AR_test_correlation": 0.07447326928377151,
  "best_val_corr": 0.23016748120416988,
  "total_params": 620351,
  "trainable_params": 620351,
  "epochs_trained": 29,
  "mean_pattern_corr": 0.7204537289299429,
  "history": 2,
  "init_state": true,
  "loo_avg_mean_corr": 0.45456832695830385,
  "model_avg_mean_corr": 0.6328663879109788,
  "neurons_model_beats_loo_avg": 56,
  "loo_temporal_mean_corr": 0.31855225563049316,
  "all_test_corr": 0.23167793452739716,
  "neurons_model_beats_loo_temporal": 6,
  "kernel_sizes": [
    20
  ],
  "conv_channels": [
    256
  ],
  "fc_dims": [
    256
  ]
}
