2026-03-06 14:10:00,629 - INFO - ============================================================
2026-03-06 14:10:00,629 - INFO - Experiment run directory: /scratch/sb272/patterns5k_results/slurm_base_cnn_2026-03-06_09-50-40/trial_0024_learning_rate=5.0e-04_kernel_sizes=3x3x3_conv_channels=32x64x128_fc_dims=128_seed2
2026-03-06 14:10:00,629 - INFO - ============================================================
2026-03-06 14:10:00,629 - INFO - Loading data …
2026-03-06 14:10:01,431 - INFO - 63 unique neurons after dropping problematic neurons
2026-03-06 14:10:02,506 - INFO - Stimulation channels: 42, Spiking neurons: 63
2026-03-06 14:11:50,766 - INFO - Unique patterns: 4050, Total trials: 5000
2026-03-06 14:11:50,767 - INFO - Stimulation channels: 42, Spiking neurons: 63
2026-03-06 14:11:50,767 - INFO - Unique patterns: 4050, Total trials: 5000
2026-03-06 14:11:50,782 - INFO - Split (oracle): train=3400, val=600, test=1000
2026-03-06 14:12:12,864 - INFO - BinnedStimSpikeDataset initialized:
2026-03-06 14:12:12,866 - INFO -   input_bin_size_ms=10, output_bin_size_ms=10
2026-03-06 14:12:12,866 - INFO -   n_input_bins=60, n_output_bins=60
2026-03-06 14:12:12,866 - INFO -   output_offset=0, total_bins_input=60, total_bins_output=60
2026-03-06 14:12:12,866 - INFO -   Valid start positions per trial: 0 to 0
2026-03-06 14:12:12,866 - INFO -   Total samples: 3400 (3400 trials × 1 positions)
2026-03-06 14:12:34,380 - INFO - BinnedStimSpikeDataset initialized:
2026-03-06 14:12:34,380 - INFO -   input_bin_size_ms=10, output_bin_size_ms=10
2026-03-06 14:12:34,380 - INFO -   n_input_bins=60, n_output_bins=60
2026-03-06 14:12:34,380 - INFO -   output_offset=0, total_bins_input=60, total_bins_output=60
2026-03-06 14:12:34,380 - INFO -   Valid start positions per trial: 0 to 0
2026-03-06 14:12:34,380 - INFO -   Total samples: 600 (600 trials × 1 positions)
2026-03-06 14:12:56,033 - INFO - BinnedStimSpikeDataset initialized:
2026-03-06 14:12:56,034 - INFO -   input_bin_size_ms=10, output_bin_size_ms=10
2026-03-06 14:12:56,034 - INFO -   n_input_bins=60, n_output_bins=60
2026-03-06 14:12:56,034 - INFO -   output_offset=0, total_bins_input=60, total_bins_output=60
2026-03-06 14:12:56,034 - INFO -   Valid start positions per trial: 0 to 0
2026-03-06 14:12:56,034 - INFO -   Total samples: 1000 (1000 trials × 1 positions)
2026-03-06 14:12:56,034 - INFO - Samples — train: 3400, val: 600, test: 1000
2026-03-06 14:12:56,034 - INFO - Input channels: 42, Neurons: 63
2026-03-06 14:12:56,039 - INFO - Using CPU
2026-03-06 14:12:56,055 - INFO - Model: CNN — 60,063 trainable params (60,063 total)
2026-03-06 14:12:59,788 - INFO - Starting training …
2026-03-06 14:13:03,691 - INFO - Epoch   1/50 | Train: 0.273160 | Val: 0.183670 | Corr: 0.065659 | LR: 5.00e-04
2026-03-06 14:13:03,702 - INFO -   ↳ Saved best model (val_corr=0.065659)
2026-03-06 14:13:06,530 - INFO - Epoch   2/50 | Train: 0.186503 | Val: 0.182084 | Corr: 0.071263 | LR: 5.00e-04
2026-03-06 14:13:06,541 - INFO -   ↳ Saved best model (val_corr=0.071263)
2026-03-06 14:13:09,359 - INFO - Epoch   3/50 | Train: 0.185037 | Val: 0.181027 | Corr: 0.077086 | LR: 5.00e-04
2026-03-06 14:13:09,369 - INFO -   ↳ Saved best model (val_corr=0.077086)
2026-03-06 14:13:12,174 - INFO - Epoch   4/50 | Train: 0.184207 | Val: 0.181003 | Corr: 0.078516 | LR: 5.00e-04
2026-03-06 14:13:12,185 - INFO -   ↳ Saved best model (val_corr=0.078516)
2026-03-06 14:13:15,001 - INFO - Epoch   5/50 | Train: 0.183466 | Val: 0.180567 | Corr: 0.084047 | LR: 5.00e-04
2026-03-06 14:13:15,012 - INFO -   ↳ Saved best model (val_corr=0.084047)
2026-03-06 14:13:17,813 - INFO - Epoch   6/50 | Train: 0.182801 | Val: 0.180148 | Corr: 0.087293 | LR: 5.00e-04
2026-03-06 14:13:17,822 - INFO -   ↳ Saved best model (val_corr=0.087293)
2026-03-06 14:13:20,627 - INFO - Epoch   7/50 | Train: 0.182424 | Val: 0.180075 | Corr: 0.088584 | LR: 5.00e-04
2026-03-06 14:13:20,637 - INFO -   ↳ Saved best model (val_corr=0.088584)
2026-03-06 14:13:23,439 - INFO - Epoch   8/50 | Train: 0.182070 | Val: 0.180100 | Corr: 0.090556 | LR: 5.00e-04
2026-03-06 14:13:23,451 - INFO -   ↳ Saved best model (val_corr=0.090556)
2026-03-06 14:13:26,266 - INFO - Epoch   9/50 | Train: 0.181777 | Val: 0.179918 | Corr: 0.091980 | LR: 5.00e-04
2026-03-06 14:13:26,275 - INFO -   ↳ Saved best model (val_corr=0.091980)
2026-03-06 14:13:29,094 - INFO - Epoch  10/50 | Train: 0.181381 | Val: 0.179415 | Corr: 0.095433 | LR: 5.00e-04
2026-03-06 14:13:29,103 - INFO -   ↳ Saved best model (val_corr=0.095433)
2026-03-06 14:13:31,923 - INFO - Epoch  11/50 | Train: 0.181200 | Val: 0.179292 | Corr: 0.097712 | LR: 5.00e-04
2026-03-06 14:13:31,934 - INFO -   ↳ Saved best model (val_corr=0.097712)
2026-03-06 14:13:34,745 - INFO - Epoch  12/50 | Train: 0.180879 | Val: 0.179127 | Corr: 0.098957 | LR: 5.00e-04
2026-03-06 14:13:34,771 - INFO -   ↳ Saved best model (val_corr=0.098957)
2026-03-06 14:13:37,583 - INFO - Epoch  13/50 | Train: 0.180650 | Val: 0.178967 | Corr: 0.100766 | LR: 5.00e-04
2026-03-06 14:13:37,615 - INFO -   ↳ Saved best model (val_corr=0.100766)
2026-03-06 14:13:40,481 - INFO - Epoch  14/50 | Train: 0.180400 | Val: 0.178822 | Corr: 0.103242 | LR: 5.00e-04
2026-03-06 14:13:40,498 - INFO -   ↳ Saved best model (val_corr=0.103242)
2026-03-06 14:13:43,312 - INFO - Epoch  15/50 | Train: 0.180212 | Val: 0.178882 | Corr: 0.103421 | LR: 5.00e-04
2026-03-06 14:13:43,332 - INFO -   ↳ Saved best model (val_corr=0.103421)
2026-03-06 14:13:46,152 - INFO - Epoch  16/50 | Train: 0.180003 | Val: 0.178478 | Corr: 0.107224 | LR: 5.00e-04
2026-03-06 14:13:46,167 - INFO -   ↳ Saved best model (val_corr=0.107224)
2026-03-06 14:13:48,988 - INFO - Epoch  17/50 | Train: 0.179791 | Val: 0.178416 | Corr: 0.107769 | LR: 5.00e-04
2026-03-06 14:13:48,997 - INFO -   ↳ Saved best model (val_corr=0.107769)
2026-03-06 14:13:51,807 - INFO - Epoch  18/50 | Train: 0.179592 | Val: 0.178418 | Corr: 0.109035 | LR: 5.00e-04
2026-03-06 14:13:51,818 - INFO -   ↳ Saved best model (val_corr=0.109035)
2026-03-06 14:13:54,630 - INFO - Epoch  19/50 | Train: 0.179482 | Val: 0.178392 | Corr: 0.108815 | LR: 5.00e-04
2026-03-06 14:13:57,432 - INFO - Epoch  20/50 | Train: 0.179364 | Val: 0.178044 | Corr: 0.110936 | LR: 5.00e-04
2026-03-06 14:13:57,444 - INFO -   ↳ Saved best model (val_corr=0.110936)
2026-03-06 14:14:00,245 - INFO - Epoch  21/50 | Train: 0.179206 | Val: 0.178047 | Corr: 0.113190 | LR: 5.00e-04
2026-03-06 14:14:00,254 - INFO -   ↳ Saved best model (val_corr=0.113190)
2026-03-06 14:14:03,040 - INFO - Epoch  22/50 | Train: 0.179044 | Val: 0.177879 | Corr: 0.113854 | LR: 5.00e-04
2026-03-06 14:14:03,050 - INFO -   ↳ Saved best model (val_corr=0.113854)
2026-03-06 14:14:05,840 - INFO - Epoch  23/50 | Train: 0.178875 | Val: 0.177701 | Corr: 0.115005 | LR: 5.00e-04
2026-03-06 14:14:05,848 - INFO -   ↳ Saved best model (val_corr=0.115005)
2026-03-06 14:14:08,655 - INFO - Epoch  24/50 | Train: 0.178789 | Val: 0.177872 | Corr: 0.116140 | LR: 5.00e-04
2026-03-06 14:14:08,664 - INFO -   ↳ Saved best model (val_corr=0.116140)
2026-03-06 14:14:11,489 - INFO - Epoch  25/50 | Train: 0.178536 | Val: 0.178144 | Corr: 0.117840 | LR: 5.00e-04
2026-03-06 14:14:11,519 - INFO -   ↳ Saved best model (val_corr=0.117840)
2026-03-06 14:14:14,360 - INFO - Epoch  26/50 | Train: 0.178550 | Val: 0.177531 | Corr: 0.117731 | LR: 5.00e-04
2026-03-06 14:14:17,198 - INFO - Epoch  27/50 | Train: 0.178370 | Val: 0.177390 | Corr: 0.118529 | LR: 5.00e-04
2026-03-06 14:14:17,207 - INFO -   ↳ Saved best model (val_corr=0.118529)
2026-03-06 14:14:20,026 - INFO - Epoch  28/50 | Train: 0.178335 | Val: 0.177418 | Corr: 0.120024 | LR: 5.00e-04
2026-03-06 14:14:20,036 - INFO -   ↳ Saved best model (val_corr=0.120024)
2026-03-06 14:14:22,862 - INFO - Epoch  29/50 | Train: 0.178117 | Val: 0.177208 | Corr: 0.121227 | LR: 5.00e-04
2026-03-06 14:14:22,871 - INFO -   ↳ Saved best model (val_corr=0.121227)
2026-03-06 14:14:25,713 - INFO - Epoch  30/50 | Train: 0.178083 | Val: 0.177068 | Corr: 0.122319 | LR: 5.00e-04
2026-03-06 14:14:25,722 - INFO -   ↳ Saved best model (val_corr=0.122319)
2026-03-06 14:14:28,574 - INFO - Epoch  31/50 | Train: 0.178109 | Val: 0.177235 | Corr: 0.121583 | LR: 5.00e-04
2026-03-06 14:14:31,416 - INFO - Epoch  32/50 | Train: 0.177948 | Val: 0.176996 | Corr: 0.123325 | LR: 5.00e-04
2026-03-06 14:14:31,425 - INFO -   ↳ Saved best model (val_corr=0.123325)
2026-03-06 14:14:34,260 - INFO - Epoch  33/50 | Train: 0.177814 | Val: 0.176999 | Corr: 0.124046 | LR: 5.00e-04
2026-03-06 14:14:34,275 - INFO -   ↳ Saved best model (val_corr=0.124046)
2026-03-06 14:14:37,097 - INFO - Epoch  34/50 | Train: 0.177838 | Val: 0.176881 | Corr: 0.124687 | LR: 5.00e-04
2026-03-06 14:14:37,105 - INFO -   ↳ Saved best model (val_corr=0.124687)
2026-03-06 14:14:39,952 - INFO - Epoch  35/50 | Train: 0.177742 | Val: 0.176777 | Corr: 0.125698 | LR: 5.00e-04
2026-03-06 14:14:39,960 - INFO -   ↳ Saved best model (val_corr=0.125698)
2026-03-06 14:14:42,770 - INFO - Epoch  36/50 | Train: 0.177640 | Val: 0.176776 | Corr: 0.125969 | LR: 5.00e-04
2026-03-06 14:14:42,780 - INFO -   ↳ Saved best model (val_corr=0.125969)
2026-03-06 14:14:45,596 - INFO - Epoch  37/50 | Train: 0.177577 | Val: 0.176721 | Corr: 0.126717 | LR: 5.00e-04
2026-03-06 14:14:45,616 - INFO -   ↳ Saved best model (val_corr=0.126717)
2026-03-06 14:14:48,454 - INFO - Epoch  38/50 | Train: 0.177505 | Val: 0.176651 | Corr: 0.126918 | LR: 5.00e-04
2026-03-06 14:14:48,462 - INFO -   ↳ Saved best model (val_corr=0.126918)
2026-03-06 14:14:51,278 - INFO - Epoch  39/50 | Train: 0.177510 | Val: 0.176613 | Corr: 0.127601 | LR: 5.00e-04
2026-03-06 14:14:51,285 - INFO -   ↳ Saved best model (val_corr=0.127601)
2026-03-06 14:14:54,104 - INFO - Epoch  40/50 | Train: 0.177474 | Val: 0.176802 | Corr: 0.127550 | LR: 5.00e-04
2026-03-06 14:14:56,916 - INFO - Epoch  41/50 | Train: 0.177435 | Val: 0.176670 | Corr: 0.127858 | LR: 5.00e-04
2026-03-06 14:14:56,925 - INFO -   ↳ Saved best model (val_corr=0.127858)
2026-03-06 14:14:59,755 - INFO - Epoch  42/50 | Train: 0.177525 | Val: 0.176869 | Corr: 0.129150 | LR: 5.00e-04
2026-03-06 14:14:59,764 - INFO -   ↳ Saved best model (val_corr=0.129150)
2026-03-06 14:15:02,582 - INFO - Epoch  43/50 | Train: 0.177367 | Val: 0.176448 | Corr: 0.129196 | LR: 5.00e-04
2026-03-06 14:15:02,591 - INFO -   ↳ Saved best model (val_corr=0.129196)
2026-03-06 14:15:05,411 - INFO - Epoch  44/50 | Train: 0.177283 | Val: 0.176502 | Corr: 0.129149 | LR: 5.00e-04
2026-03-06 14:15:08,220 - INFO - Epoch  45/50 | Train: 0.177225 | Val: 0.176524 | Corr: 0.128783 | LR: 5.00e-04
2026-03-06 14:15:11,034 - INFO - Epoch  46/50 | Train: 0.177152 | Val: 0.176560 | Corr: 0.129370 | LR: 5.00e-04
2026-03-06 14:15:11,045 - INFO -   ↳ Saved best model (val_corr=0.129370)
2026-03-06 14:15:13,863 - INFO - Epoch  47/50 | Train: 0.177094 | Val: 0.176399 | Corr: 0.130099 | LR: 5.00e-04
2026-03-06 14:15:13,872 - INFO -   ↳ Saved best model (val_corr=0.130099)
2026-03-06 14:15:16,686 - INFO - Epoch  48/50 | Train: 0.177001 | Val: 0.176408 | Corr: 0.129832 | LR: 5.00e-04
2026-03-06 14:15:19,505 - INFO - Epoch  49/50 | Train: 0.177078 | Val: 0.176413 | Corr: 0.130140 | LR: 5.00e-04
2026-03-06 14:15:19,514 - INFO -   ↳ Saved best model (val_corr=0.130140)
2026-03-06 14:15:22,325 - INFO - Epoch  50/50 | Train: 0.177061 | Val: 0.176339 | Corr: 0.130763 | LR: 5.00e-04
2026-03-06 14:15:22,335 - INFO -   ↳ Saved best model (val_corr=0.130763)
2026-03-06 14:15:22,336 - INFO - Training complete — best val corr: 0.130763
2026-03-06 14:15:23,594 - INFO - Test loss: 0.168287, Test corr: 0.130971
2026-03-06 14:15:23,827 - INFO - Fraction of variance explained (FVE): 0.021299
2026-03-06 14:15:23,827 - INFO - Generating figures …
2026-03-06 14:15:24,267 - INFO - Correlation between predicted and actual per-neuron averages: r=0.9931, p=0.00e+00
2026-03-06 14:15:25,935 - INFO - Pattern selectivity summary:
2026-03-06 14:15:25,935 - INFO -   Mean correlation across neurons: 0.4557
2026-03-06 14:15:25,935 - INFO -   Median correlation: 0.4744
2026-03-06 14:15:25,935 - INFO -   Neurons with r > 0.5: 29 / 63
2026-03-06 14:15:25,936 - INFO -   Neurons with r > 0.3: 52 / 63
2026-03-06 14:15:25,936 - INFO - Pattern selectivity — mean neuron corr: 0.4557
2026-03-06 14:15:27,300 - INFO - LOO (avg rate) — Model mean r: 0.2646, LOO mean r: 0.4546, Neurons model > LOO: 1/63
2026-03-06 14:15:29,158 - INFO - LOO (temporal) — Model mean r: 0.1322, LOO mean r: 0.3186, Neurons model > LOO: 0/63
2026-03-06 14:15:29,158 - INFO - Skipping oracle trial plots (skip_oracle_plots=True)
2026-03-06 14:15:29,167 - INFO - Experiment complete. Summary: {
  "run_dir": "/scratch/sb272/patterns5k_results/slurm_base_cnn_2026-03-06_09-50-40/trial_0024_learning_rate=5.0e-04_kernel_sizes=3x3x3_conv_channels=32x64x128_fc_dims=128_seed2",
  "model_type": "cnn",
  "batch_avg_test_loss": 0.1682873033285141,
  "batch_avg_test_corr": 0.13097090037218917,
  "all_test_fve": 0.02129936691314455,
  "AR_FVE": NaN,
  "AR_test_correlation": NaN,
  "best_val_corr": 0.13076347418595957,
  "total_params": 60063,
  "trainable_params": 60063,
  "epochs_trained": 50,
  "mean_pattern_corr": 0.4556868906601966,
  "history": 0,
  "init_state": true,
  "loo_avg_mean_corr": 0.45456832695830385,
  "model_avg_mean_corr": 0.26461616143523964,
  "neurons_model_beats_loo_avg": 1,
  "loo_temporal_mean_corr": 0.31855225563049316,
  "all_test_corr": 0.13219530880451202,
  "neurons_model_beats_loo_temporal": 0,
  "kernel_sizes": [
    3,
    3,
    3
  ],
  "conv_channels": [
    32,
    64,
    128
  ],
  "fc_dims": [
    128
  ]
}
