2026-03-06 02:01:07,373 - INFO - ============================================================
2026-03-06 02:01:07,373 - INFO - Experiment run directory: /scratch/sb272/patterns5k_results/slurm_hist_cnn_2026-03-05_16-01-45/trial_0512_learning_rate=1.0e-03_history=20_kernel_sizes=3x3_conv_channels=64x128_fc_dims=512_seed1
2026-03-06 02:01:07,374 - INFO - ============================================================
2026-03-06 02:01:07,374 - INFO - Loading data …
2026-03-06 02:01:08,267 - INFO - 63 unique neurons after dropping problematic neurons
2026-03-06 02:01:09,504 - INFO - Stimulation channels: 42, Spiking neurons: 63
2026-03-06 02:03:17,693 - INFO - Unique patterns: 4050, Total trials: 5000
2026-03-06 02:03:17,694 - INFO - Stimulation channels: 42, Spiking neurons: 63
2026-03-06 02:03:17,695 - INFO - Unique patterns: 4050, Total trials: 5000
2026-03-06 02:03:17,711 - INFO - Split (oracle): train=3400, val=600, test=1000
2026-03-06 02:03:44,878 - INFO - BinnedStimSpikeDataset initialized:
2026-03-06 02:03:44,879 - INFO -   input_bin_size_ms=10, output_bin_size_ms=10
2026-03-06 02:03:44,879 - INFO -   n_input_bins=60, n_output_bins=60
2026-03-06 02:03:44,879 - INFO -   output_offset=0, total_bins_input=60, total_bins_output=60
2026-03-06 02:03:44,879 - INFO -   Valid start positions per trial: 0 to 0
2026-03-06 02:03:44,879 - INFO -   Total samples: 3400 (3400 trials × 1 positions)
2026-03-06 02:04:11,214 - INFO - BinnedStimSpikeDataset initialized:
2026-03-06 02:04:11,215 - INFO -   input_bin_size_ms=10, output_bin_size_ms=10
2026-03-06 02:04:11,215 - INFO -   n_input_bins=60, n_output_bins=60
2026-03-06 02:04:11,215 - INFO -   output_offset=0, total_bins_input=60, total_bins_output=60
2026-03-06 02:04:11,215 - INFO -   Valid start positions per trial: 0 to 0
2026-03-06 02:04:11,215 - INFO -   Total samples: 600 (600 trials × 1 positions)
2026-03-06 02:04:37,976 - INFO - BinnedStimSpikeDataset initialized:
2026-03-06 02:04:37,976 - INFO -   input_bin_size_ms=10, output_bin_size_ms=10
2026-03-06 02:04:37,976 - INFO -   n_input_bins=60, n_output_bins=60
2026-03-06 02:04:37,976 - INFO -   output_offset=0, total_bins_input=60, total_bins_output=60
2026-03-06 02:04:37,976 - INFO -   Valid start positions per trial: 0 to 0
2026-03-06 02:04:37,976 - INFO -   Total samples: 1000 (1000 trials × 1 positions)
2026-03-06 02:04:37,977 - INFO - Samples — train: 3400, val: 600, test: 1000
2026-03-06 02:04:37,977 - INFO - Input channels: 105, Neurons: 63
2026-03-06 02:04:37,980 - INFO - Using CPU
2026-03-06 02:04:37,996 - INFO - Model: CNN — 143,679 trainable params (143,679 total)
2026-03-06 02:04:41,873 - INFO - Starting training …
2026-03-06 02:04:48,597 - INFO - Epoch   1/50 | Train: 0.210689 | Val: 0.186419 | Corr: 0.076282 | LR: 1.00e-03
2026-03-06 02:04:48,614 - INFO -   ↳ Saved best model (val_corr=0.076282)
2026-03-06 02:04:54,278 - INFO - Epoch   2/50 | Train: 0.183459 | Val: 0.190410 | Corr: 0.090718 | LR: 1.00e-03
2026-03-06 02:04:54,288 - INFO -   ↳ Saved best model (val_corr=0.090718)
2026-03-06 02:04:59,844 - INFO - Epoch   3/50 | Train: 0.181669 | Val: 0.183003 | Corr: 0.097892 | LR: 1.00e-03
2026-03-06 02:04:59,855 - INFO -   ↳ Saved best model (val_corr=0.097892)
2026-03-06 02:05:05,360 - INFO - Epoch   4/50 | Train: 0.180439 | Val: 0.182683 | Corr: 0.106405 | LR: 1.00e-03
2026-03-06 02:05:05,372 - INFO -   ↳ Saved best model (val_corr=0.106405)
2026-03-06 02:05:10,921 - INFO - Epoch   5/50 | Train: 0.179582 | Val: 0.184371 | Corr: 0.111978 | LR: 1.00e-03
2026-03-06 02:05:10,934 - INFO -   ↳ Saved best model (val_corr=0.111978)
2026-03-06 02:05:16,494 - INFO - Epoch   6/50 | Train: 0.178819 | Val: 0.180825 | Corr: 0.118011 | LR: 1.00e-03
2026-03-06 02:05:16,504 - INFO -   ↳ Saved best model (val_corr=0.118011)
2026-03-06 02:05:21,919 - INFO - Epoch   7/50 | Train: 0.178226 | Val: 0.180512 | Corr: 0.122334 | LR: 1.00e-03
2026-03-06 02:05:21,928 - INFO -   ↳ Saved best model (val_corr=0.122334)
2026-03-06 02:05:27,425 - INFO - Epoch   8/50 | Train: 0.177633 | Val: 0.179142 | Corr: 0.126224 | LR: 1.00e-03
2026-03-06 02:05:27,436 - INFO -   ↳ Saved best model (val_corr=0.126224)
2026-03-06 02:05:32,858 - INFO - Epoch   9/50 | Train: 0.177408 | Val: 0.179767 | Corr: 0.128621 | LR: 1.00e-03
2026-03-06 02:05:32,866 - INFO -   ↳ Saved best model (val_corr=0.128621)
2026-03-06 02:05:38,247 - INFO - Epoch  10/50 | Train: 0.177213 | Val: 0.181864 | Corr: 0.132123 | LR: 1.00e-03
2026-03-06 02:05:38,257 - INFO -   ↳ Saved best model (val_corr=0.132123)
2026-03-06 02:05:43,767 - INFO - Epoch  11/50 | Train: 0.176891 | Val: 0.179276 | Corr: 0.134051 | LR: 1.00e-03
2026-03-06 02:05:43,777 - INFO -   ↳ Saved best model (val_corr=0.134051)
2026-03-06 02:05:49,316 - INFO - Epoch  12/50 | Train: 0.176493 | Val: 0.179151 | Corr: 0.136038 | LR: 1.00e-03
2026-03-06 02:05:49,327 - INFO -   ↳ Saved best model (val_corr=0.136038)
2026-03-06 02:05:55,023 - INFO - Epoch  13/50 | Train: 0.176369 | Val: 0.178481 | Corr: 0.135456 | LR: 1.00e-03
2026-03-06 02:06:00,640 - INFO - Epoch  14/50 | Train: 0.176090 | Val: 0.177390 | Corr: 0.137031 | LR: 1.00e-03
2026-03-06 02:06:00,659 - INFO -   ↳ Saved best model (val_corr=0.137031)
2026-03-06 02:06:06,311 - INFO - Epoch  15/50 | Train: 0.176051 | Val: 0.180857 | Corr: 0.137622 | LR: 1.00e-03
2026-03-06 02:06:06,319 - INFO -   ↳ Saved best model (val_corr=0.137622)
2026-03-06 02:06:11,833 - INFO - Epoch  16/50 | Train: 0.175724 | Val: 0.178454 | Corr: 0.139236 | LR: 1.00e-03
2026-03-06 02:06:11,842 - INFO -   ↳ Saved best model (val_corr=0.139236)
2026-03-06 02:06:17,364 - INFO - Epoch  17/50 | Train: 0.175745 | Val: 0.178356 | Corr: 0.139056 | LR: 1.00e-03
2026-03-06 02:06:22,966 - INFO - Epoch  18/50 | Train: 0.175386 | Val: 0.177325 | Corr: 0.140405 | LR: 1.00e-03
2026-03-06 02:06:22,977 - INFO -   ↳ Saved best model (val_corr=0.140405)
2026-03-06 02:06:28,580 - INFO - Epoch  19/50 | Train: 0.175314 | Val: 0.177495 | Corr: 0.141557 | LR: 1.00e-03
2026-03-06 02:06:28,591 - INFO -   ↳ Saved best model (val_corr=0.141557)
2026-03-06 02:06:34,149 - INFO - Epoch  20/50 | Train: 0.175124 | Val: 0.178179 | Corr: 0.141800 | LR: 1.00e-03
2026-03-06 02:06:34,157 - INFO -   ↳ Saved best model (val_corr=0.141800)
2026-03-06 02:06:39,600 - INFO - Epoch  21/50 | Train: 0.175056 | Val: 0.177768 | Corr: 0.141937 | LR: 1.00e-03
2026-03-06 02:06:39,609 - INFO -   ↳ Saved best model (val_corr=0.141937)
2026-03-06 02:06:45,171 - INFO - Epoch  22/50 | Train: 0.175126 | Val: 0.177324 | Corr: 0.142560 | LR: 1.00e-03
2026-03-06 02:06:45,183 - INFO -   ↳ Saved best model (val_corr=0.142560)
2026-03-06 02:06:50,732 - INFO - Epoch  23/50 | Train: 0.174951 | Val: 0.178620 | Corr: 0.142242 | LR: 1.00e-03
2026-03-06 02:06:56,328 - INFO - Epoch  24/50 | Train: 0.174664 | Val: 0.177920 | Corr: 0.142954 | LR: 5.00e-04
2026-03-06 02:06:56,347 - INFO -   ↳ Saved best model (val_corr=0.142954)
2026-03-06 02:07:01,837 - INFO - Epoch  25/50 | Train: 0.174102 | Val: 0.177467 | Corr: 0.144283 | LR: 5.00e-04
2026-03-06 02:07:01,847 - INFO -   ↳ Saved best model (val_corr=0.144283)
2026-03-06 02:07:07,461 - INFO - Epoch  26/50 | Train: 0.173895 | Val: 0.177373 | Corr: 0.144034 | LR: 5.00e-04
2026-03-06 02:07:13,074 - INFO - Epoch  27/50 | Train: 0.173826 | Val: 0.178471 | Corr: 0.144104 | LR: 5.00e-04
2026-03-06 02:07:18,619 - INFO - Epoch  28/50 | Train: 0.173832 | Val: 0.177059 | Corr: 0.144081 | LR: 5.00e-04
2026-03-06 02:07:24,125 - INFO - Epoch  29/50 | Train: 0.173788 | Val: 0.177571 | Corr: 0.144136 | LR: 5.00e-04
2026-03-06 02:07:29,579 - INFO - Epoch  30/50 | Train: 0.173695 | Val: 0.178097 | Corr: 0.143763 | LR: 5.00e-04
2026-03-06 02:07:34,974 - INFO - Epoch  31/50 | Train: 0.173679 | Val: 0.177505 | Corr: 0.144118 | LR: 5.00e-04
2026-03-06 02:07:40,524 - INFO - Epoch  32/50 | Train: 0.173608 | Val: 0.177095 | Corr: 0.143993 | LR: 5.00e-04
2026-03-06 02:07:46,056 - INFO - Epoch  33/50 | Train: 0.173642 | Val: 0.178371 | Corr: 0.144188 | LR: 5.00e-04
2026-03-06 02:07:51,447 - INFO - Epoch  34/50 | Train: 0.173570 | Val: 0.177372 | Corr: 0.144227 | LR: 2.50e-04
2026-03-06 02:07:57,037 - INFO - Epoch  35/50 | Train: 0.173162 | Val: 0.177121 | Corr: 0.144636 | LR: 2.50e-04
2026-03-06 02:07:57,053 - INFO -   ↳ Saved best model (val_corr=0.144636)
2026-03-06 02:08:02,588 - INFO - Epoch  36/50 | Train: 0.173128 | Val: 0.177031 | Corr: 0.144805 | LR: 2.50e-04
2026-03-06 02:08:02,599 - INFO -   ↳ Saved best model (val_corr=0.144805)
2026-03-06 02:08:08,181 - INFO - Epoch  37/50 | Train: 0.173103 | Val: 0.177237 | Corr: 0.144699 | LR: 2.50e-04
2026-03-06 02:08:13,790 - INFO - Epoch  38/50 | Train: 0.172931 | Val: 0.177730 | Corr: 0.144647 | LR: 2.50e-04
2026-03-06 02:08:19,421 - INFO - Epoch  39/50 | Train: 0.173064 | Val: 0.178181 | Corr: 0.144912 | LR: 2.50e-04
2026-03-06 02:08:19,431 - INFO -   ↳ Saved best model (val_corr=0.144912)
2026-03-06 02:08:25,008 - INFO - Epoch  40/50 | Train: 0.172909 | Val: 0.177528 | Corr: 0.144867 | LR: 2.50e-04
2026-03-06 02:08:30,584 - INFO - Epoch  41/50 | Train: 0.172911 | Val: 0.177981 | Corr: 0.145143 | LR: 2.50e-04
2026-03-06 02:08:30,597 - INFO -   ↳ Saved best model (val_corr=0.145143)
2026-03-06 02:08:36,157 - INFO - Epoch  42/50 | Train: 0.172874 | Val: 0.177842 | Corr: 0.145007 | LR: 1.25e-04
2026-03-06 02:08:41,715 - INFO - Epoch  43/50 | Train: 0.172762 | Val: 0.177289 | Corr: 0.144703 | LR: 1.25e-04
2026-03-06 02:08:47,275 - INFO - Epoch  44/50 | Train: 0.172721 | Val: 0.177966 | Corr: 0.144746 | LR: 1.25e-04
2026-03-06 02:08:52,895 - INFO - Epoch  45/50 | Train: 0.172751 | Val: 0.177981 | Corr: 0.144800 | LR: 1.25e-04
2026-03-06 02:08:58,517 - INFO - Epoch  46/50 | Train: 0.172646 | Val: 0.177861 | Corr: 0.144959 | LR: 1.25e-04
2026-03-06 02:09:04,076 - INFO - Epoch  47/50 | Train: 0.172693 | Val: 0.177739 | Corr: 0.144983 | LR: 1.25e-04
2026-03-06 02:09:09,614 - INFO - Epoch  48/50 | Train: 0.172617 | Val: 0.177747 | Corr: 0.144980 | LR: 6.25e-05
2026-03-06 02:09:15,047 - INFO - Epoch  49/50 | Train: 0.172522 | Val: 0.177620 | Corr: 0.144924 | LR: 6.25e-05
2026-03-06 02:09:20,503 - INFO - Epoch  50/50 | Train: 0.172563 | Val: 0.177609 | Corr: 0.144950 | LR: 6.25e-05
2026-03-06 02:09:20,503 - INFO - Training complete — best val corr: 0.145143
2026-03-06 02:09:22,207 - INFO - Test loss: 0.169465, Test corr: 0.138703
2026-03-06 02:09:22,627 - INFO - Fraction of variance explained (FVE): 0.018453
2026-03-06 02:09:22,627 - INFO - Computing autoregressive (AR) test predictions …
2026-03-06 02:09:23,263 - INFO - AR FVE: 0.018305, AR test corr: 0.137005
2026-03-06 02:09:23,263 - INFO - Generating figures …
2026-03-06 02:09:23,817 - INFO - Correlation between predicted and actual per-neuron averages: r=0.9946, p=0.00e+00
2026-03-06 02:09:25,999 - INFO - Pattern selectivity summary:
2026-03-06 02:09:25,999 - INFO -   Mean correlation across neurons: 0.5354
2026-03-06 02:09:25,999 - INFO -   Median correlation: 0.5891
2026-03-06 02:09:25,999 - INFO -   Neurons with r > 0.5: 36 / 63
2026-03-06 02:09:25,999 - INFO -   Neurons with r > 0.3: 58 / 63
2026-03-06 02:09:26,000 - INFO - Pattern selectivity — mean neuron corr: 0.5354
2026-03-06 02:09:27,823 - INFO - LOO (avg rate) — Model mean r: 0.3734, LOO mean r: 0.4546, Neurons model > LOO: 9/63
2026-03-06 02:09:30,179 - INFO - LOO (temporal) — Model mean r: 0.1445, LOO mean r: 0.3186, Neurons model > LOO: 1/63
2026-03-06 02:09:30,179 - INFO - Skipping oracle trial plots (skip_oracle_plots=True)
2026-03-06 02:09:30,191 - INFO - Experiment complete. Summary: {
  "run_dir": "/scratch/sb272/patterns5k_results/slurm_hist_cnn_2026-03-05_16-01-45/trial_0512_learning_rate=1.0e-03_history=20_kernel_sizes=3x3_conv_channels=64x128_fc_dims=512_seed1",
  "model_type": "cnn",
  "batch_avg_test_loss": 0.16946541714668273,
  "batch_avg_test_corr": 0.1387029641409689,
  "all_test_fve": 0.018453009544856964,
  "AR_FVE": 0.01830544736650255,
  "AR_test_correlation": 0.13700534403324127,
  "best_val_corr": 0.14514277941494114,
  "total_params": 143679,
  "trainable_params": 143679,
  "epochs_trained": 50,
  "mean_pattern_corr": 0.5353820986871196,
  "history": 20,
  "init_state": true,
  "loo_avg_mean_corr": 0.45456832695830385,
  "model_avg_mean_corr": 0.3733943461041569,
  "neurons_model_beats_loo_avg": 9,
  "loo_temporal_mean_corr": 0.31855225563049316,
  "all_test_corr": 0.14452609419822693,
  "neurons_model_beats_loo_temporal": 1,
  "kernel_sizes": [
    3,
    3
  ],
  "conv_channels": [
    64,
    128
  ],
  "fc_dims": [
    512
  ]
}
