2026-02-16 17:26:19,579 - INFO - ============================================================
2026-02-16 17:26:19,579 - INFO - Experiment run directory: results/hist_cnn_v2_2026-02-16_15-55-59/trial_0033_history=2
2026-02-16 17:26:19,579 - INFO - ============================================================
2026-02-16 17:26:19,579 - INFO - Using preloaded raw data (skipping I/O)
2026-02-16 17:26:19,579 - INFO - Stimulation channels: 42, Spiking neurons: 63
2026-02-16 17:26:19,579 - INFO - Unique patterns: 4050, Total trials: 5000
2026-02-16 17:26:19,592 - INFO - Split (oracle): train=3400, val=600, test=1000
2026-02-16 17:26:33,796 - INFO - BinnedStimSpikeDataset initialized:
2026-02-16 17:26:33,797 - INFO -   input_bin_size_ms=10, output_bin_size_ms=10
2026-02-16 17:26:33,797 - INFO -   n_input_bins=60, n_output_bins=60
2026-02-16 17:26:33,797 - INFO -   output_offset=0, total_bins_input=60, total_bins_output=60
2026-02-16 17:26:33,797 - INFO -   Valid start positions per trial: 0 to 0
2026-02-16 17:26:33,797 - INFO -   Total samples: 3400 (3400 trials × 1 positions)
2026-02-16 17:26:47,288 - INFO - BinnedStimSpikeDataset initialized:
2026-02-16 17:26:47,288 - INFO -   input_bin_size_ms=10, output_bin_size_ms=10
2026-02-16 17:26:47,288 - INFO -   n_input_bins=60, n_output_bins=60
2026-02-16 17:26:47,288 - INFO -   output_offset=0, total_bins_input=60, total_bins_output=60
2026-02-16 17:26:47,288 - INFO -   Valid start positions per trial: 0 to 0
2026-02-16 17:26:47,288 - INFO -   Total samples: 600 (600 trials × 1 positions)
2026-02-16 17:27:01,332 - INFO - BinnedStimSpikeDataset initialized:
2026-02-16 17:27:01,333 - INFO -   input_bin_size_ms=10, output_bin_size_ms=10
2026-02-16 17:27:01,333 - INFO -   n_input_bins=60, n_output_bins=60
2026-02-16 17:27:01,333 - INFO -   output_offset=0, total_bins_input=60, total_bins_output=60
2026-02-16 17:27:01,333 - INFO -   Valid start positions per trial: 0 to 0
2026-02-16 17:27:01,333 - INFO -   Total samples: 1000 (1000 trials × 1 positions)
2026-02-16 17:27:01,334 - INFO - Samples — train: 3400, val: 600, test: 1000
2026-02-16 17:27:01,334 - INFO - Input channels: 105, Neurons: 63
2026-02-16 17:27:01,334 - INFO - Using Apple Silicon MPS acceleration
2026-02-16 17:27:01,474 - INFO - Model: CNN — 351,551 trainable params (351,551 total)
2026-02-16 17:27:01,475 - INFO - Starting training …
2026-02-16 17:27:04,244 - INFO - Epoch   1/50 | Train: 0.219843 | Val: 0.187000 | Corr: 0.175602 | LR: 1.00e-03
2026-02-16 17:27:04,256 - INFO -   ↳ Saved best model (val_corr=0.175602)
2026-02-16 17:27:06,954 - INFO - Epoch   2/50 | Train: 0.185940 | Val: 0.182030 | Corr: 0.213494 | LR: 1.00e-03
2026-02-16 17:27:06,962 - INFO -   ↳ Saved best model (val_corr=0.213494)
2026-02-16 17:27:09,645 - INFO - Epoch   3/50 | Train: 0.181390 | Val: 0.179143 | Corr: 0.234479 | LR: 1.00e-03
2026-02-16 17:27:09,656 - INFO -   ↳ Saved best model (val_corr=0.234479)
2026-02-16 17:27:12,674 - INFO - Epoch   4/50 | Train: 0.178436 | Val: 0.176785 | Corr: 0.248856 | LR: 1.00e-03
2026-02-16 17:27:12,684 - INFO -   ↳ Saved best model (val_corr=0.248856)
2026-02-16 17:27:15,496 - INFO - Epoch   5/50 | Train: 0.176077 | Val: 0.175405 | Corr: 0.257531 | LR: 1.00e-03
2026-02-16 17:27:15,510 - INFO -   ↳ Saved best model (val_corr=0.257531)
2026-02-16 17:27:18,209 - INFO - Epoch   6/50 | Train: 0.174232 | Val: 0.174541 | Corr: 0.263166 | LR: 1.00e-03
2026-02-16 17:27:18,222 - INFO -   ↳ Saved best model (val_corr=0.263166)
2026-02-16 17:27:21,112 - INFO - Epoch   7/50 | Train: 0.172939 | Val: 0.173399 | Corr: 0.268139 | LR: 1.00e-03
2026-02-16 17:27:21,121 - INFO -   ↳ Saved best model (val_corr=0.268139)
2026-02-16 17:27:24,055 - INFO - Epoch   8/50 | Train: 0.171721 | Val: 0.172894 | Corr: 0.271037 | LR: 1.00e-03
2026-02-16 17:27:24,067 - INFO -   ↳ Saved best model (val_corr=0.271037)
2026-02-16 17:27:27,030 - INFO - Epoch   9/50 | Train: 0.170701 | Val: 0.172469 | Corr: 0.273783 | LR: 1.00e-03
2026-02-16 17:27:27,039 - INFO -   ↳ Saved best model (val_corr=0.273783)
2026-02-16 17:27:29,818 - INFO - Epoch  10/50 | Train: 0.169758 | Val: 0.172111 | Corr: 0.275912 | LR: 1.00e-03
2026-02-16 17:27:29,834 - INFO -   ↳ Saved best model (val_corr=0.275912)
2026-02-16 17:27:32,669 - INFO - Epoch  11/50 | Train: 0.169196 | Val: 0.171894 | Corr: 0.277059 | LR: 1.00e-03
2026-02-16 17:27:32,679 - INFO -   ↳ Saved best model (val_corr=0.277059)
2026-02-16 17:27:35,711 - INFO - Epoch  12/50 | Train: 0.168383 | Val: 0.171467 | Corr: 0.278737 | LR: 1.00e-03
2026-02-16 17:27:35,719 - INFO -   ↳ Saved best model (val_corr=0.278737)
2026-02-16 17:27:38,584 - INFO - Epoch  13/50 | Train: 0.167787 | Val: 0.171259 | Corr: 0.279864 | LR: 1.00e-03
2026-02-16 17:27:38,593 - INFO -   ↳ Saved best model (val_corr=0.279864)
2026-02-16 17:27:41,635 - INFO - Epoch  14/50 | Train: 0.167232 | Val: 0.171385 | Corr: 0.280531 | LR: 1.00e-03
2026-02-16 17:27:41,643 - INFO -   ↳ Saved best model (val_corr=0.280531)
2026-02-16 17:27:44,472 - INFO - Epoch  15/50 | Train: 0.166731 | Val: 0.171156 | Corr: 0.281517 | LR: 1.00e-03
2026-02-16 17:27:44,480 - INFO -   ↳ Saved best model (val_corr=0.281517)
2026-02-16 17:27:47,159 - INFO - Epoch  16/50 | Train: 0.166203 | Val: 0.171148 | Corr: 0.282246 | LR: 1.00e-03
2026-02-16 17:27:47,167 - INFO -   ↳ Saved best model (val_corr=0.282246)
2026-02-16 17:27:49,974 - INFO - Epoch  17/50 | Train: 0.165694 | Val: 0.171371 | Corr: 0.283258 | LR: 1.00e-03
2026-02-16 17:27:49,983 - INFO -   ↳ Saved best model (val_corr=0.283258)
2026-02-16 17:27:52,828 - INFO - Epoch  18/50 | Train: 0.165223 | Val: 0.171159 | Corr: 0.282758 | LR: 1.00e-03
2026-02-16 17:27:55,797 - INFO - Epoch  19/50 | Train: 0.164789 | Val: 0.171116 | Corr: 0.283325 | LR: 1.00e-03
2026-02-16 17:27:55,807 - INFO -   ↳ Saved best model (val_corr=0.283325)
2026-02-16 17:27:58,613 - INFO - Epoch  20/50 | Train: 0.164399 | Val: 0.171165 | Corr: 0.283733 | LR: 1.00e-03
2026-02-16 17:27:58,631 - INFO -   ↳ Saved best model (val_corr=0.283733)
2026-02-16 17:28:01,342 - INFO - Epoch  21/50 | Train: 0.164068 | Val: 0.171284 | Corr: 0.283829 | LR: 1.00e-03
2026-02-16 17:28:01,356 - INFO -   ↳ Saved best model (val_corr=0.283829)
2026-02-16 17:28:04,118 - INFO - Epoch  22/50 | Train: 0.163722 | Val: 0.171083 | Corr: 0.283629 | LR: 1.00e-03
2026-02-16 17:28:06,519 - INFO - Epoch  23/50 | Train: 0.163279 | Val: 0.171111 | Corr: 0.283728 | LR: 1.00e-03
2026-02-16 17:28:09,127 - INFO - Epoch  24/50 | Train: 0.163035 | Val: 0.171145 | Corr: 0.283740 | LR: 1.00e-03
2026-02-16 17:28:12,086 - INFO - Epoch  25/50 | Train: 0.162715 | Val: 0.171170 | Corr: 0.284240 | LR: 1.00e-03
2026-02-16 17:28:12,096 - INFO -   ↳ Saved best model (val_corr=0.284240)
2026-02-16 17:28:15,019 - INFO - Epoch  26/50 | Train: 0.162421 | Val: 0.171359 | Corr: 0.283607 | LR: 1.00e-03
2026-02-16 17:28:17,955 - INFO - Epoch  27/50 | Train: 0.162165 | Val: 0.171456 | Corr: 0.283134 | LR: 1.00e-03
2026-02-16 17:28:20,974 - INFO - Epoch  28/50 | Train: 0.161855 | Val: 0.171438 | Corr: 0.284163 | LR: 5.00e-04
2026-02-16 17:28:23,653 - INFO - Epoch  29/50 | Train: 0.160614 | Val: 0.171285 | Corr: 0.284627 | LR: 5.00e-04
2026-02-16 17:28:23,661 - INFO -   ↳ Saved best model (val_corr=0.284627)
2026-02-16 17:28:26,546 - INFO - Epoch  30/50 | Train: 0.160210 | Val: 0.171466 | Corr: 0.284339 | LR: 5.00e-04
2026-02-16 17:28:29,423 - INFO - Epoch  31/50 | Train: 0.159953 | Val: 0.171391 | Corr: 0.283727 | LR: 5.00e-04
2026-02-16 17:28:32,283 - INFO - Epoch  32/50 | Train: 0.159740 | Val: 0.171738 | Corr: 0.283420 | LR: 5.00e-04
2026-02-16 17:28:35,298 - INFO - Epoch  33/50 | Train: 0.159666 | Val: 0.171690 | Corr: 0.283607 | LR: 5.00e-04
2026-02-16 17:28:38,107 - INFO - Epoch  34/50 | Train: 0.159532 | Val: 0.171707 | Corr: 0.283231 | LR: 2.50e-04
2026-02-16 17:28:41,013 - INFO - Epoch  35/50 | Train: 0.158785 | Val: 0.171776 | Corr: 0.283883 | LR: 2.50e-04
2026-02-16 17:28:43,920 - INFO - Epoch  36/50 | Train: 0.158653 | Val: 0.171780 | Corr: 0.283501 | LR: 2.50e-04
2026-02-16 17:28:46,591 - INFO - Epoch  37/50 | Train: 0.158543 | Val: 0.171835 | Corr: 0.283576 | LR: 2.50e-04
2026-02-16 17:28:49,422 - INFO - Epoch  38/50 | Train: 0.158405 | Val: 0.171851 | Corr: 0.283060 | LR: 2.50e-04
2026-02-16 17:28:52,338 - INFO - Epoch  39/50 | Train: 0.158391 | Val: 0.171919 | Corr: 0.283172 | LR: 2.50e-04
2026-02-16 17:28:52,338 - INFO - Early stopping at epoch 39
2026-02-16 17:28:52,338 - INFO - Training complete — best val corr: 0.284627
2026-02-16 17:28:52,954 - INFO - Test loss: 0.162822, Test corr: 0.276955
2026-02-16 17:28:53,081 - INFO - Generating figures …
2026-02-16 17:28:53,297 - INFO - Correlation between predicted and actual per-neuron averages: r=0.9938, p=6.81e-60
2026-02-16 17:28:54,052 - INFO - Pattern selectivity summary:
2026-02-16 17:28:54,052 - INFO -   Mean correlation across neurons: 0.7503
2026-02-16 17:28:54,052 - INFO -   Median correlation: 0.7631
2026-02-16 17:28:54,052 - INFO -   Neurons with r > 0.5: 60 / 63
2026-02-16 17:28:54,052 - INFO -   Neurons with r > 0.3: 63 / 63
2026-02-16 17:28:54,052 - INFO - Pattern selectivity — mean neuron corr: 0.7503
2026-02-16 17:28:54,446 - INFO - LOO (avg rate) — Model mean r: 0.6171, LOO mean r: 0.4728, Neurons model > LOO: 55/63
2026-02-16 17:28:55,239 - INFO - LOO (temporal) — Model mean r: 0.2870, LOO mean r: 0.3815, Neurons model > LOO: 4/63
2026-02-16 17:28:55,239 - INFO - Skipping oracle trial plots (skip_oracle_plots=True)
2026-02-16 17:28:55,239 - INFO - Experiment complete. Summary: {
  "run_dir": "results/hist_cnn_v2_2026-02-16_15-55-59/trial_0033_history=2",
  "model_type": "cnn",
  "test_loss": 0.16282225847244264,
  "test_corr": 0.2769554234745626,
  "best_val_corr": 0.2846271880253481,
  "total_params": 351551,
  "trainable_params": 351551,
  "epochs_trained": 39,
  "mean_pattern_corr": 0.7502639692882601,
  "loo_avg_mean_corr": 0.47275709111471625,
  "model_avg_mean_corr": 0.6170763786174408,
  "neurons_model_beats_loo_avg": 55,
  "loo_temporal_mean_corr": 0.3815135061740875,
  "model_temporal_mean_corr": 0.28701475262641907,
  "neurons_model_beats_loo_temporal": 4
}
2026-02-16 17:28:55,240 - INFO - 
======================================================================
2026-02-16 17:28:55,240 - INFO - [35/48] trial_0034_history=3
2026-02-16 17:28:55,241 - INFO -   Overrides: {"kernel_sizes": [10], "weight_decay": 0, "conv_channels": [256], "history": 3}
2026-02-16 17:28:55,241 - INFO -   Output: results/hist_cnn_v2_2026-02-16_15-55-59/trial_0034_history=3
