2026-03-05 21:31:49,228 - INFO - ============================================================
2026-03-05 21:31:49,228 - INFO - Experiment run directory: /scratch/sb272/patterns5k_results/slurm_hist_cnn_2026-03-05_16-01-45/trial_0265_learning_rate=5.0e-04_history=5_kernel_sizes=5x3x3_conv_channels=64x128x256_fc_dims=1024_seed1
2026-03-05 21:31:49,228 - INFO - ============================================================
2026-03-05 21:31:49,229 - INFO - Loading data …
2026-03-05 21:31:50,178 - INFO - 63 unique neurons after dropping problematic neurons
2026-03-05 21:31:51,533 - INFO - Stimulation channels: 42, Spiking neurons: 63
2026-03-05 21:34:11,981 - INFO - Unique patterns: 4050, Total trials: 5000
2026-03-05 21:34:11,983 - INFO - Stimulation channels: 42, Spiking neurons: 63
2026-03-05 21:34:11,983 - INFO - Unique patterns: 4050, Total trials: 5000
2026-03-05 21:34:12,000 - INFO - Split (oracle): train=3400, val=600, test=1000
2026-03-05 21:34:41,699 - INFO - BinnedStimSpikeDataset initialized:
2026-03-05 21:34:41,700 - INFO -   input_bin_size_ms=10, output_bin_size_ms=10
2026-03-05 21:34:41,700 - INFO -   n_input_bins=60, n_output_bins=60
2026-03-05 21:34:41,700 - INFO -   output_offset=0, total_bins_input=60, total_bins_output=60
2026-03-05 21:34:41,700 - INFO -   Valid start positions per trial: 0 to 0
2026-03-05 21:34:41,700 - INFO -   Total samples: 3400 (3400 trials × 1 positions)
2026-03-05 21:35:10,614 - INFO - BinnedStimSpikeDataset initialized:
2026-03-05 21:35:10,615 - INFO -   input_bin_size_ms=10, output_bin_size_ms=10
2026-03-05 21:35:10,615 - INFO -   n_input_bins=60, n_output_bins=60
2026-03-05 21:35:10,615 - INFO -   output_offset=0, total_bins_input=60, total_bins_output=60
2026-03-05 21:35:10,615 - INFO -   Valid start positions per trial: 0 to 0
2026-03-05 21:35:10,615 - INFO -   Total samples: 600 (600 trials × 1 positions)
2026-03-05 21:35:39,657 - INFO - BinnedStimSpikeDataset initialized:
2026-03-05 21:35:39,657 - INFO -   input_bin_size_ms=10, output_bin_size_ms=10
2026-03-05 21:35:39,657 - INFO -   n_input_bins=60, n_output_bins=60
2026-03-05 21:35:39,657 - INFO -   output_offset=0, total_bins_input=60, total_bins_output=60
2026-03-05 21:35:39,657 - INFO -   Valid start positions per trial: 0 to 0
2026-03-05 21:35:39,657 - INFO -   Total samples: 1000 (1000 trials × 1 positions)
2026-03-05 21:35:39,658 - INFO - Samples — train: 3400, val: 600, test: 1000
2026-03-05 21:35:39,658 - INFO - Input channels: 105, Neurons: 63
2026-03-05 21:35:39,678 - INFO - Using CPU
2026-03-05 21:35:39,698 - INFO - Model: CNN — 485,567 trainable params (485,567 total)
2026-03-05 21:35:46,797 - INFO - Starting training …
2026-03-05 21:36:00,537 - INFO - Epoch   1/50 | Train: 0.208268 | Val: 0.184484 | Corr: 0.082077 | LR: 5.00e-04
2026-03-05 21:36:00,563 - INFO -   ↳ Saved best model (val_corr=0.082077)
2026-03-05 21:36:13,087 - INFO - Epoch   2/50 | Train: 0.182161 | Val: 0.183008 | Corr: 0.093780 | LR: 5.00e-04
2026-03-05 21:36:13,109 - INFO -   ↳ Saved best model (val_corr=0.093780)
2026-03-05 21:36:25,613 - INFO - Epoch   3/50 | Train: 0.180533 | Val: 0.180190 | Corr: 0.105797 | LR: 5.00e-04
2026-03-05 21:36:25,635 - INFO -   ↳ Saved best model (val_corr=0.105797)
2026-03-05 21:36:38,030 - INFO - Epoch   4/50 | Train: 0.179299 | Val: 0.181026 | Corr: 0.115210 | LR: 5.00e-04
2026-03-05 21:36:38,051 - INFO -   ↳ Saved best model (val_corr=0.115210)
2026-03-05 21:36:50,513 - INFO - Epoch   5/50 | Train: 0.178339 | Val: 0.180352 | Corr: 0.120385 | LR: 5.00e-04
2026-03-05 21:36:50,535 - INFO -   ↳ Saved best model (val_corr=0.120385)
2026-03-05 21:37:03,068 - INFO - Epoch   6/50 | Train: 0.177435 | Val: 0.177460 | Corr: 0.128334 | LR: 5.00e-04
2026-03-05 21:37:03,094 - INFO -   ↳ Saved best model (val_corr=0.128334)
2026-03-05 21:37:15,570 - INFO - Epoch   7/50 | Train: 0.176802 | Val: 0.178131 | Corr: 0.132741 | LR: 5.00e-04
2026-03-05 21:37:15,598 - INFO -   ↳ Saved best model (val_corr=0.132741)
2026-03-05 21:37:28,196 - INFO - Epoch   8/50 | Train: 0.176080 | Val: 0.176543 | Corr: 0.136550 | LR: 5.00e-04
2026-03-05 21:37:28,218 - INFO -   ↳ Saved best model (val_corr=0.136550)
2026-03-05 21:37:40,627 - INFO - Epoch   9/50 | Train: 0.175455 | Val: 0.176050 | Corr: 0.140745 | LR: 5.00e-04
2026-03-05 21:37:40,644 - INFO -   ↳ Saved best model (val_corr=0.140745)
2026-03-05 21:37:53,205 - INFO - Epoch  10/50 | Train: 0.175076 | Val: 0.176713 | Corr: 0.143367 | LR: 5.00e-04
2026-03-05 21:37:53,232 - INFO -   ↳ Saved best model (val_corr=0.143367)
2026-03-05 21:38:05,757 - INFO - Epoch  11/50 | Train: 0.174510 | Val: 0.175751 | Corr: 0.147186 | LR: 5.00e-04
2026-03-05 21:38:05,781 - INFO -   ↳ Saved best model (val_corr=0.147186)
2026-03-05 21:38:18,307 - INFO - Epoch  12/50 | Train: 0.174063 | Val: 0.175681 | Corr: 0.148261 | LR: 5.00e-04
2026-03-05 21:38:18,324 - INFO -   ↳ Saved best model (val_corr=0.148261)
2026-03-05 21:38:30,769 - INFO - Epoch  13/50 | Train: 0.173597 | Val: 0.176910 | Corr: 0.150978 | LR: 5.00e-04
2026-03-05 21:38:30,791 - INFO -   ↳ Saved best model (val_corr=0.150978)
2026-03-05 21:38:43,352 - INFO - Epoch  14/50 | Train: 0.173283 | Val: 0.175304 | Corr: 0.153471 | LR: 5.00e-04
2026-03-05 21:38:43,394 - INFO -   ↳ Saved best model (val_corr=0.153471)
2026-03-05 21:38:55,712 - INFO - Epoch  15/50 | Train: 0.172901 | Val: 0.175851 | Corr: 0.154693 | LR: 5.00e-04
2026-03-05 21:38:55,732 - INFO -   ↳ Saved best model (val_corr=0.154693)
2026-03-05 21:39:08,254 - INFO - Epoch  16/50 | Train: 0.172576 | Val: 0.174362 | Corr: 0.155521 | LR: 5.00e-04
2026-03-05 21:39:08,280 - INFO -   ↳ Saved best model (val_corr=0.155521)
2026-03-05 21:39:20,724 - INFO - Epoch  17/50 | Train: 0.172327 | Val: 0.174092 | Corr: 0.155905 | LR: 5.00e-04
2026-03-05 21:39:20,746 - INFO -   ↳ Saved best model (val_corr=0.155905)
2026-03-05 21:39:33,105 - INFO - Epoch  18/50 | Train: 0.172016 | Val: 0.174609 | Corr: 0.158305 | LR: 5.00e-04
2026-03-05 21:39:33,130 - INFO -   ↳ Saved best model (val_corr=0.158305)
2026-03-05 21:39:45,731 - INFO - Epoch  19/50 | Train: 0.171793 | Val: 0.175237 | Corr: 0.158072 | LR: 5.00e-04
2026-03-05 21:39:58,163 - INFO - Epoch  20/50 | Train: 0.171572 | Val: 0.174336 | Corr: 0.161075 | LR: 5.00e-04
2026-03-05 21:39:58,189 - INFO -   ↳ Saved best model (val_corr=0.161075)
2026-03-05 21:40:10,539 - INFO - Epoch  21/50 | Train: 0.171099 | Val: 0.173804 | Corr: 0.160994 | LR: 5.00e-04
2026-03-05 21:40:23,128 - INFO - Epoch  22/50 | Train: 0.171028 | Val: 0.174044 | Corr: 0.161435 | LR: 5.00e-04
2026-03-05 21:40:23,158 - INFO -   ↳ Saved best model (val_corr=0.161435)
2026-03-05 21:40:35,630 - INFO - Epoch  23/50 | Train: 0.170725 | Val: 0.173667 | Corr: 0.162387 | LR: 5.00e-04
2026-03-05 21:40:35,652 - INFO -   ↳ Saved best model (val_corr=0.162387)
2026-03-05 21:40:48,260 - INFO - Epoch  24/50 | Train: 0.170594 | Val: 0.173867 | Corr: 0.163356 | LR: 5.00e-04
2026-03-05 21:40:48,280 - INFO -   ↳ Saved best model (val_corr=0.163356)
2026-03-05 21:41:00,775 - INFO - Epoch  25/50 | Train: 0.170304 | Val: 0.173803 | Corr: 0.162029 | LR: 5.00e-04
2026-03-05 21:41:13,321 - INFO - Epoch  26/50 | Train: 0.170222 | Val: 0.175197 | Corr: 0.164081 | LR: 5.00e-04
2026-03-05 21:41:13,342 - INFO -   ↳ Saved best model (val_corr=0.164081)
2026-03-05 21:41:25,844 - INFO - Epoch  27/50 | Train: 0.170000 | Val: 0.174153 | Corr: 0.164265 | LR: 5.00e-04
2026-03-05 21:41:25,866 - INFO -   ↳ Saved best model (val_corr=0.164265)
2026-03-05 21:41:38,314 - INFO - Epoch  28/50 | Train: 0.169801 | Val: 0.173579 | Corr: 0.164960 | LR: 5.00e-04
2026-03-05 21:41:38,335 - INFO -   ↳ Saved best model (val_corr=0.164960)
2026-03-05 21:41:50,821 - INFO - Epoch  29/50 | Train: 0.169826 | Val: 0.173521 | Corr: 0.164451 | LR: 5.00e-04
2026-03-05 21:42:03,235 - INFO - Epoch  30/50 | Train: 0.169474 | Val: 0.173739 | Corr: 0.165284 | LR: 5.00e-04
2026-03-05 21:42:03,268 - INFO -   ↳ Saved best model (val_corr=0.165284)
2026-03-05 21:42:15,604 - INFO - Epoch  31/50 | Train: 0.169297 | Val: 0.173742 | Corr: 0.165815 | LR: 5.00e-04
2026-03-05 21:42:15,630 - INFO -   ↳ Saved best model (val_corr=0.165815)
2026-03-05 21:42:28,067 - INFO - Epoch  32/50 | Train: 0.169264 | Val: 0.174395 | Corr: 0.164793 | LR: 5.00e-04
2026-03-05 21:42:40,572 - INFO - Epoch  33/50 | Train: 0.169039 | Val: 0.173215 | Corr: 0.165915 | LR: 5.00e-04
2026-03-05 21:42:40,596 - INFO -   ↳ Saved best model (val_corr=0.165915)
2026-03-05 21:42:53,054 - INFO - Epoch  34/50 | Train: 0.169041 | Val: 0.174239 | Corr: 0.165707 | LR: 5.00e-04
2026-03-05 21:43:05,488 - INFO - Epoch  35/50 | Train: 0.168861 | Val: 0.173927 | Corr: 0.167622 | LR: 5.00e-04
2026-03-05 21:43:05,513 - INFO -   ↳ Saved best model (val_corr=0.167622)
2026-03-05 21:43:18,054 - INFO - Epoch  36/50 | Train: 0.168540 | Val: 0.173559 | Corr: 0.167578 | LR: 5.00e-04
2026-03-05 21:43:30,555 - INFO - Epoch  37/50 | Train: 0.168523 | Val: 0.173760 | Corr: 0.167211 | LR: 5.00e-04
2026-03-05 21:43:43,048 - INFO - Epoch  38/50 | Train: 0.168575 | Val: 0.173345 | Corr: 0.168461 | LR: 5.00e-04
2026-03-05 21:43:43,077 - INFO -   ↳ Saved best model (val_corr=0.168461)
2026-03-05 21:43:55,541 - INFO - Epoch  39/50 | Train: 0.168218 | Val: 0.173613 | Corr: 0.165961 | LR: 2.50e-04
2026-03-05 21:44:07,987 - INFO - Epoch  40/50 | Train: 0.167551 | Val: 0.173092 | Corr: 0.169173 | LR: 2.50e-04
2026-03-05 21:44:08,009 - INFO -   ↳ Saved best model (val_corr=0.169173)
2026-03-05 21:44:20,475 - INFO - Epoch  41/50 | Train: 0.167372 | Val: 0.173338 | Corr: 0.168492 | LR: 2.50e-04
2026-03-05 21:44:32,848 - INFO - Epoch  42/50 | Train: 0.167275 | Val: 0.173575 | Corr: 0.169826 | LR: 2.50e-04
2026-03-05 21:44:32,867 - INFO -   ↳ Saved best model (val_corr=0.169826)
2026-03-05 21:44:45,256 - INFO - Epoch  43/50 | Train: 0.167214 | Val: 0.173062 | Corr: 0.169105 | LR: 2.50e-04
2026-03-05 21:44:57,822 - INFO - Epoch  44/50 | Train: 0.167128 | Val: 0.173086 | Corr: 0.170060 | LR: 2.50e-04
2026-03-05 21:44:57,846 - INFO -   ↳ Saved best model (val_corr=0.170060)
2026-03-05 21:45:10,320 - INFO - Epoch  45/50 | Train: 0.167086 | Val: 0.173349 | Corr: 0.168886 | LR: 2.50e-04
2026-03-05 21:45:22,557 - INFO - Epoch  46/50 | Train: 0.166933 | Val: 0.173978 | Corr: 0.170222 | LR: 2.50e-04
2026-03-05 21:45:22,580 - INFO -   ↳ Saved best model (val_corr=0.170222)
2026-03-05 21:45:34,798 - INFO - Epoch  47/50 | Train: 0.166769 | Val: 0.173464 | Corr: 0.168860 | LR: 2.50e-04
2026-03-05 21:45:47,013 - INFO - Epoch  48/50 | Train: 0.166759 | Val: 0.173334 | Corr: 0.169787 | LR: 2.50e-04
2026-03-05 21:45:59,052 - INFO - Epoch  49/50 | Train: 0.166751 | Val: 0.173336 | Corr: 0.170223 | LR: 1.25e-04
2026-03-05 21:45:59,079 - INFO -   ↳ Saved best model (val_corr=0.170223)
2026-03-05 21:46:11,154 - INFO - Epoch  50/50 | Train: 0.166501 | Val: 0.173190 | Corr: 0.170045 | LR: 1.25e-04
2026-03-05 21:46:11,154 - INFO - Training complete — best val corr: 0.170223
2026-03-05 21:46:13,449 - INFO - Test loss: 0.164722, Test corr: 0.162716
2026-03-05 21:46:14,383 - INFO - Fraction of variance explained (FVE): 0.030504
2026-03-05 21:46:14,383 - INFO - Computing autoregressive (AR) test predictions …
2026-03-05 21:46:15,590 - INFO - AR FVE: 0.017393, AR test corr: 0.127043
2026-03-05 21:46:15,590 - INFO - Generating figures …
2026-03-05 21:46:16,235 - INFO - Correlation between predicted and actual per-neuron averages: r=0.9925, p=0.00e+00
2026-03-05 21:46:19,067 - INFO - Pattern selectivity summary:
2026-03-05 21:46:19,067 - INFO -   Mean correlation across neurons: 0.5711
2026-03-05 21:46:19,067 - INFO -   Median correlation: 0.6160
2026-03-05 21:46:19,067 - INFO -   Neurons with r > 0.5: 46 / 63
2026-03-05 21:46:19,067 - INFO -   Neurons with r > 0.3: 57 / 63
2026-03-05 21:46:19,067 - INFO - Pattern selectivity — mean neuron corr: 0.5711
2026-03-05 21:46:21,471 - INFO - LOO (avg rate) — Model mean r: 0.4222, LOO mean r: 0.4546, Neurons model > LOO: 16/63
2026-03-05 21:46:24,695 - INFO - LOO (temporal) — Model mean r: 0.1703, LOO mean r: 0.3186, Neurons model > LOO: 2/63
2026-03-05 21:46:24,695 - INFO - Skipping oracle trial plots (skip_oracle_plots=True)
2026-03-05 21:46:24,714 - INFO - Experiment complete. Summary: {
  "run_dir": "/scratch/sb272/patterns5k_results/slurm_hist_cnn_2026-03-05_16-01-45/trial_0265_learning_rate=5.0e-04_history=5_kernel_sizes=5x3x3_conv_channels=64x128x256_fc_dims=1024_seed1",
  "model_type": "cnn",
  "batch_avg_test_loss": 0.1647223415374756,
  "batch_avg_test_corr": 0.1627161011922893,
  "all_test_fve": 0.030503640099177286,
  "AR_FVE": 0.01739270251894754,
  "AR_test_correlation": 0.12704288959503174,
  "best_val_corr": 0.1702229833435925,
  "total_params": 485567,
  "trainable_params": 485567,
  "epochs_trained": 50,
  "mean_pattern_corr": 0.5710718440612177,
  "history": 5,
  "init_state": true,
  "loo_avg_mean_corr": 0.45456832695830385,
  "model_avg_mean_corr": 0.4222045001882761,
  "neurons_model_beats_loo_avg": 16,
  "loo_temporal_mean_corr": 0.31855225563049316,
  "all_test_corr": 0.17030413448810577,
  "neurons_model_beats_loo_temporal": 2,
  "kernel_sizes": [
    5,
    3,
    3
  ],
  "conv_channels": [
    64,
    128,
    256
  ],
  "fc_dims": [
    1024
  ]
}
