2026-03-05 20:40:12,328 - INFO - ============================================================
2026-03-05 20:40:12,329 - INFO - Experiment run directory: /scratch/sb272/patterns5k_results/slurm_hist_cnn_2026-03-05_16-01-45/trial_0186_learning_rate=1.0e-04_history=5_kernel_sizes=3x3x3_conv_channels=32x64x128_fc_dims=128_seed1
2026-03-05 20:40:12,329 - INFO - ============================================================
2026-03-05 20:40:12,329 - INFO - Loading data …
2026-03-05 20:40:14,123 - INFO - 63 unique neurons after dropping problematic neurons
2026-03-05 20:40:15,843 - INFO - Stimulation channels: 42, Spiking neurons: 63
2026-03-05 20:42:20,884 - INFO - Unique patterns: 4050, Total trials: 5000
2026-03-05 20:42:20,886 - INFO - Stimulation channels: 42, Spiking neurons: 63
2026-03-05 20:42:20,886 - INFO - Unique patterns: 4050, Total trials: 5000
2026-03-05 20:42:20,904 - INFO - Split (oracle): train=3400, val=600, test=1000
2026-03-05 20:42:39,091 - INFO - BinnedStimSpikeDataset initialized:
2026-03-05 20:42:39,092 - INFO -   input_bin_size_ms=10, output_bin_size_ms=10
2026-03-05 20:42:39,092 - INFO -   n_input_bins=60, n_output_bins=60
2026-03-05 20:42:39,092 - INFO -   output_offset=0, total_bins_input=60, total_bins_output=60
2026-03-05 20:42:39,092 - INFO -   Valid start positions per trial: 0 to 0
2026-03-05 20:42:39,092 - INFO -   Total samples: 3400 (3400 trials × 1 positions)
2026-03-05 20:42:55,820 - INFO - BinnedStimSpikeDataset initialized:
2026-03-05 20:42:55,820 - INFO -   input_bin_size_ms=10, output_bin_size_ms=10
2026-03-05 20:42:55,820 - INFO -   n_input_bins=60, n_output_bins=60
2026-03-05 20:42:55,820 - INFO -   output_offset=0, total_bins_input=60, total_bins_output=60
2026-03-05 20:42:55,820 - INFO -   Valid start positions per trial: 0 to 0
2026-03-05 20:42:55,820 - INFO -   Total samples: 600 (600 trials × 1 positions)
2026-03-05 20:43:13,177 - INFO - BinnedStimSpikeDataset initialized:
2026-03-05 20:43:13,177 - INFO -   input_bin_size_ms=10, output_bin_size_ms=10
2026-03-05 20:43:13,177 - INFO -   n_input_bins=60, n_output_bins=60
2026-03-05 20:43:13,177 - INFO -   output_offset=0, total_bins_input=60, total_bins_output=60
2026-03-05 20:43:13,177 - INFO -   Valid start positions per trial: 0 to 0
2026-03-05 20:43:13,177 - INFO -   Total samples: 1000 (1000 trials × 1 positions)
2026-03-05 20:43:13,178 - INFO - Samples — train: 3400, val: 600, test: 1000
2026-03-05 20:43:13,178 - INFO - Input channels: 105, Neurons: 63
2026-03-05 20:43:13,199 - INFO - Using CPU
2026-03-05 20:43:13,205 - INFO - Model: CNN — 66,111 trainable params (66,111 total)
2026-03-05 20:43:18,559 - INFO - Starting training …
2026-03-05 20:43:25,047 - INFO - Epoch   1/50 | Train: 0.559985 | Val: 0.236392 | Corr: 0.039899 | LR: 1.00e-04
2026-03-05 20:43:25,058 - INFO -   ↳ Saved best model (val_corr=0.039899)
2026-03-05 20:43:30,225 - INFO - Epoch   2/50 | Train: 0.199318 | Val: 0.190352 | Corr: 0.056970 | LR: 1.00e-04
2026-03-05 20:43:30,239 - INFO -   ↳ Saved best model (val_corr=0.056970)
2026-03-05 20:43:35,039 - INFO - Epoch   3/50 | Train: 0.190125 | Val: 0.186407 | Corr: 0.062875 | LR: 1.00e-04
2026-03-05 20:43:35,048 - INFO -   ↳ Saved best model (val_corr=0.062875)
2026-03-05 20:43:39,508 - INFO - Epoch   4/50 | Train: 0.188616 | Val: 0.185742 | Corr: 0.067924 | LR: 1.00e-04
2026-03-05 20:43:39,518 - INFO -   ↳ Saved best model (val_corr=0.067924)
2026-03-05 20:43:44,330 - INFO - Epoch   5/50 | Train: 0.187824 | Val: 0.185180 | Corr: 0.070727 | LR: 1.00e-04
2026-03-05 20:43:44,340 - INFO -   ↳ Saved best model (val_corr=0.070727)
2026-03-05 20:43:49,315 - INFO - Epoch   6/50 | Train: 0.187221 | Val: 0.184176 | Corr: 0.073368 | LR: 1.00e-04
2026-03-05 20:43:49,326 - INFO -   ↳ Saved best model (val_corr=0.073368)
2026-03-05 20:43:54,233 - INFO - Epoch   7/50 | Train: 0.186594 | Val: 0.184019 | Corr: 0.075344 | LR: 1.00e-04
2026-03-05 20:43:54,248 - INFO -   ↳ Saved best model (val_corr=0.075344)
2026-03-05 20:43:59,139 - INFO - Epoch   8/50 | Train: 0.186057 | Val: 0.183209 | Corr: 0.077579 | LR: 1.00e-04
2026-03-05 20:43:59,152 - INFO -   ↳ Saved best model (val_corr=0.077579)
2026-03-05 20:44:04,010 - INFO - Epoch   9/50 | Train: 0.185673 | Val: 0.183092 | Corr: 0.079247 | LR: 1.00e-04
2026-03-05 20:44:04,026 - INFO -   ↳ Saved best model (val_corr=0.079247)
2026-03-05 20:44:09,110 - INFO - Epoch  10/50 | Train: 0.185320 | Val: 0.183052 | Corr: 0.080663 | LR: 1.00e-04
2026-03-05 20:44:09,133 - INFO -   ↳ Saved best model (val_corr=0.080663)
2026-03-05 20:44:14,191 - INFO - Epoch  11/50 | Train: 0.184838 | Val: 0.182293 | Corr: 0.082223 | LR: 1.00e-04
2026-03-05 20:44:14,202 - INFO -   ↳ Saved best model (val_corr=0.082223)
2026-03-05 20:44:19,325 - INFO - Epoch  12/50 | Train: 0.184538 | Val: 0.182534 | Corr: 0.084002 | LR: 1.00e-04
2026-03-05 20:44:19,335 - INFO -   ↳ Saved best model (val_corr=0.084002)
2026-03-05 20:44:24,483 - INFO - Epoch  13/50 | Train: 0.184199 | Val: 0.182025 | Corr: 0.085211 | LR: 1.00e-04
2026-03-05 20:44:24,492 - INFO -   ↳ Saved best model (val_corr=0.085211)
2026-03-05 20:44:29,414 - INFO - Epoch  14/50 | Train: 0.183854 | Val: 0.181907 | Corr: 0.086952 | LR: 1.00e-04
2026-03-05 20:44:29,425 - INFO -   ↳ Saved best model (val_corr=0.086952)
2026-03-05 20:44:33,953 - INFO - Epoch  15/50 | Train: 0.183618 | Val: 0.182119 | Corr: 0.087463 | LR: 1.00e-04
2026-03-05 20:44:33,963 - INFO -   ↳ Saved best model (val_corr=0.087463)
2026-03-05 20:44:38,866 - INFO - Epoch  16/50 | Train: 0.183319 | Val: 0.182142 | Corr: 0.089085 | LR: 1.00e-04
2026-03-05 20:44:38,882 - INFO -   ↳ Saved best model (val_corr=0.089085)
2026-03-05 20:44:43,565 - INFO - Epoch  17/50 | Train: 0.183111 | Val: 0.181400 | Corr: 0.091163 | LR: 1.00e-04
2026-03-05 20:44:43,574 - INFO -   ↳ Saved best model (val_corr=0.091163)
2026-03-05 20:44:48,192 - INFO - Epoch  18/50 | Train: 0.182793 | Val: 0.181376 | Corr: 0.091635 | LR: 1.00e-04
2026-03-05 20:44:48,202 - INFO -   ↳ Saved best model (val_corr=0.091635)
2026-03-05 20:44:52,803 - INFO - Epoch  19/50 | Train: 0.182536 | Val: 0.181173 | Corr: 0.093682 | LR: 1.00e-04
2026-03-05 20:44:52,816 - INFO -   ↳ Saved best model (val_corr=0.093682)
2026-03-05 20:44:57,521 - INFO - Epoch  20/50 | Train: 0.182334 | Val: 0.180658 | Corr: 0.094827 | LR: 1.00e-04
2026-03-05 20:44:57,536 - INFO -   ↳ Saved best model (val_corr=0.094827)
2026-03-05 20:45:02,007 - INFO - Epoch  21/50 | Train: 0.182049 | Val: 0.180601 | Corr: 0.096519 | LR: 1.00e-04
2026-03-05 20:45:02,019 - INFO -   ↳ Saved best model (val_corr=0.096519)
2026-03-05 20:45:06,509 - INFO - Epoch  22/50 | Train: 0.181909 | Val: 0.180887 | Corr: 0.097890 | LR: 1.00e-04
2026-03-05 20:45:06,523 - INFO -   ↳ Saved best model (val_corr=0.097890)
2026-03-05 20:45:11,107 - INFO - Epoch  23/50 | Train: 0.181614 | Val: 0.180318 | Corr: 0.098631 | LR: 1.00e-04
2026-03-05 20:45:11,118 - INFO -   ↳ Saved best model (val_corr=0.098631)
2026-03-05 20:45:15,551 - INFO - Epoch  24/50 | Train: 0.181484 | Val: 0.180243 | Corr: 0.099793 | LR: 1.00e-04
2026-03-05 20:45:15,566 - INFO -   ↳ Saved best model (val_corr=0.099793)
2026-03-05 20:45:20,210 - INFO - Epoch  25/50 | Train: 0.181273 | Val: 0.180343 | Corr: 0.100728 | LR: 1.00e-04
2026-03-05 20:45:20,220 - INFO -   ↳ Saved best model (val_corr=0.100728)
2026-03-05 20:45:24,826 - INFO - Epoch  26/50 | Train: 0.181142 | Val: 0.180266 | Corr: 0.101021 | LR: 1.00e-04
2026-03-05 20:45:24,835 - INFO -   ↳ Saved best model (val_corr=0.101021)
2026-03-05 20:45:29,297 - INFO - Epoch  27/50 | Train: 0.180980 | Val: 0.179979 | Corr: 0.102340 | LR: 1.00e-04
2026-03-05 20:45:29,309 - INFO -   ↳ Saved best model (val_corr=0.102340)
2026-03-05 20:45:33,917 - INFO - Epoch  28/50 | Train: 0.180819 | Val: 0.180006 | Corr: 0.103908 | LR: 1.00e-04
2026-03-05 20:45:33,927 - INFO -   ↳ Saved best model (val_corr=0.103908)
2026-03-05 20:45:38,441 - INFO - Epoch  29/50 | Train: 0.180638 | Val: 0.179750 | Corr: 0.104877 | LR: 1.00e-04
2026-03-05 20:45:38,456 - INFO -   ↳ Saved best model (val_corr=0.104877)
2026-03-05 20:45:43,215 - INFO - Epoch  30/50 | Train: 0.180506 | Val: 0.179660 | Corr: 0.105849 | LR: 1.00e-04
2026-03-05 20:45:43,229 - INFO -   ↳ Saved best model (val_corr=0.105849)
2026-03-05 20:45:47,826 - INFO - Epoch  31/50 | Train: 0.180366 | Val: 0.179588 | Corr: 0.106270 | LR: 1.00e-04
2026-03-05 20:45:47,838 - INFO -   ↳ Saved best model (val_corr=0.106270)
2026-03-05 20:45:52,445 - INFO - Epoch  32/50 | Train: 0.180255 | Val: 0.179642 | Corr: 0.107452 | LR: 1.00e-04
2026-03-05 20:45:52,464 - INFO -   ↳ Saved best model (val_corr=0.107452)
2026-03-05 20:45:57,072 - INFO - Epoch  33/50 | Train: 0.180056 | Val: 0.179332 | Corr: 0.108220 | LR: 1.00e-04
2026-03-05 20:45:57,085 - INFO -   ↳ Saved best model (val_corr=0.108220)
2026-03-05 20:46:02,272 - INFO - Epoch  34/50 | Train: 0.179916 | Val: 0.179607 | Corr: 0.109327 | LR: 1.00e-04
2026-03-05 20:46:02,286 - INFO -   ↳ Saved best model (val_corr=0.109327)
2026-03-05 20:46:07,568 - INFO - Epoch  35/50 | Train: 0.179832 | Val: 0.179222 | Corr: 0.110176 | LR: 1.00e-04
2026-03-05 20:46:07,580 - INFO -   ↳ Saved best model (val_corr=0.110176)
2026-03-05 20:46:12,799 - INFO - Epoch  36/50 | Train: 0.179741 | Val: 0.179460 | Corr: 0.110472 | LR: 1.00e-04
2026-03-05 20:46:12,810 - INFO -   ↳ Saved best model (val_corr=0.110472)
2026-03-05 20:46:17,989 - INFO - Epoch  37/50 | Train: 0.179574 | Val: 0.179206 | Corr: 0.111233 | LR: 1.00e-04
2026-03-05 20:46:18,004 - INFO -   ↳ Saved best model (val_corr=0.111233)
2026-03-05 20:46:23,273 - INFO - Epoch  38/50 | Train: 0.179485 | Val: 0.178999 | Corr: 0.112405 | LR: 1.00e-04
2026-03-05 20:46:23,283 - INFO -   ↳ Saved best model (val_corr=0.112405)
2026-03-05 20:46:28,023 - INFO - Epoch  39/50 | Train: 0.179372 | Val: 0.178967 | Corr: 0.113345 | LR: 1.00e-04
2026-03-05 20:46:28,035 - INFO -   ↳ Saved best model (val_corr=0.113345)
2026-03-05 20:46:30,730 - INFO - Epoch  40/50 | Train: 0.179292 | Val: 0.178786 | Corr: 0.113860 | LR: 1.00e-04
2026-03-05 20:46:30,743 - INFO -   ↳ Saved best model (val_corr=0.113860)
2026-03-05 20:46:34,807 - INFO - Epoch  41/50 | Train: 0.179106 | Val: 0.178722 | Corr: 0.114517 | LR: 1.00e-04
2026-03-05 20:46:34,821 - INFO -   ↳ Saved best model (val_corr=0.114517)
2026-03-05 20:46:38,964 - INFO - Epoch  42/50 | Train: 0.179084 | Val: 0.178658 | Corr: 0.114921 | LR: 1.00e-04
2026-03-05 20:46:38,976 - INFO -   ↳ Saved best model (val_corr=0.114921)
2026-03-05 20:46:43,299 - INFO - Epoch  43/50 | Train: 0.179010 | Val: 0.178473 | Corr: 0.115997 | LR: 1.00e-04
2026-03-05 20:46:43,313 - INFO -   ↳ Saved best model (val_corr=0.115997)
2026-03-05 20:46:48,266 - INFO - Epoch  44/50 | Train: 0.178884 | Val: 0.178689 | Corr: 0.116488 | LR: 1.00e-04
2026-03-05 20:46:48,278 - INFO -   ↳ Saved best model (val_corr=0.116488)
2026-03-05 20:46:53,465 - INFO - Epoch  45/50 | Train: 0.178790 | Val: 0.178640 | Corr: 0.117089 | LR: 1.00e-04
2026-03-05 20:46:53,477 - INFO -   ↳ Saved best model (val_corr=0.117089)
2026-03-05 20:46:58,909 - INFO - Epoch  46/50 | Train: 0.178697 | Val: 0.178630 | Corr: 0.117881 | LR: 1.00e-04
2026-03-05 20:46:58,921 - INFO -   ↳ Saved best model (val_corr=0.117881)
2026-03-05 20:47:03,904 - INFO - Epoch  47/50 | Train: 0.178617 | Val: 0.178294 | Corr: 0.118470 | LR: 1.00e-04
2026-03-05 20:47:03,915 - INFO -   ↳ Saved best model (val_corr=0.118470)
2026-03-05 20:47:08,955 - INFO - Epoch  48/50 | Train: 0.178559 | Val: 0.178373 | Corr: 0.118955 | LR: 1.00e-04
2026-03-05 20:47:08,965 - INFO -   ↳ Saved best model (val_corr=0.118955)
2026-03-05 20:47:13,751 - INFO - Epoch  49/50 | Train: 0.178390 | Val: 0.178247 | Corr: 0.119223 | LR: 1.00e-04
2026-03-05 20:47:13,762 - INFO -   ↳ Saved best model (val_corr=0.119223)
2026-03-05 20:47:18,735 - INFO - Epoch  50/50 | Train: 0.178375 | Val: 0.178364 | Corr: 0.120292 | LR: 1.00e-04
2026-03-05 20:47:18,749 - INFO -   ↳ Saved best model (val_corr=0.120292)
2026-03-05 20:47:18,750 - INFO - Training complete — best val corr: 0.120292
2026-03-05 20:47:20,303 - INFO - Test loss: 0.169045, Test corr: 0.117270
2026-03-05 20:47:20,510 - INFO - Fraction of variance explained (FVE): 0.015239
2026-03-05 20:47:20,510 - INFO - Computing autoregressive (AR) test predictions …
2026-03-05 20:47:20,829 - INFO - AR FVE: 0.012980, AR test corr: 0.107494
2026-03-05 20:47:20,829 - INFO - Generating figures …
2026-03-05 20:47:21,267 - INFO - Correlation between predicted and actual per-neuron averages: r=0.9959, p=0.00e+00
2026-03-05 20:47:23,401 - INFO - Pattern selectivity summary:
2026-03-05 20:47:23,402 - INFO -   Mean correlation across neurons: 0.4261
2026-03-05 20:47:23,402 - INFO -   Median correlation: 0.4506
2026-03-05 20:47:23,402 - INFO -   Neurons with r > 0.5: 28 / 63
2026-03-05 20:47:23,402 - INFO -   Neurons with r > 0.3: 46 / 63
2026-03-05 20:47:23,402 - INFO - Pattern selectivity — mean neuron corr: 0.4261
2026-03-05 20:47:26,353 - INFO - LOO (avg rate) — Model mean r: 0.3051, LOO mean r: 0.4546, Neurons model > LOO: 13/63
2026-03-05 20:47:29,186 - INFO - LOO (temporal) — Model mean r: 0.1216, LOO mean r: 0.3186, Neurons model > LOO: 1/63
2026-03-05 20:47:29,186 - INFO - Skipping oracle trial plots (skip_oracle_plots=True)
2026-03-05 20:47:29,195 - INFO - Experiment complete. Summary: {
  "run_dir": "/scratch/sb272/patterns5k_results/slurm_hist_cnn_2026-03-05_16-01-45/trial_0186_learning_rate=1.0e-04_history=5_kernel_sizes=3x3x3_conv_channels=32x64x128_fc_dims=128_seed1",
  "model_type": "cnn",
  "batch_avg_test_loss": 0.1690449903011322,
  "batch_avg_test_corr": 0.1172702022716903,
  "all_test_fve": 0.015239315373556954,
  "AR_FVE": 0.012979567050933838,
  "AR_test_correlation": 0.10749386250972748,
  "best_val_corr": 0.1202918651856798,
  "total_params": 66111,
  "trainable_params": 66111,
  "epochs_trained": 50,
  "mean_pattern_corr": 0.42609194629025127,
  "history": 5,
  "init_state": true,
  "loo_avg_mean_corr": 0.45456832695830385,
  "model_avg_mean_corr": 0.3051065513297437,
  "neurons_model_beats_loo_avg": 13,
  "loo_temporal_mean_corr": 0.31855225563049316,
  "all_test_corr": 0.12163124978542328,
  "neurons_model_beats_loo_temporal": 1,
  "kernel_sizes": [
    3,
    3,
    3
  ],
  "conv_channels": [
    32,
    64,
    128
  ],
  "fc_dims": [
    128
  ]
}
