2026-02-15 17:14:17,882 - INFO - ============================================================
2026-02-15 17:14:17,882 - INFO - Experiment run directory: results/base_cnn_kernel_sweep_2026-02-15_11-28-56/trial_0150_learning_rate=1.0e-04
2026-02-15 17:14:17,882 - INFO - ============================================================
2026-02-15 17:14:17,882 - INFO - Using preloaded raw data (skipping I/O)
2026-02-15 17:14:17,882 - INFO - Stimulation channels: 42, Spiking neurons: 63
2026-02-15 17:14:17,882 - INFO - Unique patterns: 4050, Total trials: 5000
2026-02-15 17:14:17,894 - INFO - Split (oracle): train=3400, val=600, test=1000
2026-02-15 17:14:32,089 - INFO - BinnedStimSpikeDataset initialized:
2026-02-15 17:14:32,089 - INFO -   input_bin_size_ms=10, output_bin_size_ms=10
2026-02-15 17:14:32,089 - INFO -   n_input_bins=60, n_output_bins=60
2026-02-15 17:14:32,089 - INFO -   output_offset=0, total_bins_input=60, total_bins_output=60
2026-02-15 17:14:32,090 - INFO -   Valid start positions per trial: 0 to 0
2026-02-15 17:14:32,090 - INFO -   Total samples: 3400 (3400 trials × 1 positions)
2026-02-15 17:14:45,566 - INFO - BinnedStimSpikeDataset initialized:
2026-02-15 17:14:45,567 - INFO -   input_bin_size_ms=10, output_bin_size_ms=10
2026-02-15 17:14:45,567 - INFO -   n_input_bins=60, n_output_bins=60
2026-02-15 17:14:45,567 - INFO -   output_offset=0, total_bins_input=60, total_bins_output=60
2026-02-15 17:14:45,567 - INFO -   Valid start positions per trial: 0 to 0
2026-02-15 17:14:45,567 - INFO -   Total samples: 600 (600 trials × 1 positions)
2026-02-15 17:14:59,152 - INFO - BinnedStimSpikeDataset initialized:
2026-02-15 17:14:59,153 - INFO -   input_bin_size_ms=10, output_bin_size_ms=10
2026-02-15 17:14:59,153 - INFO -   n_input_bins=60, n_output_bins=60
2026-02-15 17:14:59,153 - INFO -   output_offset=0, total_bins_input=60, total_bins_output=60
2026-02-15 17:14:59,153 - INFO -   Valid start positions per trial: 0 to 0
2026-02-15 17:14:59,153 - INFO -   Total samples: 1000 (1000 trials × 1 positions)
2026-02-15 17:14:59,153 - INFO - Samples — train: 3400, val: 600, test: 1000
2026-02-15 17:14:59,153 - INFO - Input channels: 42, Neurons: 63
2026-02-15 17:14:59,154 - INFO - Using Apple Silicon MPS acceleration
2026-02-15 17:14:59,164 - INFO - Model: CNN — 113,663 trainable params (113,663 total)
2026-02-15 17:14:59,164 - INFO - Starting training …
2026-02-15 17:15:01,406 - INFO - Epoch   1/50 | Train: 0.565933 | Val: 0.240087 | Corr: 0.035125 | LR: 1.00e-04
2026-02-15 17:15:01,420 - INFO -   ↳ Saved best model (val_corr=0.035125)
2026-02-15 17:15:03,553 - INFO - Epoch   2/50 | Train: 0.218477 | Val: 0.206697 | Corr: 0.114708 | LR: 1.00e-04
2026-02-15 17:15:03,563 - INFO -   ↳ Saved best model (val_corr=0.114708)
2026-02-15 17:15:05,674 - INFO - Epoch   3/50 | Train: 0.208192 | Val: 0.203975 | Corr: 0.133759 | LR: 1.00e-04
2026-02-15 17:15:05,681 - INFO -   ↳ Saved best model (val_corr=0.133759)
2026-02-15 17:15:07,774 - INFO - Epoch   4/50 | Train: 0.205806 | Val: 0.202809 | Corr: 0.141918 | LR: 1.00e-04
2026-02-15 17:15:07,782 - INFO -   ↳ Saved best model (val_corr=0.141918)
2026-02-15 17:15:09,895 - INFO - Epoch   5/50 | Train: 0.204261 | Val: 0.201812 | Corr: 0.147856 | LR: 1.00e-04
2026-02-15 17:15:09,904 - INFO -   ↳ Saved best model (val_corr=0.147856)
2026-02-15 17:15:12,019 - INFO - Epoch   6/50 | Train: 0.202913 | Val: 0.201413 | Corr: 0.152676 | LR: 1.00e-04
2026-02-15 17:15:12,025 - INFO -   ↳ Saved best model (val_corr=0.152676)
2026-02-15 17:15:14,135 - INFO - Epoch   7/50 | Train: 0.201873 | Val: 0.200537 | Corr: 0.157050 | LR: 1.00e-04
2026-02-15 17:15:14,145 - INFO -   ↳ Saved best model (val_corr=0.157050)
2026-02-15 17:15:16,252 - INFO - Epoch   8/50 | Train: 0.200910 | Val: 0.200031 | Corr: 0.160572 | LR: 1.00e-04
2026-02-15 17:15:16,262 - INFO -   ↳ Saved best model (val_corr=0.160572)
2026-02-15 17:15:18,387 - INFO - Epoch   9/50 | Train: 0.200182 | Val: 0.199390 | Corr: 0.164784 | LR: 1.00e-04
2026-02-15 17:15:18,394 - INFO -   ↳ Saved best model (val_corr=0.164784)
2026-02-15 17:15:20,528 - INFO - Epoch  10/50 | Train: 0.199368 | Val: 0.198896 | Corr: 0.167982 | LR: 1.00e-04
2026-02-15 17:15:20,538 - INFO -   ↳ Saved best model (val_corr=0.167982)
2026-02-15 17:15:22,583 - INFO - Epoch  11/50 | Train: 0.198805 | Val: 0.198438 | Corr: 0.170062 | LR: 1.00e-04
2026-02-15 17:15:22,593 - INFO -   ↳ Saved best model (val_corr=0.170062)
2026-02-15 17:15:24,730 - INFO - Epoch  12/50 | Train: 0.198167 | Val: 0.198137 | Corr: 0.171901 | LR: 1.00e-04
2026-02-15 17:15:24,743 - INFO -   ↳ Saved best model (val_corr=0.171901)
2026-02-15 17:15:26,739 - INFO - Epoch  13/50 | Train: 0.197640 | Val: 0.197728 | Corr: 0.175547 | LR: 1.00e-04
2026-02-15 17:15:26,751 - INFO -   ↳ Saved best model (val_corr=0.175547)
2026-02-15 17:15:28,816 - INFO - Epoch  14/50 | Train: 0.197204 | Val: 0.197495 | Corr: 0.176449 | LR: 1.00e-04
2026-02-15 17:15:28,832 - INFO -   ↳ Saved best model (val_corr=0.176449)
2026-02-15 17:15:30,929 - INFO - Epoch  15/50 | Train: 0.196724 | Val: 0.197089 | Corr: 0.178794 | LR: 1.00e-04
2026-02-15 17:15:30,936 - INFO -   ↳ Saved best model (val_corr=0.178794)
2026-02-15 17:15:33,034 - INFO - Epoch  16/50 | Train: 0.196287 | Val: 0.196922 | Corr: 0.180285 | LR: 1.00e-04
2026-02-15 17:15:33,040 - INFO -   ↳ Saved best model (val_corr=0.180285)
2026-02-15 17:15:35,153 - INFO - Epoch  17/50 | Train: 0.195818 | Val: 0.196595 | Corr: 0.182263 | LR: 1.00e-04
2026-02-15 17:15:35,159 - INFO -   ↳ Saved best model (val_corr=0.182263)
2026-02-15 17:15:37,306 - INFO - Epoch  18/50 | Train: 0.195549 | Val: 0.196240 | Corr: 0.183926 | LR: 1.00e-04
2026-02-15 17:15:37,312 - INFO -   ↳ Saved best model (val_corr=0.183926)
2026-02-15 17:15:39,404 - INFO - Epoch  19/50 | Train: 0.195221 | Val: 0.196100 | Corr: 0.185096 | LR: 1.00e-04
2026-02-15 17:15:39,409 - INFO -   ↳ Saved best model (val_corr=0.185096)
2026-02-15 17:15:41,493 - INFO - Epoch  20/50 | Train: 0.194972 | Val: 0.195919 | Corr: 0.186867 | LR: 1.00e-04
2026-02-15 17:15:41,499 - INFO -   ↳ Saved best model (val_corr=0.186867)
2026-02-15 17:15:43,543 - INFO - Epoch  21/50 | Train: 0.194610 | Val: 0.195636 | Corr: 0.187888 | LR: 1.00e-04
2026-02-15 17:15:43,555 - INFO -   ↳ Saved best model (val_corr=0.187888)
2026-02-15 17:15:45,615 - INFO - Epoch  22/50 | Train: 0.194338 | Val: 0.195543 | Corr: 0.188799 | LR: 1.00e-04
2026-02-15 17:15:45,625 - INFO -   ↳ Saved best model (val_corr=0.188799)
2026-02-15 17:15:47,678 - INFO - Epoch  23/50 | Train: 0.194032 | Val: 0.195195 | Corr: 0.190329 | LR: 1.00e-04
2026-02-15 17:15:47,685 - INFO -   ↳ Saved best model (val_corr=0.190329)
2026-02-15 17:15:49,798 - INFO - Epoch  24/50 | Train: 0.193790 | Val: 0.194994 | Corr: 0.192126 | LR: 1.00e-04
2026-02-15 17:15:49,804 - INFO -   ↳ Saved best model (val_corr=0.192126)
2026-02-15 17:15:51,846 - INFO - Epoch  25/50 | Train: 0.193489 | Val: 0.194786 | Corr: 0.194148 | LR: 1.00e-04
2026-02-15 17:15:51,853 - INFO -   ↳ Saved best model (val_corr=0.194148)
2026-02-15 17:15:53,936 - INFO - Epoch  26/50 | Train: 0.193320 | Val: 0.194523 | Corr: 0.195874 | LR: 1.00e-04
2026-02-15 17:15:53,941 - INFO -   ↳ Saved best model (val_corr=0.195874)
2026-02-15 17:15:56,008 - INFO - Epoch  27/50 | Train: 0.192943 | Val: 0.194294 | Corr: 0.197070 | LR: 1.00e-04
2026-02-15 17:15:56,014 - INFO -   ↳ Saved best model (val_corr=0.197070)
2026-02-15 17:15:58,117 - INFO - Epoch  28/50 | Train: 0.192714 | Val: 0.194087 | Corr: 0.197606 | LR: 1.00e-04
2026-02-15 17:15:58,122 - INFO -   ↳ Saved best model (val_corr=0.197606)
2026-02-15 17:16:00,230 - INFO - Epoch  29/50 | Train: 0.192477 | Val: 0.193883 | Corr: 0.199269 | LR: 1.00e-04
2026-02-15 17:16:00,236 - INFO -   ↳ Saved best model (val_corr=0.199269)
2026-02-15 17:16:02,378 - INFO - Epoch  30/50 | Train: 0.192243 | Val: 0.193690 | Corr: 0.200793 | LR: 1.00e-04
2026-02-15 17:16:02,383 - INFO -   ↳ Saved best model (val_corr=0.200793)
2026-02-15 17:16:04,488 - INFO - Epoch  31/50 | Train: 0.191985 | Val: 0.193444 | Corr: 0.202743 | LR: 1.00e-04
2026-02-15 17:16:04,494 - INFO -   ↳ Saved best model (val_corr=0.202743)
2026-02-15 17:16:06,586 - INFO - Epoch  32/50 | Train: 0.191779 | Val: 0.193185 | Corr: 0.204453 | LR: 1.00e-04
2026-02-15 17:16:06,592 - INFO -   ↳ Saved best model (val_corr=0.204453)
2026-02-15 17:16:08,664 - INFO - Epoch  33/50 | Train: 0.191474 | Val: 0.192977 | Corr: 0.205111 | LR: 1.00e-04
2026-02-15 17:16:08,669 - INFO -   ↳ Saved best model (val_corr=0.205111)
2026-02-15 17:16:10,808 - INFO - Epoch  34/50 | Train: 0.191282 | Val: 0.192736 | Corr: 0.206881 | LR: 1.00e-04
2026-02-15 17:16:10,814 - INFO -   ↳ Saved best model (val_corr=0.206881)
2026-02-15 17:16:12,934 - INFO - Epoch  35/50 | Train: 0.191016 | Val: 0.192513 | Corr: 0.207806 | LR: 1.00e-04
2026-02-15 17:16:12,940 - INFO -   ↳ Saved best model (val_corr=0.207806)
2026-02-15 17:16:15,061 - INFO - Epoch  36/50 | Train: 0.190821 | Val: 0.192283 | Corr: 0.210264 | LR: 1.00e-04
2026-02-15 17:16:15,068 - INFO -   ↳ Saved best model (val_corr=0.210264)
2026-02-15 17:16:17,139 - INFO - Epoch  37/50 | Train: 0.190647 | Val: 0.192054 | Corr: 0.211139 | LR: 1.00e-04
2026-02-15 17:16:17,144 - INFO -   ↳ Saved best model (val_corr=0.211139)
2026-02-15 17:16:19,154 - INFO - Epoch  38/50 | Train: 0.190372 | Val: 0.191705 | Corr: 0.212766 | LR: 1.00e-04
2026-02-15 17:16:19,160 - INFO -   ↳ Saved best model (val_corr=0.212766)
2026-02-15 17:16:21,194 - INFO - Epoch  39/50 | Train: 0.190153 | Val: 0.191544 | Corr: 0.214317 | LR: 1.00e-04
2026-02-15 17:16:21,202 - INFO -   ↳ Saved best model (val_corr=0.214317)
2026-02-15 17:16:23,289 - INFO - Epoch  40/50 | Train: 0.189928 | Val: 0.191358 | Corr: 0.215345 | LR: 1.00e-04
2026-02-15 17:16:23,295 - INFO -   ↳ Saved best model (val_corr=0.215345)
2026-02-15 17:16:25,475 - INFO - Epoch  41/50 | Train: 0.189777 | Val: 0.191111 | Corr: 0.216600 | LR: 1.00e-04
2026-02-15 17:16:25,495 - INFO -   ↳ Saved best model (val_corr=0.216600)
2026-02-15 17:16:27,565 - INFO - Epoch  42/50 | Train: 0.189502 | Val: 0.190875 | Corr: 0.218572 | LR: 1.00e-04
2026-02-15 17:16:27,570 - INFO -   ↳ Saved best model (val_corr=0.218572)
2026-02-15 17:16:29,687 - INFO - Epoch  43/50 | Train: 0.189312 | Val: 0.190694 | Corr: 0.220076 | LR: 1.00e-04
2026-02-15 17:16:29,694 - INFO -   ↳ Saved best model (val_corr=0.220076)
2026-02-15 17:16:31,804 - INFO - Epoch  44/50 | Train: 0.189070 | Val: 0.190514 | Corr: 0.221008 | LR: 1.00e-04
2026-02-15 17:16:31,810 - INFO -   ↳ Saved best model (val_corr=0.221008)
2026-02-15 17:16:33,929 - INFO - Epoch  45/50 | Train: 0.188838 | Val: 0.190312 | Corr: 0.221730 | LR: 1.00e-04
2026-02-15 17:16:33,933 - INFO -   ↳ Saved best model (val_corr=0.221730)
2026-02-15 17:16:36,057 - INFO - Epoch  46/50 | Train: 0.188681 | Val: 0.190097 | Corr: 0.223063 | LR: 1.00e-04
2026-02-15 17:16:36,063 - INFO -   ↳ Saved best model (val_corr=0.223063)
2026-02-15 17:16:38,147 - INFO - Epoch  47/50 | Train: 0.188445 | Val: 0.189905 | Corr: 0.224810 | LR: 1.00e-04
2026-02-15 17:16:38,154 - INFO -   ↳ Saved best model (val_corr=0.224810)
2026-02-15 17:16:40,266 - INFO - Epoch  48/50 | Train: 0.188245 | Val: 0.189684 | Corr: 0.224809 | LR: 1.00e-04
2026-02-15 17:16:42,392 - INFO - Epoch  49/50 | Train: 0.188020 | Val: 0.189519 | Corr: 0.226557 | LR: 1.00e-04
2026-02-15 17:16:42,397 - INFO -   ↳ Saved best model (val_corr=0.226557)
2026-02-15 17:16:44,511 - INFO - Epoch  50/50 | Train: 0.187871 | Val: 0.189204 | Corr: 0.227675 | LR: 1.00e-04
2026-02-15 17:16:44,517 - INFO -   ↳ Saved best model (val_corr=0.227675)
2026-02-15 17:16:44,517 - INFO - Training complete — best val corr: 0.227675
2026-02-15 17:16:44,818 - INFO - Test loss: 0.179949, Test corr: 0.223928
2026-02-15 17:16:44,903 - INFO - Generating figures …
2026-02-15 17:16:45,120 - INFO - Correlation between predicted and actual per-neuron averages: r=0.9952, p=2.04e-63
2026-02-15 17:16:45,803 - INFO - Pattern selectivity summary:
2026-02-15 17:16:45,803 - INFO -   Mean correlation across neurons: 0.3235
2026-02-15 17:16:45,803 - INFO -   Median correlation: 0.3391
2026-02-15 17:16:45,803 - INFO -   Neurons with r > 0.5: 14 / 63
2026-02-15 17:16:45,804 - INFO -   Neurons with r > 0.3: 36 / 63
2026-02-15 17:16:45,804 - INFO - Pattern selectivity — mean neuron corr: 0.3235
2026-02-15 17:16:46,144 - INFO - LOO baseline — Model mean r: 0.1774, LOO mean r: 0.4728, Neurons model > LOO: 1/63
2026-02-15 17:16:46,144 - INFO - Skipping oracle trial plots (skip_oracle_plots=True)
2026-02-15 17:16:46,145 - INFO - Experiment complete. Summary: {
  "run_dir": "results/base_cnn_kernel_sweep_2026-02-15_11-28-56/trial_0150_learning_rate=1.0e-04",
  "model_type": "cnn",
  "test_loss": 0.17994924986362457,
  "test_corr": 0.22392769724626113,
  "best_val_corr": 0.22767509173000205,
  "total_params": 113663,
  "trainable_params": 113663,
  "epochs_trained": 50,
  "mean_pattern_corr": 0.32352314900686985,
  "loo_mean_corr": 0.47275709111471625,
  "model_sample_mean_corr": 0.17737622569891742,
  "neurons_model_beats_loo": 1
}
2026-02-15 17:16:46,145 - INFO - 
======================================================================
2026-02-15 17:16:46,145 - INFO - [152/216] trial_0151_learning_rate=1.0e-04
2026-02-15 17:16:46,145 - INFO -   Overrides: {"kernel_sizes": [30], "learning_rate": 0.0001, "fc_dims": [256], "weight_decay": 0.0001, "conv_channels": [128]}
2026-02-15 17:16:46,145 - INFO -   Output: results/base_cnn_kernel_sweep_2026-02-15_11-28-56/trial_0151_learning_rate=1.0e-04
