2026-03-04 00:31:05,329 - INFO - ============================================================
2026-03-04 00:31:05,329 - INFO - Experiment run directory: /scratch/sb272/patterns5k_results/slurm_hist_cnn_2026-03-03_15-13-01/trial_0096_learning_rate=1.0e-04_history=10_kernel_sizes=10x5_conv_channels=256x128_fc_dims=256_seed1
2026-03-04 00:31:05,330 - INFO - ============================================================
2026-03-04 00:31:05,330 - INFO - Loading data …
2026-03-04 00:31:06,759 - INFO - 63 unique neurons after dropping problematic neurons
2026-03-04 00:31:07,598 - INFO - Stimulation channels: 42, Spiking neurons: 63
2026-03-04 00:32:30,788 - INFO - Unique patterns: 4050, Total trials: 5000
2026-03-04 00:32:30,790 - INFO - Stimulation channels: 42, Spiking neurons: 63
2026-03-04 00:32:30,790 - INFO - Unique patterns: 4050, Total trials: 5000
2026-03-04 00:32:30,802 - INFO - Split (oracle): train=3400, val=600, test=1000
2026-03-04 00:32:46,754 - INFO - BinnedStimSpikeDataset initialized:
2026-03-04 00:32:46,755 - INFO -   input_bin_size_ms=10, output_bin_size_ms=10
2026-03-04 00:32:46,755 - INFO -   n_input_bins=60, n_output_bins=60
2026-03-04 00:32:46,755 - INFO -   output_offset=0, total_bins_input=60, total_bins_output=60
2026-03-04 00:32:46,755 - INFO -   Valid start positions per trial: 0 to 0
2026-03-04 00:32:46,755 - INFO -   Total samples: 3400 (3400 trials × 1 positions)
2026-03-04 00:33:02,105 - INFO - BinnedStimSpikeDataset initialized:
2026-03-04 00:33:02,105 - INFO -   input_bin_size_ms=10, output_bin_size_ms=10
2026-03-04 00:33:02,105 - INFO -   n_input_bins=60, n_output_bins=60
2026-03-04 00:33:02,105 - INFO -   output_offset=0, total_bins_input=60, total_bins_output=60
2026-03-04 00:33:02,105 - INFO -   Valid start positions per trial: 0 to 0
2026-03-04 00:33:02,106 - INFO -   Total samples: 600 (600 trials × 1 positions)
2026-03-04 00:33:17,627 - INFO - BinnedStimSpikeDataset initialized:
2026-03-04 00:33:17,628 - INFO -   input_bin_size_ms=10, output_bin_size_ms=10
2026-03-04 00:33:17,628 - INFO -   n_input_bins=60, n_output_bins=60
2026-03-04 00:33:17,628 - INFO -   output_offset=0, total_bins_input=60, total_bins_output=60
2026-03-04 00:33:17,628 - INFO -   Valid start positions per trial: 0 to 0
2026-03-04 00:33:17,628 - INFO -   Total samples: 1000 (1000 trials × 1 positions)
2026-03-04 00:33:17,628 - INFO - Samples — train: 3400, val: 600, test: 1000
2026-03-04 00:33:17,628 - INFO - Input channels: 105, Neurons: 63
2026-03-04 00:33:17,636 - INFO - Using CPU
2026-03-04 00:33:17,654 - INFO - Model: CNN — 483,007 trainable params (483,007 total)
2026-03-04 00:33:22,644 - INFO - Starting training …
2026-03-04 00:33:29,853 - INFO - Epoch   1/50 | Train: 0.461621 | Val: 0.204099 | Corr: 0.045282 | LR: 1.00e-04
2026-03-04 00:33:29,872 - INFO -   ↳ Saved best model (val_corr=0.045282)
2026-03-04 00:33:36,120 - INFO - Epoch   2/50 | Train: 0.188775 | Val: 0.189398 | Corr: 0.072018 | LR: 1.00e-04
2026-03-04 00:33:36,135 - INFO -   ↳ Saved best model (val_corr=0.072018)
2026-03-04 00:33:42,527 - INFO - Epoch   3/50 | Train: 0.185177 | Val: 0.185367 | Corr: 0.079163 | LR: 1.00e-04
2026-03-04 00:33:42,547 - INFO -   ↳ Saved best model (val_corr=0.079163)
2026-03-04 00:33:48,824 - INFO - Epoch   4/50 | Train: 0.183478 | Val: 0.185617 | Corr: 0.083546 | LR: 1.00e-04
2026-03-04 00:33:48,846 - INFO -   ↳ Saved best model (val_corr=0.083546)
2026-03-04 00:33:55,337 - INFO - Epoch   5/50 | Train: 0.182259 | Val: 0.184011 | Corr: 0.086624 | LR: 1.00e-04
2026-03-04 00:33:55,351 - INFO -   ↳ Saved best model (val_corr=0.086624)
2026-03-04 00:34:01,634 - INFO - Epoch   6/50 | Train: 0.181211 | Val: 0.184740 | Corr: 0.089223 | LR: 1.00e-04
2026-03-04 00:34:01,651 - INFO -   ↳ Saved best model (val_corr=0.089223)
2026-03-04 00:34:07,949 - INFO - Epoch   7/50 | Train: 0.180187 | Val: 0.183481 | Corr: 0.091561 | LR: 1.00e-04
2026-03-04 00:34:07,967 - INFO -   ↳ Saved best model (val_corr=0.091561)
2026-03-04 00:34:14,359 - INFO - Epoch   8/50 | Train: 0.179399 | Val: 0.182682 | Corr: 0.093302 | LR: 1.00e-04
2026-03-04 00:34:14,383 - INFO -   ↳ Saved best model (val_corr=0.093302)
2026-03-04 00:34:20,636 - INFO - Epoch   9/50 | Train: 0.178594 | Val: 0.181769 | Corr: 0.096035 | LR: 1.00e-04
2026-03-04 00:34:20,656 - INFO -   ↳ Saved best model (val_corr=0.096035)
2026-03-04 00:34:27,025 - INFO - Epoch  10/50 | Train: 0.177810 | Val: 0.181864 | Corr: 0.098908 | LR: 1.00e-04
2026-03-04 00:34:27,068 - INFO -   ↳ Saved best model (val_corr=0.098908)
2026-03-04 00:34:33,326 - INFO - Epoch  11/50 | Train: 0.177024 | Val: 0.182444 | Corr: 0.099300 | LR: 1.00e-04
2026-03-04 00:34:33,343 - INFO -   ↳ Saved best model (val_corr=0.099300)
2026-03-04 00:34:39,702 - INFO - Epoch  12/50 | Train: 0.176407 | Val: 0.182231 | Corr: 0.101506 | LR: 1.00e-04
2026-03-04 00:34:39,717 - INFO -   ↳ Saved best model (val_corr=0.101506)
2026-03-04 00:34:45,963 - INFO - Epoch  13/50 | Train: 0.175692 | Val: 0.182054 | Corr: 0.101796 | LR: 1.00e-04
2026-03-04 00:34:45,979 - INFO -   ↳ Saved best model (val_corr=0.101796)
2026-03-04 00:34:52,425 - INFO - Epoch  14/50 | Train: 0.175095 | Val: 0.181603 | Corr: 0.103983 | LR: 1.00e-04
2026-03-04 00:34:52,441 - INFO -   ↳ Saved best model (val_corr=0.103983)
2026-03-04 00:34:58,771 - INFO - Epoch  15/50 | Train: 0.174527 | Val: 0.182274 | Corr: 0.105746 | LR: 1.00e-04
2026-03-04 00:34:58,789 - INFO -   ↳ Saved best model (val_corr=0.105746)
2026-03-04 00:35:05,128 - INFO - Epoch  16/50 | Train: 0.174064 | Val: 0.181744 | Corr: 0.107065 | LR: 1.00e-04
2026-03-04 00:35:05,146 - INFO -   ↳ Saved best model (val_corr=0.107065)
2026-03-04 00:35:11,570 - INFO - Epoch  17/50 | Train: 0.173437 | Val: 0.182133 | Corr: 0.108779 | LR: 1.00e-04
2026-03-04 00:35:11,668 - INFO -   ↳ Saved best model (val_corr=0.108779)
2026-03-04 00:35:17,844 - INFO - Epoch  18/50 | Train: 0.172904 | Val: 0.180816 | Corr: 0.109997 | LR: 1.00e-04
2026-03-04 00:35:17,861 - INFO -   ↳ Saved best model (val_corr=0.109997)
2026-03-04 00:35:24,152 - INFO - Epoch  19/50 | Train: 0.172369 | Val: 0.181551 | Corr: 0.108955 | LR: 1.00e-04
2026-03-04 00:35:30,358 - INFO - Epoch  20/50 | Train: 0.171963 | Val: 0.181044 | Corr: 0.110661 | LR: 1.00e-04
2026-03-04 00:35:30,378 - INFO -   ↳ Saved best model (val_corr=0.110661)
2026-03-04 00:35:36,737 - INFO - Epoch  21/50 | Train: 0.171534 | Val: 0.181062 | Corr: 0.110677 | LR: 1.00e-04
2026-03-04 00:35:36,833 - INFO -   ↳ Saved best model (val_corr=0.110677)
2026-03-04 00:35:43,113 - INFO - Epoch  22/50 | Train: 0.171028 | Val: 0.181119 | Corr: 0.112900 | LR: 1.00e-04
2026-03-04 00:35:43,126 - INFO -   ↳ Saved best model (val_corr=0.112900)
2026-03-04 00:35:49,560 - INFO - Epoch  23/50 | Train: 0.170621 | Val: 0.180209 | Corr: 0.113473 | LR: 1.00e-04
2026-03-04 00:35:49,577 - INFO -   ↳ Saved best model (val_corr=0.113473)
2026-03-04 00:35:55,929 - INFO - Epoch  24/50 | Train: 0.170225 | Val: 0.180635 | Corr: 0.114186 | LR: 1.00e-04
2026-03-04 00:35:55,943 - INFO -   ↳ Saved best model (val_corr=0.114186)
2026-03-04 00:36:02,159 - INFO - Epoch  25/50 | Train: 0.169783 | Val: 0.180376 | Corr: 0.115239 | LR: 1.00e-04
2026-03-04 00:36:02,172 - INFO -   ↳ Saved best model (val_corr=0.115239)
2026-03-04 00:36:08,635 - INFO - Epoch  26/50 | Train: 0.169369 | Val: 0.180787 | Corr: 0.115711 | LR: 1.00e-04
2026-03-04 00:36:08,649 - INFO -   ↳ Saved best model (val_corr=0.115711)
2026-03-04 00:36:14,889 - INFO - Epoch  27/50 | Train: 0.169051 | Val: 0.180697 | Corr: 0.116189 | LR: 1.00e-04
2026-03-04 00:36:14,906 - INFO -   ↳ Saved best model (val_corr=0.116189)
2026-03-04 00:36:21,241 - INFO - Epoch  28/50 | Train: 0.168681 | Val: 0.180337 | Corr: 0.117413 | LR: 1.00e-04
2026-03-04 00:36:21,256 - INFO -   ↳ Saved best model (val_corr=0.117413)
2026-03-04 00:36:27,483 - INFO - Epoch  29/50 | Train: 0.168326 | Val: 0.180308 | Corr: 0.117321 | LR: 5.00e-05
2026-03-04 00:36:33,934 - INFO - Epoch  30/50 | Train: 0.167625 | Val: 0.180878 | Corr: 0.118505 | LR: 5.00e-05
2026-03-04 00:36:33,951 - INFO -   ↳ Saved best model (val_corr=0.118505)
2026-03-04 00:36:40,129 - INFO - Epoch  31/50 | Train: 0.167306 | Val: 0.180528 | Corr: 0.118871 | LR: 5.00e-05
2026-03-04 00:36:40,144 - INFO -   ↳ Saved best model (val_corr=0.118871)
2026-03-04 00:36:46,481 - INFO - Epoch  32/50 | Train: 0.167008 | Val: 0.180507 | Corr: 0.119206 | LR: 5.00e-05
2026-03-04 00:36:46,500 - INFO -   ↳ Saved best model (val_corr=0.119206)
2026-03-04 00:36:53,305 - INFO - Epoch  33/50 | Train: 0.166835 | Val: 0.180175 | Corr: 0.118874 | LR: 5.00e-05
2026-03-04 00:36:59,861 - INFO - Epoch  34/50 | Train: 0.166686 | Val: 0.180745 | Corr: 0.119588 | LR: 5.00e-05
2026-03-04 00:36:59,878 - INFO -   ↳ Saved best model (val_corr=0.119588)
2026-03-04 00:37:06,591 - INFO - Epoch  35/50 | Train: 0.166570 | Val: 0.180519 | Corr: 0.120132 | LR: 5.00e-05
2026-03-04 00:37:06,618 - INFO -   ↳ Saved best model (val_corr=0.120132)
2026-03-04 00:37:13,207 - INFO - Epoch  36/50 | Train: 0.166384 | Val: 0.180425 | Corr: 0.119991 | LR: 5.00e-05
2026-03-04 00:37:20,032 - INFO - Epoch  37/50 | Train: 0.166196 | Val: 0.180839 | Corr: 0.120440 | LR: 5.00e-05
2026-03-04 00:37:20,049 - INFO -   ↳ Saved best model (val_corr=0.120440)
2026-03-04 00:37:26,771 - INFO - Epoch  38/50 | Train: 0.166101 | Val: 0.180692 | Corr: 0.121202 | LR: 5.00e-05
2026-03-04 00:37:26,788 - INFO -   ↳ Saved best model (val_corr=0.121202)
2026-03-04 00:37:33,476 - INFO - Epoch  39/50 | Train: 0.165974 | Val: 0.180543 | Corr: 0.120752 | LR: 2.50e-05
2026-03-04 00:37:40,300 - INFO - Epoch  40/50 | Train: 0.165490 | Val: 0.180815 | Corr: 0.120715 | LR: 2.50e-05
2026-03-04 00:37:46,943 - INFO - Epoch  41/50 | Train: 0.165373 | Val: 0.180426 | Corr: 0.121810 | LR: 2.50e-05
2026-03-04 00:37:46,960 - INFO -   ↳ Saved best model (val_corr=0.121810)
2026-03-04 00:37:53,854 - INFO - Epoch  42/50 | Train: 0.165258 | Val: 0.180376 | Corr: 0.121041 | LR: 2.50e-05
2026-03-04 00:38:00,562 - INFO - Epoch  43/50 | Train: 0.165170 | Val: 0.180588 | Corr: 0.121114 | LR: 2.50e-05
2026-03-04 00:38:07,036 - INFO - Epoch  44/50 | Train: 0.165040 | Val: 0.180582 | Corr: 0.121168 | LR: 2.50e-05
2026-03-04 00:38:13,662 - INFO - Epoch  45/50 | Train: 0.165077 | Val: 0.180718 | Corr: 0.121914 | LR: 1.25e-05
2026-03-04 00:38:13,681 - INFO -   ↳ Saved best model (val_corr=0.121914)
2026-03-04 00:38:20,213 - INFO - Epoch  46/50 | Train: 0.164868 | Val: 0.180523 | Corr: 0.122031 | LR: 1.25e-05
2026-03-04 00:38:20,242 - INFO -   ↳ Saved best model (val_corr=0.122031)
2026-03-04 00:38:26,753 - INFO - Epoch  47/50 | Train: 0.164802 | Val: 0.180664 | Corr: 0.121956 | LR: 1.25e-05
2026-03-04 00:38:33,597 - INFO - Epoch  48/50 | Train: 0.164728 | Val: 0.180605 | Corr: 0.121483 | LR: 1.25e-05
2026-03-04 00:38:40,984 - INFO - Epoch  49/50 | Train: 0.164744 | Val: 0.180604 | Corr: 0.122178 | LR: 1.25e-05
2026-03-04 00:38:41,008 - INFO -   ↳ Saved best model (val_corr=0.122178)
2026-03-04 00:38:48,321 - INFO - Epoch  50/50 | Train: 0.164691 | Val: 0.180637 | Corr: 0.121514 | LR: 1.25e-05
2026-03-04 00:38:48,321 - INFO - Training complete — best val corr: 0.122178
2026-03-04 00:38:49,931 - INFO - Test loss: 0.170382, Test corr: 0.121851
2026-03-04 00:38:50,613 - INFO - Fraction of variance explained (FVE): 0.007310
2026-03-04 00:38:50,613 - INFO - Computing autoregressive (AR) test predictions …
2026-03-04 00:38:51,438 - INFO - AR FVE: 0.003314, AR test corr: 0.105464
2026-03-04 00:38:51,439 - INFO - Generating figures …
2026-03-04 00:38:51,862 - INFO - Correlation between predicted and actual per-neuron averages: r=0.9956, p=0.00e+00
2026-03-04 00:38:53,839 - INFO - Pattern selectivity summary:
2026-03-04 00:38:53,839 - INFO -   Mean correlation across neurons: 0.5028
2026-03-04 00:38:53,839 - INFO -   Median correlation: 0.5081
2026-03-04 00:38:53,839 - INFO -   Neurons with r > 0.5: 34 / 63
2026-03-04 00:38:53,840 - INFO -   Neurons with r > 0.3: 55 / 63
2026-03-04 00:38:53,840 - INFO - Pattern selectivity — mean neuron corr: 0.5028
2026-03-04 00:38:55,490 - INFO - LOO (avg rate) — Model mean r: 0.3716, LOO mean r: 0.4546, Neurons model > LOO: 13/63
2026-03-04 00:38:57,617 - INFO - LOO (temporal) — Model mean r: 0.1293, LOO mean r: 0.3186, Neurons model > LOO: 1/63
2026-03-04 00:38:57,618 - INFO - Skipping oracle trial plots (skip_oracle_plots=True)
2026-03-04 00:38:57,625 - INFO - Experiment complete. Summary: {
  "run_dir": "/scratch/sb272/patterns5k_results/slurm_hist_cnn_2026-03-03_15-13-01/trial_0096_learning_rate=1.0e-04_history=10_kernel_sizes=10x5_conv_channels=256x128_fc_dims=256_seed1",
  "model_type": "cnn",
  "batch_avg_test_loss": 0.17038151788711547,
  "batch_avg_test_corr": 0.12185129570828027,
  "all_test_fve": 0.007310337490505642,
  "AR_FVE": 0.0033138839025346058,
  "AR_test_correlation": 0.1054641604423523,
  "best_val_corr": 0.12217751122567812,
  "total_params": 483007,
  "trainable_params": 483007,
  "epochs_trained": 50,
  "mean_pattern_corr": 0.5027880349728256,
  "history": 10,
  "init_state": true,
  "loo_avg_mean_corr": 0.45456832695830385,
  "model_avg_mean_corr": 0.37161046092257866,
  "neurons_model_beats_loo_avg": 13,
  "loo_temporal_mean_corr": 0.31855225563049316,
  "all_test_corr": 0.12930667400360107,
  "neurons_model_beats_loo_temporal": 1,
  "kernel_sizes": [
    10,
    5
  ],
  "conv_channels": [
    256,
    128
  ],
  "fc_dims": [
    256
  ]
}
