2026-03-06 10:17:22,743 - INFO - ============================================================
2026-03-06 10:17:22,743 - INFO - Experiment run directory: /scratch/sb272/patterns5k_results/slurm_base_cnn_2026-03-06_09-50-40/trial_0017_learning_rate=1.0e-04_kernel_sizes=3x3x3_conv_channels=256x256x256_fc_dims=1024_seed1
2026-03-06 10:17:22,743 - INFO - ============================================================
2026-03-06 10:17:22,743 - INFO - Loading data …
2026-03-06 10:17:23,550 - INFO - 63 unique neurons after dropping problematic neurons
2026-03-06 10:17:24,620 - INFO - Stimulation channels: 42, Spiking neurons: 63
2026-03-06 10:19:11,123 - INFO - Unique patterns: 4050, Total trials: 5000
2026-03-06 10:19:11,125 - INFO - Stimulation channels: 42, Spiking neurons: 63
2026-03-06 10:19:11,125 - INFO - Unique patterns: 4050, Total trials: 5000
2026-03-06 10:19:11,140 - INFO - Split (oracle): train=3400, val=600, test=1000
2026-03-06 10:19:33,023 - INFO - BinnedStimSpikeDataset initialized:
2026-03-06 10:19:33,024 - INFO -   input_bin_size_ms=10, output_bin_size_ms=10
2026-03-06 10:19:33,024 - INFO -   n_input_bins=60, n_output_bins=60
2026-03-06 10:19:33,024 - INFO -   output_offset=0, total_bins_input=60, total_bins_output=60
2026-03-06 10:19:33,025 - INFO -   Valid start positions per trial: 0 to 0
2026-03-06 10:19:33,025 - INFO -   Total samples: 3400 (3400 trials × 1 positions)
2026-03-06 10:19:54,358 - INFO - BinnedStimSpikeDataset initialized:
2026-03-06 10:19:54,358 - INFO -   input_bin_size_ms=10, output_bin_size_ms=10
2026-03-06 10:19:54,358 - INFO -   n_input_bins=60, n_output_bins=60
2026-03-06 10:19:54,358 - INFO -   output_offset=0, total_bins_input=60, total_bins_output=60
2026-03-06 10:19:54,358 - INFO -   Valid start positions per trial: 0 to 0
2026-03-06 10:19:54,358 - INFO -   Total samples: 600 (600 trials × 1 positions)
2026-03-06 10:20:15,856 - INFO - BinnedStimSpikeDataset initialized:
2026-03-06 10:20:15,856 - INFO -   input_bin_size_ms=10, output_bin_size_ms=10
2026-03-06 10:20:15,856 - INFO -   n_input_bins=60, n_output_bins=60
2026-03-06 10:20:15,856 - INFO -   output_offset=0, total_bins_input=60, total_bins_output=60
2026-03-06 10:20:15,856 - INFO -   Valid start positions per trial: 0 to 0
2026-03-06 10:20:15,856 - INFO -   Total samples: 1000 (1000 trials × 1 positions)
2026-03-06 10:20:15,857 - INFO - Samples — train: 3400, val: 600, test: 1000
2026-03-06 10:20:15,857 - INFO - Input channels: 42, Neurons: 63
2026-03-06 10:20:15,862 - INFO - Using CPU
2026-03-06 10:20:15,882 - INFO - Model: CNN — 755,519 trainable params (755,519 total)
2026-03-06 10:20:20,133 - INFO - Starting training …
2026-03-06 10:20:33,196 - INFO - Epoch   1/50 | Train: 0.272845 | Val: 0.183137 | Corr: 0.076474 | LR: 1.00e-04
2026-03-06 10:20:33,219 - INFO -   ↳ Saved best model (val_corr=0.076474)
2026-03-06 10:20:45,882 - INFO - Epoch   2/50 | Train: 0.183023 | Val: 0.182740 | Corr: 0.082126 | LR: 1.00e-04
2026-03-06 10:20:45,902 - INFO -   ↳ Saved best model (val_corr=0.082126)
2026-03-06 10:20:58,641 - INFO - Epoch   3/50 | Train: 0.182223 | Val: 0.181668 | Corr: 0.086863 | LR: 1.00e-04
2026-03-06 10:20:58,661 - INFO -   ↳ Saved best model (val_corr=0.086863)
2026-03-06 10:21:11,381 - INFO - Epoch   4/50 | Train: 0.181558 | Val: 0.180970 | Corr: 0.093402 | LR: 1.00e-04
2026-03-06 10:21:11,409 - INFO -   ↳ Saved best model (val_corr=0.093402)
2026-03-06 10:21:24,164 - INFO - Epoch   5/50 | Train: 0.181051 | Val: 0.181531 | Corr: 0.095500 | LR: 1.00e-04
2026-03-06 10:21:24,184 - INFO -   ↳ Saved best model (val_corr=0.095500)
2026-03-06 10:21:36,893 - INFO - Epoch   6/50 | Train: 0.180511 | Val: 0.180112 | Corr: 0.103671 | LR: 1.00e-04
2026-03-06 10:21:36,917 - INFO -   ↳ Saved best model (val_corr=0.103671)
2026-03-06 10:21:49,614 - INFO - Epoch   7/50 | Train: 0.179922 | Val: 0.179881 | Corr: 0.106409 | LR: 1.00e-04
2026-03-06 10:21:49,634 - INFO -   ↳ Saved best model (val_corr=0.106409)
2026-03-06 10:22:02,365 - INFO - Epoch   8/50 | Train: 0.179485 | Val: 0.179274 | Corr: 0.111453 | LR: 1.00e-04
2026-03-06 10:22:02,387 - INFO -   ↳ Saved best model (val_corr=0.111453)
2026-03-06 10:22:15,118 - INFO - Epoch   9/50 | Train: 0.178972 | Val: 0.179241 | Corr: 0.113519 | LR: 1.00e-04
2026-03-06 10:22:15,137 - INFO -   ↳ Saved best model (val_corr=0.113519)
2026-03-06 10:22:27,803 - INFO - Epoch  10/50 | Train: 0.178618 | Val: 0.178829 | Corr: 0.118159 | LR: 1.00e-04
2026-03-06 10:22:27,824 - INFO -   ↳ Saved best model (val_corr=0.118159)
2026-03-06 10:22:40,546 - INFO - Epoch  11/50 | Train: 0.178057 | Val: 0.178480 | Corr: 0.120822 | LR: 1.00e-04
2026-03-06 10:22:40,581 - INFO -   ↳ Saved best model (val_corr=0.120822)
2026-03-06 10:22:53,359 - INFO - Epoch  12/50 | Train: 0.177739 | Val: 0.178350 | Corr: 0.124080 | LR: 1.00e-04
2026-03-06 10:22:53,382 - INFO -   ↳ Saved best model (val_corr=0.124080)
2026-03-06 10:23:06,094 - INFO - Epoch  13/50 | Train: 0.177449 | Val: 0.178421 | Corr: 0.124917 | LR: 1.00e-04
2026-03-06 10:23:06,117 - INFO -   ↳ Saved best model (val_corr=0.124917)
2026-03-06 10:23:18,862 - INFO - Epoch  14/50 | Train: 0.177147 | Val: 0.178116 | Corr: 0.126924 | LR: 1.00e-04
2026-03-06 10:23:18,898 - INFO -   ↳ Saved best model (val_corr=0.126924)
2026-03-06 10:23:31,589 - INFO - Epoch  15/50 | Train: 0.176734 | Val: 0.178217 | Corr: 0.127923 | LR: 1.00e-04
2026-03-06 10:23:31,645 - INFO -   ↳ Saved best model (val_corr=0.127923)
2026-03-06 10:23:44,418 - INFO - Epoch  16/50 | Train: 0.176515 | Val: 0.177931 | Corr: 0.129562 | LR: 1.00e-04
2026-03-06 10:23:44,438 - INFO -   ↳ Saved best model (val_corr=0.129562)
2026-03-06 10:23:57,154 - INFO - Epoch  17/50 | Train: 0.176249 | Val: 0.177776 | Corr: 0.130080 | LR: 1.00e-04
2026-03-06 10:23:57,172 - INFO -   ↳ Saved best model (val_corr=0.130080)
2026-03-06 10:24:09,872 - INFO - Epoch  18/50 | Train: 0.175983 | Val: 0.177880 | Corr: 0.131763 | LR: 1.00e-04
2026-03-06 10:24:09,891 - INFO -   ↳ Saved best model (val_corr=0.131763)
2026-03-06 10:24:22,655 - INFO - Epoch  19/50 | Train: 0.175771 | Val: 0.177646 | Corr: 0.132974 | LR: 1.00e-04
2026-03-06 10:24:22,709 - INFO -   ↳ Saved best model (val_corr=0.132974)
2026-03-06 10:24:35,415 - INFO - Epoch  20/50 | Train: 0.175545 | Val: 0.177644 | Corr: 0.132541 | LR: 1.00e-04
2026-03-06 10:24:48,059 - INFO - Epoch  21/50 | Train: 0.175339 | Val: 0.177487 | Corr: 0.132290 | LR: 1.00e-04
2026-03-06 10:25:00,698 - INFO - Epoch  22/50 | Train: 0.175152 | Val: 0.177453 | Corr: 0.133625 | LR: 1.00e-04
2026-03-06 10:25:00,718 - INFO -   ↳ Saved best model (val_corr=0.133625)
2026-03-06 10:25:13,407 - INFO - Epoch  23/50 | Train: 0.174963 | Val: 0.177316 | Corr: 0.134310 | LR: 1.00e-04
2026-03-06 10:25:13,429 - INFO -   ↳ Saved best model (val_corr=0.134310)
2026-03-06 10:25:26,107 - INFO - Epoch  24/50 | Train: 0.174771 | Val: 0.177690 | Corr: 0.135220 | LR: 1.00e-04
2026-03-06 10:25:26,127 - INFO -   ↳ Saved best model (val_corr=0.135220)
2026-03-06 10:25:38,802 - INFO - Epoch  25/50 | Train: 0.174508 | Val: 0.177388 | Corr: 0.135488 | LR: 1.00e-04
2026-03-06 10:25:38,826 - INFO -   ↳ Saved best model (val_corr=0.135488)
2026-03-06 10:25:51,520 - INFO - Epoch  26/50 | Train: 0.174372 | Val: 0.177846 | Corr: 0.135272 | LR: 1.00e-04
2026-03-06 10:26:04,186 - INFO - Epoch  27/50 | Train: 0.174180 | Val: 0.177591 | Corr: 0.137232 | LR: 1.00e-04
2026-03-06 10:26:04,211 - INFO -   ↳ Saved best model (val_corr=0.137232)
2026-03-06 10:26:16,975 - INFO - Epoch  28/50 | Train: 0.174024 | Val: 0.177354 | Corr: 0.136300 | LR: 1.00e-04
2026-03-06 10:26:29,688 - INFO - Epoch  29/50 | Train: 0.173885 | Val: 0.177470 | Corr: 0.137572 | LR: 5.00e-05
2026-03-06 10:26:29,707 - INFO -   ↳ Saved best model (val_corr=0.137572)
2026-03-06 10:26:42,461 - INFO - Epoch  30/50 | Train: 0.173485 | Val: 0.177263 | Corr: 0.137879 | LR: 5.00e-05
2026-03-06 10:26:42,482 - INFO -   ↳ Saved best model (val_corr=0.137879)
2026-03-06 10:26:55,174 - INFO - Epoch  31/50 | Train: 0.173337 | Val: 0.177306 | Corr: 0.137085 | LR: 5.00e-05
2026-03-06 10:27:07,923 - INFO - Epoch  32/50 | Train: 0.173313 | Val: 0.177240 | Corr: 0.137766 | LR: 5.00e-05
2026-03-06 10:27:20,648 - INFO - Epoch  33/50 | Train: 0.173214 | Val: 0.177175 | Corr: 0.137203 | LR: 5.00e-05
2026-03-06 10:27:33,322 - INFO - Epoch  34/50 | Train: 0.173148 | Val: 0.177519 | Corr: 0.138302 | LR: 5.00e-05
2026-03-06 10:27:33,346 - INFO -   ↳ Saved best model (val_corr=0.138302)
2026-03-06 10:27:46,025 - INFO - Epoch  35/50 | Train: 0.173015 | Val: 0.177406 | Corr: 0.137577 | LR: 5.00e-05
2026-03-06 10:27:58,690 - INFO - Epoch  36/50 | Train: 0.172940 | Val: 0.177325 | Corr: 0.137863 | LR: 5.00e-05
2026-03-06 10:28:11,441 - INFO - Epoch  37/50 | Train: 0.172898 | Val: 0.177762 | Corr: 0.138706 | LR: 5.00e-05
2026-03-06 10:28:11,459 - INFO -   ↳ Saved best model (val_corr=0.138706)
2026-03-06 10:28:24,180 - INFO - Epoch  38/50 | Train: 0.172862 | Val: 0.177625 | Corr: 0.138886 | LR: 5.00e-05
2026-03-06 10:28:24,201 - INFO -   ↳ Saved best model (val_corr=0.138886)
2026-03-06 10:28:36,920 - INFO - Epoch  39/50 | Train: 0.172795 | Val: 0.177832 | Corr: 0.138696 | LR: 2.50e-05
2026-03-06 10:28:49,694 - INFO - Epoch  40/50 | Train: 0.172581 | Val: 0.177334 | Corr: 0.138461 | LR: 2.50e-05
2026-03-06 10:29:02,426 - INFO - Epoch  41/50 | Train: 0.172472 | Val: 0.177211 | Corr: 0.138524 | LR: 2.50e-05
2026-03-06 10:29:15,149 - INFO - Epoch  42/50 | Train: 0.172491 | Val: 0.177481 | Corr: 0.138702 | LR: 2.50e-05
2026-03-06 10:29:27,851 - INFO - Epoch  43/50 | Train: 0.172377 | Val: 0.177444 | Corr: 0.138881 | LR: 2.50e-05
2026-03-06 10:29:40,635 - INFO - Epoch  44/50 | Train: 0.172338 | Val: 0.177449 | Corr: 0.138563 | LR: 2.50e-05
2026-03-06 10:29:53,422 - INFO - Epoch  45/50 | Train: 0.172352 | Val: 0.177264 | Corr: 0.138303 | LR: 1.25e-05
2026-03-06 10:30:06,245 - INFO - Epoch  46/50 | Train: 0.172228 | Val: 0.177269 | Corr: 0.138506 | LR: 1.25e-05
2026-03-06 10:30:19,083 - INFO - Epoch  47/50 | Train: 0.172194 | Val: 0.177447 | Corr: 0.138910 | LR: 1.25e-05
2026-03-06 10:30:19,107 - INFO -   ↳ Saved best model (val_corr=0.138910)
2026-03-06 10:30:31,884 - INFO - Epoch  48/50 | Train: 0.172165 | Val: 0.177317 | Corr: 0.138876 | LR: 1.25e-05
2026-03-06 10:30:44,676 - INFO - Epoch  49/50 | Train: 0.172155 | Val: 0.177210 | Corr: 0.138606 | LR: 1.25e-05
2026-03-06 10:30:57,498 - INFO - Epoch  50/50 | Train: 0.172203 | Val: 0.177302 | Corr: 0.138700 | LR: 1.25e-05
2026-03-06 10:30:57,498 - INFO - Training complete — best val corr: 0.138910
2026-03-06 10:30:59,246 - INFO - Test loss: 0.169062, Test corr: 0.132343
2026-03-06 10:31:00,078 - INFO - Fraction of variance explained (FVE): 0.014419
2026-03-06 10:31:00,079 - INFO - Generating figures …
2026-03-06 10:31:00,547 - INFO - Correlation between predicted and actual per-neuron averages: r=0.9930, p=0.00e+00
2026-03-06 10:31:03,052 - INFO - Pattern selectivity summary:
2026-03-06 10:31:03,053 - INFO -   Mean correlation across neurons: 0.4727
2026-03-06 10:31:03,053 - INFO -   Median correlation: 0.5106
2026-03-06 10:31:03,053 - INFO -   Neurons with r > 0.5: 33 / 63
2026-03-06 10:31:03,053 - INFO -   Neurons with r > 0.3: 50 / 63
2026-03-06 10:31:03,053 - INFO - Pattern selectivity — mean neuron corr: 0.4727
2026-03-06 10:31:05,274 - INFO - LOO (avg rate) — Model mean r: 0.2776, LOO mean r: 0.4546, Neurons model > LOO: 1/63
2026-03-06 10:31:08,069 - INFO - LOO (temporal) — Model mean r: 0.1328, LOO mean r: 0.3186, Neurons model > LOO: 0/63
2026-03-06 10:31:08,069 - INFO - Skipping oracle trial plots (skip_oracle_plots=True)
2026-03-06 10:31:08,076 - INFO - Experiment complete. Summary: {
  "run_dir": "/scratch/sb272/patterns5k_results/slurm_base_cnn_2026-03-06_09-50-40/trial_0017_learning_rate=1.0e-04_kernel_sizes=3x3x3_conv_channels=256x256x256_fc_dims=1024_seed1",
  "model_type": "cnn",
  "batch_avg_test_loss": 0.16906191730499268,
  "batch_avg_test_corr": 0.13234331291511633,
  "all_test_fve": 0.014419106263963003,
  "AR_FVE": NaN,
  "AR_test_correlation": NaN,
  "best_val_corr": 0.13891024480393924,
  "total_params": 755519,
  "trainable_params": 755519,
  "epochs_trained": 50,
  "mean_pattern_corr": 0.47273612671088466,
  "history": 0,
  "init_state": true,
  "loo_avg_mean_corr": 0.45456832695830385,
  "model_avg_mean_corr": 0.2776155447140911,
  "neurons_model_beats_loo_avg": 1,
  "loo_temporal_mean_corr": 0.31855225563049316,
  "all_test_corr": 0.13277244567871094,
  "neurons_model_beats_loo_temporal": 0,
  "kernel_sizes": [
    3,
    3,
    3
  ],
  "conv_channels": [
    256,
    256,
    256
  ],
  "fc_dims": [
    1024
  ]
}
