2026-02-24 00:52:25,107 - INFO - ============================================================
2026-02-24 00:52:25,107 - INFO - Experiment run directory: results/multilayer_cnn_hist_sweep_2026-02-23_23-15-16/trial_0036_history=10_kernel_sizes=5x5_conv_channels=128x64_fc_dims=256
2026-02-24 00:52:25,107 - INFO - ============================================================
2026-02-24 00:52:25,107 - INFO - Using preloaded raw data (skipping I/O)
2026-02-24 00:52:25,107 - INFO - Stimulation channels: 42, Spiking neurons: 63
2026-02-24 00:52:25,107 - INFO - Unique patterns: 4050, Total trials: 5000
2026-02-24 00:52:25,127 - INFO - Split (oracle): train=3400, val=600, test=1000
2026-02-24 00:52:39,802 - INFO - BinnedStimSpikeDataset initialized:
2026-02-24 00:52:39,803 - INFO -   input_bin_size_ms=10, output_bin_size_ms=10
2026-02-24 00:52:39,803 - INFO -   n_input_bins=60, n_output_bins=60
2026-02-24 00:52:39,803 - INFO -   output_offset=0, total_bins_input=60, total_bins_output=60
2026-02-24 00:52:39,803 - INFO -   Valid start positions per trial: 0 to 0
2026-02-24 00:52:39,803 - INFO -   Total samples: 3400 (3400 trials × 1 positions)
2026-02-24 00:52:53,277 - INFO - BinnedStimSpikeDataset initialized:
2026-02-24 00:52:53,278 - INFO -   input_bin_size_ms=10, output_bin_size_ms=10
2026-02-24 00:52:53,278 - INFO -   n_input_bins=60, n_output_bins=60
2026-02-24 00:52:53,278 - INFO -   output_offset=0, total_bins_input=60, total_bins_output=60
2026-02-24 00:52:53,278 - INFO -   Valid start positions per trial: 0 to 0
2026-02-24 00:52:53,278 - INFO -   Total samples: 600 (600 trials × 1 positions)
2026-02-24 00:53:06,990 - INFO - BinnedStimSpikeDataset initialized:
2026-02-24 00:53:06,990 - INFO -   input_bin_size_ms=10, output_bin_size_ms=10
2026-02-24 00:53:06,990 - INFO -   n_input_bins=60, n_output_bins=60
2026-02-24 00:53:06,990 - INFO -   output_offset=0, total_bins_input=60, total_bins_output=60
2026-02-24 00:53:06,990 - INFO -   Valid start positions per trial: 0 to 0
2026-02-24 00:53:06,990 - INFO -   Total samples: 1000 (1000 trials × 1 positions)
2026-02-24 00:53:06,990 - INFO - Samples — train: 3400, val: 600, test: 1000
2026-02-24 00:53:06,990 - INFO - Input channels: 105, Neurons: 63
2026-02-24 00:53:06,991 - INFO - Using Apple Silicon MPS acceleration
2026-02-24 00:53:07,005 - INFO - Model: CNN — 141,567 trainable params (141,567 total)
2026-02-24 00:53:07,005 - INFO - Starting training …
2026-02-24 00:53:09,307 - INFO - Epoch   1/50 | Train: 0.238741 | Val: 0.197792 | Corr: 0.114059 | LR: 1.00e-03
2026-02-24 00:53:09,314 - INFO -   ↳ Saved best model (val_corr=0.114059)
2026-02-24 00:53:11,412 - INFO - Epoch   2/50 | Train: 0.195267 | Val: 0.192654 | Corr: 0.138926 | LR: 1.00e-03
2026-02-24 00:53:11,420 - INFO -   ↳ Saved best model (val_corr=0.138926)
2026-02-24 00:53:13,519 - INFO - Epoch   3/50 | Train: 0.191715 | Val: 0.188559 | Corr: 0.157150 | LR: 1.00e-03
2026-02-24 00:53:13,525 - INFO -   ↳ Saved best model (val_corr=0.157150)
2026-02-24 00:53:15,623 - INFO - Epoch   4/50 | Train: 0.189213 | Val: 0.186837 | Corr: 0.169202 | LR: 1.00e-03
2026-02-24 00:53:15,629 - INFO -   ↳ Saved best model (val_corr=0.169202)
2026-02-24 00:53:17,722 - INFO - Epoch   5/50 | Train: 0.187329 | Val: 0.185939 | Corr: 0.178678 | LR: 1.00e-03
2026-02-24 00:53:17,729 - INFO -   ↳ Saved best model (val_corr=0.178678)
2026-02-24 00:53:19,817 - INFO - Epoch   6/50 | Train: 0.185842 | Val: 0.184097 | Corr: 0.186686 | LR: 1.00e-03
2026-02-24 00:53:19,824 - INFO -   ↳ Saved best model (val_corr=0.186686)
2026-02-24 00:53:21,899 - INFO - Epoch   7/50 | Train: 0.184666 | Val: 0.183978 | Corr: 0.192650 | LR: 1.00e-03
2026-02-24 00:53:21,906 - INFO -   ↳ Saved best model (val_corr=0.192650)
2026-02-24 00:53:23,985 - INFO - Epoch   8/50 | Train: 0.183730 | Val: 0.183545 | Corr: 0.197479 | LR: 1.00e-03
2026-02-24 00:53:23,991 - INFO -   ↳ Saved best model (val_corr=0.197479)
2026-02-24 00:53:26,062 - INFO - Epoch   9/50 | Train: 0.182989 | Val: 0.181846 | Corr: 0.200824 | LR: 1.00e-03
2026-02-24 00:53:26,068 - INFO -   ↳ Saved best model (val_corr=0.200824)
2026-02-24 00:53:28,127 - INFO - Epoch  10/50 | Train: 0.182414 | Val: 0.181707 | Corr: 0.203453 | LR: 1.00e-03
2026-02-24 00:53:28,133 - INFO -   ↳ Saved best model (val_corr=0.203453)
2026-02-24 00:53:30,233 - INFO - Epoch  11/50 | Train: 0.181778 | Val: 0.181247 | Corr: 0.206870 | LR: 1.00e-03
2026-02-24 00:53:30,239 - INFO -   ↳ Saved best model (val_corr=0.206870)
2026-02-24 00:53:32,339 - INFO - Epoch  12/50 | Train: 0.181339 | Val: 0.180929 | Corr: 0.208701 | LR: 1.00e-03
2026-02-24 00:53:32,345 - INFO -   ↳ Saved best model (val_corr=0.208701)
2026-02-24 00:53:34,439 - INFO - Epoch  13/50 | Train: 0.180958 | Val: 0.181066 | Corr: 0.210404 | LR: 1.00e-03
2026-02-24 00:53:34,445 - INFO -   ↳ Saved best model (val_corr=0.210404)
2026-02-24 00:53:36,523 - INFO - Epoch  14/50 | Train: 0.180573 | Val: 0.180427 | Corr: 0.212796 | LR: 1.00e-03
2026-02-24 00:53:36,530 - INFO -   ↳ Saved best model (val_corr=0.212796)
2026-02-24 00:53:38,588 - INFO - Epoch  15/50 | Train: 0.180013 | Val: 0.180463 | Corr: 0.213675 | LR: 1.00e-03
2026-02-24 00:53:38,594 - INFO -   ↳ Saved best model (val_corr=0.213675)
2026-02-24 00:53:40,680 - INFO - Epoch  16/50 | Train: 0.179769 | Val: 0.180021 | Corr: 0.214060 | LR: 1.00e-03
2026-02-24 00:53:40,685 - INFO -   ↳ Saved best model (val_corr=0.214060)
2026-02-24 00:53:42,750 - INFO - Epoch  17/50 | Train: 0.179383 | Val: 0.180521 | Corr: 0.214647 | LR: 1.00e-03
2026-02-24 00:53:42,756 - INFO -   ↳ Saved best model (val_corr=0.214647)
2026-02-24 00:53:44,991 - INFO - Epoch  18/50 | Train: 0.179077 | Val: 0.180144 | Corr: 0.216650 | LR: 1.00e-03
2026-02-24 00:53:44,998 - INFO -   ↳ Saved best model (val_corr=0.216650)
2026-02-24 00:53:47,083 - INFO - Epoch  19/50 | Train: 0.178761 | Val: 0.180431 | Corr: 0.218017 | LR: 1.00e-03
2026-02-24 00:53:47,089 - INFO -   ↳ Saved best model (val_corr=0.218017)
2026-02-24 00:53:49,154 - INFO - Epoch  20/50 | Train: 0.178506 | Val: 0.179664 | Corr: 0.219073 | LR: 1.00e-03
2026-02-24 00:53:49,160 - INFO -   ↳ Saved best model (val_corr=0.219073)
2026-02-24 00:53:51,248 - INFO - Epoch  21/50 | Train: 0.178253 | Val: 0.179731 | Corr: 0.219702 | LR: 1.00e-03
2026-02-24 00:53:51,254 - INFO -   ↳ Saved best model (val_corr=0.219702)
2026-02-24 00:53:53,338 - INFO - Epoch  22/50 | Train: 0.177989 | Val: 0.180503 | Corr: 0.219402 | LR: 1.00e-03
2026-02-24 00:53:55,435 - INFO - Epoch  23/50 | Train: 0.177692 | Val: 0.179276 | Corr: 0.221050 | LR: 1.00e-03
2026-02-24 00:53:55,441 - INFO -   ↳ Saved best model (val_corr=0.221050)
2026-02-24 00:53:57,502 - INFO - Epoch  24/50 | Train: 0.177466 | Val: 0.179440 | Corr: 0.221808 | LR: 1.00e-03
2026-02-24 00:53:57,508 - INFO -   ↳ Saved best model (val_corr=0.221808)
2026-02-24 00:53:59,612 - INFO - Epoch  25/50 | Train: 0.177285 | Val: 0.179979 | Corr: 0.221952 | LR: 1.00e-03
2026-02-24 00:53:59,617 - INFO -   ↳ Saved best model (val_corr=0.221952)
2026-02-24 00:54:01,705 - INFO - Epoch  26/50 | Train: 0.177102 | Val: 0.178921 | Corr: 0.221957 | LR: 1.00e-03
2026-02-24 00:54:01,711 - INFO -   ↳ Saved best model (val_corr=0.221957)
2026-02-24 00:54:03,769 - INFO - Epoch  27/50 | Train: 0.176936 | Val: 0.179689 | Corr: 0.222129 | LR: 1.00e-03
2026-02-24 00:54:03,775 - INFO -   ↳ Saved best model (val_corr=0.222129)
2026-02-24 00:54:05,846 - INFO - Epoch  28/50 | Train: 0.176640 | Val: 0.178873 | Corr: 0.223492 | LR: 1.00e-03
2026-02-24 00:54:05,852 - INFO -   ↳ Saved best model (val_corr=0.223492)
2026-02-24 00:54:07,926 - INFO - Epoch  29/50 | Train: 0.176584 | Val: 0.179352 | Corr: 0.222700 | LR: 1.00e-03
2026-02-24 00:54:10,005 - INFO - Epoch  30/50 | Train: 0.176338 | Val: 0.179564 | Corr: 0.223633 | LR: 1.00e-03
2026-02-24 00:54:10,012 - INFO -   ↳ Saved best model (val_corr=0.223633)
2026-02-24 00:54:12,080 - INFO - Epoch  31/50 | Train: 0.176162 | Val: 0.179172 | Corr: 0.222999 | LR: 1.00e-03
2026-02-24 00:54:14,143 - INFO - Epoch  32/50 | Train: 0.176029 | Val: 0.179227 | Corr: 0.223215 | LR: 1.00e-03
2026-02-24 00:54:16,218 - INFO - Epoch  33/50 | Train: 0.175881 | Val: 0.180097 | Corr: 0.224838 | LR: 1.00e-03
2026-02-24 00:54:16,224 - INFO -   ↳ Saved best model (val_corr=0.224838)
2026-02-24 00:54:18,282 - INFO - Epoch  34/50 | Train: 0.175718 | Val: 0.178873 | Corr: 0.224435 | LR: 5.00e-04
2026-02-24 00:54:20,355 - INFO - Epoch  35/50 | Train: 0.174924 | Val: 0.178933 | Corr: 0.226058 | LR: 5.00e-04
2026-02-24 00:54:20,361 - INFO -   ↳ Saved best model (val_corr=0.226058)
2026-02-24 00:54:22,433 - INFO - Epoch  36/50 | Train: 0.174646 | Val: 0.178865 | Corr: 0.226020 | LR: 5.00e-04
2026-02-24 00:54:24,524 - INFO - Epoch  37/50 | Train: 0.174545 | Val: 0.178934 | Corr: 0.226142 | LR: 5.00e-04
2026-02-24 00:54:24,530 - INFO -   ↳ Saved best model (val_corr=0.226142)
2026-02-24 00:54:26,615 - INFO - Epoch  38/50 | Train: 0.174487 | Val: 0.179067 | Corr: 0.225623 | LR: 5.00e-04
2026-02-24 00:54:28,670 - INFO - Epoch  39/50 | Train: 0.174310 | Val: 0.178718 | Corr: 0.226218 | LR: 5.00e-04
2026-02-24 00:54:28,676 - INFO -   ↳ Saved best model (val_corr=0.226218)
2026-02-24 00:54:30,744 - INFO - Epoch  40/50 | Train: 0.174267 | Val: 0.179027 | Corr: 0.226292 | LR: 5.00e-04
2026-02-24 00:54:30,750 - INFO -   ↳ Saved best model (val_corr=0.226292)
2026-02-24 00:54:32,839 - INFO - Epoch  41/50 | Train: 0.174131 | Val: 0.179362 | Corr: 0.225791 | LR: 5.00e-04
2026-02-24 00:54:34,905 - INFO - Epoch  42/50 | Train: 0.174180 | Val: 0.179104 | Corr: 0.226252 | LR: 5.00e-04
2026-02-24 00:54:36,982 - INFO - Epoch  43/50 | Train: 0.174043 | Val: 0.179200 | Corr: 0.226675 | LR: 5.00e-04
2026-02-24 00:54:36,988 - INFO -   ↳ Saved best model (val_corr=0.226675)
2026-02-24 00:54:39,075 - INFO - Epoch  44/50 | Train: 0.174209 | Val: 0.178944 | Corr: 0.225738 | LR: 5.00e-04
2026-02-24 00:54:41,146 - INFO - Epoch  45/50 | Train: 0.173892 | Val: 0.178914 | Corr: 0.225966 | LR: 2.50e-04
2026-02-24 00:54:43,251 - INFO - Epoch  46/50 | Train: 0.173442 | Val: 0.179124 | Corr: 0.226173 | LR: 2.50e-04
2026-02-24 00:54:45,399 - INFO - Epoch  47/50 | Train: 0.173316 | Val: 0.179194 | Corr: 0.226537 | LR: 2.50e-04
2026-02-24 00:54:47,489 - INFO - Epoch  48/50 | Train: 0.173318 | Val: 0.178946 | Corr: 0.226122 | LR: 2.50e-04
2026-02-24 00:54:49,596 - INFO - Epoch  49/50 | Train: 0.173194 | Val: 0.179332 | Corr: 0.226073 | LR: 2.50e-04
2026-02-24 00:54:51,653 - INFO - Epoch  50/50 | Train: 0.173287 | Val: 0.178968 | Corr: 0.226537 | LR: 2.50e-04
2026-02-24 00:54:51,653 - INFO - Training complete — best val corr: 0.226675
2026-02-24 00:54:52,103 - INFO - Test loss: 0.170339, Test corr: 0.223810
2026-02-24 00:54:52,215 - INFO - Generating figures …
2026-02-24 00:54:52,430 - INFO - Correlation between predicted and actual per-neuron averages: r=0.9917, p=4.02e-56
2026-02-24 00:54:53,316 - INFO - Pattern selectivity summary:
2026-02-24 00:54:53,316 - INFO -   Mean correlation across neurons: 0.6278
2026-02-24 00:54:53,316 - INFO -   Median correlation: 0.6420
2026-02-24 00:54:53,316 - INFO -   Neurons with r > 0.5: 52 / 63
2026-02-24 00:54:53,316 - INFO -   Neurons with r > 0.3: 62 / 63
2026-02-24 00:54:53,316 - INFO - Pattern selectivity — mean neuron corr: 0.6278
2026-02-24 00:54:53,684 - INFO - LOO (avg rate) — Model mean r: 0.4111, LOO mean r: 0.4728, Neurons model > LOO: 12/63
2026-02-24 00:54:54,440 - INFO - LOO (temporal) — Model mean r: 0.2302, LOO mean r: 0.3815, Neurons model > LOO: 1/63
2026-02-24 00:54:54,440 - INFO - Skipping oracle trial plots (skip_oracle_plots=True)
2026-02-24 00:54:54,441 - INFO - Experiment complete. Summary: {
  "run_dir": "results/multilayer_cnn_hist_sweep_2026-02-23_23-15-16/trial_0036_history=10_kernel_sizes=5x5_conv_channels=128x64_fc_dims=256",
  "model_type": "cnn",
  "test_loss": 0.17033929097652437,
  "test_corr": 0.22380964054687416,
  "best_val_corr": 0.22667532874495994,
  "total_params": 141567,
  "trainable_params": 141567,
  "epochs_trained": 50,
  "mean_pattern_corr": 0.627780405610044,
  "loo_avg_mean_corr": 0.47275709111471625,
  "model_avg_mean_corr": 0.41114232622481894,
  "neurons_model_beats_loo_avg": 12,
  "loo_temporal_mean_corr": 0.3815135061740875,
  "model_temporal_mean_corr": 0.23018616437911987,
  "neurons_model_beats_loo_temporal": 1
}
2026-02-24 00:54:54,463 - INFO - 
======================================================================
2026-02-24 00:54:54,463 - INFO - [38/40] trial_0037_history=10_kernel_sizes=10x10_conv_channels=128x64_fc_dims=256
2026-02-24 00:54:54,463 - INFO -   Overrides: {"_arch": {"kernel_sizes": [10, 10], "conv_channels": [128, 64], "fc_dims": [256], "history": 10}}
2026-02-24 00:54:54,463 - INFO -   Output: results/multilayer_cnn_hist_sweep_2026-02-23_23-15-16/trial_0037_history=10_kernel_sizes=10x10_conv_channels=128x64_fc_dims=256
