2026-02-25 07:37:52,571 - INFO - ============================================================
2026-02-25 07:37:52,571 - INFO - Experiment run directory: results/multilayer_cnn_nohist_sweep_v2_2026-02-24_22-05-22/trial_0222_history=2_kernel_sizes=60_conv_channels=128_fc_dims=256
2026-02-25 07:37:52,572 - INFO - ============================================================
2026-02-25 07:37:52,572 - INFO - Using preloaded raw data (skipping I/O)
2026-02-25 07:37:52,572 - INFO - Stimulation channels: 42, Spiking neurons: 63
2026-02-25 07:37:52,572 - INFO - Unique patterns: 4050, Total trials: 5000
2026-02-25 07:37:52,585 - INFO - Split (oracle): train=3400, val=600, test=1000
2026-02-25 07:38:07,260 - INFO - BinnedStimSpikeDataset initialized:
2026-02-25 07:38:07,260 - INFO -   input_bin_size_ms=10, output_bin_size_ms=10
2026-02-25 07:38:07,260 - INFO -   n_input_bins=60, n_output_bins=60
2026-02-25 07:38:07,260 - INFO -   output_offset=0, total_bins_input=60, total_bins_output=60
2026-02-25 07:38:07,261 - INFO -   Valid start positions per trial: 0 to 0
2026-02-25 07:38:07,261 - INFO -   Total samples: 3400 (3400 trials × 1 positions)
2026-02-25 07:38:20,727 - INFO - BinnedStimSpikeDataset initialized:
2026-02-25 07:38:20,728 - INFO -   input_bin_size_ms=10, output_bin_size_ms=10
2026-02-25 07:38:20,728 - INFO -   n_input_bins=60, n_output_bins=60
2026-02-25 07:38:20,728 - INFO -   output_offset=0, total_bins_input=60, total_bins_output=60
2026-02-25 07:38:20,728 - INFO -   Valid start positions per trial: 0 to 0
2026-02-25 07:38:20,728 - INFO -   Total samples: 600 (600 trials × 1 positions)
2026-02-25 07:38:34,466 - INFO - BinnedStimSpikeDataset initialized:
2026-02-25 07:38:34,466 - INFO -   input_bin_size_ms=10, output_bin_size_ms=10
2026-02-25 07:38:34,466 - INFO -   n_input_bins=60, n_output_bins=60
2026-02-25 07:38:34,466 - INFO -   output_offset=0, total_bins_input=60, total_bins_output=60
2026-02-25 07:38:34,466 - INFO -   Valid start positions per trial: 0 to 0
2026-02-25 07:38:34,466 - INFO -   Total samples: 1000 (1000 trials × 1 positions)
2026-02-25 07:38:34,467 - INFO - Samples — train: 3400, val: 600, test: 1000
2026-02-25 07:38:34,467 - INFO - Input channels: 105, Neurons: 63
2026-02-25 07:38:34,467 - INFO - Using Apple Silicon MPS acceleration
2026-02-25 07:38:34,494 - INFO - Model: CNN — 855,999 trainable params (855,999 total)
2026-02-25 07:38:34,494 - INFO - Starting training …
2026-02-25 07:38:38,949 - INFO - Epoch   1/50 | Train: 0.229612 | Val: 0.191203 | Corr: 0.149305 | LR: 1.00e-03
2026-02-25 07:38:38,981 - INFO -   ↳ Saved best model (val_corr=0.149305)
2026-02-25 07:38:43,201 - INFO - Epoch   2/50 | Train: 0.188051 | Val: 0.186369 | Corr: 0.179418 | LR: 1.00e-03
2026-02-25 07:38:43,268 - INFO -   ↳ Saved best model (val_corr=0.179418)
2026-02-25 07:38:47,778 - INFO - Epoch   3/50 | Train: 0.182465 | Val: 0.184018 | Corr: 0.198064 | LR: 1.00e-03
2026-02-25 07:38:47,840 - INFO -   ↳ Saved best model (val_corr=0.198064)
2026-02-25 07:38:52,353 - INFO - Epoch   4/50 | Train: 0.178895 | Val: 0.182534 | Corr: 0.209248 | LR: 1.00e-03
2026-02-25 07:38:52,412 - INFO -   ↳ Saved best model (val_corr=0.209248)
2026-02-25 07:38:56,803 - INFO - Epoch   5/50 | Train: 0.176050 | Val: 0.181760 | Corr: 0.215870 | LR: 1.00e-03
2026-02-25 07:38:56,835 - INFO -   ↳ Saved best model (val_corr=0.215870)
2026-02-25 07:39:01,134 - INFO - Epoch   6/50 | Train: 0.173903 | Val: 0.181282 | Corr: 0.221004 | LR: 1.00e-03
2026-02-25 07:39:01,154 - INFO -   ↳ Saved best model (val_corr=0.221004)
2026-02-25 07:39:05,403 - INFO - Epoch   7/50 | Train: 0.171912 | Val: 0.181274 | Corr: 0.223469 | LR: 1.00e-03
2026-02-25 07:39:05,447 - INFO -   ↳ Saved best model (val_corr=0.223469)
2026-02-25 07:39:09,915 - INFO - Epoch   8/50 | Train: 0.170167 | Val: 0.180901 | Corr: 0.226449 | LR: 1.00e-03
2026-02-25 07:39:09,944 - INFO -   ↳ Saved best model (val_corr=0.226449)
2026-02-25 07:39:14,497 - INFO - Epoch   9/50 | Train: 0.168564 | Val: 0.181167 | Corr: 0.227214 | LR: 1.00e-03
2026-02-25 07:39:14,516 - INFO -   ↳ Saved best model (val_corr=0.227214)
2026-02-25 07:39:18,625 - INFO - Epoch  10/50 | Train: 0.167035 | Val: 0.181403 | Corr: 0.228175 | LR: 1.00e-03
2026-02-25 07:39:18,652 - INFO -   ↳ Saved best model (val_corr=0.228175)
2026-02-25 07:39:22,927 - INFO - Epoch  11/50 | Train: 0.165654 | Val: 0.181447 | Corr: 0.228811 | LR: 1.00e-03
2026-02-25 07:39:22,970 - INFO -   ↳ Saved best model (val_corr=0.228811)
2026-02-25 07:39:27,095 - INFO - Epoch  12/50 | Train: 0.164399 | Val: 0.181641 | Corr: 0.227651 | LR: 1.00e-03
2026-02-25 07:39:30,343 - INFO - Epoch  13/50 | Train: 0.163163 | Val: 0.181934 | Corr: 0.228197 | LR: 1.00e-03
2026-02-25 07:39:33,775 - INFO - Epoch  14/50 | Train: 0.162076 | Val: 0.182640 | Corr: 0.226521 | LR: 5.00e-04
2026-02-25 07:39:37,365 - INFO - Epoch  15/50 | Train: 0.159058 | Val: 0.183624 | Corr: 0.226737 | LR: 5.00e-04
2026-02-25 07:39:41,542 - INFO - Epoch  16/50 | Train: 0.157959 | Val: 0.183851 | Corr: 0.225059 | LR: 5.00e-04
2026-02-25 07:39:44,073 - INFO - Epoch  17/50 | Train: 0.157210 | Val: 0.184331 | Corr: 0.224665 | LR: 5.00e-04
2026-02-25 07:39:48,205 - INFO - Epoch  18/50 | Train: 0.156655 | Val: 0.184586 | Corr: 0.223380 | LR: 5.00e-04
2026-02-25 07:39:52,115 - INFO - Epoch  19/50 | Train: 0.156175 | Val: 0.185480 | Corr: 0.222399 | LR: 5.00e-04
2026-02-25 07:39:54,669 - INFO - Epoch  20/50 | Train: 0.155702 | Val: 0.185646 | Corr: 0.221265 | LR: 2.50e-04
2026-02-25 07:39:58,941 - INFO - Epoch  21/50 | Train: 0.154023 | Val: 0.186869 | Corr: 0.221063 | LR: 2.50e-04
2026-02-25 07:39:58,942 - INFO - Early stopping at epoch 21
2026-02-25 07:39:58,942 - INFO - Training complete — best val corr: 0.228811
2026-02-25 07:39:59,542 - INFO - Test loss: 0.172222, Test corr: 0.220814
2026-02-25 07:39:59,825 - INFO - Fraction of variance explained (FVE): 0.054891
2026-02-25 07:39:59,825 - INFO - Computing autoregressive (AR) test predictions …
2026-02-25 07:40:00,140 - INFO - AR FVE: 0.001570, AR test corr: 0.119950
2026-02-25 07:40:00,140 - INFO - Generating figures …
2026-02-25 07:40:00,638 - INFO - Correlation between predicted and actual per-neuron averages: r=0.9831, p=1.10e-46
2026-02-25 07:40:01,310 - INFO - Pattern selectivity summary:
2026-02-25 07:40:01,310 - INFO -   Mean correlation across neurons: 0.5514
2026-02-25 07:40:01,310 - INFO -   Median correlation: 0.5368
2026-02-25 07:40:01,310 - INFO -   Neurons with r > 0.5: 39 / 63
2026-02-25 07:40:01,310 - INFO -   Neurons with r > 0.3: 58 / 63
2026-02-25 07:40:01,311 - INFO - Pattern selectivity — mean neuron corr: 0.5514
2026-02-25 07:40:01,778 - INFO - LOO (avg rate) — Model mean r: 0.5004, LOO mean r: 0.4728, Neurons model > LOO: 31/63
2026-02-25 07:40:02,587 - INFO - LOO (temporal) — Model mean r: 0.2329, LOO mean r: 0.3815, Neurons model > LOO: 2/63
2026-02-25 07:40:02,587 - INFO - Skipping oracle trial plots (skip_oracle_plots=True)
2026-02-25 07:40:02,587 - INFO - Experiment complete. Summary: {
  "run_dir": "results/multilayer_cnn_nohist_sweep_v2_2026-02-24_22-05-22/trial_0222_history=2_kernel_sizes=60_conv_channels=128_fc_dims=256",
  "model_type": "cnn",
  "batch_avg_test_loss": 0.17222239673137665,
  "batch_avg_test_corr": 0.2208141860604966,
  "all_test_fve": 0.05489100066442338,
  "AR_FVE": 0.001570140558575827,
  "AR_test_correlation": 0.11995023488998413,
  "best_val_corr": 0.22881136300516086,
  "total_params": 855999,
  "trainable_params": 855999,
  "epochs_trained": 21,
  "mean_pattern_corr": 0.5513544832763676,
  "history": 2,
  "init_state": true,
  "loo_avg_mean_corr": 0.47275709111471625,
  "model_avg_mean_corr": 0.5004410253662431,
  "neurons_model_beats_loo_avg": 31,
  "loo_temporal_mean_corr": 0.3815135061740875,
  "all_test_corr": 0.23294316232204437,
  "neurons_model_beats_loo_temporal": 2,
  "kernel_sizes": [
    60
  ],
  "conv_channels": [
    128
  ],
  "fc_dims": [
    256
  ]
}
2026-02-25 07:40:02,596 - INFO - 
======================================================================
2026-02-25 07:40:02,596 - INFO - [224/864] trial_0223_history=2_kernel_sizes=60_conv_channels=128_fc_dims=256
2026-02-25 07:40:02,596 - INFO -   Overrides: {"_arch": {"kernel_sizes": [60], "conv_channels": [128], "fc_dims": [256]}, "history": 2, "weight_decay": 0.001}
2026-02-25 07:40:02,596 - INFO -   Output: results/multilayer_cnn_nohist_sweep_v2_2026-02-24_22-05-22/trial_0223_history=2_kernel_sizes=60_conv_channels=128_fc_dims=256
