2026-02-15 20:59:28,302 - INFO - ============================================================
2026-02-15 20:59:28,302 - INFO - Experiment run directory: results/base_cnn_kernel_sweep_2026-02-15_11-28-56/trial_0210_learning_rate=0.01
2026-02-15 20:59:28,302 - INFO - ============================================================
2026-02-15 20:59:28,302 - INFO - Using preloaded raw data (skipping I/O)
2026-02-15 20:59:28,302 - INFO - Stimulation channels: 42, Spiking neurons: 63
2026-02-15 20:59:28,302 - INFO - Unique patterns: 4050, Total trials: 5000
2026-02-15 20:59:28,322 - INFO - Split (oracle): train=3400, val=600, test=1000
2026-02-15 20:59:51,648 - INFO - BinnedStimSpikeDataset initialized:
2026-02-15 20:59:51,648 - INFO -   input_bin_size_ms=10, output_bin_size_ms=10
2026-02-15 20:59:51,648 - INFO -   n_input_bins=60, n_output_bins=60
2026-02-15 20:59:51,648 - INFO -   output_offset=0, total_bins_input=60, total_bins_output=60
2026-02-15 20:59:51,648 - INFO -   Valid start positions per trial: 0 to 0
2026-02-15 20:59:51,648 - INFO -   Total samples: 3400 (3400 trials × 1 positions)
2026-02-15 21:00:12,875 - INFO - BinnedStimSpikeDataset initialized:
2026-02-15 21:00:12,876 - INFO -   input_bin_size_ms=10, output_bin_size_ms=10
2026-02-15 21:00:12,876 - INFO -   n_input_bins=60, n_output_bins=60
2026-02-15 21:00:12,876 - INFO -   output_offset=0, total_bins_input=60, total_bins_output=60
2026-02-15 21:00:12,876 - INFO -   Valid start positions per trial: 0 to 0
2026-02-15 21:00:12,876 - INFO -   Total samples: 600 (600 trials × 1 positions)
2026-02-15 21:00:34,029 - INFO - BinnedStimSpikeDataset initialized:
2026-02-15 21:00:34,030 - INFO -   input_bin_size_ms=10, output_bin_size_ms=10
2026-02-15 21:00:34,030 - INFO -   n_input_bins=60, n_output_bins=60
2026-02-15 21:00:34,030 - INFO -   output_offset=0, total_bins_input=60, total_bins_output=60
2026-02-15 21:00:34,030 - INFO -   Valid start positions per trial: 0 to 0
2026-02-15 21:00:34,030 - INFO -   Total samples: 1000 (1000 trials × 1 positions)
2026-02-15 21:00:34,030 - INFO - Samples — train: 3400, val: 600, test: 1000
2026-02-15 21:00:34,030 - INFO - Input channels: 42, Neurons: 63
2026-02-15 21:00:34,031 - INFO - Using Apple Silicon MPS acceleration
2026-02-15 21:00:34,044 - INFO - Model: CNN — 194,303 trainable params (194,303 total)
2026-02-15 21:00:34,045 - INFO - Starting training …
2026-02-15 21:00:36,582 - INFO - Epoch   1/50 | Train: 0.214470 | Val: 0.196842 | Corr: 0.178852 | LR: 1.00e-02
2026-02-15 21:00:36,589 - INFO -   ↳ Saved best model (val_corr=0.178852)
2026-02-15 21:00:39,099 - INFO - Epoch   2/50 | Train: 0.196042 | Val: 0.193132 | Corr: 0.203718 | LR: 1.00e-02
2026-02-15 21:00:39,107 - INFO -   ↳ Saved best model (val_corr=0.203718)
2026-02-15 21:00:41,668 - INFO - Epoch   3/50 | Train: 0.192185 | Val: 0.190415 | Corr: 0.220595 | LR: 1.00e-02
2026-02-15 21:00:41,675 - INFO -   ↳ Saved best model (val_corr=0.220595)
2026-02-15 21:00:44,310 - INFO - Epoch   4/50 | Train: 0.189630 | Val: 0.189220 | Corr: 0.229864 | LR: 1.00e-02
2026-02-15 21:00:44,318 - INFO -   ↳ Saved best model (val_corr=0.229864)
2026-02-15 21:00:46,896 - INFO - Epoch   5/50 | Train: 0.187729 | Val: 0.188392 | Corr: 0.234871 | LR: 1.00e-02
2026-02-15 21:00:46,904 - INFO -   ↳ Saved best model (val_corr=0.234871)
2026-02-15 21:00:49,435 - INFO - Epoch   6/50 | Train: 0.186051 | Val: 0.187767 | Corr: 0.240736 | LR: 1.00e-02
2026-02-15 21:00:49,441 - INFO -   ↳ Saved best model (val_corr=0.240736)
2026-02-15 21:00:52,125 - INFO - Epoch   7/50 | Train: 0.184963 | Val: 0.187197 | Corr: 0.243029 | LR: 1.00e-02
2026-02-15 21:00:52,133 - INFO -   ↳ Saved best model (val_corr=0.243029)
2026-02-15 21:00:54,713 - INFO - Epoch   8/50 | Train: 0.184029 | Val: 0.186169 | Corr: 0.248180 | LR: 1.00e-02
2026-02-15 21:00:54,719 - INFO -   ↳ Saved best model (val_corr=0.248180)
2026-02-15 21:00:57,398 - INFO - Epoch   9/50 | Train: 0.183148 | Val: 0.186007 | Corr: 0.250924 | LR: 1.00e-02
2026-02-15 21:00:57,404 - INFO -   ↳ Saved best model (val_corr=0.250924)
2026-02-15 21:01:00,159 - INFO - Epoch  10/50 | Train: 0.182408 | Val: 0.186170 | Corr: 0.251216 | LR: 1.00e-02
2026-02-15 21:01:00,166 - INFO -   ↳ Saved best model (val_corr=0.251216)
2026-02-15 21:01:02,939 - INFO - Epoch  11/50 | Train: 0.181785 | Val: 0.186657 | Corr: 0.251903 | LR: 1.00e-02
2026-02-15 21:01:02,946 - INFO -   ↳ Saved best model (val_corr=0.251903)
2026-02-15 21:01:05,617 - INFO - Epoch  12/50 | Train: 0.181129 | Val: 0.186906 | Corr: 0.253065 | LR: 1.00e-02
2026-02-15 21:01:05,624 - INFO -   ↳ Saved best model (val_corr=0.253065)
2026-02-15 21:01:08,285 - INFO - Epoch  13/50 | Train: 0.180718 | Val: 0.185669 | Corr: 0.255703 | LR: 1.00e-02
2026-02-15 21:01:08,292 - INFO -   ↳ Saved best model (val_corr=0.255703)
2026-02-15 21:01:11,044 - INFO - Epoch  14/50 | Train: 0.180304 | Val: 0.185429 | Corr: 0.256710 | LR: 1.00e-02
2026-02-15 21:01:11,050 - INFO -   ↳ Saved best model (val_corr=0.256710)
2026-02-15 21:01:13,710 - INFO - Epoch  15/50 | Train: 0.179897 | Val: 0.185118 | Corr: 0.258746 | LR: 1.00e-02
2026-02-15 21:01:13,720 - INFO -   ↳ Saved best model (val_corr=0.258746)
2026-02-15 21:01:16,454 - INFO - Epoch  16/50 | Train: 0.179432 | Val: 0.185864 | Corr: 0.254357 | LR: 1.00e-02
2026-02-15 21:01:19,126 - INFO - Epoch  17/50 | Train: 0.179044 | Val: 0.185677 | Corr: 0.258064 | LR: 1.00e-02
2026-02-15 21:01:21,854 - INFO - Epoch  18/50 | Train: 0.178844 | Val: 0.185123 | Corr: 0.258884 | LR: 1.00e-02
2026-02-15 21:01:21,863 - INFO -   ↳ Saved best model (val_corr=0.258884)
2026-02-15 21:01:24,696 - INFO - Epoch  19/50 | Train: 0.178446 | Val: 0.185454 | Corr: 0.259675 | LR: 1.00e-02
2026-02-15 21:01:24,703 - INFO -   ↳ Saved best model (val_corr=0.259675)
2026-02-15 21:01:27,365 - INFO - Epoch  20/50 | Train: 0.178330 | Val: 0.185740 | Corr: 0.260083 | LR: 1.00e-02
2026-02-15 21:01:27,371 - INFO -   ↳ Saved best model (val_corr=0.260083)
2026-02-15 21:01:30,031 - INFO - Epoch  21/50 | Train: 0.178122 | Val: 0.185574 | Corr: 0.258110 | LR: 5.00e-03
2026-02-15 21:01:32,777 - INFO - Epoch  22/50 | Train: 0.176406 | Val: 0.185395 | Corr: 0.263338 | LR: 5.00e-03
2026-02-15 21:01:32,784 - INFO -   ↳ Saved best model (val_corr=0.263338)
2026-02-15 21:01:35,444 - INFO - Epoch  23/50 | Train: 0.175717 | Val: 0.185539 | Corr: 0.262614 | LR: 5.00e-03
2026-02-15 21:01:38,188 - INFO - Epoch  24/50 | Train: 0.175371 | Val: 0.185585 | Corr: 0.262402 | LR: 5.00e-03
2026-02-15 21:01:40,838 - INFO - Epoch  25/50 | Train: 0.175292 | Val: 0.185750 | Corr: 0.262617 | LR: 5.00e-03
2026-02-15 21:01:43,493 - INFO - Epoch  26/50 | Train: 0.175111 | Val: 0.185735 | Corr: 0.262852 | LR: 5.00e-03
2026-02-15 21:01:46,257 - INFO - Epoch  27/50 | Train: 0.175072 | Val: 0.185824 | Corr: 0.263390 | LR: 2.50e-03
2026-02-15 21:01:46,264 - INFO -   ↳ Saved best model (val_corr=0.263390)
2026-02-15 21:01:48,916 - INFO - Epoch  28/50 | Train: 0.174215 | Val: 0.185796 | Corr: 0.263950 | LR: 2.50e-03
2026-02-15 21:01:48,923 - INFO -   ↳ Saved best model (val_corr=0.263950)
2026-02-15 21:01:51,703 - INFO - Epoch  29/50 | Train: 0.173894 | Val: 0.185586 | Corr: 0.264434 | LR: 2.50e-03
2026-02-15 21:01:51,710 - INFO -   ↳ Saved best model (val_corr=0.264434)
2026-02-15 21:01:54,532 - INFO - Epoch  30/50 | Train: 0.173767 | Val: 0.185931 | Corr: 0.264453 | LR: 2.50e-03
2026-02-15 21:01:54,538 - INFO -   ↳ Saved best model (val_corr=0.264453)
2026-02-15 21:01:57,187 - INFO - Epoch  31/50 | Train: 0.173583 | Val: 0.186107 | Corr: 0.264019 | LR: 2.50e-03
2026-02-15 21:01:59,918 - INFO - Epoch  32/50 | Train: 0.173500 | Val: 0.186317 | Corr: 0.264220 | LR: 2.50e-03
2026-02-15 21:02:02,577 - INFO - Epoch  33/50 | Train: 0.173487 | Val: 0.186286 | Corr: 0.263874 | LR: 1.25e-03
2026-02-15 21:02:05,213 - INFO - Epoch  34/50 | Train: 0.172981 | Val: 0.185975 | Corr: 0.264852 | LR: 1.25e-03
2026-02-15 21:02:05,219 - INFO -   ↳ Saved best model (val_corr=0.264852)
2026-02-15 21:02:07,993 - INFO - Epoch  35/50 | Train: 0.172842 | Val: 0.186116 | Corr: 0.264804 | LR: 1.25e-03
2026-02-15 21:02:10,627 - INFO - Epoch  36/50 | Train: 0.172777 | Val: 0.186192 | Corr: 0.264545 | LR: 1.25e-03
2026-02-15 21:02:12,994 - INFO - Epoch  37/50 | Train: 0.172644 | Val: 0.186350 | Corr: 0.264624 | LR: 1.25e-03
2026-02-15 21:02:15,698 - INFO - Epoch  38/50 | Train: 0.172591 | Val: 0.186268 | Corr: 0.264770 | LR: 1.25e-03
2026-02-15 21:02:18,428 - INFO - Epoch  39/50 | Train: 0.172461 | Val: 0.186650 | Corr: 0.264376 | LR: 6.25e-04
2026-02-15 21:02:20,945 - INFO - Epoch  40/50 | Train: 0.172391 | Val: 0.186471 | Corr: 0.264920 | LR: 6.25e-04
2026-02-15 21:02:20,952 - INFO -   ↳ Saved best model (val_corr=0.264920)
2026-02-15 21:02:23,552 - INFO - Epoch  41/50 | Train: 0.172266 | Val: 0.186403 | Corr: 0.264956 | LR: 6.25e-04
2026-02-15 21:02:23,558 - INFO -   ↳ Saved best model (val_corr=0.264956)
2026-02-15 21:02:26,309 - INFO - Epoch  42/50 | Train: 0.172140 | Val: 0.186619 | Corr: 0.264849 | LR: 6.25e-04
2026-02-15 21:02:28,926 - INFO - Epoch  43/50 | Train: 0.172131 | Val: 0.186500 | Corr: 0.264829 | LR: 6.25e-04
2026-02-15 21:02:31,440 - INFO - Epoch  44/50 | Train: 0.172140 | Val: 0.186422 | Corr: 0.264793 | LR: 6.25e-04
2026-02-15 21:02:34,120 - INFO - Epoch  45/50 | Train: 0.172094 | Val: 0.186432 | Corr: 0.265027 | LR: 3.13e-04
2026-02-15 21:02:34,126 - INFO -   ↳ Saved best model (val_corr=0.265027)
2026-02-15 21:02:36,839 - INFO - Epoch  46/50 | Train: 0.171979 | Val: 0.186515 | Corr: 0.264689 | LR: 3.13e-04
2026-02-15 21:02:39,463 - INFO - Epoch  47/50 | Train: 0.171917 | Val: 0.186282 | Corr: 0.264995 | LR: 3.13e-04
2026-02-15 21:02:42,052 - INFO - Epoch  48/50 | Train: 0.171897 | Val: 0.186719 | Corr: 0.265015 | LR: 3.13e-04
2026-02-15 21:02:44,682 - INFO - Epoch  49/50 | Train: 0.171876 | Val: 0.186393 | Corr: 0.265112 | LR: 3.13e-04
2026-02-15 21:02:44,689 - INFO -   ↳ Saved best model (val_corr=0.265112)
2026-02-15 21:02:47,340 - INFO - Epoch  50/50 | Train: 0.171754 | Val: 0.186763 | Corr: 0.264918 | LR: 3.13e-04
2026-02-15 21:02:47,341 - INFO - Training complete — best val corr: 0.265112
2026-02-15 21:02:47,930 - INFO - Test loss: 0.175795, Test corr: 0.266654
2026-02-15 21:02:48,135 - INFO - Generating figures …
2026-02-15 21:02:48,509 - INFO - Correlation between predicted and actual per-neuron averages: r=0.9951, p=3.90e-63
2026-02-15 21:02:49,740 - INFO - Pattern selectivity summary:
2026-02-15 21:02:49,740 - INFO -   Mean correlation across neurons: 0.4468
2026-02-15 21:02:49,740 - INFO -   Median correlation: 0.4605
2026-02-15 21:02:49,741 - INFO -   Neurons with r > 0.5: 29 / 63
2026-02-15 21:02:49,741 - INFO -   Neurons with r > 0.3: 49 / 63
2026-02-15 21:02:49,741 - INFO - Pattern selectivity — mean neuron corr: 0.4468
2026-02-15 21:02:50,340 - INFO - LOO baseline — Model mean r: 0.2530, LOO mean r: 0.4728, Neurons model > LOO: 3/63
2026-02-15 21:02:50,340 - INFO - Skipping oracle trial plots (skip_oracle_plots=True)
2026-02-15 21:02:50,341 - INFO - Experiment complete. Summary: {
  "run_dir": "results/base_cnn_kernel_sweep_2026-02-15_11-28-56/trial_0210_learning_rate=0.01",
  "model_type": "cnn",
  "test_loss": 0.17579464447498322,
  "test_corr": 0.2666538283359237,
  "best_val_corr": 0.26511187474868664,
  "total_params": 194303,
  "trainable_params": 194303,
  "epochs_trained": 50,
  "mean_pattern_corr": 0.44683485245993465,
  "loo_mean_corr": 0.47275709111471625,
  "model_sample_mean_corr": 0.25299237796466434,
  "neurons_model_beats_loo": 3
}
2026-02-15 21:02:50,348 - INFO - 
======================================================================
2026-02-15 21:02:50,349 - INFO - [212/216] trial_0211_learning_rate=0.01
2026-02-15 21:02:50,349 - INFO -   Overrides: {"kernel_sizes": [60], "learning_rate": 0.01, "fc_dims": [256], "weight_decay": 0.0001, "conv_channels": [128]}
2026-02-15 21:02:50,349 - INFO -   Output: results/base_cnn_kernel_sweep_2026-02-15_11-28-56/trial_0211_learning_rate=0.01
