2026-03-06 00:45:39,111 - INFO - ============================================================
2026-03-06 00:45:39,111 - INFO - Experiment run directory: /scratch/sb272/patterns5k_results/slurm_hist_cnn_2026-03-05_16-01-45/trial_0347_learning_rate=5.0e-04_history=10_kernel_sizes=3x3_conv_channels=64x128_fc_dims=512_seed1
2026-03-06 00:45:39,111 - INFO - ============================================================
2026-03-06 00:45:39,111 - INFO - Loading data …
2026-03-06 00:45:40,022 - INFO - 63 unique neurons after dropping problematic neurons
2026-03-06 00:45:41,227 - INFO - Stimulation channels: 42, Spiking neurons: 63
2026-03-06 00:47:46,239 - INFO - Unique patterns: 4050, Total trials: 5000
2026-03-06 00:47:46,240 - INFO - Stimulation channels: 42, Spiking neurons: 63
2026-03-06 00:47:46,240 - INFO - Unique patterns: 4050, Total trials: 5000
2026-03-06 00:47:46,256 - INFO - Split (oracle): train=3400, val=600, test=1000
2026-03-06 00:48:11,678 - INFO - BinnedStimSpikeDataset initialized:
2026-03-06 00:48:11,679 - INFO -   input_bin_size_ms=10, output_bin_size_ms=10
2026-03-06 00:48:11,679 - INFO -   n_input_bins=60, n_output_bins=60
2026-03-06 00:48:11,679 - INFO -   output_offset=0, total_bins_input=60, total_bins_output=60
2026-03-06 00:48:11,679 - INFO -   Valid start positions per trial: 0 to 0
2026-03-06 00:48:11,679 - INFO -   Total samples: 3400 (3400 trials × 1 positions)
2026-03-06 00:48:35,855 - INFO - BinnedStimSpikeDataset initialized:
2026-03-06 00:48:35,855 - INFO -   input_bin_size_ms=10, output_bin_size_ms=10
2026-03-06 00:48:35,855 - INFO -   n_input_bins=60, n_output_bins=60
2026-03-06 00:48:35,855 - INFO -   output_offset=0, total_bins_input=60, total_bins_output=60
2026-03-06 00:48:35,855 - INFO -   Valid start positions per trial: 0 to 0
2026-03-06 00:48:35,855 - INFO -   Total samples: 600 (600 trials × 1 positions)
2026-03-06 00:49:00,176 - INFO - BinnedStimSpikeDataset initialized:
2026-03-06 00:49:00,176 - INFO -   input_bin_size_ms=10, output_bin_size_ms=10
2026-03-06 00:49:00,177 - INFO -   n_input_bins=60, n_output_bins=60
2026-03-06 00:49:00,177 - INFO -   output_offset=0, total_bins_input=60, total_bins_output=60
2026-03-06 00:49:00,177 - INFO -   Valid start positions per trial: 0 to 0
2026-03-06 00:49:00,177 - INFO -   Total samples: 1000 (1000 trials × 1 positions)
2026-03-06 00:49:00,177 - INFO - Samples — train: 3400, val: 600, test: 1000
2026-03-06 00:49:00,177 - INFO - Input channels: 105, Neurons: 63
2026-03-06 00:49:00,183 - INFO - Using CPU
2026-03-06 00:49:00,198 - INFO - Model: CNN — 143,679 trainable params (143,679 total)
2026-03-06 00:49:02,912 - INFO - Starting training …
2026-03-06 00:49:08,847 - INFO - Epoch   1/50 | Train: 0.228933 | Val: 0.193925 | Corr: 0.073269 | LR: 5.00e-04
2026-03-06 00:49:08,857 - INFO -   ↳ Saved best model (val_corr=0.073269)
2026-03-06 00:49:13,822 - INFO - Epoch   2/50 | Train: 0.184424 | Val: 0.185776 | Corr: 0.084508 | LR: 5.00e-04
2026-03-06 00:49:13,831 - INFO -   ↳ Saved best model (val_corr=0.084508)
2026-03-06 00:49:18,564 - INFO - Epoch   3/50 | Train: 0.182677 | Val: 0.185536 | Corr: 0.091991 | LR: 5.00e-04
2026-03-06 00:49:18,572 - INFO -   ↳ Saved best model (val_corr=0.091991)
2026-03-06 00:49:23,204 - INFO - Epoch   4/50 | Train: 0.181420 | Val: 0.185294 | Corr: 0.099385 | LR: 5.00e-04
2026-03-06 00:49:23,215 - INFO -   ↳ Saved best model (val_corr=0.099385)
2026-03-06 00:49:27,974 - INFO - Epoch   5/50 | Train: 0.180493 | Val: 0.183454 | Corr: 0.105032 | LR: 5.00e-04
2026-03-06 00:49:27,983 - INFO -   ↳ Saved best model (val_corr=0.105032)
2026-03-06 00:49:32,580 - INFO - Epoch   6/50 | Train: 0.179724 | Val: 0.186475 | Corr: 0.108599 | LR: 5.00e-04
2026-03-06 00:49:32,588 - INFO -   ↳ Saved best model (val_corr=0.108599)
2026-03-06 00:49:37,202 - INFO - Epoch   7/50 | Train: 0.178996 | Val: 0.184761 | Corr: 0.114162 | LR: 5.00e-04
2026-03-06 00:49:37,211 - INFO -   ↳ Saved best model (val_corr=0.114162)
2026-03-06 00:49:41,990 - INFO - Epoch   8/50 | Train: 0.178461 | Val: 0.181306 | Corr: 0.119087 | LR: 5.00e-04
2026-03-06 00:49:41,999 - INFO -   ↳ Saved best model (val_corr=0.119087)
2026-03-06 00:49:46,645 - INFO - Epoch   9/50 | Train: 0.177979 | Val: 0.182646 | Corr: 0.122383 | LR: 5.00e-04
2026-03-06 00:49:46,657 - INFO -   ↳ Saved best model (val_corr=0.122383)
2026-03-06 00:49:51,332 - INFO - Epoch  10/50 | Train: 0.177551 | Val: 0.179124 | Corr: 0.125036 | LR: 5.00e-04
2026-03-06 00:49:51,340 - INFO -   ↳ Saved best model (val_corr=0.125036)
2026-03-06 00:49:56,293 - INFO - Epoch  11/50 | Train: 0.177192 | Val: 0.180284 | Corr: 0.127823 | LR: 5.00e-04
2026-03-06 00:49:56,305 - INFO -   ↳ Saved best model (val_corr=0.127823)
2026-03-06 00:50:01,314 - INFO - Epoch  12/50 | Train: 0.176947 | Val: 0.180505 | Corr: 0.130109 | LR: 5.00e-04
2026-03-06 00:50:01,322 - INFO -   ↳ Saved best model (val_corr=0.130109)
2026-03-06 00:50:06,167 - INFO - Epoch  13/50 | Train: 0.176551 | Val: 0.180302 | Corr: 0.131750 | LR: 5.00e-04
2026-03-06 00:50:06,176 - INFO -   ↳ Saved best model (val_corr=0.131750)
2026-03-06 00:50:10,956 - INFO - Epoch  14/50 | Train: 0.176359 | Val: 0.178285 | Corr: 0.133420 | LR: 5.00e-04
2026-03-06 00:50:10,967 - INFO -   ↳ Saved best model (val_corr=0.133420)
2026-03-06 00:50:15,857 - INFO - Epoch  15/50 | Train: 0.176136 | Val: 0.179079 | Corr: 0.135254 | LR: 5.00e-04
2026-03-06 00:50:15,864 - INFO -   ↳ Saved best model (val_corr=0.135254)
2026-03-06 00:50:20,900 - INFO - Epoch  16/50 | Train: 0.175967 | Val: 0.181590 | Corr: 0.137299 | LR: 5.00e-04
2026-03-06 00:50:20,911 - INFO -   ↳ Saved best model (val_corr=0.137299)
2026-03-06 00:50:25,721 - INFO - Epoch  17/50 | Train: 0.175753 | Val: 0.178217 | Corr: 0.136728 | LR: 5.00e-04
2026-03-06 00:50:30,493 - INFO - Epoch  18/50 | Train: 0.175487 | Val: 0.178544 | Corr: 0.138223 | LR: 5.00e-04
2026-03-06 00:50:30,501 - INFO -   ↳ Saved best model (val_corr=0.138223)
2026-03-06 00:50:35,486 - INFO - Epoch  19/50 | Train: 0.175363 | Val: 0.177492 | Corr: 0.138601 | LR: 5.00e-04
2026-03-06 00:50:35,497 - INFO -   ↳ Saved best model (val_corr=0.138601)
2026-03-06 00:50:40,394 - INFO - Epoch  20/50 | Train: 0.175218 | Val: 0.177414 | Corr: 0.139849 | LR: 5.00e-04
2026-03-06 00:50:40,403 - INFO -   ↳ Saved best model (val_corr=0.139849)
2026-03-06 00:50:45,380 - INFO - Epoch  21/50 | Train: 0.175132 | Val: 0.177029 | Corr: 0.140797 | LR: 5.00e-04
2026-03-06 00:50:45,389 - INFO -   ↳ Saved best model (val_corr=0.140797)
2026-03-06 00:50:50,557 - INFO - Epoch  22/50 | Train: 0.175039 | Val: 0.178170 | Corr: 0.141645 | LR: 5.00e-04
2026-03-06 00:50:50,566 - INFO -   ↳ Saved best model (val_corr=0.141645)
2026-03-06 00:50:55,550 - INFO - Epoch  23/50 | Train: 0.174801 | Val: 0.178544 | Corr: 0.143232 | LR: 5.00e-04
2026-03-06 00:50:55,560 - INFO -   ↳ Saved best model (val_corr=0.143232)
2026-03-06 00:51:00,625 - INFO - Epoch  24/50 | Train: 0.174838 | Val: 0.178930 | Corr: 0.142593 | LR: 5.00e-04
2026-03-06 00:51:05,837 - INFO - Epoch  25/50 | Train: 0.174653 | Val: 0.178613 | Corr: 0.143726 | LR: 5.00e-04
2026-03-06 00:51:05,846 - INFO -   ↳ Saved best model (val_corr=0.143726)
2026-03-06 00:51:10,863 - INFO - Epoch  26/50 | Train: 0.174528 | Val: 0.176349 | Corr: 0.144722 | LR: 5.00e-04
2026-03-06 00:51:10,872 - INFO -   ↳ Saved best model (val_corr=0.144722)
2026-03-06 00:51:15,941 - INFO - Epoch  27/50 | Train: 0.174449 | Val: 0.176578 | Corr: 0.144379 | LR: 5.00e-04
2026-03-06 00:51:21,173 - INFO - Epoch  28/50 | Train: 0.174213 | Val: 0.177020 | Corr: 0.145608 | LR: 5.00e-04
2026-03-06 00:51:21,183 - INFO -   ↳ Saved best model (val_corr=0.145608)
2026-03-06 00:51:26,208 - INFO - Epoch  29/50 | Train: 0.174255 | Val: 0.177710 | Corr: 0.145022 | LR: 5.00e-04
2026-03-06 00:51:31,189 - INFO - Epoch  30/50 | Train: 0.174211 | Val: 0.176745 | Corr: 0.145610 | LR: 5.00e-04
2026-03-06 00:51:31,207 - INFO -   ↳ Saved best model (val_corr=0.145610)
2026-03-06 00:51:36,371 - INFO - Epoch  31/50 | Train: 0.174018 | Val: 0.177503 | Corr: 0.145689 | LR: 5.00e-04
2026-03-06 00:51:36,382 - INFO -   ↳ Saved best model (val_corr=0.145689)
2026-03-06 00:51:41,501 - INFO - Epoch  32/50 | Train: 0.173965 | Val: 0.176937 | Corr: 0.146294 | LR: 2.50e-04
2026-03-06 00:51:41,510 - INFO -   ↳ Saved best model (val_corr=0.146294)
2026-03-06 00:51:46,614 - INFO - Epoch  33/50 | Train: 0.173478 | Val: 0.177423 | Corr: 0.147120 | LR: 2.50e-04
2026-03-06 00:51:46,624 - INFO -   ↳ Saved best model (val_corr=0.147120)
2026-03-06 00:51:51,741 - INFO - Epoch  34/50 | Train: 0.173474 | Val: 0.178173 | Corr: 0.147239 | LR: 2.50e-04
2026-03-06 00:51:51,750 - INFO -   ↳ Saved best model (val_corr=0.147239)
2026-03-06 00:51:56,919 - INFO - Epoch  35/50 | Train: 0.173375 | Val: 0.177155 | Corr: 0.147268 | LR: 2.50e-04
2026-03-06 00:51:56,928 - INFO -   ↳ Saved best model (val_corr=0.147268)
2026-03-06 00:52:02,010 - INFO - Epoch  36/50 | Train: 0.173339 | Val: 0.178006 | Corr: 0.147750 | LR: 2.50e-04
2026-03-06 00:52:02,020 - INFO -   ↳ Saved best model (val_corr=0.147750)
2026-03-06 00:52:07,056 - INFO - Epoch  37/50 | Train: 0.173251 | Val: 0.177005 | Corr: 0.147313 | LR: 2.50e-04
2026-03-06 00:52:12,190 - INFO - Epoch  38/50 | Train: 0.173290 | Val: 0.177020 | Corr: 0.147453 | LR: 1.25e-04
2026-03-06 00:52:17,243 - INFO - Epoch  39/50 | Train: 0.173011 | Val: 0.177103 | Corr: 0.148012 | LR: 1.25e-04
2026-03-06 00:52:17,252 - INFO -   ↳ Saved best model (val_corr=0.148012)
2026-03-06 00:52:22,392 - INFO - Epoch  40/50 | Train: 0.172849 | Val: 0.177460 | Corr: 0.147828 | LR: 1.25e-04
2026-03-06 00:52:27,564 - INFO - Epoch  41/50 | Train: 0.172923 | Val: 0.177411 | Corr: 0.148242 | LR: 1.25e-04
2026-03-06 00:52:27,572 - INFO -   ↳ Saved best model (val_corr=0.148242)
2026-03-06 00:52:32,640 - INFO - Epoch  42/50 | Train: 0.172845 | Val: 0.177264 | Corr: 0.148141 | LR: 1.25e-04
2026-03-06 00:52:37,631 - INFO - Epoch  43/50 | Train: 0.172806 | Val: 0.176949 | Corr: 0.148186 | LR: 1.25e-04
2026-03-06 00:52:42,601 - INFO - Epoch  44/50 | Train: 0.172819 | Val: 0.177118 | Corr: 0.148202 | LR: 6.25e-05
2026-03-06 00:52:47,600 - INFO - Epoch  45/50 | Train: 0.172762 | Val: 0.177204 | Corr: 0.148149 | LR: 6.25e-05
2026-03-06 00:52:52,589 - INFO - Epoch  46/50 | Train: 0.172677 | Val: 0.177173 | Corr: 0.148271 | LR: 6.25e-05
2026-03-06 00:52:52,601 - INFO -   ↳ Saved best model (val_corr=0.148271)
2026-03-06 00:52:57,586 - INFO - Epoch  47/50 | Train: 0.172625 | Val: 0.177253 | Corr: 0.148312 | LR: 6.25e-05
2026-03-06 00:52:57,594 - INFO -   ↳ Saved best model (val_corr=0.148312)
2026-03-06 00:53:02,509 - INFO - Epoch  48/50 | Train: 0.172575 | Val: 0.177051 | Corr: 0.148215 | LR: 6.25e-05
2026-03-06 00:53:07,422 - INFO - Epoch  49/50 | Train: 0.172685 | Val: 0.177197 | Corr: 0.148407 | LR: 6.25e-05
2026-03-06 00:53:07,432 - INFO -   ↳ Saved best model (val_corr=0.148407)
2026-03-06 00:53:12,387 - INFO - Epoch  50/50 | Train: 0.172602 | Val: 0.177269 | Corr: 0.148150 | LR: 3.13e-05
2026-03-06 00:53:12,387 - INFO - Training complete — best val corr: 0.148407
2026-03-06 00:53:13,916 - INFO - Test loss: 0.168638, Test corr: 0.141836
2026-03-06 00:53:14,300 - INFO - Fraction of variance explained (FVE): 0.018853
2026-03-06 00:53:14,300 - INFO - Computing autoregressive (AR) test predictions …
2026-03-06 00:53:14,856 - INFO - AR FVE: 0.014176, AR test corr: 0.131495
2026-03-06 00:53:14,856 - INFO - Generating figures …
2026-03-06 00:53:15,346 - INFO - Correlation between predicted and actual per-neuron averages: r=0.9957, p=0.00e+00
2026-03-06 00:53:17,356 - INFO - Pattern selectivity summary:
2026-03-06 00:53:17,356 - INFO -   Mean correlation across neurons: 0.5257
2026-03-06 00:53:17,356 - INFO -   Median correlation: 0.5387
2026-03-06 00:53:17,356 - INFO -   Neurons with r > 0.5: 34 / 63
2026-03-06 00:53:17,356 - INFO -   Neurons with r > 0.3: 55 / 63
2026-03-06 00:53:17,356 - INFO - Pattern selectivity — mean neuron corr: 0.5257
2026-03-06 00:53:19,076 - INFO - LOO (avg rate) — Model mean r: 0.3572, LOO mean r: 0.4546, Neurons model > LOO: 8/63
2026-03-06 00:53:21,342 - INFO - LOO (temporal) — Model mean r: 0.1471, LOO mean r: 0.3186, Neurons model > LOO: 1/63
2026-03-06 00:53:21,343 - INFO - Skipping oracle trial plots (skip_oracle_plots=True)
2026-03-06 00:53:21,348 - INFO - Experiment complete. Summary: {
  "run_dir": "/scratch/sb272/patterns5k_results/slurm_hist_cnn_2026-03-05_16-01-45/trial_0347_learning_rate=5.0e-04_history=10_kernel_sizes=3x3_conv_channels=64x128_fc_dims=512_seed1",
  "model_type": "cnn",
  "batch_avg_test_loss": 0.16863833570480347,
  "batch_avg_test_corr": 0.1418364986610979,
  "all_test_fve": 0.018853413680243115,
  "AR_FVE": 0.01417623720471821,
  "AR_test_correlation": 0.13149507343769073,
  "best_val_corr": 0.1484071059646138,
  "total_params": 143679,
  "trainable_params": 143679,
  "epochs_trained": 50,
  "mean_pattern_corr": 0.5256945092889016,
  "history": 10,
  "init_state": true,
  "loo_avg_mean_corr": 0.45456832695830385,
  "model_avg_mean_corr": 0.35723963897140754,
  "neurons_model_beats_loo_avg": 8,
  "loo_temporal_mean_corr": 0.31855225563049316,
  "all_test_corr": 0.1471100002527237,
  "neurons_model_beats_loo_temporal": 1,
  "kernel_sizes": [
    3,
    3
  ],
  "conv_channels": [
    64,
    128
  ],
  "fc_dims": [
    512
  ]
}
