2026-03-05 20:54:00,404 - INFO - ============================================================
2026-03-05 20:54:00,404 - INFO - Experiment run directory: /scratch/sb272/patterns5k_results/slurm_hist_cnn_2026-03-05_16-01-45/trial_0146_learning_rate=1.0e-04_history=20_kernel_sizes=3x3x3_conv_channels=128x128x128_fc_dims=256_seed1
2026-03-05 20:54:00,404 - INFO - ============================================================
2026-03-05 20:54:00,404 - INFO - Loading data …
2026-03-05 20:54:02,231 - INFO - 63 unique neurons after dropping problematic neurons
2026-03-05 20:54:03,226 - INFO - Stimulation channels: 42, Spiking neurons: 63
2026-03-05 20:55:27,500 - INFO - Unique patterns: 4050, Total trials: 5000
2026-03-05 20:55:27,502 - INFO - Stimulation channels: 42, Spiking neurons: 63
2026-03-05 20:55:27,502 - INFO - Unique patterns: 4050, Total trials: 5000
2026-03-05 20:55:27,515 - INFO - Split (oracle): train=3400, val=600, test=1000
2026-03-05 20:55:43,314 - INFO - BinnedStimSpikeDataset initialized:
2026-03-05 20:55:43,314 - INFO -   input_bin_size_ms=10, output_bin_size_ms=10
2026-03-05 20:55:43,314 - INFO -   n_input_bins=60, n_output_bins=60
2026-03-05 20:55:43,314 - INFO -   output_offset=0, total_bins_input=60, total_bins_output=60
2026-03-05 20:55:43,314 - INFO -   Valid start positions per trial: 0 to 0
2026-03-05 20:55:43,314 - INFO -   Total samples: 3400 (3400 trials × 1 positions)
2026-03-05 20:55:58,500 - INFO - BinnedStimSpikeDataset initialized:
2026-03-05 20:55:58,500 - INFO -   input_bin_size_ms=10, output_bin_size_ms=10
2026-03-05 20:55:58,500 - INFO -   n_input_bins=60, n_output_bins=60
2026-03-05 20:55:58,500 - INFO -   output_offset=0, total_bins_input=60, total_bins_output=60
2026-03-05 20:55:58,500 - INFO -   Valid start positions per trial: 0 to 0
2026-03-05 20:55:58,500 - INFO -   Total samples: 600 (600 trials × 1 positions)
2026-03-05 20:56:13,774 - INFO - BinnedStimSpikeDataset initialized:
2026-03-05 20:56:13,774 - INFO -   input_bin_size_ms=10, output_bin_size_ms=10
2026-03-05 20:56:13,774 - INFO -   n_input_bins=60, n_output_bins=60
2026-03-05 20:56:13,774 - INFO -   output_offset=0, total_bins_input=60, total_bins_output=60
2026-03-05 20:56:13,774 - INFO -   Valid start positions per trial: 0 to 0
2026-03-05 20:56:13,774 - INFO -   Total samples: 1000 (1000 trials × 1 positions)
2026-03-05 20:56:13,775 - INFO - Samples — train: 3400, val: 600, test: 1000
2026-03-05 20:56:13,775 - INFO - Input channels: 105, Neurons: 63
2026-03-05 20:56:13,795 - INFO - Using CPU
2026-03-05 20:56:13,799 - INFO - Model: CNN — 188,991 trainable params (188,991 total)
2026-03-05 20:56:18,315 - INFO - Starting training …
2026-03-05 20:56:23,650 - INFO - Epoch   1/50 | Train: 0.444861 | Val: 0.195347 | Corr: 0.060123 | LR: 1.00e-04
2026-03-05 20:56:23,666 - INFO -   ↳ Saved best model (val_corr=0.060123)
2026-03-05 20:56:28,108 - INFO - Epoch   2/50 | Train: 0.188468 | Val: 0.184483 | Corr: 0.072806 | LR: 1.00e-04
2026-03-05 20:56:28,119 - INFO -   ↳ Saved best model (val_corr=0.072806)
2026-03-05 20:56:32,606 - INFO - Epoch   3/50 | Train: 0.185832 | Val: 0.183024 | Corr: 0.077774 | LR: 1.00e-04
2026-03-05 20:56:32,619 - INFO -   ↳ Saved best model (val_corr=0.077774)
2026-03-05 20:56:36,946 - INFO - Epoch   4/50 | Train: 0.184975 | Val: 0.182396 | Corr: 0.081289 | LR: 1.00e-04
2026-03-05 20:56:36,958 - INFO -   ↳ Saved best model (val_corr=0.081289)
2026-03-05 20:56:41,232 - INFO - Epoch   5/50 | Train: 0.184259 | Val: 0.182127 | Corr: 0.084110 | LR: 1.00e-04
2026-03-05 20:56:41,274 - INFO -   ↳ Saved best model (val_corr=0.084110)
2026-03-05 20:56:45,674 - INFO - Epoch   6/50 | Train: 0.183776 | Val: 0.181621 | Corr: 0.086804 | LR: 1.00e-04
2026-03-05 20:56:45,687 - INFO -   ↳ Saved best model (val_corr=0.086804)
2026-03-05 20:56:50,085 - INFO - Epoch   7/50 | Train: 0.183406 | Val: 0.181670 | Corr: 0.088407 | LR: 1.00e-04
2026-03-05 20:56:50,099 - INFO -   ↳ Saved best model (val_corr=0.088407)
2026-03-05 20:56:54,510 - INFO - Epoch   8/50 | Train: 0.183059 | Val: 0.181169 | Corr: 0.090403 | LR: 1.00e-04
2026-03-05 20:56:54,524 - INFO -   ↳ Saved best model (val_corr=0.090403)
2026-03-05 20:56:58,933 - INFO - Epoch   9/50 | Train: 0.182700 | Val: 0.180996 | Corr: 0.094132 | LR: 1.00e-04
2026-03-05 20:56:58,994 - INFO -   ↳ Saved best model (val_corr=0.094132)
2026-03-05 20:57:03,329 - INFO - Epoch  10/50 | Train: 0.182354 | Val: 0.180733 | Corr: 0.095179 | LR: 1.00e-04
2026-03-05 20:57:03,341 - INFO -   ↳ Saved best model (val_corr=0.095179)
2026-03-05 20:57:07,627 - INFO - Epoch  11/50 | Train: 0.182017 | Val: 0.180881 | Corr: 0.095562 | LR: 1.00e-04
2026-03-05 20:57:07,640 - INFO -   ↳ Saved best model (val_corr=0.095562)
2026-03-05 20:57:11,967 - INFO - Epoch  12/50 | Train: 0.181674 | Val: 0.180422 | Corr: 0.098705 | LR: 1.00e-04
2026-03-05 20:57:11,979 - INFO -   ↳ Saved best model (val_corr=0.098705)
2026-03-05 20:57:16,331 - INFO - Epoch  13/50 | Train: 0.181444 | Val: 0.180091 | Corr: 0.101670 | LR: 1.00e-04
2026-03-05 20:57:16,348 - INFO -   ↳ Saved best model (val_corr=0.101670)
2026-03-05 20:57:20,637 - INFO - Epoch  14/50 | Train: 0.181002 | Val: 0.180072 | Corr: 0.102156 | LR: 1.00e-04
2026-03-05 20:57:20,650 - INFO -   ↳ Saved best model (val_corr=0.102156)
2026-03-05 20:57:24,986 - INFO - Epoch  15/50 | Train: 0.180690 | Val: 0.179970 | Corr: 0.103528 | LR: 1.00e-04
2026-03-05 20:57:25,000 - INFO -   ↳ Saved best model (val_corr=0.103528)
2026-03-05 20:57:29,392 - INFO - Epoch  16/50 | Train: 0.180448 | Val: 0.179709 | Corr: 0.106033 | LR: 1.00e-04
2026-03-05 20:57:29,405 - INFO -   ↳ Saved best model (val_corr=0.106033)
2026-03-05 20:57:33,817 - INFO - Epoch  17/50 | Train: 0.180235 | Val: 0.179680 | Corr: 0.106891 | LR: 1.00e-04
2026-03-05 20:57:33,831 - INFO -   ↳ Saved best model (val_corr=0.106891)
2026-03-05 20:57:38,187 - INFO - Epoch  18/50 | Train: 0.179945 | Val: 0.179342 | Corr: 0.109214 | LR: 1.00e-04
2026-03-05 20:57:38,200 - INFO -   ↳ Saved best model (val_corr=0.109214)
2026-03-05 20:57:42,491 - INFO - Epoch  19/50 | Train: 0.179643 | Val: 0.179258 | Corr: 0.110169 | LR: 1.00e-04
2026-03-05 20:57:42,503 - INFO -   ↳ Saved best model (val_corr=0.110169)
2026-03-05 20:57:46,856 - INFO - Epoch  20/50 | Train: 0.179456 | Val: 0.179164 | Corr: 0.111887 | LR: 1.00e-04
2026-03-05 20:57:46,871 - INFO -   ↳ Saved best model (val_corr=0.111887)
2026-03-05 20:57:51,299 - INFO - Epoch  21/50 | Train: 0.179168 | Val: 0.178923 | Corr: 0.113973 | LR: 1.00e-04
2026-03-05 20:57:51,313 - INFO -   ↳ Saved best model (val_corr=0.113973)
2026-03-05 20:57:55,738 - INFO - Epoch  22/50 | Train: 0.179009 | Val: 0.179148 | Corr: 0.112888 | LR: 1.00e-04
2026-03-05 20:58:00,010 - INFO - Epoch  23/50 | Train: 0.178766 | Val: 0.178755 | Corr: 0.115848 | LR: 1.00e-04
2026-03-05 20:58:00,022 - INFO -   ↳ Saved best model (val_corr=0.115848)
2026-03-05 20:58:04,305 - INFO - Epoch  24/50 | Train: 0.178559 | Val: 0.178667 | Corr: 0.115945 | LR: 1.00e-04
2026-03-05 20:58:04,316 - INFO -   ↳ Saved best model (val_corr=0.115945)
2026-03-05 20:58:08,700 - INFO - Epoch  25/50 | Train: 0.178284 | Val: 0.178461 | Corr: 0.118326 | LR: 1.00e-04
2026-03-05 20:58:08,714 - INFO -   ↳ Saved best model (val_corr=0.118326)
2026-03-05 20:58:13,078 - INFO - Epoch  26/50 | Train: 0.178066 | Val: 0.178401 | Corr: 0.119022 | LR: 1.00e-04
2026-03-05 20:58:13,092 - INFO -   ↳ Saved best model (val_corr=0.119022)
2026-03-05 20:58:17,343 - INFO - Epoch  27/50 | Train: 0.177942 | Val: 0.178262 | Corr: 0.120694 | LR: 1.00e-04
2026-03-05 20:58:17,357 - INFO -   ↳ Saved best model (val_corr=0.120694)
2026-03-05 20:58:21,564 - INFO - Epoch  28/50 | Train: 0.177738 | Val: 0.178179 | Corr: 0.121559 | LR: 1.00e-04
2026-03-05 20:58:21,578 - INFO -   ↳ Saved best model (val_corr=0.121559)
2026-03-05 20:58:25,794 - INFO - Epoch  29/50 | Train: 0.177583 | Val: 0.178176 | Corr: 0.121868 | LR: 1.00e-04
2026-03-05 20:58:25,815 - INFO -   ↳ Saved best model (val_corr=0.121868)
2026-03-05 20:58:30,016 - INFO - Epoch  30/50 | Train: 0.177466 | Val: 0.178218 | Corr: 0.121962 | LR: 1.00e-04
2026-03-05 20:58:30,028 - INFO -   ↳ Saved best model (val_corr=0.121962)
2026-03-05 20:58:34,347 - INFO - Epoch  31/50 | Train: 0.177294 | Val: 0.177946 | Corr: 0.124084 | LR: 1.00e-04
2026-03-05 20:58:34,358 - INFO -   ↳ Saved best model (val_corr=0.124084)
2026-03-05 20:58:38,541 - INFO - Epoch  32/50 | Train: 0.177060 | Val: 0.177899 | Corr: 0.125108 | LR: 1.00e-04
2026-03-05 20:58:38,552 - INFO -   ↳ Saved best model (val_corr=0.125108)
2026-03-05 20:58:42,778 - INFO - Epoch  33/50 | Train: 0.176857 | Val: 0.177818 | Corr: 0.125614 | LR: 1.00e-04
2026-03-05 20:58:42,802 - INFO -   ↳ Saved best model (val_corr=0.125614)
2026-03-05 20:58:47,010 - INFO - Epoch  34/50 | Train: 0.176709 | Val: 0.177880 | Corr: 0.126006 | LR: 1.00e-04
2026-03-05 20:58:47,024 - INFO -   ↳ Saved best model (val_corr=0.126006)
2026-03-05 20:58:51,280 - INFO - Epoch  35/50 | Train: 0.176674 | Val: 0.177729 | Corr: 0.126800 | LR: 1.00e-04
2026-03-05 20:58:51,292 - INFO -   ↳ Saved best model (val_corr=0.126800)
2026-03-05 20:58:55,687 - INFO - Epoch  36/50 | Train: 0.176472 | Val: 0.177855 | Corr: 0.127399 | LR: 1.00e-04
2026-03-05 20:58:55,701 - INFO -   ↳ Saved best model (val_corr=0.127399)
2026-03-05 20:58:59,879 - INFO - Epoch  37/50 | Train: 0.176274 | Val: 0.177778 | Corr: 0.126888 | LR: 1.00e-04
2026-03-05 20:59:04,063 - INFO - Epoch  38/50 | Train: 0.176188 | Val: 0.177563 | Corr: 0.128756 | LR: 1.00e-04
2026-03-05 20:59:04,076 - INFO -   ↳ Saved best model (val_corr=0.128756)
2026-03-05 20:59:08,213 - INFO - Epoch  39/50 | Train: 0.176102 | Val: 0.177555 | Corr: 0.128935 | LR: 1.00e-04
2026-03-05 20:59:08,226 - INFO -   ↳ Saved best model (val_corr=0.128935)
2026-03-05 20:59:12,378 - INFO - Epoch  40/50 | Train: 0.175972 | Val: 0.177528 | Corr: 0.130185 | LR: 1.00e-04
2026-03-05 20:59:12,390 - INFO -   ↳ Saved best model (val_corr=0.130185)
2026-03-05 20:59:16,543 - INFO - Epoch  41/50 | Train: 0.175875 | Val: 0.177445 | Corr: 0.129911 | LR: 1.00e-04
2026-03-05 20:59:20,872 - INFO - Epoch  42/50 | Train: 0.175656 | Val: 0.177442 | Corr: 0.130264 | LR: 1.00e-04
2026-03-05 20:59:20,889 - INFO -   ↳ Saved best model (val_corr=0.130264)
2026-03-05 20:59:25,048 - INFO - Epoch  43/50 | Train: 0.175612 | Val: 0.177386 | Corr: 0.131213 | LR: 1.00e-04
2026-03-05 20:59:25,086 - INFO -   ↳ Saved best model (val_corr=0.131213)
2026-03-05 20:59:29,337 - INFO - Epoch  44/50 | Train: 0.175378 | Val: 0.177482 | Corr: 0.131586 | LR: 1.00e-04
2026-03-05 20:59:29,351 - INFO -   ↳ Saved best model (val_corr=0.131586)
2026-03-05 20:59:33,474 - INFO - Epoch  45/50 | Train: 0.175333 | Val: 0.177226 | Corr: 0.132238 | LR: 1.00e-04
2026-03-05 20:59:33,489 - INFO -   ↳ Saved best model (val_corr=0.132238)
2026-03-05 20:59:37,684 - INFO - Epoch  46/50 | Train: 0.175242 | Val: 0.177341 | Corr: 0.132298 | LR: 1.00e-04
2026-03-05 20:59:37,696 - INFO -   ↳ Saved best model (val_corr=0.132298)
2026-03-05 20:59:41,891 - INFO - Epoch  47/50 | Train: 0.175111 | Val: 0.177225 | Corr: 0.132624 | LR: 1.00e-04
2026-03-05 20:59:41,903 - INFO -   ↳ Saved best model (val_corr=0.132624)
2026-03-05 20:59:46,258 - INFO - Epoch  48/50 | Train: 0.174973 | Val: 0.177240 | Corr: 0.133652 | LR: 1.00e-04
2026-03-05 20:59:46,270 - INFO -   ↳ Saved best model (val_corr=0.133652)
2026-03-05 20:59:50,476 - INFO - Epoch  49/50 | Train: 0.174894 | Val: 0.177160 | Corr: 0.133659 | LR: 1.00e-04
2026-03-05 20:59:50,490 - INFO -   ↳ Saved best model (val_corr=0.133659)
2026-03-05 20:59:54,806 - INFO - Epoch  50/50 | Train: 0.174747 | Val: 0.177089 | Corr: 0.134478 | LR: 1.00e-04
2026-03-05 20:59:54,818 - INFO -   ↳ Saved best model (val_corr=0.134478)
2026-03-05 20:59:54,819 - INFO - Training complete — best val corr: 0.134478
2026-03-05 20:59:55,998 - INFO - Test loss: 0.168303, Test corr: 0.128093
2026-03-05 20:59:56,307 - INFO - Fraction of variance explained (FVE): 0.020756
2026-03-05 20:59:56,307 - INFO - Computing autoregressive (AR) test predictions …
2026-03-05 20:59:56,745 - INFO - AR FVE: 0.018387, AR test corr: 0.124128
2026-03-05 20:59:56,745 - INFO - Generating figures …
2026-03-05 20:59:57,150 - INFO - Correlation between predicted and actual per-neuron averages: r=0.9934, p=0.00e+00
2026-03-05 20:59:58,818 - INFO - Pattern selectivity summary:
2026-03-05 20:59:58,818 - INFO -   Mean correlation across neurons: 0.4905
2026-03-05 20:59:58,818 - INFO -   Median correlation: 0.5007
2026-03-05 20:59:58,818 - INFO -   Neurons with r > 0.5: 32 / 63
2026-03-05 20:59:58,818 - INFO -   Neurons with r > 0.3: 53 / 63
2026-03-05 20:59:58,818 - INFO - Pattern selectivity — mean neuron corr: 0.4905
2026-03-05 21:00:00,089 - INFO - LOO (avg rate) — Model mean r: 0.3462, LOO mean r: 0.4546, Neurons model > LOO: 9/63
2026-03-05 21:00:01,931 - INFO - LOO (temporal) — Model mean r: 0.1328, LOO mean r: 0.3186, Neurons model > LOO: 0/63
2026-03-05 21:00:01,931 - INFO - Skipping oracle trial plots (skip_oracle_plots=True)
2026-03-05 21:00:01,937 - INFO - Experiment complete. Summary: {
  "run_dir": "/scratch/sb272/patterns5k_results/slurm_hist_cnn_2026-03-05_16-01-45/trial_0146_learning_rate=1.0e-04_history=20_kernel_sizes=3x3x3_conv_channels=128x128x128_fc_dims=256_seed1",
  "model_type": "cnn",
  "batch_avg_test_loss": 0.1683030025959015,
  "batch_avg_test_corr": 0.1280926696130611,
  "all_test_fve": 0.020755581439487518,
  "AR_FVE": 0.018386612808893598,
  "AR_test_correlation": 0.12412812560796738,
  "best_val_corr": 0.13447768089422987,
  "total_params": 188991,
  "trainable_params": 188991,
  "epochs_trained": 50,
  "mean_pattern_corr": 0.4905323413958115,
  "history": 20,
  "init_state": true,
  "loo_avg_mean_corr": 0.45456832695830385,
  "model_avg_mean_corr": 0.3461807694390074,
  "neurons_model_beats_loo_avg": 9,
  "loo_temporal_mean_corr": 0.31855225563049316,
  "all_test_corr": 0.1328056901693344,
  "neurons_model_beats_loo_temporal": 0,
  "kernel_sizes": [
    3,
    3,
    3
  ],
  "conv_channels": [
    128,
    128,
    128
  ],
  "fc_dims": [
    256
  ]
}
