2026-03-05 16:45:54,282 - INFO - ============================================================
2026-03-05 16:45:54,282 - INFO - Experiment run directory: /scratch/sb272/patterns5k_results/slurm_hist_cnn_2026-03-05_16-01-45/trial_0026_learning_rate=1.0e-04_history=2_kernel_sizes=3x3x3_conv_channels=128x128x128_fc_dims=256_seed1
2026-03-05 16:45:54,282 - INFO - ============================================================
2026-03-05 16:45:54,282 - INFO - Loading data …
2026-03-05 16:45:55,319 - INFO - 63 unique neurons after dropping problematic neurons
2026-03-05 16:45:56,736 - INFO - Stimulation channels: 42, Spiking neurons: 63
2026-03-05 16:48:17,600 - INFO - Unique patterns: 4050, Total trials: 5000
2026-03-05 16:48:17,601 - INFO - Stimulation channels: 42, Spiking neurons: 63
2026-03-05 16:48:17,601 - INFO - Unique patterns: 4050, Total trials: 5000
2026-03-05 16:48:17,620 - INFO - Split (oracle): train=3400, val=600, test=1000
2026-03-05 16:48:43,925 - INFO - BinnedStimSpikeDataset initialized:
2026-03-05 16:48:43,926 - INFO -   input_bin_size_ms=10, output_bin_size_ms=10
2026-03-05 16:48:43,926 - INFO -   n_input_bins=60, n_output_bins=60
2026-03-05 16:48:43,926 - INFO -   output_offset=0, total_bins_input=60, total_bins_output=60
2026-03-05 16:48:43,926 - INFO -   Valid start positions per trial: 0 to 0
2026-03-05 16:48:43,926 - INFO -   Total samples: 3400 (3400 trials × 1 positions)
2026-03-05 16:49:05,688 - INFO - BinnedStimSpikeDataset initialized:
2026-03-05 16:49:05,688 - INFO -   input_bin_size_ms=10, output_bin_size_ms=10
2026-03-05 16:49:05,688 - INFO -   n_input_bins=60, n_output_bins=60
2026-03-05 16:49:05,688 - INFO -   output_offset=0, total_bins_input=60, total_bins_output=60
2026-03-05 16:49:05,688 - INFO -   Valid start positions per trial: 0 to 0
2026-03-05 16:49:05,688 - INFO -   Total samples: 600 (600 trials × 1 positions)
2026-03-05 16:49:27,521 - INFO - BinnedStimSpikeDataset initialized:
2026-03-05 16:49:27,521 - INFO -   input_bin_size_ms=10, output_bin_size_ms=10
2026-03-05 16:49:27,521 - INFO -   n_input_bins=60, n_output_bins=60
2026-03-05 16:49:27,521 - INFO -   output_offset=0, total_bins_input=60, total_bins_output=60
2026-03-05 16:49:27,521 - INFO -   Valid start positions per trial: 0 to 0
2026-03-05 16:49:27,522 - INFO -   Total samples: 1000 (1000 trials × 1 positions)
2026-03-05 16:49:27,522 - INFO - Samples — train: 3400, val: 600, test: 1000
2026-03-05 16:49:27,522 - INFO - Input channels: 105, Neurons: 63
2026-03-05 16:49:27,528 - INFO - Using CPU
2026-03-05 16:49:27,533 - INFO - Model: CNN — 188,991 trainable params (188,991 total)
2026-03-05 16:49:31,054 - INFO - Starting training …
2026-03-05 16:49:39,268 - INFO - Epoch   1/50 | Train: 0.453552 | Val: 0.191959 | Corr: 0.074438 | LR: 1.00e-04
2026-03-05 16:49:39,282 - INFO -   ↳ Saved best model (val_corr=0.074438)
2026-03-05 16:49:45,968 - INFO - Epoch   2/50 | Train: 0.185564 | Val: 0.179818 | Corr: 0.112201 | LR: 1.00e-04
2026-03-05 16:49:45,980 - INFO -   ↳ Saved best model (val_corr=0.112201)
2026-03-05 16:49:52,664 - INFO - Epoch   3/50 | Train: 0.181158 | Val: 0.177381 | Corr: 0.128614 | LR: 1.00e-04
2026-03-05 16:49:52,675 - INFO -   ↳ Saved best model (val_corr=0.128614)
2026-03-05 16:49:59,370 - INFO - Epoch   4/50 | Train: 0.179296 | Val: 0.175971 | Corr: 0.138336 | LR: 1.00e-04
2026-03-05 16:49:59,382 - INFO -   ↳ Saved best model (val_corr=0.138336)
2026-03-05 16:50:06,071 - INFO - Epoch   5/50 | Train: 0.177887 | Val: 0.174622 | Corr: 0.145041 | LR: 1.00e-04
2026-03-05 16:50:06,086 - INFO -   ↳ Saved best model (val_corr=0.145041)
2026-03-05 16:50:12,705 - INFO - Epoch   6/50 | Train: 0.176870 | Val: 0.174140 | Corr: 0.149191 | LR: 1.00e-04
2026-03-05 16:50:12,718 - INFO -   ↳ Saved best model (val_corr=0.149191)
2026-03-05 16:50:19,329 - INFO - Epoch   7/50 | Train: 0.175907 | Val: 0.173198 | Corr: 0.154306 | LR: 1.00e-04
2026-03-05 16:50:19,347 - INFO -   ↳ Saved best model (val_corr=0.154306)
2026-03-05 16:50:25,979 - INFO - Epoch   8/50 | Train: 0.175059 | Val: 0.172590 | Corr: 0.158258 | LR: 1.00e-04
2026-03-05 16:50:25,990 - INFO -   ↳ Saved best model (val_corr=0.158258)
2026-03-05 16:50:32,616 - INFO - Epoch   9/50 | Train: 0.174287 | Val: 0.171972 | Corr: 0.162626 | LR: 1.00e-04
2026-03-05 16:50:32,632 - INFO -   ↳ Saved best model (val_corr=0.162626)
2026-03-05 16:50:39,288 - INFO - Epoch  10/50 | Train: 0.173647 | Val: 0.171441 | Corr: 0.166232 | LR: 1.00e-04
2026-03-05 16:50:39,302 - INFO -   ↳ Saved best model (val_corr=0.166232)
2026-03-05 16:50:45,929 - INFO - Epoch  11/50 | Train: 0.173007 | Val: 0.171063 | Corr: 0.168829 | LR: 1.00e-04
2026-03-05 16:50:45,941 - INFO -   ↳ Saved best model (val_corr=0.168829)
2026-03-05 16:50:52,570 - INFO - Epoch  12/50 | Train: 0.172479 | Val: 0.170518 | Corr: 0.172507 | LR: 1.00e-04
2026-03-05 16:50:52,591 - INFO -   ↳ Saved best model (val_corr=0.172507)
2026-03-05 16:50:59,226 - INFO - Epoch  13/50 | Train: 0.171840 | Val: 0.170160 | Corr: 0.174732 | LR: 1.00e-04
2026-03-05 16:50:59,244 - INFO -   ↳ Saved best model (val_corr=0.174732)
2026-03-05 16:51:05,890 - INFO - Epoch  14/50 | Train: 0.171592 | Val: 0.169839 | Corr: 0.176960 | LR: 1.00e-04
2026-03-05 16:51:05,906 - INFO -   ↳ Saved best model (val_corr=0.176960)
2026-03-05 16:51:12,559 - INFO - Epoch  15/50 | Train: 0.171102 | Val: 0.169686 | Corr: 0.178432 | LR: 1.00e-04
2026-03-05 16:51:12,576 - INFO -   ↳ Saved best model (val_corr=0.178432)
2026-03-05 16:51:19,162 - INFO - Epoch  16/50 | Train: 0.170666 | Val: 0.169215 | Corr: 0.180995 | LR: 1.00e-04
2026-03-05 16:51:19,206 - INFO -   ↳ Saved best model (val_corr=0.180995)
2026-03-05 16:51:25,828 - INFO - Epoch  17/50 | Train: 0.170344 | Val: 0.169052 | Corr: 0.183789 | LR: 1.00e-04
2026-03-05 16:51:25,839 - INFO -   ↳ Saved best model (val_corr=0.183789)
2026-03-05 16:51:32,447 - INFO - Epoch  18/50 | Train: 0.169995 | Val: 0.168879 | Corr: 0.185447 | LR: 1.00e-04
2026-03-05 16:51:32,459 - INFO -   ↳ Saved best model (val_corr=0.185447)
2026-03-05 16:51:39,104 - INFO - Epoch  19/50 | Train: 0.169756 | Val: 0.168440 | Corr: 0.186954 | LR: 1.00e-04
2026-03-05 16:51:39,118 - INFO -   ↳ Saved best model (val_corr=0.186954)
2026-03-05 16:51:45,760 - INFO - Epoch  20/50 | Train: 0.169421 | Val: 0.168201 | Corr: 0.189431 | LR: 1.00e-04
2026-03-05 16:51:45,775 - INFO -   ↳ Saved best model (val_corr=0.189431)
2026-03-05 16:51:52,405 - INFO - Epoch  21/50 | Train: 0.169110 | Val: 0.168381 | Corr: 0.189081 | LR: 1.00e-04
2026-03-05 16:51:59,031 - INFO - Epoch  22/50 | Train: 0.168785 | Val: 0.167998 | Corr: 0.192317 | LR: 1.00e-04
2026-03-05 16:51:59,045 - INFO -   ↳ Saved best model (val_corr=0.192317)
2026-03-05 16:52:05,677 - INFO - Epoch  23/50 | Train: 0.168601 | Val: 0.167561 | Corr: 0.194397 | LR: 1.00e-04
2026-03-05 16:52:05,686 - INFO -   ↳ Saved best model (val_corr=0.194397)
2026-03-05 16:52:12,324 - INFO - Epoch  24/50 | Train: 0.168333 | Val: 0.167311 | Corr: 0.196352 | LR: 1.00e-04
2026-03-05 16:52:12,336 - INFO -   ↳ Saved best model (val_corr=0.196352)
2026-03-05 16:52:18,972 - INFO - Epoch  25/50 | Train: 0.168030 | Val: 0.167343 | Corr: 0.197885 | LR: 1.00e-04
2026-03-05 16:52:18,985 - INFO -   ↳ Saved best model (val_corr=0.197885)
2026-03-05 16:52:25,605 - INFO - Epoch  26/50 | Train: 0.167728 | Val: 0.167078 | Corr: 0.200479 | LR: 1.00e-04
2026-03-05 16:52:25,617 - INFO -   ↳ Saved best model (val_corr=0.200479)
2026-03-05 16:52:32,240 - INFO - Epoch  27/50 | Train: 0.167448 | Val: 0.166607 | Corr: 0.201888 | LR: 1.00e-04
2026-03-05 16:52:32,253 - INFO -   ↳ Saved best model (val_corr=0.201888)
2026-03-05 16:52:38,866 - INFO - Epoch  28/50 | Train: 0.167228 | Val: 0.166537 | Corr: 0.203493 | LR: 1.00e-04
2026-03-05 16:52:38,876 - INFO -   ↳ Saved best model (val_corr=0.203493)
2026-03-05 16:52:45,516 - INFO - Epoch  29/50 | Train: 0.167026 | Val: 0.166097 | Corr: 0.205934 | LR: 1.00e-04
2026-03-05 16:52:45,528 - INFO -   ↳ Saved best model (val_corr=0.205934)
2026-03-05 16:52:52,165 - INFO - Epoch  30/50 | Train: 0.166753 | Val: 0.166262 | Corr: 0.207819 | LR: 1.00e-04
2026-03-05 16:52:52,181 - INFO -   ↳ Saved best model (val_corr=0.207819)
2026-03-05 16:52:58,809 - INFO - Epoch  31/50 | Train: 0.166503 | Val: 0.165880 | Corr: 0.208613 | LR: 1.00e-04
2026-03-05 16:52:58,821 - INFO -   ↳ Saved best model (val_corr=0.208613)
2026-03-05 16:53:05,454 - INFO - Epoch  32/50 | Train: 0.166331 | Val: 0.165872 | Corr: 0.210611 | LR: 1.00e-04
2026-03-05 16:53:05,464 - INFO -   ↳ Saved best model (val_corr=0.210611)
2026-03-05 16:53:12,097 - INFO - Epoch  33/50 | Train: 0.166066 | Val: 0.165502 | Corr: 0.212704 | LR: 1.00e-04
2026-03-05 16:53:12,109 - INFO -   ↳ Saved best model (val_corr=0.212704)
2026-03-05 16:53:18,774 - INFO - Epoch  34/50 | Train: 0.165834 | Val: 0.165152 | Corr: 0.214710 | LR: 1.00e-04
2026-03-05 16:53:18,795 - INFO -   ↳ Saved best model (val_corr=0.214710)
2026-03-05 16:53:25,453 - INFO - Epoch  35/50 | Train: 0.165661 | Val: 0.165365 | Corr: 0.215369 | LR: 1.00e-04
2026-03-05 16:53:25,464 - INFO -   ↳ Saved best model (val_corr=0.215369)
2026-03-05 16:53:32,091 - INFO - Epoch  36/50 | Train: 0.165433 | Val: 0.165143 | Corr: 0.217113 | LR: 1.00e-04
2026-03-05 16:53:32,102 - INFO -   ↳ Saved best model (val_corr=0.217113)
2026-03-05 16:53:38,734 - INFO - Epoch  37/50 | Train: 0.165251 | Val: 0.164765 | Corr: 0.218943 | LR: 1.00e-04
2026-03-05 16:53:38,745 - INFO -   ↳ Saved best model (val_corr=0.218943)
2026-03-05 16:53:45,359 - INFO - Epoch  38/50 | Train: 0.165161 | Val: 0.164598 | Corr: 0.219604 | LR: 1.00e-04
2026-03-05 16:53:45,373 - INFO -   ↳ Saved best model (val_corr=0.219604)
2026-03-05 16:53:51,999 - INFO - Epoch  39/50 | Train: 0.164925 | Val: 0.164371 | Corr: 0.221556 | LR: 1.00e-04
2026-03-05 16:53:52,013 - INFO -   ↳ Saved best model (val_corr=0.221556)
2026-03-05 16:53:58,668 - INFO - Epoch  40/50 | Train: 0.164764 | Val: 0.164372 | Corr: 0.222888 | LR: 1.00e-04
2026-03-05 16:53:58,680 - INFO -   ↳ Saved best model (val_corr=0.222888)
2026-03-05 16:54:05,304 - INFO - Epoch  41/50 | Train: 0.164640 | Val: 0.164418 | Corr: 0.223297 | LR: 1.00e-04
2026-03-05 16:54:05,317 - INFO -   ↳ Saved best model (val_corr=0.223297)
2026-03-05 16:54:11,954 - INFO - Epoch  42/50 | Train: 0.164416 | Val: 0.164336 | Corr: 0.224799 | LR: 1.00e-04
2026-03-05 16:54:11,966 - INFO -   ↳ Saved best model (val_corr=0.224799)
2026-03-05 16:54:18,592 - INFO - Epoch  43/50 | Train: 0.164332 | Val: 0.164035 | Corr: 0.226043 | LR: 1.00e-04
2026-03-05 16:54:18,610 - INFO -   ↳ Saved best model (val_corr=0.226043)
2026-03-05 16:54:25,241 - INFO - Epoch  44/50 | Train: 0.164201 | Val: 0.163936 | Corr: 0.226787 | LR: 1.00e-04
2026-03-05 16:54:25,252 - INFO -   ↳ Saved best model (val_corr=0.226787)
2026-03-05 16:54:31,900 - INFO - Epoch  45/50 | Train: 0.164077 | Val: 0.163739 | Corr: 0.227855 | LR: 1.00e-04
2026-03-05 16:54:31,912 - INFO -   ↳ Saved best model (val_corr=0.227855)
2026-03-05 16:54:38,543 - INFO - Epoch  46/50 | Train: 0.163962 | Val: 0.163553 | Corr: 0.229012 | LR: 1.00e-04
2026-03-05 16:54:38,582 - INFO -   ↳ Saved best model (val_corr=0.229012)
2026-03-05 16:54:45,208 - INFO - Epoch  47/50 | Train: 0.163781 | Val: 0.163736 | Corr: 0.229287 | LR: 1.00e-04
2026-03-05 16:54:45,220 - INFO -   ↳ Saved best model (val_corr=0.229287)
2026-03-05 16:54:51,851 - INFO - Epoch  48/50 | Train: 0.163582 | Val: 0.163740 | Corr: 0.229280 | LR: 1.00e-04
2026-03-05 16:54:58,511 - INFO - Epoch  49/50 | Train: 0.163499 | Val: 0.163534 | Corr: 0.230723 | LR: 1.00e-04
2026-03-05 16:54:58,523 - INFO -   ↳ Saved best model (val_corr=0.230723)
2026-03-05 16:55:05,204 - INFO - Epoch  50/50 | Train: 0.163390 | Val: 0.163897 | Corr: 0.230882 | LR: 1.00e-04
2026-03-05 16:55:05,217 - INFO -   ↳ Saved best model (val_corr=0.230882)
2026-03-05 16:55:05,217 - INFO - Training complete — best val corr: 0.230882
2026-03-05 16:55:06,803 - INFO - Test loss: 0.155105, Test corr: 0.224241
2026-03-05 16:55:07,313 - INFO - Fraction of variance explained (FVE): 0.061306
2026-03-05 16:55:07,313 - INFO - Computing autoregressive (AR) test predictions …
2026-03-05 16:55:07,974 - INFO - AR FVE: -0.004203, AR test corr: 0.074699
2026-03-05 16:55:07,974 - INFO - Generating figures …
2026-03-05 16:55:08,525 - INFO - Correlation between predicted and actual per-neuron averages: r=0.9953, p=0.00e+00
2026-03-05 16:55:10,669 - INFO - Pattern selectivity summary:
2026-03-05 16:55:10,669 - INFO -   Mean correlation across neurons: 0.6742
2026-03-05 16:55:10,669 - INFO -   Median correlation: 0.7269
2026-03-05 16:55:10,669 - INFO -   Neurons with r > 0.5: 53 / 63
2026-03-05 16:55:10,669 - INFO -   Neurons with r > 0.3: 61 / 63
2026-03-05 16:55:10,669 - INFO - Pattern selectivity — mean neuron corr: 0.6742
2026-03-05 16:55:12,368 - INFO - LOO (avg rate) — Model mean r: 0.5492, LOO mean r: 0.4546, Neurons model > LOO: 47/63
2026-03-05 16:55:14,772 - INFO - LOO (temporal) — Model mean r: 0.2329, LOO mean r: 0.3186, Neurons model > LOO: 7/63
2026-03-05 16:55:14,773 - INFO - Skipping oracle trial plots (skip_oracle_plots=True)
2026-03-05 16:55:14,783 - INFO - Experiment complete. Summary: {
  "run_dir": "/scratch/sb272/patterns5k_results/slurm_hist_cnn_2026-03-05_16-01-45/trial_0026_learning_rate=1.0e-04_history=2_kernel_sizes=3x3x3_conv_channels=128x128x128_fc_dims=256_seed1",
  "model_type": "cnn",
  "batch_avg_test_loss": 0.15510512113571168,
  "batch_avg_test_corr": 0.22424073668621775,
  "all_test_fve": 0.06130600354028127,
  "AR_FVE": -0.004203370639256069,
  "AR_test_correlation": 0.0746987983584404,
  "best_val_corr": 0.23088175834433428,
  "total_params": 188991,
  "trainable_params": 188991,
  "epochs_trained": 50,
  "mean_pattern_corr": 0.6741717413900687,
  "history": 2,
  "init_state": true,
  "loo_avg_mean_corr": 0.45456832695830385,
  "model_avg_mean_corr": 0.5491620023292675,
  "neurons_model_beats_loo_avg": 47,
  "loo_temporal_mean_corr": 0.31855225563049316,
  "all_test_corr": 0.2328726351261139,
  "neurons_model_beats_loo_temporal": 7,
  "kernel_sizes": [
    3,
    3,
    3
  ],
  "conv_channels": [
    128,
    128,
    128
  ],
  "fc_dims": [
    256
  ]
}
