2026-03-05 23:57:00,776 - INFO - ============================================================
2026-03-05 23:57:00,776 - INFO - Experiment run directory: /scratch/sb272/patterns5k_results/slurm_hist_cnn_2026-03-05_16-01-45/trial_0244_learning_rate=5.0e-04_history=2_kernel_sizes=5x3_conv_channels=128x256_fc_dims=512_seed1
2026-03-05 23:57:00,776 - INFO - ============================================================
2026-03-05 23:57:00,776 - INFO - Loading data …
2026-03-05 23:57:01,925 - INFO - 63 unique neurons after dropping problematic neurons
2026-03-05 23:57:03,462 - INFO - Stimulation channels: 42, Spiking neurons: 63
2026-03-05 23:59:38,229 - INFO - Unique patterns: 4050, Total trials: 5000
2026-03-05 23:59:38,230 - INFO - Stimulation channels: 42, Spiking neurons: 63
2026-03-05 23:59:38,231 - INFO - Unique patterns: 4050, Total trials: 5000
2026-03-05 23:59:38,252 - INFO - Split (oracle): train=3400, val=600, test=1000
2026-03-06 00:00:12,416 - INFO - BinnedStimSpikeDataset initialized:
2026-03-06 00:00:12,417 - INFO -   input_bin_size_ms=10, output_bin_size_ms=10
2026-03-06 00:00:12,417 - INFO -   n_input_bins=60, n_output_bins=60
2026-03-06 00:00:12,417 - INFO -   output_offset=0, total_bins_input=60, total_bins_output=60
2026-03-06 00:00:12,417 - INFO -   Valid start positions per trial: 0 to 0
2026-03-06 00:00:12,417 - INFO -   Total samples: 3400 (3400 trials × 1 positions)
2026-03-06 00:00:44,703 - INFO - BinnedStimSpikeDataset initialized:
2026-03-06 00:00:44,704 - INFO -   input_bin_size_ms=10, output_bin_size_ms=10
2026-03-06 00:00:44,704 - INFO -   n_input_bins=60, n_output_bins=60
2026-03-06 00:00:44,704 - INFO -   output_offset=0, total_bins_input=60, total_bins_output=60
2026-03-06 00:00:44,704 - INFO -   Valid start positions per trial: 0 to 0
2026-03-06 00:00:44,704 - INFO -   Total samples: 600 (600 trials × 1 positions)
2026-03-06 00:01:18,112 - INFO - BinnedStimSpikeDataset initialized:
2026-03-06 00:01:18,112 - INFO -   input_bin_size_ms=10, output_bin_size_ms=10
2026-03-06 00:01:18,112 - INFO -   n_input_bins=60, n_output_bins=60
2026-03-06 00:01:18,112 - INFO -   output_offset=0, total_bins_input=60, total_bins_output=60
2026-03-06 00:01:18,112 - INFO -   Valid start positions per trial: 0 to 0
2026-03-06 00:01:18,112 - INFO -   Total samples: 1000 (1000 trials × 1 positions)
2026-03-06 00:01:18,112 - INFO - Samples — train: 3400, val: 600, test: 1000
2026-03-06 00:01:18,112 - INFO - Input channels: 105, Neurons: 63
2026-03-06 00:01:18,134 - INFO - Using CPU
2026-03-06 00:01:18,141 - INFO - Model: CNN — 330,559 trainable params (330,559 total)
2026-03-06 00:01:21,654 - INFO - Starting training …
2026-03-06 00:01:33,658 - INFO - Epoch   1/50 | Train: 0.212162 | Val: 0.181696 | Corr: 0.144174 | LR: 5.00e-04
2026-03-06 00:01:33,674 - INFO -   ↳ Saved best model (val_corr=0.144174)
2026-03-06 00:01:44,413 - INFO - Epoch   2/50 | Train: 0.174259 | Val: 0.177635 | Corr: 0.167672 | LR: 5.00e-04
2026-03-06 00:01:44,425 - INFO -   ↳ Saved best model (val_corr=0.167672)
2026-03-06 00:01:55,184 - INFO - Epoch   3/50 | Train: 0.171191 | Val: 0.170755 | Corr: 0.182793 | LR: 5.00e-04
2026-03-06 00:01:55,198 - INFO -   ↳ Saved best model (val_corr=0.182793)
2026-03-06 00:02:05,087 - INFO - Epoch   4/50 | Train: 0.169158 | Val: 0.173159 | Corr: 0.196989 | LR: 5.00e-04
2026-03-06 00:02:05,100 - INFO -   ↳ Saved best model (val_corr=0.196989)
2026-03-06 00:02:15,213 - INFO - Epoch   5/50 | Train: 0.167491 | Val: 0.169792 | Corr: 0.208540 | LR: 5.00e-04
2026-03-06 00:02:15,229 - INFO -   ↳ Saved best model (val_corr=0.208540)
2026-03-06 00:02:25,772 - INFO - Epoch   6/50 | Train: 0.166240 | Val: 0.169883 | Corr: 0.217195 | LR: 5.00e-04
2026-03-06 00:02:25,788 - INFO -   ↳ Saved best model (val_corr=0.217195)
2026-03-06 00:02:36,038 - INFO - Epoch   7/50 | Train: 0.165031 | Val: 0.168616 | Corr: 0.224813 | LR: 5.00e-04
2026-03-06 00:02:36,053 - INFO -   ↳ Saved best model (val_corr=0.224813)
2026-03-06 00:02:46,681 - INFO - Epoch   8/50 | Train: 0.164378 | Val: 0.170300 | Corr: 0.228349 | LR: 5.00e-04
2026-03-06 00:02:46,697 - INFO -   ↳ Saved best model (val_corr=0.228349)
2026-03-06 00:02:57,498 - INFO - Epoch   9/50 | Train: 0.163627 | Val: 0.168607 | Corr: 0.232757 | LR: 5.00e-04
2026-03-06 00:02:57,512 - INFO -   ↳ Saved best model (val_corr=0.232757)
2026-03-06 00:03:08,215 - INFO - Epoch  10/50 | Train: 0.163003 | Val: 0.170714 | Corr: 0.234763 | LR: 5.00e-04
2026-03-06 00:03:08,230 - INFO -   ↳ Saved best model (val_corr=0.234763)
2026-03-06 00:03:19,039 - INFO - Epoch  11/50 | Train: 0.162587 | Val: 0.167768 | Corr: 0.238024 | LR: 5.00e-04
2026-03-06 00:03:19,054 - INFO -   ↳ Saved best model (val_corr=0.238024)
2026-03-06 00:03:29,438 - INFO - Epoch  12/50 | Train: 0.162098 | Val: 0.163657 | Corr: 0.241210 | LR: 5.00e-04
2026-03-06 00:03:29,452 - INFO -   ↳ Saved best model (val_corr=0.241210)
2026-03-06 00:03:39,242 - INFO - Epoch  13/50 | Train: 0.161655 | Val: 0.164460 | Corr: 0.244257 | LR: 5.00e-04
2026-03-06 00:03:39,259 - INFO -   ↳ Saved best model (val_corr=0.244257)
2026-03-06 00:03:49,735 - INFO - Epoch  14/50 | Train: 0.161197 | Val: 0.164067 | Corr: 0.244697 | LR: 5.00e-04
2026-03-06 00:03:49,753 - INFO -   ↳ Saved best model (val_corr=0.244697)
2026-03-06 00:04:00,044 - INFO - Epoch  15/50 | Train: 0.160948 | Val: 0.164432 | Corr: 0.247210 | LR: 5.00e-04
2026-03-06 00:04:00,059 - INFO -   ↳ Saved best model (val_corr=0.247210)
2026-03-06 00:04:10,591 - INFO - Epoch  16/50 | Train: 0.160577 | Val: 0.164824 | Corr: 0.248573 | LR: 5.00e-04
2026-03-06 00:04:10,606 - INFO -   ↳ Saved best model (val_corr=0.248573)
2026-03-06 00:04:21,423 - INFO - Epoch  17/50 | Train: 0.160393 | Val: 0.167930 | Corr: 0.248813 | LR: 5.00e-04
2026-03-06 00:04:21,437 - INFO -   ↳ Saved best model (val_corr=0.248813)
2026-03-06 00:04:32,200 - INFO - Epoch  18/50 | Train: 0.159996 | Val: 0.163769 | Corr: 0.251352 | LR: 2.50e-04
2026-03-06 00:04:32,214 - INFO -   ↳ Saved best model (val_corr=0.251352)
2026-03-06 00:04:43,002 - INFO - Epoch  19/50 | Train: 0.159174 | Val: 0.164575 | Corr: 0.251239 | LR: 2.50e-04
2026-03-06 00:04:53,489 - INFO - Epoch  20/50 | Train: 0.158837 | Val: 0.163486 | Corr: 0.253040 | LR: 2.50e-04
2026-03-06 00:04:53,504 - INFO -   ↳ Saved best model (val_corr=0.253040)
2026-03-06 00:05:03,107 - INFO - Epoch  21/50 | Train: 0.158808 | Val: 0.164422 | Corr: 0.253309 | LR: 2.50e-04
2026-03-06 00:05:03,122 - INFO -   ↳ Saved best model (val_corr=0.253309)
2026-03-06 00:05:13,671 - INFO - Epoch  22/50 | Train: 0.158666 | Val: 0.164959 | Corr: 0.254040 | LR: 2.50e-04
2026-03-06 00:05:13,688 - INFO -   ↳ Saved best model (val_corr=0.254040)
2026-03-06 00:05:24,053 - INFO - Epoch  23/50 | Train: 0.158480 | Val: 0.162832 | Corr: 0.253773 | LR: 2.50e-04
2026-03-06 00:05:34,292 - INFO - Epoch  24/50 | Train: 0.158449 | Val: 0.165480 | Corr: 0.254238 | LR: 2.50e-04
2026-03-06 00:05:34,306 - INFO -   ↳ Saved best model (val_corr=0.254238)
2026-03-06 00:05:45,131 - INFO - Epoch  25/50 | Train: 0.158337 | Val: 0.164948 | Corr: 0.254922 | LR: 2.50e-04
2026-03-06 00:05:45,145 - INFO -   ↳ Saved best model (val_corr=0.254922)
2026-03-06 00:05:56,078 - INFO - Epoch  26/50 | Train: 0.158180 | Val: 0.164018 | Corr: 0.254946 | LR: 2.50e-04
2026-03-06 00:05:56,093 - INFO -   ↳ Saved best model (val_corr=0.254946)
2026-03-06 00:06:06,838 - INFO - Epoch  27/50 | Train: 0.158110 | Val: 0.163997 | Corr: 0.252459 | LR: 2.50e-04
2026-03-06 00:06:17,621 - INFO - Epoch  28/50 | Train: 0.157969 | Val: 0.165190 | Corr: 0.256553 | LR: 2.50e-04
2026-03-06 00:06:17,637 - INFO -   ↳ Saved best model (val_corr=0.256553)
2026-03-06 00:06:28,439 - INFO - Epoch  29/50 | Train: 0.157950 | Val: 0.162852 | Corr: 0.256250 | LR: 1.25e-04
2026-03-06 00:06:38,306 - INFO - Epoch  30/50 | Train: 0.157384 | Val: 0.163483 | Corr: 0.257094 | LR: 1.25e-04
2026-03-06 00:06:38,319 - INFO -   ↳ Saved best model (val_corr=0.257094)
2026-03-06 00:06:47,925 - INFO - Epoch  31/50 | Train: 0.157197 | Val: 0.163052 | Corr: 0.256853 | LR: 1.25e-04
2026-03-06 00:06:58,407 - INFO - Epoch  32/50 | Train: 0.157198 | Val: 0.164139 | Corr: 0.256892 | LR: 1.25e-04
2026-03-06 00:07:08,753 - INFO - Epoch  33/50 | Train: 0.157049 | Val: 0.162890 | Corr: 0.257366 | LR: 1.25e-04
2026-03-06 00:07:08,767 - INFO -   ↳ Saved best model (val_corr=0.257366)
2026-03-06 00:07:19,031 - INFO - Epoch  34/50 | Train: 0.157030 | Val: 0.162806 | Corr: 0.257873 | LR: 1.25e-04
2026-03-06 00:07:19,045 - INFO -   ↳ Saved best model (val_corr=0.257873)
2026-03-06 00:07:29,842 - INFO - Epoch  35/50 | Train: 0.157060 | Val: 0.163631 | Corr: 0.257250 | LR: 1.25e-04
2026-03-06 00:07:40,762 - INFO - Epoch  36/50 | Train: 0.156863 | Val: 0.163497 | Corr: 0.257017 | LR: 1.25e-04
2026-03-06 00:07:51,485 - INFO - Epoch  37/50 | Train: 0.156956 | Val: 0.164768 | Corr: 0.254756 | LR: 1.25e-04
2026-03-06 00:08:02,340 - INFO - Epoch  38/50 | Train: 0.156942 | Val: 0.164405 | Corr: 0.257898 | LR: 1.25e-04
2026-03-06 00:08:02,363 - INFO -   ↳ Saved best model (val_corr=0.257898)
2026-03-06 00:08:13,262 - INFO - Epoch  39/50 | Train: 0.156715 | Val: 0.163075 | Corr: 0.258195 | LR: 1.25e-04
2026-03-06 00:08:13,278 - INFO -   ↳ Saved best model (val_corr=0.258195)
2026-03-06 00:08:23,662 - INFO - Epoch  40/50 | Train: 0.156748 | Val: 0.163810 | Corr: 0.257889 | LR: 6.25e-05
2026-03-06 00:08:32,544 - INFO - Epoch  41/50 | Train: 0.156508 | Val: 0.163644 | Corr: 0.258143 | LR: 6.25e-05
2026-03-06 00:08:42,823 - INFO - Epoch  42/50 | Train: 0.156483 | Val: 0.163072 | Corr: 0.258698 | LR: 6.25e-05
2026-03-06 00:08:42,843 - INFO -   ↳ Saved best model (val_corr=0.258698)
2026-03-06 00:08:53,509 - INFO - Epoch  43/50 | Train: 0.156366 | Val: 0.163778 | Corr: 0.256890 | LR: 6.25e-05
2026-03-06 00:09:03,793 - INFO - Epoch  44/50 | Train: 0.156382 | Val: 0.163459 | Corr: 0.258165 | LR: 6.25e-05
2026-03-06 00:09:14,311 - INFO - Epoch  45/50 | Train: 0.156427 | Val: 0.163305 | Corr: 0.258967 | LR: 6.25e-05
2026-03-06 00:09:14,331 - INFO -   ↳ Saved best model (val_corr=0.258967)
2026-03-06 00:09:25,249 - INFO - Epoch  46/50 | Train: 0.156359 | Val: 0.163050 | Corr: 0.258747 | LR: 3.13e-05
2026-03-06 00:09:36,041 - INFO - Epoch  47/50 | Train: 0.156249 | Val: 0.163345 | Corr: 0.257865 | LR: 3.13e-05
2026-03-06 00:09:46,799 - INFO - Epoch  48/50 | Train: 0.156154 | Val: 0.163430 | Corr: 0.257729 | LR: 3.13e-05
2026-03-06 00:09:57,585 - INFO - Epoch  49/50 | Train: 0.156185 | Val: 0.163890 | Corr: 0.256614 | LR: 3.13e-05
2026-03-06 00:10:07,965 - INFO - Epoch  50/50 | Train: 0.156259 | Val: 0.164297 | Corr: 0.257580 | LR: 3.13e-05
2026-03-06 00:10:07,965 - INFO - Training complete — best val corr: 0.258967
2026-03-06 00:10:09,884 - INFO - Test loss: 0.154803, Test corr: 0.247858
2026-03-06 00:10:10,526 - INFO - Fraction of variance explained (FVE): 0.063518
2026-03-06 00:10:10,526 - INFO - Computing autoregressive (AR) test predictions …
2026-03-06 00:10:11,448 - INFO - AR FVE: 0.002579, AR test corr: 0.093755
2026-03-06 00:10:11,448 - INFO - Generating figures …
2026-03-06 00:10:12,026 - INFO - Correlation between predicted and actual per-neuron averages: r=0.9967, p=0.00e+00
2026-03-06 00:10:14,525 - INFO - Pattern selectivity summary:
2026-03-06 00:10:14,526 - INFO -   Mean correlation across neurons: 0.7539
2026-03-06 00:10:14,526 - INFO -   Median correlation: 0.7871
2026-03-06 00:10:14,526 - INFO -   Neurons with r > 0.5: 57 / 63
2026-03-06 00:10:14,526 - INFO -   Neurons with r > 0.3: 63 / 63
2026-03-06 00:10:14,526 - INFO - Pattern selectivity — mean neuron corr: 0.7539
2026-03-06 00:10:16,627 - INFO - LOO (avg rate) — Model mean r: 0.6242, LOO mean r: 0.4546, Neurons model > LOO: 58/63
2026-03-06 00:10:19,531 - INFO - LOO (temporal) — Model mean r: 0.2587, LOO mean r: 0.3186, Neurons model > LOO: 11/63
2026-03-06 00:10:19,531 - INFO - Skipping oracle trial plots (skip_oracle_plots=True)
2026-03-06 00:10:19,539 - INFO - Experiment complete. Summary: {
  "run_dir": "/scratch/sb272/patterns5k_results/slurm_hist_cnn_2026-03-05_16-01-45/trial_0244_learning_rate=5.0e-04_history=2_kernel_sizes=5x3_conv_channels=128x256_fc_dims=512_seed1",
  "model_type": "cnn",
  "batch_avg_test_loss": 0.15480345964431763,
  "batch_avg_test_corr": 0.24785759372396152,
  "all_test_fve": 0.0635184749724373,
  "AR_FVE": 0.0025794260085575164,
  "AR_test_correlation": 0.09375488013029099,
  "best_val_corr": 0.2589670925659579,
  "total_params": 330559,
  "trainable_params": 330559,
  "epochs_trained": 50,
  "mean_pattern_corr": 0.7538694784791593,
  "history": 2,
  "init_state": true,
  "loo_avg_mean_corr": 0.45456832695830385,
  "model_avg_mean_corr": 0.6242156223152515,
  "neurons_model_beats_loo_avg": 58,
  "loo_temporal_mean_corr": 0.31855225563049316,
  "all_test_corr": 0.25870564579963684,
  "neurons_model_beats_loo_temporal": 11,
  "kernel_sizes": [
    5,
    3
  ],
  "conv_channels": [
    128,
    256
  ],
  "fc_dims": [
    512
  ]
}
