2026-03-03 21:50:36,536 - INFO - ============================================================
2026-03-03 21:50:36,536 - INFO - Experiment run directory: /scratch/sb272/patterns5k_results/slurm_hist_cnn_2026-03-03_15-13-01/trial_0122_learning_rate=5.0e-04_history=5_kernel_sizes=20_conv_channels=256_fc_dims=256_seed1
2026-03-03 21:50:36,536 - INFO - ============================================================
2026-03-03 21:50:36,536 - INFO - Loading data …
2026-03-03 21:50:37,743 - INFO - 63 unique neurons after dropping problematic neurons
2026-03-03 21:50:38,693 - INFO - Stimulation channels: 42, Spiking neurons: 63
2026-03-03 21:51:53,787 - INFO - Unique patterns: 4050, Total trials: 5000
2026-03-03 21:51:53,788 - INFO - Stimulation channels: 42, Spiking neurons: 63
2026-03-03 21:51:53,788 - INFO - Unique patterns: 4050, Total trials: 5000
2026-03-03 21:51:53,800 - INFO - Split (oracle): train=3400, val=600, test=1000
2026-03-03 21:52:07,990 - INFO - BinnedStimSpikeDataset initialized:
2026-03-03 21:52:07,990 - INFO -   input_bin_size_ms=10, output_bin_size_ms=10
2026-03-03 21:52:07,990 - INFO -   n_input_bins=60, n_output_bins=60
2026-03-03 21:52:07,990 - INFO -   output_offset=0, total_bins_input=60, total_bins_output=60
2026-03-03 21:52:07,990 - INFO -   Valid start positions per trial: 0 to 0
2026-03-03 21:52:07,990 - INFO -   Total samples: 3400 (3400 trials × 1 positions)
2026-03-03 21:52:21,667 - INFO - BinnedStimSpikeDataset initialized:
2026-03-03 21:52:21,667 - INFO -   input_bin_size_ms=10, output_bin_size_ms=10
2026-03-03 21:52:21,667 - INFO -   n_input_bins=60, n_output_bins=60
2026-03-03 21:52:21,667 - INFO -   output_offset=0, total_bins_input=60, total_bins_output=60
2026-03-03 21:52:21,667 - INFO -   Valid start positions per trial: 0 to 0
2026-03-03 21:52:21,667 - INFO -   Total samples: 600 (600 trials × 1 positions)
2026-03-03 21:52:35,441 - INFO - BinnedStimSpikeDataset initialized:
2026-03-03 21:52:35,441 - INFO -   input_bin_size_ms=10, output_bin_size_ms=10
2026-03-03 21:52:35,441 - INFO -   n_input_bins=60, n_output_bins=60
2026-03-03 21:52:35,441 - INFO -   output_offset=0, total_bins_input=60, total_bins_output=60
2026-03-03 21:52:35,441 - INFO -   Valid start positions per trial: 0 to 0
2026-03-03 21:52:35,441 - INFO -   Total samples: 1000 (1000 trials × 1 positions)
2026-03-03 21:52:35,442 - INFO - Samples — train: 3400, val: 600, test: 1000
2026-03-03 21:52:35,442 - INFO - Input channels: 105, Neurons: 63
2026-03-03 21:52:35,448 - INFO - Using CPU
2026-03-03 21:52:35,466 - INFO - Model: CNN — 620,351 trainable params (620,351 total)
2026-03-03 21:52:39,263 - INFO - Starting training …
2026-03-03 21:52:46,786 - INFO - Epoch   1/50 | Train: 0.234911 | Val: 0.186885 | Corr: 0.059987 | LR: 5.00e-04
2026-03-03 21:52:46,809 - INFO -   ↳ Saved best model (val_corr=0.059987)
2026-03-03 21:52:53,734 - INFO - Epoch   2/50 | Train: 0.183934 | Val: 0.184669 | Corr: 0.077360 | LR: 5.00e-04
2026-03-03 21:52:53,751 - INFO -   ↳ Saved best model (val_corr=0.077360)
2026-03-03 21:53:00,646 - INFO - Epoch   3/50 | Train: 0.180536 | Val: 0.183426 | Corr: 0.086764 | LR: 5.00e-04
2026-03-03 21:53:00,661 - INFO -   ↳ Saved best model (val_corr=0.086764)
2026-03-03 21:53:07,553 - INFO - Epoch   4/50 | Train: 0.178424 | Val: 0.182490 | Corr: 0.093401 | LR: 5.00e-04
2026-03-03 21:53:07,569 - INFO -   ↳ Saved best model (val_corr=0.093401)
2026-03-03 21:53:14,434 - INFO - Epoch   5/50 | Train: 0.176679 | Val: 0.181848 | Corr: 0.099810 | LR: 5.00e-04
2026-03-03 21:53:14,452 - INFO -   ↳ Saved best model (val_corr=0.099810)
2026-03-03 21:53:21,339 - INFO - Epoch   6/50 | Train: 0.175264 | Val: 0.181595 | Corr: 0.104418 | LR: 5.00e-04
2026-03-03 21:53:21,356 - INFO -   ↳ Saved best model (val_corr=0.104418)
2026-03-03 21:53:28,311 - INFO - Epoch   7/50 | Train: 0.173851 | Val: 0.180906 | Corr: 0.107935 | LR: 5.00e-04
2026-03-03 21:53:28,333 - INFO -   ↳ Saved best model (val_corr=0.107935)
2026-03-03 21:53:35,276 - INFO - Epoch   8/50 | Train: 0.172689 | Val: 0.180735 | Corr: 0.112587 | LR: 5.00e-04
2026-03-03 21:53:35,297 - INFO -   ↳ Saved best model (val_corr=0.112587)
2026-03-03 21:53:42,235 - INFO - Epoch   9/50 | Train: 0.171573 | Val: 0.180288 | Corr: 0.114346 | LR: 5.00e-04
2026-03-03 21:53:42,261 - INFO -   ↳ Saved best model (val_corr=0.114346)
2026-03-03 21:53:49,183 - INFO - Epoch  10/50 | Train: 0.170548 | Val: 0.180267 | Corr: 0.117530 | LR: 5.00e-04
2026-03-03 21:53:49,215 - INFO -   ↳ Saved best model (val_corr=0.117530)
2026-03-03 21:53:56,085 - INFO - Epoch  11/50 | Train: 0.169451 | Val: 0.180229 | Corr: 0.121762 | LR: 5.00e-04
2026-03-03 21:53:56,107 - INFO -   ↳ Saved best model (val_corr=0.121762)
2026-03-03 21:54:02,999 - INFO - Epoch  12/50 | Train: 0.168464 | Val: 0.180404 | Corr: 0.122256 | LR: 5.00e-04
2026-03-03 21:54:03,017 - INFO -   ↳ Saved best model (val_corr=0.122256)
2026-03-03 21:54:09,804 - INFO - Epoch  13/50 | Train: 0.167320 | Val: 0.179364 | Corr: 0.124713 | LR: 5.00e-04
2026-03-03 21:54:09,819 - INFO -   ↳ Saved best model (val_corr=0.124713)
2026-03-03 21:54:16,624 - INFO - Epoch  14/50 | Train: 0.166508 | Val: 0.180207 | Corr: 0.126737 | LR: 5.00e-04
2026-03-03 21:54:16,646 - INFO -   ↳ Saved best model (val_corr=0.126737)
2026-03-03 21:54:23,545 - INFO - Epoch  15/50 | Train: 0.165782 | Val: 0.179886 | Corr: 0.124556 | LR: 5.00e-04
2026-03-03 21:54:30,469 - INFO - Epoch  16/50 | Train: 0.165013 | Val: 0.180035 | Corr: 0.127365 | LR: 5.00e-04
2026-03-03 21:54:30,486 - INFO -   ↳ Saved best model (val_corr=0.127365)
2026-03-03 21:54:37,398 - INFO - Epoch  17/50 | Train: 0.164143 | Val: 0.180094 | Corr: 0.126909 | LR: 5.00e-04
2026-03-03 21:54:44,276 - INFO - Epoch  18/50 | Train: 0.163538 | Val: 0.180748 | Corr: 0.127728 | LR: 5.00e-04
2026-03-03 21:54:44,293 - INFO -   ↳ Saved best model (val_corr=0.127728)
2026-03-03 21:54:51,246 - INFO - Epoch  19/50 | Train: 0.162709 | Val: 0.180955 | Corr: 0.127241 | LR: 2.50e-04
2026-03-03 21:54:58,192 - INFO - Epoch  20/50 | Train: 0.160589 | Val: 0.180433 | Corr: 0.130165 | LR: 2.50e-04
2026-03-03 21:54:58,231 - INFO -   ↳ Saved best model (val_corr=0.130165)
2026-03-03 21:55:05,140 - INFO - Epoch  21/50 | Train: 0.159982 | Val: 0.180703 | Corr: 0.130315 | LR: 2.50e-04
2026-03-03 21:55:05,162 - INFO -   ↳ Saved best model (val_corr=0.130315)
2026-03-03 21:55:12,072 - INFO - Epoch  22/50 | Train: 0.159448 | Val: 0.181064 | Corr: 0.129587 | LR: 2.50e-04
2026-03-03 21:55:19,029 - INFO - Epoch  23/50 | Train: 0.159168 | Val: 0.181117 | Corr: 0.129597 | LR: 2.50e-04
2026-03-03 21:55:26,013 - INFO - Epoch  24/50 | Train: 0.158737 | Val: 0.181783 | Corr: 0.128777 | LR: 2.50e-04
2026-03-03 21:55:32,973 - INFO - Epoch  25/50 | Train: 0.158512 | Val: 0.182325 | Corr: 0.128211 | LR: 1.25e-04
2026-03-03 21:55:39,806 - INFO - Epoch  26/50 | Train: 0.157334 | Val: 0.181736 | Corr: 0.128908 | LR: 1.25e-04
2026-03-03 21:55:46,748 - INFO - Epoch  27/50 | Train: 0.157047 | Val: 0.181902 | Corr: 0.129432 | LR: 1.25e-04
2026-03-03 21:55:53,556 - INFO - Epoch  28/50 | Train: 0.156815 | Val: 0.182076 | Corr: 0.129204 | LR: 1.25e-04
2026-03-03 21:56:00,415 - INFO - Epoch  29/50 | Train: 0.156600 | Val: 0.182559 | Corr: 0.128949 | LR: 1.25e-04
2026-03-03 21:56:07,169 - INFO - Epoch  30/50 | Train: 0.156374 | Val: 0.182521 | Corr: 0.129116 | LR: 1.25e-04
2026-03-03 21:56:13,905 - INFO - Epoch  31/50 | Train: 0.156311 | Val: 0.182364 | Corr: 0.128680 | LR: 6.25e-05
2026-03-03 21:56:13,905 - INFO - Early stopping at epoch 31
2026-03-03 21:56:13,905 - INFO - Training complete — best val corr: 0.130315
2026-03-03 21:56:15,515 - INFO - Test loss: 0.170104, Test corr: 0.128244
2026-03-03 21:56:16,221 - INFO - Fraction of variance explained (FVE): 0.018102
2026-03-03 21:56:16,221 - INFO - Computing autoregressive (AR) test predictions …
2026-03-03 21:56:16,989 - INFO - AR FVE: 0.007767, AR test corr: 0.106209
2026-03-03 21:56:16,989 - INFO - Generating figures …
2026-03-03 21:56:17,375 - INFO - Correlation between predicted and actual per-neuron averages: r=0.9793, p=4.76e-44
2026-03-03 21:56:19,173 - INFO - Pattern selectivity summary:
2026-03-03 21:56:19,173 - INFO -   Mean correlation across neurons: 0.5402
2026-03-03 21:56:19,173 - INFO -   Median correlation: 0.5404
2026-03-03 21:56:19,173 - INFO -   Neurons with r > 0.5: 37 / 63
2026-03-03 21:56:19,173 - INFO -   Neurons with r > 0.3: 57 / 63
2026-03-03 21:56:19,173 - INFO - Pattern selectivity — mean neuron corr: 0.5402
2026-03-03 21:56:20,631 - INFO - LOO (avg rate) — Model mean r: 0.4319, LOO mean r: 0.4546, Neurons model > LOO: 19/63
2026-03-03 21:56:22,502 - INFO - LOO (temporal) — Model mean r: 0.1394, LOO mean r: 0.3186, Neurons model > LOO: 2/63
2026-03-03 21:56:22,502 - INFO - Skipping oracle trial plots (skip_oracle_plots=True)
2026-03-03 21:56:22,510 - INFO - Experiment complete. Summary: {
  "run_dir": "/scratch/sb272/patterns5k_results/slurm_hist_cnn_2026-03-03_15-13-01/trial_0122_learning_rate=5.0e-04_history=5_kernel_sizes=20_conv_channels=256_fc_dims=256_seed1",
  "model_type": "cnn",
  "batch_avg_test_loss": 0.1701037300825119,
  "batch_avg_test_corr": 0.12824438778411915,
  "all_test_fve": 0.018101536092304048,
  "AR_FVE": 0.007767343331897069,
  "AR_test_correlation": 0.10620885342359543,
  "best_val_corr": 0.13031455730179028,
  "total_params": 620351,
  "trainable_params": 620351,
  "epochs_trained": 31,
  "mean_pattern_corr": 0.5402004847439061,
  "history": 5,
  "init_state": true,
  "loo_avg_mean_corr": 0.45456832695830385,
  "model_avg_mean_corr": 0.43192814832916754,
  "neurons_model_beats_loo_avg": 19,
  "loo_temporal_mean_corr": 0.31855225563049316,
  "all_test_corr": 0.1393972933292389,
  "neurons_model_beats_loo_temporal": 2,
  "kernel_sizes": [
    20
  ],
  "conv_channels": [
    256
  ],
  "fc_dims": [
    256
  ]
}
