2026-03-06 10:55:51,690 - INFO - ============================================================
2026-03-06 10:55:51,690 - INFO - Experiment run directory: /scratch/sb272/patterns5k_results/slurm_base_cnn_2026-03-06_09-50-40/trial_0036_learning_rate=1.0e-03_kernel_sizes=3x3x3_conv_channels=32x64x128_fc_dims=128_seed0
2026-03-06 10:55:51,690 - INFO - ============================================================
2026-03-06 10:55:51,691 - INFO - Loading data …
2026-03-06 10:55:52,491 - INFO - 63 unique neurons after dropping problematic neurons
2026-03-06 10:55:53,601 - INFO - Stimulation channels: 42, Spiking neurons: 63
2026-03-06 10:57:40,098 - INFO - Unique patterns: 4050, Total trials: 5000
2026-03-06 10:57:40,100 - INFO - Stimulation channels: 42, Spiking neurons: 63
2026-03-06 10:57:40,100 - INFO - Unique patterns: 4050, Total trials: 5000
2026-03-06 10:57:40,115 - INFO - Split (oracle): train=3400, val=600, test=1000
2026-03-06 10:58:02,061 - INFO - BinnedStimSpikeDataset initialized:
2026-03-06 10:58:02,063 - INFO -   input_bin_size_ms=10, output_bin_size_ms=10
2026-03-06 10:58:02,063 - INFO -   n_input_bins=60, n_output_bins=60
2026-03-06 10:58:02,063 - INFO -   output_offset=0, total_bins_input=60, total_bins_output=60
2026-03-06 10:58:02,063 - INFO -   Valid start positions per trial: 0 to 0
2026-03-06 10:58:02,063 - INFO -   Total samples: 3400 (3400 trials × 1 positions)
2026-03-06 10:58:23,366 - INFO - BinnedStimSpikeDataset initialized:
2026-03-06 10:58:23,366 - INFO -   input_bin_size_ms=10, output_bin_size_ms=10
2026-03-06 10:58:23,366 - INFO -   n_input_bins=60, n_output_bins=60
2026-03-06 10:58:23,366 - INFO -   output_offset=0, total_bins_input=60, total_bins_output=60
2026-03-06 10:58:23,366 - INFO -   Valid start positions per trial: 0 to 0
2026-03-06 10:58:23,366 - INFO -   Total samples: 600 (600 trials × 1 positions)
2026-03-06 10:58:44,780 - INFO - BinnedStimSpikeDataset initialized:
2026-03-06 10:58:44,781 - INFO -   input_bin_size_ms=10, output_bin_size_ms=10
2026-03-06 10:58:44,781 - INFO -   n_input_bins=60, n_output_bins=60
2026-03-06 10:58:44,781 - INFO -   output_offset=0, total_bins_input=60, total_bins_output=60
2026-03-06 10:58:44,781 - INFO -   Valid start positions per trial: 0 to 0
2026-03-06 10:58:44,781 - INFO -   Total samples: 1000 (1000 trials × 1 positions)
2026-03-06 10:58:44,781 - INFO - Samples — train: 3400, val: 600, test: 1000
2026-03-06 10:58:44,781 - INFO - Input channels: 42, Neurons: 63
2026-03-06 10:58:44,788 - INFO - Using CPU
2026-03-06 10:58:44,804 - INFO - Model: CNN — 60,063 trainable params (60,063 total)
2026-03-06 10:58:50,228 - INFO - Starting training …
2026-03-06 10:58:53,794 - INFO - Epoch   1/50 | Train: 0.233306 | Val: 0.184600 | Corr: 0.068158 | LR: 1.00e-03
2026-03-06 10:58:53,883 - INFO -   ↳ Saved best model (val_corr=0.068158)
2026-03-06 10:58:56,680 - INFO - Epoch   2/50 | Train: 0.184760 | Val: 0.183705 | Corr: 0.077725 | LR: 1.00e-03
2026-03-06 10:58:56,695 - INFO -   ↳ Saved best model (val_corr=0.077725)
2026-03-06 10:58:59,477 - INFO - Epoch   3/50 | Train: 0.183431 | Val: 0.182994 | Corr: 0.086557 | LR: 1.00e-03
2026-03-06 10:58:59,496 - INFO -   ↳ Saved best model (val_corr=0.086557)
2026-03-06 10:59:02,292 - INFO - Epoch   4/50 | Train: 0.182327 | Val: 0.182617 | Corr: 0.090915 | LR: 1.00e-03
2026-03-06 10:59:02,312 - INFO -   ↳ Saved best model (val_corr=0.090915)
2026-03-06 10:59:05,064 - INFO - Epoch   5/50 | Train: 0.181664 | Val: 0.182433 | Corr: 0.094309 | LR: 1.00e-03
2026-03-06 10:59:05,084 - INFO -   ↳ Saved best model (val_corr=0.094309)
2026-03-06 10:59:07,842 - INFO - Epoch   6/50 | Train: 0.181235 | Val: 0.182149 | Corr: 0.096250 | LR: 1.00e-03
2026-03-06 10:59:07,852 - INFO -   ↳ Saved best model (val_corr=0.096250)
2026-03-06 10:59:10,601 - INFO - Epoch   7/50 | Train: 0.180807 | Val: 0.181729 | Corr: 0.100756 | LR: 1.00e-03
2026-03-06 10:59:10,612 - INFO -   ↳ Saved best model (val_corr=0.100756)
2026-03-06 10:59:13,362 - INFO - Epoch   8/50 | Train: 0.180463 | Val: 0.182048 | Corr: 0.100601 | LR: 1.00e-03
2026-03-06 10:59:16,084 - INFO - Epoch   9/50 | Train: 0.180110 | Val: 0.181593 | Corr: 0.106703 | LR: 1.00e-03
2026-03-06 10:59:16,094 - INFO -   ↳ Saved best model (val_corr=0.106703)
2026-03-06 10:59:18,811 - INFO - Epoch  10/50 | Train: 0.179753 | Val: 0.181037 | Corr: 0.109688 | LR: 1.00e-03
2026-03-06 10:59:18,851 - INFO -   ↳ Saved best model (val_corr=0.109688)
2026-03-06 10:59:21,561 - INFO - Epoch  11/50 | Train: 0.179497 | Val: 0.181025 | Corr: 0.112958 | LR: 1.00e-03
2026-03-06 10:59:21,579 - INFO -   ↳ Saved best model (val_corr=0.112958)
2026-03-06 10:59:24,298 - INFO - Epoch  12/50 | Train: 0.179157 | Val: 0.180507 | Corr: 0.114353 | LR: 1.00e-03
2026-03-06 10:59:24,309 - INFO -   ↳ Saved best model (val_corr=0.114353)
2026-03-06 10:59:27,026 - INFO - Epoch  13/50 | Train: 0.178916 | Val: 0.180643 | Corr: 0.114580 | LR: 1.00e-03
2026-03-06 10:59:27,036 - INFO -   ↳ Saved best model (val_corr=0.114580)
2026-03-06 10:59:29,769 - INFO - Epoch  14/50 | Train: 0.178809 | Val: 0.180395 | Corr: 0.116669 | LR: 1.00e-03
2026-03-06 10:59:29,790 - INFO -   ↳ Saved best model (val_corr=0.116669)
2026-03-06 10:59:32,502 - INFO - Epoch  15/50 | Train: 0.178606 | Val: 0.180004 | Corr: 0.119238 | LR: 1.00e-03
2026-03-06 10:59:32,518 - INFO -   ↳ Saved best model (val_corr=0.119238)
2026-03-06 10:59:35,220 - INFO - Epoch  16/50 | Train: 0.178439 | Val: 0.180243 | Corr: 0.118983 | LR: 1.00e-03
2026-03-06 10:59:37,933 - INFO - Epoch  17/50 | Train: 0.178229 | Val: 0.180048 | Corr: 0.122300 | LR: 1.00e-03
2026-03-06 10:59:37,946 - INFO -   ↳ Saved best model (val_corr=0.122300)
2026-03-06 10:59:40,662 - INFO - Epoch  18/50 | Train: 0.178126 | Val: 0.180116 | Corr: 0.121868 | LR: 1.00e-03
2026-03-06 10:59:43,375 - INFO - Epoch  19/50 | Train: 0.177981 | Val: 0.179744 | Corr: 0.123707 | LR: 1.00e-03
2026-03-06 10:59:43,385 - INFO -   ↳ Saved best model (val_corr=0.123707)
2026-03-06 10:59:46,096 - INFO - Epoch  20/50 | Train: 0.177924 | Val: 0.179482 | Corr: 0.125114 | LR: 1.00e-03
2026-03-06 10:59:46,111 - INFO -   ↳ Saved best model (val_corr=0.125114)
2026-03-06 10:59:48,883 - INFO - Epoch  21/50 | Train: 0.177778 | Val: 0.179375 | Corr: 0.127630 | LR: 1.00e-03
2026-03-06 10:59:48,895 - INFO -   ↳ Saved best model (val_corr=0.127630)
2026-03-06 10:59:51,689 - INFO - Epoch  22/50 | Train: 0.177623 | Val: 0.179436 | Corr: 0.126140 | LR: 1.00e-03
2026-03-06 10:59:54,456 - INFO - Epoch  23/50 | Train: 0.177576 | Val: 0.179304 | Corr: 0.128773 | LR: 1.00e-03
2026-03-06 10:59:54,467 - INFO -   ↳ Saved best model (val_corr=0.128773)
2026-03-06 10:59:57,223 - INFO - Epoch  24/50 | Train: 0.177492 | Val: 0.179181 | Corr: 0.129735 | LR: 1.00e-03
2026-03-06 10:59:57,234 - INFO -   ↳ Saved best model (val_corr=0.129735)
2026-03-06 10:59:59,999 - INFO - Epoch  25/50 | Train: 0.177412 | Val: 0.179409 | Corr: 0.130958 | LR: 1.00e-03
2026-03-06 11:00:00,012 - INFO -   ↳ Saved best model (val_corr=0.130958)
2026-03-06 11:00:02,780 - INFO - Epoch  26/50 | Train: 0.177401 | Val: 0.179076 | Corr: 0.131193 | LR: 1.00e-03
2026-03-06 11:00:02,794 - INFO -   ↳ Saved best model (val_corr=0.131193)
2026-03-06 11:00:05,567 - INFO - Epoch  27/50 | Train: 0.177304 | Val: 0.178983 | Corr: 0.131510 | LR: 1.00e-03
2026-03-06 11:00:05,588 - INFO -   ↳ Saved best model (val_corr=0.131510)
2026-03-06 11:00:08,358 - INFO - Epoch  28/50 | Train: 0.177216 | Val: 0.178962 | Corr: 0.131343 | LR: 1.00e-03
2026-03-06 11:00:11,127 - INFO - Epoch  29/50 | Train: 0.177141 | Val: 0.178951 | Corr: 0.133320 | LR: 1.00e-03
2026-03-06 11:00:11,189 - INFO -   ↳ Saved best model (val_corr=0.133320)
2026-03-06 11:00:13,948 - INFO - Epoch  30/50 | Train: 0.177070 | Val: 0.178712 | Corr: 0.133546 | LR: 1.00e-03
2026-03-06 11:00:13,981 - INFO -   ↳ Saved best model (val_corr=0.133546)
2026-03-06 11:00:16,750 - INFO - Epoch  31/50 | Train: 0.176983 | Val: 0.178761 | Corr: 0.133389 | LR: 1.00e-03
2026-03-06 11:00:19,522 - INFO - Epoch  32/50 | Train: 0.177000 | Val: 0.178669 | Corr: 0.134919 | LR: 1.00e-03
2026-03-06 11:00:19,549 - INFO -   ↳ Saved best model (val_corr=0.134919)
2026-03-06 11:00:22,313 - INFO - Epoch  33/50 | Train: 0.176921 | Val: 0.178657 | Corr: 0.135252 | LR: 1.00e-03
2026-03-06 11:00:22,330 - INFO -   ↳ Saved best model (val_corr=0.135252)
2026-03-06 11:00:25,099 - INFO - Epoch  34/50 | Train: 0.176860 | Val: 0.178775 | Corr: 0.134476 | LR: 1.00e-03
2026-03-06 11:00:27,871 - INFO - Epoch  35/50 | Train: 0.176882 | Val: 0.178598 | Corr: 0.135807 | LR: 1.00e-03
2026-03-06 11:00:27,880 - INFO -   ↳ Saved best model (val_corr=0.135807)
2026-03-06 11:00:30,656 - INFO - Epoch  36/50 | Train: 0.176731 | Val: 0.178621 | Corr: 0.136903 | LR: 1.00e-03
2026-03-06 11:00:30,670 - INFO -   ↳ Saved best model (val_corr=0.136903)
2026-03-06 11:00:33,475 - INFO - Epoch  37/50 | Train: 0.176680 | Val: 0.178483 | Corr: 0.137142 | LR: 1.00e-03
2026-03-06 11:00:33,487 - INFO -   ↳ Saved best model (val_corr=0.137142)
2026-03-06 11:00:36,264 - INFO - Epoch  38/50 | Train: 0.176652 | Val: 0.178728 | Corr: 0.135342 | LR: 1.00e-03
2026-03-06 11:00:39,067 - INFO - Epoch  39/50 | Train: 0.176619 | Val: 0.178391 | Corr: 0.137510 | LR: 1.00e-03
2026-03-06 11:00:39,075 - INFO -   ↳ Saved best model (val_corr=0.137510)
2026-03-06 11:00:41,862 - INFO - Epoch  40/50 | Train: 0.176528 | Val: 0.178534 | Corr: 0.138075 | LR: 1.00e-03
2026-03-06 11:00:41,876 - INFO -   ↳ Saved best model (val_corr=0.138075)
2026-03-06 11:00:44,641 - INFO - Epoch  41/50 | Train: 0.176533 | Val: 0.178521 | Corr: 0.137510 | LR: 1.00e-03
2026-03-06 11:00:47,403 - INFO - Epoch  42/50 | Train: 0.176490 | Val: 0.178264 | Corr: 0.138968 | LR: 1.00e-03
2026-03-06 11:00:47,422 - INFO -   ↳ Saved best model (val_corr=0.138968)
2026-03-06 11:00:50,209 - INFO - Epoch  43/50 | Train: 0.176427 | Val: 0.178368 | Corr: 0.137796 | LR: 1.00e-03
2026-03-06 11:00:52,969 - INFO - Epoch  44/50 | Train: 0.176380 | Val: 0.178365 | Corr: 0.138371 | LR: 1.00e-03
2026-03-06 11:00:55,742 - INFO - Epoch  45/50 | Train: 0.176313 | Val: 0.178462 | Corr: 0.138932 | LR: 1.00e-03
2026-03-06 11:00:58,508 - INFO - Epoch  46/50 | Train: 0.176383 | Val: 0.178324 | Corr: 0.139333 | LR: 1.00e-03
2026-03-06 11:00:58,529 - INFO -   ↳ Saved best model (val_corr=0.139333)
2026-03-06 11:01:01,302 - INFO - Epoch  47/50 | Train: 0.176324 | Val: 0.178376 | Corr: 0.138998 | LR: 1.00e-03
2026-03-06 11:01:04,125 - INFO - Epoch  48/50 | Train: 0.176264 | Val: 0.178506 | Corr: 0.138272 | LR: 5.00e-04
2026-03-06 11:01:06,899 - INFO - Epoch  49/50 | Train: 0.176025 | Val: 0.178207 | Corr: 0.139606 | LR: 5.00e-04
2026-03-06 11:01:06,913 - INFO -   ↳ Saved best model (val_corr=0.139606)
2026-03-06 11:01:09,690 - INFO - Epoch  50/50 | Train: 0.176005 | Val: 0.178139 | Corr: 0.140123 | LR: 5.00e-04
2026-03-06 11:01:09,720 - INFO -   ↳ Saved best model (val_corr=0.140123)
2026-03-06 11:01:09,721 - INFO - Training complete — best val corr: 0.140123
2026-03-06 11:01:11,379 - INFO - Test loss: 0.167930, Test corr: 0.136878
2026-03-06 11:01:11,600 - INFO - Fraction of variance explained (FVE): 0.022721
2026-03-06 11:01:11,600 - INFO - Generating figures …
2026-03-06 11:01:12,140 - INFO - Correlation between predicted and actual per-neuron averages: r=0.9910, p=0.00e+00
2026-03-06 11:01:13,883 - INFO - Pattern selectivity summary:
2026-03-06 11:01:13,883 - INFO -   Mean correlation across neurons: 0.4635
2026-03-06 11:01:13,883 - INFO -   Median correlation: 0.4935
2026-03-06 11:01:13,883 - INFO -   Neurons with r > 0.5: 30 / 63
2026-03-06 11:01:13,883 - INFO -   Neurons with r > 0.3: 48 / 63
2026-03-06 11:01:13,884 - INFO - Pattern selectivity — mean neuron corr: 0.4635
2026-03-06 11:01:14,961 - INFO - LOO (avg rate) — Model mean r: 0.2723, LOO mean r: 0.4546, Neurons model > LOO: 1/63
2026-03-06 11:01:16,563 - INFO - LOO (temporal) — Model mean r: 0.1376, LOO mean r: 0.3186, Neurons model > LOO: 0/63
2026-03-06 11:01:16,563 - INFO - Skipping oracle trial plots (skip_oracle_plots=True)
2026-03-06 11:01:16,572 - INFO - Experiment complete. Summary: {
  "run_dir": "/scratch/sb272/patterns5k_results/slurm_base_cnn_2026-03-06_09-50-40/trial_0036_learning_rate=1.0e-03_kernel_sizes=3x3x3_conv_channels=32x64x128_fc_dims=128_seed0",
  "model_type": "cnn",
  "batch_avg_test_loss": 0.16793022322654724,
  "batch_avg_test_corr": 0.13687792222218098,
  "all_test_fve": 0.022721153403085375,
  "AR_FVE": NaN,
  "AR_test_correlation": NaN,
  "best_val_corr": 0.14012324416539593,
  "total_params": 60063,
  "trainable_params": 60063,
  "epochs_trained": 50,
  "mean_pattern_corr": 0.4634623349958879,
  "history": 0,
  "init_state": true,
  "loo_avg_mean_corr": 0.45456832695830385,
  "model_avg_mean_corr": 0.2722918846938887,
  "neurons_model_beats_loo_avg": 1,
  "loo_temporal_mean_corr": 0.31855225563049316,
  "all_test_corr": 0.13761717081069946,
  "neurons_model_beats_loo_temporal": 0,
  "kernel_sizes": [
    3,
    3,
    3
  ],
  "conv_channels": [
    32,
    64,
    128
  ],
  "fc_dims": [
    128
  ]
}
