2026-02-19 18:28:17,277 - INFO - ============================================================
2026-02-19 18:28:17,277 - INFO - Experiment run directory: results/hist_cnn_initstate_v3_2026-02-19_18-06-22/trial_0030_history=3
2026-02-19 18:28:17,277 - INFO - ============================================================
2026-02-19 18:28:17,277 - INFO - Using preloaded raw data (skipping I/O)
2026-02-19 18:28:17,277 - INFO - Stimulation channels: 42, Spiking neurons: 63
2026-02-19 18:28:17,277 - INFO - Unique patterns: 4050, Total trials: 5000
2026-02-19 18:28:17,294 - INFO - Split (oracle): train=3400, val=600, test=1000
2026-02-19 18:28:31,730 - INFO - BinnedStimSpikeDataset initialized:
2026-02-19 18:28:31,731 - INFO -   input_bin_size_ms=10, output_bin_size_ms=10
2026-02-19 18:28:31,731 - INFO -   n_input_bins=60, n_output_bins=60
2026-02-19 18:28:31,731 - INFO -   output_offset=0, total_bins_input=60, total_bins_output=60
2026-02-19 18:28:31,731 - INFO -   Valid start positions per trial: 0 to 0
2026-02-19 18:28:31,731 - INFO -   Total samples: 3400 (3400 trials × 1 positions)
2026-02-19 18:28:45,181 - INFO - BinnedStimSpikeDataset initialized:
2026-02-19 18:28:45,182 - INFO -   input_bin_size_ms=10, output_bin_size_ms=10
2026-02-19 18:28:45,182 - INFO -   n_input_bins=60, n_output_bins=60
2026-02-19 18:28:45,182 - INFO -   output_offset=0, total_bins_input=60, total_bins_output=60
2026-02-19 18:28:45,183 - INFO -   Valid start positions per trial: 0 to 0
2026-02-19 18:28:45,183 - INFO -   Total samples: 600 (600 trials × 1 positions)
2026-02-19 18:28:58,878 - INFO - BinnedStimSpikeDataset initialized:
2026-02-19 18:28:58,879 - INFO -   input_bin_size_ms=10, output_bin_size_ms=10
2026-02-19 18:28:58,880 - INFO -   n_input_bins=60, n_output_bins=60
2026-02-19 18:28:58,880 - INFO -   output_offset=0, total_bins_input=60, total_bins_output=60
2026-02-19 18:28:58,880 - INFO -   Valid start positions per trial: 0 to 0
2026-02-19 18:28:58,880 - INFO -   Total samples: 1000 (1000 trials × 1 positions)
2026-02-19 18:28:58,883 - INFO - Samples — train: 3400, val: 600, test: 1000
2026-02-19 18:28:58,883 - INFO - Input channels: 105, Neurons: 63
2026-02-19 18:28:58,883 - INFO - Using Apple Silicon MPS acceleration
2026-02-19 18:28:58,919 - INFO - Model: CNN — 351,551 trainable params (351,551 total)
2026-02-19 18:28:58,920 - INFO - Starting training …
2026-02-19 18:28:58,937 - ERROR -   FAILED: The size of tensor a (60) must match the size of tensor b (63) at non-singleton dimension 2
2026-02-19 18:28:58,954 - INFO - 
======================================================================
2026-02-19 18:28:58,954 - INFO - [32/56] trial_0031_history=4
2026-02-19 18:28:58,954 - INFO -   Overrides: {"kernel_sizes": [10], "weight_decay": 0, "conv_channels": [256], "history": 4}
2026-02-19 18:28:58,954 - INFO -   Output: results/hist_cnn_initstate_v3_2026-02-19_18-06-22/trial_0031_history=4
