2026-02-23 23:55:15,809 - INFO - ============================================================
2026-02-23 23:55:15,809 - INFO - Experiment run directory: results/multilayer_cnn_hist_sweep_2026-02-23_23-15-16/trial_0014_history=2_kernel_sizes=5x10_conv_channels=256x128_fc_dims=256
2026-02-23 23:55:15,809 - INFO - ============================================================
2026-02-23 23:55:15,809 - INFO - Using preloaded raw data (skipping I/O)
2026-02-23 23:55:15,809 - INFO - Stimulation channels: 42, Spiking neurons: 63
2026-02-23 23:55:15,809 - INFO - Unique patterns: 4050, Total trials: 5000
2026-02-23 23:55:15,821 - INFO - Split (oracle): train=3400, val=600, test=1000
2026-02-23 23:55:30,612 - INFO - BinnedStimSpikeDataset initialized:
2026-02-23 23:55:30,613 - INFO -   input_bin_size_ms=10, output_bin_size_ms=10
2026-02-23 23:55:30,613 - INFO -   n_input_bins=60, n_output_bins=60
2026-02-23 23:55:30,613 - INFO -   output_offset=0, total_bins_input=60, total_bins_output=60
2026-02-23 23:55:30,613 - INFO -   Valid start positions per trial: 0 to 0
2026-02-23 23:55:30,613 - INFO -   Total samples: 3400 (3400 trials × 1 positions)
2026-02-23 23:55:44,058 - INFO - BinnedStimSpikeDataset initialized:
2026-02-23 23:55:44,058 - INFO -   input_bin_size_ms=10, output_bin_size_ms=10
2026-02-23 23:55:44,058 - INFO -   n_input_bins=60, n_output_bins=60
2026-02-23 23:55:44,058 - INFO -   output_offset=0, total_bins_input=60, total_bins_output=60
2026-02-23 23:55:44,059 - INFO -   Valid start positions per trial: 0 to 0
2026-02-23 23:55:44,059 - INFO -   Total samples: 600 (600 trials × 1 positions)
2026-02-23 23:55:57,689 - INFO - BinnedStimSpikeDataset initialized:
2026-02-23 23:55:57,690 - INFO -   input_bin_size_ms=10, output_bin_size_ms=10
2026-02-23 23:55:57,690 - INFO -   n_input_bins=60, n_output_bins=60
2026-02-23 23:55:57,690 - INFO -   output_offset=0, total_bins_input=60, total_bins_output=60
2026-02-23 23:55:57,690 - INFO -   Valid start positions per trial: 0 to 0
2026-02-23 23:55:57,690 - INFO -   Total samples: 1000 (1000 trials × 1 positions)
2026-02-23 23:55:57,690 - INFO - Samples — train: 3400, val: 600, test: 1000
2026-02-23 23:55:57,690 - INFO - Input channels: 105, Neurons: 63
2026-02-23 23:55:57,690 - INFO - Using Apple Silicon MPS acceleration
2026-02-23 23:55:57,712 - INFO - Model: CNN — 512,447 trainable params (512,447 total)
2026-02-23 23:55:57,713 - INFO - Starting training …
2026-02-23 23:56:00,976 - INFO - Epoch   1/50 | Train: 0.226431 | Val: 0.185645 | Corr: 0.170938 | LR: 1.00e-03
2026-02-23 23:56:00,988 - INFO -   ↳ Saved best model (val_corr=0.170938)
2026-02-23 23:56:03,882 - INFO - Epoch   2/50 | Train: 0.185714 | Val: 0.180570 | Corr: 0.202326 | LR: 1.00e-03
2026-02-23 23:56:03,894 - INFO -   ↳ Saved best model (val_corr=0.202326)
2026-02-23 23:56:06,726 - INFO - Epoch   3/50 | Train: 0.181080 | Val: 0.177756 | Corr: 0.223919 | LR: 1.00e-03
2026-02-23 23:56:06,739 - INFO -   ↳ Saved best model (val_corr=0.223919)
2026-02-23 23:56:09,618 - INFO - Epoch   4/50 | Train: 0.177851 | Val: 0.174897 | Corr: 0.240500 | LR: 1.00e-03
2026-02-23 23:56:09,640 - INFO -   ↳ Saved best model (val_corr=0.240500)
2026-02-23 23:56:12,387 - INFO - Epoch   5/50 | Train: 0.175243 | Val: 0.172961 | Corr: 0.253289 | LR: 1.00e-03
2026-02-23 23:56:12,403 - INFO -   ↳ Saved best model (val_corr=0.253289)
2026-02-23 23:56:15,324 - INFO - Epoch   6/50 | Train: 0.173494 | Val: 0.171759 | Corr: 0.262282 | LR: 1.00e-03
2026-02-23 23:56:15,356 - INFO -   ↳ Saved best model (val_corr=0.262282)
2026-02-23 23:56:18,316 - INFO - Epoch   7/50 | Train: 0.171910 | Val: 0.170958 | Corr: 0.268483 | LR: 1.00e-03
2026-02-23 23:56:18,343 - INFO -   ↳ Saved best model (val_corr=0.268483)
2026-02-23 23:56:21,176 - INFO - Epoch   8/50 | Train: 0.170714 | Val: 0.171105 | Corr: 0.273612 | LR: 1.00e-03
2026-02-23 23:56:21,200 - INFO -   ↳ Saved best model (val_corr=0.273612)
2026-02-23 23:56:24,009 - INFO - Epoch   9/50 | Train: 0.169670 | Val: 0.170305 | Corr: 0.277491 | LR: 1.00e-03
2026-02-23 23:56:24,029 - INFO -   ↳ Saved best model (val_corr=0.277491)
2026-02-23 23:56:26,741 - INFO - Epoch  10/50 | Train: 0.168707 | Val: 0.169851 | Corr: 0.279629 | LR: 1.00e-03
2026-02-23 23:56:26,756 - INFO -   ↳ Saved best model (val_corr=0.279629)
2026-02-23 23:56:29,565 - INFO - Epoch  11/50 | Train: 0.167922 | Val: 0.169218 | Corr: 0.282767 | LR: 1.00e-03
2026-02-23 23:56:29,578 - INFO -   ↳ Saved best model (val_corr=0.282767)
2026-02-23 23:56:32,406 - INFO - Epoch  12/50 | Train: 0.167263 | Val: 0.169047 | Corr: 0.285113 | LR: 1.00e-03
2026-02-23 23:56:32,419 - INFO -   ↳ Saved best model (val_corr=0.285113)
2026-02-23 23:56:35,243 - INFO - Epoch  13/50 | Train: 0.166521 | Val: 0.168826 | Corr: 0.286852 | LR: 1.00e-03
2026-02-23 23:56:35,264 - INFO -   ↳ Saved best model (val_corr=0.286852)
2026-02-23 23:56:38,099 - INFO - Epoch  14/50 | Train: 0.165935 | Val: 0.168599 | Corr: 0.287864 | LR: 1.00e-03
2026-02-23 23:56:38,116 - INFO -   ↳ Saved best model (val_corr=0.287864)
2026-02-23 23:56:40,799 - INFO - Epoch  15/50 | Train: 0.165441 | Val: 0.168376 | Corr: 0.287719 | LR: 1.00e-03
2026-02-23 23:56:43,768 - INFO - Epoch  16/50 | Train: 0.165012 | Val: 0.168359 | Corr: 0.289784 | LR: 1.00e-03
2026-02-23 23:56:43,780 - INFO -   ↳ Saved best model (val_corr=0.289784)
2026-02-23 23:56:46,808 - INFO - Epoch  17/50 | Train: 0.164454 | Val: 0.168403 | Corr: 0.290489 | LR: 1.00e-03
2026-02-23 23:56:46,819 - INFO -   ↳ Saved best model (val_corr=0.290489)
2026-02-23 23:56:49,667 - INFO - Epoch  18/50 | Train: 0.163956 | Val: 0.167784 | Corr: 0.291955 | LR: 1.00e-03
2026-02-23 23:56:49,680 - INFO -   ↳ Saved best model (val_corr=0.291955)
2026-02-23 23:56:52,582 - INFO - Epoch  19/50 | Train: 0.163525 | Val: 0.167878 | Corr: 0.291763 | LR: 1.00e-03
2026-02-23 23:56:55,396 - INFO - Epoch  20/50 | Train: 0.163237 | Val: 0.167620 | Corr: 0.293053 | LR: 1.00e-03
2026-02-23 23:56:55,412 - INFO -   ↳ Saved best model (val_corr=0.293053)
2026-02-23 23:56:58,147 - INFO - Epoch  21/50 | Train: 0.162845 | Val: 0.167746 | Corr: 0.292204 | LR: 1.00e-03
2026-02-23 23:57:00,912 - INFO - Epoch  22/50 | Train: 0.162454 | Val: 0.168173 | Corr: 0.292458 | LR: 1.00e-03
2026-02-23 23:57:03,930 - INFO - Epoch  23/50 | Train: 0.162222 | Val: 0.167584 | Corr: 0.293001 | LR: 1.00e-03
2026-02-23 23:57:06,538 - INFO - Epoch  24/50 | Train: 0.161910 | Val: 0.168350 | Corr: 0.293047 | LR: 1.00e-03
2026-02-23 23:57:09,474 - INFO - Epoch  25/50 | Train: 0.161496 | Val: 0.168283 | Corr: 0.293022 | LR: 1.00e-03
2026-02-23 23:57:12,456 - INFO - Epoch  26/50 | Train: 0.161274 | Val: 0.167555 | Corr: 0.293938 | LR: 1.00e-03
2026-02-23 23:57:12,471 - INFO -   ↳ Saved best model (val_corr=0.293938)
2026-02-23 23:57:15,341 - INFO - Epoch  27/50 | Train: 0.160994 | Val: 0.167687 | Corr: 0.293349 | LR: 1.00e-03
2026-02-23 23:57:18,365 - INFO - Epoch  28/50 | Train: 0.160831 | Val: 0.168473 | Corr: 0.293660 | LR: 1.00e-03
2026-02-23 23:57:21,382 - INFO - Epoch  29/50 | Train: 0.160626 | Val: 0.168852 | Corr: 0.293631 | LR: 1.00e-03
2026-02-23 23:57:24,319 - INFO - Epoch  30/50 | Train: 0.160247 | Val: 0.168058 | Corr: 0.293436 | LR: 1.00e-03
2026-02-23 23:57:27,442 - INFO - Epoch  31/50 | Train: 0.160126 | Val: 0.168122 | Corr: 0.293478 | LR: 1.00e-03
2026-02-23 23:57:30,342 - INFO - Epoch  32/50 | Train: 0.159940 | Val: 0.168229 | Corr: 0.294299 | LR: 5.00e-04
2026-02-23 23:57:30,356 - INFO -   ↳ Saved best model (val_corr=0.294299)
2026-02-23 23:57:33,413 - INFO - Epoch  33/50 | Train: 0.158729 | Val: 0.167841 | Corr: 0.295445 | LR: 5.00e-04
2026-02-23 23:57:33,424 - INFO -   ↳ Saved best model (val_corr=0.295445)
2026-02-23 23:57:36,259 - INFO - Epoch  34/50 | Train: 0.158349 | Val: 0.168137 | Corr: 0.295091 | LR: 5.00e-04
2026-02-23 23:57:39,135 - INFO - Epoch  35/50 | Train: 0.158258 | Val: 0.167954 | Corr: 0.294501 | LR: 5.00e-04
2026-02-23 23:57:42,151 - INFO - Epoch  36/50 | Train: 0.157997 | Val: 0.167872 | Corr: 0.294903 | LR: 5.00e-04
2026-02-23 23:57:45,133 - INFO - Epoch  37/50 | Train: 0.157776 | Val: 0.168111 | Corr: 0.294755 | LR: 5.00e-04
2026-02-23 23:57:48,189 - INFO - Epoch  38/50 | Train: 0.157691 | Val: 0.168427 | Corr: 0.294632 | LR: 2.50e-04
2026-02-23 23:57:51,090 - INFO - Epoch  39/50 | Train: 0.157047 | Val: 0.168129 | Corr: 0.294659 | LR: 2.50e-04
2026-02-23 23:57:54,126 - INFO - Epoch  40/50 | Train: 0.156905 | Val: 0.168101 | Corr: 0.294537 | LR: 2.50e-04
2026-02-23 23:57:57,091 - INFO - Epoch  41/50 | Train: 0.156868 | Val: 0.168206 | Corr: 0.294524 | LR: 2.50e-04
2026-02-23 23:58:00,016 - INFO - Epoch  42/50 | Train: 0.156757 | Val: 0.168243 | Corr: 0.294180 | LR: 2.50e-04
2026-02-23 23:58:02,996 - INFO - Epoch  43/50 | Train: 0.156681 | Val: 0.168219 | Corr: 0.294166 | LR: 2.50e-04
2026-02-23 23:58:02,997 - INFO - Early stopping at epoch 43
2026-02-23 23:58:02,997 - INFO - Training complete — best val corr: 0.295445
2026-02-23 23:58:03,549 - INFO - Test loss: 0.159321, Test corr: 0.288756
2026-02-23 23:58:03,715 - INFO - Generating figures …
2026-02-23 23:58:03,921 - INFO - Correlation between predicted and actual per-neuron averages: r=0.9926, p=1.41e-57
2026-02-23 23:58:04,672 - INFO - Pattern selectivity summary:
2026-02-23 23:58:04,672 - INFO -   Mean correlation across neurons: 0.7223
2026-02-23 23:58:04,672 - INFO -   Median correlation: 0.7221
2026-02-23 23:58:04,672 - INFO -   Neurons with r > 0.5: 60 / 63
2026-02-23 23:58:04,672 - INFO -   Neurons with r > 0.3: 63 / 63
2026-02-23 23:58:04,672 - INFO - Pattern selectivity — mean neuron corr: 0.7223
2026-02-23 23:58:05,080 - INFO - LOO (avg rate) — Model mean r: 0.5590, LOO mean r: 0.4728, Neurons model > LOO: 46/63
2026-02-23 23:58:05,796 - INFO - LOO (temporal) — Model mean r: 0.2994, LOO mean r: 0.3815, Neurons model > LOO: 6/63
2026-02-23 23:58:05,796 - INFO - Skipping oracle trial plots (skip_oracle_plots=True)
2026-02-23 23:58:05,797 - INFO - Experiment complete. Summary: {
  "run_dir": "results/multilayer_cnn_hist_sweep_2026-02-23_23-15-16/trial_0014_history=2_kernel_sizes=5x10_conv_channels=256x128_fc_dims=256",
  "model_type": "cnn",
  "test_loss": 0.15932076501846312,
  "test_corr": 0.2887560221767447,
  "best_val_corr": 0.2954453356714677,
  "total_params": 512447,
  "trainable_params": 512447,
  "epochs_trained": 43,
  "mean_pattern_corr": 0.7222577513572352,
  "loo_avg_mean_corr": 0.47275709111471625,
  "model_avg_mean_corr": 0.5590235304763531,
  "neurons_model_beats_loo_avg": 46,
  "loo_temporal_mean_corr": 0.3815135061740875,
  "model_temporal_mean_corr": 0.29944074153900146,
  "neurons_model_beats_loo_temporal": 6
}
2026-02-23 23:58:05,819 - INFO - 
======================================================================
2026-02-23 23:58:05,819 - INFO - [16/40] trial_0015_history=2_kernel_sizes=3x3_conv_channels=128x64_fc_dims=256
2026-02-23 23:58:05,819 - INFO -   Overrides: {"_arch": {"kernel_sizes": [3, 3], "conv_channels": [128, 64], "fc_dims": [256], "history": 2}}
2026-02-23 23:58:05,819 - INFO -   Output: results/multilayer_cnn_hist_sweep_2026-02-23_23-15-16/trial_0015_history=2_kernel_sizes=3x3_conv_channels=128x64_fc_dims=256
