2026-03-03 22:53:56,679 - INFO - ============================================================
2026-03-03 22:53:56,679 - INFO - Experiment run directory: /scratch/sb272/patterns5k_results/slurm_hist_cnn_2026-03-03_15-13-01/trial_0306_learning_rate=1.0e-03_history=10_kernel_sizes=10x5_conv_channels=256x128_fc_dims=256_seed0
2026-03-03 22:53:56,679 - INFO - ============================================================
2026-03-03 22:53:56,679 - INFO - Loading data …
2026-03-03 22:53:57,620 - INFO - 63 unique neurons after dropping problematic neurons
2026-03-03 22:53:58,912 - INFO - Stimulation channels: 42, Spiking neurons: 63
2026-03-03 22:56:09,552 - INFO - Unique patterns: 4050, Total trials: 5000
2026-03-03 22:56:09,555 - INFO - Stimulation channels: 42, Spiking neurons: 63
2026-03-03 22:56:09,555 - INFO - Unique patterns: 4050, Total trials: 5000
2026-03-03 22:56:09,573 - INFO - Split (oracle): train=3400, val=600, test=1000
2026-03-03 22:56:36,447 - INFO - BinnedStimSpikeDataset initialized:
2026-03-03 22:56:36,449 - INFO -   input_bin_size_ms=10, output_bin_size_ms=10
2026-03-03 22:56:36,449 - INFO -   n_input_bins=60, n_output_bins=60
2026-03-03 22:56:36,449 - INFO -   output_offset=0, total_bins_input=60, total_bins_output=60
2026-03-03 22:56:36,449 - INFO -   Valid start positions per trial: 0 to 0
2026-03-03 22:56:36,449 - INFO -   Total samples: 3400 (3400 trials × 1 positions)
2026-03-03 22:57:02,457 - INFO - BinnedStimSpikeDataset initialized:
2026-03-03 22:57:02,457 - INFO -   input_bin_size_ms=10, output_bin_size_ms=10
2026-03-03 22:57:02,457 - INFO -   n_input_bins=60, n_output_bins=60
2026-03-03 22:57:02,457 - INFO -   output_offset=0, total_bins_input=60, total_bins_output=60
2026-03-03 22:57:02,457 - INFO -   Valid start positions per trial: 0 to 0
2026-03-03 22:57:02,457 - INFO -   Total samples: 600 (600 trials × 1 positions)
2026-03-03 22:57:28,348 - INFO - BinnedStimSpikeDataset initialized:
2026-03-03 22:57:28,348 - INFO -   input_bin_size_ms=10, output_bin_size_ms=10
2026-03-03 22:57:28,348 - INFO -   n_input_bins=60, n_output_bins=60
2026-03-03 22:57:28,348 - INFO -   output_offset=0, total_bins_input=60, total_bins_output=60
2026-03-03 22:57:28,348 - INFO -   Valid start positions per trial: 0 to 0
2026-03-03 22:57:28,348 - INFO -   Total samples: 1000 (1000 trials × 1 positions)
2026-03-03 22:57:28,348 - INFO - Samples — train: 3400, val: 600, test: 1000
2026-03-03 22:57:28,348 - INFO - Input channels: 105, Neurons: 63
2026-03-03 22:57:28,353 - INFO - Using CPU
2026-03-03 22:57:28,371 - INFO - Model: CNN — 483,007 trainable params (483,007 total)
2026-03-03 22:57:38,565 - INFO - Starting training …
2026-03-03 22:57:49,442 - INFO - Epoch   1/50 | Train: 0.221411 | Val: 0.186885 | Corr: 0.075600 | LR: 1.00e-03
2026-03-03 22:57:49,474 - INFO -   ↳ Saved best model (val_corr=0.075600)
2026-03-03 22:57:59,089 - INFO - Epoch   2/50 | Train: 0.181677 | Val: 0.183209 | Corr: 0.092469 | LR: 1.00e-03
2026-03-03 22:57:59,107 - INFO -   ↳ Saved best model (val_corr=0.092469)
2026-03-03 22:58:08,652 - INFO - Epoch   3/50 | Train: 0.178601 | Val: 0.182186 | Corr: 0.101700 | LR: 1.00e-03
2026-03-03 22:58:08,671 - INFO -   ↳ Saved best model (val_corr=0.101700)
2026-03-03 22:58:18,369 - INFO - Epoch   4/50 | Train: 0.176406 | Val: 0.181212 | Corr: 0.113446 | LR: 1.00e-03
2026-03-03 22:58:18,391 - INFO -   ↳ Saved best model (val_corr=0.113446)
2026-03-03 22:58:28,102 - INFO - Epoch   5/50 | Train: 0.174629 | Val: 0.180894 | Corr: 0.120238 | LR: 1.00e-03
2026-03-03 22:58:28,127 - INFO -   ↳ Saved best model (val_corr=0.120238)
2026-03-03 22:58:37,865 - INFO - Epoch   6/50 | Train: 0.173203 | Val: 0.180189 | Corr: 0.123488 | LR: 1.00e-03
2026-03-03 22:58:37,885 - INFO -   ↳ Saved best model (val_corr=0.123488)
2026-03-03 22:58:47,662 - INFO - Epoch   7/50 | Train: 0.172127 | Val: 0.182519 | Corr: 0.127625 | LR: 1.00e-03
2026-03-03 22:58:47,697 - INFO -   ↳ Saved best model (val_corr=0.127625)
2026-03-03 22:58:57,793 - INFO - Epoch   8/50 | Train: 0.170744 | Val: 0.180241 | Corr: 0.129907 | LR: 1.00e-03
2026-03-03 22:58:57,816 - INFO -   ↳ Saved best model (val_corr=0.129907)
2026-03-03 22:59:08,094 - INFO - Epoch   9/50 | Train: 0.169772 | Val: 0.180128 | Corr: 0.132030 | LR: 1.00e-03
2026-03-03 22:59:08,123 - INFO -   ↳ Saved best model (val_corr=0.132030)
2026-03-03 22:59:18,170 - INFO - Epoch  10/50 | Train: 0.168692 | Val: 0.180032 | Corr: 0.135221 | LR: 1.00e-03
2026-03-03 22:59:18,194 - INFO -   ↳ Saved best model (val_corr=0.135221)
2026-03-03 22:59:28,375 - INFO - Epoch  11/50 | Train: 0.167788 | Val: 0.180769 | Corr: 0.136131 | LR: 1.00e-03
2026-03-03 22:59:28,403 - INFO -   ↳ Saved best model (val_corr=0.136131)
2026-03-03 22:59:38,859 - INFO - Epoch  12/50 | Train: 0.166582 | Val: 0.180256 | Corr: 0.134712 | LR: 1.00e-03
2026-03-03 22:59:49,200 - INFO - Epoch  13/50 | Train: 0.165774 | Val: 0.180602 | Corr: 0.136727 | LR: 1.00e-03
2026-03-03 22:59:49,228 - INFO -   ↳ Saved best model (val_corr=0.136727)
2026-03-03 22:59:59,285 - INFO - Epoch  14/50 | Train: 0.165054 | Val: 0.180933 | Corr: 0.136016 | LR: 1.00e-03
2026-03-03 23:00:09,687 - INFO - Epoch  15/50 | Train: 0.164285 | Val: 0.181263 | Corr: 0.135849 | LR: 1.00e-03
2026-03-03 23:00:19,668 - INFO - Epoch  16/50 | Train: 0.163462 | Val: 0.181249 | Corr: 0.137085 | LR: 5.00e-04
2026-03-03 23:00:19,697 - INFO -   ↳ Saved best model (val_corr=0.137085)
2026-03-03 23:00:29,783 - INFO - Epoch  17/50 | Train: 0.161231 | Val: 0.181368 | Corr: 0.137978 | LR: 5.00e-04
2026-03-03 23:00:29,814 - INFO -   ↳ Saved best model (val_corr=0.137978)
2026-03-03 23:00:40,165 - INFO - Epoch  18/50 | Train: 0.160522 | Val: 0.181986 | Corr: 0.138294 | LR: 5.00e-04
2026-03-03 23:00:40,191 - INFO -   ↳ Saved best model (val_corr=0.138294)
2026-03-03 23:00:50,629 - INFO - Epoch  19/50 | Train: 0.159965 | Val: 0.182783 | Corr: 0.138159 | LR: 5.00e-04
2026-03-03 23:01:00,914 - INFO - Epoch  20/50 | Train: 0.159526 | Val: 0.182461 | Corr: 0.138143 | LR: 5.00e-04
2026-03-03 23:01:11,003 - INFO - Epoch  21/50 | Train: 0.159127 | Val: 0.182964 | Corr: 0.136712 | LR: 5.00e-04
2026-03-03 23:01:21,344 - INFO - Epoch  22/50 | Train: 0.158869 | Val: 0.183090 | Corr: 0.137339 | LR: 2.50e-04
2026-03-03 23:01:31,708 - INFO - Epoch  23/50 | Train: 0.157667 | Val: 0.183155 | Corr: 0.137546 | LR: 2.50e-04
2026-03-03 23:01:42,159 - INFO - Epoch  24/50 | Train: 0.157242 | Val: 0.183853 | Corr: 0.136667 | LR: 2.50e-04
2026-03-03 23:01:52,546 - INFO - Epoch  25/50 | Train: 0.157055 | Val: 0.183481 | Corr: 0.137026 | LR: 2.50e-04
2026-03-03 23:02:03,020 - INFO - Epoch  26/50 | Train: 0.156946 | Val: 0.184185 | Corr: 0.136500 | LR: 2.50e-04
2026-03-03 23:02:13,421 - INFO - Epoch  27/50 | Train: 0.156647 | Val: 0.184431 | Corr: 0.136879 | LR: 2.50e-04
2026-03-03 23:02:23,716 - INFO - Epoch  28/50 | Train: 0.156483 | Val: 0.184298 | Corr: 0.135984 | LR: 1.25e-04
2026-03-03 23:02:23,716 - INFO - Early stopping at epoch 28
2026-03-03 23:02:23,716 - INFO - Training complete — best val corr: 0.138294
2026-03-03 23:02:26,178 - INFO - Test loss: 0.170097, Test corr: 0.134094
2026-03-03 23:02:27,072 - INFO - Fraction of variance explained (FVE): 0.013031
2026-03-03 23:02:27,072 - INFO - Computing autoregressive (AR) test predictions …
2026-03-03 23:02:28,117 - INFO - AR FVE: 0.007605, AR test corr: 0.115541
2026-03-03 23:02:28,117 - INFO - Generating figures …
2026-03-03 23:02:28,936 - INFO - Correlation between predicted and actual per-neuron averages: r=0.9890, p=0.00e+00
2026-03-03 23:02:31,942 - INFO - Pattern selectivity summary:
2026-03-03 23:02:31,942 - INFO -   Mean correlation across neurons: 0.5460
2026-03-03 23:02:31,942 - INFO -   Median correlation: 0.5825
2026-03-03 23:02:31,942 - INFO -   Neurons with r > 0.5: 40 / 63
2026-03-03 23:02:31,942 - INFO -   Neurons with r > 0.3: 59 / 63
2026-03-03 23:02:31,942 - INFO - Pattern selectivity — mean neuron corr: 0.5460
2026-03-03 23:02:34,458 - INFO - LOO (avg rate) — Model mean r: 0.3933, LOO mean r: 0.4546, Neurons model > LOO: 13/63
2026-03-03 23:02:37,628 - INFO - LOO (temporal) — Model mean r: 0.1423, LOO mean r: 0.3186, Neurons model > LOO: 1/63
2026-03-03 23:02:37,628 - INFO - Skipping oracle trial plots (skip_oracle_plots=True)
2026-03-03 23:02:37,644 - INFO - Experiment complete. Summary: {
  "run_dir": "/scratch/sb272/patterns5k_results/slurm_hist_cnn_2026-03-03_15-13-01/trial_0306_learning_rate=1.0e-03_history=10_kernel_sizes=10x5_conv_channels=256x128_fc_dims=256_seed0",
  "model_type": "cnn",
  "batch_avg_test_loss": 0.17009722745418548,
  "batch_avg_test_corr": 0.13409356316168689,
  "all_test_fve": 0.013031446744525244,
  "AR_FVE": 0.007604605621761746,
  "AR_test_correlation": 0.1155412569642067,
  "best_val_corr": 0.13829397122560264,
  "total_params": 483007,
  "trainable_params": 483007,
  "epochs_trained": 28,
  "mean_pattern_corr": 0.5460217576631395,
  "history": 10,
  "init_state": true,
  "loo_avg_mean_corr": 0.45456832695830385,
  "model_avg_mean_corr": 0.39332920976856256,
  "neurons_model_beats_loo_avg": 13,
  "loo_temporal_mean_corr": 0.31855225563049316,
  "all_test_corr": 0.14233650267124176,
  "neurons_model_beats_loo_temporal": 1,
  "kernel_sizes": [
    10,
    5
  ],
  "conv_channels": [
    256,
    128
  ],
  "fc_dims": [
    256
  ]
}
