2026-03-05 19:59:09,669 - INFO - ============================================================
2026-03-05 19:59:09,669 - INFO - Experiment run directory: /scratch/sb272/patterns5k_results/slurm_hist_cnn_2026-03-05_16-01-45/trial_0109_learning_rate=1.0e-04_history=5_kernel_sizes=5x3_conv_channels=128x256_fc_dims=512_seed0
2026-03-05 19:59:09,669 - INFO - ============================================================
2026-03-05 19:59:09,669 - INFO - Loading data …
2026-03-05 19:59:10,532 - INFO - 63 unique neurons after dropping problematic neurons
2026-03-05 19:59:11,711 - INFO - Stimulation channels: 42, Spiking neurons: 63
2026-03-05 20:01:12,252 - INFO - Unique patterns: 4050, Total trials: 5000
2026-03-05 20:01:12,275 - INFO - Stimulation channels: 42, Spiking neurons: 63
2026-03-05 20:01:12,275 - INFO - Unique patterns: 4050, Total trials: 5000
2026-03-05 20:01:12,292 - INFO - Split (oracle): train=3400, val=600, test=1000
2026-03-05 20:01:37,143 - INFO - BinnedStimSpikeDataset initialized:
2026-03-05 20:01:37,144 - INFO -   input_bin_size_ms=10, output_bin_size_ms=10
2026-03-05 20:01:37,144 - INFO -   n_input_bins=60, n_output_bins=60
2026-03-05 20:01:37,144 - INFO -   output_offset=0, total_bins_input=60, total_bins_output=60
2026-03-05 20:01:37,144 - INFO -   Valid start positions per trial: 0 to 0
2026-03-05 20:01:37,144 - INFO -   Total samples: 3400 (3400 trials × 1 positions)
2026-03-05 20:02:01,813 - INFO - BinnedStimSpikeDataset initialized:
2026-03-05 20:02:01,813 - INFO -   input_bin_size_ms=10, output_bin_size_ms=10
2026-03-05 20:02:01,813 - INFO -   n_input_bins=60, n_output_bins=60
2026-03-05 20:02:01,813 - INFO -   output_offset=0, total_bins_input=60, total_bins_output=60
2026-03-05 20:02:01,813 - INFO -   Valid start positions per trial: 0 to 0
2026-03-05 20:02:01,813 - INFO -   Total samples: 600 (600 trials × 1 positions)
2026-03-05 20:02:26,661 - INFO - BinnedStimSpikeDataset initialized:
2026-03-05 20:02:26,662 - INFO -   input_bin_size_ms=10, output_bin_size_ms=10
2026-03-05 20:02:26,662 - INFO -   n_input_bins=60, n_output_bins=60
2026-03-05 20:02:26,662 - INFO -   output_offset=0, total_bins_input=60, total_bins_output=60
2026-03-05 20:02:26,662 - INFO -   Valid start positions per trial: 0 to 0
2026-03-05 20:02:26,662 - INFO -   Total samples: 1000 (1000 trials × 1 positions)
2026-03-05 20:02:26,662 - INFO - Samples — train: 3400, val: 600, test: 1000
2026-03-05 20:02:26,662 - INFO - Input channels: 105, Neurons: 63
2026-03-05 20:02:26,682 - INFO - Using CPU
2026-03-05 20:02:26,688 - INFO - Model: CNN — 330,559 trainable params (330,559 total)
2026-03-05 20:02:31,113 - INFO - Starting training …
2026-03-05 20:02:40,703 - INFO - Epoch   1/50 | Train: 0.314945 | Val: 0.190879 | Corr: 0.060185 | LR: 1.00e-04
2026-03-05 20:02:40,717 - INFO -   ↳ Saved best model (val_corr=0.060185)
2026-03-05 20:02:48,900 - INFO - Epoch   2/50 | Train: 0.185363 | Val: 0.189703 | Corr: 0.071099 | LR: 1.00e-04
2026-03-05 20:02:48,913 - INFO -   ↳ Saved best model (val_corr=0.071099)
2026-03-05 20:02:57,407 - INFO - Epoch   3/50 | Train: 0.183962 | Val: 0.186299 | Corr: 0.078732 | LR: 1.00e-04
2026-03-05 20:02:57,420 - INFO -   ↳ Saved best model (val_corr=0.078732)
2026-03-05 20:03:06,041 - INFO - Epoch   4/50 | Train: 0.182957 | Val: 0.188039 | Corr: 0.084190 | LR: 1.00e-04
2026-03-05 20:03:06,056 - INFO -   ↳ Saved best model (val_corr=0.084190)
2026-03-05 20:03:14,667 - INFO - Epoch   5/50 | Train: 0.182011 | Val: 0.187399 | Corr: 0.089103 | LR: 1.00e-04
2026-03-05 20:03:14,679 - INFO -   ↳ Saved best model (val_corr=0.089103)
2026-03-05 20:03:23,130 - INFO - Epoch   6/50 | Train: 0.181117 | Val: 0.186251 | Corr: 0.092846 | LR: 1.00e-04
2026-03-05 20:03:23,152 - INFO -   ↳ Saved best model (val_corr=0.092846)
2026-03-05 20:03:31,211 - INFO - Epoch   7/50 | Train: 0.180446 | Val: 0.185150 | Corr: 0.096621 | LR: 1.00e-04
2026-03-05 20:03:31,225 - INFO -   ↳ Saved best model (val_corr=0.096621)
2026-03-05 20:03:39,293 - INFO - Epoch   8/50 | Train: 0.179816 | Val: 0.184534 | Corr: 0.099616 | LR: 1.00e-04
2026-03-05 20:03:39,305 - INFO -   ↳ Saved best model (val_corr=0.099616)
2026-03-05 20:03:47,405 - INFO - Epoch   9/50 | Train: 0.179269 | Val: 0.185840 | Corr: 0.102469 | LR: 1.00e-04
2026-03-05 20:03:47,418 - INFO -   ↳ Saved best model (val_corr=0.102469)
2026-03-05 20:03:55,797 - INFO - Epoch  10/50 | Train: 0.178752 | Val: 0.184659 | Corr: 0.104950 | LR: 1.00e-04
2026-03-05 20:03:55,811 - INFO -   ↳ Saved best model (val_corr=0.104950)
2026-03-05 20:04:03,934 - INFO - Epoch  11/50 | Train: 0.178243 | Val: 0.184780 | Corr: 0.107113 | LR: 1.00e-04
2026-03-05 20:04:03,949 - INFO -   ↳ Saved best model (val_corr=0.107113)
2026-03-05 20:04:12,212 - INFO - Epoch  12/50 | Train: 0.177727 | Val: 0.183955 | Corr: 0.108814 | LR: 1.00e-04
2026-03-05 20:04:12,229 - INFO -   ↳ Saved best model (val_corr=0.108814)
2026-03-05 20:04:20,350 - INFO - Epoch  13/50 | Train: 0.177355 | Val: 0.183429 | Corr: 0.110978 | LR: 1.00e-04
2026-03-05 20:04:20,364 - INFO -   ↳ Saved best model (val_corr=0.110978)
2026-03-05 20:04:28,540 - INFO - Epoch  14/50 | Train: 0.176986 | Val: 0.184638 | Corr: 0.113305 | LR: 1.00e-04
2026-03-05 20:04:28,553 - INFO -   ↳ Saved best model (val_corr=0.113305)
2026-03-05 20:04:36,547 - INFO - Epoch  15/50 | Train: 0.176651 | Val: 0.183523 | Corr: 0.114636 | LR: 1.00e-04
2026-03-05 20:04:36,560 - INFO -   ↳ Saved best model (val_corr=0.114636)
2026-03-05 20:04:44,629 - INFO - Epoch  16/50 | Train: 0.176277 | Val: 0.181644 | Corr: 0.116375 | LR: 1.00e-04
2026-03-05 20:04:44,642 - INFO -   ↳ Saved best model (val_corr=0.116375)
2026-03-05 20:04:52,677 - INFO - Epoch  17/50 | Train: 0.176010 | Val: 0.181414 | Corr: 0.119037 | LR: 1.00e-04
2026-03-05 20:04:52,692 - INFO -   ↳ Saved best model (val_corr=0.119037)
2026-03-05 20:05:00,683 - INFO - Epoch  18/50 | Train: 0.175729 | Val: 0.182121 | Corr: 0.120455 | LR: 1.00e-04
2026-03-05 20:05:00,696 - INFO -   ↳ Saved best model (val_corr=0.120455)
2026-03-05 20:05:08,698 - INFO - Epoch  19/50 | Train: 0.175502 | Val: 0.185142 | Corr: 0.121537 | LR: 1.00e-04
2026-03-05 20:05:08,715 - INFO -   ↳ Saved best model (val_corr=0.121537)
2026-03-05 20:05:16,611 - INFO - Epoch  20/50 | Train: 0.175109 | Val: 0.181740 | Corr: 0.124123 | LR: 1.00e-04
2026-03-05 20:05:16,623 - INFO -   ↳ Saved best model (val_corr=0.124123)
2026-03-05 20:05:24,664 - INFO - Epoch  21/50 | Train: 0.174816 | Val: 0.181650 | Corr: 0.125304 | LR: 1.00e-04
2026-03-05 20:05:24,675 - INFO -   ↳ Saved best model (val_corr=0.125304)
2026-03-05 20:05:32,729 - INFO - Epoch  22/50 | Train: 0.174595 | Val: 0.182186 | Corr: 0.127165 | LR: 1.00e-04
2026-03-05 20:05:32,743 - INFO -   ↳ Saved best model (val_corr=0.127165)
2026-03-05 20:05:40,796 - INFO - Epoch  23/50 | Train: 0.174393 | Val: 0.181611 | Corr: 0.127840 | LR: 5.00e-05
2026-03-05 20:05:40,809 - INFO -   ↳ Saved best model (val_corr=0.127840)
2026-03-05 20:05:48,692 - INFO - Epoch  24/50 | Train: 0.174008 | Val: 0.182211 | Corr: 0.129257 | LR: 5.00e-05
2026-03-05 20:05:48,704 - INFO -   ↳ Saved best model (val_corr=0.129257)
2026-03-05 20:05:56,703 - INFO - Epoch  25/50 | Train: 0.173825 | Val: 0.181529 | Corr: 0.129983 | LR: 5.00e-05
2026-03-05 20:05:56,723 - INFO -   ↳ Saved best model (val_corr=0.129983)
2026-03-05 20:06:04,815 - INFO - Epoch  26/50 | Train: 0.173635 | Val: 0.181944 | Corr: 0.130481 | LR: 5.00e-05
2026-03-05 20:06:04,828 - INFO -   ↳ Saved best model (val_corr=0.130481)
2026-03-05 20:06:12,981 - INFO - Epoch  27/50 | Train: 0.173552 | Val: 0.182023 | Corr: 0.130165 | LR: 5.00e-05
2026-03-05 20:06:21,076 - INFO - Epoch  28/50 | Train: 0.173536 | Val: 0.181249 | Corr: 0.131633 | LR: 5.00e-05
2026-03-05 20:06:21,089 - INFO -   ↳ Saved best model (val_corr=0.131633)
2026-03-05 20:06:29,108 - INFO - Epoch  29/50 | Train: 0.173328 | Val: 0.181614 | Corr: 0.132052 | LR: 5.00e-05
2026-03-05 20:06:29,120 - INFO -   ↳ Saved best model (val_corr=0.132052)
2026-03-05 20:06:37,207 - INFO - Epoch  30/50 | Train: 0.173316 | Val: 0.181211 | Corr: 0.132387 | LR: 5.00e-05
2026-03-05 20:06:37,220 - INFO -   ↳ Saved best model (val_corr=0.132387)
2026-03-05 20:06:45,294 - INFO - Epoch  31/50 | Train: 0.173149 | Val: 0.181067 | Corr: 0.132545 | LR: 5.00e-05
2026-03-05 20:06:45,306 - INFO -   ↳ Saved best model (val_corr=0.132545)
2026-03-05 20:06:53,395 - INFO - Epoch  32/50 | Train: 0.173079 | Val: 0.181579 | Corr: 0.133479 | LR: 5.00e-05
2026-03-05 20:06:53,407 - INFO -   ↳ Saved best model (val_corr=0.133479)
2026-03-05 20:07:02,211 - INFO - Epoch  33/50 | Train: 0.173072 | Val: 0.180931 | Corr: 0.134731 | LR: 5.00e-05
2026-03-05 20:07:02,235 - INFO -   ↳ Saved best model (val_corr=0.134731)
2026-03-05 20:07:12,073 - INFO - Epoch  34/50 | Train: 0.172861 | Val: 0.182777 | Corr: 0.134229 | LR: 5.00e-05
2026-03-05 20:07:21,765 - INFO - Epoch  35/50 | Train: 0.172889 | Val: 0.180856 | Corr: 0.134853 | LR: 5.00e-05
2026-03-05 20:07:21,786 - INFO -   ↳ Saved best model (val_corr=0.134853)
2026-03-05 20:07:31,461 - INFO - Epoch  36/50 | Train: 0.172659 | Val: 0.181397 | Corr: 0.135558 | LR: 5.00e-05
2026-03-05 20:07:31,485 - INFO -   ↳ Saved best model (val_corr=0.135558)
2026-03-05 20:07:41,159 - INFO - Epoch  37/50 | Train: 0.172624 | Val: 0.182322 | Corr: 0.135247 | LR: 5.00e-05
2026-03-05 20:07:50,810 - INFO - Epoch  38/50 | Train: 0.172476 | Val: 0.181595 | Corr: 0.136298 | LR: 5.00e-05
2026-03-05 20:07:50,831 - INFO -   ↳ Saved best model (val_corr=0.136298)
2026-03-05 20:08:00,394 - INFO - Epoch  39/50 | Train: 0.172443 | Val: 0.180718 | Corr: 0.136830 | LR: 5.00e-05
2026-03-05 20:08:00,414 - INFO -   ↳ Saved best model (val_corr=0.136830)
2026-03-05 20:08:09,890 - INFO - Epoch  40/50 | Train: 0.172390 | Val: 0.180796 | Corr: 0.136806 | LR: 5.00e-05
2026-03-05 20:08:19,338 - INFO - Epoch  41/50 | Train: 0.172274 | Val: 0.180914 | Corr: 0.137045 | LR: 5.00e-05
2026-03-05 20:08:19,366 - INFO -   ↳ Saved best model (val_corr=0.137045)
2026-03-05 20:08:28,851 - INFO - Epoch  42/50 | Train: 0.172226 | Val: 0.181445 | Corr: 0.137544 | LR: 5.00e-05
2026-03-05 20:08:28,870 - INFO -   ↳ Saved best model (val_corr=0.137544)
2026-03-05 20:08:38,336 - INFO - Epoch  43/50 | Train: 0.172133 | Val: 0.181896 | Corr: 0.137868 | LR: 5.00e-05
2026-03-05 20:08:38,358 - INFO -   ↳ Saved best model (val_corr=0.137868)
2026-03-05 20:08:47,818 - INFO - Epoch  44/50 | Train: 0.172032 | Val: 0.181798 | Corr: 0.138476 | LR: 5.00e-05
2026-03-05 20:08:47,836 - INFO -   ↳ Saved best model (val_corr=0.138476)
2026-03-05 20:08:57,227 - INFO - Epoch  45/50 | Train: 0.171962 | Val: 0.180664 | Corr: 0.137968 | LR: 5.00e-05
2026-03-05 20:09:06,608 - INFO - Epoch  46/50 | Train: 0.171799 | Val: 0.181053 | Corr: 0.138282 | LR: 5.00e-05
2026-03-05 20:09:15,870 - INFO - Epoch  47/50 | Train: 0.171818 | Val: 0.182051 | Corr: 0.139518 | LR: 5.00e-05
2026-03-05 20:09:15,888 - INFO -   ↳ Saved best model (val_corr=0.139518)
2026-03-05 20:09:25,283 - INFO - Epoch  48/50 | Train: 0.171736 | Val: 0.181603 | Corr: 0.139099 | LR: 5.00e-05
2026-03-05 20:09:34,740 - INFO - Epoch  49/50 | Train: 0.171631 | Val: 0.180869 | Corr: 0.139573 | LR: 5.00e-05
2026-03-05 20:09:34,767 - INFO -   ↳ Saved best model (val_corr=0.139573)
2026-03-05 20:09:43,980 - INFO - Epoch  50/50 | Train: 0.171553 | Val: 0.181687 | Corr: 0.140106 | LR: 5.00e-05
2026-03-05 20:09:43,996 - INFO -   ↳ Saved best model (val_corr=0.140106)
2026-03-05 20:09:43,997 - INFO - Training complete — best val corr: 0.140106
2026-03-05 20:09:46,096 - INFO - Test loss: 0.171100, Test corr: 0.134946
2026-03-05 20:09:46,809 - INFO - Fraction of variance explained (FVE): 0.002826
2026-03-05 20:09:46,809 - INFO - Computing autoregressive (AR) test predictions …
2026-03-05 20:09:47,696 - INFO - AR FVE: 0.003976, AR test corr: 0.121214
2026-03-05 20:09:47,697 - INFO - Generating figures …
2026-03-05 20:09:48,332 - INFO - Correlation between predicted and actual per-neuron averages: r=0.9952, p=0.00e+00
2026-03-05 20:09:50,996 - INFO - Pattern selectivity summary:
2026-03-05 20:09:50,996 - INFO -   Mean correlation across neurons: 0.5124
2026-03-05 20:09:50,997 - INFO -   Median correlation: 0.5415
2026-03-05 20:09:50,997 - INFO -   Neurons with r > 0.5: 39 / 63
2026-03-05 20:09:50,997 - INFO -   Neurons with r > 0.3: 54 / 63
2026-03-05 20:09:50,997 - INFO - Pattern selectivity — mean neuron corr: 0.5124
2026-03-05 20:09:53,187 - INFO - LOO (avg rate) — Model mean r: 0.3817, LOO mean r: 0.4546, Neurons model > LOO: 13/63
2026-03-05 20:09:55,904 - INFO - LOO (temporal) — Model mean r: 0.1408, LOO mean r: 0.3186, Neurons model > LOO: 2/63
2026-03-05 20:09:55,905 - INFO - Skipping oracle trial plots (skip_oracle_plots=True)
2026-03-05 20:09:55,910 - INFO - Experiment complete. Summary: {
  "run_dir": "/scratch/sb272/patterns5k_results/slurm_hist_cnn_2026-03-05_16-01-45/trial_0109_learning_rate=1.0e-04_history=5_kernel_sizes=5x3_conv_channels=128x256_fc_dims=512_seed0",
  "model_type": "cnn",
  "batch_avg_test_loss": 0.17109987103939056,
  "batch_avg_test_corr": 0.13494604753840223,
  "all_test_fve": 0.0028263585908072336,
  "AR_FVE": 0.003975802943820045,
  "AR_test_correlation": 0.12121402472257614,
  "best_val_corr": 0.14010646319782388,
  "total_params": 330559,
  "trainable_params": 330559,
  "epochs_trained": 50,
  "mean_pattern_corr": 0.512416995803548,
  "history": 5,
  "init_state": true,
  "loo_avg_mean_corr": 0.45456832695830385,
  "model_avg_mean_corr": 0.38173628712829166,
  "neurons_model_beats_loo_avg": 13,
  "loo_temporal_mean_corr": 0.31855225563049316,
  "all_test_corr": 0.1407618224620819,
  "neurons_model_beats_loo_temporal": 2,
  "kernel_sizes": [
    5,
    3
  ],
  "conv_channels": [
    128,
    256
  ],
  "fc_dims": [
    512
  ]
}
