2026-03-06 00:37:20,630 - INFO - ============================================================
2026-03-06 00:37:20,630 - INFO - Experiment run directory: /scratch/sb272/patterns5k_results/slurm_hist_cnn_2026-03-05_16-01-45/trial_0413_learning_rate=5.0e-04_history=5_kernel_sizes=5x3x3_conv_channels=64x128x256_fc_dims=256_seed1
2026-03-06 00:37:20,630 - INFO - ============================================================
2026-03-06 00:37:20,631 - INFO - Loading data …
2026-03-06 00:37:21,685 - INFO - 63 unique neurons after dropping problematic neurons
2026-03-06 00:37:23,115 - INFO - Stimulation channels: 42, Spiking neurons: 63
2026-03-06 00:39:59,734 - INFO - Unique patterns: 4050, Total trials: 5000
2026-03-06 00:39:59,735 - INFO - Stimulation channels: 42, Spiking neurons: 63
2026-03-06 00:39:59,735 - INFO - Unique patterns: 4050, Total trials: 5000
2026-03-06 00:39:59,757 - INFO - Split (oracle): train=3400, val=600, test=1000
2026-03-06 00:40:33,268 - INFO - BinnedStimSpikeDataset initialized:
2026-03-06 00:40:33,270 - INFO -   input_bin_size_ms=10, output_bin_size_ms=10
2026-03-06 00:40:33,270 - INFO -   n_input_bins=60, n_output_bins=60
2026-03-06 00:40:33,270 - INFO -   output_offset=0, total_bins_input=60, total_bins_output=60
2026-03-06 00:40:33,270 - INFO -   Valid start positions per trial: 0 to 0
2026-03-06 00:40:33,270 - INFO -   Total samples: 3400 (3400 trials × 1 positions)
2026-03-06 00:41:04,298 - INFO - BinnedStimSpikeDataset initialized:
2026-03-06 00:41:04,298 - INFO -   input_bin_size_ms=10, output_bin_size_ms=10
2026-03-06 00:41:04,298 - INFO -   n_input_bins=60, n_output_bins=60
2026-03-06 00:41:04,298 - INFO -   output_offset=0, total_bins_input=60, total_bins_output=60
2026-03-06 00:41:04,298 - INFO -   Valid start positions per trial: 0 to 0
2026-03-06 00:41:04,298 - INFO -   Total samples: 600 (600 trials × 1 positions)
2026-03-06 00:41:36,609 - INFO - BinnedStimSpikeDataset initialized:
2026-03-06 00:41:36,610 - INFO -   input_bin_size_ms=10, output_bin_size_ms=10
2026-03-06 00:41:36,610 - INFO -   n_input_bins=60, n_output_bins=60
2026-03-06 00:41:36,610 - INFO -   output_offset=0, total_bins_input=60, total_bins_output=60
2026-03-06 00:41:36,610 - INFO -   Valid start positions per trial: 0 to 0
2026-03-06 00:41:36,610 - INFO -   Total samples: 1000 (1000 trials × 1 positions)
2026-03-06 00:41:36,610 - INFO - Samples — train: 3400, val: 600, test: 1000
2026-03-06 00:41:36,610 - INFO - Input channels: 105, Neurons: 63
2026-03-06 00:41:36,614 - INFO - Using CPU
2026-03-06 00:41:36,633 - INFO - Model: CNN — 239,807 trainable params (239,807 total)
2026-03-06 00:41:40,295 - INFO - Starting training …
2026-03-06 00:41:52,010 - INFO - Epoch   1/50 | Train: 0.232153 | Val: 0.183868 | Corr: 0.083626 | LR: 5.00e-04
2026-03-06 00:41:52,027 - INFO -   ↳ Saved best model (val_corr=0.083626)
2026-03-06 00:42:03,786 - INFO - Epoch   2/50 | Train: 0.183763 | Val: 0.181797 | Corr: 0.094823 | LR: 5.00e-04
2026-03-06 00:42:03,799 - INFO -   ↳ Saved best model (val_corr=0.094823)
2026-03-06 00:42:15,881 - INFO - Epoch   3/50 | Train: 0.181814 | Val: 0.180060 | Corr: 0.102728 | LR: 5.00e-04
2026-03-06 00:42:15,895 - INFO -   ↳ Saved best model (val_corr=0.102728)
2026-03-06 00:42:25,723 - INFO - Epoch   4/50 | Train: 0.180486 | Val: 0.179494 | Corr: 0.108553 | LR: 5.00e-04
2026-03-06 00:42:25,737 - INFO -   ↳ Saved best model (val_corr=0.108553)
2026-03-06 00:42:35,738 - INFO - Epoch   5/50 | Train: 0.179433 | Val: 0.178581 | Corr: 0.114400 | LR: 5.00e-04
2026-03-06 00:42:35,753 - INFO -   ↳ Saved best model (val_corr=0.114400)
2026-03-06 00:42:46,164 - INFO - Epoch   6/50 | Train: 0.178592 | Val: 0.178405 | Corr: 0.119019 | LR: 5.00e-04
2026-03-06 00:42:46,179 - INFO -   ↳ Saved best model (val_corr=0.119019)
2026-03-06 00:42:58,359 - INFO - Epoch   7/50 | Train: 0.177765 | Val: 0.177547 | Corr: 0.125430 | LR: 5.00e-04
2026-03-06 00:42:58,377 - INFO -   ↳ Saved best model (val_corr=0.125430)
2026-03-06 00:43:09,538 - INFO - Epoch   8/50 | Train: 0.177154 | Val: 0.177374 | Corr: 0.127780 | LR: 5.00e-04
2026-03-06 00:43:09,551 - INFO -   ↳ Saved best model (val_corr=0.127780)
2026-03-06 00:43:19,323 - INFO - Epoch   9/50 | Train: 0.176541 | Val: 0.176781 | Corr: 0.131962 | LR: 5.00e-04
2026-03-06 00:43:19,338 - INFO -   ↳ Saved best model (val_corr=0.131962)
2026-03-06 00:43:29,407 - INFO - Epoch  10/50 | Train: 0.176199 | Val: 0.176726 | Corr: 0.133783 | LR: 5.00e-04
2026-03-06 00:43:29,419 - INFO -   ↳ Saved best model (val_corr=0.133783)
2026-03-06 00:43:40,329 - INFO - Epoch  11/50 | Train: 0.175670 | Val: 0.176156 | Corr: 0.137957 | LR: 5.00e-04
2026-03-06 00:43:40,342 - INFO -   ↳ Saved best model (val_corr=0.137957)
2026-03-06 00:43:52,448 - INFO - Epoch  12/50 | Train: 0.175210 | Val: 0.175887 | Corr: 0.140586 | LR: 5.00e-04
2026-03-06 00:43:52,463 - INFO -   ↳ Saved best model (val_corr=0.140586)
2026-03-06 00:44:03,077 - INFO - Epoch  13/50 | Train: 0.174720 | Val: 0.175986 | Corr: 0.142018 | LR: 5.00e-04
2026-03-06 00:44:03,095 - INFO -   ↳ Saved best model (val_corr=0.142018)
2026-03-06 00:44:13,069 - INFO - Epoch  14/50 | Train: 0.174380 | Val: 0.175453 | Corr: 0.144585 | LR: 5.00e-04
2026-03-06 00:44:13,082 - INFO -   ↳ Saved best model (val_corr=0.144585)
2026-03-06 00:44:23,195 - INFO - Epoch  15/50 | Train: 0.173988 | Val: 0.175256 | Corr: 0.146575 | LR: 5.00e-04
2026-03-06 00:44:23,205 - INFO -   ↳ Saved best model (val_corr=0.146575)
2026-03-06 00:44:34,741 - INFO - Epoch  16/50 | Train: 0.173692 | Val: 0.175888 | Corr: 0.146258 | LR: 5.00e-04
2026-03-06 00:44:46,781 - INFO - Epoch  17/50 | Train: 0.173435 | Val: 0.175178 | Corr: 0.148252 | LR: 5.00e-04
2026-03-06 00:44:46,796 - INFO -   ↳ Saved best model (val_corr=0.148252)
2026-03-06 00:44:56,638 - INFO - Epoch  18/50 | Train: 0.173119 | Val: 0.174581 | Corr: 0.150450 | LR: 5.00e-04
2026-03-06 00:44:56,652 - INFO -   ↳ Saved best model (val_corr=0.150450)
2026-03-06 00:45:06,723 - INFO - Epoch  19/50 | Train: 0.172948 | Val: 0.174604 | Corr: 0.150933 | LR: 5.00e-04
2026-03-06 00:45:06,737 - INFO -   ↳ Saved best model (val_corr=0.150933)
2026-03-06 00:45:16,828 - INFO - Epoch  20/50 | Train: 0.172642 | Val: 0.174613 | Corr: 0.152320 | LR: 5.00e-04
2026-03-06 00:45:16,843 - INFO -   ↳ Saved best model (val_corr=0.152320)
2026-03-06 00:45:28,866 - INFO - Epoch  21/50 | Train: 0.172500 | Val: 0.174534 | Corr: 0.153671 | LR: 5.00e-04
2026-03-06 00:45:28,880 - INFO -   ↳ Saved best model (val_corr=0.153671)
2026-03-06 00:45:40,486 - INFO - Epoch  22/50 | Train: 0.172226 | Val: 0.174576 | Corr: 0.154675 | LR: 5.00e-04
2026-03-06 00:45:40,500 - INFO -   ↳ Saved best model (val_corr=0.154675)
2026-03-06 00:45:50,453 - INFO - Epoch  23/50 | Train: 0.171975 | Val: 0.174295 | Corr: 0.155389 | LR: 5.00e-04
2026-03-06 00:45:50,468 - INFO -   ↳ Saved best model (val_corr=0.155389)
2026-03-06 00:46:00,540 - INFO - Epoch  24/50 | Train: 0.171627 | Val: 0.174383 | Corr: 0.156229 | LR: 5.00e-04
2026-03-06 00:46:00,553 - INFO -   ↳ Saved best model (val_corr=0.156229)
2026-03-06 00:46:11,341 - INFO - Epoch  25/50 | Train: 0.171609 | Val: 0.174113 | Corr: 0.157095 | LR: 5.00e-04
2026-03-06 00:46:11,358 - INFO -   ↳ Saved best model (val_corr=0.157095)
2026-03-06 00:46:23,310 - INFO - Epoch  26/50 | Train: 0.171390 | Val: 0.173946 | Corr: 0.158064 | LR: 5.00e-04
2026-03-06 00:46:23,327 - INFO -   ↳ Saved best model (val_corr=0.158064)
2026-03-06 00:46:34,110 - INFO - Epoch  27/50 | Train: 0.171348 | Val: 0.173997 | Corr: 0.157380 | LR: 5.00e-04
2026-03-06 00:46:44,026 - INFO - Epoch  28/50 | Train: 0.171155 | Val: 0.173878 | Corr: 0.158475 | LR: 5.00e-04
2026-03-06 00:46:44,039 - INFO -   ↳ Saved best model (val_corr=0.158475)
2026-03-06 00:46:54,152 - INFO - Epoch  29/50 | Train: 0.170969 | Val: 0.174242 | Corr: 0.158496 | LR: 5.00e-04
2026-03-06 00:46:54,167 - INFO -   ↳ Saved best model (val_corr=0.158496)
2026-03-06 00:47:05,382 - INFO - Epoch  30/50 | Train: 0.170782 | Val: 0.174228 | Corr: 0.158627 | LR: 5.00e-04
2026-03-06 00:47:05,396 - INFO -   ↳ Saved best model (val_corr=0.158627)
2026-03-06 00:47:17,373 - INFO - Epoch  31/50 | Train: 0.170528 | Val: 0.173842 | Corr: 0.159459 | LR: 5.00e-04
2026-03-06 00:47:17,390 - INFO -   ↳ Saved best model (val_corr=0.159459)
2026-03-06 00:47:27,604 - INFO - Epoch  32/50 | Train: 0.170464 | Val: 0.174150 | Corr: 0.160796 | LR: 5.00e-04
2026-03-06 00:47:27,618 - INFO -   ↳ Saved best model (val_corr=0.160796)
2026-03-06 00:47:37,695 - INFO - Epoch  33/50 | Train: 0.170391 | Val: 0.173731 | Corr: 0.161151 | LR: 5.00e-04
2026-03-06 00:47:37,709 - INFO -   ↳ Saved best model (val_corr=0.161151)
2026-03-06 00:47:47,769 - INFO - Epoch  34/50 | Train: 0.170090 | Val: 0.173865 | Corr: 0.160636 | LR: 5.00e-04
2026-03-06 00:47:59,569 - INFO - Epoch  35/50 | Train: 0.169973 | Val: 0.174014 | Corr: 0.160180 | LR: 5.00e-04
2026-03-06 00:48:11,493 - INFO - Epoch  36/50 | Train: 0.169929 | Val: 0.173743 | Corr: 0.161470 | LR: 5.00e-04
2026-03-06 00:48:11,508 - INFO -   ↳ Saved best model (val_corr=0.161470)
2026-03-06 00:48:21,459 - INFO - Epoch  37/50 | Train: 0.169836 | Val: 0.173786 | Corr: 0.162004 | LR: 5.00e-04
2026-03-06 00:48:21,481 - INFO -   ↳ Saved best model (val_corr=0.162004)
2026-03-06 00:48:31,558 - INFO - Epoch  38/50 | Train: 0.169622 | Val: 0.173728 | Corr: 0.161847 | LR: 5.00e-04
2026-03-06 00:48:42,125 - INFO - Epoch  39/50 | Train: 0.169560 | Val: 0.174153 | Corr: 0.160723 | LR: 2.50e-04
2026-03-06 00:48:54,159 - INFO - Epoch  40/50 | Train: 0.169097 | Val: 0.173570 | Corr: 0.163235 | LR: 2.50e-04
2026-03-06 00:48:54,178 - INFO -   ↳ Saved best model (val_corr=0.163235)
2026-03-06 00:49:05,087 - INFO - Epoch  41/50 | Train: 0.168722 | Val: 0.173729 | Corr: 0.163603 | LR: 2.50e-04
2026-03-06 00:49:05,102 - INFO -   ↳ Saved best model (val_corr=0.163603)
2026-03-06 00:49:15,076 - INFO - Epoch  42/50 | Train: 0.168642 | Val: 0.173797 | Corr: 0.163528 | LR: 2.50e-04
2026-03-06 00:49:25,193 - INFO - Epoch  43/50 | Train: 0.168574 | Val: 0.173925 | Corr: 0.161757 | LR: 2.50e-04
2026-03-06 00:49:36,199 - INFO - Epoch  44/50 | Train: 0.168641 | Val: 0.173832 | Corr: 0.162940 | LR: 2.50e-04
2026-03-06 00:49:48,165 - INFO - Epoch  45/50 | Train: 0.168584 | Val: 0.173531 | Corr: 0.163075 | LR: 2.50e-04
2026-03-06 00:49:58,593 - INFO - Epoch  46/50 | Train: 0.168492 | Val: 0.173728 | Corr: 0.163092 | LR: 2.50e-04
2026-03-06 00:50:08,631 - INFO - Epoch  47/50 | Train: 0.168382 | Val: 0.173608 | Corr: 0.164054 | LR: 2.50e-04
2026-03-06 00:50:08,650 - INFO -   ↳ Saved best model (val_corr=0.164054)
2026-03-06 00:50:18,683 - INFO - Epoch  48/50 | Train: 0.168287 | Val: 0.173602 | Corr: 0.164303 | LR: 2.50e-04
2026-03-06 00:50:18,696 - INFO -   ↳ Saved best model (val_corr=0.164303)
2026-03-06 00:50:30,180 - INFO - Epoch  49/50 | Train: 0.168265 | Val: 0.173563 | Corr: 0.164069 | LR: 2.50e-04
2026-03-06 00:50:42,139 - INFO - Epoch  50/50 | Train: 0.168130 | Val: 0.173771 | Corr: 0.163781 | LR: 2.50e-04
2026-03-06 00:50:42,139 - INFO - Training complete — best val corr: 0.164303
2026-03-06 00:50:44,424 - INFO - Test loss: 0.164977, Test corr: 0.154943
2026-03-06 00:50:45,141 - INFO - Fraction of variance explained (FVE): 0.030127
2026-03-06 00:50:45,141 - INFO - Computing autoregressive (AR) test predictions …
2026-03-06 00:50:46,188 - INFO - AR FVE: 0.015285, AR test corr: 0.115064
2026-03-06 00:50:46,188 - INFO - Generating figures …
2026-03-06 00:50:46,855 - INFO - Correlation between predicted and actual per-neuron averages: r=0.9943, p=0.00e+00
2026-03-06 00:50:49,812 - INFO - Pattern selectivity summary:
2026-03-06 00:50:49,813 - INFO -   Mean correlation across neurons: 0.5530
2026-03-06 00:50:49,813 - INFO -   Median correlation: 0.6257
2026-03-06 00:50:49,813 - INFO -   Neurons with r > 0.5: 41 / 63
2026-03-06 00:50:49,813 - INFO -   Neurons with r > 0.3: 57 / 63
2026-03-06 00:50:49,813 - INFO - Pattern selectivity — mean neuron corr: 0.5530
2026-03-06 00:50:52,290 - INFO - LOO (avg rate) — Model mean r: 0.4178, LOO mean r: 0.4546, Neurons model > LOO: 15/63
2026-03-06 00:50:56,207 - INFO - LOO (temporal) — Model mean r: 0.1636, LOO mean r: 0.3186, Neurons model > LOO: 2/63
2026-03-06 00:50:56,208 - INFO - Skipping oracle trial plots (skip_oracle_plots=True)
2026-03-06 00:50:56,215 - INFO - Experiment complete. Summary: {
  "run_dir": "/scratch/sb272/patterns5k_results/slurm_hist_cnn_2026-03-05_16-01-45/trial_0413_learning_rate=5.0e-04_history=5_kernel_sizes=5x3x3_conv_channels=64x128x256_fc_dims=256_seed1",
  "model_type": "cnn",
  "batch_avg_test_loss": 0.16497658836841583,
  "batch_avg_test_corr": 0.15494293630602643,
  "all_test_fve": 0.030126923606509252,
  "AR_FVE": 0.015284917657337492,
  "AR_test_correlation": 0.11506427824497223,
  "best_val_corr": 0.1643032754439117,
  "total_params": 239807,
  "trainable_params": 239807,
  "epochs_trained": 50,
  "mean_pattern_corr": 0.552999851670346,
  "history": 5,
  "init_state": true,
  "loo_avg_mean_corr": 0.45456832695830385,
  "model_avg_mean_corr": 0.4177782861407457,
  "neurons_model_beats_loo_avg": 15,
  "loo_temporal_mean_corr": 0.31855225563049316,
  "all_test_corr": 0.16364166140556335,
  "neurons_model_beats_loo_temporal": 2,
  "kernel_sizes": [
    5,
    3,
    3
  ],
  "conv_channels": [
    64,
    128,
    256
  ],
  "fc_dims": [
    256
  ]
}
