2026-03-04 17:51:44,228 - INFO - ============================================================
2026-03-04 17:51:44,228 - INFO - Experiment run directory: /scratch/sb272/patterns5k_results/slurm_base_cnn_2026-03-04_16-53-19/trial_0181_learning_rate=5.0e-03_kernel_sizes=3x3_conv_channels=64x128_fc_dims=256_seed4
2026-03-04 17:51:44,228 - INFO - ============================================================
2026-03-04 17:51:44,228 - INFO - Loading data …
2026-03-04 17:51:45,098 - INFO - 63 unique neurons after dropping problematic neurons
2026-03-04 17:51:46,271 - INFO - Stimulation channels: 42, Spiking neurons: 63
2026-03-04 17:53:41,826 - INFO - Unique patterns: 4050, Total trials: 5000
2026-03-04 17:53:41,827 - INFO - Stimulation channels: 42, Spiking neurons: 63
2026-03-04 17:53:41,827 - INFO - Unique patterns: 4050, Total trials: 5000
2026-03-04 17:53:41,842 - INFO - Split (oracle): train=3400, val=600, test=1000
2026-03-04 17:54:05,224 - INFO - BinnedStimSpikeDataset initialized:
2026-03-04 17:54:05,225 - INFO -   input_bin_size_ms=10, output_bin_size_ms=10
2026-03-04 17:54:05,225 - INFO -   n_input_bins=60, n_output_bins=60
2026-03-04 17:54:05,225 - INFO -   output_offset=0, total_bins_input=60, total_bins_output=60
2026-03-04 17:54:05,225 - INFO -   Valid start positions per trial: 0 to 0
2026-03-04 17:54:05,225 - INFO -   Total samples: 3400 (3400 trials × 1 positions)
2026-03-04 17:54:28,081 - INFO - BinnedStimSpikeDataset initialized:
2026-03-04 17:54:28,081 - INFO -   input_bin_size_ms=10, output_bin_size_ms=10
2026-03-04 17:54:28,081 - INFO -   n_input_bins=60, n_output_bins=60
2026-03-04 17:54:28,082 - INFO -   output_offset=0, total_bins_input=60, total_bins_output=60
2026-03-04 17:54:28,082 - INFO -   Valid start positions per trial: 0 to 0
2026-03-04 17:54:28,082 - INFO -   Total samples: 600 (600 trials × 1 positions)
2026-03-04 17:54:51,201 - INFO - BinnedStimSpikeDataset initialized:
2026-03-04 17:54:51,201 - INFO -   input_bin_size_ms=10, output_bin_size_ms=10
2026-03-04 17:54:51,201 - INFO -   n_input_bins=60, n_output_bins=60
2026-03-04 17:54:51,201 - INFO -   output_offset=0, total_bins_input=60, total_bins_output=60
2026-03-04 17:54:51,201 - INFO -   Valid start positions per trial: 0 to 0
2026-03-04 17:54:51,201 - INFO -   Total samples: 1000 (1000 trials × 1 positions)
2026-03-04 17:54:51,201 - INFO - Samples — train: 3400, val: 600, test: 1000
2026-03-04 17:54:51,201 - INFO - Input channels: 42, Neurons: 63
2026-03-04 17:54:51,217 - INFO - Using CPU
2026-03-04 17:54:51,232 - INFO - Model: CNN — 82,431 trainable params (82,431 total)
2026-03-04 17:54:53,972 - INFO - Starting training …
2026-03-04 17:54:58,527 - INFO - Epoch   1/50 | Train: 0.200204 | Val: 0.185742 | Corr: 0.079260 | LR: 5.00e-03
2026-03-04 17:54:58,536 - INFO -   ↳ Saved best model (val_corr=0.079260)
2026-03-04 17:55:02,123 - INFO - Epoch   2/50 | Train: 0.182160 | Val: 0.181672 | Corr: 0.097676 | LR: 5.00e-03
2026-03-04 17:55:02,130 - INFO -   ↳ Saved best model (val_corr=0.097676)
2026-03-04 17:55:05,658 - INFO - Epoch   3/50 | Train: 0.180317 | Val: 0.180051 | Corr: 0.114525 | LR: 5.00e-03
2026-03-04 17:55:05,666 - INFO -   ↳ Saved best model (val_corr=0.114525)
2026-03-04 17:55:09,185 - INFO - Epoch   4/50 | Train: 0.179370 | Val: 0.179391 | Corr: 0.120148 | LR: 5.00e-03
2026-03-04 17:55:09,195 - INFO -   ↳ Saved best model (val_corr=0.120148)
2026-03-04 17:55:12,760 - INFO - Epoch   5/50 | Train: 0.178750 | Val: 0.178885 | Corr: 0.123419 | LR: 5.00e-03
2026-03-04 17:55:12,769 - INFO -   ↳ Saved best model (val_corr=0.123419)
2026-03-04 17:55:16,339 - INFO - Epoch   6/50 | Train: 0.178281 | Val: 0.178349 | Corr: 0.127269 | LR: 5.00e-03
2026-03-04 17:55:16,352 - INFO -   ↳ Saved best model (val_corr=0.127269)
2026-03-04 17:55:19,915 - INFO - Epoch   7/50 | Train: 0.178077 | Val: 0.178227 | Corr: 0.128718 | LR: 5.00e-03
2026-03-04 17:55:19,921 - INFO -   ↳ Saved best model (val_corr=0.128718)
2026-03-04 17:55:23,478 - INFO - Epoch   8/50 | Train: 0.177772 | Val: 0.178348 | Corr: 0.131524 | LR: 5.00e-03
2026-03-04 17:55:23,486 - INFO -   ↳ Saved best model (val_corr=0.131524)
2026-03-04 17:55:27,013 - INFO - Epoch   9/50 | Train: 0.177624 | Val: 0.177805 | Corr: 0.132765 | LR: 5.00e-03
2026-03-04 17:55:27,019 - INFO -   ↳ Saved best model (val_corr=0.132765)
2026-03-04 17:55:30,566 - INFO - Epoch  10/50 | Train: 0.177376 | Val: 0.178060 | Corr: 0.131965 | LR: 5.00e-03
2026-03-04 17:55:34,098 - INFO - Epoch  11/50 | Train: 0.177240 | Val: 0.177671 | Corr: 0.133732 | LR: 5.00e-03
2026-03-04 17:55:34,105 - INFO -   ↳ Saved best model (val_corr=0.133732)
2026-03-04 17:55:37,646 - INFO - Epoch  12/50 | Train: 0.177008 | Val: 0.177925 | Corr: 0.132771 | LR: 5.00e-03
2026-03-04 17:55:41,192 - INFO - Epoch  13/50 | Train: 0.176919 | Val: 0.179090 | Corr: 0.135125 | LR: 5.00e-03
2026-03-04 17:55:41,199 - INFO -   ↳ Saved best model (val_corr=0.135125)
2026-03-04 17:55:44,801 - INFO - Epoch  14/50 | Train: 0.176673 | Val: 0.177464 | Corr: 0.136635 | LR: 5.00e-03
2026-03-04 17:55:44,807 - INFO -   ↳ Saved best model (val_corr=0.136635)
2026-03-04 17:55:48,416 - INFO - Epoch  15/50 | Train: 0.176722 | Val: 0.177541 | Corr: 0.136013 | LR: 5.00e-03
2026-03-04 17:55:51,951 - INFO - Epoch  16/50 | Train: 0.176463 | Val: 0.177869 | Corr: 0.134752 | LR: 5.00e-03
2026-03-04 17:55:55,487 - INFO - Epoch  17/50 | Train: 0.176419 | Val: 0.177605 | Corr: 0.136770 | LR: 5.00e-03
2026-03-04 17:55:55,495 - INFO -   ↳ Saved best model (val_corr=0.136770)
2026-03-04 17:55:59,022 - INFO - Epoch  18/50 | Train: 0.176225 | Val: 0.177426 | Corr: 0.136294 | LR: 5.00e-03
2026-03-04 17:56:02,535 - INFO - Epoch  19/50 | Train: 0.176085 | Val: 0.177683 | Corr: 0.136655 | LR: 5.00e-03
2026-03-04 17:56:06,064 - INFO - Epoch  20/50 | Train: 0.176020 | Val: 0.177415 | Corr: 0.136681 | LR: 5.00e-03
2026-03-04 17:56:09,589 - INFO - Epoch  21/50 | Train: 0.175996 | Val: 0.177318 | Corr: 0.137830 | LR: 5.00e-03
2026-03-04 17:56:09,596 - INFO -   ↳ Saved best model (val_corr=0.137830)
2026-03-04 17:56:13,186 - INFO - Epoch  22/50 | Train: 0.175929 | Val: 0.177518 | Corr: 0.138591 | LR: 5.00e-03
2026-03-04 17:56:13,199 - INFO -   ↳ Saved best model (val_corr=0.138591)
2026-03-04 17:56:16,812 - INFO - Epoch  23/50 | Train: 0.175835 | Val: 0.177709 | Corr: 0.136302 | LR: 5.00e-03
2026-03-04 17:56:20,396 - INFO - Epoch  24/50 | Train: 0.175688 | Val: 0.177285 | Corr: 0.137633 | LR: 5.00e-03
2026-03-04 17:56:23,980 - INFO - Epoch  25/50 | Train: 0.175592 | Val: 0.177357 | Corr: 0.138064 | LR: 5.00e-03
2026-03-04 17:56:27,566 - INFO - Epoch  26/50 | Train: 0.175673 | Val: 0.177414 | Corr: 0.138423 | LR: 5.00e-03
2026-03-04 17:56:31,169 - INFO - Epoch  27/50 | Train: 0.175509 | Val: 0.177404 | Corr: 0.137437 | LR: 5.00e-03
2026-03-04 17:56:34,770 - INFO - Epoch  28/50 | Train: 0.175401 | Val: 0.177442 | Corr: 0.137398 | LR: 5.00e-03
2026-03-04 17:56:38,406 - INFO - Epoch  29/50 | Train: 0.175338 | Val: 0.177350 | Corr: 0.138305 | LR: 5.00e-03
2026-03-04 17:56:42,033 - INFO - Epoch  30/50 | Train: 0.175255 | Val: 0.177583 | Corr: 0.138345 | LR: 2.50e-03
2026-03-04 17:56:45,651 - INFO - Epoch  31/50 | Train: 0.174654 | Val: 0.176985 | Corr: 0.139383 | LR: 2.50e-03
2026-03-04 17:56:45,665 - INFO -   ↳ Saved best model (val_corr=0.139383)
2026-03-04 17:56:49,313 - INFO - Epoch  32/50 | Train: 0.174489 | Val: 0.177253 | Corr: 0.138547 | LR: 2.50e-03
2026-03-04 17:56:52,968 - INFO - Epoch  33/50 | Train: 0.174420 | Val: 0.177283 | Corr: 0.139066 | LR: 2.50e-03
2026-03-04 17:56:56,490 - INFO - Epoch  34/50 | Train: 0.174396 | Val: 0.177082 | Corr: 0.139354 | LR: 2.50e-03
2026-03-04 17:57:00,014 - INFO - Epoch  35/50 | Train: 0.174288 | Val: 0.176986 | Corr: 0.139570 | LR: 2.50e-03
2026-03-04 17:57:00,021 - INFO -   ↳ Saved best model (val_corr=0.139570)
2026-03-04 17:57:03,534 - INFO - Epoch  36/50 | Train: 0.174298 | Val: 0.177034 | Corr: 0.140125 | LR: 2.50e-03
2026-03-04 17:57:03,542 - INFO -   ↳ Saved best model (val_corr=0.140125)
2026-03-04 17:57:07,074 - INFO - Epoch  37/50 | Train: 0.174304 | Val: 0.177207 | Corr: 0.138752 | LR: 1.25e-03
2026-03-04 17:57:10,513 - INFO - Epoch  38/50 | Train: 0.173898 | Val: 0.177027 | Corr: 0.139812 | LR: 1.25e-03
2026-03-04 17:57:13,984 - INFO - Epoch  39/50 | Train: 0.173856 | Val: 0.176960 | Corr: 0.139584 | LR: 1.25e-03
2026-03-04 17:57:17,435 - INFO - Epoch  40/50 | Train: 0.173800 | Val: 0.176929 | Corr: 0.139761 | LR: 1.25e-03
2026-03-04 17:57:20,869 - INFO - Epoch  41/50 | Train: 0.173819 | Val: 0.176971 | Corr: 0.139654 | LR: 1.25e-03
2026-03-04 17:57:24,300 - INFO - Epoch  42/50 | Train: 0.173753 | Val: 0.176958 | Corr: 0.140133 | LR: 1.25e-03
2026-03-04 17:57:24,307 - INFO -   ↳ Saved best model (val_corr=0.140133)
2026-03-04 17:57:27,740 - INFO - Epoch  43/50 | Train: 0.173683 | Val: 0.177114 | Corr: 0.139949 | LR: 1.25e-03
2026-03-04 17:57:31,180 - INFO - Epoch  44/50 | Train: 0.173664 | Val: 0.177020 | Corr: 0.139538 | LR: 1.25e-03
2026-03-04 17:57:34,594 - INFO - Epoch  45/50 | Train: 0.173684 | Val: 0.177086 | Corr: 0.139331 | LR: 1.25e-03
2026-03-04 17:57:38,015 - INFO - Epoch  46/50 | Train: 0.173601 | Val: 0.177075 | Corr: 0.138786 | LR: 6.25e-04
2026-03-04 17:57:41,429 - INFO - Epoch  47/50 | Train: 0.173480 | Val: 0.176933 | Corr: 0.139625 | LR: 6.25e-04
2026-03-04 17:57:44,839 - INFO - Epoch  48/50 | Train: 0.173364 | Val: 0.176982 | Corr: 0.139780 | LR: 6.25e-04
2026-03-04 17:57:48,266 - INFO - Epoch  49/50 | Train: 0.173374 | Val: 0.176981 | Corr: 0.139593 | LR: 6.25e-04
2026-03-04 17:57:51,676 - INFO - Epoch  50/50 | Train: 0.173364 | Val: 0.176993 | Corr: 0.139512 | LR: 6.25e-04
2026-03-04 17:57:51,676 - INFO - Training complete — best val corr: 0.140133
2026-03-04 17:57:52,930 - INFO - Test loss: 0.168473, Test corr: 0.134567
2026-03-04 17:57:53,181 - INFO - Fraction of variance explained (FVE): 0.021939
2026-03-04 17:57:53,181 - INFO - Generating figures …
2026-03-04 17:57:53,639 - INFO - Correlation between predicted and actual per-neuron averages: r=0.9942, p=0.00e+00
2026-03-04 17:57:55,445 - INFO - Pattern selectivity summary:
2026-03-04 17:57:55,445 - INFO -   Mean correlation across neurons: 0.5010
2026-03-04 17:57:55,445 - INFO -   Median correlation: 0.5229
2026-03-04 17:57:55,445 - INFO -   Neurons with r > 0.5: 34 / 63
2026-03-04 17:57:55,445 - INFO -   Neurons with r > 0.3: 51 / 63
2026-03-04 17:57:55,445 - INFO - Pattern selectivity — mean neuron corr: 0.5010
2026-03-04 17:57:56,842 - INFO - LOO (avg rate) — Model mean r: 0.2936, LOO mean r: 0.4546, Neurons model > LOO: 1/63
2026-03-04 17:57:58,749 - INFO - LOO (temporal) — Model mean r: 0.1356, LOO mean r: 0.3186, Neurons model > LOO: 0/63
2026-03-04 17:57:58,749 - INFO - Skipping oracle trial plots (skip_oracle_plots=True)
2026-03-04 17:57:58,754 - INFO - Experiment complete. Summary: {
  "run_dir": "/scratch/sb272/patterns5k_results/slurm_base_cnn_2026-03-04_16-53-19/trial_0181_learning_rate=5.0e-03_kernel_sizes=3x3_conv_channels=64x128_fc_dims=256_seed4",
  "model_type": "cnn",
  "batch_avg_test_loss": 0.16847322499752046,
  "batch_avg_test_corr": 0.1345670150419403,
  "all_test_fve": 0.021939317385355633,
  "AR_FVE": NaN,
  "AR_test_correlation": NaN,
  "best_val_corr": 0.14013302291068133,
  "total_params": 82431,
  "trainable_params": 82431,
  "epochs_trained": 50,
  "mean_pattern_corr": 0.5010189746825661,
  "history": 0,
  "init_state": true,
  "loo_avg_mean_corr": 0.45456832695830385,
  "model_avg_mean_corr": 0.2935879461981809,
  "neurons_model_beats_loo_avg": 1,
  "loo_temporal_mean_corr": 0.31855225563049316,
  "all_test_corr": 0.1355857104063034,
  "neurons_model_beats_loo_temporal": 0,
  "kernel_sizes": [
    3,
    3
  ],
  "conv_channels": [
    64,
    128
  ],
  "fc_dims": [
    256
  ]
}
