2026-03-04 19:49:26,023 - INFO - ============================================================
2026-03-04 19:49:26,024 - INFO - Experiment run directory: /scratch/sb272/patterns5k_results/slurm_base_cnn_2026-03-04_16-53-19/trial_0066_learning_rate=5.0e-04_kernel_sizes=3x3x3_conv_channels=32x64x128_fc_dims=128_seed3
2026-03-04 19:49:26,024 - INFO - ============================================================
2026-03-04 19:49:26,024 - INFO - Loading data …
2026-03-04 19:49:27,606 - INFO - 63 unique neurons after dropping problematic neurons
2026-03-04 19:49:28,516 - INFO - Stimulation channels: 42, Spiking neurons: 63
2026-03-04 19:50:39,414 - INFO - Unique patterns: 4050, Total trials: 5000
2026-03-04 19:50:39,415 - INFO - Stimulation channels: 42, Spiking neurons: 63
2026-03-04 19:50:39,415 - INFO - Unique patterns: 4050, Total trials: 5000
2026-03-04 19:50:39,426 - INFO - Split (oracle): train=3400, val=600, test=1000
2026-03-04 19:50:53,709 - INFO - BinnedStimSpikeDataset initialized:
2026-03-04 19:50:53,711 - INFO -   input_bin_size_ms=10, output_bin_size_ms=10
2026-03-04 19:50:53,711 - INFO -   n_input_bins=60, n_output_bins=60
2026-03-04 19:50:53,711 - INFO -   output_offset=0, total_bins_input=60, total_bins_output=60
2026-03-04 19:50:53,711 - INFO -   Valid start positions per trial: 0 to 0
2026-03-04 19:50:53,711 - INFO -   Total samples: 3400 (3400 trials × 1 positions)
2026-03-04 19:51:07,524 - INFO - BinnedStimSpikeDataset initialized:
2026-03-04 19:51:07,524 - INFO -   input_bin_size_ms=10, output_bin_size_ms=10
2026-03-04 19:51:07,524 - INFO -   n_input_bins=60, n_output_bins=60
2026-03-04 19:51:07,524 - INFO -   output_offset=0, total_bins_input=60, total_bins_output=60
2026-03-04 19:51:07,524 - INFO -   Valid start positions per trial: 0 to 0
2026-03-04 19:51:07,524 - INFO -   Total samples: 600 (600 trials × 1 positions)
2026-03-04 19:51:21,387 - INFO - BinnedStimSpikeDataset initialized:
2026-03-04 19:51:21,387 - INFO -   input_bin_size_ms=10, output_bin_size_ms=10
2026-03-04 19:51:21,387 - INFO -   n_input_bins=60, n_output_bins=60
2026-03-04 19:51:21,387 - INFO -   output_offset=0, total_bins_input=60, total_bins_output=60
2026-03-04 19:51:21,387 - INFO -   Valid start positions per trial: 0 to 0
2026-03-04 19:51:21,387 - INFO -   Total samples: 1000 (1000 trials × 1 positions)
2026-03-04 19:51:21,387 - INFO - Samples — train: 3400, val: 600, test: 1000
2026-03-04 19:51:21,387 - INFO - Input channels: 42, Neurons: 63
2026-03-04 19:51:21,403 - INFO - Using CPU
2026-03-04 19:51:21,407 - INFO - Model: CNN — 60,063 trainable params (60,063 total)
2026-03-04 19:51:28,069 - INFO - Starting training …
2026-03-04 19:51:31,080 - INFO - Epoch   1/50 | Train: 0.275796 | Val: 0.182013 | Corr: 0.069416 | LR: 5.00e-04
2026-03-04 19:51:31,090 - INFO -   ↳ Saved best model (val_corr=0.069416)
2026-03-04 19:51:33,312 - INFO - Epoch   2/50 | Train: 0.186670 | Val: 0.180816 | Corr: 0.074001 | LR: 5.00e-04
2026-03-04 19:51:33,320 - INFO -   ↳ Saved best model (val_corr=0.074001)
2026-03-04 19:51:35,517 - INFO - Epoch   3/50 | Train: 0.185235 | Val: 0.180266 | Corr: 0.081081 | LR: 5.00e-04
2026-03-04 19:51:35,528 - INFO -   ↳ Saved best model (val_corr=0.081081)
2026-03-04 19:51:37,690 - INFO - Epoch   4/50 | Train: 0.184376 | Val: 0.179931 | Corr: 0.085320 | LR: 5.00e-04
2026-03-04 19:51:37,711 - INFO -   ↳ Saved best model (val_corr=0.085320)
2026-03-04 19:51:39,910 - INFO - Epoch   5/50 | Train: 0.183601 | Val: 0.179794 | Corr: 0.087875 | LR: 5.00e-04
2026-03-04 19:51:39,920 - INFO -   ↳ Saved best model (val_corr=0.087875)
2026-03-04 19:51:42,113 - INFO - Epoch   6/50 | Train: 0.183152 | Val: 0.179576 | Corr: 0.090572 | LR: 5.00e-04
2026-03-04 19:51:42,123 - INFO -   ↳ Saved best model (val_corr=0.090572)
2026-03-04 19:51:44,314 - INFO - Epoch   7/50 | Train: 0.182583 | Val: 0.179262 | Corr: 0.092887 | LR: 5.00e-04
2026-03-04 19:51:44,331 - INFO -   ↳ Saved best model (val_corr=0.092887)
2026-03-04 19:51:46,499 - INFO - Epoch   8/50 | Train: 0.182231 | Val: 0.178930 | Corr: 0.094258 | LR: 5.00e-04
2026-03-04 19:51:46,511 - INFO -   ↳ Saved best model (val_corr=0.094258)
2026-03-04 19:51:48,688 - INFO - Epoch   9/50 | Train: 0.181860 | Val: 0.178915 | Corr: 0.095580 | LR: 5.00e-04
2026-03-04 19:51:48,707 - INFO -   ↳ Saved best model (val_corr=0.095580)
2026-03-04 19:51:50,896 - INFO - Epoch  10/50 | Train: 0.181457 | Val: 0.178576 | Corr: 0.099295 | LR: 5.00e-04
2026-03-04 19:51:50,929 - INFO -   ↳ Saved best model (val_corr=0.099295)
2026-03-04 19:51:53,105 - INFO - Epoch  11/50 | Train: 0.181173 | Val: 0.178497 | Corr: 0.100959 | LR: 5.00e-04
2026-03-04 19:51:53,133 - INFO -   ↳ Saved best model (val_corr=0.100959)
2026-03-04 19:51:55,351 - INFO - Epoch  12/50 | Train: 0.181087 | Val: 0.178288 | Corr: 0.101877 | LR: 5.00e-04
2026-03-04 19:51:55,376 - INFO -   ↳ Saved best model (val_corr=0.101877)
2026-03-04 19:51:57,539 - INFO - Epoch  13/50 | Train: 0.180781 | Val: 0.178151 | Corr: 0.103700 | LR: 5.00e-04
2026-03-04 19:51:57,549 - INFO -   ↳ Saved best model (val_corr=0.103700)
2026-03-04 19:51:59,708 - INFO - Epoch  14/50 | Train: 0.180627 | Val: 0.177975 | Corr: 0.104823 | LR: 5.00e-04
2026-03-04 19:51:59,719 - INFO -   ↳ Saved best model (val_corr=0.104823)
2026-03-04 19:52:01,885 - INFO - Epoch  15/50 | Train: 0.180444 | Val: 0.177896 | Corr: 0.106419 | LR: 5.00e-04
2026-03-04 19:52:01,898 - INFO -   ↳ Saved best model (val_corr=0.106419)
2026-03-04 19:52:04,048 - INFO - Epoch  16/50 | Train: 0.180154 | Val: 0.177676 | Corr: 0.108813 | LR: 5.00e-04
2026-03-04 19:52:04,057 - INFO -   ↳ Saved best model (val_corr=0.108813)
2026-03-04 19:52:06,210 - INFO - Epoch  17/50 | Train: 0.179972 | Val: 0.177596 | Corr: 0.109676 | LR: 5.00e-04
2026-03-04 19:52:06,222 - INFO -   ↳ Saved best model (val_corr=0.109676)
2026-03-04 19:52:08,432 - INFO - Epoch  18/50 | Train: 0.179835 | Val: 0.177765 | Corr: 0.110478 | LR: 5.00e-04
2026-03-04 19:52:08,443 - INFO -   ↳ Saved best model (val_corr=0.110478)
2026-03-04 19:52:10,617 - INFO - Epoch  19/50 | Train: 0.179699 | Val: 0.177171 | Corr: 0.113577 | LR: 5.00e-04
2026-03-04 19:52:10,631 - INFO -   ↳ Saved best model (val_corr=0.113577)
2026-03-04 19:52:12,849 - INFO - Epoch  20/50 | Train: 0.179501 | Val: 0.177629 | Corr: 0.111734 | LR: 5.00e-04
2026-03-04 19:52:15,019 - INFO - Epoch  21/50 | Train: 0.179360 | Val: 0.177247 | Corr: 0.115442 | LR: 5.00e-04
2026-03-04 19:52:15,035 - INFO -   ↳ Saved best model (val_corr=0.115442)
2026-03-04 19:52:17,245 - INFO - Epoch  22/50 | Train: 0.179244 | Val: 0.177159 | Corr: 0.116026 | LR: 5.00e-04
2026-03-04 19:52:17,256 - INFO -   ↳ Saved best model (val_corr=0.116026)
2026-03-04 19:52:19,451 - INFO - Epoch  23/50 | Train: 0.179053 | Val: 0.177082 | Corr: 0.116668 | LR: 5.00e-04
2026-03-04 19:52:19,459 - INFO -   ↳ Saved best model (val_corr=0.116668)
2026-03-04 19:52:21,647 - INFO - Epoch  24/50 | Train: 0.178948 | Val: 0.176665 | Corr: 0.118683 | LR: 5.00e-04
2026-03-04 19:52:21,660 - INFO -   ↳ Saved best model (val_corr=0.118683)
2026-03-04 19:52:23,802 - INFO - Epoch  25/50 | Train: 0.178819 | Val: 0.176873 | Corr: 0.118488 | LR: 5.00e-04
2026-03-04 19:52:25,923 - INFO - Epoch  26/50 | Train: 0.178713 | Val: 0.176728 | Corr: 0.119904 | LR: 5.00e-04
2026-03-04 19:52:26,116 - INFO -   ↳ Saved best model (val_corr=0.119904)
2026-03-04 19:52:28,287 - INFO - Epoch  27/50 | Train: 0.178606 | Val: 0.176514 | Corr: 0.120989 | LR: 5.00e-04
2026-03-04 19:52:28,307 - INFO -   ↳ Saved best model (val_corr=0.120989)
2026-03-04 19:52:30,441 - INFO - Epoch  28/50 | Train: 0.178473 | Val: 0.176432 | Corr: 0.121690 | LR: 5.00e-04
2026-03-04 19:52:30,453 - INFO -   ↳ Saved best model (val_corr=0.121690)
2026-03-04 19:52:32,615 - INFO - Epoch  29/50 | Train: 0.178366 | Val: 0.176542 | Corr: 0.122869 | LR: 5.00e-04
2026-03-04 19:52:32,625 - INFO -   ↳ Saved best model (val_corr=0.122869)
2026-03-04 19:52:34,755 - INFO - Epoch  30/50 | Train: 0.178346 | Val: 0.176249 | Corr: 0.123647 | LR: 5.00e-04
2026-03-04 19:52:34,764 - INFO -   ↳ Saved best model (val_corr=0.123647)
2026-03-04 19:52:36,873 - INFO - Epoch  31/50 | Train: 0.178258 | Val: 0.176145 | Corr: 0.124724 | LR: 5.00e-04
2026-03-04 19:52:36,885 - INFO -   ↳ Saved best model (val_corr=0.124724)
2026-03-04 19:52:38,993 - INFO - Epoch  32/50 | Train: 0.178130 | Val: 0.176340 | Corr: 0.125791 | LR: 5.00e-04
2026-03-04 19:52:39,011 - INFO -   ↳ Saved best model (val_corr=0.125791)
2026-03-04 19:52:41,168 - INFO - Epoch  33/50 | Train: 0.178134 | Val: 0.176253 | Corr: 0.126656 | LR: 5.00e-04
2026-03-04 19:52:41,177 - INFO -   ↳ Saved best model (val_corr=0.126656)
2026-03-04 19:52:43,331 - INFO - Epoch  34/50 | Train: 0.178046 | Val: 0.176245 | Corr: 0.126261 | LR: 5.00e-04
2026-03-04 19:52:45,479 - INFO - Epoch  35/50 | Train: 0.178007 | Val: 0.176001 | Corr: 0.127921 | LR: 5.00e-04
2026-03-04 19:52:45,488 - INFO -   ↳ Saved best model (val_corr=0.127921)
2026-03-04 19:52:47,628 - INFO - Epoch  36/50 | Train: 0.177907 | Val: 0.175940 | Corr: 0.128447 | LR: 5.00e-04
2026-03-04 19:52:47,635 - INFO -   ↳ Saved best model (val_corr=0.128447)
2026-03-04 19:52:49,828 - INFO - Epoch  37/50 | Train: 0.177834 | Val: 0.175845 | Corr: 0.128702 | LR: 5.00e-04
2026-03-04 19:52:49,836 - INFO -   ↳ Saved best model (val_corr=0.128702)
2026-03-04 19:52:52,038 - INFO - Epoch  38/50 | Train: 0.177798 | Val: 0.176068 | Corr: 0.128860 | LR: 5.00e-04
2026-03-04 19:52:52,047 - INFO -   ↳ Saved best model (val_corr=0.128860)
2026-03-04 19:52:54,291 - INFO - Epoch  39/50 | Train: 0.177726 | Val: 0.175760 | Corr: 0.130395 | LR: 5.00e-04
2026-03-04 19:52:54,301 - INFO -   ↳ Saved best model (val_corr=0.130395)
2026-03-04 19:52:56,527 - INFO - Epoch  40/50 | Train: 0.177715 | Val: 0.175663 | Corr: 0.130389 | LR: 5.00e-04
2026-03-04 19:52:58,751 - INFO - Epoch  41/50 | Train: 0.177574 | Val: 0.175674 | Corr: 0.130906 | LR: 5.00e-04
2026-03-04 19:52:58,764 - INFO -   ↳ Saved best model (val_corr=0.130906)
2026-03-04 19:53:00,990 - INFO - Epoch  42/50 | Train: 0.177639 | Val: 0.175653 | Corr: 0.131340 | LR: 5.00e-04
2026-03-04 19:53:01,006 - INFO -   ↳ Saved best model (val_corr=0.131340)
2026-03-04 19:53:03,244 - INFO - Epoch  43/50 | Train: 0.177509 | Val: 0.175510 | Corr: 0.132182 | LR: 5.00e-04
2026-03-04 19:53:03,270 - INFO -   ↳ Saved best model (val_corr=0.132182)
2026-03-04 19:53:05,490 - INFO - Epoch  44/50 | Train: 0.177475 | Val: 0.175518 | Corr: 0.132105 | LR: 5.00e-04
2026-03-04 19:53:07,669 - INFO - Epoch  45/50 | Train: 0.177441 | Val: 0.175646 | Corr: 0.132733 | LR: 5.00e-04
2026-03-04 19:53:07,679 - INFO -   ↳ Saved best model (val_corr=0.132733)
2026-03-04 19:53:09,841 - INFO - Epoch  46/50 | Train: 0.177422 | Val: 0.175529 | Corr: 0.132608 | LR: 5.00e-04
2026-03-04 19:53:11,986 - INFO - Epoch  47/50 | Train: 0.177300 | Val: 0.175452 | Corr: 0.132463 | LR: 5.00e-04
2026-03-04 19:53:14,185 - INFO - Epoch  48/50 | Train: 0.177334 | Val: 0.175498 | Corr: 0.132888 | LR: 5.00e-04
2026-03-04 19:53:14,197 - INFO -   ↳ Saved best model (val_corr=0.132888)
2026-03-04 19:53:16,424 - INFO - Epoch  49/50 | Train: 0.177276 | Val: 0.175448 | Corr: 0.133263 | LR: 5.00e-04
2026-03-04 19:53:16,443 - INFO -   ↳ Saved best model (val_corr=0.133263)
2026-03-04 19:53:18,676 - INFO - Epoch  50/50 | Train: 0.177222 | Val: 0.175380 | Corr: 0.133727 | LR: 5.00e-04
2026-03-04 19:53:18,687 - INFO -   ↳ Saved best model (val_corr=0.133727)
2026-03-04 19:53:18,687 - INFO - Training complete — best val corr: 0.133727
2026-03-04 19:53:19,657 - INFO - Test loss: 0.168239, Test corr: 0.132533
2026-03-04 19:53:19,826 - INFO - Fraction of variance explained (FVE): 0.021480
2026-03-04 19:53:19,826 - INFO - Generating figures …
2026-03-04 19:53:20,338 - INFO - Correlation between predicted and actual per-neuron averages: r=0.9916, p=0.00e+00
2026-03-04 19:53:21,797 - INFO - Pattern selectivity summary:
2026-03-04 19:53:21,797 - INFO -   Mean correlation across neurons: 0.4684
2026-03-04 19:53:21,798 - INFO -   Median correlation: 0.5121
2026-03-04 19:53:21,798 - INFO -   Neurons with r > 0.5: 34 / 63
2026-03-04 19:53:21,798 - INFO -   Neurons with r > 0.3: 52 / 63
2026-03-04 19:53:21,798 - INFO - Pattern selectivity — mean neuron corr: 0.4684
2026-03-04 19:53:23,029 - INFO - LOO (avg rate) — Model mean r: 0.2721, LOO mean r: 0.4546, Neurons model > LOO: 1/63
2026-03-04 19:53:24,432 - INFO - LOO (temporal) — Model mean r: 0.1334, LOO mean r: 0.3186, Neurons model > LOO: 0/63
2026-03-04 19:53:24,432 - INFO - Skipping oracle trial plots (skip_oracle_plots=True)
2026-03-04 19:53:24,455 - INFO - Experiment complete. Summary: {
  "run_dir": "/scratch/sb272/patterns5k_results/slurm_base_cnn_2026-03-04_16-53-19/trial_0066_learning_rate=5.0e-04_kernel_sizes=3x3x3_conv_channels=32x64x128_fc_dims=128_seed3",
  "model_type": "cnn",
  "batch_avg_test_loss": 0.16823863410949708,
  "batch_avg_test_corr": 0.13253333927649744,
  "all_test_fve": 0.021480145908537366,
  "AR_FVE": NaN,
  "AR_test_correlation": NaN,
  "best_val_corr": 0.13372654906319736,
  "total_params": 60063,
  "trainable_params": 60063,
  "epochs_trained": 50,
  "mean_pattern_corr": 0.4684308166114665,
  "history": 0,
  "init_state": true,
  "loo_avg_mean_corr": 0.45456832695830385,
  "model_avg_mean_corr": 0.27212582197043744,
  "neurons_model_beats_loo_avg": 1,
  "loo_temporal_mean_corr": 0.31855225563049316,
  "all_test_corr": 0.13339640200138092,
  "neurons_model_beats_loo_temporal": 0,
  "kernel_sizes": [
    3,
    3,
    3
  ],
  "conv_channels": [
    32,
    64,
    128
  ],
  "fc_dims": [
    128
  ]
}
