2026-03-03 23:31:44,636 - INFO - ============================================================
2026-03-03 23:31:44,636 - INFO - Experiment run directory: /scratch/sb272/patterns5k_results/slurm_hist_cnn_2026-03-03_15-13-01/trial_0043_learning_rate=1.0e-04_history=2_kernel_sizes=5_conv_channels=256_fc_dims=256_seed0
2026-03-03 23:31:44,636 - INFO - ============================================================
2026-03-03 23:31:44,636 - INFO - Loading data …
2026-03-03 23:31:46,197 - INFO - 63 unique neurons after dropping problematic neurons
2026-03-03 23:31:47,186 - INFO - Stimulation channels: 42, Spiking neurons: 63
2026-03-03 23:33:07,926 - INFO - Unique patterns: 4050, Total trials: 5000
2026-03-03 23:33:07,927 - INFO - Stimulation channels: 42, Spiking neurons: 63
2026-03-03 23:33:07,928 - INFO - Unique patterns: 4050, Total trials: 5000
2026-03-03 23:33:07,940 - INFO - Split (oracle): train=3400, val=600, test=1000
2026-03-03 23:33:25,013 - INFO - BinnedStimSpikeDataset initialized:
2026-03-03 23:33:25,014 - INFO -   input_bin_size_ms=10, output_bin_size_ms=10
2026-03-03 23:33:25,014 - INFO -   n_input_bins=60, n_output_bins=60
2026-03-03 23:33:25,014 - INFO -   output_offset=0, total_bins_input=60, total_bins_output=60
2026-03-03 23:33:25,014 - INFO -   Valid start positions per trial: 0 to 0
2026-03-03 23:33:25,014 - INFO -   Total samples: 3400 (3400 trials × 1 positions)
2026-03-03 23:33:41,632 - INFO - BinnedStimSpikeDataset initialized:
2026-03-03 23:33:41,632 - INFO -   input_bin_size_ms=10, output_bin_size_ms=10
2026-03-03 23:33:41,632 - INFO -   n_input_bins=60, n_output_bins=60
2026-03-03 23:33:41,632 - INFO -   output_offset=0, total_bins_input=60, total_bins_output=60
2026-03-03 23:33:41,632 - INFO -   Valid start positions per trial: 0 to 0
2026-03-03 23:33:41,632 - INFO -   Total samples: 600 (600 trials × 1 positions)
2026-03-03 23:33:58,866 - INFO - BinnedStimSpikeDataset initialized:
2026-03-03 23:33:58,866 - INFO -   input_bin_size_ms=10, output_bin_size_ms=10
2026-03-03 23:33:58,866 - INFO -   n_input_bins=60, n_output_bins=60
2026-03-03 23:33:58,866 - INFO -   output_offset=0, total_bins_input=60, total_bins_output=60
2026-03-03 23:33:58,866 - INFO -   Valid start positions per trial: 0 to 0
2026-03-03 23:33:58,866 - INFO -   Total samples: 1000 (1000 trials × 1 positions)
2026-03-03 23:33:58,866 - INFO - Samples — train: 3400, val: 600, test: 1000
2026-03-03 23:33:58,866 - INFO - Input channels: 105, Neurons: 63
2026-03-03 23:33:58,876 - INFO - Using CPU
2026-03-03 23:33:58,893 - INFO - Model: CNN — 217,151 trainable params (217,151 total)
2026-03-03 23:34:04,620 - INFO - Starting training …
2026-03-03 23:34:09,961 - INFO - Epoch   1/50 | Train: 0.374388 | Val: 0.189566 | Corr: 0.080528 | LR: 1.00e-04
2026-03-03 23:34:09,975 - INFO -   ↳ Saved best model (val_corr=0.080528)
2026-03-03 23:34:14,221 - INFO - Epoch   2/50 | Train: 0.185246 | Val: 0.183414 | Corr: 0.108439 | LR: 1.00e-04
2026-03-03 23:34:14,247 - INFO -   ↳ Saved best model (val_corr=0.108439)
2026-03-03 23:34:18,420 - INFO - Epoch   3/50 | Train: 0.181729 | Val: 0.180957 | Corr: 0.124678 | LR: 1.00e-04
2026-03-03 23:34:18,432 - INFO -   ↳ Saved best model (val_corr=0.124678)
2026-03-03 23:34:22,626 - INFO - Epoch   4/50 | Train: 0.179332 | Val: 0.178939 | Corr: 0.136779 | LR: 1.00e-04
2026-03-03 23:34:22,637 - INFO -   ↳ Saved best model (val_corr=0.136779)
2026-03-03 23:34:26,764 - INFO - Epoch   5/50 | Train: 0.177467 | Val: 0.177244 | Corr: 0.147397 | LR: 1.00e-04
2026-03-03 23:34:26,779 - INFO -   ↳ Saved best model (val_corr=0.147397)
2026-03-03 23:34:31,015 - INFO - Epoch   6/50 | Train: 0.175702 | Val: 0.176023 | Corr: 0.156404 | LR: 1.00e-04
2026-03-03 23:34:31,028 - INFO -   ↳ Saved best model (val_corr=0.156404)
2026-03-03 23:34:35,268 - INFO - Epoch   7/50 | Train: 0.174483 | Val: 0.175110 | Corr: 0.164303 | LR: 1.00e-04
2026-03-03 23:34:35,289 - INFO -   ↳ Saved best model (val_corr=0.164303)
2026-03-03 23:34:39,514 - INFO - Epoch   8/50 | Train: 0.173422 | Val: 0.174005 | Corr: 0.171609 | LR: 1.00e-04
2026-03-03 23:34:39,529 - INFO -   ↳ Saved best model (val_corr=0.171609)
2026-03-03 23:34:43,739 - INFO - Epoch   9/50 | Train: 0.172288 | Val: 0.173175 | Corr: 0.178255 | LR: 1.00e-04
2026-03-03 23:34:43,753 - INFO -   ↳ Saved best model (val_corr=0.178255)
2026-03-03 23:34:47,954 - INFO - Epoch  10/50 | Train: 0.171583 | Val: 0.172711 | Corr: 0.184823 | LR: 1.00e-04
2026-03-03 23:34:47,968 - INFO -   ↳ Saved best model (val_corr=0.184823)
2026-03-03 23:34:52,140 - INFO - Epoch  11/50 | Train: 0.170595 | Val: 0.171983 | Corr: 0.189661 | LR: 1.00e-04
2026-03-03 23:34:52,154 - INFO -   ↳ Saved best model (val_corr=0.189661)
2026-03-03 23:34:56,370 - INFO - Epoch  12/50 | Train: 0.170111 | Val: 0.171453 | Corr: 0.194106 | LR: 1.00e-04
2026-03-03 23:34:56,391 - INFO -   ↳ Saved best model (val_corr=0.194106)
2026-03-03 23:35:00,615 - INFO - Epoch  13/50 | Train: 0.169505 | Val: 0.171086 | Corr: 0.197858 | LR: 1.00e-04
2026-03-03 23:35:00,630 - INFO -   ↳ Saved best model (val_corr=0.197858)
2026-03-03 23:35:04,821 - INFO - Epoch  14/50 | Train: 0.168989 | Val: 0.170642 | Corr: 0.201447 | LR: 1.00e-04
2026-03-03 23:35:04,845 - INFO -   ↳ Saved best model (val_corr=0.201447)
2026-03-03 23:35:09,030 - INFO - Epoch  15/50 | Train: 0.168421 | Val: 0.170463 | Corr: 0.204781 | LR: 1.00e-04
2026-03-03 23:35:09,044 - INFO -   ↳ Saved best model (val_corr=0.204781)
2026-03-03 23:35:13,204 - INFO - Epoch  16/50 | Train: 0.167897 | Val: 0.169961 | Corr: 0.208670 | LR: 1.00e-04
2026-03-03 23:35:13,220 - INFO -   ↳ Saved best model (val_corr=0.208670)
2026-03-03 23:35:17,517 - INFO - Epoch  17/50 | Train: 0.167381 | Val: 0.169715 | Corr: 0.210894 | LR: 1.00e-04
2026-03-03 23:35:17,532 - INFO -   ↳ Saved best model (val_corr=0.210894)
2026-03-03 23:35:21,782 - INFO - Epoch  18/50 | Train: 0.166980 | Val: 0.169468 | Corr: 0.214061 | LR: 1.00e-04
2026-03-03 23:35:21,794 - INFO -   ↳ Saved best model (val_corr=0.214061)
2026-03-03 23:35:26,025 - INFO - Epoch  19/50 | Train: 0.166628 | Val: 0.169063 | Corr: 0.216421 | LR: 1.00e-04
2026-03-03 23:35:26,041 - INFO -   ↳ Saved best model (val_corr=0.216421)
2026-03-03 23:35:30,219 - INFO - Epoch  20/50 | Train: 0.166270 | Val: 0.168879 | Corr: 0.218582 | LR: 1.00e-04
2026-03-03 23:35:30,234 - INFO -   ↳ Saved best model (val_corr=0.218582)
2026-03-03 23:35:34,412 - INFO - Epoch  21/50 | Train: 0.165976 | Val: 0.168681 | Corr: 0.219987 | LR: 1.00e-04
2026-03-03 23:35:34,427 - INFO -   ↳ Saved best model (val_corr=0.219987)
2026-03-03 23:35:38,555 - INFO - Epoch  22/50 | Train: 0.165605 | Val: 0.168355 | Corr: 0.223078 | LR: 1.00e-04
2026-03-03 23:35:38,566 - INFO -   ↳ Saved best model (val_corr=0.223078)
2026-03-03 23:35:42,725 - INFO - Epoch  23/50 | Train: 0.165301 | Val: 0.168215 | Corr: 0.224694 | LR: 1.00e-04
2026-03-03 23:35:42,742 - INFO -   ↳ Saved best model (val_corr=0.224694)
2026-03-03 23:35:46,956 - INFO - Epoch  24/50 | Train: 0.164946 | Val: 0.168061 | Corr: 0.225884 | LR: 1.00e-04
2026-03-03 23:35:46,977 - INFO -   ↳ Saved best model (val_corr=0.225884)
2026-03-03 23:35:51,144 - INFO - Epoch  25/50 | Train: 0.164670 | Val: 0.167861 | Corr: 0.227646 | LR: 1.00e-04
2026-03-03 23:35:51,162 - INFO -   ↳ Saved best model (val_corr=0.227646)
2026-03-03 23:35:55,361 - INFO - Epoch  26/50 | Train: 0.164377 | Val: 0.167599 | Corr: 0.229020 | LR: 1.00e-04
2026-03-03 23:35:55,375 - INFO -   ↳ Saved best model (val_corr=0.229020)
2026-03-03 23:35:59,504 - INFO - Epoch  27/50 | Train: 0.164136 | Val: 0.167470 | Corr: 0.230494 | LR: 1.00e-04
2026-03-03 23:35:59,517 - INFO -   ↳ Saved best model (val_corr=0.230494)
2026-03-03 23:36:03,665 - INFO - Epoch  28/50 | Train: 0.163829 | Val: 0.167220 | Corr: 0.231677 | LR: 1.00e-04
2026-03-03 23:36:03,679 - INFO -   ↳ Saved best model (val_corr=0.231677)
2026-03-03 23:36:07,850 - INFO - Epoch  29/50 | Train: 0.163650 | Val: 0.167039 | Corr: 0.233146 | LR: 1.00e-04
2026-03-03 23:36:07,863 - INFO -   ↳ Saved best model (val_corr=0.233146)
2026-03-03 23:36:12,078 - INFO - Epoch  30/50 | Train: 0.163466 | Val: 0.167035 | Corr: 0.234147 | LR: 1.00e-04
2026-03-03 23:36:12,092 - INFO -   ↳ Saved best model (val_corr=0.234147)
2026-03-03 23:36:16,334 - INFO - Epoch  31/50 | Train: 0.163117 | Val: 0.166843 | Corr: 0.234922 | LR: 1.00e-04
2026-03-03 23:36:16,353 - INFO -   ↳ Saved best model (val_corr=0.234922)
2026-03-03 23:36:20,579 - INFO - Epoch  32/50 | Train: 0.163048 | Val: 0.166759 | Corr: 0.235412 | LR: 1.00e-04
2026-03-03 23:36:20,593 - INFO -   ↳ Saved best model (val_corr=0.235412)
2026-03-03 23:36:24,861 - INFO - Epoch  33/50 | Train: 0.162864 | Val: 0.166561 | Corr: 0.236484 | LR: 1.00e-04
2026-03-03 23:36:24,876 - INFO -   ↳ Saved best model (val_corr=0.236484)
2026-03-03 23:36:29,158 - INFO - Epoch  34/50 | Train: 0.162545 | Val: 0.166500 | Corr: 0.236937 | LR: 1.00e-04
2026-03-03 23:36:29,174 - INFO -   ↳ Saved best model (val_corr=0.236937)
2026-03-03 23:36:33,428 - INFO - Epoch  35/50 | Train: 0.162445 | Val: 0.166309 | Corr: 0.238030 | LR: 1.00e-04
2026-03-03 23:36:33,446 - INFO -   ↳ Saved best model (val_corr=0.238030)
2026-03-03 23:36:37,672 - INFO - Epoch  36/50 | Train: 0.162270 | Val: 0.166261 | Corr: 0.238647 | LR: 1.00e-04
2026-03-03 23:36:37,686 - INFO -   ↳ Saved best model (val_corr=0.238647)
2026-03-03 23:36:41,872 - INFO - Epoch  37/50 | Train: 0.162131 | Val: 0.166296 | Corr: 0.239252 | LR: 1.00e-04
2026-03-03 23:36:41,885 - INFO -   ↳ Saved best model (val_corr=0.239252)
2026-03-03 23:36:46,076 - INFO - Epoch  38/50 | Train: 0.161966 | Val: 0.166131 | Corr: 0.239675 | LR: 1.00e-04
2026-03-03 23:36:46,092 - INFO -   ↳ Saved best model (val_corr=0.239675)
2026-03-03 23:36:50,310 - INFO - Epoch  39/50 | Train: 0.161707 | Val: 0.166077 | Corr: 0.240072 | LR: 1.00e-04
2026-03-03 23:36:50,322 - INFO -   ↳ Saved best model (val_corr=0.240072)
2026-03-03 23:36:54,522 - INFO - Epoch  40/50 | Train: 0.161672 | Val: 0.165883 | Corr: 0.241590 | LR: 1.00e-04
2026-03-03 23:36:54,534 - INFO -   ↳ Saved best model (val_corr=0.241590)
2026-03-03 23:36:58,986 - INFO - Epoch  41/50 | Train: 0.161466 | Val: 0.165877 | Corr: 0.241631 | LR: 1.00e-04
2026-03-03 23:36:58,999 - INFO -   ↳ Saved best model (val_corr=0.241631)
2026-03-03 23:37:03,548 - INFO - Epoch  42/50 | Train: 0.161354 | Val: 0.165770 | Corr: 0.242354 | LR: 1.00e-04
2026-03-03 23:37:03,562 - INFO -   ↳ Saved best model (val_corr=0.242354)
2026-03-03 23:37:08,097 - INFO - Epoch  43/50 | Train: 0.161189 | Val: 0.165737 | Corr: 0.242462 | LR: 1.00e-04
2026-03-03 23:37:08,110 - INFO -   ↳ Saved best model (val_corr=0.242462)
2026-03-03 23:37:12,650 - INFO - Epoch  44/50 | Train: 0.161136 | Val: 0.165706 | Corr: 0.242723 | LR: 1.00e-04
2026-03-03 23:37:12,666 - INFO -   ↳ Saved best model (val_corr=0.242723)
2026-03-03 23:37:17,209 - INFO - Epoch  45/50 | Train: 0.160914 | Val: 0.165686 | Corr: 0.242696 | LR: 1.00e-04
2026-03-03 23:37:21,811 - INFO - Epoch  46/50 | Train: 0.160818 | Val: 0.165456 | Corr: 0.244032 | LR: 1.00e-04
2026-03-03 23:37:21,824 - INFO -   ↳ Saved best model (val_corr=0.244032)
2026-03-03 23:37:26,295 - INFO - Epoch  47/50 | Train: 0.160754 | Val: 0.165498 | Corr: 0.243888 | LR: 1.00e-04
2026-03-03 23:37:30,765 - INFO - Epoch  48/50 | Train: 0.160679 | Val: 0.165424 | Corr: 0.244286 | LR: 1.00e-04
2026-03-03 23:37:30,776 - INFO -   ↳ Saved best model (val_corr=0.244286)
2026-03-03 23:37:35,272 - INFO - Epoch  49/50 | Train: 0.160490 | Val: 0.165357 | Corr: 0.244834 | LR: 1.00e-04
2026-03-03 23:37:35,288 - INFO -   ↳ Saved best model (val_corr=0.244834)
2026-03-03 23:37:39,906 - INFO - Epoch  50/50 | Train: 0.160458 | Val: 0.165367 | Corr: 0.244975 | LR: 1.00e-04
2026-03-03 23:37:39,917 - INFO -   ↳ Saved best model (val_corr=0.244975)
2026-03-03 23:37:39,917 - INFO - Training complete — best val corr: 0.244975
2026-03-03 23:37:41,287 - INFO - Test loss: 0.155315, Test corr: 0.233026
2026-03-03 23:37:41,651 - INFO - Fraction of variance explained (FVE): 0.069458
2026-03-03 23:37:41,651 - INFO - Computing autoregressive (AR) test predictions …
2026-03-03 23:37:42,164 - INFO - AR FVE: -0.002888, AR test corr: 0.086968
2026-03-03 23:37:42,164 - INFO - Generating figures …
2026-03-03 23:37:42,568 - INFO - Correlation between predicted and actual per-neuron averages: r=0.9955, p=0.00e+00
2026-03-03 23:37:44,334 - INFO - Pattern selectivity summary:
2026-03-03 23:37:44,335 - INFO -   Mean correlation across neurons: 0.7583
2026-03-03 23:37:44,335 - INFO -   Median correlation: 0.7884
2026-03-03 23:37:44,335 - INFO -   Neurons with r > 0.5: 59 / 63
2026-03-03 23:37:44,335 - INFO -   Neurons with r > 0.3: 62 / 63
2026-03-03 23:37:44,335 - INFO - Pattern selectivity — mean neuron corr: 0.7583
2026-03-03 23:37:45,824 - INFO - LOO (avg rate) — Model mean r: 0.6640, LOO mean r: 0.4546, Neurons model > LOO: 61/63
2026-03-03 23:37:47,837 - INFO - LOO (temporal) — Model mean r: 0.2442, LOO mean r: 0.3186, Neurons model > LOO: 7/63
2026-03-03 23:37:47,837 - INFO - Skipping oracle trial plots (skip_oracle_plots=True)
2026-03-03 23:37:47,849 - INFO - Experiment complete. Summary: {
  "run_dir": "/scratch/sb272/patterns5k_results/slurm_hist_cnn_2026-03-03_15-13-01/trial_0043_learning_rate=1.0e-04_history=2_kernel_sizes=5_conv_channels=256_fc_dims=256_seed0",
  "model_type": "cnn",
  "batch_avg_test_loss": 0.15531511533260345,
  "batch_avg_test_corr": 0.23302601422598537,
  "all_test_fve": 0.0694576274781,
  "AR_FVE": -0.0028882972777835906,
  "AR_test_correlation": 0.08696791529655457,
  "best_val_corr": 0.24497533965500545,
  "total_params": 217151,
  "trainable_params": 217151,
  "epochs_trained": 50,
  "mean_pattern_corr": 0.7583172791878275,
  "history": 2,
  "init_state": true,
  "loo_avg_mean_corr": 0.45456832695830385,
  "model_avg_mean_corr": 0.6640430936890331,
  "neurons_model_beats_loo_avg": 61,
  "loo_temporal_mean_corr": 0.31855225563049316,
  "all_test_corr": 0.24423421919345856,
  "neurons_model_beats_loo_temporal": 7,
  "kernel_sizes": [
    5
  ],
  "conv_channels": [
    256
  ],
  "fc_dims": [
    256
  ]
}
