2026-02-25 05:35:22,642 - INFO - ============================================================
2026-02-25 05:35:22,642 - INFO - Experiment run directory: results/multilayer_cnn_nohist_sweep_v2_2026-02-24_22-05-22/trial_0176_history=60_kernel_sizes=5_conv_channels=256_fc_dims=256
2026-02-25 05:35:22,642 - INFO - ============================================================
2026-02-25 05:35:22,642 - INFO - Using preloaded raw data (skipping I/O)
2026-02-25 05:35:22,642 - INFO - Stimulation channels: 42, Spiking neurons: 63
2026-02-25 05:35:22,642 - INFO - Unique patterns: 4050, Total trials: 5000
2026-02-25 05:35:22,657 - INFO - Split (oracle): train=3400, val=600, test=1000
2026-02-25 05:35:37,359 - INFO - BinnedStimSpikeDataset initialized:
2026-02-25 05:35:37,360 - INFO -   input_bin_size_ms=10, output_bin_size_ms=10
2026-02-25 05:35:37,360 - INFO -   n_input_bins=60, n_output_bins=60
2026-02-25 05:35:37,360 - INFO -   output_offset=0, total_bins_input=60, total_bins_output=60
2026-02-25 05:35:37,360 - INFO -   Valid start positions per trial: 0 to 0
2026-02-25 05:35:37,360 - INFO -   Total samples: 3400 (3400 trials × 1 positions)
2026-02-25 05:35:50,890 - INFO - BinnedStimSpikeDataset initialized:
2026-02-25 05:35:50,891 - INFO -   input_bin_size_ms=10, output_bin_size_ms=10
2026-02-25 05:35:50,891 - INFO -   n_input_bins=60, n_output_bins=60
2026-02-25 05:35:50,891 - INFO -   output_offset=0, total_bins_input=60, total_bins_output=60
2026-02-25 05:35:50,891 - INFO -   Valid start positions per trial: 0 to 0
2026-02-25 05:35:50,891 - INFO -   Total samples: 600 (600 trials × 1 positions)
2026-02-25 05:36:04,703 - INFO - BinnedStimSpikeDataset initialized:
2026-02-25 05:36:04,704 - INFO -   input_bin_size_ms=10, output_bin_size_ms=10
2026-02-25 05:36:04,704 - INFO -   n_input_bins=60, n_output_bins=60
2026-02-25 05:36:04,704 - INFO -   output_offset=0, total_bins_input=60, total_bins_output=60
2026-02-25 05:36:04,704 - INFO -   Valid start positions per trial: 0 to 0
2026-02-25 05:36:04,704 - INFO -   Total samples: 1000 (1000 trials × 1 positions)
2026-02-25 05:36:04,705 - INFO - Samples — train: 3400, val: 600, test: 1000
2026-02-25 05:36:04,705 - INFO - Input channels: 105, Neurons: 63
2026-02-25 05:36:04,705 - INFO - Using Apple Silicon MPS acceleration
2026-02-25 05:36:04,720 - INFO - Model: CNN — 217,151 trainable params (217,151 total)
2026-02-25 05:36:04,720 - INFO - Starting training …
2026-02-25 05:36:07,755 - INFO - Epoch   1/50 | Train: 0.234672 | Val: 0.200436 | Corr: 0.076892 | LR: 1.00e-03
2026-02-25 05:36:07,765 - INFO -   ↳ Saved best model (val_corr=0.076892)
2026-02-25 05:36:10,560 - INFO - Epoch   2/50 | Train: 0.200013 | Val: 0.196610 | Corr: 0.105172 | LR: 1.00e-03
2026-02-25 05:36:10,576 - INFO -   ↳ Saved best model (val_corr=0.105172)
2026-02-25 05:36:13,405 - INFO - Epoch   3/50 | Train: 0.195531 | Val: 0.192790 | Corr: 0.132231 | LR: 1.00e-03
2026-02-25 05:36:13,420 - INFO -   ↳ Saved best model (val_corr=0.132231)
2026-02-25 05:36:16,194 - INFO - Epoch   4/50 | Train: 0.191889 | Val: 0.189908 | Corr: 0.147812 | LR: 1.00e-03
2026-02-25 05:36:16,208 - INFO -   ↳ Saved best model (val_corr=0.147812)
2026-02-25 05:36:19,028 - INFO - Epoch   5/50 | Train: 0.189359 | Val: 0.188922 | Corr: 0.159434 | LR: 1.00e-03
2026-02-25 05:36:19,040 - INFO -   ↳ Saved best model (val_corr=0.159434)
2026-02-25 05:36:21,793 - INFO - Epoch   6/50 | Train: 0.187765 | Val: 0.187398 | Corr: 0.167426 | LR: 1.00e-03
2026-02-25 05:36:21,802 - INFO -   ↳ Saved best model (val_corr=0.167426)
2026-02-25 05:36:24,572 - INFO - Epoch   7/50 | Train: 0.186511 | Val: 0.186892 | Corr: 0.171752 | LR: 1.00e-03
2026-02-25 05:36:24,580 - INFO -   ↳ Saved best model (val_corr=0.171752)
2026-02-25 05:36:27,111 - INFO - Epoch   8/50 | Train: 0.185573 | Val: 0.186705 | Corr: 0.178017 | LR: 1.00e-03
2026-02-25 05:36:27,119 - INFO -   ↳ Saved best model (val_corr=0.178017)
2026-02-25 05:36:29,763 - INFO - Epoch   9/50 | Train: 0.184755 | Val: 0.186108 | Corr: 0.178294 | LR: 1.00e-03
2026-02-25 05:36:29,770 - INFO -   ↳ Saved best model (val_corr=0.178294)
2026-02-25 05:36:32,492 - INFO - Epoch  10/50 | Train: 0.183999 | Val: 0.185881 | Corr: 0.182147 | LR: 1.00e-03
2026-02-25 05:36:32,501 - INFO -   ↳ Saved best model (val_corr=0.182147)
2026-02-25 05:36:35,324 - INFO - Epoch  11/50 | Train: 0.183452 | Val: 0.184909 | Corr: 0.185916 | LR: 1.00e-03
2026-02-25 05:36:35,332 - INFO -   ↳ Saved best model (val_corr=0.185916)
2026-02-25 05:36:38,098 - INFO - Epoch  12/50 | Train: 0.183011 | Val: 0.185675 | Corr: 0.187628 | LR: 1.00e-03
2026-02-25 05:36:38,106 - INFO -   ↳ Saved best model (val_corr=0.187628)
2026-02-25 05:36:40,856 - INFO - Epoch  13/50 | Train: 0.182440 | Val: 0.184966 | Corr: 0.188650 | LR: 1.00e-03
2026-02-25 05:36:40,862 - INFO -   ↳ Saved best model (val_corr=0.188650)
2026-02-25 05:36:43,615 - INFO - Epoch  14/50 | Train: 0.181870 | Val: 0.184653 | Corr: 0.188569 | LR: 1.00e-03
2026-02-25 05:36:46,346 - INFO - Epoch  15/50 | Train: 0.181452 | Val: 0.184734 | Corr: 0.191327 | LR: 1.00e-03
2026-02-25 05:36:46,357 - INFO -   ↳ Saved best model (val_corr=0.191327)
2026-02-25 05:36:49,161 - INFO - Epoch  16/50 | Train: 0.181075 | Val: 0.184461 | Corr: 0.192522 | LR: 1.00e-03
2026-02-25 05:36:49,170 - INFO -   ↳ Saved best model (val_corr=0.192522)
2026-02-25 05:36:51,891 - INFO - Epoch  17/50 | Train: 0.180687 | Val: 0.184346 | Corr: 0.192457 | LR: 1.00e-03
2026-02-25 05:36:54,562 - INFO - Epoch  18/50 | Train: 0.180334 | Val: 0.184192 | Corr: 0.193916 | LR: 1.00e-03
2026-02-25 05:36:54,570 - INFO -   ↳ Saved best model (val_corr=0.193916)
2026-02-25 05:36:57,345 - INFO - Epoch  19/50 | Train: 0.179951 | Val: 0.184171 | Corr: 0.193922 | LR: 1.00e-03
2026-02-25 05:36:57,359 - INFO -   ↳ Saved best model (val_corr=0.193922)
2026-02-25 05:37:00,171 - INFO - Epoch  20/50 | Train: 0.179493 | Val: 0.184900 | Corr: 0.195026 | LR: 1.00e-03
2026-02-25 05:37:00,178 - INFO -   ↳ Saved best model (val_corr=0.195026)
2026-02-25 05:37:02,974 - INFO - Epoch  21/50 | Train: 0.179214 | Val: 0.184827 | Corr: 0.194033 | LR: 1.00e-03
2026-02-25 05:37:05,678 - INFO - Epoch  22/50 | Train: 0.178884 | Val: 0.184247 | Corr: 0.194018 | LR: 1.00e-03
2026-02-25 05:37:08,476 - INFO - Epoch  23/50 | Train: 0.178716 | Val: 0.184703 | Corr: 0.193792 | LR: 1.00e-03
2026-02-25 05:37:11,200 - INFO - Epoch  24/50 | Train: 0.178389 | Val: 0.184323 | Corr: 0.194789 | LR: 1.00e-03
2026-02-25 05:37:13,949 - INFO - Epoch  25/50 | Train: 0.178100 | Val: 0.184272 | Corr: 0.195045 | LR: 5.00e-04
2026-02-25 05:37:13,956 - INFO -   ↳ Saved best model (val_corr=0.195045)
2026-02-25 05:37:16,656 - INFO - Epoch  26/50 | Train: 0.176983 | Val: 0.184011 | Corr: 0.196514 | LR: 5.00e-04
2026-02-25 05:37:16,666 - INFO -   ↳ Saved best model (val_corr=0.196514)
2026-02-25 05:37:19,444 - INFO - Epoch  27/50 | Train: 0.176652 | Val: 0.184185 | Corr: 0.196207 | LR: 5.00e-04
2026-02-25 05:37:22,031 - INFO - Epoch  28/50 | Train: 0.176475 | Val: 0.184322 | Corr: 0.196590 | LR: 5.00e-04
2026-02-25 05:37:22,040 - INFO -   ↳ Saved best model (val_corr=0.196590)
2026-02-25 05:37:24,811 - INFO - Epoch  29/50 | Train: 0.176454 | Val: 0.184450 | Corr: 0.195687 | LR: 5.00e-04
2026-02-25 05:37:27,554 - INFO - Epoch  30/50 | Train: 0.176254 | Val: 0.184348 | Corr: 0.195536 | LR: 5.00e-04
2026-02-25 05:37:30,342 - INFO - Epoch  31/50 | Train: 0.176080 | Val: 0.184397 | Corr: 0.195626 | LR: 5.00e-04
2026-02-25 05:37:33,096 - INFO - Epoch  32/50 | Train: 0.175975 | Val: 0.184427 | Corr: 0.195480 | LR: 2.50e-04
2026-02-25 05:37:35,827 - INFO - Epoch  33/50 | Train: 0.175382 | Val: 0.184495 | Corr: 0.195389 | LR: 2.50e-04
2026-02-25 05:37:38,618 - INFO - Epoch  34/50 | Train: 0.175221 | Val: 0.184400 | Corr: 0.195610 | LR: 2.50e-04
2026-02-25 05:37:41,368 - INFO - Epoch  35/50 | Train: 0.175168 | Val: 0.184443 | Corr: 0.194972 | LR: 2.50e-04
2026-02-25 05:37:44,138 - INFO - Epoch  36/50 | Train: 0.175057 | Val: 0.184464 | Corr: 0.195108 | LR: 2.50e-04
2026-02-25 05:37:46,827 - INFO - Epoch  37/50 | Train: 0.175009 | Val: 0.184624 | Corr: 0.195479 | LR: 2.50e-04
2026-02-25 05:37:49,488 - INFO - Epoch  38/50 | Train: 0.174891 | Val: 0.184796 | Corr: 0.194749 | LR: 1.25e-04
2026-02-25 05:37:49,488 - INFO - Early stopping at epoch 38
2026-02-25 05:37:49,488 - INFO - Training complete — best val corr: 0.196590
2026-02-25 05:37:49,925 - INFO - Test loss: 0.175216, Test corr: 0.195029
2026-02-25 05:37:50,068 - INFO - Fraction of variance explained (FVE): 0.044745
2026-02-25 05:37:50,068 - INFO - Computing autoregressive (AR) test predictions …
2026-02-25 05:37:50,478 - INFO - AR FVE: 0.046868, AR test corr: 0.202643
2026-02-25 05:37:50,478 - INFO - Generating figures …
2026-02-25 05:37:50,766 - INFO - Correlation between predicted and actual per-neuron averages: r=0.9890, p=2.55e-52
2026-02-25 05:37:51,336 - INFO - Pattern selectivity summary:
2026-02-25 05:37:51,336 - INFO -   Mean correlation across neurons: 0.6026
2026-02-25 05:37:51,336 - INFO -   Median correlation: 0.6471
2026-02-25 05:37:51,336 - INFO -   Neurons with r > 0.5: 46 / 63
2026-02-25 05:37:51,336 - INFO -   Neurons with r > 0.3: 57 / 63
2026-02-25 05:37:51,336 - INFO - Pattern selectivity — mean neuron corr: 0.6026
2026-02-25 05:37:51,714 - INFO - LOO (avg rate) — Model mean r: 0.4032, LOO mean r: 0.4728, Neurons model > LOO: 10/63
2026-02-25 05:37:52,437 - INFO - LOO (temporal) — Model mean r: 0.2015, LOO mean r: 0.3815, Neurons model > LOO: 1/63
2026-02-25 05:37:52,437 - INFO - Skipping oracle trial plots (skip_oracle_plots=True)
2026-02-25 05:37:52,437 - INFO - Experiment complete. Summary: {
  "run_dir": "results/multilayer_cnn_nohist_sweep_v2_2026-02-24_22-05-22/trial_0176_history=60_kernel_sizes=5_conv_channels=256_fc_dims=256",
  "model_type": "cnn",
  "batch_avg_test_loss": 0.17521600568294526,
  "batch_avg_test_corr": 0.19502893007530586,
  "all_test_fve": 0.04474536767081609,
  "AR_FVE": 0.046867714987860784,
  "AR_test_correlation": 0.20264263451099396,
  "best_val_corr": 0.19659024847569034,
  "total_params": 217151,
  "trainable_params": 217151,
  "epochs_trained": 38,
  "mean_pattern_corr": 0.6026265469525659,
  "history": 60,
  "init_state": true,
  "loo_avg_mean_corr": 0.47275709111471625,
  "model_avg_mean_corr": 0.40316872855034147,
  "neurons_model_beats_loo_avg": 10,
  "loo_temporal_mean_corr": 0.3815135061740875,
  "all_test_corr": 0.2014772593975067,
  "neurons_model_beats_loo_temporal": 1,
  "kernel_sizes": [
    5
  ],
  "conv_channels": [
    256
  ],
  "fc_dims": [
    256
  ]
}
2026-02-25 05:37:52,445 - INFO - 
======================================================================
2026-02-25 05:37:52,445 - INFO - [178/864] trial_0177_history=60_kernel_sizes=5_conv_channels=256_fc_dims=256
2026-02-25 05:37:52,445 - INFO -   Overrides: {"_arch": {"kernel_sizes": [5], "conv_channels": [256], "fc_dims": [256]}, "history": 60, "weight_decay": 0.0001}
2026-02-25 05:37:52,445 - INFO -   Output: results/multilayer_cnn_nohist_sweep_v2_2026-02-24_22-05-22/trial_0177_history=60_kernel_sizes=5_conv_channels=256_fc_dims=256
