2026-03-04 19:33:34,304 - INFO - ============================================================
2026-03-04 19:33:34,304 - INFO - Experiment run directory: /scratch/sb272/patterns5k_results/slurm_base_cnn_2026-03-04_16-53-19/trial_0013_learning_rate=1.0e-04_kernel_sizes=3x3x3_conv_channels=256x256x256_fc_dims=512_seed1
2026-03-04 19:33:34,304 - INFO - ============================================================
2026-03-04 19:33:34,304 - INFO - Loading data …
2026-03-04 19:33:35,626 - INFO - 63 unique neurons after dropping problematic neurons
2026-03-04 19:33:37,183 - INFO - Stimulation channels: 42, Spiking neurons: 63
2026-03-04 19:35:39,012 - INFO - Unique patterns: 4050, Total trials: 5000
2026-03-04 19:35:39,013 - INFO - Stimulation channels: 42, Spiking neurons: 63
2026-03-04 19:35:39,013 - INFO - Unique patterns: 4050, Total trials: 5000
2026-03-04 19:35:39,027 - INFO - Split (oracle): train=3400, val=600, test=1000
2026-03-04 19:36:00,042 - INFO - BinnedStimSpikeDataset initialized:
2026-03-04 19:36:00,043 - INFO -   input_bin_size_ms=10, output_bin_size_ms=10
2026-03-04 19:36:00,043 - INFO -   n_input_bins=60, n_output_bins=60
2026-03-04 19:36:00,043 - INFO -   output_offset=0, total_bins_input=60, total_bins_output=60
2026-03-04 19:36:00,043 - INFO -   Valid start positions per trial: 0 to 0
2026-03-04 19:36:00,043 - INFO -   Total samples: 3400 (3400 trials × 1 positions)
2026-03-04 19:36:20,900 - INFO - BinnedStimSpikeDataset initialized:
2026-03-04 19:36:20,900 - INFO -   input_bin_size_ms=10, output_bin_size_ms=10
2026-03-04 19:36:20,900 - INFO -   n_input_bins=60, n_output_bins=60
2026-03-04 19:36:20,900 - INFO -   output_offset=0, total_bins_input=60, total_bins_output=60
2026-03-04 19:36:20,900 - INFO -   Valid start positions per trial: 0 to 0
2026-03-04 19:36:20,900 - INFO -   Total samples: 600 (600 trials × 1 positions)
2026-03-04 19:36:39,816 - INFO - BinnedStimSpikeDataset initialized:
2026-03-04 19:36:39,816 - INFO -   input_bin_size_ms=10, output_bin_size_ms=10
2026-03-04 19:36:39,816 - INFO -   n_input_bins=60, n_output_bins=60
2026-03-04 19:36:39,816 - INFO -   output_offset=0, total_bins_input=60, total_bins_output=60
2026-03-04 19:36:39,816 - INFO -   Valid start positions per trial: 0 to 0
2026-03-04 19:36:39,816 - INFO -   Total samples: 1000 (1000 trials × 1 positions)
2026-03-04 19:36:39,817 - INFO - Samples — train: 3400, val: 600, test: 1000
2026-03-04 19:36:39,817 - INFO - Input channels: 42, Neurons: 63
2026-03-04 19:36:39,829 - INFO - Using CPU
2026-03-04 19:36:39,848 - INFO - Model: CNN — 591,679 trainable params (591,679 total)
2026-03-04 19:36:48,019 - INFO - Starting training …
2026-03-04 19:37:03,958 - INFO - Epoch   1/50 | Train: 0.317909 | Val: 0.182891 | Corr: 0.076051 | LR: 1.00e-04
2026-03-04 19:37:03,981 - INFO -   ↳ Saved best model (val_corr=0.076051)
2026-03-04 19:37:21,076 - INFO - Epoch   2/50 | Train: 0.183945 | Val: 0.181824 | Corr: 0.082841 | LR: 1.00e-04
2026-03-04 19:37:21,104 - INFO -   ↳ Saved best model (val_corr=0.082841)
2026-03-04 19:37:36,112 - INFO - Epoch   3/50 | Train: 0.183065 | Val: 0.181575 | Corr: 0.085625 | LR: 1.00e-04
2026-03-04 19:37:36,136 - INFO -   ↳ Saved best model (val_corr=0.085625)
2026-03-04 19:37:48,406 - INFO - Epoch   4/50 | Train: 0.182430 | Val: 0.181114 | Corr: 0.090541 | LR: 1.00e-04
2026-03-04 19:37:48,428 - INFO -   ↳ Saved best model (val_corr=0.090541)
2026-03-04 19:38:01,288 - INFO - Epoch   5/50 | Train: 0.181840 | Val: 0.180762 | Corr: 0.094088 | LR: 1.00e-04
2026-03-04 19:38:01,307 - INFO -   ↳ Saved best model (val_corr=0.094088)
2026-03-04 19:38:17,758 - INFO - Epoch   6/50 | Train: 0.181369 | Val: 0.180569 | Corr: 0.098409 | LR: 1.00e-04
2026-03-04 19:38:17,811 - INFO -   ↳ Saved best model (val_corr=0.098409)
2026-03-04 19:38:31,110 - INFO - Epoch   7/50 | Train: 0.180878 | Val: 0.180120 | Corr: 0.102313 | LR: 1.00e-04
2026-03-04 19:38:31,136 - INFO -   ↳ Saved best model (val_corr=0.102313)
2026-03-04 19:38:43,979 - INFO - Epoch   8/50 | Train: 0.180255 | Val: 0.179702 | Corr: 0.105597 | LR: 1.00e-04
2026-03-04 19:38:44,000 - INFO -   ↳ Saved best model (val_corr=0.105597)
2026-03-04 19:39:00,368 - INFO - Epoch   9/50 | Train: 0.179859 | Val: 0.179488 | Corr: 0.109521 | LR: 1.00e-04
2026-03-04 19:39:00,407 - INFO -   ↳ Saved best model (val_corr=0.109521)
2026-03-04 19:39:16,488 - INFO - Epoch  10/50 | Train: 0.179385 | Val: 0.179179 | Corr: 0.112266 | LR: 1.00e-04
2026-03-04 19:39:16,511 - INFO -   ↳ Saved best model (val_corr=0.112266)
2026-03-04 19:39:28,964 - INFO - Epoch  11/50 | Train: 0.178988 | Val: 0.178895 | Corr: 0.114537 | LR: 1.00e-04
2026-03-04 19:39:28,991 - INFO -   ↳ Saved best model (val_corr=0.114537)
2026-03-04 19:39:41,434 - INFO - Epoch  12/50 | Train: 0.178631 | Val: 0.178749 | Corr: 0.118068 | LR: 1.00e-04
2026-03-04 19:39:41,457 - INFO -   ↳ Saved best model (val_corr=0.118068)
2026-03-04 19:39:57,513 - INFO - Epoch  13/50 | Train: 0.178187 | Val: 0.178425 | Corr: 0.119983 | LR: 1.00e-04
2026-03-04 19:39:57,534 - INFO -   ↳ Saved best model (val_corr=0.119983)
2026-03-04 19:40:14,564 - INFO - Epoch  14/50 | Train: 0.177884 | Val: 0.178318 | Corr: 0.120791 | LR: 1.00e-04
2026-03-04 19:40:14,588 - INFO -   ↳ Saved best model (val_corr=0.120791)
2026-03-04 19:40:28,390 - INFO - Epoch  15/50 | Train: 0.177532 | Val: 0.178336 | Corr: 0.122867 | LR: 1.00e-04
2026-03-04 19:40:28,410 - INFO -   ↳ Saved best model (val_corr=0.122867)
2026-03-04 19:40:40,970 - INFO - Epoch  16/50 | Train: 0.177194 | Val: 0.178291 | Corr: 0.123675 | LR: 1.00e-04
2026-03-04 19:40:40,996 - INFO -   ↳ Saved best model (val_corr=0.123675)
2026-03-04 19:40:54,394 - INFO - Epoch  17/50 | Train: 0.176894 | Val: 0.177943 | Corr: 0.126140 | LR: 1.00e-04
2026-03-04 19:40:54,421 - INFO -   ↳ Saved best model (val_corr=0.126140)
2026-03-04 19:41:11,139 - INFO - Epoch  18/50 | Train: 0.176654 | Val: 0.178109 | Corr: 0.125251 | LR: 1.00e-04
2026-03-04 19:41:27,926 - INFO - Epoch  19/50 | Train: 0.176410 | Val: 0.177808 | Corr: 0.127914 | LR: 1.00e-04
2026-03-04 19:41:27,958 - INFO -   ↳ Saved best model (val_corr=0.127914)
2026-03-04 19:41:39,641 - INFO - Epoch  20/50 | Train: 0.176142 | Val: 0.177649 | Corr: 0.129001 | LR: 1.00e-04
2026-03-04 19:41:39,681 - INFO -   ↳ Saved best model (val_corr=0.129001)
2026-03-04 19:41:53,562 - INFO - Epoch  21/50 | Train: 0.175941 | Val: 0.177588 | Corr: 0.129969 | LR: 1.00e-04
2026-03-04 19:41:53,598 - INFO -   ↳ Saved best model (val_corr=0.129969)
2026-03-04 19:42:08,320 - INFO - Epoch  22/50 | Train: 0.175742 | Val: 0.178017 | Corr: 0.129164 | LR: 1.00e-04
2026-03-04 19:42:25,248 - INFO - Epoch  23/50 | Train: 0.175585 | Val: 0.177476 | Corr: 0.131308 | LR: 1.00e-04
2026-03-04 19:42:25,273 - INFO -   ↳ Saved best model (val_corr=0.131308)
2026-03-04 19:42:41,059 - INFO - Epoch  24/50 | Train: 0.175313 | Val: 0.177708 | Corr: 0.130503 | LR: 1.00e-04
2026-03-04 19:42:52,068 - INFO - Epoch  25/50 | Train: 0.175208 | Val: 0.177473 | Corr: 0.132091 | LR: 1.00e-04
2026-03-04 19:42:52,090 - INFO -   ↳ Saved best model (val_corr=0.132091)
2026-03-04 19:43:06,294 - INFO - Epoch  26/50 | Train: 0.174955 | Val: 0.177479 | Corr: 0.132180 | LR: 1.00e-04
2026-03-04 19:43:06,348 - INFO -   ↳ Saved best model (val_corr=0.132180)
2026-03-04 19:43:22,401 - INFO - Epoch  27/50 | Train: 0.174751 | Val: 0.177316 | Corr: 0.133136 | LR: 1.00e-04
2026-03-04 19:43:22,423 - INFO -   ↳ Saved best model (val_corr=0.133136)
2026-03-04 19:43:39,376 - INFO - Epoch  28/50 | Train: 0.174615 | Val: 0.177358 | Corr: 0.134112 | LR: 1.00e-04
2026-03-04 19:43:39,513 - INFO -   ↳ Saved best model (val_corr=0.134112)
2026-03-04 19:43:52,210 - INFO - Epoch  29/50 | Train: 0.174521 | Val: 0.177544 | Corr: 0.133838 | LR: 1.00e-04
2026-03-04 19:44:04,522 - INFO - Epoch  30/50 | Train: 0.174281 | Val: 0.177330 | Corr: 0.134630 | LR: 1.00e-04
2026-03-04 19:44:04,548 - INFO -   ↳ Saved best model (val_corr=0.134630)
2026-03-04 19:44:19,781 - INFO - Epoch  31/50 | Train: 0.174153 | Val: 0.177307 | Corr: 0.135262 | LR: 1.00e-04
2026-03-04 19:44:19,808 - INFO -   ↳ Saved best model (val_corr=0.135262)
2026-03-04 19:44:35,814 - INFO - Epoch  32/50 | Train: 0.173983 | Val: 0.177420 | Corr: 0.134113 | LR: 1.00e-04
2026-03-04 19:44:48,754 - INFO - Epoch  33/50 | Train: 0.173850 | Val: 0.177651 | Corr: 0.135276 | LR: 5.00e-05
2026-03-04 19:44:48,773 - INFO -   ↳ Saved best model (val_corr=0.135276)
2026-03-04 19:45:01,315 - INFO - Epoch  34/50 | Train: 0.173455 | Val: 0.177550 | Corr: 0.134045 | LR: 5.00e-05
2026-03-04 19:45:17,660 - INFO - Epoch  35/50 | Train: 0.173385 | Val: 0.177120 | Corr: 0.135837 | LR: 5.00e-05
2026-03-04 19:45:17,693 - INFO -   ↳ Saved best model (val_corr=0.135837)
2026-03-04 19:45:34,406 - INFO - Epoch  36/50 | Train: 0.173307 | Val: 0.177169 | Corr: 0.135770 | LR: 5.00e-05
2026-03-04 19:45:48,734 - INFO - Epoch  37/50 | Train: 0.173222 | Val: 0.177196 | Corr: 0.135994 | LR: 5.00e-05
2026-03-04 19:45:48,755 - INFO -   ↳ Saved best model (val_corr=0.135994)
2026-03-04 19:46:00,889 - INFO - Epoch  38/50 | Train: 0.173140 | Val: 0.177250 | Corr: 0.135678 | LR: 5.00e-05
2026-03-04 19:46:14,060 - INFO - Epoch  39/50 | Train: 0.173149 | Val: 0.177266 | Corr: 0.135838 | LR: 5.00e-05
2026-03-04 19:46:30,998 - INFO - Epoch  40/50 | Train: 0.173070 | Val: 0.177122 | Corr: 0.136664 | LR: 5.00e-05
2026-03-04 19:46:31,023 - INFO -   ↳ Saved best model (val_corr=0.136664)
2026-03-04 19:46:47,710 - INFO - Epoch  41/50 | Train: 0.172941 | Val: 0.177306 | Corr: 0.135663 | LR: 2.50e-05
2026-03-04 19:46:59,767 - INFO - Epoch  42/50 | Train: 0.172678 | Val: 0.177236 | Corr: 0.136193 | LR: 2.50e-05
2026-03-04 19:47:13,875 - INFO - Epoch  43/50 | Train: 0.172705 | Val: 0.177212 | Corr: 0.136386 | LR: 2.50e-05
2026-03-04 19:47:28,914 - INFO - Epoch  44/50 | Train: 0.172678 | Val: 0.177234 | Corr: 0.136511 | LR: 2.50e-05
2026-03-04 19:47:45,726 - INFO - Epoch  45/50 | Train: 0.172589 | Val: 0.177209 | Corr: 0.136303 | LR: 2.50e-05
2026-03-04 19:48:01,247 - INFO - Epoch  46/50 | Train: 0.172651 | Val: 0.177251 | Corr: 0.136027 | LR: 2.50e-05
2026-03-04 19:48:12,185 - INFO - Epoch  47/50 | Train: 0.172530 | Val: 0.177251 | Corr: 0.136175 | LR: 1.25e-05
2026-03-04 19:48:26,693 - INFO - Epoch  48/50 | Train: 0.172406 | Val: 0.177229 | Corr: 0.136279 | LR: 1.25e-05
2026-03-04 19:48:43,272 - INFO - Epoch  49/50 | Train: 0.172386 | Val: 0.177251 | Corr: 0.136210 | LR: 1.25e-05
2026-03-04 19:49:00,127 - INFO - Epoch  50/50 | Train: 0.172412 | Val: 0.177229 | Corr: 0.136201 | LR: 1.25e-05
2026-03-04 19:49:00,127 - INFO - Early stopping at epoch 50
2026-03-04 19:49:00,127 - INFO - Training complete — best val corr: 0.136664
2026-03-04 19:49:02,987 - INFO - Test loss: 0.168818, Test corr: 0.128891
2026-03-04 19:49:04,256 - INFO - Fraction of variance explained (FVE): 0.017807
2026-03-04 19:49:04,256 - INFO - Generating figures …
2026-03-04 19:49:04,807 - INFO - Correlation between predicted and actual per-neuron averages: r=0.9934, p=0.00e+00
2026-03-04 19:49:07,717 - INFO - Pattern selectivity summary:
2026-03-04 19:49:07,717 - INFO -   Mean correlation across neurons: 0.4693
2026-03-04 19:49:07,717 - INFO -   Median correlation: 0.4966
2026-03-04 19:49:07,717 - INFO -   Neurons with r > 0.5: 31 / 63
2026-03-04 19:49:07,717 - INFO -   Neurons with r > 0.3: 48 / 63
2026-03-04 19:49:07,717 - INFO - Pattern selectivity — mean neuron corr: 0.4693
2026-03-04 19:49:09,632 - INFO - LOO (avg rate) — Model mean r: 0.2765, LOO mean r: 0.4546, Neurons model > LOO: 1/63
2026-03-04 19:49:12,141 - INFO - LOO (temporal) — Model mean r: 0.1293, LOO mean r: 0.3186, Neurons model > LOO: 0/63
2026-03-04 19:49:12,141 - INFO - Skipping oracle trial plots (skip_oracle_plots=True)
2026-03-04 19:49:12,148 - INFO - Experiment complete. Summary: {
  "run_dir": "/scratch/sb272/patterns5k_results/slurm_base_cnn_2026-03-04_16-53-19/trial_0013_learning_rate=1.0e-04_kernel_sizes=3x3x3_conv_channels=256x256x256_fc_dims=512_seed1",
  "model_type": "cnn",
  "batch_avg_test_loss": 0.16881817770004273,
  "batch_avg_test_corr": 0.1288913950703336,
  "all_test_fve": 0.017806924524761382,
  "AR_FVE": NaN,
  "AR_test_correlation": NaN,
  "best_val_corr": 0.13666394925419872,
  "total_params": 591679,
  "trainable_params": 591679,
  "epochs_trained": 50,
  "mean_pattern_corr": 0.4693467841664522,
  "history": 0,
  "init_state": true,
  "loo_avg_mean_corr": 0.45456832695830385,
  "model_avg_mean_corr": 0.2765060337914764,
  "neurons_model_beats_loo_avg": 1,
  "loo_temporal_mean_corr": 0.31855225563049316,
  "all_test_corr": 0.12926773726940155,
  "neurons_model_beats_loo_temporal": 0,
  "kernel_sizes": [
    3,
    3,
    3
  ],
  "conv_channels": [
    256,
    256,
    256
  ],
  "fc_dims": [
    512
  ]
}
