2026-03-04 20:24:05,094 - INFO - ============================================================
2026-03-04 20:24:05,094 - INFO - Experiment run directory: /scratch/sb272/patterns5k_results/slurm_base_cnn_2026-03-04_16-53-19/trial_0175_learning_rate=1.0e-03_kernel_sizes=5x3x3_conv_channels=64x128x256_fc_dims=1024_seed2
2026-03-04 20:24:05,094 - INFO - ============================================================
2026-03-04 20:24:05,094 - INFO - Loading data …
2026-03-04 20:24:05,954 - INFO - 63 unique neurons after dropping problematic neurons
2026-03-04 20:24:07,118 - INFO - Stimulation channels: 42, Spiking neurons: 63
2026-03-04 20:26:01,549 - INFO - Unique patterns: 4050, Total trials: 5000
2026-03-04 20:26:01,550 - INFO - Stimulation channels: 42, Spiking neurons: 63
2026-03-04 20:26:01,551 - INFO - Unique patterns: 4050, Total trials: 5000
2026-03-04 20:26:01,566 - INFO - Split (oracle): train=3400, val=600, test=1000
2026-03-04 20:26:25,065 - INFO - BinnedStimSpikeDataset initialized:
2026-03-04 20:26:25,066 - INFO -   input_bin_size_ms=10, output_bin_size_ms=10
2026-03-04 20:26:25,066 - INFO -   n_input_bins=60, n_output_bins=60
2026-03-04 20:26:25,066 - INFO -   output_offset=0, total_bins_input=60, total_bins_output=60
2026-03-04 20:26:25,066 - INFO -   Valid start positions per trial: 0 to 0
2026-03-04 20:26:25,066 - INFO -   Total samples: 3400 (3400 trials × 1 positions)
2026-03-04 20:26:47,818 - INFO - BinnedStimSpikeDataset initialized:
2026-03-04 20:26:47,819 - INFO -   input_bin_size_ms=10, output_bin_size_ms=10
2026-03-04 20:26:47,819 - INFO -   n_input_bins=60, n_output_bins=60
2026-03-04 20:26:47,819 - INFO -   output_offset=0, total_bins_input=60, total_bins_output=60
2026-03-04 20:26:47,819 - INFO -   Valid start positions per trial: 0 to 0
2026-03-04 20:26:47,819 - INFO -   Total samples: 600 (600 trials × 1 positions)
2026-03-04 20:27:10,743 - INFO - BinnedStimSpikeDataset initialized:
2026-03-04 20:27:10,743 - INFO -   input_bin_size_ms=10, output_bin_size_ms=10
2026-03-04 20:27:10,743 - INFO -   n_input_bins=60, n_output_bins=60
2026-03-04 20:27:10,743 - INFO -   output_offset=0, total_bins_input=60, total_bins_output=60
2026-03-04 20:27:10,743 - INFO -   Valid start positions per trial: 0 to 0
2026-03-04 20:27:10,743 - INFO -   Total samples: 1000 (1000 trials × 1 positions)
2026-03-04 20:27:10,743 - INFO - Samples — train: 3400, val: 600, test: 1000
2026-03-04 20:27:10,743 - INFO - Input channels: 42, Neurons: 63
2026-03-04 20:27:10,761 - INFO - Using CPU
2026-03-04 20:27:10,767 - INFO - Model: CNN — 465,407 trainable params (465,407 total)
2026-03-04 20:27:13,771 - INFO - Starting training …
2026-03-04 20:27:23,998 - INFO - Epoch   1/50 | Train: 0.199200 | Val: 0.181965 | Corr: 0.073247 | LR: 1.00e-03
2026-03-04 20:27:24,017 - INFO -   ↳ Saved best model (val_corr=0.073247)
2026-03-04 20:27:33,251 - INFO - Epoch   2/50 | Train: 0.182189 | Val: 0.181414 | Corr: 0.090708 | LR: 1.00e-03
2026-03-04 20:27:33,266 - INFO -   ↳ Saved best model (val_corr=0.090708)
2026-03-04 20:27:42,536 - INFO - Epoch   3/50 | Train: 0.180987 | Val: 0.179382 | Corr: 0.098172 | LR: 1.00e-03
2026-03-04 20:27:42,555 - INFO -   ↳ Saved best model (val_corr=0.098172)
2026-03-04 20:27:51,719 - INFO - Epoch   4/50 | Train: 0.179898 | Val: 0.179003 | Corr: 0.108206 | LR: 1.00e-03
2026-03-04 20:27:51,739 - INFO -   ↳ Saved best model (val_corr=0.108206)
2026-03-04 20:28:00,963 - INFO - Epoch   5/50 | Train: 0.179133 | Val: 0.178764 | Corr: 0.114437 | LR: 1.00e-03
2026-03-04 20:28:00,977 - INFO -   ↳ Saved best model (val_corr=0.114437)
2026-03-04 20:28:10,261 - INFO - Epoch   6/50 | Train: 0.178549 | Val: 0.177849 | Corr: 0.119277 | LR: 1.00e-03
2026-03-04 20:28:10,313 - INFO -   ↳ Saved best model (val_corr=0.119277)
2026-03-04 20:28:19,592 - INFO - Epoch   7/50 | Train: 0.177967 | Val: 0.178008 | Corr: 0.122586 | LR: 1.00e-03
2026-03-04 20:28:19,612 - INFO -   ↳ Saved best model (val_corr=0.122586)
2026-03-04 20:28:28,930 - INFO - Epoch   8/50 | Train: 0.177547 | Val: 0.179177 | Corr: 0.125441 | LR: 1.00e-03
2026-03-04 20:28:28,952 - INFO -   ↳ Saved best model (val_corr=0.125441)
2026-03-04 20:28:38,284 - INFO - Epoch   9/50 | Train: 0.177220 | Val: 0.177126 | Corr: 0.125267 | LR: 1.00e-03
2026-03-04 20:28:47,582 - INFO - Epoch  10/50 | Train: 0.176781 | Val: 0.179920 | Corr: 0.129978 | LR: 1.00e-03
2026-03-04 20:28:47,601 - INFO -   ↳ Saved best model (val_corr=0.129978)
2026-03-04 20:28:57,142 - INFO - Epoch  11/50 | Train: 0.176531 | Val: 0.176869 | Corr: 0.128270 | LR: 1.00e-03
2026-03-04 20:29:06,549 - INFO - Epoch  12/50 | Train: 0.176189 | Val: 0.176576 | Corr: 0.130657 | LR: 1.00e-03
2026-03-04 20:29:06,568 - INFO -   ↳ Saved best model (val_corr=0.130657)
2026-03-04 20:29:15,648 - INFO - Epoch  13/50 | Train: 0.175895 | Val: 0.176886 | Corr: 0.132206 | LR: 1.00e-03
2026-03-04 20:29:15,665 - INFO -   ↳ Saved best model (val_corr=0.132206)
2026-03-04 20:29:24,510 - INFO - Epoch  14/50 | Train: 0.175792 | Val: 0.176776 | Corr: 0.132618 | LR: 1.00e-03
2026-03-04 20:29:24,525 - INFO -   ↳ Saved best model (val_corr=0.132618)
2026-03-04 20:29:33,365 - INFO - Epoch  15/50 | Train: 0.175556 | Val: 0.176631 | Corr: 0.133852 | LR: 1.00e-03
2026-03-04 20:29:33,381 - INFO -   ↳ Saved best model (val_corr=0.133852)
2026-03-04 20:29:42,211 - INFO - Epoch  16/50 | Train: 0.175249 | Val: 0.176505 | Corr: 0.133156 | LR: 1.00e-03
2026-03-04 20:29:51,028 - INFO - Epoch  17/50 | Train: 0.175145 | Val: 0.176678 | Corr: 0.136554 | LR: 1.00e-03
2026-03-04 20:29:51,045 - INFO -   ↳ Saved best model (val_corr=0.136554)
2026-03-04 20:29:59,858 - INFO - Epoch  18/50 | Train: 0.174979 | Val: 0.176298 | Corr: 0.136174 | LR: 1.00e-03
2026-03-04 20:30:08,734 - INFO - Epoch  19/50 | Train: 0.174903 | Val: 0.175909 | Corr: 0.137655 | LR: 1.00e-03
2026-03-04 20:30:08,748 - INFO -   ↳ Saved best model (val_corr=0.137655)
2026-03-04 20:30:17,537 - INFO - Epoch  20/50 | Train: 0.174670 | Val: 0.175992 | Corr: 0.136076 | LR: 1.00e-03
2026-03-04 20:30:26,328 - INFO - Epoch  21/50 | Train: 0.174385 | Val: 0.176258 | Corr: 0.137644 | LR: 1.00e-03
2026-03-04 20:30:35,118 - INFO - Epoch  22/50 | Train: 0.174330 | Val: 0.175983 | Corr: 0.138194 | LR: 1.00e-03
2026-03-04 20:30:35,139 - INFO -   ↳ Saved best model (val_corr=0.138194)
2026-03-04 20:30:43,951 - INFO - Epoch  23/50 | Train: 0.174170 | Val: 0.176212 | Corr: 0.137209 | LR: 1.00e-03
2026-03-04 20:30:52,717 - INFO - Epoch  24/50 | Train: 0.174028 | Val: 0.176889 | Corr: 0.139095 | LR: 1.00e-03
2026-03-04 20:30:52,732 - INFO -   ↳ Saved best model (val_corr=0.139095)
2026-03-04 20:31:01,481 - INFO - Epoch  25/50 | Train: 0.174030 | Val: 0.176250 | Corr: 0.136751 | LR: 5.00e-04
2026-03-04 20:31:10,257 - INFO - Epoch  26/50 | Train: 0.173078 | Val: 0.175741 | Corr: 0.139213 | LR: 5.00e-04
2026-03-04 20:31:10,275 - INFO -   ↳ Saved best model (val_corr=0.139213)
2026-03-04 20:31:18,924 - INFO - Epoch  27/50 | Train: 0.172795 | Val: 0.175939 | Corr: 0.138988 | LR: 5.00e-04
2026-03-04 20:31:27,524 - INFO - Epoch  28/50 | Train: 0.172764 | Val: 0.175919 | Corr: 0.139324 | LR: 5.00e-04
2026-03-04 20:31:27,538 - INFO -   ↳ Saved best model (val_corr=0.139324)
2026-03-04 20:31:36,159 - INFO - Epoch  29/50 | Train: 0.172712 | Val: 0.175768 | Corr: 0.139784 | LR: 5.00e-04
2026-03-04 20:31:36,175 - INFO -   ↳ Saved best model (val_corr=0.139784)
2026-03-04 20:31:44,798 - INFO - Epoch  30/50 | Train: 0.172416 | Val: 0.176008 | Corr: 0.138279 | LR: 5.00e-04
2026-03-04 20:31:53,438 - INFO - Epoch  31/50 | Train: 0.172447 | Val: 0.176076 | Corr: 0.139196 | LR: 5.00e-04
2026-03-04 20:32:02,065 - INFO - Epoch  32/50 | Train: 0.172385 | Val: 0.176130 | Corr: 0.138593 | LR: 2.50e-04
2026-03-04 20:32:10,741 - INFO - Epoch  33/50 | Train: 0.171846 | Val: 0.176009 | Corr: 0.138658 | LR: 2.50e-04
2026-03-04 20:32:19,376 - INFO - Epoch  34/50 | Train: 0.171748 | Val: 0.176056 | Corr: 0.140081 | LR: 2.50e-04
2026-03-04 20:32:19,395 - INFO -   ↳ Saved best model (val_corr=0.140081)
2026-03-04 20:32:28,980 - INFO - Epoch  35/50 | Train: 0.171722 | Val: 0.175853 | Corr: 0.139222 | LR: 2.50e-04
2026-03-04 20:32:38,363 - INFO - Epoch  36/50 | Train: 0.171651 | Val: 0.175833 | Corr: 0.139016 | LR: 2.50e-04
2026-03-04 20:32:47,669 - INFO - Epoch  37/50 | Train: 0.171487 | Val: 0.175855 | Corr: 0.139030 | LR: 2.50e-04
2026-03-04 20:32:56,921 - INFO - Epoch  38/50 | Train: 0.171544 | Val: 0.176007 | Corr: 0.138181 | LR: 1.25e-04
2026-03-04 20:33:06,220 - INFO - Epoch  39/50 | Train: 0.171277 | Val: 0.175854 | Corr: 0.139189 | LR: 1.25e-04
2026-03-04 20:33:15,508 - INFO - Epoch  40/50 | Train: 0.171197 | Val: 0.175845 | Corr: 0.139490 | LR: 1.25e-04
2026-03-04 20:33:24,780 - INFO - Epoch  41/50 | Train: 0.171107 | Val: 0.175912 | Corr: 0.139151 | LR: 1.25e-04
2026-03-04 20:33:34,056 - INFO - Epoch  42/50 | Train: 0.171148 | Val: 0.175936 | Corr: 0.139388 | LR: 1.25e-04
2026-03-04 20:33:43,398 - INFO - Epoch  43/50 | Train: 0.171128 | Val: 0.175963 | Corr: 0.139107 | LR: 1.25e-04
2026-03-04 20:33:52,740 - INFO - Epoch  44/50 | Train: 0.171097 | Val: 0.176000 | Corr: 0.139351 | LR: 6.25e-05
2026-03-04 20:33:52,740 - INFO - Early stopping at epoch 44
2026-03-04 20:33:52,740 - INFO - Training complete — best val corr: 0.140081
2026-03-04 20:33:54,463 - INFO - Test loss: 0.167807, Test corr: 0.143363
2026-03-04 20:33:55,132 - INFO - Fraction of variance explained (FVE): 0.020913
2026-03-04 20:33:55,132 - INFO - Generating figures …
2026-03-04 20:33:55,604 - INFO - Correlation between predicted and actual per-neuron averages: r=0.9910, p=0.00e+00
2026-03-04 20:33:57,851 - INFO - Pattern selectivity summary:
2026-03-04 20:33:57,852 - INFO -   Mean correlation across neurons: 0.5217
2026-03-04 20:33:57,852 - INFO -   Median correlation: 0.5401
2026-03-04 20:33:57,852 - INFO -   Neurons with r > 0.5: 34 / 63
2026-03-04 20:33:57,852 - INFO -   Neurons with r > 0.3: 54 / 63
2026-03-04 20:33:57,852 - INFO - Pattern selectivity — mean neuron corr: 0.5217
2026-03-04 20:33:59,760 - INFO - LOO (avg rate) — Model mean r: 0.3012, LOO mean r: 0.4546, Neurons model > LOO: 1/63
2026-03-04 20:34:02,156 - INFO - LOO (temporal) — Model mean r: 0.1441, LOO mean r: 0.3186, Neurons model > LOO: 0/63
2026-03-04 20:34:02,157 - INFO - Skipping oracle trial plots (skip_oracle_plots=True)
2026-03-04 20:34:02,162 - INFO - Experiment complete. Summary: {
  "run_dir": "/scratch/sb272/patterns5k_results/slurm_base_cnn_2026-03-04_16-53-19/trial_0175_learning_rate=1.0e-03_kernel_sizes=5x3x3_conv_channels=64x128x256_fc_dims=1024_seed2",
  "model_type": "cnn",
  "batch_avg_test_loss": 0.16780704593658446,
  "batch_avg_test_corr": 0.1433626529787149,
  "all_test_fve": 0.020912734289017933,
  "AR_FVE": NaN,
  "AR_test_correlation": NaN,
  "best_val_corr": 0.1400813780427807,
  "total_params": 465407,
  "trainable_params": 465407,
  "epochs_trained": 44,
  "mean_pattern_corr": 0.5216950688591893,
  "history": 0,
  "init_state": true,
  "loo_avg_mean_corr": 0.45456832695830385,
  "model_avg_mean_corr": 0.3011850853944073,
  "neurons_model_beats_loo_avg": 1,
  "loo_temporal_mean_corr": 0.31855225563049316,
  "all_test_corr": 0.14408379793167114,
  "neurons_model_beats_loo_temporal": 0,
  "kernel_sizes": [
    5,
    3,
    3
  ],
  "conv_channels": [
    64,
    128,
    256
  ],
  "fc_dims": [
    1024
  ]
}
