2026-03-06 03:42:59,769 - INFO - ============================================================
2026-03-06 03:42:59,769 - INFO - Experiment run directory: /scratch/sb272/patterns5k_results/slurm_hist_cnn_2026-03-05_16-01-45/trial_0539_learning_rate=1.0e-03_history=1_kernel_sizes=3x3x3_conv_channels=256x256x256_fc_dims=1024_seed1
2026-03-06 03:42:59,769 - INFO - ============================================================
2026-03-06 03:42:59,769 - INFO - Loading data …
2026-03-06 03:43:00,581 - INFO - 63 unique neurons after dropping problematic neurons
2026-03-06 03:43:01,654 - INFO - Stimulation channels: 42, Spiking neurons: 63
2026-03-06 03:44:48,716 - INFO - Unique patterns: 4050, Total trials: 5000
2026-03-06 03:44:48,718 - INFO - Stimulation channels: 42, Spiking neurons: 63
2026-03-06 03:44:48,718 - INFO - Unique patterns: 4050, Total trials: 5000
2026-03-06 03:44:48,733 - INFO - Split (oracle): train=3400, val=600, test=1000
2026-03-06 03:45:10,971 - INFO - BinnedStimSpikeDataset initialized:
2026-03-06 03:45:10,972 - INFO -   input_bin_size_ms=10, output_bin_size_ms=10
2026-03-06 03:45:10,972 - INFO -   n_input_bins=60, n_output_bins=60
2026-03-06 03:45:10,972 - INFO -   output_offset=0, total_bins_input=60, total_bins_output=60
2026-03-06 03:45:10,972 - INFO -   Valid start positions per trial: 0 to 0
2026-03-06 03:45:10,972 - INFO -   Total samples: 3400 (3400 trials × 1 positions)
2026-03-06 03:45:32,628 - INFO - BinnedStimSpikeDataset initialized:
2026-03-06 03:45:32,628 - INFO -   input_bin_size_ms=10, output_bin_size_ms=10
2026-03-06 03:45:32,628 - INFO -   n_input_bins=60, n_output_bins=60
2026-03-06 03:45:32,628 - INFO -   output_offset=0, total_bins_input=60, total_bins_output=60
2026-03-06 03:45:32,628 - INFO -   Valid start positions per trial: 0 to 0
2026-03-06 03:45:32,628 - INFO -   Total samples: 600 (600 trials × 1 positions)
2026-03-06 03:45:54,412 - INFO - BinnedStimSpikeDataset initialized:
2026-03-06 03:45:54,412 - INFO -   input_bin_size_ms=10, output_bin_size_ms=10
2026-03-06 03:45:54,412 - INFO -   n_input_bins=60, n_output_bins=60
2026-03-06 03:45:54,412 - INFO -   output_offset=0, total_bins_input=60, total_bins_output=60
2026-03-06 03:45:54,412 - INFO -   Valid start positions per trial: 0 to 0
2026-03-06 03:45:54,412 - INFO -   Total samples: 1000 (1000 trials × 1 positions)
2026-03-06 03:45:54,412 - INFO - Samples — train: 3400, val: 600, test: 1000
2026-03-06 03:45:54,412 - INFO - Input channels: 105, Neurons: 63
2026-03-06 03:45:54,416 - INFO - Using CPU
2026-03-06 03:45:54,437 - INFO - Model: CNN — 803,903 trainable params (803,903 total)
2026-03-06 03:45:58,633 - INFO - Starting training …
2026-03-06 03:46:11,927 - INFO - Epoch   1/50 | Train: 0.190142 | Val: 0.169593 | Corr: 0.175201 | LR: 1.00e-03
2026-03-06 03:46:11,949 - INFO -   ↳ Saved best model (val_corr=0.175201)
2026-03-06 03:46:24,247 - INFO - Epoch   2/50 | Train: 0.168814 | Val: 0.165892 | Corr: 0.203377 | LR: 1.00e-03
2026-03-06 03:46:24,267 - INFO -   ↳ Saved best model (val_corr=0.203377)
2026-03-06 03:46:36,468 - INFO - Epoch   3/50 | Train: 0.165695 | Val: 0.163881 | Corr: 0.221711 | LR: 1.00e-03
2026-03-06 03:46:36,485 - INFO -   ↳ Saved best model (val_corr=0.221711)
2026-03-06 03:46:48,841 - INFO - Epoch   4/50 | Train: 0.163638 | Val: 0.164999 | Corr: 0.232914 | LR: 1.00e-03
2026-03-06 03:46:48,873 - INFO -   ↳ Saved best model (val_corr=0.232914)
2026-03-06 03:47:01,153 - INFO - Epoch   5/50 | Train: 0.162003 | Val: 0.162569 | Corr: 0.243309 | LR: 1.00e-03
2026-03-06 03:47:01,173 - INFO -   ↳ Saved best model (val_corr=0.243309)
2026-03-06 03:47:13,499 - INFO - Epoch   6/50 | Train: 0.160798 | Val: 0.160489 | Corr: 0.251082 | LR: 1.00e-03
2026-03-06 03:47:13,521 - INFO -   ↳ Saved best model (val_corr=0.251082)
2026-03-06 03:47:25,833 - INFO - Epoch   7/50 | Train: 0.159867 | Val: 0.159940 | Corr: 0.255827 | LR: 1.00e-03
2026-03-06 03:47:25,853 - INFO -   ↳ Saved best model (val_corr=0.255827)
2026-03-06 03:47:38,036 - INFO - Epoch   8/50 | Train: 0.158936 | Val: 0.160486 | Corr: 0.259097 | LR: 1.00e-03
2026-03-06 03:47:38,055 - INFO -   ↳ Saved best model (val_corr=0.259097)
2026-03-06 03:47:50,373 - INFO - Epoch   9/50 | Train: 0.158173 | Val: 0.159217 | Corr: 0.262066 | LR: 1.00e-03
2026-03-06 03:47:50,396 - INFO -   ↳ Saved best model (val_corr=0.262066)
2026-03-06 03:48:02,704 - INFO - Epoch  10/50 | Train: 0.157507 | Val: 0.159504 | Corr: 0.264062 | LR: 1.00e-03
2026-03-06 03:48:02,728 - INFO -   ↳ Saved best model (val_corr=0.264062)
2026-03-06 03:48:15,157 - INFO - Epoch  11/50 | Train: 0.156938 | Val: 0.158534 | Corr: 0.267418 | LR: 1.00e-03
2026-03-06 03:48:15,214 - INFO -   ↳ Saved best model (val_corr=0.267418)
2026-03-06 03:48:27,664 - INFO - Epoch  12/50 | Train: 0.156365 | Val: 0.158930 | Corr: 0.269421 | LR: 1.00e-03
2026-03-06 03:48:27,686 - INFO -   ↳ Saved best model (val_corr=0.269421)
2026-03-06 03:48:39,975 - INFO - Epoch  13/50 | Train: 0.155847 | Val: 0.158381 | Corr: 0.269795 | LR: 1.00e-03
2026-03-06 03:48:39,996 - INFO -   ↳ Saved best model (val_corr=0.269795)
2026-03-06 03:48:52,196 - INFO - Epoch  14/50 | Train: 0.155551 | Val: 0.158349 | Corr: 0.271911 | LR: 1.00e-03
2026-03-06 03:48:52,220 - INFO -   ↳ Saved best model (val_corr=0.271911)
2026-03-06 03:49:04,433 - INFO - Epoch  15/50 | Train: 0.154896 | Val: 0.159150 | Corr: 0.272412 | LR: 1.00e-03
2026-03-06 03:49:04,454 - INFO -   ↳ Saved best model (val_corr=0.272412)
2026-03-06 03:49:16,867 - INFO - Epoch  16/50 | Train: 0.154482 | Val: 0.158395 | Corr: 0.272240 | LR: 1.00e-03
2026-03-06 03:49:29,110 - INFO - Epoch  17/50 | Train: 0.154170 | Val: 0.157725 | Corr: 0.273966 | LR: 1.00e-03
2026-03-06 03:49:29,132 - INFO -   ↳ Saved best model (val_corr=0.273966)
2026-03-06 03:49:41,442 - INFO - Epoch  18/50 | Train: 0.153736 | Val: 0.158283 | Corr: 0.273657 | LR: 1.00e-03
2026-03-06 03:49:53,804 - INFO - Epoch  19/50 | Train: 0.153339 | Val: 0.157646 | Corr: 0.274593 | LR: 1.00e-03
2026-03-06 03:49:53,824 - INFO -   ↳ Saved best model (val_corr=0.274593)
2026-03-06 03:50:06,105 - INFO - Epoch  20/50 | Train: 0.153012 | Val: 0.157700 | Corr: 0.275493 | LR: 1.00e-03
2026-03-06 03:50:06,127 - INFO -   ↳ Saved best model (val_corr=0.275493)
2026-03-06 03:50:18,452 - INFO - Epoch  21/50 | Train: 0.152626 | Val: 0.158099 | Corr: 0.274495 | LR: 1.00e-03
2026-03-06 03:50:30,783 - INFO - Epoch  22/50 | Train: 0.152323 | Val: 0.158641 | Corr: 0.276558 | LR: 1.00e-03
2026-03-06 03:50:30,812 - INFO -   ↳ Saved best model (val_corr=0.276558)
2026-03-06 03:50:43,071 - INFO - Epoch  23/50 | Train: 0.152186 | Val: 0.157636 | Corr: 0.276859 | LR: 1.00e-03
2026-03-06 03:50:43,092 - INFO -   ↳ Saved best model (val_corr=0.276859)
2026-03-06 03:50:55,336 - INFO - Epoch  24/50 | Train: 0.151980 | Val: 0.157698 | Corr: 0.277696 | LR: 1.00e-03
2026-03-06 03:50:55,357 - INFO -   ↳ Saved best model (val_corr=0.277696)
2026-03-06 03:51:07,572 - INFO - Epoch  25/50 | Train: 0.151780 | Val: 0.157462 | Corr: 0.277754 | LR: 1.00e-03
2026-03-06 03:51:07,595 - INFO -   ↳ Saved best model (val_corr=0.277754)
2026-03-06 03:51:19,951 - INFO - Epoch  26/50 | Train: 0.151403 | Val: 0.157709 | Corr: 0.277161 | LR: 1.00e-03
2026-03-06 03:51:32,220 - INFO - Epoch  27/50 | Train: 0.151117 | Val: 0.157843 | Corr: 0.277557 | LR: 1.00e-03
2026-03-06 03:51:44,499 - INFO - Epoch  28/50 | Train: 0.150889 | Val: 0.157555 | Corr: 0.278239 | LR: 1.00e-03
2026-03-06 03:51:44,523 - INFO -   ↳ Saved best model (val_corr=0.278239)
2026-03-06 03:51:56,734 - INFO - Epoch  29/50 | Train: 0.150712 | Val: 0.157394 | Corr: 0.278039 | LR: 1.00e-03
2026-03-06 03:52:09,076 - INFO - Epoch  30/50 | Train: 0.150464 | Val: 0.157453 | Corr: 0.278492 | LR: 1.00e-03
2026-03-06 03:52:09,099 - INFO -   ↳ Saved best model (val_corr=0.278492)
2026-03-06 03:52:21,366 - INFO - Epoch  31/50 | Train: 0.150444 | Val: 0.157355 | Corr: 0.279318 | LR: 1.00e-03
2026-03-06 03:52:21,390 - INFO -   ↳ Saved best model (val_corr=0.279318)
2026-03-06 03:52:33,757 - INFO - Epoch  32/50 | Train: 0.150104 | Val: 0.157547 | Corr: 0.278975 | LR: 1.00e-03
2026-03-06 03:52:46,103 - INFO - Epoch  33/50 | Train: 0.149963 | Val: 0.157593 | Corr: 0.277940 | LR: 1.00e-03
2026-03-06 03:52:58,607 - INFO - Epoch  34/50 | Train: 0.149739 | Val: 0.157503 | Corr: 0.279065 | LR: 1.00e-03
2026-03-06 03:53:10,909 - INFO - Epoch  35/50 | Train: 0.149662 | Val: 0.157918 | Corr: 0.278468 | LR: 1.00e-03
2026-03-06 03:53:23,260 - INFO - Epoch  36/50 | Train: 0.149535 | Val: 0.157857 | Corr: 0.278962 | LR: 1.00e-03
2026-03-06 03:53:35,691 - INFO - Epoch  37/50 | Train: 0.149253 | Val: 0.157520 | Corr: 0.279722 | LR: 5.00e-04
2026-03-06 03:53:35,714 - INFO -   ↳ Saved best model (val_corr=0.279722)
2026-03-06 03:53:48,086 - INFO - Epoch  38/50 | Train: 0.148249 | Val: 0.157321 | Corr: 0.280406 | LR: 5.00e-04
2026-03-06 03:53:48,112 - INFO -   ↳ Saved best model (val_corr=0.280406)
2026-03-06 03:54:00,411 - INFO - Epoch  39/50 | Train: 0.147810 | Val: 0.157577 | Corr: 0.278543 | LR: 5.00e-04
2026-03-06 03:54:12,645 - INFO - Epoch  40/50 | Train: 0.147680 | Val: 0.157782 | Corr: 0.279774 | LR: 5.00e-04
2026-03-06 03:54:24,942 - INFO - Epoch  41/50 | Train: 0.147499 | Val: 0.157470 | Corr: 0.281110 | LR: 5.00e-04
2026-03-06 03:54:24,966 - INFO -   ↳ Saved best model (val_corr=0.281110)
2026-03-06 03:54:37,384 - INFO - Epoch  42/50 | Train: 0.147400 | Val: 0.157518 | Corr: 0.280403 | LR: 5.00e-04
2026-03-06 03:54:49,723 - INFO - Epoch  43/50 | Train: 0.147320 | Val: 0.157814 | Corr: 0.278957 | LR: 5.00e-04
2026-03-06 03:55:02,072 - INFO - Epoch  44/50 | Train: 0.147141 | Val: 0.157450 | Corr: 0.280914 | LR: 2.50e-04
2026-03-06 03:55:14,363 - INFO - Epoch  45/50 | Train: 0.146625 | Val: 0.157613 | Corr: 0.280153 | LR: 2.50e-04
2026-03-06 03:55:26,632 - INFO - Epoch  46/50 | Train: 0.146458 | Val: 0.157542 | Corr: 0.281137 | LR: 2.50e-04
2026-03-06 03:55:26,654 - INFO -   ↳ Saved best model (val_corr=0.281137)
2026-03-06 03:55:39,064 - INFO - Epoch  47/50 | Train: 0.146376 | Val: 0.157565 | Corr: 0.280640 | LR: 2.50e-04
2026-03-06 03:55:51,532 - INFO - Epoch  48/50 | Train: 0.146238 | Val: 0.157730 | Corr: 0.280334 | LR: 2.50e-04
2026-03-06 03:56:03,770 - INFO - Epoch  49/50 | Train: 0.146135 | Val: 0.158240 | Corr: 0.278381 | LR: 2.50e-04
2026-03-06 03:56:16,367 - INFO - Epoch  50/50 | Train: 0.146088 | Val: 0.157935 | Corr: 0.279485 | LR: 1.25e-04
2026-03-06 03:56:16,368 - INFO - Training complete — best val corr: 0.281137
2026-03-06 03:56:18,368 - INFO - Test loss: 0.149335, Test corr: 0.269410
2026-03-06 03:56:19,288 - INFO - Fraction of variance explained (FVE): 0.086409
2026-03-06 03:56:19,288 - INFO - Computing autoregressive (AR) test predictions …
2026-03-06 03:56:20,399 - INFO - AR FVE: -0.019156, AR test corr: 0.057244
2026-03-06 03:56:20,399 - INFO - Generating figures …
2026-03-06 03:56:20,854 - INFO - Correlation between predicted and actual per-neuron averages: r=0.9923, p=0.00e+00
2026-03-06 03:56:23,410 - INFO - Pattern selectivity summary:
2026-03-06 03:56:23,410 - INFO -   Mean correlation across neurons: 0.7751
2026-03-06 03:56:23,410 - INFO -   Median correlation: 0.7963
2026-03-06 03:56:23,410 - INFO -   Neurons with r > 0.5: 60 / 63
2026-03-06 03:56:23,410 - INFO -   Neurons with r > 0.3: 63 / 63
2026-03-06 03:56:23,410 - INFO - Pattern selectivity — mean neuron corr: 0.7751
2026-03-06 03:56:25,605 - INFO - LOO (avg rate) — Model mean r: 0.6321, LOO mean r: 0.4546, Neurons model > LOO: 59/63
2026-03-06 03:56:28,412 - INFO - LOO (temporal) — Model mean r: 0.2812, LOO mean r: 0.3186, Neurons model > LOO: 17/63
2026-03-06 03:56:28,413 - INFO - Skipping oracle trial plots (skip_oracle_plots=True)
2026-03-06 03:56:28,420 - INFO - Experiment complete. Summary: {
  "run_dir": "/scratch/sb272/patterns5k_results/slurm_hist_cnn_2026-03-05_16-01-45/trial_0539_learning_rate=1.0e-03_history=1_kernel_sizes=3x3x3_conv_channels=256x256x256_fc_dims=1024_seed1",
  "model_type": "cnn",
  "batch_avg_test_loss": 0.1493348569869995,
  "batch_avg_test_corr": 0.2694104466752159,
  "all_test_fve": 0.08640873053717235,
  "AR_FVE": -0.01915560071430509,
  "AR_test_correlation": 0.057243507355451584,
  "best_val_corr": 0.28113730716817154,
  "total_params": 803903,
  "trainable_params": 803903,
  "epochs_trained": 50,
  "mean_pattern_corr": 0.7750917258076332,
  "history": 1,
  "init_state": true,
  "loo_avg_mean_corr": 0.45456832695830385,
  "model_avg_mean_corr": 0.6320889638276002,
  "neurons_model_beats_loo_avg": 59,
  "loo_temporal_mean_corr": 0.31855225563049316,
  "all_test_corr": 0.28120940923690796,
  "neurons_model_beats_loo_temporal": 17,
  "kernel_sizes": [
    3,
    3,
    3
  ],
  "conv_channels": [
    256,
    256,
    256
  ],
  "fc_dims": [
    1024
  ]
}
