2026-03-05 22:22:17,736 - INFO - ============================================================
2026-03-05 22:22:17,736 - INFO - Experiment run directory: /scratch/sb272/patterns5k_results/slurm_hist_cnn_2026-03-05_16-01-45/trial_0462_learning_rate=1.0e-03_history=1_kernel_sizes=3x3x3_conv_channels=128x128x128_fc_dims=512_seed1
2026-03-05 22:22:17,736 - INFO - ============================================================
2026-03-05 22:22:17,736 - INFO - Loading data …
2026-03-05 22:22:18,694 - INFO - 63 unique neurons after dropping problematic neurons
2026-03-05 22:22:19,935 - INFO - Stimulation channels: 42, Spiking neurons: 63
2026-03-05 22:24:26,905 - INFO - Unique patterns: 4050, Total trials: 5000
2026-03-05 22:24:26,906 - INFO - Stimulation channels: 42, Spiking neurons: 63
2026-03-05 22:24:26,906 - INFO - Unique patterns: 4050, Total trials: 5000
2026-03-05 22:24:26,924 - INFO - Split (oracle): train=3400, val=600, test=1000
2026-03-05 22:24:53,458 - INFO - BinnedStimSpikeDataset initialized:
2026-03-05 22:24:53,459 - INFO -   input_bin_size_ms=10, output_bin_size_ms=10
2026-03-05 22:24:53,459 - INFO -   n_input_bins=60, n_output_bins=60
2026-03-05 22:24:53,459 - INFO -   output_offset=0, total_bins_input=60, total_bins_output=60
2026-03-05 22:24:53,459 - INFO -   Valid start positions per trial: 0 to 0
2026-03-05 22:24:53,459 - INFO -   Total samples: 3400 (3400 trials × 1 positions)
2026-03-05 22:25:19,353 - INFO - BinnedStimSpikeDataset initialized:
2026-03-05 22:25:19,353 - INFO -   input_bin_size_ms=10, output_bin_size_ms=10
2026-03-05 22:25:19,353 - INFO -   n_input_bins=60, n_output_bins=60
2026-03-05 22:25:19,353 - INFO -   output_offset=0, total_bins_input=60, total_bins_output=60
2026-03-05 22:25:19,353 - INFO -   Valid start positions per trial: 0 to 0
2026-03-05 22:25:19,353 - INFO -   Total samples: 600 (600 trials × 1 positions)
2026-03-05 22:25:45,819 - INFO - BinnedStimSpikeDataset initialized:
2026-03-05 22:25:45,819 - INFO -   input_bin_size_ms=10, output_bin_size_ms=10
2026-03-05 22:25:45,819 - INFO -   n_input_bins=60, n_output_bins=60
2026-03-05 22:25:45,819 - INFO -   output_offset=0, total_bins_input=60, total_bins_output=60
2026-03-05 22:25:45,819 - INFO -   Valid start positions per trial: 0 to 0
2026-03-05 22:25:45,819 - INFO -   Total samples: 1000 (1000 trials × 1 positions)
2026-03-05 22:25:45,820 - INFO - Samples — train: 3400, val: 600, test: 1000
2026-03-05 22:25:45,820 - INFO - Input channels: 105, Neurons: 63
2026-03-05 22:25:45,858 - INFO - Using CPU
2026-03-05 22:25:45,875 - INFO - Model: CNN — 238,143 trainable params (238,143 total)
2026-03-05 22:25:51,192 - INFO - Starting training …
2026-03-05 22:25:59,716 - INFO - Epoch   1/50 | Train: 0.201541 | Val: 0.174227 | Corr: 0.158896 | LR: 1.00e-03
2026-03-05 22:25:59,737 - INFO -   ↳ Saved best model (val_corr=0.158896)
2026-03-05 22:26:07,153 - INFO - Epoch   2/50 | Train: 0.171853 | Val: 0.168830 | Corr: 0.182633 | LR: 1.00e-03
2026-03-05 22:26:07,169 - INFO -   ↳ Saved best model (val_corr=0.182633)
2026-03-05 22:26:14,639 - INFO - Epoch   3/50 | Train: 0.168958 | Val: 0.167050 | Corr: 0.198972 | LR: 1.00e-03
2026-03-05 22:26:14,654 - INFO -   ↳ Saved best model (val_corr=0.198972)
2026-03-05 22:26:22,059 - INFO - Epoch   4/50 | Train: 0.167122 | Val: 0.165107 | Corr: 0.210840 | LR: 1.00e-03
2026-03-05 22:26:22,073 - INFO -   ↳ Saved best model (val_corr=0.210840)
2026-03-05 22:26:29,682 - INFO - Epoch   5/50 | Train: 0.165738 | Val: 0.164662 | Corr: 0.219072 | LR: 1.00e-03
2026-03-05 22:26:29,696 - INFO -   ↳ Saved best model (val_corr=0.219072)
2026-03-05 22:26:37,403 - INFO - Epoch   6/50 | Train: 0.164729 | Val: 0.163777 | Corr: 0.226006 | LR: 1.00e-03
2026-03-05 22:26:37,460 - INFO -   ↳ Saved best model (val_corr=0.226006)
2026-03-05 22:26:45,198 - INFO - Epoch   7/50 | Train: 0.163722 | Val: 0.163936 | Corr: 0.231882 | LR: 1.00e-03
2026-03-05 22:26:45,214 - INFO -   ↳ Saved best model (val_corr=0.231882)
2026-03-05 22:26:52,643 - INFO - Epoch   8/50 | Train: 0.163045 | Val: 0.162085 | Corr: 0.236555 | LR: 1.00e-03
2026-03-05 22:26:52,658 - INFO -   ↳ Saved best model (val_corr=0.236555)
2026-03-05 22:27:00,085 - INFO - Epoch   9/50 | Train: 0.162525 | Val: 0.161347 | Corr: 0.240528 | LR: 1.00e-03
2026-03-05 22:27:00,099 - INFO -   ↳ Saved best model (val_corr=0.240528)
2026-03-05 22:27:07,429 - INFO - Epoch  10/50 | Train: 0.161933 | Val: 0.162063 | Corr: 0.243403 | LR: 1.00e-03
2026-03-05 22:27:07,446 - INFO -   ↳ Saved best model (val_corr=0.243403)
2026-03-05 22:27:14,670 - INFO - Epoch  11/50 | Train: 0.161402 | Val: 0.161259 | Corr: 0.244977 | LR: 1.00e-03
2026-03-05 22:27:14,683 - INFO -   ↳ Saved best model (val_corr=0.244977)
2026-03-05 22:27:22,059 - INFO - Epoch  12/50 | Train: 0.161050 | Val: 0.161107 | Corr: 0.247351 | LR: 1.00e-03
2026-03-05 22:27:22,078 - INFO -   ↳ Saved best model (val_corr=0.247351)
2026-03-05 22:27:29,321 - INFO - Epoch  13/50 | Train: 0.160689 | Val: 0.161279 | Corr: 0.250056 | LR: 1.00e-03
2026-03-05 22:27:29,358 - INFO -   ↳ Saved best model (val_corr=0.250056)
2026-03-05 22:27:36,226 - INFO - Epoch  14/50 | Train: 0.160189 | Val: 0.160643 | Corr: 0.251617 | LR: 1.00e-03
2026-03-05 22:27:36,271 - INFO -   ↳ Saved best model (val_corr=0.251617)
2026-03-05 22:27:43,869 - INFO - Epoch  15/50 | Train: 0.159981 | Val: 0.161266 | Corr: 0.254828 | LR: 1.00e-03
2026-03-05 22:27:43,885 - INFO -   ↳ Saved best model (val_corr=0.254828)
2026-03-05 22:27:51,321 - INFO - Epoch  16/50 | Train: 0.159755 | Val: 0.161092 | Corr: 0.255056 | LR: 1.00e-03
2026-03-05 22:27:51,340 - INFO -   ↳ Saved best model (val_corr=0.255056)
2026-03-05 22:27:58,796 - INFO - Epoch  17/50 | Train: 0.159508 | Val: 0.160026 | Corr: 0.257229 | LR: 1.00e-03
2026-03-05 22:27:58,811 - INFO -   ↳ Saved best model (val_corr=0.257229)
2026-03-05 22:28:06,278 - INFO - Epoch  18/50 | Train: 0.159247 | Val: 0.159526 | Corr: 0.258101 | LR: 1.00e-03
2026-03-05 22:28:06,297 - INFO -   ↳ Saved best model (val_corr=0.258101)
2026-03-05 22:28:13,644 - INFO - Epoch  19/50 | Train: 0.159065 | Val: 0.159847 | Corr: 0.260035 | LR: 1.00e-03
2026-03-05 22:28:13,670 - INFO -   ↳ Saved best model (val_corr=0.260035)
2026-03-05 22:28:21,102 - INFO - Epoch  20/50 | Train: 0.158781 | Val: 0.159238 | Corr: 0.261415 | LR: 1.00e-03
2026-03-05 22:28:21,118 - INFO -   ↳ Saved best model (val_corr=0.261415)
2026-03-05 22:28:28,641 - INFO - Epoch  21/50 | Train: 0.158627 | Val: 0.159425 | Corr: 0.261430 | LR: 1.00e-03
2026-03-05 22:28:28,659 - INFO -   ↳ Saved best model (val_corr=0.261430)
2026-03-05 22:28:36,109 - INFO - Epoch  22/50 | Train: 0.158443 | Val: 0.159009 | Corr: 0.262443 | LR: 1.00e-03
2026-03-05 22:28:36,124 - INFO -   ↳ Saved best model (val_corr=0.262443)
2026-03-05 22:28:43,422 - INFO - Epoch  23/50 | Train: 0.158225 | Val: 0.159008 | Corr: 0.263010 | LR: 1.00e-03
2026-03-05 22:28:43,442 - INFO -   ↳ Saved best model (val_corr=0.263010)
2026-03-05 22:28:50,738 - INFO - Epoch  24/50 | Train: 0.158137 | Val: 0.158779 | Corr: 0.263729 | LR: 1.00e-03
2026-03-05 22:28:50,757 - INFO -   ↳ Saved best model (val_corr=0.263729)
2026-03-05 22:28:58,222 - INFO - Epoch  25/50 | Train: 0.157931 | Val: 0.159104 | Corr: 0.264374 | LR: 1.00e-03
2026-03-05 22:28:58,235 - INFO -   ↳ Saved best model (val_corr=0.264374)
2026-03-05 22:29:05,462 - INFO - Epoch  26/50 | Train: 0.157757 | Val: 0.159163 | Corr: 0.265327 | LR: 1.00e-03
2026-03-05 22:29:05,500 - INFO -   ↳ Saved best model (val_corr=0.265327)
2026-03-05 22:29:13,016 - INFO - Epoch  27/50 | Train: 0.157740 | Val: 0.159095 | Corr: 0.265334 | LR: 1.00e-03
2026-03-05 22:29:13,035 - INFO -   ↳ Saved best model (val_corr=0.265334)
2026-03-05 22:29:20,470 - INFO - Epoch  28/50 | Train: 0.157602 | Val: 0.158913 | Corr: 0.265759 | LR: 1.00e-03
2026-03-05 22:29:20,490 - INFO -   ↳ Saved best model (val_corr=0.265759)
2026-03-05 22:29:27,761 - INFO - Epoch  29/50 | Train: 0.157443 | Val: 0.158384 | Corr: 0.266914 | LR: 1.00e-03
2026-03-05 22:29:27,776 - INFO -   ↳ Saved best model (val_corr=0.266914)
2026-03-05 22:29:35,115 - INFO - Epoch  30/50 | Train: 0.157256 | Val: 0.158865 | Corr: 0.266130 | LR: 1.00e-03
2026-03-05 22:29:42,314 - INFO - Epoch  31/50 | Train: 0.157169 | Val: 0.158443 | Corr: 0.268510 | LR: 1.00e-03
2026-03-05 22:29:42,336 - INFO -   ↳ Saved best model (val_corr=0.268510)
2026-03-05 22:29:49,693 - INFO - Epoch  32/50 | Train: 0.157080 | Val: 0.158252 | Corr: 0.269253 | LR: 1.00e-03
2026-03-05 22:29:49,705 - INFO -   ↳ Saved best model (val_corr=0.269253)
2026-03-05 22:29:57,228 - INFO - Epoch  33/50 | Train: 0.156958 | Val: 0.158290 | Corr: 0.269864 | LR: 1.00e-03
2026-03-05 22:29:57,246 - INFO -   ↳ Saved best model (val_corr=0.269864)
2026-03-05 22:30:04,832 - INFO - Epoch  34/50 | Train: 0.156868 | Val: 0.158518 | Corr: 0.269055 | LR: 1.00e-03
2026-03-05 22:30:12,241 - INFO - Epoch  35/50 | Train: 0.156740 | Val: 0.157737 | Corr: 0.270608 | LR: 1.00e-03
2026-03-05 22:30:12,398 - INFO -   ↳ Saved best model (val_corr=0.270608)
2026-03-05 22:30:19,653 - INFO - Epoch  36/50 | Train: 0.156664 | Val: 0.157798 | Corr: 0.270153 | LR: 1.00e-03
2026-03-05 22:30:27,018 - INFO - Epoch  37/50 | Train: 0.156589 | Val: 0.157765 | Corr: 0.271057 | LR: 1.00e-03
2026-03-05 22:30:27,042 - INFO -   ↳ Saved best model (val_corr=0.271057)
2026-03-05 22:30:34,502 - INFO - Epoch  38/50 | Train: 0.156449 | Val: 0.158093 | Corr: 0.271355 | LR: 1.00e-03
2026-03-05 22:30:34,515 - INFO -   ↳ Saved best model (val_corr=0.271355)
2026-03-05 22:30:41,984 - INFO - Epoch  39/50 | Train: 0.156406 | Val: 0.158155 | Corr: 0.269695 | LR: 1.00e-03
2026-03-05 22:30:49,294 - INFO - Epoch  40/50 | Train: 0.156230 | Val: 0.157947 | Corr: 0.271699 | LR: 1.00e-03
2026-03-05 22:30:49,311 - INFO -   ↳ Saved best model (val_corr=0.271699)
2026-03-05 22:30:56,591 - INFO - Epoch  41/50 | Train: 0.156182 | Val: 0.158335 | Corr: 0.269209 | LR: 5.00e-04
2026-03-05 22:31:03,855 - INFO - Epoch  42/50 | Train: 0.155588 | Val: 0.157669 | Corr: 0.272309 | LR: 5.00e-04
2026-03-05 22:31:03,872 - INFO -   ↳ Saved best model (val_corr=0.272309)
2026-03-05 22:31:11,262 - INFO - Epoch  43/50 | Train: 0.155386 | Val: 0.157745 | Corr: 0.272281 | LR: 5.00e-04
2026-03-05 22:31:18,698 - INFO - Epoch  44/50 | Train: 0.155298 | Val: 0.157536 | Corr: 0.273119 | LR: 5.00e-04
2026-03-05 22:31:18,713 - INFO -   ↳ Saved best model (val_corr=0.273119)
2026-03-05 22:31:26,223 - INFO - Epoch  45/50 | Train: 0.155346 | Val: 0.157238 | Corr: 0.274335 | LR: 5.00e-04
2026-03-05 22:31:26,241 - INFO -   ↳ Saved best model (val_corr=0.274335)
2026-03-05 22:31:33,806 - INFO - Epoch  46/50 | Train: 0.155251 | Val: 0.157433 | Corr: 0.273132 | LR: 5.00e-04
2026-03-05 22:31:41,310 - INFO - Epoch  47/50 | Train: 0.155157 | Val: 0.157535 | Corr: 0.274013 | LR: 5.00e-04
2026-03-05 22:31:48,856 - INFO - Epoch  48/50 | Train: 0.155159 | Val: 0.157604 | Corr: 0.274260 | LR: 5.00e-04
2026-03-05 22:31:56,285 - INFO - Epoch  49/50 | Train: 0.155053 | Val: 0.157667 | Corr: 0.273278 | LR: 5.00e-04
2026-03-05 22:32:03,763 - INFO - Epoch  50/50 | Train: 0.155118 | Val: 0.157307 | Corr: 0.274567 | LR: 5.00e-04
2026-03-05 22:32:03,777 - INFO -   ↳ Saved best model (val_corr=0.274567)
2026-03-05 22:32:03,778 - INFO - Training complete — best val corr: 0.274567
2026-03-05 22:32:05,732 - INFO - Test loss: 0.149099, Test corr: 0.264332
2026-03-05 22:32:06,240 - INFO - Fraction of variance explained (FVE): 0.085223
2026-03-05 22:32:06,240 - INFO - Computing autoregressive (AR) test predictions …
2026-03-05 22:32:06,974 - INFO - AR FVE: -0.013646, AR test corr: 0.063481
2026-03-05 22:32:06,974 - INFO - Generating figures …
2026-03-05 22:32:07,610 - INFO - Correlation between predicted and actual per-neuron averages: r=0.9897, p=0.00e+00
2026-03-05 22:32:10,211 - INFO - Pattern selectivity summary:
2026-03-05 22:32:10,212 - INFO -   Mean correlation across neurons: 0.7407
2026-03-05 22:32:10,212 - INFO -   Median correlation: 0.7659
2026-03-05 22:32:10,212 - INFO -   Neurons with r > 0.5: 59 / 63
2026-03-05 22:32:10,212 - INFO -   Neurons with r > 0.3: 63 / 63
2026-03-05 22:32:10,212 - INFO - Pattern selectivity — mean neuron corr: 0.7407
2026-03-05 22:32:12,086 - INFO - LOO (avg rate) — Model mean r: 0.5995, LOO mean r: 0.4546, Neurons model > LOO: 54/63
2026-03-05 22:32:14,483 - INFO - LOO (temporal) — Model mean r: 0.2746, LOO mean r: 0.3186, Neurons model > LOO: 15/63
2026-03-05 22:32:14,483 - INFO - Skipping oracle trial plots (skip_oracle_plots=True)
2026-03-05 22:32:14,504 - INFO - Experiment complete. Summary: {
  "run_dir": "/scratch/sb272/patterns5k_results/slurm_hist_cnn_2026-03-05_16-01-45/trial_0462_learning_rate=1.0e-03_history=1_kernel_sizes=3x3x3_conv_channels=128x128x128_fc_dims=512_seed1",
  "model_type": "cnn",
  "batch_avg_test_loss": 0.14909927332401277,
  "batch_avg_test_corr": 0.26433182712512393,
  "all_test_fve": 0.0852227731356545,
  "AR_FVE": -0.013646455038161505,
  "AR_test_correlation": 0.06348063051700592,
  "best_val_corr": 0.274566635211631,
  "total_params": 238143,
  "trainable_params": 238143,
  "epochs_trained": 50,
  "mean_pattern_corr": 0.7407032323142392,
  "history": 1,
  "init_state": true,
  "loo_avg_mean_corr": 0.45456832695830385,
  "model_avg_mean_corr": 0.5995050528859025,
  "neurons_model_beats_loo_avg": 54,
  "loo_temporal_mean_corr": 0.31855225563049316,
  "all_test_corr": 0.27458831667900085,
  "neurons_model_beats_loo_temporal": 15,
  "kernel_sizes": [
    3,
    3,
    3
  ],
  "conv_channels": [
    128,
    128,
    128
  ],
  "fc_dims": [
    512
  ]
}
