2026-02-15 13:44:09,759 - INFO - ============================================================
2026-02-15 13:44:09,759 - INFO - Experiment run directory: results/base_cnn_kernel_sweep_2026-02-15_11-28-56/trial_0060_learning_rate=0.01
2026-02-15 13:44:09,759 - INFO - ============================================================
2026-02-15 13:44:09,759 - INFO - Using preloaded raw data (skipping I/O)
2026-02-15 13:44:09,759 - INFO - Stimulation channels: 42, Spiking neurons: 63
2026-02-15 13:44:09,759 - INFO - Unique patterns: 4050, Total trials: 5000
2026-02-15 13:44:09,769 - INFO - Split (oracle): train=3400, val=600, test=1000
2026-02-15 13:44:23,962 - INFO - BinnedStimSpikeDataset initialized:
2026-02-15 13:44:23,965 - INFO -   input_bin_size_ms=10, output_bin_size_ms=10
2026-02-15 13:44:23,965 - INFO -   n_input_bins=60, n_output_bins=60
2026-02-15 13:44:23,965 - INFO -   output_offset=0, total_bins_input=60, total_bins_output=60
2026-02-15 13:44:23,965 - INFO -   Valid start positions per trial: 0 to 0
2026-02-15 13:44:23,965 - INFO -   Total samples: 3400 (3400 trials × 1 positions)
2026-02-15 13:44:37,416 - INFO - BinnedStimSpikeDataset initialized:
2026-02-15 13:44:37,416 - INFO -   input_bin_size_ms=10, output_bin_size_ms=10
2026-02-15 13:44:37,417 - INFO -   n_input_bins=60, n_output_bins=60
2026-02-15 13:44:37,417 - INFO -   output_offset=0, total_bins_input=60, total_bins_output=60
2026-02-15 13:44:37,417 - INFO -   Valid start positions per trial: 0 to 0
2026-02-15 13:44:37,417 - INFO -   Total samples: 600 (600 trials × 1 positions)
2026-02-15 13:44:50,957 - INFO - BinnedStimSpikeDataset initialized:
2026-02-15 13:44:50,957 - INFO -   input_bin_size_ms=10, output_bin_size_ms=10
2026-02-15 13:44:50,958 - INFO -   n_input_bins=60, n_output_bins=60
2026-02-15 13:44:50,958 - INFO -   output_offset=0, total_bins_input=60, total_bins_output=60
2026-02-15 13:44:50,958 - INFO -   Valid start positions per trial: 0 to 0
2026-02-15 13:44:50,958 - INFO -   Total samples: 1000 (1000 trials × 1 positions)
2026-02-15 13:44:50,958 - INFO - Samples — train: 3400, val: 600, test: 1000
2026-02-15 13:44:50,958 - INFO - Input channels: 42, Neurons: 63
2026-02-15 13:44:50,958 - INFO - Using Apple Silicon MPS acceleration
2026-02-15 13:44:50,970 - INFO - Model: CNN — 41,087 trainable params (41,087 total)
2026-02-15 13:44:50,970 - INFO - Starting training …
2026-02-15 13:44:52,595 - INFO - Epoch   1/50 | Train: 0.212472 | Val: 0.191940 | Corr: 0.210351 | LR: 1.00e-02
2026-02-15 13:44:52,599 - INFO -   ↳ Saved best model (val_corr=0.210351)
2026-02-15 13:44:54,270 - INFO - Epoch   2/50 | Train: 0.192099 | Val: 0.188731 | Corr: 0.231614 | LR: 1.00e-02
2026-02-15 13:44:54,274 - INFO -   ↳ Saved best model (val_corr=0.231614)
2026-02-15 13:44:56,032 - INFO - Epoch   3/50 | Train: 0.190089 | Val: 0.187440 | Corr: 0.241598 | LR: 1.00e-02
2026-02-15 13:44:56,035 - INFO -   ↳ Saved best model (val_corr=0.241598)
2026-02-15 13:44:57,583 - INFO - Epoch   4/50 | Train: 0.189025 | Val: 0.186579 | Corr: 0.247950 | LR: 1.00e-02
2026-02-15 13:44:57,586 - INFO -   ↳ Saved best model (val_corr=0.247950)
2026-02-15 13:44:59,224 - INFO - Epoch   5/50 | Train: 0.188275 | Val: 0.186153 | Corr: 0.251917 | LR: 1.00e-02
2026-02-15 13:44:59,227 - INFO -   ↳ Saved best model (val_corr=0.251917)
2026-02-15 13:45:00,971 - INFO - Epoch   6/50 | Train: 0.187919 | Val: 0.185665 | Corr: 0.255930 | LR: 1.00e-02
2026-02-15 13:45:00,975 - INFO -   ↳ Saved best model (val_corr=0.255930)
2026-02-15 13:45:02,621 - INFO - Epoch   7/50 | Train: 0.187477 | Val: 0.185693 | Corr: 0.255003 | LR: 1.00e-02
2026-02-15 13:45:04,389 - INFO - Epoch   8/50 | Train: 0.187144 | Val: 0.185423 | Corr: 0.256777 | LR: 1.00e-02
2026-02-15 13:45:04,392 - INFO -   ↳ Saved best model (val_corr=0.256777)
2026-02-15 13:45:06,107 - INFO - Epoch   9/50 | Train: 0.187069 | Val: 0.185481 | Corr: 0.258014 | LR: 1.00e-02
2026-02-15 13:45:06,110 - INFO -   ↳ Saved best model (val_corr=0.258014)
2026-02-15 13:45:07,764 - INFO - Epoch  10/50 | Train: 0.186812 | Val: 0.185179 | Corr: 0.258370 | LR: 1.00e-02
2026-02-15 13:45:07,767 - INFO -   ↳ Saved best model (val_corr=0.258370)
2026-02-15 13:45:09,548 - INFO - Epoch  11/50 | Train: 0.186652 | Val: 0.185087 | Corr: 0.259833 | LR: 1.00e-02
2026-02-15 13:45:09,551 - INFO -   ↳ Saved best model (val_corr=0.259833)
2026-02-15 13:45:11,276 - INFO - Epoch  12/50 | Train: 0.186536 | Val: 0.185787 | Corr: 0.258432 | LR: 1.00e-02
2026-02-15 13:45:12,819 - INFO - Epoch  13/50 | Train: 0.186333 | Val: 0.184985 | Corr: 0.261400 | LR: 1.00e-02
2026-02-15 13:45:12,822 - INFO -   ↳ Saved best model (val_corr=0.261400)
2026-02-15 13:45:14,576 - INFO - Epoch  14/50 | Train: 0.186068 | Val: 0.184901 | Corr: 0.262231 | LR: 1.00e-02
2026-02-15 13:45:14,579 - INFO -   ↳ Saved best model (val_corr=0.262231)
2026-02-15 13:45:16,348 - INFO - Epoch  15/50 | Train: 0.186036 | Val: 0.185387 | Corr: 0.261220 | LR: 1.00e-02
2026-02-15 13:45:18,007 - INFO - Epoch  16/50 | Train: 0.185951 | Val: 0.184765 | Corr: 0.262449 | LR: 1.00e-02
2026-02-15 13:45:18,011 - INFO -   ↳ Saved best model (val_corr=0.262449)
2026-02-15 13:45:19,713 - INFO - Epoch  17/50 | Train: 0.185797 | Val: 0.184447 | Corr: 0.263530 | LR: 1.00e-02
2026-02-15 13:45:19,716 - INFO -   ↳ Saved best model (val_corr=0.263530)
2026-02-15 13:45:21,394 - INFO - Epoch  18/50 | Train: 0.185834 | Val: 0.184591 | Corr: 0.263503 | LR: 1.00e-02
2026-02-15 13:45:23,008 - INFO - Epoch  19/50 | Train: 0.185627 | Val: 0.184648 | Corr: 0.263426 | LR: 1.00e-02
2026-02-15 13:45:24,732 - INFO - Epoch  20/50 | Train: 0.185669 | Val: 0.184560 | Corr: 0.263038 | LR: 1.00e-02
2026-02-15 13:45:26,299 - INFO - Epoch  21/50 | Train: 0.185503 | Val: 0.184722 | Corr: 0.262062 | LR: 1.00e-02
2026-02-15 13:45:27,947 - INFO - Epoch  22/50 | Train: 0.185462 | Val: 0.184576 | Corr: 0.264851 | LR: 1.00e-02
2026-02-15 13:45:27,951 - INFO -   ↳ Saved best model (val_corr=0.264851)
2026-02-15 13:45:29,715 - INFO - Epoch  23/50 | Train: 0.185386 | Val: 0.184343 | Corr: 0.264952 | LR: 1.00e-02
2026-02-15 13:45:29,718 - INFO -   ↳ Saved best model (val_corr=0.264952)
2026-02-15 13:45:31,498 - INFO - Epoch  24/50 | Train: 0.185303 | Val: 0.184468 | Corr: 0.265601 | LR: 1.00e-02
2026-02-15 13:45:31,501 - INFO -   ↳ Saved best model (val_corr=0.265601)
2026-02-15 13:45:32,991 - INFO - Epoch  25/50 | Train: 0.185240 | Val: 0.184481 | Corr: 0.263383 | LR: 1.00e-02
2026-02-15 13:45:34,765 - INFO - Epoch  26/50 | Train: 0.185214 | Val: 0.184450 | Corr: 0.264272 | LR: 1.00e-02
2026-02-15 13:45:36,526 - INFO - Epoch  27/50 | Train: 0.185136 | Val: 0.184342 | Corr: 0.264849 | LR: 1.00e-02
2026-02-15 13:45:38,218 - INFO - Epoch  28/50 | Train: 0.185073 | Val: 0.184159 | Corr: 0.265613 | LR: 1.00e-02
2026-02-15 13:45:38,223 - INFO -   ↳ Saved best model (val_corr=0.265613)
2026-02-15 13:45:39,828 - INFO - Epoch  29/50 | Train: 0.185073 | Val: 0.184473 | Corr: 0.263489 | LR: 1.00e-02
2026-02-15 13:45:41,596 - INFO - Epoch  30/50 | Train: 0.184934 | Val: 0.184256 | Corr: 0.265272 | LR: 1.00e-02
2026-02-15 13:45:43,212 - INFO - Epoch  31/50 | Train: 0.185019 | Val: 0.184483 | Corr: 0.264080 | LR: 1.00e-02
2026-02-15 13:45:44,980 - INFO - Epoch  32/50 | Train: 0.184942 | Val: 0.184189 | Corr: 0.265875 | LR: 1.00e-02
2026-02-15 13:45:44,983 - INFO -   ↳ Saved best model (val_corr=0.265875)
2026-02-15 13:45:46,671 - INFO - Epoch  33/50 | Train: 0.184890 | Val: 0.184262 | Corr: 0.264757 | LR: 1.00e-02
2026-02-15 13:45:48,361 - INFO - Epoch  34/50 | Train: 0.184926 | Val: 0.184163 | Corr: 0.265380 | LR: 5.00e-03
2026-02-15 13:45:50,150 - INFO - Epoch  35/50 | Train: 0.184278 | Val: 0.183807 | Corr: 0.268454 | LR: 5.00e-03
2026-02-15 13:45:50,153 - INFO -   ↳ Saved best model (val_corr=0.268454)
2026-02-15 13:45:51,905 - INFO - Epoch  36/50 | Train: 0.184139 | Val: 0.183757 | Corr: 0.268718 | LR: 5.00e-03
2026-02-15 13:45:51,908 - INFO -   ↳ Saved best model (val_corr=0.268718)
2026-02-15 13:45:53,511 - INFO - Epoch  37/50 | Train: 0.184062 | Val: 0.183906 | Corr: 0.268622 | LR: 5.00e-03
2026-02-15 13:45:55,260 - INFO - Epoch  38/50 | Train: 0.184116 | Val: 0.183701 | Corr: 0.268973 | LR: 5.00e-03
2026-02-15 13:45:55,263 - INFO -   ↳ Saved best model (val_corr=0.268973)
2026-02-15 13:45:57,044 - INFO - Epoch  39/50 | Train: 0.184102 | Val: 0.183763 | Corr: 0.269083 | LR: 5.00e-03
2026-02-15 13:45:57,048 - INFO -   ↳ Saved best model (val_corr=0.269083)
2026-02-15 13:45:58,838 - INFO - Epoch  40/50 | Train: 0.184039 | Val: 0.183773 | Corr: 0.268858 | LR: 5.00e-03
2026-02-15 13:46:00,510 - INFO - Epoch  41/50 | Train: 0.184033 | Val: 0.183641 | Corr: 0.269316 | LR: 5.00e-03
2026-02-15 13:46:00,514 - INFO -   ↳ Saved best model (val_corr=0.269316)
2026-02-15 13:46:02,232 - INFO - Epoch  42/50 | Train: 0.183992 | Val: 0.183662 | Corr: 0.269366 | LR: 5.00e-03
2026-02-15 13:46:02,236 - INFO -   ↳ Saved best model (val_corr=0.269366)
2026-02-15 13:46:03,940 - INFO - Epoch  43/50 | Train: 0.183929 | Val: 0.183634 | Corr: 0.269559 | LR: 5.00e-03
2026-02-15 13:46:03,943 - INFO -   ↳ Saved best model (val_corr=0.269559)
2026-02-15 13:46:05,742 - INFO - Epoch  44/50 | Train: 0.184000 | Val: 0.183882 | Corr: 0.268539 | LR: 5.00e-03
2026-02-15 13:46:07,439 - INFO - Epoch  45/50 | Train: 0.183939 | Val: 0.183590 | Corr: 0.269567 | LR: 5.00e-03
2026-02-15 13:46:07,442 - INFO -   ↳ Saved best model (val_corr=0.269567)
2026-02-15 13:46:09,178 - INFO - Epoch  46/50 | Train: 0.183945 | Val: 0.183659 | Corr: 0.269579 | LR: 5.00e-03
2026-02-15 13:46:09,182 - INFO -   ↳ Saved best model (val_corr=0.269579)
2026-02-15 13:46:10,916 - INFO - Epoch  47/50 | Train: 0.183926 | Val: 0.183598 | Corr: 0.269363 | LR: 5.00e-03
2026-02-15 13:46:12,609 - INFO - Epoch  48/50 | Train: 0.183899 | Val: 0.183880 | Corr: 0.268799 | LR: 5.00e-03
2026-02-15 13:46:14,253 - INFO - Epoch  49/50 | Train: 0.183926 | Val: 0.183544 | Corr: 0.270067 | LR: 5.00e-03
2026-02-15 13:46:14,258 - INFO -   ↳ Saved best model (val_corr=0.270067)
2026-02-15 13:46:16,044 - INFO - Epoch  50/50 | Train: 0.183890 | Val: 0.183658 | Corr: 0.269589 | LR: 5.00e-03
2026-02-15 13:46:16,044 - INFO - Training complete — best val corr: 0.270067
2026-02-15 13:46:16,274 - INFO - Test loss: 0.174691, Test corr: 0.268243
2026-02-15 13:46:16,340 - INFO - Generating figures …
2026-02-15 13:46:16,559 - INFO - Correlation between predicted and actual per-neuron averages: r=0.9904, p=3.80e-54
2026-02-15 13:46:17,226 - INFO - Pattern selectivity summary:
2026-02-15 13:46:17,226 - INFO -   Mean correlation across neurons: 0.5982
2026-02-15 13:46:17,226 - INFO -   Median correlation: 0.6378
2026-02-15 13:46:17,226 - INFO -   Neurons with r > 0.5: 45 / 63
2026-02-15 13:46:17,226 - INFO -   Neurons with r > 0.3: 55 / 63
2026-02-15 13:46:17,226 - INFO - Pattern selectivity — mean neuron corr: 0.5982
2026-02-15 13:46:17,554 - INFO - LOO baseline — Model mean r: 0.3470, LOO mean r: 0.4728, Neurons model > LOO: 2/63
2026-02-15 13:46:17,554 - INFO - Skipping oracle trial plots (skip_oracle_plots=True)
2026-02-15 13:46:17,554 - INFO - Experiment complete. Summary: {
  "run_dir": "results/base_cnn_kernel_sweep_2026-02-15_11-28-56/trial_0060_learning_rate=0.01",
  "model_type": "cnn",
  "test_loss": 0.17469066512584686,
  "test_corr": 0.26824289689009734,
  "best_val_corr": 0.2700671988520009,
  "total_params": 41087,
  "trainable_params": 41087,
  "epochs_trained": 50,
  "mean_pattern_corr": 0.598237122391458,
  "loo_mean_corr": 0.47275709111471625,
  "model_sample_mean_corr": 0.34695579943818283,
  "neurons_model_beats_loo": 2
}
2026-02-15 13:46:17,554 - INFO - 
======================================================================
2026-02-15 13:46:17,555 - INFO - [62/216] trial_0061_learning_rate=0.01
2026-02-15 13:46:17,555 - INFO -   Overrides: {"kernel_sizes": [3], "learning_rate": 0.01, "fc_dims": [256], "weight_decay": 0, "conv_channels": [128]}
2026-02-15 13:46:17,555 - INFO -   Output: results/base_cnn_kernel_sweep_2026-02-15_11-28-56/trial_0061_learning_rate=0.01
