2026-03-03 22:43:54,272 - INFO - ============================================================
2026-03-03 22:43:54,272 - INFO - Experiment run directory: /scratch/sb272/patterns5k_results/slurm_hist_cnn_2026-03-03_15-13-01/trial_0322_learning_rate=5.0e-03_history=2_kernel_sizes=3_conv_channels=256_fc_dims=256_seed2
2026-03-03 22:43:54,272 - INFO - ============================================================
2026-03-03 22:43:54,272 - INFO - Loading data …
2026-03-03 22:43:55,186 - INFO - 63 unique neurons after dropping problematic neurons
2026-03-03 22:43:56,381 - INFO - Stimulation channels: 42, Spiking neurons: 63
2026-03-03 22:46:01,484 - INFO - Unique patterns: 4050, Total trials: 5000
2026-03-03 22:46:01,485 - INFO - Stimulation channels: 42, Spiking neurons: 63
2026-03-03 22:46:01,485 - INFO - Unique patterns: 4050, Total trials: 5000
2026-03-03 22:46:01,502 - INFO - Split (oracle): train=3400, val=600, test=1000
2026-03-03 22:46:28,639 - INFO - BinnedStimSpikeDataset initialized:
2026-03-03 22:46:28,640 - INFO -   input_bin_size_ms=10, output_bin_size_ms=10
2026-03-03 22:46:28,640 - INFO -   n_input_bins=60, n_output_bins=60
2026-03-03 22:46:28,640 - INFO -   output_offset=0, total_bins_input=60, total_bins_output=60
2026-03-03 22:46:28,640 - INFO -   Valid start positions per trial: 0 to 0
2026-03-03 22:46:28,640 - INFO -   Total samples: 3400 (3400 trials × 1 positions)
2026-03-03 22:46:54,882 - INFO - BinnedStimSpikeDataset initialized:
2026-03-03 22:46:54,882 - INFO -   input_bin_size_ms=10, output_bin_size_ms=10
2026-03-03 22:46:54,882 - INFO -   n_input_bins=60, n_output_bins=60
2026-03-03 22:46:54,882 - INFO -   output_offset=0, total_bins_input=60, total_bins_output=60
2026-03-03 22:46:54,882 - INFO -   Valid start positions per trial: 0 to 0
2026-03-03 22:46:54,882 - INFO -   Total samples: 600 (600 trials × 1 positions)
2026-03-03 22:47:20,992 - INFO - BinnedStimSpikeDataset initialized:
2026-03-03 22:47:20,992 - INFO -   input_bin_size_ms=10, output_bin_size_ms=10
2026-03-03 22:47:20,992 - INFO -   n_input_bins=60, n_output_bins=60
2026-03-03 22:47:20,992 - INFO -   output_offset=0, total_bins_input=60, total_bins_output=60
2026-03-03 22:47:20,992 - INFO -   Valid start positions per trial: 0 to 0
2026-03-03 22:47:20,992 - INFO -   Total samples: 1000 (1000 trials × 1 positions)
2026-03-03 22:47:20,993 - INFO - Samples — train: 3400, val: 600, test: 1000
2026-03-03 22:47:20,993 - INFO - Input channels: 105, Neurons: 63
2026-03-03 22:47:21,000 - INFO - Using CPU
2026-03-03 22:47:21,004 - INFO - Model: CNN — 163,391 trainable params (163,391 total)
2026-03-03 22:47:26,120 - INFO - Starting training …
2026-03-03 22:47:32,559 - INFO - Epoch   1/50 | Train: 0.193188 | Val: 0.170457 | Corr: 0.178535 | LR: 5.00e-03
2026-03-03 22:47:32,575 - INFO -   ↳ Saved best model (val_corr=0.178535)
2026-03-03 22:47:37,643 - INFO - Epoch   2/50 | Train: 0.171601 | Val: 0.170611 | Corr: 0.205553 | LR: 5.00e-03
2026-03-03 22:47:37,655 - INFO -   ↳ Saved best model (val_corr=0.205553)
2026-03-03 22:47:42,840 - INFO - Epoch   3/50 | Train: 0.168653 | Val: 0.165055 | Corr: 0.225404 | LR: 5.00e-03
2026-03-03 22:47:42,857 - INFO -   ↳ Saved best model (val_corr=0.225404)
2026-03-03 22:47:48,339 - INFO - Epoch   4/50 | Train: 0.166919 | Val: 0.164376 | Corr: 0.231521 | LR: 5.00e-03
2026-03-03 22:47:48,351 - INFO -   ↳ Saved best model (val_corr=0.231521)
2026-03-03 22:47:53,755 - INFO - Epoch   5/50 | Train: 0.165470 | Val: 0.163908 | Corr: 0.235035 | LR: 5.00e-03
2026-03-03 22:47:53,771 - INFO -   ↳ Saved best model (val_corr=0.235035)
2026-03-03 22:47:59,178 - INFO - Epoch   6/50 | Train: 0.164995 | Val: 0.164160 | Corr: 0.237635 | LR: 5.00e-03
2026-03-03 22:47:59,191 - INFO -   ↳ Saved best model (val_corr=0.237635)
2026-03-03 22:48:04,608 - INFO - Epoch   7/50 | Train: 0.164120 | Val: 0.164098 | Corr: 0.237892 | LR: 5.00e-03
2026-03-03 22:48:04,629 - INFO -   ↳ Saved best model (val_corr=0.237892)
2026-03-03 22:48:09,842 - INFO - Epoch   8/50 | Train: 0.163743 | Val: 0.163855 | Corr: 0.238870 | LR: 5.00e-03
2026-03-03 22:48:09,856 - INFO -   ↳ Saved best model (val_corr=0.238870)
2026-03-03 22:48:15,072 - INFO - Epoch   9/50 | Train: 0.163330 | Val: 0.163266 | Corr: 0.241234 | LR: 5.00e-03
2026-03-03 22:48:15,086 - INFO -   ↳ Saved best model (val_corr=0.241234)
2026-03-03 22:48:20,229 - INFO - Epoch  10/50 | Train: 0.162685 | Val: 0.163113 | Corr: 0.241326 | LR: 5.00e-03
2026-03-03 22:48:20,244 - INFO -   ↳ Saved best model (val_corr=0.241326)
2026-03-03 22:48:25,526 - INFO - Epoch  11/50 | Train: 0.162439 | Val: 0.162912 | Corr: 0.241514 | LR: 5.00e-03
2026-03-03 22:48:25,539 - INFO -   ↳ Saved best model (val_corr=0.241514)
2026-03-03 22:48:30,809 - INFO - Epoch  12/50 | Train: 0.162291 | Val: 0.162886 | Corr: 0.242719 | LR: 5.00e-03
2026-03-03 22:48:30,819 - INFO -   ↳ Saved best model (val_corr=0.242719)
2026-03-03 22:48:36,164 - INFO - Epoch  13/50 | Train: 0.161994 | Val: 0.163849 | Corr: 0.242007 | LR: 5.00e-03
2026-03-03 22:48:41,482 - INFO - Epoch  14/50 | Train: 0.161547 | Val: 0.163291 | Corr: 0.241280 | LR: 5.00e-03
2026-03-03 22:48:46,754 - INFO - Epoch  15/50 | Train: 0.161405 | Val: 0.163136 | Corr: 0.241662 | LR: 5.00e-03
2026-03-03 22:48:52,076 - INFO - Epoch  16/50 | Train: 0.161209 | Val: 0.163295 | Corr: 0.242661 | LR: 5.00e-03
2026-03-03 22:48:57,302 - INFO - Epoch  17/50 | Train: 0.160789 | Val: 0.163070 | Corr: 0.243097 | LR: 5.00e-03
2026-03-03 22:48:57,317 - INFO -   ↳ Saved best model (val_corr=0.243097)
2026-03-03 22:49:02,608 - INFO - Epoch  18/50 | Train: 0.160708 | Val: 0.162966 | Corr: 0.241986 | LR: 2.50e-03
2026-03-03 22:49:07,830 - INFO - Epoch  19/50 | Train: 0.159523 | Val: 0.162860 | Corr: 0.243449 | LR: 2.50e-03
2026-03-03 22:49:07,843 - INFO -   ↳ Saved best model (val_corr=0.243449)
2026-03-03 22:49:13,128 - INFO - Epoch  20/50 | Train: 0.159247 | Val: 0.162900 | Corr: 0.243112 | LR: 2.50e-03
2026-03-03 22:49:18,415 - INFO - Epoch  21/50 | Train: 0.159045 | Val: 0.162889 | Corr: 0.242989 | LR: 2.50e-03
2026-03-03 22:49:23,442 - INFO - Epoch  22/50 | Train: 0.158967 | Val: 0.163449 | Corr: 0.241334 | LR: 2.50e-03
2026-03-03 22:49:28,764 - INFO - Epoch  23/50 | Train: 0.158924 | Val: 0.163475 | Corr: 0.242151 | LR: 2.50e-03
2026-03-03 22:49:34,024 - INFO - Epoch  24/50 | Train: 0.158663 | Val: 0.163230 | Corr: 0.242314 | LR: 2.50e-03
2026-03-03 22:49:39,242 - INFO - Epoch  25/50 | Train: 0.158687 | Val: 0.163076 | Corr: 0.242293 | LR: 1.25e-03
2026-03-03 22:49:44,519 - INFO - Epoch  26/50 | Train: 0.157879 | Val: 0.163260 | Corr: 0.242634 | LR: 1.25e-03
2026-03-03 22:49:49,778 - INFO - Epoch  27/50 | Train: 0.157743 | Val: 0.163047 | Corr: 0.242462 | LR: 1.25e-03
2026-03-03 22:49:54,967 - INFO - Epoch  28/50 | Train: 0.157675 | Val: 0.163040 | Corr: 0.242778 | LR: 1.25e-03
2026-03-03 22:50:00,307 - INFO - Epoch  29/50 | Train: 0.157610 | Val: 0.163140 | Corr: 0.242243 | LR: 1.25e-03
2026-03-03 22:50:00,307 - INFO - Early stopping at epoch 29
2026-03-03 22:50:00,307 - INFO - Training complete — best val corr: 0.243449
2026-03-03 22:50:01,952 - INFO - Test loss: 0.155331, Test corr: 0.234885
2026-03-03 22:50:02,346 - INFO - Fraction of variance explained (FVE): 0.068087
2026-03-03 22:50:02,346 - INFO - Computing autoregressive (AR) test predictions …
2026-03-03 22:50:03,004 - INFO - AR FVE: 0.004722, AR test corr: 0.111420
2026-03-03 22:50:03,004 - INFO - Generating figures …
2026-03-03 22:50:03,600 - INFO - Correlation between predicted and actual per-neuron averages: r=0.9883, p=0.00e+00
2026-03-03 22:50:05,948 - INFO - Pattern selectivity summary:
2026-03-03 22:50:05,948 - INFO -   Mean correlation across neurons: 0.7717
2026-03-03 22:50:05,948 - INFO -   Median correlation: 0.7990
2026-03-03 22:50:05,948 - INFO -   Neurons with r > 0.5: 61 / 63
2026-03-03 22:50:05,948 - INFO -   Neurons with r > 0.3: 63 / 63
2026-03-03 22:50:05,948 - INFO - Pattern selectivity — mean neuron corr: 0.7717
2026-03-03 22:50:07,782 - INFO - LOO (avg rate) — Model mean r: 0.6524, LOO mean r: 0.4546, Neurons model > LOO: 60/63
2026-03-03 22:50:10,047 - INFO - LOO (temporal) — Model mean r: 0.2466, LOO mean r: 0.3186, Neurons model > LOO: 9/63
2026-03-03 22:50:10,047 - INFO - Skipping oracle trial plots (skip_oracle_plots=True)
2026-03-03 22:50:10,054 - INFO - Experiment complete. Summary: {
  "run_dir": "/scratch/sb272/patterns5k_results/slurm_hist_cnn_2026-03-03_15-13-01/trial_0322_learning_rate=5.0e-03_history=2_kernel_sizes=3_conv_channels=256_fc_dims=256_seed2",
  "model_type": "cnn",
  "batch_avg_test_loss": 0.15533059215545655,
  "batch_avg_test_corr": 0.23488450042797557,
  "all_test_fve": 0.06808742171242124,
  "AR_FVE": 0.004721646271054707,
  "AR_test_correlation": 0.11141972988843918,
  "best_val_corr": 0.24344890937747796,
  "total_params": 163391,
  "trainable_params": 163391,
  "epochs_trained": 29,
  "mean_pattern_corr": 0.7716942404326428,
  "history": 2,
  "init_state": true,
  "loo_avg_mean_corr": 0.45456832695830385,
  "model_avg_mean_corr": 0.6524045720949644,
  "neurons_model_beats_loo_avg": 60,
  "loo_temporal_mean_corr": 0.31855225563049316,
  "all_test_corr": 0.24656392633914948,
  "neurons_model_beats_loo_temporal": 9,
  "kernel_sizes": [
    3
  ],
  "conv_channels": [
    256
  ],
  "fc_dims": [
    256
  ]
}
