2026-03-03 23:27:34,936 - INFO - ============================================================
2026-03-03 23:27:34,936 - INFO - Experiment run directory: /scratch/sb272/patterns5k_results/slurm_hist_cnn_2026-03-03_15-13-01/trial_0230_learning_rate=1.0e-03_history=5_kernel_sizes=10x5x3_conv_channels=256x128x64_fc_dims=256_seed0
2026-03-03 23:27:34,936 - INFO - ============================================================
2026-03-03 23:27:34,936 - INFO - Loading data …
2026-03-03 23:27:36,334 - INFO - 63 unique neurons after dropping problematic neurons
2026-03-03 23:27:37,155 - INFO - Stimulation channels: 42, Spiking neurons: 63
2026-03-03 23:28:43,593 - INFO - Unique patterns: 4050, Total trials: 5000
2026-03-03 23:28:43,595 - INFO - Stimulation channels: 42, Spiking neurons: 63
2026-03-03 23:28:43,595 - INFO - Unique patterns: 4050, Total trials: 5000
2026-03-03 23:28:43,605 - INFO - Split (oracle): train=3400, val=600, test=1000
2026-03-03 23:28:57,884 - INFO - BinnedStimSpikeDataset initialized:
2026-03-03 23:28:57,885 - INFO -   input_bin_size_ms=10, output_bin_size_ms=10
2026-03-03 23:28:57,885 - INFO -   n_input_bins=60, n_output_bins=60
2026-03-03 23:28:57,885 - INFO -   output_offset=0, total_bins_input=60, total_bins_output=60
2026-03-03 23:28:57,885 - INFO -   Valid start positions per trial: 0 to 0
2026-03-03 23:28:57,885 - INFO -   Total samples: 3400 (3400 trials × 1 positions)
2026-03-03 23:29:11,622 - INFO - BinnedStimSpikeDataset initialized:
2026-03-03 23:29:11,622 - INFO -   input_bin_size_ms=10, output_bin_size_ms=10
2026-03-03 23:29:11,622 - INFO -   n_input_bins=60, n_output_bins=60
2026-03-03 23:29:11,622 - INFO -   output_offset=0, total_bins_input=60, total_bins_output=60
2026-03-03 23:29:11,622 - INFO -   Valid start positions per trial: 0 to 0
2026-03-03 23:29:11,622 - INFO -   Total samples: 600 (600 trials × 1 positions)
2026-03-03 23:29:25,442 - INFO - BinnedStimSpikeDataset initialized:
2026-03-03 23:29:25,442 - INFO -   input_bin_size_ms=10, output_bin_size_ms=10
2026-03-03 23:29:25,442 - INFO -   n_input_bins=60, n_output_bins=60
2026-03-03 23:29:25,442 - INFO -   output_offset=0, total_bins_input=60, total_bins_output=60
2026-03-03 23:29:25,442 - INFO -   Valid start positions per trial: 0 to 0
2026-03-03 23:29:25,442 - INFO -   Total samples: 1000 (1000 trials × 1 positions)
2026-03-03 23:29:25,443 - INFO - Samples — train: 3400, val: 600, test: 1000
2026-03-03 23:29:25,443 - INFO - Input channels: 105, Neurons: 63
2026-03-03 23:29:25,451 - INFO - Using CPU
2026-03-03 23:29:25,468 - INFO - Model: CNN — 491,391 trainable params (491,391 total)
2026-03-03 23:29:30,126 - INFO - Starting training …
2026-03-03 23:29:36,686 - INFO - Epoch   1/50 | Train: 0.225703 | Val: 0.183642 | Corr: 0.084320 | LR: 1.00e-03
2026-03-03 23:29:36,704 - INFO -   ↳ Saved best model (val_corr=0.084320)
2026-03-03 23:29:42,518 - INFO - Epoch   2/50 | Train: 0.181548 | Val: 0.181288 | Corr: 0.102876 | LR: 1.00e-03
2026-03-03 23:29:42,533 - INFO -   ↳ Saved best model (val_corr=0.102876)
2026-03-03 23:29:48,296 - INFO - Epoch   3/50 | Train: 0.178551 | Val: 0.180117 | Corr: 0.114962 | LR: 1.00e-03
2026-03-03 23:29:48,319 - INFO -   ↳ Saved best model (val_corr=0.114962)
2026-03-03 23:29:54,124 - INFO - Epoch   4/50 | Train: 0.176496 | Val: 0.179996 | Corr: 0.122799 | LR: 1.00e-03
2026-03-03 23:29:54,141 - INFO -   ↳ Saved best model (val_corr=0.122799)
2026-03-03 23:29:59,996 - INFO - Epoch   5/50 | Train: 0.174724 | Val: 0.178353 | Corr: 0.129234 | LR: 1.00e-03
2026-03-03 23:30:00,033 - INFO -   ↳ Saved best model (val_corr=0.129234)
2026-03-03 23:30:05,937 - INFO - Epoch   6/50 | Train: 0.172907 | Val: 0.178101 | Corr: 0.133273 | LR: 1.00e-03
2026-03-03 23:30:05,971 - INFO -   ↳ Saved best model (val_corr=0.133273)
2026-03-03 23:30:11,862 - INFO - Epoch   7/50 | Train: 0.171498 | Val: 0.177934 | Corr: 0.135317 | LR: 1.00e-03
2026-03-03 23:30:11,881 - INFO -   ↳ Saved best model (val_corr=0.135317)
2026-03-03 23:30:17,638 - INFO - Epoch   8/50 | Train: 0.170049 | Val: 0.177748 | Corr: 0.136921 | LR: 1.00e-03
2026-03-03 23:30:17,656 - INFO -   ↳ Saved best model (val_corr=0.136921)
2026-03-03 23:30:23,436 - INFO - Epoch   9/50 | Train: 0.168867 | Val: 0.177482 | Corr: 0.140568 | LR: 1.00e-03
2026-03-03 23:30:23,452 - INFO -   ↳ Saved best model (val_corr=0.140568)
2026-03-03 23:30:29,290 - INFO - Epoch  10/50 | Train: 0.167654 | Val: 0.178067 | Corr: 0.142864 | LR: 1.00e-03
2026-03-03 23:30:29,307 - INFO -   ↳ Saved best model (val_corr=0.142864)
2026-03-03 23:30:35,129 - INFO - Epoch  11/50 | Train: 0.166543 | Val: 0.177773 | Corr: 0.143632 | LR: 1.00e-03
2026-03-03 23:30:35,169 - INFO -   ↳ Saved best model (val_corr=0.143632)
2026-03-03 23:30:40,947 - INFO - Epoch  12/50 | Train: 0.165569 | Val: 0.178079 | Corr: 0.144863 | LR: 1.00e-03
2026-03-03 23:30:40,969 - INFO -   ↳ Saved best model (val_corr=0.144863)
2026-03-03 23:30:46,741 - INFO - Epoch  13/50 | Train: 0.164671 | Val: 0.177901 | Corr: 0.144613 | LR: 1.00e-03
2026-03-03 23:30:52,555 - INFO - Epoch  14/50 | Train: 0.163910 | Val: 0.178319 | Corr: 0.146284 | LR: 1.00e-03
2026-03-03 23:30:52,569 - INFO -   ↳ Saved best model (val_corr=0.146284)
2026-03-03 23:30:58,334 - INFO - Epoch  15/50 | Train: 0.163015 | Val: 0.178494 | Corr: 0.145849 | LR: 5.00e-04
2026-03-03 23:31:04,090 - INFO - Epoch  16/50 | Train: 0.160985 | Val: 0.178915 | Corr: 0.147902 | LR: 5.00e-04
2026-03-03 23:31:04,105 - INFO -   ↳ Saved best model (val_corr=0.147902)
2026-03-03 23:31:09,856 - INFO - Epoch  17/50 | Train: 0.160183 | Val: 0.179655 | Corr: 0.146938 | LR: 5.00e-04
2026-03-03 23:31:15,574 - INFO - Epoch  18/50 | Train: 0.159737 | Val: 0.179926 | Corr: 0.147367 | LR: 5.00e-04
2026-03-03 23:31:21,428 - INFO - Epoch  19/50 | Train: 0.159296 | Val: 0.180298 | Corr: 0.147444 | LR: 5.00e-04
2026-03-03 23:31:27,119 - INFO - Epoch  20/50 | Train: 0.158908 | Val: 0.180299 | Corr: 0.146611 | LR: 5.00e-04
2026-03-03 23:31:32,880 - INFO - Epoch  21/50 | Train: 0.158553 | Val: 0.180147 | Corr: 0.148213 | LR: 2.50e-04
2026-03-03 23:31:32,897 - INFO -   ↳ Saved best model (val_corr=0.148213)
2026-03-03 23:31:38,713 - INFO - Epoch  22/50 | Train: 0.157634 | Val: 0.180843 | Corr: 0.148005 | LR: 2.50e-04
2026-03-03 23:31:44,530 - INFO - Epoch  23/50 | Train: 0.157288 | Val: 0.181298 | Corr: 0.147408 | LR: 2.50e-04
2026-03-03 23:31:50,346 - INFO - Epoch  24/50 | Train: 0.157012 | Val: 0.181259 | Corr: 0.147388 | LR: 2.50e-04
2026-03-03 23:31:56,174 - INFO - Epoch  25/50 | Train: 0.156817 | Val: 0.181570 | Corr: 0.147643 | LR: 2.50e-04
2026-03-03 23:32:01,951 - INFO - Epoch  26/50 | Train: 0.156614 | Val: 0.181200 | Corr: 0.148155 | LR: 2.50e-04
2026-03-03 23:32:07,731 - INFO - Epoch  27/50 | Train: 0.156519 | Val: 0.181742 | Corr: 0.148043 | LR: 1.25e-04
2026-03-03 23:32:13,543 - INFO - Epoch  28/50 | Train: 0.155957 | Val: 0.182752 | Corr: 0.147522 | LR: 1.25e-04
2026-03-03 23:32:19,377 - INFO - Epoch  29/50 | Train: 0.155817 | Val: 0.182340 | Corr: 0.147310 | LR: 1.25e-04
2026-03-03 23:32:25,278 - INFO - Epoch  30/50 | Train: 0.155690 | Val: 0.181743 | Corr: 0.147557 | LR: 1.25e-04
2026-03-03 23:32:31,112 - INFO - Epoch  31/50 | Train: 0.155584 | Val: 0.181911 | Corr: 0.147559 | LR: 1.25e-04
2026-03-03 23:32:31,113 - INFO - Early stopping at epoch 31
2026-03-03 23:32:31,113 - INFO - Training complete — best val corr: 0.148213
2026-03-03 23:32:32,342 - INFO - Test loss: 0.167695, Test corr: 0.141764
2026-03-03 23:32:32,882 - INFO - Fraction of variance explained (FVE): 0.020687
2026-03-03 23:32:32,882 - INFO - Computing autoregressive (AR) test predictions …
2026-03-03 23:32:33,504 - INFO - AR FVE: -0.001624, AR test corr: 0.086231
2026-03-03 23:32:33,504 - INFO - Generating figures …
2026-03-03 23:32:33,994 - INFO - Correlation between predicted and actual per-neuron averages: r=0.9803, p=1.12e-44
2026-03-03 23:32:35,693 - INFO - Pattern selectivity summary:
2026-03-03 23:32:35,693 - INFO -   Mean correlation across neurons: 0.5568
2026-03-03 23:32:35,693 - INFO -   Median correlation: 0.6122
2026-03-03 23:32:35,693 - INFO -   Neurons with r > 0.5: 38 / 63
2026-03-03 23:32:35,693 - INFO -   Neurons with r > 0.3: 57 / 63
2026-03-03 23:32:35,693 - INFO - Pattern selectivity — mean neuron corr: 0.5568
2026-03-03 23:32:37,034 - INFO - LOO (avg rate) — Model mean r: 0.4264, LOO mean r: 0.4546, Neurons model > LOO: 20/63
2026-03-03 23:32:38,919 - INFO - LOO (temporal) — Model mean r: 0.1514, LOO mean r: 0.3186, Neurons model > LOO: 2/63
2026-03-03 23:32:38,919 - INFO - Skipping oracle trial plots (skip_oracle_plots=True)
2026-03-03 23:32:38,935 - INFO - Experiment complete. Summary: {
  "run_dir": "/scratch/sb272/patterns5k_results/slurm_hist_cnn_2026-03-03_15-13-01/trial_0230_learning_rate=1.0e-03_history=5_kernel_sizes=10x5x3_conv_channels=256x128x64_fc_dims=256_seed0",
  "model_type": "cnn",
  "batch_avg_test_loss": 0.16769491064548492,
  "batch_avg_test_corr": 0.14176363912382153,
  "all_test_fve": 0.020686554530310253,
  "AR_FVE": -0.0016235775417751735,
  "AR_test_correlation": 0.08623095601797104,
  "best_val_corr": 0.14821295890078506,
  "total_params": 491391,
  "trainable_params": 491391,
  "epochs_trained": 31,
  "mean_pattern_corr": 0.5568374968734904,
  "history": 5,
  "init_state": true,
  "loo_avg_mean_corr": 0.45456832695830385,
  "model_avg_mean_corr": 0.42642474309095535,
  "neurons_model_beats_loo_avg": 20,
  "loo_temporal_mean_corr": 0.31855225563049316,
  "all_test_corr": 0.15140537917613983,
  "neurons_model_beats_loo_temporal": 2,
  "kernel_sizes": [
    10,
    5,
    3
  ],
  "conv_channels": [
    256,
    128,
    64
  ],
  "fc_dims": [
    256
  ]
}
