2026-02-25 09:36:26,086 - INFO - ============================================================
2026-02-25 09:36:26,086 - INFO - Experiment run directory: results/multilayer_cnn_nohist_sweep_v2_2026-02-24_22-05-22/trial_0270_history=5_kernel_sizes=30_conv_channels=128_fc_dims=256
2026-02-25 09:36:26,086 - INFO - ============================================================
2026-02-25 09:36:26,086 - INFO - Using preloaded raw data (skipping I/O)
2026-02-25 09:36:26,086 - INFO - Stimulation channels: 42, Spiking neurons: 63
2026-02-25 09:36:26,086 - INFO - Unique patterns: 4050, Total trials: 5000
2026-02-25 09:36:26,099 - INFO - Split (oracle): train=3400, val=600, test=1000
2026-02-25 09:36:40,859 - INFO - BinnedStimSpikeDataset initialized:
2026-02-25 09:36:40,859 - INFO -   input_bin_size_ms=10, output_bin_size_ms=10
2026-02-25 09:36:40,859 - INFO -   n_input_bins=60, n_output_bins=60
2026-02-25 09:36:40,859 - INFO -   output_offset=0, total_bins_input=60, total_bins_output=60
2026-02-25 09:36:40,859 - INFO -   Valid start positions per trial: 0 to 0
2026-02-25 09:36:40,859 - INFO -   Total samples: 3400 (3400 trials × 1 positions)
2026-02-25 09:36:54,358 - INFO - BinnedStimSpikeDataset initialized:
2026-02-25 09:36:54,358 - INFO -   input_bin_size_ms=10, output_bin_size_ms=10
2026-02-25 09:36:54,358 - INFO -   n_input_bins=60, n_output_bins=60
2026-02-25 09:36:54,358 - INFO -   output_offset=0, total_bins_input=60, total_bins_output=60
2026-02-25 09:36:54,358 - INFO -   Valid start positions per trial: 0 to 0
2026-02-25 09:36:54,359 - INFO -   Total samples: 600 (600 trials × 1 positions)
2026-02-25 09:37:08,059 - INFO - BinnedStimSpikeDataset initialized:
2026-02-25 09:37:08,059 - INFO -   input_bin_size_ms=10, output_bin_size_ms=10
2026-02-25 09:37:08,059 - INFO -   n_input_bins=60, n_output_bins=60
2026-02-25 09:37:08,059 - INFO -   output_offset=0, total_bins_input=60, total_bins_output=60
2026-02-25 09:37:08,059 - INFO -   Valid start positions per trial: 0 to 0
2026-02-25 09:37:08,059 - INFO -   Total samples: 1000 (1000 trials × 1 positions)
2026-02-25 09:37:08,060 - INFO - Samples — train: 3400, val: 600, test: 1000
2026-02-25 09:37:08,060 - INFO - Input channels: 105, Neurons: 63
2026-02-25 09:37:08,060 - INFO - Using Apple Silicon MPS acceleration
2026-02-25 09:37:08,082 - INFO - Model: CNN — 452,799 trainable params (452,799 total)
2026-02-25 09:37:08,083 - INFO - Starting training …
2026-02-25 09:37:12,432 - INFO - Epoch   1/50 | Train: 0.236017 | Val: 0.198928 | Corr: 0.096304 | LR: 1.00e-03
2026-02-25 09:37:12,459 - INFO -   ↳ Saved best model (val_corr=0.096304)
2026-02-25 09:37:16,353 - INFO - Epoch   2/50 | Train: 0.196949 | Val: 0.195487 | Corr: 0.117026 | LR: 1.00e-03
2026-02-25 09:37:16,375 - INFO -   ↳ Saved best model (val_corr=0.117026)
2026-02-25 09:37:20,268 - INFO - Epoch   3/50 | Train: 0.192818 | Val: 0.193710 | Corr: 0.134378 | LR: 1.00e-03
2026-02-25 09:37:20,280 - INFO -   ↳ Saved best model (val_corr=0.134378)
2026-02-25 09:37:24,089 - INFO - Epoch   4/50 | Train: 0.190056 | Val: 0.192120 | Corr: 0.144759 | LR: 1.00e-03
2026-02-25 09:37:24,110 - INFO -   ↳ Saved best model (val_corr=0.144759)
2026-02-25 09:37:28,037 - INFO - Epoch   5/50 | Train: 0.187862 | Val: 0.190580 | Corr: 0.153062 | LR: 1.00e-03
2026-02-25 09:37:28,053 - INFO -   ↳ Saved best model (val_corr=0.153062)
2026-02-25 09:37:31,752 - INFO - Epoch   6/50 | Train: 0.185848 | Val: 0.189258 | Corr: 0.161041 | LR: 1.00e-03
2026-02-25 09:37:31,772 - INFO -   ↳ Saved best model (val_corr=0.161041)
2026-02-25 09:37:35,600 - INFO - Epoch   7/50 | Train: 0.184271 | Val: 0.188369 | Corr: 0.165155 | LR: 1.00e-03
2026-02-25 09:37:35,625 - INFO -   ↳ Saved best model (val_corr=0.165155)
2026-02-25 09:37:39,429 - INFO - Epoch   8/50 | Train: 0.182700 | Val: 0.187961 | Corr: 0.167915 | LR: 1.00e-03
2026-02-25 09:37:39,454 - INFO -   ↳ Saved best model (val_corr=0.167915)
2026-02-25 09:37:43,403 - INFO - Epoch   9/50 | Train: 0.181483 | Val: 0.187136 | Corr: 0.172538 | LR: 1.00e-03
2026-02-25 09:37:43,420 - INFO -   ↳ Saved best model (val_corr=0.172538)
2026-02-25 09:37:47,245 - INFO - Epoch  10/50 | Train: 0.180241 | Val: 0.187370 | Corr: 0.174606 | LR: 1.00e-03
2026-02-25 09:37:47,286 - INFO -   ↳ Saved best model (val_corr=0.174606)
2026-02-25 09:37:51,263 - INFO - Epoch  11/50 | Train: 0.178921 | Val: 0.186732 | Corr: 0.177441 | LR: 1.00e-03
2026-02-25 09:37:51,285 - INFO -   ↳ Saved best model (val_corr=0.177441)
2026-02-25 09:37:55,203 - INFO - Epoch  12/50 | Train: 0.177767 | Val: 0.186529 | Corr: 0.179279 | LR: 1.00e-03
2026-02-25 09:37:55,214 - INFO -   ↳ Saved best model (val_corr=0.179279)
2026-02-25 09:37:59,041 - INFO - Epoch  13/50 | Train: 0.176833 | Val: 0.186309 | Corr: 0.181540 | LR: 1.00e-03
2026-02-25 09:37:59,050 - INFO -   ↳ Saved best model (val_corr=0.181540)
2026-02-25 09:38:02,913 - INFO - Epoch  14/50 | Train: 0.175783 | Val: 0.186060 | Corr: 0.183222 | LR: 1.00e-03
2026-02-25 09:38:02,924 - INFO -   ↳ Saved best model (val_corr=0.183222)
2026-02-25 09:38:06,748 - INFO - Epoch  15/50 | Train: 0.174871 | Val: 0.186188 | Corr: 0.184707 | LR: 1.00e-03
2026-02-25 09:38:06,762 - INFO -   ↳ Saved best model (val_corr=0.184707)
2026-02-25 09:38:10,480 - INFO - Epoch  16/50 | Train: 0.174103 | Val: 0.186690 | Corr: 0.184585 | LR: 1.00e-03
2026-02-25 09:38:14,277 - INFO - Epoch  17/50 | Train: 0.173323 | Val: 0.185927 | Corr: 0.186776 | LR: 1.00e-03
2026-02-25 09:38:14,294 - INFO -   ↳ Saved best model (val_corr=0.186776)
2026-02-25 09:38:18,199 - INFO - Epoch  18/50 | Train: 0.172627 | Val: 0.186317 | Corr: 0.185970 | LR: 1.00e-03
2026-02-25 09:38:22,020 - INFO - Epoch  19/50 | Train: 0.172017 | Val: 0.186081 | Corr: 0.188159 | LR: 1.00e-03
2026-02-25 09:38:22,044 - INFO -   ↳ Saved best model (val_corr=0.188159)
2026-02-25 09:38:25,893 - INFO - Epoch  20/50 | Train: 0.171441 | Val: 0.186163 | Corr: 0.188155 | LR: 1.00e-03
2026-02-25 09:38:29,672 - INFO - Epoch  21/50 | Train: 0.170917 | Val: 0.186973 | Corr: 0.186671 | LR: 1.00e-03
2026-02-25 09:38:33,527 - INFO - Epoch  22/50 | Train: 0.170295 | Val: 0.186362 | Corr: 0.188757 | LR: 1.00e-03
2026-02-25 09:38:33,544 - INFO -   ↳ Saved best model (val_corr=0.188757)
2026-02-25 09:38:37,486 - INFO - Epoch  23/50 | Train: 0.169859 | Val: 0.186483 | Corr: 0.189811 | LR: 5.00e-04
2026-02-25 09:38:37,512 - INFO -   ↳ Saved best model (val_corr=0.189811)
2026-02-25 09:38:41,316 - INFO - Epoch  24/50 | Train: 0.168047 | Val: 0.186996 | Corr: 0.189096 | LR: 5.00e-04
2026-02-25 09:38:45,006 - INFO - Epoch  25/50 | Train: 0.167405 | Val: 0.186966 | Corr: 0.188985 | LR: 5.00e-04
2026-02-25 09:38:48,907 - INFO - Epoch  26/50 | Train: 0.167062 | Val: 0.187279 | Corr: 0.188316 | LR: 5.00e-04
2026-02-25 09:38:52,820 - INFO - Epoch  27/50 | Train: 0.166792 | Val: 0.187774 | Corr: 0.187667 | LR: 5.00e-04
2026-02-25 09:38:56,619 - INFO - Epoch  28/50 | Train: 0.166578 | Val: 0.187329 | Corr: 0.187784 | LR: 5.00e-04
2026-02-25 09:39:00,447 - INFO - Epoch  29/50 | Train: 0.166322 | Val: 0.187867 | Corr: 0.188170 | LR: 2.50e-04
2026-02-25 09:39:04,201 - INFO - Epoch  30/50 | Train: 0.165337 | Val: 0.187857 | Corr: 0.188098 | LR: 2.50e-04
2026-02-25 09:39:08,075 - INFO - Epoch  31/50 | Train: 0.165166 | Val: 0.188071 | Corr: 0.187867 | LR: 2.50e-04
2026-02-25 09:39:11,856 - INFO - Epoch  32/50 | Train: 0.164952 | Val: 0.188223 | Corr: 0.187668 | LR: 2.50e-04
2026-02-25 09:39:15,600 - INFO - Epoch  33/50 | Train: 0.164754 | Val: 0.188438 | Corr: 0.187011 | LR: 2.50e-04
2026-02-25 09:39:15,600 - INFO - Early stopping at epoch 33
2026-02-25 09:39:15,600 - INFO - Training complete — best val corr: 0.189811
2026-02-25 09:39:16,118 - INFO - Test loss: 0.177276, Test corr: 0.182863
2026-02-25 09:39:16,319 - INFO - Fraction of variance explained (FVE): 0.036471
2026-02-25 09:39:16,319 - INFO - Computing autoregressive (AR) test predictions …
2026-02-25 09:39:16,588 - INFO - AR FVE: 0.029860, AR test corr: 0.172700
2026-02-25 09:39:16,588 - INFO - Generating figures …
2026-02-25 09:39:16,889 - INFO - Correlation between predicted and actual per-neuron averages: r=0.9884, p=1.26e-51
2026-02-25 09:39:17,738 - INFO - Pattern selectivity summary:
2026-02-25 09:39:17,738 - INFO -   Mean correlation across neurons: 0.5154
2026-02-25 09:39:17,738 - INFO -   Median correlation: 0.5076
2026-02-25 09:39:17,738 - INFO -   Neurons with r > 0.5: 33 / 63
2026-02-25 09:39:17,738 - INFO -   Neurons with r > 0.3: 56 / 63
2026-02-25 09:39:17,738 - INFO - Pattern selectivity — mean neuron corr: 0.5154
2026-02-25 09:39:18,152 - INFO - LOO (avg rate) — Model mean r: 0.3922, LOO mean r: 0.4728, Neurons model > LOO: 20/63
2026-02-25 09:39:18,938 - INFO - LOO (temporal) — Model mean r: 0.1932, LOO mean r: 0.3815, Neurons model > LOO: 1/63
2026-02-25 09:39:18,938 - INFO - Skipping oracle trial plots (skip_oracle_plots=True)
2026-02-25 09:39:18,938 - INFO - Experiment complete. Summary: {
  "run_dir": "results/multilayer_cnn_nohist_sweep_v2_2026-02-24_22-05-22/trial_0270_history=5_kernel_sizes=30_conv_channels=128_fc_dims=256",
  "model_type": "cnn",
  "batch_avg_test_loss": 0.17727633833885192,
  "batch_avg_test_corr": 0.18286260694375292,
  "all_test_fve": 0.0364714851455083,
  "AR_FVE": 0.02986047381446475,
  "AR_test_correlation": 0.17270028591156006,
  "best_val_corr": 0.18981117386172766,
  "total_params": 452799,
  "trainable_params": 452799,
  "epochs_trained": 33,
  "mean_pattern_corr": 0.51538963516508,
  "history": 5,
  "init_state": true,
  "loo_avg_mean_corr": 0.47275709111471625,
  "model_avg_mean_corr": 0.39222194458596626,
  "neurons_model_beats_loo_avg": 20,
  "loo_temporal_mean_corr": 0.3815135061740875,
  "all_test_corr": 0.1931816041469574,
  "neurons_model_beats_loo_temporal": 1,
  "kernel_sizes": [
    30
  ],
  "conv_channels": [
    128
  ],
  "fc_dims": [
    256
  ]
}
2026-02-25 09:39:18,952 - INFO - 
======================================================================
2026-02-25 09:39:18,952 - INFO - [272/864] trial_0271_history=5_kernel_sizes=30_conv_channels=128_fc_dims=256
2026-02-25 09:39:18,952 - INFO -   Overrides: {"_arch": {"kernel_sizes": [30], "conv_channels": [128], "fc_dims": [256]}, "history": 5, "weight_decay": 0.001}
2026-02-25 09:39:18,952 - INFO -   Output: results/multilayer_cnn_nohist_sweep_v2_2026-02-24_22-05-22/trial_0271_history=5_kernel_sizes=30_conv_channels=128_fc_dims=256
