2026-03-04 22:49:36,082 - INFO - ============================================================
2026-03-04 22:49:36,083 - INFO - Experiment run directory: /scratch/sb272/patterns5k_results/slurm_base_cnn_2026-03-04_16-53-19/trial_0232_learning_rate=5.0e-03_kernel_sizes=3x3x3_conv_channels=32x64x128_fc_dims=256_seed0
2026-03-04 22:49:36,083 - INFO - ============================================================
2026-03-04 22:49:36,083 - INFO - Loading data …
2026-03-04 22:49:38,021 - INFO - 63 unique neurons after dropping problematic neurons
2026-03-04 22:49:39,145 - INFO - Stimulation channels: 42, Spiking neurons: 63
2026-03-04 22:51:10,244 - INFO - Unique patterns: 4050, Total trials: 5000
2026-03-04 22:51:10,246 - INFO - Stimulation channels: 42, Spiking neurons: 63
2026-03-04 22:51:10,246 - INFO - Unique patterns: 4050, Total trials: 5000
2026-03-04 22:51:10,260 - INFO - Split (oracle): train=3400, val=600, test=1000
2026-03-04 22:51:28,341 - INFO - BinnedStimSpikeDataset initialized:
2026-03-04 22:51:28,343 - INFO -   input_bin_size_ms=10, output_bin_size_ms=10
2026-03-04 22:51:28,343 - INFO -   n_input_bins=60, n_output_bins=60
2026-03-04 22:51:28,343 - INFO -   output_offset=0, total_bins_input=60, total_bins_output=60
2026-03-04 22:51:28,343 - INFO -   Valid start positions per trial: 0 to 0
2026-03-04 22:51:28,343 - INFO -   Total samples: 3400 (3400 trials × 1 positions)
2026-03-04 22:51:45,940 - INFO - BinnedStimSpikeDataset initialized:
2026-03-04 22:51:45,940 - INFO -   input_bin_size_ms=10, output_bin_size_ms=10
2026-03-04 22:51:45,940 - INFO -   n_input_bins=60, n_output_bins=60
2026-03-04 22:51:45,940 - INFO -   output_offset=0, total_bins_input=60, total_bins_output=60
2026-03-04 22:51:45,940 - INFO -   Valid start positions per trial: 0 to 0
2026-03-04 22:51:45,940 - INFO -   Total samples: 600 (600 trials × 1 positions)
2026-03-04 22:52:03,657 - INFO - BinnedStimSpikeDataset initialized:
2026-03-04 22:52:03,657 - INFO -   input_bin_size_ms=10, output_bin_size_ms=10
2026-03-04 22:52:03,657 - INFO -   n_input_bins=60, n_output_bins=60
2026-03-04 22:52:03,657 - INFO -   output_offset=0, total_bins_input=60, total_bins_output=60
2026-03-04 22:52:03,657 - INFO -   Valid start positions per trial: 0 to 0
2026-03-04 22:52:03,657 - INFO -   Total samples: 1000 (1000 trials × 1 positions)
2026-03-04 22:52:03,657 - INFO - Samples — train: 3400, val: 600, test: 1000
2026-03-04 22:52:03,657 - INFO - Input channels: 42, Neurons: 63
2026-03-04 22:52:03,667 - INFO - Using CPU
2026-03-04 22:52:03,685 - INFO - Model: CNN — 84,639 trainable params (84,639 total)
2026-03-04 22:52:10,793 - INFO - Starting training …
2026-03-04 22:52:15,311 - INFO - Epoch   1/50 | Train: 0.199343 | Val: 0.184780 | Corr: 0.072252 | LR: 5.00e-03
2026-03-04 22:52:15,331 - INFO -   ↳ Saved best model (val_corr=0.072252)
2026-03-04 22:52:18,801 - INFO - Epoch   2/50 | Train: 0.182513 | Val: 0.185948 | Corr: 0.091168 | LR: 5.00e-03
2026-03-04 22:52:18,822 - INFO -   ↳ Saved best model (val_corr=0.091168)
2026-03-04 22:52:22,346 - INFO - Epoch   3/50 | Train: 0.181328 | Val: 0.182024 | Corr: 0.102401 | LR: 5.00e-03
2026-03-04 22:52:22,356 - INFO -   ↳ Saved best model (val_corr=0.102401)
2026-03-04 22:52:25,893 - INFO - Epoch   4/50 | Train: 0.180372 | Val: 0.181244 | Corr: 0.109498 | LR: 5.00e-03
2026-03-04 22:52:25,924 - INFO -   ↳ Saved best model (val_corr=0.109498)
2026-03-04 22:52:29,468 - INFO - Epoch   5/50 | Train: 0.179594 | Val: 0.180842 | Corr: 0.114375 | LR: 5.00e-03
2026-03-04 22:52:29,481 - INFO -   ↳ Saved best model (val_corr=0.114375)
2026-03-04 22:52:33,011 - INFO - Epoch   6/50 | Train: 0.179030 | Val: 0.180188 | Corr: 0.120501 | LR: 5.00e-03
2026-03-04 22:52:33,022 - INFO -   ↳ Saved best model (val_corr=0.120501)
2026-03-04 22:52:36,570 - INFO - Epoch   7/50 | Train: 0.178912 | Val: 0.180131 | Corr: 0.121447 | LR: 5.00e-03
2026-03-04 22:52:36,586 - INFO -   ↳ Saved best model (val_corr=0.121447)
2026-03-04 22:52:40,132 - INFO - Epoch   8/50 | Train: 0.178456 | Val: 0.180089 | Corr: 0.124429 | LR: 5.00e-03
2026-03-04 22:52:40,141 - INFO -   ↳ Saved best model (val_corr=0.124429)
2026-03-04 22:52:43,372 - INFO - Epoch   9/50 | Train: 0.178175 | Val: 0.179675 | Corr: 0.127048 | LR: 5.00e-03
2026-03-04 22:52:43,411 - INFO -   ↳ Saved best model (val_corr=0.127048)
2026-03-04 22:52:46,975 - INFO - Epoch  10/50 | Train: 0.177935 | Val: 0.179403 | Corr: 0.129528 | LR: 5.00e-03
2026-03-04 22:52:47,006 - INFO -   ↳ Saved best model (val_corr=0.129528)
2026-03-04 22:52:50,563 - INFO - Epoch  11/50 | Train: 0.177849 | Val: 0.179428 | Corr: 0.129630 | LR: 5.00e-03
2026-03-04 22:52:50,573 - INFO -   ↳ Saved best model (val_corr=0.129630)
2026-03-04 22:52:54,166 - INFO - Epoch  12/50 | Train: 0.177556 | Val: 0.179087 | Corr: 0.131085 | LR: 5.00e-03
2026-03-04 22:52:54,175 - INFO -   ↳ Saved best model (val_corr=0.131085)
2026-03-04 22:52:57,724 - INFO - Epoch  13/50 | Train: 0.177534 | Val: 0.179239 | Corr: 0.132249 | LR: 5.00e-03
2026-03-04 22:52:57,737 - INFO -   ↳ Saved best model (val_corr=0.132249)
2026-03-04 22:53:01,300 - INFO - Epoch  14/50 | Train: 0.177502 | Val: 0.178922 | Corr: 0.133315 | LR: 5.00e-03
2026-03-04 22:53:01,318 - INFO -   ↳ Saved best model (val_corr=0.133315)
2026-03-04 22:53:04,860 - INFO - Epoch  15/50 | Train: 0.177390 | Val: 0.179063 | Corr: 0.133128 | LR: 5.00e-03
2026-03-04 22:53:08,403 - INFO - Epoch  16/50 | Train: 0.177302 | Val: 0.178950 | Corr: 0.134813 | LR: 5.00e-03
2026-03-04 22:53:08,416 - INFO -   ↳ Saved best model (val_corr=0.134813)
2026-03-04 22:53:11,960 - INFO - Epoch  17/50 | Train: 0.177170 | Val: 0.178769 | Corr: 0.135856 | LR: 5.00e-03
2026-03-04 22:53:11,972 - INFO -   ↳ Saved best model (val_corr=0.135856)
2026-03-04 22:53:15,466 - INFO - Epoch  18/50 | Train: 0.177077 | Val: 0.178746 | Corr: 0.135496 | LR: 5.00e-03
2026-03-04 22:53:18,978 - INFO - Epoch  19/50 | Train: 0.177017 | Val: 0.178725 | Corr: 0.136041 | LR: 5.00e-03
2026-03-04 22:53:18,996 - INFO -   ↳ Saved best model (val_corr=0.136041)
2026-03-04 22:53:22,499 - INFO - Epoch  20/50 | Train: 0.176883 | Val: 0.178663 | Corr: 0.136854 | LR: 5.00e-03
2026-03-04 22:53:22,513 - INFO -   ↳ Saved best model (val_corr=0.136854)
2026-03-04 22:53:26,037 - INFO - Epoch  21/50 | Train: 0.176843 | Val: 0.179482 | Corr: 0.136624 | LR: 5.00e-03
2026-03-04 22:53:29,607 - INFO - Epoch  22/50 | Train: 0.176876 | Val: 0.178700 | Corr: 0.136230 | LR: 5.00e-03
2026-03-04 22:53:33,184 - INFO - Epoch  23/50 | Train: 0.176728 | Val: 0.178556 | Corr: 0.138169 | LR: 5.00e-03
2026-03-04 22:53:33,196 - INFO -   ↳ Saved best model (val_corr=0.138169)
2026-03-04 22:53:36,752 - INFO - Epoch  24/50 | Train: 0.176683 | Val: 0.178466 | Corr: 0.138292 | LR: 5.00e-03
2026-03-04 22:53:36,768 - INFO -   ↳ Saved best model (val_corr=0.138292)
2026-03-04 22:53:40,311 - INFO - Epoch  25/50 | Train: 0.176557 | Val: 0.178428 | Corr: 0.139023 | LR: 5.00e-03
2026-03-04 22:53:40,324 - INFO -   ↳ Saved best model (val_corr=0.139023)
2026-03-04 22:53:43,859 - INFO - Epoch  26/50 | Train: 0.176542 | Val: 0.178901 | Corr: 0.137565 | LR: 5.00e-03
2026-03-04 22:53:47,405 - INFO - Epoch  27/50 | Train: 0.176480 | Val: 0.178755 | Corr: 0.138550 | LR: 5.00e-03
2026-03-04 22:53:50,988 - INFO - Epoch  28/50 | Train: 0.176438 | Val: 0.178367 | Corr: 0.140230 | LR: 5.00e-03
2026-03-04 22:53:50,999 - INFO -   ↳ Saved best model (val_corr=0.140230)
2026-03-04 22:53:54,561 - INFO - Epoch  29/50 | Train: 0.176424 | Val: 0.178464 | Corr: 0.138636 | LR: 5.00e-03
2026-03-04 22:53:58,105 - INFO - Epoch  30/50 | Train: 0.176265 | Val: 0.178597 | Corr: 0.139853 | LR: 5.00e-03
2026-03-04 22:54:01,613 - INFO - Epoch  31/50 | Train: 0.176234 | Val: 0.178398 | Corr: 0.139969 | LR: 5.00e-03
2026-03-04 22:54:05,133 - INFO - Epoch  32/50 | Train: 0.176135 | Val: 0.178420 | Corr: 0.140581 | LR: 5.00e-03
2026-03-04 22:54:05,148 - INFO -   ↳ Saved best model (val_corr=0.140581)
2026-03-04 22:54:08,676 - INFO - Epoch  33/50 | Train: 0.176125 | Val: 0.178158 | Corr: 0.141107 | LR: 5.00e-03
2026-03-04 22:54:08,697 - INFO -   ↳ Saved best model (val_corr=0.141107)
2026-03-04 22:54:12,255 - INFO - Epoch  34/50 | Train: 0.176102 | Val: 0.178323 | Corr: 0.141176 | LR: 5.00e-03
2026-03-04 22:54:12,288 - INFO -   ↳ Saved best model (val_corr=0.141176)
2026-03-04 22:54:15,800 - INFO - Epoch  35/50 | Train: 0.176086 | Val: 0.178365 | Corr: 0.140021 | LR: 5.00e-03
2026-03-04 22:54:19,378 - INFO - Epoch  36/50 | Train: 0.176031 | Val: 0.178254 | Corr: 0.140255 | LR: 5.00e-03
2026-03-04 22:54:22,948 - INFO - Epoch  37/50 | Train: 0.175992 | Val: 0.178265 | Corr: 0.140965 | LR: 5.00e-03
2026-03-04 22:54:26,554 - INFO - Epoch  38/50 | Train: 0.175900 | Val: 0.178974 | Corr: 0.139273 | LR: 5.00e-03
2026-03-04 22:54:30,194 - INFO - Epoch  39/50 | Train: 0.175965 | Val: 0.178407 | Corr: 0.139727 | LR: 2.50e-03
2026-03-04 22:54:33,763 - INFO - Epoch  40/50 | Train: 0.175385 | Val: 0.177890 | Corr: 0.143101 | LR: 2.50e-03
2026-03-04 22:54:33,780 - INFO -   ↳ Saved best model (val_corr=0.143101)
2026-03-04 22:54:37,386 - INFO - Epoch  41/50 | Train: 0.175245 | Val: 0.178032 | Corr: 0.143571 | LR: 2.50e-03
2026-03-04 22:54:37,396 - INFO -   ↳ Saved best model (val_corr=0.143571)
2026-03-04 22:54:41,042 - INFO - Epoch  42/50 | Train: 0.175321 | Val: 0.177838 | Corr: 0.143891 | LR: 2.50e-03
2026-03-04 22:54:41,064 - INFO -   ↳ Saved best model (val_corr=0.143891)
2026-03-04 22:54:44,688 - INFO - Epoch  43/50 | Train: 0.175147 | Val: 0.177874 | Corr: 0.143361 | LR: 2.50e-03
2026-03-04 22:54:48,181 - INFO - Epoch  44/50 | Train: 0.175203 | Val: 0.177951 | Corr: 0.142884 | LR: 2.50e-03
2026-03-04 22:54:51,697 - INFO - Epoch  45/50 | Train: 0.175208 | Val: 0.177868 | Corr: 0.143831 | LR: 2.50e-03
2026-03-04 22:54:55,219 - INFO - Epoch  46/50 | Train: 0.175145 | Val: 0.177770 | Corr: 0.144445 | LR: 2.50e-03
2026-03-04 22:54:55,230 - INFO -   ↳ Saved best model (val_corr=0.144445)
2026-03-04 22:54:58,835 - INFO - Epoch  47/50 | Train: 0.175109 | Val: 0.177829 | Corr: 0.144594 | LR: 2.50e-03
2026-03-04 22:54:58,849 - INFO -   ↳ Saved best model (val_corr=0.144594)
2026-03-04 22:55:02,457 - INFO - Epoch  48/50 | Train: 0.175036 | Val: 0.177955 | Corr: 0.143686 | LR: 2.50e-03
2026-03-04 22:55:06,037 - INFO - Epoch  49/50 | Train: 0.175074 | Val: 0.177874 | Corr: 0.143597 | LR: 2.50e-03
2026-03-04 22:55:09,564 - INFO - Epoch  50/50 | Train: 0.175030 | Val: 0.177867 | Corr: 0.143165 | LR: 2.50e-03
2026-03-04 22:55:09,564 - INFO - Training complete — best val corr: 0.144594
2026-03-04 22:55:10,828 - INFO - Test loss: 0.167915, Test corr: 0.137006
2026-03-04 22:55:11,081 - INFO - Fraction of variance explained (FVE): 0.023139
2026-03-04 22:55:11,081 - INFO - Generating figures …
2026-03-04 22:55:11,549 - INFO - Correlation between predicted and actual per-neuron averages: r=0.9919, p=0.00e+00
2026-03-04 22:55:13,219 - INFO - Pattern selectivity summary:
2026-03-04 22:55:13,219 - INFO -   Mean correlation across neurons: 0.4912
2026-03-04 22:55:13,219 - INFO -   Median correlation: 0.5414
2026-03-04 22:55:13,219 - INFO -   Neurons with r > 0.5: 36 / 63
2026-03-04 22:55:13,219 - INFO -   Neurons with r > 0.3: 53 / 63
2026-03-04 22:55:13,219 - INFO - Pattern selectivity — mean neuron corr: 0.4912
2026-03-04 22:55:14,941 - INFO - LOO (avg rate) — Model mean r: 0.2860, LOO mean r: 0.4546, Neurons model > LOO: 1/63
2026-03-04 22:55:16,814 - INFO - LOO (temporal) — Model mean r: 0.1378, LOO mean r: 0.3186, Neurons model > LOO: 0/63
2026-03-04 22:55:16,814 - INFO - Skipping oracle trial plots (skip_oracle_plots=True)
2026-03-04 22:55:16,831 - INFO - Experiment complete. Summary: {
  "run_dir": "/scratch/sb272/patterns5k_results/slurm_base_cnn_2026-03-04_16-53-19/trial_0232_learning_rate=5.0e-03_kernel_sizes=3x3x3_conv_channels=32x64x128_fc_dims=256_seed0",
  "model_type": "cnn",
  "batch_avg_test_loss": 0.16791516721248625,
  "batch_avg_test_corr": 0.13700628354820923,
  "all_test_fve": 0.02313895168758574,
  "AR_FVE": NaN,
  "AR_test_correlation": NaN,
  "best_val_corr": 0.1445943757362851,
  "total_params": 84639,
  "trainable_params": 84639,
  "epochs_trained": 50,
  "mean_pattern_corr": 0.49120242212122506,
  "history": 0,
  "init_state": true,
  "loo_avg_mean_corr": 0.45456832695830385,
  "model_avg_mean_corr": 0.2860390843506929,
  "neurons_model_beats_loo_avg": 1,
  "loo_temporal_mean_corr": 0.31855225563049316,
  "all_test_corr": 0.137833371758461,
  "neurons_model_beats_loo_temporal": 0,
  "kernel_sizes": [
    3,
    3,
    3
  ],
  "conv_channels": [
    32,
    64,
    128
  ],
  "fc_dims": [
    256
  ]
}
