2026-02-24 11:21:10,367 - INFO - ============================================================
2026-02-24 11:21:10,368 - INFO - Experiment run directory: results/multilayer_cnn_nohist_sweep_v2_2026-02-24_10-49-19/trial_0024_kernel_sizes=60_conv_channels=32x16_fc_dims=256
2026-02-24 11:21:10,368 - INFO - ============================================================
2026-02-24 11:21:10,368 - INFO - Using preloaded raw data (skipping I/O)
2026-02-24 11:21:10,368 - INFO - Stimulation channels: 42, Spiking neurons: 63
2026-02-24 11:21:10,368 - INFO - Unique patterns: 4050, Total trials: 5000
2026-02-24 11:21:10,381 - INFO - Split (oracle): train=3400, val=600, test=1000
2026-02-24 11:21:24,972 - INFO - BinnedStimSpikeDataset initialized:
2026-02-24 11:21:24,973 - INFO -   input_bin_size_ms=10, output_bin_size_ms=10
2026-02-24 11:21:24,973 - INFO -   n_input_bins=60, n_output_bins=60
2026-02-24 11:21:24,973 - INFO -   output_offset=0, total_bins_input=60, total_bins_output=60
2026-02-24 11:21:24,973 - INFO -   Valid start positions per trial: 0 to 0
2026-02-24 11:21:24,973 - INFO -   Total samples: 3400 (3400 trials × 1 positions)
2026-02-24 11:21:38,520 - INFO - BinnedStimSpikeDataset initialized:
2026-02-24 11:21:38,521 - INFO -   input_bin_size_ms=10, output_bin_size_ms=10
2026-02-24 11:21:38,521 - INFO -   n_input_bins=60, n_output_bins=60
2026-02-24 11:21:38,521 - INFO -   output_offset=0, total_bins_input=60, total_bins_output=60
2026-02-24 11:21:38,521 - INFO -   Valid start positions per trial: 0 to 0
2026-02-24 11:21:38,521 - INFO -   Total samples: 600 (600 trials × 1 positions)
2026-02-24 11:21:52,346 - INFO - BinnedStimSpikeDataset initialized:
2026-02-24 11:21:52,347 - INFO -   input_bin_size_ms=10, output_bin_size_ms=10
2026-02-24 11:21:52,347 - INFO -   n_input_bins=60, n_output_bins=60
2026-02-24 11:21:52,347 - INFO -   output_offset=0, total_bins_input=60, total_bins_output=60
2026-02-24 11:21:52,347 - INFO -   Valid start positions per trial: 0 to 0
2026-02-24 11:21:52,347 - INFO -   Total samples: 1000 (1000 trials × 1 positions)
2026-02-24 11:21:52,347 - INFO - Samples — train: 3400, val: 600, test: 1000
2026-02-24 11:21:52,347 - INFO - Input channels: 42, Neurons: 63
2026-02-24 11:21:52,348 - INFO - Using Apple Silicon MPS acceleration
2026-02-24 11:21:52,360 - INFO - Model: CNN — 101,279 trainable params (101,279 total)
2026-02-24 11:21:52,360 - ERROR -   FAILED: '<=' not supported between instances of 'float' and 'str'
2026-02-24 11:21:52,385 - INFO - 
======================================================================
2026-02-24 11:21:52,385 - INFO - [26/28] trial_0025_kernel_sizes=30_conv_channels=32x16_fc_dims=256
2026-02-24 11:21:52,385 - INFO -   Overrides: {"_arch": {"kernel_sizes": [30], "conv_channels": [32, 16], "fc_dims": [256], "weight_decay": "1e-4"}}
2026-02-24 11:21:52,385 - INFO -   Output: results/multilayer_cnn_nohist_sweep_v2_2026-02-24_10-49-19/trial_0025_kernel_sizes=30_conv_channels=32x16_fc_dims=256
