2026-03-04 00:41:09,914 - INFO - ============================================================
2026-03-04 00:41:09,914 - INFO - Experiment run directory: /scratch/sb272/patterns5k_results/slurm_hist_cnn_2026-03-03_15-13-01/trial_0310_learning_rate=1.0e-03_history=20_kernel_sizes=10_conv_channels=256_fc_dims=256_seed0
2026-03-04 00:41:09,914 - INFO - ============================================================
2026-03-04 00:41:09,914 - INFO - Loading data …
2026-03-04 00:41:10,829 - INFO - 63 unique neurons after dropping problematic neurons
2026-03-04 00:41:12,148 - INFO - Stimulation channels: 42, Spiking neurons: 63
2026-03-04 00:43:19,682 - INFO - Unique patterns: 4050, Total trials: 5000
2026-03-04 00:43:19,685 - INFO - Stimulation channels: 42, Spiking neurons: 63
2026-03-04 00:43:19,685 - INFO - Unique patterns: 4050, Total trials: 5000
2026-03-04 00:43:19,703 - INFO - Split (oracle): train=3400, val=600, test=1000
2026-03-04 00:43:46,545 - INFO - BinnedStimSpikeDataset initialized:
2026-03-04 00:43:46,547 - INFO -   input_bin_size_ms=10, output_bin_size_ms=10
2026-03-04 00:43:46,547 - INFO -   n_input_bins=60, n_output_bins=60
2026-03-04 00:43:46,548 - INFO -   output_offset=0, total_bins_input=60, total_bins_output=60
2026-03-04 00:43:46,548 - INFO -   Valid start positions per trial: 0 to 0
2026-03-04 00:43:46,548 - INFO -   Total samples: 3400 (3400 trials × 1 positions)
2026-03-04 00:44:12,469 - INFO - BinnedStimSpikeDataset initialized:
2026-03-04 00:44:12,470 - INFO -   input_bin_size_ms=10, output_bin_size_ms=10
2026-03-04 00:44:12,470 - INFO -   n_input_bins=60, n_output_bins=60
2026-03-04 00:44:12,470 - INFO -   output_offset=0, total_bins_input=60, total_bins_output=60
2026-03-04 00:44:12,470 - INFO -   Valid start positions per trial: 0 to 0
2026-03-04 00:44:12,470 - INFO -   Total samples: 600 (600 trials × 1 positions)
2026-03-04 00:44:38,813 - INFO - BinnedStimSpikeDataset initialized:
2026-03-04 00:44:38,813 - INFO -   input_bin_size_ms=10, output_bin_size_ms=10
2026-03-04 00:44:38,813 - INFO -   n_input_bins=60, n_output_bins=60
2026-03-04 00:44:38,813 - INFO -   output_offset=0, total_bins_input=60, total_bins_output=60
2026-03-04 00:44:38,813 - INFO -   Valid start positions per trial: 0 to 0
2026-03-04 00:44:38,813 - INFO -   Total samples: 1000 (1000 trials × 1 positions)
2026-03-04 00:44:38,814 - INFO - Samples — train: 3400, val: 600, test: 1000
2026-03-04 00:44:38,814 - INFO - Input channels: 105, Neurons: 63
2026-03-04 00:44:38,828 - INFO - Using CPU
2026-03-04 00:44:38,834 - INFO - Model: CNN — 351,551 trainable params (351,551 total)
2026-03-04 00:44:55,144 - INFO - Starting training …
2026-03-04 00:45:04,559 - INFO - Epoch   1/50 | Train: 0.217529 | Val: 0.188605 | Corr: 0.053718 | LR: 1.00e-03
2026-03-04 00:45:04,594 - INFO -   ↳ Saved best model (val_corr=0.053718)
2026-03-04 00:45:12,128 - INFO - Epoch   2/50 | Train: 0.185316 | Val: 0.186754 | Corr: 0.065877 | LR: 1.00e-03
2026-03-04 00:45:12,165 - INFO -   ↳ Saved best model (val_corr=0.065877)
2026-03-04 00:45:19,620 - INFO - Epoch   3/50 | Train: 0.182556 | Val: 0.185908 | Corr: 0.076483 | LR: 1.00e-03
2026-03-04 00:45:19,647 - INFO -   ↳ Saved best model (val_corr=0.076483)
2026-03-04 00:45:27,231 - INFO - Epoch   4/50 | Train: 0.180791 | Val: 0.184591 | Corr: 0.087784 | LR: 1.00e-03
2026-03-04 00:45:27,252 - INFO -   ↳ Saved best model (val_corr=0.087784)
2026-03-04 00:45:34,774 - INFO - Epoch   5/50 | Train: 0.179324 | Val: 0.183666 | Corr: 0.095990 | LR: 1.00e-03
2026-03-04 00:45:34,805 - INFO -   ↳ Saved best model (val_corr=0.095990)
2026-03-04 00:45:42,104 - INFO - Epoch   6/50 | Train: 0.177948 | Val: 0.183358 | Corr: 0.101939 | LR: 1.00e-03
2026-03-04 00:45:42,139 - INFO -   ↳ Saved best model (val_corr=0.101939)
2026-03-04 00:45:49,666 - INFO - Epoch   7/50 | Train: 0.176729 | Val: 0.182497 | Corr: 0.107433 | LR: 1.00e-03
2026-03-04 00:45:49,693 - INFO -   ↳ Saved best model (val_corr=0.107433)
2026-03-04 00:45:57,114 - INFO - Epoch   8/50 | Train: 0.175817 | Val: 0.183488 | Corr: 0.111631 | LR: 1.00e-03
2026-03-04 00:45:57,169 - INFO -   ↳ Saved best model (val_corr=0.111631)
2026-03-04 00:46:04,422 - INFO - Epoch   9/50 | Train: 0.174898 | Val: 0.181322 | Corr: 0.117745 | LR: 1.00e-03
2026-03-04 00:46:04,460 - INFO -   ↳ Saved best model (val_corr=0.117745)
2026-03-04 00:46:11,773 - INFO - Epoch  10/50 | Train: 0.173957 | Val: 0.181405 | Corr: 0.120212 | LR: 1.00e-03
2026-03-04 00:46:11,804 - INFO -   ↳ Saved best model (val_corr=0.120212)
2026-03-04 00:46:19,172 - INFO - Epoch  11/50 | Train: 0.173264 | Val: 0.181074 | Corr: 0.123727 | LR: 1.00e-03
2026-03-04 00:46:19,201 - INFO -   ↳ Saved best model (val_corr=0.123727)
2026-03-04 00:46:27,078 - INFO - Epoch  12/50 | Train: 0.172511 | Val: 0.181031 | Corr: 0.122276 | LR: 1.00e-03
2026-03-04 00:46:34,807 - INFO - Epoch  13/50 | Train: 0.171892 | Val: 0.181662 | Corr: 0.123328 | LR: 1.00e-03
2026-03-04 00:46:42,526 - INFO - Epoch  14/50 | Train: 0.171191 | Val: 0.180477 | Corr: 0.125511 | LR: 1.00e-03
2026-03-04 00:46:42,566 - INFO -   ↳ Saved best model (val_corr=0.125511)
2026-03-04 00:46:49,313 - INFO - Epoch  15/50 | Train: 0.170576 | Val: 0.181152 | Corr: 0.126525 | LR: 1.00e-03
2026-03-04 00:46:49,343 - INFO -   ↳ Saved best model (val_corr=0.126525)
2026-03-04 00:46:56,013 - INFO - Epoch  16/50 | Train: 0.169896 | Val: 0.181636 | Corr: 0.126830 | LR: 1.00e-03
2026-03-04 00:46:56,044 - INFO -   ↳ Saved best model (val_corr=0.126830)
2026-03-04 00:47:03,064 - INFO - Epoch  17/50 | Train: 0.169206 | Val: 0.180846 | Corr: 0.128901 | LR: 1.00e-03
2026-03-04 00:47:03,088 - INFO -   ↳ Saved best model (val_corr=0.128901)
2026-03-04 00:47:10,241 - INFO - Epoch  18/50 | Train: 0.168735 | Val: 0.181542 | Corr: 0.125722 | LR: 1.00e-03
2026-03-04 00:47:17,264 - INFO - Epoch  19/50 | Train: 0.168166 | Val: 0.181055 | Corr: 0.129080 | LR: 1.00e-03
2026-03-04 00:47:17,310 - INFO -   ↳ Saved best model (val_corr=0.129080)
2026-03-04 00:47:24,122 - INFO - Epoch  20/50 | Train: 0.167565 | Val: 0.180937 | Corr: 0.128090 | LR: 5.00e-04
2026-03-04 00:47:31,196 - INFO - Epoch  21/50 | Train: 0.165980 | Val: 0.181333 | Corr: 0.129424 | LR: 5.00e-04
2026-03-04 00:47:31,227 - INFO -   ↳ Saved best model (val_corr=0.129424)
2026-03-04 00:47:38,042 - INFO - Epoch  22/50 | Train: 0.165445 | Val: 0.181558 | Corr: 0.128805 | LR: 5.00e-04
2026-03-04 00:47:44,701 - INFO - Epoch  23/50 | Train: 0.165054 | Val: 0.181491 | Corr: 0.128345 | LR: 5.00e-04
2026-03-04 00:47:51,439 - INFO - Epoch  24/50 | Train: 0.164799 | Val: 0.181391 | Corr: 0.127459 | LR: 5.00e-04
2026-03-04 00:47:58,259 - INFO - Epoch  25/50 | Train: 0.164630 | Val: 0.182061 | Corr: 0.127172 | LR: 5.00e-04
2026-03-04 00:48:05,083 - INFO - Epoch  26/50 | Train: 0.164287 | Val: 0.181975 | Corr: 0.127749 | LR: 2.50e-04
2026-03-04 00:48:11,993 - INFO - Epoch  27/50 | Train: 0.163316 | Val: 0.182151 | Corr: 0.127732 | LR: 2.50e-04
2026-03-04 00:48:18,682 - INFO - Epoch  28/50 | Train: 0.163135 | Val: 0.182141 | Corr: 0.127332 | LR: 2.50e-04
2026-03-04 00:48:25,570 - INFO - Epoch  29/50 | Train: 0.162888 | Val: 0.182925 | Corr: 0.126614 | LR: 2.50e-04
2026-03-04 00:48:32,612 - INFO - Epoch  30/50 | Train: 0.162743 | Val: 0.182636 | Corr: 0.126894 | LR: 2.50e-04
2026-03-04 00:48:39,673 - INFO - Epoch  31/50 | Train: 0.162657 | Val: 0.182567 | Corr: 0.126565 | LR: 2.50e-04
2026-03-04 00:48:39,673 - INFO - Early stopping at epoch 31
2026-03-04 00:48:39,673 - INFO - Training complete — best val corr: 0.129424
2026-03-04 00:48:41,976 - INFO - Test loss: 0.169623, Test corr: 0.128442
2026-03-04 00:48:42,650 - INFO - Fraction of variance explained (FVE): 0.018739
2026-03-04 00:48:42,650 - INFO - Computing autoregressive (AR) test predictions …
2026-03-04 00:48:43,448 - INFO - AR FVE: 0.017746, AR test corr: 0.129306
2026-03-04 00:48:43,448 - INFO - Generating figures …
2026-03-04 00:48:44,225 - INFO - Correlation between predicted and actual per-neuron averages: r=0.9865, p=0.00e+00
2026-03-04 00:48:47,348 - INFO - Pattern selectivity summary:
2026-03-04 00:48:47,348 - INFO -   Mean correlation across neurons: 0.5260
2026-03-04 00:48:47,348 - INFO -   Median correlation: 0.5521
2026-03-04 00:48:47,348 - INFO -   Neurons with r > 0.5: 38 / 63
2026-03-04 00:48:47,349 - INFO -   Neurons with r > 0.3: 57 / 63
2026-03-04 00:48:47,349 - INFO - Pattern selectivity — mean neuron corr: 0.5260
2026-03-04 00:48:49,969 - INFO - LOO (avg rate) — Model mean r: 0.3821, LOO mean r: 0.4546, Neurons model > LOO: 11/63
2026-03-04 00:48:53,097 - INFO - LOO (temporal) — Model mean r: 0.1361, LOO mean r: 0.3186, Neurons model > LOO: 1/63
2026-03-04 00:48:53,097 - INFO - Skipping oracle trial plots (skip_oracle_plots=True)
2026-03-04 00:48:53,114 - INFO - Experiment complete. Summary: {
  "run_dir": "/scratch/sb272/patterns5k_results/slurm_hist_cnn_2026-03-03_15-13-01/trial_0310_learning_rate=1.0e-03_history=20_kernel_sizes=10_conv_channels=256_fc_dims=256_seed0",
  "model_type": "cnn",
  "batch_avg_test_loss": 0.16962319231033327,
  "batch_avg_test_corr": 0.128442356983489,
  "all_test_fve": 0.01873931336024451,
  "AR_FVE": 0.01774595748810541,
  "AR_test_correlation": 0.12930557131767273,
  "best_val_corr": 0.12942366982200315,
  "total_params": 351551,
  "trainable_params": 351551,
  "epochs_trained": 31,
  "mean_pattern_corr": 0.5259639098027435,
  "history": 20,
  "init_state": true,
  "loo_avg_mean_corr": 0.45456832695830385,
  "model_avg_mean_corr": 0.3821410707745902,
  "neurons_model_beats_loo_avg": 11,
  "loo_temporal_mean_corr": 0.31855225563049316,
  "all_test_corr": 0.13608774542808533,
  "neurons_model_beats_loo_temporal": 1,
  "kernel_sizes": [
    10
  ],
  "conv_channels": [
    256
  ],
  "fc_dims": [
    256
  ]
}
