2026-03-04 00:40:26,855 - INFO - ============================================================
2026-03-04 00:40:26,855 - INFO - Experiment run directory: /scratch/sb272/patterns5k_results/slurm_hist_cnn_2026-03-03_15-13-01/trial_0147_learning_rate=5.0e-04_history=2_kernel_sizes=3_conv_channels=256_fc_dims=256_seed1
2026-03-04 00:40:26,855 - INFO - ============================================================
2026-03-04 00:40:26,855 - INFO - Loading data …
2026-03-04 00:40:28,666 - INFO - 63 unique neurons after dropping problematic neurons
2026-03-04 00:40:29,625 - INFO - Stimulation channels: 42, Spiking neurons: 63
2026-03-04 00:41:41,843 - INFO - Unique patterns: 4050, Total trials: 5000
2026-03-04 00:41:41,846 - INFO - Stimulation channels: 42, Spiking neurons: 63
2026-03-04 00:41:41,846 - INFO - Unique patterns: 4050, Total trials: 5000
2026-03-04 00:41:41,857 - INFO - Split (oracle): train=3400, val=600, test=1000
2026-03-04 00:41:56,194 - INFO - BinnedStimSpikeDataset initialized:
2026-03-04 00:41:56,194 - INFO -   input_bin_size_ms=10, output_bin_size_ms=10
2026-03-04 00:41:56,194 - INFO -   n_input_bins=60, n_output_bins=60
2026-03-04 00:41:56,194 - INFO -   output_offset=0, total_bins_input=60, total_bins_output=60
2026-03-04 00:41:56,194 - INFO -   Valid start positions per trial: 0 to 0
2026-03-04 00:41:56,194 - INFO -   Total samples: 3400 (3400 trials × 1 positions)
2026-03-04 00:42:10,003 - INFO - BinnedStimSpikeDataset initialized:
2026-03-04 00:42:10,003 - INFO -   input_bin_size_ms=10, output_bin_size_ms=10
2026-03-04 00:42:10,003 - INFO -   n_input_bins=60, n_output_bins=60
2026-03-04 00:42:10,003 - INFO -   output_offset=0, total_bins_input=60, total_bins_output=60
2026-03-04 00:42:10,003 - INFO -   Valid start positions per trial: 0 to 0
2026-03-04 00:42:10,003 - INFO -   Total samples: 600 (600 trials × 1 positions)
2026-03-04 00:42:23,933 - INFO - BinnedStimSpikeDataset initialized:
2026-03-04 00:42:23,933 - INFO -   input_bin_size_ms=10, output_bin_size_ms=10
2026-03-04 00:42:23,933 - INFO -   n_input_bins=60, n_output_bins=60
2026-03-04 00:42:23,933 - INFO -   output_offset=0, total_bins_input=60, total_bins_output=60
2026-03-04 00:42:23,933 - INFO -   Valid start positions per trial: 0 to 0
2026-03-04 00:42:23,933 - INFO -   Total samples: 1000 (1000 trials × 1 positions)
2026-03-04 00:42:23,933 - INFO - Samples — train: 3400, val: 600, test: 1000
2026-03-04 00:42:23,934 - INFO - Input channels: 105, Neurons: 63
2026-03-04 00:42:23,949 - INFO - Using CPU
2026-03-04 00:42:23,965 - INFO - Model: CNN — 163,391 trainable params (163,391 total)
2026-03-04 00:42:38,411 - INFO - Starting training …
2026-03-04 00:42:42,787 - INFO - Epoch   1/50 | Train: 0.234358 | Val: 0.179190 | Corr: 0.125719 | LR: 5.00e-04
2026-03-04 00:42:42,823 - INFO -   ↳ Saved best model (val_corr=0.125719)
2026-03-04 00:42:46,059 - INFO - Epoch   2/50 | Train: 0.177691 | Val: 0.173460 | Corr: 0.164120 | LR: 5.00e-04
2026-03-04 00:42:46,092 - INFO -   ↳ Saved best model (val_corr=0.164120)
2026-03-04 00:42:49,282 - INFO - Epoch   3/50 | Train: 0.173665 | Val: 0.171009 | Corr: 0.184536 | LR: 5.00e-04
2026-03-04 00:42:49,321 - INFO -   ↳ Saved best model (val_corr=0.184536)
2026-03-04 00:42:52,505 - INFO - Epoch   4/50 | Train: 0.171071 | Val: 0.169301 | Corr: 0.198749 | LR: 5.00e-04
2026-03-04 00:42:52,537 - INFO -   ↳ Saved best model (val_corr=0.198749)
2026-03-04 00:42:55,724 - INFO - Epoch   5/50 | Train: 0.169641 | Val: 0.168538 | Corr: 0.207427 | LR: 5.00e-04
2026-03-04 00:42:55,750 - INFO -   ↳ Saved best model (val_corr=0.207427)
2026-03-04 00:42:58,922 - INFO - Epoch   6/50 | Train: 0.168556 | Val: 0.167748 | Corr: 0.213941 | LR: 5.00e-04
2026-03-04 00:42:58,950 - INFO -   ↳ Saved best model (val_corr=0.213941)
2026-03-04 00:43:02,122 - INFO - Epoch   7/50 | Train: 0.167555 | Val: 0.167004 | Corr: 0.219290 | LR: 5.00e-04
2026-03-04 00:43:02,150 - INFO -   ↳ Saved best model (val_corr=0.219290)
2026-03-04 00:43:05,342 - INFO - Epoch   8/50 | Train: 0.166889 | Val: 0.167381 | Corr: 0.222407 | LR: 5.00e-04
2026-03-04 00:43:05,368 - INFO -   ↳ Saved best model (val_corr=0.222407)
2026-03-04 00:43:08,560 - INFO - Epoch   9/50 | Train: 0.166062 | Val: 0.166075 | Corr: 0.226882 | LR: 5.00e-04
2026-03-04 00:43:08,602 - INFO -   ↳ Saved best model (val_corr=0.226882)
2026-03-04 00:43:11,784 - INFO - Epoch  10/50 | Train: 0.165603 | Val: 0.165823 | Corr: 0.228519 | LR: 5.00e-04
2026-03-04 00:43:11,808 - INFO -   ↳ Saved best model (val_corr=0.228519)
2026-03-04 00:43:15,012 - INFO - Epoch  11/50 | Train: 0.165008 | Val: 0.165458 | Corr: 0.231128 | LR: 5.00e-04
2026-03-04 00:43:15,039 - INFO -   ↳ Saved best model (val_corr=0.231128)
2026-03-04 00:43:18,209 - INFO - Epoch  12/50 | Train: 0.164613 | Val: 0.165462 | Corr: 0.233708 | LR: 5.00e-04
2026-03-04 00:43:18,232 - INFO -   ↳ Saved best model (val_corr=0.233708)
2026-03-04 00:43:21,355 - INFO - Epoch  13/50 | Train: 0.164231 | Val: 0.165232 | Corr: 0.235981 | LR: 5.00e-04
2026-03-04 00:43:21,381 - INFO -   ↳ Saved best model (val_corr=0.235981)
2026-03-04 00:43:24,558 - INFO - Epoch  14/50 | Train: 0.163934 | Val: 0.164742 | Corr: 0.236725 | LR: 5.00e-04
2026-03-04 00:43:24,582 - INFO -   ↳ Saved best model (val_corr=0.236725)
2026-03-04 00:43:27,754 - INFO - Epoch  15/50 | Train: 0.163738 | Val: 0.164708 | Corr: 0.237973 | LR: 5.00e-04
2026-03-04 00:43:27,790 - INFO -   ↳ Saved best model (val_corr=0.237973)
2026-03-04 00:43:30,950 - INFO - Epoch  16/50 | Train: 0.163445 | Val: 0.164572 | Corr: 0.239053 | LR: 5.00e-04
2026-03-04 00:43:30,973 - INFO -   ↳ Saved best model (val_corr=0.239053)
2026-03-04 00:43:34,139 - INFO - Epoch  17/50 | Train: 0.163251 | Val: 0.164195 | Corr: 0.240981 | LR: 5.00e-04
2026-03-04 00:43:34,165 - INFO -   ↳ Saved best model (val_corr=0.240981)
2026-03-04 00:43:37,344 - INFO - Epoch  18/50 | Train: 0.162787 | Val: 0.164034 | Corr: 0.242381 | LR: 5.00e-04
2026-03-04 00:43:37,375 - INFO -   ↳ Saved best model (val_corr=0.242381)
2026-03-04 00:43:40,537 - INFO - Epoch  19/50 | Train: 0.162648 | Val: 0.164051 | Corr: 0.243990 | LR: 5.00e-04
2026-03-04 00:43:40,554 - INFO -   ↳ Saved best model (val_corr=0.243990)
2026-03-04 00:43:43,731 - INFO - Epoch  20/50 | Train: 0.162433 | Val: 0.164162 | Corr: 0.243843 | LR: 5.00e-04
2026-03-04 00:43:46,870 - INFO - Epoch  21/50 | Train: 0.162287 | Val: 0.163694 | Corr: 0.244724 | LR: 5.00e-04
2026-03-04 00:43:46,951 - INFO -   ↳ Saved best model (val_corr=0.244724)
2026-03-04 00:43:50,147 - INFO - Epoch  22/50 | Train: 0.162064 | Val: 0.163579 | Corr: 0.245931 | LR: 5.00e-04
2026-03-04 00:43:50,180 - INFO -   ↳ Saved best model (val_corr=0.245931)
2026-03-04 00:43:53,376 - INFO - Epoch  23/50 | Train: 0.161779 | Val: 0.164538 | Corr: 0.245775 | LR: 5.00e-04
2026-03-04 00:43:56,503 - INFO - Epoch  24/50 | Train: 0.161687 | Val: 0.163605 | Corr: 0.247092 | LR: 5.00e-04
2026-03-04 00:43:56,537 - INFO -   ↳ Saved best model (val_corr=0.247092)
2026-03-04 00:43:59,651 - INFO - Epoch  25/50 | Train: 0.161568 | Val: 0.163588 | Corr: 0.246693 | LR: 5.00e-04
2026-03-04 00:44:02,848 - INFO - Epoch  26/50 | Train: 0.161347 | Val: 0.163466 | Corr: 0.247642 | LR: 5.00e-04
2026-03-04 00:44:02,874 - INFO -   ↳ Saved best model (val_corr=0.247642)
2026-03-04 00:44:05,975 - INFO - Epoch  27/50 | Train: 0.161209 | Val: 0.163215 | Corr: 0.248497 | LR: 5.00e-04
2026-03-04 00:44:05,997 - INFO -   ↳ Saved best model (val_corr=0.248497)
2026-03-04 00:44:09,150 - INFO - Epoch  28/50 | Train: 0.161082 | Val: 0.163362 | Corr: 0.248128 | LR: 5.00e-04
2026-03-04 00:44:12,317 - INFO - Epoch  29/50 | Train: 0.161051 | Val: 0.163280 | Corr: 0.248725 | LR: 5.00e-04
2026-03-04 00:44:12,349 - INFO -   ↳ Saved best model (val_corr=0.248725)
2026-03-04 00:44:15,525 - INFO - Epoch  30/50 | Train: 0.160768 | Val: 0.163226 | Corr: 0.248876 | LR: 5.00e-04
2026-03-04 00:44:15,561 - INFO -   ↳ Saved best model (val_corr=0.248876)
2026-03-04 00:44:18,742 - INFO - Epoch  31/50 | Train: 0.160667 | Val: 0.163345 | Corr: 0.249946 | LR: 5.00e-04
2026-03-04 00:44:18,771 - INFO -   ↳ Saved best model (val_corr=0.249946)
2026-03-04 00:44:21,914 - INFO - Epoch  32/50 | Train: 0.160464 | Val: 0.163103 | Corr: 0.249844 | LR: 5.00e-04
2026-03-04 00:44:25,064 - INFO - Epoch  33/50 | Train: 0.160371 | Val: 0.163466 | Corr: 0.249402 | LR: 5.00e-04
2026-03-04 00:44:28,220 - INFO - Epoch  34/50 | Train: 0.160413 | Val: 0.164246 | Corr: 0.249818 | LR: 5.00e-04
2026-03-04 00:44:31,415 - INFO - Epoch  35/50 | Train: 0.160205 | Val: 0.163727 | Corr: 0.249848 | LR: 5.00e-04
2026-03-04 00:44:34,581 - INFO - Epoch  36/50 | Train: 0.160045 | Val: 0.163076 | Corr: 0.250390 | LR: 5.00e-04
2026-03-04 00:44:34,612 - INFO -   ↳ Saved best model (val_corr=0.250390)
2026-03-04 00:44:37,780 - INFO - Epoch  37/50 | Train: 0.159993 | Val: 0.163088 | Corr: 0.250283 | LR: 5.00e-04
2026-03-04 00:44:40,949 - INFO - Epoch  38/50 | Train: 0.159791 | Val: 0.162994 | Corr: 0.250402 | LR: 5.00e-04
2026-03-04 00:44:40,974 - INFO -   ↳ Saved best model (val_corr=0.250402)
2026-03-04 00:44:44,101 - INFO - Epoch  39/50 | Train: 0.159806 | Val: 0.163499 | Corr: 0.251222 | LR: 5.00e-04
2026-03-04 00:44:44,132 - INFO -   ↳ Saved best model (val_corr=0.251222)
2026-03-04 00:44:47,322 - INFO - Epoch  40/50 | Train: 0.159739 | Val: 0.163128 | Corr: 0.250237 | LR: 5.00e-04
2026-03-04 00:44:50,502 - INFO - Epoch  41/50 | Train: 0.159580 | Val: 0.162994 | Corr: 0.250310 | LR: 5.00e-04
2026-03-04 00:44:53,690 - INFO - Epoch  42/50 | Train: 0.159532 | Val: 0.163217 | Corr: 0.250383 | LR: 5.00e-04
2026-03-04 00:44:56,807 - INFO - Epoch  43/50 | Train: 0.159423 | Val: 0.163247 | Corr: 0.250889 | LR: 5.00e-04
2026-03-04 00:44:59,997 - INFO - Epoch  44/50 | Train: 0.159347 | Val: 0.163055 | Corr: 0.250560 | LR: 2.50e-04
2026-03-04 00:45:03,178 - INFO - Epoch  45/50 | Train: 0.158846 | Val: 0.162993 | Corr: 0.250689 | LR: 2.50e-04
2026-03-04 00:45:06,372 - INFO - Epoch  46/50 | Train: 0.158775 | Val: 0.163220 | Corr: 0.250887 | LR: 2.50e-04
2026-03-04 00:45:09,542 - INFO - Epoch  47/50 | Train: 0.158675 | Val: 0.163262 | Corr: 0.251190 | LR: 2.50e-04
2026-03-04 00:45:12,658 - INFO - Epoch  48/50 | Train: 0.158603 | Val: 0.162994 | Corr: 0.250740 | LR: 2.50e-04
2026-03-04 00:45:15,784 - INFO - Epoch  49/50 | Train: 0.158613 | Val: 0.163112 | Corr: 0.250886 | LR: 2.50e-04
2026-03-04 00:45:15,785 - INFO - Early stopping at epoch 49
2026-03-04 00:45:15,785 - INFO - Training complete — best val corr: 0.251222
2026-03-04 00:45:17,062 - INFO - Test loss: 0.155200, Test corr: 0.238299
2026-03-04 00:45:17,302 - INFO - Fraction of variance explained (FVE): 0.068680
2026-03-04 00:45:17,302 - INFO - Computing autoregressive (AR) test predictions …
2026-03-04 00:45:17,678 - INFO - AR FVE: 0.004118, AR test corr: 0.108406
2026-03-04 00:45:17,678 - INFO - Generating figures …
2026-03-04 00:45:18,318 - INFO - Correlation between predicted and actual per-neuron averages: r=0.9899, p=0.00e+00
2026-03-04 00:45:20,025 - INFO - Pattern selectivity summary:
2026-03-04 00:45:20,025 - INFO -   Mean correlation across neurons: 0.7867
2026-03-04 00:45:20,026 - INFO -   Median correlation: 0.8215
2026-03-04 00:45:20,026 - INFO -   Neurons with r > 0.5: 60 / 63
2026-03-04 00:45:20,026 - INFO -   Neurons with r > 0.3: 63 / 63
2026-03-04 00:45:20,026 - INFO - Pattern selectivity — mean neuron corr: 0.7867
2026-03-04 00:45:21,346 - INFO - LOO (avg rate) — Model mean r: 0.6862, LOO mean r: 0.4546, Neurons model > LOO: 62/63
2026-03-04 00:45:23,113 - INFO - LOO (temporal) — Model mean r: 0.2504, LOO mean r: 0.3186, Neurons model > LOO: 9/63
2026-03-04 00:45:23,114 - INFO - Skipping oracle trial plots (skip_oracle_plots=True)
2026-03-04 00:45:23,136 - INFO - Experiment complete. Summary: {
  "run_dir": "/scratch/sb272/patterns5k_results/slurm_hist_cnn_2026-03-03_15-13-01/trial_0147_learning_rate=5.0e-04_history=2_kernel_sizes=3_conv_channels=256_fc_dims=256_seed1",
  "model_type": "cnn",
  "batch_avg_test_loss": 0.15520013546943665,
  "batch_avg_test_corr": 0.238298815911894,
  "all_test_fve": 0.06867991174970355,
  "AR_FVE": 0.004117620369744679,
  "AR_test_correlation": 0.10840638726949692,
  "best_val_corr": 0.2512220275650905,
  "total_params": 163391,
  "trainable_params": 163391,
  "epochs_trained": 49,
  "mean_pattern_corr": 0.7867006211799281,
  "history": 2,
  "init_state": true,
  "loo_avg_mean_corr": 0.45456832695830385,
  "model_avg_mean_corr": 0.6862213501763235,
  "neurons_model_beats_loo_avg": 62,
  "loo_temporal_mean_corr": 0.31855225563049316,
  "all_test_corr": 0.25035184621810913,
  "neurons_model_beats_loo_temporal": 9,
  "kernel_sizes": [
    3
  ],
  "conv_channels": [
    256
  ],
  "fc_dims": [
    256
  ]
}
