2026-02-16 02:16:55,049 - INFO - ============================================================
2026-02-16 02:16:55,049 - INFO - Experiment run directory: results/base_cnn_kernel_sweep_2026-02-15_19-39-07/trial_0143_learning_rate=0.01
2026-02-16 02:16:55,049 - INFO - ============================================================
2026-02-16 02:16:55,049 - INFO - Using preloaded raw data (skipping I/O)
2026-02-16 02:16:55,049 - INFO - Stimulation channels: 42, Spiking neurons: 63
2026-02-16 02:16:55,049 - INFO - Unique patterns: 4050, Total trials: 5000
2026-02-16 02:16:55,064 - INFO - Split (oracle): train=3400, val=600, test=1000
2026-02-16 02:17:09,160 - INFO - BinnedStimSpikeDataset initialized:
2026-02-16 02:17:09,162 - INFO -   input_bin_size_ms=10, output_bin_size_ms=10
2026-02-16 02:17:09,162 - INFO -   n_input_bins=60, n_output_bins=60
2026-02-16 02:17:09,162 - INFO -   output_offset=0, total_bins_input=60, total_bins_output=60
2026-02-16 02:17:09,162 - INFO -   Valid start positions per trial: 0 to 0
2026-02-16 02:17:09,162 - INFO -   Total samples: 3400 (3400 trials × 1 positions)
2026-02-16 02:17:22,548 - INFO - BinnedStimSpikeDataset initialized:
2026-02-16 02:17:22,548 - INFO -   input_bin_size_ms=10, output_bin_size_ms=10
2026-02-16 02:17:22,548 - INFO -   n_input_bins=60, n_output_bins=60
2026-02-16 02:17:22,548 - INFO -   output_offset=0, total_bins_input=60, total_bins_output=60
2026-02-16 02:17:22,548 - INFO -   Valid start positions per trial: 0 to 0
2026-02-16 02:17:22,548 - INFO -   Total samples: 600 (600 trials × 1 positions)
2026-02-16 02:17:36,040 - INFO - BinnedStimSpikeDataset initialized:
2026-02-16 02:17:36,040 - INFO -   input_bin_size_ms=10, output_bin_size_ms=10
2026-02-16 02:17:36,040 - INFO -   n_input_bins=60, n_output_bins=60
2026-02-16 02:17:36,040 - INFO -   output_offset=0, total_bins_input=60, total_bins_output=60
2026-02-16 02:17:36,040 - INFO -   Valid start positions per trial: 0 to 0
2026-02-16 02:17:36,040 - INFO -   Total samples: 1000 (1000 trials × 1 positions)
2026-02-16 02:17:36,041 - INFO - Samples — train: 3400, val: 600, test: 1000
2026-02-16 02:17:36,041 - INFO - Input channels: 105, Neurons: 63
2026-02-16 02:17:36,041 - INFO - Using Apple Silicon MPS acceleration
2026-02-16 02:17:36,060 - INFO - Model: CNN — 351,551 trainable params (351,551 total)
2026-02-16 02:17:36,060 - INFO - Starting training …
2026-02-16 02:17:39,838 - INFO - Epoch   1/50 | Train: 0.203779 | Val: 0.183697 | Corr: 0.268919 | LR: 1.00e-02
2026-02-16 02:17:39,852 - INFO -   ↳ Saved best model (val_corr=0.268919)
2026-02-16 02:17:43,204 - INFO - Epoch   2/50 | Train: 0.182865 | Val: 0.177646 | Corr: 0.315960 | LR: 1.00e-02
2026-02-16 02:17:43,219 - INFO -   ↳ Saved best model (val_corr=0.315960)
2026-02-16 02:17:46,682 - INFO - Epoch   3/50 | Train: 0.177612 | Val: 0.173641 | Corr: 0.336193 | LR: 1.00e-02
2026-02-16 02:17:46,695 - INFO -   ↳ Saved best model (val_corr=0.336193)
2026-02-16 02:17:50,115 - INFO - Epoch   4/50 | Train: 0.174421 | Val: 0.172325 | Corr: 0.345771 | LR: 1.00e-02
2026-02-16 02:17:50,129 - INFO -   ↳ Saved best model (val_corr=0.345771)
2026-02-16 02:17:53,697 - INFO - Epoch   5/50 | Train: 0.172438 | Val: 0.171411 | Corr: 0.350428 | LR: 1.00e-02
2026-02-16 02:17:53,712 - INFO -   ↳ Saved best model (val_corr=0.350428)
2026-02-16 02:17:57,236 - INFO - Epoch   6/50 | Train: 0.170927 | Val: 0.171085 | Corr: 0.353191 | LR: 1.00e-02
2026-02-16 02:17:57,246 - INFO -   ↳ Saved best model (val_corr=0.353191)
2026-02-16 02:18:00,896 - INFO - Epoch   7/50 | Train: 0.169518 | Val: 0.171005 | Corr: 0.354693 | LR: 1.00e-02
2026-02-16 02:18:00,913 - INFO -   ↳ Saved best model (val_corr=0.354693)
2026-02-16 02:18:04,469 - INFO - Epoch   8/50 | Train: 0.168326 | Val: 0.170750 | Corr: 0.354892 | LR: 1.00e-02
2026-02-16 02:18:04,484 - INFO -   ↳ Saved best model (val_corr=0.354892)
2026-02-16 02:18:08,100 - INFO - Epoch   9/50 | Train: 0.167443 | Val: 0.170962 | Corr: 0.356309 | LR: 1.00e-02
2026-02-16 02:18:08,115 - INFO -   ↳ Saved best model (val_corr=0.356309)
2026-02-16 02:18:11,689 - INFO - Epoch  10/50 | Train: 0.166557 | Val: 0.170571 | Corr: 0.357889 | LR: 1.00e-02
2026-02-16 02:18:11,705 - INFO -   ↳ Saved best model (val_corr=0.357889)
2026-02-16 02:18:15,301 - INFO - Epoch  11/50 | Train: 0.165899 | Val: 0.170900 | Corr: 0.356857 | LR: 1.00e-02
2026-02-16 02:18:18,939 - INFO - Epoch  12/50 | Train: 0.165314 | Val: 0.170479 | Corr: 0.358918 | LR: 1.00e-02
2026-02-16 02:18:18,954 - INFO -   ↳ Saved best model (val_corr=0.358918)
2026-02-16 02:18:22,391 - INFO - Epoch  13/50 | Train: 0.164606 | Val: 0.171503 | Corr: 0.357097 | LR: 1.00e-02
2026-02-16 02:18:26,044 - INFO - Epoch  14/50 | Train: 0.164149 | Val: 0.170819 | Corr: 0.358037 | LR: 1.00e-02
2026-02-16 02:18:29,702 - INFO - Epoch  15/50 | Train: 0.163692 | Val: 0.170956 | Corr: 0.358292 | LR: 1.00e-02
2026-02-16 02:18:33,289 - INFO - Epoch  16/50 | Train: 0.163214 | Val: 0.171087 | Corr: 0.357059 | LR: 1.00e-02
2026-02-16 02:18:36,942 - INFO - Epoch  17/50 | Train: 0.162906 | Val: 0.172028 | Corr: 0.356568 | LR: 1.00e-02
2026-02-16 02:18:40,405 - INFO - Epoch  18/50 | Train: 0.162560 | Val: 0.171232 | Corr: 0.356187 | LR: 5.00e-03
2026-02-16 02:18:43,971 - INFO - Epoch  19/50 | Train: 0.160533 | Val: 0.171034 | Corr: 0.360440 | LR: 5.00e-03
2026-02-16 02:18:43,986 - INFO -   ↳ Saved best model (val_corr=0.360440)
2026-02-16 02:18:47,540 - INFO - Epoch  20/50 | Train: 0.159785 | Val: 0.171932 | Corr: 0.358861 | LR: 5.00e-03
2026-02-16 02:18:51,177 - INFO - Epoch  21/50 | Train: 0.159465 | Val: 0.171520 | Corr: 0.358675 | LR: 5.00e-03
2026-02-16 02:18:54,735 - INFO - Epoch  22/50 | Train: 0.159161 | Val: 0.172084 | Corr: 0.358905 | LR: 5.00e-03
2026-02-16 02:18:58,338 - INFO - Epoch  23/50 | Train: 0.158991 | Val: 0.172412 | Corr: 0.357764 | LR: 5.00e-03
2026-02-16 02:19:01,873 - INFO - Epoch  24/50 | Train: 0.158891 | Val: 0.172066 | Corr: 0.357404 | LR: 2.50e-03
2026-02-16 02:19:05,494 - INFO - Epoch  25/50 | Train: 0.157687 | Val: 0.172334 | Corr: 0.359365 | LR: 2.50e-03
2026-02-16 02:19:09,090 - INFO - Epoch  26/50 | Train: 0.157279 | Val: 0.172375 | Corr: 0.359167 | LR: 2.50e-03
2026-02-16 02:19:12,581 - INFO - Epoch  27/50 | Train: 0.157277 | Val: 0.172694 | Corr: 0.358684 | LR: 2.50e-03
2026-02-16 02:19:16,177 - INFO - Epoch  28/50 | Train: 0.157051 | Val: 0.172397 | Corr: 0.358636 | LR: 2.50e-03
2026-02-16 02:19:19,774 - INFO - Epoch  29/50 | Train: 0.156948 | Val: 0.172938 | Corr: 0.358099 | LR: 2.50e-03
2026-02-16 02:19:19,774 - INFO - Early stopping at epoch 29
2026-02-16 02:19:19,774 - INFO - Training complete — best val corr: 0.360440
2026-02-16 02:19:20,081 - INFO - Test loss: 0.162527, Test corr: 0.356110
2026-02-16 02:19:20,206 - INFO - Generating figures …
2026-02-16 02:19:20,409 - INFO - Correlation between predicted and actual per-neuron averages: r=0.9907, p=1.56e-54
2026-02-16 02:19:20,995 - INFO - Pattern selectivity summary:
2026-02-16 02:19:20,996 - INFO -   Mean correlation across neurons: 0.7179
2026-02-16 02:19:20,996 - INFO -   Median correlation: 0.7403
2026-02-16 02:19:20,996 - INFO -   Neurons with r > 0.5: 58 / 63
2026-02-16 02:19:20,996 - INFO -   Neurons with r > 0.3: 62 / 63
2026-02-16 02:19:20,996 - INFO - Pattern selectivity — mean neuron corr: 0.7179
2026-02-16 02:19:21,376 - INFO - LOO baseline — Model mean r: 0.5657, LOO mean r: 0.4728, Neurons model > LOO: 43/63
2026-02-16 02:19:21,376 - INFO - Skipping oracle trial plots (skip_oracle_plots=True)
2026-02-16 02:19:21,376 - INFO - Experiment complete. Summary: {
  "run_dir": "results/base_cnn_kernel_sweep_2026-02-15_19-39-07/trial_0143_learning_rate=0.01",
  "model_type": "cnn",
  "test_loss": 0.16252699160575867,
  "test_corr": 0.3561104479135136,
  "best_val_corr": 0.3604403693191251,
  "total_params": 351551,
  "trainable_params": 351551,
  "epochs_trained": 29,
  "mean_pattern_corr": 0.7179014525811351,
  "loo_mean_corr": 0.47275709111471625,
  "model_sample_mean_corr": 0.5657267752761934,
  "neurons_model_beats_loo": 43
}
2026-02-16 02:19:21,385 - INFO - 
======================================================================
2026-02-16 02:19:21,385 - INFO - [145/216] trial_0144_learning_rate=1.0e-04
2026-02-16 02:19:21,385 - INFO -   Overrides: {"kernel_sizes": [30], "learning_rate": 0.0001, "weight_decay": 0, "conv_channels": [64]}
2026-02-16 02:19:21,385 - INFO -   Output: results/base_cnn_kernel_sweep_2026-02-15_19-39-07/trial_0144_learning_rate=1.0e-04
