2026-02-15 11:33:49,442 - INFO - ============================================================
2026-02-15 11:33:49,442 - INFO - Experiment run directory: results/base_cnn_kernel_sweep_2026-02-15_11-28-56/trial_0002_learning_rate=1.0e-04
2026-02-15 11:33:49,442 - INFO - ============================================================
2026-02-15 11:33:49,442 - INFO - Using preloaded raw data (skipping I/O)
2026-02-15 11:33:49,442 - INFO - Stimulation channels: 42, Spiking neurons: 63
2026-02-15 11:33:49,442 - INFO - Unique patterns: 4050, Total trials: 5000
2026-02-15 11:33:49,455 - INFO - Split (oracle): train=3400, val=600, test=1000
2026-02-15 11:34:03,531 - INFO - BinnedStimSpikeDataset initialized:
2026-02-15 11:34:03,532 - INFO -   input_bin_size_ms=10, output_bin_size_ms=10
2026-02-15 11:34:03,532 - INFO -   n_input_bins=60, n_output_bins=60
2026-02-15 11:34:03,532 - INFO -   output_offset=0, total_bins_input=60, total_bins_output=60
2026-02-15 11:34:03,532 - INFO -   Valid start positions per trial: 0 to 0
2026-02-15 11:34:03,532 - INFO -   Total samples: 3400 (3400 trials × 1 positions)
2026-02-15 11:34:16,918 - INFO - BinnedStimSpikeDataset initialized:
2026-02-15 11:34:16,919 - INFO -   input_bin_size_ms=10, output_bin_size_ms=10
2026-02-15 11:34:16,919 - INFO -   n_input_bins=60, n_output_bins=60
2026-02-15 11:34:16,919 - INFO -   output_offset=0, total_bins_input=60, total_bins_output=60
2026-02-15 11:34:16,919 - INFO -   Valid start positions per trial: 0 to 0
2026-02-15 11:34:16,919 - INFO -   Total samples: 600 (600 trials × 1 positions)
2026-02-15 11:34:30,524 - INFO - BinnedStimSpikeDataset initialized:
2026-02-15 11:34:30,525 - INFO -   input_bin_size_ms=10, output_bin_size_ms=10
2026-02-15 11:34:30,525 - INFO -   n_input_bins=60, n_output_bins=60
2026-02-15 11:34:30,525 - INFO -   output_offset=0, total_bins_input=60, total_bins_output=60
2026-02-15 11:34:30,525 - INFO -   Valid start positions per trial: 0 to 0
2026-02-15 11:34:30,525 - INFO -   Total samples: 1000 (1000 trials × 1 positions)
2026-02-15 11:34:30,526 - INFO - Samples — train: 3400, val: 600, test: 1000
2026-02-15 11:34:30,526 - INFO - Input channels: 42, Neurons: 63
2026-02-15 11:34:30,526 - INFO - Using Apple Silicon MPS acceleration
2026-02-15 11:34:30,532 - INFO - Model: CNN — 93,503 trainable params (93,503 total)
2026-02-15 11:34:30,533 - INFO - Starting training …
2026-02-15 11:34:32,561 - INFO - Epoch   1/50 | Train: 0.554526 | Val: 0.309553 | Corr: -0.044769 | LR: 1.00e-04
2026-02-15 11:34:32,566 - INFO -   ↳ Saved best model (val_corr=-0.044769)
2026-02-15 11:34:34,386 - INFO - Epoch   2/50 | Train: 0.261752 | Val: 0.237861 | Corr: 0.073423 | LR: 1.00e-04
2026-02-15 11:34:34,390 - INFO -   ↳ Saved best model (val_corr=0.073423)
2026-02-15 11:34:36,253 - INFO - Epoch   3/50 | Train: 0.231717 | Val: 0.220496 | Corr: 0.108225 | LR: 1.00e-04
2026-02-15 11:34:36,258 - INFO -   ↳ Saved best model (val_corr=0.108225)
2026-02-15 11:34:38,046 - INFO - Epoch   4/50 | Train: 0.219001 | Val: 0.211171 | Corr: 0.132580 | LR: 1.00e-04
2026-02-15 11:34:38,051 - INFO -   ↳ Saved best model (val_corr=0.132580)
2026-02-15 11:34:39,880 - INFO - Epoch   5/50 | Train: 0.212617 | Val: 0.206756 | Corr: 0.145925 | LR: 1.00e-04
2026-02-15 11:34:39,885 - INFO -   ↳ Saved best model (val_corr=0.145925)
2026-02-15 11:34:41,731 - INFO - Epoch   6/50 | Train: 0.209264 | Val: 0.204709 | Corr: 0.153214 | LR: 1.00e-04
2026-02-15 11:34:41,736 - INFO -   ↳ Saved best model (val_corr=0.153214)
2026-02-15 11:34:43,585 - INFO - Epoch   7/50 | Train: 0.207343 | Val: 0.203122 | Corr: 0.158729 | LR: 1.00e-04
2026-02-15 11:34:43,590 - INFO -   ↳ Saved best model (val_corr=0.158729)
2026-02-15 11:34:45,432 - INFO - Epoch   8/50 | Train: 0.205749 | Val: 0.202187 | Corr: 0.163294 | LR: 1.00e-04
2026-02-15 11:34:45,437 - INFO -   ↳ Saved best model (val_corr=0.163294)
2026-02-15 11:34:47,259 - INFO - Epoch   9/50 | Train: 0.204632 | Val: 0.201626 | Corr: 0.167619 | LR: 1.00e-04
2026-02-15 11:34:47,264 - INFO -   ↳ Saved best model (val_corr=0.167619)
2026-02-15 11:34:49,075 - INFO - Epoch  10/50 | Train: 0.203789 | Val: 0.200750 | Corr: 0.171863 | LR: 1.00e-04
2026-02-15 11:34:49,080 - INFO -   ↳ Saved best model (val_corr=0.171863)
2026-02-15 11:34:51,097 - INFO - Epoch  11/50 | Train: 0.203096 | Val: 0.200353 | Corr: 0.174586 | LR: 1.00e-04
2026-02-15 11:34:51,105 - INFO -   ↳ Saved best model (val_corr=0.174586)
2026-02-15 11:34:53,049 - INFO - Epoch  12/50 | Train: 0.202374 | Val: 0.199820 | Corr: 0.178935 | LR: 1.00e-04
2026-02-15 11:34:53,053 - INFO -   ↳ Saved best model (val_corr=0.178935)
2026-02-15 11:34:54,863 - INFO - Epoch  13/50 | Train: 0.201815 | Val: 0.199114 | Corr: 0.183302 | LR: 1.00e-04
2026-02-15 11:34:54,866 - INFO -   ↳ Saved best model (val_corr=0.183302)
2026-02-15 11:34:56,739 - INFO - Epoch  14/50 | Train: 0.201129 | Val: 0.199004 | Corr: 0.185317 | LR: 1.00e-04
2026-02-15 11:34:56,744 - INFO -   ↳ Saved best model (val_corr=0.185317)
2026-02-15 11:34:58,603 - INFO - Epoch  15/50 | Train: 0.200702 | Val: 0.198404 | Corr: 0.188738 | LR: 1.00e-04
2026-02-15 11:34:58,608 - INFO -   ↳ Saved best model (val_corr=0.188738)
2026-02-15 11:35:00,454 - INFO - Epoch  16/50 | Train: 0.200347 | Val: 0.197985 | Corr: 0.191257 | LR: 1.00e-04
2026-02-15 11:35:00,459 - INFO -   ↳ Saved best model (val_corr=0.191257)
2026-02-15 11:35:02,315 - INFO - Epoch  17/50 | Train: 0.199811 | Val: 0.197628 | Corr: 0.193903 | LR: 1.00e-04
2026-02-15 11:35:02,320 - INFO -   ↳ Saved best model (val_corr=0.193903)
2026-02-15 11:35:04,174 - INFO - Epoch  18/50 | Train: 0.199416 | Val: 0.197336 | Corr: 0.195856 | LR: 1.00e-04
2026-02-15 11:35:04,179 - INFO -   ↳ Saved best model (val_corr=0.195856)
2026-02-15 11:35:06,032 - INFO - Epoch  19/50 | Train: 0.199119 | Val: 0.197095 | Corr: 0.198391 | LR: 1.00e-04
2026-02-15 11:35:06,037 - INFO -   ↳ Saved best model (val_corr=0.198391)
2026-02-15 11:35:07,831 - INFO - Epoch  20/50 | Train: 0.198738 | Val: 0.196863 | Corr: 0.200101 | LR: 1.00e-04
2026-02-15 11:35:07,836 - INFO -   ↳ Saved best model (val_corr=0.200101)
2026-02-15 11:35:09,739 - INFO - Epoch  21/50 | Train: 0.198364 | Val: 0.196369 | Corr: 0.202667 | LR: 1.00e-04
2026-02-15 11:35:09,744 - INFO -   ↳ Saved best model (val_corr=0.202667)
2026-02-15 11:35:11,627 - INFO - Epoch  22/50 | Train: 0.198167 | Val: 0.196216 | Corr: 0.204424 | LR: 1.00e-04
2026-02-15 11:35:11,631 - INFO -   ↳ Saved best model (val_corr=0.204424)
2026-02-15 11:35:13,509 - INFO - Epoch  23/50 | Train: 0.197814 | Val: 0.196030 | Corr: 0.206176 | LR: 1.00e-04
2026-02-15 11:35:13,527 - INFO -   ↳ Saved best model (val_corr=0.206176)
2026-02-15 11:35:15,367 - INFO - Epoch  24/50 | Train: 0.197526 | Val: 0.195769 | Corr: 0.207666 | LR: 1.00e-04
2026-02-15 11:35:15,373 - INFO -   ↳ Saved best model (val_corr=0.207666)
2026-02-15 11:35:17,209 - INFO - Epoch  25/50 | Train: 0.197265 | Val: 0.195513 | Corr: 0.208600 | LR: 1.00e-04
2026-02-15 11:35:17,215 - INFO -   ↳ Saved best model (val_corr=0.208600)
2026-02-15 11:35:19,120 - INFO - Epoch  26/50 | Train: 0.196986 | Val: 0.195375 | Corr: 0.210512 | LR: 1.00e-04
2026-02-15 11:35:19,125 - INFO -   ↳ Saved best model (val_corr=0.210512)
2026-02-15 11:35:20,960 - INFO - Epoch  27/50 | Train: 0.196746 | Val: 0.195041 | Corr: 0.211562 | LR: 1.00e-04
2026-02-15 11:35:20,965 - INFO -   ↳ Saved best model (val_corr=0.211562)
2026-02-15 11:35:22,815 - INFO - Epoch  28/50 | Train: 0.196567 | Val: 0.195131 | Corr: 0.212274 | LR: 1.00e-04
2026-02-15 11:35:22,820 - INFO -   ↳ Saved best model (val_corr=0.212274)
2026-02-15 11:35:24,670 - INFO - Epoch  29/50 | Train: 0.196388 | Val: 0.194836 | Corr: 0.213591 | LR: 1.00e-04
2026-02-15 11:35:24,674 - INFO -   ↳ Saved best model (val_corr=0.213591)
2026-02-15 11:35:26,512 - INFO - Epoch  30/50 | Train: 0.196146 | Val: 0.194782 | Corr: 0.214092 | LR: 1.00e-04
2026-02-15 11:35:26,516 - INFO -   ↳ Saved best model (val_corr=0.214092)
2026-02-15 11:35:28,354 - INFO - Epoch  31/50 | Train: 0.195913 | Val: 0.194533 | Corr: 0.215180 | LR: 1.00e-04
2026-02-15 11:35:28,358 - INFO -   ↳ Saved best model (val_corr=0.215180)
2026-02-15 11:35:30,229 - INFO - Epoch  32/50 | Train: 0.195754 | Val: 0.194565 | Corr: 0.215727 | LR: 1.00e-04
2026-02-15 11:35:30,233 - INFO -   ↳ Saved best model (val_corr=0.215727)
2026-02-15 11:35:32,087 - INFO - Epoch  33/50 | Train: 0.195687 | Val: 0.194354 | Corr: 0.216653 | LR: 1.00e-04
2026-02-15 11:35:32,091 - INFO -   ↳ Saved best model (val_corr=0.216653)
2026-02-15 11:35:33,961 - INFO - Epoch  34/50 | Train: 0.195471 | Val: 0.194217 | Corr: 0.217448 | LR: 1.00e-04
2026-02-15 11:35:33,965 - INFO -   ↳ Saved best model (val_corr=0.217448)
2026-02-15 11:35:35,826 - INFO - Epoch  35/50 | Train: 0.195458 | Val: 0.194113 | Corr: 0.218110 | LR: 1.00e-04
2026-02-15 11:35:35,831 - INFO -   ↳ Saved best model (val_corr=0.218110)
2026-02-15 11:35:37,695 - INFO - Epoch  36/50 | Train: 0.195196 | Val: 0.194070 | Corr: 0.218471 | LR: 1.00e-04
2026-02-15 11:35:37,700 - INFO -   ↳ Saved best model (val_corr=0.218471)
2026-02-15 11:35:39,536 - INFO - Epoch  37/50 | Train: 0.195184 | Val: 0.194063 | Corr: 0.218893 | LR: 1.00e-04
2026-02-15 11:35:39,541 - INFO -   ↳ Saved best model (val_corr=0.218893)
2026-02-15 11:35:41,367 - INFO - Epoch  38/50 | Train: 0.194978 | Val: 0.193922 | Corr: 0.219364 | LR: 1.00e-04
2026-02-15 11:35:41,372 - INFO -   ↳ Saved best model (val_corr=0.219364)
2026-02-15 11:35:43,151 - INFO - Epoch  39/50 | Train: 0.194932 | Val: 0.193858 | Corr: 0.219800 | LR: 1.00e-04
2026-02-15 11:35:43,156 - INFO -   ↳ Saved best model (val_corr=0.219800)
2026-02-15 11:35:45,007 - INFO - Epoch  40/50 | Train: 0.194867 | Val: 0.193847 | Corr: 0.220289 | LR: 1.00e-04
2026-02-15 11:35:45,012 - INFO -   ↳ Saved best model (val_corr=0.220289)
2026-02-15 11:35:46,845 - INFO - Epoch  41/50 | Train: 0.194734 | Val: 0.193797 | Corr: 0.220298 | LR: 1.00e-04
2026-02-15 11:35:46,850 - INFO -   ↳ Saved best model (val_corr=0.220298)
2026-02-15 11:35:48,690 - INFO - Epoch  42/50 | Train: 0.194655 | Val: 0.193797 | Corr: 0.220655 | LR: 1.00e-04
2026-02-15 11:35:48,695 - INFO -   ↳ Saved best model (val_corr=0.220655)
2026-02-15 11:35:50,530 - INFO - Epoch  43/50 | Train: 0.194552 | Val: 0.193834 | Corr: 0.220971 | LR: 1.00e-04
2026-02-15 11:35:50,549 - INFO -   ↳ Saved best model (val_corr=0.220971)
2026-02-15 11:35:52,386 - INFO - Epoch  44/50 | Train: 0.194478 | Val: 0.193650 | Corr: 0.221495 | LR: 1.00e-04
2026-02-15 11:35:52,391 - INFO -   ↳ Saved best model (val_corr=0.221495)
2026-02-15 11:35:54,257 - INFO - Epoch  45/50 | Train: 0.194443 | Val: 0.193610 | Corr: 0.221642 | LR: 1.00e-04
2026-02-15 11:35:54,261 - INFO -   ↳ Saved best model (val_corr=0.221642)
2026-02-15 11:35:56,131 - INFO - Epoch  46/50 | Train: 0.194330 | Val: 0.193609 | Corr: 0.221916 | LR: 1.00e-04
2026-02-15 11:35:56,135 - INFO -   ↳ Saved best model (val_corr=0.221916)
2026-02-15 11:35:58,005 - INFO - Epoch  47/50 | Train: 0.194250 | Val: 0.193604 | Corr: 0.222027 | LR: 1.00e-04
2026-02-15 11:35:58,008 - INFO -   ↳ Saved best model (val_corr=0.222027)
2026-02-15 11:35:59,854 - INFO - Epoch  48/50 | Train: 0.194146 | Val: 0.193442 | Corr: 0.222761 | LR: 1.00e-04
2026-02-15 11:35:59,859 - INFO -   ↳ Saved best model (val_corr=0.222761)
2026-02-15 11:36:01,695 - INFO - Epoch  49/50 | Train: 0.194124 | Val: 0.193531 | Corr: 0.222413 | LR: 1.00e-04
2026-02-15 11:36:03,556 - INFO - Epoch  50/50 | Train: 0.194050 | Val: 0.193484 | Corr: 0.222863 | LR: 1.00e-04
2026-02-15 11:36:03,560 - INFO -   ↳ Saved best model (val_corr=0.222863)
2026-02-15 11:36:03,561 - INFO - Training complete — best val corr: 0.222863
2026-02-15 11:36:03,850 - INFO - Test loss: 0.184013, Test corr: 0.224652
2026-02-15 11:36:03,933 - INFO - Generating figures …
2026-02-15 11:36:04,140 - INFO - Correlation between predicted and actual per-neuron averages: r=0.9946, p=1.22e-61
2026-02-15 11:36:04,921 - INFO - Pattern selectivity summary:
2026-02-15 11:36:04,921 - INFO -   Mean correlation across neurons: 0.5326
2026-02-15 11:36:04,921 - INFO -   Median correlation: 0.6083
2026-02-15 11:36:04,922 - INFO -   Neurons with r > 0.5: 40 / 63
2026-02-15 11:36:04,922 - INFO -   Neurons with r > 0.3: 48 / 63
2026-02-15 11:36:04,922 - INFO - Pattern selectivity — mean neuron corr: 0.5326
2026-02-15 11:36:05,256 - INFO - LOO baseline — Model mean r: 0.3170, LOO mean r: 0.4728, Neurons model > LOO: 2/63
2026-02-15 11:36:05,256 - INFO - Skipping oracle trial plots (skip_oracle_plots=True)
2026-02-15 11:36:05,257 - INFO - Experiment complete. Summary: {
  "run_dir": "results/base_cnn_kernel_sweep_2026-02-15_11-28-56/trial_0002_learning_rate=1.0e-04",
  "model_type": "cnn",
  "test_loss": 0.1840133204460144,
  "test_corr": 0.2246523591048394,
  "best_val_corr": 0.2228626925839197,
  "total_params": 93503,
  "trainable_params": 93503,
  "epochs_trained": 50,
  "mean_pattern_corr": 0.5325963268874921,
  "loo_mean_corr": 0.47275709111471625,
  "model_sample_mean_corr": 0.31699755859171486,
  "neurons_model_beats_loo": 2
}
2026-02-15 11:36:05,266 - INFO - 
======================================================================
2026-02-15 11:36:05,266 - INFO - [4/216] trial_0003_learning_rate=1.0e-04
2026-02-15 11:36:05,266 - INFO -   Overrides: {"kernel_sizes": [1], "learning_rate": 0.0001, "fc_dims": [256], "weight_decay": 1e-05, "conv_channels": [64]}
2026-02-15 11:36:05,266 - INFO -   Output: results/base_cnn_kernel_sweep_2026-02-15_11-28-56/trial_0003_learning_rate=1.0e-04
