2026-03-05 16:25:43,020 - INFO - ============================================================
2026-03-05 16:25:43,020 - INFO - Experiment run directory: /scratch/sb272/patterns5k_results/slurm_hist_cnn_2026-03-05_16-01-45/trial_0150_learning_rate=1.0e-04_history=1_kernel_sizes=3x3_conv_channels=64x128_fc_dims=128_seed1
2026-03-05 16:25:43,020 - INFO - ============================================================
2026-03-05 16:25:43,020 - INFO - Loading data …
2026-03-05 16:25:44,762 - INFO - 63 unique neurons after dropping problematic neurons
2026-03-05 16:25:46,320 - INFO - Stimulation channels: 42, Spiking neurons: 63
2026-03-05 16:27:42,544 - INFO - Unique patterns: 4050, Total trials: 5000
2026-03-05 16:27:42,546 - INFO - Stimulation channels: 42, Spiking neurons: 63
2026-03-05 16:27:42,546 - INFO - Unique patterns: 4050, Total trials: 5000
2026-03-05 16:27:42,564 - INFO - Split (oracle): train=3400, val=600, test=1000
2026-03-05 16:28:00,441 - INFO - BinnedStimSpikeDataset initialized:
2026-03-05 16:28:00,442 - INFO -   input_bin_size_ms=10, output_bin_size_ms=10
2026-03-05 16:28:00,442 - INFO -   n_input_bins=60, n_output_bins=60
2026-03-05 16:28:00,442 - INFO -   output_offset=0, total_bins_input=60, total_bins_output=60
2026-03-05 16:28:00,442 - INFO -   Valid start positions per trial: 0 to 0
2026-03-05 16:28:00,442 - INFO -   Total samples: 3400 (3400 trials × 1 positions)
2026-03-05 16:28:17,904 - INFO - BinnedStimSpikeDataset initialized:
2026-03-05 16:28:17,904 - INFO -   input_bin_size_ms=10, output_bin_size_ms=10
2026-03-05 16:28:17,904 - INFO -   n_input_bins=60, n_output_bins=60
2026-03-05 16:28:17,904 - INFO -   output_offset=0, total_bins_input=60, total_bins_output=60
2026-03-05 16:28:17,904 - INFO -   Valid start positions per trial: 0 to 0
2026-03-05 16:28:17,904 - INFO -   Total samples: 600 (600 trials × 1 positions)
2026-03-05 16:28:34,547 - INFO - BinnedStimSpikeDataset initialized:
2026-03-05 16:28:34,547 - INFO -   input_bin_size_ms=10, output_bin_size_ms=10
2026-03-05 16:28:34,547 - INFO -   n_input_bins=60, n_output_bins=60
2026-03-05 16:28:34,547 - INFO -   output_offset=0, total_bins_input=60, total_bins_output=60
2026-03-05 16:28:34,547 - INFO -   Valid start positions per trial: 0 to 0
2026-03-05 16:28:34,548 - INFO -   Total samples: 1000 (1000 trials × 1 positions)
2026-03-05 16:28:34,548 - INFO - Samples — train: 3400, val: 600, test: 1000
2026-03-05 16:28:34,548 - INFO - Input channels: 105, Neurons: 63
2026-03-05 16:28:34,569 - INFO - Using CPU
2026-03-05 16:28:34,574 - INFO - Model: CNN — 69,951 trainable params (69,951 total)
2026-03-05 16:28:39,454 - INFO - Starting training …
2026-03-05 16:28:43,593 - INFO - Epoch   1/50 | Train: 0.573463 | Val: 0.238088 | Corr: 0.049012 | LR: 1.00e-04
2026-03-05 16:28:43,604 - INFO -   ↳ Saved best model (val_corr=0.049012)
2026-03-05 16:28:47,652 - INFO - Epoch   2/50 | Train: 0.196813 | Val: 0.186795 | Corr: 0.105589 | LR: 1.00e-04
2026-03-05 16:28:47,663 - INFO -   ↳ Saved best model (val_corr=0.105589)
2026-03-05 16:28:51,476 - INFO - Epoch   3/50 | Train: 0.184543 | Val: 0.184038 | Corr: 0.119617 | LR: 1.00e-04
2026-03-05 16:28:51,483 - INFO -   ↳ Saved best model (val_corr=0.119617)
2026-03-05 16:28:55,242 - INFO - Epoch   4/50 | Train: 0.182408 | Val: 0.181812 | Corr: 0.126392 | LR: 1.00e-04
2026-03-05 16:28:55,251 - INFO -   ↳ Saved best model (val_corr=0.126392)
2026-03-05 16:28:59,313 - INFO - Epoch   5/50 | Train: 0.181462 | Val: 0.180549 | Corr: 0.130699 | LR: 1.00e-04
2026-03-05 16:28:59,322 - INFO -   ↳ Saved best model (val_corr=0.130699)
2026-03-05 16:29:03,381 - INFO - Epoch   6/50 | Train: 0.180392 | Val: 0.179749 | Corr: 0.135322 | LR: 1.00e-04
2026-03-05 16:29:03,392 - INFO -   ↳ Saved best model (val_corr=0.135322)
2026-03-05 16:29:07,493 - INFO - Epoch   7/50 | Train: 0.179376 | Val: 0.178837 | Corr: 0.139205 | LR: 1.00e-04
2026-03-05 16:29:07,509 - INFO -   ↳ Saved best model (val_corr=0.139205)
2026-03-05 16:29:11,937 - INFO - Epoch   8/50 | Train: 0.178420 | Val: 0.178749 | Corr: 0.143956 | LR: 1.00e-04
2026-03-05 16:29:11,948 - INFO -   ↳ Saved best model (val_corr=0.143956)
2026-03-05 16:29:15,214 - INFO - Epoch   9/50 | Train: 0.177538 | Val: 0.177538 | Corr: 0.148602 | LR: 1.00e-04
2026-03-05 16:29:15,224 - INFO -   ↳ Saved best model (val_corr=0.148602)
2026-03-05 16:29:19,177 - INFO - Epoch  10/50 | Train: 0.176599 | Val: 0.177425 | Corr: 0.151885 | LR: 1.00e-04
2026-03-05 16:29:19,185 - INFO -   ↳ Saved best model (val_corr=0.151885)
2026-03-05 16:29:23,454 - INFO - Epoch  11/50 | Train: 0.175955 | Val: 0.176557 | Corr: 0.156517 | LR: 1.00e-04
2026-03-05 16:29:23,464 - INFO -   ↳ Saved best model (val_corr=0.156517)
2026-03-05 16:29:27,891 - INFO - Epoch  12/50 | Train: 0.175265 | Val: 0.175830 | Corr: 0.158777 | LR: 1.00e-04
2026-03-05 16:29:27,899 - INFO -   ↳ Saved best model (val_corr=0.158777)
2026-03-05 16:29:32,201 - INFO - Epoch  13/50 | Train: 0.174600 | Val: 0.174356 | Corr: 0.162542 | LR: 1.00e-04
2026-03-05 16:29:32,210 - INFO -   ↳ Saved best model (val_corr=0.162542)
2026-03-05 16:29:36,557 - INFO - Epoch  14/50 | Train: 0.174034 | Val: 0.174536 | Corr: 0.164350 | LR: 1.00e-04
2026-03-05 16:29:36,569 - INFO -   ↳ Saved best model (val_corr=0.164350)
2026-03-05 16:29:40,914 - INFO - Epoch  15/50 | Train: 0.173683 | Val: 0.174716 | Corr: 0.166342 | LR: 1.00e-04
2026-03-05 16:29:40,924 - INFO -   ↳ Saved best model (val_corr=0.166342)
2026-03-05 16:29:45,186 - INFO - Epoch  16/50 | Train: 0.173098 | Val: 0.174340 | Corr: 0.168062 | LR: 1.00e-04
2026-03-05 16:29:45,196 - INFO -   ↳ Saved best model (val_corr=0.168062)
2026-03-05 16:29:49,536 - INFO - Epoch  17/50 | Train: 0.172789 | Val: 0.173406 | Corr: 0.170809 | LR: 1.00e-04
2026-03-05 16:29:49,557 - INFO -   ↳ Saved best model (val_corr=0.170809)
2026-03-05 16:29:53,868 - INFO - Epoch  18/50 | Train: 0.172423 | Val: 0.173125 | Corr: 0.172741 | LR: 1.00e-04
2026-03-05 16:29:53,877 - INFO -   ↳ Saved best model (val_corr=0.172741)
2026-03-05 16:29:58,158 - INFO - Epoch  19/50 | Train: 0.172195 | Val: 0.172739 | Corr: 0.175094 | LR: 1.00e-04
2026-03-05 16:29:58,178 - INFO -   ↳ Saved best model (val_corr=0.175094)
2026-03-05 16:30:02,472 - INFO - Epoch  20/50 | Train: 0.171691 | Val: 0.172387 | Corr: 0.177041 | LR: 1.00e-04
2026-03-05 16:30:02,492 - INFO -   ↳ Saved best model (val_corr=0.177041)
2026-03-05 16:30:06,954 - INFO - Epoch  21/50 | Train: 0.171433 | Val: 0.171857 | Corr: 0.178852 | LR: 1.00e-04
2026-03-05 16:30:06,966 - INFO -   ↳ Saved best model (val_corr=0.178852)
2026-03-05 16:30:10,712 - INFO - Epoch  22/50 | Train: 0.171123 | Val: 0.172928 | Corr: 0.180265 | LR: 1.00e-04
2026-03-05 16:30:10,721 - INFO -   ↳ Saved best model (val_corr=0.180265)
2026-03-05 16:30:14,926 - INFO - Epoch  23/50 | Train: 0.170807 | Val: 0.172294 | Corr: 0.181591 | LR: 1.00e-04
2026-03-05 16:30:14,936 - INFO -   ↳ Saved best model (val_corr=0.181591)
2026-03-05 16:30:18,843 - INFO - Epoch  24/50 | Train: 0.170534 | Val: 0.171000 | Corr: 0.184293 | LR: 1.00e-04
2026-03-05 16:30:18,894 - INFO -   ↳ Saved best model (val_corr=0.184293)
2026-03-05 16:30:22,823 - INFO - Epoch  25/50 | Train: 0.170296 | Val: 0.170532 | Corr: 0.186319 | LR: 1.00e-04
2026-03-05 16:30:22,834 - INFO -   ↳ Saved best model (val_corr=0.186319)
2026-03-05 16:30:26,829 - INFO - Epoch  26/50 | Train: 0.169936 | Val: 0.170288 | Corr: 0.188446 | LR: 1.00e-04
2026-03-05 16:30:26,836 - INFO -   ↳ Saved best model (val_corr=0.188446)
2026-03-05 16:30:30,656 - INFO - Epoch  27/50 | Train: 0.169754 | Val: 0.170301 | Corr: 0.191030 | LR: 1.00e-04
2026-03-05 16:30:30,665 - INFO -   ↳ Saved best model (val_corr=0.191030)
2026-03-05 16:30:34,403 - INFO - Epoch  28/50 | Train: 0.169538 | Val: 0.171145 | Corr: 0.190860 | LR: 1.00e-04
2026-03-05 16:30:38,171 - INFO - Epoch  29/50 | Train: 0.169352 | Val: 0.169943 | Corr: 0.193173 | LR: 1.00e-04
2026-03-05 16:30:38,182 - INFO -   ↳ Saved best model (val_corr=0.193173)
2026-03-05 16:30:42,061 - INFO - Epoch  30/50 | Train: 0.169044 | Val: 0.170853 | Corr: 0.194609 | LR: 1.00e-04
2026-03-05 16:30:42,076 - INFO -   ↳ Saved best model (val_corr=0.194609)
2026-03-05 16:30:45,793 - INFO - Epoch  31/50 | Train: 0.168819 | Val: 0.168740 | Corr: 0.196609 | LR: 1.00e-04
2026-03-05 16:30:45,804 - INFO -   ↳ Saved best model (val_corr=0.196609)
2026-03-05 16:30:49,539 - INFO - Epoch  32/50 | Train: 0.168651 | Val: 0.170235 | Corr: 0.198102 | LR: 1.00e-04
2026-03-05 16:30:49,564 - INFO -   ↳ Saved best model (val_corr=0.198102)
2026-03-05 16:30:53,285 - INFO - Epoch  33/50 | Train: 0.168336 | Val: 0.169802 | Corr: 0.199167 | LR: 1.00e-04
2026-03-05 16:30:53,293 - INFO -   ↳ Saved best model (val_corr=0.199167)
2026-03-05 16:30:57,133 - INFO - Epoch  34/50 | Train: 0.168186 | Val: 0.170000 | Corr: 0.199957 | LR: 1.00e-04
2026-03-05 16:30:57,143 - INFO -   ↳ Saved best model (val_corr=0.199957)
2026-03-05 16:31:00,803 - INFO - Epoch  35/50 | Train: 0.168063 | Val: 0.169320 | Corr: 0.201843 | LR: 1.00e-04
2026-03-05 16:31:00,811 - INFO -   ↳ Saved best model (val_corr=0.201843)
2026-03-05 16:31:04,591 - INFO - Epoch  36/50 | Train: 0.167882 | Val: 0.169660 | Corr: 0.202525 | LR: 1.00e-04
2026-03-05 16:31:04,602 - INFO -   ↳ Saved best model (val_corr=0.202525)
2026-03-05 16:31:08,377 - INFO - Epoch  37/50 | Train: 0.167772 | Val: 0.168904 | Corr: 0.204057 | LR: 5.00e-05
2026-03-05 16:31:08,386 - INFO -   ↳ Saved best model (val_corr=0.204057)
2026-03-05 16:31:12,242 - INFO - Epoch  38/50 | Train: 0.167553 | Val: 0.169508 | Corr: 0.203208 | LR: 5.00e-05
2026-03-05 16:31:15,973 - INFO - Epoch  39/50 | Train: 0.167526 | Val: 0.168561 | Corr: 0.205911 | LR: 5.00e-05
2026-03-05 16:31:15,981 - INFO -   ↳ Saved best model (val_corr=0.205911)
2026-03-05 16:31:20,009 - INFO - Epoch  40/50 | Train: 0.167397 | Val: 0.169010 | Corr: 0.205817 | LR: 5.00e-05
2026-03-05 16:31:23,869 - INFO - Epoch  41/50 | Train: 0.167321 | Val: 0.168272 | Corr: 0.206615 | LR: 5.00e-05
2026-03-05 16:31:23,877 - INFO -   ↳ Saved best model (val_corr=0.206615)
2026-03-05 16:31:27,710 - INFO - Epoch  42/50 | Train: 0.167408 | Val: 0.167977 | Corr: 0.207835 | LR: 5.00e-05
2026-03-05 16:31:27,720 - INFO -   ↳ Saved best model (val_corr=0.207835)
2026-03-05 16:31:31,489 - INFO - Epoch  43/50 | Train: 0.167253 | Val: 0.167361 | Corr: 0.208057 | LR: 5.00e-05
2026-03-05 16:31:31,498 - INFO -   ↳ Saved best model (val_corr=0.208057)
2026-03-05 16:31:35,796 - INFO - Epoch  44/50 | Train: 0.167136 | Val: 0.169239 | Corr: 0.205402 | LR: 5.00e-05
2026-03-05 16:31:40,263 - INFO - Epoch  45/50 | Train: 0.166991 | Val: 0.167453 | Corr: 0.209499 | LR: 5.00e-05
2026-03-05 16:31:40,277 - INFO -   ↳ Saved best model (val_corr=0.209499)
2026-03-05 16:31:44,830 - INFO - Epoch  46/50 | Train: 0.167017 | Val: 0.168618 | Corr: 0.208531 | LR: 5.00e-05
2026-03-05 16:31:49,441 - INFO - Epoch  47/50 | Train: 0.167054 | Val: 0.167711 | Corr: 0.209340 | LR: 5.00e-05
2026-03-05 16:31:53,973 - INFO - Epoch  48/50 | Train: 0.166896 | Val: 0.167538 | Corr: 0.210956 | LR: 5.00e-05
2026-03-05 16:31:53,983 - INFO -   ↳ Saved best model (val_corr=0.210956)
2026-03-05 16:31:58,280 - INFO - Epoch  49/50 | Train: 0.166870 | Val: 0.167819 | Corr: 0.211034 | LR: 2.50e-05
2026-03-05 16:31:58,288 - INFO -   ↳ Saved best model (val_corr=0.211034)
2026-03-05 16:32:02,804 - INFO - Epoch  50/50 | Train: 0.166805 | Val: 0.167029 | Corr: 0.211803 | LR: 2.50e-05
2026-03-05 16:32:02,816 - INFO -   ↳ Saved best model (val_corr=0.211803)
2026-03-05 16:32:02,817 - INFO - Training complete — best val corr: 0.211803
2026-03-05 16:32:04,038 - INFO - Test loss: 0.158072, Test corr: 0.205463
2026-03-05 16:32:04,256 - INFO - Fraction of variance explained (FVE): 0.048400
2026-03-05 16:32:04,256 - INFO - Computing autoregressive (AR) test predictions …
2026-03-05 16:32:04,575 - INFO - AR FVE: -0.004176, AR test corr: 0.075646
2026-03-05 16:32:04,575 - INFO - Generating figures …
2026-03-05 16:32:04,956 - INFO - Correlation between predicted and actual per-neuron averages: r=0.9966, p=0.00e+00
2026-03-05 16:32:06,547 - INFO - Pattern selectivity summary:
2026-03-05 16:32:06,547 - INFO -   Mean correlation across neurons: 0.6435
2026-03-05 16:32:06,547 - INFO -   Median correlation: 0.6490
2026-03-05 16:32:06,547 - INFO -   Neurons with r > 0.5: 51 / 63
2026-03-05 16:32:06,547 - INFO -   Neurons with r > 0.3: 61 / 63
2026-03-05 16:32:06,548 - INFO - Pattern selectivity — mean neuron corr: 0.6435
2026-03-05 16:32:08,140 - INFO - LOO (avg rate) — Model mean r: 0.5325, LOO mean r: 0.4546, Neurons model > LOO: 39/63
2026-03-05 16:32:10,332 - INFO - LOO (temporal) — Model mean r: 0.2133, LOO mean r: 0.3186, Neurons model > LOO: 7/63
2026-03-05 16:32:10,333 - INFO - Skipping oracle trial plots (skip_oracle_plots=True)
2026-03-05 16:32:10,352 - INFO - Experiment complete. Summary: {
  "run_dir": "/scratch/sb272/patterns5k_results/slurm_hist_cnn_2026-03-05_16-01-45/trial_0150_learning_rate=1.0e-04_history=1_kernel_sizes=3x3_conv_channels=64x128_fc_dims=128_seed1",
  "model_type": "cnn",
  "batch_avg_test_loss": 0.15807152116298676,
  "batch_avg_test_corr": 0.20546289370782875,
  "all_test_fve": 0.04840016175830175,
  "AR_FVE": -0.0041760726580544125,
  "AR_test_correlation": 0.07564583420753479,
  "best_val_corr": 0.2118031678392565,
  "total_params": 69951,
  "trainable_params": 69951,
  "epochs_trained": 50,
  "mean_pattern_corr": 0.643549221599568,
  "history": 1,
  "init_state": true,
  "loo_avg_mean_corr": 0.45456832695830385,
  "model_avg_mean_corr": 0.5324815229309218,
  "neurons_model_beats_loo_avg": 39,
  "loo_temporal_mean_corr": 0.31855225563049316,
  "all_test_corr": 0.2132551223039627,
  "neurons_model_beats_loo_temporal": 7,
  "kernel_sizes": [
    3,
    3
  ],
  "conv_channels": [
    64,
    128
  ],
  "fc_dims": [
    128
  ]
}
