2026-03-04 20:06:09,955 - INFO - ============================================================
2026-03-04 20:06:09,955 - INFO - Experiment run directory: /scratch/sb272/patterns5k_results/slurm_base_cnn_2026-03-04_16-53-19/trial_0196_learning_rate=5.0e-03_kernel_sizes=3x3_conv_channels=64x128_fc_dims=256_seed1
2026-03-04 20:06:09,955 - INFO - ============================================================
2026-03-04 20:06:09,955 - INFO - Loading data …
2026-03-04 20:06:10,939 - INFO - 63 unique neurons after dropping problematic neurons
2026-03-04 20:06:11,693 - INFO - Stimulation channels: 42, Spiking neurons: 63
2026-03-04 20:07:16,074 - INFO - Unique patterns: 4050, Total trials: 5000
2026-03-04 20:07:16,076 - INFO - Stimulation channels: 42, Spiking neurons: 63
2026-03-04 20:07:16,076 - INFO - Unique patterns: 4050, Total trials: 5000
2026-03-04 20:07:16,086 - INFO - Split (oracle): train=3400, val=600, test=1000
2026-03-04 20:07:30,232 - INFO - BinnedStimSpikeDataset initialized:
2026-03-04 20:07:30,232 - INFO -   input_bin_size_ms=10, output_bin_size_ms=10
2026-03-04 20:07:30,232 - INFO -   n_input_bins=60, n_output_bins=60
2026-03-04 20:07:30,232 - INFO -   output_offset=0, total_bins_input=60, total_bins_output=60
2026-03-04 20:07:30,232 - INFO -   Valid start positions per trial: 0 to 0
2026-03-04 20:07:30,232 - INFO -   Total samples: 3400 (3400 trials × 1 positions)
2026-03-04 20:07:43,901 - INFO - BinnedStimSpikeDataset initialized:
2026-03-04 20:07:43,901 - INFO -   input_bin_size_ms=10, output_bin_size_ms=10
2026-03-04 20:07:43,901 - INFO -   n_input_bins=60, n_output_bins=60
2026-03-04 20:07:43,901 - INFO -   output_offset=0, total_bins_input=60, total_bins_output=60
2026-03-04 20:07:43,901 - INFO -   Valid start positions per trial: 0 to 0
2026-03-04 20:07:43,901 - INFO -   Total samples: 600 (600 trials × 1 positions)
2026-03-04 20:07:57,653 - INFO - BinnedStimSpikeDataset initialized:
2026-03-04 20:07:57,653 - INFO -   input_bin_size_ms=10, output_bin_size_ms=10
2026-03-04 20:07:57,653 - INFO -   n_input_bins=60, n_output_bins=60
2026-03-04 20:07:57,653 - INFO -   output_offset=0, total_bins_input=60, total_bins_output=60
2026-03-04 20:07:57,653 - INFO -   Valid start positions per trial: 0 to 0
2026-03-04 20:07:57,653 - INFO -   Total samples: 1000 (1000 trials × 1 positions)
2026-03-04 20:07:57,654 - INFO - Samples — train: 3400, val: 600, test: 1000
2026-03-04 20:07:57,654 - INFO - Input channels: 42, Neurons: 63
2026-03-04 20:07:57,670 - INFO - Using CPU
2026-03-04 20:07:57,685 - INFO - Model: CNN — 82,431 trainable params (82,431 total)
2026-03-04 20:08:04,525 - INFO - Starting training …
2026-03-04 20:08:07,665 - INFO - Epoch   1/50 | Train: 0.201204 | Val: 0.183176 | Corr: 0.080963 | LR: 5.00e-03
2026-03-04 20:08:07,680 - INFO -   ↳ Saved best model (val_corr=0.080963)
2026-03-04 20:08:09,970 - INFO - Epoch   2/50 | Train: 0.182184 | Val: 0.182617 | Corr: 0.103538 | LR: 5.00e-03
2026-03-04 20:08:10,005 - INFO -   ↳ Saved best model (val_corr=0.103538)
2026-03-04 20:08:12,330 - INFO - Epoch   3/50 | Train: 0.180449 | Val: 0.179804 | Corr: 0.116135 | LR: 5.00e-03
2026-03-04 20:08:12,353 - INFO -   ↳ Saved best model (val_corr=0.116135)
2026-03-04 20:08:14,615 - INFO - Epoch   4/50 | Train: 0.179614 | Val: 0.178901 | Corr: 0.121991 | LR: 5.00e-03
2026-03-04 20:08:14,625 - INFO -   ↳ Saved best model (val_corr=0.121991)
2026-03-04 20:08:16,866 - INFO - Epoch   5/50 | Train: 0.179029 | Val: 0.179171 | Corr: 0.125368 | LR: 5.00e-03
2026-03-04 20:08:16,878 - INFO -   ↳ Saved best model (val_corr=0.125368)
2026-03-04 20:08:19,124 - INFO - Epoch   6/50 | Train: 0.178629 | Val: 0.178088 | Corr: 0.130889 | LR: 5.00e-03
2026-03-04 20:08:19,137 - INFO -   ↳ Saved best model (val_corr=0.130889)
2026-03-04 20:08:21,340 - INFO - Epoch   7/50 | Train: 0.178195 | Val: 0.177744 | Corr: 0.133536 | LR: 5.00e-03
2026-03-04 20:08:21,349 - INFO -   ↳ Saved best model (val_corr=0.133536)
2026-03-04 20:08:23,579 - INFO - Epoch   8/50 | Train: 0.177898 | Val: 0.177921 | Corr: 0.134828 | LR: 5.00e-03
2026-03-04 20:08:23,589 - INFO -   ↳ Saved best model (val_corr=0.134828)
2026-03-04 20:08:25,837 - INFO - Epoch   9/50 | Train: 0.177779 | Val: 0.177546 | Corr: 0.136401 | LR: 5.00e-03
2026-03-04 20:08:25,886 - INFO -   ↳ Saved best model (val_corr=0.136401)
2026-03-04 20:08:28,150 - INFO - Epoch  10/50 | Train: 0.177495 | Val: 0.177453 | Corr: 0.138050 | LR: 5.00e-03
2026-03-04 20:08:28,160 - INFO -   ↳ Saved best model (val_corr=0.138050)
2026-03-04 20:08:30,422 - INFO - Epoch  11/50 | Train: 0.177227 | Val: 0.177468 | Corr: 0.137580 | LR: 5.00e-03
2026-03-04 20:08:32,703 - INFO - Epoch  12/50 | Train: 0.177131 | Val: 0.177450 | Corr: 0.136402 | LR: 5.00e-03
2026-03-04 20:08:34,975 - INFO - Epoch  13/50 | Train: 0.177114 | Val: 0.177146 | Corr: 0.138013 | LR: 5.00e-03
2026-03-04 20:08:37,224 - INFO - Epoch  14/50 | Train: 0.176929 | Val: 0.177264 | Corr: 0.138560 | LR: 5.00e-03
2026-03-04 20:08:37,255 - INFO -   ↳ Saved best model (val_corr=0.138560)
2026-03-04 20:08:39,490 - INFO - Epoch  15/50 | Train: 0.176730 | Val: 0.177558 | Corr: 0.139631 | LR: 5.00e-03
2026-03-04 20:08:39,526 - INFO -   ↳ Saved best model (val_corr=0.139631)
2026-03-04 20:08:41,739 - INFO - Epoch  16/50 | Train: 0.176690 | Val: 0.177575 | Corr: 0.139067 | LR: 5.00e-03
2026-03-04 20:08:43,955 - INFO - Epoch  17/50 | Train: 0.176531 | Val: 0.177144 | Corr: 0.139627 | LR: 5.00e-03
2026-03-04 20:08:46,157 - INFO - Epoch  18/50 | Train: 0.176287 | Val: 0.177159 | Corr: 0.140350 | LR: 5.00e-03
2026-03-04 20:08:46,180 - INFO -   ↳ Saved best model (val_corr=0.140350)
2026-03-04 20:08:48,402 - INFO - Epoch  19/50 | Train: 0.176367 | Val: 0.177574 | Corr: 0.139194 | LR: 2.50e-03
2026-03-04 20:08:50,611 - INFO - Epoch  20/50 | Train: 0.175618 | Val: 0.176679 | Corr: 0.141422 | LR: 2.50e-03
2026-03-04 20:08:50,633 - INFO -   ↳ Saved best model (val_corr=0.141422)
2026-03-04 20:08:52,853 - INFO - Epoch  21/50 | Train: 0.175407 | Val: 0.176897 | Corr: 0.141938 | LR: 2.50e-03
2026-03-04 20:08:52,886 - INFO -   ↳ Saved best model (val_corr=0.141938)
2026-03-04 20:08:55,094 - INFO - Epoch  22/50 | Train: 0.175397 | Val: 0.176614 | Corr: 0.142183 | LR: 2.50e-03
2026-03-04 20:08:55,117 - INFO -   ↳ Saved best model (val_corr=0.142183)
2026-03-04 20:08:57,318 - INFO - Epoch  23/50 | Train: 0.175292 | Val: 0.176846 | Corr: 0.142092 | LR: 2.50e-03
2026-03-04 20:08:59,568 - INFO - Epoch  24/50 | Train: 0.175253 | Val: 0.176623 | Corr: 0.142248 | LR: 2.50e-03
2026-03-04 20:08:59,580 - INFO -   ↳ Saved best model (val_corr=0.142248)
2026-03-04 20:09:01,828 - INFO - Epoch  25/50 | Train: 0.175239 | Val: 0.176937 | Corr: 0.140985 | LR: 2.50e-03
2026-03-04 20:09:04,033 - INFO - Epoch  26/50 | Train: 0.175260 | Val: 0.176908 | Corr: 0.140458 | LR: 2.50e-03
2026-03-04 20:09:06,232 - INFO - Epoch  27/50 | Train: 0.175222 | Val: 0.176790 | Corr: 0.141194 | LR: 2.50e-03
2026-03-04 20:09:08,445 - INFO - Epoch  28/50 | Train: 0.174998 | Val: 0.176841 | Corr: 0.140769 | LR: 1.25e-03
2026-03-04 20:09:10,705 - INFO - Epoch  29/50 | Train: 0.174692 | Val: 0.176703 | Corr: 0.142012 | LR: 1.25e-03
2026-03-04 20:09:12,955 - INFO - Epoch  30/50 | Train: 0.174547 | Val: 0.176676 | Corr: 0.141502 | LR: 1.25e-03
2026-03-04 20:09:15,181 - INFO - Epoch  31/50 | Train: 0.174505 | Val: 0.176624 | Corr: 0.141954 | LR: 1.25e-03
2026-03-04 20:09:17,423 - INFO - Epoch  32/50 | Train: 0.174426 | Val: 0.176632 | Corr: 0.141647 | LR: 1.25e-03
2026-03-04 20:09:19,670 - INFO - Epoch  33/50 | Train: 0.174454 | Val: 0.176744 | Corr: 0.141649 | LR: 1.25e-03
2026-03-04 20:09:21,923 - INFO - Epoch  34/50 | Train: 0.174396 | Val: 0.176713 | Corr: 0.141567 | LR: 6.25e-04
2026-03-04 20:09:21,923 - INFO - Early stopping at epoch 34
2026-03-04 20:09:21,923 - INFO - Training complete — best val corr: 0.142248
2026-03-04 20:09:22,881 - INFO - Test loss: 0.168072, Test corr: 0.136223
2026-03-04 20:09:23,058 - INFO - Fraction of variance explained (FVE): 0.022755
2026-03-04 20:09:23,059 - INFO - Generating figures …
2026-03-04 20:09:23,522 - INFO - Correlation between predicted and actual per-neuron averages: r=0.9882, p=0.00e+00
2026-03-04 20:09:24,995 - INFO - Pattern selectivity summary:
2026-03-04 20:09:24,995 - INFO -   Mean correlation across neurons: 0.4863
2026-03-04 20:09:24,995 - INFO -   Median correlation: 0.5432
2026-03-04 20:09:24,995 - INFO -   Neurons with r > 0.5: 35 / 63
2026-03-04 20:09:24,995 - INFO -   Neurons with r > 0.3: 49 / 63
2026-03-04 20:09:24,995 - INFO - Pattern selectivity — mean neuron corr: 0.4863
2026-03-04 20:09:26,169 - INFO - LOO (avg rate) — Model mean r: 0.2885, LOO mean r: 0.4546, Neurons model > LOO: 1/63
2026-03-04 20:09:27,639 - INFO - LOO (temporal) — Model mean r: 0.1374, LOO mean r: 0.3186, Neurons model > LOO: 0/63
2026-03-04 20:09:27,639 - INFO - Skipping oracle trial plots (skip_oracle_plots=True)
2026-03-04 20:09:27,651 - INFO - Experiment complete. Summary: {
  "run_dir": "/scratch/sb272/patterns5k_results/slurm_base_cnn_2026-03-04_16-53-19/trial_0196_learning_rate=5.0e-03_kernel_sizes=3x3_conv_channels=64x128_fc_dims=256_seed1",
  "model_type": "cnn",
  "batch_avg_test_loss": 0.16807202637195587,
  "batch_avg_test_corr": 0.13622261533188693,
  "all_test_fve": 0.022755141296083966,
  "AR_FVE": NaN,
  "AR_test_correlation": NaN,
  "best_val_corr": 0.14224763067101873,
  "total_params": 82431,
  "trainable_params": 82431,
  "epochs_trained": 34,
  "mean_pattern_corr": 0.4863438832566784,
  "history": 0,
  "init_state": true,
  "loo_avg_mean_corr": 0.45456832695830385,
  "model_avg_mean_corr": 0.2885300040210185,
  "neurons_model_beats_loo_avg": 1,
  "loo_temporal_mean_corr": 0.31855225563049316,
  "all_test_corr": 0.13737811148166656,
  "neurons_model_beats_loo_temporal": 0,
  "kernel_sizes": [
    3,
    3
  ],
  "conv_channels": [
    64,
    128
  ],
  "fc_dims": [
    256
  ]
}
