2026-02-26 02:30:59,504 - INFO - ============================================================
2026-02-26 02:30:59,504 - INFO - Experiment run directory: results/cache_cnn_sweep_2026-02-26_00-36-32/trial_0022_kernel_sizes=5_conv_channels=256_fc_dims=256
2026-02-26 02:30:59,504 - INFO - ============================================================
2026-02-26 02:30:59,504 - INFO - Using preloaded raw data (skipping I/O)
2026-02-26 02:30:59,504 - INFO - Stimulation channels: 42, Spiking neurons: 63
2026-02-26 02:30:59,504 - INFO - Unique patterns: 4050, Total trials: 5000
2026-02-26 02:30:59,520 - INFO - Split (oracle): train=3400, val=600, test=1000
2026-02-26 02:31:13,673 - INFO - BinnedStimSpikeDataset initialized:
2026-02-26 02:31:13,675 - INFO -   input_bin_size_ms=10, output_bin_size_ms=10
2026-02-26 02:31:13,675 - INFO -   n_input_bins=60, n_output_bins=60
2026-02-26 02:31:13,675 - INFO -   output_offset=0, total_bins_input=60, total_bins_output=60
2026-02-26 02:31:13,675 - INFO -   Valid start positions per trial: 0 to 0
2026-02-26 02:31:13,675 - INFO -   Total samples: 3400 (3400 trials × 1 positions)
2026-02-26 02:31:27,103 - INFO - BinnedStimSpikeDataset initialized:
2026-02-26 02:31:27,104 - INFO -   input_bin_size_ms=10, output_bin_size_ms=10
2026-02-26 02:31:27,104 - INFO -   n_input_bins=60, n_output_bins=60
2026-02-26 02:31:27,104 - INFO -   output_offset=0, total_bins_input=60, total_bins_output=60
2026-02-26 02:31:27,104 - INFO -   Valid start positions per trial: 0 to 0
2026-02-26 02:31:27,104 - INFO -   Total samples: 600 (600 trials × 1 positions)
2026-02-26 02:31:40,624 - INFO - BinnedStimSpikeDataset initialized:
2026-02-26 02:31:40,625 - INFO -   input_bin_size_ms=10, output_bin_size_ms=10
2026-02-26 02:31:40,625 - INFO -   n_input_bins=60, n_output_bins=60
2026-02-26 02:31:40,625 - INFO -   output_offset=0, total_bins_input=60, total_bins_output=60
2026-02-26 02:31:40,625 - INFO -   Valid start positions per trial: 0 to 0
2026-02-26 02:31:40,625 - INFO -   Total samples: 1000 (1000 trials × 1 positions)
2026-02-26 02:31:40,625 - INFO - Samples — train: 3400, val: 600, test: 1000
2026-02-26 02:31:40,625 - INFO - Input channels: 42, Neurons: 63
2026-02-26 02:31:40,625 - INFO - Using Apple Silicon MPS acceleration
2026-02-26 02:31:40,803 - INFO - Model: CACHE_CNN — 2,717,183 trainable params (2,717,183 total)
2026-02-26 02:31:40,803 - INFO - Starting training …
2026-02-26 02:31:47,901 - INFO - Epoch   1/50 | Train: 0.219431 | Val: 0.186591 | Corr: 0.191545 | LR: 1.00e-03
2026-02-26 02:31:48,026 - INFO -   ↳ Saved best model (val_corr=0.191545)
2026-02-26 02:31:55,021 - INFO - Epoch   2/50 | Train: 0.184254 | Val: 0.178925 | Corr: 0.235880 | LR: 1.00e-03
2026-02-26 02:31:55,127 - INFO -   ↳ Saved best model (val_corr=0.235880)
2026-02-26 02:32:02,125 - INFO - Epoch   3/50 | Train: 0.179871 | Val: 0.177616 | Corr: 0.252012 | LR: 1.00e-03
2026-02-26 02:32:02,185 - INFO -   ↳ Saved best model (val_corr=0.252012)
2026-02-26 02:32:09,247 - INFO - Epoch   4/50 | Train: 0.176948 | Val: 0.174862 | Corr: 0.262107 | LR: 1.00e-03
2026-02-26 02:32:09,328 - INFO -   ↳ Saved best model (val_corr=0.262107)
2026-02-26 02:32:16,283 - INFO - Epoch   5/50 | Train: 0.174648 | Val: 0.172997 | Corr: 0.271173 | LR: 1.00e-03
2026-02-26 02:32:16,330 - INFO -   ↳ Saved best model (val_corr=0.271173)
2026-02-26 02:32:23,330 - INFO - Epoch   6/50 | Train: 0.172475 | Val: 0.172397 | Corr: 0.278565 | LR: 1.00e-03
2026-02-26 02:32:23,382 - INFO -   ↳ Saved best model (val_corr=0.278565)
2026-02-26 02:32:30,326 - INFO - Epoch   7/50 | Train: 0.170684 | Val: 0.170655 | Corr: 0.282481 | LR: 1.00e-03
2026-02-26 02:32:30,470 - INFO -   ↳ Saved best model (val_corr=0.282481)
2026-02-26 02:32:37,447 - INFO - Epoch   8/50 | Train: 0.169207 | Val: 0.169825 | Corr: 0.286312 | LR: 1.00e-03
2026-02-26 02:32:37,600 - INFO -   ↳ Saved best model (val_corr=0.286312)
2026-02-26 02:32:44,553 - INFO - Epoch   9/50 | Train: 0.167996 | Val: 0.170271 | Corr: 0.289979 | LR: 1.00e-03
2026-02-26 02:32:44,609 - INFO -   ↳ Saved best model (val_corr=0.289979)
2026-02-26 02:32:51,571 - INFO - Epoch  10/50 | Train: 0.166988 | Val: 0.168780 | Corr: 0.291845 | LR: 1.00e-03
2026-02-26 02:32:51,624 - INFO -   ↳ Saved best model (val_corr=0.291845)
2026-02-26 02:32:58,576 - INFO - Epoch  11/50 | Train: 0.166153 | Val: 0.168786 | Corr: 0.293570 | LR: 1.00e-03
2026-02-26 02:32:58,621 - INFO -   ↳ Saved best model (val_corr=0.293570)
2026-02-26 02:33:05,587 - INFO - Epoch  12/50 | Train: 0.165243 | Val: 0.168366 | Corr: 0.295657 | LR: 1.00e-03
2026-02-26 02:33:05,637 - INFO -   ↳ Saved best model (val_corr=0.295657)
2026-02-26 02:33:12,572 - INFO - Epoch  13/50 | Train: 0.164418 | Val: 0.168212 | Corr: 0.295829 | LR: 1.00e-03
2026-02-26 02:33:12,636 - INFO -   ↳ Saved best model (val_corr=0.295829)
2026-02-26 02:33:19,587 - INFO - Epoch  14/50 | Train: 0.163776 | Val: 0.168042 | Corr: 0.297057 | LR: 1.00e-03
2026-02-26 02:33:19,642 - INFO -   ↳ Saved best model (val_corr=0.297057)
2026-02-26 02:33:26,595 - INFO - Epoch  15/50 | Train: 0.163164 | Val: 0.168075 | Corr: 0.297428 | LR: 1.00e-03
2026-02-26 02:33:26,638 - INFO -   ↳ Saved best model (val_corr=0.297428)
2026-02-26 02:33:33,585 - INFO - Epoch  16/50 | Train: 0.162516 | Val: 0.168147 | Corr: 0.297239 | LR: 1.00e-03
2026-02-26 02:33:40,584 - INFO - Epoch  17/50 | Train: 0.161874 | Val: 0.168178 | Corr: 0.297549 | LR: 1.00e-03
2026-02-26 02:33:40,639 - INFO -   ↳ Saved best model (val_corr=0.297549)
2026-02-26 02:33:47,627 - INFO - Epoch  18/50 | Train: 0.161381 | Val: 0.168062 | Corr: 0.298101 | LR: 1.00e-03
2026-02-26 02:33:47,677 - INFO -   ↳ Saved best model (val_corr=0.298101)
2026-02-26 02:33:54,633 - INFO - Epoch  19/50 | Train: 0.160881 | Val: 0.168202 | Corr: 0.298546 | LR: 1.00e-03
2026-02-26 02:33:54,677 - INFO -   ↳ Saved best model (val_corr=0.298546)
2026-02-26 02:34:01,632 - INFO - Epoch  20/50 | Train: 0.160392 | Val: 0.168161 | Corr: 0.297690 | LR: 5.00e-04
2026-02-26 02:34:08,585 - INFO - Epoch  21/50 | Train: 0.158821 | Val: 0.168052 | Corr: 0.298706 | LR: 5.00e-04
2026-02-26 02:34:08,638 - INFO -   ↳ Saved best model (val_corr=0.298706)
2026-02-26 02:34:15,590 - INFO - Epoch  22/50 | Train: 0.158270 | Val: 0.168156 | Corr: 0.298172 | LR: 5.00e-04
2026-02-26 02:34:22,634 - INFO - Epoch  23/50 | Train: 0.157969 | Val: 0.168299 | Corr: 0.298028 | LR: 5.00e-04
2026-02-26 02:34:29,583 - INFO - Epoch  24/50 | Train: 0.157673 | Val: 0.168305 | Corr: 0.297601 | LR: 5.00e-04
2026-02-26 02:34:36,532 - INFO - Epoch  25/50 | Train: 0.157375 | Val: 0.168337 | Corr: 0.297457 | LR: 5.00e-04
2026-02-26 02:34:43,515 - INFO - Epoch  26/50 | Train: 0.157062 | Val: 0.168620 | Corr: 0.297159 | LR: 2.50e-04
2026-02-26 02:34:50,465 - INFO - Epoch  27/50 | Train: 0.156265 | Val: 0.168536 | Corr: 0.297295 | LR: 2.50e-04
2026-02-26 02:34:57,456 - INFO - Epoch  28/50 | Train: 0.156004 | Val: 0.168608 | Corr: 0.297460 | LR: 2.50e-04
2026-02-26 02:35:04,655 - INFO - Epoch  29/50 | Train: 0.155790 | Val: 0.168643 | Corr: 0.296757 | LR: 2.50e-04
2026-02-26 02:35:12,246 - INFO - Epoch  30/50 | Train: 0.155652 | Val: 0.168697 | Corr: 0.296604 | LR: 2.50e-04
2026-02-26 02:35:20,454 - INFO - Epoch  31/50 | Train: 0.155446 | Val: 0.168796 | Corr: 0.296391 | LR: 2.50e-04
2026-02-26 02:35:20,454 - INFO - Early stopping at epoch 31
2026-02-26 02:35:20,454 - INFO - Training complete — best val corr: 0.298706
2026-02-26 02:35:21,580 - INFO - Test loss: 0.159674, Test corr: 0.292409
2026-02-26 02:35:22,395 - INFO - Fraction of variance explained (FVE): 0.098639
2026-02-26 02:35:22,395 - INFO - Generating figures …
2026-02-26 02:35:22,806 - INFO - Correlation between predicted and actual per-neuron averages: r=0.9924, p=2.74e-57
2026-02-26 02:35:23,027 - WARNING - Could not generate pattern selectivity plot: 'NoneType' object has no attribute 'shape'
2026-02-26 02:35:23,030 - WARNING - LOO baseline failed: 'NoneType' object has no attribute 'shape'
2026-02-26 02:35:23,030 - INFO - Skipping oracle trial plots (skip_oracle_plots=True)
2026-02-26 02:35:23,031 - INFO - Experiment complete. Summary: {
  "run_dir": "results/cache_cnn_sweep_2026-02-26_00-36-32/trial_0022_kernel_sizes=5_conv_channels=256_fc_dims=256",
  "model_type": "cache_cnn",
  "batch_avg_test_loss": 0.15967377495765686,
  "batch_avg_test_corr": 0.2924087719208567,
  "all_test_fve": 0.09863868686887953,
  "AR_FVE": NaN,
  "AR_test_correlation": NaN,
  "best_val_corr": 0.29870560788792216,
  "total_params": 2717183,
  "trainable_params": 2717183,
  "epochs_trained": 31,
  "mean_pattern_corr": NaN,
  "history": 0,
  "init_state": false,
  "kernel_sizes": [
    5
  ],
  "conv_channels": [
    256
  ],
  "fc_dims": [
    256
  ],
  "cache_size": 5,
  "cache_embed_dim": 32
}
2026-02-26 02:35:23,034 - INFO - 
======================================================================
2026-02-26 02:35:23,034 - INFO - [24/135] trial_0023_kernel_sizes=5_conv_channels=256_fc_dims=256
2026-02-26 02:35:23,034 - INFO -   Overrides: {"_arch": {"kernel_sizes": [5], "conv_channels": [256], "fc_dims": [256]}, "cache_size": 5, "cache_embed_dim": 64}
2026-02-26 02:35:23,034 - INFO -   Output: results/cache_cnn_sweep_2026-02-26_00-36-32/trial_0023_kernel_sizes=5_conv_channels=256_fc_dims=256
