2026-03-03 21:00:22,292 - INFO - ============================================================
2026-03-03 21:00:22,292 - INFO - Experiment run directory: /scratch/sb272/patterns5k_results/slurm_hist_cnn_2026-03-03_15-13-01/trial_0052_learning_rate=1.0e-04_history=5_kernel_sizes=20_conv_channels=256_fc_dims=256_seed2
2026-03-03 21:00:22,292 - INFO - ============================================================
2026-03-03 21:00:22,292 - INFO - Loading data …
2026-03-03 21:00:23,637 - INFO - 63 unique neurons after dropping problematic neurons
2026-03-03 21:00:24,695 - INFO - Stimulation channels: 42, Spiking neurons: 63
2026-03-03 21:01:48,165 - INFO - Unique patterns: 4050, Total trials: 5000
2026-03-03 21:01:48,167 - INFO - Stimulation channels: 42, Spiking neurons: 63
2026-03-03 21:01:48,167 - INFO - Unique patterns: 4050, Total trials: 5000
2026-03-03 21:01:48,180 - INFO - Split (oracle): train=3400, val=600, test=1000
2026-03-03 21:02:04,485 - INFO - BinnedStimSpikeDataset initialized:
2026-03-03 21:02:04,485 - INFO -   input_bin_size_ms=10, output_bin_size_ms=10
2026-03-03 21:02:04,485 - INFO -   n_input_bins=60, n_output_bins=60
2026-03-03 21:02:04,485 - INFO -   output_offset=0, total_bins_input=60, total_bins_output=60
2026-03-03 21:02:04,485 - INFO -   Valid start positions per trial: 0 to 0
2026-03-03 21:02:04,485 - INFO -   Total samples: 3400 (3400 trials × 1 positions)
2026-03-03 21:02:20,085 - INFO - BinnedStimSpikeDataset initialized:
2026-03-03 21:02:20,085 - INFO -   input_bin_size_ms=10, output_bin_size_ms=10
2026-03-03 21:02:20,085 - INFO -   n_input_bins=60, n_output_bins=60
2026-03-03 21:02:20,085 - INFO -   output_offset=0, total_bins_input=60, total_bins_output=60
2026-03-03 21:02:20,085 - INFO -   Valid start positions per trial: 0 to 0
2026-03-03 21:02:20,085 - INFO -   Total samples: 600 (600 trials × 1 positions)
2026-03-03 21:02:35,837 - INFO - BinnedStimSpikeDataset initialized:
2026-03-03 21:02:35,837 - INFO -   input_bin_size_ms=10, output_bin_size_ms=10
2026-03-03 21:02:35,837 - INFO -   n_input_bins=60, n_output_bins=60
2026-03-03 21:02:35,837 - INFO -   output_offset=0, total_bins_input=60, total_bins_output=60
2026-03-03 21:02:35,837 - INFO -   Valid start positions per trial: 0 to 0
2026-03-03 21:02:35,837 - INFO -   Total samples: 1000 (1000 trials × 1 positions)
2026-03-03 21:02:35,838 - INFO - Samples — train: 3400, val: 600, test: 1000
2026-03-03 21:02:35,838 - INFO - Input channels: 105, Neurons: 63
2026-03-03 21:02:35,850 - INFO - Using CPU
2026-03-03 21:02:35,869 - INFO - Model: CNN — 620,351 trainable params (620,351 total)
2026-03-03 21:02:40,065 - INFO - Starting training …
2026-03-03 21:02:48,133 - INFO - Epoch   1/50 | Train: 0.382626 | Val: 0.187807 | Corr: 0.040087 | LR: 1.00e-04
2026-03-03 21:02:48,153 - INFO -   ↳ Saved best model (val_corr=0.040087)
2026-03-03 21:02:55,315 - INFO - Epoch   2/50 | Train: 0.188792 | Val: 0.185673 | Corr: 0.053047 | LR: 1.00e-04
2026-03-03 21:02:55,331 - INFO -   ↳ Saved best model (val_corr=0.053047)
2026-03-03 21:03:02,734 - INFO - Epoch   3/50 | Train: 0.186194 | Val: 0.184761 | Corr: 0.061331 | LR: 1.00e-04
2026-03-03 21:03:02,751 - INFO -   ↳ Saved best model (val_corr=0.061331)
2026-03-03 21:03:10,074 - INFO - Epoch   4/50 | Train: 0.184360 | Val: 0.183842 | Corr: 0.066413 | LR: 1.00e-04
2026-03-03 21:03:10,089 - INFO -   ↳ Saved best model (val_corr=0.066413)
2026-03-03 21:03:17,488 - INFO - Epoch   5/50 | Train: 0.182790 | Val: 0.183661 | Corr: 0.070511 | LR: 1.00e-04
2026-03-03 21:03:17,504 - INFO -   ↳ Saved best model (val_corr=0.070511)
2026-03-03 21:03:24,896 - INFO - Epoch   6/50 | Train: 0.181505 | Val: 0.182813 | Corr: 0.075560 | LR: 1.00e-04
2026-03-03 21:03:24,914 - INFO -   ↳ Saved best model (val_corr=0.075560)
2026-03-03 21:03:32,307 - INFO - Epoch   7/50 | Train: 0.180557 | Val: 0.182528 | Corr: 0.079576 | LR: 1.00e-04
2026-03-03 21:03:32,324 - INFO -   ↳ Saved best model (val_corr=0.079576)
2026-03-03 21:03:39,688 - INFO - Epoch   8/50 | Train: 0.179498 | Val: 0.182381 | Corr: 0.082183 | LR: 1.00e-04
2026-03-03 21:03:39,706 - INFO -   ↳ Saved best model (val_corr=0.082183)
2026-03-03 21:03:46,998 - INFO - Epoch   9/50 | Train: 0.178688 | Val: 0.182033 | Corr: 0.084303 | LR: 1.00e-04
2026-03-03 21:03:47,014 - INFO -   ↳ Saved best model (val_corr=0.084303)
2026-03-03 21:03:54,207 - INFO - Epoch  10/50 | Train: 0.177853 | Val: 0.181598 | Corr: 0.087724 | LR: 1.00e-04
2026-03-03 21:03:54,226 - INFO -   ↳ Saved best model (val_corr=0.087724)
2026-03-03 21:04:01,425 - INFO - Epoch  11/50 | Train: 0.177105 | Val: 0.181220 | Corr: 0.090613 | LR: 1.00e-04
2026-03-03 21:04:01,441 - INFO -   ↳ Saved best model (val_corr=0.090613)
2026-03-03 21:04:08,690 - INFO - Epoch  12/50 | Train: 0.176446 | Val: 0.181507 | Corr: 0.092086 | LR: 1.00e-04
2026-03-03 21:04:08,708 - INFO -   ↳ Saved best model (val_corr=0.092086)
2026-03-03 21:04:15,994 - INFO - Epoch  13/50 | Train: 0.175782 | Val: 0.181159 | Corr: 0.093545 | LR: 1.00e-04
2026-03-03 21:04:16,031 - INFO -   ↳ Saved best model (val_corr=0.093545)
2026-03-03 21:04:23,311 - INFO - Epoch  14/50 | Train: 0.175174 | Val: 0.180668 | Corr: 0.096028 | LR: 1.00e-04
2026-03-03 21:04:23,328 - INFO -   ↳ Saved best model (val_corr=0.096028)
2026-03-03 21:04:30,610 - INFO - Epoch  15/50 | Train: 0.174519 | Val: 0.180455 | Corr: 0.097966 | LR: 1.00e-04
2026-03-03 21:04:30,628 - INFO -   ↳ Saved best model (val_corr=0.097966)
2026-03-03 21:04:37,956 - INFO - Epoch  16/50 | Train: 0.173810 | Val: 0.180358 | Corr: 0.099053 | LR: 1.00e-04
2026-03-03 21:04:37,971 - INFO -   ↳ Saved best model (val_corr=0.099053)
2026-03-03 21:04:45,321 - INFO - Epoch  17/50 | Train: 0.173173 | Val: 0.180018 | Corr: 0.102978 | LR: 1.00e-04
2026-03-03 21:04:45,335 - INFO -   ↳ Saved best model (val_corr=0.102978)
2026-03-03 21:04:52,598 - INFO - Epoch  18/50 | Train: 0.172510 | Val: 0.180193 | Corr: 0.104159 | LR: 1.00e-04
2026-03-03 21:04:52,620 - INFO -   ↳ Saved best model (val_corr=0.104159)
2026-03-03 21:04:59,931 - INFO - Epoch  19/50 | Train: 0.171993 | Val: 0.180000 | Corr: 0.105432 | LR: 1.00e-04
2026-03-03 21:04:59,947 - INFO -   ↳ Saved best model (val_corr=0.105432)
2026-03-03 21:05:07,244 - INFO - Epoch  20/50 | Train: 0.171439 | Val: 0.180009 | Corr: 0.107225 | LR: 1.00e-04
2026-03-03 21:05:07,260 - INFO -   ↳ Saved best model (val_corr=0.107225)
2026-03-03 21:05:14,611 - INFO - Epoch  21/50 | Train: 0.170841 | Val: 0.179704 | Corr: 0.108862 | LR: 1.00e-04
2026-03-03 21:05:14,628 - INFO -   ↳ Saved best model (val_corr=0.108862)
2026-03-03 21:05:21,947 - INFO - Epoch  22/50 | Train: 0.170242 | Val: 0.179393 | Corr: 0.110087 | LR: 1.00e-04
2026-03-03 21:05:21,963 - INFO -   ↳ Saved best model (val_corr=0.110087)
2026-03-03 21:05:29,323 - INFO - Epoch  23/50 | Train: 0.169865 | Val: 0.179979 | Corr: 0.110350 | LR: 1.00e-04
2026-03-03 21:05:29,338 - INFO -   ↳ Saved best model (val_corr=0.110350)
2026-03-03 21:05:36,715 - INFO - Epoch  24/50 | Train: 0.169354 | Val: 0.179482 | Corr: 0.112049 | LR: 1.00e-04
2026-03-03 21:05:36,734 - INFO -   ↳ Saved best model (val_corr=0.112049)
2026-03-03 21:05:44,054 - INFO - Epoch  25/50 | Train: 0.168902 | Val: 0.179734 | Corr: 0.111240 | LR: 1.00e-04
2026-03-03 21:05:50,973 - INFO - Epoch  26/50 | Train: 0.168482 | Val: 0.179762 | Corr: 0.112638 | LR: 1.00e-04
2026-03-03 21:05:50,992 - INFO -   ↳ Saved best model (val_corr=0.112638)
2026-03-03 21:05:58,101 - INFO - Epoch  27/50 | Train: 0.168067 | Val: 0.179396 | Corr: 0.112791 | LR: 1.00e-04
2026-03-03 21:05:58,121 - INFO -   ↳ Saved best model (val_corr=0.112791)
2026-03-03 21:06:05,356 - INFO - Epoch  28/50 | Train: 0.167640 | Val: 0.179929 | Corr: 0.113392 | LR: 5.00e-05
2026-03-03 21:06:05,372 - INFO -   ↳ Saved best model (val_corr=0.113392)
2026-03-03 21:06:12,643 - INFO - Epoch  29/50 | Train: 0.166648 | Val: 0.179526 | Corr: 0.114834 | LR: 5.00e-05
2026-03-03 21:06:12,660 - INFO -   ↳ Saved best model (val_corr=0.114834)
2026-03-03 21:06:19,940 - INFO - Epoch  30/50 | Train: 0.166400 | Val: 0.179653 | Corr: 0.114941 | LR: 5.00e-05
2026-03-03 21:06:19,955 - INFO -   ↳ Saved best model (val_corr=0.114941)
2026-03-03 21:06:27,249 - INFO - Epoch  31/50 | Train: 0.166119 | Val: 0.179413 | Corr: 0.116016 | LR: 5.00e-05
2026-03-03 21:06:27,267 - INFO -   ↳ Saved best model (val_corr=0.116016)
2026-03-03 21:06:34,611 - INFO - Epoch  32/50 | Train: 0.165845 | Val: 0.179639 | Corr: 0.115987 | LR: 5.00e-05
2026-03-03 21:06:41,925 - INFO - Epoch  33/50 | Train: 0.165677 | Val: 0.179606 | Corr: 0.116316 | LR: 5.00e-05
2026-03-03 21:06:41,967 - INFO -   ↳ Saved best model (val_corr=0.116316)
2026-03-03 21:06:49,217 - INFO - Epoch  34/50 | Train: 0.165540 | Val: 0.179577 | Corr: 0.116094 | LR: 2.50e-05
2026-03-03 21:06:56,441 - INFO - Epoch  35/50 | Train: 0.164993 | Val: 0.179616 | Corr: 0.116691 | LR: 2.50e-05
2026-03-03 21:06:56,460 - INFO -   ↳ Saved best model (val_corr=0.116691)
2026-03-03 21:07:03,760 - INFO - Epoch  36/50 | Train: 0.164853 | Val: 0.179839 | Corr: 0.116615 | LR: 2.50e-05
2026-03-03 21:07:10,953 - INFO - Epoch  37/50 | Train: 0.164632 | Val: 0.179848 | Corr: 0.116593 | LR: 2.50e-05
2026-03-03 21:07:18,207 - INFO - Epoch  38/50 | Train: 0.164632 | Val: 0.179513 | Corr: 0.116960 | LR: 2.50e-05
2026-03-03 21:07:18,225 - INFO -   ↳ Saved best model (val_corr=0.116960)
2026-03-03 21:07:25,536 - INFO - Epoch  39/50 | Train: 0.164495 | Val: 0.179955 | Corr: 0.116826 | LR: 2.50e-05
2026-03-03 21:07:32,894 - INFO - Epoch  40/50 | Train: 0.164405 | Val: 0.179936 | Corr: 0.116645 | LR: 1.25e-05
2026-03-03 21:07:40,315 - INFO - Epoch  41/50 | Train: 0.164142 | Val: 0.179856 | Corr: 0.116634 | LR: 1.25e-05
2026-03-03 21:07:47,726 - INFO - Epoch  42/50 | Train: 0.164052 | Val: 0.180110 | Corr: 0.116728 | LR: 1.25e-05
2026-03-03 21:07:55,001 - INFO - Epoch  43/50 | Train: 0.164020 | Val: 0.179563 | Corr: 0.116970 | LR: 1.25e-05
2026-03-03 21:07:55,018 - INFO -   ↳ Saved best model (val_corr=0.116970)
2026-03-03 21:08:02,281 - INFO - Epoch  44/50 | Train: 0.163902 | Val: 0.179921 | Corr: 0.117054 | LR: 1.25e-05
2026-03-03 21:08:02,299 - INFO -   ↳ Saved best model (val_corr=0.117054)
2026-03-03 21:08:09,559 - INFO - Epoch  45/50 | Train: 0.163869 | Val: 0.179662 | Corr: 0.116949 | LR: 1.25e-05
2026-03-03 21:08:16,890 - INFO - Epoch  46/50 | Train: 0.163846 | Val: 0.180121 | Corr: 0.116642 | LR: 6.25e-06
2026-03-03 21:08:24,150 - INFO - Epoch  47/50 | Train: 0.163745 | Val: 0.179893 | Corr: 0.116765 | LR: 6.25e-06
2026-03-03 21:08:31,496 - INFO - Epoch  48/50 | Train: 0.163672 | Val: 0.180188 | Corr: 0.116816 | LR: 6.25e-06
2026-03-03 21:08:38,802 - INFO - Epoch  49/50 | Train: 0.163614 | Val: 0.179931 | Corr: 0.116984 | LR: 6.25e-06
2026-03-03 21:08:46,130 - INFO - Epoch  50/50 | Train: 0.163635 | Val: 0.180057 | Corr: 0.116951 | LR: 6.25e-06
2026-03-03 21:08:46,130 - INFO - Training complete — best val corr: 0.117054
2026-03-03 21:08:47,671 - INFO - Test loss: 0.170037, Test corr: 0.118946
2026-03-03 21:08:48,460 - INFO - Fraction of variance explained (FVE): 0.017500
2026-03-03 21:08:48,460 - INFO - Computing autoregressive (AR) test predictions …
2026-03-03 21:08:49,434 - INFO - AR FVE: 0.008200, AR test corr: 0.103011
2026-03-03 21:08:49,434 - INFO - Generating figures …
2026-03-03 21:08:49,855 - INFO - Correlation between predicted and actual per-neuron averages: r=0.9943, p=0.00e+00
2026-03-03 21:08:51,863 - INFO - Pattern selectivity summary:
2026-03-03 21:08:51,863 - INFO -   Mean correlation across neurons: 0.4796
2026-03-03 21:08:51,863 - INFO -   Median correlation: 0.4842
2026-03-03 21:08:51,863 - INFO -   Neurons with r > 0.5: 31 / 63
2026-03-03 21:08:51,863 - INFO -   Neurons with r > 0.3: 52 / 63
2026-03-03 21:08:51,863 - INFO - Pattern selectivity — mean neuron corr: 0.4796
2026-03-03 21:08:53,563 - INFO - LOO (avg rate) — Model mean r: 0.4023, LOO mean r: 0.4546, Neurons model > LOO: 18/63
2026-03-03 21:08:55,807 - INFO - LOO (temporal) — Model mean r: 0.1304, LOO mean r: 0.3186, Neurons model > LOO: 2/63
2026-03-03 21:08:55,807 - INFO - Skipping oracle trial plots (skip_oracle_plots=True)
2026-03-03 21:08:55,813 - INFO - Experiment complete. Summary: {
  "run_dir": "/scratch/sb272/patterns5k_results/slurm_hist_cnn_2026-03-03_15-13-01/trial_0052_learning_rate=1.0e-04_history=5_kernel_sizes=20_conv_channels=256_fc_dims=256_seed2",
  "model_type": "cnn",
  "batch_avg_test_loss": 0.17003697860240935,
  "batch_avg_test_corr": 0.11894597729131576,
  "all_test_fve": 0.017500125226520356,
  "AR_FVE": 0.008199794897957453,
  "AR_test_correlation": 0.1030108630657196,
  "best_val_corr": 0.11705423364363628,
  "total_params": 620351,
  "trainable_params": 620351,
  "epochs_trained": 50,
  "mean_pattern_corr": 0.47964036100876745,
  "history": 5,
  "init_state": true,
  "loo_avg_mean_corr": 0.45456832695830385,
  "model_avg_mean_corr": 0.40227636329974537,
  "neurons_model_beats_loo_avg": 18,
  "loo_temporal_mean_corr": 0.31855225563049316,
  "all_test_corr": 0.13040432333946228,
  "neurons_model_beats_loo_temporal": 2,
  "kernel_sizes": [
    20
  ],
  "conv_channels": [
    256
  ],
  "fc_dims": [
    256
  ]
}
