2026-03-03 22:32:52,450 - INFO - ============================================================
2026-03-03 22:32:52,450 - INFO - Experiment run directory: /scratch/sb272/patterns5k_results/slurm_hist_cnn_2026-03-03_15-13-01/trial_0272_learning_rate=1.0e-03_history=10_kernel_sizes=10x5x3_conv_channels=256x128x64_fc_dims=256_seed2
2026-03-03 22:32:52,450 - INFO - ============================================================
2026-03-03 22:32:52,450 - INFO - Loading data …
2026-03-03 22:32:53,458 - INFO - 63 unique neurons after dropping problematic neurons
2026-03-03 22:32:54,912 - INFO - Stimulation channels: 42, Spiking neurons: 63
2026-03-03 22:35:05,489 - INFO - Unique patterns: 4050, Total trials: 5000
2026-03-03 22:35:05,490 - INFO - Stimulation channels: 42, Spiking neurons: 63
2026-03-03 22:35:05,491 - INFO - Unique patterns: 4050, Total trials: 5000
2026-03-03 22:35:05,509 - INFO - Split (oracle): train=3400, val=600, test=1000
2026-03-03 22:35:32,162 - INFO - BinnedStimSpikeDataset initialized:
2026-03-03 22:35:32,162 - INFO -   input_bin_size_ms=10, output_bin_size_ms=10
2026-03-03 22:35:32,162 - INFO -   n_input_bins=60, n_output_bins=60
2026-03-03 22:35:32,162 - INFO -   output_offset=0, total_bins_input=60, total_bins_output=60
2026-03-03 22:35:32,162 - INFO -   Valid start positions per trial: 0 to 0
2026-03-03 22:35:32,162 - INFO -   Total samples: 3400 (3400 trials × 1 positions)
2026-03-03 22:35:57,772 - INFO - BinnedStimSpikeDataset initialized:
2026-03-03 22:35:57,772 - INFO -   input_bin_size_ms=10, output_bin_size_ms=10
2026-03-03 22:35:57,772 - INFO -   n_input_bins=60, n_output_bins=60
2026-03-03 22:35:57,772 - INFO -   output_offset=0, total_bins_input=60, total_bins_output=60
2026-03-03 22:35:57,772 - INFO -   Valid start positions per trial: 0 to 0
2026-03-03 22:35:57,772 - INFO -   Total samples: 600 (600 trials × 1 positions)
2026-03-03 22:36:28,145 - INFO - BinnedStimSpikeDataset initialized:
2026-03-03 22:36:28,146 - INFO -   input_bin_size_ms=10, output_bin_size_ms=10
2026-03-03 22:36:28,146 - INFO -   n_input_bins=60, n_output_bins=60
2026-03-03 22:36:28,146 - INFO -   output_offset=0, total_bins_input=60, total_bins_output=60
2026-03-03 22:36:28,146 - INFO -   Valid start positions per trial: 0 to 0
2026-03-03 22:36:28,147 - INFO -   Total samples: 1000 (1000 trials × 1 positions)
2026-03-03 22:36:28,147 - INFO - Samples — train: 3400, val: 600, test: 1000
2026-03-03 22:36:28,147 - INFO - Input channels: 105, Neurons: 63
2026-03-03 22:36:28,154 - INFO - Using CPU
2026-03-03 22:36:28,174 - INFO - Model: CNN — 491,391 trainable params (491,391 total)
2026-03-03 22:36:34,817 - INFO - Starting training …
2026-03-03 22:36:47,412 - INFO - Epoch   1/50 | Train: 0.225493 | Val: 0.181753 | Corr: 0.083851 | LR: 1.00e-03
2026-03-03 22:36:47,438 - INFO -   ↳ Saved best model (val_corr=0.083851)
2026-03-03 22:36:58,721 - INFO - Epoch   2/50 | Train: 0.182672 | Val: 0.180484 | Corr: 0.093897 | LR: 1.00e-03
2026-03-03 22:36:58,737 - INFO -   ↳ Saved best model (val_corr=0.093897)
2026-03-03 22:37:09,197 - INFO - Epoch   3/50 | Train: 0.180174 | Val: 0.179327 | Corr: 0.104533 | LR: 1.00e-03
2026-03-03 22:37:09,214 - INFO -   ↳ Saved best model (val_corr=0.104533)
2026-03-03 22:37:19,776 - INFO - Epoch   4/50 | Train: 0.178178 | Val: 0.178210 | Corr: 0.107901 | LR: 1.00e-03
2026-03-03 22:37:19,793 - INFO -   ↳ Saved best model (val_corr=0.107901)
2026-03-03 22:37:29,925 - INFO - Epoch   5/50 | Train: 0.176320 | Val: 0.177302 | Corr: 0.115924 | LR: 1.00e-03
2026-03-03 22:37:29,942 - INFO -   ↳ Saved best model (val_corr=0.115924)
2026-03-03 22:37:40,505 - INFO - Epoch   6/50 | Train: 0.174837 | Val: 0.177158 | Corr: 0.120720 | LR: 1.00e-03
2026-03-03 22:37:40,520 - INFO -   ↳ Saved best model (val_corr=0.120720)
2026-03-03 22:37:50,367 - INFO - Epoch   7/50 | Train: 0.173213 | Val: 0.177192 | Corr: 0.124301 | LR: 1.00e-03
2026-03-03 22:37:50,391 - INFO -   ↳ Saved best model (val_corr=0.124301)
2026-03-03 22:38:00,529 - INFO - Epoch   8/50 | Train: 0.171909 | Val: 0.176932 | Corr: 0.125005 | LR: 1.00e-03
2026-03-03 22:38:00,544 - INFO -   ↳ Saved best model (val_corr=0.125005)
2026-03-03 22:38:11,229 - INFO - Epoch   9/50 | Train: 0.170553 | Val: 0.176720 | Corr: 0.126555 | LR: 1.00e-03
2026-03-03 22:38:11,250 - INFO -   ↳ Saved best model (val_corr=0.126555)
2026-03-03 22:38:21,709 - INFO - Epoch  10/50 | Train: 0.169364 | Val: 0.176731 | Corr: 0.129576 | LR: 1.00e-03
2026-03-03 22:38:21,725 - INFO -   ↳ Saved best model (val_corr=0.129576)
2026-03-03 22:38:31,998 - INFO - Epoch  11/50 | Train: 0.168232 | Val: 0.177612 | Corr: 0.128693 | LR: 1.00e-03
2026-03-03 22:38:41,987 - INFO - Epoch  12/50 | Train: 0.167245 | Val: 0.177295 | Corr: 0.129872 | LR: 1.00e-03
2026-03-03 22:38:42,009 - INFO -   ↳ Saved best model (val_corr=0.129872)
2026-03-03 22:38:52,137 - INFO - Epoch  13/50 | Train: 0.166355 | Val: 0.177372 | Corr: 0.131698 | LR: 1.00e-03
2026-03-03 22:38:52,160 - INFO -   ↳ Saved best model (val_corr=0.131698)
2026-03-03 22:39:02,318 - INFO - Epoch  14/50 | Train: 0.165296 | Val: 0.178057 | Corr: 0.129581 | LR: 1.00e-03
2026-03-03 22:39:12,726 - INFO - Epoch  15/50 | Train: 0.164589 | Val: 0.177801 | Corr: 0.131808 | LR: 5.00e-04
2026-03-03 22:39:12,753 - INFO -   ↳ Saved best model (val_corr=0.131808)
2026-03-03 22:39:23,228 - INFO - Epoch  16/50 | Train: 0.162414 | Val: 0.178795 | Corr: 0.132072 | LR: 5.00e-04
2026-03-03 22:39:23,245 - INFO -   ↳ Saved best model (val_corr=0.132072)
2026-03-03 22:39:33,513 - INFO - Epoch  17/50 | Train: 0.161538 | Val: 0.179203 | Corr: 0.130516 | LR: 5.00e-04
2026-03-03 22:39:43,861 - INFO - Epoch  18/50 | Train: 0.161125 | Val: 0.179145 | Corr: 0.132460 | LR: 5.00e-04
2026-03-03 22:39:43,883 - INFO -   ↳ Saved best model (val_corr=0.132460)
2026-03-03 22:39:53,934 - INFO - Epoch  19/50 | Train: 0.160655 | Val: 0.179128 | Corr: 0.132081 | LR: 5.00e-04
2026-03-03 22:40:04,106 - INFO - Epoch  20/50 | Train: 0.160253 | Val: 0.179551 | Corr: 0.132630 | LR: 5.00e-04
2026-03-03 22:40:04,130 - INFO -   ↳ Saved best model (val_corr=0.132630)
2026-03-03 22:40:14,425 - INFO - Epoch  21/50 | Train: 0.159866 | Val: 0.180937 | Corr: 0.130385 | LR: 2.50e-04
2026-03-03 22:40:24,722 - INFO - Epoch  22/50 | Train: 0.158827 | Val: 0.180527 | Corr: 0.131767 | LR: 2.50e-04
2026-03-03 22:40:34,919 - INFO - Epoch  23/50 | Train: 0.158511 | Val: 0.180703 | Corr: 0.131986 | LR: 2.50e-04
2026-03-03 22:40:44,989 - INFO - Epoch  24/50 | Train: 0.158201 | Val: 0.181171 | Corr: 0.131513 | LR: 2.50e-04
2026-03-03 22:40:55,215 - INFO - Epoch  25/50 | Train: 0.158013 | Val: 0.181290 | Corr: 0.131161 | LR: 2.50e-04
2026-03-03 22:41:05,340 - INFO - Epoch  26/50 | Train: 0.157847 | Val: 0.181673 | Corr: 0.130416 | LR: 2.50e-04
2026-03-03 22:41:15,731 - INFO - Epoch  27/50 | Train: 0.157719 | Val: 0.182274 | Corr: 0.130086 | LR: 1.25e-04
2026-03-03 22:41:26,224 - INFO - Epoch  28/50 | Train: 0.157157 | Val: 0.182127 | Corr: 0.130833 | LR: 1.25e-04
2026-03-03 22:41:36,942 - INFO - Epoch  29/50 | Train: 0.157003 | Val: 0.182766 | Corr: 0.130771 | LR: 1.25e-04
2026-03-03 22:41:47,563 - INFO - Epoch  30/50 | Train: 0.156887 | Val: 0.181918 | Corr: 0.131594 | LR: 1.25e-04
2026-03-03 22:41:47,563 - INFO - Early stopping at epoch 30
2026-03-03 22:41:47,563 - INFO - Training complete — best val corr: 0.132630
2026-03-03 22:41:49,502 - INFO - Test loss: 0.169872, Test corr: 0.134572
2026-03-03 22:41:50,357 - INFO - Fraction of variance explained (FVE): 0.018107
2026-03-03 22:41:50,358 - INFO - Computing autoregressive (AR) test predictions …
2026-03-03 22:41:51,410 - INFO - AR FVE: 0.006607, AR test corr: 0.105446
2026-03-03 22:41:51,410 - INFO - Generating figures …
2026-03-03 22:41:52,004 - INFO - Correlation between predicted and actual per-neuron averages: r=0.9868, p=0.00e+00
2026-03-03 22:41:54,574 - INFO - Pattern selectivity summary:
2026-03-03 22:41:54,574 - INFO -   Mean correlation across neurons: 0.5291
2026-03-03 22:41:54,574 - INFO -   Median correlation: 0.5309
2026-03-03 22:41:54,575 - INFO -   Neurons with r > 0.5: 33 / 63
2026-03-03 22:41:54,575 - INFO -   Neurons with r > 0.3: 57 / 63
2026-03-03 22:41:54,575 - INFO - Pattern selectivity — mean neuron corr: 0.5291
2026-03-03 22:41:56,589 - INFO - LOO (avg rate) — Model mean r: 0.3935, LOO mean r: 0.4546, Neurons model > LOO: 15/63
2026-03-03 22:41:59,302 - INFO - LOO (temporal) — Model mean r: 0.1444, LOO mean r: 0.3186, Neurons model > LOO: 1/63
2026-03-03 22:41:59,302 - INFO - Skipping oracle trial plots (skip_oracle_plots=True)
2026-03-03 22:41:59,310 - INFO - Experiment complete. Summary: {
  "run_dir": "/scratch/sb272/patterns5k_results/slurm_hist_cnn_2026-03-03_15-13-01/trial_0272_learning_rate=1.0e-03_history=10_kernel_sizes=10x5x3_conv_channels=256x128x64_fc_dims=256_seed2",
  "model_type": "cnn",
  "batch_avg_test_loss": 0.1698718010187149,
  "batch_avg_test_corr": 0.1345721789167362,
  "all_test_fve": 0.018107049994998507,
  "AR_FVE": 0.006606879688444592,
  "AR_test_correlation": 0.10544584691524506,
  "best_val_corr": 0.13262963343153222,
  "total_params": 491391,
  "trainable_params": 491391,
  "epochs_trained": 30,
  "mean_pattern_corr": 0.529115510296686,
  "history": 10,
  "init_state": true,
  "loo_avg_mean_corr": 0.45456832695830385,
  "model_avg_mean_corr": 0.3934721362355865,
  "neurons_model_beats_loo_avg": 15,
  "loo_temporal_mean_corr": 0.31855225563049316,
  "all_test_corr": 0.14435012638568878,
  "neurons_model_beats_loo_temporal": 1,
  "kernel_sizes": [
    10,
    5,
    3
  ],
  "conv_channels": [
    256,
    128,
    64
  ],
  "fc_dims": [
    256
  ]
}
