2026-03-04 19:56:04,427 - INFO - ============================================================
2026-03-04 19:56:04,427 - INFO - Experiment run directory: /scratch/sb272/patterns5k_results/slurm_base_cnn_2026-03-04_16-53-19/trial_0174_learning_rate=1.0e-03_kernel_sizes=5x3x3_conv_channels=64x128x256_fc_dims=512_seed4
2026-03-04 19:56:04,427 - INFO - ============================================================
2026-03-04 19:56:04,427 - INFO - Loading data …
2026-03-04 19:56:05,328 - INFO - 63 unique neurons after dropping problematic neurons
2026-03-04 19:56:06,551 - INFO - Stimulation channels: 42, Spiking neurons: 63
2026-03-04 19:58:03,259 - INFO - Unique patterns: 4050, Total trials: 5000
2026-03-04 19:58:03,261 - INFO - Stimulation channels: 42, Spiking neurons: 63
2026-03-04 19:58:03,261 - INFO - Unique patterns: 4050, Total trials: 5000
2026-03-04 19:58:03,277 - INFO - Split (oracle): train=3400, val=600, test=1000
2026-03-04 19:58:26,494 - INFO - BinnedStimSpikeDataset initialized:
2026-03-04 19:58:26,494 - INFO -   input_bin_size_ms=10, output_bin_size_ms=10
2026-03-04 19:58:26,494 - INFO -   n_input_bins=60, n_output_bins=60
2026-03-04 19:58:26,494 - INFO -   output_offset=0, total_bins_input=60, total_bins_output=60
2026-03-04 19:58:26,494 - INFO -   Valid start positions per trial: 0 to 0
2026-03-04 19:58:26,494 - INFO -   Total samples: 3400 (3400 trials × 1 positions)
2026-03-04 19:58:49,063 - INFO - BinnedStimSpikeDataset initialized:
2026-03-04 19:58:49,063 - INFO -   input_bin_size_ms=10, output_bin_size_ms=10
2026-03-04 19:58:49,063 - INFO -   n_input_bins=60, n_output_bins=60
2026-03-04 19:58:49,063 - INFO -   output_offset=0, total_bins_input=60, total_bins_output=60
2026-03-04 19:58:49,063 - INFO -   Valid start positions per trial: 0 to 0
2026-03-04 19:58:49,063 - INFO -   Total samples: 600 (600 trials × 1 positions)
2026-03-04 19:59:11,556 - INFO - BinnedStimSpikeDataset initialized:
2026-03-04 19:59:11,557 - INFO -   input_bin_size_ms=10, output_bin_size_ms=10
2026-03-04 19:59:11,557 - INFO -   n_input_bins=60, n_output_bins=60
2026-03-04 19:59:11,557 - INFO -   output_offset=0, total_bins_input=60, total_bins_output=60
2026-03-04 19:59:11,557 - INFO -   Valid start positions per trial: 0 to 0
2026-03-04 19:59:11,557 - INFO -   Total samples: 1000 (1000 trials × 1 positions)
2026-03-04 19:59:11,557 - INFO - Samples — train: 3400, val: 600, test: 1000
2026-03-04 19:59:11,557 - INFO - Input channels: 42, Neurons: 63
2026-03-04 19:59:11,577 - INFO - Using CPU
2026-03-04 19:59:11,582 - INFO - Model: CNN — 301,567 trainable params (301,567 total)
2026-03-04 19:59:14,909 - INFO - Starting training …
2026-03-04 19:59:22,399 - INFO - Epoch   1/50 | Train: 0.203964 | Val: 0.184152 | Corr: 0.082202 | LR: 1.00e-03
2026-03-04 19:59:22,488 - INFO -   ↳ Saved best model (val_corr=0.082202)
2026-03-04 19:59:28,821 - INFO - Epoch   2/50 | Train: 0.182351 | Val: 0.181318 | Corr: 0.092441 | LR: 1.00e-03
2026-03-04 19:59:28,836 - INFO -   ↳ Saved best model (val_corr=0.092441)
2026-03-04 19:59:35,268 - INFO - Epoch   3/50 | Train: 0.180950 | Val: 0.180490 | Corr: 0.102700 | LR: 1.00e-03
2026-03-04 19:59:35,280 - INFO -   ↳ Saved best model (val_corr=0.102700)
2026-03-04 19:59:41,640 - INFO - Epoch   4/50 | Train: 0.179971 | Val: 0.179458 | Corr: 0.111059 | LR: 1.00e-03
2026-03-04 19:59:41,651 - INFO -   ↳ Saved best model (val_corr=0.111059)
2026-03-04 19:59:48,004 - INFO - Epoch   5/50 | Train: 0.179197 | Val: 0.179369 | Corr: 0.116904 | LR: 1.00e-03
2026-03-04 19:59:48,017 - INFO -   ↳ Saved best model (val_corr=0.116904)
2026-03-04 19:59:54,981 - INFO - Epoch   6/50 | Train: 0.178703 | Val: 0.178751 | Corr: 0.119367 | LR: 1.00e-03
2026-03-04 19:59:54,993 - INFO -   ↳ Saved best model (val_corr=0.119367)
2026-03-04 20:00:01,981 - INFO - Epoch   7/50 | Train: 0.178142 | Val: 0.178290 | Corr: 0.124656 | LR: 1.00e-03
2026-03-04 20:00:01,993 - INFO -   ↳ Saved best model (val_corr=0.124656)
2026-03-04 20:00:08,943 - INFO - Epoch   8/50 | Train: 0.177595 | Val: 0.179500 | Corr: 0.125389 | LR: 1.00e-03
2026-03-04 20:00:08,957 - INFO -   ↳ Saved best model (val_corr=0.125389)
2026-03-04 20:00:15,918 - INFO - Epoch   9/50 | Train: 0.177321 | Val: 0.178987 | Corr: 0.127059 | LR: 1.00e-03
2026-03-04 20:00:15,939 - INFO -   ↳ Saved best model (val_corr=0.127059)
2026-03-04 20:00:22,874 - INFO - Epoch  10/50 | Train: 0.177013 | Val: 0.177799 | Corr: 0.131902 | LR: 1.00e-03
2026-03-04 20:00:22,888 - INFO -   ↳ Saved best model (val_corr=0.131902)
2026-03-04 20:00:29,801 - INFO - Epoch  11/50 | Train: 0.176837 | Val: 0.178269 | Corr: 0.131850 | LR: 1.00e-03
2026-03-04 20:00:36,707 - INFO - Epoch  12/50 | Train: 0.176284 | Val: 0.177364 | Corr: 0.134014 | LR: 1.00e-03
2026-03-04 20:00:36,723 - INFO -   ↳ Saved best model (val_corr=0.134014)
2026-03-04 20:00:43,633 - INFO - Epoch  13/50 | Train: 0.176328 | Val: 0.177471 | Corr: 0.135020 | LR: 1.00e-03
2026-03-04 20:00:43,645 - INFO -   ↳ Saved best model (val_corr=0.135020)
2026-03-04 20:00:50,564 - INFO - Epoch  14/50 | Train: 0.175938 | Val: 0.177535 | Corr: 0.133219 | LR: 1.00e-03
2026-03-04 20:00:57,479 - INFO - Epoch  15/50 | Train: 0.175734 | Val: 0.178158 | Corr: 0.138634 | LR: 1.00e-03
2026-03-04 20:00:57,492 - INFO -   ↳ Saved best model (val_corr=0.138634)
2026-03-04 20:01:04,418 - INFO - Epoch  16/50 | Train: 0.175643 | Val: 0.177382 | Corr: 0.139762 | LR: 1.00e-03
2026-03-04 20:01:04,430 - INFO -   ↳ Saved best model (val_corr=0.139762)
2026-03-04 20:01:11,353 - INFO - Epoch  17/50 | Train: 0.175286 | Val: 0.177063 | Corr: 0.138060 | LR: 1.00e-03
2026-03-04 20:01:18,207 - INFO - Epoch  18/50 | Train: 0.175176 | Val: 0.176886 | Corr: 0.140572 | LR: 1.00e-03
2026-03-04 20:01:18,221 - INFO -   ↳ Saved best model (val_corr=0.140572)
2026-03-04 20:01:25,027 - INFO - Epoch  19/50 | Train: 0.175069 | Val: 0.176644 | Corr: 0.140471 | LR: 1.00e-03
2026-03-04 20:01:31,873 - INFO - Epoch  20/50 | Train: 0.174815 | Val: 0.176926 | Corr: 0.139384 | LR: 1.00e-03
2026-03-04 20:01:38,706 - INFO - Epoch  21/50 | Train: 0.174738 | Val: 0.176883 | Corr: 0.141915 | LR: 1.00e-03
2026-03-04 20:01:38,729 - INFO -   ↳ Saved best model (val_corr=0.141915)
2026-03-04 20:01:45,531 - INFO - Epoch  22/50 | Train: 0.174607 | Val: 0.176610 | Corr: 0.141983 | LR: 1.00e-03
2026-03-04 20:01:45,599 - INFO -   ↳ Saved best model (val_corr=0.141983)
2026-03-04 20:01:52,434 - INFO - Epoch  23/50 | Train: 0.174367 | Val: 0.176726 | Corr: 0.142355 | LR: 1.00e-03
2026-03-04 20:01:52,447 - INFO -   ↳ Saved best model (val_corr=0.142355)
2026-03-04 20:01:59,318 - INFO - Epoch  24/50 | Train: 0.174241 | Val: 0.176561 | Corr: 0.142968 | LR: 1.00e-03
2026-03-04 20:01:59,331 - INFO -   ↳ Saved best model (val_corr=0.142968)
2026-03-04 20:02:06,185 - INFO - Epoch  25/50 | Train: 0.174096 | Val: 0.176699 | Corr: 0.142677 | LR: 1.00e-03
2026-03-04 20:02:13,013 - INFO - Epoch  26/50 | Train: 0.173976 | Val: 0.176588 | Corr: 0.142930 | LR: 1.00e-03
2026-03-04 20:02:19,926 - INFO - Epoch  27/50 | Train: 0.174081 | Val: 0.176595 | Corr: 0.142963 | LR: 1.00e-03
2026-03-04 20:02:26,836 - INFO - Epoch  28/50 | Train: 0.173721 | Val: 0.176550 | Corr: 0.143197 | LR: 1.00e-03
2026-03-04 20:02:26,851 - INFO -   ↳ Saved best model (val_corr=0.143197)
2026-03-04 20:02:33,794 - INFO - Epoch  29/50 | Train: 0.173748 | Val: 0.176470 | Corr: 0.142913 | LR: 1.00e-03
2026-03-04 20:02:40,728 - INFO - Epoch  30/50 | Train: 0.173552 | Val: 0.176722 | Corr: 0.143048 | LR: 1.00e-03
2026-03-04 20:02:47,651 - INFO - Epoch  31/50 | Train: 0.173387 | Val: 0.176557 | Corr: 0.142274 | LR: 1.00e-03
2026-03-04 20:02:54,554 - INFO - Epoch  32/50 | Train: 0.173446 | Val: 0.176433 | Corr: 0.144117 | LR: 1.00e-03
2026-03-04 20:02:54,568 - INFO -   ↳ Saved best model (val_corr=0.144117)
2026-03-04 20:03:01,442 - INFO - Epoch  33/50 | Train: 0.173186 | Val: 0.176643 | Corr: 0.143769 | LR: 1.00e-03
2026-03-04 20:03:08,332 - INFO - Epoch  34/50 | Train: 0.173160 | Val: 0.176664 | Corr: 0.143086 | LR: 1.00e-03
2026-03-04 20:03:15,371 - INFO - Epoch  35/50 | Train: 0.173040 | Val: 0.176707 | Corr: 0.141847 | LR: 1.00e-03
2026-03-04 20:03:22,397 - INFO - Epoch  36/50 | Train: 0.172942 | Val: 0.176680 | Corr: 0.142880 | LR: 1.00e-03
2026-03-04 20:03:29,408 - INFO - Epoch  37/50 | Train: 0.172844 | Val: 0.176619 | Corr: 0.142512 | LR: 1.00e-03
2026-03-04 20:03:36,455 - INFO - Epoch  38/50 | Train: 0.172796 | Val: 0.177031 | Corr: 0.140791 | LR: 5.00e-04
2026-03-04 20:03:43,085 - INFO - Epoch  39/50 | Train: 0.172089 | Val: 0.176528 | Corr: 0.143325 | LR: 5.00e-04
2026-03-04 20:03:49,741 - INFO - Epoch  40/50 | Train: 0.171965 | Val: 0.176623 | Corr: 0.143603 | LR: 5.00e-04
2026-03-04 20:03:56,420 - INFO - Epoch  41/50 | Train: 0.171880 | Val: 0.176674 | Corr: 0.143078 | LR: 5.00e-04
2026-03-04 20:04:03,082 - INFO - Epoch  42/50 | Train: 0.171772 | Val: 0.177346 | Corr: 0.142437 | LR: 5.00e-04
2026-03-04 20:04:03,083 - INFO - Early stopping at epoch 42
2026-03-04 20:04:03,083 - INFO - Training complete — best val corr: 0.144117
2026-03-04 20:04:04,662 - INFO - Test loss: 0.168074, Test corr: 0.136866
2026-03-04 20:04:05,163 - INFO - Fraction of variance explained (FVE): 0.021908
2026-03-04 20:04:05,163 - INFO - Generating figures …
2026-03-04 20:04:05,663 - INFO - Correlation between predicted and actual per-neuron averages: r=0.9889, p=0.00e+00
2026-03-04 20:04:08,863 - INFO - Pattern selectivity summary:
2026-03-04 20:04:08,863 - INFO -   Mean correlation across neurons: 0.4788
2026-03-04 20:04:08,863 - INFO -   Median correlation: 0.4971
2026-03-04 20:04:08,863 - INFO -   Neurons with r > 0.5: 30 / 63
2026-03-04 20:04:08,863 - INFO -   Neurons with r > 0.3: 54 / 63
2026-03-04 20:04:08,863 - INFO - Pattern selectivity — mean neuron corr: 0.4788
2026-03-04 20:04:10,604 - INFO - LOO (avg rate) — Model mean r: 0.2777, LOO mean r: 0.4546, Neurons model > LOO: 2/63
2026-03-04 20:04:12,888 - INFO - LOO (temporal) — Model mean r: 0.1375, LOO mean r: 0.3186, Neurons model > LOO: 0/63
2026-03-04 20:04:12,888 - INFO - Skipping oracle trial plots (skip_oracle_plots=True)
2026-03-04 20:04:12,894 - INFO - Experiment complete. Summary: {
  "run_dir": "/scratch/sb272/patterns5k_results/slurm_base_cnn_2026-03-04_16-53-19/trial_0174_learning_rate=1.0e-03_kernel_sizes=5x3x3_conv_channels=64x128x256_fc_dims=512_seed4",
  "model_type": "cnn",
  "batch_avg_test_loss": 0.16807363629341127,
  "batch_avg_test_corr": 0.13686551419659868,
  "all_test_fve": 0.021908034407903277,
  "AR_FVE": NaN,
  "AR_test_correlation": NaN,
  "best_val_corr": 0.14411737031455446,
  "total_params": 301567,
  "trainable_params": 301567,
  "epochs_trained": 42,
  "mean_pattern_corr": 0.47882272219174243,
  "history": 0,
  "init_state": true,
  "loo_avg_mean_corr": 0.45456832695830385,
  "model_avg_mean_corr": 0.2776951700310401,
  "neurons_model_beats_loo_avg": 2,
  "loo_temporal_mean_corr": 0.31855225563049316,
  "all_test_corr": 0.1375446617603302,
  "neurons_model_beats_loo_temporal": 0,
  "kernel_sizes": [
    5,
    3,
    3
  ],
  "conv_channels": [
    64,
    128,
    256
  ],
  "fc_dims": [
    512
  ]
}
