2026-03-04 17:45:35,151 - INFO - ============================================================
2026-03-04 17:45:35,151 - INFO - Experiment run directory: /scratch/sb272/patterns5k_results/slurm_base_cnn_2026-03-04_16-53-19/trial_0181_learning_rate=5.0e-03_kernel_sizes=3x3_conv_channels=64x128_fc_dims=256_seed3
2026-03-04 17:45:35,151 - INFO - ============================================================
2026-03-04 17:45:35,151 - INFO - Loading data …
2026-03-04 17:45:36,027 - INFO - 63 unique neurons after dropping problematic neurons
2026-03-04 17:45:37,202 - INFO - Stimulation channels: 42, Spiking neurons: 63
2026-03-04 17:47:31,808 - INFO - Unique patterns: 4050, Total trials: 5000
2026-03-04 17:47:31,809 - INFO - Stimulation channels: 42, Spiking neurons: 63
2026-03-04 17:47:31,809 - INFO - Unique patterns: 4050, Total trials: 5000
2026-03-04 17:47:31,825 - INFO - Split (oracle): train=3400, val=600, test=1000
2026-03-04 17:47:55,369 - INFO - BinnedStimSpikeDataset initialized:
2026-03-04 17:47:55,369 - INFO -   input_bin_size_ms=10, output_bin_size_ms=10
2026-03-04 17:47:55,369 - INFO -   n_input_bins=60, n_output_bins=60
2026-03-04 17:47:55,369 - INFO -   output_offset=0, total_bins_input=60, total_bins_output=60
2026-03-04 17:47:55,369 - INFO -   Valid start positions per trial: 0 to 0
2026-03-04 17:47:55,369 - INFO -   Total samples: 3400 (3400 trials × 1 positions)
2026-03-04 17:48:18,295 - INFO - BinnedStimSpikeDataset initialized:
2026-03-04 17:48:18,296 - INFO -   input_bin_size_ms=10, output_bin_size_ms=10
2026-03-04 17:48:18,296 - INFO -   n_input_bins=60, n_output_bins=60
2026-03-04 17:48:18,296 - INFO -   output_offset=0, total_bins_input=60, total_bins_output=60
2026-03-04 17:48:18,296 - INFO -   Valid start positions per trial: 0 to 0
2026-03-04 17:48:18,296 - INFO -   Total samples: 600 (600 trials × 1 positions)
2026-03-04 17:48:41,359 - INFO - BinnedStimSpikeDataset initialized:
2026-03-04 17:48:41,359 - INFO -   input_bin_size_ms=10, output_bin_size_ms=10
2026-03-04 17:48:41,359 - INFO -   n_input_bins=60, n_output_bins=60
2026-03-04 17:48:41,359 - INFO -   output_offset=0, total_bins_input=60, total_bins_output=60
2026-03-04 17:48:41,359 - INFO -   Valid start positions per trial: 0 to 0
2026-03-04 17:48:41,359 - INFO -   Total samples: 1000 (1000 trials × 1 positions)
2026-03-04 17:48:41,359 - INFO - Samples — train: 3400, val: 600, test: 1000
2026-03-04 17:48:41,359 - INFO - Input channels: 42, Neurons: 63
2026-03-04 17:48:41,377 - INFO - Using CPU
2026-03-04 17:48:41,392 - INFO - Model: CNN — 82,431 trainable params (82,431 total)
2026-03-04 17:48:44,270 - INFO - Starting training …
2026-03-04 17:48:48,695 - INFO - Epoch   1/50 | Train: 0.200821 | Val: 0.181215 | Corr: 0.081008 | LR: 5.00e-03
2026-03-04 17:48:48,702 - INFO -   ↳ Saved best model (val_corr=0.081008)
2026-03-04 17:48:52,261 - INFO - Epoch   2/50 | Train: 0.182678 | Val: 0.180197 | Corr: 0.099500 | LR: 5.00e-03
2026-03-04 17:48:52,267 - INFO -   ↳ Saved best model (val_corr=0.099500)
2026-03-04 17:48:55,826 - INFO - Epoch   3/50 | Train: 0.180792 | Val: 0.178833 | Corr: 0.112156 | LR: 5.00e-03
2026-03-04 17:48:55,834 - INFO -   ↳ Saved best model (val_corr=0.112156)
2026-03-04 17:48:59,402 - INFO - Epoch   4/50 | Train: 0.179823 | Val: 0.177694 | Corr: 0.118412 | LR: 5.00e-03
2026-03-04 17:48:59,409 - INFO -   ↳ Saved best model (val_corr=0.118412)
2026-03-04 17:49:02,983 - INFO - Epoch   5/50 | Train: 0.179241 | Val: 0.178319 | Corr: 0.122656 | LR: 5.00e-03
2026-03-04 17:49:02,990 - INFO -   ↳ Saved best model (val_corr=0.122656)
2026-03-04 17:49:06,553 - INFO - Epoch   6/50 | Train: 0.178851 | Val: 0.176837 | Corr: 0.126993 | LR: 5.00e-03
2026-03-04 17:49:06,561 - INFO -   ↳ Saved best model (val_corr=0.126993)
2026-03-04 17:49:10,117 - INFO - Epoch   7/50 | Train: 0.178421 | Val: 0.176602 | Corr: 0.127877 | LR: 5.00e-03
2026-03-04 17:49:10,124 - INFO -   ↳ Saved best model (val_corr=0.127877)
2026-03-04 17:49:13,709 - INFO - Epoch   8/50 | Train: 0.178232 | Val: 0.176480 | Corr: 0.129538 | LR: 5.00e-03
2026-03-04 17:49:13,717 - INFO -   ↳ Saved best model (val_corr=0.129538)
2026-03-04 17:49:17,237 - INFO - Epoch   9/50 | Train: 0.177908 | Val: 0.176453 | Corr: 0.130808 | LR: 5.00e-03
2026-03-04 17:49:17,246 - INFO -   ↳ Saved best model (val_corr=0.130808)
2026-03-04 17:49:20,806 - INFO - Epoch  10/50 | Train: 0.177780 | Val: 0.176452 | Corr: 0.131788 | LR: 5.00e-03
2026-03-04 17:49:20,815 - INFO -   ↳ Saved best model (val_corr=0.131788)
2026-03-04 17:49:24,369 - INFO - Epoch  11/50 | Train: 0.177553 | Val: 0.176720 | Corr: 0.131206 | LR: 5.00e-03
2026-03-04 17:49:27,908 - INFO - Epoch  12/50 | Train: 0.177342 | Val: 0.176020 | Corr: 0.133233 | LR: 5.00e-03
2026-03-04 17:49:27,914 - INFO -   ↳ Saved best model (val_corr=0.133233)
2026-03-04 17:49:31,445 - INFO - Epoch  13/50 | Train: 0.177298 | Val: 0.176286 | Corr: 0.132504 | LR: 5.00e-03
2026-03-04 17:49:34,993 - INFO - Epoch  14/50 | Train: 0.177041 | Val: 0.176329 | Corr: 0.134084 | LR: 5.00e-03
2026-03-04 17:49:35,000 - INFO -   ↳ Saved best model (val_corr=0.134084)
2026-03-04 17:49:38,558 - INFO - Epoch  15/50 | Train: 0.176962 | Val: 0.175858 | Corr: 0.134682 | LR: 5.00e-03
2026-03-04 17:49:38,567 - INFO -   ↳ Saved best model (val_corr=0.134682)
2026-03-04 17:49:42,111 - INFO - Epoch  16/50 | Train: 0.176918 | Val: 0.176016 | Corr: 0.132902 | LR: 5.00e-03
2026-03-04 17:49:45,662 - INFO - Epoch  17/50 | Train: 0.176741 | Val: 0.175928 | Corr: 0.133732 | LR: 5.00e-03
2026-03-04 17:49:49,205 - INFO - Epoch  18/50 | Train: 0.176791 | Val: 0.176124 | Corr: 0.133489 | LR: 5.00e-03
2026-03-04 17:49:52,747 - INFO - Epoch  19/50 | Train: 0.176432 | Val: 0.175795 | Corr: 0.133532 | LR: 5.00e-03
2026-03-04 17:49:56,346 - INFO - Epoch  20/50 | Train: 0.176499 | Val: 0.175713 | Corr: 0.134466 | LR: 5.00e-03
2026-03-04 17:49:59,914 - INFO - Epoch  21/50 | Train: 0.176292 | Val: 0.176410 | Corr: 0.132687 | LR: 5.00e-03
2026-03-04 17:50:03,470 - INFO - Epoch  22/50 | Train: 0.176225 | Val: 0.175947 | Corr: 0.133111 | LR: 5.00e-03
2026-03-04 17:50:07,022 - INFO - Epoch  23/50 | Train: 0.176201 | Val: 0.176774 | Corr: 0.133858 | LR: 5.00e-03
2026-03-04 17:50:10,601 - INFO - Epoch  24/50 | Train: 0.176099 | Val: 0.175960 | Corr: 0.135410 | LR: 5.00e-03
2026-03-04 17:50:10,610 - INFO -   ↳ Saved best model (val_corr=0.135410)
2026-03-04 17:50:14,172 - INFO - Epoch  25/50 | Train: 0.176023 | Val: 0.175941 | Corr: 0.133576 | LR: 5.00e-03
2026-03-04 17:50:17,682 - INFO - Epoch  26/50 | Train: 0.175907 | Val: 0.176345 | Corr: 0.133475 | LR: 2.50e-03
2026-03-04 17:50:21,215 - INFO - Epoch  27/50 | Train: 0.175282 | Val: 0.175565 | Corr: 0.134964 | LR: 2.50e-03
2026-03-04 17:50:24,715 - INFO - Epoch  28/50 | Train: 0.175206 | Val: 0.175741 | Corr: 0.134970 | LR: 2.50e-03
2026-03-04 17:50:28,212 - INFO - Epoch  29/50 | Train: 0.175049 | Val: 0.175612 | Corr: 0.134939 | LR: 2.50e-03
2026-03-04 17:50:31,786 - INFO - Epoch  30/50 | Train: 0.175056 | Val: 0.175575 | Corr: 0.135671 | LR: 2.50e-03
2026-03-04 17:50:31,794 - INFO -   ↳ Saved best model (val_corr=0.135671)
2026-03-04 17:50:35,506 - INFO - Epoch  31/50 | Train: 0.174921 | Val: 0.175612 | Corr: 0.134785 | LR: 2.50e-03
2026-03-04 17:50:38,999 - INFO - Epoch  32/50 | Train: 0.174917 | Val: 0.175906 | Corr: 0.134596 | LR: 2.50e-03
2026-03-04 17:50:42,568 - INFO - Epoch  33/50 | Train: 0.174795 | Val: 0.175598 | Corr: 0.135313 | LR: 1.25e-03
2026-03-04 17:50:46,161 - INFO - Epoch  34/50 | Train: 0.174482 | Val: 0.175543 | Corr: 0.135581 | LR: 1.25e-03
2026-03-04 17:50:49,622 - INFO - Epoch  35/50 | Train: 0.174385 | Val: 0.175452 | Corr: 0.135236 | LR: 1.25e-03
2026-03-04 17:50:53,019 - INFO - Epoch  36/50 | Train: 0.174355 | Val: 0.175510 | Corr: 0.135949 | LR: 1.25e-03
2026-03-04 17:50:53,029 - INFO -   ↳ Saved best model (val_corr=0.135949)
2026-03-04 17:50:56,404 - INFO - Epoch  37/50 | Train: 0.174386 | Val: 0.175484 | Corr: 0.135106 | LR: 1.25e-03
2026-03-04 17:50:59,802 - INFO - Epoch  38/50 | Train: 0.174358 | Val: 0.175574 | Corr: 0.135055 | LR: 1.25e-03
2026-03-04 17:51:03,174 - INFO - Epoch  39/50 | Train: 0.174268 | Val: 0.175527 | Corr: 0.135306 | LR: 1.25e-03
2026-03-04 17:51:06,536 - INFO - Epoch  40/50 | Train: 0.174251 | Val: 0.175469 | Corr: 0.135413 | LR: 1.25e-03
2026-03-04 17:51:09,912 - INFO - Epoch  41/50 | Train: 0.174239 | Val: 0.175489 | Corr: 0.135447 | LR: 6.25e-04
2026-03-04 17:51:13,279 - INFO - Epoch  42/50 | Train: 0.174034 | Val: 0.175501 | Corr: 0.135335 | LR: 6.25e-04
2026-03-04 17:51:16,643 - INFO - Epoch  43/50 | Train: 0.174006 | Val: 0.175570 | Corr: 0.135525 | LR: 6.25e-04
2026-03-04 17:51:19,996 - INFO - Epoch  44/50 | Train: 0.173978 | Val: 0.175587 | Corr: 0.135267 | LR: 6.25e-04
2026-03-04 17:51:23,346 - INFO - Epoch  45/50 | Train: 0.173892 | Val: 0.175568 | Corr: 0.135500 | LR: 6.25e-04
2026-03-04 17:51:26,691 - INFO - Epoch  46/50 | Train: 0.173866 | Val: 0.175613 | Corr: 0.135590 | LR: 6.25e-04
2026-03-04 17:51:26,691 - INFO - Early stopping at epoch 46
2026-03-04 17:51:26,692 - INFO - Training complete — best val corr: 0.135949
2026-03-04 17:51:27,949 - INFO - Test loss: 0.168285, Test corr: 0.136872
2026-03-04 17:51:28,195 - INFO - Fraction of variance explained (FVE): 0.022901
2026-03-04 17:51:28,195 - INFO - Generating figures …
2026-03-04 17:51:28,642 - INFO - Correlation between predicted and actual per-neuron averages: r=0.9939, p=0.00e+00
2026-03-04 17:51:30,404 - INFO - Pattern selectivity summary:
2026-03-04 17:51:30,404 - INFO -   Mean correlation across neurons: 0.4961
2026-03-04 17:51:30,404 - INFO -   Median correlation: 0.5570
2026-03-04 17:51:30,405 - INFO -   Neurons with r > 0.5: 36 / 63
2026-03-04 17:51:30,405 - INFO -   Neurons with r > 0.3: 52 / 63
2026-03-04 17:51:30,405 - INFO - Pattern selectivity — mean neuron corr: 0.4961
2026-03-04 17:51:31,802 - INFO - LOO (avg rate) — Model mean r: 0.2923, LOO mean r: 0.4546, Neurons model > LOO: 1/63
2026-03-04 17:51:33,725 - INFO - LOO (temporal) — Model mean r: 0.1383, LOO mean r: 0.3186, Neurons model > LOO: 0/63
2026-03-04 17:51:33,725 - INFO - Skipping oracle trial plots (skip_oracle_plots=True)
2026-03-04 17:51:33,731 - INFO - Experiment complete. Summary: {
  "run_dir": "/scratch/sb272/patterns5k_results/slurm_base_cnn_2026-03-04_16-53-19/trial_0181_learning_rate=5.0e-03_kernel_sizes=3x3_conv_channels=64x128_fc_dims=256_seed3",
  "model_type": "cnn",
  "batch_avg_test_loss": 0.16828521740436553,
  "batch_avg_test_corr": 0.13687203387902086,
  "all_test_fve": 0.022901394064464266,
  "AR_FVE": NaN,
  "AR_test_correlation": NaN,
  "best_val_corr": 0.13594931683704892,
  "total_params": 82431,
  "trainable_params": 82431,
  "epochs_trained": 46,
  "mean_pattern_corr": 0.49611571332186244,
  "history": 0,
  "init_state": true,
  "loo_avg_mean_corr": 0.45456832695830385,
  "model_avg_mean_corr": 0.29234335928670524,
  "neurons_model_beats_loo_avg": 1,
  "loo_temporal_mean_corr": 0.31855225563049316,
  "all_test_corr": 0.13829168677330017,
  "neurons_model_beats_loo_temporal": 0,
  "kernel_sizes": [
    3,
    3
  ],
  "conv_channels": [
    64,
    128
  ],
  "fc_dims": [
    256
  ]
}
