2026-02-16 01:02:59,626 - INFO - ============================================================
2026-02-16 01:02:59,626 - INFO - Experiment run directory: results/base_cnn_kernel_sweep_2026-02-15_19-39-07/trial_0116_learning_rate=1.0e-04
2026-02-16 01:02:59,626 - INFO - ============================================================
2026-02-16 01:02:59,626 - INFO - Using preloaded raw data (skipping I/O)
2026-02-16 01:02:59,626 - INFO - Stimulation channels: 42, Spiking neurons: 63
2026-02-16 01:02:59,626 - INFO - Unique patterns: 4050, Total trials: 5000
2026-02-16 01:02:59,637 - INFO - Split (oracle): train=3400, val=600, test=1000
2026-02-16 01:03:13,595 - INFO - BinnedStimSpikeDataset initialized:
2026-02-16 01:03:13,596 - INFO -   input_bin_size_ms=10, output_bin_size_ms=10
2026-02-16 01:03:13,596 - INFO -   n_input_bins=60, n_output_bins=60
2026-02-16 01:03:13,596 - INFO -   output_offset=0, total_bins_input=60, total_bins_output=60
2026-02-16 01:03:13,596 - INFO -   Valid start positions per trial: 0 to 0
2026-02-16 01:03:13,596 - INFO -   Total samples: 3400 (3400 trials × 1 positions)
2026-02-16 01:03:26,930 - INFO - BinnedStimSpikeDataset initialized:
2026-02-16 01:03:26,930 - INFO -   input_bin_size_ms=10, output_bin_size_ms=10
2026-02-16 01:03:26,930 - INFO -   n_input_bins=60, n_output_bins=60
2026-02-16 01:03:26,930 - INFO -   output_offset=0, total_bins_input=60, total_bins_output=60
2026-02-16 01:03:26,930 - INFO -   Valid start positions per trial: 0 to 0
2026-02-16 01:03:26,930 - INFO -   Total samples: 600 (600 trials × 1 positions)
2026-02-16 01:03:40,369 - INFO - BinnedStimSpikeDataset initialized:
2026-02-16 01:03:40,369 - INFO -   input_bin_size_ms=10, output_bin_size_ms=10
2026-02-16 01:03:40,369 - INFO -   n_input_bins=60, n_output_bins=60
2026-02-16 01:03:40,370 - INFO -   output_offset=0, total_bins_input=60, total_bins_output=60
2026-02-16 01:03:40,370 - INFO -   Valid start positions per trial: 0 to 0
2026-02-16 01:03:40,370 - INFO -   Total samples: 1000 (1000 trials × 1 positions)
2026-02-16 01:03:40,370 - INFO - Samples — train: 3400, val: 600, test: 1000
2026-02-16 01:03:40,370 - INFO - Input channels: 105, Neurons: 63
2026-02-16 01:03:40,370 - INFO - Using Apple Silicon MPS acceleration
2026-02-16 01:03:40,388 - INFO - Model: CNN — 351,551 trainable params (351,551 total)
2026-02-16 01:03:40,388 - INFO - Starting training …
2026-02-16 01:03:44,057 - INFO - Epoch   1/50 | Train: 0.397680 | Val: 0.198249 | Corr: 0.174748 | LR: 1.00e-04
2026-02-16 01:03:44,068 - INFO -   ↳ Saved best model (val_corr=0.174748)
2026-02-16 01:03:47,463 - INFO - Epoch   2/50 | Train: 0.198839 | Val: 0.193596 | Corr: 0.207040 | LR: 1.00e-04
2026-02-16 01:03:47,478 - INFO -   ↳ Saved best model (val_corr=0.207040)
2026-02-16 01:03:50,984 - INFO - Epoch   3/50 | Train: 0.195013 | Val: 0.191042 | Corr: 0.226414 | LR: 1.00e-04
2026-02-16 01:03:51,001 - INFO -   ↳ Saved best model (val_corr=0.226414)
2026-02-16 01:03:54,443 - INFO - Epoch   4/50 | Train: 0.192251 | Val: 0.188941 | Corr: 0.242361 | LR: 1.00e-04
2026-02-16 01:03:54,459 - INFO -   ↳ Saved best model (val_corr=0.242361)
2026-02-16 01:03:57,828 - INFO - Epoch   5/50 | Train: 0.189720 | Val: 0.186923 | Corr: 0.256654 | LR: 1.00e-04
2026-02-16 01:03:57,837 - INFO -   ↳ Saved best model (val_corr=0.256654)
2026-02-16 01:04:00,908 - INFO - Epoch   6/50 | Train: 0.187604 | Val: 0.185280 | Corr: 0.269226 | LR: 1.00e-04
2026-02-16 01:04:00,917 - INFO -   ↳ Saved best model (val_corr=0.269226)
2026-02-16 01:04:03,988 - INFO - Epoch   7/50 | Train: 0.185908 | Val: 0.184005 | Corr: 0.279136 | LR: 1.00e-04
2026-02-16 01:04:04,018 - INFO -   ↳ Saved best model (val_corr=0.279136)
2026-02-16 01:04:07,357 - INFO - Epoch   8/50 | Train: 0.184425 | Val: 0.182869 | Corr: 0.287759 | LR: 1.00e-04
2026-02-16 01:04:07,386 - INFO -   ↳ Saved best model (val_corr=0.287759)
2026-02-16 01:04:10,851 - INFO - Epoch   9/50 | Train: 0.183118 | Val: 0.181994 | Corr: 0.294939 | LR: 1.00e-04
2026-02-16 01:04:10,881 - INFO -   ↳ Saved best model (val_corr=0.294939)
2026-02-16 01:04:14,294 - INFO - Epoch  10/50 | Train: 0.182025 | Val: 0.181163 | Corr: 0.300852 | LR: 1.00e-04
2026-02-16 01:04:14,325 - INFO -   ↳ Saved best model (val_corr=0.300852)
2026-02-16 01:04:17,712 - INFO - Epoch  11/50 | Train: 0.181018 | Val: 0.180488 | Corr: 0.305589 | LR: 1.00e-04
2026-02-16 01:04:17,743 - INFO -   ↳ Saved best model (val_corr=0.305589)
2026-02-16 01:04:21,210 - INFO - Epoch  12/50 | Train: 0.180181 | Val: 0.179988 | Corr: 0.309295 | LR: 1.00e-04
2026-02-16 01:04:21,237 - INFO -   ↳ Saved best model (val_corr=0.309295)
2026-02-16 01:04:24,711 - INFO - Epoch  13/50 | Train: 0.179416 | Val: 0.179502 | Corr: 0.312472 | LR: 1.00e-04
2026-02-16 01:04:24,736 - INFO -   ↳ Saved best model (val_corr=0.312472)
2026-02-16 01:04:28,242 - INFO - Epoch  14/50 | Train: 0.178648 | Val: 0.178976 | Corr: 0.315594 | LR: 1.00e-04
2026-02-16 01:04:28,267 - INFO -   ↳ Saved best model (val_corr=0.315594)
2026-02-16 01:04:31,710 - INFO - Epoch  15/50 | Train: 0.177921 | Val: 0.178502 | Corr: 0.318101 | LR: 1.00e-04
2026-02-16 01:04:31,734 - INFO -   ↳ Saved best model (val_corr=0.318101)
2026-02-16 01:04:35,219 - INFO - Epoch  16/50 | Train: 0.177244 | Val: 0.178023 | Corr: 0.320496 | LR: 1.00e-04
2026-02-16 01:04:35,243 - INFO -   ↳ Saved best model (val_corr=0.320496)
2026-02-16 01:04:38,706 - INFO - Epoch  17/50 | Train: 0.176611 | Val: 0.177657 | Corr: 0.322671 | LR: 1.00e-04
2026-02-16 01:04:38,730 - INFO -   ↳ Saved best model (val_corr=0.322671)
2026-02-16 01:04:42,214 - INFO - Epoch  18/50 | Train: 0.176134 | Val: 0.177218 | Corr: 0.325100 | LR: 1.00e-04
2026-02-16 01:04:42,234 - INFO -   ↳ Saved best model (val_corr=0.325100)
2026-02-16 01:04:45,753 - INFO - Epoch  19/50 | Train: 0.175527 | Val: 0.176874 | Corr: 0.327013 | LR: 1.00e-04
2026-02-16 01:04:45,769 - INFO -   ↳ Saved best model (val_corr=0.327013)
2026-02-16 01:04:49,180 - INFO - Epoch  20/50 | Train: 0.174932 | Val: 0.176596 | Corr: 0.328512 | LR: 1.00e-04
2026-02-16 01:04:49,196 - INFO -   ↳ Saved best model (val_corr=0.328512)
2026-02-16 01:04:52,675 - INFO - Epoch  21/50 | Train: 0.174425 | Val: 0.176146 | Corr: 0.330448 | LR: 1.00e-04
2026-02-16 01:04:52,690 - INFO -   ↳ Saved best model (val_corr=0.330448)
2026-02-16 01:04:56,194 - INFO - Epoch  22/50 | Train: 0.173868 | Val: 0.175762 | Corr: 0.332582 | LR: 1.00e-04
2026-02-16 01:04:56,208 - INFO -   ↳ Saved best model (val_corr=0.332582)
2026-02-16 01:04:59,680 - INFO - Epoch  23/50 | Train: 0.173422 | Val: 0.175414 | Corr: 0.333993 | LR: 1.00e-04
2026-02-16 01:04:59,690 - INFO -   ↳ Saved best model (val_corr=0.333993)
2026-02-16 01:05:03,023 - INFO - Epoch  24/50 | Train: 0.172927 | Val: 0.175133 | Corr: 0.335497 | LR: 1.00e-04
2026-02-16 01:05:03,038 - INFO -   ↳ Saved best model (val_corr=0.335497)
2026-02-16 01:05:06,503 - INFO - Epoch  25/50 | Train: 0.172507 | Val: 0.174832 | Corr: 0.337264 | LR: 1.00e-04
2026-02-16 01:05:06,514 - INFO -   ↳ Saved best model (val_corr=0.337264)
2026-02-16 01:05:09,994 - INFO - Epoch  26/50 | Train: 0.172027 | Val: 0.174494 | Corr: 0.338790 | LR: 1.00e-04
2026-02-16 01:05:10,017 - INFO -   ↳ Saved best model (val_corr=0.338790)
2026-02-16 01:05:13,470 - INFO - Epoch  27/50 | Train: 0.171662 | Val: 0.174507 | Corr: 0.338974 | LR: 1.00e-04
2026-02-16 01:05:13,492 - INFO -   ↳ Saved best model (val_corr=0.338974)
2026-02-16 01:05:16,872 - INFO - Epoch  28/50 | Train: 0.171297 | Val: 0.174023 | Corr: 0.341077 | LR: 1.00e-04
2026-02-16 01:05:16,898 - INFO -   ↳ Saved best model (val_corr=0.341077)
2026-02-16 01:05:20,376 - INFO - Epoch  29/50 | Train: 0.170926 | Val: 0.173782 | Corr: 0.342336 | LR: 1.00e-04
2026-02-16 01:05:20,409 - INFO -   ↳ Saved best model (val_corr=0.342336)
2026-02-16 01:05:23,841 - INFO - Epoch  30/50 | Train: 0.170555 | Val: 0.173643 | Corr: 0.342905 | LR: 1.00e-04
2026-02-16 01:05:23,870 - INFO -   ↳ Saved best model (val_corr=0.342905)
2026-02-16 01:05:27,307 - INFO - Epoch  31/50 | Train: 0.170163 | Val: 0.173407 | Corr: 0.343735 | LR: 1.00e-04
2026-02-16 01:05:27,340 - INFO -   ↳ Saved best model (val_corr=0.343735)
2026-02-16 01:05:30,774 - INFO - Epoch  32/50 | Train: 0.169882 | Val: 0.173224 | Corr: 0.345102 | LR: 1.00e-04
2026-02-16 01:05:30,806 - INFO -   ↳ Saved best model (val_corr=0.345102)
2026-02-16 01:05:34,187 - INFO - Epoch  33/50 | Train: 0.169604 | Val: 0.173049 | Corr: 0.345836 | LR: 1.00e-04
2026-02-16 01:05:34,212 - INFO -   ↳ Saved best model (val_corr=0.345836)
2026-02-16 01:05:37,664 - INFO - Epoch  34/50 | Train: 0.169386 | Val: 0.172841 | Corr: 0.347176 | LR: 1.00e-04
2026-02-16 01:05:37,692 - INFO -   ↳ Saved best model (val_corr=0.347176)
2026-02-16 01:05:41,191 - INFO - Epoch  35/50 | Train: 0.169040 | Val: 0.172797 | Corr: 0.347511 | LR: 1.00e-04
2026-02-16 01:05:41,217 - INFO -   ↳ Saved best model (val_corr=0.347511)
2026-02-16 01:05:44,650 - INFO - Epoch  36/50 | Train: 0.168757 | Val: 0.172689 | Corr: 0.347513 | LR: 1.00e-04
2026-02-16 01:05:44,674 - INFO -   ↳ Saved best model (val_corr=0.347513)
2026-02-16 01:05:48,139 - INFO - Epoch  37/50 | Train: 0.168444 | Val: 0.172480 | Corr: 0.348563 | LR: 1.00e-04
2026-02-16 01:05:48,164 - INFO -   ↳ Saved best model (val_corr=0.348563)
2026-02-16 01:05:51,602 - INFO - Epoch  38/50 | Train: 0.168311 | Val: 0.172438 | Corr: 0.349031 | LR: 1.00e-04
2026-02-16 01:05:51,620 - INFO -   ↳ Saved best model (val_corr=0.349031)
2026-02-16 01:05:55,130 - INFO - Epoch  39/50 | Train: 0.167991 | Val: 0.172167 | Corr: 0.350119 | LR: 1.00e-04
2026-02-16 01:05:55,156 - INFO -   ↳ Saved best model (val_corr=0.350119)
2026-02-16 01:05:58,614 - INFO - Epoch  40/50 | Train: 0.167801 | Val: 0.172161 | Corr: 0.350378 | LR: 1.00e-04
2026-02-16 01:05:58,639 - INFO -   ↳ Saved best model (val_corr=0.350378)
2026-02-16 01:06:02,132 - INFO - Epoch  41/50 | Train: 0.167616 | Val: 0.172000 | Corr: 0.351183 | LR: 1.00e-04
2026-02-16 01:06:02,164 - INFO -   ↳ Saved best model (val_corr=0.351183)
2026-02-16 01:06:05,674 - INFO - Epoch  42/50 | Train: 0.167431 | Val: 0.171951 | Corr: 0.351520 | LR: 1.00e-04
2026-02-16 01:06:05,703 - INFO -   ↳ Saved best model (val_corr=0.351520)
2026-02-16 01:06:09,155 - INFO - Epoch  43/50 | Train: 0.167209 | Val: 0.171905 | Corr: 0.351791 | LR: 1.00e-04
2026-02-16 01:06:09,184 - INFO -   ↳ Saved best model (val_corr=0.351791)
2026-02-16 01:06:12,601 - INFO - Epoch  44/50 | Train: 0.167016 | Val: 0.171815 | Corr: 0.352395 | LR: 1.00e-04
2026-02-16 01:06:12,627 - INFO -   ↳ Saved best model (val_corr=0.352395)
2026-02-16 01:06:16,111 - INFO - Epoch  45/50 | Train: 0.166829 | Val: 0.171716 | Corr: 0.352509 | LR: 1.00e-04
2026-02-16 01:06:16,137 - INFO -   ↳ Saved best model (val_corr=0.352509)
2026-02-16 01:06:19,594 - INFO - Epoch  46/50 | Train: 0.166645 | Val: 0.171735 | Corr: 0.352743 | LR: 1.00e-04
2026-02-16 01:06:19,620 - INFO -   ↳ Saved best model (val_corr=0.352743)
2026-02-16 01:06:23,058 - INFO - Epoch  47/50 | Train: 0.166469 | Val: 0.171572 | Corr: 0.353491 | LR: 1.00e-04
2026-02-16 01:06:23,081 - INFO -   ↳ Saved best model (val_corr=0.353491)
2026-02-16 01:06:26,497 - INFO - Epoch  48/50 | Train: 0.166321 | Val: 0.171540 | Corr: 0.353610 | LR: 1.00e-04
2026-02-16 01:06:26,510 - INFO -   ↳ Saved best model (val_corr=0.353610)
2026-02-16 01:06:29,984 - INFO - Epoch  49/50 | Train: 0.166154 | Val: 0.171485 | Corr: 0.354335 | LR: 1.00e-04
2026-02-16 01:06:30,008 - INFO -   ↳ Saved best model (val_corr=0.354335)
2026-02-16 01:06:33,450 - INFO - Epoch  50/50 | Train: 0.165977 | Val: 0.171448 | Corr: 0.354684 | LR: 1.00e-04
2026-02-16 01:06:33,469 - INFO -   ↳ Saved best model (val_corr=0.354684)
2026-02-16 01:06:33,470 - INFO - Training complete — best val corr: 0.354684
2026-02-16 01:06:33,840 - INFO - Test loss: 0.163238, Test corr: 0.347416
2026-02-16 01:06:33,968 - INFO - Generating figures …
2026-02-16 01:06:34,169 - INFO - Correlation between predicted and actual per-neuron averages: r=0.9953, p=1.04e-63
2026-02-16 01:06:34,774 - INFO - Pattern selectivity summary:
2026-02-16 01:06:34,774 - INFO -   Mean correlation across neurons: 0.7197
2026-02-16 01:06:34,775 - INFO -   Median correlation: 0.7434
2026-02-16 01:06:34,775 - INFO -   Neurons with r > 0.5: 57 / 63
2026-02-16 01:06:34,775 - INFO -   Neurons with r > 0.3: 63 / 63
2026-02-16 01:06:34,775 - INFO - Pattern selectivity — mean neuron corr: 0.7197
2026-02-16 01:06:35,139 - INFO - LOO baseline — Model mean r: 0.6192, LOO mean r: 0.4728, Neurons model > LOO: 54/63
2026-02-16 01:06:35,140 - INFO - Skipping oracle trial plots (skip_oracle_plots=True)
2026-02-16 01:06:35,140 - INFO - Experiment complete. Summary: {
  "run_dir": "results/base_cnn_kernel_sweep_2026-02-15_19-39-07/trial_0116_learning_rate=1.0e-04",
  "model_type": "cnn",
  "test_loss": 0.1632379243373871,
  "test_corr": 0.3474163713311084,
  "best_val_corr": 0.3546842174903274,
  "total_params": 351551,
  "trainable_params": 351551,
  "epochs_trained": 50,
  "mean_pattern_corr": 0.7196811948739625,
  "loo_mean_corr": 0.47275709111471625,
  "model_sample_mean_corr": 0.6191695067826261,
  "neurons_model_beats_loo": 54
}
2026-02-16 01:06:35,143 - INFO - 
======================================================================
2026-02-16 01:06:35,143 - INFO - [118/216] trial_0117_learning_rate=1.0e-04
2026-02-16 01:06:35,143 - INFO -   Overrides: {"kernel_sizes": [10], "learning_rate": 0.0001, "weight_decay": 0.001, "conv_channels": [64]}
2026-02-16 01:06:35,143 - INFO -   Output: results/base_cnn_kernel_sweep_2026-02-15_19-39-07/trial_0117_learning_rate=1.0e-04
