2026-03-05 22:01:59,814 - INFO - ============================================================
2026-03-05 22:01:59,815 - INFO - Experiment run directory: /scratch/sb272/patterns5k_results/slurm_hist_cnn_2026-03-05_16-01-45/trial_0339_learning_rate=5.0e-04_history=5_kernel_sizes=5x3x3_conv_channels=64x128x256_fc_dims=512_seed0
2026-03-05 22:01:59,815 - INFO - ============================================================
2026-03-05 22:01:59,815 - INFO - Loading data …
2026-03-05 22:02:00,706 - INFO - 63 unique neurons after dropping problematic neurons
2026-03-05 22:02:01,900 - INFO - Stimulation channels: 42, Spiking neurons: 63
2026-03-05 22:04:06,730 - INFO - Unique patterns: 4050, Total trials: 5000
2026-03-05 22:04:06,731 - INFO - Stimulation channels: 42, Spiking neurons: 63
2026-03-05 22:04:06,731 - INFO - Unique patterns: 4050, Total trials: 5000
2026-03-05 22:04:06,748 - INFO - Split (oracle): train=3400, val=600, test=1000
2026-03-05 22:04:32,243 - INFO - BinnedStimSpikeDataset initialized:
2026-03-05 22:04:32,244 - INFO -   input_bin_size_ms=10, output_bin_size_ms=10
2026-03-05 22:04:32,244 - INFO -   n_input_bins=60, n_output_bins=60
2026-03-05 22:04:32,244 - INFO -   output_offset=0, total_bins_input=60, total_bins_output=60
2026-03-05 22:04:32,244 - INFO -   Valid start positions per trial: 0 to 0
2026-03-05 22:04:32,244 - INFO -   Total samples: 3400 (3400 trials × 1 positions)
2026-03-05 22:04:56,506 - INFO - BinnedStimSpikeDataset initialized:
2026-03-05 22:04:56,506 - INFO -   input_bin_size_ms=10, output_bin_size_ms=10
2026-03-05 22:04:56,506 - INFO -   n_input_bins=60, n_output_bins=60
2026-03-05 22:04:56,506 - INFO -   output_offset=0, total_bins_input=60, total_bins_output=60
2026-03-05 22:04:56,506 - INFO -   Valid start positions per trial: 0 to 0
2026-03-05 22:04:56,506 - INFO -   Total samples: 600 (600 trials × 1 positions)
2026-03-05 22:05:20,979 - INFO - BinnedStimSpikeDataset initialized:
2026-03-05 22:05:20,979 - INFO -   input_bin_size_ms=10, output_bin_size_ms=10
2026-03-05 22:05:20,979 - INFO -   n_input_bins=60, n_output_bins=60
2026-03-05 22:05:20,979 - INFO -   output_offset=0, total_bins_input=60, total_bins_output=60
2026-03-05 22:05:20,979 - INFO -   Valid start positions per trial: 0 to 0
2026-03-05 22:05:20,979 - INFO -   Total samples: 1000 (1000 trials × 1 positions)
2026-03-05 22:05:20,979 - INFO - Samples — train: 3400, val: 600, test: 1000
2026-03-05 22:05:20,979 - INFO - Input channels: 105, Neurons: 63
2026-03-05 22:05:20,986 - INFO - Using CPU
2026-03-05 22:05:21,003 - INFO - Model: CNN — 321,727 trainable params (321,727 total)
2026-03-05 22:05:24,222 - INFO - Starting training …
2026-03-05 22:05:33,247 - INFO - Epoch   1/50 | Train: 0.217242 | Val: 0.186208 | Corr: 0.076519 | LR: 5.00e-04
2026-03-05 22:05:33,260 - INFO -   ↳ Saved best model (val_corr=0.076519)
2026-03-05 22:05:41,190 - INFO - Epoch   2/50 | Train: 0.182490 | Val: 0.183204 | Corr: 0.090886 | LR: 5.00e-04
2026-03-05 22:05:41,203 - INFO -   ↳ Saved best model (val_corr=0.090886)
2026-03-05 22:05:49,259 - INFO - Epoch   3/50 | Train: 0.180729 | Val: 0.182247 | Corr: 0.102330 | LR: 5.00e-04
2026-03-05 22:05:49,279 - INFO -   ↳ Saved best model (val_corr=0.102330)
2026-03-05 22:05:57,079 - INFO - Epoch   4/50 | Train: 0.179498 | Val: 0.181122 | Corr: 0.108138 | LR: 5.00e-04
2026-03-05 22:05:57,094 - INFO -   ↳ Saved best model (val_corr=0.108138)
2026-03-05 22:06:04,960 - INFO - Epoch   5/50 | Train: 0.178528 | Val: 0.180026 | Corr: 0.116231 | LR: 5.00e-04
2026-03-05 22:06:05,017 - INFO -   ↳ Saved best model (val_corr=0.116231)
2026-03-05 22:06:12,871 - INFO - Epoch   6/50 | Train: 0.177629 | Val: 0.179933 | Corr: 0.119510 | LR: 5.00e-04
2026-03-05 22:06:12,883 - INFO -   ↳ Saved best model (val_corr=0.119510)
2026-03-05 22:06:20,908 - INFO - Epoch   7/50 | Train: 0.176872 | Val: 0.179496 | Corr: 0.126844 | LR: 5.00e-04
2026-03-05 22:06:20,923 - INFO -   ↳ Saved best model (val_corr=0.126844)
2026-03-05 22:06:28,763 - INFO - Epoch   8/50 | Train: 0.176231 | Val: 0.178754 | Corr: 0.130260 | LR: 5.00e-04
2026-03-05 22:06:28,777 - INFO -   ↳ Saved best model (val_corr=0.130260)
2026-03-05 22:06:36,622 - INFO - Epoch   9/50 | Train: 0.175696 | Val: 0.178535 | Corr: 0.134818 | LR: 5.00e-04
2026-03-05 22:06:36,639 - INFO -   ↳ Saved best model (val_corr=0.134818)
2026-03-05 22:06:44,459 - INFO - Epoch  10/50 | Train: 0.175146 | Val: 0.178082 | Corr: 0.137275 | LR: 5.00e-04
2026-03-05 22:06:44,471 - INFO -   ↳ Saved best model (val_corr=0.137275)
2026-03-05 22:06:52,646 - INFO - Epoch  11/50 | Train: 0.174649 | Val: 0.177832 | Corr: 0.140609 | LR: 5.00e-04
2026-03-05 22:06:52,656 - INFO -   ↳ Saved best model (val_corr=0.140609)
2026-03-05 22:07:00,741 - INFO - Epoch  12/50 | Train: 0.174240 | Val: 0.177611 | Corr: 0.141638 | LR: 5.00e-04
2026-03-05 22:07:00,753 - INFO -   ↳ Saved best model (val_corr=0.141638)
2026-03-05 22:07:08,888 - INFO - Epoch  13/50 | Train: 0.173917 | Val: 0.177276 | Corr: 0.143278 | LR: 5.00e-04
2026-03-05 22:07:08,913 - INFO -   ↳ Saved best model (val_corr=0.143278)
2026-03-05 22:07:16,784 - INFO - Epoch  14/50 | Train: 0.173588 | Val: 0.177960 | Corr: 0.148332 | LR: 5.00e-04
2026-03-05 22:07:16,796 - INFO -   ↳ Saved best model (val_corr=0.148332)
2026-03-05 22:07:24,857 - INFO - Epoch  15/50 | Train: 0.173145 | Val: 0.176780 | Corr: 0.149957 | LR: 5.00e-04
2026-03-05 22:07:24,870 - INFO -   ↳ Saved best model (val_corr=0.149957)
2026-03-05 22:07:32,778 - INFO - Epoch  16/50 | Train: 0.172887 | Val: 0.176813 | Corr: 0.150081 | LR: 5.00e-04
2026-03-05 22:07:32,789 - INFO -   ↳ Saved best model (val_corr=0.150081)
2026-03-05 22:07:40,859 - INFO - Epoch  17/50 | Train: 0.172618 | Val: 0.176566 | Corr: 0.150982 | LR: 5.00e-04
2026-03-05 22:07:40,871 - INFO -   ↳ Saved best model (val_corr=0.150982)
2026-03-05 22:07:48,887 - INFO - Epoch  18/50 | Train: 0.172243 | Val: 0.176722 | Corr: 0.152983 | LR: 5.00e-04
2026-03-05 22:07:48,901 - INFO -   ↳ Saved best model (val_corr=0.152983)
2026-03-05 22:07:56,895 - INFO - Epoch  19/50 | Train: 0.171864 | Val: 0.176874 | Corr: 0.153855 | LR: 5.00e-04
2026-03-05 22:07:56,906 - INFO -   ↳ Saved best model (val_corr=0.153855)
2026-03-05 22:08:04,914 - INFO - Epoch  20/50 | Train: 0.171834 | Val: 0.177292 | Corr: 0.156499 | LR: 5.00e-04
2026-03-05 22:08:04,926 - INFO -   ↳ Saved best model (val_corr=0.156499)
2026-03-05 22:08:13,037 - INFO - Epoch  21/50 | Train: 0.171506 | Val: 0.176487 | Corr: 0.156852 | LR: 5.00e-04
2026-03-05 22:08:13,049 - INFO -   ↳ Saved best model (val_corr=0.156852)
2026-03-05 22:08:20,944 - INFO - Epoch  22/50 | Train: 0.171306 | Val: 0.175973 | Corr: 0.158847 | LR: 5.00e-04
2026-03-05 22:08:20,959 - INFO -   ↳ Saved best model (val_corr=0.158847)
2026-03-05 22:08:29,421 - INFO - Epoch  23/50 | Train: 0.171085 | Val: 0.176426 | Corr: 0.158129 | LR: 5.00e-04
2026-03-05 22:08:37,541 - INFO - Epoch  24/50 | Train: 0.170916 | Val: 0.175681 | Corr: 0.159540 | LR: 5.00e-04
2026-03-05 22:08:37,555 - INFO -   ↳ Saved best model (val_corr=0.159540)
2026-03-05 22:08:45,549 - INFO - Epoch  25/50 | Train: 0.170658 | Val: 0.175639 | Corr: 0.159827 | LR: 5.00e-04
2026-03-05 22:08:45,561 - INFO -   ↳ Saved best model (val_corr=0.159827)
2026-03-05 22:08:53,569 - INFO - Epoch  26/50 | Train: 0.170728 | Val: 0.175807 | Corr: 0.160732 | LR: 5.00e-04
2026-03-05 22:08:53,582 - INFO -   ↳ Saved best model (val_corr=0.160732)
2026-03-05 22:09:01,434 - INFO - Epoch  27/50 | Train: 0.170309 | Val: 0.175598 | Corr: 0.160967 | LR: 5.00e-04
2026-03-05 22:09:01,446 - INFO -   ↳ Saved best model (val_corr=0.160967)
2026-03-05 22:09:09,573 - INFO - Epoch  28/50 | Train: 0.170216 | Val: 0.175506 | Corr: 0.162272 | LR: 5.00e-04
2026-03-05 22:09:09,586 - INFO -   ↳ Saved best model (val_corr=0.162272)
2026-03-05 22:09:17,624 - INFO - Epoch  29/50 | Train: 0.169952 | Val: 0.175449 | Corr: 0.162815 | LR: 5.00e-04
2026-03-05 22:09:17,637 - INFO -   ↳ Saved best model (val_corr=0.162815)
2026-03-05 22:09:25,609 - INFO - Epoch  30/50 | Train: 0.169786 | Val: 0.175501 | Corr: 0.162724 | LR: 5.00e-04
2026-03-05 22:09:33,733 - INFO - Epoch  31/50 | Train: 0.169731 | Val: 0.175209 | Corr: 0.163400 | LR: 5.00e-04
2026-03-05 22:09:33,745 - INFO -   ↳ Saved best model (val_corr=0.163400)
2026-03-05 22:09:42,149 - INFO - Epoch  32/50 | Train: 0.169634 | Val: 0.175371 | Corr: 0.164171 | LR: 5.00e-04
2026-03-05 22:09:42,162 - INFO -   ↳ Saved best model (val_corr=0.164171)
2026-03-05 22:09:50,148 - INFO - Epoch  33/50 | Train: 0.169321 | Val: 0.175250 | Corr: 0.163760 | LR: 5.00e-04
2026-03-05 22:09:58,066 - INFO - Epoch  34/50 | Train: 0.169226 | Val: 0.175569 | Corr: 0.164144 | LR: 5.00e-04
2026-03-05 22:10:05,946 - INFO - Epoch  35/50 | Train: 0.169142 | Val: 0.175889 | Corr: 0.165197 | LR: 5.00e-04
2026-03-05 22:10:05,971 - INFO -   ↳ Saved best model (val_corr=0.165197)
2026-03-05 22:10:13,869 - INFO - Epoch  36/50 | Train: 0.169056 | Val: 0.175768 | Corr: 0.166447 | LR: 5.00e-04
2026-03-05 22:10:13,887 - INFO -   ↳ Saved best model (val_corr=0.166447)
2026-03-05 22:10:21,774 - INFO - Epoch  37/50 | Train: 0.169055 | Val: 0.175850 | Corr: 0.164610 | LR: 2.50e-04
2026-03-05 22:10:29,747 - INFO - Epoch  38/50 | Train: 0.168155 | Val: 0.175140 | Corr: 0.166577 | LR: 2.50e-04
2026-03-05 22:10:29,761 - INFO -   ↳ Saved best model (val_corr=0.166577)
2026-03-05 22:10:37,638 - INFO - Epoch  39/50 | Train: 0.167967 | Val: 0.175447 | Corr: 0.166944 | LR: 2.50e-04
2026-03-05 22:10:37,650 - INFO -   ↳ Saved best model (val_corr=0.166944)
2026-03-05 22:10:45,738 - INFO - Epoch  40/50 | Train: 0.167781 | Val: 0.175236 | Corr: 0.166395 | LR: 2.50e-04
2026-03-05 22:10:53,441 - INFO - Epoch  41/50 | Train: 0.167874 | Val: 0.175502 | Corr: 0.167083 | LR: 2.50e-04
2026-03-05 22:10:53,454 - INFO -   ↳ Saved best model (val_corr=0.167083)
2026-03-05 22:11:01,225 - INFO - Epoch  42/50 | Train: 0.167724 | Val: 0.175465 | Corr: 0.167799 | LR: 2.50e-04
2026-03-05 22:11:01,237 - INFO -   ↳ Saved best model (val_corr=0.167799)
2026-03-05 22:11:09,075 - INFO - Epoch  43/50 | Train: 0.167701 | Val: 0.175264 | Corr: 0.167235 | LR: 2.50e-04
2026-03-05 22:11:17,231 - INFO - Epoch  44/50 | Train: 0.167516 | Val: 0.175135 | Corr: 0.167446 | LR: 1.25e-04
2026-03-05 22:11:25,160 - INFO - Epoch  45/50 | Train: 0.167196 | Val: 0.175235 | Corr: 0.168326 | LR: 1.25e-04
2026-03-05 22:11:25,174 - INFO -   ↳ Saved best model (val_corr=0.168326)
2026-03-05 22:11:33,160 - INFO - Epoch  46/50 | Train: 0.167117 | Val: 0.175230 | Corr: 0.168236 | LR: 1.25e-04
2026-03-05 22:11:40,792 - INFO - Epoch  47/50 | Train: 0.167085 | Val: 0.175262 | Corr: 0.167532 | LR: 1.25e-04
2026-03-05 22:11:48,394 - INFO - Epoch  48/50 | Train: 0.167006 | Val: 0.175059 | Corr: 0.168118 | LR: 1.25e-04
2026-03-05 22:11:56,060 - INFO - Epoch  49/50 | Train: 0.167045 | Val: 0.175457 | Corr: 0.167608 | LR: 1.25e-04
2026-03-05 22:12:03,813 - INFO - Epoch  50/50 | Train: 0.166944 | Val: 0.175414 | Corr: 0.168043 | LR: 1.25e-04
2026-03-05 22:12:03,813 - INFO - Training complete — best val corr: 0.168326
2026-03-05 22:12:05,493 - INFO - Test loss: 0.164654, Test corr: 0.159127
2026-03-05 22:12:06,084 - INFO - Fraction of variance explained (FVE): 0.029156
2026-03-05 22:12:06,084 - INFO - Computing autoregressive (AR) test predictions …
2026-03-05 22:12:06,888 - INFO - AR FVE: 0.017625, AR test corr: 0.125193
2026-03-05 22:12:06,888 - INFO - Generating figures …
2026-03-05 22:12:07,396 - INFO - Correlation between predicted and actual per-neuron averages: r=0.9932, p=0.00e+00
2026-03-05 22:12:09,566 - INFO - Pattern selectivity summary:
2026-03-05 22:12:09,567 - INFO -   Mean correlation across neurons: 0.5902
2026-03-05 22:12:09,567 - INFO -   Median correlation: 0.6417
2026-03-05 22:12:09,567 - INFO -   Neurons with r > 0.5: 46 / 63
2026-03-05 22:12:09,567 - INFO -   Neurons with r > 0.3: 59 / 63
2026-03-05 22:12:09,567 - INFO - Pattern selectivity — mean neuron corr: 0.5902
2026-03-05 22:12:11,309 - INFO - LOO (avg rate) — Model mean r: 0.4347, LOO mean r: 0.4546, Neurons model > LOO: 23/63
2026-03-05 22:12:13,598 - INFO - LOO (temporal) — Model mean r: 0.1675, LOO mean r: 0.3186, Neurons model > LOO: 2/63
2026-03-05 22:12:13,599 - INFO - Skipping oracle trial plots (skip_oracle_plots=True)
2026-03-05 22:12:13,607 - INFO - Experiment complete. Summary: {
  "run_dir": "/scratch/sb272/patterns5k_results/slurm_hist_cnn_2026-03-05_16-01-45/trial_0339_learning_rate=5.0e-04_history=5_kernel_sizes=5x3x3_conv_channels=64x128x256_fc_dims=512_seed0",
  "model_type": "cnn",
  "batch_avg_test_loss": 0.16465420639514924,
  "batch_avg_test_corr": 0.15912739197260276,
  "all_test_fve": 0.029155959212590777,
  "AR_FVE": 0.017624588239760625,
  "AR_test_correlation": 0.12519299983978271,
  "best_val_corr": 0.16832571777092623,
  "total_params": 321727,
  "trainable_params": 321727,
  "epochs_trained": 50,
  "mean_pattern_corr": 0.5901574232988804,
  "history": 5,
  "init_state": true,
  "loo_avg_mean_corr": 0.45456832695830385,
  "model_avg_mean_corr": 0.43474803638786313,
  "neurons_model_beats_loo_avg": 23,
  "loo_temporal_mean_corr": 0.31855225563049316,
  "all_test_corr": 0.16753406822681427,
  "neurons_model_beats_loo_temporal": 2,
  "kernel_sizes": [
    5,
    3,
    3
  ],
  "conv_channels": [
    64,
    128,
    256
  ],
  "fc_dims": [
    512
  ]
}
