2026-03-03 23:57:02,642 - INFO - ============================================================
2026-03-03 23:57:02,645 - INFO - Experiment run directory: /scratch/sb272/patterns5k_results/slurm_hist_cnn_2026-03-03_15-13-01/trial_0110_learning_rate=5.0e-04_history=1_kernel_sizes=10x5_conv_channels=256x128_fc_dims=256_seed2
2026-03-03 23:57:02,645 - INFO - ============================================================
2026-03-03 23:57:02,645 - INFO - Loading data …
2026-03-03 23:57:03,939 - INFO - 63 unique neurons after dropping problematic neurons
2026-03-03 23:57:04,909 - INFO - Stimulation channels: 42, Spiking neurons: 63
2026-03-03 23:58:22,459 - INFO - Unique patterns: 4050, Total trials: 5000
2026-03-03 23:58:22,478 - INFO - Stimulation channels: 42, Spiking neurons: 63
2026-03-03 23:58:22,478 - INFO - Unique patterns: 4050, Total trials: 5000
2026-03-03 23:58:22,491 - INFO - Split (oracle): train=3400, val=600, test=1000
2026-03-03 23:58:37,252 - INFO - BinnedStimSpikeDataset initialized:
2026-03-03 23:58:37,257 - INFO -   input_bin_size_ms=10, output_bin_size_ms=10
2026-03-03 23:58:37,257 - INFO -   n_input_bins=60, n_output_bins=60
2026-03-03 23:58:37,257 - INFO -   output_offset=0, total_bins_input=60, total_bins_output=60
2026-03-03 23:58:37,257 - INFO -   Valid start positions per trial: 0 to 0
2026-03-03 23:58:37,257 - INFO -   Total samples: 3400 (3400 trials × 1 positions)
2026-03-03 23:58:51,433 - INFO - BinnedStimSpikeDataset initialized:
2026-03-03 23:58:51,433 - INFO -   input_bin_size_ms=10, output_bin_size_ms=10
2026-03-03 23:58:51,433 - INFO -   n_input_bins=60, n_output_bins=60
2026-03-03 23:58:51,433 - INFO -   output_offset=0, total_bins_input=60, total_bins_output=60
2026-03-03 23:58:51,433 - INFO -   Valid start positions per trial: 0 to 0
2026-03-03 23:58:51,434 - INFO -   Total samples: 600 (600 trials × 1 positions)
2026-03-03 23:59:05,627 - INFO - BinnedStimSpikeDataset initialized:
2026-03-03 23:59:05,627 - INFO -   input_bin_size_ms=10, output_bin_size_ms=10
2026-03-03 23:59:05,627 - INFO -   n_input_bins=60, n_output_bins=60
2026-03-03 23:59:05,627 - INFO -   output_offset=0, total_bins_input=60, total_bins_output=60
2026-03-03 23:59:05,627 - INFO -   Valid start positions per trial: 0 to 0
2026-03-03 23:59:05,627 - INFO -   Total samples: 1000 (1000 trials × 1 positions)
2026-03-03 23:59:05,628 - INFO - Samples — train: 3400, val: 600, test: 1000
2026-03-03 23:59:05,628 - INFO - Input channels: 105, Neurons: 63
2026-03-03 23:59:05,659 - INFO - Using CPU
2026-03-03 23:59:05,677 - INFO - Model: CNN — 483,007 trainable params (483,007 total)
2026-03-03 23:59:21,494 - INFO - Starting training …
2026-03-03 23:59:29,044 - INFO - Epoch   1/50 | Train: 0.239332 | Val: 0.174419 | Corr: 0.142832 | LR: 5.00e-04
2026-03-03 23:59:29,106 - INFO -   ↳ Saved best model (val_corr=0.142832)
2026-03-03 23:59:35,243 - INFO - Epoch   2/50 | Train: 0.174391 | Val: 0.171221 | Corr: 0.166231 | LR: 5.00e-04
2026-03-03 23:59:35,277 - INFO -   ↳ Saved best model (val_corr=0.166231)
2026-03-03 23:59:41,316 - INFO - Epoch   3/50 | Train: 0.170418 | Val: 0.168943 | Corr: 0.181541 | LR: 5.00e-04
2026-03-03 23:59:41,359 - INFO -   ↳ Saved best model (val_corr=0.181541)
2026-03-03 23:59:47,432 - INFO - Epoch   4/50 | Train: 0.167856 | Val: 0.167722 | Corr: 0.190720 | LR: 5.00e-04
2026-03-03 23:59:47,468 - INFO -   ↳ Saved best model (val_corr=0.190720)
2026-03-03 23:59:53,568 - INFO - Epoch   5/50 | Train: 0.165685 | Val: 0.165903 | Corr: 0.203471 | LR: 5.00e-04
2026-03-03 23:59:53,601 - INFO -   ↳ Saved best model (val_corr=0.203471)
2026-03-03 23:59:59,834 - INFO - Epoch   6/50 | Train: 0.164021 | Val: 0.166562 | Corr: 0.212099 | LR: 5.00e-04
2026-03-03 23:59:59,878 - INFO -   ↳ Saved best model (val_corr=0.212099)
2026-03-04 00:00:05,980 - INFO - Epoch   7/50 | Train: 0.162647 | Val: 0.165492 | Corr: 0.217422 | LR: 5.00e-04
2026-03-04 00:00:06,014 - INFO -   ↳ Saved best model (val_corr=0.217422)
2026-03-04 00:00:12,267 - INFO - Epoch   8/50 | Train: 0.161448 | Val: 0.163290 | Corr: 0.221726 | LR: 5.00e-04
2026-03-04 00:00:12,291 - INFO -   ↳ Saved best model (val_corr=0.221726)
2026-03-04 00:00:18,454 - INFO - Epoch   9/50 | Train: 0.160416 | Val: 0.163635 | Corr: 0.225974 | LR: 5.00e-04
2026-03-04 00:00:18,496 - INFO -   ↳ Saved best model (val_corr=0.225974)
2026-03-04 00:00:24,579 - INFO - Epoch  10/50 | Train: 0.159424 | Val: 0.162997 | Corr: 0.229270 | LR: 5.00e-04
2026-03-04 00:00:24,612 - INFO -   ↳ Saved best model (val_corr=0.229270)
2026-03-04 00:00:30,769 - INFO - Epoch  11/50 | Train: 0.158618 | Val: 0.163107 | Corr: 0.231272 | LR: 5.00e-04
2026-03-04 00:00:30,808 - INFO -   ↳ Saved best model (val_corr=0.231272)
2026-03-04 00:00:36,988 - INFO - Epoch  12/50 | Train: 0.157759 | Val: 0.163094 | Corr: 0.233699 | LR: 5.00e-04
2026-03-04 00:00:37,054 - INFO -   ↳ Saved best model (val_corr=0.233699)
2026-03-04 00:00:43,135 - INFO - Epoch  13/50 | Train: 0.157105 | Val: 0.164252 | Corr: 0.236022 | LR: 5.00e-04
2026-03-04 00:00:43,191 - INFO -   ↳ Saved best model (val_corr=0.236022)
2026-03-04 00:00:49,320 - INFO - Epoch  14/50 | Train: 0.156445 | Val: 0.162201 | Corr: 0.236612 | LR: 5.00e-04
2026-03-04 00:00:49,374 - INFO -   ↳ Saved best model (val_corr=0.236612)
2026-03-04 00:00:55,607 - INFO - Epoch  15/50 | Train: 0.155908 | Val: 0.162653 | Corr: 0.238222 | LR: 5.00e-04
2026-03-04 00:00:55,640 - INFO -   ↳ Saved best model (val_corr=0.238222)
2026-03-04 00:01:01,682 - INFO - Epoch  16/50 | Train: 0.155365 | Val: 0.162954 | Corr: 0.238250 | LR: 5.00e-04
2026-03-04 00:01:01,716 - INFO -   ↳ Saved best model (val_corr=0.238250)
2026-03-04 00:01:07,745 - INFO - Epoch  17/50 | Train: 0.154726 | Val: 0.161887 | Corr: 0.240101 | LR: 5.00e-04
2026-03-04 00:01:07,791 - INFO -   ↳ Saved best model (val_corr=0.240101)
2026-03-04 00:01:13,873 - INFO - Epoch  18/50 | Train: 0.154355 | Val: 0.161551 | Corr: 0.240948 | LR: 5.00e-04
2026-03-04 00:01:13,904 - INFO -   ↳ Saved best model (val_corr=0.240948)
2026-03-04 00:01:19,987 - INFO - Epoch  19/50 | Train: 0.153997 | Val: 0.162634 | Corr: 0.240901 | LR: 5.00e-04
2026-03-04 00:01:26,166 - INFO - Epoch  20/50 | Train: 0.153444 | Val: 0.161818 | Corr: 0.241003 | LR: 5.00e-04
2026-03-04 00:01:26,193 - INFO -   ↳ Saved best model (val_corr=0.241003)
2026-03-04 00:01:32,282 - INFO - Epoch  21/50 | Train: 0.153034 | Val: 0.162345 | Corr: 0.242350 | LR: 5.00e-04
2026-03-04 00:01:32,353 - INFO -   ↳ Saved best model (val_corr=0.242350)
2026-03-04 00:01:38,605 - INFO - Epoch  22/50 | Train: 0.152582 | Val: 0.163314 | Corr: 0.242026 | LR: 5.00e-04
2026-03-04 00:01:44,655 - INFO - Epoch  23/50 | Train: 0.152249 | Val: 0.163135 | Corr: 0.241650 | LR: 5.00e-04
2026-03-04 00:01:50,780 - INFO - Epoch  24/50 | Train: 0.152073 | Val: 0.163364 | Corr: 0.241896 | LR: 2.50e-04
2026-03-04 00:01:56,893 - INFO - Epoch  25/50 | Train: 0.150588 | Val: 0.161917 | Corr: 0.245006 | LR: 2.50e-04
2026-03-04 00:01:56,918 - INFO -   ↳ Saved best model (val_corr=0.245006)
2026-03-04 00:02:02,916 - INFO - Epoch  26/50 | Train: 0.150174 | Val: 0.162453 | Corr: 0.244128 | LR: 2.50e-04
2026-03-04 00:02:09,015 - INFO - Epoch  27/50 | Train: 0.149935 | Val: 0.162063 | Corr: 0.243589 | LR: 2.50e-04
2026-03-04 00:02:15,106 - INFO - Epoch  28/50 | Train: 0.149719 | Val: 0.162607 | Corr: 0.243834 | LR: 2.50e-04
2026-03-04 00:02:21,163 - INFO - Epoch  29/50 | Train: 0.149514 | Val: 0.162464 | Corr: 0.243849 | LR: 2.50e-04
2026-03-04 00:02:27,193 - INFO - Epoch  30/50 | Train: 0.149363 | Val: 0.162301 | Corr: 0.243519 | LR: 1.25e-04
2026-03-04 00:02:33,244 - INFO - Epoch  31/50 | Train: 0.148641 | Val: 0.162709 | Corr: 0.243757 | LR: 1.25e-04
2026-03-04 00:02:39,222 - INFO - Epoch  32/50 | Train: 0.148537 | Val: 0.162667 | Corr: 0.243628 | LR: 1.25e-04
2026-03-04 00:02:45,179 - INFO - Epoch  33/50 | Train: 0.148338 | Val: 0.162719 | Corr: 0.242625 | LR: 1.25e-04
2026-03-04 00:02:51,236 - INFO - Epoch  34/50 | Train: 0.148231 | Val: 0.162784 | Corr: 0.243681 | LR: 1.25e-04
2026-03-04 00:02:57,279 - INFO - Epoch  35/50 | Train: 0.148037 | Val: 0.162629 | Corr: 0.243331 | LR: 1.25e-04
2026-03-04 00:02:57,279 - INFO - Early stopping at epoch 35
2026-03-04 00:02:57,279 - INFO - Training complete — best val corr: 0.245006
2026-03-04 00:02:58,858 - INFO - Test loss: 0.153535, Test corr: 0.239938
2026-03-04 00:02:59,410 - INFO - Fraction of variance explained (FVE): 0.064367
2026-03-04 00:02:59,411 - INFO - Computing autoregressive (AR) test predictions …
2026-03-04 00:03:00,070 - INFO - AR FVE: -0.009705, AR test corr: 0.071276
2026-03-04 00:03:00,070 - INFO - Generating figures …
2026-03-04 00:03:00,697 - INFO - Correlation between predicted and actual per-neuron averages: r=0.9923, p=0.00e+00
2026-03-04 00:03:02,720 - INFO - Pattern selectivity summary:
2026-03-04 00:03:02,720 - INFO -   Mean correlation across neurons: 0.7293
2026-03-04 00:03:02,720 - INFO -   Median correlation: 0.7562
2026-03-04 00:03:02,720 - INFO -   Neurons with r > 0.5: 57 / 63
2026-03-04 00:03:02,720 - INFO -   Neurons with r > 0.3: 63 / 63
2026-03-04 00:03:02,720 - INFO - Pattern selectivity — mean neuron corr: 0.7293
2026-03-04 00:03:04,311 - INFO - LOO (avg rate) — Model mean r: 0.6106, LOO mean r: 0.4546, Neurons model > LOO: 55/63
2026-03-04 00:03:06,386 - INFO - LOO (temporal) — Model mean r: 0.2515, LOO mean r: 0.3186, Neurons model > LOO: 13/63
2026-03-04 00:03:06,386 - INFO - Skipping oracle trial plots (skip_oracle_plots=True)
2026-03-04 00:03:06,414 - INFO - Experiment complete. Summary: {
  "run_dir": "/scratch/sb272/patterns5k_results/slurm_hist_cnn_2026-03-03_15-13-01/trial_0110_learning_rate=5.0e-04_history=1_kernel_sizes=10x5_conv_channels=256x128_fc_dims=256_seed2",
  "model_type": "cnn",
  "batch_avg_test_loss": 0.1535348080396652,
  "batch_avg_test_corr": 0.23993798458281143,
  "all_test_fve": 0.06436670772613041,
  "AR_FVE": -0.009704880298130096,
  "AR_test_correlation": 0.07127645611763,
  "best_val_corr": 0.24500588792346178,
  "total_params": 483007,
  "trainable_params": 483007,
  "epochs_trained": 35,
  "mean_pattern_corr": 0.7293032641472875,
  "history": 1,
  "init_state": true,
  "loo_avg_mean_corr": 0.45456832695830385,
  "model_avg_mean_corr": 0.6106481207756101,
  "neurons_model_beats_loo_avg": 55,
  "loo_temporal_mean_corr": 0.31855225563049316,
  "all_test_corr": 0.251499205827713,
  "neurons_model_beats_loo_temporal": 13,
  "kernel_sizes": [
    10,
    5
  ],
  "conv_channels": [
    256,
    128
  ],
  "fc_dims": [
    256
  ]
}
