2026-03-05 19:52:14,469 - INFO - ============================================================
2026-03-05 19:52:14,469 - INFO - Experiment run directory: /scratch/sb272/patterns5k_results/slurm_hist_cnn_2026-03-05_16-01-45/trial_0013_learning_rate=1.0e-04_history=1_kernel_sizes=3x3x3_conv_channels=256x256x256_fc_dims=512_seed1
2026-03-05 19:52:14,469 - INFO - ============================================================
2026-03-05 19:52:14,469 - INFO - Loading data …
2026-03-05 19:52:15,294 - INFO - 63 unique neurons after dropping problematic neurons
2026-03-05 19:52:16,421 - INFO - Stimulation channels: 42, Spiking neurons: 63
2026-03-05 19:54:09,153 - INFO - Unique patterns: 4050, Total trials: 5000
2026-03-05 19:54:09,155 - INFO - Stimulation channels: 42, Spiking neurons: 63
2026-03-05 19:54:09,155 - INFO - Unique patterns: 4050, Total trials: 5000
2026-03-05 19:54:09,171 - INFO - Split (oracle): train=3400, val=600, test=1000
2026-03-05 19:54:31,311 - INFO - BinnedStimSpikeDataset initialized:
2026-03-05 19:54:31,312 - INFO -   input_bin_size_ms=10, output_bin_size_ms=10
2026-03-05 19:54:31,312 - INFO -   n_input_bins=60, n_output_bins=60
2026-03-05 19:54:31,312 - INFO -   output_offset=0, total_bins_input=60, total_bins_output=60
2026-03-05 19:54:31,312 - INFO -   Valid start positions per trial: 0 to 0
2026-03-05 19:54:31,312 - INFO -   Total samples: 3400 (3400 trials × 1 positions)
2026-03-05 19:54:52,842 - INFO - BinnedStimSpikeDataset initialized:
2026-03-05 19:54:52,843 - INFO -   input_bin_size_ms=10, output_bin_size_ms=10
2026-03-05 19:54:52,843 - INFO -   n_input_bins=60, n_output_bins=60
2026-03-05 19:54:52,843 - INFO -   output_offset=0, total_bins_input=60, total_bins_output=60
2026-03-05 19:54:52,843 - INFO -   Valid start positions per trial: 0 to 0
2026-03-05 19:54:52,843 - INFO -   Total samples: 600 (600 trials × 1 positions)
2026-03-05 19:55:14,565 - INFO - BinnedStimSpikeDataset initialized:
2026-03-05 19:55:14,565 - INFO -   input_bin_size_ms=10, output_bin_size_ms=10
2026-03-05 19:55:14,565 - INFO -   n_input_bins=60, n_output_bins=60
2026-03-05 19:55:14,565 - INFO -   output_offset=0, total_bins_input=60, total_bins_output=60
2026-03-05 19:55:14,565 - INFO -   Valid start positions per trial: 0 to 0
2026-03-05 19:55:14,565 - INFO -   Total samples: 1000 (1000 trials × 1 positions)
2026-03-05 19:55:14,565 - INFO - Samples — train: 3400, val: 600, test: 1000
2026-03-05 19:55:14,565 - INFO - Input channels: 105, Neurons: 63
2026-03-05 19:55:14,584 - INFO - Using CPU
2026-03-05 19:55:14,590 - INFO - Model: CNN — 640,063 trainable params (640,063 total)
2026-03-05 19:55:18,331 - INFO - Starting training …
2026-03-05 19:55:29,309 - INFO - Epoch   1/50 | Train: 0.317955 | Val: 0.180560 | Corr: 0.121393 | LR: 1.00e-04
2026-03-05 19:55:29,330 - INFO -   ↳ Saved best model (val_corr=0.121393)
2026-03-05 19:55:39,341 - INFO - Epoch   2/50 | Train: 0.178031 | Val: 0.175454 | Corr: 0.145777 | LR: 1.00e-04
2026-03-05 19:55:39,358 - INFO -   ↳ Saved best model (val_corr=0.145777)
2026-03-05 19:55:49,335 - INFO - Epoch   3/50 | Train: 0.175355 | Val: 0.172959 | Corr: 0.159088 | LR: 1.00e-04
2026-03-05 19:55:49,350 - INFO -   ↳ Saved best model (val_corr=0.159088)
2026-03-05 19:55:59,368 - INFO - Epoch   4/50 | Train: 0.173274 | Val: 0.171262 | Corr: 0.167718 | LR: 1.00e-04
2026-03-05 19:55:59,385 - INFO -   ↳ Saved best model (val_corr=0.167718)
2026-03-05 19:56:09,370 - INFO - Epoch   5/50 | Train: 0.171757 | Val: 0.170042 | Corr: 0.175320 | LR: 1.00e-04
2026-03-05 19:56:09,386 - INFO -   ↳ Saved best model (val_corr=0.175320)
2026-03-05 19:56:19,350 - INFO - Epoch   6/50 | Train: 0.170559 | Val: 0.168884 | Corr: 0.182851 | LR: 1.00e-04
2026-03-05 19:56:19,364 - INFO -   ↳ Saved best model (val_corr=0.182851)
2026-03-05 19:56:29,388 - INFO - Epoch   7/50 | Train: 0.169498 | Val: 0.168432 | Corr: 0.187744 | LR: 1.00e-04
2026-03-05 19:56:29,407 - INFO -   ↳ Saved best model (val_corr=0.187744)
2026-03-05 19:56:39,404 - INFO - Epoch   8/50 | Train: 0.168644 | Val: 0.167273 | Corr: 0.194274 | LR: 1.00e-04
2026-03-05 19:56:39,424 - INFO -   ↳ Saved best model (val_corr=0.194274)
2026-03-05 19:56:49,400 - INFO - Epoch   9/50 | Train: 0.167731 | Val: 0.166712 | Corr: 0.198942 | LR: 1.00e-04
2026-03-05 19:56:49,417 - INFO -   ↳ Saved best model (val_corr=0.198942)
2026-03-05 19:56:59,453 - INFO - Epoch  10/50 | Train: 0.166889 | Val: 0.166001 | Corr: 0.203977 | LR: 1.00e-04
2026-03-05 19:56:59,469 - INFO -   ↳ Saved best model (val_corr=0.203977)
2026-03-05 19:57:09,464 - INFO - Epoch  11/50 | Train: 0.166182 | Val: 0.165160 | Corr: 0.209048 | LR: 1.00e-04
2026-03-05 19:57:09,488 - INFO -   ↳ Saved best model (val_corr=0.209048)
2026-03-05 19:57:19,432 - INFO - Epoch  12/50 | Train: 0.165429 | Val: 0.164616 | Corr: 0.213792 | LR: 1.00e-04
2026-03-05 19:57:19,453 - INFO -   ↳ Saved best model (val_corr=0.213792)
2026-03-05 19:57:29,420 - INFO - Epoch  13/50 | Train: 0.164916 | Val: 0.164361 | Corr: 0.217802 | LR: 1.00e-04
2026-03-05 19:57:29,437 - INFO -   ↳ Saved best model (val_corr=0.217802)
2026-03-05 19:57:39,445 - INFO - Epoch  14/50 | Train: 0.164294 | Val: 0.164454 | Corr: 0.220747 | LR: 1.00e-04
2026-03-05 19:57:39,468 - INFO -   ↳ Saved best model (val_corr=0.220747)
2026-03-05 19:57:49,480 - INFO - Epoch  15/50 | Train: 0.163759 | Val: 0.163323 | Corr: 0.224781 | LR: 1.00e-04
2026-03-05 19:57:49,494 - INFO -   ↳ Saved best model (val_corr=0.224781)
2026-03-05 19:57:59,459 - INFO - Epoch  16/50 | Train: 0.163312 | Val: 0.163254 | Corr: 0.226878 | LR: 1.00e-04
2026-03-05 19:57:59,476 - INFO -   ↳ Saved best model (val_corr=0.226878)
2026-03-05 19:58:09,443 - INFO - Epoch  17/50 | Train: 0.162874 | Val: 0.162769 | Corr: 0.230666 | LR: 1.00e-04
2026-03-05 19:58:09,463 - INFO -   ↳ Saved best model (val_corr=0.230666)
2026-03-05 19:58:19,392 - INFO - Epoch  18/50 | Train: 0.162462 | Val: 0.162304 | Corr: 0.233720 | LR: 1.00e-04
2026-03-05 19:58:19,412 - INFO -   ↳ Saved best model (val_corr=0.233720)
2026-03-05 19:58:29,399 - INFO - Epoch  19/50 | Train: 0.162087 | Val: 0.162233 | Corr: 0.235446 | LR: 1.00e-04
2026-03-05 19:58:29,423 - INFO -   ↳ Saved best model (val_corr=0.235446)
2026-03-05 19:58:39,448 - INFO - Epoch  20/50 | Train: 0.161734 | Val: 0.161908 | Corr: 0.237981 | LR: 1.00e-04
2026-03-05 19:58:39,474 - INFO -   ↳ Saved best model (val_corr=0.237981)
2026-03-05 19:58:49,484 - INFO - Epoch  21/50 | Train: 0.161267 | Val: 0.161767 | Corr: 0.239402 | LR: 1.00e-04
2026-03-05 19:58:49,502 - INFO -   ↳ Saved best model (val_corr=0.239402)
2026-03-05 19:58:59,531 - INFO - Epoch  22/50 | Train: 0.161034 | Val: 0.161775 | Corr: 0.241813 | LR: 1.00e-04
2026-03-05 19:58:59,548 - INFO -   ↳ Saved best model (val_corr=0.241813)
2026-03-05 19:59:09,537 - INFO - Epoch  23/50 | Train: 0.160697 | Val: 0.161073 | Corr: 0.244328 | LR: 1.00e-04
2026-03-05 19:59:09,556 - INFO -   ↳ Saved best model (val_corr=0.244328)
2026-03-05 19:59:19,574 - INFO - Epoch  24/50 | Train: 0.160413 | Val: 0.160952 | Corr: 0.245360 | LR: 1.00e-04
2026-03-05 19:59:19,590 - INFO -   ↳ Saved best model (val_corr=0.245360)
2026-03-05 19:59:29,589 - INFO - Epoch  25/50 | Train: 0.160085 | Val: 0.160796 | Corr: 0.247260 | LR: 1.00e-04
2026-03-05 19:59:29,607 - INFO -   ↳ Saved best model (val_corr=0.247260)
2026-03-05 19:59:39,626 - INFO - Epoch  26/50 | Train: 0.159785 | Val: 0.160814 | Corr: 0.248979 | LR: 1.00e-04
2026-03-05 19:59:39,645 - INFO -   ↳ Saved best model (val_corr=0.248979)
2026-03-05 19:59:49,663 - INFO - Epoch  27/50 | Train: 0.159518 | Val: 0.160473 | Corr: 0.249907 | LR: 1.00e-04
2026-03-05 19:59:49,680 - INFO -   ↳ Saved best model (val_corr=0.249907)
2026-03-05 19:59:59,724 - INFO - Epoch  28/50 | Train: 0.159276 | Val: 0.160508 | Corr: 0.251828 | LR: 1.00e-04
2026-03-05 19:59:59,747 - INFO -   ↳ Saved best model (val_corr=0.251828)
2026-03-05 20:00:09,774 - INFO - Epoch  29/50 | Train: 0.159035 | Val: 0.160331 | Corr: 0.252387 | LR: 1.00e-04
2026-03-05 20:00:09,792 - INFO -   ↳ Saved best model (val_corr=0.252387)
2026-03-05 20:00:19,813 - INFO - Epoch  30/50 | Train: 0.158830 | Val: 0.160654 | Corr: 0.251514 | LR: 1.00e-04
2026-03-05 20:00:29,853 - INFO - Epoch  31/50 | Train: 0.158574 | Val: 0.159824 | Corr: 0.254303 | LR: 1.00e-04
2026-03-05 20:00:29,873 - INFO -   ↳ Saved best model (val_corr=0.254303)
2026-03-05 20:00:39,899 - INFO - Epoch  32/50 | Train: 0.158301 | Val: 0.159817 | Corr: 0.255582 | LR: 1.00e-04
2026-03-05 20:00:39,920 - INFO -   ↳ Saved best model (val_corr=0.255582)
2026-03-05 20:00:49,916 - INFO - Epoch  33/50 | Train: 0.158153 | Val: 0.159808 | Corr: 0.255592 | LR: 1.00e-04
2026-03-05 20:00:49,938 - INFO -   ↳ Saved best model (val_corr=0.255592)
2026-03-05 20:01:00,002 - INFO - Epoch  34/50 | Train: 0.157972 | Val: 0.159823 | Corr: 0.256969 | LR: 1.00e-04
2026-03-05 20:01:00,019 - INFO -   ↳ Saved best model (val_corr=0.256969)
2026-03-05 20:01:10,037 - INFO - Epoch  35/50 | Train: 0.157804 | Val: 0.159545 | Corr: 0.257661 | LR: 1.00e-04
2026-03-05 20:01:10,054 - INFO -   ↳ Saved best model (val_corr=0.257661)
2026-03-05 20:01:20,048 - INFO - Epoch  36/50 | Train: 0.157606 | Val: 0.159649 | Corr: 0.257862 | LR: 1.00e-04
2026-03-05 20:01:20,065 - INFO -   ↳ Saved best model (val_corr=0.257862)
2026-03-05 20:01:30,062 - INFO - Epoch  37/50 | Train: 0.157299 | Val: 0.159441 | Corr: 0.259889 | LR: 1.00e-04
2026-03-05 20:01:30,082 - INFO -   ↳ Saved best model (val_corr=0.259889)
2026-03-05 20:01:40,076 - INFO - Epoch  38/50 | Train: 0.157230 | Val: 0.159427 | Corr: 0.260083 | LR: 1.00e-04
2026-03-05 20:01:40,092 - INFO -   ↳ Saved best model (val_corr=0.260083)
2026-03-05 20:01:49,999 - INFO - Epoch  39/50 | Train: 0.157027 | Val: 0.159654 | Corr: 0.259831 | LR: 1.00e-04
2026-03-05 20:01:59,979 - INFO - Epoch  40/50 | Train: 0.156853 | Val: 0.159248 | Corr: 0.262130 | LR: 1.00e-04
2026-03-05 20:01:59,995 - INFO -   ↳ Saved best model (val_corr=0.262130)
2026-03-05 20:02:09,949 - INFO - Epoch  41/50 | Train: 0.156732 | Val: 0.159187 | Corr: 0.261458 | LR: 1.00e-04
2026-03-05 20:02:19,877 - INFO - Epoch  42/50 | Train: 0.156553 | Val: 0.159063 | Corr: 0.262525 | LR: 1.00e-04
2026-03-05 20:02:19,895 - INFO -   ↳ Saved best model (val_corr=0.262525)
2026-03-05 20:02:29,835 - INFO - Epoch  43/50 | Train: 0.156366 | Val: 0.159448 | Corr: 0.262465 | LR: 1.00e-04
2026-03-05 20:02:39,817 - INFO - Epoch  44/50 | Train: 0.156153 | Val: 0.159317 | Corr: 0.263520 | LR: 1.00e-04
2026-03-05 20:02:39,836 - INFO -   ↳ Saved best model (val_corr=0.263520)
2026-03-05 20:02:49,851 - INFO - Epoch  45/50 | Train: 0.156131 | Val: 0.158890 | Corr: 0.264661 | LR: 1.00e-04
2026-03-05 20:02:49,871 - INFO -   ↳ Saved best model (val_corr=0.264661)
2026-03-05 20:03:00,809 - INFO - Epoch  46/50 | Train: 0.155880 | Val: 0.158805 | Corr: 0.264639 | LR: 1.00e-04
2026-03-05 20:03:11,837 - INFO - Epoch  47/50 | Train: 0.155850 | Val: 0.158728 | Corr: 0.265464 | LR: 1.00e-04
2026-03-05 20:03:11,854 - INFO -   ↳ Saved best model (val_corr=0.265464)
2026-03-05 20:03:22,959 - INFO - Epoch  48/50 | Train: 0.155623 | Val: 0.158993 | Corr: 0.265341 | LR: 1.00e-04
2026-03-05 20:03:33,964 - INFO - Epoch  49/50 | Train: 0.155496 | Val: 0.158712 | Corr: 0.265651 | LR: 1.00e-04
2026-03-05 20:03:33,983 - INFO -   ↳ Saved best model (val_corr=0.265651)
2026-03-05 20:03:44,870 - INFO - Epoch  50/50 | Train: 0.155408 | Val: 0.158798 | Corr: 0.266922 | LR: 1.00e-04
2026-03-05 20:03:44,884 - INFO -   ↳ Saved best model (val_corr=0.266922)
2026-03-05 20:03:44,884 - INFO - Training complete — best val corr: 0.266922
2026-03-05 20:03:46,758 - INFO - Test loss: 0.150427, Test corr: 0.257481
2026-03-05 20:03:47,560 - INFO - Fraction of variance explained (FVE): 0.075046
2026-03-05 20:03:47,560 - INFO - Computing autoregressive (AR) test predictions …
2026-03-05 20:03:48,546 - INFO - AR FVE: -0.010093, AR test corr: 0.074469
2026-03-05 20:03:48,546 - INFO - Generating figures …
2026-03-05 20:03:49,006 - INFO - Correlation between predicted and actual per-neuron averages: r=0.9952, p=0.00e+00
2026-03-05 20:03:51,414 - INFO - Pattern selectivity summary:
2026-03-05 20:03:51,414 - INFO -   Mean correlation across neurons: 0.7580
2026-03-05 20:03:51,414 - INFO -   Median correlation: 0.7752
2026-03-05 20:03:51,414 - INFO -   Neurons with r > 0.5: 59 / 63
2026-03-05 20:03:51,414 - INFO -   Neurons with r > 0.3: 63 / 63
2026-03-05 20:03:51,414 - INFO - Pattern selectivity — mean neuron corr: 0.7580
2026-03-05 20:03:53,447 - INFO - LOO (avg rate) — Model mean r: 0.6280, LOO mean r: 0.4546, Neurons model > LOO: 56/63
2026-03-05 20:03:55,985 - INFO - LOO (temporal) — Model mean r: 0.2678, LOO mean r: 0.3186, Neurons model > LOO: 15/63
2026-03-05 20:03:55,985 - INFO - Skipping oracle trial plots (skip_oracle_plots=True)
2026-03-05 20:03:55,991 - INFO - Experiment complete. Summary: {
  "run_dir": "/scratch/sb272/patterns5k_results/slurm_hist_cnn_2026-03-05_16-01-45/trial_0013_learning_rate=1.0e-04_history=1_kernel_sizes=3x3x3_conv_channels=256x256x256_fc_dims=512_seed1",
  "model_type": "cnn",
  "batch_avg_test_loss": 0.1504273180961609,
  "batch_avg_test_corr": 0.2574807525309639,
  "all_test_fve": 0.07504614099623665,
  "AR_FVE": -0.010092805302332319,
  "AR_test_correlation": 0.0744692012667656,
  "best_val_corr": 0.2669217574478581,
  "total_params": 640063,
  "trainable_params": 640063,
  "epochs_trained": 50,
  "mean_pattern_corr": 0.757989348622514,
  "history": 1,
  "init_state": true,
  "loo_avg_mean_corr": 0.45456832695830385,
  "model_avg_mean_corr": 0.6280462866503752,
  "neurons_model_beats_loo_avg": 56,
  "loo_temporal_mean_corr": 0.31855225563049316,
  "all_test_corr": 0.2677755057811737,
  "neurons_model_beats_loo_temporal": 15,
  "kernel_sizes": [
    3,
    3,
    3
  ],
  "conv_channels": [
    256,
    256,
    256
  ],
  "fc_dims": [
    512
  ]
}
