2026-03-04 02:01:13,099 - INFO - ============================================================
2026-03-04 02:01:13,100 - INFO - Experiment run directory: /scratch/sb272/patterns5k_results/slurm_hist_cnn_2026-03-03_15-13-01/trial_0294_learning_rate=1.0e-03_history=5_kernel_sizes=3_conv_channels=256_fc_dims=256_seed2
2026-03-04 02:01:13,100 - INFO - ============================================================
2026-03-04 02:01:13,100 - INFO - Loading data …
2026-03-04 02:01:14,029 - INFO - 63 unique neurons after dropping problematic neurons
2026-03-04 02:01:15,353 - INFO - Stimulation channels: 42, Spiking neurons: 63
2026-03-04 02:03:27,034 - INFO - Unique patterns: 4050, Total trials: 5000
2026-03-04 02:03:27,037 - INFO - Stimulation channels: 42, Spiking neurons: 63
2026-03-04 02:03:27,037 - INFO - Unique patterns: 4050, Total trials: 5000
2026-03-04 02:03:27,054 - INFO - Split (oracle): train=3400, val=600, test=1000
2026-03-04 02:03:53,125 - INFO - BinnedStimSpikeDataset initialized:
2026-03-04 02:03:53,127 - INFO -   input_bin_size_ms=10, output_bin_size_ms=10
2026-03-04 02:03:53,127 - INFO -   n_input_bins=60, n_output_bins=60
2026-03-04 02:03:53,127 - INFO -   output_offset=0, total_bins_input=60, total_bins_output=60
2026-03-04 02:03:53,127 - INFO -   Valid start positions per trial: 0 to 0
2026-03-04 02:03:53,127 - INFO -   Total samples: 3400 (3400 trials × 1 positions)
2026-03-04 02:04:18,489 - INFO - BinnedStimSpikeDataset initialized:
2026-03-04 02:04:18,490 - INFO -   input_bin_size_ms=10, output_bin_size_ms=10
2026-03-04 02:04:18,490 - INFO -   n_input_bins=60, n_output_bins=60
2026-03-04 02:04:18,490 - INFO -   output_offset=0, total_bins_input=60, total_bins_output=60
2026-03-04 02:04:18,490 - INFO -   Valid start positions per trial: 0 to 0
2026-03-04 02:04:18,490 - INFO -   Total samples: 600 (600 trials × 1 positions)
2026-03-04 02:04:44,740 - INFO - BinnedStimSpikeDataset initialized:
2026-03-04 02:04:44,740 - INFO -   input_bin_size_ms=10, output_bin_size_ms=10
2026-03-04 02:04:44,740 - INFO -   n_input_bins=60, n_output_bins=60
2026-03-04 02:04:44,740 - INFO -   output_offset=0, total_bins_input=60, total_bins_output=60
2026-03-04 02:04:44,740 - INFO -   Valid start positions per trial: 0 to 0
2026-03-04 02:04:44,740 - INFO -   Total samples: 1000 (1000 trials × 1 positions)
2026-03-04 02:04:44,741 - INFO - Samples — train: 3400, val: 600, test: 1000
2026-03-04 02:04:44,741 - INFO - Input channels: 105, Neurons: 63
2026-03-04 02:04:44,741 - INFO - Using CPU
2026-03-04 02:04:44,757 - INFO - Model: CNN — 163,391 trainable params (163,391 total)
2026-03-04 02:04:59,769 - INFO - Starting training …
2026-03-04 02:05:06,463 - INFO - Epoch   1/50 | Train: 0.221937 | Val: 0.185973 | Corr: 0.048833 | LR: 1.00e-03
2026-03-04 02:05:06,509 - INFO -   ↳ Saved best model (val_corr=0.048833)
2026-03-04 02:05:11,577 - INFO - Epoch   2/50 | Train: 0.186632 | Val: 0.183598 | Corr: 0.068471 | LR: 1.00e-03
2026-03-04 02:05:11,602 - INFO -   ↳ Saved best model (val_corr=0.068471)
2026-03-04 02:05:16,842 - INFO - Epoch   3/50 | Train: 0.183958 | Val: 0.181934 | Corr: 0.084571 | LR: 1.00e-03
2026-03-04 02:05:16,861 - INFO -   ↳ Saved best model (val_corr=0.084571)
2026-03-04 02:05:22,211 - INFO - Epoch   4/50 | Train: 0.181861 | Val: 0.180393 | Corr: 0.093746 | LR: 1.00e-03
2026-03-04 02:05:22,233 - INFO -   ↳ Saved best model (val_corr=0.093746)
2026-03-04 02:05:27,807 - INFO - Epoch   5/50 | Train: 0.180396 | Val: 0.179790 | Corr: 0.102655 | LR: 1.00e-03
2026-03-04 02:05:27,821 - INFO -   ↳ Saved best model (val_corr=0.102655)
2026-03-04 02:05:33,223 - INFO - Epoch   6/50 | Train: 0.179205 | Val: 0.178812 | Corr: 0.108991 | LR: 1.00e-03
2026-03-04 02:05:33,251 - INFO -   ↳ Saved best model (val_corr=0.108991)
2026-03-04 02:05:38,622 - INFO - Epoch   7/50 | Train: 0.178688 | Val: 0.178605 | Corr: 0.114422 | LR: 1.00e-03
2026-03-04 02:05:38,647 - INFO -   ↳ Saved best model (val_corr=0.114422)
2026-03-04 02:05:44,110 - INFO - Epoch   8/50 | Train: 0.177755 | Val: 0.178038 | Corr: 0.119232 | LR: 1.00e-03
2026-03-04 02:05:44,135 - INFO -   ↳ Saved best model (val_corr=0.119232)
2026-03-04 02:05:49,526 - INFO - Epoch   9/50 | Train: 0.177067 | Val: 0.177834 | Corr: 0.120146 | LR: 1.00e-03
2026-03-04 02:05:49,550 - INFO -   ↳ Saved best model (val_corr=0.120146)
2026-03-04 02:05:54,787 - INFO - Epoch  10/50 | Train: 0.176542 | Val: 0.177359 | Corr: 0.124415 | LR: 1.00e-03
2026-03-04 02:05:54,813 - INFO -   ↳ Saved best model (val_corr=0.124415)
2026-03-04 02:06:00,183 - INFO - Epoch  11/50 | Train: 0.176061 | Val: 0.176957 | Corr: 0.127570 | LR: 1.00e-03
2026-03-04 02:06:00,214 - INFO -   ↳ Saved best model (val_corr=0.127570)
2026-03-04 02:06:05,509 - INFO - Epoch  12/50 | Train: 0.175748 | Val: 0.176925 | Corr: 0.128826 | LR: 1.00e-03
2026-03-04 02:06:05,534 - INFO -   ↳ Saved best model (val_corr=0.128826)
2026-03-04 02:06:10,971 - INFO - Epoch  13/50 | Train: 0.175382 | Val: 0.176695 | Corr: 0.129929 | LR: 1.00e-03
2026-03-04 02:06:11,007 - INFO -   ↳ Saved best model (val_corr=0.129929)
2026-03-04 02:06:16,288 - INFO - Epoch  14/50 | Train: 0.175008 | Val: 0.176598 | Corr: 0.131467 | LR: 1.00e-03
2026-03-04 02:06:16,320 - INFO -   ↳ Saved best model (val_corr=0.131467)
2026-03-04 02:06:21,801 - INFO - Epoch  15/50 | Train: 0.174585 | Val: 0.176468 | Corr: 0.133810 | LR: 1.00e-03
2026-03-04 02:06:21,839 - INFO -   ↳ Saved best model (val_corr=0.133810)
2026-03-04 02:06:27,234 - INFO - Epoch  16/50 | Train: 0.174243 | Val: 0.176616 | Corr: 0.135470 | LR: 1.00e-03
2026-03-04 02:06:27,275 - INFO -   ↳ Saved best model (val_corr=0.135470)
2026-03-04 02:06:32,745 - INFO - Epoch  17/50 | Train: 0.173976 | Val: 0.176299 | Corr: 0.134003 | LR: 1.00e-03
2026-03-04 02:06:38,098 - INFO - Epoch  18/50 | Train: 0.173799 | Val: 0.176585 | Corr: 0.136562 | LR: 1.00e-03
2026-03-04 02:06:38,137 - INFO -   ↳ Saved best model (val_corr=0.136562)
2026-03-04 02:06:43,431 - INFO - Epoch  19/50 | Train: 0.173399 | Val: 0.176201 | Corr: 0.136584 | LR: 1.00e-03
2026-03-04 02:06:43,461 - INFO -   ↳ Saved best model (val_corr=0.136584)
2026-03-04 02:06:49,013 - INFO - Epoch  20/50 | Train: 0.173167 | Val: 0.176116 | Corr: 0.137069 | LR: 1.00e-03
2026-03-04 02:06:49,030 - INFO -   ↳ Saved best model (val_corr=0.137069)
2026-03-04 02:06:54,381 - INFO - Epoch  21/50 | Train: 0.172864 | Val: 0.176159 | Corr: 0.136905 | LR: 1.00e-03
2026-03-04 02:06:59,880 - INFO - Epoch  22/50 | Train: 0.172602 | Val: 0.176126 | Corr: 0.135959 | LR: 1.00e-03
2026-03-04 02:07:05,247 - INFO - Epoch  23/50 | Train: 0.172383 | Val: 0.176424 | Corr: 0.135322 | LR: 1.00e-03
2026-03-04 02:07:10,599 - INFO - Epoch  24/50 | Train: 0.172162 | Val: 0.176561 | Corr: 0.137008 | LR: 1.00e-03
2026-03-04 02:07:15,961 - INFO - Epoch  25/50 | Train: 0.171957 | Val: 0.176455 | Corr: 0.136944 | LR: 1.00e-03
2026-03-04 02:07:21,294 - INFO - Epoch  26/50 | Train: 0.171731 | Val: 0.176511 | Corr: 0.137406 | LR: 5.00e-04
2026-03-04 02:07:21,325 - INFO -   ↳ Saved best model (val_corr=0.137406)
2026-03-04 02:07:26,606 - INFO - Epoch  27/50 | Train: 0.170774 | Val: 0.176044 | Corr: 0.138590 | LR: 5.00e-04
2026-03-04 02:07:26,627 - INFO -   ↳ Saved best model (val_corr=0.138590)
2026-03-04 02:07:31,875 - INFO - Epoch  28/50 | Train: 0.170618 | Val: 0.176376 | Corr: 0.138911 | LR: 5.00e-04
2026-03-04 02:07:31,914 - INFO -   ↳ Saved best model (val_corr=0.138911)
2026-03-04 02:07:37,141 - INFO - Epoch  29/50 | Train: 0.170467 | Val: 0.176226 | Corr: 0.137251 | LR: 5.00e-04
2026-03-04 02:07:42,142 - INFO - Epoch  30/50 | Train: 0.170358 | Val: 0.176825 | Corr: 0.138291 | LR: 5.00e-04
2026-03-04 02:07:47,439 - INFO - Epoch  31/50 | Train: 0.170216 | Val: 0.176620 | Corr: 0.138205 | LR: 5.00e-04
2026-03-04 02:07:52,485 - INFO - Epoch  32/50 | Train: 0.170086 | Val: 0.176298 | Corr: 0.139084 | LR: 5.00e-04
2026-03-04 02:07:52,510 - INFO -   ↳ Saved best model (val_corr=0.139084)
2026-03-04 02:07:57,513 - INFO - Epoch  33/50 | Train: 0.170085 | Val: 0.176209 | Corr: 0.138902 | LR: 2.50e-04
2026-03-04 02:08:02,589 - INFO - Epoch  34/50 | Train: 0.169499 | Val: 0.176178 | Corr: 0.139735 | LR: 2.50e-04
2026-03-04 02:08:02,649 - INFO -   ↳ Saved best model (val_corr=0.139735)
2026-03-04 02:08:07,899 - INFO - Epoch  35/50 | Train: 0.169419 | Val: 0.176383 | Corr: 0.139661 | LR: 2.50e-04
2026-03-04 02:08:12,981 - INFO - Epoch  36/50 | Train: 0.169297 | Val: 0.176168 | Corr: 0.139236 | LR: 2.50e-04
2026-03-04 02:08:18,064 - INFO - Epoch  37/50 | Train: 0.169207 | Val: 0.176185 | Corr: 0.138743 | LR: 2.50e-04
2026-03-04 02:08:23,291 - INFO - Epoch  38/50 | Train: 0.169258 | Val: 0.176426 | Corr: 0.138911 | LR: 2.50e-04
2026-03-04 02:08:28,319 - INFO - Epoch  39/50 | Train: 0.169152 | Val: 0.176355 | Corr: 0.138745 | LR: 1.25e-04
2026-03-04 02:08:33,553 - INFO - Epoch  40/50 | Train: 0.168958 | Val: 0.176617 | Corr: 0.139379 | LR: 1.25e-04
2026-03-04 02:08:38,878 - INFO - Epoch  41/50 | Train: 0.168835 | Val: 0.176713 | Corr: 0.139046 | LR: 1.25e-04
2026-03-04 02:08:44,051 - INFO - Epoch  42/50 | Train: 0.168728 | Val: 0.176557 | Corr: 0.139091 | LR: 1.25e-04
2026-03-04 02:08:49,361 - INFO - Epoch  43/50 | Train: 0.168711 | Val: 0.176350 | Corr: 0.139073 | LR: 1.25e-04
2026-03-04 02:08:54,565 - INFO - Epoch  44/50 | Train: 0.168663 | Val: 0.176444 | Corr: 0.139105 | LR: 1.25e-04
2026-03-04 02:08:54,565 - INFO - Early stopping at epoch 44
2026-03-04 02:08:54,565 - INFO - Training complete — best val corr: 0.139735
2026-03-04 02:08:56,552 - INFO - Test loss: 0.167667, Test corr: 0.138374
2026-03-04 02:08:56,947 - INFO - Fraction of variance explained (FVE): 0.022142
2026-03-04 02:08:56,947 - INFO - Computing autoregressive (AR) test predictions …
2026-03-04 02:08:57,556 - INFO - AR FVE: 0.019097, AR test corr: 0.129532
2026-03-04 02:08:57,556 - INFO - Generating figures …
2026-03-04 02:08:58,316 - INFO - Correlation between predicted and actual per-neuron averages: r=0.9939, p=0.00e+00
2026-03-04 02:09:00,821 - INFO - Pattern selectivity summary:
2026-03-04 02:09:00,821 - INFO -   Mean correlation across neurons: 0.5869
2026-03-04 02:09:00,821 - INFO -   Median correlation: 0.6185
2026-03-04 02:09:00,821 - INFO -   Neurons with r > 0.5: 45 / 63
2026-03-04 02:09:00,821 - INFO -   Neurons with r > 0.3: 60 / 63
2026-03-04 02:09:00,821 - INFO - Pattern selectivity — mean neuron corr: 0.5869
2026-03-04 02:09:02,957 - INFO - LOO (avg rate) — Model mean r: 0.4319, LOO mean r: 0.4546, Neurons model > LOO: 17/63
2026-03-04 02:09:05,408 - INFO - LOO (temporal) — Model mean r: 0.1450, LOO mean r: 0.3186, Neurons model > LOO: 2/63
2026-03-04 02:09:05,409 - INFO - Skipping oracle trial plots (skip_oracle_plots=True)
2026-03-04 02:09:05,426 - INFO - Experiment complete. Summary: {
  "run_dir": "/scratch/sb272/patterns5k_results/slurm_hist_cnn_2026-03-03_15-13-01/trial_0294_learning_rate=1.0e-03_history=5_kernel_sizes=3_conv_channels=256_fc_dims=256_seed2",
  "model_type": "cnn",
  "batch_avg_test_loss": 0.16766741275787353,
  "batch_avg_test_corr": 0.13837446659839767,
  "all_test_fve": 0.02214200912959992,
  "AR_FVE": 0.019097028270600332,
  "AR_test_correlation": 0.12953215837478638,
  "best_val_corr": 0.13973508245963073,
  "total_params": 163391,
  "trainable_params": 163391,
  "epochs_trained": 44,
  "mean_pattern_corr": 0.5868729099583918,
  "history": 5,
  "init_state": true,
  "loo_avg_mean_corr": 0.45456832695830385,
  "model_avg_mean_corr": 0.43187285735625236,
  "neurons_model_beats_loo_avg": 17,
  "loo_temporal_mean_corr": 0.31855225563049316,
  "all_test_corr": 0.14501838386058807,
  "neurons_model_beats_loo_temporal": 2,
  "kernel_sizes": [
    3
  ],
  "conv_channels": [
    256
  ],
  "fc_dims": [
    256
  ]
}
