2026-03-03 23:57:52,902 - INFO - ============================================================
2026-03-03 23:57:52,902 - INFO - Experiment run directory: /scratch/sb272/patterns5k_results/slurm_hist_cnn_2026-03-03_15-13-01/trial_0257_learning_rate=1.0e-03_history=2_kernel_sizes=10x5_conv_channels=256x128_fc_dims=256_seed1
2026-03-03 23:57:52,902 - INFO - ============================================================
2026-03-03 23:57:52,902 - INFO - Loading data …
2026-03-03 23:57:53,868 - INFO - 63 unique neurons after dropping problematic neurons
2026-03-03 23:57:55,251 - INFO - Stimulation channels: 42, Spiking neurons: 63
2026-03-04 00:00:15,775 - INFO - Unique patterns: 4050, Total trials: 5000
2026-03-04 00:00:15,786 - INFO - Stimulation channels: 42, Spiking neurons: 63
2026-03-04 00:00:15,786 - INFO - Unique patterns: 4050, Total trials: 5000
2026-03-04 00:00:15,804 - INFO - Split (oracle): train=3400, val=600, test=1000
2026-03-04 00:00:45,124 - INFO - BinnedStimSpikeDataset initialized:
2026-03-04 00:00:45,128 - INFO -   input_bin_size_ms=10, output_bin_size_ms=10
2026-03-04 00:00:45,128 - INFO -   n_input_bins=60, n_output_bins=60
2026-03-04 00:00:45,128 - INFO -   output_offset=0, total_bins_input=60, total_bins_output=60
2026-03-04 00:00:45,128 - INFO -   Valid start positions per trial: 0 to 0
2026-03-04 00:00:45,128 - INFO -   Total samples: 3400 (3400 trials × 1 positions)
2026-03-04 00:01:14,181 - INFO - BinnedStimSpikeDataset initialized:
2026-03-04 00:01:14,182 - INFO -   input_bin_size_ms=10, output_bin_size_ms=10
2026-03-04 00:01:14,182 - INFO -   n_input_bins=60, n_output_bins=60
2026-03-04 00:01:14,182 - INFO -   output_offset=0, total_bins_input=60, total_bins_output=60
2026-03-04 00:01:14,182 - INFO -   Valid start positions per trial: 0 to 0
2026-03-04 00:01:14,182 - INFO -   Total samples: 600 (600 trials × 1 positions)
2026-03-04 00:01:42,885 - INFO - BinnedStimSpikeDataset initialized:
2026-03-04 00:01:42,885 - INFO -   input_bin_size_ms=10, output_bin_size_ms=10
2026-03-04 00:01:42,885 - INFO -   n_input_bins=60, n_output_bins=60
2026-03-04 00:01:42,885 - INFO -   output_offset=0, total_bins_input=60, total_bins_output=60
2026-03-04 00:01:42,885 - INFO -   Valid start positions per trial: 0 to 0
2026-03-04 00:01:42,885 - INFO -   Total samples: 1000 (1000 trials × 1 positions)
2026-03-04 00:01:42,885 - INFO - Samples — train: 3400, val: 600, test: 1000
2026-03-04 00:01:42,885 - INFO - Input channels: 105, Neurons: 63
2026-03-04 00:01:42,907 - INFO - Using CPU
2026-03-04 00:01:42,927 - INFO - Model: CNN — 483,007 trainable params (483,007 total)
2026-03-04 00:01:56,121 - INFO - Starting training …
2026-03-04 00:02:07,674 - INFO - Epoch   1/50 | Train: 0.213489 | Val: 0.175395 | Corr: 0.141648 | LR: 1.00e-03
2026-03-04 00:02:07,715 - INFO -   ↳ Saved best model (val_corr=0.141648)
2026-03-04 00:02:18,251 - INFO - Epoch   2/50 | Train: 0.173291 | Val: 0.171837 | Corr: 0.171370 | LR: 1.00e-03
2026-03-04 00:02:18,283 - INFO -   ↳ Saved best model (val_corr=0.171370)
2026-03-04 00:02:28,702 - INFO - Epoch   3/50 | Train: 0.169689 | Val: 0.170874 | Corr: 0.185915 | LR: 1.00e-03
2026-03-04 00:02:28,735 - INFO -   ↳ Saved best model (val_corr=0.185915)
2026-03-04 00:02:39,036 - INFO - Epoch   4/50 | Train: 0.167274 | Val: 0.167823 | Corr: 0.196632 | LR: 1.00e-03
2026-03-04 00:02:39,087 - INFO -   ↳ Saved best model (val_corr=0.196632)
2026-03-04 00:02:49,412 - INFO - Epoch   5/50 | Train: 0.165248 | Val: 0.166551 | Corr: 0.206530 | LR: 1.00e-03
2026-03-04 00:02:49,462 - INFO -   ↳ Saved best model (val_corr=0.206530)
2026-03-04 00:03:00,458 - INFO - Epoch   6/50 | Train: 0.163509 | Val: 0.167036 | Corr: 0.215748 | LR: 1.00e-03
2026-03-04 00:03:00,556 - INFO -   ↳ Saved best model (val_corr=0.215748)
2026-03-04 00:03:11,166 - INFO - Epoch   7/50 | Train: 0.162230 | Val: 0.164928 | Corr: 0.220077 | LR: 1.00e-03
2026-03-04 00:03:11,206 - INFO -   ↳ Saved best model (val_corr=0.220077)
2026-03-04 00:03:21,812 - INFO - Epoch   8/50 | Train: 0.160892 | Val: 0.165938 | Corr: 0.224444 | LR: 1.00e-03
2026-03-04 00:03:21,837 - INFO -   ↳ Saved best model (val_corr=0.224444)
2026-03-04 00:03:32,968 - INFO - Epoch   9/50 | Train: 0.159864 | Val: 0.165233 | Corr: 0.227224 | LR: 1.00e-03
2026-03-04 00:03:33,004 - INFO -   ↳ Saved best model (val_corr=0.227224)
2026-03-04 00:03:43,652 - INFO - Epoch  10/50 | Train: 0.158988 | Val: 0.164666 | Corr: 0.230734 | LR: 1.00e-03
2026-03-04 00:03:43,681 - INFO -   ↳ Saved best model (val_corr=0.230734)
2026-03-04 00:03:54,191 - INFO - Epoch  11/50 | Train: 0.158071 | Val: 0.164437 | Corr: 0.233148 | LR: 1.00e-03
2026-03-04 00:03:54,222 - INFO -   ↳ Saved best model (val_corr=0.233148)
2026-03-04 00:04:04,733 - INFO - Epoch  12/50 | Train: 0.157411 | Val: 0.164577 | Corr: 0.234470 | LR: 1.00e-03
2026-03-04 00:04:04,768 - INFO -   ↳ Saved best model (val_corr=0.234470)
2026-03-04 00:04:15,668 - INFO - Epoch  13/50 | Train: 0.156727 | Val: 0.164537 | Corr: 0.235475 | LR: 1.00e-03
2026-03-04 00:04:15,702 - INFO -   ↳ Saved best model (val_corr=0.235475)
2026-03-04 00:04:26,027 - INFO - Epoch  14/50 | Train: 0.155960 | Val: 0.165149 | Corr: 0.237141 | LR: 1.00e-03
2026-03-04 00:04:26,058 - INFO -   ↳ Saved best model (val_corr=0.237141)
2026-03-04 00:04:36,105 - INFO - Epoch  15/50 | Train: 0.155459 | Val: 0.163452 | Corr: 0.238175 | LR: 1.00e-03
2026-03-04 00:04:36,128 - INFO -   ↳ Saved best model (val_corr=0.238175)
2026-03-04 00:04:46,107 - INFO - Epoch  16/50 | Train: 0.154817 | Val: 0.165581 | Corr: 0.237786 | LR: 1.00e-03
2026-03-04 00:04:56,237 - INFO - Epoch  17/50 | Train: 0.154292 | Val: 0.163595 | Corr: 0.239429 | LR: 1.00e-03
2026-03-04 00:04:56,264 - INFO -   ↳ Saved best model (val_corr=0.239429)
2026-03-04 00:05:06,399 - INFO - Epoch  18/50 | Train: 0.153732 | Val: 0.163659 | Corr: 0.240352 | LR: 1.00e-03
2026-03-04 00:05:06,432 - INFO -   ↳ Saved best model (val_corr=0.240352)
2026-03-04 00:05:16,440 - INFO - Epoch  19/50 | Train: 0.153528 | Val: 0.163972 | Corr: 0.240236 | LR: 1.00e-03
2026-03-04 00:05:26,627 - INFO - Epoch  20/50 | Train: 0.152981 | Val: 0.164621 | Corr: 0.239236 | LR: 1.00e-03
2026-03-04 00:05:36,559 - INFO - Epoch  21/50 | Train: 0.152552 | Val: 0.164340 | Corr: 0.239164 | LR: 5.00e-04
2026-03-04 00:05:46,514 - INFO - Epoch  22/50 | Train: 0.150944 | Val: 0.164895 | Corr: 0.241848 | LR: 5.00e-04
2026-03-04 00:05:46,574 - INFO -   ↳ Saved best model (val_corr=0.241848)
2026-03-04 00:05:56,599 - INFO - Epoch  23/50 | Train: 0.150395 | Val: 0.164409 | Corr: 0.241463 | LR: 5.00e-04
2026-03-04 00:06:06,620 - INFO - Epoch  24/50 | Train: 0.150079 | Val: 0.164302 | Corr: 0.241135 | LR: 5.00e-04
2026-03-04 00:06:16,542 - INFO - Epoch  25/50 | Train: 0.149831 | Val: 0.164796 | Corr: 0.239567 | LR: 5.00e-04
2026-03-04 00:06:26,504 - INFO - Epoch  26/50 | Train: 0.149670 | Val: 0.164576 | Corr: 0.240177 | LR: 5.00e-04
2026-03-04 00:06:36,542 - INFO - Epoch  27/50 | Train: 0.149396 | Val: 0.165157 | Corr: 0.240790 | LR: 2.50e-04
2026-03-04 00:06:46,478 - INFO - Epoch  28/50 | Train: 0.148471 | Val: 0.164881 | Corr: 0.240281 | LR: 2.50e-04
2026-03-04 00:06:56,754 - INFO - Epoch  29/50 | Train: 0.148284 | Val: 0.165059 | Corr: 0.240467 | LR: 2.50e-04
2026-03-04 00:07:06,935 - INFO - Epoch  30/50 | Train: 0.148177 | Val: 0.164998 | Corr: 0.240839 | LR: 2.50e-04
2026-03-04 00:07:16,924 - INFO - Epoch  31/50 | Train: 0.147993 | Val: 0.165083 | Corr: 0.239790 | LR: 2.50e-04
2026-03-04 00:07:27,032 - INFO - Epoch  32/50 | Train: 0.147852 | Val: 0.165408 | Corr: 0.240254 | LR: 2.50e-04
2026-03-04 00:07:27,032 - INFO - Early stopping at epoch 32
2026-03-04 00:07:27,032 - INFO - Training complete — best val corr: 0.241848
2026-03-04 00:07:29,290 - INFO - Test loss: 0.155929, Test corr: 0.232167
2026-03-04 00:07:30,172 - INFO - Fraction of variance explained (FVE): 0.055918
2026-03-04 00:07:30,173 - INFO - Computing autoregressive (AR) test predictions …
2026-03-04 00:07:31,267 - INFO - AR FVE: -0.004917, AR test corr: 0.077364
2026-03-04 00:07:31,267 - INFO - Generating figures …
2026-03-04 00:07:32,296 - INFO - Correlation between predicted and actual per-neuron averages: r=0.9942, p=0.00e+00
2026-03-04 00:07:35,053 - INFO - Pattern selectivity summary:
2026-03-04 00:07:35,053 - INFO -   Mean correlation across neurons: 0.7095
2026-03-04 00:07:35,053 - INFO -   Median correlation: 0.7233
2026-03-04 00:07:35,053 - INFO -   Neurons with r > 0.5: 56 / 63
2026-03-04 00:07:35,053 - INFO -   Neurons with r > 0.3: 61 / 63
2026-03-04 00:07:35,053 - INFO - Pattern selectivity — mean neuron corr: 0.7095
2026-03-04 00:07:37,312 - INFO - LOO (avg rate) — Model mean r: 0.5906, LOO mean r: 0.4546, Neurons model > LOO: 51/63
2026-03-04 00:07:40,133 - INFO - LOO (temporal) — Model mean r: 0.2437, LOO mean r: 0.3186, Neurons model > LOO: 9/63
2026-03-04 00:07:40,134 - INFO - Skipping oracle trial plots (skip_oracle_plots=True)
2026-03-04 00:07:40,204 - INFO - Experiment complete. Summary: {
  "run_dir": "/scratch/sb272/patterns5k_results/slurm_hist_cnn_2026-03-03_15-13-01/trial_0257_learning_rate=1.0e-03_history=2_kernel_sizes=10x5_conv_channels=256x128_fc_dims=256_seed1",
  "model_type": "cnn",
  "batch_avg_test_loss": 0.1559288638830185,
  "batch_avg_test_corr": 0.2321672071436967,
  "all_test_fve": 0.05591840308810037,
  "AR_FVE": -0.004916705782451327,
  "AR_test_correlation": 0.07736392319202423,
  "best_val_corr": 0.24184839701163233,
  "total_params": 483007,
  "trainable_params": 483007,
  "epochs_trained": 32,
  "mean_pattern_corr": 0.7095175537221644,
  "history": 2,
  "init_state": true,
  "loo_avg_mean_corr": 0.45456832695830385,
  "model_avg_mean_corr": 0.5906261575205517,
  "neurons_model_beats_loo_avg": 51,
  "loo_temporal_mean_corr": 0.31855225563049316,
  "all_test_corr": 0.24372559785842896,
  "neurons_model_beats_loo_temporal": 9,
  "kernel_sizes": [
    10,
    5
  ],
  "conv_channels": [
    256,
    128
  ],
  "fc_dims": [
    256
  ]
}
