2026-02-26 05:45:19,996 - INFO - ============================================================
2026-02-26 05:45:19,996 - INFO - Experiment run directory: results/cache_cnn_sweep_2026-02-26_00-36-32/trial_0048_kernel_sizes=15_conv_channels=256_fc_dims=256
2026-02-26 05:45:19,996 - INFO - ============================================================
2026-02-26 05:45:19,996 - INFO - Using preloaded raw data (skipping I/O)
2026-02-26 05:45:19,996 - INFO - Stimulation channels: 42, Spiking neurons: 63
2026-02-26 05:45:19,996 - INFO - Unique patterns: 4050, Total trials: 5000
2026-02-26 05:45:20,008 - INFO - Split (oracle): train=3400, val=600, test=1000
2026-02-26 05:45:34,318 - INFO - BinnedStimSpikeDataset initialized:
2026-02-26 05:45:34,319 - INFO -   input_bin_size_ms=10, output_bin_size_ms=10
2026-02-26 05:45:34,319 - INFO -   n_input_bins=60, n_output_bins=60
2026-02-26 05:45:34,319 - INFO -   output_offset=0, total_bins_input=60, total_bins_output=60
2026-02-26 05:45:34,319 - INFO -   Valid start positions per trial: 0 to 0
2026-02-26 05:45:34,319 - INFO -   Total samples: 3400 (3400 trials × 1 positions)
2026-02-26 05:45:47,741 - INFO - BinnedStimSpikeDataset initialized:
2026-02-26 05:45:47,742 - INFO -   input_bin_size_ms=10, output_bin_size_ms=10
2026-02-26 05:45:47,742 - INFO -   n_input_bins=60, n_output_bins=60
2026-02-26 05:45:47,742 - INFO -   output_offset=0, total_bins_input=60, total_bins_output=60
2026-02-26 05:45:47,742 - INFO -   Valid start positions per trial: 0 to 0
2026-02-26 05:45:47,742 - INFO -   Total samples: 600 (600 trials × 1 positions)
2026-02-26 05:46:01,267 - INFO - BinnedStimSpikeDataset initialized:
2026-02-26 05:46:01,268 - INFO -   input_bin_size_ms=10, output_bin_size_ms=10
2026-02-26 05:46:01,268 - INFO -   n_input_bins=60, n_output_bins=60
2026-02-26 05:46:01,268 - INFO -   output_offset=0, total_bins_input=60, total_bins_output=60
2026-02-26 05:46:01,268 - INFO -   Valid start positions per trial: 0 to 0
2026-02-26 05:46:01,268 - INFO -   Total samples: 1000 (1000 trials × 1 positions)
2026-02-26 05:46:01,268 - INFO - Samples — train: 3400, val: 600, test: 1000
2026-02-26 05:46:01,268 - INFO - Input channels: 42, Neurons: 63
2026-02-26 05:46:01,268 - INFO - Using Apple Silicon MPS acceleration
2026-02-26 05:46:01,299 - INFO - Model: CACHE_CNN — 2,179,423 trainable params (2,179,423 total)
2026-02-26 05:46:01,300 - INFO - Starting training …
2026-02-26 05:46:06,954 - INFO - Epoch   1/50 | Train: 0.219596 | Val: 0.186880 | Corr: 0.175675 | LR: 1.00e-03
2026-02-26 05:46:06,987 - INFO -   ↳ Saved best model (val_corr=0.175675)
2026-02-26 05:46:12,210 - INFO - Epoch   2/50 | Train: 0.185620 | Val: 0.179552 | Corr: 0.224136 | LR: 1.00e-03
2026-02-26 05:46:12,261 - INFO -   ↳ Saved best model (val_corr=0.224136)
2026-02-26 05:46:17,555 - INFO - Epoch   3/50 | Train: 0.180415 | Val: 0.176431 | Corr: 0.245905 | LR: 1.00e-03
2026-02-26 05:46:17,667 - INFO -   ↳ Saved best model (val_corr=0.245905)
2026-02-26 05:46:22,828 - INFO - Epoch   4/50 | Train: 0.177149 | Val: 0.175237 | Corr: 0.258066 | LR: 1.00e-03
2026-02-26 05:46:22,872 - INFO -   ↳ Saved best model (val_corr=0.258066)
2026-02-26 05:46:28,111 - INFO - Epoch   5/50 | Train: 0.174880 | Val: 0.173243 | Corr: 0.265182 | LR: 1.00e-03
2026-02-26 05:46:28,160 - INFO -   ↳ Saved best model (val_corr=0.265182)
2026-02-26 05:46:33,380 - INFO - Epoch   6/50 | Train: 0.172858 | Val: 0.172171 | Corr: 0.271049 | LR: 1.00e-03
2026-02-26 05:46:33,460 - INFO -   ↳ Saved best model (val_corr=0.271049)
2026-02-26 05:46:38,625 - INFO - Epoch   7/50 | Train: 0.171058 | Val: 0.171371 | Corr: 0.276313 | LR: 1.00e-03
2026-02-26 05:46:38,706 - INFO -   ↳ Saved best model (val_corr=0.276313)
2026-02-26 05:46:43,884 - INFO - Epoch   8/50 | Train: 0.169485 | Val: 0.170191 | Corr: 0.281031 | LR: 1.00e-03
2026-02-26 05:46:43,925 - INFO -   ↳ Saved best model (val_corr=0.281031)
2026-02-26 05:46:49,156 - INFO - Epoch   9/50 | Train: 0.168085 | Val: 0.169956 | Corr: 0.283920 | LR: 1.00e-03
2026-02-26 05:46:49,199 - INFO -   ↳ Saved best model (val_corr=0.283920)
2026-02-26 05:46:54,450 - INFO - Epoch  10/50 | Train: 0.166796 | Val: 0.169162 | Corr: 0.286790 | LR: 1.00e-03
2026-02-26 05:46:54,498 - INFO -   ↳ Saved best model (val_corr=0.286790)
2026-02-26 05:46:59,806 - INFO - Epoch  11/50 | Train: 0.165793 | Val: 0.169365 | Corr: 0.288487 | LR: 1.00e-03
2026-02-26 05:46:59,878 - INFO -   ↳ Saved best model (val_corr=0.288487)
2026-02-26 05:47:05,056 - INFO - Epoch  12/50 | Train: 0.164813 | Val: 0.169452 | Corr: 0.290129 | LR: 1.00e-03
2026-02-26 05:47:05,169 - INFO -   ↳ Saved best model (val_corr=0.290129)
2026-02-26 05:47:10,383 - INFO - Epoch  13/50 | Train: 0.163985 | Val: 0.168969 | Corr: 0.290527 | LR: 1.00e-03
2026-02-26 05:47:10,426 - INFO -   ↳ Saved best model (val_corr=0.290527)
2026-02-26 05:47:15,793 - INFO - Epoch  14/50 | Train: 0.163139 | Val: 0.168552 | Corr: 0.292598 | LR: 1.00e-03
2026-02-26 05:47:15,847 - INFO -   ↳ Saved best model (val_corr=0.292598)
2026-02-26 05:47:21,121 - INFO - Epoch  15/50 | Train: 0.162245 | Val: 0.168471 | Corr: 0.292746 | LR: 1.00e-03
2026-02-26 05:47:21,167 - INFO -   ↳ Saved best model (val_corr=0.292746)
2026-02-26 05:47:26,408 - INFO - Epoch  16/50 | Train: 0.161559 | Val: 0.168431 | Corr: 0.293146 | LR: 1.00e-03
2026-02-26 05:47:26,455 - INFO -   ↳ Saved best model (val_corr=0.293146)
2026-02-26 05:47:31,798 - INFO - Epoch  17/50 | Train: 0.160857 | Val: 0.168449 | Corr: 0.294398 | LR: 1.00e-03
2026-02-26 05:47:31,839 - INFO -   ↳ Saved best model (val_corr=0.294398)
2026-02-26 05:47:37,076 - INFO - Epoch  18/50 | Train: 0.160196 | Val: 0.168284 | Corr: 0.294723 | LR: 1.00e-03
2026-02-26 05:47:37,162 - INFO -   ↳ Saved best model (val_corr=0.294723)
2026-02-26 05:47:42,458 - INFO - Epoch  19/50 | Train: 0.159517 | Val: 0.168251 | Corr: 0.294438 | LR: 1.00e-03
2026-02-26 05:47:47,682 - INFO - Epoch  20/50 | Train: 0.158966 | Val: 0.168778 | Corr: 0.294073 | LR: 1.00e-03
2026-02-26 05:47:52,900 - INFO - Epoch  21/50 | Train: 0.158351 | Val: 0.168362 | Corr: 0.294275 | LR: 1.00e-03
2026-02-26 05:47:58,068 - INFO - Epoch  22/50 | Train: 0.157911 | Val: 0.168899 | Corr: 0.293869 | LR: 1.00e-03
2026-02-26 05:48:04,865 - INFO - Epoch  23/50 | Train: 0.157390 | Val: 0.168683 | Corr: 0.293762 | LR: 1.00e-03
2026-02-26 05:48:16,762 - INFO - Epoch  24/50 | Train: 0.156923 | Val: 0.168778 | Corr: 0.293188 | LR: 1.00e-03
2026-02-26 05:48:26,775 - INFO - Epoch  25/50 | Train: 0.156384 | Val: 0.168896 | Corr: 0.293116 | LR: 5.00e-04
2026-02-26 05:48:34,864 - INFO - Epoch  26/50 | Train: 0.154669 | Val: 0.168929 | Corr: 0.293701 | LR: 5.00e-04
2026-02-26 05:48:42,025 - INFO - Epoch  27/50 | Train: 0.154139 | Val: 0.169076 | Corr: 0.292911 | LR: 5.00e-04
2026-02-26 05:48:48,564 - INFO - Epoch  28/50 | Train: 0.153782 | Val: 0.169383 | Corr: 0.291950 | LR: 5.00e-04
2026-02-26 05:48:48,564 - INFO - Early stopping at epoch 28
2026-02-26 05:48:48,564 - INFO - Training complete — best val corr: 0.294723
2026-02-26 05:48:49,433 - INFO - Test loss: 0.159712, Test corr: 0.287514
2026-02-26 05:48:50,025 - INFO - Fraction of variance explained (FVE): 0.096268
2026-02-26 05:48:50,026 - INFO - Generating figures …
2026-02-26 05:48:50,227 - INFO - Correlation between predicted and actual per-neuron averages: r=0.9896, p=4.72e-53
2026-02-26 05:48:50,458 - WARNING - Could not generate pattern selectivity plot: 'NoneType' object has no attribute 'shape'
2026-02-26 05:48:50,463 - WARNING - LOO baseline failed: 'NoneType' object has no attribute 'shape'
2026-02-26 05:48:50,463 - INFO - Skipping oracle trial plots (skip_oracle_plots=True)
2026-02-26 05:48:50,464 - INFO - Experiment complete. Summary: {
  "run_dir": "results/cache_cnn_sweep_2026-02-26_00-36-32/trial_0048_kernel_sizes=15_conv_channels=256_fc_dims=256",
  "model_type": "cache_cnn",
  "batch_avg_test_loss": 0.15971191203594207,
  "batch_avg_test_corr": 0.2875143095134618,
  "all_test_fve": 0.09626786576377021,
  "AR_FVE": NaN,
  "AR_test_correlation": NaN,
  "best_val_corr": 0.2947231872635584,
  "total_params": 2179423,
  "trainable_params": 2179423,
  "epochs_trained": 28,
  "mean_pattern_corr": NaN,
  "history": 0,
  "init_state": false,
  "kernel_sizes": [
    15
  ],
  "conv_channels": [
    256
  ],
  "fc_dims": [
    256
  ],
  "cache_size": 3,
  "cache_embed_dim": 8
}
2026-02-26 05:48:50,466 - INFO - 
======================================================================
2026-02-26 05:48:50,466 - INFO - [50/135] trial_0049_kernel_sizes=15_conv_channels=256_fc_dims=256
2026-02-26 05:48:50,466 - INFO -   Overrides: {"_arch": {"kernel_sizes": [15], "conv_channels": [256], "fc_dims": [256]}, "cache_size": 3, "cache_embed_dim": 32}
2026-02-26 05:48:50,466 - INFO -   Output: results/cache_cnn_sweep_2026-02-26_00-36-32/trial_0049_kernel_sizes=15_conv_channels=256_fc_dims=256
