2026-03-05 17:31:57,496 - INFO - ============================================================
2026-03-05 17:31:57,496 - INFO - Experiment run directory: /scratch/sb272/patterns5k_results/slurm_hist_cnn_2026-03-05_16-01-45/trial_0028_learning_rate=1.0e-04_history=2_kernel_sizes=3x3x3_conv_channels=256x256x256_fc_dims=512_seed1
2026-03-05 17:31:57,496 - INFO - ============================================================
2026-03-05 17:31:57,496 - INFO - Loading data …
2026-03-05 17:31:58,461 - INFO - 63 unique neurons after dropping problematic neurons
2026-03-05 17:31:59,752 - INFO - Stimulation channels: 42, Spiking neurons: 63
2026-03-05 17:34:10,048 - INFO - Unique patterns: 4050, Total trials: 5000
2026-03-05 17:34:10,049 - INFO - Stimulation channels: 42, Spiking neurons: 63
2026-03-05 17:34:10,049 - INFO - Unique patterns: 4050, Total trials: 5000
2026-03-05 17:34:10,067 - INFO - Split (oracle): train=3400, val=600, test=1000
2026-03-05 17:34:37,351 - INFO - BinnedStimSpikeDataset initialized:
2026-03-05 17:34:37,352 - INFO -   input_bin_size_ms=10, output_bin_size_ms=10
2026-03-05 17:34:37,352 - INFO -   n_input_bins=60, n_output_bins=60
2026-03-05 17:34:37,352 - INFO -   output_offset=0, total_bins_input=60, total_bins_output=60
2026-03-05 17:34:37,352 - INFO -   Valid start positions per trial: 0 to 0
2026-03-05 17:34:37,352 - INFO -   Total samples: 3400 (3400 trials × 1 positions)
2026-03-05 17:35:03,993 - INFO - BinnedStimSpikeDataset initialized:
2026-03-05 17:35:03,993 - INFO -   input_bin_size_ms=10, output_bin_size_ms=10
2026-03-05 17:35:03,993 - INFO -   n_input_bins=60, n_output_bins=60
2026-03-05 17:35:03,993 - INFO -   output_offset=0, total_bins_input=60, total_bins_output=60
2026-03-05 17:35:03,993 - INFO -   Valid start positions per trial: 0 to 0
2026-03-05 17:35:03,993 - INFO -   Total samples: 600 (600 trials × 1 positions)
2026-03-05 17:35:30,809 - INFO - BinnedStimSpikeDataset initialized:
2026-03-05 17:35:30,809 - INFO -   input_bin_size_ms=10, output_bin_size_ms=10
2026-03-05 17:35:30,809 - INFO -   n_input_bins=60, n_output_bins=60
2026-03-05 17:35:30,809 - INFO -   output_offset=0, total_bins_input=60, total_bins_output=60
2026-03-05 17:35:30,809 - INFO -   Valid start positions per trial: 0 to 0
2026-03-05 17:35:30,809 - INFO -   Total samples: 1000 (1000 trials × 1 positions)
2026-03-05 17:35:30,809 - INFO - Samples — train: 3400, val: 600, test: 1000
2026-03-05 17:35:30,810 - INFO - Input channels: 105, Neurons: 63
2026-03-05 17:35:30,831 - INFO - Using CPU
2026-03-05 17:35:30,839 - INFO - Model: CNN — 640,063 trainable params (640,063 total)
2026-03-05 17:35:34,392 - INFO - Starting training …
2026-03-05 17:35:49,439 - INFO - Epoch   1/50 | Train: 0.322779 | Val: 0.180620 | Corr: 0.108618 | LR: 1.00e-04
2026-03-05 17:35:49,477 - INFO -   ↳ Saved best model (val_corr=0.108618)
2026-03-05 17:36:03,592 - INFO - Epoch   2/50 | Train: 0.179478 | Val: 0.177574 | Corr: 0.135725 | LR: 1.00e-04
2026-03-05 17:36:03,609 - INFO -   ↳ Saved best model (val_corr=0.135725)
2026-03-05 17:36:17,566 - INFO - Epoch   3/50 | Train: 0.176788 | Val: 0.174673 | Corr: 0.149362 | LR: 1.00e-04
2026-03-05 17:36:17,582 - INFO -   ↳ Saved best model (val_corr=0.149362)
2026-03-05 17:36:31,546 - INFO - Epoch   4/50 | Train: 0.175035 | Val: 0.173198 | Corr: 0.158000 | LR: 1.00e-04
2026-03-05 17:36:31,566 - INFO -   ↳ Saved best model (val_corr=0.158000)
2026-03-05 17:36:45,553 - INFO - Epoch   5/50 | Train: 0.173596 | Val: 0.171699 | Corr: 0.165481 | LR: 1.00e-04
2026-03-05 17:36:45,568 - INFO -   ↳ Saved best model (val_corr=0.165481)
2026-03-05 17:36:59,517 - INFO - Epoch   6/50 | Train: 0.172393 | Val: 0.170940 | Corr: 0.172502 | LR: 1.00e-04
2026-03-05 17:36:59,540 - INFO -   ↳ Saved best model (val_corr=0.172502)
2026-03-05 17:37:13,525 - INFO - Epoch   7/50 | Train: 0.171445 | Val: 0.170364 | Corr: 0.179130 | LR: 1.00e-04
2026-03-05 17:37:13,542 - INFO -   ↳ Saved best model (val_corr=0.179130)
2026-03-05 17:37:27,494 - INFO - Epoch   8/50 | Train: 0.170445 | Val: 0.169409 | Corr: 0.183153 | LR: 1.00e-04
2026-03-05 17:37:27,513 - INFO -   ↳ Saved best model (val_corr=0.183153)
2026-03-05 17:37:41,604 - INFO - Epoch   9/50 | Train: 0.169677 | Val: 0.168640 | Corr: 0.188863 | LR: 1.00e-04
2026-03-05 17:37:41,626 - INFO -   ↳ Saved best model (val_corr=0.188863)
2026-03-05 17:37:55,708 - INFO - Epoch  10/50 | Train: 0.168917 | Val: 0.168389 | Corr: 0.192660 | LR: 1.00e-04
2026-03-05 17:37:55,727 - INFO -   ↳ Saved best model (val_corr=0.192660)
2026-03-05 17:38:09,820 - INFO - Epoch  11/50 | Train: 0.168205 | Val: 0.168400 | Corr: 0.196254 | LR: 1.00e-04
2026-03-05 17:38:09,838 - INFO -   ↳ Saved best model (val_corr=0.196254)
2026-03-05 17:38:23,952 - INFO - Epoch  12/50 | Train: 0.167493 | Val: 0.166809 | Corr: 0.203227 | LR: 1.00e-04
2026-03-05 17:38:23,967 - INFO -   ↳ Saved best model (val_corr=0.203227)
2026-03-05 17:38:38,048 - INFO - Epoch  13/50 | Train: 0.167016 | Val: 0.166481 | Corr: 0.207360 | LR: 1.00e-04
2026-03-05 17:38:38,063 - INFO -   ↳ Saved best model (val_corr=0.207360)
2026-03-05 17:38:52,158 - INFO - Epoch  14/50 | Train: 0.166312 | Val: 0.166149 | Corr: 0.211256 | LR: 1.00e-04
2026-03-05 17:38:52,182 - INFO -   ↳ Saved best model (val_corr=0.211256)
2026-03-05 17:39:06,214 - INFO - Epoch  15/50 | Train: 0.165760 | Val: 0.165461 | Corr: 0.214857 | LR: 1.00e-04
2026-03-05 17:39:06,230 - INFO -   ↳ Saved best model (val_corr=0.214857)
2026-03-05 17:39:20,328 - INFO - Epoch  16/50 | Train: 0.165320 | Val: 0.165380 | Corr: 0.218505 | LR: 1.00e-04
2026-03-05 17:39:20,347 - INFO -   ↳ Saved best model (val_corr=0.218505)
2026-03-05 17:39:34,442 - INFO - Epoch  17/50 | Train: 0.164787 | Val: 0.165264 | Corr: 0.220534 | LR: 1.00e-04
2026-03-05 17:39:34,458 - INFO -   ↳ Saved best model (val_corr=0.220534)
2026-03-05 17:39:48,562 - INFO - Epoch  18/50 | Train: 0.164339 | Val: 0.164838 | Corr: 0.223152 | LR: 1.00e-04
2026-03-05 17:39:48,578 - INFO -   ↳ Saved best model (val_corr=0.223152)
2026-03-05 17:40:02,646 - INFO - Epoch  19/50 | Train: 0.164037 | Val: 0.164548 | Corr: 0.225494 | LR: 1.00e-04
2026-03-05 17:40:02,665 - INFO -   ↳ Saved best model (val_corr=0.225494)
2026-03-05 17:40:16,675 - INFO - Epoch  20/50 | Train: 0.163540 | Val: 0.164199 | Corr: 0.227148 | LR: 1.00e-04
2026-03-05 17:40:16,696 - INFO -   ↳ Saved best model (val_corr=0.227148)
2026-03-05 17:40:30,669 - INFO - Epoch  21/50 | Train: 0.163200 | Val: 0.163632 | Corr: 0.230168 | LR: 1.00e-04
2026-03-05 17:40:30,686 - INFO -   ↳ Saved best model (val_corr=0.230168)
2026-03-05 17:40:44,753 - INFO - Epoch  22/50 | Train: 0.162901 | Val: 0.163616 | Corr: 0.232572 | LR: 1.00e-04
2026-03-05 17:40:44,767 - INFO -   ↳ Saved best model (val_corr=0.232572)
2026-03-05 17:40:58,732 - INFO - Epoch  23/50 | Train: 0.162555 | Val: 0.163379 | Corr: 0.234333 | LR: 1.00e-04
2026-03-05 17:40:58,771 - INFO -   ↳ Saved best model (val_corr=0.234333)
2026-03-05 17:41:12,908 - INFO - Epoch  24/50 | Train: 0.162189 | Val: 0.163291 | Corr: 0.236002 | LR: 1.00e-04
2026-03-05 17:41:12,924 - INFO -   ↳ Saved best model (val_corr=0.236002)
2026-03-05 17:41:27,036 - INFO - Epoch  25/50 | Train: 0.161891 | Val: 0.162787 | Corr: 0.237810 | LR: 1.00e-04
2026-03-05 17:41:27,051 - INFO -   ↳ Saved best model (val_corr=0.237810)
2026-03-05 17:41:41,212 - INFO - Epoch  26/50 | Train: 0.161656 | Val: 0.163032 | Corr: 0.239216 | LR: 1.00e-04
2026-03-05 17:41:41,232 - INFO -   ↳ Saved best model (val_corr=0.239216)
2026-03-05 17:41:55,358 - INFO - Epoch  27/50 | Train: 0.161297 | Val: 0.162593 | Corr: 0.240294 | LR: 1.00e-04
2026-03-05 17:41:55,374 - INFO -   ↳ Saved best model (val_corr=0.240294)
2026-03-05 17:42:09,529 - INFO - Epoch  28/50 | Train: 0.161103 | Val: 0.162493 | Corr: 0.241148 | LR: 1.00e-04
2026-03-05 17:42:09,545 - INFO -   ↳ Saved best model (val_corr=0.241148)
2026-03-05 17:42:23,653 - INFO - Epoch  29/50 | Train: 0.160818 | Val: 0.162627 | Corr: 0.241455 | LR: 1.00e-04
2026-03-05 17:42:23,668 - INFO -   ↳ Saved best model (val_corr=0.241455)
2026-03-05 17:42:37,780 - INFO - Epoch  30/50 | Train: 0.160589 | Val: 0.162114 | Corr: 0.244082 | LR: 1.00e-04
2026-03-05 17:42:37,795 - INFO -   ↳ Saved best model (val_corr=0.244082)
2026-03-05 17:42:51,938 - INFO - Epoch  31/50 | Train: 0.160431 | Val: 0.161961 | Corr: 0.245025 | LR: 1.00e-04
2026-03-05 17:42:51,957 - INFO -   ↳ Saved best model (val_corr=0.245025)
2026-03-05 17:43:06,110 - INFO - Epoch  32/50 | Train: 0.160124 | Val: 0.161882 | Corr: 0.246782 | LR: 1.00e-04
2026-03-05 17:43:06,127 - INFO -   ↳ Saved best model (val_corr=0.246782)
2026-03-05 17:43:20,328 - INFO - Epoch  33/50 | Train: 0.159949 | Val: 0.161836 | Corr: 0.246699 | LR: 1.00e-04
2026-03-05 17:43:34,424 - INFO - Epoch  34/50 | Train: 0.159754 | Val: 0.161797 | Corr: 0.247933 | LR: 1.00e-04
2026-03-05 17:43:34,443 - INFO -   ↳ Saved best model (val_corr=0.247933)
2026-03-05 17:43:48,573 - INFO - Epoch  35/50 | Train: 0.159498 | Val: 0.162272 | Corr: 0.247985 | LR: 1.00e-04
2026-03-05 17:43:48,590 - INFO -   ↳ Saved best model (val_corr=0.247985)
2026-03-05 17:44:02,663 - INFO - Epoch  36/50 | Train: 0.159336 | Val: 0.161681 | Corr: 0.249278 | LR: 1.00e-04
2026-03-05 17:44:02,717 - INFO -   ↳ Saved best model (val_corr=0.249278)
2026-03-05 17:44:16,793 - INFO - Epoch  37/50 | Train: 0.159240 | Val: 0.161491 | Corr: 0.250011 | LR: 1.00e-04
2026-03-05 17:44:16,810 - INFO -   ↳ Saved best model (val_corr=0.250011)
2026-03-05 17:44:30,893 - INFO - Epoch  38/50 | Train: 0.158944 | Val: 0.162689 | Corr: 0.248900 | LR: 1.00e-04
2026-03-05 17:44:44,959 - INFO - Epoch  39/50 | Train: 0.158770 | Val: 0.161991 | Corr: 0.251645 | LR: 1.00e-04
2026-03-05 17:44:44,977 - INFO -   ↳ Saved best model (val_corr=0.251645)
2026-03-05 17:44:59,084 - INFO - Epoch  40/50 | Train: 0.158641 | Val: 0.161711 | Corr: 0.251928 | LR: 1.00e-04
2026-03-05 17:44:59,101 - INFO -   ↳ Saved best model (val_corr=0.251928)
2026-03-05 17:45:13,158 - INFO - Epoch  41/50 | Train: 0.158460 | Val: 0.161334 | Corr: 0.252640 | LR: 1.00e-04
2026-03-05 17:45:13,175 - INFO -   ↳ Saved best model (val_corr=0.252640)
2026-03-05 17:45:27,278 - INFO - Epoch  42/50 | Train: 0.158271 | Val: 0.161291 | Corr: 0.253164 | LR: 1.00e-04
2026-03-05 17:45:27,295 - INFO -   ↳ Saved best model (val_corr=0.253164)
2026-03-05 17:45:41,374 - INFO - Epoch  43/50 | Train: 0.158211 | Val: 0.161040 | Corr: 0.254140 | LR: 1.00e-04
2026-03-05 17:45:41,399 - INFO -   ↳ Saved best model (val_corr=0.254140)
2026-03-05 17:45:55,485 - INFO - Epoch  44/50 | Train: 0.158051 | Val: 0.161117 | Corr: 0.254406 | LR: 1.00e-04
2026-03-05 17:45:55,525 - INFO -   ↳ Saved best model (val_corr=0.254406)
2026-03-05 17:46:09,613 - INFO - Epoch  45/50 | Train: 0.157920 | Val: 0.161509 | Corr: 0.253054 | LR: 1.00e-04
2026-03-05 17:46:23,689 - INFO - Epoch  46/50 | Train: 0.157743 | Val: 0.161068 | Corr: 0.255228 | LR: 1.00e-04
2026-03-05 17:46:23,706 - INFO -   ↳ Saved best model (val_corr=0.255228)
2026-03-05 17:46:37,806 - INFO - Epoch  47/50 | Train: 0.157536 | Val: 0.161420 | Corr: 0.255468 | LR: 1.00e-04
2026-03-05 17:46:37,823 - INFO -   ↳ Saved best model (val_corr=0.255468)
2026-03-05 17:46:51,888 - INFO - Epoch  48/50 | Train: 0.157387 | Val: 0.161139 | Corr: 0.256049 | LR: 1.00e-04
2026-03-05 17:46:51,906 - INFO -   ↳ Saved best model (val_corr=0.256049)
2026-03-05 17:47:06,004 - INFO - Epoch  49/50 | Train: 0.157233 | Val: 0.160842 | Corr: 0.255766 | LR: 1.00e-04
2026-03-05 17:47:20,080 - INFO - Epoch  50/50 | Train: 0.157154 | Val: 0.161280 | Corr: 0.256910 | LR: 1.00e-04
2026-03-05 17:47:20,097 - INFO -   ↳ Saved best model (val_corr=0.256910)
2026-03-05 17:47:20,098 - INFO - Training complete — best val corr: 0.256910
2026-03-05 17:47:22,258 - INFO - Test loss: 0.152777, Test corr: 0.247157
2026-03-05 17:47:23,300 - INFO - Fraction of variance explained (FVE): 0.071855
2026-03-05 17:47:23,300 - INFO - Computing autoregressive (AR) test predictions …
2026-03-05 17:47:24,519 - INFO - AR FVE: -0.002091, AR test corr: 0.086716
2026-03-05 17:47:24,520 - INFO - Generating figures …
2026-03-05 17:47:25,070 - INFO - Correlation between predicted and actual per-neuron averages: r=0.9928, p=0.00e+00
2026-03-05 17:47:27,699 - INFO - Pattern selectivity summary:
2026-03-05 17:47:27,700 - INFO -   Mean correlation across neurons: 0.7382
2026-03-05 17:47:27,700 - INFO -   Median correlation: 0.7677
2026-03-05 17:47:27,700 - INFO -   Neurons with r > 0.5: 56 / 63
2026-03-05 17:47:27,700 - INFO -   Neurons with r > 0.3: 63 / 63
2026-03-05 17:47:27,700 - INFO - Pattern selectivity — mean neuron corr: 0.7382
2026-03-05 17:47:29,975 - INFO - LOO (avg rate) — Model mean r: 0.6092, LOO mean r: 0.4546, Neurons model > LOO: 54/63
2026-03-05 17:47:32,923 - INFO - LOO (temporal) — Model mean r: 0.2581, LOO mean r: 0.3186, Neurons model > LOO: 11/63
2026-03-05 17:47:32,923 - INFO - Skipping oracle trial plots (skip_oracle_plots=True)
2026-03-05 17:47:32,932 - INFO - Experiment complete. Summary: {
  "run_dir": "/scratch/sb272/patterns5k_results/slurm_hist_cnn_2026-03-05_16-01-45/trial_0028_learning_rate=1.0e-04_history=2_kernel_sizes=3x3x3_conv_channels=256x256x256_fc_dims=512_seed1",
  "model_type": "cnn",
  "batch_avg_test_loss": 0.15277715981006623,
  "batch_avg_test_corr": 0.24715742433287885,
  "all_test_fve": 0.07185496413518512,
  "AR_FVE": -0.0020914172369336324,
  "AR_test_correlation": 0.08671644330024719,
  "best_val_corr": 0.256909795007328,
  "total_params": 640063,
  "trainable_params": 640063,
  "epochs_trained": 50,
  "mean_pattern_corr": 0.7382488418606051,
  "history": 2,
  "init_state": true,
  "loo_avg_mean_corr": 0.45456832695830385,
  "model_avg_mean_corr": 0.6092367663966473,
  "neurons_model_beats_loo_avg": 54,
  "loo_temporal_mean_corr": 0.31855225563049316,
  "all_test_corr": 0.2580525279045105,
  "neurons_model_beats_loo_temporal": 11,
  "kernel_sizes": [
    3,
    3,
    3
  ],
  "conv_channels": [
    256,
    256,
    256
  ],
  "fc_dims": [
    512
  ]
}
