2026-02-15 18:40:06,369 - INFO - ============================================================
2026-02-15 18:40:06,369 - INFO - Experiment run directory: results/base_cnn_kernel_sweep_2026-02-15_11-28-56/trial_0181_learning_rate=1.0e-04
2026-02-15 18:40:06,370 - INFO - ============================================================
2026-02-15 18:40:06,370 - INFO - Using preloaded raw data (skipping I/O)
2026-02-15 18:40:06,370 - INFO - Stimulation channels: 42, Spiking neurons: 63
2026-02-15 18:40:06,370 - INFO - Unique patterns: 4050, Total trials: 5000
2026-02-15 18:40:06,384 - INFO - Split (oracle): train=3400, val=600, test=1000
2026-02-15 18:40:20,550 - INFO - BinnedStimSpikeDataset initialized:
2026-02-15 18:40:20,550 - INFO -   input_bin_size_ms=10, output_bin_size_ms=10
2026-02-15 18:40:20,551 - INFO -   n_input_bins=60, n_output_bins=60
2026-02-15 18:40:20,551 - INFO -   output_offset=0, total_bins_input=60, total_bins_output=60
2026-02-15 18:40:20,551 - INFO -   Valid start positions per trial: 0 to 0
2026-02-15 18:40:20,551 - INFO -   Total samples: 3400 (3400 trials × 1 positions)
2026-02-15 18:40:34,684 - INFO - BinnedStimSpikeDataset initialized:
2026-02-15 18:40:34,685 - INFO -   input_bin_size_ms=10, output_bin_size_ms=10
2026-02-15 18:40:34,685 - INFO -   n_input_bins=60, n_output_bins=60
2026-02-15 18:40:34,685 - INFO -   output_offset=0, total_bins_input=60, total_bins_output=60
2026-02-15 18:40:34,685 - INFO -   Valid start positions per trial: 0 to 0
2026-02-15 18:40:34,685 - INFO -   Total samples: 600 (600 trials × 1 positions)
2026-02-15 18:40:48,808 - INFO - BinnedStimSpikeDataset initialized:
2026-02-15 18:40:48,809 - INFO -   input_bin_size_ms=10, output_bin_size_ms=10
2026-02-15 18:40:48,809 - INFO -   n_input_bins=60, n_output_bins=60
2026-02-15 18:40:48,809 - INFO -   output_offset=0, total_bins_input=60, total_bins_output=60
2026-02-15 18:40:48,809 - INFO -   Valid start positions per trial: 0 to 0
2026-02-15 18:40:48,809 - INFO -   Total samples: 1000 (1000 trials × 1 positions)
2026-02-15 18:40:48,809 - INFO - Samples — train: 3400, val: 600, test: 1000
2026-02-15 18:40:48,809 - INFO - Input channels: 42, Neurons: 63
2026-02-15 18:40:48,809 - INFO - Using Apple Silicon MPS acceleration
2026-02-15 18:40:48,833 - INFO - Model: CNN — 372,159 trainable params (372,159 total)
2026-02-15 18:40:48,833 - INFO - Starting training …
2026-02-15 18:40:52,344 - INFO - Epoch   1/50 | Train: 0.473284 | Val: 0.209892 | Corr: 0.088724 | LR: 1.00e-04
2026-02-15 18:40:52,353 - INFO -   ↳ Saved best model (val_corr=0.088724)
2026-02-15 18:40:55,123 - INFO - Epoch   2/50 | Train: 0.207702 | Val: 0.202505 | Corr: 0.140550 | LR: 1.00e-04
2026-02-15 18:40:55,133 - INFO -   ↳ Saved best model (val_corr=0.140550)
2026-02-15 18:40:57,951 - INFO - Epoch   3/50 | Train: 0.203147 | Val: 0.201227 | Corr: 0.151473 | LR: 1.00e-04
2026-02-15 18:40:57,977 - INFO -   ↳ Saved best model (val_corr=0.151473)
2026-02-15 18:41:01,121 - INFO - Epoch   4/50 | Train: 0.200854 | Val: 0.200288 | Corr: 0.158238 | LR: 1.00e-04
2026-02-15 18:41:01,132 - INFO -   ↳ Saved best model (val_corr=0.158238)
2026-02-15 18:41:03,849 - INFO - Epoch   5/50 | Train: 0.199253 | Val: 0.199544 | Corr: 0.163276 | LR: 1.00e-04
2026-02-15 18:41:03,875 - INFO -   ↳ Saved best model (val_corr=0.163276)
2026-02-15 18:41:06,956 - INFO - Epoch   6/50 | Train: 0.198017 | Val: 0.198856 | Corr: 0.168091 | LR: 1.00e-04
2026-02-15 18:41:07,031 - INFO -   ↳ Saved best model (val_corr=0.168091)
2026-02-15 18:41:10,218 - INFO - Epoch   7/50 | Train: 0.196826 | Val: 0.198452 | Corr: 0.172627 | LR: 1.00e-04
2026-02-15 18:41:10,235 - INFO -   ↳ Saved best model (val_corr=0.172627)
2026-02-15 18:41:13,199 - INFO - Epoch   8/50 | Train: 0.195849 | Val: 0.197793 | Corr: 0.176369 | LR: 1.00e-04
2026-02-15 18:41:13,218 - INFO -   ↳ Saved best model (val_corr=0.176369)
2026-02-15 18:41:16,284 - INFO - Epoch   9/50 | Train: 0.194914 | Val: 0.197265 | Corr: 0.180079 | LR: 1.00e-04
2026-02-15 18:41:16,293 - INFO -   ↳ Saved best model (val_corr=0.180079)
2026-02-15 18:41:19,010 - INFO - Epoch  10/50 | Train: 0.194141 | Val: 0.196994 | Corr: 0.182820 | LR: 1.00e-04
2026-02-15 18:41:19,025 - INFO -   ↳ Saved best model (val_corr=0.182820)
2026-02-15 18:41:22,275 - INFO - Epoch  11/50 | Train: 0.193402 | Val: 0.196570 | Corr: 0.184872 | LR: 1.00e-04
2026-02-15 18:41:22,287 - INFO -   ↳ Saved best model (val_corr=0.184872)
2026-02-15 18:41:24,888 - INFO - Epoch  12/50 | Train: 0.192713 | Val: 0.196306 | Corr: 0.186929 | LR: 1.00e-04
2026-02-15 18:41:24,914 - INFO -   ↳ Saved best model (val_corr=0.186929)
2026-02-15 18:41:27,627 - INFO - Epoch  13/50 | Train: 0.192129 | Val: 0.195825 | Corr: 0.190286 | LR: 1.00e-04
2026-02-15 18:41:27,649 - INFO -   ↳ Saved best model (val_corr=0.190286)
2026-02-15 18:41:30,721 - INFO - Epoch  14/50 | Train: 0.191494 | Val: 0.195653 | Corr: 0.191552 | LR: 1.00e-04
2026-02-15 18:41:30,739 - INFO -   ↳ Saved best model (val_corr=0.191552)
2026-02-15 18:41:33,370 - INFO - Epoch  15/50 | Train: 0.190956 | Val: 0.195264 | Corr: 0.194548 | LR: 1.00e-04
2026-02-15 18:41:33,384 - INFO -   ↳ Saved best model (val_corr=0.194548)
2026-02-15 18:41:35,951 - INFO - Epoch  16/50 | Train: 0.190408 | Val: 0.195047 | Corr: 0.196908 | LR: 1.00e-04
2026-02-15 18:41:35,963 - INFO -   ↳ Saved best model (val_corr=0.196908)
2026-02-15 18:41:39,149 - INFO - Epoch  17/50 | Train: 0.189792 | Val: 0.194537 | Corr: 0.200206 | LR: 1.00e-04
2026-02-15 18:41:39,167 - INFO -   ↳ Saved best model (val_corr=0.200206)
2026-02-15 18:41:41,836 - INFO - Epoch  18/50 | Train: 0.189288 | Val: 0.194245 | Corr: 0.203166 | LR: 1.00e-04
2026-02-15 18:41:41,848 - INFO -   ↳ Saved best model (val_corr=0.203166)
2026-02-15 18:41:44,423 - INFO - Epoch  19/50 | Train: 0.188812 | Val: 0.193684 | Corr: 0.205454 | LR: 1.00e-04
2026-02-15 18:41:44,439 - INFO -   ↳ Saved best model (val_corr=0.205454)
2026-02-15 18:41:47,116 - INFO - Epoch  20/50 | Train: 0.188316 | Val: 0.193408 | Corr: 0.208934 | LR: 1.00e-04
2026-02-15 18:41:47,126 - INFO -   ↳ Saved best model (val_corr=0.208934)
2026-02-15 18:41:50,122 - INFO - Epoch  21/50 | Train: 0.187817 | Val: 0.193094 | Corr: 0.210894 | LR: 1.00e-04
2026-02-15 18:41:50,131 - INFO -   ↳ Saved best model (val_corr=0.210894)
2026-02-15 18:41:53,262 - INFO - Epoch  22/50 | Train: 0.187346 | Val: 0.192732 | Corr: 0.213472 | LR: 1.00e-04
2026-02-15 18:41:53,274 - INFO -   ↳ Saved best model (val_corr=0.213472)
2026-02-15 18:41:56,016 - INFO - Epoch  23/50 | Train: 0.186888 | Val: 0.192377 | Corr: 0.215335 | LR: 1.00e-04
2026-02-15 18:41:56,030 - INFO -   ↳ Saved best model (val_corr=0.215335)
2026-02-15 18:41:58,997 - INFO - Epoch  24/50 | Train: 0.186446 | Val: 0.192123 | Corr: 0.217476 | LR: 1.00e-04
2026-02-15 18:41:59,013 - INFO -   ↳ Saved best model (val_corr=0.217476)
2026-02-15 18:42:01,767 - INFO - Epoch  25/50 | Train: 0.186133 | Val: 0.191946 | Corr: 0.219319 | LR: 1.00e-04
2026-02-15 18:42:01,778 - INFO -   ↳ Saved best model (val_corr=0.219319)
2026-02-15 18:42:04,912 - INFO - Epoch  26/50 | Train: 0.185704 | Val: 0.191624 | Corr: 0.221503 | LR: 1.00e-04
2026-02-15 18:42:04,921 - INFO -   ↳ Saved best model (val_corr=0.221503)
2026-02-15 18:42:07,885 - INFO - Epoch  27/50 | Train: 0.185340 | Val: 0.191342 | Corr: 0.223099 | LR: 1.00e-04
2026-02-15 18:42:07,896 - INFO -   ↳ Saved best model (val_corr=0.223099)
2026-02-15 18:42:10,515 - INFO - Epoch  28/50 | Train: 0.184906 | Val: 0.191215 | Corr: 0.223257 | LR: 1.00e-04
2026-02-15 18:42:10,533 - INFO -   ↳ Saved best model (val_corr=0.223257)
2026-02-15 18:42:12,837 - INFO - Epoch  29/50 | Train: 0.184527 | Val: 0.190830 | Corr: 0.226087 | LR: 1.00e-04
2026-02-15 18:42:12,858 - INFO -   ↳ Saved best model (val_corr=0.226087)
2026-02-15 18:42:15,432 - INFO - Epoch  30/50 | Train: 0.184139 | Val: 0.190728 | Corr: 0.227449 | LR: 1.00e-04
2026-02-15 18:42:15,445 - INFO -   ↳ Saved best model (val_corr=0.227449)
2026-02-15 18:42:17,991 - INFO - Epoch  31/50 | Train: 0.183874 | Val: 0.190614 | Corr: 0.228263 | LR: 1.00e-04
2026-02-15 18:42:18,001 - INFO -   ↳ Saved best model (val_corr=0.228263)
2026-02-15 18:42:20,670 - INFO - Epoch  32/50 | Train: 0.183520 | Val: 0.189970 | Corr: 0.230768 | LR: 1.00e-04
2026-02-15 18:42:20,681 - INFO -   ↳ Saved best model (val_corr=0.230768)
2026-02-15 18:42:23,561 - INFO - Epoch  33/50 | Train: 0.183135 | Val: 0.190117 | Corr: 0.231865 | LR: 1.00e-04
2026-02-15 18:42:23,573 - INFO -   ↳ Saved best model (val_corr=0.231865)
2026-02-15 18:42:26,242 - INFO - Epoch  34/50 | Train: 0.182789 | Val: 0.189661 | Corr: 0.234433 | LR: 1.00e-04
2026-02-15 18:42:26,252 - INFO -   ↳ Saved best model (val_corr=0.234433)
2026-02-15 18:42:28,763 - INFO - Epoch  35/50 | Train: 0.182466 | Val: 0.189634 | Corr: 0.234675 | LR: 1.00e-04
2026-02-15 18:42:28,773 - INFO -   ↳ Saved best model (val_corr=0.234675)
2026-02-15 18:42:31,700 - INFO - Epoch  36/50 | Train: 0.182244 | Val: 0.189404 | Corr: 0.235368 | LR: 1.00e-04
2026-02-15 18:42:31,713 - INFO -   ↳ Saved best model (val_corr=0.235368)
2026-02-15 18:42:34,362 - INFO - Epoch  37/50 | Train: 0.181759 | Val: 0.189130 | Corr: 0.236888 | LR: 1.00e-04
2026-02-15 18:42:34,374 - INFO -   ↳ Saved best model (val_corr=0.236888)
2026-02-15 18:42:37,041 - INFO - Epoch  38/50 | Train: 0.181547 | Val: 0.188833 | Corr: 0.237813 | LR: 1.00e-04
2026-02-15 18:42:37,054 - INFO -   ↳ Saved best model (val_corr=0.237813)
2026-02-15 18:42:39,758 - INFO - Epoch  39/50 | Train: 0.181140 | Val: 0.188588 | Corr: 0.239522 | LR: 1.00e-04
2026-02-15 18:42:39,770 - INFO -   ↳ Saved best model (val_corr=0.239522)
2026-02-15 18:42:42,475 - INFO - Epoch  40/50 | Train: 0.180898 | Val: 0.188531 | Corr: 0.240414 | LR: 1.00e-04
2026-02-15 18:42:42,491 - INFO -   ↳ Saved best model (val_corr=0.240414)
2026-02-15 18:42:45,043 - INFO - Epoch  41/50 | Train: 0.180595 | Val: 0.188558 | Corr: 0.241629 | LR: 1.00e-04
2026-02-15 18:42:45,052 - INFO -   ↳ Saved best model (val_corr=0.241629)
2026-02-15 18:42:48,335 - INFO - Epoch  42/50 | Train: 0.180349 | Val: 0.188366 | Corr: 0.242410 | LR: 1.00e-04
2026-02-15 18:42:48,350 - INFO -   ↳ Saved best model (val_corr=0.242410)
2026-02-15 18:42:51,341 - INFO - Epoch  43/50 | Train: 0.180071 | Val: 0.188287 | Corr: 0.243673 | LR: 1.00e-04
2026-02-15 18:42:51,351 - INFO -   ↳ Saved best model (val_corr=0.243673)
2026-02-15 18:42:54,073 - INFO - Epoch  44/50 | Train: 0.179831 | Val: 0.187916 | Corr: 0.244862 | LR: 1.00e-04
2026-02-15 18:42:54,085 - INFO -   ↳ Saved best model (val_corr=0.244862)
2026-02-15 18:42:56,630 - INFO - Epoch  45/50 | Train: 0.179540 | Val: 0.187612 | Corr: 0.245900 | LR: 1.00e-04
2026-02-15 18:42:56,647 - INFO -   ↳ Saved best model (val_corr=0.245900)
2026-02-15 18:42:59,582 - INFO - Epoch  46/50 | Train: 0.179280 | Val: 0.187548 | Corr: 0.247080 | LR: 1.00e-04
2026-02-15 18:42:59,593 - INFO -   ↳ Saved best model (val_corr=0.247080)
2026-02-15 18:43:02,215 - INFO - Epoch  47/50 | Train: 0.179047 | Val: 0.187470 | Corr: 0.246980 | LR: 1.00e-04
2026-02-15 18:43:05,282 - INFO - Epoch  48/50 | Train: 0.178887 | Val: 0.187357 | Corr: 0.248104 | LR: 1.00e-04
2026-02-15 18:43:05,295 - INFO -   ↳ Saved best model (val_corr=0.248104)
2026-02-15 18:43:07,697 - INFO - Epoch  49/50 | Train: 0.178659 | Val: 0.187373 | Corr: 0.249096 | LR: 1.00e-04
2026-02-15 18:43:07,710 - INFO -   ↳ Saved best model (val_corr=0.249096)
2026-02-15 18:43:10,570 - INFO - Epoch  50/50 | Train: 0.178461 | Val: 0.187099 | Corr: 0.248809 | LR: 1.00e-04
2026-02-15 18:43:10,570 - INFO - Training complete — best val corr: 0.249096
2026-02-15 18:43:11,159 - INFO - Test loss: 0.177828, Test corr: 0.247062
2026-02-15 18:43:11,378 - INFO - Generating figures …
2026-02-15 18:43:11,592 - INFO - Correlation between predicted and actual per-neuron averages: r=0.9938, p=7.87e-60
2026-02-15 18:43:12,338 - INFO - Pattern selectivity summary:
2026-02-15 18:43:12,338 - INFO -   Mean correlation across neurons: 0.3143
2026-02-15 18:43:12,338 - INFO -   Median correlation: 0.3006
2026-02-15 18:43:12,338 - INFO -   Neurons with r > 0.5: 14 / 63
2026-02-15 18:43:12,338 - INFO -   Neurons with r > 0.3: 32 / 63
2026-02-15 18:43:12,338 - INFO - Pattern selectivity — mean neuron corr: 0.3143
2026-02-15 18:43:12,710 - INFO - LOO baseline — Model mean r: 0.1803, LOO mean r: 0.4728, Neurons model > LOO: 1/63
2026-02-15 18:43:12,711 - INFO - Skipping oracle trial plots (skip_oracle_plots=True)
2026-02-15 18:43:12,711 - INFO - Experiment complete. Summary: {
  "run_dir": "results/base_cnn_kernel_sweep_2026-02-15_11-28-56/trial_0181_learning_rate=1.0e-04",
  "model_type": "cnn",
  "test_loss": 0.17782791340351103,
  "test_corr": 0.24706167653565328,
  "best_val_corr": 0.249096457264205,
  "total_params": 372159,
  "trainable_params": 372159,
  "epochs_trained": 50,
  "mean_pattern_corr": 0.3143232934399512,
  "loo_mean_corr": 0.47275709111471625,
  "model_sample_mean_corr": 0.18033260408086374,
  "neurons_model_beats_loo": 1
}
2026-02-15 18:43:12,711 - INFO - 
======================================================================
2026-02-15 18:43:12,711 - INFO - [183/216] trial_0182_learning_rate=1.0e-04
2026-02-15 18:43:12,711 - INFO -   Overrides: {"kernel_sizes": [60], "learning_rate": 0.0001, "fc_dims": [256], "weight_decay": 0, "conv_channels": [256]}
2026-02-15 18:43:12,711 - INFO -   Output: results/base_cnn_kernel_sweep_2026-02-15_11-28-56/trial_0182_learning_rate=1.0e-04
