2026-03-05 17:11:25,346 - INFO - ============================================================
2026-03-05 17:11:25,347 - INFO - Experiment run directory: /scratch/sb272/patterns5k_results/slurm_hist_cnn_2026-03-05_16-01-45/trial_0129_learning_rate=1.0e-04_history=10_kernel_sizes=5x3x3_conv_channels=64x128x256_fc_dims=512_seed1
2026-03-05 17:11:25,347 - INFO - ============================================================
2026-03-05 17:11:25,347 - INFO - Loading data …
2026-03-05 17:11:26,853 - INFO - 63 unique neurons after dropping problematic neurons
2026-03-05 17:11:27,701 - INFO - Stimulation channels: 42, Spiking neurons: 63
2026-03-05 17:12:38,697 - INFO - Unique patterns: 4050, Total trials: 5000
2026-03-05 17:12:38,698 - INFO - Stimulation channels: 42, Spiking neurons: 63
2026-03-05 17:12:38,698 - INFO - Unique patterns: 4050, Total trials: 5000
2026-03-05 17:12:38,710 - INFO - Split (oracle): train=3400, val=600, test=1000
2026-03-05 17:12:52,912 - INFO - BinnedStimSpikeDataset initialized:
2026-03-05 17:12:52,912 - INFO -   input_bin_size_ms=10, output_bin_size_ms=10
2026-03-05 17:12:52,912 - INFO -   n_input_bins=60, n_output_bins=60
2026-03-05 17:12:52,912 - INFO -   output_offset=0, total_bins_input=60, total_bins_output=60
2026-03-05 17:12:52,912 - INFO -   Valid start positions per trial: 0 to 0
2026-03-05 17:12:52,912 - INFO -   Total samples: 3400 (3400 trials × 1 positions)
2026-03-05 17:13:06,627 - INFO - BinnedStimSpikeDataset initialized:
2026-03-05 17:13:06,627 - INFO -   input_bin_size_ms=10, output_bin_size_ms=10
2026-03-05 17:13:06,627 - INFO -   n_input_bins=60, n_output_bins=60
2026-03-05 17:13:06,627 - INFO -   output_offset=0, total_bins_input=60, total_bins_output=60
2026-03-05 17:13:06,627 - INFO -   Valid start positions per trial: 0 to 0
2026-03-05 17:13:06,627 - INFO -   Total samples: 600 (600 trials × 1 positions)
2026-03-05 17:13:20,420 - INFO - BinnedStimSpikeDataset initialized:
2026-03-05 17:13:20,420 - INFO -   input_bin_size_ms=10, output_bin_size_ms=10
2026-03-05 17:13:20,420 - INFO -   n_input_bins=60, n_output_bins=60
2026-03-05 17:13:20,420 - INFO -   output_offset=0, total_bins_input=60, total_bins_output=60
2026-03-05 17:13:20,420 - INFO -   Valid start positions per trial: 0 to 0
2026-03-05 17:13:20,420 - INFO -   Total samples: 1000 (1000 trials × 1 positions)
2026-03-05 17:13:20,421 - INFO - Samples — train: 3400, val: 600, test: 1000
2026-03-05 17:13:20,421 - INFO - Input channels: 105, Neurons: 63
2026-03-05 17:13:20,440 - INFO - Using CPU
2026-03-05 17:13:20,444 - INFO - Model: CNN — 321,727 trainable params (321,727 total)
2026-03-05 17:13:25,009 - INFO - Starting training …
2026-03-05 17:13:30,945 - INFO - Epoch   1/50 | Train: 0.321215 | Val: 0.189526 | Corr: 0.057750 | LR: 1.00e-04
2026-03-05 17:13:30,969 - INFO -   ↳ Saved best model (val_corr=0.057750)
2026-03-05 17:13:36,197 - INFO - Epoch   2/50 | Train: 0.186291 | Val: 0.186557 | Corr: 0.069606 | LR: 1.00e-04
2026-03-05 17:13:36,211 - INFO -   ↳ Saved best model (val_corr=0.069606)
2026-03-05 17:13:41,395 - INFO - Epoch   3/50 | Train: 0.185063 | Val: 0.185155 | Corr: 0.077841 | LR: 1.00e-04
2026-03-05 17:13:41,415 - INFO -   ↳ Saved best model (val_corr=0.077841)
2026-03-05 17:13:46,424 - INFO - Epoch   4/50 | Train: 0.184215 | Val: 0.184165 | Corr: 0.082849 | LR: 1.00e-04
2026-03-05 17:13:46,439 - INFO -   ↳ Saved best model (val_corr=0.082849)
2026-03-05 17:13:51,471 - INFO - Epoch   5/50 | Train: 0.183416 | Val: 0.184528 | Corr: 0.087331 | LR: 1.00e-04
2026-03-05 17:13:51,485 - INFO -   ↳ Saved best model (val_corr=0.087331)
2026-03-05 17:13:56,576 - INFO - Epoch   6/50 | Train: 0.182752 | Val: 0.183617 | Corr: 0.090594 | LR: 1.00e-04
2026-03-05 17:13:56,593 - INFO -   ↳ Saved best model (val_corr=0.090594)
2026-03-05 17:14:01,641 - INFO - Epoch   7/50 | Train: 0.182231 | Val: 0.182094 | Corr: 0.093677 | LR: 1.00e-04
2026-03-05 17:14:01,659 - INFO -   ↳ Saved best model (val_corr=0.093677)
2026-03-05 17:14:06,701 - INFO - Epoch   8/50 | Train: 0.181654 | Val: 0.182183 | Corr: 0.096448 | LR: 1.00e-04
2026-03-05 17:14:06,717 - INFO -   ↳ Saved best model (val_corr=0.096448)
2026-03-05 17:14:11,719 - INFO - Epoch   9/50 | Train: 0.181267 | Val: 0.182451 | Corr: 0.099250 | LR: 1.00e-04
2026-03-05 17:14:11,739 - INFO -   ↳ Saved best model (val_corr=0.099250)
2026-03-05 17:14:16,811 - INFO - Epoch  10/50 | Train: 0.180775 | Val: 0.181399 | Corr: 0.102595 | LR: 1.00e-04
2026-03-05 17:14:16,825 - INFO -   ↳ Saved best model (val_corr=0.102595)
2026-03-05 17:14:21,843 - INFO - Epoch  11/50 | Train: 0.180358 | Val: 0.181050 | Corr: 0.104532 | LR: 1.00e-04
2026-03-05 17:14:21,856 - INFO -   ↳ Saved best model (val_corr=0.104532)
2026-03-05 17:14:26,973 - INFO - Epoch  12/50 | Train: 0.180008 | Val: 0.180845 | Corr: 0.107341 | LR: 1.00e-04
2026-03-05 17:14:26,987 - INFO -   ↳ Saved best model (val_corr=0.107341)
2026-03-05 17:14:32,207 - INFO - Epoch  13/50 | Train: 0.179594 | Val: 0.180383 | Corr: 0.107888 | LR: 1.00e-04
2026-03-05 17:14:32,222 - INFO -   ↳ Saved best model (val_corr=0.107888)
2026-03-05 17:14:37,466 - INFO - Epoch  14/50 | Train: 0.179302 | Val: 0.180738 | Corr: 0.111581 | LR: 1.00e-04
2026-03-05 17:14:37,480 - INFO -   ↳ Saved best model (val_corr=0.111581)
2026-03-05 17:14:42,628 - INFO - Epoch  15/50 | Train: 0.179091 | Val: 0.179792 | Corr: 0.113337 | LR: 1.00e-04
2026-03-05 17:14:42,642 - INFO -   ↳ Saved best model (val_corr=0.113337)
2026-03-05 17:14:47,651 - INFO - Epoch  16/50 | Train: 0.178781 | Val: 0.179425 | Corr: 0.115237 | LR: 1.00e-04
2026-03-05 17:14:47,663 - INFO -   ↳ Saved best model (val_corr=0.115237)
2026-03-05 17:14:52,612 - INFO - Epoch  17/50 | Train: 0.178459 | Val: 0.179589 | Corr: 0.117153 | LR: 1.00e-04
2026-03-05 17:14:52,626 - INFO -   ↳ Saved best model (val_corr=0.117153)
2026-03-05 17:14:57,595 - INFO - Epoch  18/50 | Train: 0.178173 | Val: 0.179166 | Corr: 0.118408 | LR: 1.00e-04
2026-03-05 17:14:57,610 - INFO -   ↳ Saved best model (val_corr=0.118408)
2026-03-05 17:15:02,573 - INFO - Epoch  19/50 | Train: 0.177915 | Val: 0.179911 | Corr: 0.119887 | LR: 1.00e-04
2026-03-05 17:15:02,587 - INFO -   ↳ Saved best model (val_corr=0.119887)
2026-03-05 17:15:07,702 - INFO - Epoch  20/50 | Train: 0.177682 | Val: 0.179033 | Corr: 0.121158 | LR: 1.00e-04
2026-03-05 17:15:07,716 - INFO -   ↳ Saved best model (val_corr=0.121158)
2026-03-05 17:15:12,798 - INFO - Epoch  21/50 | Train: 0.177396 | Val: 0.178752 | Corr: 0.123293 | LR: 1.00e-04
2026-03-05 17:15:12,810 - INFO -   ↳ Saved best model (val_corr=0.123293)
2026-03-05 17:15:17,958 - INFO - Epoch  22/50 | Train: 0.177195 | Val: 0.178898 | Corr: 0.124700 | LR: 1.00e-04
2026-03-05 17:15:17,969 - INFO -   ↳ Saved best model (val_corr=0.124700)
2026-03-05 17:15:23,163 - INFO - Epoch  23/50 | Train: 0.177086 | Val: 0.178482 | Corr: 0.126321 | LR: 1.00e-04
2026-03-05 17:15:23,176 - INFO -   ↳ Saved best model (val_corr=0.126321)
2026-03-05 17:15:28,335 - INFO - Epoch  24/50 | Train: 0.176755 | Val: 0.178104 | Corr: 0.126944 | LR: 1.00e-04
2026-03-05 17:15:28,351 - INFO -   ↳ Saved best model (val_corr=0.126944)
2026-03-05 17:15:33,468 - INFO - Epoch  25/50 | Train: 0.176558 | Val: 0.178490 | Corr: 0.128981 | LR: 1.00e-04
2026-03-05 17:15:33,485 - INFO -   ↳ Saved best model (val_corr=0.128981)
2026-03-05 17:15:38,626 - INFO - Epoch  26/50 | Train: 0.176380 | Val: 0.177571 | Corr: 0.129672 | LR: 1.00e-04
2026-03-05 17:15:38,640 - INFO -   ↳ Saved best model (val_corr=0.129672)
2026-03-05 17:15:43,769 - INFO - Epoch  27/50 | Train: 0.176242 | Val: 0.177506 | Corr: 0.131225 | LR: 1.00e-04
2026-03-05 17:15:43,793 - INFO -   ↳ Saved best model (val_corr=0.131225)
2026-03-05 17:15:48,930 - INFO - Epoch  28/50 | Train: 0.176057 | Val: 0.177540 | Corr: 0.132668 | LR: 1.00e-04
2026-03-05 17:15:48,963 - INFO -   ↳ Saved best model (val_corr=0.132668)
2026-03-05 17:15:54,083 - INFO - Epoch  29/50 | Train: 0.175819 | Val: 0.177505 | Corr: 0.133627 | LR: 1.00e-04
2026-03-05 17:15:54,096 - INFO -   ↳ Saved best model (val_corr=0.133627)
2026-03-05 17:15:59,238 - INFO - Epoch  30/50 | Train: 0.175673 | Val: 0.177175 | Corr: 0.134822 | LR: 1.00e-04
2026-03-05 17:15:59,253 - INFO -   ↳ Saved best model (val_corr=0.134822)
2026-03-05 17:16:04,358 - INFO - Epoch  31/50 | Train: 0.175471 | Val: 0.177085 | Corr: 0.134701 | LR: 1.00e-04
2026-03-05 17:16:09,527 - INFO - Epoch  32/50 | Train: 0.175438 | Val: 0.177176 | Corr: 0.136005 | LR: 1.00e-04
2026-03-05 17:16:09,539 - INFO -   ↳ Saved best model (val_corr=0.136005)
2026-03-05 17:16:14,754 - INFO - Epoch  33/50 | Train: 0.175219 | Val: 0.177068 | Corr: 0.137182 | LR: 1.00e-04
2026-03-05 17:16:14,768 - INFO -   ↳ Saved best model (val_corr=0.137182)
2026-03-05 17:16:20,099 - INFO - Epoch  34/50 | Train: 0.175004 | Val: 0.176744 | Corr: 0.137086 | LR: 1.00e-04
2026-03-05 17:16:25,438 - INFO - Epoch  35/50 | Train: 0.174885 | Val: 0.176739 | Corr: 0.137965 | LR: 1.00e-04
2026-03-05 17:16:25,452 - INFO -   ↳ Saved best model (val_corr=0.137965)
2026-03-05 17:16:30,749 - INFO - Epoch  36/50 | Train: 0.174727 | Val: 0.177257 | Corr: 0.139609 | LR: 1.00e-04
2026-03-05 17:16:30,762 - INFO -   ↳ Saved best model (val_corr=0.139609)
2026-03-05 17:16:35,977 - INFO - Epoch  37/50 | Train: 0.174621 | Val: 0.176668 | Corr: 0.140438 | LR: 1.00e-04
2026-03-05 17:16:36,002 - INFO -   ↳ Saved best model (val_corr=0.140438)
2026-03-05 17:16:41,184 - INFO - Epoch  38/50 | Train: 0.174528 | Val: 0.176469 | Corr: 0.140464 | LR: 1.00e-04
2026-03-05 17:16:41,200 - INFO -   ↳ Saved best model (val_corr=0.140464)
2026-03-05 17:16:46,299 - INFO - Epoch  39/50 | Train: 0.174351 | Val: 0.177090 | Corr: 0.141975 | LR: 1.00e-04
2026-03-05 17:16:46,313 - INFO -   ↳ Saved best model (val_corr=0.141975)
2026-03-05 17:16:51,370 - INFO - Epoch  40/50 | Train: 0.174218 | Val: 0.176517 | Corr: 0.142158 | LR: 1.00e-04
2026-03-05 17:16:51,382 - INFO -   ↳ Saved best model (val_corr=0.142158)
2026-03-05 17:16:56,556 - INFO - Epoch  41/50 | Train: 0.174082 | Val: 0.176096 | Corr: 0.142863 | LR: 1.00e-04
2026-03-05 17:16:56,573 - INFO -   ↳ Saved best model (val_corr=0.142863)
2026-03-05 17:17:01,810 - INFO - Epoch  42/50 | Train: 0.173959 | Val: 0.176301 | Corr: 0.143805 | LR: 1.00e-04
2026-03-05 17:17:01,823 - INFO -   ↳ Saved best model (val_corr=0.143805)
2026-03-05 17:17:07,067 - INFO - Epoch  43/50 | Train: 0.173847 | Val: 0.176201 | Corr: 0.144503 | LR: 1.00e-04
2026-03-05 17:17:07,086 - INFO -   ↳ Saved best model (val_corr=0.144503)
2026-03-05 17:17:12,259 - INFO - Epoch  44/50 | Train: 0.173767 | Val: 0.176406 | Corr: 0.144826 | LR: 1.00e-04
2026-03-05 17:17:12,275 - INFO -   ↳ Saved best model (val_corr=0.144826)
2026-03-05 17:17:17,359 - INFO - Epoch  45/50 | Train: 0.173690 | Val: 0.176247 | Corr: 0.144753 | LR: 1.00e-04
2026-03-05 17:17:22,452 - INFO - Epoch  46/50 | Train: 0.173570 | Val: 0.176338 | Corr: 0.146412 | LR: 1.00e-04
2026-03-05 17:17:22,465 - INFO -   ↳ Saved best model (val_corr=0.146412)
2026-03-05 17:17:27,422 - INFO - Epoch  47/50 | Train: 0.173484 | Val: 0.176342 | Corr: 0.146661 | LR: 5.00e-05
2026-03-05 17:17:27,437 - INFO -   ↳ Saved best model (val_corr=0.146661)
2026-03-05 17:17:32,390 - INFO - Epoch  48/50 | Train: 0.173239 | Val: 0.175961 | Corr: 0.146980 | LR: 5.00e-05
2026-03-05 17:17:32,415 - INFO -   ↳ Saved best model (val_corr=0.146980)
2026-03-05 17:17:37,445 - INFO - Epoch  49/50 | Train: 0.173131 | Val: 0.175883 | Corr: 0.147063 | LR: 5.00e-05
2026-03-05 17:17:37,460 - INFO -   ↳ Saved best model (val_corr=0.147063)
2026-03-05 17:17:42,490 - INFO - Epoch  50/50 | Train: 0.173040 | Val: 0.175750 | Corr: 0.147109 | LR: 5.00e-05
2026-03-05 17:17:42,506 - INFO -   ↳ Saved best model (val_corr=0.147109)
2026-03-05 17:17:42,506 - INFO - Training complete — best val corr: 0.147109
2026-03-05 17:17:43,582 - INFO - Test loss: 0.166860, Test corr: 0.139658
2026-03-05 17:17:43,951 - INFO - Fraction of variance explained (FVE): 0.022483
2026-03-05 17:17:43,951 - INFO - Computing autoregressive (AR) test predictions …
2026-03-05 17:17:44,472 - INFO - AR FVE: 0.016807, AR test corr: 0.123199
2026-03-05 17:17:44,473 - INFO - Generating figures …
2026-03-05 17:17:44,831 - INFO - Correlation between predicted and actual per-neuron averages: r=0.9946, p=0.00e+00
2026-03-05 17:17:46,258 - INFO - Pattern selectivity summary:
2026-03-05 17:17:46,258 - INFO -   Mean correlation across neurons: 0.5265
2026-03-05 17:17:46,259 - INFO -   Median correlation: 0.5641
2026-03-05 17:17:46,259 - INFO -   Neurons with r > 0.5: 39 / 63
2026-03-05 17:17:46,259 - INFO -   Neurons with r > 0.3: 57 / 63
2026-03-05 17:17:46,259 - INFO - Pattern selectivity — mean neuron corr: 0.5265
2026-03-05 17:17:47,447 - INFO - LOO (avg rate) — Model mean r: 0.3806, LOO mean r: 0.4546, Neurons model > LOO: 11/63
2026-03-05 17:17:49,100 - INFO - LOO (temporal) — Model mean r: 0.1470, LOO mean r: 0.3186, Neurons model > LOO: 1/63
2026-03-05 17:17:49,100 - INFO - Skipping oracle trial plots (skip_oracle_plots=True)
2026-03-05 17:17:49,107 - INFO - Experiment complete. Summary: {
  "run_dir": "/scratch/sb272/patterns5k_results/slurm_hist_cnn_2026-03-05_16-01-45/trial_0129_learning_rate=1.0e-04_history=10_kernel_sizes=5x3x3_conv_channels=64x128x256_fc_dims=512_seed1",
  "model_type": "cnn",
  "batch_avg_test_loss": 0.1668595209121704,
  "batch_avg_test_corr": 0.13965839483395232,
  "all_test_fve": 0.022483401828342013,
  "AR_FVE": 0.01680733570976863,
  "AR_test_correlation": 0.12319888174533844,
  "best_val_corr": 0.14710924469071224,
  "total_params": 321727,
  "trainable_params": 321727,
  "epochs_trained": 50,
  "mean_pattern_corr": 0.5264660059822248,
  "history": 10,
  "init_state": true,
  "loo_avg_mean_corr": 0.45456832695830385,
  "model_avg_mean_corr": 0.3805830065403335,
  "neurons_model_beats_loo_avg": 11,
  "loo_temporal_mean_corr": 0.31855225563049316,
  "all_test_corr": 0.14695127308368683,
  "neurons_model_beats_loo_temporal": 1,
  "kernel_sizes": [
    5,
    3,
    3
  ],
  "conv_channels": [
    64,
    128,
    256
  ],
  "fc_dims": [
    512
  ]
}
