2026-03-05 00:06:24,979 - INFO - ============================================================
2026-03-05 00:06:24,979 - INFO - Experiment run directory: /scratch/sb272/patterns5k_results/slurm_base_cnn_2026-03-04_16-53-19/trial_0203_learning_rate=5.0e-03_kernel_sizes=5x3x3_conv_channels=64x128x256_fc_dims=256_seed4
2026-03-05 00:06:24,979 - INFO - ============================================================
2026-03-05 00:06:24,979 - INFO - Loading data …
2026-03-05 00:06:25,827 - INFO - 63 unique neurons after dropping problematic neurons
2026-03-05 00:06:27,010 - INFO - Stimulation channels: 42, Spiking neurons: 63
2026-03-05 00:08:22,109 - INFO - Unique patterns: 4050, Total trials: 5000
2026-03-05 00:08:22,111 - INFO - Stimulation channels: 42, Spiking neurons: 63
2026-03-05 00:08:22,111 - INFO - Unique patterns: 4050, Total trials: 5000
2026-03-05 00:08:22,127 - INFO - Split (oracle): train=3400, val=600, test=1000
2026-03-05 00:08:45,780 - INFO - BinnedStimSpikeDataset initialized:
2026-03-05 00:08:45,782 - INFO -   input_bin_size_ms=10, output_bin_size_ms=10
2026-03-05 00:08:45,782 - INFO -   n_input_bins=60, n_output_bins=60
2026-03-05 00:08:45,782 - INFO -   output_offset=0, total_bins_input=60, total_bins_output=60
2026-03-05 00:08:45,782 - INFO -   Valid start positions per trial: 0 to 0
2026-03-05 00:08:45,782 - INFO -   Total samples: 3400 (3400 trials × 1 positions)
2026-03-05 00:09:08,840 - INFO - BinnedStimSpikeDataset initialized:
2026-03-05 00:09:08,840 - INFO -   input_bin_size_ms=10, output_bin_size_ms=10
2026-03-05 00:09:08,840 - INFO -   n_input_bins=60, n_output_bins=60
2026-03-05 00:09:08,840 - INFO -   output_offset=0, total_bins_input=60, total_bins_output=60
2026-03-05 00:09:08,840 - INFO -   Valid start positions per trial: 0 to 0
2026-03-05 00:09:08,840 - INFO -   Total samples: 600 (600 trials × 1 positions)
2026-03-05 00:09:32,126 - INFO - BinnedStimSpikeDataset initialized:
2026-03-05 00:09:32,126 - INFO -   input_bin_size_ms=10, output_bin_size_ms=10
2026-03-05 00:09:32,126 - INFO -   n_input_bins=60, n_output_bins=60
2026-03-05 00:09:32,126 - INFO -   output_offset=0, total_bins_input=60, total_bins_output=60
2026-03-05 00:09:32,126 - INFO -   Valid start positions per trial: 0 to 0
2026-03-05 00:09:32,126 - INFO -   Total samples: 1000 (1000 trials × 1 positions)
2026-03-05 00:09:32,126 - INFO - Samples — train: 3400, val: 600, test: 1000
2026-03-05 00:09:32,126 - INFO - Input channels: 42, Neurons: 63
2026-03-05 00:09:32,143 - INFO - Using CPU
2026-03-05 00:09:32,147 - INFO - Model: CNN — 219,647 trainable params (219,647 total)
2026-03-05 00:09:49,928 - INFO - Starting training …
2026-03-05 00:09:56,975 - INFO - Epoch   1/50 | Train: 0.197317 | Val: 0.183364 | Corr: 0.082139 | LR: 5.00e-03
2026-03-05 00:09:56,997 - INFO -   ↳ Saved best model (val_corr=0.082139)
2026-03-05 00:10:02,807 - INFO - Epoch   2/50 | Train: 0.182662 | Val: 0.184401 | Corr: 0.088305 | LR: 5.00e-03
2026-03-05 00:10:02,843 - INFO -   ↳ Saved best model (val_corr=0.088305)
2026-03-05 00:10:08,793 - INFO - Epoch   3/50 | Train: 0.181799 | Val: 0.182737 | Corr: 0.100107 | LR: 5.00e-03
2026-03-05 00:10:08,830 - INFO -   ↳ Saved best model (val_corr=0.100107)
2026-03-05 00:10:14,814 - INFO - Epoch   4/50 | Train: 0.181076 | Val: 0.180745 | Corr: 0.100064 | LR: 5.00e-03
2026-03-05 00:10:20,863 - INFO - Epoch   5/50 | Train: 0.180167 | Val: 0.180093 | Corr: 0.110545 | LR: 5.00e-03
2026-03-05 00:10:20,886 - INFO -   ↳ Saved best model (val_corr=0.110545)
2026-03-05 00:10:26,912 - INFO - Epoch   6/50 | Train: 0.179308 | Val: 0.179640 | Corr: 0.114323 | LR: 5.00e-03
2026-03-05 00:10:26,926 - INFO -   ↳ Saved best model (val_corr=0.114323)
2026-03-05 00:10:32,824 - INFO - Epoch   7/50 | Train: 0.178744 | Val: 0.180551 | Corr: 0.116557 | LR: 5.00e-03
2026-03-05 00:10:32,842 - INFO -   ↳ Saved best model (val_corr=0.116557)
2026-03-05 00:10:38,739 - INFO - Epoch   8/50 | Train: 0.178284 | Val: 0.178831 | Corr: 0.120411 | LR: 5.00e-03
2026-03-05 00:10:38,780 - INFO -   ↳ Saved best model (val_corr=0.120411)
2026-03-05 00:10:44,710 - INFO - Epoch   9/50 | Train: 0.177854 | Val: 0.178241 | Corr: 0.123686 | LR: 5.00e-03
2026-03-05 00:10:44,735 - INFO -   ↳ Saved best model (val_corr=0.123686)
2026-03-05 00:10:50,798 - INFO - Epoch  10/50 | Train: 0.177630 | Val: 0.177923 | Corr: 0.126622 | LR: 5.00e-03
2026-03-05 00:10:50,816 - INFO -   ↳ Saved best model (val_corr=0.126622)
2026-03-05 00:10:56,820 - INFO - Epoch  11/50 | Train: 0.177288 | Val: 0.177884 | Corr: 0.127252 | LR: 5.00e-03
2026-03-05 00:10:56,866 - INFO -   ↳ Saved best model (val_corr=0.127252)
2026-03-05 00:11:02,897 - INFO - Epoch  12/50 | Train: 0.177143 | Val: 0.178104 | Corr: 0.128126 | LR: 5.00e-03
2026-03-05 00:11:02,943 - INFO -   ↳ Saved best model (val_corr=0.128126)
2026-03-05 00:11:08,860 - INFO - Epoch  13/50 | Train: 0.176993 | Val: 0.177712 | Corr: 0.128696 | LR: 5.00e-03
2026-03-05 00:11:08,947 - INFO -   ↳ Saved best model (val_corr=0.128696)
2026-03-05 00:11:14,933 - INFO - Epoch  14/50 | Train: 0.176581 | Val: 0.177478 | Corr: 0.131009 | LR: 5.00e-03
2026-03-05 00:11:14,960 - INFO -   ↳ Saved best model (val_corr=0.131009)
2026-03-05 00:11:20,705 - INFO - Epoch  15/50 | Train: 0.176536 | Val: 0.177573 | Corr: 0.130569 | LR: 5.00e-03
2026-03-05 00:11:26,564 - INFO - Epoch  16/50 | Train: 0.176331 | Val: 0.177590 | Corr: 0.131932 | LR: 5.00e-03
2026-03-05 00:11:26,591 - INFO -   ↳ Saved best model (val_corr=0.131932)
2026-03-05 00:11:32,665 - INFO - Epoch  17/50 | Train: 0.176131 | Val: 0.177771 | Corr: 0.131004 | LR: 5.00e-03
2026-03-05 00:11:38,645 - INFO - Epoch  18/50 | Train: 0.176017 | Val: 0.177399 | Corr: 0.133083 | LR: 5.00e-03
2026-03-05 00:11:38,678 - INFO -   ↳ Saved best model (val_corr=0.133083)
2026-03-05 00:11:44,559 - INFO - Epoch  19/50 | Train: 0.175940 | Val: 0.177629 | Corr: 0.133103 | LR: 5.00e-03
2026-03-05 00:11:44,581 - INFO -   ↳ Saved best model (val_corr=0.133103)
2026-03-05 00:11:50,261 - INFO - Epoch  20/50 | Train: 0.175509 | Val: 0.177743 | Corr: 0.131809 | LR: 5.00e-03
2026-03-05 00:11:56,371 - INFO - Epoch  21/50 | Train: 0.175520 | Val: 0.177416 | Corr: 0.134105 | LR: 5.00e-03
2026-03-05 00:11:56,411 - INFO -   ↳ Saved best model (val_corr=0.134105)
2026-03-05 00:12:02,355 - INFO - Epoch  22/50 | Train: 0.175253 | Val: 0.177435 | Corr: 0.135478 | LR: 5.00e-03
2026-03-05 00:12:02,374 - INFO -   ↳ Saved best model (val_corr=0.135478)
2026-03-05 00:12:08,397 - INFO - Epoch  23/50 | Train: 0.175140 | Val: 0.177488 | Corr: 0.134256 | LR: 5.00e-03
2026-03-05 00:12:14,345 - INFO - Epoch  24/50 | Train: 0.175036 | Val: 0.177245 | Corr: 0.135952 | LR: 5.00e-03
2026-03-05 00:12:14,368 - INFO -   ↳ Saved best model (val_corr=0.135952)
2026-03-05 00:12:20,211 - INFO - Epoch  25/50 | Train: 0.174867 | Val: 0.177406 | Corr: 0.135696 | LR: 5.00e-03
2026-03-05 00:12:26,324 - INFO - Epoch  26/50 | Train: 0.174665 | Val: 0.177205 | Corr: 0.135303 | LR: 5.00e-03
2026-03-05 00:12:32,148 - INFO - Epoch  27/50 | Train: 0.174686 | Val: 0.177550 | Corr: 0.135667 | LR: 5.00e-03
2026-03-05 00:12:38,009 - INFO - Epoch  28/50 | Train: 0.174432 | Val: 0.177633 | Corr: 0.136436 | LR: 5.00e-03
2026-03-05 00:12:38,034 - INFO -   ↳ Saved best model (val_corr=0.136436)
2026-03-05 00:12:43,945 - INFO - Epoch  29/50 | Train: 0.174299 | Val: 0.178962 | Corr: 0.135376 | LR: 5.00e-03
2026-03-05 00:12:49,951 - INFO - Epoch  30/50 | Train: 0.174296 | Val: 0.177408 | Corr: 0.137737 | LR: 5.00e-03
2026-03-05 00:12:49,977 - INFO -   ↳ Saved best model (val_corr=0.137737)
2026-03-05 00:12:56,095 - INFO - Epoch  31/50 | Train: 0.174165 | Val: 0.177212 | Corr: 0.138396 | LR: 5.00e-03
2026-03-05 00:12:56,127 - INFO -   ↳ Saved best model (val_corr=0.138396)
2026-03-05 00:13:02,176 - INFO - Epoch  32/50 | Train: 0.173980 | Val: 0.177866 | Corr: 0.136262 | LR: 2.50e-03
2026-03-05 00:13:08,000 - INFO - Epoch  33/50 | Train: 0.173211 | Val: 0.178329 | Corr: 0.136993 | LR: 2.50e-03
2026-03-05 00:13:14,011 - INFO - Epoch  34/50 | Train: 0.172974 | Val: 0.177158 | Corr: 0.138942 | LR: 2.50e-03
2026-03-05 00:13:14,038 - INFO -   ↳ Saved best model (val_corr=0.138942)
2026-03-05 00:13:20,055 - INFO - Epoch  35/50 | Train: 0.172825 | Val: 0.177600 | Corr: 0.137437 | LR: 2.50e-03
2026-03-05 00:13:26,031 - INFO - Epoch  36/50 | Train: 0.172785 | Val: 0.177484 | Corr: 0.138158 | LR: 2.50e-03
2026-03-05 00:13:31,930 - INFO - Epoch  37/50 | Train: 0.172693 | Val: 0.177659 | Corr: 0.138300 | LR: 2.50e-03
2026-03-05 00:13:37,952 - INFO - Epoch  38/50 | Train: 0.172656 | Val: 0.177269 | Corr: 0.138018 | LR: 2.50e-03
2026-03-05 00:13:43,940 - INFO - Epoch  39/50 | Train: 0.172579 | Val: 0.177988 | Corr: 0.137891 | LR: 2.50e-03
2026-03-05 00:13:49,962 - INFO - Epoch  40/50 | Train: 0.172501 | Val: 0.177400 | Corr: 0.138197 | LR: 1.25e-03
2026-03-05 00:13:55,962 - INFO - Epoch  41/50 | Train: 0.171916 | Val: 0.177903 | Corr: 0.138104 | LR: 1.25e-03
2026-03-05 00:14:01,846 - INFO - Epoch  42/50 | Train: 0.171871 | Val: 0.177846 | Corr: 0.138039 | LR: 1.25e-03
2026-03-05 00:14:07,783 - INFO - Epoch  43/50 | Train: 0.171741 | Val: 0.177600 | Corr: 0.137985 | LR: 1.25e-03
2026-03-05 00:14:13,885 - INFO - Epoch  44/50 | Train: 0.171677 | Val: 0.178370 | Corr: 0.137239 | LR: 1.25e-03
2026-03-05 00:14:13,885 - INFO - Early stopping at epoch 44
2026-03-05 00:14:13,885 - INFO - Training complete — best val corr: 0.138942
2026-03-05 00:14:15,692 - INFO - Test loss: 0.168498, Test corr: 0.134425
2026-03-05 00:14:16,118 - INFO - Fraction of variance explained (FVE): 0.021819
2026-03-05 00:14:16,118 - INFO - Generating figures …
2026-03-05 00:14:17,096 - INFO - Correlation between predicted and actual per-neuron averages: r=0.9924, p=0.00e+00
2026-03-05 00:14:19,370 - INFO - Pattern selectivity summary:
2026-03-05 00:14:19,371 - INFO -   Mean correlation across neurons: 0.4723
2026-03-05 00:14:19,371 - INFO -   Median correlation: 0.5231
2026-03-05 00:14:19,371 - INFO -   Neurons with r > 0.5: 34 / 63
2026-03-05 00:14:19,371 - INFO -   Neurons with r > 0.3: 50 / 63
2026-03-05 00:14:19,371 - INFO - Pattern selectivity — mean neuron corr: 0.4723
2026-03-05 00:14:21,004 - INFO - LOO (avg rate) — Model mean r: 0.2743, LOO mean r: 0.4546, Neurons model > LOO: 1/63
2026-03-05 00:14:23,104 - INFO - LOO (temporal) — Model mean r: 0.1355, LOO mean r: 0.3186, Neurons model > LOO: 0/63
2026-03-05 00:14:23,104 - INFO - Skipping oracle trial plots (skip_oracle_plots=True)
2026-03-05 00:14:23,127 - INFO - Experiment complete. Summary: {
  "run_dir": "/scratch/sb272/patterns5k_results/slurm_base_cnn_2026-03-04_16-53-19/trial_0203_learning_rate=5.0e-03_kernel_sizes=5x3x3_conv_channels=64x128x256_fc_dims=256_seed4",
  "model_type": "cnn",
  "batch_avg_test_loss": 0.16849849128723143,
  "batch_avg_test_corr": 0.1344250462831114,
  "all_test_fve": 0.021818937763335215,
  "AR_FVE": NaN,
  "AR_test_correlation": NaN,
  "best_val_corr": 0.13894237764405998,
  "total_params": 219647,
  "trainable_params": 219647,
  "epochs_trained": 44,
  "mean_pattern_corr": 0.4722688292559911,
  "history": 0,
  "init_state": true,
  "loo_avg_mean_corr": 0.45456832695830385,
  "model_avg_mean_corr": 0.27430088043954365,
  "neurons_model_beats_loo_avg": 1,
  "loo_temporal_mean_corr": 0.31855225563049316,
  "all_test_corr": 0.13554543256759644,
  "neurons_model_beats_loo_temporal": 0,
  "kernel_sizes": [
    5,
    3,
    3
  ],
  "conv_channels": [
    64,
    128,
    256
  ],
  "fc_dims": [
    256
  ]
}
