2026-03-03 21:13:28,380 - INFO - ============================================================
2026-03-03 21:13:28,380 - INFO - Experiment run directory: /scratch/sb272/patterns5k_results/slurm_hist_cnn_2026-03-03_15-13-01/trial_0019_learning_rate=1.0e-04_history=5_kernel_sizes=10x5_conv_channels=256x128_fc_dims=256_seed2
2026-03-03 21:13:28,380 - INFO - ============================================================
2026-03-03 21:13:28,381 - INFO - Loading data …
2026-03-03 21:13:29,227 - INFO - 63 unique neurons after dropping problematic neurons
2026-03-03 21:13:30,144 - INFO - Stimulation channels: 42, Spiking neurons: 63
2026-03-03 21:14:45,739 - INFO - Unique patterns: 4050, Total trials: 5000
2026-03-03 21:14:45,742 - INFO - Stimulation channels: 42, Spiking neurons: 63
2026-03-03 21:14:45,742 - INFO - Unique patterns: 4050, Total trials: 5000
2026-03-03 21:14:45,753 - INFO - Split (oracle): train=3400, val=600, test=1000
2026-03-03 21:15:00,016 - INFO - BinnedStimSpikeDataset initialized:
2026-03-03 21:15:00,016 - INFO -   input_bin_size_ms=10, output_bin_size_ms=10
2026-03-03 21:15:00,016 - INFO -   n_input_bins=60, n_output_bins=60
2026-03-03 21:15:00,016 - INFO -   output_offset=0, total_bins_input=60, total_bins_output=60
2026-03-03 21:15:00,016 - INFO -   Valid start positions per trial: 0 to 0
2026-03-03 21:15:00,016 - INFO -   Total samples: 3400 (3400 trials × 1 positions)
2026-03-03 21:15:13,788 - INFO - BinnedStimSpikeDataset initialized:
2026-03-03 21:15:13,788 - INFO -   input_bin_size_ms=10, output_bin_size_ms=10
2026-03-03 21:15:13,789 - INFO -   n_input_bins=60, n_output_bins=60
2026-03-03 21:15:13,789 - INFO -   output_offset=0, total_bins_input=60, total_bins_output=60
2026-03-03 21:15:13,789 - INFO -   Valid start positions per trial: 0 to 0
2026-03-03 21:15:13,789 - INFO -   Total samples: 600 (600 trials × 1 positions)
2026-03-03 21:15:27,659 - INFO - BinnedStimSpikeDataset initialized:
2026-03-03 21:15:27,659 - INFO -   input_bin_size_ms=10, output_bin_size_ms=10
2026-03-03 21:15:27,659 - INFO -   n_input_bins=60, n_output_bins=60
2026-03-03 21:15:27,659 - INFO -   output_offset=0, total_bins_input=60, total_bins_output=60
2026-03-03 21:15:27,659 - INFO -   Valid start positions per trial: 0 to 0
2026-03-03 21:15:27,659 - INFO -   Total samples: 1000 (1000 trials × 1 positions)
2026-03-03 21:15:27,659 - INFO - Samples — train: 3400, val: 600, test: 1000
2026-03-03 21:15:27,659 - INFO - Input channels: 105, Neurons: 63
2026-03-03 21:15:27,669 - INFO - Using CPU
2026-03-03 21:15:27,687 - INFO - Model: CNN — 483,007 trainable params (483,007 total)
2026-03-03 21:15:31,985 - INFO - Starting training …
2026-03-03 21:15:38,817 - INFO - Epoch   1/50 | Train: 0.457011 | Val: 0.207419 | Corr: 0.046085 | LR: 1.00e-04
2026-03-03 21:15:38,836 - INFO -   ↳ Saved best model (val_corr=0.046085)
2026-03-03 21:15:44,905 - INFO - Epoch   2/50 | Train: 0.188966 | Val: 0.185974 | Corr: 0.072782 | LR: 1.00e-04
2026-03-03 21:15:44,924 - INFO -   ↳ Saved best model (val_corr=0.072782)
2026-03-03 21:15:50,991 - INFO - Epoch   3/50 | Train: 0.185011 | Val: 0.184292 | Corr: 0.080970 | LR: 1.00e-04
2026-03-03 21:15:51,008 - INFO -   ↳ Saved best model (val_corr=0.080970)
2026-03-03 21:15:57,093 - INFO - Epoch   4/50 | Train: 0.183515 | Val: 0.182131 | Corr: 0.085873 | LR: 1.00e-04
2026-03-03 21:15:57,111 - INFO -   ↳ Saved best model (val_corr=0.085873)
2026-03-03 21:16:03,178 - INFO - Epoch   5/50 | Train: 0.182208 | Val: 0.181620 | Corr: 0.088733 | LR: 1.00e-04
2026-03-03 21:16:03,193 - INFO -   ↳ Saved best model (val_corr=0.088733)
2026-03-03 21:16:09,237 - INFO - Epoch   6/50 | Train: 0.181099 | Val: 0.182417 | Corr: 0.091244 | LR: 1.00e-04
2026-03-03 21:16:09,257 - INFO -   ↳ Saved best model (val_corr=0.091244)
2026-03-03 21:16:15,370 - INFO - Epoch   7/50 | Train: 0.180135 | Val: 0.181225 | Corr: 0.093509 | LR: 1.00e-04
2026-03-03 21:16:15,384 - INFO -   ↳ Saved best model (val_corr=0.093509)
2026-03-03 21:16:21,516 - INFO - Epoch   8/50 | Train: 0.179293 | Val: 0.181848 | Corr: 0.097023 | LR: 1.00e-04
2026-03-03 21:16:21,531 - INFO -   ↳ Saved best model (val_corr=0.097023)
2026-03-03 21:16:27,627 - INFO - Epoch   9/50 | Train: 0.178368 | Val: 0.181496 | Corr: 0.098195 | LR: 1.00e-04
2026-03-03 21:16:27,641 - INFO -   ↳ Saved best model (val_corr=0.098195)
2026-03-03 21:16:33,726 - INFO - Epoch  10/50 | Train: 0.177562 | Val: 0.181610 | Corr: 0.100011 | LR: 1.00e-04
2026-03-03 21:16:33,743 - INFO -   ↳ Saved best model (val_corr=0.100011)
2026-03-03 21:16:39,848 - INFO - Epoch  11/50 | Train: 0.176827 | Val: 0.181464 | Corr: 0.101623 | LR: 1.00e-04
2026-03-03 21:16:39,865 - INFO -   ↳ Saved best model (val_corr=0.101623)
2026-03-03 21:16:45,942 - INFO - Epoch  12/50 | Train: 0.176103 | Val: 0.179719 | Corr: 0.104924 | LR: 1.00e-04
2026-03-03 21:16:45,956 - INFO -   ↳ Saved best model (val_corr=0.104924)
2026-03-03 21:16:52,051 - INFO - Epoch  13/50 | Train: 0.175462 | Val: 0.179889 | Corr: 0.105619 | LR: 1.00e-04
2026-03-03 21:16:52,066 - INFO -   ↳ Saved best model (val_corr=0.105619)
2026-03-03 21:16:58,133 - INFO - Epoch  14/50 | Train: 0.174941 | Val: 0.179977 | Corr: 0.107081 | LR: 1.00e-04
2026-03-03 21:16:58,151 - INFO -   ↳ Saved best model (val_corr=0.107081)
2026-03-03 21:17:04,271 - INFO - Epoch  15/50 | Train: 0.174256 | Val: 0.179678 | Corr: 0.108112 | LR: 1.00e-04
2026-03-03 21:17:04,285 - INFO -   ↳ Saved best model (val_corr=0.108112)
2026-03-03 21:17:10,386 - INFO - Epoch  16/50 | Train: 0.173668 | Val: 0.178355 | Corr: 0.109540 | LR: 1.00e-04
2026-03-03 21:17:10,402 - INFO -   ↳ Saved best model (val_corr=0.109540)
2026-03-03 21:17:16,532 - INFO - Epoch  17/50 | Train: 0.173149 | Val: 0.179232 | Corr: 0.110786 | LR: 1.00e-04
2026-03-03 21:17:16,548 - INFO -   ↳ Saved best model (val_corr=0.110786)
2026-03-03 21:17:22,685 - INFO - Epoch  18/50 | Train: 0.172578 | Val: 0.178486 | Corr: 0.111740 | LR: 1.00e-04
2026-03-03 21:17:22,701 - INFO -   ↳ Saved best model (val_corr=0.111740)
2026-03-03 21:17:28,868 - INFO - Epoch  19/50 | Train: 0.172157 | Val: 0.178339 | Corr: 0.112657 | LR: 1.00e-04
2026-03-03 21:17:28,887 - INFO -   ↳ Saved best model (val_corr=0.112657)
2026-03-03 21:17:35,028 - INFO - Epoch  20/50 | Train: 0.171637 | Val: 0.178627 | Corr: 0.114677 | LR: 1.00e-04
2026-03-03 21:17:35,043 - INFO -   ↳ Saved best model (val_corr=0.114677)
2026-03-03 21:17:41,092 - INFO - Epoch  21/50 | Train: 0.171189 | Val: 0.179722 | Corr: 0.115132 | LR: 1.00e-04
2026-03-03 21:17:41,110 - INFO -   ↳ Saved best model (val_corr=0.115132)
2026-03-03 21:17:47,208 - INFO - Epoch  22/50 | Train: 0.170746 | Val: 0.178063 | Corr: 0.116213 | LR: 1.00e-04
2026-03-03 21:17:47,222 - INFO -   ↳ Saved best model (val_corr=0.116213)
2026-03-03 21:17:53,321 - INFO - Epoch  23/50 | Train: 0.170230 | Val: 0.179018 | Corr: 0.117321 | LR: 1.00e-04
2026-03-03 21:17:53,338 - INFO -   ↳ Saved best model (val_corr=0.117321)
2026-03-03 21:17:59,452 - INFO - Epoch  24/50 | Train: 0.169800 | Val: 0.177798 | Corr: 0.116883 | LR: 1.00e-04
2026-03-03 21:18:05,487 - INFO - Epoch  25/50 | Train: 0.169264 | Val: 0.178877 | Corr: 0.117629 | LR: 1.00e-04
2026-03-03 21:18:05,507 - INFO -   ↳ Saved best model (val_corr=0.117629)
2026-03-03 21:18:11,618 - INFO - Epoch  26/50 | Train: 0.169015 | Val: 0.178067 | Corr: 0.118093 | LR: 1.00e-04
2026-03-03 21:18:11,639 - INFO -   ↳ Saved best model (val_corr=0.118093)
2026-03-03 21:18:17,725 - INFO - Epoch  27/50 | Train: 0.168552 | Val: 0.178294 | Corr: 0.120164 | LR: 1.00e-04
2026-03-03 21:18:17,744 - INFO -   ↳ Saved best model (val_corr=0.120164)
2026-03-03 21:18:23,843 - INFO - Epoch  28/50 | Train: 0.168214 | Val: 0.177970 | Corr: 0.119665 | LR: 1.00e-04
2026-03-03 21:18:29,874 - INFO - Epoch  29/50 | Train: 0.167914 | Val: 0.179541 | Corr: 0.121025 | LR: 1.00e-04
2026-03-03 21:18:29,892 - INFO -   ↳ Saved best model (val_corr=0.121025)
2026-03-03 21:18:35,993 - INFO - Epoch  30/50 | Train: 0.167576 | Val: 0.178553 | Corr: 0.122069 | LR: 5.00e-05
2026-03-03 21:18:36,014 - INFO -   ↳ Saved best model (val_corr=0.122069)
2026-03-03 21:18:42,097 - INFO - Epoch  31/50 | Train: 0.166717 | Val: 0.178140 | Corr: 0.122226 | LR: 5.00e-05
2026-03-03 21:18:42,116 - INFO -   ↳ Saved best model (val_corr=0.122226)
2026-03-03 21:18:48,253 - INFO - Epoch  32/50 | Train: 0.166531 | Val: 0.178337 | Corr: 0.122890 | LR: 5.00e-05
2026-03-03 21:18:48,268 - INFO -   ↳ Saved best model (val_corr=0.122890)
2026-03-03 21:18:54,365 - INFO - Epoch  33/50 | Train: 0.166283 | Val: 0.178366 | Corr: 0.123044 | LR: 5.00e-05
2026-03-03 21:18:54,380 - INFO -   ↳ Saved best model (val_corr=0.123044)
2026-03-03 21:19:00,471 - INFO - Epoch  34/50 | Train: 0.166116 | Val: 0.178547 | Corr: 0.123129 | LR: 5.00e-05
2026-03-03 21:19:00,500 - INFO -   ↳ Saved best model (val_corr=0.123129)
2026-03-03 21:19:06,495 - INFO - Epoch  35/50 | Train: 0.165944 | Val: 0.178489 | Corr: 0.123032 | LR: 5.00e-05
2026-03-03 21:19:12,616 - INFO - Epoch  36/50 | Train: 0.165710 | Val: 0.178927 | Corr: 0.123371 | LR: 2.50e-05
2026-03-03 21:19:12,635 - INFO -   ↳ Saved best model (val_corr=0.123371)
2026-03-03 21:19:18,766 - INFO - Epoch  37/50 | Train: 0.165343 | Val: 0.178214 | Corr: 0.123563 | LR: 2.50e-05
2026-03-03 21:19:18,783 - INFO -   ↳ Saved best model (val_corr=0.123563)
2026-03-03 21:19:24,934 - INFO - Epoch  38/50 | Train: 0.165225 | Val: 0.178745 | Corr: 0.124171 | LR: 2.50e-05
2026-03-03 21:19:24,957 - INFO -   ↳ Saved best model (val_corr=0.124171)
2026-03-03 21:19:31,094 - INFO - Epoch  39/50 | Train: 0.165150 | Val: 0.178437 | Corr: 0.124220 | LR: 2.50e-05
2026-03-03 21:19:31,111 - INFO -   ↳ Saved best model (val_corr=0.124220)
2026-03-03 21:19:37,127 - INFO - Epoch  40/50 | Train: 0.165061 | Val: 0.178634 | Corr: 0.124127 | LR: 2.50e-05
2026-03-03 21:19:43,237 - INFO - Epoch  41/50 | Train: 0.164994 | Val: 0.178540 | Corr: 0.124206 | LR: 2.50e-05
2026-03-03 21:19:49,332 - INFO - Epoch  42/50 | Train: 0.164918 | Val: 0.178507 | Corr: 0.124332 | LR: 1.25e-05
2026-03-03 21:19:49,355 - INFO -   ↳ Saved best model (val_corr=0.124332)
2026-03-03 21:19:55,492 - INFO - Epoch  43/50 | Train: 0.164599 | Val: 0.178378 | Corr: 0.124588 | LR: 1.25e-05
2026-03-03 21:19:55,508 - INFO -   ↳ Saved best model (val_corr=0.124588)
2026-03-03 21:20:01,611 - INFO - Epoch  44/50 | Train: 0.164613 | Val: 0.178556 | Corr: 0.124551 | LR: 1.25e-05
2026-03-03 21:20:07,717 - INFO - Epoch  45/50 | Train: 0.164607 | Val: 0.178639 | Corr: 0.124714 | LR: 1.25e-05
2026-03-03 21:20:07,732 - INFO -   ↳ Saved best model (val_corr=0.124714)
2026-03-03 21:20:13,872 - INFO - Epoch  46/50 | Train: 0.164433 | Val: 0.178395 | Corr: 0.124649 | LR: 1.25e-05
2026-03-03 21:20:19,992 - INFO - Epoch  47/50 | Train: 0.164553 | Val: 0.178758 | Corr: 0.124896 | LR: 1.25e-05
2026-03-03 21:20:20,009 - INFO -   ↳ Saved best model (val_corr=0.124896)
2026-03-03 21:20:26,123 - INFO - Epoch  48/50 | Train: 0.164390 | Val: 0.178425 | Corr: 0.124538 | LR: 6.25e-06
2026-03-03 21:20:32,211 - INFO - Epoch  49/50 | Train: 0.164393 | Val: 0.178836 | Corr: 0.124907 | LR: 6.25e-06
2026-03-03 21:20:32,228 - INFO -   ↳ Saved best model (val_corr=0.124907)
2026-03-03 21:20:38,366 - INFO - Epoch  50/50 | Train: 0.164363 | Val: 0.178532 | Corr: 0.124611 | LR: 6.25e-06
2026-03-03 21:20:38,367 - INFO - Training complete — best val corr: 0.124907
2026-03-03 21:20:39,688 - INFO - Test loss: 0.169610, Test corr: 0.128263
2026-03-03 21:20:40,228 - INFO - Fraction of variance explained (FVE): 0.008590
2026-03-03 21:20:40,228 - INFO - Computing autoregressive (AR) test predictions …
2026-03-03 21:20:40,888 - INFO - AR FVE: 0.004845, AR test corr: 0.107402
2026-03-03 21:20:40,888 - INFO - Generating figures …
2026-03-03 21:20:41,258 - INFO - Correlation between predicted and actual per-neuron averages: r=0.9953, p=0.00e+00
2026-03-03 21:20:42,872 - INFO - Pattern selectivity summary:
2026-03-03 21:20:42,872 - INFO -   Mean correlation across neurons: 0.5199
2026-03-03 21:20:42,873 - INFO -   Median correlation: 0.5564
2026-03-03 21:20:42,873 - INFO -   Neurons with r > 0.5: 38 / 63
2026-03-03 21:20:42,873 - INFO -   Neurons with r > 0.3: 56 / 63
2026-03-03 21:20:42,873 - INFO - Pattern selectivity — mean neuron corr: 0.5199
2026-03-03 21:20:44,280 - INFO - LOO (avg rate) — Model mean r: 0.3977, LOO mean r: 0.4546, Neurons model > LOO: 16/63
2026-03-03 21:20:46,095 - INFO - LOO (temporal) — Model mean r: 0.1366, LOO mean r: 0.3186, Neurons model > LOO: 2/63
2026-03-03 21:20:46,095 - INFO - Skipping oracle trial plots (skip_oracle_plots=True)
2026-03-03 21:20:46,107 - INFO - Experiment complete. Summary: {
  "run_dir": "/scratch/sb272/patterns5k_results/slurm_hist_cnn_2026-03-03_15-13-01/trial_0019_learning_rate=1.0e-04_history=5_kernel_sizes=10x5_conv_channels=256x128_fc_dims=256_seed2",
  "model_type": "cnn",
  "batch_avg_test_loss": 0.16960992360115051,
  "batch_avg_test_corr": 0.1282634905173888,
  "all_test_fve": 0.008589524125295973,
  "AR_FVE": 0.00484491435308305,
  "AR_test_correlation": 0.10740187019109726,
  "best_val_corr": 0.12490671689292195,
  "total_params": 483007,
  "trainable_params": 483007,
  "epochs_trained": 50,
  "mean_pattern_corr": 0.5198748215191781,
  "history": 5,
  "init_state": true,
  "loo_avg_mean_corr": 0.45456832695830385,
  "model_avg_mean_corr": 0.39768881052579425,
  "neurons_model_beats_loo_avg": 16,
  "loo_temporal_mean_corr": 0.31855225563049316,
  "all_test_corr": 0.13659921288490295,
  "neurons_model_beats_loo_temporal": 2,
  "kernel_sizes": [
    10,
    5
  ],
  "conv_channels": [
    256,
    128
  ],
  "fc_dims": [
    256
  ]
}
