2026-03-04 18:41:23,220 - INFO - ============================================================
2026-03-04 18:41:23,221 - INFO - Experiment run directory: /scratch/sb272/patterns5k_results/slurm_base_cnn_2026-03-04_16-53-19/trial_0064_learning_rate=5.0e-04_kernel_sizes=5x3_conv_channels=128x256_fc_dims=512_seed2
2026-03-04 18:41:23,221 - INFO - ============================================================
2026-03-04 18:41:23,221 - INFO - Loading data …
2026-03-04 18:41:24,423 - INFO - 63 unique neurons after dropping problematic neurons
2026-03-04 18:41:25,339 - INFO - Stimulation channels: 42, Spiking neurons: 63
2026-03-04 18:42:34,687 - INFO - Unique patterns: 4050, Total trials: 5000
2026-03-04 18:42:34,689 - INFO - Stimulation channels: 42, Spiking neurons: 63
2026-03-04 18:42:34,689 - INFO - Unique patterns: 4050, Total trials: 5000
2026-03-04 18:42:34,700 - INFO - Split (oracle): train=3400, val=600, test=1000
2026-03-04 18:42:48,963 - INFO - BinnedStimSpikeDataset initialized:
2026-03-04 18:42:48,964 - INFO -   input_bin_size_ms=10, output_bin_size_ms=10
2026-03-04 18:42:48,964 - INFO -   n_input_bins=60, n_output_bins=60
2026-03-04 18:42:48,964 - INFO -   output_offset=0, total_bins_input=60, total_bins_output=60
2026-03-04 18:42:48,964 - INFO -   Valid start positions per trial: 0 to 0
2026-03-04 18:42:48,964 - INFO -   Total samples: 3400 (3400 trials × 1 positions)
2026-03-04 18:43:02,740 - INFO - BinnedStimSpikeDataset initialized:
2026-03-04 18:43:02,740 - INFO -   input_bin_size_ms=10, output_bin_size_ms=10
2026-03-04 18:43:02,740 - INFO -   n_input_bins=60, n_output_bins=60
2026-03-04 18:43:02,740 - INFO -   output_offset=0, total_bins_input=60, total_bins_output=60
2026-03-04 18:43:02,740 - INFO -   Valid start positions per trial: 0 to 0
2026-03-04 18:43:02,740 - INFO -   Total samples: 600 (600 trials × 1 positions)
2026-03-04 18:43:16,631 - INFO - BinnedStimSpikeDataset initialized:
2026-03-04 18:43:16,631 - INFO -   input_bin_size_ms=10, output_bin_size_ms=10
2026-03-04 18:43:16,631 - INFO -   n_input_bins=60, n_output_bins=60
2026-03-04 18:43:16,631 - INFO -   output_offset=0, total_bins_input=60, total_bins_output=60
2026-03-04 18:43:16,631 - INFO -   Valid start positions per trial: 0 to 0
2026-03-04 18:43:16,632 - INFO -   Total samples: 1000 (1000 trials × 1 positions)
2026-03-04 18:43:16,632 - INFO - Samples — train: 3400, val: 600, test: 1000
2026-03-04 18:43:16,632 - INFO - Input channels: 42, Neurons: 63
2026-03-04 18:43:16,647 - INFO - Using CPU
2026-03-04 18:43:16,652 - INFO - Model: CNN — 290,239 trainable params (290,239 total)
2026-03-04 18:43:21,124 - INFO - Starting training …
2026-03-04 18:43:26,602 - INFO - Epoch   1/50 | Train: 0.219336 | Val: 0.188814 | Corr: 0.071053 | LR: 5.00e-04
2026-03-04 18:43:26,631 - INFO -   ↳ Saved best model (val_corr=0.071053)
2026-03-04 18:43:31,166 - INFO - Epoch   2/50 | Train: 0.183387 | Val: 0.184393 | Corr: 0.082526 | LR: 5.00e-04
2026-03-04 18:43:31,182 - INFO -   ↳ Saved best model (val_corr=0.082526)
2026-03-04 18:43:35,511 - INFO - Epoch   3/50 | Train: 0.181720 | Val: 0.187100 | Corr: 0.092280 | LR: 5.00e-04
2026-03-04 18:43:35,536 - INFO -   ↳ Saved best model (val_corr=0.092280)
2026-03-04 18:43:40,083 - INFO - Epoch   4/50 | Train: 0.180378 | Val: 0.183774 | Corr: 0.100160 | LR: 5.00e-04
2026-03-04 18:43:40,097 - INFO -   ↳ Saved best model (val_corr=0.100160)
2026-03-04 18:43:44,692 - INFO - Epoch   5/50 | Train: 0.179455 | Val: 0.187475 | Corr: 0.103950 | LR: 5.00e-04
2026-03-04 18:43:44,704 - INFO -   ↳ Saved best model (val_corr=0.103950)
2026-03-04 18:43:49,346 - INFO - Epoch   6/50 | Train: 0.178712 | Val: 0.179147 | Corr: 0.110823 | LR: 5.00e-04
2026-03-04 18:43:49,359 - INFO -   ↳ Saved best model (val_corr=0.110823)
2026-03-04 18:43:53,924 - INFO - Epoch   7/50 | Train: 0.178129 | Val: 0.180628 | Corr: 0.112358 | LR: 5.00e-04
2026-03-04 18:43:53,936 - INFO -   ↳ Saved best model (val_corr=0.112358)
2026-03-04 18:43:58,601 - INFO - Epoch   8/50 | Train: 0.177596 | Val: 0.179305 | Corr: 0.117818 | LR: 5.00e-04
2026-03-04 18:43:58,614 - INFO -   ↳ Saved best model (val_corr=0.117818)
2026-03-04 18:44:03,414 - INFO - Epoch   9/50 | Train: 0.177168 | Val: 0.178685 | Corr: 0.119486 | LR: 5.00e-04
2026-03-04 18:44:03,430 - INFO -   ↳ Saved best model (val_corr=0.119486)
2026-03-04 18:44:08,323 - INFO - Epoch  10/50 | Train: 0.176755 | Val: 0.178904 | Corr: 0.120703 | LR: 5.00e-04
2026-03-04 18:44:08,338 - INFO -   ↳ Saved best model (val_corr=0.120703)
2026-03-04 18:44:13,134 - INFO - Epoch  11/50 | Train: 0.176439 | Val: 0.180041 | Corr: 0.121808 | LR: 5.00e-04
2026-03-04 18:44:13,152 - INFO -   ↳ Saved best model (val_corr=0.121808)
2026-03-04 18:44:18,019 - INFO - Epoch  12/50 | Train: 0.176035 | Val: 0.180917 | Corr: 0.121856 | LR: 5.00e-04
2026-03-04 18:44:18,032 - INFO -   ↳ Saved best model (val_corr=0.121856)
2026-03-04 18:44:22,896 - INFO - Epoch  13/50 | Train: 0.175880 | Val: 0.178532 | Corr: 0.124204 | LR: 5.00e-04
2026-03-04 18:44:22,908 - INFO -   ↳ Saved best model (val_corr=0.124204)
2026-03-04 18:44:27,813 - INFO - Epoch  14/50 | Train: 0.175592 | Val: 0.178781 | Corr: 0.124660 | LR: 5.00e-04
2026-03-04 18:44:27,833 - INFO -   ↳ Saved best model (val_corr=0.124660)
2026-03-04 18:44:32,707 - INFO - Epoch  15/50 | Train: 0.175408 | Val: 0.178809 | Corr: 0.124735 | LR: 5.00e-04
2026-03-04 18:44:32,719 - INFO -   ↳ Saved best model (val_corr=0.124735)
2026-03-04 18:44:37,536 - INFO - Epoch  16/50 | Train: 0.175221 | Val: 0.180555 | Corr: 0.128274 | LR: 5.00e-04
2026-03-04 18:44:37,547 - INFO -   ↳ Saved best model (val_corr=0.128274)
2026-03-04 18:44:42,362 - INFO - Epoch  17/50 | Train: 0.174920 | Val: 0.179567 | Corr: 0.128359 | LR: 5.00e-04
2026-03-04 18:44:42,377 - INFO -   ↳ Saved best model (val_corr=0.128359)
2026-03-04 18:44:47,204 - INFO - Epoch  18/50 | Train: 0.174778 | Val: 0.180775 | Corr: 0.129278 | LR: 5.00e-04
2026-03-04 18:44:47,233 - INFO -   ↳ Saved best model (val_corr=0.129278)
2026-03-04 18:44:51,923 - INFO - Epoch  19/50 | Train: 0.174600 | Val: 0.179764 | Corr: 0.129276 | LR: 2.50e-04
2026-03-04 18:44:56,581 - INFO - Epoch  20/50 | Train: 0.173942 | Val: 0.177571 | Corr: 0.130486 | LR: 2.50e-04
2026-03-04 18:44:56,625 - INFO -   ↳ Saved best model (val_corr=0.130486)
2026-03-04 18:45:01,241 - INFO - Epoch  21/50 | Train: 0.173758 | Val: 0.178396 | Corr: 0.130282 | LR: 2.50e-04
2026-03-04 18:45:05,863 - INFO - Epoch  22/50 | Train: 0.173647 | Val: 0.179442 | Corr: 0.130529 | LR: 2.50e-04
2026-03-04 18:45:05,877 - INFO -   ↳ Saved best model (val_corr=0.130529)
2026-03-04 18:45:10,486 - INFO - Epoch  23/50 | Train: 0.173548 | Val: 0.179118 | Corr: 0.131591 | LR: 2.50e-04
2026-03-04 18:45:10,503 - INFO -   ↳ Saved best model (val_corr=0.131591)
2026-03-04 18:45:15,151 - INFO - Epoch  24/50 | Train: 0.173329 | Val: 0.179134 | Corr: 0.130422 | LR: 2.50e-04
2026-03-04 18:45:19,775 - INFO - Epoch  25/50 | Train: 0.173358 | Val: 0.178873 | Corr: 0.131161 | LR: 2.50e-04
2026-03-04 18:45:24,410 - INFO - Epoch  26/50 | Train: 0.173297 | Val: 0.178718 | Corr: 0.131918 | LR: 1.25e-04
2026-03-04 18:45:24,458 - INFO -   ↳ Saved best model (val_corr=0.131918)
2026-03-04 18:45:29,125 - INFO - Epoch  27/50 | Train: 0.172913 | Val: 0.179527 | Corr: 0.132462 | LR: 1.25e-04
2026-03-04 18:45:29,140 - INFO -   ↳ Saved best model (val_corr=0.132462)
2026-03-04 18:45:33,816 - INFO - Epoch  28/50 | Train: 0.172921 | Val: 0.177846 | Corr: 0.131850 | LR: 1.25e-04
2026-03-04 18:45:38,506 - INFO - Epoch  29/50 | Train: 0.172755 | Val: 0.178604 | Corr: 0.132690 | LR: 1.25e-04
2026-03-04 18:45:38,520 - INFO -   ↳ Saved best model (val_corr=0.132690)
2026-03-04 18:45:43,171 - INFO - Epoch  30/50 | Train: 0.172741 | Val: 0.178003 | Corr: 0.131978 | LR: 1.25e-04
2026-03-04 18:45:47,834 - INFO - Epoch  31/50 | Train: 0.172704 | Val: 0.178813 | Corr: 0.132175 | LR: 1.25e-04
2026-03-04 18:45:52,458 - INFO - Epoch  32/50 | Train: 0.172579 | Val: 0.178571 | Corr: 0.132708 | LR: 6.25e-05
2026-03-04 18:45:52,471 - INFO -   ↳ Saved best model (val_corr=0.132708)
2026-03-04 18:45:57,079 - INFO - Epoch  33/50 | Train: 0.172454 | Val: 0.178581 | Corr: 0.132609 | LR: 6.25e-05
2026-03-04 18:46:01,687 - INFO - Epoch  34/50 | Train: 0.172417 | Val: 0.178322 | Corr: 0.132571 | LR: 6.25e-05
2026-03-04 18:46:06,285 - INFO - Epoch  35/50 | Train: 0.172421 | Val: 0.178292 | Corr: 0.132544 | LR: 6.25e-05
2026-03-04 18:46:10,883 - INFO - Epoch  36/50 | Train: 0.172288 | Val: 0.178890 | Corr: 0.132788 | LR: 6.25e-05
2026-03-04 18:46:10,897 - INFO -   ↳ Saved best model (val_corr=0.132788)
2026-03-04 18:46:15,500 - INFO - Epoch  37/50 | Train: 0.172326 | Val: 0.179010 | Corr: 0.132744 | LR: 6.25e-05
2026-03-04 18:46:20,167 - INFO - Epoch  38/50 | Train: 0.172290 | Val: 0.178509 | Corr: 0.132680 | LR: 3.13e-05
2026-03-04 18:46:24,786 - INFO - Epoch  39/50 | Train: 0.172187 | Val: 0.178346 | Corr: 0.132612 | LR: 3.13e-05
2026-03-04 18:46:29,363 - INFO - Epoch  40/50 | Train: 0.172178 | Val: 0.178820 | Corr: 0.132633 | LR: 3.13e-05
2026-03-04 18:46:33,965 - INFO - Epoch  41/50 | Train: 0.172155 | Val: 0.178498 | Corr: 0.132687 | LR: 3.13e-05
2026-03-04 18:46:38,587 - INFO - Epoch  42/50 | Train: 0.172185 | Val: 0.178454 | Corr: 0.132528 | LR: 3.13e-05
2026-03-04 18:46:43,255 - INFO - Epoch  43/50 | Train: 0.172186 | Val: 0.178182 | Corr: 0.132687 | LR: 3.13e-05
2026-03-04 18:46:47,914 - INFO - Epoch  44/50 | Train: 0.172194 | Val: 0.178575 | Corr: 0.132874 | LR: 1.56e-05
2026-03-04 18:46:47,932 - INFO -   ↳ Saved best model (val_corr=0.132874)
2026-03-04 18:46:52,553 - INFO - Epoch  45/50 | Train: 0.172095 | Val: 0.178403 | Corr: 0.132588 | LR: 1.56e-05
2026-03-04 18:46:57,279 - INFO - Epoch  46/50 | Train: 0.172052 | Val: 0.178375 | Corr: 0.132720 | LR: 1.56e-05
2026-03-04 18:47:01,872 - INFO - Epoch  47/50 | Train: 0.172046 | Val: 0.178419 | Corr: 0.132623 | LR: 1.56e-05
2026-03-04 18:47:06,499 - INFO - Epoch  48/50 | Train: 0.172111 | Val: 0.178658 | Corr: 0.132755 | LR: 1.56e-05
2026-03-04 18:47:11,115 - INFO - Epoch  49/50 | Train: 0.171994 | Val: 0.178524 | Corr: 0.132680 | LR: 1.56e-05
2026-03-04 18:47:15,717 - INFO - Epoch  50/50 | Train: 0.172133 | Val: 0.178196 | Corr: 0.132747 | LR: 7.81e-06
2026-03-04 18:47:15,718 - INFO - Training complete — best val corr: 0.132874
2026-03-04 18:47:16,824 - INFO - Test loss: 0.170334, Test corr: 0.133971
2026-03-04 18:47:17,180 - INFO - Fraction of variance explained (FVE): 0.009004
2026-03-04 18:47:17,180 - INFO - Generating figures …
2026-03-04 18:47:17,566 - INFO - Correlation between predicted and actual per-neuron averages: r=0.9949, p=0.00e+00
2026-03-04 18:47:19,247 - INFO - Pattern selectivity summary:
2026-03-04 18:47:19,247 - INFO -   Mean correlation across neurons: 0.4962
2026-03-04 18:47:19,247 - INFO -   Median correlation: 0.5222
2026-03-04 18:47:19,247 - INFO -   Neurons with r > 0.5: 33 / 63
2026-03-04 18:47:19,247 - INFO -   Neurons with r > 0.3: 52 / 63
2026-03-04 18:47:19,247 - INFO - Pattern selectivity — mean neuron corr: 0.4962
2026-03-04 18:47:20,642 - INFO - LOO (avg rate) — Model mean r: 0.2896, LOO mean r: 0.4546, Neurons model > LOO: 1/63
2026-03-04 18:47:22,413 - INFO - LOO (temporal) — Model mean r: 0.1348, LOO mean r: 0.3186, Neurons model > LOO: 0/63
2026-03-04 18:47:22,413 - INFO - Skipping oracle trial plots (skip_oracle_plots=True)
2026-03-04 18:47:22,428 - INFO - Experiment complete. Summary: {
  "run_dir": "/scratch/sb272/patterns5k_results/slurm_base_cnn_2026-03-04_16-53-19/trial_0064_learning_rate=5.0e-04_kernel_sizes=5x3_conv_channels=128x256_fc_dims=512_seed2",
  "model_type": "cnn",
  "batch_avg_test_loss": 0.1703336045742035,
  "batch_avg_test_corr": 0.13397096423691454,
  "all_test_fve": 0.009003631652347625,
  "AR_FVE": NaN,
  "AR_test_correlation": NaN,
  "best_val_corr": 0.13287368159718277,
  "total_params": 290239,
  "trainable_params": 290239,
  "epochs_trained": 50,
  "mean_pattern_corr": 0.49622325788013183,
  "history": 0,
  "init_state": true,
  "loo_avg_mean_corr": 0.45456832695830385,
  "model_avg_mean_corr": 0.2896319986112285,
  "neurons_model_beats_loo_avg": 1,
  "loo_temporal_mean_corr": 0.31855225563049316,
  "all_test_corr": 0.1347932517528534,
  "neurons_model_beats_loo_temporal": 0,
  "kernel_sizes": [
    5,
    3
  ],
  "conv_channels": [
    128,
    256
  ],
  "fc_dims": [
    512
  ]
}
