2026-03-06 14:22:19,799 - INFO - ============================================================
2026-03-06 14:22:19,799 - INFO - Experiment run directory: /scratch/sb272/patterns5k_results/slurm_base_cnn_2026-03-06_09-50-40/trial_0045_learning_rate=1.0e-03_kernel_sizes=3x3x3_conv_channels=128x128x128_fc_dims=512_seed2
2026-03-06 14:22:19,799 - INFO - ============================================================
2026-03-06 14:22:19,799 - INFO - Loading data …
2026-03-06 14:22:20,634 - INFO - 63 unique neurons after dropping problematic neurons
2026-03-06 14:22:21,763 - INFO - Stimulation channels: 42, Spiking neurons: 63
2026-03-06 14:24:11,840 - INFO - Unique patterns: 4050, Total trials: 5000
2026-03-06 14:24:11,841 - INFO - Stimulation channels: 42, Spiking neurons: 63
2026-03-06 14:24:11,842 - INFO - Unique patterns: 4050, Total trials: 5000
2026-03-06 14:24:11,857 - INFO - Split (oracle): train=3400, val=600, test=1000
2026-03-06 14:24:34,377 - INFO - BinnedStimSpikeDataset initialized:
2026-03-06 14:24:34,379 - INFO -   input_bin_size_ms=10, output_bin_size_ms=10
2026-03-06 14:24:34,379 - INFO -   n_input_bins=60, n_output_bins=60
2026-03-06 14:24:34,379 - INFO -   output_offset=0, total_bins_input=60, total_bins_output=60
2026-03-06 14:24:34,379 - INFO -   Valid start positions per trial: 0 to 0
2026-03-06 14:24:34,379 - INFO -   Total samples: 3400 (3400 trials × 1 positions)
2026-03-06 14:24:56,393 - INFO - BinnedStimSpikeDataset initialized:
2026-03-06 14:24:56,393 - INFO -   input_bin_size_ms=10, output_bin_size_ms=10
2026-03-06 14:24:56,393 - INFO -   n_input_bins=60, n_output_bins=60
2026-03-06 14:24:56,393 - INFO -   output_offset=0, total_bins_input=60, total_bins_output=60
2026-03-06 14:24:56,393 - INFO -   Valid start positions per trial: 0 to 0
2026-03-06 14:24:56,393 - INFO -   Total samples: 600 (600 trials × 1 positions)
2026-03-06 14:25:18,384 - INFO - BinnedStimSpikeDataset initialized:
2026-03-06 14:25:18,384 - INFO -   input_bin_size_ms=10, output_bin_size_ms=10
2026-03-06 14:25:18,384 - INFO -   n_input_bins=60, n_output_bins=60
2026-03-06 14:25:18,384 - INFO -   output_offset=0, total_bins_input=60, total_bins_output=60
2026-03-06 14:25:18,384 - INFO -   Valid start positions per trial: 0 to 0
2026-03-06 14:25:18,384 - INFO -   Total samples: 1000 (1000 trials × 1 positions)
2026-03-06 14:25:18,384 - INFO - Samples — train: 3400, val: 600, test: 1000
2026-03-06 14:25:18,384 - INFO - Input channels: 42, Neurons: 63
2026-03-06 14:25:18,390 - INFO - Using CPU
2026-03-06 14:25:18,406 - INFO - Model: CNN — 213,951 trainable params (213,951 total)
2026-03-06 14:25:22,942 - INFO - Starting training …
2026-03-06 14:25:29,212 - INFO - Epoch   1/50 | Train: 0.208848 | Val: 0.181241 | Corr: 0.080455 | LR: 1.00e-03
2026-03-06 14:25:29,232 - INFO -   ↳ Saved best model (val_corr=0.080455)
2026-03-06 14:25:34,310 - INFO - Epoch   2/50 | Train: 0.182417 | Val: 0.180219 | Corr: 0.089569 | LR: 1.00e-03
2026-03-06 14:25:34,323 - INFO -   ↳ Saved best model (val_corr=0.089569)
2026-03-06 14:25:39,587 - INFO - Epoch   3/50 | Train: 0.181301 | Val: 0.180136 | Corr: 0.094085 | LR: 1.00e-03
2026-03-06 14:25:39,602 - INFO -   ↳ Saved best model (val_corr=0.094085)
2026-03-06 14:25:44,760 - INFO - Epoch   4/50 | Train: 0.180416 | Val: 0.179288 | Corr: 0.100605 | LR: 1.00e-03
2026-03-06 14:25:44,773 - INFO -   ↳ Saved best model (val_corr=0.100605)
2026-03-06 14:25:50,023 - INFO - Epoch   5/50 | Train: 0.179651 | Val: 0.179303 | Corr: 0.110973 | LR: 1.00e-03
2026-03-06 14:25:50,037 - INFO -   ↳ Saved best model (val_corr=0.110973)
2026-03-06 14:25:55,098 - INFO - Epoch   6/50 | Train: 0.178947 | Val: 0.178078 | Corr: 0.114047 | LR: 1.00e-03
2026-03-06 14:25:55,131 - INFO -   ↳ Saved best model (val_corr=0.114047)
2026-03-06 14:26:00,213 - INFO - Epoch   7/50 | Train: 0.178184 | Val: 0.179085 | Corr: 0.114515 | LR: 1.00e-03
2026-03-06 14:26:00,227 - INFO -   ↳ Saved best model (val_corr=0.114515)
2026-03-06 14:26:05,345 - INFO - Epoch   8/50 | Train: 0.177770 | Val: 0.177403 | Corr: 0.122713 | LR: 1.00e-03
2026-03-06 14:26:05,359 - INFO -   ↳ Saved best model (val_corr=0.122713)
2026-03-06 14:26:10,640 - INFO - Epoch   9/50 | Train: 0.177268 | Val: 0.177803 | Corr: 0.125592 | LR: 1.00e-03
2026-03-06 14:26:10,653 - INFO -   ↳ Saved best model (val_corr=0.125592)
2026-03-06 14:26:15,672 - INFO - Epoch  10/50 | Train: 0.177156 | Val: 0.177343 | Corr: 0.127353 | LR: 1.00e-03
2026-03-06 14:26:15,687 - INFO -   ↳ Saved best model (val_corr=0.127353)
2026-03-06 14:26:20,796 - INFO - Epoch  11/50 | Train: 0.176544 | Val: 0.177319 | Corr: 0.127112 | LR: 1.00e-03
2026-03-06 14:26:25,915 - INFO - Epoch  12/50 | Train: 0.176404 | Val: 0.178098 | Corr: 0.128552 | LR: 1.00e-03
2026-03-06 14:26:25,926 - INFO -   ↳ Saved best model (val_corr=0.128552)
2026-03-06 14:26:31,131 - INFO - Epoch  13/50 | Train: 0.176072 | Val: 0.178002 | Corr: 0.129780 | LR: 1.00e-03
2026-03-06 14:26:31,147 - INFO -   ↳ Saved best model (val_corr=0.129780)
2026-03-06 14:26:36,245 - INFO - Epoch  14/50 | Train: 0.175984 | Val: 0.177223 | Corr: 0.127167 | LR: 1.00e-03
2026-03-06 14:26:41,801 - INFO - Epoch  15/50 | Train: 0.175630 | Val: 0.176557 | Corr: 0.133023 | LR: 1.00e-03
2026-03-06 14:26:41,815 - INFO -   ↳ Saved best model (val_corr=0.133023)
2026-03-06 14:26:47,443 - INFO - Epoch  16/50 | Train: 0.175369 | Val: 0.176764 | Corr: 0.133443 | LR: 1.00e-03
2026-03-06 14:26:47,454 - INFO -   ↳ Saved best model (val_corr=0.133443)
2026-03-06 14:26:53,138 - INFO - Epoch  17/50 | Train: 0.175206 | Val: 0.176625 | Corr: 0.132834 | LR: 1.00e-03
2026-03-06 14:26:58,814 - INFO - Epoch  18/50 | Train: 0.175147 | Val: 0.176444 | Corr: 0.133641 | LR: 1.00e-03
2026-03-06 14:26:58,843 - INFO -   ↳ Saved best model (val_corr=0.133641)
2026-03-06 14:27:04,488 - INFO - Epoch  19/50 | Train: 0.174938 | Val: 0.176611 | Corr: 0.134225 | LR: 1.00e-03
2026-03-06 14:27:04,501 - INFO -   ↳ Saved best model (val_corr=0.134225)
2026-03-06 14:27:10,269 - INFO - Epoch  20/50 | Train: 0.174746 | Val: 0.176757 | Corr: 0.132762 | LR: 1.00e-03
2026-03-06 14:27:16,078 - INFO - Epoch  21/50 | Train: 0.174507 | Val: 0.176686 | Corr: 0.132613 | LR: 1.00e-03
2026-03-06 14:27:21,873 - INFO - Epoch  22/50 | Train: 0.174369 | Val: 0.176670 | Corr: 0.135533 | LR: 1.00e-03
2026-03-06 14:27:21,884 - INFO -   ↳ Saved best model (val_corr=0.135533)
2026-03-06 14:27:27,601 - INFO - Epoch  23/50 | Train: 0.174268 | Val: 0.176670 | Corr: 0.136021 | LR: 1.00e-03
2026-03-06 14:27:27,613 - INFO -   ↳ Saved best model (val_corr=0.136021)
2026-03-06 14:27:33,356 - INFO - Epoch  24/50 | Train: 0.174099 | Val: 0.177060 | Corr: 0.130694 | LR: 5.00e-04
2026-03-06 14:27:38,884 - INFO - Epoch  25/50 | Train: 0.173298 | Val: 0.176316 | Corr: 0.136521 | LR: 5.00e-04
2026-03-06 14:27:38,899 - INFO -   ↳ Saved best model (val_corr=0.136521)
2026-03-06 14:27:44,117 - INFO - Epoch  26/50 | Train: 0.173083 | Val: 0.176433 | Corr: 0.135758 | LR: 5.00e-04
2026-03-06 14:27:49,455 - INFO - Epoch  27/50 | Train: 0.173048 | Val: 0.176352 | Corr: 0.135009 | LR: 5.00e-04
2026-03-06 14:27:54,784 - INFO - Epoch  28/50 | Train: 0.172947 | Val: 0.176305 | Corr: 0.136389 | LR: 5.00e-04
2026-03-06 14:28:00,212 - INFO - Epoch  29/50 | Train: 0.172825 | Val: 0.176451 | Corr: 0.135066 | LR: 5.00e-04
2026-03-06 14:28:05,409 - INFO - Epoch  30/50 | Train: 0.172769 | Val: 0.176563 | Corr: 0.135168 | LR: 5.00e-04
2026-03-06 14:28:10,614 - INFO - Epoch  31/50 | Train: 0.172653 | Val: 0.176628 | Corr: 0.134002 | LR: 2.50e-04
2026-03-06 14:28:16,061 - INFO - Epoch  32/50 | Train: 0.172243 | Val: 0.176655 | Corr: 0.134640 | LR: 2.50e-04
2026-03-06 14:28:21,184 - INFO - Epoch  33/50 | Train: 0.172095 | Val: 0.176947 | Corr: 0.133835 | LR: 2.50e-04
2026-03-06 14:28:26,429 - INFO - Epoch  34/50 | Train: 0.172096 | Val: 0.176778 | Corr: 0.135222 | LR: 2.50e-04
2026-03-06 14:28:31,709 - INFO - Epoch  35/50 | Train: 0.172030 | Val: 0.176603 | Corr: 0.136401 | LR: 2.50e-04
2026-03-06 14:28:31,709 - INFO - Early stopping at epoch 35
2026-03-06 14:28:31,710 - INFO - Training complete — best val corr: 0.136521
2026-03-06 14:28:32,962 - INFO - Test loss: 0.168599, Test corr: 0.133890
2026-03-06 14:28:33,329 - INFO - Fraction of variance explained (FVE): 0.020314
2026-03-06 14:28:33,329 - INFO - Generating figures …
2026-03-06 14:28:33,807 - INFO - Correlation between predicted and actual per-neuron averages: r=0.9900, p=0.00e+00
2026-03-06 14:28:36,508 - INFO - Pattern selectivity summary:
2026-03-06 14:28:36,508 - INFO -   Mean correlation across neurons: 0.4859
2026-03-06 14:28:36,509 - INFO -   Median correlation: 0.5251
2026-03-06 14:28:36,509 - INFO -   Neurons with r > 0.5: 34 / 63
2026-03-06 14:28:36,509 - INFO -   Neurons with r > 0.3: 51 / 63
2026-03-06 14:28:36,509 - INFO - Pattern selectivity — mean neuron corr: 0.4859
2026-03-06 14:28:37,855 - INFO - LOO (avg rate) — Model mean r: 0.2825, LOO mean r: 0.4546, Neurons model > LOO: 1/63
2026-03-06 14:28:39,825 - INFO - LOO (temporal) — Model mean r: 0.1344, LOO mean r: 0.3186, Neurons model > LOO: 0/63
2026-03-06 14:28:39,825 - INFO - Skipping oracle trial plots (skip_oracle_plots=True)
2026-03-06 14:28:39,837 - INFO - Experiment complete. Summary: {
  "run_dir": "/scratch/sb272/patterns5k_results/slurm_base_cnn_2026-03-06_09-50-40/trial_0045_learning_rate=1.0e-03_kernel_sizes=3x3x3_conv_channels=128x128x128_fc_dims=512_seed2",
  "model_type": "cnn",
  "batch_avg_test_loss": 0.16859900557994842,
  "batch_avg_test_corr": 0.13388968640653948,
  "all_test_fve": 0.020313773836408342,
  "AR_FVE": NaN,
  "AR_test_correlation": NaN,
  "best_val_corr": 0.13652147137622392,
  "total_params": 213951,
  "trainable_params": 213951,
  "epochs_trained": 35,
  "mean_pattern_corr": 0.4859033564016848,
  "history": 0,
  "init_state": true,
  "loo_avg_mean_corr": 0.45456832695830385,
  "model_avg_mean_corr": 0.28252713559420983,
  "neurons_model_beats_loo_avg": 1,
  "loo_temporal_mean_corr": 0.31855225563049316,
  "all_test_corr": 0.13441835343837738,
  "neurons_model_beats_loo_temporal": 0,
  "kernel_sizes": [
    3,
    3,
    3
  ],
  "conv_channels": [
    128,
    128,
    128
  ],
  "fc_dims": [
    512
  ]
}
