2026-02-25 07:46:27,764 - INFO - ============================================================
2026-02-25 07:46:27,764 - INFO - Experiment run directory: results/multilayer_cnn_nohist_sweep_v2_2026-02-24_22-05-22/trial_0226_history=3_kernel_sizes=60_conv_channels=128_fc_dims=256
2026-02-25 07:46:27,764 - INFO - ============================================================
2026-02-25 07:46:27,764 - INFO - Using preloaded raw data (skipping I/O)
2026-02-25 07:46:27,764 - INFO - Stimulation channels: 42, Spiking neurons: 63
2026-02-25 07:46:27,764 - INFO - Unique patterns: 4050, Total trials: 5000
2026-02-25 07:46:27,776 - INFO - Split (oracle): train=3400, val=600, test=1000
2026-02-25 07:46:42,421 - INFO - BinnedStimSpikeDataset initialized:
2026-02-25 07:46:42,422 - INFO -   input_bin_size_ms=10, output_bin_size_ms=10
2026-02-25 07:46:42,422 - INFO -   n_input_bins=60, n_output_bins=60
2026-02-25 07:46:42,422 - INFO -   output_offset=0, total_bins_input=60, total_bins_output=60
2026-02-25 07:46:42,422 - INFO -   Valid start positions per trial: 0 to 0
2026-02-25 07:46:42,422 - INFO -   Total samples: 3400 (3400 trials × 1 positions)
2026-02-25 07:46:55,886 - INFO - BinnedStimSpikeDataset initialized:
2026-02-25 07:46:55,887 - INFO -   input_bin_size_ms=10, output_bin_size_ms=10
2026-02-25 07:46:55,887 - INFO -   n_input_bins=60, n_output_bins=60
2026-02-25 07:46:55,887 - INFO -   output_offset=0, total_bins_input=60, total_bins_output=60
2026-02-25 07:46:55,888 - INFO -   Valid start positions per trial: 0 to 0
2026-02-25 07:46:55,888 - INFO -   Total samples: 600 (600 trials × 1 positions)
2026-02-25 07:47:09,581 - INFO - BinnedStimSpikeDataset initialized:
2026-02-25 07:47:09,582 - INFO -   input_bin_size_ms=10, output_bin_size_ms=10
2026-02-25 07:47:09,582 - INFO -   n_input_bins=60, n_output_bins=60
2026-02-25 07:47:09,582 - INFO -   output_offset=0, total_bins_input=60, total_bins_output=60
2026-02-25 07:47:09,582 - INFO -   Valid start positions per trial: 0 to 0
2026-02-25 07:47:09,582 - INFO -   Total samples: 1000 (1000 trials × 1 positions)
2026-02-25 07:47:09,582 - INFO - Samples — train: 3400, val: 600, test: 1000
2026-02-25 07:47:09,582 - INFO - Input channels: 105, Neurons: 63
2026-02-25 07:47:09,583 - INFO - Using Apple Silicon MPS acceleration
2026-02-25 07:47:09,605 - INFO - Model: CNN — 855,999 trainable params (855,999 total)
2026-02-25 07:47:09,606 - INFO - Starting training …
2026-02-25 07:47:14,246 - INFO - Epoch   1/50 | Train: 0.233807 | Val: 0.196538 | Corr: 0.113942 | LR: 1.00e-03
2026-02-25 07:47:14,281 - INFO -   ↳ Saved best model (val_corr=0.113942)
2026-02-25 07:47:18,390 - INFO - Epoch   2/50 | Train: 0.193617 | Val: 0.193455 | Corr: 0.134221 | LR: 1.00e-03
2026-02-25 07:47:18,418 - INFO -   ↳ Saved best model (val_corr=0.134221)
2026-02-25 07:47:22,507 - INFO - Epoch   3/50 | Train: 0.188844 | Val: 0.191295 | Corr: 0.148571 | LR: 1.00e-03
2026-02-25 07:47:22,544 - INFO -   ↳ Saved best model (val_corr=0.148571)
2026-02-25 07:47:26,924 - INFO - Epoch   4/50 | Train: 0.185387 | Val: 0.190339 | Corr: 0.157787 | LR: 1.00e-03
2026-02-25 07:47:26,953 - INFO -   ↳ Saved best model (val_corr=0.157787)
2026-02-25 07:47:30,688 - INFO - Epoch   5/50 | Train: 0.182832 | Val: 0.189401 | Corr: 0.163579 | LR: 1.00e-03
2026-02-25 07:47:30,723 - INFO -   ↳ Saved best model (val_corr=0.163579)
2026-02-25 07:47:35,030 - INFO - Epoch   6/50 | Train: 0.180506 | Val: 0.188869 | Corr: 0.168216 | LR: 1.00e-03
2026-02-25 07:47:35,048 - INFO -   ↳ Saved best model (val_corr=0.168216)
2026-02-25 07:47:39,321 - INFO - Epoch   7/50 | Train: 0.178490 | Val: 0.187770 | Corr: 0.173223 | LR: 1.00e-03
2026-02-25 07:47:39,372 - INFO -   ↳ Saved best model (val_corr=0.173223)
2026-02-25 07:47:43,383 - INFO - Epoch   8/50 | Train: 0.176373 | Val: 0.188136 | Corr: 0.174597 | LR: 1.00e-03
2026-02-25 07:47:43,437 - INFO -   ↳ Saved best model (val_corr=0.174597)
2026-02-25 07:47:47,780 - INFO - Epoch   9/50 | Train: 0.174565 | Val: 0.188249 | Corr: 0.176615 | LR: 1.00e-03
2026-02-25 07:47:47,803 - INFO -   ↳ Saved best model (val_corr=0.176615)
2026-02-25 07:47:51,656 - INFO - Epoch  10/50 | Train: 0.172994 | Val: 0.188062 | Corr: 0.177763 | LR: 1.00e-03
2026-02-25 07:47:51,676 - INFO -   ↳ Saved best model (val_corr=0.177763)
2026-02-25 07:47:55,876 - INFO - Epoch  11/50 | Train: 0.171348 | Val: 0.187883 | Corr: 0.179732 | LR: 1.00e-03
2026-02-25 07:47:55,908 - INFO -   ↳ Saved best model (val_corr=0.179732)
2026-02-25 07:48:00,275 - INFO - Epoch  12/50 | Train: 0.169964 | Val: 0.187982 | Corr: 0.180526 | LR: 1.00e-03
2026-02-25 07:48:00,305 - INFO -   ↳ Saved best model (val_corr=0.180526)
2026-02-25 07:48:02,941 - INFO - Epoch  13/50 | Train: 0.168687 | Val: 0.188666 | Corr: 0.179949 | LR: 5.00e-04
2026-02-25 07:48:05,377 - INFO - Epoch  14/50 | Train: 0.165549 | Val: 0.188955 | Corr: 0.180776 | LR: 5.00e-04
2026-02-25 07:48:05,394 - INFO -   ↳ Saved best model (val_corr=0.180776)
2026-02-25 07:48:09,537 - INFO - Epoch  15/50 | Train: 0.164319 | Val: 0.189571 | Corr: 0.180484 | LR: 5.00e-04
2026-02-25 07:48:13,520 - INFO - Epoch  16/50 | Train: 0.163569 | Val: 0.189560 | Corr: 0.179950 | LR: 5.00e-04
2026-02-25 07:48:16,419 - INFO - Epoch  17/50 | Train: 0.162919 | Val: 0.191331 | Corr: 0.178101 | LR: 5.00e-04
2026-02-25 07:48:18,910 - INFO - Epoch  18/50 | Train: 0.162290 | Val: 0.191411 | Corr: 0.177587 | LR: 5.00e-04
2026-02-25 07:48:22,988 - INFO - Epoch  19/50 | Train: 0.161778 | Val: 0.191851 | Corr: 0.176340 | LR: 2.50e-04
2026-02-25 07:48:26,851 - INFO - Epoch  20/50 | Train: 0.160018 | Val: 0.192221 | Corr: 0.176813 | LR: 2.50e-04
2026-02-25 07:48:30,709 - INFO - Epoch  21/50 | Train: 0.159487 | Val: 0.192414 | Corr: 0.176231 | LR: 2.50e-04
2026-02-25 07:48:34,743 - INFO - Epoch  22/50 | Train: 0.159044 | Val: 0.192723 | Corr: 0.176125 | LR: 2.50e-04
2026-02-25 07:48:38,846 - INFO - Epoch  23/50 | Train: 0.158785 | Val: 0.193140 | Corr: 0.174827 | LR: 2.50e-04
2026-02-25 07:48:42,118 - INFO - Epoch  24/50 | Train: 0.158366 | Val: 0.193859 | Corr: 0.174400 | LR: 2.50e-04
2026-02-25 07:48:42,118 - INFO - Early stopping at epoch 24
2026-02-25 07:48:42,118 - INFO - Training complete — best val corr: 0.180776
2026-02-25 07:48:42,716 - INFO - Test loss: 0.178796, Test corr: 0.175548
2026-02-25 07:48:43,002 - INFO - Fraction of variance explained (FVE): 0.033246
2026-02-25 07:48:43,002 - INFO - Computing autoregressive (AR) test predictions …
2026-02-25 07:48:43,455 - INFO - AR FVE: 0.017972, AR test corr: 0.151455
2026-02-25 07:48:43,455 - INFO - Generating figures …
2026-02-25 07:48:43,741 - INFO - Correlation between predicted and actual per-neuron averages: r=0.9865, p=1.16e-49
2026-02-25 07:48:44,399 - INFO - Pattern selectivity summary:
2026-02-25 07:48:44,399 - INFO -   Mean correlation across neurons: 0.4030
2026-02-25 07:48:44,399 - INFO -   Median correlation: 0.4222
2026-02-25 07:48:44,399 - INFO -   Neurons with r > 0.5: 20 / 63
2026-02-25 07:48:44,399 - INFO -   Neurons with r > 0.3: 41 / 63
2026-02-25 07:48:44,399 - INFO - Pattern selectivity — mean neuron corr: 0.4030
2026-02-25 07:48:44,863 - INFO - LOO (avg rate) — Model mean r: 0.3662, LOO mean r: 0.4728, Neurons model > LOO: 17/63
2026-02-25 07:48:45,698 - INFO - LOO (temporal) — Model mean r: 0.1873, LOO mean r: 0.3815, Neurons model > LOO: 1/63
2026-02-25 07:48:45,698 - INFO - Skipping oracle trial plots (skip_oracle_plots=True)
2026-02-25 07:48:45,698 - INFO - Experiment complete. Summary: {
  "run_dir": "results/multilayer_cnn_nohist_sweep_v2_2026-02-24_22-05-22/trial_0226_history=3_kernel_sizes=60_conv_channels=128_fc_dims=256",
  "model_type": "cnn",
  "batch_avg_test_loss": 0.1787964894771576,
  "batch_avg_test_corr": 0.1755480343509832,
  "all_test_fve": 0.03324555877655271,
  "AR_FVE": 0.017972477844783237,
  "AR_test_correlation": 0.15145517885684967,
  "best_val_corr": 0.1807761451486525,
  "total_params": 855999,
  "trainable_params": 855999,
  "epochs_trained": 24,
  "mean_pattern_corr": 0.40304657403790195,
  "history": 3,
  "init_state": true,
  "loo_avg_mean_corr": 0.47275709111471625,
  "model_avg_mean_corr": 0.36621832898195494,
  "neurons_model_beats_loo_avg": 17,
  "loo_temporal_mean_corr": 0.3815135061740875,
  "all_test_corr": 0.18731653690338135,
  "neurons_model_beats_loo_temporal": 1,
  "kernel_sizes": [
    60
  ],
  "conv_channels": [
    128
  ],
  "fc_dims": [
    256
  ]
}
2026-02-25 07:48:45,716 - INFO - 
======================================================================
2026-02-25 07:48:45,717 - INFO - [228/864] trial_0227_history=3_kernel_sizes=60_conv_channels=128_fc_dims=256
2026-02-25 07:48:45,717 - INFO -   Overrides: {"_arch": {"kernel_sizes": [60], "conv_channels": [128], "fc_dims": [256]}, "history": 3, "weight_decay": 0.001}
2026-02-25 07:48:45,717 - INFO -   Output: results/multilayer_cnn_nohist_sweep_v2_2026-02-24_22-05-22/trial_0227_history=3_kernel_sizes=60_conv_channels=128_fc_dims=256
