2026-02-19 14:41:53,971 - INFO - ============================================================
2026-02-19 14:41:53,971 - INFO - Experiment run directory: results/hist_cnn_v3_2026-02-19_14-35-39/trial_0002_history=3
2026-02-19 14:41:53,971 - INFO - ============================================================
2026-02-19 14:41:53,971 - INFO - Using preloaded raw data (skipping I/O)
2026-02-19 14:41:53,971 - INFO - Stimulation channels: 42, Spiking neurons: 63
2026-02-19 14:41:53,971 - INFO - Unique patterns: 4050, Total trials: 5000
2026-02-19 14:41:53,986 - INFO - Split (oracle): train=3400, val=600, test=1000
2026-02-19 14:42:08,789 - INFO - BinnedStimSpikeDataset initialized:
2026-02-19 14:42:08,789 - INFO -   input_bin_size_ms=10, output_bin_size_ms=10
2026-02-19 14:42:08,789 - INFO -   n_input_bins=60, n_output_bins=60
2026-02-19 14:42:08,789 - INFO -   output_offset=0, total_bins_input=60, total_bins_output=60
2026-02-19 14:42:08,789 - INFO -   Valid start positions per trial: 0 to 0
2026-02-19 14:42:08,789 - INFO -   Total samples: 3400 (3400 trials × 1 positions)
2026-02-19 14:42:22,249 - INFO - BinnedStimSpikeDataset initialized:
2026-02-19 14:42:22,250 - INFO -   input_bin_size_ms=10, output_bin_size_ms=10
2026-02-19 14:42:22,250 - INFO -   n_input_bins=60, n_output_bins=60
2026-02-19 14:42:22,250 - INFO -   output_offset=0, total_bins_input=60, total_bins_output=60
2026-02-19 14:42:22,250 - INFO -   Valid start positions per trial: 0 to 0
2026-02-19 14:42:22,250 - INFO -   Total samples: 600 (600 trials × 1 positions)
2026-02-19 14:42:36,057 - INFO - BinnedStimSpikeDataset initialized:
2026-02-19 14:42:36,058 - INFO -   input_bin_size_ms=10, output_bin_size_ms=10
2026-02-19 14:42:36,058 - INFO -   n_input_bins=60, n_output_bins=60
2026-02-19 14:42:36,058 - INFO -   output_offset=0, total_bins_input=60, total_bins_output=60
2026-02-19 14:42:36,058 - INFO -   Valid start positions per trial: 0 to 0
2026-02-19 14:42:36,058 - INFO -   Total samples: 1000 (1000 trials × 1 positions)
2026-02-19 14:42:36,059 - INFO - Samples — train: 3400, val: 600, test: 1000
2026-02-19 14:42:36,059 - INFO - Input channels: 105, Neurons: 63
2026-02-19 14:42:36,059 - INFO - Using Apple Silicon MPS acceleration
2026-02-19 14:42:36,066 - INFO - Model: CNN — 163,391 trainable params (163,391 total)
2026-02-19 14:42:36,067 - INFO - Starting training …
2026-02-19 14:42:38,523 - INFO - Epoch   1/50 | Train: 0.234236 | Val: 0.197515 | Corr: 0.104915 | LR: 1.00e-03
2026-02-19 14:42:38,531 - INFO -   ↳ Saved best model (val_corr=0.104915)
2026-02-19 14:42:40,807 - INFO - Epoch   2/50 | Train: 0.196241 | Val: 0.192032 | Corr: 0.141494 | LR: 1.00e-03
2026-02-19 14:42:40,817 - INFO -   ↳ Saved best model (val_corr=0.141494)
2026-02-19 14:42:43,128 - INFO - Epoch   3/50 | Train: 0.191395 | Val: 0.187682 | Corr: 0.167756 | LR: 1.00e-03
2026-02-19 14:42:43,134 - INFO -   ↳ Saved best model (val_corr=0.167756)
2026-02-19 14:42:45,391 - INFO - Epoch   4/50 | Train: 0.188036 | Val: 0.186040 | Corr: 0.182392 | LR: 1.00e-03
2026-02-19 14:42:45,399 - INFO -   ↳ Saved best model (val_corr=0.182392)
2026-02-19 14:42:47,681 - INFO - Epoch   5/50 | Train: 0.185927 | Val: 0.184148 | Corr: 0.190555 | LR: 1.00e-03
2026-02-19 14:42:47,690 - INFO -   ↳ Saved best model (val_corr=0.190555)
2026-02-19 14:42:49,999 - INFO - Epoch   6/50 | Train: 0.184490 | Val: 0.183343 | Corr: 0.200236 | LR: 1.00e-03
2026-02-19 14:42:50,007 - INFO -   ↳ Saved best model (val_corr=0.200236)
2026-02-19 14:42:52,270 - INFO - Epoch   7/50 | Train: 0.183298 | Val: 0.182046 | Corr: 0.205586 | LR: 1.00e-03
2026-02-19 14:42:52,280 - INFO -   ↳ Saved best model (val_corr=0.205586)
2026-02-19 14:42:54,618 - INFO - Epoch   8/50 | Train: 0.182376 | Val: 0.182114 | Corr: 0.210327 | LR: 1.00e-03
2026-02-19 14:42:54,638 - INFO -   ↳ Saved best model (val_corr=0.210327)
2026-02-19 14:42:56,996 - INFO - Epoch   9/50 | Train: 0.181635 | Val: 0.181267 | Corr: 0.213962 | LR: 1.00e-03
2026-02-19 14:42:57,007 - INFO -   ↳ Saved best model (val_corr=0.213962)
2026-02-19 14:42:59,281 - INFO - Epoch  10/50 | Train: 0.181089 | Val: 0.180626 | Corr: 0.216411 | LR: 1.00e-03
2026-02-19 14:42:59,298 - INFO -   ↳ Saved best model (val_corr=0.216411)
2026-02-19 14:43:01,613 - INFO - Epoch  11/50 | Train: 0.180537 | Val: 0.180516 | Corr: 0.218527 | LR: 1.00e-03
2026-02-19 14:43:01,629 - INFO -   ↳ Saved best model (val_corr=0.218527)
2026-02-19 14:43:03,893 - INFO - Epoch  12/50 | Train: 0.180037 | Val: 0.180759 | Corr: 0.221565 | LR: 1.00e-03
2026-02-19 14:43:03,903 - INFO -   ↳ Saved best model (val_corr=0.221565)
2026-02-19 14:43:06,218 - INFO - Epoch  13/50 | Train: 0.179476 | Val: 0.179880 | Corr: 0.222769 | LR: 1.00e-03
2026-02-19 14:43:06,236 - INFO -   ↳ Saved best model (val_corr=0.222769)
2026-02-19 14:43:08,558 - INFO - Epoch  14/50 | Train: 0.179130 | Val: 0.180251 | Corr: 0.224240 | LR: 1.00e-03
2026-02-19 14:43:08,564 - INFO -   ↳ Saved best model (val_corr=0.224240)
2026-02-19 14:43:10,851 - INFO - Epoch  15/50 | Train: 0.178773 | Val: 0.179429 | Corr: 0.225666 | LR: 1.00e-03
2026-02-19 14:43:10,858 - INFO -   ↳ Saved best model (val_corr=0.225666)
2026-02-19 14:43:13,148 - INFO - Epoch  16/50 | Train: 0.178356 | Val: 0.179241 | Corr: 0.226998 | LR: 1.00e-03
2026-02-19 14:43:13,156 - INFO -   ↳ Saved best model (val_corr=0.226998)
2026-02-19 14:43:15,373 - INFO - Epoch  17/50 | Train: 0.178139 | Val: 0.179170 | Corr: 0.227934 | LR: 1.00e-03
2026-02-19 14:43:15,379 - INFO -   ↳ Saved best model (val_corr=0.227934)
2026-02-19 14:43:17,661 - INFO - Epoch  18/50 | Train: 0.177777 | Val: 0.179429 | Corr: 0.227630 | LR: 1.00e-03
2026-02-19 14:43:19,972 - INFO - Epoch  19/50 | Train: 0.177577 | Val: 0.178926 | Corr: 0.228888 | LR: 1.00e-03
2026-02-19 14:43:19,978 - INFO -   ↳ Saved best model (val_corr=0.228888)
2026-02-19 14:43:22,198 - INFO - Epoch  20/50 | Train: 0.177234 | Val: 0.178919 | Corr: 0.229086 | LR: 1.00e-03
2026-02-19 14:43:22,204 - INFO -   ↳ Saved best model (val_corr=0.229086)
2026-02-19 14:43:24,503 - INFO - Epoch  21/50 | Train: 0.176939 | Val: 0.179173 | Corr: 0.229520 | LR: 1.00e-03
2026-02-19 14:43:24,509 - INFO -   ↳ Saved best model (val_corr=0.229520)
2026-02-19 14:43:26,752 - INFO - Epoch  22/50 | Train: 0.176810 | Val: 0.179010 | Corr: 0.231353 | LR: 1.00e-03
2026-02-19 14:43:26,758 - INFO -   ↳ Saved best model (val_corr=0.231353)
2026-02-19 14:43:29,099 - INFO - Epoch  23/50 | Train: 0.176409 | Val: 0.178815 | Corr: 0.230987 | LR: 1.00e-03
2026-02-19 14:43:31,435 - INFO - Epoch  24/50 | Train: 0.176256 | Val: 0.178825 | Corr: 0.231674 | LR: 1.00e-03
2026-02-19 14:43:31,441 - INFO -   ↳ Saved best model (val_corr=0.231674)
2026-02-19 14:43:33,716 - INFO - Epoch  25/50 | Train: 0.176010 | Val: 0.178711 | Corr: 0.232153 | LR: 1.00e-03
2026-02-19 14:43:33,722 - INFO -   ↳ Saved best model (val_corr=0.232153)
2026-02-19 14:43:36,019 - INFO - Epoch  26/50 | Train: 0.175835 | Val: 0.178674 | Corr: 0.232152 | LR: 1.00e-03
2026-02-19 14:43:38,303 - INFO - Epoch  27/50 | Train: 0.175691 | Val: 0.178830 | Corr: 0.232087 | LR: 1.00e-03
2026-02-19 14:43:40,547 - INFO - Epoch  28/50 | Train: 0.175387 | Val: 0.178785 | Corr: 0.233020 | LR: 1.00e-03
2026-02-19 14:43:40,552 - INFO -   ↳ Saved best model (val_corr=0.233020)
2026-02-19 14:43:42,772 - INFO - Epoch  29/50 | Train: 0.175245 | Val: 0.178627 | Corr: 0.232800 | LR: 1.00e-03
2026-02-19 14:43:44,990 - INFO - Epoch  30/50 | Train: 0.175038 | Val: 0.179019 | Corr: 0.233174 | LR: 1.00e-03
2026-02-19 14:43:44,996 - INFO -   ↳ Saved best model (val_corr=0.233174)
2026-02-19 14:43:47,241 - INFO - Epoch  31/50 | Train: 0.174940 | Val: 0.179033 | Corr: 0.232602 | LR: 1.00e-03
2026-02-19 14:43:49,554 - INFO - Epoch  32/50 | Train: 0.174725 | Val: 0.178570 | Corr: 0.233060 | LR: 1.00e-03
2026-02-19 14:43:51,835 - INFO - Epoch  33/50 | Train: 0.174624 | Val: 0.179075 | Corr: 0.232438 | LR: 1.00e-03
2026-02-19 14:43:54,152 - INFO - Epoch  34/50 | Train: 0.174411 | Val: 0.178743 | Corr: 0.232454 | LR: 1.00e-03
2026-02-19 14:43:56,401 - INFO - Epoch  35/50 | Train: 0.174320 | Val: 0.178776 | Corr: 0.233272 | LR: 1.00e-03
2026-02-19 14:43:56,407 - INFO -   ↳ Saved best model (val_corr=0.233272)
2026-02-19 14:43:58,718 - INFO - Epoch  36/50 | Train: 0.174193 | Val: 0.178560 | Corr: 0.233518 | LR: 1.00e-03
2026-02-19 14:43:58,723 - INFO -   ↳ Saved best model (val_corr=0.233518)
2026-02-19 14:44:01,006 - INFO - Epoch  37/50 | Train: 0.174000 | Val: 0.178911 | Corr: 0.233448 | LR: 1.00e-03
2026-02-19 14:44:03,291 - INFO - Epoch  38/50 | Train: 0.173947 | Val: 0.178631 | Corr: 0.233252 | LR: 5.00e-04
2026-02-19 14:44:05,628 - INFO - Epoch  39/50 | Train: 0.173125 | Val: 0.178999 | Corr: 0.234121 | LR: 5.00e-04
2026-02-19 14:44:05,633 - INFO -   ↳ Saved best model (val_corr=0.234121)
2026-02-19 14:44:07,883 - INFO - Epoch  40/50 | Train: 0.172921 | Val: 0.178792 | Corr: 0.234066 | LR: 5.00e-04
2026-02-19 14:44:10,208 - INFO - Epoch  41/50 | Train: 0.172815 | Val: 0.178614 | Corr: 0.234243 | LR: 5.00e-04
2026-02-19 14:44:10,213 - INFO -   ↳ Saved best model (val_corr=0.234243)
2026-02-19 14:44:12,503 - INFO - Epoch  42/50 | Train: 0.172814 | Val: 0.178704 | Corr: 0.234033 | LR: 5.00e-04
2026-02-19 14:44:14,771 - INFO - Epoch  43/50 | Train: 0.172720 | Val: 0.178700 | Corr: 0.234409 | LR: 5.00e-04
2026-02-19 14:44:14,777 - INFO -   ↳ Saved best model (val_corr=0.234409)
2026-02-19 14:44:17,080 - INFO - Epoch  44/50 | Train: 0.172612 | Val: 0.178835 | Corr: 0.234032 | LR: 2.50e-04
2026-02-19 14:44:19,414 - INFO - Epoch  45/50 | Train: 0.172150 | Val: 0.178626 | Corr: 0.234437 | LR: 2.50e-04
2026-02-19 14:44:19,420 - INFO -   ↳ Saved best model (val_corr=0.234437)
2026-02-19 14:44:21,690 - INFO - Epoch  46/50 | Train: 0.172180 | Val: 0.178690 | Corr: 0.234323 | LR: 2.50e-04
2026-02-19 14:44:24,009 - INFO - Epoch  47/50 | Train: 0.172153 | Val: 0.178958 | Corr: 0.234292 | LR: 2.50e-04
2026-02-19 14:44:26,273 - INFO - Epoch  48/50 | Train: 0.172132 | Val: 0.178633 | Corr: 0.234457 | LR: 2.50e-04
2026-02-19 14:44:26,278 - INFO -   ↳ Saved best model (val_corr=0.234457)
2026-02-19 14:44:28,572 - INFO - Epoch  49/50 | Train: 0.172007 | Val: 0.178775 | Corr: 0.234307 | LR: 2.50e-04
2026-02-19 14:44:30,903 - INFO - Epoch  50/50 | Train: 0.171870 | Val: 0.178854 | Corr: 0.234396 | LR: 1.25e-04
2026-02-19 14:44:30,903 - INFO - Training complete — best val corr: 0.234457
2026-02-19 14:44:31,394 - INFO - Test loss: 0.169858, Test corr: 0.231445
2026-02-19 14:44:31,529 - INFO - Generating figures …
2026-02-19 14:44:31,739 - INFO - Correlation between predicted and actual per-neuron averages: r=0.9967, p=4.14e-68
2026-02-19 14:44:32,531 - INFO - Pattern selectivity summary:
2026-02-19 14:44:32,531 - INFO -   Mean correlation across neurons: 0.7130
2026-02-19 14:44:32,531 - INFO -   Median correlation: 0.7275
2026-02-19 14:44:32,531 - INFO -   Neurons with r > 0.5: 58 / 63
2026-02-19 14:44:32,531 - INFO -   Neurons with r > 0.3: 63 / 63
2026-02-19 14:44:32,532 - INFO - Pattern selectivity — mean neuron corr: 0.7130
2026-02-19 14:44:32,896 - INFO - LOO (avg rate) — Model mean r: 0.5123, LOO mean r: 0.4728, Neurons model > LOO: 33/63
2026-02-19 14:44:33,688 - INFO - LOO (temporal) — Model mean r: 0.2380, LOO mean r: 0.3815, Neurons model > LOO: 2/63
2026-02-19 14:44:33,688 - INFO - Skipping oracle trial plots (skip_oracle_plots=True)
2026-02-19 14:44:33,688 - INFO - Experiment complete. Summary: {
  "run_dir": "results/hist_cnn_v3_2026-02-19_14-35-39/trial_0002_history=3",
  "model_type": "cnn",
  "test_loss": 0.169857724070549,
  "test_corr": 0.23144519176779468,
  "best_val_corr": 0.23445684640560066,
  "total_params": 163391,
  "trainable_params": 163391,
  "epochs_trained": 50,
  "mean_pattern_corr": 0.7130192133833559,
  "loo_avg_mean_corr": 0.47275709111471625,
  "model_avg_mean_corr": 0.5123490797739508,
  "neurons_model_beats_loo_avg": 33,
  "loo_temporal_mean_corr": 0.3815135061740875,
  "model_temporal_mean_corr": 0.23799999058246613,
  "neurons_model_beats_loo_temporal": 2
}
2026-02-19 14:44:33,689 - INFO - 
======================================================================
2026-02-19 14:44:33,689 - INFO - [4/48] trial_0003_history=4
2026-02-19 14:44:33,689 - INFO -   Overrides: {"kernel_sizes": [3], "weight_decay": 0, "conv_channels": [256], "history": 4}
2026-02-19 14:44:33,689 - INFO -   Output: results/hist_cnn_v3_2026-02-19_14-35-39/trial_0003_history=4
