2026-03-05 19:07:41,906 - INFO - ============================================================
2026-03-05 19:07:41,906 - INFO - Experiment run directory: /scratch/sb272/patterns5k_results/slurm_hist_cnn_2026-03-05_16-01-45/trial_0106_learning_rate=1.0e-04_history=5_kernel_sizes=3x3_conv_channels=64x128_fc_dims=256_seed0
2026-03-05 19:07:41,906 - INFO - ============================================================
2026-03-05 19:07:41,906 - INFO - Loading data …
2026-03-05 19:07:42,907 - INFO - 63 unique neurons after dropping problematic neurons
2026-03-05 19:07:44,208 - INFO - Stimulation channels: 42, Spiking neurons: 63
2026-03-05 19:09:56,479 - INFO - Unique patterns: 4050, Total trials: 5000
2026-03-05 19:09:56,479 - INFO - Stimulation channels: 42, Spiking neurons: 63
2026-03-05 19:09:56,479 - INFO - Unique patterns: 4050, Total trials: 5000
2026-03-05 19:09:56,499 - INFO - Split (oracle): train=3400, val=600, test=1000
2026-03-05 19:10:25,070 - INFO - BinnedStimSpikeDataset initialized:
2026-03-05 19:10:25,070 - INFO -   input_bin_size_ms=10, output_bin_size_ms=10
2026-03-05 19:10:25,070 - INFO -   n_input_bins=60, n_output_bins=60
2026-03-05 19:10:25,070 - INFO -   output_offset=0, total_bins_input=60, total_bins_output=60
2026-03-05 19:10:25,070 - INFO -   Valid start positions per trial: 0 to 0
2026-03-05 19:10:25,070 - INFO -   Total samples: 3400 (3400 trials × 1 positions)
2026-03-05 19:10:52,984 - INFO - BinnedStimSpikeDataset initialized:
2026-03-05 19:10:52,984 - INFO -   input_bin_size_ms=10, output_bin_size_ms=10
2026-03-05 19:10:52,984 - INFO -   n_input_bins=60, n_output_bins=60
2026-03-05 19:10:52,984 - INFO -   output_offset=0, total_bins_input=60, total_bins_output=60
2026-03-05 19:10:52,984 - INFO -   Valid start positions per trial: 0 to 0
2026-03-05 19:10:52,984 - INFO -   Total samples: 600 (600 trials × 1 positions)
2026-03-05 19:11:21,105 - INFO - BinnedStimSpikeDataset initialized:
2026-03-05 19:11:21,105 - INFO -   input_bin_size_ms=10, output_bin_size_ms=10
2026-03-05 19:11:21,105 - INFO -   n_input_bins=60, n_output_bins=60
2026-03-05 19:11:21,105 - INFO -   output_offset=0, total_bins_input=60, total_bins_output=60
2026-03-05 19:11:21,105 - INFO -   Valid start positions per trial: 0 to 0
2026-03-05 19:11:21,105 - INFO -   Total samples: 1000 (1000 trials × 1 positions)
2026-03-05 19:11:21,106 - INFO - Samples — train: 3400, val: 600, test: 1000
2026-03-05 19:11:21,106 - INFO - Input channels: 105, Neurons: 63
2026-03-05 19:11:21,124 - INFO - Using CPU
2026-03-05 19:11:21,128 - INFO - Model: CNN — 94,527 trainable params (94,527 total)
2026-03-05 19:11:24,561 - INFO - Starting training …
2026-03-05 19:11:30,512 - INFO - Epoch   1/50 | Train: 0.447341 | Val: 0.204803 | Corr: 0.041560 | LR: 1.00e-04
2026-03-05 19:11:30,523 - INFO -   ↳ Saved best model (val_corr=0.041560)
2026-03-05 19:11:35,320 - INFO - Epoch   2/50 | Train: 0.190217 | Val: 0.192624 | Corr: 0.056681 | LR: 1.00e-04
2026-03-05 19:11:35,328 - INFO -   ↳ Saved best model (val_corr=0.056681)
2026-03-05 19:11:40,096 - INFO - Epoch   3/50 | Train: 0.187274 | Val: 0.190453 | Corr: 0.063089 | LR: 1.00e-04
2026-03-05 19:11:40,107 - INFO -   ↳ Saved best model (val_corr=0.063089)
2026-03-05 19:11:44,985 - INFO - Epoch   4/50 | Train: 0.186289 | Val: 0.189606 | Corr: 0.067547 | LR: 1.00e-04
2026-03-05 19:11:44,994 - INFO -   ↳ Saved best model (val_corr=0.067547)
2026-03-05 19:11:49,722 - INFO - Epoch   5/50 | Train: 0.185569 | Val: 0.188923 | Corr: 0.069924 | LR: 1.00e-04
2026-03-05 19:11:49,732 - INFO -   ↳ Saved best model (val_corr=0.069924)
2026-03-05 19:11:54,595 - INFO - Epoch   6/50 | Train: 0.184952 | Val: 0.188438 | Corr: 0.072348 | LR: 1.00e-04
2026-03-05 19:11:54,603 - INFO -   ↳ Saved best model (val_corr=0.072348)
2026-03-05 19:11:59,309 - INFO - Epoch   7/50 | Train: 0.184534 | Val: 0.188265 | Corr: 0.074706 | LR: 1.00e-04
2026-03-05 19:11:59,318 - INFO -   ↳ Saved best model (val_corr=0.074706)
2026-03-05 19:12:04,121 - INFO - Epoch   8/50 | Train: 0.183936 | Val: 0.188284 | Corr: 0.076988 | LR: 1.00e-04
2026-03-05 19:12:04,130 - INFO -   ↳ Saved best model (val_corr=0.076988)
2026-03-05 19:12:08,931 - INFO - Epoch   9/50 | Train: 0.183465 | Val: 0.187586 | Corr: 0.078807 | LR: 1.00e-04
2026-03-05 19:12:08,940 - INFO -   ↳ Saved best model (val_corr=0.078807)
2026-03-05 19:12:13,621 - INFO - Epoch  10/50 | Train: 0.182944 | Val: 0.188332 | Corr: 0.081342 | LR: 1.00e-04
2026-03-05 19:12:13,631 - INFO -   ↳ Saved best model (val_corr=0.081342)
2026-03-05 19:12:18,572 - INFO - Epoch  11/50 | Train: 0.182514 | Val: 0.187519 | Corr: 0.083810 | LR: 1.00e-04
2026-03-05 19:12:18,581 - INFO -   ↳ Saved best model (val_corr=0.083810)
2026-03-05 19:12:23,266 - INFO - Epoch  12/50 | Train: 0.182159 | Val: 0.185667 | Corr: 0.086327 | LR: 1.00e-04
2026-03-05 19:12:23,274 - INFO -   ↳ Saved best model (val_corr=0.086327)
2026-03-05 19:12:28,135 - INFO - Epoch  13/50 | Train: 0.181705 | Val: 0.186238 | Corr: 0.088633 | LR: 1.00e-04
2026-03-05 19:12:28,143 - INFO -   ↳ Saved best model (val_corr=0.088633)
2026-03-05 19:12:33,015 - INFO - Epoch  14/50 | Train: 0.181469 | Val: 0.184921 | Corr: 0.090400 | LR: 1.00e-04
2026-03-05 19:12:33,027 - INFO -   ↳ Saved best model (val_corr=0.090400)
2026-03-05 19:12:37,683 - INFO - Epoch  15/50 | Train: 0.181133 | Val: 0.186099 | Corr: 0.091869 | LR: 1.00e-04
2026-03-05 19:12:37,691 - INFO -   ↳ Saved best model (val_corr=0.091869)
2026-03-05 19:12:42,583 - INFO - Epoch  16/50 | Train: 0.180715 | Val: 0.185781 | Corr: 0.093716 | LR: 1.00e-04
2026-03-05 19:12:42,591 - INFO -   ↳ Saved best model (val_corr=0.093716)
2026-03-05 19:12:47,469 - INFO - Epoch  17/50 | Train: 0.180580 | Val: 0.185444 | Corr: 0.094986 | LR: 1.00e-04
2026-03-05 19:12:47,478 - INFO -   ↳ Saved best model (val_corr=0.094986)
2026-03-05 19:12:52,303 - INFO - Epoch  18/50 | Train: 0.180291 | Val: 0.185985 | Corr: 0.097044 | LR: 1.00e-04
2026-03-05 19:12:52,312 - INFO -   ↳ Saved best model (val_corr=0.097044)
2026-03-05 19:12:57,086 - INFO - Epoch  19/50 | Train: 0.179955 | Val: 0.184838 | Corr: 0.097592 | LR: 1.00e-04
2026-03-05 19:12:57,094 - INFO -   ↳ Saved best model (val_corr=0.097592)
2026-03-05 19:13:01,942 - INFO - Epoch  20/50 | Train: 0.179734 | Val: 0.185131 | Corr: 0.099288 | LR: 1.00e-04
2026-03-05 19:13:01,951 - INFO -   ↳ Saved best model (val_corr=0.099288)
2026-03-05 19:13:06,807 - INFO - Epoch  21/50 | Train: 0.179506 | Val: 0.184211 | Corr: 0.099952 | LR: 1.00e-04
2026-03-05 19:13:06,816 - INFO -   ↳ Saved best model (val_corr=0.099952)
2026-03-05 19:13:11,290 - INFO - Epoch  22/50 | Train: 0.179326 | Val: 0.183974 | Corr: 0.101630 | LR: 1.00e-04
2026-03-05 19:13:11,298 - INFO -   ↳ Saved best model (val_corr=0.101630)
2026-03-05 19:13:15,702 - INFO - Epoch  23/50 | Train: 0.179145 | Val: 0.183615 | Corr: 0.103065 | LR: 1.00e-04
2026-03-05 19:13:15,709 - INFO -   ↳ Saved best model (val_corr=0.103065)
2026-03-05 19:13:19,930 - INFO - Epoch  24/50 | Train: 0.179032 | Val: 0.184790 | Corr: 0.104344 | LR: 1.00e-04
2026-03-05 19:13:19,938 - INFO -   ↳ Saved best model (val_corr=0.104344)
2026-03-05 19:13:24,310 - INFO - Epoch  25/50 | Train: 0.178699 | Val: 0.184002 | Corr: 0.105310 | LR: 1.00e-04
2026-03-05 19:13:24,319 - INFO -   ↳ Saved best model (val_corr=0.105310)
2026-03-05 19:13:28,569 - INFO - Epoch  26/50 | Train: 0.178610 | Val: 0.183933 | Corr: 0.106765 | LR: 1.00e-04
2026-03-05 19:13:28,577 - INFO -   ↳ Saved best model (val_corr=0.106765)
2026-03-05 19:13:33,053 - INFO - Epoch  27/50 | Train: 0.178419 | Val: 0.183534 | Corr: 0.107385 | LR: 1.00e-04
2026-03-05 19:13:33,063 - INFO -   ↳ Saved best model (val_corr=0.107385)
2026-03-05 19:13:37,359 - INFO - Epoch  28/50 | Train: 0.178222 | Val: 0.183086 | Corr: 0.108484 | LR: 1.00e-04
2026-03-05 19:13:37,368 - INFO -   ↳ Saved best model (val_corr=0.108484)
2026-03-05 19:13:41,792 - INFO - Epoch  29/50 | Train: 0.178161 | Val: 0.183354 | Corr: 0.110177 | LR: 1.00e-04
2026-03-05 19:13:41,801 - INFO -   ↳ Saved best model (val_corr=0.110177)
2026-03-05 19:13:46,144 - INFO - Epoch  30/50 | Train: 0.177958 | Val: 0.183471 | Corr: 0.110629 | LR: 1.00e-04
2026-03-05 19:13:46,154 - INFO -   ↳ Saved best model (val_corr=0.110629)
2026-03-05 19:13:50,604 - INFO - Epoch  31/50 | Train: 0.177854 | Val: 0.182831 | Corr: 0.111389 | LR: 1.00e-04
2026-03-05 19:13:50,613 - INFO -   ↳ Saved best model (val_corr=0.111389)
2026-03-05 19:13:54,992 - INFO - Epoch  32/50 | Train: 0.177740 | Val: 0.182859 | Corr: 0.112020 | LR: 1.00e-04
2026-03-05 19:13:55,002 - INFO -   ↳ Saved best model (val_corr=0.112020)
2026-03-05 19:13:59,344 - INFO - Epoch  33/50 | Train: 0.177481 | Val: 0.182199 | Corr: 0.113858 | LR: 1.00e-04
2026-03-05 19:13:59,352 - INFO -   ↳ Saved best model (val_corr=0.113858)
2026-03-05 19:14:03,834 - INFO - Epoch  34/50 | Train: 0.177391 | Val: 0.182117 | Corr: 0.114216 | LR: 1.00e-04
2026-03-05 19:14:03,842 - INFO -   ↳ Saved best model (val_corr=0.114216)
2026-03-05 19:14:08,218 - INFO - Epoch  35/50 | Train: 0.177305 | Val: 0.181869 | Corr: 0.116103 | LR: 1.00e-04
2026-03-05 19:14:08,226 - INFO -   ↳ Saved best model (val_corr=0.116103)
2026-03-05 19:14:12,738 - INFO - Epoch  36/50 | Train: 0.177198 | Val: 0.182815 | Corr: 0.115757 | LR: 1.00e-04
2026-03-05 19:14:17,032 - INFO - Epoch  37/50 | Train: 0.177040 | Val: 0.182639 | Corr: 0.117798 | LR: 1.00e-04
2026-03-05 19:14:17,041 - INFO -   ↳ Saved best model (val_corr=0.117798)
2026-03-05 19:14:21,459 - INFO - Epoch  38/50 | Train: 0.176943 | Val: 0.181925 | Corr: 0.118511 | LR: 1.00e-04
2026-03-05 19:14:21,468 - INFO -   ↳ Saved best model (val_corr=0.118511)
2026-03-05 19:14:25,833 - INFO - Epoch  39/50 | Train: 0.176867 | Val: 0.182063 | Corr: 0.119564 | LR: 1.00e-04
2026-03-05 19:14:25,842 - INFO -   ↳ Saved best model (val_corr=0.119564)
2026-03-05 19:14:30,231 - INFO - Epoch  40/50 | Train: 0.176750 | Val: 0.181332 | Corr: 0.119618 | LR: 1.00e-04
2026-03-05 19:14:30,240 - INFO -   ↳ Saved best model (val_corr=0.119618)
2026-03-05 19:14:34,612 - INFO - Epoch  41/50 | Train: 0.176641 | Val: 0.181755 | Corr: 0.119638 | LR: 1.00e-04
2026-03-05 19:14:34,622 - INFO -   ↳ Saved best model (val_corr=0.119638)
2026-03-05 19:14:39,032 - INFO - Epoch  42/50 | Train: 0.176685 | Val: 0.182360 | Corr: 0.121652 | LR: 1.00e-04
2026-03-05 19:14:39,040 - INFO -   ↳ Saved best model (val_corr=0.121652)
2026-03-05 19:14:43,431 - INFO - Epoch  43/50 | Train: 0.176508 | Val: 0.181819 | Corr: 0.122031 | LR: 1.00e-04
2026-03-05 19:14:43,439 - INFO -   ↳ Saved best model (val_corr=0.122031)
2026-03-05 19:14:47,807 - INFO - Epoch  44/50 | Train: 0.176431 | Val: 0.181400 | Corr: 0.122769 | LR: 1.00e-04
2026-03-05 19:14:47,818 - INFO -   ↳ Saved best model (val_corr=0.122769)
2026-03-05 19:14:52,219 - INFO - Epoch  45/50 | Train: 0.176273 | Val: 0.180982 | Corr: 0.122601 | LR: 1.00e-04
2026-03-05 19:14:56,558 - INFO - Epoch  46/50 | Train: 0.176238 | Val: 0.180809 | Corr: 0.124164 | LR: 1.00e-04
2026-03-05 19:14:56,566 - INFO -   ↳ Saved best model (val_corr=0.124164)
2026-03-05 19:15:01,055 - INFO - Epoch  47/50 | Train: 0.176145 | Val: 0.181821 | Corr: 0.124609 | LR: 1.00e-04
2026-03-05 19:15:01,073 - INFO -   ↳ Saved best model (val_corr=0.124609)
2026-03-05 19:15:05,366 - INFO - Epoch  48/50 | Train: 0.176070 | Val: 0.180728 | Corr: 0.125423 | LR: 1.00e-04
2026-03-05 19:15:05,391 - INFO -   ↳ Saved best model (val_corr=0.125423)
2026-03-05 19:15:09,912 - INFO - Epoch  49/50 | Train: 0.175964 | Val: 0.180593 | Corr: 0.126372 | LR: 1.00e-04
2026-03-05 19:15:09,922 - INFO -   ↳ Saved best model (val_corr=0.126372)
2026-03-05 19:15:14,259 - INFO - Epoch  50/50 | Train: 0.175912 | Val: 0.180955 | Corr: 0.126785 | LR: 1.00e-04
2026-03-05 19:15:14,267 - INFO -   ↳ Saved best model (val_corr=0.126785)
2026-03-05 19:15:14,267 - INFO - Training complete — best val corr: 0.126785
2026-03-05 19:15:15,758 - INFO - Test loss: 0.170194, Test corr: 0.123428
2026-03-05 19:15:16,133 - INFO - Fraction of variance explained (FVE): 0.011420
2026-03-05 19:15:16,133 - INFO - Computing autoregressive (AR) test predictions …
2026-03-05 19:15:16,634 - INFO - AR FVE: 0.008873, AR test corr: 0.111753
2026-03-05 19:15:16,634 - INFO - Generating figures …
2026-03-05 19:15:17,147 - INFO - Correlation between predicted and actual per-neuron averages: r=0.9954, p=0.00e+00
2026-03-05 19:15:19,100 - INFO - Pattern selectivity summary:
2026-03-05 19:15:19,100 - INFO -   Mean correlation across neurons: 0.4657
2026-03-05 19:15:19,100 - INFO -   Median correlation: 0.4663
2026-03-05 19:15:19,100 - INFO -   Neurons with r > 0.5: 30 / 63
2026-03-05 19:15:19,100 - INFO -   Neurons with r > 0.3: 51 / 63
2026-03-05 19:15:19,100 - INFO - Pattern selectivity — mean neuron corr: 0.4657
2026-03-05 19:15:20,603 - INFO - LOO (avg rate) — Model mean r: 0.3268, LOO mean r: 0.4546, Neurons model > LOO: 13/63
2026-03-05 19:15:22,975 - INFO - LOO (temporal) — Model mean r: 0.1280, LOO mean r: 0.3186, Neurons model > LOO: 1/63
2026-03-05 19:15:22,975 - INFO - Skipping oracle trial plots (skip_oracle_plots=True)
2026-03-05 19:15:22,984 - INFO - Experiment complete. Summary: {
  "run_dir": "/scratch/sb272/patterns5k_results/slurm_hist_cnn_2026-03-05_16-01-45/trial_0106_learning_rate=1.0e-04_history=5_kernel_sizes=3x3_conv_channels=64x128_fc_dims=256_seed0",
  "model_type": "cnn",
  "batch_avg_test_loss": 0.1701942273378372,
  "batch_avg_test_corr": 0.12342804596838378,
  "all_test_fve": 0.011420038011338975,
  "AR_FVE": 0.008873423886677575,
  "AR_test_correlation": 0.11175309866666794,
  "best_val_corr": 0.1267846515965848,
  "total_params": 94527,
  "trainable_params": 94527,
  "epochs_trained": 50,
  "mean_pattern_corr": 0.4657185340371876,
  "history": 5,
  "init_state": true,
  "loo_avg_mean_corr": 0.45456832695830385,
  "model_avg_mean_corr": 0.3268347086353003,
  "neurons_model_beats_loo_avg": 13,
  "loo_temporal_mean_corr": 0.31855225563049316,
  "all_test_corr": 0.12796898186206818,
  "neurons_model_beats_loo_temporal": 1,
  "kernel_sizes": [
    3,
    3
  ],
  "conv_channels": [
    64,
    128
  ],
  "fc_dims": [
    256
  ]
}
