2026-02-16 17:18:08,431 - INFO - ============================================================
2026-02-16 17:18:08,431 - INFO - Experiment run directory: results/hist_cnn_v2_2026-02-16_15-55-59/trial_0030_history=10
2026-02-16 17:18:08,431 - INFO - ============================================================
2026-02-16 17:18:08,431 - INFO - Using preloaded raw data (skipping I/O)
2026-02-16 17:18:08,431 - INFO - Stimulation channels: 42, Spiking neurons: 63
2026-02-16 17:18:08,431 - INFO - Unique patterns: 4050, Total trials: 5000
2026-02-16 17:18:08,441 - INFO - Split (oracle): train=3400, val=600, test=1000
2026-02-16 17:18:22,488 - INFO - BinnedStimSpikeDataset initialized:
2026-02-16 17:18:22,489 - INFO -   input_bin_size_ms=10, output_bin_size_ms=10
2026-02-16 17:18:22,489 - INFO -   n_input_bins=60, n_output_bins=60
2026-02-16 17:18:22,489 - INFO -   output_offset=0, total_bins_input=60, total_bins_output=60
2026-02-16 17:18:22,489 - INFO -   Valid start positions per trial: 0 to 0
2026-02-16 17:18:22,489 - INFO -   Total samples: 3400 (3400 trials × 1 positions)
2026-02-16 17:18:35,928 - INFO - BinnedStimSpikeDataset initialized:
2026-02-16 17:18:35,928 - INFO -   input_bin_size_ms=10, output_bin_size_ms=10
2026-02-16 17:18:35,928 - INFO -   n_input_bins=60, n_output_bins=60
2026-02-16 17:18:35,928 - INFO -   output_offset=0, total_bins_input=60, total_bins_output=60
2026-02-16 17:18:35,928 - INFO -   Valid start positions per trial: 0 to 0
2026-02-16 17:18:35,928 - INFO -   Total samples: 600 (600 trials × 1 positions)
2026-02-16 17:18:49,399 - INFO - BinnedStimSpikeDataset initialized:
2026-02-16 17:18:49,400 - INFO -   input_bin_size_ms=10, output_bin_size_ms=10
2026-02-16 17:18:49,400 - INFO -   n_input_bins=60, n_output_bins=60
2026-02-16 17:18:49,400 - INFO -   output_offset=0, total_bins_input=60, total_bins_output=60
2026-02-16 17:18:49,400 - INFO -   Valid start positions per trial: 0 to 0
2026-02-16 17:18:49,400 - INFO -   Total samples: 1000 (1000 trials × 1 positions)
2026-02-16 17:18:49,401 - INFO - Samples — train: 3400, val: 600, test: 1000
2026-02-16 17:18:49,401 - INFO - Input channels: 105, Neurons: 63
2026-02-16 17:18:49,401 - INFO - Using Apple Silicon MPS acceleration
2026-02-16 17:18:49,409 - INFO - Model: CNN — 217,151 trainable params (217,151 total)
2026-02-16 17:18:49,410 - INFO - Starting training …
2026-02-16 17:18:52,157 - INFO - Epoch   1/50 | Train: 0.234699 | Val: 0.199301 | Corr: 0.088202 | LR: 1.00e-03
2026-02-16 17:18:52,163 - INFO -   ↳ Saved best model (val_corr=0.088202)
2026-02-16 17:18:54,638 - INFO - Epoch   2/50 | Train: 0.199085 | Val: 0.195004 | Corr: 0.121210 | LR: 1.00e-03
2026-02-16 17:18:54,645 - INFO -   ↳ Saved best model (val_corr=0.121210)
2026-02-16 17:18:57,290 - INFO - Epoch   3/50 | Train: 0.194303 | Val: 0.190843 | Corr: 0.147179 | LR: 1.00e-03
2026-02-16 17:18:57,296 - INFO -   ↳ Saved best model (val_corr=0.147179)
2026-02-16 17:18:59,832 - INFO - Epoch   4/50 | Train: 0.190602 | Val: 0.188463 | Corr: 0.161685 | LR: 1.00e-03
2026-02-16 17:18:59,837 - INFO -   ↳ Saved best model (val_corr=0.161685)
2026-02-16 17:19:02,492 - INFO - Epoch   5/50 | Train: 0.188139 | Val: 0.187596 | Corr: 0.173049 | LR: 1.00e-03
2026-02-16 17:19:02,499 - INFO -   ↳ Saved best model (val_corr=0.173049)
2026-02-16 17:19:05,051 - INFO - Epoch   6/50 | Train: 0.186412 | Val: 0.185743 | Corr: 0.180407 | LR: 1.00e-03
2026-02-16 17:19:05,058 - INFO -   ↳ Saved best model (val_corr=0.180407)
2026-02-16 17:19:07,700 - INFO - Epoch   7/50 | Train: 0.185141 | Val: 0.184850 | Corr: 0.187616 | LR: 1.00e-03
2026-02-16 17:19:07,706 - INFO -   ↳ Saved best model (val_corr=0.187616)
2026-02-16 17:19:10,272 - INFO - Epoch   8/50 | Train: 0.184101 | Val: 0.184220 | Corr: 0.192032 | LR: 1.00e-03
2026-02-16 17:19:10,282 - INFO -   ↳ Saved best model (val_corr=0.192032)
2026-02-16 17:19:13,135 - INFO - Epoch   9/50 | Train: 0.183269 | Val: 0.183894 | Corr: 0.194059 | LR: 1.00e-03
2026-02-16 17:19:13,143 - INFO -   ↳ Saved best model (val_corr=0.194059)
2026-02-16 17:19:15,700 - INFO - Epoch  10/50 | Train: 0.182364 | Val: 0.183255 | Corr: 0.198408 | LR: 1.00e-03
2026-02-16 17:19:15,707 - INFO -   ↳ Saved best model (val_corr=0.198408)
2026-02-16 17:19:18,410 - INFO - Epoch  11/50 | Train: 0.181665 | Val: 0.182798 | Corr: 0.202615 | LR: 1.00e-03
2026-02-16 17:19:18,420 - INFO -   ↳ Saved best model (val_corr=0.202615)
2026-02-16 17:19:20,945 - INFO - Epoch  12/50 | Train: 0.181081 | Val: 0.182421 | Corr: 0.204877 | LR: 1.00e-03
2026-02-16 17:19:20,952 - INFO -   ↳ Saved best model (val_corr=0.204877)
2026-02-16 17:19:23,663 - INFO - Epoch  13/50 | Train: 0.180500 | Val: 0.182764 | Corr: 0.207008 | LR: 1.00e-03
2026-02-16 17:19:23,674 - INFO -   ↳ Saved best model (val_corr=0.207008)
2026-02-16 17:19:26,229 - INFO - Epoch  14/50 | Train: 0.179962 | Val: 0.182009 | Corr: 0.208093 | LR: 1.00e-03
2026-02-16 17:19:26,236 - INFO -   ↳ Saved best model (val_corr=0.208093)
2026-02-16 17:19:28,932 - INFO - Epoch  15/50 | Train: 0.179482 | Val: 0.181933 | Corr: 0.209894 | LR: 1.00e-03
2026-02-16 17:19:28,938 - INFO -   ↳ Saved best model (val_corr=0.209894)
2026-02-16 17:19:31,416 - INFO - Epoch  16/50 | Train: 0.178929 | Val: 0.181870 | Corr: 0.210677 | LR: 1.00e-03
2026-02-16 17:19:31,423 - INFO -   ↳ Saved best model (val_corr=0.210677)
2026-02-16 17:19:34,109 - INFO - Epoch  17/50 | Train: 0.178630 | Val: 0.181633 | Corr: 0.210960 | LR: 1.00e-03
2026-02-16 17:19:34,116 - INFO -   ↳ Saved best model (val_corr=0.210960)
2026-02-16 17:19:36,623 - INFO - Epoch  18/50 | Train: 0.178212 | Val: 0.181752 | Corr: 0.212935 | LR: 1.00e-03
2026-02-16 17:19:36,631 - INFO -   ↳ Saved best model (val_corr=0.212935)
2026-02-16 17:19:39,326 - INFO - Epoch  19/50 | Train: 0.177712 | Val: 0.181257 | Corr: 0.212702 | LR: 1.00e-03
2026-02-16 17:19:41,847 - INFO - Epoch  20/50 | Train: 0.177404 | Val: 0.181298 | Corr: 0.214309 | LR: 1.00e-03
2026-02-16 17:19:41,853 - INFO -   ↳ Saved best model (val_corr=0.214309)
2026-02-16 17:19:44,562 - INFO - Epoch  21/50 | Train: 0.176956 | Val: 0.181247 | Corr: 0.214166 | LR: 1.00e-03
2026-02-16 17:19:47,124 - INFO - Epoch  22/50 | Train: 0.176618 | Val: 0.181073 | Corr: 0.215215 | LR: 1.00e-03
2026-02-16 17:19:47,132 - INFO -   ↳ Saved best model (val_corr=0.215215)
2026-02-16 17:19:49,828 - INFO - Epoch  23/50 | Train: 0.176348 | Val: 0.181223 | Corr: 0.215752 | LR: 1.00e-03
2026-02-16 17:19:49,834 - INFO -   ↳ Saved best model (val_corr=0.215752)
2026-02-16 17:19:52,587 - INFO - Epoch  24/50 | Train: 0.176049 | Val: 0.181168 | Corr: 0.216891 | LR: 1.00e-03
2026-02-16 17:19:52,595 - INFO -   ↳ Saved best model (val_corr=0.216891)
2026-02-16 17:19:55,329 - INFO - Epoch  25/50 | Train: 0.175724 | Val: 0.181095 | Corr: 0.217020 | LR: 1.00e-03
2026-02-16 17:19:55,335 - INFO -   ↳ Saved best model (val_corr=0.217020)
2026-02-16 17:19:58,083 - INFO - Epoch  26/50 | Train: 0.175476 | Val: 0.181178 | Corr: 0.216985 | LR: 1.00e-03
2026-02-16 17:20:00,646 - INFO - Epoch  27/50 | Train: 0.175243 | Val: 0.181888 | Corr: 0.216561 | LR: 1.00e-03
2026-02-16 17:20:03,327 - INFO - Epoch  28/50 | Train: 0.174986 | Val: 0.181854 | Corr: 0.217290 | LR: 5.00e-04
2026-02-16 17:20:03,334 - INFO -   ↳ Saved best model (val_corr=0.217290)
2026-02-16 17:20:05,902 - INFO - Epoch  29/50 | Train: 0.173853 | Val: 0.180908 | Corr: 0.218650 | LR: 5.00e-04
2026-02-16 17:20:05,908 - INFO -   ↳ Saved best model (val_corr=0.218650)
2026-02-16 17:20:08,582 - INFO - Epoch  30/50 | Train: 0.173543 | Val: 0.180954 | Corr: 0.218493 | LR: 5.00e-04
2026-02-16 17:20:11,148 - INFO - Epoch  31/50 | Train: 0.173414 | Val: 0.180931 | Corr: 0.218504 | LR: 5.00e-04
2026-02-16 17:20:13,863 - INFO - Epoch  32/50 | Train: 0.173229 | Val: 0.181172 | Corr: 0.218286 | LR: 5.00e-04
2026-02-16 17:20:16,504 - INFO - Epoch  33/50 | Train: 0.173138 | Val: 0.181159 | Corr: 0.218201 | LR: 5.00e-04
2026-02-16 17:20:19,182 - INFO - Epoch  34/50 | Train: 0.173023 | Val: 0.181115 | Corr: 0.218525 | LR: 5.00e-04
2026-02-16 17:20:21,806 - INFO - Epoch  35/50 | Train: 0.172920 | Val: 0.181176 | Corr: 0.218354 | LR: 2.50e-04
2026-02-16 17:20:24,516 - INFO - Epoch  36/50 | Train: 0.172304 | Val: 0.181155 | Corr: 0.218960 | LR: 2.50e-04
2026-02-16 17:20:24,524 - INFO -   ↳ Saved best model (val_corr=0.218960)
2026-02-16 17:20:27,034 - INFO - Epoch  37/50 | Train: 0.172066 | Val: 0.181304 | Corr: 0.218860 | LR: 2.50e-04
2026-02-16 17:20:29,734 - INFO - Epoch  38/50 | Train: 0.172055 | Val: 0.181204 | Corr: 0.218583 | LR: 2.50e-04
2026-02-16 17:20:32,352 - INFO - Epoch  39/50 | Train: 0.172035 | Val: 0.181280 | Corr: 0.218623 | LR: 2.50e-04
2026-02-16 17:20:35,018 - INFO - Epoch  40/50 | Train: 0.171922 | Val: 0.181281 | Corr: 0.218783 | LR: 2.50e-04
2026-02-16 17:20:37,623 - INFO - Epoch  41/50 | Train: 0.171878 | Val: 0.181223 | Corr: 0.218675 | LR: 1.25e-04
2026-02-16 17:20:40,269 - INFO - Epoch  42/50 | Train: 0.171625 | Val: 0.181386 | Corr: 0.218786 | LR: 1.25e-04
2026-02-16 17:20:42,927 - INFO - Epoch  43/50 | Train: 0.171514 | Val: 0.181270 | Corr: 0.218756 | LR: 1.25e-04
2026-02-16 17:20:45,627 - INFO - Epoch  44/50 | Train: 0.171502 | Val: 0.181347 | Corr: 0.218711 | LR: 1.25e-04
2026-02-16 17:20:48,325 - INFO - Epoch  45/50 | Train: 0.171399 | Val: 0.181408 | Corr: 0.218891 | LR: 1.25e-04
2026-02-16 17:20:50,962 - INFO - Epoch  46/50 | Train: 0.171323 | Val: 0.181330 | Corr: 0.218747 | LR: 1.25e-04
2026-02-16 17:20:50,963 - INFO - Early stopping at epoch 46
2026-02-16 17:20:50,963 - INFO - Training complete — best val corr: 0.218960
2026-02-16 17:20:51,375 - INFO - Test loss: 0.171759, Test corr: 0.217341
2026-02-16 17:20:51,479 - INFO - Generating figures …
2026-02-16 17:20:51,687 - INFO - Correlation between predicted and actual per-neuron averages: r=0.9957, p=8.36e-65
2026-02-16 17:20:52,363 - INFO - Pattern selectivity summary:
2026-02-16 17:20:52,363 - INFO -   Mean correlation across neurons: 0.6452
2026-02-16 17:20:52,363 - INFO -   Median correlation: 0.6629
2026-02-16 17:20:52,363 - INFO -   Neurons with r > 0.5: 54 / 63
2026-02-16 17:20:52,363 - INFO -   Neurons with r > 0.3: 61 / 63
2026-02-16 17:20:52,363 - INFO - Pattern selectivity — mean neuron corr: 0.6452
2026-02-16 17:20:52,859 - INFO - LOO (avg rate) — Model mean r: 0.4094, LOO mean r: 0.4728, Neurons model > LOO: 11/63
2026-02-16 17:20:53,531 - INFO - LOO (temporal) — Model mean r: 0.2219, LOO mean r: 0.3815, Neurons model > LOO: 1/63
2026-02-16 17:20:53,531 - INFO - Skipping oracle trial plots (skip_oracle_plots=True)
2026-02-16 17:20:53,531 - INFO - Experiment complete. Summary: {
  "run_dir": "results/hist_cnn_v2_2026-02-16_15-55-59/trial_0030_history=10",
  "model_type": "cnn",
  "test_loss": 0.17175868391990662,
  "test_corr": 0.21734141193540674,
  "best_val_corr": 0.218959941951596,
  "total_params": 217151,
  "trainable_params": 217151,
  "epochs_trained": 46,
  "mean_pattern_corr": 0.6452023121914595,
  "loo_avg_mean_corr": 0.47275709111471625,
  "model_avg_mean_corr": 0.4094401204505403,
  "neurons_model_beats_loo_avg": 11,
  "loo_temporal_mean_corr": 0.3815135061740875,
  "model_temporal_mean_corr": 0.22190549969673157,
  "neurons_model_beats_loo_temporal": 1
}
2026-02-16 17:20:53,545 - INFO - 
======================================================================
2026-02-16 17:20:53,545 - INFO - [32/48] trial_0031_history=20
2026-02-16 17:20:53,545 - INFO -   Overrides: {"kernel_sizes": [5], "weight_decay": 0.0001, "conv_channels": [256], "history": 20}
2026-02-16 17:20:53,545 - INFO -   Output: results/hist_cnn_v2_2026-02-16_15-55-59/trial_0031_history=20
