2026-03-04 17:12:29,729 - INFO - ============================================================
2026-03-04 17:12:29,729 - INFO - Experiment run directory: /scratch/sb272/patterns5k_results/slurm_base_cnn_2026-03-04_16-53-19/trial_0080_learning_rate=5.0e-04_kernel_sizes=5x3_conv_channels=128x256_fc_dims=1024_seed2
2026-03-04 17:12:29,729 - INFO - ============================================================
2026-03-04 17:12:29,729 - INFO - Loading data …
2026-03-04 17:12:31,511 - INFO - 63 unique neurons after dropping problematic neurons
2026-03-04 17:12:32,681 - INFO - Stimulation channels: 42, Spiking neurons: 63
2026-03-04 17:14:00,487 - INFO - Unique patterns: 4050, Total trials: 5000
2026-03-04 17:14:00,489 - INFO - Stimulation channels: 42, Spiking neurons: 63
2026-03-04 17:14:00,489 - INFO - Unique patterns: 4050, Total trials: 5000
2026-03-04 17:14:00,501 - INFO - Split (oracle): train=3400, val=600, test=1000
2026-03-04 17:14:16,245 - INFO - BinnedStimSpikeDataset initialized:
2026-03-04 17:14:16,246 - INFO -   input_bin_size_ms=10, output_bin_size_ms=10
2026-03-04 17:14:16,246 - INFO -   n_input_bins=60, n_output_bins=60
2026-03-04 17:14:16,246 - INFO -   output_offset=0, total_bins_input=60, total_bins_output=60
2026-03-04 17:14:16,246 - INFO -   Valid start positions per trial: 0 to 0
2026-03-04 17:14:16,246 - INFO -   Total samples: 3400 (3400 trials × 1 positions)
2026-03-04 17:14:32,156 - INFO - BinnedStimSpikeDataset initialized:
2026-03-04 17:14:32,156 - INFO -   input_bin_size_ms=10, output_bin_size_ms=10
2026-03-04 17:14:32,156 - INFO -   n_input_bins=60, n_output_bins=60
2026-03-04 17:14:32,156 - INFO -   output_offset=0, total_bins_input=60, total_bins_output=60
2026-03-04 17:14:32,156 - INFO -   Valid start positions per trial: 0 to 0
2026-03-04 17:14:32,156 - INFO -   Total samples: 600 (600 trials × 1 positions)
2026-03-04 17:14:47,743 - INFO - BinnedStimSpikeDataset initialized:
2026-03-04 17:14:47,743 - INFO -   input_bin_size_ms=10, output_bin_size_ms=10
2026-03-04 17:14:47,743 - INFO -   n_input_bins=60, n_output_bins=60
2026-03-04 17:14:47,743 - INFO -   output_offset=0, total_bins_input=60, total_bins_output=60
2026-03-04 17:14:47,743 - INFO -   Valid start positions per trial: 0 to 0
2026-03-04 17:14:47,743 - INFO -   Total samples: 1000 (1000 trials × 1 positions)
2026-03-04 17:14:47,743 - INFO - Samples — train: 3400, val: 600, test: 1000
2026-03-04 17:14:47,743 - INFO - Input channels: 42, Neurons: 63
2026-03-04 17:14:47,764 - INFO - Using CPU
2026-03-04 17:14:47,783 - INFO - Model: CNN — 454,079 trainable params (454,079 total)
2026-03-04 17:14:54,309 - INFO - Starting training …
2026-03-04 17:15:03,458 - INFO - Epoch   1/50 | Train: 0.208720 | Val: 0.189253 | Corr: 0.073400 | LR: 5.00e-04
2026-03-04 17:15:03,483 - INFO -   ↳ Saved best model (val_corr=0.073400)
2026-03-04 17:15:11,870 - INFO - Epoch   2/50 | Train: 0.182797 | Val: 0.183595 | Corr: 0.086556 | LR: 5.00e-04
2026-03-04 17:15:11,886 - INFO -   ↳ Saved best model (val_corr=0.086556)
2026-03-04 17:15:19,968 - INFO - Epoch   3/50 | Train: 0.180991 | Val: 0.184770 | Corr: 0.095348 | LR: 5.00e-04
2026-03-04 17:15:19,988 - INFO -   ↳ Saved best model (val_corr=0.095348)
2026-03-04 17:15:28,066 - INFO - Epoch   4/50 | Train: 0.179817 | Val: 0.182180 | Corr: 0.102351 | LR: 5.00e-04
2026-03-04 17:15:28,085 - INFO -   ↳ Saved best model (val_corr=0.102351)
2026-03-04 17:15:36,423 - INFO - Epoch   5/50 | Train: 0.178984 | Val: 0.183087 | Corr: 0.108409 | LR: 5.00e-04
2026-03-04 17:15:36,438 - INFO -   ↳ Saved best model (val_corr=0.108409)
2026-03-04 17:15:44,767 - INFO - Epoch   6/50 | Train: 0.178067 | Val: 0.181350 | Corr: 0.112970 | LR: 5.00e-04
2026-03-04 17:15:44,792 - INFO -   ↳ Saved best model (val_corr=0.112970)
2026-03-04 17:15:53,129 - INFO - Epoch   7/50 | Train: 0.177534 | Val: 0.179128 | Corr: 0.116870 | LR: 5.00e-04
2026-03-04 17:15:53,173 - INFO -   ↳ Saved best model (val_corr=0.116870)
2026-03-04 17:16:00,957 - INFO - Epoch   8/50 | Train: 0.176990 | Val: 0.179441 | Corr: 0.119811 | LR: 5.00e-04
2026-03-04 17:16:00,977 - INFO -   ↳ Saved best model (val_corr=0.119811)
2026-03-04 17:16:09,412 - INFO - Epoch   9/50 | Train: 0.176538 | Val: 0.181258 | Corr: 0.121751 | LR: 5.00e-04
2026-03-04 17:16:09,429 - INFO -   ↳ Saved best model (val_corr=0.121751)
2026-03-04 17:16:17,768 - INFO - Epoch  10/50 | Train: 0.176163 | Val: 0.179740 | Corr: 0.124259 | LR: 5.00e-04
2026-03-04 17:16:17,787 - INFO -   ↳ Saved best model (val_corr=0.124259)
2026-03-04 17:16:26,167 - INFO - Epoch  11/50 | Train: 0.175798 | Val: 0.179853 | Corr: 0.125725 | LR: 5.00e-04
2026-03-04 17:16:26,183 - INFO -   ↳ Saved best model (val_corr=0.125725)
2026-03-04 17:16:34,615 - INFO - Epoch  12/50 | Train: 0.175477 | Val: 0.179243 | Corr: 0.126067 | LR: 5.00e-04
2026-03-04 17:16:34,630 - INFO -   ↳ Saved best model (val_corr=0.126067)
2026-03-04 17:16:43,130 - INFO - Epoch  13/50 | Train: 0.175212 | Val: 0.178094 | Corr: 0.129003 | LR: 5.00e-04
2026-03-04 17:16:43,145 - INFO -   ↳ Saved best model (val_corr=0.129003)
2026-03-04 17:16:50,927 - INFO - Epoch  14/50 | Train: 0.174880 | Val: 0.181668 | Corr: 0.126456 | LR: 5.00e-04
2026-03-04 17:16:59,224 - INFO - Epoch  15/50 | Train: 0.174701 | Val: 0.178877 | Corr: 0.129208 | LR: 5.00e-04
2026-03-04 17:16:59,241 - INFO -   ↳ Saved best model (val_corr=0.129208)
2026-03-04 17:17:07,477 - INFO - Epoch  16/50 | Train: 0.174400 | Val: 0.180112 | Corr: 0.128568 | LR: 5.00e-04
2026-03-04 17:17:15,423 - INFO - Epoch  17/50 | Train: 0.174274 | Val: 0.178399 | Corr: 0.131274 | LR: 5.00e-04
2026-03-04 17:17:15,449 - INFO -   ↳ Saved best model (val_corr=0.131274)
2026-03-04 17:17:23,373 - INFO - Epoch  18/50 | Train: 0.174030 | Val: 0.181774 | Corr: 0.131865 | LR: 5.00e-04
2026-03-04 17:17:23,392 - INFO -   ↳ Saved best model (val_corr=0.131865)
2026-03-04 17:17:31,741 - INFO - Epoch  19/50 | Train: 0.173873 | Val: 0.178067 | Corr: 0.130663 | LR: 5.00e-04
2026-03-04 17:17:39,954 - INFO - Epoch  20/50 | Train: 0.173661 | Val: 0.178164 | Corr: 0.129787 | LR: 5.00e-04
2026-03-04 17:17:48,177 - INFO - Epoch  21/50 | Train: 0.173391 | Val: 0.178098 | Corr: 0.130688 | LR: 5.00e-04
2026-03-04 17:17:56,361 - INFO - Epoch  22/50 | Train: 0.173251 | Val: 0.179088 | Corr: 0.132035 | LR: 5.00e-04
2026-03-04 17:17:56,375 - INFO -   ↳ Saved best model (val_corr=0.132035)
2026-03-04 17:18:04,553 - INFO - Epoch  23/50 | Train: 0.173026 | Val: 0.183836 | Corr: 0.133128 | LR: 5.00e-04
2026-03-04 17:18:04,569 - INFO -   ↳ Saved best model (val_corr=0.133128)
2026-03-04 17:18:12,986 - INFO - Epoch  24/50 | Train: 0.173012 | Val: 0.179493 | Corr: 0.132346 | LR: 5.00e-04
2026-03-04 17:18:21,275 - INFO - Epoch  25/50 | Train: 0.172835 | Val: 0.179480 | Corr: 0.132260 | LR: 2.50e-04
2026-03-04 17:18:29,468 - INFO - Epoch  26/50 | Train: 0.172067 | Val: 0.179243 | Corr: 0.133533 | LR: 2.50e-04
2026-03-04 17:18:29,489 - INFO -   ↳ Saved best model (val_corr=0.133533)
2026-03-04 17:18:37,694 - INFO - Epoch  27/50 | Train: 0.171946 | Val: 0.179394 | Corr: 0.132602 | LR: 2.50e-04
2026-03-04 17:18:45,878 - INFO - Epoch  28/50 | Train: 0.171886 | Val: 0.179462 | Corr: 0.133308 | LR: 2.50e-04
2026-03-04 17:18:54,178 - INFO - Epoch  29/50 | Train: 0.171650 | Val: 0.180522 | Corr: 0.133211 | LR: 2.50e-04
2026-03-04 17:19:02,364 - INFO - Epoch  30/50 | Train: 0.171668 | Val: 0.178099 | Corr: 0.132921 | LR: 2.50e-04
2026-03-04 17:19:10,444 - INFO - Epoch  31/50 | Train: 0.171566 | Val: 0.179125 | Corr: 0.132714 | LR: 1.25e-04
2026-03-04 17:19:18,634 - INFO - Epoch  32/50 | Train: 0.171191 | Val: 0.179074 | Corr: 0.133630 | LR: 1.25e-04
2026-03-04 17:19:18,655 - INFO -   ↳ Saved best model (val_corr=0.133630)
2026-03-04 17:19:27,027 - INFO - Epoch  33/50 | Train: 0.171021 | Val: 0.178872 | Corr: 0.133956 | LR: 1.25e-04
2026-03-04 17:19:27,043 - INFO -   ↳ Saved best model (val_corr=0.133956)
2026-03-04 17:19:35,501 - INFO - Epoch  34/50 | Train: 0.170976 | Val: 0.180031 | Corr: 0.133788 | LR: 1.25e-04
2026-03-04 17:19:43,879 - INFO - Epoch  35/50 | Train: 0.170950 | Val: 0.180492 | Corr: 0.133820 | LR: 1.25e-04
2026-03-04 17:19:52,242 - INFO - Epoch  36/50 | Train: 0.170844 | Val: 0.178742 | Corr: 0.133300 | LR: 1.25e-04
2026-03-04 17:20:00,472 - INFO - Epoch  37/50 | Train: 0.170859 | Val: 0.178625 | Corr: 0.133708 | LR: 6.25e-05
2026-03-04 17:20:09,086 - INFO - Epoch  38/50 | Train: 0.170646 | Val: 0.179397 | Corr: 0.133632 | LR: 6.25e-05
2026-03-04 17:20:17,613 - INFO - Epoch  39/50 | Train: 0.170442 | Val: 0.179512 | Corr: 0.133619 | LR: 6.25e-05
2026-03-04 17:20:26,143 - INFO - Epoch  40/50 | Train: 0.170433 | Val: 0.180060 | Corr: 0.133937 | LR: 6.25e-05
2026-03-04 17:20:34,774 - INFO - Epoch  41/50 | Train: 0.170524 | Val: 0.179196 | Corr: 0.133662 | LR: 6.25e-05
2026-03-04 17:20:43,498 - INFO - Epoch  42/50 | Train: 0.170488 | Val: 0.179422 | Corr: 0.133509 | LR: 6.25e-05
2026-03-04 17:20:51,575 - INFO - Epoch  43/50 | Train: 0.170480 | Val: 0.179855 | Corr: 0.133773 | LR: 3.13e-05
2026-03-04 17:20:51,575 - INFO - Early stopping at epoch 43
2026-03-04 17:20:51,576 - INFO - Training complete — best val corr: 0.133956
2026-03-04 17:20:53,263 - INFO - Test loss: 0.170734, Test corr: 0.134462
2026-03-04 17:20:53,948 - INFO - Fraction of variance explained (FVE): 0.005716
2026-03-04 17:20:53,948 - INFO - Generating figures …
2026-03-04 17:20:54,518 - INFO - Correlation between predicted and actual per-neuron averages: r=0.9934, p=0.00e+00
2026-03-04 17:20:57,323 - INFO - Pattern selectivity summary:
2026-03-04 17:20:57,323 - INFO -   Mean correlation across neurons: 0.4959
2026-03-04 17:20:57,323 - INFO -   Median correlation: 0.5191
2026-03-04 17:20:57,324 - INFO -   Neurons with r > 0.5: 33 / 63
2026-03-04 17:20:57,324 - INFO -   Neurons with r > 0.3: 51 / 63
2026-03-04 17:20:57,324 - INFO - Pattern selectivity — mean neuron corr: 0.4959
2026-03-04 17:20:59,397 - INFO - LOO (avg rate) — Model mean r: 0.2872, LOO mean r: 0.4546, Neurons model > LOO: 1/63
2026-03-04 17:21:01,739 - INFO - LOO (temporal) — Model mean r: 0.1353, LOO mean r: 0.3186, Neurons model > LOO: 0/63
2026-03-04 17:21:01,739 - INFO - Skipping oracle trial plots (skip_oracle_plots=True)
2026-03-04 17:21:01,764 - INFO - Experiment complete. Summary: {
  "run_dir": "/scratch/sb272/patterns5k_results/slurm_base_cnn_2026-03-04_16-53-19/trial_0080_learning_rate=5.0e-04_kernel_sizes=5x3_conv_channels=128x256_fc_dims=1024_seed2",
  "model_type": "cnn",
  "batch_avg_test_loss": 0.17073414731025696,
  "batch_avg_test_corr": 0.13446203312744143,
  "all_test_fve": 0.0057159898773072254,
  "AR_FVE": NaN,
  "AR_test_correlation": NaN,
  "best_val_corr": 0.1339561617619593,
  "total_params": 454079,
  "trainable_params": 454079,
  "epochs_trained": 43,
  "mean_pattern_corr": 0.4959200502180818,
  "history": 0,
  "init_state": true,
  "loo_avg_mean_corr": 0.45456832695830385,
  "model_avg_mean_corr": 0.2871781870920908,
  "neurons_model_beats_loo_avg": 1,
  "loo_temporal_mean_corr": 0.31855225563049316,
  "all_test_corr": 0.1353491097688675,
  "neurons_model_beats_loo_temporal": 0,
  "kernel_sizes": [
    5,
    3
  ],
  "conv_channels": [
    128,
    256
  ],
  "fc_dims": [
    1024
  ]
}
