2026-03-06 10:30:29,867 - INFO - ============================================================
2026-03-06 10:30:29,867 - INFO - Experiment run directory: /scratch/sb272/patterns5k_results/slurm_base_cnn_2026-03-06_09-50-40/trial_0068_learning_rate=5.0e-03_kernel_sizes=3x3x3_conv_channels=128x128x128_fc_dims=256_seed2
2026-03-06 10:30:29,867 - INFO - ============================================================
2026-03-06 10:30:29,867 - INFO - Loading data …
2026-03-06 10:30:30,688 - INFO - 63 unique neurons after dropping problematic neurons
2026-03-06 10:30:31,791 - INFO - Stimulation channels: 42, Spiking neurons: 63
2026-03-06 10:32:24,456 - INFO - Unique patterns: 4050, Total trials: 5000
2026-03-06 10:32:24,457 - INFO - Stimulation channels: 42, Spiking neurons: 63
2026-03-06 10:32:24,457 - INFO - Unique patterns: 4050, Total trials: 5000
2026-03-06 10:32:24,473 - INFO - Split (oracle): train=3400, val=600, test=1000
2026-03-06 10:32:47,755 - INFO - BinnedStimSpikeDataset initialized:
2026-03-06 10:32:47,755 - INFO -   input_bin_size_ms=10, output_bin_size_ms=10
2026-03-06 10:32:47,755 - INFO -   n_input_bins=60, n_output_bins=60
2026-03-06 10:32:47,755 - INFO -   output_offset=0, total_bins_input=60, total_bins_output=60
2026-03-06 10:32:47,755 - INFO -   Valid start positions per trial: 0 to 0
2026-03-06 10:32:47,755 - INFO -   Total samples: 3400 (3400 trials × 1 positions)
2026-03-06 10:33:10,614 - INFO - BinnedStimSpikeDataset initialized:
2026-03-06 10:33:10,614 - INFO -   input_bin_size_ms=10, output_bin_size_ms=10
2026-03-06 10:33:10,614 - INFO -   n_input_bins=60, n_output_bins=60
2026-03-06 10:33:10,614 - INFO -   output_offset=0, total_bins_input=60, total_bins_output=60
2026-03-06 10:33:10,614 - INFO -   Valid start positions per trial: 0 to 0
2026-03-06 10:33:10,614 - INFO -   Total samples: 600 (600 trials × 1 positions)
2026-03-06 10:33:33,459 - INFO - BinnedStimSpikeDataset initialized:
2026-03-06 10:33:33,459 - INFO -   input_bin_size_ms=10, output_bin_size_ms=10
2026-03-06 10:33:33,459 - INFO -   n_input_bins=60, n_output_bins=60
2026-03-06 10:33:33,460 - INFO -   output_offset=0, total_bins_input=60, total_bins_output=60
2026-03-06 10:33:33,460 - INFO -   Valid start positions per trial: 0 to 0
2026-03-06 10:33:33,460 - INFO -   Total samples: 1000 (1000 trials × 1 positions)
2026-03-06 10:33:33,460 - INFO - Samples — train: 3400, val: 600, test: 1000
2026-03-06 10:33:33,460 - INFO - Input channels: 42, Neurons: 63
2026-03-06 10:33:33,465 - INFO - Using CPU
2026-03-06 10:33:33,482 - INFO - Model: CNN — 164,799 trainable params (164,799 total)
2026-03-06 10:33:38,044 - INFO - Starting training …
2026-03-06 10:33:43,612 - INFO - Epoch   1/50 | Train: 0.197962 | Val: 0.181029 | Corr: 0.077117 | LR: 5.00e-03
2026-03-06 10:33:43,627 - INFO -   ↳ Saved best model (val_corr=0.077117)
2026-03-06 10:33:48,418 - INFO - Epoch   2/50 | Train: 0.182568 | Val: 0.180188 | Corr: 0.088408 | LR: 5.00e-03
2026-03-06 10:33:48,429 - INFO -   ↳ Saved best model (val_corr=0.088408)
2026-03-06 10:33:53,162 - INFO - Epoch   3/50 | Train: 0.181420 | Val: 0.180339 | Corr: 0.096428 | LR: 5.00e-03
2026-03-06 10:33:53,177 - INFO -   ↳ Saved best model (val_corr=0.096428)
2026-03-06 10:33:57,900 - INFO - Epoch   4/50 | Train: 0.180442 | Val: 0.179784 | Corr: 0.106548 | LR: 5.00e-03
2026-03-06 10:33:57,914 - INFO -   ↳ Saved best model (val_corr=0.106548)
2026-03-06 10:34:02,683 - INFO - Epoch   5/50 | Train: 0.179549 | Val: 0.178247 | Corr: 0.111772 | LR: 5.00e-03
2026-03-06 10:34:02,694 - INFO -   ↳ Saved best model (val_corr=0.111772)
2026-03-06 10:34:07,477 - INFO - Epoch   6/50 | Train: 0.178817 | Val: 0.177811 | Corr: 0.116800 | LR: 5.00e-03
2026-03-06 10:34:07,490 - INFO -   ↳ Saved best model (val_corr=0.116800)
2026-03-06 10:34:12,267 - INFO - Epoch   7/50 | Train: 0.178537 | Val: 0.177548 | Corr: 0.120438 | LR: 5.00e-03
2026-03-06 10:34:12,278 - INFO -   ↳ Saved best model (val_corr=0.120438)
2026-03-06 10:34:17,068 - INFO - Epoch   8/50 | Train: 0.177852 | Val: 0.177492 | Corr: 0.120952 | LR: 5.00e-03
2026-03-06 10:34:17,085 - INFO -   ↳ Saved best model (val_corr=0.120952)
2026-03-06 10:34:21,877 - INFO - Epoch   9/50 | Train: 0.177511 | Val: 0.177084 | Corr: 0.124973 | LR: 5.00e-03
2026-03-06 10:34:21,888 - INFO -   ↳ Saved best model (val_corr=0.124973)
2026-03-06 10:34:26,706 - INFO - Epoch  10/50 | Train: 0.177292 | Val: 0.177001 | Corr: 0.126767 | LR: 5.00e-03
2026-03-06 10:34:26,723 - INFO -   ↳ Saved best model (val_corr=0.126767)
2026-03-06 10:34:31,509 - INFO - Epoch  11/50 | Train: 0.176960 | Val: 0.177344 | Corr: 0.124714 | LR: 5.00e-03
2026-03-06 10:34:36,283 - INFO - Epoch  12/50 | Train: 0.176791 | Val: 0.177357 | Corr: 0.127359 | LR: 5.00e-03
2026-03-06 10:34:36,302 - INFO -   ↳ Saved best model (val_corr=0.127359)
2026-03-06 10:34:41,166 - INFO - Epoch  13/50 | Train: 0.176583 | Val: 0.176814 | Corr: 0.129085 | LR: 5.00e-03
2026-03-06 10:34:41,176 - INFO -   ↳ Saved best model (val_corr=0.129085)
2026-03-06 10:34:46,253 - INFO - Epoch  14/50 | Train: 0.176325 | Val: 0.176662 | Corr: 0.129735 | LR: 5.00e-03
2026-03-06 10:34:46,264 - INFO -   ↳ Saved best model (val_corr=0.129735)
2026-03-06 10:34:50,979 - INFO - Epoch  15/50 | Train: 0.176055 | Val: 0.177035 | Corr: 0.128319 | LR: 5.00e-03
2026-03-06 10:34:55,711 - INFO - Epoch  16/50 | Train: 0.175852 | Val: 0.177080 | Corr: 0.128762 | LR: 5.00e-03
2026-03-06 10:35:00,489 - INFO - Epoch  17/50 | Train: 0.175625 | Val: 0.177133 | Corr: 0.127989 | LR: 5.00e-03
2026-03-06 10:35:05,193 - INFO - Epoch  18/50 | Train: 0.175506 | Val: 0.177009 | Corr: 0.127972 | LR: 5.00e-03
2026-03-06 10:35:10,007 - INFO - Epoch  19/50 | Train: 0.175384 | Val: 0.177101 | Corr: 0.131200 | LR: 5.00e-03
2026-03-06 10:35:10,019 - INFO -   ↳ Saved best model (val_corr=0.131200)
2026-03-06 10:35:14,778 - INFO - Epoch  20/50 | Train: 0.175170 | Val: 0.176851 | Corr: 0.130791 | LR: 2.50e-03
2026-03-06 10:35:19,474 - INFO - Epoch  21/50 | Train: 0.174115 | Val: 0.176809 | Corr: 0.131424 | LR: 2.50e-03
2026-03-06 10:35:19,486 - INFO -   ↳ Saved best model (val_corr=0.131424)
2026-03-06 10:35:24,185 - INFO - Epoch  22/50 | Train: 0.173895 | Val: 0.176909 | Corr: 0.131316 | LR: 2.50e-03
2026-03-06 10:35:28,928 - INFO - Epoch  23/50 | Train: 0.173741 | Val: 0.177084 | Corr: 0.130592 | LR: 2.50e-03
2026-03-06 10:35:33,789 - INFO - Epoch  24/50 | Train: 0.173640 | Val: 0.176732 | Corr: 0.131070 | LR: 2.50e-03
2026-03-06 10:35:38,687 - INFO - Epoch  25/50 | Train: 0.173530 | Val: 0.177486 | Corr: 0.129551 | LR: 2.50e-03
2026-03-06 10:35:43,404 - INFO - Epoch  26/50 | Train: 0.173287 | Val: 0.177294 | Corr: 0.130219 | LR: 1.25e-03
2026-03-06 10:35:48,142 - INFO - Epoch  27/50 | Train: 0.172753 | Val: 0.177173 | Corr: 0.129190 | LR: 1.25e-03
2026-03-06 10:35:52,829 - INFO - Epoch  28/50 | Train: 0.172557 | Val: 0.177473 | Corr: 0.129779 | LR: 1.25e-03
2026-03-06 10:35:57,530 - INFO - Epoch  29/50 | Train: 0.172504 | Val: 0.178018 | Corr: 0.127372 | LR: 1.25e-03
2026-03-06 10:36:02,300 - INFO - Epoch  30/50 | Train: 0.172408 | Val: 0.177404 | Corr: 0.129516 | LR: 1.25e-03
2026-03-06 10:36:07,046 - INFO - Epoch  31/50 | Train: 0.172357 | Val: 0.177837 | Corr: 0.129393 | LR: 1.25e-03
2026-03-06 10:36:07,047 - INFO - Early stopping at epoch 31
2026-03-06 10:36:07,047 - INFO - Training complete — best val corr: 0.131424
2026-03-06 10:36:08,335 - INFO - Test loss: 0.168834, Test corr: 0.130164
2026-03-06 10:36:08,686 - INFO - Fraction of variance explained (FVE): 0.020746
2026-03-06 10:36:08,686 - INFO - Generating figures …
2026-03-06 10:36:09,184 - INFO - Correlation between predicted and actual per-neuron averages: r=0.9869, p=0.00e+00
2026-03-06 10:36:10,901 - INFO - Pattern selectivity summary:
2026-03-06 10:36:10,901 - INFO -   Mean correlation across neurons: 0.4980
2026-03-06 10:36:10,901 - INFO -   Median correlation: 0.5118
2026-03-06 10:36:10,901 - INFO -   Neurons with r > 0.5: 33 / 63
2026-03-06 10:36:10,901 - INFO -   Neurons with r > 0.3: 55 / 63
2026-03-06 10:36:10,901 - INFO - Pattern selectivity — mean neuron corr: 0.4980
2026-03-06 10:36:12,263 - INFO - LOO (avg rate) — Model mean r: 0.2875, LOO mean r: 0.4546, Neurons model > LOO: 1/63
2026-03-06 10:36:14,190 - INFO - LOO (temporal) — Model mean r: 0.1313, LOO mean r: 0.3186, Neurons model > LOO: 0/63
2026-03-06 10:36:14,190 - INFO - Skipping oracle trial plots (skip_oracle_plots=True)
2026-03-06 10:36:14,199 - INFO - Experiment complete. Summary: {
  "run_dir": "/scratch/sb272/patterns5k_results/slurm_base_cnn_2026-03-06_09-50-40/trial_0068_learning_rate=5.0e-03_kernel_sizes=3x3x3_conv_channels=128x128x128_fc_dims=256_seed2",
  "model_type": "cnn",
  "batch_avg_test_loss": 0.16883447360992432,
  "batch_avg_test_corr": 0.1301635077023399,
  "all_test_fve": 0.0207459983371553,
  "AR_FVE": NaN,
  "AR_test_correlation": NaN,
  "best_val_corr": 0.13142375183667215,
  "total_params": 164799,
  "trainable_params": 164799,
  "epochs_trained": 31,
  "mean_pattern_corr": 0.4979929546142548,
  "history": 0,
  "init_state": true,
  "loo_avg_mean_corr": 0.45456832695830385,
  "model_avg_mean_corr": 0.2875148599038046,
  "neurons_model_beats_loo_avg": 1,
  "loo_temporal_mean_corr": 0.31855225563049316,
  "all_test_corr": 0.13130833208560944,
  "neurons_model_beats_loo_temporal": 0,
  "kernel_sizes": [
    3,
    3,
    3
  ],
  "conv_channels": [
    128,
    128,
    128
  ],
  "fc_dims": [
    256
  ]
}
