2026-02-15 16:29:38,270 - INFO - ============================================================
2026-02-15 16:29:38,270 - INFO - Experiment run directory: results/base_cnn_kernel_sweep_2026-02-15_11-28-56/trial_0131_learning_rate=1.0e-03
2026-02-15 16:29:38,270 - INFO - ============================================================
2026-02-15 16:29:38,270 - INFO - Using preloaded raw data (skipping I/O)
2026-02-15 16:29:38,270 - INFO - Stimulation channels: 42, Spiking neurons: 63
2026-02-15 16:29:38,270 - INFO - Unique patterns: 4050, Total trials: 5000
2026-02-15 16:29:38,285 - INFO - Split (oracle): train=3400, val=600, test=1000
2026-02-15 16:29:52,503 - INFO - BinnedStimSpikeDataset initialized:
2026-02-15 16:29:52,505 - INFO -   input_bin_size_ms=10, output_bin_size_ms=10
2026-02-15 16:29:52,505 - INFO -   n_input_bins=60, n_output_bins=60
2026-02-15 16:29:52,505 - INFO -   output_offset=0, total_bins_input=60, total_bins_output=60
2026-02-15 16:29:52,505 - INFO -   Valid start positions per trial: 0 to 0
2026-02-15 16:29:52,505 - INFO -   Total samples: 3400 (3400 trials × 1 positions)
2026-02-15 16:30:05,941 - INFO - BinnedStimSpikeDataset initialized:
2026-02-15 16:30:05,942 - INFO -   input_bin_size_ms=10, output_bin_size_ms=10
2026-02-15 16:30:05,942 - INFO -   n_input_bins=60, n_output_bins=60
2026-02-15 16:30:05,942 - INFO -   output_offset=0, total_bins_input=60, total_bins_output=60
2026-02-15 16:30:05,942 - INFO -   Valid start positions per trial: 0 to 0
2026-02-15 16:30:05,942 - INFO -   Total samples: 600 (600 trials × 1 positions)
2026-02-15 16:30:19,479 - INFO - BinnedStimSpikeDataset initialized:
2026-02-15 16:30:19,480 - INFO -   input_bin_size_ms=10, output_bin_size_ms=10
2026-02-15 16:30:19,480 - INFO -   n_input_bins=60, n_output_bins=60
2026-02-15 16:30:19,480 - INFO -   output_offset=0, total_bins_input=60, total_bins_output=60
2026-02-15 16:30:19,480 - INFO -   Valid start positions per trial: 0 to 0
2026-02-15 16:30:19,480 - INFO -   Total samples: 1000 (1000 trials × 1 positions)
2026-02-15 16:30:19,481 - INFO - Samples — train: 3400, val: 600, test: 1000
2026-02-15 16:30:19,481 - INFO - Input channels: 42, Neurons: 63
2026-02-15 16:30:19,482 - INFO - Using Apple Silicon MPS acceleration
2026-02-15 16:30:19,501 - INFO - Model: CNN — 190,271 trainable params (190,271 total)
2026-02-15 16:30:19,501 - INFO - Starting training …
2026-02-15 16:30:22,320 - INFO - Epoch   1/50 | Train: 0.237540 | Val: 0.200821 | Corr: 0.157364 | LR: 1.00e-03
2026-02-15 16:30:22,332 - INFO -   ↳ Saved best model (val_corr=0.157364)
2026-02-15 16:30:25,002 - INFO - Epoch   2/50 | Train: 0.199784 | Val: 0.195257 | Corr: 0.192943 | LR: 1.00e-03
2026-02-15 16:30:25,016 - INFO -   ↳ Saved best model (val_corr=0.192943)
2026-02-15 16:30:27,636 - INFO - Epoch   3/50 | Train: 0.194216 | Val: 0.191023 | Corr: 0.217321 | LR: 1.00e-03
2026-02-15 16:30:27,643 - INFO -   ↳ Saved best model (val_corr=0.217321)
2026-02-15 16:30:30,177 - INFO - Epoch   4/50 | Train: 0.190996 | Val: 0.188697 | Corr: 0.231735 | LR: 1.00e-03
2026-02-15 16:30:30,184 - INFO -   ↳ Saved best model (val_corr=0.231735)
2026-02-15 16:30:32,786 - INFO - Epoch   5/50 | Train: 0.188829 | Val: 0.187112 | Corr: 0.241073 | LR: 1.00e-03
2026-02-15 16:30:32,795 - INFO -   ↳ Saved best model (val_corr=0.241073)
2026-02-15 16:30:35,435 - INFO - Epoch   6/50 | Train: 0.187221 | Val: 0.186414 | Corr: 0.247710 | LR: 1.00e-03
2026-02-15 16:30:35,445 - INFO -   ↳ Saved best model (val_corr=0.247710)
2026-02-15 16:30:38,119 - INFO - Epoch   7/50 | Train: 0.186161 | Val: 0.185180 | Corr: 0.253966 | LR: 1.00e-03
2026-02-15 16:30:38,138 - INFO -   ↳ Saved best model (val_corr=0.253966)
2026-02-15 16:30:40,777 - INFO - Epoch   8/50 | Train: 0.185266 | Val: 0.185181 | Corr: 0.258309 | LR: 1.00e-03
2026-02-15 16:30:40,784 - INFO -   ↳ Saved best model (val_corr=0.258309)
2026-02-15 16:30:43,388 - INFO - Epoch   9/50 | Train: 0.184479 | Val: 0.184582 | Corr: 0.261106 | LR: 1.00e-03
2026-02-15 16:30:43,396 - INFO -   ↳ Saved best model (val_corr=0.261106)
2026-02-15 16:30:45,997 - INFO - Epoch  10/50 | Train: 0.183757 | Val: 0.183660 | Corr: 0.262483 | LR: 1.00e-03
2026-02-15 16:30:46,012 - INFO -   ↳ Saved best model (val_corr=0.262483)
2026-02-15 16:30:48,692 - INFO - Epoch  11/50 | Train: 0.183146 | Val: 0.183543 | Corr: 0.264727 | LR: 1.00e-03
2026-02-15 16:30:48,705 - INFO -   ↳ Saved best model (val_corr=0.264727)
2026-02-15 16:30:51,237 - INFO - Epoch  12/50 | Train: 0.182691 | Val: 0.183325 | Corr: 0.264496 | LR: 1.00e-03
2026-02-15 16:30:53,900 - INFO - Epoch  13/50 | Train: 0.182188 | Val: 0.183542 | Corr: 0.266793 | LR: 1.00e-03
2026-02-15 16:30:53,914 - INFO -   ↳ Saved best model (val_corr=0.266793)
2026-02-15 16:30:56,533 - INFO - Epoch  14/50 | Train: 0.181734 | Val: 0.183416 | Corr: 0.266965 | LR: 1.00e-03
2026-02-15 16:30:56,543 - INFO -   ↳ Saved best model (val_corr=0.266965)
2026-02-15 16:30:59,188 - INFO - Epoch  15/50 | Train: 0.181377 | Val: 0.182431 | Corr: 0.270323 | LR: 1.00e-03
2026-02-15 16:30:59,201 - INFO -   ↳ Saved best model (val_corr=0.270323)
2026-02-15 16:31:01,735 - INFO - Epoch  16/50 | Train: 0.181080 | Val: 0.183060 | Corr: 0.270791 | LR: 1.00e-03
2026-02-15 16:31:01,745 - INFO -   ↳ Saved best model (val_corr=0.270791)
2026-02-15 16:31:04,364 - INFO - Epoch  17/50 | Train: 0.180716 | Val: 0.182264 | Corr: 0.272237 | LR: 1.00e-03
2026-02-15 16:31:04,372 - INFO -   ↳ Saved best model (val_corr=0.272237)
2026-02-15 16:31:06,961 - INFO - Epoch  18/50 | Train: 0.180409 | Val: 0.183019 | Corr: 0.272024 | LR: 1.00e-03
2026-02-15 16:31:09,616 - INFO - Epoch  19/50 | Train: 0.180016 | Val: 0.182269 | Corr: 0.272626 | LR: 1.00e-03
2026-02-15 16:31:09,626 - INFO -   ↳ Saved best model (val_corr=0.272626)
2026-02-15 16:31:12,228 - INFO - Epoch  20/50 | Train: 0.179796 | Val: 0.182176 | Corr: 0.272771 | LR: 1.00e-03
2026-02-15 16:31:12,236 - INFO -   ↳ Saved best model (val_corr=0.272771)
2026-02-15 16:31:14,855 - INFO - Epoch  21/50 | Train: 0.179422 | Val: 0.182311 | Corr: 0.272679 | LR: 1.00e-03
2026-02-15 16:31:17,452 - INFO - Epoch  22/50 | Train: 0.179239 | Val: 0.182114 | Corr: 0.273809 | LR: 1.00e-03
2026-02-15 16:31:17,459 - INFO -   ↳ Saved best model (val_corr=0.273809)
2026-02-15 16:31:20,066 - INFO - Epoch  23/50 | Train: 0.178935 | Val: 0.182195 | Corr: 0.274481 | LR: 1.00e-03
2026-02-15 16:31:20,072 - INFO -   ↳ Saved best model (val_corr=0.274481)
2026-02-15 16:31:22,611 - INFO - Epoch  24/50 | Train: 0.178782 | Val: 0.182445 | Corr: 0.274033 | LR: 1.00e-03
2026-02-15 16:31:25,253 - INFO - Epoch  25/50 | Train: 0.178500 | Val: 0.181883 | Corr: 0.273921 | LR: 1.00e-03
2026-02-15 16:31:27,865 - INFO - Epoch  26/50 | Train: 0.178281 | Val: 0.182258 | Corr: 0.274274 | LR: 1.00e-03
2026-02-15 16:31:30,520 - INFO - Epoch  27/50 | Train: 0.178011 | Val: 0.182197 | Corr: 0.274065 | LR: 1.00e-03
2026-02-15 16:31:33,267 - INFO - Epoch  28/50 | Train: 0.177750 | Val: 0.182498 | Corr: 0.273969 | LR: 1.00e-03
2026-02-15 16:31:35,857 - INFO - Epoch  29/50 | Train: 0.177695 | Val: 0.182120 | Corr: 0.275445 | LR: 1.00e-03
2026-02-15 16:31:35,866 - INFO -   ↳ Saved best model (val_corr=0.275445)
2026-02-15 16:31:38,462 - INFO - Epoch  30/50 | Train: 0.177376 | Val: 0.182422 | Corr: 0.274667 | LR: 1.00e-03
2026-02-15 16:31:41,008 - INFO - Epoch  31/50 | Train: 0.177263 | Val: 0.182070 | Corr: 0.274062 | LR: 5.00e-04
2026-02-15 16:31:43,612 - INFO - Epoch  32/50 | Train: 0.176254 | Val: 0.182207 | Corr: 0.274836 | LR: 5.00e-04
2026-02-15 16:31:46,215 - INFO - Epoch  33/50 | Train: 0.176006 | Val: 0.182425 | Corr: 0.275364 | LR: 5.00e-04
2026-02-15 16:31:48,667 - INFO - Epoch  34/50 | Train: 0.175854 | Val: 0.182282 | Corr: 0.275885 | LR: 5.00e-04
2026-02-15 16:31:48,685 - INFO -   ↳ Saved best model (val_corr=0.275885)
2026-02-15 16:31:51,359 - INFO - Epoch  35/50 | Train: 0.175769 | Val: 0.182429 | Corr: 0.275357 | LR: 5.00e-04
2026-02-15 16:31:54,056 - INFO - Epoch  36/50 | Train: 0.175633 | Val: 0.182186 | Corr: 0.275095 | LR: 5.00e-04
2026-02-15 16:31:56,656 - INFO - Epoch  37/50 | Train: 0.175556 | Val: 0.182602 | Corr: 0.274229 | LR: 2.50e-04
2026-02-15 16:31:59,314 - INFO - Epoch  38/50 | Train: 0.175043 | Val: 0.182360 | Corr: 0.275274 | LR: 2.50e-04
2026-02-15 16:32:01,871 - INFO - Epoch  39/50 | Train: 0.174913 | Val: 0.182221 | Corr: 0.275531 | LR: 2.50e-04
2026-02-15 16:32:04,395 - INFO - Epoch  40/50 | Train: 0.174798 | Val: 0.182272 | Corr: 0.275527 | LR: 2.50e-04
2026-02-15 16:32:06,985 - INFO - Epoch  41/50 | Train: 0.174785 | Val: 0.182198 | Corr: 0.275454 | LR: 2.50e-04
2026-02-15 16:32:09,621 - INFO - Epoch  42/50 | Train: 0.174720 | Val: 0.182147 | Corr: 0.275459 | LR: 2.50e-04
2026-02-15 16:32:12,169 - INFO - Epoch  43/50 | Train: 0.174672 | Val: 0.182413 | Corr: 0.275321 | LR: 1.25e-04
2026-02-15 16:32:14,775 - INFO - Epoch  44/50 | Train: 0.174388 | Val: 0.182385 | Corr: 0.275303 | LR: 1.25e-04
2026-02-15 16:32:14,775 - INFO - Early stopping at epoch 44
2026-02-15 16:32:14,775 - INFO - Training complete — best val corr: 0.275885
2026-02-15 16:32:15,034 - INFO - Test loss: 0.172976, Test corr: 0.275293
2026-02-15 16:32:15,122 - INFO - Generating figures …
2026-02-15 16:32:15,333 - INFO - Correlation between predicted and actual per-neuron averages: r=0.9935, p=2.23e-59
2026-02-15 16:32:16,278 - INFO - Pattern selectivity summary:
2026-02-15 16:32:16,278 - INFO -   Mean correlation across neurons: 0.6397
2026-02-15 16:32:16,278 - INFO -   Median correlation: 0.6326
2026-02-15 16:32:16,278 - INFO -   Neurons with r > 0.5: 48 / 63
2026-02-15 16:32:16,278 - INFO -   Neurons with r > 0.3: 62 / 63
2026-02-15 16:32:16,278 - INFO - Pattern selectivity — mean neuron corr: 0.6397
2026-02-15 16:32:16,633 - INFO - LOO baseline — Model mean r: 0.3664, LOO mean r: 0.4728, Neurons model > LOO: 4/63
2026-02-15 16:32:16,634 - INFO - Skipping oracle trial plots (skip_oracle_plots=True)
2026-02-15 16:32:16,634 - INFO - Experiment complete. Summary: {
  "run_dir": "results/base_cnn_kernel_sweep_2026-02-15_11-28-56/trial_0131_learning_rate=1.0e-03",
  "model_type": "cnn",
  "test_loss": 0.17297644376754762,
  "test_corr": 0.27529339917050544,
  "best_val_corr": 0.27588537128637863,
  "total_params": 190271,
  "trainable_params": 190271,
  "epochs_trained": 44,
  "mean_pattern_corr": 0.6396674313165105,
  "loo_mean_corr": 0.47275709111471625,
  "model_sample_mean_corr": 0.36641832156596604,
  "neurons_model_beats_loo": 4
}
2026-02-15 16:32:16,634 - INFO - 
======================================================================
2026-02-15 16:32:16,634 - INFO - [133/216] trial_0132_learning_rate=0.01
2026-02-15 16:32:16,634 - INFO -   Overrides: {"kernel_sizes": [10], "learning_rate": 0.01, "fc_dims": [256], "weight_decay": 0, "conv_channels": [64]}
2026-02-15 16:32:16,634 - INFO -   Output: results/base_cnn_kernel_sweep_2026-02-15_11-28-56/trial_0132_learning_rate=0.01
