2026-03-05 21:51:20,111 - INFO - ============================================================
2026-03-05 21:51:20,111 - INFO - Experiment run directory: /scratch/sb272/patterns5k_results/slurm_hist_cnn_2026-03-05_16-01-45/trial_0461_learning_rate=1.0e-03_history=1_kernel_sizes=3x3x3_conv_channels=128x128x128_fc_dims=256_seed0
2026-03-05 21:51:20,111 - INFO - ============================================================
2026-03-05 21:51:20,111 - INFO - Loading data …
2026-03-05 21:51:20,994 - INFO - 63 unique neurons after dropping problematic neurons
2026-03-05 21:51:22,203 - INFO - Stimulation channels: 42, Spiking neurons: 63
2026-03-05 21:53:33,746 - INFO - Unique patterns: 4050, Total trials: 5000
2026-03-05 21:53:33,748 - INFO - Stimulation channels: 42, Spiking neurons: 63
2026-03-05 21:53:33,748 - INFO - Unique patterns: 4050, Total trials: 5000
2026-03-05 21:53:33,766 - INFO - Split (oracle): train=3400, val=600, test=1000
2026-03-05 21:54:01,525 - INFO - BinnedStimSpikeDataset initialized:
2026-03-05 21:54:01,525 - INFO -   input_bin_size_ms=10, output_bin_size_ms=10
2026-03-05 21:54:01,525 - INFO -   n_input_bins=60, n_output_bins=60
2026-03-05 21:54:01,525 - INFO -   output_offset=0, total_bins_input=60, total_bins_output=60
2026-03-05 21:54:01,525 - INFO -   Valid start positions per trial: 0 to 0
2026-03-05 21:54:01,525 - INFO -   Total samples: 3400 (3400 trials × 1 positions)
2026-03-05 21:54:28,875 - INFO - BinnedStimSpikeDataset initialized:
2026-03-05 21:54:28,877 - INFO -   input_bin_size_ms=10, output_bin_size_ms=10
2026-03-05 21:54:28,877 - INFO -   n_input_bins=60, n_output_bins=60
2026-03-05 21:54:28,878 - INFO -   output_offset=0, total_bins_input=60, total_bins_output=60
2026-03-05 21:54:28,878 - INFO -   Valid start positions per trial: 0 to 0
2026-03-05 21:54:28,878 - INFO -   Total samples: 600 (600 trials × 1 positions)
2026-03-05 21:54:56,365 - INFO - BinnedStimSpikeDataset initialized:
2026-03-05 21:54:56,366 - INFO -   input_bin_size_ms=10, output_bin_size_ms=10
2026-03-05 21:54:56,366 - INFO -   n_input_bins=60, n_output_bins=60
2026-03-05 21:54:56,366 - INFO -   output_offset=0, total_bins_input=60, total_bins_output=60
2026-03-05 21:54:56,366 - INFO -   Valid start positions per trial: 0 to 0
2026-03-05 21:54:56,366 - INFO -   Total samples: 1000 (1000 trials × 1 positions)
2026-03-05 21:54:56,366 - INFO - Samples — train: 3400, val: 600, test: 1000
2026-03-05 21:54:56,366 - INFO - Input channels: 105, Neurons: 63
2026-03-05 21:54:56,373 - INFO - Using CPU
2026-03-05 21:54:56,390 - INFO - Model: CNN — 188,991 trainable params (188,991 total)
2026-03-05 21:55:03,775 - INFO - Starting training …
2026-03-05 21:55:11,888 - INFO - Epoch   1/50 | Train: 0.210938 | Val: 0.174734 | Corr: 0.151803 | LR: 1.00e-03
2026-03-05 21:55:11,920 - INFO -   ↳ Saved best model (val_corr=0.151803)
2026-03-05 21:55:18,687 - INFO - Epoch   2/50 | Train: 0.172655 | Val: 0.170791 | Corr: 0.179147 | LR: 1.00e-03
2026-03-05 21:55:18,719 - INFO -   ↳ Saved best model (val_corr=0.179147)
2026-03-05 21:55:25,505 - INFO - Epoch   3/50 | Train: 0.169761 | Val: 0.168834 | Corr: 0.190732 | LR: 1.00e-03
2026-03-05 21:55:25,521 - INFO -   ↳ Saved best model (val_corr=0.190732)
2026-03-05 21:55:32,513 - INFO - Epoch   4/50 | Train: 0.167931 | Val: 0.167767 | Corr: 0.201278 | LR: 1.00e-03
2026-03-05 21:55:32,529 - INFO -   ↳ Saved best model (val_corr=0.201278)
2026-03-05 21:55:39,484 - INFO - Epoch   5/50 | Train: 0.166556 | Val: 0.166625 | Corr: 0.210125 | LR: 1.00e-03
2026-03-05 21:55:39,506 - INFO -   ↳ Saved best model (val_corr=0.210125)
2026-03-05 21:55:46,269 - INFO - Epoch   6/50 | Train: 0.165418 | Val: 0.165535 | Corr: 0.218244 | LR: 1.00e-03
2026-03-05 21:55:46,285 - INFO -   ↳ Saved best model (val_corr=0.218244)
2026-03-05 21:55:53,255 - INFO - Epoch   7/50 | Train: 0.164439 | Val: 0.164601 | Corr: 0.225089 | LR: 1.00e-03
2026-03-05 21:55:53,276 - INFO -   ↳ Saved best model (val_corr=0.225089)
2026-03-05 21:56:00,300 - INFO - Epoch   8/50 | Train: 0.163731 | Val: 0.164125 | Corr: 0.229617 | LR: 1.00e-03
2026-03-05 21:56:00,316 - INFO -   ↳ Saved best model (val_corr=0.229617)
2026-03-05 21:56:07,440 - INFO - Epoch   9/50 | Train: 0.163088 | Val: 0.163735 | Corr: 0.233158 | LR: 1.00e-03
2026-03-05 21:56:07,458 - INFO -   ↳ Saved best model (val_corr=0.233158)
2026-03-05 21:56:14,359 - INFO - Epoch  10/50 | Train: 0.162413 | Val: 0.163207 | Corr: 0.235172 | LR: 1.00e-03
2026-03-05 21:56:14,376 - INFO -   ↳ Saved best model (val_corr=0.235172)
2026-03-05 21:56:21,376 - INFO - Epoch  11/50 | Train: 0.162007 | Val: 0.163423 | Corr: 0.238797 | LR: 1.00e-03
2026-03-05 21:56:21,392 - INFO -   ↳ Saved best model (val_corr=0.238797)
2026-03-05 21:56:28,414 - INFO - Epoch  12/50 | Train: 0.161567 | Val: 0.162621 | Corr: 0.241245 | LR: 1.00e-03
2026-03-05 21:56:28,431 - INFO -   ↳ Saved best model (val_corr=0.241245)
2026-03-05 21:56:35,636 - INFO - Epoch  13/50 | Train: 0.161172 | Val: 0.162808 | Corr: 0.243385 | LR: 1.00e-03
2026-03-05 21:56:35,651 - INFO -   ↳ Saved best model (val_corr=0.243385)
2026-03-05 21:56:42,530 - INFO - Epoch  14/50 | Train: 0.160832 | Val: 0.162277 | Corr: 0.244923 | LR: 1.00e-03
2026-03-05 21:56:42,550 - INFO -   ↳ Saved best model (val_corr=0.244923)
2026-03-05 21:56:49,433 - INFO - Epoch  15/50 | Train: 0.160679 | Val: 0.162461 | Corr: 0.247133 | LR: 1.00e-03
2026-03-05 21:56:49,448 - INFO -   ↳ Saved best model (val_corr=0.247133)
2026-03-05 21:56:56,528 - INFO - Epoch  16/50 | Train: 0.160186 | Val: 0.162054 | Corr: 0.249102 | LR: 1.00e-03
2026-03-05 21:56:56,545 - INFO -   ↳ Saved best model (val_corr=0.249102)
2026-03-05 21:57:03,562 - INFO - Epoch  17/50 | Train: 0.160027 | Val: 0.161718 | Corr: 0.249534 | LR: 1.00e-03
2026-03-05 21:57:03,584 - INFO -   ↳ Saved best model (val_corr=0.249534)
2026-03-05 21:57:10,427 - INFO - Epoch  18/50 | Train: 0.159743 | Val: 0.161968 | Corr: 0.249820 | LR: 1.00e-03
2026-03-05 21:57:10,446 - INFO -   ↳ Saved best model (val_corr=0.249820)
2026-03-05 21:57:17,217 - INFO - Epoch  19/50 | Train: 0.159470 | Val: 0.162072 | Corr: 0.251988 | LR: 1.00e-03
2026-03-05 21:57:17,240 - INFO -   ↳ Saved best model (val_corr=0.251988)
2026-03-05 21:57:24,217 - INFO - Epoch  20/50 | Train: 0.159317 | Val: 0.161245 | Corr: 0.252809 | LR: 1.00e-03
2026-03-05 21:57:24,238 - INFO -   ↳ Saved best model (val_corr=0.252809)
2026-03-05 21:57:31,365 - INFO - Epoch  21/50 | Train: 0.159106 | Val: 0.161104 | Corr: 0.253955 | LR: 1.00e-03
2026-03-05 21:57:31,385 - INFO -   ↳ Saved best model (val_corr=0.253955)
2026-03-05 21:57:38,453 - INFO - Epoch  22/50 | Train: 0.158894 | Val: 0.161212 | Corr: 0.255020 | LR: 1.00e-03
2026-03-05 21:57:38,478 - INFO -   ↳ Saved best model (val_corr=0.255020)
2026-03-05 21:57:45,506 - INFO - Epoch  23/50 | Train: 0.158689 | Val: 0.161494 | Corr: 0.255793 | LR: 1.00e-03
2026-03-05 21:57:45,527 - INFO -   ↳ Saved best model (val_corr=0.255793)
2026-03-05 21:57:52,457 - INFO - Epoch  24/50 | Train: 0.158545 | Val: 0.160870 | Corr: 0.257037 | LR: 1.00e-03
2026-03-05 21:57:52,483 - INFO -   ↳ Saved best model (val_corr=0.257037)
2026-03-05 21:57:59,422 - INFO - Epoch  25/50 | Train: 0.158308 | Val: 0.160702 | Corr: 0.258825 | LR: 1.00e-03
2026-03-05 21:57:59,443 - INFO -   ↳ Saved best model (val_corr=0.258825)
2026-03-05 21:58:06,383 - INFO - Epoch  26/50 | Train: 0.158283 | Val: 0.160725 | Corr: 0.258285 | LR: 1.00e-03
2026-03-05 21:58:13,215 - INFO - Epoch  27/50 | Train: 0.158088 | Val: 0.160406 | Corr: 0.260213 | LR: 1.00e-03
2026-03-05 21:58:13,244 - INFO -   ↳ Saved best model (val_corr=0.260213)
2026-03-05 21:58:20,178 - INFO - Epoch  28/50 | Train: 0.157963 | Val: 0.160569 | Corr: 0.259945 | LR: 1.00e-03
2026-03-05 21:58:27,160 - INFO - Epoch  29/50 | Train: 0.157893 | Val: 0.160804 | Corr: 0.260833 | LR: 1.00e-03
2026-03-05 21:58:27,177 - INFO -   ↳ Saved best model (val_corr=0.260833)
2026-03-05 21:58:34,290 - INFO - Epoch  30/50 | Train: 0.157639 | Val: 0.160687 | Corr: 0.260216 | LR: 1.00e-03
2026-03-05 21:58:41,072 - INFO - Epoch  31/50 | Train: 0.157676 | Val: 0.160477 | Corr: 0.260060 | LR: 1.00e-03
2026-03-05 21:58:47,918 - INFO - Epoch  32/50 | Train: 0.157511 | Val: 0.160145 | Corr: 0.262476 | LR: 1.00e-03
2026-03-05 21:58:47,940 - INFO -   ↳ Saved best model (val_corr=0.262476)
2026-03-05 21:58:54,843 - INFO - Epoch  33/50 | Train: 0.157301 | Val: 0.159964 | Corr: 0.262922 | LR: 1.00e-03
2026-03-05 21:58:54,858 - INFO -   ↳ Saved best model (val_corr=0.262922)
2026-03-05 21:59:01,826 - INFO - Epoch  34/50 | Train: 0.157270 | Val: 0.160333 | Corr: 0.261956 | LR: 1.00e-03
2026-03-05 21:59:08,674 - INFO - Epoch  35/50 | Train: 0.157133 | Val: 0.159945 | Corr: 0.264116 | LR: 1.00e-03
2026-03-05 21:59:08,691 - INFO -   ↳ Saved best model (val_corr=0.264116)
2026-03-05 21:59:15,619 - INFO - Epoch  36/50 | Train: 0.157142 | Val: 0.160423 | Corr: 0.262819 | LR: 1.00e-03
2026-03-05 21:59:22,640 - INFO - Epoch  37/50 | Train: 0.156974 | Val: 0.160041 | Corr: 0.264077 | LR: 1.00e-03
2026-03-05 21:59:29,632 - INFO - Epoch  38/50 | Train: 0.156790 | Val: 0.159960 | Corr: 0.264745 | LR: 1.00e-03
2026-03-05 21:59:29,650 - INFO -   ↳ Saved best model (val_corr=0.264745)
2026-03-05 21:59:36,492 - INFO - Epoch  39/50 | Train: 0.156766 | Val: 0.160094 | Corr: 0.264785 | LR: 1.00e-03
2026-03-05 21:59:36,509 - INFO -   ↳ Saved best model (val_corr=0.264785)
2026-03-05 21:59:43,331 - INFO - Epoch  40/50 | Train: 0.156711 | Val: 0.159900 | Corr: 0.265317 | LR: 1.00e-03
2026-03-05 21:59:43,344 - INFO -   ↳ Saved best model (val_corr=0.265317)
2026-03-05 21:59:50,077 - INFO - Epoch  41/50 | Train: 0.156638 | Val: 0.159890 | Corr: 0.265594 | LR: 1.00e-03
2026-03-05 21:59:50,095 - INFO -   ↳ Saved best model (val_corr=0.265594)
2026-03-05 21:59:56,812 - INFO - Epoch  42/50 | Train: 0.156585 | Val: 0.160162 | Corr: 0.265296 | LR: 1.00e-03
2026-03-05 22:00:03,501 - INFO - Epoch  43/50 | Train: 0.156658 | Val: 0.159885 | Corr: 0.266102 | LR: 1.00e-03
2026-03-05 22:00:03,517 - INFO -   ↳ Saved best model (val_corr=0.266102)
2026-03-05 22:00:10,282 - INFO - Epoch  44/50 | Train: 0.156465 | Val: 0.159867 | Corr: 0.266688 | LR: 1.00e-03
2026-03-05 22:00:10,301 - INFO -   ↳ Saved best model (val_corr=0.266688)
2026-03-05 22:00:16,959 - INFO - Epoch  45/50 | Train: 0.156436 | Val: 0.159493 | Corr: 0.267229 | LR: 1.00e-03
2026-03-05 22:00:16,974 - INFO -   ↳ Saved best model (val_corr=0.267229)
2026-03-05 22:00:23,759 - INFO - Epoch  46/50 | Train: 0.156406 | Val: 0.159608 | Corr: 0.267410 | LR: 1.00e-03
2026-03-05 22:00:23,774 - INFO -   ↳ Saved best model (val_corr=0.267410)
2026-03-05 22:00:30,656 - INFO - Epoch  47/50 | Train: 0.156300 | Val: 0.159677 | Corr: 0.268131 | LR: 1.00e-03
2026-03-05 22:00:30,672 - INFO -   ↳ Saved best model (val_corr=0.268131)
2026-03-05 22:00:37,587 - INFO - Epoch  48/50 | Train: 0.156220 | Val: 0.159647 | Corr: 0.267888 | LR: 1.00e-03
2026-03-05 22:00:44,372 - INFO - Epoch  49/50 | Train: 0.156089 | Val: 0.159438 | Corr: 0.268381 | LR: 1.00e-03
2026-03-05 22:00:44,403 - INFO -   ↳ Saved best model (val_corr=0.268381)
2026-03-05 22:00:51,128 - INFO - Epoch  50/50 | Train: 0.156159 | Val: 0.159933 | Corr: 0.266722 | LR: 1.00e-03
2026-03-05 22:00:51,128 - INFO - Training complete — best val corr: 0.268381
2026-03-05 22:00:53,084 - INFO - Test loss: 0.149804, Test corr: 0.259263
2026-03-05 22:00:53,578 - INFO - Fraction of variance explained (FVE): 0.082447
2026-03-05 22:00:53,578 - INFO - Computing autoregressive (AR) test predictions …
2026-03-05 22:00:54,261 - INFO - AR FVE: -0.014178, AR test corr: 0.060656
2026-03-05 22:00:54,261 - INFO - Generating figures …
2026-03-05 22:00:55,067 - INFO - Correlation between predicted and actual per-neuron averages: r=0.9872, p=0.00e+00
2026-03-05 22:00:57,534 - INFO - Pattern selectivity summary:
2026-03-05 22:00:57,534 - INFO -   Mean correlation across neurons: 0.7149
2026-03-05 22:00:57,534 - INFO -   Median correlation: 0.7509
2026-03-05 22:00:57,534 - INFO -   Neurons with r > 0.5: 56 / 63
2026-03-05 22:00:57,534 - INFO -   Neurons with r > 0.3: 62 / 63
2026-03-05 22:00:57,534 - INFO - Pattern selectivity — mean neuron corr: 0.7149
2026-03-05 22:00:59,400 - INFO - LOO (avg rate) — Model mean r: 0.5829, LOO mean r: 0.4546, Neurons model > LOO: 52/63
2026-03-05 22:01:01,936 - INFO - LOO (temporal) — Model mean r: 0.2696, LOO mean r: 0.3186, Neurons model > LOO: 15/63
2026-03-05 22:01:01,936 - INFO - Skipping oracle trial plots (skip_oracle_plots=True)
2026-03-05 22:01:01,955 - INFO - Experiment complete. Summary: {
  "run_dir": "/scratch/sb272/patterns5k_results/slurm_hist_cnn_2026-03-05_16-01-45/trial_0461_learning_rate=1.0e-03_history=1_kernel_sizes=3x3x3_conv_channels=128x128x128_fc_dims=256_seed0",
  "model_type": "cnn",
  "batch_avg_test_loss": 0.1498044538497925,
  "batch_avg_test_corr": 0.2592633201137476,
  "all_test_fve": 0.08244737935444665,
  "AR_FVE": -0.014178464337000771,
  "AR_test_correlation": 0.0606556162238121,
  "best_val_corr": 0.2683813740768281,
  "total_params": 188991,
  "trainable_params": 188991,
  "epochs_trained": 50,
  "mean_pattern_corr": 0.7148684899941382,
  "history": 1,
  "init_state": true,
  "loo_avg_mean_corr": 0.45456832695830385,
  "model_avg_mean_corr": 0.5828862361548756,
  "neurons_model_beats_loo_avg": 52,
  "loo_temporal_mean_corr": 0.31855225563049316,
  "all_test_corr": 0.26960489153862,
  "neurons_model_beats_loo_temporal": 15,
  "kernel_sizes": [
    3,
    3,
    3
  ],
  "conv_channels": [
    128,
    128,
    128
  ],
  "fc_dims": [
    256
  ]
}
