2026-02-02 17:49:49,974 - INFO - ==================================================
2026-02-02 17:49:49,975 - INFO - Experiment run directory: results/binned_2026-02-02_17-49-49
2026-02-02 17:49:49,975 - INFO - Config file: config.yaml (copied to results/binned_2026-02-02_17-49-49/config.yaml)
2026-02-02 17:49:49,976 - INFO - Inference mode: False
2026-02-02 17:49:49,976 - INFO - Random seed: 42
2026-02-02 17:49:49,976 - INFO - ==================================================
2026-02-02 17:49:49,977 - INFO - Total trials: 5000
2026-02-02 17:49:49,996 - INFO - Oracle trials: 1000 (50 patterns × 10 trials)
2026-02-02 17:49:49,996 - INFO - Sample trials: 4000
2026-02-02 17:49:49,997 - INFO - Train: 3400, Val: 600, Test: 1000
2026-02-02 17:49:49,998 - INFO - Dataset config: input_bin_size=10ms, output_bin_size=60ms, n_input_bins=1, n_output_bins=1, output_offset=0, encoding_mode=current
2026-02-02 17:50:06,109 - INFO - BinnedStimSpikeDataset initialized:
2026-02-02 17:50:06,115 - INFO -   input_bin_size_ms=10, output_bin_size_ms=60
2026-02-02 17:50:06,115 - INFO -   n_input_bins=1, n_output_bins=1
2026-02-02 17:50:06,116 - INFO -   output_offset=0, total_bins_input=60, total_bins_output=10
2026-02-02 17:50:06,116 - INFO -   Valid start positions per trial: 0 to 9
2026-02-02 17:50:06,116 - INFO -   Total samples: 34000 (3400 trials × 10 positions)
2026-02-02 17:50:21,102 - INFO - BinnedStimSpikeDataset initialized:
2026-02-02 17:50:21,103 - INFO -   input_bin_size_ms=10, output_bin_size_ms=60
2026-02-02 17:50:21,104 - INFO -   n_input_bins=1, n_output_bins=1
2026-02-02 17:50:21,104 - INFO -   output_offset=0, total_bins_input=60, total_bins_output=10
2026-02-02 17:50:21,105 - INFO -   Valid start positions per trial: 0 to 9
2026-02-02 17:50:21,105 - INFO -   Total samples: 6000 (600 trials × 10 positions)
2026-02-02 17:50:36,475 - INFO - BinnedStimSpikeDataset initialized:
2026-02-02 17:50:36,477 - INFO -   input_bin_size_ms=10, output_bin_size_ms=60
2026-02-02 17:50:36,477 - INFO -   n_input_bins=1, n_output_bins=1
2026-02-02 17:50:36,478 - INFO -   output_offset=0, total_bins_input=60, total_bins_output=10
2026-02-02 17:50:36,478 - INFO -   Valid start positions per trial: 0 to 9
2026-02-02 17:50:36,478 - INFO -   Total samples: 10000 (1000 trials × 10 positions)
2026-02-02 17:50:36,490 - INFO - Train samples: 34000, Val samples: 6000, Test samples: 10000
2026-02-02 17:50:36,491 - INFO - Train batches: 266, Val batches: 47, Test batches: 79
2026-02-02 17:50:36,491 - INFO - Number of stimulation channels: 42
2026-02-02 17:50:36,491 - INFO - Number of recorded neurons: 63
2026-02-02 17:50:36,492 - INFO - Sample X shape: torch.Size([42, 1]) (n_channels, n_input_bins)
2026-02-02 17:50:36,493 - INFO - Sample Y shape: torch.Size([63, 1]) (n_neurons, n_output_bins)
2026-02-02 17:50:36,493 - INFO - Using Apple Silicon MPS acceleration
2026-02-02 17:50:36,494 - INFO - PyTorch version: 2.10.0.dev20251124
2026-02-02 17:50:36,494 - INFO - Device: mps
2026-02-02 17:50:36,495 - INFO - Saved experiment config to results/binned_2026-02-02_17-49-49/summary_config.json
