2026-03-05 21:59:06,624 - INFO - ============================================================
2026-03-05 21:59:06,624 - INFO - Experiment run directory: /scratch/sb272/patterns5k_results/slurm_hist_cnn_2026-03-05_16-01-45/trial_0068_learning_rate=1.0e-04_history=20_kernel_sizes=5x3x3_conv_channels=64x128x256_fc_dims=256_seed0
2026-03-05 21:59:06,624 - INFO - ============================================================
2026-03-05 21:59:06,624 - INFO - Loading data …
2026-03-05 21:59:07,506 - INFO - 63 unique neurons after dropping problematic neurons
2026-03-05 21:59:08,712 - INFO - Stimulation channels: 42, Spiking neurons: 63
2026-03-05 22:01:13,823 - INFO - Unique patterns: 4050, Total trials: 5000
2026-03-05 22:01:13,823 - INFO - Stimulation channels: 42, Spiking neurons: 63
2026-03-05 22:01:13,824 - INFO - Unique patterns: 4050, Total trials: 5000
2026-03-05 22:01:13,840 - INFO - Split (oracle): train=3400, val=600, test=1000
2026-03-05 22:01:39,015 - INFO - BinnedStimSpikeDataset initialized:
2026-03-05 22:01:39,015 - INFO -   input_bin_size_ms=10, output_bin_size_ms=10
2026-03-05 22:01:39,015 - INFO -   n_input_bins=60, n_output_bins=60
2026-03-05 22:01:39,015 - INFO -   output_offset=0, total_bins_input=60, total_bins_output=60
2026-03-05 22:01:39,015 - INFO -   Valid start positions per trial: 0 to 0
2026-03-05 22:01:39,015 - INFO -   Total samples: 3400 (3400 trials × 1 positions)
2026-03-05 22:02:03,644 - INFO - BinnedStimSpikeDataset initialized:
2026-03-05 22:02:03,644 - INFO -   input_bin_size_ms=10, output_bin_size_ms=10
2026-03-05 22:02:03,644 - INFO -   n_input_bins=60, n_output_bins=60
2026-03-05 22:02:03,644 - INFO -   output_offset=0, total_bins_input=60, total_bins_output=60
2026-03-05 22:02:03,644 - INFO -   Valid start positions per trial: 0 to 0
2026-03-05 22:02:03,644 - INFO -   Total samples: 600 (600 trials × 1 positions)
2026-03-05 22:02:28,008 - INFO - BinnedStimSpikeDataset initialized:
2026-03-05 22:02:28,008 - INFO -   input_bin_size_ms=10, output_bin_size_ms=10
2026-03-05 22:02:28,008 - INFO -   n_input_bins=60, n_output_bins=60
2026-03-05 22:02:28,008 - INFO -   output_offset=0, total_bins_input=60, total_bins_output=60
2026-03-05 22:02:28,008 - INFO -   Valid start positions per trial: 0 to 0
2026-03-05 22:02:28,008 - INFO -   Total samples: 1000 (1000 trials × 1 positions)
2026-03-05 22:02:28,008 - INFO - Samples — train: 3400, val: 600, test: 1000
2026-03-05 22:02:28,008 - INFO - Input channels: 105, Neurons: 63
2026-03-05 22:02:28,009 - INFO - Using CPU
2026-03-05 22:02:28,026 - INFO - Model: CNN — 239,807 trainable params (239,807 total)
2026-03-05 22:02:31,491 - INFO - Starting training …
2026-03-05 22:02:39,274 - INFO - Epoch   1/50 | Train: 0.392825 | Val: 0.190874 | Corr: 0.050981 | LR: 1.00e-04
2026-03-05 22:02:39,294 - INFO -   ↳ Saved best model (val_corr=0.050981)
2026-03-05 22:02:46,443 - INFO - Epoch   2/50 | Train: 0.187701 | Val: 0.187298 | Corr: 0.061672 | LR: 1.00e-04
2026-03-05 22:02:46,455 - INFO -   ↳ Saved best model (val_corr=0.061672)
2026-03-05 22:02:53,700 - INFO - Epoch   3/50 | Train: 0.186190 | Val: 0.186895 | Corr: 0.067322 | LR: 1.00e-04
2026-03-05 22:02:53,712 - INFO -   ↳ Saved best model (val_corr=0.067322)
2026-03-05 22:03:00,952 - INFO - Epoch   4/50 | Train: 0.185300 | Val: 0.186117 | Corr: 0.071741 | LR: 1.00e-04
2026-03-05 22:03:00,966 - INFO -   ↳ Saved best model (val_corr=0.071741)
2026-03-05 22:03:08,243 - INFO - Epoch   5/50 | Train: 0.184484 | Val: 0.184962 | Corr: 0.075520 | LR: 1.00e-04
2026-03-05 22:03:08,255 - INFO -   ↳ Saved best model (val_corr=0.075520)
2026-03-05 22:03:15,501 - INFO - Epoch   6/50 | Train: 0.183765 | Val: 0.184767 | Corr: 0.080122 | LR: 1.00e-04
2026-03-05 22:03:15,514 - INFO -   ↳ Saved best model (val_corr=0.080122)
2026-03-05 22:03:22,705 - INFO - Epoch   7/50 | Train: 0.183235 | Val: 0.184158 | Corr: 0.081438 | LR: 1.00e-04
2026-03-05 22:03:22,717 - INFO -   ↳ Saved best model (val_corr=0.081438)
2026-03-05 22:03:29,931 - INFO - Epoch   8/50 | Train: 0.182725 | Val: 0.184182 | Corr: 0.084412 | LR: 1.00e-04
2026-03-05 22:03:29,943 - INFO -   ↳ Saved best model (val_corr=0.084412)
2026-03-05 22:03:37,203 - INFO - Epoch   9/50 | Train: 0.182336 | Val: 0.184007 | Corr: 0.086175 | LR: 1.00e-04
2026-03-05 22:03:37,214 - INFO -   ↳ Saved best model (val_corr=0.086175)
2026-03-05 22:03:44,453 - INFO - Epoch  10/50 | Train: 0.181813 | Val: 0.183037 | Corr: 0.089309 | LR: 1.00e-04
2026-03-05 22:03:44,470 - INFO -   ↳ Saved best model (val_corr=0.089309)
2026-03-05 22:03:51,674 - INFO - Epoch  11/50 | Train: 0.181539 | Val: 0.182902 | Corr: 0.091806 | LR: 1.00e-04
2026-03-05 22:03:51,687 - INFO -   ↳ Saved best model (val_corr=0.091806)
2026-03-05 22:03:58,849 - INFO - Epoch  12/50 | Train: 0.181121 | Val: 0.182806 | Corr: 0.093102 | LR: 1.00e-04
2026-03-05 22:03:58,861 - INFO -   ↳ Saved best model (val_corr=0.093102)
2026-03-05 22:04:06,094 - INFO - Epoch  13/50 | Train: 0.180707 | Val: 0.182841 | Corr: 0.094503 | LR: 1.00e-04
2026-03-05 22:04:06,104 - INFO -   ↳ Saved best model (val_corr=0.094503)
2026-03-05 22:04:13,253 - INFO - Epoch  14/50 | Train: 0.180469 | Val: 0.182947 | Corr: 0.096139 | LR: 1.00e-04
2026-03-05 22:04:13,264 - INFO -   ↳ Saved best model (val_corr=0.096139)
2026-03-05 22:04:20,353 - INFO - Epoch  15/50 | Train: 0.180146 | Val: 0.182256 | Corr: 0.098042 | LR: 1.00e-04
2026-03-05 22:04:20,365 - INFO -   ↳ Saved best model (val_corr=0.098042)
2026-03-05 22:04:27,286 - INFO - Epoch  16/50 | Train: 0.179856 | Val: 0.181655 | Corr: 0.099821 | LR: 1.00e-04
2026-03-05 22:04:27,298 - INFO -   ↳ Saved best model (val_corr=0.099821)
2026-03-05 22:04:34,263 - INFO - Epoch  17/50 | Train: 0.179531 | Val: 0.182252 | Corr: 0.102119 | LR: 1.00e-04
2026-03-05 22:04:34,274 - INFO -   ↳ Saved best model (val_corr=0.102119)
2026-03-05 22:04:40,902 - INFO - Epoch  18/50 | Train: 0.179314 | Val: 0.182295 | Corr: 0.102905 | LR: 1.00e-04
2026-03-05 22:04:40,914 - INFO -   ↳ Saved best model (val_corr=0.102905)
2026-03-05 22:04:47,519 - INFO - Epoch  19/50 | Train: 0.179092 | Val: 0.181776 | Corr: 0.104693 | LR: 1.00e-04
2026-03-05 22:04:47,530 - INFO -   ↳ Saved best model (val_corr=0.104693)
2026-03-05 22:04:54,058 - INFO - Epoch  20/50 | Train: 0.178799 | Val: 0.181501 | Corr: 0.105621 | LR: 1.00e-04
2026-03-05 22:04:54,071 - INFO -   ↳ Saved best model (val_corr=0.105621)
2026-03-05 22:05:00,709 - INFO - Epoch  21/50 | Train: 0.178622 | Val: 0.181724 | Corr: 0.107336 | LR: 1.00e-04
2026-03-05 22:05:00,721 - INFO -   ↳ Saved best model (val_corr=0.107336)
2026-03-05 22:05:07,148 - INFO - Epoch  22/50 | Train: 0.178436 | Val: 0.181141 | Corr: 0.108907 | LR: 1.00e-04
2026-03-05 22:05:07,158 - INFO -   ↳ Saved best model (val_corr=0.108907)
2026-03-05 22:05:13,919 - INFO - Epoch  23/50 | Train: 0.178164 | Val: 0.181303 | Corr: 0.109884 | LR: 1.00e-04
2026-03-05 22:05:13,935 - INFO -   ↳ Saved best model (val_corr=0.109884)
2026-03-05 22:05:20,646 - INFO - Epoch  24/50 | Train: 0.178035 | Val: 0.180906 | Corr: 0.110319 | LR: 1.00e-04
2026-03-05 22:05:20,657 - INFO -   ↳ Saved best model (val_corr=0.110319)
2026-03-05 22:05:27,629 - INFO - Epoch  25/50 | Train: 0.177808 | Val: 0.180880 | Corr: 0.113138 | LR: 1.00e-04
2026-03-05 22:05:27,640 - INFO -   ↳ Saved best model (val_corr=0.113138)
2026-03-05 22:05:34,862 - INFO - Epoch  26/50 | Train: 0.177560 | Val: 0.180748 | Corr: 0.113213 | LR: 1.00e-04
2026-03-05 22:05:34,874 - INFO -   ↳ Saved best model (val_corr=0.113213)
2026-03-05 22:05:41,805 - INFO - Epoch  27/50 | Train: 0.177410 | Val: 0.180678 | Corr: 0.114290 | LR: 1.00e-04
2026-03-05 22:05:41,815 - INFO -   ↳ Saved best model (val_corr=0.114290)
2026-03-05 22:05:48,850 - INFO - Epoch  28/50 | Train: 0.177178 | Val: 0.180506 | Corr: 0.115881 | LR: 1.00e-04
2026-03-05 22:05:48,861 - INFO -   ↳ Saved best model (val_corr=0.115881)
2026-03-05 22:05:55,716 - INFO - Epoch  29/50 | Train: 0.177071 | Val: 0.180206 | Corr: 0.116124 | LR: 1.00e-04
2026-03-05 22:05:55,728 - INFO -   ↳ Saved best model (val_corr=0.116124)
2026-03-05 22:06:02,727 - INFO - Epoch  30/50 | Train: 0.176855 | Val: 0.180132 | Corr: 0.117373 | LR: 1.00e-04
2026-03-05 22:06:02,743 - INFO -   ↳ Saved best model (val_corr=0.117373)
2026-03-05 22:06:09,614 - INFO - Epoch  31/50 | Train: 0.176781 | Val: 0.180118 | Corr: 0.118743 | LR: 1.00e-04
2026-03-05 22:06:09,625 - INFO -   ↳ Saved best model (val_corr=0.118743)
2026-03-05 22:06:16,668 - INFO - Epoch  32/50 | Train: 0.176598 | Val: 0.180472 | Corr: 0.119371 | LR: 1.00e-04
2026-03-05 22:06:16,679 - INFO -   ↳ Saved best model (val_corr=0.119371)
2026-03-05 22:06:23,663 - INFO - Epoch  33/50 | Train: 0.176461 | Val: 0.179862 | Corr: 0.120787 | LR: 1.00e-04
2026-03-05 22:06:23,676 - INFO -   ↳ Saved best model (val_corr=0.120787)
2026-03-05 22:06:30,585 - INFO - Epoch  34/50 | Train: 0.176394 | Val: 0.179890 | Corr: 0.121113 | LR: 1.00e-04
2026-03-05 22:06:30,596 - INFO -   ↳ Saved best model (val_corr=0.121113)
2026-03-05 22:06:37,545 - INFO - Epoch  35/50 | Train: 0.176158 | Val: 0.180002 | Corr: 0.122695 | LR: 1.00e-04
2026-03-05 22:06:37,559 - INFO -   ↳ Saved best model (val_corr=0.122695)
2026-03-05 22:06:44,418 - INFO - Epoch  36/50 | Train: 0.175955 | Val: 0.179787 | Corr: 0.122899 | LR: 1.00e-04
2026-03-05 22:06:44,429 - INFO -   ↳ Saved best model (val_corr=0.122899)
2026-03-05 22:06:51,555 - INFO - Epoch  37/50 | Train: 0.175855 | Val: 0.179644 | Corr: 0.124136 | LR: 1.00e-04
2026-03-05 22:06:51,567 - INFO -   ↳ Saved best model (val_corr=0.124136)
2026-03-05 22:06:58,563 - INFO - Epoch  38/50 | Train: 0.175804 | Val: 0.179758 | Corr: 0.125107 | LR: 1.00e-04
2026-03-05 22:06:58,574 - INFO -   ↳ Saved best model (val_corr=0.125107)
2026-03-05 22:07:05,665 - INFO - Epoch  39/50 | Train: 0.175573 | Val: 0.179609 | Corr: 0.125606 | LR: 1.00e-04
2026-03-05 22:07:05,676 - INFO -   ↳ Saved best model (val_corr=0.125606)
2026-03-05 22:07:12,580 - INFO - Epoch  40/50 | Train: 0.175481 | Val: 0.179412 | Corr: 0.126248 | LR: 1.00e-04
2026-03-05 22:07:12,594 - INFO -   ↳ Saved best model (val_corr=0.126248)
2026-03-05 22:07:19,639 - INFO - Epoch  41/50 | Train: 0.175412 | Val: 0.179516 | Corr: 0.127603 | LR: 1.00e-04
2026-03-05 22:07:19,650 - INFO -   ↳ Saved best model (val_corr=0.127603)
2026-03-05 22:07:26,575 - INFO - Epoch  42/50 | Train: 0.175241 | Val: 0.179269 | Corr: 0.128397 | LR: 1.00e-04
2026-03-05 22:07:26,598 - INFO -   ↳ Saved best model (val_corr=0.128397)
2026-03-05 22:07:33,572 - INFO - Epoch  43/50 | Train: 0.175134 | Val: 0.179586 | Corr: 0.128362 | LR: 1.00e-04
2026-03-05 22:07:40,630 - INFO - Epoch  44/50 | Train: 0.175033 | Val: 0.179547 | Corr: 0.129185 | LR: 1.00e-04
2026-03-05 22:07:40,642 - INFO -   ↳ Saved best model (val_corr=0.129185)
2026-03-05 22:07:47,612 - INFO - Epoch  45/50 | Train: 0.174927 | Val: 0.179166 | Corr: 0.129566 | LR: 1.00e-04
2026-03-05 22:07:47,622 - INFO -   ↳ Saved best model (val_corr=0.129566)
2026-03-05 22:07:54,668 - INFO - Epoch  46/50 | Train: 0.174814 | Val: 0.179199 | Corr: 0.129639 | LR: 1.00e-04
2026-03-05 22:07:54,679 - INFO -   ↳ Saved best model (val_corr=0.129639)
2026-03-05 22:08:01,650 - INFO - Epoch  47/50 | Train: 0.174745 | Val: 0.179003 | Corr: 0.130406 | LR: 1.00e-04
2026-03-05 22:08:01,660 - INFO -   ↳ Saved best model (val_corr=0.130406)
2026-03-05 22:08:08,882 - INFO - Epoch  48/50 | Train: 0.174616 | Val: 0.179478 | Corr: 0.130816 | LR: 1.00e-04
2026-03-05 22:08:08,895 - INFO -   ↳ Saved best model (val_corr=0.130816)
2026-03-05 22:08:15,870 - INFO - Epoch  49/50 | Train: 0.174449 | Val: 0.179077 | Corr: 0.131072 | LR: 1.00e-04
2026-03-05 22:08:15,881 - INFO -   ↳ Saved best model (val_corr=0.131072)
2026-03-05 22:08:22,875 - INFO - Epoch  50/50 | Train: 0.174427 | Val: 0.179002 | Corr: 0.131389 | LR: 1.00e-04
2026-03-05 22:08:22,891 - INFO -   ↳ Saved best model (val_corr=0.131389)
2026-03-05 22:08:22,891 - INFO - Training complete — best val corr: 0.131389
2026-03-05 22:08:24,572 - INFO - Test loss: 0.168341, Test corr: 0.126790
2026-03-05 22:08:25,088 - INFO - Fraction of variance explained (FVE): 0.019732
2026-03-05 22:08:25,088 - INFO - Computing autoregressive (AR) test predictions …
2026-03-05 22:08:25,791 - INFO - AR FVE: 0.016980, AR test corr: 0.121278
2026-03-05 22:08:25,791 - INFO - Generating figures …
2026-03-05 22:08:26,324 - INFO - Correlation between predicted and actual per-neuron averages: r=0.9942, p=0.00e+00
2026-03-05 22:08:28,499 - INFO - Pattern selectivity summary:
2026-03-05 22:08:28,499 - INFO -   Mean correlation across neurons: 0.4877
2026-03-05 22:08:28,499 - INFO -   Median correlation: 0.5122
2026-03-05 22:08:28,499 - INFO -   Neurons with r > 0.5: 33 / 63
2026-03-05 22:08:28,499 - INFO -   Neurons with r > 0.3: 53 / 63
2026-03-05 22:08:28,499 - INFO - Pattern selectivity — mean neuron corr: 0.4877
2026-03-05 22:08:30,268 - INFO - LOO (avg rate) — Model mean r: 0.3442, LOO mean r: 0.4546, Neurons model > LOO: 11/63
2026-03-05 22:08:32,590 - INFO - LOO (temporal) — Model mean r: 0.1319, LOO mean r: 0.3186, Neurons model > LOO: 1/63
2026-03-05 22:08:32,590 - INFO - Skipping oracle trial plots (skip_oracle_plots=True)
2026-03-05 22:08:32,595 - INFO - Experiment complete. Summary: {
  "run_dir": "/scratch/sb272/patterns5k_results/slurm_hist_cnn_2026-03-05_16-01-45/trial_0068_learning_rate=1.0e-04_history=20_kernel_sizes=5x3x3_conv_channels=64x128x256_fc_dims=256_seed0",
  "model_type": "cnn",
  "batch_avg_test_loss": 0.1683411717414856,
  "batch_avg_test_corr": 0.12679020008680847,
  "all_test_fve": 0.019732131844475156,
  "AR_FVE": 0.01698000847347199,
  "AR_test_correlation": 0.12127828598022461,
  "best_val_corr": 0.1313885878924584,
  "total_params": 239807,
  "trainable_params": 239807,
  "epochs_trained": 50,
  "mean_pattern_corr": 0.4876669470873045,
  "history": 20,
  "init_state": true,
  "loo_avg_mean_corr": 0.45456832695830385,
  "model_avg_mean_corr": 0.3442299189443497,
  "neurons_model_beats_loo_avg": 11,
  "loo_temporal_mean_corr": 0.31855225563049316,
  "all_test_corr": 0.13185322284698486,
  "neurons_model_beats_loo_temporal": 1,
  "kernel_sizes": [
    5,
    3,
    3
  ],
  "conv_channels": [
    64,
    128,
    256
  ],
  "fc_dims": [
    256
  ]
}
