2026-03-04 22:40:17,743 - INFO - ============================================================
2026-03-04 22:40:17,743 - INFO - Experiment run directory: /scratch/sb272/patterns5k_results/slurm_base_cnn_2026-03-04_16-53-19/trial_0098_learning_rate=5.0e-04_kernel_sizes=5x3x3_conv_channels=64x128x256_fc_dims=256_seed0
2026-03-04 22:40:17,743 - INFO - ============================================================
2026-03-04 22:40:17,743 - INFO - Loading data …
2026-03-04 22:40:18,955 - INFO - 63 unique neurons after dropping problematic neurons
2026-03-04 22:40:20,538 - INFO - Stimulation channels: 42, Spiking neurons: 63
2026-03-04 22:42:51,738 - INFO - Unique patterns: 4050, Total trials: 5000
2026-03-04 22:42:51,740 - INFO - Stimulation channels: 42, Spiking neurons: 63
2026-03-04 22:42:51,740 - INFO - Unique patterns: 4050, Total trials: 5000
2026-03-04 22:42:51,764 - INFO - Split (oracle): train=3400, val=600, test=1000
2026-03-04 22:43:24,994 - INFO - BinnedStimSpikeDataset initialized:
2026-03-04 22:43:24,994 - INFO -   input_bin_size_ms=10, output_bin_size_ms=10
2026-03-04 22:43:24,994 - INFO -   n_input_bins=60, n_output_bins=60
2026-03-04 22:43:24,994 - INFO -   output_offset=0, total_bins_input=60, total_bins_output=60
2026-03-04 22:43:24,994 - INFO -   Valid start positions per trial: 0 to 0
2026-03-04 22:43:24,994 - INFO -   Total samples: 3400 (3400 trials × 1 positions)
2026-03-04 22:43:56,564 - INFO - BinnedStimSpikeDataset initialized:
2026-03-04 22:43:56,565 - INFO -   input_bin_size_ms=10, output_bin_size_ms=10
2026-03-04 22:43:56,565 - INFO -   n_input_bins=60, n_output_bins=60
2026-03-04 22:43:56,565 - INFO -   output_offset=0, total_bins_input=60, total_bins_output=60
2026-03-04 22:43:56,565 - INFO -   Valid start positions per trial: 0 to 0
2026-03-04 22:43:56,565 - INFO -   Total samples: 600 (600 trials × 1 positions)
2026-03-04 22:44:28,529 - INFO - BinnedStimSpikeDataset initialized:
2026-03-04 22:44:28,529 - INFO -   input_bin_size_ms=10, output_bin_size_ms=10
2026-03-04 22:44:28,529 - INFO -   n_input_bins=60, n_output_bins=60
2026-03-04 22:44:28,529 - INFO -   output_offset=0, total_bins_input=60, total_bins_output=60
2026-03-04 22:44:28,529 - INFO -   Valid start positions per trial: 0 to 0
2026-03-04 22:44:28,529 - INFO -   Total samples: 1000 (1000 trials × 1 positions)
2026-03-04 22:44:28,530 - INFO - Samples — train: 3400, val: 600, test: 1000
2026-03-04 22:44:28,530 - INFO - Input channels: 42, Neurons: 63
2026-03-04 22:44:28,548 - INFO - Using CPU
2026-03-04 22:44:28,554 - INFO - Model: CNN — 219,647 trainable params (219,647 total)
2026-03-04 22:44:32,260 - INFO - Starting training …
2026-03-04 22:44:42,610 - INFO - Epoch   1/50 | Train: 0.226318 | Val: 0.184780 | Corr: 0.072240 | LR: 5.00e-04
2026-03-04 22:44:42,627 - INFO -   ↳ Saved best model (val_corr=0.072240)
2026-03-04 22:44:51,756 - INFO - Epoch   2/50 | Train: 0.183504 | Val: 0.184125 | Corr: 0.083388 | LR: 5.00e-04
2026-03-04 22:44:51,774 - INFO -   ↳ Saved best model (val_corr=0.083388)
2026-03-04 22:45:00,950 - INFO - Epoch   3/50 | Train: 0.182230 | Val: 0.182538 | Corr: 0.090907 | LR: 5.00e-04
2026-03-04 22:45:00,965 - INFO -   ↳ Saved best model (val_corr=0.090907)
2026-03-04 22:45:10,077 - INFO - Epoch   4/50 | Train: 0.181223 | Val: 0.182106 | Corr: 0.097465 | LR: 5.00e-04
2026-03-04 22:45:10,117 - INFO -   ↳ Saved best model (val_corr=0.097465)
2026-03-04 22:45:18,411 - INFO - Epoch   5/50 | Train: 0.180409 | Val: 0.182948 | Corr: 0.096812 | LR: 5.00e-04
2026-03-04 22:45:27,119 - INFO - Epoch   6/50 | Train: 0.179776 | Val: 0.181394 | Corr: 0.102867 | LR: 5.00e-04
2026-03-04 22:45:27,135 - INFO -   ↳ Saved best model (val_corr=0.102867)
2026-03-04 22:45:35,839 - INFO - Epoch   7/50 | Train: 0.179212 | Val: 0.180821 | Corr: 0.109631 | LR: 5.00e-04
2026-03-04 22:45:35,855 - INFO -   ↳ Saved best model (val_corr=0.109631)
2026-03-04 22:45:44,471 - INFO - Epoch   8/50 | Train: 0.178701 | Val: 0.180464 | Corr: 0.114208 | LR: 5.00e-04
2026-03-04 22:45:44,483 - INFO -   ↳ Saved best model (val_corr=0.114208)
2026-03-04 22:45:53,564 - INFO - Epoch   9/50 | Train: 0.178353 | Val: 0.180189 | Corr: 0.115757 | LR: 5.00e-04
2026-03-04 22:45:53,579 - INFO -   ↳ Saved best model (val_corr=0.115757)
2026-03-04 22:46:02,683 - INFO - Epoch  10/50 | Train: 0.177997 | Val: 0.180093 | Corr: 0.119692 | LR: 5.00e-04
2026-03-04 22:46:02,695 - INFO -   ↳ Saved best model (val_corr=0.119692)
2026-03-04 22:46:11,778 - INFO - Epoch  11/50 | Train: 0.177697 | Val: 0.179762 | Corr: 0.121772 | LR: 5.00e-04
2026-03-04 22:46:11,792 - INFO -   ↳ Saved best model (val_corr=0.121772)
2026-03-04 22:46:20,825 - INFO - Epoch  12/50 | Train: 0.177519 | Val: 0.179947 | Corr: 0.123199 | LR: 5.00e-04
2026-03-04 22:46:20,847 - INFO -   ↳ Saved best model (val_corr=0.123199)
2026-03-04 22:46:29,980 - INFO - Epoch  13/50 | Train: 0.177290 | Val: 0.179412 | Corr: 0.124808 | LR: 5.00e-04
2026-03-04 22:46:30,015 - INFO -   ↳ Saved best model (val_corr=0.124808)
2026-03-04 22:46:39,108 - INFO - Epoch  14/50 | Train: 0.176995 | Val: 0.179276 | Corr: 0.127069 | LR: 5.00e-04
2026-03-04 22:46:39,120 - INFO -   ↳ Saved best model (val_corr=0.127069)
2026-03-04 22:46:47,696 - INFO - Epoch  15/50 | Train: 0.176629 | Val: 0.179074 | Corr: 0.128574 | LR: 5.00e-04
2026-03-04 22:46:47,710 - INFO -   ↳ Saved best model (val_corr=0.128574)
2026-03-04 22:46:56,268 - INFO - Epoch  16/50 | Train: 0.176466 | Val: 0.179248 | Corr: 0.130834 | LR: 5.00e-04
2026-03-04 22:46:56,292 - INFO -   ↳ Saved best model (val_corr=0.130834)
2026-03-04 22:47:05,198 - INFO - Epoch  17/50 | Train: 0.176236 | Val: 0.179571 | Corr: 0.130880 | LR: 5.00e-04
2026-03-04 22:47:05,214 - INFO -   ↳ Saved best model (val_corr=0.130880)
2026-03-04 22:47:13,859 - INFO - Epoch  18/50 | Train: 0.176132 | Val: 0.179547 | Corr: 0.131484 | LR: 5.00e-04
2026-03-04 22:47:13,875 - INFO -   ↳ Saved best model (val_corr=0.131484)
2026-03-04 22:47:22,744 - INFO - Epoch  19/50 | Train: 0.176143 | Val: 0.179141 | Corr: 0.134348 | LR: 5.00e-04
2026-03-04 22:47:22,759 - INFO -   ↳ Saved best model (val_corr=0.134348)
2026-03-04 22:47:31,919 - INFO - Epoch  20/50 | Train: 0.175733 | Val: 0.178487 | Corr: 0.135557 | LR: 5.00e-04
2026-03-04 22:47:31,930 - INFO -   ↳ Saved best model (val_corr=0.135557)
2026-03-04 22:47:41,138 - INFO - Epoch  21/50 | Train: 0.175571 | Val: 0.178686 | Corr: 0.135897 | LR: 5.00e-04
2026-03-04 22:47:41,151 - INFO -   ↳ Saved best model (val_corr=0.135897)
2026-03-04 22:47:50,226 - INFO - Epoch  22/50 | Train: 0.175518 | Val: 0.178426 | Corr: 0.137158 | LR: 5.00e-04
2026-03-04 22:47:50,243 - INFO -   ↳ Saved best model (val_corr=0.137158)
2026-03-04 22:47:59,371 - INFO - Epoch  23/50 | Train: 0.175271 | Val: 0.178396 | Corr: 0.137077 | LR: 5.00e-04
2026-03-04 22:48:08,508 - INFO - Epoch  24/50 | Train: 0.175182 | Val: 0.178575 | Corr: 0.136611 | LR: 5.00e-04
2026-03-04 22:48:17,675 - INFO - Epoch  25/50 | Train: 0.175150 | Val: 0.178281 | Corr: 0.138402 | LR: 5.00e-04
2026-03-04 22:48:17,696 - INFO -   ↳ Saved best model (val_corr=0.138402)
2026-03-04 22:48:26,170 - INFO - Epoch  26/50 | Train: 0.174935 | Val: 0.178936 | Corr: 0.137765 | LR: 5.00e-04
2026-03-04 22:48:34,846 - INFO - Epoch  27/50 | Train: 0.174892 | Val: 0.178232 | Corr: 0.139635 | LR: 5.00e-04
2026-03-04 22:48:34,866 - INFO -   ↳ Saved best model (val_corr=0.139635)
2026-03-04 22:48:43,704 - INFO - Epoch  28/50 | Train: 0.174768 | Val: 0.178214 | Corr: 0.139828 | LR: 5.00e-04
2026-03-04 22:48:43,719 - INFO -   ↳ Saved best model (val_corr=0.139828)
2026-03-04 22:48:52,411 - INFO - Epoch  29/50 | Train: 0.174646 | Val: 0.178246 | Corr: 0.139800 | LR: 5.00e-04
2026-03-04 22:49:01,303 - INFO - Epoch  30/50 | Train: 0.174570 | Val: 0.177822 | Corr: 0.141387 | LR: 5.00e-04
2026-03-04 22:49:01,326 - INFO -   ↳ Saved best model (val_corr=0.141387)
2026-03-04 22:49:10,431 - INFO - Epoch  31/50 | Train: 0.174557 | Val: 0.179063 | Corr: 0.140107 | LR: 5.00e-04
2026-03-04 22:49:19,452 - INFO - Epoch  32/50 | Train: 0.174373 | Val: 0.178923 | Corr: 0.140464 | LR: 5.00e-04
2026-03-04 22:49:28,427 - INFO - Epoch  33/50 | Train: 0.174290 | Val: 0.178017 | Corr: 0.142117 | LR: 5.00e-04
2026-03-04 22:49:28,440 - INFO -   ↳ Saved best model (val_corr=0.142117)
2026-03-04 22:49:37,431 - INFO - Epoch  34/50 | Train: 0.174172 | Val: 0.178115 | Corr: 0.141246 | LR: 5.00e-04
2026-03-04 22:49:46,658 - INFO - Epoch  35/50 | Train: 0.174136 | Val: 0.178001 | Corr: 0.143492 | LR: 5.00e-04
2026-03-04 22:49:46,671 - INFO -   ↳ Saved best model (val_corr=0.143492)
2026-03-04 22:49:55,991 - INFO - Epoch  36/50 | Train: 0.174002 | Val: 0.177922 | Corr: 0.144330 | LR: 2.50e-04
2026-03-04 22:49:56,004 - INFO -   ↳ Saved best model (val_corr=0.144330)
2026-03-04 22:50:05,089 - INFO - Epoch  37/50 | Train: 0.173556 | Val: 0.178039 | Corr: 0.142741 | LR: 2.50e-04
2026-03-04 22:50:14,072 - INFO - Epoch  38/50 | Train: 0.173505 | Val: 0.177919 | Corr: 0.143178 | LR: 2.50e-04
2026-03-04 22:50:23,008 - INFO - Epoch  39/50 | Train: 0.173369 | Val: 0.177976 | Corr: 0.143777 | LR: 2.50e-04
2026-03-04 22:50:31,871 - INFO - Epoch  40/50 | Train: 0.173294 | Val: 0.177805 | Corr: 0.143940 | LR: 2.50e-04
2026-03-04 22:50:41,149 - INFO - Epoch  41/50 | Train: 0.173307 | Val: 0.177984 | Corr: 0.143317 | LR: 2.50e-04
2026-03-04 22:50:50,456 - INFO - Epoch  42/50 | Train: 0.173264 | Val: 0.178135 | Corr: 0.143000 | LR: 1.25e-04
2026-03-04 22:50:59,702 - INFO - Epoch  43/50 | Train: 0.172980 | Val: 0.177824 | Corr: 0.144336 | LR: 1.25e-04
2026-03-04 22:50:59,716 - INFO -   ↳ Saved best model (val_corr=0.144336)
2026-03-04 22:51:08,950 - INFO - Epoch  44/50 | Train: 0.172900 | Val: 0.177916 | Corr: 0.143897 | LR: 1.25e-04
2026-03-04 22:51:18,288 - INFO - Epoch  45/50 | Train: 0.172944 | Val: 0.177989 | Corr: 0.143816 | LR: 1.25e-04
2026-03-04 22:51:27,620 - INFO - Epoch  46/50 | Train: 0.172851 | Val: 0.177831 | Corr: 0.144077 | LR: 1.25e-04
2026-03-04 22:51:36,531 - INFO - Epoch  47/50 | Train: 0.172804 | Val: 0.177767 | Corr: 0.144680 | LR: 1.25e-04
2026-03-04 22:51:36,543 - INFO -   ↳ Saved best model (val_corr=0.144680)
2026-03-04 22:51:45,470 - INFO - Epoch  48/50 | Train: 0.172797 | Val: 0.177944 | Corr: 0.143813 | LR: 1.25e-04
2026-03-04 22:51:54,365 - INFO - Epoch  49/50 | Train: 0.172759 | Val: 0.177893 | Corr: 0.144132 | LR: 1.25e-04
2026-03-04 22:52:03,281 - INFO - Epoch  50/50 | Train: 0.172706 | Val: 0.177812 | Corr: 0.144308 | LR: 1.25e-04
2026-03-04 22:52:03,281 - INFO - Training complete — best val corr: 0.144680
2026-03-04 22:52:05,351 - INFO - Test loss: 0.167551, Test corr: 0.140749
2026-03-04 22:52:06,029 - INFO - Fraction of variance explained (FVE): 0.022668
2026-03-04 22:52:06,029 - INFO - Generating figures …
2026-03-04 22:52:06,671 - INFO - Correlation between predicted and actual per-neuron averages: r=0.9925, p=0.00e+00
2026-03-04 22:52:09,290 - INFO - Pattern selectivity summary:
2026-03-04 22:52:09,291 - INFO -   Mean correlation across neurons: 0.4883
2026-03-04 22:52:09,291 - INFO -   Median correlation: 0.5170
2026-03-04 22:52:09,291 - INFO -   Neurons with r > 0.5: 35 / 63
2026-03-04 22:52:09,291 - INFO -   Neurons with r > 0.3: 53 / 63
2026-03-04 22:52:09,291 - INFO - Pattern selectivity — mean neuron corr: 0.4883
2026-03-04 22:52:11,527 - INFO - LOO (avg rate) — Model mean r: 0.2842, LOO mean r: 0.4546, Neurons model > LOO: 0/63
2026-03-04 22:52:14,732 - INFO - LOO (temporal) — Model mean r: 0.1413, LOO mean r: 0.3186, Neurons model > LOO: 0/63
2026-03-04 22:52:14,732 - INFO - Skipping oracle trial plots (skip_oracle_plots=True)
2026-03-04 22:52:14,741 - INFO - Experiment complete. Summary: {
  "run_dir": "/scratch/sb272/patterns5k_results/slurm_base_cnn_2026-03-04_16-53-19/trial_0098_learning_rate=5.0e-04_kernel_sizes=5x3x3_conv_channels=64x128x256_fc_dims=256_seed0",
  "model_type": "cnn",
  "batch_avg_test_loss": 0.16755142068862916,
  "batch_avg_test_corr": 0.1407492674597584,
  "all_test_fve": 0.022667682360089016,
  "AR_FVE": NaN,
  "AR_test_correlation": NaN,
  "best_val_corr": 0.14468027044018464,
  "total_params": 219647,
  "trainable_params": 219647,
  "epochs_trained": 50,
  "mean_pattern_corr": 0.4883222451739211,
  "history": 0,
  "init_state": true,
  "loo_avg_mean_corr": 0.45456832695830385,
  "model_avg_mean_corr": 0.28415216889961775,
  "neurons_model_beats_loo_avg": 0,
  "loo_temporal_mean_corr": 0.31855225563049316,
  "all_test_corr": 0.14131426811218262,
  "neurons_model_beats_loo_temporal": 0,
  "kernel_sizes": [
    5,
    3,
    3
  ],
  "conv_channels": [
    64,
    128,
    256
  ],
  "fc_dims": [
    256
  ]
}
