2026-03-05 18:15:46,647 - INFO - ============================================================
2026-03-05 18:15:46,648 - INFO - Experiment run directory: /scratch/sb272/patterns5k_results/slurm_hist_cnn_2026-03-05_16-01-45/trial_0082_learning_rate=1.0e-04_history=1_kernel_sizes=3x3x3_conv_channels=32x64x128_fc_dims=256_seed1
2026-03-05 18:15:46,648 - INFO - ============================================================
2026-03-05 18:15:46,648 - INFO - Loading data …
2026-03-05 18:15:47,531 - INFO - 63 unique neurons after dropping problematic neurons
2026-03-05 18:15:48,764 - INFO - Stimulation channels: 42, Spiking neurons: 63
2026-03-05 18:17:54,336 - INFO - Unique patterns: 4050, Total trials: 5000
2026-03-05 18:17:54,337 - INFO - Stimulation channels: 42, Spiking neurons: 63
2026-03-05 18:17:54,337 - INFO - Unique patterns: 4050, Total trials: 5000
2026-03-05 18:17:54,354 - INFO - Split (oracle): train=3400, val=600, test=1000
2026-03-05 18:18:19,887 - INFO - BinnedStimSpikeDataset initialized:
2026-03-05 18:18:19,894 - INFO -   input_bin_size_ms=10, output_bin_size_ms=10
2026-03-05 18:18:19,894 - INFO -   n_input_bins=60, n_output_bins=60
2026-03-05 18:18:19,894 - INFO -   output_offset=0, total_bins_input=60, total_bins_output=60
2026-03-05 18:18:19,894 - INFO -   Valid start positions per trial: 0 to 0
2026-03-05 18:18:19,894 - INFO -   Total samples: 3400 (3400 trials × 1 positions)
2026-03-05 18:18:44,899 - INFO - BinnedStimSpikeDataset initialized:
2026-03-05 18:18:44,899 - INFO -   input_bin_size_ms=10, output_bin_size_ms=10
2026-03-05 18:18:44,899 - INFO -   n_input_bins=60, n_output_bins=60
2026-03-05 18:18:44,899 - INFO -   output_offset=0, total_bins_input=60, total_bins_output=60
2026-03-05 18:18:44,899 - INFO -   Valid start positions per trial: 0 to 0
2026-03-05 18:18:44,899 - INFO -   Total samples: 600 (600 trials × 1 positions)
2026-03-05 18:19:09,892 - INFO - BinnedStimSpikeDataset initialized:
2026-03-05 18:19:09,893 - INFO -   input_bin_size_ms=10, output_bin_size_ms=10
2026-03-05 18:19:09,893 - INFO -   n_input_bins=60, n_output_bins=60
2026-03-05 18:19:09,893 - INFO -   output_offset=0, total_bins_input=60, total_bins_output=60
2026-03-05 18:19:09,893 - INFO -   Valid start positions per trial: 0 to 0
2026-03-05 18:19:09,893 - INFO -   Total samples: 1000 (1000 trials × 1 positions)
2026-03-05 18:19:09,893 - INFO - Samples — train: 3400, val: 600, test: 1000
2026-03-05 18:19:09,893 - INFO - Input channels: 105, Neurons: 63
2026-03-05 18:19:09,900 - INFO - Using CPU
2026-03-05 18:19:09,904 - INFO - Model: CNN — 90,687 trainable params (90,687 total)
2026-03-05 18:19:13,210 - INFO - Starting training …
2026-03-05 18:19:18,911 - INFO - Epoch   1/50 | Train: 0.453120 | Val: 0.199351 | Corr: 0.059585 | LR: 1.00e-04
2026-03-05 18:19:18,920 - INFO -   ↳ Saved best model (val_corr=0.059585)
2026-03-05 18:19:23,454 - INFO - Epoch   2/50 | Train: 0.188484 | Val: 0.183532 | Corr: 0.090003 | LR: 1.00e-04
2026-03-05 18:19:23,462 - INFO -   ↳ Saved best model (val_corr=0.090003)
2026-03-05 18:19:28,054 - INFO - Epoch   3/50 | Train: 0.184435 | Val: 0.180414 | Corr: 0.108308 | LR: 1.00e-04
2026-03-05 18:19:28,062 - INFO -   ↳ Saved best model (val_corr=0.108308)
2026-03-05 18:19:32,538 - INFO - Epoch   4/50 | Train: 0.182657 | Val: 0.178996 | Corr: 0.119404 | LR: 1.00e-04
2026-03-05 18:19:32,547 - INFO -   ↳ Saved best model (val_corr=0.119404)
2026-03-05 18:19:36,980 - INFO - Epoch   5/50 | Train: 0.181290 | Val: 0.177975 | Corr: 0.127330 | LR: 1.00e-04
2026-03-05 18:19:37,001 - INFO -   ↳ Saved best model (val_corr=0.127330)
2026-03-05 18:19:41,600 - INFO - Epoch   6/50 | Train: 0.179970 | Val: 0.177061 | Corr: 0.134073 | LR: 1.00e-04
2026-03-05 18:19:41,640 - INFO -   ↳ Saved best model (val_corr=0.134073)
2026-03-05 18:19:46,234 - INFO - Epoch   7/50 | Train: 0.178960 | Val: 0.175944 | Corr: 0.139975 | LR: 1.00e-04
2026-03-05 18:19:46,247 - INFO -   ↳ Saved best model (val_corr=0.139975)
2026-03-05 18:19:50,661 - INFO - Epoch   8/50 | Train: 0.177932 | Val: 0.174917 | Corr: 0.143945 | LR: 1.00e-04
2026-03-05 18:19:50,682 - INFO -   ↳ Saved best model (val_corr=0.143945)
2026-03-05 18:19:55,167 - INFO - Epoch   9/50 | Train: 0.177081 | Val: 0.174205 | Corr: 0.149069 | LR: 1.00e-04
2026-03-05 18:19:55,176 - INFO -   ↳ Saved best model (val_corr=0.149069)
2026-03-05 18:19:59,766 - INFO - Epoch  10/50 | Train: 0.176397 | Val: 0.173857 | Corr: 0.152703 | LR: 1.00e-04
2026-03-05 18:19:59,774 - INFO -   ↳ Saved best model (val_corr=0.152703)
2026-03-05 18:20:04,303 - INFO - Epoch  11/50 | Train: 0.175818 | Val: 0.173347 | Corr: 0.156052 | LR: 1.00e-04
2026-03-05 18:20:04,313 - INFO -   ↳ Saved best model (val_corr=0.156052)
2026-03-05 18:20:08,717 - INFO - Epoch  12/50 | Train: 0.175233 | Val: 0.172595 | Corr: 0.159221 | LR: 1.00e-04
2026-03-05 18:20:08,730 - INFO -   ↳ Saved best model (val_corr=0.159221)
2026-03-05 18:20:13,342 - INFO - Epoch  13/50 | Train: 0.174696 | Val: 0.172395 | Corr: 0.161232 | LR: 1.00e-04
2026-03-05 18:20:13,351 - INFO -   ↳ Saved best model (val_corr=0.161232)
2026-03-05 18:20:18,025 - INFO - Epoch  14/50 | Train: 0.174256 | Val: 0.171717 | Corr: 0.164301 | LR: 1.00e-04
2026-03-05 18:20:18,033 - INFO -   ↳ Saved best model (val_corr=0.164301)
2026-03-05 18:20:22,618 - INFO - Epoch  15/50 | Train: 0.173905 | Val: 0.171565 | Corr: 0.166298 | LR: 1.00e-04
2026-03-05 18:20:22,629 - INFO -   ↳ Saved best model (val_corr=0.166298)
2026-03-05 18:20:27,089 - INFO - Epoch  16/50 | Train: 0.173316 | Val: 0.171200 | Corr: 0.167739 | LR: 1.00e-04
2026-03-05 18:20:27,098 - INFO -   ↳ Saved best model (val_corr=0.167739)
2026-03-05 18:20:31,669 - INFO - Epoch  17/50 | Train: 0.173033 | Val: 0.170976 | Corr: 0.170213 | LR: 1.00e-04
2026-03-05 18:20:31,677 - INFO -   ↳ Saved best model (val_corr=0.170213)
2026-03-05 18:20:36,323 - INFO - Epoch  18/50 | Train: 0.172659 | Val: 0.171081 | Corr: 0.170069 | LR: 1.00e-04
2026-03-05 18:20:40,894 - INFO - Epoch  19/50 | Train: 0.172416 | Val: 0.170444 | Corr: 0.173922 | LR: 1.00e-04
2026-03-05 18:20:40,910 - INFO -   ↳ Saved best model (val_corr=0.173922)
2026-03-05 18:20:45,393 - INFO - Epoch  20/50 | Train: 0.172038 | Val: 0.170115 | Corr: 0.175006 | LR: 1.00e-04
2026-03-05 18:20:45,401 - INFO -   ↳ Saved best model (val_corr=0.175006)
2026-03-05 18:20:50,007 - INFO - Epoch  21/50 | Train: 0.171774 | Val: 0.169968 | Corr: 0.176563 | LR: 1.00e-04
2026-03-05 18:20:50,015 - INFO -   ↳ Saved best model (val_corr=0.176563)
2026-03-05 18:20:54,599 - INFO - Epoch  22/50 | Train: 0.171541 | Val: 0.169765 | Corr: 0.178481 | LR: 1.00e-04
2026-03-05 18:20:54,614 - INFO -   ↳ Saved best model (val_corr=0.178481)
2026-03-05 18:20:59,099 - INFO - Epoch  23/50 | Train: 0.171220 | Val: 0.169585 | Corr: 0.180075 | LR: 1.00e-04
2026-03-05 18:20:59,107 - INFO -   ↳ Saved best model (val_corr=0.180075)
2026-03-05 18:21:03,524 - INFO - Epoch  24/50 | Train: 0.171063 | Val: 0.169173 | Corr: 0.181314 | LR: 1.00e-04
2026-03-05 18:21:03,533 - INFO -   ↳ Saved best model (val_corr=0.181314)
2026-03-05 18:21:08,091 - INFO - Epoch  25/50 | Train: 0.170782 | Val: 0.168856 | Corr: 0.182961 | LR: 1.00e-04
2026-03-05 18:21:08,100 - INFO -   ↳ Saved best model (val_corr=0.182961)
2026-03-05 18:21:12,702 - INFO - Epoch  26/50 | Train: 0.170601 | Val: 0.168991 | Corr: 0.184607 | LR: 1.00e-04
2026-03-05 18:21:12,710 - INFO -   ↳ Saved best model (val_corr=0.184607)
2026-03-05 18:21:17,167 - INFO - Epoch  27/50 | Train: 0.170343 | Val: 0.168953 | Corr: 0.185165 | LR: 1.00e-04
2026-03-05 18:21:17,176 - INFO -   ↳ Saved best model (val_corr=0.185165)
2026-03-05 18:21:21,699 - INFO - Epoch  28/50 | Train: 0.170175 | Val: 0.168707 | Corr: 0.186779 | LR: 1.00e-04
2026-03-05 18:21:21,717 - INFO -   ↳ Saved best model (val_corr=0.186779)
2026-03-05 18:21:26,310 - INFO - Epoch  29/50 | Train: 0.169941 | Val: 0.168385 | Corr: 0.187766 | LR: 1.00e-04
2026-03-05 18:21:26,319 - INFO -   ↳ Saved best model (val_corr=0.187766)
2026-03-05 18:21:30,882 - INFO - Epoch  30/50 | Train: 0.169762 | Val: 0.168310 | Corr: 0.188384 | LR: 1.00e-04
2026-03-05 18:21:30,893 - INFO -   ↳ Saved best model (val_corr=0.188384)
2026-03-05 18:21:35,306 - INFO - Epoch  31/50 | Train: 0.169542 | Val: 0.167892 | Corr: 0.190788 | LR: 1.00e-04
2026-03-05 18:21:35,315 - INFO -   ↳ Saved best model (val_corr=0.190788)
2026-03-05 18:21:39,848 - INFO - Epoch  32/50 | Train: 0.169421 | Val: 0.167890 | Corr: 0.191192 | LR: 1.00e-04
2026-03-05 18:21:39,856 - INFO -   ↳ Saved best model (val_corr=0.191192)
2026-03-05 18:21:44,470 - INFO - Epoch  33/50 | Train: 0.169297 | Val: 0.168065 | Corr: 0.191920 | LR: 1.00e-04
2026-03-05 18:21:44,495 - INFO -   ↳ Saved best model (val_corr=0.191920)
2026-03-05 18:21:49,038 - INFO - Epoch  34/50 | Train: 0.169160 | Val: 0.167378 | Corr: 0.193477 | LR: 1.00e-04
2026-03-05 18:21:49,047 - INFO -   ↳ Saved best model (val_corr=0.193477)
2026-03-05 18:21:53,483 - INFO - Epoch  35/50 | Train: 0.168947 | Val: 0.167364 | Corr: 0.194102 | LR: 1.00e-04
2026-03-05 18:21:53,492 - INFO -   ↳ Saved best model (val_corr=0.194102)
2026-03-05 18:21:58,060 - INFO - Epoch  36/50 | Train: 0.168810 | Val: 0.167441 | Corr: 0.195675 | LR: 1.00e-04
2026-03-05 18:21:58,068 - INFO -   ↳ Saved best model (val_corr=0.195675)
2026-03-05 18:22:02,707 - INFO - Epoch  37/50 | Train: 0.168669 | Val: 0.167116 | Corr: 0.196323 | LR: 1.00e-04
2026-03-05 18:22:02,717 - INFO -   ↳ Saved best model (val_corr=0.196323)
2026-03-05 18:22:07,199 - INFO - Epoch  38/50 | Train: 0.168485 | Val: 0.166942 | Corr: 0.197406 | LR: 1.00e-04
2026-03-05 18:22:07,206 - INFO -   ↳ Saved best model (val_corr=0.197406)
2026-03-05 18:22:11,664 - INFO - Epoch  39/50 | Train: 0.168324 | Val: 0.167152 | Corr: 0.197427 | LR: 1.00e-04
2026-03-05 18:22:11,677 - INFO -   ↳ Saved best model (val_corr=0.197427)
2026-03-05 18:22:16,300 - INFO - Epoch  40/50 | Train: 0.168309 | Val: 0.166554 | Corr: 0.199349 | LR: 1.00e-04
2026-03-05 18:22:16,307 - INFO -   ↳ Saved best model (val_corr=0.199349)
2026-03-05 18:22:20,944 - INFO - Epoch  41/50 | Train: 0.168148 | Val: 0.166840 | Corr: 0.200339 | LR: 1.00e-04
2026-03-05 18:22:20,959 - INFO -   ↳ Saved best model (val_corr=0.200339)
2026-03-05 18:22:25,472 - INFO - Epoch  42/50 | Train: 0.167920 | Val: 0.166766 | Corr: 0.201013 | LR: 1.00e-04
2026-03-05 18:22:25,485 - INFO -   ↳ Saved best model (val_corr=0.201013)
2026-03-05 18:22:29,967 - INFO - Epoch  43/50 | Train: 0.167823 | Val: 0.166582 | Corr: 0.202335 | LR: 1.00e-04
2026-03-05 18:22:29,976 - INFO -   ↳ Saved best model (val_corr=0.202335)
2026-03-05 18:22:34,613 - INFO - Epoch  44/50 | Train: 0.167728 | Val: 0.166169 | Corr: 0.203032 | LR: 1.00e-04
2026-03-05 18:22:34,621 - INFO -   ↳ Saved best model (val_corr=0.203032)
2026-03-05 18:22:39,236 - INFO - Epoch  45/50 | Train: 0.167612 | Val: 0.166240 | Corr: 0.203855 | LR: 1.00e-04
2026-03-05 18:22:39,245 - INFO -   ↳ Saved best model (val_corr=0.203855)
2026-03-05 18:22:43,692 - INFO - Epoch  46/50 | Train: 0.167490 | Val: 0.165920 | Corr: 0.205276 | LR: 1.00e-04
2026-03-05 18:22:43,701 - INFO -   ↳ Saved best model (val_corr=0.205276)
2026-03-05 18:22:48,180 - INFO - Epoch  47/50 | Train: 0.167321 | Val: 0.165870 | Corr: 0.206065 | LR: 1.00e-04
2026-03-05 18:22:48,188 - INFO -   ↳ Saved best model (val_corr=0.206065)
2026-03-05 18:22:52,777 - INFO - Epoch  48/50 | Train: 0.167268 | Val: 0.165789 | Corr: 0.206634 | LR: 1.00e-04
2026-03-05 18:22:52,786 - INFO -   ↳ Saved best model (val_corr=0.206634)
2026-03-05 18:22:57,385 - INFO - Epoch  49/50 | Train: 0.167135 | Val: 0.165569 | Corr: 0.207658 | LR: 1.00e-04
2026-03-05 18:22:57,395 - INFO -   ↳ Saved best model (val_corr=0.207658)
2026-03-05 18:23:01,834 - INFO - Epoch  50/50 | Train: 0.167078 | Val: 0.165544 | Corr: 0.208266 | LR: 1.00e-04
2026-03-05 18:23:01,845 - INFO -   ↳ Saved best model (val_corr=0.208266)
2026-03-05 18:23:01,845 - INFO - Training complete — best val corr: 0.208266
2026-03-05 18:23:03,414 - INFO - Test loss: 0.156480, Test corr: 0.203286
2026-03-05 18:23:03,772 - INFO - Fraction of variance explained (FVE): 0.049756
2026-03-05 18:23:03,772 - INFO - Computing autoregressive (AR) test predictions …
2026-03-05 18:23:04,266 - INFO - AR FVE: -0.011425, AR test corr: 0.054558
2026-03-05 18:23:04,266 - INFO - Generating figures …
2026-03-05 18:23:04,759 - INFO - Correlation between predicted and actual per-neuron averages: r=0.9950, p=0.00e+00
2026-03-05 18:23:06,769 - INFO - Pattern selectivity summary:
2026-03-05 18:23:06,770 - INFO -   Mean correlation across neurons: 0.6217
2026-03-05 18:23:06,770 - INFO -   Median correlation: 0.6319
2026-03-05 18:23:06,770 - INFO -   Neurons with r > 0.5: 49 / 63
2026-03-05 18:23:06,770 - INFO -   Neurons with r > 0.3: 61 / 63
2026-03-05 18:23:06,770 - INFO - Pattern selectivity — mean neuron corr: 0.6217
2026-03-05 18:23:08,459 - INFO - LOO (avg rate) — Model mean r: 0.5043, LOO mean r: 0.4546, Neurons model > LOO: 39/63
2026-03-05 18:23:10,881 - INFO - LOO (temporal) — Model mean r: 0.2105, LOO mean r: 0.3186, Neurons model > LOO: 7/63
2026-03-05 18:23:10,882 - INFO - Skipping oracle trial plots (skip_oracle_plots=True)
2026-03-05 18:23:10,887 - INFO - Experiment complete. Summary: {
  "run_dir": "/scratch/sb272/patterns5k_results/slurm_hist_cnn_2026-03-05_16-01-45/trial_0082_learning_rate=1.0e-04_history=1_kernel_sizes=3x3x3_conv_channels=32x64x128_fc_dims=256_seed1",
  "model_type": "cnn",
  "batch_avg_test_loss": 0.15648033118247986,
  "batch_avg_test_corr": 0.20328556504605286,
  "all_test_fve": 0.04975572843400259,
  "AR_FVE": -0.01142539486052498,
  "AR_test_correlation": 0.05455770716071129,
  "best_val_corr": 0.2082658740745205,
  "total_params": 90687,
  "trainable_params": 90687,
  "epochs_trained": 50,
  "mean_pattern_corr": 0.6216577798769288,
  "history": 1,
  "init_state": true,
  "loo_avg_mean_corr": 0.45456832695830385,
  "model_avg_mean_corr": 0.5042742886425724,
  "neurons_model_beats_loo_avg": 39,
  "loo_temporal_mean_corr": 0.31855225563049316,
  "all_test_corr": 0.2104501873254776,
  "neurons_model_beats_loo_temporal": 7,
  "kernel_sizes": [
    3,
    3,
    3
  ],
  "conv_channels": [
    32,
    64,
    128
  ],
  "fc_dims": [
    256
  ]
}
