2026-02-25 00:03:20,338 - INFO - ============================================================
2026-02-25 00:03:20,338 - INFO - Experiment run directory: results/multilayer_cnn_nohist_sweep_v2_2026-02-24_22-05-22/trial_0050_history=4_kernel_sizes=30_conv_channels=256_fc_dims=256
2026-02-25 00:03:20,338 - INFO - ============================================================
2026-02-25 00:03:20,338 - INFO - Using preloaded raw data (skipping I/O)
2026-02-25 00:03:20,338 - INFO - Stimulation channels: 42, Spiking neurons: 63
2026-02-25 00:03:20,338 - INFO - Unique patterns: 4050, Total trials: 5000
2026-02-25 00:03:20,349 - INFO - Split (oracle): train=3400, val=600, test=1000
2026-02-25 00:03:35,103 - INFO - BinnedStimSpikeDataset initialized:
2026-02-25 00:03:35,105 - INFO -   input_bin_size_ms=10, output_bin_size_ms=10
2026-02-25 00:03:35,105 - INFO -   n_input_bins=60, n_output_bins=60
2026-02-25 00:03:35,105 - INFO -   output_offset=0, total_bins_input=60, total_bins_output=60
2026-02-25 00:03:35,105 - INFO -   Valid start positions per trial: 0 to 0
2026-02-25 00:03:35,105 - INFO -   Total samples: 3400 (3400 trials × 1 positions)
2026-02-25 00:03:48,540 - INFO - BinnedStimSpikeDataset initialized:
2026-02-25 00:03:48,541 - INFO -   input_bin_size_ms=10, output_bin_size_ms=10
2026-02-25 00:03:48,541 - INFO -   n_input_bins=60, n_output_bins=60
2026-02-25 00:03:48,541 - INFO -   output_offset=0, total_bins_input=60, total_bins_output=60
2026-02-25 00:03:48,541 - INFO -   Valid start positions per trial: 0 to 0
2026-02-25 00:03:48,541 - INFO -   Total samples: 600 (600 trials × 1 positions)
2026-02-25 00:04:02,154 - INFO - BinnedStimSpikeDataset initialized:
2026-02-25 00:04:02,155 - INFO -   input_bin_size_ms=10, output_bin_size_ms=10
2026-02-25 00:04:02,155 - INFO -   n_input_bins=60, n_output_bins=60
2026-02-25 00:04:02,155 - INFO -   output_offset=0, total_bins_input=60, total_bins_output=60
2026-02-25 00:04:02,155 - INFO -   Valid start positions per trial: 0 to 0
2026-02-25 00:04:02,155 - INFO -   Total samples: 1000 (1000 trials × 1 positions)
2026-02-25 00:04:02,156 - INFO - Samples — train: 3400, val: 600, test: 1000
2026-02-25 00:04:02,156 - INFO - Input channels: 105, Neurons: 63
2026-02-25 00:04:02,156 - INFO - Using Apple Silicon MPS acceleration
2026-02-25 00:04:02,178 - INFO - Model: CNN — 889,151 trainable params (889,151 total)
2026-02-25 00:04:02,179 - INFO - Starting training …
2026-02-25 00:04:06,465 - INFO - Epoch   1/50 | Train: 0.228373 | Val: 0.196027 | Corr: 0.118322 | LR: 1.00e-03
2026-02-25 00:04:06,483 - INFO -   ↳ Saved best model (val_corr=0.118322)
2026-02-25 00:04:10,245 - INFO - Epoch   2/50 | Train: 0.193393 | Val: 0.191901 | Corr: 0.147036 | LR: 1.00e-03
2026-02-25 00:04:10,266 - INFO -   ↳ Saved best model (val_corr=0.147036)
2026-02-25 00:04:13,634 - INFO - Epoch   3/50 | Train: 0.188522 | Val: 0.189942 | Corr: 0.163393 | LR: 1.00e-03
2026-02-25 00:04:13,678 - INFO -   ↳ Saved best model (val_corr=0.163393)
2026-02-25 00:04:17,742 - INFO - Epoch   4/50 | Train: 0.184524 | Val: 0.187538 | Corr: 0.178186 | LR: 1.00e-03
2026-02-25 00:04:17,770 - INFO -   ↳ Saved best model (val_corr=0.178186)
2026-02-25 00:04:21,549 - INFO - Epoch   5/50 | Train: 0.181370 | Val: 0.185386 | Corr: 0.188277 | LR: 1.00e-03
2026-02-25 00:04:21,571 - INFO -   ↳ Saved best model (val_corr=0.188277)
2026-02-25 00:04:25,305 - INFO - Epoch   6/50 | Train: 0.178734 | Val: 0.184372 | Corr: 0.194576 | LR: 1.00e-03
2026-02-25 00:04:25,323 - INFO -   ↳ Saved best model (val_corr=0.194576)
2026-02-25 00:04:29,171 - INFO - Epoch   7/50 | Train: 0.176462 | Val: 0.183721 | Corr: 0.198418 | LR: 1.00e-03
2026-02-25 00:04:29,197 - INFO -   ↳ Saved best model (val_corr=0.198418)
2026-02-25 00:04:33,240 - INFO - Epoch   8/50 | Train: 0.174597 | Val: 0.183492 | Corr: 0.202389 | LR: 1.00e-03
2026-02-25 00:04:33,262 - INFO -   ↳ Saved best model (val_corr=0.202389)
2026-02-25 00:04:37,220 - INFO - Epoch   9/50 | Train: 0.172778 | Val: 0.183098 | Corr: 0.205456 | LR: 1.00e-03
2026-02-25 00:04:37,260 - INFO -   ↳ Saved best model (val_corr=0.205456)
2026-02-25 00:04:41,025 - INFO - Epoch  10/50 | Train: 0.171266 | Val: 0.182626 | Corr: 0.206947 | LR: 1.00e-03
2026-02-25 00:04:41,044 - INFO -   ↳ Saved best model (val_corr=0.206947)
2026-02-25 00:04:44,526 - INFO - Epoch  11/50 | Train: 0.169672 | Val: 0.183079 | Corr: 0.207981 | LR: 1.00e-03
2026-02-25 00:04:44,544 - INFO -   ↳ Saved best model (val_corr=0.207981)
2026-02-25 00:04:48,100 - INFO - Epoch  12/50 | Train: 0.168386 | Val: 0.182839 | Corr: 0.209401 | LR: 1.00e-03
2026-02-25 00:04:48,115 - INFO -   ↳ Saved best model (val_corr=0.209401)
2026-02-25 00:04:52,026 - INFO - Epoch  13/50 | Train: 0.167124 | Val: 0.183685 | Corr: 0.209510 | LR: 1.00e-03
2026-02-25 00:04:52,041 - INFO -   ↳ Saved best model (val_corr=0.209510)
2026-02-25 00:04:55,493 - INFO - Epoch  14/50 | Train: 0.165897 | Val: 0.183405 | Corr: 0.209550 | LR: 1.00e-03
2026-02-25 00:04:55,510 - INFO -   ↳ Saved best model (val_corr=0.209550)
2026-02-25 00:04:59,429 - INFO - Epoch  15/50 | Train: 0.164840 | Val: 0.183330 | Corr: 0.209933 | LR: 1.00e-03
2026-02-25 00:04:59,448 - INFO -   ↳ Saved best model (val_corr=0.209933)
2026-02-25 00:05:03,044 - INFO - Epoch  16/50 | Train: 0.163741 | Val: 0.183910 | Corr: 0.210368 | LR: 5.00e-04
2026-02-25 00:05:03,088 - INFO -   ↳ Saved best model (val_corr=0.210368)
2026-02-25 00:05:06,922 - INFO - Epoch  17/50 | Train: 0.161030 | Val: 0.184131 | Corr: 0.211031 | LR: 5.00e-04
2026-02-25 00:05:06,949 - INFO -   ↳ Saved best model (val_corr=0.211031)
2026-02-25 00:05:10,692 - INFO - Epoch  18/50 | Train: 0.159877 | Val: 0.184974 | Corr: 0.210054 | LR: 5.00e-04
2026-02-25 00:05:14,319 - INFO - Epoch  19/50 | Train: 0.159293 | Val: 0.185215 | Corr: 0.209331 | LR: 5.00e-04
2026-02-25 00:05:18,059 - INFO - Epoch  20/50 | Train: 0.158670 | Val: 0.185722 | Corr: 0.208332 | LR: 5.00e-04
2026-02-25 00:05:21,910 - INFO - Epoch  21/50 | Train: 0.158243 | Val: 0.185642 | Corr: 0.208500 | LR: 5.00e-04
2026-02-25 00:05:25,299 - INFO - Epoch  22/50 | Train: 0.157642 | Val: 0.186595 | Corr: 0.207252 | LR: 2.50e-04
2026-02-25 00:05:29,167 - INFO - Epoch  23/50 | Train: 0.156331 | Val: 0.186387 | Corr: 0.206822 | LR: 2.50e-04
2026-02-25 00:05:33,111 - INFO - Epoch  24/50 | Train: 0.155724 | Val: 0.186532 | Corr: 0.206566 | LR: 2.50e-04
2026-02-25 00:05:36,792 - INFO - Epoch  25/50 | Train: 0.155379 | Val: 0.187113 | Corr: 0.206110 | LR: 2.50e-04
2026-02-25 00:05:40,308 - INFO - Epoch  26/50 | Train: 0.155194 | Val: 0.187485 | Corr: 0.205472 | LR: 2.50e-04
2026-02-25 00:05:44,014 - INFO - Epoch  27/50 | Train: 0.154871 | Val: 0.187472 | Corr: 0.205176 | LR: 2.50e-04
2026-02-25 00:05:44,014 - INFO - Early stopping at epoch 27
2026-02-25 00:05:44,014 - INFO - Training complete — best val corr: 0.211031
2026-02-25 00:05:44,591 - INFO - Test loss: 0.174702, Test corr: 0.202190
2026-02-25 00:05:44,833 - INFO - Fraction of variance explained (FVE): 0.045039
2026-02-25 00:05:44,833 - INFO - Computing autoregressive (AR) test predictions …
2026-02-25 00:05:45,151 - INFO - AR FVE: 0.026115, AR test corr: 0.173686
2026-02-25 00:05:45,151 - INFO - Generating figures …
2026-02-25 00:05:45,438 - INFO - Correlation between predicted and actual per-neuron averages: r=0.9830, p=1.37e-46
2026-02-25 00:05:46,250 - INFO - Pattern selectivity summary:
2026-02-25 00:05:46,250 - INFO -   Mean correlation across neurons: 0.5529
2026-02-25 00:05:46,250 - INFO -   Median correlation: 0.5732
2026-02-25 00:05:46,250 - INFO -   Neurons with r > 0.5: 40 / 63
2026-02-25 00:05:46,250 - INFO -   Neurons with r > 0.3: 55 / 63
2026-02-25 00:05:46,250 - INFO - Pattern selectivity — mean neuron corr: 0.5529
2026-02-25 00:05:46,724 - INFO - LOO (avg rate) — Model mean r: 0.4508, LOO mean r: 0.4728, Neurons model > LOO: 23/63
2026-02-25 00:05:47,582 - INFO - LOO (temporal) — Model mean r: 0.2126, LOO mean r: 0.3815, Neurons model > LOO: 2/63
2026-02-25 00:05:47,583 - INFO - Skipping oracle trial plots (skip_oracle_plots=True)
2026-02-25 00:05:47,583 - INFO - Experiment complete. Summary: {
  "run_dir": "results/multilayer_cnn_nohist_sweep_v2_2026-02-24_22-05-22/trial_0050_history=4_kernel_sizes=30_conv_channels=256_fc_dims=256",
  "model_type": "cnn",
  "batch_avg_test_loss": 0.17470195269584657,
  "batch_avg_test_corr": 0.20218975474752246,
  "all_test_fve": 0.045038775792197575,
  "AR_FVE": 0.0261145413868011,
  "AR_test_correlation": 0.17368631064891815,
  "best_val_corr": 0.2110308429377747,
  "total_params": 889151,
  "trainable_params": 889151,
  "epochs_trained": 27,
  "mean_pattern_corr": 0.5529466357716615,
  "history": 4,
  "init_state": true,
  "loo_avg_mean_corr": 0.47275709111471625,
  "model_avg_mean_corr": 0.4508112199289493,
  "neurons_model_beats_loo_avg": 23,
  "loo_temporal_mean_corr": 0.3815135061740875,
  "all_test_corr": 0.21262866258621216,
  "neurons_model_beats_loo_temporal": 2,
  "kernel_sizes": [
    30
  ],
  "conv_channels": [
    256
  ],
  "fc_dims": [
    256
  ]
}
2026-02-25 00:05:47,600 - INFO - 
======================================================================
2026-02-25 00:05:47,600 - INFO - [52/864] trial_0051_history=4_kernel_sizes=30_conv_channels=256_fc_dims=256
2026-02-25 00:05:47,600 - INFO -   Overrides: {"_arch": {"kernel_sizes": [30], "conv_channels": [256], "fc_dims": [256]}, "history": 4, "weight_decay": 0.001}
2026-02-25 00:05:47,600 - INFO -   Output: results/multilayer_cnn_nohist_sweep_v2_2026-02-24_22-05-22/trial_0051_history=4_kernel_sizes=30_conv_channels=256_fc_dims=256
