2026-03-04 17:52:25,141 - INFO - ============================================================
2026-03-04 17:52:25,141 - INFO - Experiment run directory: /scratch/sb272/patterns5k_results/slurm_base_cnn_2026-03-04_16-53-19/trial_0161_learning_rate=1.0e-03_kernel_sizes=3x3x3_conv_channels=128x128x128_fc_dims=256_seed1
2026-03-04 17:52:25,141 - INFO - ============================================================
2026-03-04 17:52:25,141 - INFO - Loading data …
2026-03-04 17:52:25,974 - INFO - 63 unique neurons after dropping problematic neurons
2026-03-04 17:52:27,097 - INFO - Stimulation channels: 42, Spiking neurons: 63
2026-03-04 17:54:21,052 - INFO - Unique patterns: 4050, Total trials: 5000
2026-03-04 17:54:21,054 - INFO - Stimulation channels: 42, Spiking neurons: 63
2026-03-04 17:54:21,054 - INFO - Unique patterns: 4050, Total trials: 5000
2026-03-04 17:54:21,070 - INFO - Split (oracle): train=3400, val=600, test=1000
2026-03-04 17:54:44,413 - INFO - BinnedStimSpikeDataset initialized:
2026-03-04 17:54:44,413 - INFO -   input_bin_size_ms=10, output_bin_size_ms=10
2026-03-04 17:54:44,413 - INFO -   n_input_bins=60, n_output_bins=60
2026-03-04 17:54:44,413 - INFO -   output_offset=0, total_bins_input=60, total_bins_output=60
2026-03-04 17:54:44,413 - INFO -   Valid start positions per trial: 0 to 0
2026-03-04 17:54:44,413 - INFO -   Total samples: 3400 (3400 trials × 1 positions)
2026-03-04 17:55:07,113 - INFO - BinnedStimSpikeDataset initialized:
2026-03-04 17:55:07,113 - INFO -   input_bin_size_ms=10, output_bin_size_ms=10
2026-03-04 17:55:07,113 - INFO -   n_input_bins=60, n_output_bins=60
2026-03-04 17:55:07,113 - INFO -   output_offset=0, total_bins_input=60, total_bins_output=60
2026-03-04 17:55:07,113 - INFO -   Valid start positions per trial: 0 to 0
2026-03-04 17:55:07,113 - INFO -   Total samples: 600 (600 trials × 1 positions)
2026-03-04 17:55:29,876 - INFO - BinnedStimSpikeDataset initialized:
2026-03-04 17:55:29,876 - INFO -   input_bin_size_ms=10, output_bin_size_ms=10
2026-03-04 17:55:29,876 - INFO -   n_input_bins=60, n_output_bins=60
2026-03-04 17:55:29,876 - INFO -   output_offset=0, total_bins_input=60, total_bins_output=60
2026-03-04 17:55:29,876 - INFO -   Valid start positions per trial: 0 to 0
2026-03-04 17:55:29,877 - INFO -   Total samples: 1000 (1000 trials × 1 positions)
2026-03-04 17:55:29,877 - INFO - Samples — train: 3400, val: 600, test: 1000
2026-03-04 17:55:29,877 - INFO - Input channels: 42, Neurons: 63
2026-03-04 17:55:29,895 - INFO - Using CPU
2026-03-04 17:55:29,900 - INFO - Model: CNN — 164,799 trainable params (164,799 total)
2026-03-04 17:55:33,254 - INFO - Starting training …
2026-03-04 17:55:38,981 - INFO - Epoch   1/50 | Train: 0.215128 | Val: 0.181768 | Corr: 0.083996 | LR: 1.00e-03
2026-03-04 17:55:38,995 - INFO -   ↳ Saved best model (val_corr=0.083996)
2026-03-04 17:55:43,822 - INFO - Epoch   2/50 | Train: 0.182984 | Val: 0.182168 | Corr: 0.083380 | LR: 1.00e-03
2026-03-04 17:55:48,430 - INFO - Epoch   3/50 | Train: 0.181908 | Val: 0.180708 | Corr: 0.100800 | LR: 1.00e-03
2026-03-04 17:55:48,441 - INFO -   ↳ Saved best model (val_corr=0.100800)
2026-03-04 17:55:53,003 - INFO - Epoch   4/50 | Train: 0.181033 | Val: 0.179776 | Corr: 0.106625 | LR: 1.00e-03
2026-03-04 17:55:53,014 - INFO -   ↳ Saved best model (val_corr=0.106625)
2026-03-04 17:55:57,677 - INFO - Epoch   5/50 | Train: 0.180212 | Val: 0.179898 | Corr: 0.109251 | LR: 1.00e-03
2026-03-04 17:55:57,687 - INFO -   ↳ Saved best model (val_corr=0.109251)
2026-03-04 17:56:02,377 - INFO - Epoch   6/50 | Train: 0.179495 | Val: 0.178864 | Corr: 0.117332 | LR: 1.00e-03
2026-03-04 17:56:02,388 - INFO -   ↳ Saved best model (val_corr=0.117332)
2026-03-04 17:56:07,040 - INFO - Epoch   7/50 | Train: 0.178797 | Val: 0.178795 | Corr: 0.120051 | LR: 1.00e-03
2026-03-04 17:56:07,053 - INFO -   ↳ Saved best model (val_corr=0.120051)
2026-03-04 17:56:11,753 - INFO - Epoch   8/50 | Train: 0.178628 | Val: 0.178439 | Corr: 0.123049 | LR: 1.00e-03
2026-03-04 17:56:11,767 - INFO -   ↳ Saved best model (val_corr=0.123049)
2026-03-04 17:56:16,412 - INFO - Epoch   9/50 | Train: 0.177843 | Val: 0.179166 | Corr: 0.127025 | LR: 1.00e-03
2026-03-04 17:56:16,424 - INFO -   ↳ Saved best model (val_corr=0.127025)
2026-03-04 17:56:21,203 - INFO - Epoch  10/50 | Train: 0.177578 | Val: 0.178010 | Corr: 0.127600 | LR: 1.00e-03
2026-03-04 17:56:21,216 - INFO -   ↳ Saved best model (val_corr=0.127600)
2026-03-04 17:56:25,827 - INFO - Epoch  11/50 | Train: 0.177186 | Val: 0.177686 | Corr: 0.131313 | LR: 1.00e-03
2026-03-04 17:56:25,841 - INFO -   ↳ Saved best model (val_corr=0.131313)
2026-03-04 17:56:30,661 - INFO - Epoch  12/50 | Train: 0.176913 | Val: 0.177377 | Corr: 0.132387 | LR: 1.00e-03
2026-03-04 17:56:30,674 - INFO -   ↳ Saved best model (val_corr=0.132387)
2026-03-04 17:56:35,533 - INFO - Epoch  13/50 | Train: 0.176558 | Val: 0.177677 | Corr: 0.131967 | LR: 1.00e-03
2026-03-04 17:56:40,385 - INFO - Epoch  14/50 | Train: 0.176351 | Val: 0.177008 | Corr: 0.135590 | LR: 1.00e-03
2026-03-04 17:56:40,397 - INFO -   ↳ Saved best model (val_corr=0.135590)
2026-03-04 17:56:45,028 - INFO - Epoch  15/50 | Train: 0.176053 | Val: 0.176929 | Corr: 0.136560 | LR: 1.00e-03
2026-03-04 17:56:45,043 - INFO -   ↳ Saved best model (val_corr=0.136560)
2026-03-04 17:56:49,884 - INFO - Epoch  16/50 | Train: 0.175840 | Val: 0.177318 | Corr: 0.137060 | LR: 1.00e-03
2026-03-04 17:56:49,898 - INFO -   ↳ Saved best model (val_corr=0.137060)
2026-03-04 17:56:55,004 - INFO - Epoch  17/50 | Train: 0.175707 | Val: 0.177201 | Corr: 0.135672 | LR: 1.00e-03
2026-03-04 17:56:59,768 - INFO - Epoch  18/50 | Train: 0.175460 | Val: 0.177085 | Corr: 0.137185 | LR: 1.00e-03
2026-03-04 17:56:59,780 - INFO -   ↳ Saved best model (val_corr=0.137185)
2026-03-04 17:57:04,636 - INFO - Epoch  19/50 | Train: 0.175293 | Val: 0.176846 | Corr: 0.138585 | LR: 1.00e-03
2026-03-04 17:57:04,649 - INFO -   ↳ Saved best model (val_corr=0.138585)
2026-03-04 17:57:09,504 - INFO - Epoch  20/50 | Train: 0.175127 | Val: 0.177334 | Corr: 0.136909 | LR: 1.00e-03
2026-03-04 17:57:14,492 - INFO - Epoch  21/50 | Train: 0.174905 | Val: 0.177398 | Corr: 0.137598 | LR: 1.00e-03
2026-03-04 17:57:19,294 - INFO - Epoch  22/50 | Train: 0.174905 | Val: 0.177328 | Corr: 0.138824 | LR: 1.00e-03
2026-03-04 17:57:19,305 - INFO -   ↳ Saved best model (val_corr=0.138824)
2026-03-04 17:57:24,207 - INFO - Epoch  23/50 | Train: 0.174720 | Val: 0.176865 | Corr: 0.138911 | LR: 1.00e-03
2026-03-04 17:57:24,219 - INFO -   ↳ Saved best model (val_corr=0.138911)
2026-03-04 17:57:29,125 - INFO - Epoch  24/50 | Train: 0.174468 | Val: 0.177202 | Corr: 0.137071 | LR: 1.00e-03
2026-03-04 17:57:34,182 - INFO - Epoch  25/50 | Train: 0.174321 | Val: 0.176989 | Corr: 0.139370 | LR: 5.00e-04
2026-03-04 17:57:34,193 - INFO -   ↳ Saved best model (val_corr=0.139370)
2026-03-04 17:57:39,235 - INFO - Epoch  26/50 | Train: 0.173630 | Val: 0.177640 | Corr: 0.135692 | LR: 5.00e-04
2026-03-04 17:57:43,761 - INFO - Epoch  27/50 | Train: 0.173516 | Val: 0.177128 | Corr: 0.138406 | LR: 5.00e-04
2026-03-04 17:57:48,251 - INFO - Epoch  28/50 | Train: 0.173390 | Val: 0.177444 | Corr: 0.136506 | LR: 5.00e-04
2026-03-04 17:57:52,767 - INFO - Epoch  29/50 | Train: 0.173319 | Val: 0.177204 | Corr: 0.139338 | LR: 5.00e-04
2026-03-04 17:57:57,318 - INFO - Epoch  30/50 | Train: 0.173226 | Val: 0.177160 | Corr: 0.138138 | LR: 5.00e-04
2026-03-04 17:58:01,854 - INFO - Epoch  31/50 | Train: 0.173096 | Val: 0.177693 | Corr: 0.136451 | LR: 2.50e-04
2026-03-04 17:58:06,225 - INFO - Epoch  32/50 | Train: 0.172716 | Val: 0.177276 | Corr: 0.137330 | LR: 2.50e-04
2026-03-04 17:58:10,671 - INFO - Epoch  33/50 | Train: 0.172699 | Val: 0.177383 | Corr: 0.136507 | LR: 2.50e-04
2026-03-04 17:58:15,120 - INFO - Epoch  34/50 | Train: 0.172617 | Val: 0.177642 | Corr: 0.137358 | LR: 2.50e-04
2026-03-04 17:58:19,764 - INFO - Epoch  35/50 | Train: 0.172568 | Val: 0.177360 | Corr: 0.136706 | LR: 2.50e-04
2026-03-04 17:58:19,765 - INFO - Early stopping at epoch 35
2026-03-04 17:58:19,765 - INFO - Training complete — best val corr: 0.139370
2026-03-04 17:58:21,036 - INFO - Test loss: 0.168694, Test corr: 0.130911
2026-03-04 17:58:21,384 - INFO - Fraction of variance explained (FVE): 0.020611
2026-03-04 17:58:21,384 - INFO - Generating figures …
2026-03-04 17:58:21,852 - INFO - Correlation between predicted and actual per-neuron averages: r=0.9867, p=0.00e+00
2026-03-04 17:58:23,698 - INFO - Pattern selectivity summary:
2026-03-04 17:58:23,698 - INFO -   Mean correlation across neurons: 0.4672
2026-03-04 17:58:23,699 - INFO -   Median correlation: 0.4836
2026-03-04 17:58:23,699 - INFO -   Neurons with r > 0.5: 30 / 63
2026-03-04 17:58:23,699 - INFO -   Neurons with r > 0.3: 53 / 63
2026-03-04 17:58:23,699 - INFO - Pattern selectivity — mean neuron corr: 0.4672
2026-03-04 17:58:25,109 - INFO - LOO (avg rate) — Model mean r: 0.2727, LOO mean r: 0.4546, Neurons model > LOO: 2/63
2026-03-04 17:58:26,993 - INFO - LOO (temporal) — Model mean r: 0.1316, LOO mean r: 0.3186, Neurons model > LOO: 0/63
2026-03-04 17:58:26,994 - INFO - Skipping oracle trial plots (skip_oracle_plots=True)
2026-03-04 17:58:27,001 - INFO - Experiment complete. Summary: {
  "run_dir": "/scratch/sb272/patterns5k_results/slurm_base_cnn_2026-03-04_16-53-19/trial_0161_learning_rate=1.0e-03_kernel_sizes=3x3x3_conv_channels=128x128x128_fc_dims=256_seed1",
  "model_type": "cnn",
  "batch_avg_test_loss": 0.16869417679309845,
  "batch_avg_test_corr": 0.13091123479715353,
  "all_test_fve": 0.020610839601547,
  "AR_FVE": NaN,
  "AR_test_correlation": NaN,
  "best_val_corr": 0.1393698002367208,
  "total_params": 164799,
  "trainable_params": 164799,
  "epochs_trained": 35,
  "mean_pattern_corr": 0.46715623862724515,
  "history": 0,
  "init_state": true,
  "loo_avg_mean_corr": 0.45456832695830385,
  "model_avg_mean_corr": 0.2727146388879232,
  "neurons_model_beats_loo_avg": 2,
  "loo_temporal_mean_corr": 0.31855225563049316,
  "all_test_corr": 0.1316135823726654,
  "neurons_model_beats_loo_temporal": 0,
  "kernel_sizes": [
    3,
    3,
    3
  ],
  "conv_channels": [
    128,
    128,
    128
  ],
  "fc_dims": [
    256
  ]
}
