2026-03-04 22:31:27,997 - INFO - ============================================================
2026-03-04 22:31:27,997 - INFO - Experiment run directory: /scratch/sb272/patterns5k_results/slurm_base_cnn_2026-03-04_16-53-19/trial_0211_learning_rate=5.0e-03_kernel_sizes=3x3_conv_channels=64x128_fc_dims=256_seed3
2026-03-04 22:31:27,997 - INFO - ============================================================
2026-03-04 22:31:27,997 - INFO - Loading data …
2026-03-04 22:31:28,952 - INFO - 63 unique neurons after dropping problematic neurons
2026-03-04 22:31:30,261 - INFO - Stimulation channels: 42, Spiking neurons: 63
2026-03-04 22:33:47,811 - INFO - Unique patterns: 4050, Total trials: 5000
2026-03-04 22:33:47,813 - INFO - Stimulation channels: 42, Spiking neurons: 63
2026-03-04 22:33:47,813 - INFO - Unique patterns: 4050, Total trials: 5000
2026-03-04 22:33:47,830 - INFO - Split (oracle): train=3400, val=600, test=1000
2026-03-04 22:34:17,052 - INFO - BinnedStimSpikeDataset initialized:
2026-03-04 22:34:17,053 - INFO -   input_bin_size_ms=10, output_bin_size_ms=10
2026-03-04 22:34:17,053 - INFO -   n_input_bins=60, n_output_bins=60
2026-03-04 22:34:17,053 - INFO -   output_offset=0, total_bins_input=60, total_bins_output=60
2026-03-04 22:34:17,053 - INFO -   Valid start positions per trial: 0 to 0
2026-03-04 22:34:17,053 - INFO -   Total samples: 3400 (3400 trials × 1 positions)
2026-03-04 22:34:44,714 - INFO - BinnedStimSpikeDataset initialized:
2026-03-04 22:34:44,715 - INFO -   input_bin_size_ms=10, output_bin_size_ms=10
2026-03-04 22:34:44,715 - INFO -   n_input_bins=60, n_output_bins=60
2026-03-04 22:34:44,715 - INFO -   output_offset=0, total_bins_input=60, total_bins_output=60
2026-03-04 22:34:44,715 - INFO -   Valid start positions per trial: 0 to 0
2026-03-04 22:34:44,715 - INFO -   Total samples: 600 (600 trials × 1 positions)
2026-03-04 22:35:12,668 - INFO - BinnedStimSpikeDataset initialized:
2026-03-04 22:35:12,669 - INFO -   input_bin_size_ms=10, output_bin_size_ms=10
2026-03-04 22:35:12,669 - INFO -   n_input_bins=60, n_output_bins=60
2026-03-04 22:35:12,669 - INFO -   output_offset=0, total_bins_input=60, total_bins_output=60
2026-03-04 22:35:12,669 - INFO -   Valid start positions per trial: 0 to 0
2026-03-04 22:35:12,669 - INFO -   Total samples: 1000 (1000 trials × 1 positions)
2026-03-04 22:35:12,669 - INFO - Samples — train: 3400, val: 600, test: 1000
2026-03-04 22:35:12,669 - INFO - Input channels: 42, Neurons: 63
2026-03-04 22:35:12,676 - INFO - Using CPU
2026-03-04 22:35:12,693 - INFO - Model: CNN — 82,431 trainable params (82,431 total)
2026-03-04 22:35:19,756 - INFO - Starting training …
2026-03-04 22:35:25,975 - INFO - Epoch   1/50 | Train: 0.199739 | Val: 0.181831 | Corr: 0.082492 | LR: 5.00e-03
2026-03-04 22:35:25,994 - INFO -   ↳ Saved best model (val_corr=0.082492)
2026-03-04 22:35:30,609 - INFO - Epoch   2/50 | Train: 0.182282 | Val: 0.182928 | Corr: 0.101078 | LR: 5.00e-03
2026-03-04 22:35:30,622 - INFO -   ↳ Saved best model (val_corr=0.101078)
2026-03-04 22:35:35,191 - INFO - Epoch   3/50 | Train: 0.180537 | Val: 0.178559 | Corr: 0.109965 | LR: 5.00e-03
2026-03-04 22:35:35,207 - INFO -   ↳ Saved best model (val_corr=0.109965)
2026-03-04 22:35:39,853 - INFO - Epoch   4/50 | Train: 0.179650 | Val: 0.177411 | Corr: 0.119035 | LR: 5.00e-03
2026-03-04 22:35:39,866 - INFO -   ↳ Saved best model (val_corr=0.119035)
2026-03-04 22:35:44,427 - INFO - Epoch   5/50 | Train: 0.179025 | Val: 0.176961 | Corr: 0.123761 | LR: 5.00e-03
2026-03-04 22:35:44,445 - INFO -   ↳ Saved best model (val_corr=0.123761)
2026-03-04 22:35:49,012 - INFO - Epoch   6/50 | Train: 0.178878 | Val: 0.176970 | Corr: 0.126057 | LR: 5.00e-03
2026-03-04 22:35:49,026 - INFO -   ↳ Saved best model (val_corr=0.126057)
2026-03-04 22:35:53,608 - INFO - Epoch   7/50 | Train: 0.178384 | Val: 0.176338 | Corr: 0.128686 | LR: 5.00e-03
2026-03-04 22:35:53,625 - INFO -   ↳ Saved best model (val_corr=0.128686)
2026-03-04 22:35:58,200 - INFO - Epoch   8/50 | Train: 0.178095 | Val: 0.176292 | Corr: 0.129564 | LR: 5.00e-03
2026-03-04 22:35:58,218 - INFO -   ↳ Saved best model (val_corr=0.129564)
2026-03-04 22:36:02,811 - INFO - Epoch   9/50 | Train: 0.177868 | Val: 0.176489 | Corr: 0.129280 | LR: 5.00e-03
2026-03-04 22:36:07,375 - INFO - Epoch  10/50 | Train: 0.177639 | Val: 0.176058 | Corr: 0.132177 | LR: 5.00e-03
2026-03-04 22:36:07,389 - INFO -   ↳ Saved best model (val_corr=0.132177)
2026-03-04 22:36:11,834 - INFO - Epoch  11/50 | Train: 0.177554 | Val: 0.176693 | Corr: 0.132585 | LR: 5.00e-03
2026-03-04 22:36:11,856 - INFO -   ↳ Saved best model (val_corr=0.132585)
2026-03-04 22:36:16,421 - INFO - Epoch  12/50 | Train: 0.177321 | Val: 0.175986 | Corr: 0.133416 | LR: 5.00e-03
2026-03-04 22:36:16,436 - INFO -   ↳ Saved best model (val_corr=0.133416)
2026-03-04 22:36:21,038 - INFO - Epoch  13/50 | Train: 0.177257 | Val: 0.175929 | Corr: 0.132927 | LR: 5.00e-03
2026-03-04 22:36:25,578 - INFO - Epoch  14/50 | Train: 0.177147 | Val: 0.176119 | Corr: 0.133327 | LR: 5.00e-03
2026-03-04 22:36:30,169 - INFO - Epoch  15/50 | Train: 0.177127 | Val: 0.175855 | Corr: 0.133663 | LR: 5.00e-03
2026-03-04 22:36:30,187 - INFO -   ↳ Saved best model (val_corr=0.133663)
2026-03-04 22:36:34,856 - INFO - Epoch  16/50 | Train: 0.176856 | Val: 0.176452 | Corr: 0.134913 | LR: 5.00e-03
2026-03-04 22:36:34,879 - INFO -   ↳ Saved best model (val_corr=0.134913)
2026-03-04 22:36:39,571 - INFO - Epoch  17/50 | Train: 0.176711 | Val: 0.175684 | Corr: 0.135751 | LR: 5.00e-03
2026-03-04 22:36:39,586 - INFO -   ↳ Saved best model (val_corr=0.135751)
2026-03-04 22:36:44,253 - INFO - Epoch  18/50 | Train: 0.176610 | Val: 0.175783 | Corr: 0.135849 | LR: 5.00e-03
2026-03-04 22:36:44,268 - INFO -   ↳ Saved best model (val_corr=0.135849)
2026-03-04 22:36:48,965 - INFO - Epoch  19/50 | Train: 0.176515 | Val: 0.175642 | Corr: 0.135125 | LR: 5.00e-03
2026-03-04 22:36:53,587 - INFO - Epoch  20/50 | Train: 0.176454 | Val: 0.175846 | Corr: 0.134059 | LR: 5.00e-03
2026-03-04 22:36:58,134 - INFO - Epoch  21/50 | Train: 0.176350 | Val: 0.175631 | Corr: 0.134402 | LR: 5.00e-03
2026-03-04 22:37:02,800 - INFO - Epoch  22/50 | Train: 0.176372 | Val: 0.175830 | Corr: 0.135842 | LR: 5.00e-03
2026-03-04 22:37:07,465 - INFO - Epoch  23/50 | Train: 0.176157 | Val: 0.175617 | Corr: 0.135111 | LR: 5.00e-03
2026-03-04 22:37:12,097 - INFO - Epoch  24/50 | Train: 0.176215 | Val: 0.175970 | Corr: 0.135511 | LR: 5.00e-03
2026-03-04 22:37:16,730 - INFO - Epoch  25/50 | Train: 0.176019 | Val: 0.175429 | Corr: 0.136343 | LR: 5.00e-03
2026-03-04 22:37:16,759 - INFO -   ↳ Saved best model (val_corr=0.136343)
2026-03-04 22:37:21,353 - INFO - Epoch  26/50 | Train: 0.175974 | Val: 0.175573 | Corr: 0.135034 | LR: 5.00e-03
2026-03-04 22:37:25,927 - INFO - Epoch  27/50 | Train: 0.175814 | Val: 0.175671 | Corr: 0.134910 | LR: 5.00e-03
2026-03-04 22:37:30,553 - INFO - Epoch  28/50 | Train: 0.175669 | Val: 0.175542 | Corr: 0.136730 | LR: 5.00e-03
2026-03-04 22:37:30,574 - INFO -   ↳ Saved best model (val_corr=0.136730)
2026-03-04 22:37:35,158 - INFO - Epoch  29/50 | Train: 0.175620 | Val: 0.175760 | Corr: 0.135016 | LR: 5.00e-03
2026-03-04 22:37:39,766 - INFO - Epoch  30/50 | Train: 0.175662 | Val: 0.175754 | Corr: 0.135218 | LR: 5.00e-03
2026-03-04 22:37:44,364 - INFO - Epoch  31/50 | Train: 0.175564 | Val: 0.175531 | Corr: 0.136478 | LR: 2.50e-03
2026-03-04 22:37:49,018 - INFO - Epoch  32/50 | Train: 0.174932 | Val: 0.175352 | Corr: 0.136901 | LR: 2.50e-03
2026-03-04 22:37:49,035 - INFO -   ↳ Saved best model (val_corr=0.136901)
2026-03-04 22:37:53,653 - INFO - Epoch  33/50 | Train: 0.174784 | Val: 0.175452 | Corr: 0.137080 | LR: 2.50e-03
2026-03-04 22:37:53,662 - INFO -   ↳ Saved best model (val_corr=0.137080)
2026-03-04 22:37:58,277 - INFO - Epoch  34/50 | Train: 0.174668 | Val: 0.175542 | Corr: 0.137464 | LR: 2.50e-03
2026-03-04 22:37:58,287 - INFO -   ↳ Saved best model (val_corr=0.137464)
2026-03-04 22:38:02,933 - INFO - Epoch  35/50 | Train: 0.174736 | Val: 0.175613 | Corr: 0.135376 | LR: 2.50e-03
2026-03-04 22:38:07,527 - INFO - Epoch  36/50 | Train: 0.174650 | Val: 0.175631 | Corr: 0.135748 | LR: 2.50e-03
2026-03-04 22:38:12,119 - INFO - Epoch  37/50 | Train: 0.174605 | Val: 0.175397 | Corr: 0.136188 | LR: 2.50e-03
2026-03-04 22:38:16,697 - INFO - Epoch  38/50 | Train: 0.174532 | Val: 0.175438 | Corr: 0.136743 | LR: 1.25e-03
2026-03-04 22:38:21,345 - INFO - Epoch  39/50 | Train: 0.174166 | Val: 0.175483 | Corr: 0.137000 | LR: 1.25e-03
2026-03-04 22:38:25,998 - INFO - Epoch  40/50 | Train: 0.174071 | Val: 0.175490 | Corr: 0.136370 | LR: 1.25e-03
2026-03-04 22:38:30,665 - INFO - Epoch  41/50 | Train: 0.174068 | Val: 0.175364 | Corr: 0.137077 | LR: 1.25e-03
2026-03-04 22:38:35,241 - INFO - Epoch  42/50 | Train: 0.174032 | Val: 0.175350 | Corr: 0.137080 | LR: 1.25e-03
2026-03-04 22:38:39,849 - INFO - Epoch  43/50 | Train: 0.173993 | Val: 0.175401 | Corr: 0.136652 | LR: 1.25e-03
2026-03-04 22:38:44,448 - INFO - Epoch  44/50 | Train: 0.173969 | Val: 0.175328 | Corr: 0.137557 | LR: 1.25e-03
2026-03-04 22:38:44,469 - INFO -   ↳ Saved best model (val_corr=0.137557)
2026-03-04 22:38:49,136 - INFO - Epoch  45/50 | Train: 0.174041 | Val: 0.175385 | Corr: 0.136804 | LR: 1.25e-03
2026-03-04 22:38:53,739 - INFO - Epoch  46/50 | Train: 0.173924 | Val: 0.175375 | Corr: 0.137070 | LR: 1.25e-03
2026-03-04 22:38:58,326 - INFO - Epoch  47/50 | Train: 0.173899 | Val: 0.175381 | Corr: 0.136820 | LR: 1.25e-03
2026-03-04 22:39:02,903 - INFO - Epoch  48/50 | Train: 0.173883 | Val: 0.175441 | Corr: 0.136580 | LR: 1.25e-03
2026-03-04 22:39:07,543 - INFO - Epoch  49/50 | Train: 0.173894 | Val: 0.175508 | Corr: 0.135883 | LR: 1.25e-03
2026-03-04 22:39:12,157 - INFO - Epoch  50/50 | Train: 0.173859 | Val: 0.175407 | Corr: 0.136324 | LR: 6.25e-04
2026-03-04 22:39:12,158 - INFO - Training complete — best val corr: 0.137557
2026-03-04 22:39:13,954 - INFO - Test loss: 0.168242, Test corr: 0.137365
2026-03-04 22:39:14,280 - INFO - Fraction of variance explained (FVE): 0.023044
2026-03-04 22:39:14,280 - INFO - Generating figures …
2026-03-04 22:39:15,009 - INFO - Correlation between predicted and actual per-neuron averages: r=0.9896, p=0.00e+00
2026-03-04 22:39:17,728 - INFO - Pattern selectivity summary:
2026-03-04 22:39:17,729 - INFO -   Mean correlation across neurons: 0.5119
2026-03-04 22:39:17,729 - INFO -   Median correlation: 0.5680
2026-03-04 22:39:17,729 - INFO -   Neurons with r > 0.5: 36 / 63
2026-03-04 22:39:17,729 - INFO -   Neurons with r > 0.3: 52 / 63
2026-03-04 22:39:17,729 - INFO - Pattern selectivity — mean neuron corr: 0.5119
2026-03-04 22:39:19,792 - INFO - LOO (avg rate) — Model mean r: 0.3003, LOO mean r: 0.4546, Neurons model > LOO: 1/63
2026-03-04 22:39:22,605 - INFO - LOO (temporal) — Model mean r: 0.1387, LOO mean r: 0.3186, Neurons model > LOO: 0/63
2026-03-04 22:39:22,605 - INFO - Skipping oracle trial plots (skip_oracle_plots=True)
2026-03-04 22:39:22,615 - INFO - Experiment complete. Summary: {
  "run_dir": "/scratch/sb272/patterns5k_results/slurm_base_cnn_2026-03-04_16-53-19/trial_0211_learning_rate=5.0e-03_kernel_sizes=3x3_conv_channels=64x128_fc_dims=256_seed3",
  "model_type": "cnn",
  "batch_avg_test_loss": 0.1682417060136795,
  "batch_avg_test_corr": 0.13736461697437033,
  "all_test_fve": 0.023043736578926208,
  "AR_FVE": NaN,
  "AR_test_correlation": NaN,
  "best_val_corr": 0.13755684849127023,
  "total_params": 82431,
  "trainable_params": 82431,
  "epochs_trained": 50,
  "mean_pattern_corr": 0.5119193931418036,
  "history": 0,
  "init_state": true,
  "loo_avg_mean_corr": 0.45456832695830385,
  "model_avg_mean_corr": 0.3002547769749019,
  "neurons_model_beats_loo_avg": 1,
  "loo_temporal_mean_corr": 0.31855225563049316,
  "all_test_corr": 0.138727605342865,
  "neurons_model_beats_loo_temporal": 0,
  "kernel_sizes": [
    3,
    3
  ],
  "conv_channels": [
    64,
    128
  ],
  "fc_dims": [
    256
  ]
}
