2026-03-05 21:37:06,258 - INFO - ============================================================
2026-03-05 21:37:06,258 - INFO - Experiment run directory: /scratch/sb272/patterns5k_results/slurm_hist_cnn_2026-03-05_16-01-45/trial_0066_learning_rate=1.0e-04_history=20_kernel_sizes=3x3x3_conv_channels=32x64x128_fc_dims=128_seed1
2026-03-05 21:37:06,258 - INFO - ============================================================
2026-03-05 21:37:06,259 - INFO - Loading data …
2026-03-05 21:37:07,140 - INFO - 63 unique neurons after dropping problematic neurons
2026-03-05 21:37:08,327 - INFO - Stimulation channels: 42, Spiking neurons: 63
2026-03-05 21:39:09,609 - INFO - Unique patterns: 4050, Total trials: 5000
2026-03-05 21:39:09,610 - INFO - Stimulation channels: 42, Spiking neurons: 63
2026-03-05 21:39:09,610 - INFO - Unique patterns: 4050, Total trials: 5000
2026-03-05 21:39:09,627 - INFO - Split (oracle): train=3400, val=600, test=1000
2026-03-05 21:39:35,200 - INFO - BinnedStimSpikeDataset initialized:
2026-03-05 21:39:35,201 - INFO -   input_bin_size_ms=10, output_bin_size_ms=10
2026-03-05 21:39:35,201 - INFO -   n_input_bins=60, n_output_bins=60
2026-03-05 21:39:35,201 - INFO -   output_offset=0, total_bins_input=60, total_bins_output=60
2026-03-05 21:39:35,201 - INFO -   Valid start positions per trial: 0 to 0
2026-03-05 21:39:35,201 - INFO -   Total samples: 3400 (3400 trials × 1 positions)
2026-03-05 21:40:00,252 - INFO - BinnedStimSpikeDataset initialized:
2026-03-05 21:40:00,252 - INFO -   input_bin_size_ms=10, output_bin_size_ms=10
2026-03-05 21:40:00,252 - INFO -   n_input_bins=60, n_output_bins=60
2026-03-05 21:40:00,252 - INFO -   output_offset=0, total_bins_input=60, total_bins_output=60
2026-03-05 21:40:00,252 - INFO -   Valid start positions per trial: 0 to 0
2026-03-05 21:40:00,252 - INFO -   Total samples: 600 (600 trials × 1 positions)
2026-03-05 21:40:25,245 - INFO - BinnedStimSpikeDataset initialized:
2026-03-05 21:40:25,245 - INFO -   input_bin_size_ms=10, output_bin_size_ms=10
2026-03-05 21:40:25,245 - INFO -   n_input_bins=60, n_output_bins=60
2026-03-05 21:40:25,245 - INFO -   output_offset=0, total_bins_input=60, total_bins_output=60
2026-03-05 21:40:25,245 - INFO -   Valid start positions per trial: 0 to 0
2026-03-05 21:40:25,245 - INFO -   Total samples: 1000 (1000 trials × 1 positions)
2026-03-05 21:40:25,245 - INFO - Samples — train: 3400, val: 600, test: 1000
2026-03-05 21:40:25,245 - INFO - Input channels: 105, Neurons: 63
2026-03-05 21:40:25,249 - INFO - Using CPU
2026-03-05 21:40:25,264 - INFO - Model: CNN — 66,111 trainable params (66,111 total)
2026-03-05 21:40:29,082 - INFO - Starting training …
2026-03-05 21:40:34,095 - INFO - Epoch   1/50 | Train: 0.545692 | Val: 0.233994 | Corr: 0.041201 | LR: 1.00e-04
2026-03-05 21:40:34,106 - INFO -   ↳ Saved best model (val_corr=0.041201)
2026-03-05 21:40:38,183 - INFO - Epoch   2/50 | Train: 0.198478 | Val: 0.189634 | Corr: 0.056572 | LR: 1.00e-04
2026-03-05 21:40:38,191 - INFO -   ↳ Saved best model (val_corr=0.056572)
2026-03-05 21:40:42,178 - INFO - Epoch   3/50 | Train: 0.190087 | Val: 0.186968 | Corr: 0.063151 | LR: 1.00e-04
2026-03-05 21:40:42,186 - INFO -   ↳ Saved best model (val_corr=0.063151)
2026-03-05 21:40:46,179 - INFO - Epoch   4/50 | Train: 0.188882 | Val: 0.185857 | Corr: 0.065534 | LR: 1.00e-04
2026-03-05 21:40:46,190 - INFO -   ↳ Saved best model (val_corr=0.065534)
2026-03-05 21:40:50,382 - INFO - Epoch   5/50 | Train: 0.188212 | Val: 0.184731 | Corr: 0.069183 | LR: 1.00e-04
2026-03-05 21:40:50,391 - INFO -   ↳ Saved best model (val_corr=0.069183)
2026-03-05 21:40:54,439 - INFO - Epoch   6/50 | Train: 0.187628 | Val: 0.184754 | Corr: 0.071377 | LR: 1.00e-04
2026-03-05 21:40:54,452 - INFO -   ↳ Saved best model (val_corr=0.071377)
2026-03-05 21:40:58,549 - INFO - Epoch   7/50 | Train: 0.187035 | Val: 0.183942 | Corr: 0.073417 | LR: 1.00e-04
2026-03-05 21:40:58,557 - INFO -   ↳ Saved best model (val_corr=0.073417)
2026-03-05 21:41:02,698 - INFO - Epoch   8/50 | Train: 0.186527 | Val: 0.183828 | Corr: 0.073935 | LR: 1.00e-04
2026-03-05 21:41:02,708 - INFO -   ↳ Saved best model (val_corr=0.073935)
2026-03-05 21:41:06,850 - INFO - Epoch   9/50 | Train: 0.186119 | Val: 0.183554 | Corr: 0.076077 | LR: 1.00e-04
2026-03-05 21:41:06,860 - INFO -   ↳ Saved best model (val_corr=0.076077)
2026-03-05 21:41:10,910 - INFO - Epoch  10/50 | Train: 0.185680 | Val: 0.183091 | Corr: 0.078064 | LR: 1.00e-04
2026-03-05 21:41:10,920 - INFO -   ↳ Saved best model (val_corr=0.078064)
2026-03-05 21:41:14,962 - INFO - Epoch  11/50 | Train: 0.185377 | Val: 0.182813 | Corr: 0.079236 | LR: 1.00e-04
2026-03-05 21:41:14,972 - INFO -   ↳ Saved best model (val_corr=0.079236)
2026-03-05 21:41:19,103 - INFO - Epoch  12/50 | Train: 0.185060 | Val: 0.182577 | Corr: 0.080721 | LR: 1.00e-04
2026-03-05 21:41:19,111 - INFO -   ↳ Saved best model (val_corr=0.080721)
2026-03-05 21:41:23,422 - INFO - Epoch  13/50 | Train: 0.184591 | Val: 0.182330 | Corr: 0.082811 | LR: 1.00e-04
2026-03-05 21:41:23,430 - INFO -   ↳ Saved best model (val_corr=0.082811)
2026-03-05 21:41:27,382 - INFO - Epoch  14/50 | Train: 0.184388 | Val: 0.182353 | Corr: 0.083516 | LR: 1.00e-04
2026-03-05 21:41:27,394 - INFO -   ↳ Saved best model (val_corr=0.083516)
2026-03-05 21:41:31,427 - INFO - Epoch  15/50 | Train: 0.184055 | Val: 0.182109 | Corr: 0.084405 | LR: 1.00e-04
2026-03-05 21:41:31,447 - INFO -   ↳ Saved best model (val_corr=0.084405)
2026-03-05 21:41:35,457 - INFO - Epoch  16/50 | Train: 0.183865 | Val: 0.181875 | Corr: 0.086522 | LR: 1.00e-04
2026-03-05 21:41:35,466 - INFO -   ↳ Saved best model (val_corr=0.086522)
2026-03-05 21:41:39,624 - INFO - Epoch  17/50 | Train: 0.183587 | Val: 0.181894 | Corr: 0.087163 | LR: 1.00e-04
2026-03-05 21:41:39,631 - INFO -   ↳ Saved best model (val_corr=0.087163)
2026-03-05 21:41:43,626 - INFO - Epoch  18/50 | Train: 0.183353 | Val: 0.181592 | Corr: 0.088537 | LR: 1.00e-04
2026-03-05 21:41:43,637 - INFO -   ↳ Saved best model (val_corr=0.088537)
2026-03-05 21:41:47,657 - INFO - Epoch  19/50 | Train: 0.183240 | Val: 0.181334 | Corr: 0.089323 | LR: 1.00e-04
2026-03-05 21:41:47,667 - INFO -   ↳ Saved best model (val_corr=0.089323)
2026-03-05 21:41:51,681 - INFO - Epoch  20/50 | Train: 0.182963 | Val: 0.181272 | Corr: 0.090070 | LR: 1.00e-04
2026-03-05 21:41:51,690 - INFO -   ↳ Saved best model (val_corr=0.090070)
2026-03-05 21:41:55,835 - INFO - Epoch  21/50 | Train: 0.182832 | Val: 0.181372 | Corr: 0.090719 | LR: 1.00e-04
2026-03-05 21:41:55,843 - INFO -   ↳ Saved best model (val_corr=0.090719)
2026-03-05 21:41:59,903 - INFO - Epoch  22/50 | Train: 0.182673 | Val: 0.181299 | Corr: 0.091065 | LR: 1.00e-04
2026-03-05 21:41:59,914 - INFO -   ↳ Saved best model (val_corr=0.091065)
2026-03-05 21:42:03,970 - INFO - Epoch  23/50 | Train: 0.182511 | Val: 0.180891 | Corr: 0.093243 | LR: 1.00e-04
2026-03-05 21:42:03,980 - INFO -   ↳ Saved best model (val_corr=0.093243)
2026-03-05 21:42:08,104 - INFO - Epoch  24/50 | Train: 0.182333 | Val: 0.181003 | Corr: 0.094716 | LR: 1.00e-04
2026-03-05 21:42:08,112 - INFO -   ↳ Saved best model (val_corr=0.094716)
2026-03-05 21:42:12,277 - INFO - Epoch  25/50 | Train: 0.182097 | Val: 0.180697 | Corr: 0.095443 | LR: 1.00e-04
2026-03-05 21:42:12,287 - INFO -   ↳ Saved best model (val_corr=0.095443)
2026-03-05 21:42:16,296 - INFO - Epoch  26/50 | Train: 0.181971 | Val: 0.180750 | Corr: 0.096195 | LR: 1.00e-04
2026-03-05 21:42:16,304 - INFO -   ↳ Saved best model (val_corr=0.096195)
2026-03-05 21:42:20,398 - INFO - Epoch  27/50 | Train: 0.181731 | Val: 0.180677 | Corr: 0.096788 | LR: 1.00e-04
2026-03-05 21:42:20,405 - INFO -   ↳ Saved best model (val_corr=0.096788)
2026-03-05 21:42:24,715 - INFO - Epoch  28/50 | Train: 0.181751 | Val: 0.180512 | Corr: 0.098460 | LR: 1.00e-04
2026-03-05 21:42:24,724 - INFO -   ↳ Saved best model (val_corr=0.098460)
2026-03-05 21:42:28,901 - INFO - Epoch  29/50 | Train: 0.181514 | Val: 0.180294 | Corr: 0.099933 | LR: 1.00e-04
2026-03-05 21:42:28,911 - INFO -   ↳ Saved best model (val_corr=0.099933)
2026-03-05 21:42:33,095 - INFO - Epoch  30/50 | Train: 0.181352 | Val: 0.180490 | Corr: 0.100122 | LR: 1.00e-04
2026-03-05 21:42:33,105 - INFO -   ↳ Saved best model (val_corr=0.100122)
2026-03-05 21:42:37,235 - INFO - Epoch  31/50 | Train: 0.181227 | Val: 0.180480 | Corr: 0.101019 | LR: 1.00e-04
2026-03-05 21:42:37,244 - INFO -   ↳ Saved best model (val_corr=0.101019)
2026-03-05 21:42:41,334 - INFO - Epoch  32/50 | Train: 0.181098 | Val: 0.180031 | Corr: 0.102095 | LR: 1.00e-04
2026-03-05 21:42:41,345 - INFO -   ↳ Saved best model (val_corr=0.102095)
2026-03-05 21:42:45,222 - INFO - Epoch  33/50 | Train: 0.181014 | Val: 0.180161 | Corr: 0.102558 | LR: 1.00e-04
2026-03-05 21:42:45,229 - INFO -   ↳ Saved best model (val_corr=0.102558)
2026-03-05 21:42:49,020 - INFO - Epoch  34/50 | Train: 0.180952 | Val: 0.179853 | Corr: 0.103672 | LR: 1.00e-04
2026-03-05 21:42:49,031 - INFO -   ↳ Saved best model (val_corr=0.103672)
2026-03-05 21:42:52,865 - INFO - Epoch  35/50 | Train: 0.180743 | Val: 0.179804 | Corr: 0.104726 | LR: 1.00e-04
2026-03-05 21:42:52,875 - INFO -   ↳ Saved best model (val_corr=0.104726)
2026-03-05 21:42:56,699 - INFO - Epoch  36/50 | Train: 0.180657 | Val: 0.179779 | Corr: 0.104962 | LR: 1.00e-04
2026-03-05 21:42:56,708 - INFO -   ↳ Saved best model (val_corr=0.104962)
2026-03-05 21:43:00,586 - INFO - Epoch  37/50 | Train: 0.180638 | Val: 0.179771 | Corr: 0.105880 | LR: 1.00e-04
2026-03-05 21:43:00,596 - INFO -   ↳ Saved best model (val_corr=0.105880)
2026-03-05 21:43:04,523 - INFO - Epoch  38/50 | Train: 0.180384 | Val: 0.179589 | Corr: 0.107023 | LR: 1.00e-04
2026-03-05 21:43:04,531 - INFO -   ↳ Saved best model (val_corr=0.107023)
2026-03-05 21:43:08,374 - INFO - Epoch  39/50 | Train: 0.180337 | Val: 0.179514 | Corr: 0.106917 | LR: 1.00e-04
2026-03-05 21:43:12,354 - INFO - Epoch  40/50 | Train: 0.180199 | Val: 0.179410 | Corr: 0.108566 | LR: 1.00e-04
2026-03-05 21:43:12,363 - INFO -   ↳ Saved best model (val_corr=0.108566)
2026-03-05 21:43:16,316 - INFO - Epoch  41/50 | Train: 0.180125 | Val: 0.179477 | Corr: 0.109009 | LR: 1.00e-04
2026-03-05 21:43:16,328 - INFO -   ↳ Saved best model (val_corr=0.109009)
2026-03-05 21:43:20,322 - INFO - Epoch  42/50 | Train: 0.180087 | Val: 0.179372 | Corr: 0.109883 | LR: 1.00e-04
2026-03-05 21:43:20,334 - INFO -   ↳ Saved best model (val_corr=0.109883)
2026-03-05 21:43:24,219 - INFO - Epoch  43/50 | Train: 0.179921 | Val: 0.179228 | Corr: 0.110303 | LR: 1.00e-04
2026-03-05 21:43:24,229 - INFO -   ↳ Saved best model (val_corr=0.110303)
2026-03-05 21:43:28,120 - INFO - Epoch  44/50 | Train: 0.179861 | Val: 0.179113 | Corr: 0.111184 | LR: 1.00e-04
2026-03-05 21:43:28,127 - INFO -   ↳ Saved best model (val_corr=0.111184)
2026-03-05 21:43:32,010 - INFO - Epoch  45/50 | Train: 0.179674 | Val: 0.179279 | Corr: 0.111333 | LR: 1.00e-04
2026-03-05 21:43:32,019 - INFO -   ↳ Saved best model (val_corr=0.111333)
2026-03-05 21:43:36,153 - INFO - Epoch  46/50 | Train: 0.179665 | Val: 0.179063 | Corr: 0.111493 | LR: 1.00e-04
2026-03-05 21:43:36,164 - INFO -   ↳ Saved best model (val_corr=0.111493)
2026-03-05 21:43:40,325 - INFO - Epoch  47/50 | Train: 0.179566 | Val: 0.179055 | Corr: 0.112672 | LR: 1.00e-04
2026-03-05 21:43:40,334 - INFO -   ↳ Saved best model (val_corr=0.112672)
2026-03-05 21:43:44,506 - INFO - Epoch  48/50 | Train: 0.179555 | Val: 0.179022 | Corr: 0.113069 | LR: 1.00e-04
2026-03-05 21:43:44,514 - INFO -   ↳ Saved best model (val_corr=0.113069)
2026-03-05 21:43:48,580 - INFO - Epoch  49/50 | Train: 0.179449 | Val: 0.178849 | Corr: 0.113726 | LR: 1.00e-04
2026-03-05 21:43:48,593 - INFO -   ↳ Saved best model (val_corr=0.113726)
2026-03-05 21:43:52,739 - INFO - Epoch  50/50 | Train: 0.179398 | Val: 0.178841 | Corr: 0.114184 | LR: 1.00e-04
2026-03-05 21:43:52,748 - INFO -   ↳ Saved best model (val_corr=0.114184)
2026-03-05 21:43:52,748 - INFO - Training complete — best val corr: 0.114184
2026-03-05 21:43:54,108 - INFO - Test loss: 0.169970, Test corr: 0.108351
2026-03-05 21:43:54,386 - INFO - Fraction of variance explained (FVE): 0.014036
2026-03-05 21:43:54,387 - INFO - Computing autoregressive (AR) test predictions …
2026-03-05 21:43:54,840 - INFO - AR FVE: 0.012956, AR test corr: 0.105211
2026-03-05 21:43:54,840 - INFO - Generating figures …
2026-03-05 21:43:55,382 - INFO - Correlation between predicted and actual per-neuron averages: r=0.9956, p=0.00e+00
2026-03-05 21:43:57,207 - INFO - Pattern selectivity summary:
2026-03-05 21:43:57,207 - INFO -   Mean correlation across neurons: 0.3739
2026-03-05 21:43:57,207 - INFO -   Median correlation: 0.3615
2026-03-05 21:43:57,207 - INFO -   Neurons with r > 0.5: 21 / 63
2026-03-05 21:43:57,207 - INFO -   Neurons with r > 0.3: 40 / 63
2026-03-05 21:43:57,208 - INFO - Pattern selectivity — mean neuron corr: 0.3739
2026-03-05 21:43:58,662 - INFO - LOO (avg rate) — Model mean r: 0.2593, LOO mean r: 0.4546, Neurons model > LOO: 5/63
2026-03-05 21:44:00,735 - INFO - LOO (temporal) — Model mean r: 0.1110, LOO mean r: 0.3186, Neurons model > LOO: 0/63
2026-03-05 21:44:00,735 - INFO - Skipping oracle trial plots (skip_oracle_plots=True)
2026-03-05 21:44:00,743 - INFO - Experiment complete. Summary: {
  "run_dir": "/scratch/sb272/patterns5k_results/slurm_hist_cnn_2026-03-05_16-01-45/trial_0066_learning_rate=1.0e-04_history=20_kernel_sizes=3x3x3_conv_channels=32x64x128_fc_dims=128_seed1",
  "model_type": "cnn",
  "batch_avg_test_loss": 0.16996989464759826,
  "batch_avg_test_corr": 0.10835129901271612,
  "all_test_fve": 0.014036001667143807,
  "AR_FVE": 0.012956006186349052,
  "AR_test_correlation": 0.10521148145198822,
  "best_val_corr": 0.1141841672818493,
  "total_params": 66111,
  "trainable_params": 66111,
  "epochs_trained": 50,
  "mean_pattern_corr": 0.3739403141061709,
  "history": 20,
  "init_state": true,
  "loo_avg_mean_corr": 0.45456832695830385,
  "model_avg_mean_corr": 0.25930878650836725,
  "neurons_model_beats_loo_avg": 5,
  "loo_temporal_mean_corr": 0.31855225563049316,
  "all_test_corr": 0.11100861430168152,
  "neurons_model_beats_loo_temporal": 0,
  "kernel_sizes": [
    3,
    3,
    3
  ],
  "conv_channels": [
    32,
    64,
    128
  ],
  "fc_dims": [
    128
  ]
}
