2026-03-06 00:48:50,843 - INFO - ============================================================
2026-03-06 00:48:50,843 - INFO - Experiment run directory: /scratch/sb272/patterns5k_results/slurm_hist_cnn_2026-03-05_16-01-45/trial_0554_learning_rate=1.0e-03_history=2_kernel_sizes=3x3x3_conv_channels=256x256x256_fc_dims=1024_seed0
2026-03-06 00:48:50,843 - INFO - ============================================================
2026-03-06 00:48:50,843 - INFO - Loading data …
2026-03-06 00:48:52,702 - INFO - 63 unique neurons after dropping problematic neurons
2026-03-06 00:48:53,610 - INFO - Stimulation channels: 42, Spiking neurons: 63
2026-03-06 00:50:24,918 - INFO - Unique patterns: 4050, Total trials: 5000
2026-03-06 00:50:24,919 - INFO - Stimulation channels: 42, Spiking neurons: 63
2026-03-06 00:50:24,920 - INFO - Unique patterns: 4050, Total trials: 5000
2026-03-06 00:50:24,934 - INFO - Split (oracle): train=3400, val=600, test=1000
2026-03-06 00:50:41,336 - INFO - BinnedStimSpikeDataset initialized:
2026-03-06 00:50:41,336 - INFO -   input_bin_size_ms=10, output_bin_size_ms=10
2026-03-06 00:50:41,336 - INFO -   n_input_bins=60, n_output_bins=60
2026-03-06 00:50:41,336 - INFO -   output_offset=0, total_bins_input=60, total_bins_output=60
2026-03-06 00:50:41,336 - INFO -   Valid start positions per trial: 0 to 0
2026-03-06 00:50:41,336 - INFO -   Total samples: 3400 (3400 trials × 1 positions)
2026-03-06 00:50:57,238 - INFO - BinnedStimSpikeDataset initialized:
2026-03-06 00:50:57,238 - INFO -   input_bin_size_ms=10, output_bin_size_ms=10
2026-03-06 00:50:57,238 - INFO -   n_input_bins=60, n_output_bins=60
2026-03-06 00:50:57,238 - INFO -   output_offset=0, total_bins_input=60, total_bins_output=60
2026-03-06 00:50:57,238 - INFO -   Valid start positions per trial: 0 to 0
2026-03-06 00:50:57,238 - INFO -   Total samples: 600 (600 trials × 1 positions)
2026-03-06 00:51:13,072 - INFO - BinnedStimSpikeDataset initialized:
2026-03-06 00:51:13,073 - INFO -   input_bin_size_ms=10, output_bin_size_ms=10
2026-03-06 00:51:13,073 - INFO -   n_input_bins=60, n_output_bins=60
2026-03-06 00:51:13,073 - INFO -   output_offset=0, total_bins_input=60, total_bins_output=60
2026-03-06 00:51:13,073 - INFO -   Valid start positions per trial: 0 to 0
2026-03-06 00:51:13,073 - INFO -   Total samples: 1000 (1000 trials × 1 positions)
2026-03-06 00:51:13,073 - INFO - Samples — train: 3400, val: 600, test: 1000
2026-03-06 00:51:13,073 - INFO - Input channels: 105, Neurons: 63
2026-03-06 00:51:13,081 - INFO - Using CPU
2026-03-06 00:51:13,101 - INFO - Model: CNN — 803,903 trainable params (803,903 total)
2026-03-06 00:51:16,590 - INFO - Starting training …
2026-03-06 00:51:31,008 - INFO - Epoch   1/50 | Train: 0.192266 | Val: 0.174418 | Corr: 0.157749 | LR: 1.00e-03
2026-03-06 00:51:31,028 - INFO -   ↳ Saved best model (val_corr=0.157749)
2026-03-06 00:51:42,739 - INFO - Epoch   2/50 | Train: 0.170838 | Val: 0.170707 | Corr: 0.184823 | LR: 1.00e-03
2026-03-06 00:51:42,753 - INFO -   ↳ Saved best model (val_corr=0.184823)
2026-03-06 00:51:55,526 - INFO - Epoch   3/50 | Train: 0.167874 | Val: 0.168692 | Corr: 0.203299 | LR: 1.00e-03
2026-03-06 00:51:55,544 - INFO -   ↳ Saved best model (val_corr=0.203299)
2026-03-06 00:52:09,115 - INFO - Epoch   4/50 | Train: 0.165649 | Val: 0.166410 | Corr: 0.220583 | LR: 1.00e-03
2026-03-06 00:52:09,131 - INFO -   ↳ Saved best model (val_corr=0.220583)
2026-03-06 00:52:20,381 - INFO - Epoch   5/50 | Train: 0.163968 | Val: 0.165452 | Corr: 0.230304 | LR: 1.00e-03
2026-03-06 00:52:20,400 - INFO -   ↳ Saved best model (val_corr=0.230304)
2026-03-06 00:52:32,828 - INFO - Epoch   6/50 | Train: 0.162705 | Val: 0.166215 | Corr: 0.239150 | LR: 1.00e-03
2026-03-06 00:52:32,847 - INFO -   ↳ Saved best model (val_corr=0.239150)
2026-03-06 00:52:46,367 - INFO - Epoch   7/50 | Train: 0.161928 | Val: 0.163903 | Corr: 0.244771 | LR: 1.00e-03
2026-03-06 00:52:46,384 - INFO -   ↳ Saved best model (val_corr=0.244771)
2026-03-06 00:53:00,491 - INFO - Epoch   8/50 | Train: 0.160750 | Val: 0.163468 | Corr: 0.249672 | LR: 1.00e-03
2026-03-06 00:53:00,509 - INFO -   ↳ Saved best model (val_corr=0.249672)
2026-03-06 00:53:14,598 - INFO - Epoch   9/50 | Train: 0.159883 | Val: 0.163022 | Corr: 0.253804 | LR: 1.00e-03
2026-03-06 00:53:14,619 - INFO -   ↳ Saved best model (val_corr=0.253804)
2026-03-06 00:53:26,746 - INFO - Epoch  10/50 | Train: 0.159234 | Val: 0.164049 | Corr: 0.256313 | LR: 1.00e-03
2026-03-06 00:53:26,768 - INFO -   ↳ Saved best model (val_corr=0.256313)
2026-03-06 00:53:39,037 - INFO - Epoch  11/50 | Train: 0.158532 | Val: 0.162781 | Corr: 0.258768 | LR: 1.00e-03
2026-03-06 00:53:39,056 - INFO -   ↳ Saved best model (val_corr=0.258768)
2026-03-06 00:53:50,742 - INFO - Epoch  12/50 | Train: 0.158048 | Val: 0.161930 | Corr: 0.260738 | LR: 1.00e-03
2026-03-06 00:53:50,757 - INFO -   ↳ Saved best model (val_corr=0.260738)
2026-03-06 00:54:03,744 - INFO - Epoch  13/50 | Train: 0.157442 | Val: 0.162039 | Corr: 0.261428 | LR: 1.00e-03
2026-03-06 00:54:03,766 - INFO -   ↳ Saved best model (val_corr=0.261428)
2026-03-06 00:54:18,011 - INFO - Epoch  14/50 | Train: 0.156920 | Val: 0.161811 | Corr: 0.262378 | LR: 1.00e-03
2026-03-06 00:54:18,026 - INFO -   ↳ Saved best model (val_corr=0.262378)
2026-03-06 00:54:29,468 - INFO - Epoch  15/50 | Train: 0.156385 | Val: 0.162671 | Corr: 0.264061 | LR: 1.00e-03
2026-03-06 00:54:29,483 - INFO -   ↳ Saved best model (val_corr=0.264061)
2026-03-06 00:54:42,363 - INFO - Epoch  16/50 | Train: 0.156074 | Val: 0.161747 | Corr: 0.264864 | LR: 1.00e-03
2026-03-06 00:54:42,380 - INFO -   ↳ Saved best model (val_corr=0.264864)
2026-03-06 00:54:55,726 - INFO - Epoch  17/50 | Train: 0.155696 | Val: 0.161167 | Corr: 0.266697 | LR: 1.00e-03
2026-03-06 00:54:55,743 - INFO -   ↳ Saved best model (val_corr=0.266697)
2026-03-06 00:55:09,469 - INFO - Epoch  18/50 | Train: 0.155296 | Val: 0.161331 | Corr: 0.267173 | LR: 1.00e-03
2026-03-06 00:55:09,486 - INFO -   ↳ Saved best model (val_corr=0.267173)
2026-03-06 00:55:23,220 - INFO - Epoch  19/50 | Train: 0.154918 | Val: 0.161385 | Corr: 0.265562 | LR: 1.00e-03
2026-03-06 00:55:35,138 - INFO - Epoch  20/50 | Train: 0.154627 | Val: 0.161811 | Corr: 0.266765 | LR: 1.00e-03
2026-03-06 00:55:47,243 - INFO - Epoch  21/50 | Train: 0.154293 | Val: 0.161179 | Corr: 0.269020 | LR: 1.00e-03
2026-03-06 00:55:47,259 - INFO -   ↳ Saved best model (val_corr=0.269020)
2026-03-06 00:55:58,972 - INFO - Epoch  22/50 | Train: 0.154037 | Val: 0.161377 | Corr: 0.269812 | LR: 1.00e-03
2026-03-06 00:55:58,991 - INFO -   ↳ Saved best model (val_corr=0.269812)
2026-03-06 00:56:12,822 - INFO - Epoch  23/50 | Train: 0.153747 | Val: 0.161148 | Corr: 0.268513 | LR: 1.00e-03
2026-03-06 00:56:25,538 - INFO - Epoch  24/50 | Train: 0.153371 | Val: 0.161035 | Corr: 0.270635 | LR: 1.00e-03
2026-03-06 00:56:25,559 - INFO -   ↳ Saved best model (val_corr=0.270635)
2026-03-06 00:56:38,225 - INFO - Epoch  25/50 | Train: 0.153047 | Val: 0.161536 | Corr: 0.269732 | LR: 1.00e-03
2026-03-06 00:56:51,507 - INFO - Epoch  26/50 | Train: 0.152814 | Val: 0.161517 | Corr: 0.268411 | LR: 1.00e-03
2026-03-06 00:57:05,684 - INFO - Epoch  27/50 | Train: 0.152578 | Val: 0.160982 | Corr: 0.269769 | LR: 1.00e-03
2026-03-06 00:57:18,218 - INFO - Epoch  28/50 | Train: 0.152401 | Val: 0.161531 | Corr: 0.270297 | LR: 1.00e-03
2026-03-06 00:57:31,567 - INFO - Epoch  29/50 | Train: 0.152131 | Val: 0.161298 | Corr: 0.270185 | LR: 1.00e-03
2026-03-06 00:57:44,024 - INFO - Epoch  30/50 | Train: 0.151936 | Val: 0.161771 | Corr: 0.269435 | LR: 1.00e-03
2026-03-06 00:57:57,130 - INFO - Epoch  31/50 | Train: 0.151820 | Val: 0.161232 | Corr: 0.271229 | LR: 1.00e-03
2026-03-06 00:57:57,148 - INFO -   ↳ Saved best model (val_corr=0.271229)
2026-03-06 00:58:09,000 - INFO - Epoch  32/50 | Train: 0.151558 | Val: 0.161521 | Corr: 0.269538 | LR: 1.00e-03
2026-03-06 00:58:20,987 - INFO - Epoch  33/50 | Train: 0.151373 | Val: 0.161560 | Corr: 0.269151 | LR: 5.00e-04
2026-03-06 00:58:33,113 - INFO - Epoch  34/50 | Train: 0.150209 | Val: 0.161323 | Corr: 0.270923 | LR: 5.00e-04
2026-03-06 00:58:45,986 - INFO - Epoch  35/50 | Train: 0.149862 | Val: 0.161198 | Corr: 0.271839 | LR: 5.00e-04
2026-03-06 00:58:46,005 - INFO -   ↳ Saved best model (val_corr=0.271839)
2026-03-06 00:58:59,790 - INFO - Epoch  36/50 | Train: 0.149581 | Val: 0.161273 | Corr: 0.272087 | LR: 5.00e-04
2026-03-06 00:58:59,811 - INFO -   ↳ Saved best model (val_corr=0.272087)
2026-03-06 00:59:12,957 - INFO - Epoch  37/50 | Train: 0.149417 | Val: 0.161391 | Corr: 0.271614 | LR: 5.00e-04
2026-03-06 00:59:26,015 - INFO - Epoch  38/50 | Train: 0.149281 | Val: 0.162004 | Corr: 0.270766 | LR: 5.00e-04
2026-03-06 00:59:38,377 - INFO - Epoch  39/50 | Train: 0.149236 | Val: 0.161728 | Corr: 0.271932 | LR: 2.50e-04
2026-03-06 00:59:50,631 - INFO - Epoch  40/50 | Train: 0.148553 | Val: 0.161386 | Corr: 0.273240 | LR: 2.50e-04
2026-03-06 00:59:50,648 - INFO -   ↳ Saved best model (val_corr=0.273240)
2026-03-06 01:00:02,218 - INFO - Epoch  41/50 | Train: 0.148484 | Val: 0.161775 | Corr: 0.272158 | LR: 2.50e-04
2026-03-06 01:00:14,915 - INFO - Epoch  42/50 | Train: 0.148305 | Val: 0.161416 | Corr: 0.273058 | LR: 2.50e-04
2026-03-06 01:00:27,930 - INFO - Epoch  43/50 | Train: 0.148131 | Val: 0.161830 | Corr: 0.271848 | LR: 2.50e-04
2026-03-06 01:00:40,124 - INFO - Epoch  44/50 | Train: 0.148118 | Val: 0.161782 | Corr: 0.271761 | LR: 2.50e-04
2026-03-06 01:00:53,431 - INFO - Epoch  45/50 | Train: 0.148004 | Val: 0.161787 | Corr: 0.272280 | LR: 1.25e-04
2026-03-06 01:01:06,708 - INFO - Epoch  46/50 | Train: 0.147741 | Val: 0.161815 | Corr: 0.271552 | LR: 1.25e-04
2026-03-06 01:01:21,212 - INFO - Epoch  47/50 | Train: 0.147621 | Val: 0.161919 | Corr: 0.272326 | LR: 1.25e-04
2026-03-06 01:01:33,525 - INFO - Epoch  48/50 | Train: 0.147551 | Val: 0.161946 | Corr: 0.272204 | LR: 1.25e-04
2026-03-06 01:01:45,216 - INFO - Epoch  49/50 | Train: 0.147488 | Val: 0.161663 | Corr: 0.271802 | LR: 1.25e-04
2026-03-06 01:01:57,423 - INFO - Epoch  50/50 | Train: 0.147551 | Val: 0.161934 | Corr: 0.272371 | LR: 1.25e-04
2026-03-06 01:01:57,423 - INFO - Early stopping at epoch 50
2026-03-06 01:01:57,423 - INFO - Training complete — best val corr: 0.273240
2026-03-06 01:01:59,148 - INFO - Test loss: 0.151520, Test corr: 0.262118
2026-03-06 01:02:00,041 - INFO - Fraction of variance explained (FVE): 0.082621
2026-03-06 01:02:00,042 - INFO - Computing autoregressive (AR) test predictions …
2026-03-06 01:02:01,060 - INFO - AR FVE: -0.011512, AR test corr: 0.071954
2026-03-06 01:02:01,060 - INFO - Generating figures …
2026-03-06 01:02:01,486 - INFO - Correlation between predicted and actual per-neuron averages: r=0.9940, p=0.00e+00
2026-03-06 01:02:03,769 - INFO - Pattern selectivity summary:
2026-03-06 01:02:03,769 - INFO -   Mean correlation across neurons: 0.7737
2026-03-06 01:02:03,770 - INFO -   Median correlation: 0.7975
2026-03-06 01:02:03,770 - INFO -   Neurons with r > 0.5: 61 / 63
2026-03-06 01:02:03,770 - INFO -   Neurons with r > 0.3: 63 / 63
2026-03-06 01:02:03,770 - INFO - Pattern selectivity — mean neuron corr: 0.7737
2026-03-06 01:02:05,757 - INFO - LOO (avg rate) — Model mean r: 0.6221, LOO mean r: 0.4546, Neurons model > LOO: 57/63
2026-03-06 01:02:08,258 - INFO - LOO (temporal) — Model mean r: 0.2731, LOO mean r: 0.3186, Neurons model > LOO: 14/63
2026-03-06 01:02:08,258 - INFO - Skipping oracle trial plots (skip_oracle_plots=True)
2026-03-06 01:02:08,263 - INFO - Experiment complete. Summary: {
  "run_dir": "/scratch/sb272/patterns5k_results/slurm_hist_cnn_2026-03-05_16-01-45/trial_0554_learning_rate=1.0e-03_history=2_kernel_sizes=3x3x3_conv_channels=256x256x256_fc_dims=1024_seed0",
  "model_type": "cnn",
  "batch_avg_test_loss": 0.15151978981494904,
  "batch_avg_test_corr": 0.26211778668360336,
  "all_test_fve": 0.08262099160088433,
  "AR_FVE": -0.011512464001065209,
  "AR_test_correlation": 0.07195372879505157,
  "best_val_corr": 0.27323978462663634,
  "total_params": 803903,
  "trainable_params": 803903,
  "epochs_trained": 50,
  "mean_pattern_corr": 0.7736936833464555,
  "history": 2,
  "init_state": true,
  "loo_avg_mean_corr": 0.45456832695830385,
  "model_avg_mean_corr": 0.6221242644486032,
  "neurons_model_beats_loo_avg": 57,
  "loo_temporal_mean_corr": 0.31855225563049316,
  "all_test_corr": 0.27305495738983154,
  "neurons_model_beats_loo_temporal": 14,
  "kernel_sizes": [
    3,
    3,
    3
  ],
  "conv_channels": [
    256,
    256,
    256
  ],
  "fc_dims": [
    1024
  ]
}
