2026-03-04 17:12:33,165 - INFO - ============================================================
2026-03-04 17:12:33,165 - INFO - Experiment run directory: /scratch/sb272/patterns5k_results/slurm_base_cnn_2026-03-04_16-53-19/trial_0060_learning_rate=5.0e-04_kernel_sizes=3x3_conv_channels=64x128_fc_dims=128_seed4
2026-03-04 17:12:33,165 - INFO - ============================================================
2026-03-04 17:12:33,165 - INFO - Loading data …
2026-03-04 17:12:34,189 - INFO - 63 unique neurons after dropping problematic neurons
2026-03-04 17:12:35,135 - INFO - Stimulation channels: 42, Spiking neurons: 63
2026-03-04 17:13:48,771 - INFO - Unique patterns: 4050, Total trials: 5000
2026-03-04 17:13:48,772 - INFO - Stimulation channels: 42, Spiking neurons: 63
2026-03-04 17:13:48,772 - INFO - Unique patterns: 4050, Total trials: 5000
2026-03-04 17:13:48,784 - INFO - Split (oracle): train=3400, val=600, test=1000
2026-03-04 17:14:02,957 - INFO - BinnedStimSpikeDataset initialized:
2026-03-04 17:14:02,957 - INFO -   input_bin_size_ms=10, output_bin_size_ms=10
2026-03-04 17:14:02,957 - INFO -   n_input_bins=60, n_output_bins=60
2026-03-04 17:14:02,957 - INFO -   output_offset=0, total_bins_input=60, total_bins_output=60
2026-03-04 17:14:02,957 - INFO -   Valid start positions per trial: 0 to 0
2026-03-04 17:14:02,957 - INFO -   Total samples: 3400 (3400 trials × 1 positions)
2026-03-04 17:14:16,749 - INFO - BinnedStimSpikeDataset initialized:
2026-03-04 17:14:16,750 - INFO -   input_bin_size_ms=10, output_bin_size_ms=10
2026-03-04 17:14:16,750 - INFO -   n_input_bins=60, n_output_bins=60
2026-03-04 17:14:16,750 - INFO -   output_offset=0, total_bins_input=60, total_bins_output=60
2026-03-04 17:14:16,750 - INFO -   Valid start positions per trial: 0 to 0
2026-03-04 17:14:16,750 - INFO -   Total samples: 600 (600 trials × 1 positions)
2026-03-04 17:14:30,584 - INFO - BinnedStimSpikeDataset initialized:
2026-03-04 17:14:30,584 - INFO -   input_bin_size_ms=10, output_bin_size_ms=10
2026-03-04 17:14:30,584 - INFO -   n_input_bins=60, n_output_bins=60
2026-03-04 17:14:30,584 - INFO -   output_offset=0, total_bins_input=60, total_bins_output=60
2026-03-04 17:14:30,584 - INFO -   Valid start positions per trial: 0 to 0
2026-03-04 17:14:30,584 - INFO -   Total samples: 1000 (1000 trials × 1 positions)
2026-03-04 17:14:30,584 - INFO - Samples — train: 3400, val: 600, test: 1000
2026-03-04 17:14:30,584 - INFO - Input channels: 42, Neurons: 63
2026-03-04 17:14:30,601 - INFO - Using CPU
2026-03-04 17:14:30,605 - INFO - Model: CNN — 57,855 trainable params (57,855 total)
2026-03-04 17:14:35,045 - INFO - Starting training …
2026-03-04 17:14:37,897 - INFO - Epoch   1/50 | Train: 0.278815 | Val: 0.189763 | Corr: 0.062763 | LR: 5.00e-04
2026-03-04 17:14:37,906 - INFO -   ↳ Saved best model (val_corr=0.062763)
2026-03-04 17:14:40,256 - INFO - Epoch   2/50 | Train: 0.187486 | Val: 0.191043 | Corr: 0.070706 | LR: 5.00e-04
2026-03-04 17:14:40,277 - INFO -   ↳ Saved best model (val_corr=0.070706)
2026-03-04 17:14:42,524 - INFO - Epoch   3/50 | Train: 0.185576 | Val: 0.186296 | Corr: 0.075544 | LR: 5.00e-04
2026-03-04 17:14:42,544 - INFO -   ↳ Saved best model (val_corr=0.075544)
2026-03-04 17:14:44,781 - INFO - Epoch   4/50 | Train: 0.184268 | Val: 0.186617 | Corr: 0.079092 | LR: 5.00e-04
2026-03-04 17:14:44,797 - INFO -   ↳ Saved best model (val_corr=0.079092)
2026-03-04 17:14:47,038 - INFO - Epoch   5/50 | Train: 0.183260 | Val: 0.187677 | Corr: 0.084286 | LR: 5.00e-04
2026-03-04 17:14:47,109 - INFO -   ↳ Saved best model (val_corr=0.084286)
2026-03-04 17:14:49,378 - INFO - Epoch   6/50 | Train: 0.182608 | Val: 0.184671 | Corr: 0.087919 | LR: 5.00e-04
2026-03-04 17:14:49,387 - INFO -   ↳ Saved best model (val_corr=0.087919)
2026-03-04 17:14:51,642 - INFO - Epoch   7/50 | Train: 0.181885 | Val: 0.182136 | Corr: 0.091660 | LR: 5.00e-04
2026-03-04 17:14:51,653 - INFO -   ↳ Saved best model (val_corr=0.091660)
2026-03-04 17:14:53,922 - INFO - Epoch   8/50 | Train: 0.181421 | Val: 0.183864 | Corr: 0.094189 | LR: 5.00e-04
2026-03-04 17:14:53,933 - INFO -   ↳ Saved best model (val_corr=0.094189)
2026-03-04 17:14:56,144 - INFO - Epoch   9/50 | Train: 0.180908 | Val: 0.184643 | Corr: 0.097329 | LR: 5.00e-04
2026-03-04 17:14:56,152 - INFO -   ↳ Saved best model (val_corr=0.097329)
2026-03-04 17:14:58,373 - INFO - Epoch  10/50 | Train: 0.180447 | Val: 0.184075 | Corr: 0.100236 | LR: 5.00e-04
2026-03-04 17:14:58,382 - INFO -   ↳ Saved best model (val_corr=0.100236)
2026-03-04 17:15:00,612 - INFO - Epoch  11/50 | Train: 0.180146 | Val: 0.181513 | Corr: 0.102804 | LR: 5.00e-04
2026-03-04 17:15:00,623 - INFO -   ↳ Saved best model (val_corr=0.102804)
2026-03-04 17:15:02,865 - INFO - Epoch  12/50 | Train: 0.179920 | Val: 0.181301 | Corr: 0.105573 | LR: 5.00e-04
2026-03-04 17:15:02,876 - INFO -   ↳ Saved best model (val_corr=0.105573)
2026-03-04 17:15:05,096 - INFO - Epoch  13/50 | Train: 0.179586 | Val: 0.182389 | Corr: 0.108119 | LR: 5.00e-04
2026-03-04 17:15:05,108 - INFO -   ↳ Saved best model (val_corr=0.108119)
2026-03-04 17:15:07,324 - INFO - Epoch  14/50 | Train: 0.179246 | Val: 0.180285 | Corr: 0.110141 | LR: 5.00e-04
2026-03-04 17:15:07,336 - INFO -   ↳ Saved best model (val_corr=0.110141)
2026-03-04 17:15:09,573 - INFO - Epoch  15/50 | Train: 0.179046 | Val: 0.181271 | Corr: 0.111464 | LR: 5.00e-04
2026-03-04 17:15:09,583 - INFO -   ↳ Saved best model (val_corr=0.111464)
2026-03-04 17:15:11,811 - INFO - Epoch  16/50 | Train: 0.178943 | Val: 0.180123 | Corr: 0.114423 | LR: 5.00e-04
2026-03-04 17:15:11,823 - INFO -   ↳ Saved best model (val_corr=0.114423)
2026-03-04 17:15:14,140 - INFO - Epoch  17/50 | Train: 0.178592 | Val: 0.179807 | Corr: 0.115876 | LR: 5.00e-04
2026-03-04 17:15:14,150 - INFO -   ↳ Saved best model (val_corr=0.115876)
2026-03-04 17:15:16,410 - INFO - Epoch  18/50 | Train: 0.178504 | Val: 0.179630 | Corr: 0.115793 | LR: 5.00e-04
2026-03-04 17:15:18,620 - INFO - Epoch  19/50 | Train: 0.178301 | Val: 0.179406 | Corr: 0.117187 | LR: 5.00e-04
2026-03-04 17:15:18,631 - INFO -   ↳ Saved best model (val_corr=0.117187)
2026-03-04 17:15:20,859 - INFO - Epoch  20/50 | Train: 0.178167 | Val: 0.180444 | Corr: 0.119922 | LR: 5.00e-04
2026-03-04 17:15:20,871 - INFO -   ↳ Saved best model (val_corr=0.119922)
2026-03-04 17:15:23,126 - INFO - Epoch  21/50 | Train: 0.178094 | Val: 0.179666 | Corr: 0.119978 | LR: 5.00e-04
2026-03-04 17:15:23,136 - INFO -   ↳ Saved best model (val_corr=0.119978)
2026-03-04 17:15:25,361 - INFO - Epoch  22/50 | Train: 0.177866 | Val: 0.179326 | Corr: 0.121579 | LR: 5.00e-04
2026-03-04 17:15:25,374 - INFO -   ↳ Saved best model (val_corr=0.121579)
2026-03-04 17:15:27,649 - INFO - Epoch  23/50 | Train: 0.177807 | Val: 0.178944 | Corr: 0.122093 | LR: 5.00e-04
2026-03-04 17:15:27,658 - INFO -   ↳ Saved best model (val_corr=0.122093)
2026-03-04 17:15:29,945 - INFO - Epoch  24/50 | Train: 0.177660 | Val: 0.178803 | Corr: 0.121777 | LR: 5.00e-04
2026-03-04 17:15:32,320 - INFO - Epoch  25/50 | Train: 0.177617 | Val: 0.179008 | Corr: 0.124251 | LR: 5.00e-04
2026-03-04 17:15:32,330 - INFO -   ↳ Saved best model (val_corr=0.124251)
2026-03-04 17:15:34,667 - INFO - Epoch  26/50 | Train: 0.177523 | Val: 0.178699 | Corr: 0.125088 | LR: 5.00e-04
2026-03-04 17:15:34,677 - INFO -   ↳ Saved best model (val_corr=0.125088)
2026-03-04 17:15:36,959 - INFO - Epoch  27/50 | Train: 0.177321 | Val: 0.178789 | Corr: 0.124220 | LR: 5.00e-04
2026-03-04 17:15:39,241 - INFO - Epoch  28/50 | Train: 0.177295 | Val: 0.178567 | Corr: 0.125888 | LR: 5.00e-04
2026-03-04 17:15:39,251 - INFO -   ↳ Saved best model (val_corr=0.125888)
2026-03-04 17:15:41,540 - INFO - Epoch  29/50 | Train: 0.177208 | Val: 0.178771 | Corr: 0.127139 | LR: 5.00e-04
2026-03-04 17:15:41,557 - INFO -   ↳ Saved best model (val_corr=0.127139)
2026-03-04 17:15:43,834 - INFO - Epoch  30/50 | Train: 0.177138 | Val: 0.179235 | Corr: 0.127242 | LR: 5.00e-04
2026-03-04 17:15:43,844 - INFO -   ↳ Saved best model (val_corr=0.127242)
2026-03-04 17:15:46,115 - INFO - Epoch  31/50 | Train: 0.177048 | Val: 0.178403 | Corr: 0.128277 | LR: 5.00e-04
2026-03-04 17:15:46,124 - INFO -   ↳ Saved best model (val_corr=0.128277)
2026-03-04 17:15:48,397 - INFO - Epoch  32/50 | Train: 0.177017 | Val: 0.178100 | Corr: 0.128175 | LR: 5.00e-04
2026-03-04 17:15:50,692 - INFO - Epoch  33/50 | Train: 0.176958 | Val: 0.178421 | Corr: 0.127039 | LR: 5.00e-04
2026-03-04 17:15:53,028 - INFO - Epoch  34/50 | Train: 0.176958 | Val: 0.178244 | Corr: 0.129344 | LR: 5.00e-04
2026-03-04 17:15:53,067 - INFO -   ↳ Saved best model (val_corr=0.129344)
2026-03-04 17:15:55,421 - INFO - Epoch  35/50 | Train: 0.176787 | Val: 0.178337 | Corr: 0.129504 | LR: 5.00e-04
2026-03-04 17:15:55,428 - INFO -   ↳ Saved best model (val_corr=0.129504)
2026-03-04 17:15:57,767 - INFO - Epoch  36/50 | Train: 0.176810 | Val: 0.178246 | Corr: 0.129822 | LR: 5.00e-04
2026-03-04 17:15:57,777 - INFO -   ↳ Saved best model (val_corr=0.129822)
2026-03-04 17:16:00,114 - INFO - Epoch  37/50 | Train: 0.176838 | Val: 0.177939 | Corr: 0.129454 | LR: 5.00e-04
2026-03-04 17:16:02,496 - INFO - Epoch  38/50 | Train: 0.176659 | Val: 0.178167 | Corr: 0.130736 | LR: 5.00e-04
2026-03-04 17:16:02,504 - INFO -   ↳ Saved best model (val_corr=0.130736)
2026-03-04 17:16:04,733 - INFO - Epoch  39/50 | Train: 0.176680 | Val: 0.178804 | Corr: 0.131733 | LR: 5.00e-04
2026-03-04 17:16:04,751 - INFO -   ↳ Saved best model (val_corr=0.131733)
2026-03-04 17:16:06,952 - INFO - Epoch  40/50 | Train: 0.176528 | Val: 0.178209 | Corr: 0.131468 | LR: 5.00e-04
2026-03-04 17:16:09,180 - INFO - Epoch  41/50 | Train: 0.176576 | Val: 0.177750 | Corr: 0.131836 | LR: 5.00e-04
2026-03-04 17:16:09,189 - INFO -   ↳ Saved best model (val_corr=0.131836)
2026-03-04 17:16:11,433 - INFO - Epoch  42/50 | Train: 0.176557 | Val: 0.178121 | Corr: 0.131526 | LR: 5.00e-04
2026-03-04 17:16:13,653 - INFO - Epoch  43/50 | Train: 0.176454 | Val: 0.178759 | Corr: 0.131943 | LR: 5.00e-04
2026-03-04 17:16:13,667 - INFO -   ↳ Saved best model (val_corr=0.131943)
2026-03-04 17:16:15,915 - INFO - Epoch  44/50 | Train: 0.176481 | Val: 0.177900 | Corr: 0.132888 | LR: 5.00e-04
2026-03-04 17:16:15,927 - INFO -   ↳ Saved best model (val_corr=0.132888)
2026-03-04 17:16:18,180 - INFO - Epoch  45/50 | Train: 0.176405 | Val: 0.177813 | Corr: 0.131821 | LR: 5.00e-04
2026-03-04 17:16:20,392 - INFO - Epoch  46/50 | Train: 0.176384 | Val: 0.177544 | Corr: 0.133318 | LR: 5.00e-04
2026-03-04 17:16:20,401 - INFO -   ↳ Saved best model (val_corr=0.133318)
2026-03-04 17:16:22,637 - INFO - Epoch  47/50 | Train: 0.176319 | Val: 0.178510 | Corr: 0.132962 | LR: 5.00e-04
2026-03-04 17:16:24,838 - INFO - Epoch  48/50 | Train: 0.176281 | Val: 0.177758 | Corr: 0.132580 | LR: 5.00e-04
2026-03-04 17:16:27,045 - INFO - Epoch  49/50 | Train: 0.176284 | Val: 0.177995 | Corr: 0.133927 | LR: 5.00e-04
2026-03-04 17:16:27,054 - INFO -   ↳ Saved best model (val_corr=0.133927)
2026-03-04 17:16:29,258 - INFO - Epoch  50/50 | Train: 0.176156 | Val: 0.177602 | Corr: 0.133148 | LR: 5.00e-04
2026-03-04 17:16:29,258 - INFO - Training complete — best val corr: 0.133927
2026-03-04 17:16:30,108 - INFO - Test loss: 0.169242, Test corr: 0.128513
2026-03-04 17:16:30,260 - INFO - Fraction of variance explained (FVE): 0.018413
2026-03-04 17:16:30,260 - INFO - Generating figures …
2026-03-04 17:16:30,642 - INFO - Correlation between predicted and actual per-neuron averages: r=0.9899, p=0.00e+00
2026-03-04 17:16:31,844 - INFO - Pattern selectivity summary:
2026-03-04 17:16:31,844 - INFO -   Mean correlation across neurons: 0.4640
2026-03-04 17:16:31,845 - INFO -   Median correlation: 0.5281
2026-03-04 17:16:31,845 - INFO -   Neurons with r > 0.5: 33 / 63
2026-03-04 17:16:31,845 - INFO -   Neurons with r > 0.3: 50 / 63
2026-03-04 17:16:31,845 - INFO - Pattern selectivity — mean neuron corr: 0.4640
2026-03-04 17:16:32,758 - INFO - LOO (avg rate) — Model mean r: 0.2743, LOO mean r: 0.4546, Neurons model > LOO: 1/63
2026-03-04 17:16:34,161 - INFO - LOO (temporal) — Model mean r: 0.1299, LOO mean r: 0.3186, Neurons model > LOO: 0/63
2026-03-04 17:16:34,161 - INFO - Skipping oracle trial plots (skip_oracle_plots=True)
2026-03-04 17:16:34,169 - INFO - Experiment complete. Summary: {
  "run_dir": "/scratch/sb272/patterns5k_results/slurm_base_cnn_2026-03-04_16-53-19/trial_0060_learning_rate=5.0e-04_kernel_sizes=3x3_conv_channels=64x128_fc_dims=128_seed4",
  "model_type": "cnn",
  "batch_avg_test_loss": 0.16924174165725708,
  "batch_avg_test_corr": 0.12851322902914064,
  "all_test_fve": 0.018412660984765915,
  "AR_FVE": NaN,
  "AR_test_correlation": NaN,
  "best_val_corr": 0.13392701872292234,
  "total_params": 57855,
  "trainable_params": 57855,
  "epochs_trained": 50,
  "mean_pattern_corr": 0.4639787579601446,
  "history": 0,
  "init_state": true,
  "loo_avg_mean_corr": 0.45456832695830385,
  "model_avg_mean_corr": 0.27425736372061965,
  "neurons_model_beats_loo_avg": 1,
  "loo_temporal_mean_corr": 0.31855225563049316,
  "all_test_corr": 0.12985630333423615,
  "neurons_model_beats_loo_temporal": 0,
  "kernel_sizes": [
    3,
    3
  ],
  "conv_channels": [
    64,
    128
  ],
  "fc_dims": [
    128
  ]
}
