2026-03-06 09:58:16,517 - INFO - ============================================================
2026-03-06 09:58:16,517 - INFO - Experiment run directory: /scratch/sb272/patterns5k_results/slurm_base_cnn_2026-03-06_09-50-40/trial_0050_learning_rate=1.0e-03_kernel_sizes=3x3x3_conv_channels=128x128x128_fc_dims=256_seed1
2026-03-06 09:58:16,517 - INFO - ============================================================
2026-03-06 09:58:16,517 - INFO - Loading data …
2026-03-06 09:58:17,337 - INFO - 63 unique neurons after dropping problematic neurons
2026-03-06 09:58:18,496 - INFO - Stimulation channels: 42, Spiking neurons: 63
2026-03-06 10:00:13,924 - INFO - Unique patterns: 4050, Total trials: 5000
2026-03-06 10:00:13,925 - INFO - Stimulation channels: 42, Spiking neurons: 63
2026-03-06 10:00:13,925 - INFO - Unique patterns: 4050, Total trials: 5000
2026-03-06 10:00:13,942 - INFO - Split (oracle): train=3400, val=600, test=1000
2026-03-06 10:00:37,954 - INFO - BinnedStimSpikeDataset initialized:
2026-03-06 10:00:37,955 - INFO -   input_bin_size_ms=10, output_bin_size_ms=10
2026-03-06 10:00:37,955 - INFO -   n_input_bins=60, n_output_bins=60
2026-03-06 10:00:37,955 - INFO -   output_offset=0, total_bins_input=60, total_bins_output=60
2026-03-06 10:00:37,955 - INFO -   Valid start positions per trial: 0 to 0
2026-03-06 10:00:37,955 - INFO -   Total samples: 3400 (3400 trials × 1 positions)
2026-03-06 10:01:01,309 - INFO - BinnedStimSpikeDataset initialized:
2026-03-06 10:01:01,309 - INFO -   input_bin_size_ms=10, output_bin_size_ms=10
2026-03-06 10:01:01,309 - INFO -   n_input_bins=60, n_output_bins=60
2026-03-06 10:01:01,309 - INFO -   output_offset=0, total_bins_input=60, total_bins_output=60
2026-03-06 10:01:01,309 - INFO -   Valid start positions per trial: 0 to 0
2026-03-06 10:01:01,309 - INFO -   Total samples: 600 (600 trials × 1 positions)
2026-03-06 10:01:24,958 - INFO - BinnedStimSpikeDataset initialized:
2026-03-06 10:01:24,958 - INFO -   input_bin_size_ms=10, output_bin_size_ms=10
2026-03-06 10:01:24,958 - INFO -   n_input_bins=60, n_output_bins=60
2026-03-06 10:01:24,959 - INFO -   output_offset=0, total_bins_input=60, total_bins_output=60
2026-03-06 10:01:24,959 - INFO -   Valid start positions per trial: 0 to 0
2026-03-06 10:01:24,959 - INFO -   Total samples: 1000 (1000 trials × 1 positions)
2026-03-06 10:01:24,959 - INFO - Samples — train: 3400, val: 600, test: 1000
2026-03-06 10:01:24,959 - INFO - Input channels: 42, Neurons: 63
2026-03-06 10:01:24,978 - INFO - Using CPU
2026-03-06 10:01:24,982 - INFO - Model: CNN — 164,799 trainable params (164,799 total)
2026-03-06 10:01:30,664 - INFO - Starting training …
2026-03-06 10:01:36,530 - INFO - Epoch   1/50 | Train: 0.218637 | Val: 0.182579 | Corr: 0.082218 | LR: 1.00e-03
2026-03-06 10:01:36,544 - INFO -   ↳ Saved best model (val_corr=0.082218)
2026-03-06 10:01:41,672 - INFO - Epoch   2/50 | Train: 0.183015 | Val: 0.181168 | Corr: 0.090966 | LR: 1.00e-03
2026-03-06 10:01:41,686 - INFO -   ↳ Saved best model (val_corr=0.090966)
2026-03-06 10:01:46,719 - INFO - Epoch   3/50 | Train: 0.181840 | Val: 0.181269 | Corr: 0.097917 | LR: 1.00e-03
2026-03-06 10:01:46,737 - INFO -   ↳ Saved best model (val_corr=0.097917)
2026-03-06 10:01:51,771 - INFO - Epoch   4/50 | Train: 0.181053 | Val: 0.179570 | Corr: 0.107340 | LR: 1.00e-03
2026-03-06 10:01:51,787 - INFO -   ↳ Saved best model (val_corr=0.107340)
2026-03-06 10:01:56,837 - INFO - Epoch   5/50 | Train: 0.180074 | Val: 0.179644 | Corr: 0.107891 | LR: 1.00e-03
2026-03-06 10:01:56,850 - INFO -   ↳ Saved best model (val_corr=0.107891)
2026-03-06 10:02:02,074 - INFO - Epoch   6/50 | Train: 0.179464 | Val: 0.178579 | Corr: 0.117343 | LR: 1.00e-03
2026-03-06 10:02:02,090 - INFO -   ↳ Saved best model (val_corr=0.117343)
2026-03-06 10:02:06,912 - INFO - Epoch   7/50 | Train: 0.178809 | Val: 0.178284 | Corr: 0.123325 | LR: 1.00e-03
2026-03-06 10:02:06,930 - INFO -   ↳ Saved best model (val_corr=0.123325)
2026-03-06 10:02:11,993 - INFO - Epoch   8/50 | Train: 0.178382 | Val: 0.178080 | Corr: 0.125401 | LR: 1.00e-03
2026-03-06 10:02:12,007 - INFO -   ↳ Saved best model (val_corr=0.125401)
2026-03-06 10:02:17,096 - INFO - Epoch   9/50 | Train: 0.177931 | Val: 0.180223 | Corr: 0.127491 | LR: 1.00e-03
2026-03-06 10:02:17,107 - INFO -   ↳ Saved best model (val_corr=0.127491)
2026-03-06 10:02:22,216 - INFO - Epoch  10/50 | Train: 0.177601 | Val: 0.177620 | Corr: 0.128241 | LR: 1.00e-03
2026-03-06 10:02:22,234 - INFO -   ↳ Saved best model (val_corr=0.128241)
2026-03-06 10:02:27,231 - INFO - Epoch  11/50 | Train: 0.177230 | Val: 0.178313 | Corr: 0.127921 | LR: 1.00e-03
2026-03-06 10:02:32,261 - INFO - Epoch  12/50 | Train: 0.176787 | Val: 0.177417 | Corr: 0.131743 | LR: 1.00e-03
2026-03-06 10:02:32,279 - INFO -   ↳ Saved best model (val_corr=0.131743)
2026-03-06 10:02:37,296 - INFO - Epoch  13/50 | Train: 0.176479 | Val: 0.177600 | Corr: 0.131078 | LR: 1.00e-03
2026-03-06 10:02:42,328 - INFO - Epoch  14/50 | Train: 0.176287 | Val: 0.178495 | Corr: 0.128440 | LR: 1.00e-03
2026-03-06 10:02:47,252 - INFO - Epoch  15/50 | Train: 0.176082 | Val: 0.177427 | Corr: 0.135412 | LR: 1.00e-03
2026-03-06 10:02:47,267 - INFO -   ↳ Saved best model (val_corr=0.135412)
2026-03-06 10:02:52,185 - INFO - Epoch  16/50 | Train: 0.175869 | Val: 0.177423 | Corr: 0.135275 | LR: 1.00e-03
2026-03-06 10:02:57,387 - INFO - Epoch  17/50 | Train: 0.175723 | Val: 0.177621 | Corr: 0.134511 | LR: 1.00e-03
2026-03-06 10:03:02,397 - INFO - Epoch  18/50 | Train: 0.175457 | Val: 0.177013 | Corr: 0.137521 | LR: 1.00e-03
2026-03-06 10:03:02,413 - INFO -   ↳ Saved best model (val_corr=0.137521)
2026-03-06 10:03:07,340 - INFO - Epoch  19/50 | Train: 0.175301 | Val: 0.177124 | Corr: 0.136600 | LR: 1.00e-03
2026-03-06 10:03:12,269 - INFO - Epoch  20/50 | Train: 0.175065 | Val: 0.177208 | Corr: 0.135875 | LR: 1.00e-03
2026-03-06 10:03:17,128 - INFO - Epoch  21/50 | Train: 0.174986 | Val: 0.177194 | Corr: 0.135939 | LR: 1.00e-03
2026-03-06 10:03:21,999 - INFO - Epoch  22/50 | Train: 0.174664 | Val: 0.177275 | Corr: 0.135584 | LR: 1.00e-03
2026-03-06 10:03:26,963 - INFO - Epoch  23/50 | Train: 0.174643 | Val: 0.177201 | Corr: 0.136572 | LR: 1.00e-03
2026-03-06 10:03:31,932 - INFO - Epoch  24/50 | Train: 0.174613 | Val: 0.177658 | Corr: 0.133709 | LR: 5.00e-04
2026-03-06 10:03:36,899 - INFO - Epoch  25/50 | Train: 0.173733 | Val: 0.177016 | Corr: 0.137531 | LR: 5.00e-04
2026-03-06 10:03:36,916 - INFO -   ↳ Saved best model (val_corr=0.137531)
2026-03-06 10:03:41,889 - INFO - Epoch  26/50 | Train: 0.173581 | Val: 0.178140 | Corr: 0.133824 | LR: 5.00e-04
2026-03-06 10:03:46,960 - INFO - Epoch  27/50 | Train: 0.173543 | Val: 0.177262 | Corr: 0.136517 | LR: 5.00e-04
2026-03-06 10:03:52,140 - INFO - Epoch  28/50 | Train: 0.173473 | Val: 0.177377 | Corr: 0.136459 | LR: 5.00e-04
2026-03-06 10:03:57,116 - INFO - Epoch  29/50 | Train: 0.173338 | Val: 0.177208 | Corr: 0.137083 | LR: 5.00e-04
2026-03-06 10:04:02,090 - INFO - Epoch  30/50 | Train: 0.173268 | Val: 0.177112 | Corr: 0.137376 | LR: 2.50e-04
2026-03-06 10:04:07,172 - INFO - Epoch  31/50 | Train: 0.172845 | Val: 0.177507 | Corr: 0.135677 | LR: 2.50e-04
2026-03-06 10:04:12,263 - INFO - Epoch  32/50 | Train: 0.172725 | Val: 0.177703 | Corr: 0.134426 | LR: 2.50e-04
2026-03-06 10:04:17,368 - INFO - Epoch  33/50 | Train: 0.172677 | Val: 0.178056 | Corr: 0.133173 | LR: 2.50e-04
2026-03-06 10:04:22,463 - INFO - Epoch  34/50 | Train: 0.172636 | Val: 0.177492 | Corr: 0.135761 | LR: 2.50e-04
2026-03-06 10:04:27,514 - INFO - Epoch  35/50 | Train: 0.172488 | Val: 0.177740 | Corr: 0.134962 | LR: 2.50e-04
2026-03-06 10:04:27,514 - INFO - Early stopping at epoch 35
2026-03-06 10:04:27,515 - INFO - Training complete — best val corr: 0.137531
2026-03-06 10:04:28,820 - INFO - Test loss: 0.168654, Test corr: 0.131567
2026-03-06 10:04:29,176 - INFO - Fraction of variance explained (FVE): 0.020641
2026-03-06 10:04:29,176 - INFO - Generating figures …
2026-03-06 10:04:29,779 - INFO - Correlation between predicted and actual per-neuron averages: r=0.9903, p=0.00e+00
2026-03-06 10:04:31,712 - INFO - Pattern selectivity summary:
2026-03-06 10:04:31,712 - INFO -   Mean correlation across neurons: 0.4784
2026-03-06 10:04:31,712 - INFO -   Median correlation: 0.4959
2026-03-06 10:04:31,712 - INFO -   Neurons with r > 0.5: 31 / 63
2026-03-06 10:04:31,712 - INFO -   Neurons with r > 0.3: 51 / 63
2026-03-06 10:04:31,712 - INFO - Pattern selectivity — mean neuron corr: 0.4784
2026-03-06 10:04:33,197 - INFO - LOO (avg rate) — Model mean r: 0.2775, LOO mean r: 0.4546, Neurons model > LOO: 1/63
2026-03-06 10:04:35,073 - INFO - LOO (temporal) — Model mean r: 0.1323, LOO mean r: 0.3186, Neurons model > LOO: 0/63
2026-03-06 10:04:35,073 - INFO - Skipping oracle trial plots (skip_oracle_plots=True)
2026-03-06 10:04:35,081 - INFO - Experiment complete. Summary: {
  "run_dir": "/scratch/sb272/patterns5k_results/slurm_base_cnn_2026-03-06_09-50-40/trial_0050_learning_rate=1.0e-03_kernel_sizes=3x3x3_conv_channels=128x128x128_fc_dims=256_seed1",
  "model_type": "cnn",
  "batch_avg_test_loss": 0.16865426254272461,
  "batch_avg_test_corr": 0.1315672443430508,
  "all_test_fve": 0.020641322173769513,
  "AR_FVE": NaN,
  "AR_test_correlation": NaN,
  "best_val_corr": 0.13753112387878302,
  "total_params": 164799,
  "trainable_params": 164799,
  "epochs_trained": 35,
  "mean_pattern_corr": 0.47838215196934925,
  "history": 0,
  "init_state": true,
  "loo_avg_mean_corr": 0.45456832695830385,
  "model_avg_mean_corr": 0.2775187003134719,
  "neurons_model_beats_loo_avg": 1,
  "loo_temporal_mean_corr": 0.31855225563049316,
  "all_test_corr": 0.13233648240566254,
  "neurons_model_beats_loo_temporal": 0,
  "kernel_sizes": [
    3,
    3,
    3
  ],
  "conv_channels": [
    128,
    128,
    128
  ],
  "fc_dims": [
    256
  ]
}
