2026-03-05 23:17:07,946 - INFO - ============================================================
2026-03-05 23:17:07,946 - INFO - Experiment run directory: /scratch/sb272/patterns5k_results/slurm_hist_cnn_2026-03-05_16-01-45/trial_0094_learning_rate=1.0e-04_history=2_kernel_sizes=5x3_conv_channels=128x256_fc_dims=512_seed1
2026-03-05 23:17:07,946 - INFO - ============================================================
2026-03-05 23:17:07,946 - INFO - Loading data …
2026-03-05 23:17:09,186 - INFO - 63 unique neurons after dropping problematic neurons
2026-03-05 23:17:10,512 - INFO - Stimulation channels: 42, Spiking neurons: 63
2026-03-05 23:19:47,689 - INFO - Unique patterns: 4050, Total trials: 5000
2026-03-05 23:19:47,691 - INFO - Stimulation channels: 42, Spiking neurons: 63
2026-03-05 23:19:47,691 - INFO - Unique patterns: 4050, Total trials: 5000
2026-03-05 23:19:47,714 - INFO - Split (oracle): train=3400, val=600, test=1000
2026-03-05 23:20:21,785 - INFO - BinnedStimSpikeDataset initialized:
2026-03-05 23:20:21,785 - INFO -   input_bin_size_ms=10, output_bin_size_ms=10
2026-03-05 23:20:21,785 - INFO -   n_input_bins=60, n_output_bins=60
2026-03-05 23:20:21,785 - INFO -   output_offset=0, total_bins_input=60, total_bins_output=60
2026-03-05 23:20:21,785 - INFO -   Valid start positions per trial: 0 to 0
2026-03-05 23:20:21,785 - INFO -   Total samples: 3400 (3400 trials × 1 positions)
2026-03-05 23:20:54,965 - INFO - BinnedStimSpikeDataset initialized:
2026-03-05 23:20:54,966 - INFO -   input_bin_size_ms=10, output_bin_size_ms=10
2026-03-05 23:20:54,966 - INFO -   n_input_bins=60, n_output_bins=60
2026-03-05 23:20:54,966 - INFO -   output_offset=0, total_bins_input=60, total_bins_output=60
2026-03-05 23:20:54,966 - INFO -   Valid start positions per trial: 0 to 0
2026-03-05 23:20:54,966 - INFO -   Total samples: 600 (600 trials × 1 positions)
2026-03-05 23:21:28,371 - INFO - BinnedStimSpikeDataset initialized:
2026-03-05 23:21:28,371 - INFO -   input_bin_size_ms=10, output_bin_size_ms=10
2026-03-05 23:21:28,371 - INFO -   n_input_bins=60, n_output_bins=60
2026-03-05 23:21:28,371 - INFO -   output_offset=0, total_bins_input=60, total_bins_output=60
2026-03-05 23:21:28,371 - INFO -   Valid start positions per trial: 0 to 0
2026-03-05 23:21:28,371 - INFO -   Total samples: 1000 (1000 trials × 1 positions)
2026-03-05 23:21:28,371 - INFO - Samples — train: 3400, val: 600, test: 1000
2026-03-05 23:21:28,371 - INFO - Input channels: 105, Neurons: 63
2026-03-05 23:21:28,390 - INFO - Using CPU
2026-03-05 23:21:28,396 - INFO - Model: CNN — 330,559 trainable params (330,559 total)
2026-03-05 23:21:31,704 - INFO - Starting training …
2026-03-05 23:21:43,641 - INFO - Epoch   1/50 | Train: 0.322020 | Val: 0.186345 | Corr: 0.105726 | LR: 1.00e-04
2026-03-05 23:21:43,656 - INFO -   ↳ Saved best model (val_corr=0.105726)
2026-03-05 23:21:54,308 - INFO - Epoch   2/50 | Train: 0.180739 | Val: 0.183728 | Corr: 0.127657 | LR: 1.00e-04
2026-03-05 23:21:54,325 - INFO -   ↳ Saved best model (val_corr=0.127657)
2026-03-05 23:22:04,602 - INFO - Epoch   3/50 | Train: 0.178404 | Val: 0.181243 | Corr: 0.138385 | LR: 1.00e-04
2026-03-05 23:22:04,614 - INFO -   ↳ Saved best model (val_corr=0.138385)
2026-03-05 23:22:15,257 - INFO - Epoch   4/50 | Train: 0.176566 | Val: 0.179672 | Corr: 0.146260 | LR: 1.00e-04
2026-03-05 23:22:15,269 - INFO -   ↳ Saved best model (val_corr=0.146260)
2026-03-05 23:22:26,219 - INFO - Epoch   5/50 | Train: 0.174988 | Val: 0.176702 | Corr: 0.154292 | LR: 1.00e-04
2026-03-05 23:22:26,231 - INFO -   ↳ Saved best model (val_corr=0.154292)
2026-03-05 23:22:37,045 - INFO - Epoch   6/50 | Train: 0.173723 | Val: 0.178926 | Corr: 0.159342 | LR: 1.00e-04
2026-03-05 23:22:37,059 - INFO -   ↳ Saved best model (val_corr=0.159342)
2026-03-05 23:22:47,915 - INFO - Epoch   7/50 | Train: 0.172603 | Val: 0.175389 | Corr: 0.167066 | LR: 1.00e-04
2026-03-05 23:22:47,929 - INFO -   ↳ Saved best model (val_corr=0.167066)
2026-03-05 23:22:58,870 - INFO - Epoch   8/50 | Train: 0.171800 | Val: 0.175866 | Corr: 0.171838 | LR: 1.00e-04
2026-03-05 23:22:58,889 - INFO -   ↳ Saved best model (val_corr=0.171838)
2026-03-05 23:23:09,693 - INFO - Epoch   9/50 | Train: 0.171043 | Val: 0.175004 | Corr: 0.176615 | LR: 1.00e-04
2026-03-05 23:23:09,708 - INFO -   ↳ Saved best model (val_corr=0.176615)
2026-03-05 23:23:19,468 - INFO - Epoch  10/50 | Train: 0.170330 | Val: 0.174485 | Corr: 0.180677 | LR: 1.00e-04
2026-03-05 23:23:19,481 - INFO -   ↳ Saved best model (val_corr=0.180677)
2026-03-05 23:23:29,983 - INFO - Epoch  11/50 | Train: 0.169568 | Val: 0.173964 | Corr: 0.184435 | LR: 1.00e-04
2026-03-05 23:23:29,996 - INFO -   ↳ Saved best model (val_corr=0.184435)
2026-03-05 23:23:40,355 - INFO - Epoch  12/50 | Train: 0.168993 | Val: 0.172520 | Corr: 0.188791 | LR: 1.00e-04
2026-03-05 23:23:40,380 - INFO -   ↳ Saved best model (val_corr=0.188791)
2026-03-05 23:23:50,755 - INFO - Epoch  13/50 | Train: 0.168338 | Val: 0.172915 | Corr: 0.192358 | LR: 1.00e-04
2026-03-05 23:23:50,772 - INFO -   ↳ Saved best model (val_corr=0.192358)
2026-03-05 23:24:01,641 - INFO - Epoch  14/50 | Train: 0.167991 | Val: 0.171407 | Corr: 0.196968 | LR: 1.00e-04
2026-03-05 23:24:01,655 - INFO -   ↳ Saved best model (val_corr=0.196968)
2026-03-05 23:24:12,394 - INFO - Epoch  15/50 | Train: 0.167379 | Val: 0.172634 | Corr: 0.199728 | LR: 1.00e-04
2026-03-05 23:24:12,408 - INFO -   ↳ Saved best model (val_corr=0.199728)
2026-03-05 23:24:23,255 - INFO - Epoch  16/50 | Train: 0.167027 | Val: 0.171768 | Corr: 0.202931 | LR: 1.00e-04
2026-03-05 23:24:23,270 - INFO -   ↳ Saved best model (val_corr=0.202931)
2026-03-05 23:24:33,672 - INFO - Epoch  17/50 | Train: 0.166534 | Val: 0.170214 | Corr: 0.205390 | LR: 1.00e-04
2026-03-05 23:24:33,687 - INFO -   ↳ Saved best model (val_corr=0.205390)
2026-03-05 23:24:43,933 - INFO - Epoch  18/50 | Train: 0.166046 | Val: 0.170576 | Corr: 0.210054 | LR: 1.00e-04
2026-03-05 23:24:43,951 - INFO -   ↳ Saved best model (val_corr=0.210054)
2026-03-05 23:24:54,426 - INFO - Epoch  19/50 | Train: 0.165690 | Val: 0.168661 | Corr: 0.212993 | LR: 1.00e-04
2026-03-05 23:24:54,440 - INFO -   ↳ Saved best model (val_corr=0.212993)
2026-03-05 23:25:04,727 - INFO - Epoch  20/50 | Train: 0.165326 | Val: 0.170915 | Corr: 0.215519 | LR: 1.00e-04
2026-03-05 23:25:04,738 - INFO -   ↳ Saved best model (val_corr=0.215519)
2026-03-05 23:25:15,467 - INFO - Epoch  21/50 | Train: 0.165054 | Val: 0.171072 | Corr: 0.216936 | LR: 1.00e-04
2026-03-05 23:25:15,479 - INFO -   ↳ Saved best model (val_corr=0.216936)
2026-03-05 23:25:26,179 - INFO - Epoch  22/50 | Train: 0.164803 | Val: 0.168416 | Corr: 0.218977 | LR: 1.00e-04
2026-03-05 23:25:26,192 - INFO -   ↳ Saved best model (val_corr=0.218977)
2026-03-05 23:25:36,741 - INFO - Epoch  23/50 | Train: 0.164356 | Val: 0.168955 | Corr: 0.221487 | LR: 1.00e-04
2026-03-05 23:25:36,756 - INFO -   ↳ Saved best model (val_corr=0.221487)
2026-03-05 23:25:47,019 - INFO - Epoch  24/50 | Train: 0.164109 | Val: 0.169324 | Corr: 0.223692 | LR: 1.00e-04
2026-03-05 23:25:47,034 - INFO -   ↳ Saved best model (val_corr=0.223692)
2026-03-05 23:25:57,396 - INFO - Epoch  25/50 | Train: 0.163922 | Val: 0.168583 | Corr: 0.224849 | LR: 1.00e-04
2026-03-05 23:25:57,413 - INFO -   ↳ Saved best model (val_corr=0.224849)
2026-03-05 23:26:07,664 - INFO - Epoch  26/50 | Train: 0.163623 | Val: 0.168463 | Corr: 0.225924 | LR: 1.00e-04
2026-03-05 23:26:07,678 - INFO -   ↳ Saved best model (val_corr=0.225924)
2026-03-05 23:26:18,338 - INFO - Epoch  27/50 | Train: 0.163341 | Val: 0.168001 | Corr: 0.227837 | LR: 1.00e-04
2026-03-05 23:26:18,352 - INFO -   ↳ Saved best model (val_corr=0.227837)
2026-03-05 23:26:29,031 - INFO - Epoch  28/50 | Train: 0.163179 | Val: 0.168164 | Corr: 0.228822 | LR: 1.00e-04
2026-03-05 23:26:29,045 - INFO -   ↳ Saved best model (val_corr=0.228822)
2026-03-05 23:26:39,335 - INFO - Epoch  29/50 | Train: 0.162888 | Val: 0.168285 | Corr: 0.229676 | LR: 1.00e-04
2026-03-05 23:26:39,350 - INFO -   ↳ Saved best model (val_corr=0.229676)
2026-03-05 23:26:49,615 - INFO - Epoch  30/50 | Train: 0.162763 | Val: 0.167829 | Corr: 0.232444 | LR: 1.00e-04
2026-03-05 23:26:49,630 - INFO -   ↳ Saved best model (val_corr=0.232444)
2026-03-05 23:27:00,090 - INFO - Epoch  31/50 | Train: 0.162563 | Val: 0.167210 | Corr: 0.234045 | LR: 1.00e-04
2026-03-05 23:27:00,106 - INFO -   ↳ Saved best model (val_corr=0.234045)
2026-03-05 23:27:10,366 - INFO - Epoch  32/50 | Train: 0.162354 | Val: 0.168539 | Corr: 0.232703 | LR: 1.00e-04
2026-03-05 23:27:21,068 - INFO - Epoch  33/50 | Train: 0.162248 | Val: 0.167792 | Corr: 0.232987 | LR: 1.00e-04
2026-03-05 23:27:31,800 - INFO - Epoch  34/50 | Train: 0.162070 | Val: 0.168246 | Corr: 0.236755 | LR: 1.00e-04
2026-03-05 23:27:31,814 - INFO -   ↳ Saved best model (val_corr=0.236755)
2026-03-05 23:27:42,221 - INFO - Epoch  35/50 | Train: 0.161937 | Val: 0.168381 | Corr: 0.236304 | LR: 1.00e-04
2026-03-05 23:27:52,386 - INFO - Epoch  36/50 | Train: 0.161726 | Val: 0.167079 | Corr: 0.237166 | LR: 1.00e-04
2026-03-05 23:27:52,399 - INFO -   ↳ Saved best model (val_corr=0.237166)
2026-03-05 23:28:03,023 - INFO - Epoch  37/50 | Train: 0.161551 | Val: 0.167222 | Corr: 0.237188 | LR: 1.00e-04
2026-03-05 23:28:03,040 - INFO -   ↳ Saved best model (val_corr=0.237188)
2026-03-05 23:28:13,313 - INFO - Epoch  38/50 | Train: 0.161485 | Val: 0.166407 | Corr: 0.239390 | LR: 1.00e-04
2026-03-05 23:28:13,325 - INFO -   ↳ Saved best model (val_corr=0.239390)
2026-03-05 23:28:23,705 - INFO - Epoch  39/50 | Train: 0.161244 | Val: 0.166538 | Corr: 0.239701 | LR: 1.00e-04
2026-03-05 23:28:23,719 - INFO -   ↳ Saved best model (val_corr=0.239701)
2026-03-05 23:28:34,557 - INFO - Epoch  40/50 | Train: 0.161138 | Val: 0.166844 | Corr: 0.240279 | LR: 1.00e-04
2026-03-05 23:28:34,576 - INFO -   ↳ Saved best model (val_corr=0.240279)
2026-03-05 23:28:45,232 - INFO - Epoch  41/50 | Train: 0.161013 | Val: 0.166924 | Corr: 0.240769 | LR: 1.00e-04
2026-03-05 23:28:45,248 - INFO -   ↳ Saved best model (val_corr=0.240769)
2026-03-05 23:28:56,086 - INFO - Epoch  42/50 | Train: 0.160947 | Val: 0.166440 | Corr: 0.240863 | LR: 1.00e-04
2026-03-05 23:28:56,102 - INFO -   ↳ Saved best model (val_corr=0.240863)
2026-03-05 23:29:06,184 - INFO - Epoch  43/50 | Train: 0.160661 | Val: 0.167464 | Corr: 0.239947 | LR: 1.00e-04
2026-03-05 23:29:16,455 - INFO - Epoch  44/50 | Train: 0.160658 | Val: 0.166091 | Corr: 0.242501 | LR: 1.00e-04
2026-03-05 23:29:16,471 - INFO -   ↳ Saved best model (val_corr=0.242501)
2026-03-05 23:29:26,924 - INFO - Epoch  45/50 | Train: 0.160567 | Val: 0.165674 | Corr: 0.241869 | LR: 1.00e-04
2026-03-05 23:29:37,129 - INFO - Epoch  46/50 | Train: 0.160450 | Val: 0.166186 | Corr: 0.242862 | LR: 1.00e-04
2026-03-05 23:29:37,141 - INFO -   ↳ Saved best model (val_corr=0.242862)
2026-03-05 23:29:47,857 - INFO - Epoch  47/50 | Train: 0.160288 | Val: 0.165697 | Corr: 0.243480 | LR: 1.00e-04
2026-03-05 23:29:47,872 - INFO -   ↳ Saved best model (val_corr=0.243480)
2026-03-05 23:29:58,664 - INFO - Epoch  48/50 | Train: 0.160273 | Val: 0.166210 | Corr: 0.244170 | LR: 1.00e-04
2026-03-05 23:29:58,680 - INFO -   ↳ Saved best model (val_corr=0.244170)
2026-03-05 23:30:09,502 - INFO - Epoch  49/50 | Train: 0.160135 | Val: 0.166695 | Corr: 0.244536 | LR: 1.00e-04
2026-03-05 23:30:09,516 - INFO -   ↳ Saved best model (val_corr=0.244536)
2026-03-05 23:30:20,103 - INFO - Epoch  50/50 | Train: 0.159945 | Val: 0.166514 | Corr: 0.244749 | LR: 1.00e-04
2026-03-05 23:30:20,116 - INFO -   ↳ Saved best model (val_corr=0.244749)
2026-03-05 23:30:20,117 - INFO - Training complete — best val corr: 0.244749
2026-03-05 23:30:22,002 - INFO - Test loss: 0.157683, Test corr: 0.235555
2026-03-05 23:30:22,650 - INFO - Fraction of variance explained (FVE): 0.054078
2026-03-05 23:30:22,650 - INFO - Computing autoregressive (AR) test predictions …
2026-03-05 23:30:23,816 - INFO - AR FVE: 0.006814, AR test corr: 0.100035
2026-03-05 23:30:23,816 - INFO - Generating figures …
2026-03-05 23:30:24,575 - INFO - Correlation between predicted and actual per-neuron averages: r=0.9944, p=0.00e+00
2026-03-05 23:30:27,560 - INFO - Pattern selectivity summary:
2026-03-05 23:30:27,560 - INFO -   Mean correlation across neurons: 0.7189
2026-03-05 23:30:27,560 - INFO -   Median correlation: 0.7488
2026-03-05 23:30:27,560 - INFO -   Neurons with r > 0.5: 56 / 63
2026-03-05 23:30:27,560 - INFO -   Neurons with r > 0.3: 61 / 63
2026-03-05 23:30:27,560 - INFO - Pattern selectivity — mean neuron corr: 0.7189
2026-03-05 23:30:30,012 - INFO - LOO (avg rate) — Model mean r: 0.6005, LOO mean r: 0.4546, Neurons model > LOO: 54/63
2026-03-05 23:30:33,272 - INFO - LOO (temporal) — Model mean r: 0.2463, LOO mean r: 0.3186, Neurons model > LOO: 9/63
2026-03-05 23:30:33,272 - INFO - Skipping oracle trial plots (skip_oracle_plots=True)
2026-03-05 23:30:33,277 - INFO - Experiment complete. Summary: {
  "run_dir": "/scratch/sb272/patterns5k_results/slurm_hist_cnn_2026-03-05_16-01-45/trial_0094_learning_rate=1.0e-04_history=2_kernel_sizes=5x3_conv_channels=128x256_fc_dims=512_seed1",
  "model_type": "cnn",
  "batch_avg_test_loss": 0.15768332505226135,
  "batch_avg_test_corr": 0.23555496041349133,
  "all_test_fve": 0.05407759689149402,
  "AR_FVE": 0.006813787278674897,
  "AR_test_correlation": 0.10003481805324554,
  "best_val_corr": 0.24474911174185432,
  "total_params": 330559,
  "trainable_params": 330559,
  "epochs_trained": 50,
  "mean_pattern_corr": 0.7188976666963861,
  "history": 2,
  "init_state": true,
  "loo_avg_mean_corr": 0.45456832695830385,
  "model_avg_mean_corr": 0.6005352493594017,
  "neurons_model_beats_loo_avg": 54,
  "loo_temporal_mean_corr": 0.31855225563049316,
  "all_test_corr": 0.24628230929374695,
  "neurons_model_beats_loo_temporal": 9,
  "kernel_sizes": [
    5,
    3
  ],
  "conv_channels": [
    128,
    256
  ],
  "fc_dims": [
    512
  ]
}
