2026-02-26 05:57:33,084 - INFO - ============================================================
2026-02-26 05:57:33,084 - INFO - Experiment run directory: results/cache_cnn_sweep_2026-02-26_00-36-32/trial_0050_kernel_sizes=15_conv_channels=256_fc_dims=256
2026-02-26 05:57:33,084 - INFO - ============================================================
2026-02-26 05:57:33,084 - INFO - Using preloaded raw data (skipping I/O)
2026-02-26 05:57:33,084 - INFO - Stimulation channels: 42, Spiking neurons: 63
2026-02-26 05:57:33,084 - INFO - Unique patterns: 4050, Total trials: 5000
2026-02-26 05:57:33,095 - INFO - Split (oracle): train=3400, val=600, test=1000
2026-02-26 05:57:47,441 - INFO - BinnedStimSpikeDataset initialized:
2026-02-26 05:57:47,442 - INFO -   input_bin_size_ms=10, output_bin_size_ms=10
2026-02-26 05:57:47,442 - INFO -   n_input_bins=60, n_output_bins=60
2026-02-26 05:57:47,442 - INFO -   output_offset=0, total_bins_input=60, total_bins_output=60
2026-02-26 05:57:47,442 - INFO -   Valid start positions per trial: 0 to 0
2026-02-26 05:57:47,442 - INFO -   Total samples: 3400 (3400 trials × 1 positions)
2026-02-26 05:58:00,850 - INFO - BinnedStimSpikeDataset initialized:
2026-02-26 05:58:00,850 - INFO -   input_bin_size_ms=10, output_bin_size_ms=10
2026-02-26 05:58:00,850 - INFO -   n_input_bins=60, n_output_bins=60
2026-02-26 05:58:00,851 - INFO -   output_offset=0, total_bins_input=60, total_bins_output=60
2026-02-26 05:58:00,851 - INFO -   Valid start positions per trial: 0 to 0
2026-02-26 05:58:00,851 - INFO -   Total samples: 600 (600 trials × 1 positions)
2026-02-26 05:58:14,381 - INFO - BinnedStimSpikeDataset initialized:
2026-02-26 05:58:14,381 - INFO -   input_bin_size_ms=10, output_bin_size_ms=10
2026-02-26 05:58:14,381 - INFO -   n_input_bins=60, n_output_bins=60
2026-02-26 05:58:14,381 - INFO -   output_offset=0, total_bins_input=60, total_bins_output=60
2026-02-26 05:58:14,381 - INFO -   Valid start positions per trial: 0 to 0
2026-02-26 05:58:14,381 - INFO -   Total samples: 1000 (1000 trials × 1 positions)
2026-02-26 05:58:14,381 - INFO - Samples — train: 3400, val: 600, test: 1000
2026-02-26 05:58:14,381 - INFO - Input channels: 42, Neurons: 63
2026-02-26 05:58:14,381 - INFO - Using Apple Silicon MPS acceleration
2026-02-26 05:58:14,584 - INFO - Model: CACHE_CNN — 15,727,167 trainable params (15,727,167 total)
2026-02-26 05:58:14,584 - INFO - Starting training …
2026-02-26 05:58:48,489 - INFO - Epoch   1/50 | Train: 0.221299 | Val: 0.194360 | Corr: 0.156523 | LR: 1.00e-03
2026-02-26 05:58:49,055 - INFO -   ↳ Saved best model (val_corr=0.156523)
2026-02-26 05:59:38,338 - INFO - Epoch   2/50 | Train: 0.186616 | Val: 0.181357 | Corr: 0.212825 | LR: 1.00e-03
2026-02-26 05:59:38,888 - INFO -   ↳ Saved best model (val_corr=0.212825)
2026-02-26 06:00:24,442 - INFO - Epoch   3/50 | Train: 0.181233 | Val: 0.177982 | Corr: 0.238674 | LR: 1.00e-03
2026-02-26 06:00:24,741 - INFO -   ↳ Saved best model (val_corr=0.238674)
2026-02-26 06:01:07,131 - INFO - Epoch   4/50 | Train: 0.177735 | Val: 0.177263 | Corr: 0.248972 | LR: 1.00e-03
2026-02-26 06:01:07,422 - INFO -   ↳ Saved best model (val_corr=0.248972)
2026-02-26 06:01:50,627 - INFO - Epoch   5/50 | Train: 0.175100 | Val: 0.174518 | Corr: 0.260429 | LR: 1.00e-03
2026-02-26 06:01:50,914 - INFO -   ↳ Saved best model (val_corr=0.260429)
2026-02-26 06:02:33,608 - INFO - Epoch   6/50 | Train: 0.172653 | Val: 0.174051 | Corr: 0.265921 | LR: 1.00e-03
2026-02-26 06:02:33,895 - INFO -   ↳ Saved best model (val_corr=0.265921)
2026-02-26 06:03:16,057 - INFO - Epoch   7/50 | Train: 0.170430 | Val: 0.173399 | Corr: 0.268405 | LR: 1.00e-03
2026-02-26 06:03:16,325 - INFO -   ↳ Saved best model (val_corr=0.268405)
2026-02-26 06:03:58,433 - INFO - Epoch   8/50 | Train: 0.168317 | Val: 0.173230 | Corr: 0.269657 | LR: 1.00e-03
2026-02-26 06:03:58,712 - INFO -   ↳ Saved best model (val_corr=0.269657)
2026-02-26 06:04:40,928 - INFO - Epoch   9/50 | Train: 0.166379 | Val: 0.172677 | Corr: 0.271375 | LR: 1.00e-03
2026-02-26 06:04:41,207 - INFO -   ↳ Saved best model (val_corr=0.271375)
2026-02-26 06:05:23,194 - INFO - Epoch  10/50 | Train: 0.164541 | Val: 0.172666 | Corr: 0.271606 | LR: 1.00e-03
2026-02-26 06:05:23,456 - INFO -   ↳ Saved best model (val_corr=0.271606)
2026-02-26 06:06:05,682 - INFO - Epoch  11/50 | Train: 0.162657 | Val: 0.172927 | Corr: 0.273273 | LR: 1.00e-03
2026-02-26 06:06:05,946 - INFO -   ↳ Saved best model (val_corr=0.273273)
2026-02-26 06:06:47,926 - INFO - Epoch  12/50 | Train: 0.161020 | Val: 0.172924 | Corr: 0.272434 | LR: 1.00e-03
2026-02-26 06:07:29,913 - INFO - Epoch  13/50 | Train: 0.159459 | Val: 0.172730 | Corr: 0.272690 | LR: 1.00e-03
2026-02-26 06:08:12,856 - INFO - Epoch  14/50 | Train: 0.158019 | Val: 0.173403 | Corr: 0.272361 | LR: 1.00e-03
2026-02-26 06:08:54,912 - INFO - Epoch  15/50 | Train: 0.156747 | Val: 0.173735 | Corr: 0.271398 | LR: 5.00e-04
2026-02-26 06:09:36,954 - INFO - Epoch  16/50 | Train: 0.153801 | Val: 0.174355 | Corr: 0.271389 | LR: 5.00e-04
2026-02-26 06:10:19,054 - INFO - Epoch  17/50 | Train: 0.152700 | Val: 0.173915 | Corr: 0.270506 | LR: 5.00e-04
2026-02-26 06:11:00,981 - INFO - Epoch  18/50 | Train: 0.151924 | Val: 0.174552 | Corr: 0.268932 | LR: 5.00e-04
2026-02-26 06:11:43,342 - INFO - Epoch  19/50 | Train: 0.151255 | Val: 0.175030 | Corr: 0.268144 | LR: 5.00e-04
2026-02-26 06:12:25,911 - INFO - Epoch  20/50 | Train: 0.150574 | Val: 0.175589 | Corr: 0.266933 | LR: 5.00e-04
2026-02-26 06:13:08,394 - INFO - Epoch  21/50 | Train: 0.149946 | Val: 0.175558 | Corr: 0.266056 | LR: 2.50e-04
2026-02-26 06:13:08,394 - INFO - Early stopping at epoch 21
2026-02-26 06:13:08,395 - INFO - Training complete — best val corr: 0.273273
2026-02-26 06:13:12,301 - INFO - Test loss: 0.164288, Test corr: 0.265480
2026-02-26 06:13:15,795 - INFO - Fraction of variance explained (FVE): 0.077570
2026-02-26 06:13:15,795 - INFO - Generating figures …
2026-02-26 06:13:16,002 - INFO - Correlation between predicted and actual per-neuron averages: r=0.9867, p=7.55e-50
2026-02-26 06:13:16,434 - WARNING - Could not generate pattern selectivity plot: 'NoneType' object has no attribute 'shape'
2026-02-26 06:13:16,438 - WARNING - LOO baseline failed: 'NoneType' object has no attribute 'shape'
2026-02-26 06:13:16,438 - INFO - Skipping oracle trial plots (skip_oracle_plots=True)
2026-02-26 06:13:16,439 - INFO - Experiment complete. Summary: {
  "run_dir": "results/cache_cnn_sweep_2026-02-26_00-36-32/trial_0050_kernel_sizes=15_conv_channels=256_fc_dims=256",
  "model_type": "cache_cnn",
  "batch_avg_test_loss": 0.16428837704658508,
  "batch_avg_test_corr": 0.2654802562147742,
  "all_test_fve": 0.07757047812143962,
  "AR_FVE": NaN,
  "AR_test_correlation": NaN,
  "best_val_corr": 0.2732732070003627,
  "total_params": 15727167,
  "trainable_params": 15727167,
  "epochs_trained": 21,
  "mean_pattern_corr": NaN,
  "history": 0,
  "init_state": false,
  "kernel_sizes": [
    15
  ],
  "conv_channels": [
    256
  ],
  "fc_dims": [
    256
  ],
  "cache_size": 3,
  "cache_embed_dim": 64
}
2026-02-26 06:13:16,441 - INFO - 
======================================================================
2026-02-26 06:13:16,441 - INFO - [52/135] trial_0051_kernel_sizes=15_conv_channels=256_fc_dims=256
2026-02-26 06:13:16,441 - INFO -   Overrides: {"_arch": {"kernel_sizes": [15], "conv_channels": [256], "fc_dims": [256]}, "cache_size": 5, "cache_embed_dim": 8}
2026-02-26 06:13:16,441 - INFO -   Output: results/cache_cnn_sweep_2026-02-26_00-36-32/trial_0051_kernel_sizes=15_conv_channels=256_fc_dims=256
