2026-03-05 21:13:51,147 - INFO - ============================================================
2026-03-05 21:13:51,147 - INFO - Experiment run directory: /scratch/sb272/patterns5k_results/slurm_hist_cnn_2026-03-05_16-01-45/trial_0148_learning_rate=1.0e-04_history=20_kernel_sizes=3x3x3_conv_channels=256x256x256_fc_dims=512_seed0
2026-03-05 21:13:51,147 - INFO - ============================================================
2026-03-05 21:13:51,148 - INFO - Loading data …
2026-03-05 21:13:52,932 - INFO - 63 unique neurons after dropping problematic neurons
2026-03-05 21:13:53,981 - INFO - Stimulation channels: 42, Spiking neurons: 63
2026-03-05 21:15:24,385 - INFO - Unique patterns: 4050, Total trials: 5000
2026-03-05 21:15:24,385 - INFO - Stimulation channels: 42, Spiking neurons: 63
2026-03-05 21:15:24,385 - INFO - Unique patterns: 4050, Total trials: 5000
2026-03-05 21:15:24,398 - INFO - Split (oracle): train=3400, val=600, test=1000
2026-03-05 21:15:41,858 - INFO - BinnedStimSpikeDataset initialized:
2026-03-05 21:15:41,859 - INFO -   input_bin_size_ms=10, output_bin_size_ms=10
2026-03-05 21:15:41,859 - INFO -   n_input_bins=60, n_output_bins=60
2026-03-05 21:15:41,859 - INFO -   output_offset=0, total_bins_input=60, total_bins_output=60
2026-03-05 21:15:41,859 - INFO -   Valid start positions per trial: 0 to 0
2026-03-05 21:15:41,859 - INFO -   Total samples: 3400 (3400 trials × 1 positions)
2026-03-05 21:15:58,817 - INFO - BinnedStimSpikeDataset initialized:
2026-03-05 21:15:58,817 - INFO -   input_bin_size_ms=10, output_bin_size_ms=10
2026-03-05 21:15:58,817 - INFO -   n_input_bins=60, n_output_bins=60
2026-03-05 21:15:58,817 - INFO -   output_offset=0, total_bins_input=60, total_bins_output=60
2026-03-05 21:15:58,817 - INFO -   Valid start positions per trial: 0 to 0
2026-03-05 21:15:58,817 - INFO -   Total samples: 600 (600 trials × 1 positions)
2026-03-05 21:16:15,683 - INFO - BinnedStimSpikeDataset initialized:
2026-03-05 21:16:15,683 - INFO -   input_bin_size_ms=10, output_bin_size_ms=10
2026-03-05 21:16:15,684 - INFO -   n_input_bins=60, n_output_bins=60
2026-03-05 21:16:15,684 - INFO -   output_offset=0, total_bins_input=60, total_bins_output=60
2026-03-05 21:16:15,684 - INFO -   Valid start positions per trial: 0 to 0
2026-03-05 21:16:15,684 - INFO -   Total samples: 1000 (1000 trials × 1 positions)
2026-03-05 21:16:15,684 - INFO - Samples — train: 3400, val: 600, test: 1000
2026-03-05 21:16:15,684 - INFO - Input channels: 105, Neurons: 63
2026-03-05 21:16:15,704 - INFO - Using CPU
2026-03-05 21:16:15,712 - INFO - Model: CNN — 640,063 trainable params (640,063 total)
2026-03-05 21:16:23,051 - INFO - Starting training …
2026-03-05 21:16:34,588 - INFO - Epoch   1/50 | Train: 0.314027 | Val: 0.187179 | Corr: 0.068405 | LR: 1.00e-04
2026-03-05 21:16:34,626 - INFO -   ↳ Saved best model (val_corr=0.068405)
2026-03-05 21:16:44,587 - INFO - Epoch   2/50 | Train: 0.184005 | Val: 0.184910 | Corr: 0.076261 | LR: 1.00e-04
2026-03-05 21:16:44,605 - INFO -   ↳ Saved best model (val_corr=0.076261)
2026-03-05 21:16:54,449 - INFO - Epoch   3/50 | Train: 0.182906 | Val: 0.183841 | Corr: 0.081323 | LR: 1.00e-04
2026-03-05 21:16:54,478 - INFO -   ↳ Saved best model (val_corr=0.081323)
2026-03-05 21:17:04,404 - INFO - Epoch   4/50 | Train: 0.182171 | Val: 0.183782 | Corr: 0.086409 | LR: 1.00e-04
2026-03-05 21:17:04,426 - INFO -   ↳ Saved best model (val_corr=0.086409)
2026-03-05 21:17:14,338 - INFO - Epoch   5/50 | Train: 0.181494 | Val: 0.183150 | Corr: 0.090178 | LR: 1.00e-04
2026-03-05 21:17:14,363 - INFO -   ↳ Saved best model (val_corr=0.090178)
2026-03-05 21:17:24,471 - INFO - Epoch   6/50 | Train: 0.180791 | Val: 0.182371 | Corr: 0.094154 | LR: 1.00e-04
2026-03-05 21:17:24,492 - INFO -   ↳ Saved best model (val_corr=0.094154)
2026-03-05 21:17:34,433 - INFO - Epoch   7/50 | Train: 0.180099 | Val: 0.181975 | Corr: 0.098822 | LR: 1.00e-04
2026-03-05 21:17:34,449 - INFO -   ↳ Saved best model (val_corr=0.098822)
2026-03-05 21:17:44,382 - INFO - Epoch   8/50 | Train: 0.179577 | Val: 0.181972 | Corr: 0.101470 | LR: 1.00e-04
2026-03-05 21:17:44,400 - INFO -   ↳ Saved best model (val_corr=0.101470)
2026-03-05 21:17:54,320 - INFO - Epoch   9/50 | Train: 0.179039 | Val: 0.181900 | Corr: 0.105393 | LR: 1.00e-04
2026-03-05 21:17:54,337 - INFO -   ↳ Saved best model (val_corr=0.105393)
2026-03-05 21:18:04,197 - INFO - Epoch  10/50 | Train: 0.178489 | Val: 0.181629 | Corr: 0.107594 | LR: 1.00e-04
2026-03-05 21:18:04,214 - INFO -   ↳ Saved best model (val_corr=0.107594)
2026-03-05 21:18:14,425 - INFO - Epoch  11/50 | Train: 0.177963 | Val: 0.181109 | Corr: 0.111283 | LR: 1.00e-04
2026-03-05 21:18:14,450 - INFO -   ↳ Saved best model (val_corr=0.111283)
2026-03-05 21:18:24,653 - INFO - Epoch  12/50 | Train: 0.177480 | Val: 0.180586 | Corr: 0.113617 | LR: 1.00e-04
2026-03-05 21:18:24,670 - INFO -   ↳ Saved best model (val_corr=0.113617)
2026-03-05 21:18:34,685 - INFO - Epoch  13/50 | Train: 0.177111 | Val: 0.180643 | Corr: 0.115554 | LR: 1.00e-04
2026-03-05 21:18:34,702 - INFO -   ↳ Saved best model (val_corr=0.115554)
2026-03-05 21:18:44,878 - INFO - Epoch  14/50 | Train: 0.176699 | Val: 0.180380 | Corr: 0.118173 | LR: 1.00e-04
2026-03-05 21:18:44,896 - INFO -   ↳ Saved best model (val_corr=0.118173)
2026-03-05 21:18:54,899 - INFO - Epoch  15/50 | Train: 0.176192 | Val: 0.180190 | Corr: 0.119578 | LR: 1.00e-04
2026-03-05 21:18:54,916 - INFO -   ↳ Saved best model (val_corr=0.119578)
2026-03-05 21:19:04,917 - INFO - Epoch  16/50 | Train: 0.175820 | Val: 0.179761 | Corr: 0.121917 | LR: 1.00e-04
2026-03-05 21:19:04,935 - INFO -   ↳ Saved best model (val_corr=0.121917)
2026-03-05 21:19:15,045 - INFO - Epoch  17/50 | Train: 0.175497 | Val: 0.180100 | Corr: 0.124107 | LR: 1.00e-04
2026-03-05 21:19:15,073 - INFO -   ↳ Saved best model (val_corr=0.124107)
2026-03-05 21:19:25,312 - INFO - Epoch  18/50 | Train: 0.175077 | Val: 0.180023 | Corr: 0.126305 | LR: 1.00e-04
2026-03-05 21:19:25,331 - INFO -   ↳ Saved best model (val_corr=0.126305)
2026-03-05 21:19:35,403 - INFO - Epoch  19/50 | Train: 0.174842 | Val: 0.179468 | Corr: 0.127333 | LR: 1.00e-04
2026-03-05 21:19:35,422 - INFO -   ↳ Saved best model (val_corr=0.127333)
2026-03-05 21:19:45,453 - INFO - Epoch  20/50 | Train: 0.174481 | Val: 0.179582 | Corr: 0.128561 | LR: 1.00e-04
2026-03-05 21:19:45,474 - INFO -   ↳ Saved best model (val_corr=0.128561)
2026-03-05 21:19:55,653 - INFO - Epoch  21/50 | Train: 0.174135 | Val: 0.179318 | Corr: 0.128974 | LR: 1.00e-04
2026-03-05 21:19:55,673 - INFO -   ↳ Saved best model (val_corr=0.128974)
2026-03-05 21:20:05,794 - INFO - Epoch  22/50 | Train: 0.173888 | Val: 0.179681 | Corr: 0.128819 | LR: 1.00e-04
2026-03-05 21:20:15,833 - INFO - Epoch  23/50 | Train: 0.173586 | Val: 0.179371 | Corr: 0.131483 | LR: 1.00e-04
2026-03-05 21:20:15,854 - INFO -   ↳ Saved best model (val_corr=0.131483)
2026-03-05 21:20:25,876 - INFO - Epoch  24/50 | Train: 0.173376 | Val: 0.179354 | Corr: 0.132607 | LR: 1.00e-04
2026-03-05 21:20:25,898 - INFO -   ↳ Saved best model (val_corr=0.132607)
2026-03-05 21:20:35,917 - INFO - Epoch  25/50 | Train: 0.173111 | Val: 0.179268 | Corr: 0.132802 | LR: 1.00e-04
2026-03-05 21:20:35,935 - INFO -   ↳ Saved best model (val_corr=0.132802)
2026-03-05 21:20:46,016 - INFO - Epoch  26/50 | Train: 0.172795 | Val: 0.179033 | Corr: 0.132558 | LR: 1.00e-04
2026-03-05 21:20:55,980 - INFO - Epoch  27/50 | Train: 0.172609 | Val: 0.179202 | Corr: 0.134203 | LR: 1.00e-04
2026-03-05 21:20:56,000 - INFO -   ↳ Saved best model (val_corr=0.134203)
2026-03-05 21:21:06,073 - INFO - Epoch  28/50 | Train: 0.172296 | Val: 0.179148 | Corr: 0.134331 | LR: 1.00e-04
2026-03-05 21:21:06,089 - INFO -   ↳ Saved best model (val_corr=0.134331)
2026-03-05 21:21:15,965 - INFO - Epoch  29/50 | Train: 0.172086 | Val: 0.179019 | Corr: 0.135764 | LR: 1.00e-04
2026-03-05 21:21:15,982 - INFO -   ↳ Saved best model (val_corr=0.135764)
2026-03-05 21:21:25,898 - INFO - Epoch  30/50 | Train: 0.171936 | Val: 0.179068 | Corr: 0.134912 | LR: 1.00e-04
2026-03-05 21:21:35,807 - INFO - Epoch  31/50 | Train: 0.171695 | Val: 0.179809 | Corr: 0.136112 | LR: 1.00e-04
2026-03-05 21:21:35,825 - INFO -   ↳ Saved best model (val_corr=0.136112)
2026-03-05 21:21:45,367 - INFO - Epoch  32/50 | Train: 0.171432 | Val: 0.178972 | Corr: 0.135313 | LR: 1.00e-04
2026-03-05 21:21:54,326 - INFO - Epoch  33/50 | Train: 0.171243 | Val: 0.179181 | Corr: 0.135541 | LR: 1.00e-04
2026-03-05 21:22:03,257 - INFO - Epoch  34/50 | Train: 0.171050 | Val: 0.179091 | Corr: 0.137364 | LR: 1.00e-04
2026-03-05 21:22:03,277 - INFO -   ↳ Saved best model (val_corr=0.137364)
2026-03-05 21:22:12,186 - INFO - Epoch  35/50 | Train: 0.170822 | Val: 0.179372 | Corr: 0.138359 | LR: 1.00e-04
2026-03-05 21:22:12,204 - INFO -   ↳ Saved best model (val_corr=0.138359)
2026-03-05 21:22:21,177 - INFO - Epoch  36/50 | Train: 0.170641 | Val: 0.178900 | Corr: 0.137651 | LR: 1.00e-04
2026-03-05 21:22:30,125 - INFO - Epoch  37/50 | Train: 0.170409 | Val: 0.179071 | Corr: 0.137609 | LR: 1.00e-04
2026-03-05 21:22:39,084 - INFO - Epoch  38/50 | Train: 0.170331 | Val: 0.179197 | Corr: 0.139291 | LR: 1.00e-04
2026-03-05 21:22:39,102 - INFO -   ↳ Saved best model (val_corr=0.139291)
2026-03-05 21:22:48,253 - INFO - Epoch  39/50 | Train: 0.170049 | Val: 0.179091 | Corr: 0.139150 | LR: 1.00e-04
2026-03-05 21:22:57,431 - INFO - Epoch  40/50 | Train: 0.169816 | Val: 0.178754 | Corr: 0.139625 | LR: 1.00e-04
2026-03-05 21:22:57,448 - INFO -   ↳ Saved best model (val_corr=0.139625)
2026-03-05 21:23:06,624 - INFO - Epoch  41/50 | Train: 0.169839 | Val: 0.178865 | Corr: 0.139316 | LR: 1.00e-04
2026-03-05 21:23:15,557 - INFO - Epoch  42/50 | Train: 0.169590 | Val: 0.179038 | Corr: 0.139109 | LR: 1.00e-04
2026-03-05 21:23:24,405 - INFO - Epoch  43/50 | Train: 0.169360 | Val: 0.179126 | Corr: 0.139490 | LR: 1.00e-04
2026-03-05 21:23:33,273 - INFO - Epoch  44/50 | Train: 0.169348 | Val: 0.179212 | Corr: 0.138747 | LR: 1.00e-04
2026-03-05 21:23:42,235 - INFO - Epoch  45/50 | Train: 0.169071 | Val: 0.179444 | Corr: 0.140315 | LR: 1.00e-04
2026-03-05 21:23:42,267 - INFO -   ↳ Saved best model (val_corr=0.140315)
2026-03-05 21:23:51,211 - INFO - Epoch  46/50 | Train: 0.168952 | Val: 0.179121 | Corr: 0.140293 | LR: 5.00e-05
2026-03-05 21:24:00,139 - INFO - Epoch  47/50 | Train: 0.168520 | Val: 0.179255 | Corr: 0.139584 | LR: 5.00e-05
2026-03-05 21:24:09,369 - INFO - Epoch  48/50 | Train: 0.168292 | Val: 0.179238 | Corr: 0.140189 | LR: 5.00e-05
2026-03-05 21:24:18,336 - INFO - Epoch  49/50 | Train: 0.168208 | Val: 0.179428 | Corr: 0.140211 | LR: 5.00e-05
2026-03-05 21:24:27,291 - INFO - Epoch  50/50 | Train: 0.168082 | Val: 0.179128 | Corr: 0.140529 | LR: 5.00e-05
2026-03-05 21:24:27,307 - INFO -   ↳ Saved best model (val_corr=0.140529)
2026-03-05 21:24:27,308 - INFO - Training complete — best val corr: 0.140529
2026-03-05 21:24:28,912 - INFO - Test loss: 0.168556, Test corr: 0.136502
2026-03-05 21:24:29,602 - INFO - Fraction of variance explained (FVE): 0.016834
2026-03-05 21:24:29,602 - INFO - Computing autoregressive (AR) test predictions …
2026-03-05 21:24:30,423 - INFO - AR FVE: 0.012507, AR test corr: 0.130030
2026-03-05 21:24:30,423 - INFO - Generating figures …
2026-03-05 21:24:30,796 - INFO - Correlation between predicted and actual per-neuron averages: r=0.9862, p=0.00e+00
2026-03-05 21:24:32,802 - INFO - Pattern selectivity summary:
2026-03-05 21:24:32,802 - INFO -   Mean correlation across neurons: 0.5048
2026-03-05 21:24:32,802 - INFO -   Median correlation: 0.5265
2026-03-05 21:24:32,802 - INFO -   Neurons with r > 0.5: 34 / 63
2026-03-05 21:24:32,802 - INFO -   Neurons with r > 0.3: 52 / 63
2026-03-05 21:24:32,802 - INFO - Pattern selectivity — mean neuron corr: 0.5048
2026-03-05 21:24:34,493 - INFO - LOO (avg rate) — Model mean r: 0.3640, LOO mean r: 0.4546, Neurons model > LOO: 11/63
2026-03-05 21:24:36,627 - INFO - LOO (temporal) — Model mean r: 0.1415, LOO mean r: 0.3186, Neurons model > LOO: 1/63
2026-03-05 21:24:36,628 - INFO - Skipping oracle trial plots (skip_oracle_plots=True)
2026-03-05 21:24:36,635 - INFO - Experiment complete. Summary: {
  "run_dir": "/scratch/sb272/patterns5k_results/slurm_hist_cnn_2026-03-05_16-01-45/trial_0148_learning_rate=1.0e-04_history=20_kernel_sizes=3x3x3_conv_channels=256x256x256_fc_dims=512_seed0",
  "model_type": "cnn",
  "batch_avg_test_loss": 0.16855633056163788,
  "batch_avg_test_corr": 0.13650199152528758,
  "all_test_fve": 0.016834299715738448,
  "AR_FVE": 0.012506625955066984,
  "AR_test_correlation": 0.1300298422574997,
  "best_val_corr": 0.14052936485749576,
  "total_params": 640063,
  "trainable_params": 640063,
  "epochs_trained": 50,
  "mean_pattern_corr": 0.5047970960904896,
  "history": 20,
  "init_state": true,
  "loo_avg_mean_corr": 0.45456832695830385,
  "model_avg_mean_corr": 0.36395245947291627,
  "neurons_model_beats_loo_avg": 11,
  "loo_temporal_mean_corr": 0.31855225563049316,
  "all_test_corr": 0.1415453851222992,
  "neurons_model_beats_loo_temporal": 1,
  "kernel_sizes": [
    3,
    3,
    3
  ],
  "conv_channels": [
    256,
    256,
    256
  ],
  "fc_dims": [
    512
  ]
}
