2026-03-04 18:15:41,730 - INFO - ============================================================
2026-03-04 18:15:41,730 - INFO - Experiment run directory: /scratch/sb272/patterns5k_results/slurm_base_cnn_2026-03-04_16-53-19/trial_0192_learning_rate=5.0e-03_kernel_sizes=3x3x3_conv_channels=128x128x128_fc_dims=512_seed2
2026-03-04 18:15:41,730 - INFO - ============================================================
2026-03-04 18:15:41,730 - INFO - Loading data …
2026-03-04 18:15:42,382 - INFO - 63 unique neurons after dropping problematic neurons
2026-03-04 18:15:43,263 - INFO - Stimulation channels: 42, Spiking neurons: 63
2026-03-04 18:17:00,627 - INFO - Unique patterns: 4050, Total trials: 5000
2026-03-04 18:17:00,629 - INFO - Stimulation channels: 42, Spiking neurons: 63
2026-03-04 18:17:00,629 - INFO - Unique patterns: 4050, Total trials: 5000
2026-03-04 18:17:00,641 - INFO - Split (oracle): train=3400, val=600, test=1000
2026-03-04 18:17:17,488 - INFO - BinnedStimSpikeDataset initialized:
2026-03-04 18:17:17,488 - INFO -   input_bin_size_ms=10, output_bin_size_ms=10
2026-03-04 18:17:17,488 - INFO -   n_input_bins=60, n_output_bins=60
2026-03-04 18:17:17,488 - INFO -   output_offset=0, total_bins_input=60, total_bins_output=60
2026-03-04 18:17:17,488 - INFO -   Valid start positions per trial: 0 to 0
2026-03-04 18:17:17,488 - INFO -   Total samples: 3400 (3400 trials × 1 positions)
2026-03-04 18:17:33,799 - INFO - BinnedStimSpikeDataset initialized:
2026-03-04 18:17:33,799 - INFO -   input_bin_size_ms=10, output_bin_size_ms=10
2026-03-04 18:17:33,799 - INFO -   n_input_bins=60, n_output_bins=60
2026-03-04 18:17:33,799 - INFO -   output_offset=0, total_bins_input=60, total_bins_output=60
2026-03-04 18:17:33,799 - INFO -   Valid start positions per trial: 0 to 0
2026-03-04 18:17:33,799 - INFO -   Total samples: 600 (600 trials × 1 positions)
2026-03-04 18:17:50,484 - INFO - BinnedStimSpikeDataset initialized:
2026-03-04 18:17:50,484 - INFO -   input_bin_size_ms=10, output_bin_size_ms=10
2026-03-04 18:17:50,484 - INFO -   n_input_bins=60, n_output_bins=60
2026-03-04 18:17:50,484 - INFO -   output_offset=0, total_bins_input=60, total_bins_output=60
2026-03-04 18:17:50,484 - INFO -   Valid start positions per trial: 0 to 0
2026-03-04 18:17:50,484 - INFO -   Total samples: 1000 (1000 trials × 1 positions)
2026-03-04 18:17:50,484 - INFO - Samples — train: 3400, val: 600, test: 1000
2026-03-04 18:17:50,484 - INFO - Input channels: 42, Neurons: 63
2026-03-04 18:17:50,492 - INFO - Using CPU
2026-03-04 18:17:50,509 - INFO - Model: CNN — 213,951 trainable params (213,951 total)
2026-03-04 18:17:57,660 - INFO - Starting training …
2026-03-04 18:18:03,302 - INFO - Epoch   1/50 | Train: 0.194929 | Val: 0.181669 | Corr: 0.082886 | LR: 5.00e-03
2026-03-04 18:18:03,345 - INFO -   ↳ Saved best model (val_corr=0.082886)
2026-03-04 18:18:08,036 - INFO - Epoch   2/50 | Train: 0.181991 | Val: 0.183136 | Corr: 0.091975 | LR: 5.00e-03
2026-03-04 18:18:08,048 - INFO -   ↳ Saved best model (val_corr=0.091975)
2026-03-04 18:18:12,809 - INFO - Epoch   3/50 | Train: 0.180936 | Val: 0.180874 | Corr: 0.097510 | LR: 5.00e-03
2026-03-04 18:18:12,821 - INFO -   ↳ Saved best model (val_corr=0.097510)
2026-03-04 18:18:17,591 - INFO - Epoch   4/50 | Train: 0.179808 | Val: 0.178577 | Corr: 0.110002 | LR: 5.00e-03
2026-03-04 18:18:17,603 - INFO -   ↳ Saved best model (val_corr=0.110002)
2026-03-04 18:18:22,340 - INFO - Epoch   5/50 | Train: 0.178956 | Val: 0.177967 | Corr: 0.116151 | LR: 5.00e-03
2026-03-04 18:18:22,353 - INFO -   ↳ Saved best model (val_corr=0.116151)
2026-03-04 18:18:27,199 - INFO - Epoch   6/50 | Train: 0.178296 | Val: 0.177307 | Corr: 0.123034 | LR: 5.00e-03
2026-03-04 18:18:27,210 - INFO -   ↳ Saved best model (val_corr=0.123034)
2026-03-04 18:18:32,042 - INFO - Epoch   7/50 | Train: 0.177901 | Val: 0.177341 | Corr: 0.123847 | LR: 5.00e-03
2026-03-04 18:18:32,064 - INFO -   ↳ Saved best model (val_corr=0.123847)
2026-03-04 18:18:36,616 - INFO - Epoch   8/50 | Train: 0.177475 | Val: 0.176996 | Corr: 0.127131 | LR: 5.00e-03
2026-03-04 18:18:36,636 - INFO -   ↳ Saved best model (val_corr=0.127131)
2026-03-04 18:18:40,484 - INFO - Epoch   9/50 | Train: 0.177095 | Val: 0.176874 | Corr: 0.127610 | LR: 5.00e-03
2026-03-04 18:18:40,503 - INFO -   ↳ Saved best model (val_corr=0.127610)
2026-03-04 18:18:44,172 - INFO - Epoch  10/50 | Train: 0.176775 | Val: 0.176795 | Corr: 0.131315 | LR: 5.00e-03
2026-03-04 18:18:44,200 - INFO -   ↳ Saved best model (val_corr=0.131315)
2026-03-04 18:18:47,875 - INFO - Epoch  11/50 | Train: 0.176677 | Val: 0.177100 | Corr: 0.131208 | LR: 5.00e-03
2026-03-04 18:18:51,555 - INFO - Epoch  12/50 | Train: 0.176338 | Val: 0.176943 | Corr: 0.130428 | LR: 5.00e-03
2026-03-04 18:18:55,255 - INFO - Epoch  13/50 | Train: 0.176068 | Val: 0.176530 | Corr: 0.131674 | LR: 5.00e-03
2026-03-04 18:18:55,277 - INFO -   ↳ Saved best model (val_corr=0.131674)
2026-03-04 18:18:59,032 - INFO - Epoch  14/50 | Train: 0.175762 | Val: 0.176697 | Corr: 0.130540 | LR: 5.00e-03
2026-03-04 18:19:02,804 - INFO - Epoch  15/50 | Train: 0.175700 | Val: 0.176891 | Corr: 0.133120 | LR: 5.00e-03
2026-03-04 18:19:02,819 - INFO -   ↳ Saved best model (val_corr=0.133120)
2026-03-04 18:19:06,587 - INFO - Epoch  16/50 | Train: 0.175489 | Val: 0.176569 | Corr: 0.132697 | LR: 5.00e-03
2026-03-04 18:19:10,409 - INFO - Epoch  17/50 | Train: 0.175313 | Val: 0.176888 | Corr: 0.131798 | LR: 5.00e-03
2026-03-04 18:19:14,221 - INFO - Epoch  18/50 | Train: 0.175222 | Val: 0.176620 | Corr: 0.134651 | LR: 5.00e-03
2026-03-04 18:19:14,236 - INFO -   ↳ Saved best model (val_corr=0.134651)
2026-03-04 18:19:18,034 - INFO - Epoch  19/50 | Train: 0.174917 | Val: 0.176808 | Corr: 0.132904 | LR: 2.50e-03
2026-03-04 18:19:21,818 - INFO - Epoch  20/50 | Train: 0.173871 | Val: 0.176440 | Corr: 0.134153 | LR: 2.50e-03
2026-03-04 18:19:25,629 - INFO - Epoch  21/50 | Train: 0.173520 | Val: 0.176514 | Corr: 0.134963 | LR: 2.50e-03
2026-03-04 18:19:25,645 - INFO -   ↳ Saved best model (val_corr=0.134963)
2026-03-04 18:19:29,497 - INFO - Epoch  22/50 | Train: 0.173429 | Val: 0.177008 | Corr: 0.133729 | LR: 2.50e-03
2026-03-04 18:19:33,281 - INFO - Epoch  23/50 | Train: 0.173333 | Val: 0.176875 | Corr: 0.133349 | LR: 2.50e-03
2026-03-04 18:19:37,122 - INFO - Epoch  24/50 | Train: 0.173120 | Val: 0.176871 | Corr: 0.133862 | LR: 2.50e-03
2026-03-04 18:19:40,986 - INFO - Epoch  25/50 | Train: 0.173070 | Val: 0.176912 | Corr: 0.133103 | LR: 2.50e-03
2026-03-04 18:19:44,921 - INFO - Epoch  26/50 | Train: 0.172951 | Val: 0.177093 | Corr: 0.131903 | LR: 1.25e-03
2026-03-04 18:19:48,873 - INFO - Epoch  27/50 | Train: 0.172360 | Val: 0.176910 | Corr: 0.132408 | LR: 1.25e-03
2026-03-04 18:19:52,740 - INFO - Epoch  28/50 | Train: 0.172029 | Val: 0.177343 | Corr: 0.131115 | LR: 1.25e-03
2026-03-04 18:19:56,687 - INFO - Epoch  29/50 | Train: 0.172073 | Val: 0.177049 | Corr: 0.132699 | LR: 1.25e-03
2026-03-04 18:20:00,601 - INFO - Epoch  30/50 | Train: 0.171947 | Val: 0.176982 | Corr: 0.134302 | LR: 1.25e-03
2026-03-04 18:20:04,594 - INFO - Epoch  31/50 | Train: 0.171875 | Val: 0.177120 | Corr: 0.133543 | LR: 1.25e-03
2026-03-04 18:20:04,594 - INFO - Early stopping at epoch 31
2026-03-04 18:20:04,594 - INFO - Training complete — best val corr: 0.134963
2026-03-04 18:20:05,897 - INFO - Test loss: 0.168052, Test corr: 0.137563
2026-03-04 18:20:06,201 - INFO - Fraction of variance explained (FVE): 0.022763
2026-03-04 18:20:06,201 - INFO - Generating figures …
2026-03-04 18:20:06,578 - INFO - Correlation between predicted and actual per-neuron averages: r=0.9877, p=0.00e+00
2026-03-04 18:20:07,990 - INFO - Pattern selectivity summary:
2026-03-04 18:20:07,990 - INFO -   Mean correlation across neurons: 0.5009
2026-03-04 18:20:07,990 - INFO -   Median correlation: 0.5509
2026-03-04 18:20:07,990 - INFO -   Neurons with r > 0.5: 37 / 63
2026-03-04 18:20:07,990 - INFO -   Neurons with r > 0.3: 52 / 63
2026-03-04 18:20:07,990 - INFO - Pattern selectivity — mean neuron corr: 0.5009
2026-03-04 18:20:09,161 - INFO - LOO (avg rate) — Model mean r: 0.2921, LOO mean r: 0.4546, Neurons model > LOO: 1/63
2026-03-04 18:20:10,782 - INFO - LOO (temporal) — Model mean r: 0.1389, LOO mean r: 0.3186, Neurons model > LOO: 0/63
2026-03-04 18:20:10,782 - INFO - Skipping oracle trial plots (skip_oracle_plots=True)
2026-03-04 18:20:10,790 - INFO - Experiment complete. Summary: {
  "run_dir": "/scratch/sb272/patterns5k_results/slurm_base_cnn_2026-03-04_16-53-19/trial_0192_learning_rate=5.0e-03_kernel_sizes=3x3x3_conv_channels=128x128x128_fc_dims=512_seed2",
  "model_type": "cnn",
  "batch_avg_test_loss": 0.16805190837383271,
  "batch_avg_test_corr": 0.1375627168397647,
  "all_test_fve": 0.02276342823391869,
  "AR_FVE": NaN,
  "AR_test_correlation": NaN,
  "best_val_corr": 0.1349630698984585,
  "total_params": 213951,
  "trainable_params": 213951,
  "epochs_trained": 31,
  "mean_pattern_corr": 0.5008730441032432,
  "history": 0,
  "init_state": true,
  "loo_avg_mean_corr": 0.45456832695830385,
  "model_avg_mean_corr": 0.2920652345051038,
  "neurons_model_beats_loo_avg": 1,
  "loo_temporal_mean_corr": 0.31855225563049316,
  "all_test_corr": 0.13893862068653107,
  "neurons_model_beats_loo_temporal": 0,
  "kernel_sizes": [
    3,
    3,
    3
  ],
  "conv_channels": [
    128,
    128,
    128
  ],
  "fc_dims": [
    512
  ]
}
