2026-01-23 19:13:37,611 - INFO - ==================================================
2026-01-23 19:13:37,611 - INFO - Experiment run directory: results/2026-01-23_19-13-37
2026-01-23 19:13:37,612 - INFO - Inference mode: False
2026-01-23 19:13:37,612 - INFO - Random seed: 42
2026-01-23 19:13:37,613 - INFO - ==================================================
2026-01-23 19:13:37,614 - INFO - Total patterns: 4050
2026-01-23 19:13:37,615 - INFO - Oracle patterns: 50, Sample patterns: 4000
2026-01-23 19:13:37,616 - INFO - Train: 3400 (sample only), Val: 600 (sample only), Test: 50 (oracle only)
2026-01-23 19:13:37,616 - INFO - Split mode: oracle
2026-01-23 19:13:37,617 - INFO - Encoding mode: original
2026-01-23 19:13:54,515 - INFO - Train batches: 425, Val batches: 75, Test batches: 7
2026-01-23 19:13:54,517 - INFO - Input shape (X): torch.Size([3400, 42, 2000])
2026-01-23 19:13:54,518 - INFO - Output shape (Y): torch.Size([3400, 71, 2000])
2026-01-23 19:13:54,518 - INFO - Number of stimulation channels: 42
2026-01-23 19:13:54,518 - INFO - Number of recorded neurons: 71
2026-01-23 19:13:54,519 - INFO - Using Apple Silicon MPS acceleration
2026-01-23 19:13:54,519 - INFO - MPS built: True
2026-01-23 19:13:54,520 - INFO - PyTorch version: 2.10.0.dev20251124
2026-01-23 19:13:54,520 - INFO - Device: mps
2026-01-23 19:13:54,521 - INFO - Saved experiment config to results/2026-01-23_19-13-37/config.json
