2026-02-19 16:31:07,548 - INFO - ============================================================
2026-02-19 16:31:07,548 - INFO - Experiment run directory: results/hist_cnn_v3_2026-02-19_14-35-39/trial_0042_history=3
2026-02-19 16:31:07,548 - INFO - ============================================================
2026-02-19 16:31:07,548 - INFO - Using preloaded raw data (skipping I/O)
2026-02-19 16:31:07,548 - INFO - Stimulation channels: 42, Spiking neurons: 63
2026-02-19 16:31:07,548 - INFO - Unique patterns: 4050, Total trials: 5000
2026-02-19 16:31:07,564 - INFO - Split (oracle): train=3400, val=600, test=1000
2026-02-19 16:31:22,262 - INFO - BinnedStimSpikeDataset initialized:
2026-02-19 16:31:22,262 - INFO -   input_bin_size_ms=10, output_bin_size_ms=10
2026-02-19 16:31:22,262 - INFO -   n_input_bins=60, n_output_bins=60
2026-02-19 16:31:22,262 - INFO -   output_offset=0, total_bins_input=60, total_bins_output=60
2026-02-19 16:31:22,262 - INFO -   Valid start positions per trial: 0 to 0
2026-02-19 16:31:22,262 - INFO -   Total samples: 3400 (3400 trials × 1 positions)
2026-02-19 16:31:35,766 - INFO - BinnedStimSpikeDataset initialized:
2026-02-19 16:31:35,767 - INFO -   input_bin_size_ms=10, output_bin_size_ms=10
2026-02-19 16:31:35,767 - INFO -   n_input_bins=60, n_output_bins=60
2026-02-19 16:31:35,767 - INFO -   output_offset=0, total_bins_input=60, total_bins_output=60
2026-02-19 16:31:35,767 - INFO -   Valid start positions per trial: 0 to 0
2026-02-19 16:31:35,767 - INFO -   Total samples: 600 (600 trials × 1 positions)
2026-02-19 16:31:49,667 - INFO - BinnedStimSpikeDataset initialized:
2026-02-19 16:31:49,668 - INFO -   input_bin_size_ms=10, output_bin_size_ms=10
2026-02-19 16:31:49,668 - INFO -   n_input_bins=60, n_output_bins=60
2026-02-19 16:31:49,668 - INFO -   output_offset=0, total_bins_input=60, total_bins_output=60
2026-02-19 16:31:49,668 - INFO -   Valid start positions per trial: 0 to 0
2026-02-19 16:31:49,668 - INFO -   Total samples: 1000 (1000 trials × 1 positions)
2026-02-19 16:31:49,669 - INFO - Samples — train: 3400, val: 600, test: 1000
2026-02-19 16:31:49,669 - INFO - Input channels: 105, Neurons: 63
2026-02-19 16:31:49,672 - INFO - Using Apple Silicon MPS acceleration
2026-02-19 16:31:49,846 - INFO - Model: CNN — 351,551 trainable params (351,551 total)
2026-02-19 16:31:49,847 - INFO - Starting training …
2026-02-19 16:31:53,255 - INFO - Epoch   1/50 | Train: 0.228576 | Val: 0.194813 | Corr: 0.121273 | LR: 1.00e-03
2026-02-19 16:31:53,264 - INFO -   ↳ Saved best model (val_corr=0.121273)
2026-02-19 16:31:56,563 - INFO - Epoch   2/50 | Train: 0.194066 | Val: 0.191081 | Corr: 0.150119 | LR: 1.00e-03
2026-02-19 16:31:56,572 - INFO -   ↳ Saved best model (val_corr=0.150119)
2026-02-19 16:31:59,982 - INFO - Epoch   3/50 | Train: 0.189651 | Val: 0.187344 | Corr: 0.172964 | LR: 1.00e-03
2026-02-19 16:31:59,990 - INFO -   ↳ Saved best model (val_corr=0.172964)
2026-02-19 16:32:03,268 - INFO - Epoch   4/50 | Train: 0.185931 | Val: 0.184693 | Corr: 0.189551 | LR: 1.00e-03
2026-02-19 16:32:03,276 - INFO -   ↳ Saved best model (val_corr=0.189551)
2026-02-19 16:32:06,533 - INFO - Epoch   5/50 | Train: 0.183081 | Val: 0.182717 | Corr: 0.200614 | LR: 1.00e-03
2026-02-19 16:32:06,541 - INFO -   ↳ Saved best model (val_corr=0.200614)
2026-02-19 16:32:09,775 - INFO - Epoch   6/50 | Train: 0.181048 | Val: 0.181388 | Corr: 0.209303 | LR: 1.00e-03
2026-02-19 16:32:09,786 - INFO -   ↳ Saved best model (val_corr=0.209303)
2026-02-19 16:32:13,115 - INFO - Epoch   7/50 | Train: 0.179423 | Val: 0.180392 | Corr: 0.215691 | LR: 1.00e-03
2026-02-19 16:32:13,125 - INFO -   ↳ Saved best model (val_corr=0.215691)
2026-02-19 16:32:16,406 - INFO - Epoch   8/50 | Train: 0.178077 | Val: 0.179826 | Corr: 0.218965 | LR: 1.00e-03
2026-02-19 16:32:16,424 - INFO -   ↳ Saved best model (val_corr=0.218965)
2026-02-19 16:32:19,673 - INFO - Epoch   9/50 | Train: 0.176914 | Val: 0.178960 | Corr: 0.223646 | LR: 1.00e-03
2026-02-19 16:32:19,695 - INFO -   ↳ Saved best model (val_corr=0.223646)
2026-02-19 16:32:22,979 - INFO - Epoch  10/50 | Train: 0.176004 | Val: 0.178736 | Corr: 0.225876 | LR: 1.00e-03
2026-02-19 16:32:22,996 - INFO -   ↳ Saved best model (val_corr=0.225876)
2026-02-19 16:32:26,263 - INFO - Epoch  11/50 | Train: 0.175185 | Val: 0.178864 | Corr: 0.228586 | LR: 1.00e-03
2026-02-19 16:32:26,276 - INFO -   ↳ Saved best model (val_corr=0.228586)
2026-02-19 16:32:29,665 - INFO - Epoch  12/50 | Train: 0.174454 | Val: 0.178330 | Corr: 0.229628 | LR: 1.00e-03
2026-02-19 16:32:29,684 - INFO -   ↳ Saved best model (val_corr=0.229628)
2026-02-19 16:32:32,938 - INFO - Epoch  13/50 | Train: 0.173811 | Val: 0.178122 | Corr: 0.230811 | LR: 1.00e-03
2026-02-19 16:32:32,957 - INFO -   ↳ Saved best model (val_corr=0.230811)
2026-02-19 16:32:36,272 - INFO - Epoch  14/50 | Train: 0.173101 | Val: 0.177900 | Corr: 0.232319 | LR: 1.00e-03
2026-02-19 16:32:36,291 - INFO -   ↳ Saved best model (val_corr=0.232319)
2026-02-19 16:32:39,675 - INFO - Epoch  15/50 | Train: 0.172391 | Val: 0.177875 | Corr: 0.231872 | LR: 1.00e-03
2026-02-19 16:32:42,944 - INFO - Epoch  16/50 | Train: 0.171905 | Val: 0.177769 | Corr: 0.233268 | LR: 1.00e-03
2026-02-19 16:32:42,956 - INFO -   ↳ Saved best model (val_corr=0.233268)
2026-02-19 16:32:46,222 - INFO - Epoch  17/50 | Train: 0.171347 | Val: 0.177825 | Corr: 0.233700 | LR: 1.00e-03
2026-02-19 16:32:46,230 - INFO -   ↳ Saved best model (val_corr=0.233700)
2026-02-19 16:32:49,602 - INFO - Epoch  18/50 | Train: 0.170753 | Val: 0.177799 | Corr: 0.233217 | LR: 1.00e-03
2026-02-19 16:32:52,920 - INFO - Epoch  19/50 | Train: 0.170398 | Val: 0.178074 | Corr: 0.233322 | LR: 1.00e-03
2026-02-19 16:32:56,174 - INFO - Epoch  20/50 | Train: 0.170008 | Val: 0.177812 | Corr: 0.233930 | LR: 1.00e-03
2026-02-19 16:32:56,183 - INFO -   ↳ Saved best model (val_corr=0.233930)
2026-02-19 16:32:59,446 - INFO - Epoch  21/50 | Train: 0.169461 | Val: 0.177850 | Corr: 0.234602 | LR: 1.00e-03
2026-02-19 16:32:59,455 - INFO -   ↳ Saved best model (val_corr=0.234602)
2026-02-19 16:33:02,796 - INFO - Epoch  22/50 | Train: 0.169069 | Val: 0.177838 | Corr: 0.235066 | LR: 5.00e-04
2026-02-19 16:33:02,804 - INFO -   ↳ Saved best model (val_corr=0.235066)
2026-02-19 16:33:06,132 - INFO - Epoch  23/50 | Train: 0.167583 | Val: 0.177660 | Corr: 0.236420 | LR: 5.00e-04
2026-02-19 16:33:06,140 - INFO -   ↳ Saved best model (val_corr=0.236420)
2026-02-19 16:33:09,414 - INFO - Epoch  24/50 | Train: 0.167145 | Val: 0.177853 | Corr: 0.235870 | LR: 5.00e-04
2026-02-19 16:33:12,750 - INFO - Epoch  25/50 | Train: 0.166748 | Val: 0.177918 | Corr: 0.236070 | LR: 5.00e-04
2026-02-19 16:33:16,072 - INFO - Epoch  26/50 | Train: 0.166640 | Val: 0.178061 | Corr: 0.236275 | LR: 5.00e-04
2026-02-19 16:33:19,433 - INFO - Epoch  27/50 | Train: 0.166377 | Val: 0.178073 | Corr: 0.235894 | LR: 5.00e-04
2026-02-19 16:33:22,705 - INFO - Epoch  28/50 | Train: 0.166193 | Val: 0.178192 | Corr: 0.235407 | LR: 5.00e-04
2026-02-19 16:33:25,963 - INFO - Epoch  29/50 | Train: 0.166114 | Val: 0.178067 | Corr: 0.235949 | LR: 2.50e-04
2026-02-19 16:33:29,337 - INFO - Epoch  30/50 | Train: 0.165140 | Val: 0.178124 | Corr: 0.235976 | LR: 2.50e-04
2026-02-19 16:33:32,587 - INFO - Epoch  31/50 | Train: 0.165023 | Val: 0.178330 | Corr: 0.236093 | LR: 2.50e-04
2026-02-19 16:33:35,863 - INFO - Epoch  32/50 | Train: 0.164854 | Val: 0.178212 | Corr: 0.235919 | LR: 2.50e-04
2026-02-19 16:33:39,175 - INFO - Epoch  33/50 | Train: 0.164728 | Val: 0.178246 | Corr: 0.235567 | LR: 2.50e-04
2026-02-19 16:33:39,175 - INFO - Early stopping at epoch 33
2026-02-19 16:33:39,175 - INFO - Training complete — best val corr: 0.236420
2026-02-19 16:33:39,826 - INFO - Test loss: 0.168423, Test corr: 0.234269
2026-02-19 16:33:40,041 - INFO - Generating figures …
2026-02-19 16:33:40,257 - INFO - Correlation between predicted and actual per-neuron averages: r=0.9937, p=8.63e-60
2026-02-19 16:33:41,013 - INFO - Pattern selectivity summary:
2026-02-19 16:33:41,014 - INFO -   Mean correlation across neurons: 0.6783
2026-02-19 16:33:41,014 - INFO -   Median correlation: 0.7067
2026-02-19 16:33:41,014 - INFO -   Neurons with r > 0.5: 55 / 63
2026-02-19 16:33:41,014 - INFO -   Neurons with r > 0.3: 62 / 63
2026-02-19 16:33:41,014 - INFO - Pattern selectivity — mean neuron corr: 0.6783
2026-02-19 16:33:41,408 - INFO - LOO (avg rate) — Model mean r: 0.5037, LOO mean r: 0.4728, Neurons model > LOO: 31/63
2026-02-19 16:33:42,229 - INFO - LOO (temporal) — Model mean r: 0.2430, LOO mean r: 0.3815, Neurons model > LOO: 3/63
2026-02-19 16:33:42,230 - INFO - Skipping oracle trial plots (skip_oracle_plots=True)
2026-02-19 16:33:42,230 - INFO - Experiment complete. Summary: {
  "run_dir": "results/hist_cnn_v3_2026-02-19_14-35-39/trial_0042_history=3",
  "model_type": "cnn",
  "test_loss": 0.16842288494110108,
  "test_corr": 0.23426870147160722,
  "best_val_corr": 0.23641986096588033,
  "total_params": 351551,
  "trainable_params": 351551,
  "epochs_trained": 33,
  "mean_pattern_corr": 0.6782781429472645,
  "loo_avg_mean_corr": 0.47275709111471625,
  "model_avg_mean_corr": 0.5036858726359782,
  "neurons_model_beats_loo_avg": 31,
  "loo_temporal_mean_corr": 0.3815135061740875,
  "model_temporal_mean_corr": 0.24304388463497162,
  "neurons_model_beats_loo_temporal": 3
}
2026-02-19 16:33:42,233 - INFO - 
======================================================================
2026-02-19 16:33:42,233 - INFO - [44/48] trial_0043_history=4
2026-02-19 16:33:42,233 - INFO -   Overrides: {"kernel_sizes": [10], "weight_decay": 0.0001, "conv_channels": [256], "history": 4}
2026-02-19 16:33:42,233 - INFO -   Output: results/hist_cnn_v3_2026-02-19_14-35-39/trial_0043_history=4
