2026-03-04 20:55:45,677 - INFO - ============================================================
2026-03-04 20:55:45,677 - INFO - Experiment run directory: /scratch/sb272/patterns5k_results/slurm_base_cnn_2026-03-04_16-53-19/trial_0187_learning_rate=5.0e-03_kernel_sizes=3x3x3_conv_channels=32x64x128_fc_dims=256_seed3
2026-03-04 20:55:45,677 - INFO - ============================================================
2026-03-04 20:55:45,678 - INFO - Loading data …
2026-03-04 20:55:46,523 - INFO - 63 unique neurons after dropping problematic neurons
2026-03-04 20:55:47,666 - INFO - Stimulation channels: 42, Spiking neurons: 63
2026-03-04 20:57:45,459 - INFO - Unique patterns: 4050, Total trials: 5000
2026-03-04 20:57:45,460 - INFO - Stimulation channels: 42, Spiking neurons: 63
2026-03-04 20:57:45,460 - INFO - Unique patterns: 4050, Total trials: 5000
2026-03-04 20:57:45,476 - INFO - Split (oracle): train=3400, val=600, test=1000
2026-03-04 20:58:08,850 - INFO - BinnedStimSpikeDataset initialized:
2026-03-04 20:58:08,850 - INFO -   input_bin_size_ms=10, output_bin_size_ms=10
2026-03-04 20:58:08,850 - INFO -   n_input_bins=60, n_output_bins=60
2026-03-04 20:58:08,850 - INFO -   output_offset=0, total_bins_input=60, total_bins_output=60
2026-03-04 20:58:08,850 - INFO -   Valid start positions per trial: 0 to 0
2026-03-04 20:58:08,850 - INFO -   Total samples: 3400 (3400 trials × 1 positions)
2026-03-04 20:58:31,574 - INFO - BinnedStimSpikeDataset initialized:
2026-03-04 20:58:31,574 - INFO -   input_bin_size_ms=10, output_bin_size_ms=10
2026-03-04 20:58:31,574 - INFO -   n_input_bins=60, n_output_bins=60
2026-03-04 20:58:31,574 - INFO -   output_offset=0, total_bins_input=60, total_bins_output=60
2026-03-04 20:58:31,574 - INFO -   Valid start positions per trial: 0 to 0
2026-03-04 20:58:31,574 - INFO -   Total samples: 600 (600 trials × 1 positions)
2026-03-04 20:58:54,484 - INFO - BinnedStimSpikeDataset initialized:
2026-03-04 20:58:54,484 - INFO -   input_bin_size_ms=10, output_bin_size_ms=10
2026-03-04 20:58:54,484 - INFO -   n_input_bins=60, n_output_bins=60
2026-03-04 20:58:54,484 - INFO -   output_offset=0, total_bins_input=60, total_bins_output=60
2026-03-04 20:58:54,484 - INFO -   Valid start positions per trial: 0 to 0
2026-03-04 20:58:54,484 - INFO -   Total samples: 1000 (1000 trials × 1 positions)
2026-03-04 20:58:54,485 - INFO - Samples — train: 3400, val: 600, test: 1000
2026-03-04 20:58:54,485 - INFO - Input channels: 42, Neurons: 63
2026-03-04 20:58:54,503 - INFO - Using CPU
2026-03-04 20:58:54,506 - INFO - Model: CNN — 84,639 trainable params (84,639 total)
2026-03-04 20:58:58,519 - INFO - Starting training …
2026-03-04 20:59:03,424 - INFO - Epoch   1/50 | Train: 0.198365 | Val: 0.181254 | Corr: 0.077439 | LR: 5.00e-03
2026-03-04 20:59:03,435 - INFO -   ↳ Saved best model (val_corr=0.077439)
2026-03-04 20:59:07,292 - INFO - Epoch   2/50 | Train: 0.183489 | Val: 0.181034 | Corr: 0.083188 | LR: 5.00e-03
2026-03-04 20:59:07,302 - INFO -   ↳ Saved best model (val_corr=0.083188)
2026-03-04 20:59:10,999 - INFO - Epoch   3/50 | Train: 0.182326 | Val: 0.179759 | Corr: 0.089653 | LR: 5.00e-03
2026-03-04 20:59:11,009 - INFO -   ↳ Saved best model (val_corr=0.089653)
2026-03-04 20:59:14,692 - INFO - Epoch   4/50 | Train: 0.181359 | Val: 0.178986 | Corr: 0.099651 | LR: 5.00e-03
2026-03-04 20:59:14,701 - INFO -   ↳ Saved best model (val_corr=0.099651)
2026-03-04 20:59:18,392 - INFO - Epoch   5/50 | Train: 0.180816 | Val: 0.179308 | Corr: 0.105603 | LR: 5.00e-03
2026-03-04 20:59:18,414 - INFO -   ↳ Saved best model (val_corr=0.105603)
2026-03-04 20:59:22,101 - INFO - Epoch   6/50 | Train: 0.180281 | Val: 0.177861 | Corr: 0.111001 | LR: 5.00e-03
2026-03-04 20:59:22,122 - INFO -   ↳ Saved best model (val_corr=0.111001)
2026-03-04 20:59:25,759 - INFO - Epoch   7/50 | Train: 0.179635 | Val: 0.177176 | Corr: 0.115987 | LR: 5.00e-03
2026-03-04 20:59:25,771 - INFO -   ↳ Saved best model (val_corr=0.115987)
2026-03-04 20:59:29,409 - INFO - Epoch   8/50 | Train: 0.179265 | Val: 0.177029 | Corr: 0.117252 | LR: 5.00e-03
2026-03-04 20:59:29,417 - INFO -   ↳ Saved best model (val_corr=0.117252)
2026-03-04 20:59:33,061 - INFO - Epoch   9/50 | Train: 0.179128 | Val: 0.176740 | Corr: 0.120263 | LR: 5.00e-03
2026-03-04 20:59:33,075 - INFO -   ↳ Saved best model (val_corr=0.120263)
2026-03-04 20:59:36,729 - INFO - Epoch  10/50 | Train: 0.178955 | Val: 0.176966 | Corr: 0.121639 | LR: 5.00e-03
2026-03-04 20:59:36,754 - INFO -   ↳ Saved best model (val_corr=0.121639)
2026-03-04 20:59:40,408 - INFO - Epoch  11/50 | Train: 0.178699 | Val: 0.176523 | Corr: 0.123413 | LR: 5.00e-03
2026-03-04 20:59:40,421 - INFO -   ↳ Saved best model (val_corr=0.123413)
2026-03-04 20:59:44,065 - INFO - Epoch  12/50 | Train: 0.178462 | Val: 0.176408 | Corr: 0.125125 | LR: 5.00e-03
2026-03-04 20:59:44,087 - INFO -   ↳ Saved best model (val_corr=0.125125)
2026-03-04 20:59:47,734 - INFO - Epoch  13/50 | Train: 0.178310 | Val: 0.176343 | Corr: 0.126753 | LR: 5.00e-03
2026-03-04 20:59:47,753 - INFO -   ↳ Saved best model (val_corr=0.126753)
2026-03-04 20:59:51,398 - INFO - Epoch  14/50 | Train: 0.178269 | Val: 0.176192 | Corr: 0.126976 | LR: 5.00e-03
2026-03-04 20:59:51,409 - INFO -   ↳ Saved best model (val_corr=0.126976)
2026-03-04 20:59:55,047 - INFO - Epoch  15/50 | Train: 0.178105 | Val: 0.176635 | Corr: 0.127438 | LR: 5.00e-03
2026-03-04 20:59:55,056 - INFO -   ↳ Saved best model (val_corr=0.127438)
2026-03-04 20:59:58,683 - INFO - Epoch  16/50 | Train: 0.178064 | Val: 0.176112 | Corr: 0.129247 | LR: 5.00e-03
2026-03-04 20:59:58,692 - INFO -   ↳ Saved best model (val_corr=0.129247)
2026-03-04 21:00:02,340 - INFO - Epoch  17/50 | Train: 0.177977 | Val: 0.176017 | Corr: 0.129911 | LR: 5.00e-03
2026-03-04 21:00:02,350 - INFO -   ↳ Saved best model (val_corr=0.129911)
2026-03-04 21:00:05,983 - INFO - Epoch  18/50 | Train: 0.177744 | Val: 0.176007 | Corr: 0.129901 | LR: 5.00e-03
2026-03-04 21:00:09,630 - INFO - Epoch  19/50 | Train: 0.177628 | Val: 0.176206 | Corr: 0.130512 | LR: 5.00e-03
2026-03-04 21:00:09,641 - INFO -   ↳ Saved best model (val_corr=0.130512)
2026-03-04 21:00:13,286 - INFO - Epoch  20/50 | Train: 0.177688 | Val: 0.175766 | Corr: 0.131458 | LR: 5.00e-03
2026-03-04 21:00:13,297 - INFO -   ↳ Saved best model (val_corr=0.131458)
2026-03-04 21:00:16,945 - INFO - Epoch  21/50 | Train: 0.177561 | Val: 0.175567 | Corr: 0.133182 | LR: 5.00e-03
2026-03-04 21:00:16,955 - INFO -   ↳ Saved best model (val_corr=0.133182)
2026-03-04 21:00:20,604 - INFO - Epoch  22/50 | Train: 0.177400 | Val: 0.175835 | Corr: 0.132371 | LR: 5.00e-03
2026-03-04 21:00:24,286 - INFO - Epoch  23/50 | Train: 0.177406 | Val: 0.175793 | Corr: 0.133475 | LR: 5.00e-03
2026-03-04 21:00:24,294 - INFO -   ↳ Saved best model (val_corr=0.133475)
2026-03-04 21:00:27,942 - INFO - Epoch  24/50 | Train: 0.177274 | Val: 0.175608 | Corr: 0.133424 | LR: 5.00e-03
2026-03-04 21:00:31,582 - INFO - Epoch  25/50 | Train: 0.177164 | Val: 0.175551 | Corr: 0.133531 | LR: 5.00e-03
2026-03-04 21:00:31,593 - INFO -   ↳ Saved best model (val_corr=0.133531)
2026-03-04 21:00:35,240 - INFO - Epoch  26/50 | Train: 0.177284 | Val: 0.175791 | Corr: 0.132970 | LR: 5.00e-03
2026-03-04 21:00:38,896 - INFO - Epoch  27/50 | Train: 0.177073 | Val: 0.175687 | Corr: 0.135121 | LR: 2.50e-03
2026-03-04 21:00:38,906 - INFO -   ↳ Saved best model (val_corr=0.135121)
2026-03-04 21:00:42,562 - INFO - Epoch  28/50 | Train: 0.176555 | Val: 0.175218 | Corr: 0.135896 | LR: 2.50e-03
2026-03-04 21:00:42,572 - INFO -   ↳ Saved best model (val_corr=0.135896)
2026-03-04 21:00:46,209 - INFO - Epoch  29/50 | Train: 0.176444 | Val: 0.175198 | Corr: 0.136710 | LR: 2.50e-03
2026-03-04 21:00:46,217 - INFO -   ↳ Saved best model (val_corr=0.136710)
2026-03-04 21:00:49,868 - INFO - Epoch  30/50 | Train: 0.176460 | Val: 0.175342 | Corr: 0.136551 | LR: 2.50e-03
2026-03-04 21:00:53,514 - INFO - Epoch  31/50 | Train: 0.176350 | Val: 0.175275 | Corr: 0.136349 | LR: 2.50e-03
2026-03-04 21:00:57,167 - INFO - Epoch  32/50 | Train: 0.176388 | Val: 0.175209 | Corr: 0.137317 | LR: 2.50e-03
2026-03-04 21:00:57,176 - INFO -   ↳ Saved best model (val_corr=0.137317)
2026-03-04 21:01:00,835 - INFO - Epoch  33/50 | Train: 0.176249 | Val: 0.175191 | Corr: 0.137602 | LR: 2.50e-03
2026-03-04 21:01:00,843 - INFO -   ↳ Saved best model (val_corr=0.137602)
2026-03-04 21:01:04,468 - INFO - Epoch  34/50 | Train: 0.176274 | Val: 0.175158 | Corr: 0.137525 | LR: 2.50e-03
2026-03-04 21:01:08,103 - INFO - Epoch  35/50 | Train: 0.176180 | Val: 0.175186 | Corr: 0.137343 | LR: 2.50e-03
2026-03-04 21:01:11,729 - INFO - Epoch  36/50 | Train: 0.176130 | Val: 0.175120 | Corr: 0.137665 | LR: 2.50e-03
2026-03-04 21:01:11,740 - INFO -   ↳ Saved best model (val_corr=0.137665)
2026-03-04 21:01:15,358 - INFO - Epoch  37/50 | Train: 0.176143 | Val: 0.175287 | Corr: 0.137182 | LR: 2.50e-03
2026-03-04 21:01:18,986 - INFO - Epoch  38/50 | Train: 0.176124 | Val: 0.175158 | Corr: 0.138381 | LR: 2.50e-03
2026-03-04 21:01:18,995 - INFO -   ↳ Saved best model (val_corr=0.138381)
2026-03-04 21:01:22,624 - INFO - Epoch  39/50 | Train: 0.176104 | Val: 0.175070 | Corr: 0.138080 | LR: 2.50e-03
2026-03-04 21:01:26,111 - INFO - Epoch  40/50 | Train: 0.176030 | Val: 0.175052 | Corr: 0.138230 | LR: 2.50e-03
2026-03-04 21:01:29,593 - INFO - Epoch  41/50 | Train: 0.176048 | Val: 0.175132 | Corr: 0.138178 | LR: 2.50e-03
2026-03-04 21:01:33,046 - INFO - Epoch  42/50 | Train: 0.175971 | Val: 0.175101 | Corr: 0.138032 | LR: 2.50e-03
2026-03-04 21:01:36,543 - INFO - Epoch  43/50 | Train: 0.175972 | Val: 0.175159 | Corr: 0.137422 | LR: 2.50e-03
2026-03-04 21:01:40,007 - INFO - Epoch  44/50 | Train: 0.175965 | Val: 0.175152 | Corr: 0.138125 | LR: 2.50e-03
2026-03-04 21:01:43,477 - INFO - Epoch  45/50 | Train: 0.176002 | Val: 0.175160 | Corr: 0.137960 | LR: 2.50e-03
2026-03-04 21:01:46,945 - INFO - Epoch  46/50 | Train: 0.175916 | Val: 0.175145 | Corr: 0.137699 | LR: 1.25e-03
2026-03-04 21:01:50,396 - INFO - Epoch  47/50 | Train: 0.175655 | Val: 0.174917 | Corr: 0.139442 | LR: 1.25e-03
2026-03-04 21:01:50,405 - INFO -   ↳ Saved best model (val_corr=0.139442)
2026-03-04 21:01:53,837 - INFO - Epoch  48/50 | Train: 0.175523 | Val: 0.174904 | Corr: 0.139115 | LR: 1.25e-03
2026-03-04 21:01:57,272 - INFO - Epoch  49/50 | Train: 0.175488 | Val: 0.175014 | Corr: 0.138739 | LR: 1.25e-03
2026-03-04 21:02:00,728 - INFO - Epoch  50/50 | Train: 0.175485 | Val: 0.174945 | Corr: 0.138996 | LR: 1.25e-03
2026-03-04 21:02:00,728 - INFO - Training complete — best val corr: 0.139442
2026-03-04 21:02:02,056 - INFO - Test loss: 0.167854, Test corr: 0.137768
2026-03-04 21:02:02,313 - INFO - Fraction of variance explained (FVE): 0.023833
2026-03-04 21:02:02,314 - INFO - Generating figures …
2026-03-04 21:02:02,767 - INFO - Correlation between predicted and actual per-neuron averages: r=0.9882, p=0.00e+00
2026-03-04 21:02:04,607 - INFO - Pattern selectivity summary:
2026-03-04 21:02:04,608 - INFO -   Mean correlation across neurons: 0.4979
2026-03-04 21:02:04,608 - INFO -   Median correlation: 0.5468
2026-03-04 21:02:04,608 - INFO -   Neurons with r > 0.5: 36 / 63
2026-03-04 21:02:04,608 - INFO -   Neurons with r > 0.3: 52 / 63
2026-03-04 21:02:04,608 - INFO - Pattern selectivity — mean neuron corr: 0.4979
2026-03-04 21:02:06,109 - INFO - LOO (avg rate) — Model mean r: 0.2903, LOO mean r: 0.4546, Neurons model > LOO: 1/63
2026-03-04 21:02:08,079 - INFO - LOO (temporal) — Model mean r: 0.1388, LOO mean r: 0.3186, Neurons model > LOO: 0/63
2026-03-04 21:02:08,079 - INFO - Skipping oracle trial plots (skip_oracle_plots=True)
2026-03-04 21:02:08,085 - INFO - Experiment complete. Summary: {
  "run_dir": "/scratch/sb272/patterns5k_results/slurm_base_cnn_2026-03-04_16-53-19/trial_0187_learning_rate=5.0e-03_kernel_sizes=3x3x3_conv_channels=32x64x128_fc_dims=256_seed3",
  "model_type": "cnn",
  "batch_avg_test_loss": 0.16785448253154756,
  "batch_avg_test_corr": 0.13776829565364454,
  "all_test_fve": 0.02383346879293048,
  "AR_FVE": NaN,
  "AR_test_correlation": NaN,
  "best_val_corr": 0.1394422182907047,
  "total_params": 84639,
  "trainable_params": 84639,
  "epochs_trained": 50,
  "mean_pattern_corr": 0.49785363232777696,
  "history": 0,
  "init_state": true,
  "loo_avg_mean_corr": 0.45456832695830385,
  "model_avg_mean_corr": 0.2902659851796119,
  "neurons_model_beats_loo_avg": 1,
  "loo_temporal_mean_corr": 0.31855225563049316,
  "all_test_corr": 0.13879457116127014,
  "neurons_model_beats_loo_temporal": 0,
  "kernel_sizes": [
    3,
    3,
    3
  ],
  "conv_channels": [
    32,
    64,
    128
  ],
  "fc_dims": [
    256
  ]
}
