2026-03-04 02:07:30,593 - INFO - ============================================================
2026-03-04 02:07:30,593 - INFO - Experiment run directory: /scratch/sb272/patterns5k_results/slurm_hist_cnn_2026-03-03_15-13-01/trial_0374_learning_rate=5.0e-03_history=10_kernel_sizes=20_conv_channels=256_fc_dims=256_seed2
2026-03-04 02:07:30,593 - INFO - ============================================================
2026-03-04 02:07:30,593 - INFO - Loading data …
2026-03-04 02:07:31,963 - INFO - 63 unique neurons after dropping problematic neurons
2026-03-04 02:07:32,885 - INFO - Stimulation channels: 42, Spiking neurons: 63
2026-03-04 02:08:43,993 - INFO - Unique patterns: 4050, Total trials: 5000
2026-03-04 02:08:43,994 - INFO - Stimulation channels: 42, Spiking neurons: 63
2026-03-04 02:08:43,994 - INFO - Unique patterns: 4050, Total trials: 5000
2026-03-04 02:08:44,007 - INFO - Split (oracle): train=3400, val=600, test=1000
2026-03-04 02:08:58,378 - INFO - BinnedStimSpikeDataset initialized:
2026-03-04 02:08:58,378 - INFO -   input_bin_size_ms=10, output_bin_size_ms=10
2026-03-04 02:08:58,379 - INFO -   n_input_bins=60, n_output_bins=60
2026-03-04 02:08:58,379 - INFO -   output_offset=0, total_bins_input=60, total_bins_output=60
2026-03-04 02:08:58,379 - INFO -   Valid start positions per trial: 0 to 0
2026-03-04 02:08:58,379 - INFO -   Total samples: 3400 (3400 trials × 1 positions)
2026-03-04 02:09:12,252 - INFO - BinnedStimSpikeDataset initialized:
2026-03-04 02:09:12,252 - INFO -   input_bin_size_ms=10, output_bin_size_ms=10
2026-03-04 02:09:12,252 - INFO -   n_input_bins=60, n_output_bins=60
2026-03-04 02:09:12,252 - INFO -   output_offset=0, total_bins_input=60, total_bins_output=60
2026-03-04 02:09:12,252 - INFO -   Valid start positions per trial: 0 to 0
2026-03-04 02:09:12,252 - INFO -   Total samples: 600 (600 trials × 1 positions)
2026-03-04 02:09:26,194 - INFO - BinnedStimSpikeDataset initialized:
2026-03-04 02:09:26,194 - INFO -   input_bin_size_ms=10, output_bin_size_ms=10
2026-03-04 02:09:26,194 - INFO -   n_input_bins=60, n_output_bins=60
2026-03-04 02:09:26,194 - INFO -   output_offset=0, total_bins_input=60, total_bins_output=60
2026-03-04 02:09:26,194 - INFO -   Valid start positions per trial: 0 to 0
2026-03-04 02:09:26,194 - INFO -   Total samples: 1000 (1000 trials × 1 positions)
2026-03-04 02:09:26,194 - INFO - Samples — train: 3400, val: 600, test: 1000
2026-03-04 02:09:26,194 - INFO - Input channels: 105, Neurons: 63
2026-03-04 02:09:26,203 - INFO - Using CPU
2026-03-04 02:09:26,221 - INFO - Model: CNN — 620,351 trainable params (620,351 total)
2026-03-04 02:09:30,707 - INFO - Starting training …
2026-03-04 02:09:37,954 - INFO - Epoch   1/50 | Train: 0.203285 | Val: 0.184881 | Corr: 0.066416 | LR: 5.00e-03
2026-03-04 02:09:37,971 - INFO -   ↳ Saved best model (val_corr=0.066416)
2026-03-04 02:09:44,492 - INFO - Epoch   2/50 | Train: 0.182757 | Val: 0.181997 | Corr: 0.087614 | LR: 5.00e-03
2026-03-04 02:09:44,509 - INFO -   ↳ Saved best model (val_corr=0.087614)
2026-03-04 02:09:50,889 - INFO - Epoch   3/50 | Train: 0.180500 | Val: 0.181253 | Corr: 0.102473 | LR: 5.00e-03
2026-03-04 02:09:50,904 - INFO -   ↳ Saved best model (val_corr=0.102473)
2026-03-04 02:09:57,407 - INFO - Epoch   4/50 | Train: 0.177603 | Val: 0.179192 | Corr: 0.113683 | LR: 5.00e-03
2026-03-04 02:09:57,425 - INFO -   ↳ Saved best model (val_corr=0.113683)
2026-03-04 02:10:03,939 - INFO - Epoch   5/50 | Train: 0.175030 | Val: 0.178959 | Corr: 0.121912 | LR: 5.00e-03
2026-03-04 02:10:03,957 - INFO -   ↳ Saved best model (val_corr=0.121912)
2026-03-04 02:10:10,521 - INFO - Epoch   6/50 | Train: 0.172680 | Val: 0.178512 | Corr: 0.128387 | LR: 5.00e-03
2026-03-04 02:10:10,541 - INFO -   ↳ Saved best model (val_corr=0.128387)
2026-03-04 02:10:17,111 - INFO - Epoch   7/50 | Train: 0.170391 | Val: 0.177602 | Corr: 0.131076 | LR: 5.00e-03
2026-03-04 02:10:17,130 - INFO -   ↳ Saved best model (val_corr=0.131076)
2026-03-04 02:10:23,829 - INFO - Epoch   8/50 | Train: 0.168448 | Val: 0.177706 | Corr: 0.133199 | LR: 5.00e-03
2026-03-04 02:10:23,846 - INFO -   ↳ Saved best model (val_corr=0.133199)
2026-03-04 02:10:30,221 - INFO - Epoch   9/50 | Train: 0.166472 | Val: 0.178376 | Corr: 0.130236 | LR: 5.00e-03
2026-03-04 02:10:36,782 - INFO - Epoch  10/50 | Train: 0.164877 | Val: 0.178976 | Corr: 0.132965 | LR: 5.00e-03
2026-03-04 02:10:43,187 - INFO - Epoch  11/50 | Train: 0.163173 | Val: 0.181168 | Corr: 0.129643 | LR: 5.00e-03
2026-03-04 02:10:49,755 - INFO - Epoch  12/50 | Train: 0.161832 | Val: 0.181258 | Corr: 0.128186 | LR: 5.00e-03
2026-03-04 02:10:56,287 - INFO - Epoch  13/50 | Train: 0.160688 | Val: 0.181894 | Corr: 0.127766 | LR: 2.50e-03
2026-03-04 02:11:02,837 - INFO - Epoch  14/50 | Train: 0.157479 | Val: 0.182490 | Corr: 0.130180 | LR: 2.50e-03
2026-03-04 02:11:09,292 - INFO - Epoch  15/50 | Train: 0.156208 | Val: 0.184310 | Corr: 0.126969 | LR: 2.50e-03
2026-03-04 02:11:15,822 - INFO - Epoch  16/50 | Train: 0.155372 | Val: 0.184148 | Corr: 0.127526 | LR: 2.50e-03
2026-03-04 02:11:22,119 - INFO - Epoch  17/50 | Train: 0.154838 | Val: 0.185084 | Corr: 0.125677 | LR: 2.50e-03
2026-03-04 02:11:28,651 - INFO - Epoch  18/50 | Train: 0.154366 | Val: 0.185510 | Corr: 0.124178 | LR: 2.50e-03
2026-03-04 02:11:28,651 - INFO - Early stopping at epoch 18
2026-03-04 02:11:28,651 - INFO - Training complete — best val corr: 0.133199
2026-03-04 02:11:30,063 - INFO - Test loss: 0.168861, Test corr: 0.130890
2026-03-04 02:11:30,760 - INFO - Fraction of variance explained (FVE): 0.018907
2026-03-04 02:11:30,760 - INFO - Computing autoregressive (AR) test predictions …
2026-03-04 02:11:31,509 - INFO - AR FVE: 0.011901, AR test corr: 0.113617
2026-03-04 02:11:31,509 - INFO - Generating figures …
2026-03-04 02:11:31,874 - INFO - Correlation between predicted and actual per-neuron averages: r=0.9713, p=9.02e-40
2026-03-04 02:11:33,616 - INFO - Pattern selectivity summary:
2026-03-04 02:11:33,616 - INFO -   Mean correlation across neurons: 0.5336
2026-03-04 02:11:33,616 - INFO -   Median correlation: 0.5601
2026-03-04 02:11:33,616 - INFO -   Neurons with r > 0.5: 40 / 63
2026-03-04 02:11:33,616 - INFO -   Neurons with r > 0.3: 58 / 63
2026-03-04 02:11:33,616 - INFO - Pattern selectivity — mean neuron corr: 0.5336
2026-03-04 02:11:35,109 - INFO - LOO (avg rate) — Model mean r: 0.4148, LOO mean r: 0.4546, Neurons model > LOO: 18/63
2026-03-04 02:11:37,071 - INFO - LOO (temporal) — Model mean r: 0.1414, LOO mean r: 0.3186, Neurons model > LOO: 2/63
2026-03-04 02:11:37,072 - INFO - Skipping oracle trial plots (skip_oracle_plots=True)
2026-03-04 02:11:37,078 - INFO - Experiment complete. Summary: {
  "run_dir": "/scratch/sb272/patterns5k_results/slurm_hist_cnn_2026-03-03_15-13-01/trial_0374_learning_rate=5.0e-03_history=10_kernel_sizes=20_conv_channels=256_fc_dims=256_seed2",
  "model_type": "cnn",
  "batch_avg_test_loss": 0.1688607017993927,
  "batch_avg_test_corr": 0.1308902096290266,
  "all_test_fve": 0.018907271680377778,
  "AR_FVE": 0.011900632154373895,
  "AR_test_correlation": 0.11361722648143768,
  "best_val_corr": 0.13319903881212863,
  "total_params": 620351,
  "trainable_params": 620351,
  "epochs_trained": 18,
  "mean_pattern_corr": 0.53357199288866,
  "history": 10,
  "init_state": true,
  "loo_avg_mean_corr": 0.45456832695830385,
  "model_avg_mean_corr": 0.41482899383612587,
  "neurons_model_beats_loo_avg": 18,
  "loo_temporal_mean_corr": 0.31855225563049316,
  "all_test_corr": 0.1414475291967392,
  "neurons_model_beats_loo_temporal": 2,
  "kernel_sizes": [
    20
  ],
  "conv_channels": [
    256
  ],
  "fc_dims": [
    256
  ]
}
