2026-03-05 22:05:46,130 - INFO - ============================================================
2026-03-05 22:05:46,130 - INFO - Experiment run directory: /scratch/sb272/patterns5k_results/slurm_hist_cnn_2026-03-05_16-01-45/trial_0267_learning_rate=5.0e-04_history=5_kernel_sizes=3x3x3_conv_channels=128x128x128_fc_dims=512_seed0
2026-03-05 22:05:46,130 - INFO - ============================================================
2026-03-05 22:05:46,130 - INFO - Loading data …
2026-03-05 22:05:47,010 - INFO - 63 unique neurons after dropping problematic neurons
2026-03-05 22:05:48,281 - INFO - Stimulation channels: 42, Spiking neurons: 63
2026-03-05 22:07:58,648 - INFO - Unique patterns: 4050, Total trials: 5000
2026-03-05 22:07:58,649 - INFO - Stimulation channels: 42, Spiking neurons: 63
2026-03-05 22:07:58,649 - INFO - Unique patterns: 4050, Total trials: 5000
2026-03-05 22:07:58,666 - INFO - Split (oracle): train=3400, val=600, test=1000
2026-03-05 22:08:25,823 - INFO - BinnedStimSpikeDataset initialized:
2026-03-05 22:08:25,824 - INFO -   input_bin_size_ms=10, output_bin_size_ms=10
2026-03-05 22:08:25,824 - INFO -   n_input_bins=60, n_output_bins=60
2026-03-05 22:08:25,824 - INFO -   output_offset=0, total_bins_input=60, total_bins_output=60
2026-03-05 22:08:25,824 - INFO -   Valid start positions per trial: 0 to 0
2026-03-05 22:08:25,824 - INFO -   Total samples: 3400 (3400 trials × 1 positions)
2026-03-05 22:08:52,204 - INFO - BinnedStimSpikeDataset initialized:
2026-03-05 22:08:52,204 - INFO -   input_bin_size_ms=10, output_bin_size_ms=10
2026-03-05 22:08:52,204 - INFO -   n_input_bins=60, n_output_bins=60
2026-03-05 22:08:52,204 - INFO -   output_offset=0, total_bins_input=60, total_bins_output=60
2026-03-05 22:08:52,205 - INFO -   Valid start positions per trial: 0 to 0
2026-03-05 22:08:52,205 - INFO -   Total samples: 600 (600 trials × 1 positions)
2026-03-05 22:09:18,609 - INFO - BinnedStimSpikeDataset initialized:
2026-03-05 22:09:18,609 - INFO -   input_bin_size_ms=10, output_bin_size_ms=10
2026-03-05 22:09:18,609 - INFO -   n_input_bins=60, n_output_bins=60
2026-03-05 22:09:18,609 - INFO -   output_offset=0, total_bins_input=60, total_bins_output=60
2026-03-05 22:09:18,609 - INFO -   Valid start positions per trial: 0 to 0
2026-03-05 22:09:18,609 - INFO -   Total samples: 1000 (1000 trials × 1 positions)
2026-03-05 22:09:18,610 - INFO - Samples — train: 3400, val: 600, test: 1000
2026-03-05 22:09:18,610 - INFO - Input channels: 105, Neurons: 63
2026-03-05 22:09:18,629 - INFO - Using CPU
2026-03-05 22:09:18,647 - INFO - Model: CNN — 238,143 trainable params (238,143 total)
2026-03-05 22:09:24,494 - INFO - Starting training …
2026-03-05 22:09:33,135 - INFO - Epoch   1/50 | Train: 0.226340 | Val: 0.184918 | Corr: 0.075731 | LR: 5.00e-04
2026-03-05 22:09:33,151 - INFO -   ↳ Saved best model (val_corr=0.075731)
2026-03-05 22:09:40,656 - INFO - Epoch   2/50 | Train: 0.182359 | Val: 0.182389 | Corr: 0.092516 | LR: 5.00e-04
2026-03-05 22:09:40,678 - INFO -   ↳ Saved best model (val_corr=0.092516)
2026-03-05 22:09:48,161 - INFO - Epoch   3/50 | Train: 0.180751 | Val: 0.181529 | Corr: 0.102197 | LR: 5.00e-04
2026-03-05 22:09:48,175 - INFO -   ↳ Saved best model (val_corr=0.102197)
2026-03-05 22:09:55,621 - INFO - Epoch   4/50 | Train: 0.179594 | Val: 0.180815 | Corr: 0.109586 | LR: 5.00e-04
2026-03-05 22:09:55,632 - INFO -   ↳ Saved best model (val_corr=0.109586)
2026-03-05 22:10:03,148 - INFO - Epoch   5/50 | Train: 0.178571 | Val: 0.180538 | Corr: 0.114672 | LR: 5.00e-04
2026-03-05 22:10:03,163 - INFO -   ↳ Saved best model (val_corr=0.114672)
2026-03-05 22:10:10,551 - INFO - Epoch   6/50 | Train: 0.177795 | Val: 0.179984 | Corr: 0.120315 | LR: 5.00e-04
2026-03-05 22:10:10,586 - INFO -   ↳ Saved best model (val_corr=0.120315)
2026-03-05 22:10:18,001 - INFO - Epoch   7/50 | Train: 0.177126 | Val: 0.179118 | Corr: 0.125116 | LR: 5.00e-04
2026-03-05 22:10:18,011 - INFO -   ↳ Saved best model (val_corr=0.125116)
2026-03-05 22:10:25,333 - INFO - Epoch   8/50 | Train: 0.176337 | Val: 0.178717 | Corr: 0.129787 | LR: 5.00e-04
2026-03-05 22:10:25,361 - INFO -   ↳ Saved best model (val_corr=0.129787)
2026-03-05 22:10:32,753 - INFO - Epoch   9/50 | Train: 0.175778 | Val: 0.178398 | Corr: 0.133685 | LR: 5.00e-04
2026-03-05 22:10:32,767 - INFO -   ↳ Saved best model (val_corr=0.133685)
2026-03-05 22:10:40,164 - INFO - Epoch  10/50 | Train: 0.175235 | Val: 0.178134 | Corr: 0.136872 | LR: 5.00e-04
2026-03-05 22:10:40,187 - INFO -   ↳ Saved best model (val_corr=0.136872)
2026-03-05 22:10:47,727 - INFO - Epoch  11/50 | Train: 0.174776 | Val: 0.177922 | Corr: 0.139171 | LR: 5.00e-04
2026-03-05 22:10:47,743 - INFO -   ↳ Saved best model (val_corr=0.139171)
2026-03-05 22:10:55,211 - INFO - Epoch  12/50 | Train: 0.174352 | Val: 0.177525 | Corr: 0.141103 | LR: 5.00e-04
2026-03-05 22:10:55,225 - INFO -   ↳ Saved best model (val_corr=0.141103)
2026-03-05 22:11:02,731 - INFO - Epoch  13/50 | Train: 0.173854 | Val: 0.178232 | Corr: 0.142185 | LR: 5.00e-04
2026-03-05 22:11:02,748 - INFO -   ↳ Saved best model (val_corr=0.142185)
2026-03-05 22:11:10,315 - INFO - Epoch  14/50 | Train: 0.173423 | Val: 0.177394 | Corr: 0.143698 | LR: 5.00e-04
2026-03-05 22:11:10,365 - INFO -   ↳ Saved best model (val_corr=0.143698)
2026-03-05 22:11:17,970 - INFO - Epoch  15/50 | Train: 0.173154 | Val: 0.178178 | Corr: 0.146116 | LR: 5.00e-04
2026-03-05 22:11:17,986 - INFO -   ↳ Saved best model (val_corr=0.146116)
2026-03-05 22:11:25,551 - INFO - Epoch  16/50 | Train: 0.172813 | Val: 0.177462 | Corr: 0.146313 | LR: 5.00e-04
2026-03-05 22:11:25,566 - INFO -   ↳ Saved best model (val_corr=0.146313)
2026-03-05 22:11:33,158 - INFO - Epoch  17/50 | Train: 0.172565 | Val: 0.177191 | Corr: 0.147304 | LR: 5.00e-04
2026-03-05 22:11:33,172 - INFO -   ↳ Saved best model (val_corr=0.147304)
2026-03-05 22:11:40,858 - INFO - Epoch  18/50 | Train: 0.172284 | Val: 0.177218 | Corr: 0.149555 | LR: 5.00e-04
2026-03-05 22:11:40,875 - INFO -   ↳ Saved best model (val_corr=0.149555)
2026-03-05 22:11:48,291 - INFO - Epoch  19/50 | Train: 0.172048 | Val: 0.177498 | Corr: 0.149845 | LR: 5.00e-04
2026-03-05 22:11:48,306 - INFO -   ↳ Saved best model (val_corr=0.149845)
2026-03-05 22:11:55,848 - INFO - Epoch  20/50 | Train: 0.171683 | Val: 0.177595 | Corr: 0.151011 | LR: 5.00e-04
2026-03-05 22:11:55,862 - INFO -   ↳ Saved best model (val_corr=0.151011)
2026-03-05 22:12:03,323 - INFO - Epoch  21/50 | Train: 0.171498 | Val: 0.177330 | Corr: 0.152411 | LR: 5.00e-04
2026-03-05 22:12:03,348 - INFO -   ↳ Saved best model (val_corr=0.152411)
2026-03-05 22:12:10,788 - INFO - Epoch  22/50 | Train: 0.171170 | Val: 0.176610 | Corr: 0.152765 | LR: 5.00e-04
2026-03-05 22:12:10,812 - INFO -   ↳ Saved best model (val_corr=0.152765)
2026-03-05 22:12:18,018 - INFO - Epoch  23/50 | Train: 0.171039 | Val: 0.177116 | Corr: 0.154088 | LR: 5.00e-04
2026-03-05 22:12:18,031 - INFO -   ↳ Saved best model (val_corr=0.154088)
2026-03-05 22:12:25,573 - INFO - Epoch  24/50 | Train: 0.170773 | Val: 0.177090 | Corr: 0.152765 | LR: 5.00e-04
2026-03-05 22:12:33,039 - INFO - Epoch  25/50 | Train: 0.170621 | Val: 0.177210 | Corr: 0.156000 | LR: 5.00e-04
2026-03-05 22:12:33,058 - INFO -   ↳ Saved best model (val_corr=0.156000)
2026-03-05 22:12:40,536 - INFO - Epoch  26/50 | Train: 0.170299 | Val: 0.176406 | Corr: 0.155191 | LR: 5.00e-04
2026-03-05 22:12:48,046 - INFO - Epoch  27/50 | Train: 0.170196 | Val: 0.176827 | Corr: 0.154493 | LR: 5.00e-04
2026-03-05 22:12:55,659 - INFO - Epoch  28/50 | Train: 0.170030 | Val: 0.177052 | Corr: 0.154224 | LR: 5.00e-04
2026-03-05 22:13:03,325 - INFO - Epoch  29/50 | Train: 0.169779 | Val: 0.176868 | Corr: 0.155132 | LR: 5.00e-04
2026-03-05 22:13:10,929 - INFO - Epoch  30/50 | Train: 0.169708 | Val: 0.176597 | Corr: 0.155748 | LR: 5.00e-04
2026-03-05 22:13:18,520 - INFO - Epoch  31/50 | Train: 0.169658 | Val: 0.178045 | Corr: 0.156910 | LR: 5.00e-04
2026-03-05 22:13:18,535 - INFO -   ↳ Saved best model (val_corr=0.156910)
2026-03-05 22:13:26,048 - INFO - Epoch  32/50 | Train: 0.169312 | Val: 0.176694 | Corr: 0.155995 | LR: 2.50e-04
2026-03-05 22:13:33,649 - INFO - Epoch  33/50 | Train: 0.168603 | Val: 0.176533 | Corr: 0.156778 | LR: 2.50e-04
2026-03-05 22:13:41,214 - INFO - Epoch  34/50 | Train: 0.168415 | Val: 0.176666 | Corr: 0.157059 | LR: 2.50e-04
2026-03-05 22:13:41,229 - INFO -   ↳ Saved best model (val_corr=0.157059)
2026-03-05 22:13:48,727 - INFO - Epoch  35/50 | Train: 0.168310 | Val: 0.176699 | Corr: 0.156640 | LR: 2.50e-04
2026-03-05 22:13:56,178 - INFO - Epoch  36/50 | Train: 0.168259 | Val: 0.176808 | Corr: 0.157058 | LR: 2.50e-04
2026-03-05 22:14:03,540 - INFO - Epoch  37/50 | Train: 0.168153 | Val: 0.176534 | Corr: 0.157269 | LR: 2.50e-04
2026-03-05 22:14:03,551 - INFO -   ↳ Saved best model (val_corr=0.157269)
2026-03-05 22:14:10,947 - INFO - Epoch  38/50 | Train: 0.168032 | Val: 0.176878 | Corr: 0.157316 | LR: 1.25e-04
2026-03-05 22:14:10,960 - INFO -   ↳ Saved best model (val_corr=0.157316)
2026-03-05 22:14:18,364 - INFO - Epoch  39/50 | Train: 0.167692 | Val: 0.176752 | Corr: 0.157147 | LR: 1.25e-04
2026-03-05 22:14:25,658 - INFO - Epoch  40/50 | Train: 0.167549 | Val: 0.176693 | Corr: 0.157575 | LR: 1.25e-04
2026-03-05 22:14:25,683 - INFO -   ↳ Saved best model (val_corr=0.157575)
2026-03-05 22:14:33,070 - INFO - Epoch  41/50 | Train: 0.167514 | Val: 0.176830 | Corr: 0.157143 | LR: 1.25e-04
2026-03-05 22:14:40,483 - INFO - Epoch  42/50 | Train: 0.167383 | Val: 0.176616 | Corr: 0.156935 | LR: 1.25e-04
2026-03-05 22:14:47,864 - INFO - Epoch  43/50 | Train: 0.167444 | Val: 0.176884 | Corr: 0.157604 | LR: 1.25e-04
2026-03-05 22:14:47,880 - INFO -   ↳ Saved best model (val_corr=0.157604)
2026-03-05 22:14:55,086 - INFO - Epoch  44/50 | Train: 0.167308 | Val: 0.176754 | Corr: 0.156606 | LR: 6.25e-05
2026-03-05 22:15:02,249 - INFO - Epoch  45/50 | Train: 0.167195 | Val: 0.176850 | Corr: 0.157056 | LR: 6.25e-05
2026-03-05 22:15:09,428 - INFO - Epoch  46/50 | Train: 0.167179 | Val: 0.176771 | Corr: 0.157034 | LR: 6.25e-05
2026-03-05 22:15:16,492 - INFO - Epoch  47/50 | Train: 0.167100 | Val: 0.176771 | Corr: 0.157374 | LR: 6.25e-05
2026-03-05 22:15:23,822 - INFO - Epoch  48/50 | Train: 0.167145 | Val: 0.176750 | Corr: 0.157018 | LR: 6.25e-05
2026-03-05 22:15:31,419 - INFO - Epoch  49/50 | Train: 0.167043 | Val: 0.176786 | Corr: 0.157207 | LR: 6.25e-05
2026-03-05 22:15:38,926 - INFO - Epoch  50/50 | Train: 0.166971 | Val: 0.176884 | Corr: 0.157215 | LR: 3.13e-05
2026-03-05 22:15:38,926 - INFO - Training complete — best val corr: 0.157604
2026-03-05 22:15:40,755 - INFO - Test loss: 0.166493, Test corr: 0.148636
2026-03-05 22:15:41,290 - INFO - Fraction of variance explained (FVE): 0.023119
2026-03-05 22:15:41,290 - INFO - Computing autoregressive (AR) test predictions …
2026-03-05 22:15:42,035 - INFO - AR FVE: 0.015299, AR test corr: 0.124582
2026-03-05 22:15:42,035 - INFO - Generating figures …
2026-03-05 22:15:42,592 - INFO - Correlation between predicted and actual per-neuron averages: r=0.9925, p=0.00e+00
2026-03-05 22:15:44,884 - INFO - Pattern selectivity summary:
2026-03-05 22:15:44,884 - INFO -   Mean correlation across neurons: 0.5923
2026-03-05 22:15:44,885 - INFO -   Median correlation: 0.6268
2026-03-05 22:15:44,885 - INFO -   Neurons with r > 0.5: 47 / 63
2026-03-05 22:15:44,885 - INFO -   Neurons with r > 0.3: 59 / 63
2026-03-05 22:15:44,885 - INFO - Pattern selectivity — mean neuron corr: 0.5923
2026-03-05 22:15:46,907 - INFO - LOO (avg rate) — Model mean r: 0.4206, LOO mean r: 0.4546, Neurons model > LOO: 17/63
2026-03-05 22:15:49,393 - INFO - LOO (temporal) — Model mean r: 0.1552, LOO mean r: 0.3186, Neurons model > LOO: 2/63
2026-03-05 22:15:49,394 - INFO - Skipping oracle trial plots (skip_oracle_plots=True)
2026-03-05 22:15:49,400 - INFO - Experiment complete. Summary: {
  "run_dir": "/scratch/sb272/patterns5k_results/slurm_hist_cnn_2026-03-05_16-01-45/trial_0267_learning_rate=5.0e-04_history=5_kernel_sizes=3x3x3_conv_channels=128x128x128_fc_dims=512_seed0",
  "model_type": "cnn",
  "batch_avg_test_loss": 0.1664928911924362,
  "batch_avg_test_corr": 0.14863629834225836,
  "all_test_fve": 0.023119000215379017,
  "AR_FVE": 0.015299161275227865,
  "AR_test_correlation": 0.12458208948373795,
  "best_val_corr": 0.15760355271364054,
  "total_params": 238143,
  "trainable_params": 238143,
  "epochs_trained": 50,
  "mean_pattern_corr": 0.5923490985906044,
  "history": 5,
  "init_state": true,
  "loo_avg_mean_corr": 0.45456832695830385,
  "model_avg_mean_corr": 0.4206405175785928,
  "neurons_model_beats_loo_avg": 17,
  "loo_temporal_mean_corr": 0.31855225563049316,
  "all_test_corr": 0.15520936250686646,
  "neurons_model_beats_loo_temporal": 2,
  "kernel_sizes": [
    3,
    3,
    3
  ],
  "conv_channels": [
    128,
    128,
    128
  ],
  "fc_dims": [
    512
  ]
}
