2026-03-04 20:53:03,108 - INFO - ============================================================
2026-03-04 20:53:03,108 - INFO - Experiment run directory: /scratch/sb272/patterns5k_results/slurm_base_cnn_2026-03-04_16-53-19/trial_0176_learning_rate=1.0e-03_kernel_sizes=3x3x3_conv_channels=128x128x128_fc_dims=256_seed0
2026-03-04 20:53:03,108 - INFO - ============================================================
2026-03-04 20:53:03,108 - INFO - Loading data …
2026-03-04 20:53:04,014 - INFO - 63 unique neurons after dropping problematic neurons
2026-03-04 20:53:05,210 - INFO - Stimulation channels: 42, Spiking neurons: 63
2026-03-04 20:55:05,017 - INFO - Unique patterns: 4050, Total trials: 5000
2026-03-04 20:55:05,018 - INFO - Stimulation channels: 42, Spiking neurons: 63
2026-03-04 20:55:05,018 - INFO - Unique patterns: 4050, Total trials: 5000
2026-03-04 20:55:05,034 - INFO - Split (oracle): train=3400, val=600, test=1000
2026-03-04 20:55:28,757 - INFO - BinnedStimSpikeDataset initialized:
2026-03-04 20:55:28,758 - INFO -   input_bin_size_ms=10, output_bin_size_ms=10
2026-03-04 20:55:28,758 - INFO -   n_input_bins=60, n_output_bins=60
2026-03-04 20:55:28,758 - INFO -   output_offset=0, total_bins_input=60, total_bins_output=60
2026-03-04 20:55:28,758 - INFO -   Valid start positions per trial: 0 to 0
2026-03-04 20:55:28,758 - INFO -   Total samples: 3400 (3400 trials × 1 positions)
2026-03-04 20:55:51,829 - INFO - BinnedStimSpikeDataset initialized:
2026-03-04 20:55:51,830 - INFO -   input_bin_size_ms=10, output_bin_size_ms=10
2026-03-04 20:55:51,830 - INFO -   n_input_bins=60, n_output_bins=60
2026-03-04 20:55:51,830 - INFO -   output_offset=0, total_bins_input=60, total_bins_output=60
2026-03-04 20:55:51,830 - INFO -   Valid start positions per trial: 0 to 0
2026-03-04 20:55:51,830 - INFO -   Total samples: 600 (600 trials × 1 positions)
2026-03-04 20:56:14,476 - INFO - BinnedStimSpikeDataset initialized:
2026-03-04 20:56:14,476 - INFO -   input_bin_size_ms=10, output_bin_size_ms=10
2026-03-04 20:56:14,476 - INFO -   n_input_bins=60, n_output_bins=60
2026-03-04 20:56:14,476 - INFO -   output_offset=0, total_bins_input=60, total_bins_output=60
2026-03-04 20:56:14,476 - INFO -   Valid start positions per trial: 0 to 0
2026-03-04 20:56:14,476 - INFO -   Total samples: 1000 (1000 trials × 1 positions)
2026-03-04 20:56:14,477 - INFO - Samples — train: 3400, val: 600, test: 1000
2026-03-04 20:56:14,477 - INFO - Input channels: 42, Neurons: 63
2026-03-04 20:56:14,493 - INFO - Using CPU
2026-03-04 20:56:14,497 - INFO - Model: CNN — 164,799 trainable params (164,799 total)
2026-03-04 20:56:18,367 - INFO - Starting training …
2026-03-04 20:56:24,172 - INFO - Epoch   1/50 | Train: 0.215149 | Val: 0.184602 | Corr: 0.074486 | LR: 1.00e-03
2026-03-04 20:56:24,185 - INFO -   ↳ Saved best model (val_corr=0.074486)
2026-03-04 20:56:28,948 - INFO - Epoch   2/50 | Train: 0.182775 | Val: 0.183137 | Corr: 0.086983 | LR: 1.00e-03
2026-03-04 20:56:28,960 - INFO -   ↳ Saved best model (val_corr=0.086983)
2026-03-04 20:56:33,768 - INFO - Epoch   3/50 | Train: 0.181544 | Val: 0.182526 | Corr: 0.095587 | LR: 1.00e-03
2026-03-04 20:56:33,781 - INFO -   ↳ Saved best model (val_corr=0.095587)
2026-03-04 20:56:38,563 - INFO - Epoch   4/50 | Train: 0.180748 | Val: 0.181334 | Corr: 0.104615 | LR: 1.00e-03
2026-03-04 20:56:38,573 - INFO -   ↳ Saved best model (val_corr=0.104615)
2026-03-04 20:56:43,381 - INFO - Epoch   5/50 | Train: 0.179805 | Val: 0.182097 | Corr: 0.109283 | LR: 1.00e-03
2026-03-04 20:56:43,414 - INFO -   ↳ Saved best model (val_corr=0.109283)
2026-03-04 20:56:48,236 - INFO - Epoch   6/50 | Train: 0.179122 | Val: 0.180557 | Corr: 0.114037 | LR: 1.00e-03
2026-03-04 20:56:48,244 - INFO -   ↳ Saved best model (val_corr=0.114037)
2026-03-04 20:56:53,040 - INFO - Epoch   7/50 | Train: 0.178440 | Val: 0.180788 | Corr: 0.115929 | LR: 1.00e-03
2026-03-04 20:56:53,049 - INFO -   ↳ Saved best model (val_corr=0.115929)
2026-03-04 20:56:57,844 - INFO - Epoch   8/50 | Train: 0.177984 | Val: 0.179959 | Corr: 0.122840 | LR: 1.00e-03
2026-03-04 20:56:57,854 - INFO -   ↳ Saved best model (val_corr=0.122840)
2026-03-04 20:57:02,667 - INFO - Epoch   9/50 | Train: 0.177448 | Val: 0.179624 | Corr: 0.124620 | LR: 1.00e-03
2026-03-04 20:57:02,679 - INFO -   ↳ Saved best model (val_corr=0.124620)
2026-03-04 20:57:07,485 - INFO - Epoch  10/50 | Train: 0.177198 | Val: 0.179806 | Corr: 0.123466 | LR: 1.00e-03
2026-03-04 20:57:12,304 - INFO - Epoch  11/50 | Train: 0.176808 | Val: 0.180243 | Corr: 0.129330 | LR: 1.00e-03
2026-03-04 20:57:12,315 - INFO -   ↳ Saved best model (val_corr=0.129330)
2026-03-04 20:57:17,102 - INFO - Epoch  12/50 | Train: 0.176518 | Val: 0.178906 | Corr: 0.131440 | LR: 1.00e-03
2026-03-04 20:57:17,111 - INFO -   ↳ Saved best model (val_corr=0.131440)
2026-03-04 20:57:21,855 - INFO - Epoch  13/50 | Train: 0.176221 | Val: 0.179259 | Corr: 0.131485 | LR: 1.00e-03
2026-03-04 20:57:21,868 - INFO -   ↳ Saved best model (val_corr=0.131485)
2026-03-04 20:57:26,636 - INFO - Epoch  14/50 | Train: 0.175987 | Val: 0.179127 | Corr: 0.130967 | LR: 1.00e-03
2026-03-04 20:57:31,400 - INFO - Epoch  15/50 | Train: 0.175801 | Val: 0.179232 | Corr: 0.132426 | LR: 1.00e-03
2026-03-04 20:57:31,413 - INFO -   ↳ Saved best model (val_corr=0.132426)
2026-03-04 20:57:36,190 - INFO - Epoch  16/50 | Train: 0.175560 | Val: 0.178642 | Corr: 0.136166 | LR: 1.00e-03
2026-03-04 20:57:36,234 - INFO -   ↳ Saved best model (val_corr=0.136166)
2026-03-04 20:57:41,008 - INFO - Epoch  17/50 | Train: 0.175236 | Val: 0.179103 | Corr: 0.135520 | LR: 1.00e-03
2026-03-04 20:57:45,761 - INFO - Epoch  18/50 | Train: 0.175231 | Val: 0.179075 | Corr: 0.135445 | LR: 1.00e-03
2026-03-04 20:57:50,294 - INFO - Epoch  19/50 | Train: 0.174988 | Val: 0.178504 | Corr: 0.138302 | LR: 1.00e-03
2026-03-04 20:57:50,306 - INFO -   ↳ Saved best model (val_corr=0.138302)
2026-03-04 20:57:54,852 - INFO - Epoch  20/50 | Train: 0.174759 | Val: 0.178759 | Corr: 0.137422 | LR: 1.00e-03
2026-03-04 20:57:59,434 - INFO - Epoch  21/50 | Train: 0.174663 | Val: 0.178772 | Corr: 0.138093 | LR: 1.00e-03
2026-03-04 20:58:04,039 - INFO - Epoch  22/50 | Train: 0.174570 | Val: 0.178981 | Corr: 0.136860 | LR: 1.00e-03
2026-03-04 20:58:08,652 - INFO - Epoch  23/50 | Train: 0.174448 | Val: 0.179287 | Corr: 0.135202 | LR: 1.00e-03
2026-03-04 20:58:13,250 - INFO - Epoch  24/50 | Train: 0.174182 | Val: 0.178617 | Corr: 0.138376 | LR: 1.00e-03
2026-03-04 20:58:13,260 - INFO -   ↳ Saved best model (val_corr=0.138376)
2026-03-04 20:58:17,843 - INFO - Epoch  25/50 | Train: 0.174074 | Val: 0.178686 | Corr: 0.138071 | LR: 5.00e-04
2026-03-04 20:58:22,434 - INFO - Epoch  26/50 | Train: 0.173325 | Val: 0.178856 | Corr: 0.137393 | LR: 5.00e-04
2026-03-04 20:58:27,030 - INFO - Epoch  27/50 | Train: 0.173257 | Val: 0.178663 | Corr: 0.138066 | LR: 5.00e-04
2026-03-04 20:58:31,615 - INFO - Epoch  28/50 | Train: 0.173056 | Val: 0.179307 | Corr: 0.137197 | LR: 5.00e-04
2026-03-04 20:58:36,216 - INFO - Epoch  29/50 | Train: 0.172962 | Val: 0.178744 | Corr: 0.137127 | LR: 5.00e-04
2026-03-04 20:58:40,811 - INFO - Epoch  30/50 | Train: 0.172913 | Val: 0.179482 | Corr: 0.135670 | LR: 5.00e-04
2026-03-04 20:58:45,385 - INFO - Epoch  31/50 | Train: 0.172927 | Val: 0.178906 | Corr: 0.137022 | LR: 2.50e-04
2026-03-04 20:58:49,954 - INFO - Epoch  32/50 | Train: 0.172429 | Val: 0.178808 | Corr: 0.137341 | LR: 2.50e-04
2026-03-04 20:58:54,560 - INFO - Epoch  33/50 | Train: 0.172422 | Val: 0.179121 | Corr: 0.136784 | LR: 2.50e-04
2026-03-04 20:58:59,704 - INFO - Epoch  34/50 | Train: 0.172239 | Val: 0.178936 | Corr: 0.137079 | LR: 2.50e-04
2026-03-04 20:58:59,704 - INFO - Early stopping at epoch 34
2026-03-04 20:58:59,704 - INFO - Training complete — best val corr: 0.138376
2026-03-04 20:59:01,133 - INFO - Test loss: 0.168821, Test corr: 0.131385
2026-03-04 20:59:01,506 - INFO - Fraction of variance explained (FVE): 0.019541
2026-03-04 20:59:01,506 - INFO - Generating figures …
2026-03-04 20:59:01,979 - INFO - Correlation between predicted and actual per-neuron averages: r=0.9835, p=0.00e+00
2026-03-04 20:59:03,920 - INFO - Pattern selectivity summary:
2026-03-04 20:59:03,920 - INFO -   Mean correlation across neurons: 0.4877
2026-03-04 20:59:03,920 - INFO -   Median correlation: 0.5144
2026-03-04 20:59:03,920 - INFO -   Neurons with r > 0.5: 34 / 63
2026-03-04 20:59:03,920 - INFO -   Neurons with r > 0.3: 52 / 63
2026-03-04 20:59:03,920 - INFO - Pattern selectivity — mean neuron corr: 0.4877
2026-03-04 20:59:05,486 - INFO - LOO (avg rate) — Model mean r: 0.2840, LOO mean r: 0.4546, Neurons model > LOO: 2/63
2026-03-04 20:59:07,593 - INFO - LOO (temporal) — Model mean r: 0.1318, LOO mean r: 0.3186, Neurons model > LOO: 0/63
2026-03-04 20:59:07,593 - INFO - Skipping oracle trial plots (skip_oracle_plots=True)
2026-03-04 20:59:07,601 - INFO - Experiment complete. Summary: {
  "run_dir": "/scratch/sb272/patterns5k_results/slurm_base_cnn_2026-03-04_16-53-19/trial_0176_learning_rate=1.0e-03_kernel_sizes=3x3x3_conv_channels=128x128x128_fc_dims=256_seed0",
  "model_type": "cnn",
  "batch_avg_test_loss": 0.1688207117319107,
  "batch_avg_test_corr": 0.13138504645154064,
  "all_test_fve": 0.019541264526427737,
  "AR_FVE": NaN,
  "AR_test_correlation": NaN,
  "best_val_corr": 0.13837640838269363,
  "total_params": 164799,
  "trainable_params": 164799,
  "epochs_trained": 34,
  "mean_pattern_corr": 0.48771884764201245,
  "history": 0,
  "init_state": true,
  "loo_avg_mean_corr": 0.45456832695830385,
  "model_avg_mean_corr": 0.2840021791974599,
  "neurons_model_beats_loo_avg": 2,
  "loo_temporal_mean_corr": 0.31855225563049316,
  "all_test_corr": 0.1318465769290924,
  "neurons_model_beats_loo_temporal": 0,
  "kernel_sizes": [
    3,
    3,
    3
  ],
  "conv_channels": [
    128,
    128,
    128
  ],
  "fc_dims": [
    256
  ]
}
