2026-03-03 22:31:55,140 - INFO - ============================================================
2026-03-03 22:31:55,140 - INFO - Experiment run directory: /scratch/sb272/patterns5k_results/slurm_hist_cnn_2026-03-03_15-13-01/trial_0057_learning_rate=1.0e-04_history=10_kernel_sizes=5_conv_channels=256_fc_dims=256_seed0
2026-03-03 22:31:55,140 - INFO - ============================================================
2026-03-03 22:31:55,140 - INFO - Loading data …
2026-03-03 22:31:55,915 - INFO - 63 unique neurons after dropping problematic neurons
2026-03-03 22:31:56,850 - INFO - Stimulation channels: 42, Spiking neurons: 63
2026-03-03 22:33:10,049 - INFO - Unique patterns: 4050, Total trials: 5000
2026-03-03 22:33:10,051 - INFO - Stimulation channels: 42, Spiking neurons: 63
2026-03-03 22:33:10,051 - INFO - Unique patterns: 4050, Total trials: 5000
2026-03-03 22:33:10,062 - INFO - Split (oracle): train=3400, val=600, test=1000
2026-03-03 22:33:24,317 - INFO - BinnedStimSpikeDataset initialized:
2026-03-03 22:33:24,317 - INFO -   input_bin_size_ms=10, output_bin_size_ms=10
2026-03-03 22:33:24,317 - INFO -   n_input_bins=60, n_output_bins=60
2026-03-03 22:33:24,317 - INFO -   output_offset=0, total_bins_input=60, total_bins_output=60
2026-03-03 22:33:24,317 - INFO -   Valid start positions per trial: 0 to 0
2026-03-03 22:33:24,317 - INFO -   Total samples: 3400 (3400 trials × 1 positions)
2026-03-03 22:33:38,085 - INFO - BinnedStimSpikeDataset initialized:
2026-03-03 22:33:38,085 - INFO -   input_bin_size_ms=10, output_bin_size_ms=10
2026-03-03 22:33:38,085 - INFO -   n_input_bins=60, n_output_bins=60
2026-03-03 22:33:38,085 - INFO -   output_offset=0, total_bins_input=60, total_bins_output=60
2026-03-03 22:33:38,085 - INFO -   Valid start positions per trial: 0 to 0
2026-03-03 22:33:38,085 - INFO -   Total samples: 600 (600 trials × 1 positions)
2026-03-03 22:33:51,970 - INFO - BinnedStimSpikeDataset initialized:
2026-03-03 22:33:51,970 - INFO -   input_bin_size_ms=10, output_bin_size_ms=10
2026-03-03 22:33:51,970 - INFO -   n_input_bins=60, n_output_bins=60
2026-03-03 22:33:51,970 - INFO -   output_offset=0, total_bins_input=60, total_bins_output=60
2026-03-03 22:33:51,970 - INFO -   Valid start positions per trial: 0 to 0
2026-03-03 22:33:51,970 - INFO -   Total samples: 1000 (1000 trials × 1 positions)
2026-03-03 22:33:51,971 - INFO - Samples — train: 3400, val: 600, test: 1000
2026-03-03 22:33:51,971 - INFO - Input channels: 105, Neurons: 63
2026-03-03 22:33:51,981 - INFO - Using CPU
2026-03-03 22:33:51,996 - INFO - Model: CNN — 217,151 trainable params (217,151 total)
2026-03-03 22:33:56,168 - INFO - Starting training …
2026-03-03 22:34:00,687 - INFO - Epoch   1/50 | Train: 0.398983 | Val: 0.197319 | Corr: 0.001355 | LR: 1.00e-04
2026-03-03 22:34:00,703 - INFO -   ↳ Saved best model (val_corr=0.001355)
2026-03-03 22:34:04,265 - INFO - Epoch   2/50 | Train: 0.195000 | Val: 0.192941 | Corr: 0.021589 | LR: 1.00e-04
2026-03-03 22:34:04,281 - INFO -   ↳ Saved best model (val_corr=0.021589)
2026-03-03 22:34:07,843 - INFO - Epoch   3/50 | Train: 0.191795 | Val: 0.190814 | Corr: 0.032490 | LR: 1.00e-04
2026-03-03 22:34:07,856 - INFO -   ↳ Saved best model (val_corr=0.032490)
2026-03-03 22:34:11,439 - INFO - Epoch   4/50 | Train: 0.189697 | Val: 0.189532 | Corr: 0.040656 | LR: 1.00e-04
2026-03-03 22:34:11,455 - INFO -   ↳ Saved best model (val_corr=0.040656)
2026-03-03 22:34:15,061 - INFO - Epoch   5/50 | Train: 0.188143 | Val: 0.188648 | Corr: 0.047763 | LR: 1.00e-04
2026-03-03 22:34:15,074 - INFO -   ↳ Saved best model (val_corr=0.047763)
2026-03-03 22:34:18,680 - INFO - Epoch   6/50 | Train: 0.187000 | Val: 0.187883 | Corr: 0.054077 | LR: 1.00e-04
2026-03-03 22:34:18,695 - INFO -   ↳ Saved best model (val_corr=0.054077)
2026-03-03 22:34:22,218 - INFO - Epoch   7/50 | Train: 0.186086 | Val: 0.187396 | Corr: 0.057164 | LR: 1.00e-04
2026-03-03 22:34:22,230 - INFO -   ↳ Saved best model (val_corr=0.057164)
2026-03-03 22:34:25,752 - INFO - Epoch   8/50 | Train: 0.185321 | Val: 0.186913 | Corr: 0.062618 | LR: 1.00e-04
2026-03-03 22:34:25,765 - INFO -   ↳ Saved best model (val_corr=0.062618)
2026-03-03 22:34:29,286 - INFO - Epoch   9/50 | Train: 0.184636 | Val: 0.186647 | Corr: 0.065400 | LR: 1.00e-04
2026-03-03 22:34:29,298 - INFO -   ↳ Saved best model (val_corr=0.065400)
2026-03-03 22:34:32,804 - INFO - Epoch  10/50 | Train: 0.184028 | Val: 0.186321 | Corr: 0.068836 | LR: 1.00e-04
2026-03-03 22:34:32,820 - INFO -   ↳ Saved best model (val_corr=0.068836)
2026-03-03 22:34:36,344 - INFO - Epoch  11/50 | Train: 0.183497 | Val: 0.186250 | Corr: 0.070789 | LR: 1.00e-04
2026-03-03 22:34:36,358 - INFO -   ↳ Saved best model (val_corr=0.070789)
2026-03-03 22:34:39,960 - INFO - Epoch  12/50 | Train: 0.183098 | Val: 0.185787 | Corr: 0.073905 | LR: 1.00e-04
2026-03-03 22:34:39,976 - INFO -   ↳ Saved best model (val_corr=0.073905)
2026-03-03 22:34:43,585 - INFO - Epoch  13/50 | Train: 0.182633 | Val: 0.185386 | Corr: 0.076393 | LR: 1.00e-04
2026-03-03 22:34:43,597 - INFO -   ↳ Saved best model (val_corr=0.076393)
2026-03-03 22:34:47,194 - INFO - Epoch  14/50 | Train: 0.182106 | Val: 0.185223 | Corr: 0.078966 | LR: 1.00e-04
2026-03-03 22:34:47,207 - INFO -   ↳ Saved best model (val_corr=0.078966)
2026-03-03 22:34:50,847 - INFO - Epoch  15/50 | Train: 0.181694 | Val: 0.184813 | Corr: 0.082558 | LR: 1.00e-04
2026-03-03 22:34:50,860 - INFO -   ↳ Saved best model (val_corr=0.082558)
2026-03-03 22:34:54,473 - INFO - Epoch  16/50 | Train: 0.181329 | Val: 0.184537 | Corr: 0.084509 | LR: 1.00e-04
2026-03-03 22:34:54,487 - INFO -   ↳ Saved best model (val_corr=0.084509)
2026-03-03 22:34:58,041 - INFO - Epoch  17/50 | Train: 0.180941 | Val: 0.184519 | Corr: 0.085960 | LR: 1.00e-04
2026-03-03 22:34:58,053 - INFO -   ↳ Saved best model (val_corr=0.085960)
2026-03-03 22:35:01,669 - INFO - Epoch  18/50 | Train: 0.180569 | Val: 0.184045 | Corr: 0.089108 | LR: 1.00e-04
2026-03-03 22:35:01,683 - INFO -   ↳ Saved best model (val_corr=0.089108)
2026-03-03 22:35:05,177 - INFO - Epoch  19/50 | Train: 0.180123 | Val: 0.184089 | Corr: 0.091377 | LR: 1.00e-04
2026-03-03 22:35:05,189 - INFO -   ↳ Saved best model (val_corr=0.091377)
2026-03-03 22:35:08,683 - INFO - Epoch  20/50 | Train: 0.179814 | Val: 0.183586 | Corr: 0.094747 | LR: 1.00e-04
2026-03-03 22:35:08,696 - INFO -   ↳ Saved best model (val_corr=0.094747)
2026-03-03 22:35:12,202 - INFO - Epoch  21/50 | Train: 0.179499 | Val: 0.183341 | Corr: 0.096100 | LR: 1.00e-04
2026-03-03 22:35:12,217 - INFO -   ↳ Saved best model (val_corr=0.096100)
2026-03-03 22:35:15,716 - INFO - Epoch  22/50 | Train: 0.179114 | Val: 0.183004 | Corr: 0.099085 | LR: 1.00e-04
2026-03-03 22:35:15,728 - INFO -   ↳ Saved best model (val_corr=0.099085)
2026-03-03 22:35:19,322 - INFO - Epoch  23/50 | Train: 0.178837 | Val: 0.183116 | Corr: 0.099781 | LR: 1.00e-04
2026-03-03 22:35:19,336 - INFO -   ↳ Saved best model (val_corr=0.099781)
2026-03-03 22:35:22,951 - INFO - Epoch  24/50 | Train: 0.178631 | Val: 0.182617 | Corr: 0.102381 | LR: 1.00e-04
2026-03-03 22:35:22,966 - INFO -   ↳ Saved best model (val_corr=0.102381)
2026-03-03 22:35:26,553 - INFO - Epoch  25/50 | Train: 0.178219 | Val: 0.182410 | Corr: 0.104228 | LR: 1.00e-04
2026-03-03 22:35:26,567 - INFO -   ↳ Saved best model (val_corr=0.104228)
2026-03-03 22:35:30,171 - INFO - Epoch  26/50 | Train: 0.178046 | Val: 0.182195 | Corr: 0.105683 | LR: 1.00e-04
2026-03-03 22:35:30,182 - INFO -   ↳ Saved best model (val_corr=0.105683)
2026-03-03 22:35:33,788 - INFO - Epoch  27/50 | Train: 0.177717 | Val: 0.182183 | Corr: 0.106940 | LR: 1.00e-04
2026-03-03 22:35:33,804 - INFO -   ↳ Saved best model (val_corr=0.106940)
2026-03-03 22:35:37,429 - INFO - Epoch  28/50 | Train: 0.177414 | Val: 0.181930 | Corr: 0.108221 | LR: 1.00e-04
2026-03-03 22:35:37,444 - INFO -   ↳ Saved best model (val_corr=0.108221)
2026-03-03 22:35:41,065 - INFO - Epoch  29/50 | Train: 0.177226 | Val: 0.181897 | Corr: 0.109377 | LR: 1.00e-04
2026-03-03 22:35:41,081 - INFO -   ↳ Saved best model (val_corr=0.109377)
2026-03-03 22:35:44,695 - INFO - Epoch  30/50 | Train: 0.176973 | Val: 0.181590 | Corr: 0.112084 | LR: 1.00e-04
2026-03-03 22:35:44,707 - INFO -   ↳ Saved best model (val_corr=0.112084)
2026-03-03 22:35:48,364 - INFO - Epoch  31/50 | Train: 0.176770 | Val: 0.181539 | Corr: 0.112511 | LR: 1.00e-04
2026-03-03 22:35:48,377 - INFO -   ↳ Saved best model (val_corr=0.112511)
2026-03-03 22:35:52,017 - INFO - Epoch  32/50 | Train: 0.176537 | Val: 0.181363 | Corr: 0.113707 | LR: 1.00e-04
2026-03-03 22:35:52,036 - INFO -   ↳ Saved best model (val_corr=0.113707)
2026-03-03 22:35:55,649 - INFO - Epoch  33/50 | Train: 0.176407 | Val: 0.181206 | Corr: 0.114858 | LR: 1.00e-04
2026-03-03 22:35:55,663 - INFO -   ↳ Saved best model (val_corr=0.114858)
2026-03-03 22:35:59,304 - INFO - Epoch  34/50 | Train: 0.176185 | Val: 0.181122 | Corr: 0.116253 | LR: 1.00e-04
2026-03-03 22:35:59,317 - INFO -   ↳ Saved best model (val_corr=0.116253)
2026-03-03 22:36:02,911 - INFO - Epoch  35/50 | Train: 0.176006 | Val: 0.181126 | Corr: 0.116495 | LR: 1.00e-04
2026-03-03 22:36:02,925 - INFO -   ↳ Saved best model (val_corr=0.116495)
2026-03-03 22:36:06,458 - INFO - Epoch  36/50 | Train: 0.175785 | Val: 0.181118 | Corr: 0.117099 | LR: 1.00e-04
2026-03-03 22:36:06,469 - INFO -   ↳ Saved best model (val_corr=0.117099)
2026-03-03 22:36:10,008 - INFO - Epoch  37/50 | Train: 0.175651 | Val: 0.180929 | Corr: 0.118804 | LR: 1.00e-04
2026-03-03 22:36:10,025 - INFO -   ↳ Saved best model (val_corr=0.118804)
2026-03-03 22:36:13,547 - INFO - Epoch  38/50 | Train: 0.175499 | Val: 0.180826 | Corr: 0.118900 | LR: 1.00e-04
2026-03-03 22:36:13,563 - INFO -   ↳ Saved best model (val_corr=0.118900)
2026-03-03 22:36:17,105 - INFO - Epoch  39/50 | Train: 0.175384 | Val: 0.180749 | Corr: 0.120295 | LR: 1.00e-04
2026-03-03 22:36:17,125 - INFO -   ↳ Saved best model (val_corr=0.120295)
2026-03-03 22:36:20,646 - INFO - Epoch  40/50 | Train: 0.175207 | Val: 0.180551 | Corr: 0.121316 | LR: 1.00e-04
2026-03-03 22:36:20,663 - INFO -   ↳ Saved best model (val_corr=0.121316)
2026-03-03 22:36:24,189 - INFO - Epoch  41/50 | Train: 0.175022 | Val: 0.180560 | Corr: 0.121839 | LR: 1.00e-04
2026-03-03 22:36:24,200 - INFO -   ↳ Saved best model (val_corr=0.121839)
2026-03-03 22:36:27,709 - INFO - Epoch  42/50 | Train: 0.174945 | Val: 0.180482 | Corr: 0.122096 | LR: 1.00e-04
2026-03-03 22:36:27,722 - INFO -   ↳ Saved best model (val_corr=0.122096)
2026-03-03 22:36:31,254 - INFO - Epoch  43/50 | Train: 0.174704 | Val: 0.180398 | Corr: 0.123124 | LR: 1.00e-04
2026-03-03 22:36:31,266 - INFO -   ↳ Saved best model (val_corr=0.123124)
2026-03-03 22:36:34,942 - INFO - Epoch  44/50 | Train: 0.174636 | Val: 0.180323 | Corr: 0.124305 | LR: 1.00e-04
2026-03-03 22:36:34,968 - INFO -   ↳ Saved best model (val_corr=0.124305)
2026-03-03 22:36:38,632 - INFO - Epoch  45/50 | Train: 0.174484 | Val: 0.180283 | Corr: 0.124408 | LR: 1.00e-04
2026-03-03 22:36:38,645 - INFO -   ↳ Saved best model (val_corr=0.124408)
2026-03-03 22:36:42,293 - INFO - Epoch  46/50 | Train: 0.174417 | Val: 0.180198 | Corr: 0.125205 | LR: 1.00e-04
2026-03-03 22:36:42,303 - INFO -   ↳ Saved best model (val_corr=0.125205)
2026-03-03 22:36:45,942 - INFO - Epoch  47/50 | Train: 0.174263 | Val: 0.180201 | Corr: 0.124956 | LR: 1.00e-04
2026-03-03 22:36:49,445 - INFO - Epoch  48/50 | Train: 0.174093 | Val: 0.180083 | Corr: 0.126612 | LR: 1.00e-04
2026-03-03 22:36:49,459 - INFO -   ↳ Saved best model (val_corr=0.126612)
2026-03-03 22:36:52,948 - INFO - Epoch  49/50 | Train: 0.174029 | Val: 0.180080 | Corr: 0.126209 | LR: 1.00e-04
2026-03-03 22:36:56,463 - INFO - Epoch  50/50 | Train: 0.173848 | Val: 0.180053 | Corr: 0.126638 | LR: 1.00e-04
2026-03-03 22:36:56,479 - INFO -   ↳ Saved best model (val_corr=0.126638)
2026-03-03 22:36:56,479 - INFO - Training complete — best val corr: 0.126638
2026-03-03 22:36:57,640 - INFO - Test loss: 0.169244, Test corr: 0.118949
2026-03-03 22:36:57,944 - INFO - Fraction of variance explained (FVE): 0.017535
2026-03-03 22:36:57,944 - INFO - Computing autoregressive (AR) test predictions …
2026-03-03 22:36:58,373 - INFO - AR FVE: 0.014994, AR test corr: 0.114127
2026-03-03 22:36:58,373 - INFO - Generating figures …
2026-03-03 22:36:58,766 - INFO - Correlation between predicted and actual per-neuron averages: r=0.9958, p=0.00e+00
2026-03-03 22:37:00,359 - INFO - Pattern selectivity summary:
2026-03-03 22:37:00,360 - INFO -   Mean correlation across neurons: 0.5135
2026-03-03 22:37:00,360 - INFO -   Median correlation: 0.5136
2026-03-03 22:37:00,360 - INFO -   Neurons with r > 0.5: 36 / 63
2026-03-03 22:37:00,360 - INFO -   Neurons with r > 0.3: 56 / 63
2026-03-03 22:37:00,360 - INFO - Pattern selectivity — mean neuron corr: 0.5135
2026-03-03 22:37:01,646 - INFO - LOO (avg rate) — Model mean r: 0.3690, LOO mean r: 0.4546, Neurons model > LOO: 10/63
2026-03-03 22:37:03,383 - INFO - LOO (temporal) — Model mean r: 0.1258, LOO mean r: 0.3186, Neurons model > LOO: 1/63
2026-03-03 22:37:03,383 - INFO - Skipping oracle trial plots (skip_oracle_plots=True)
2026-03-03 22:37:03,389 - INFO - Experiment complete. Summary: {
  "run_dir": "/scratch/sb272/patterns5k_results/slurm_hist_cnn_2026-03-03_15-13-01/trial_0057_learning_rate=1.0e-04_history=10_kernel_sizes=5_conv_channels=256_fc_dims=256_seed0",
  "model_type": "cnn",
  "batch_avg_test_loss": 0.16924366104602814,
  "batch_avg_test_corr": 0.11894905028586024,
  "all_test_fve": 0.017534702543228392,
  "AR_FVE": 0.014994259864564926,
  "AR_test_correlation": 0.11412650346755981,
  "best_val_corr": 0.1266377907551184,
  "total_params": 217151,
  "trainable_params": 217151,
  "epochs_trained": 50,
  "mean_pattern_corr": 0.5135281902019094,
  "history": 10,
  "init_state": true,
  "loo_avg_mean_corr": 0.45456832695830385,
  "model_avg_mean_corr": 0.36901153673003073,
  "neurons_model_beats_loo_avg": 10,
  "loo_temporal_mean_corr": 0.31855225563049316,
  "all_test_corr": 0.12577016651630402,
  "neurons_model_beats_loo_temporal": 1,
  "kernel_sizes": [
    5
  ],
  "conv_channels": [
    256
  ],
  "fc_dims": [
    256
  ]
}
