2026-03-04 20:19:07,508 - INFO - ============================================================
2026-03-04 20:19:07,508 - INFO - Experiment run directory: /scratch/sb272/patterns5k_results/slurm_base_cnn_2026-03-04_16-53-19/trial_0155_learning_rate=1.0e-03_kernel_sizes=5x3_conv_channels=128x256_fc_dims=1024_seed2
2026-03-04 20:19:07,508 - INFO - ============================================================
2026-03-04 20:19:07,508 - INFO - Loading data …
2026-03-04 20:19:08,457 - INFO - 63 unique neurons after dropping problematic neurons
2026-03-04 20:19:09,792 - INFO - Stimulation channels: 42, Spiking neurons: 63
2026-03-04 20:21:17,412 - INFO - Unique patterns: 4050, Total trials: 5000
2026-03-04 20:21:17,413 - INFO - Stimulation channels: 42, Spiking neurons: 63
2026-03-04 20:21:17,413 - INFO - Unique patterns: 4050, Total trials: 5000
2026-03-04 20:21:17,428 - INFO - Split (oracle): train=3400, val=600, test=1000
2026-03-04 20:21:42,325 - INFO - BinnedStimSpikeDataset initialized:
2026-03-04 20:21:42,326 - INFO -   input_bin_size_ms=10, output_bin_size_ms=10
2026-03-04 20:21:42,326 - INFO -   n_input_bins=60, n_output_bins=60
2026-03-04 20:21:42,326 - INFO -   output_offset=0, total_bins_input=60, total_bins_output=60
2026-03-04 20:21:42,326 - INFO -   Valid start positions per trial: 0 to 0
2026-03-04 20:21:42,326 - INFO -   Total samples: 3400 (3400 trials × 1 positions)
2026-03-04 20:22:06,294 - INFO - BinnedStimSpikeDataset initialized:
2026-03-04 20:22:06,295 - INFO -   input_bin_size_ms=10, output_bin_size_ms=10
2026-03-04 20:22:06,295 - INFO -   n_input_bins=60, n_output_bins=60
2026-03-04 20:22:06,295 - INFO -   output_offset=0, total_bins_input=60, total_bins_output=60
2026-03-04 20:22:06,295 - INFO -   Valid start positions per trial: 0 to 0
2026-03-04 20:22:06,295 - INFO -   Total samples: 600 (600 trials × 1 positions)
2026-03-04 20:22:30,442 - INFO - BinnedStimSpikeDataset initialized:
2026-03-04 20:22:30,444 - INFO -   input_bin_size_ms=10, output_bin_size_ms=10
2026-03-04 20:22:30,444 - INFO -   n_input_bins=60, n_output_bins=60
2026-03-04 20:22:30,444 - INFO -   output_offset=0, total_bins_input=60, total_bins_output=60
2026-03-04 20:22:30,444 - INFO -   Valid start positions per trial: 0 to 0
2026-03-04 20:22:30,444 - INFO -   Total samples: 1000 (1000 trials × 1 positions)
2026-03-04 20:22:30,444 - INFO - Samples — train: 3400, val: 600, test: 1000
2026-03-04 20:22:30,444 - INFO - Input channels: 42, Neurons: 63
2026-03-04 20:22:30,462 - INFO - Using CPU
2026-03-04 20:22:30,479 - INFO - Model: CNN — 454,079 trainable params (454,079 total)
2026-03-04 20:22:35,757 - INFO - Starting training …
2026-03-04 20:22:46,156 - INFO - Epoch   1/50 | Train: 0.200970 | Val: 0.191045 | Corr: 0.078517 | LR: 1.00e-03
2026-03-04 20:22:46,175 - INFO -   ↳ Saved best model (val_corr=0.078517)
2026-03-04 20:22:55,718 - INFO - Epoch   2/50 | Train: 0.181666 | Val: 0.180335 | Corr: 0.093483 | LR: 1.00e-03
2026-03-04 20:22:55,737 - INFO -   ↳ Saved best model (val_corr=0.093483)
2026-03-04 20:23:05,176 - INFO - Epoch   3/50 | Train: 0.180047 | Val: 0.181304 | Corr: 0.105271 | LR: 1.00e-03
2026-03-04 20:23:05,204 - INFO -   ↳ Saved best model (val_corr=0.105271)
2026-03-04 20:23:14,610 - INFO - Epoch   4/50 | Train: 0.178746 | Val: 0.183020 | Corr: 0.110883 | LR: 1.00e-03
2026-03-04 20:23:14,625 - INFO -   ↳ Saved best model (val_corr=0.110883)
2026-03-04 20:23:23,721 - INFO - Epoch   5/50 | Train: 0.177913 | Val: 0.179119 | Corr: 0.118527 | LR: 1.00e-03
2026-03-04 20:23:23,740 - INFO -   ↳ Saved best model (val_corr=0.118527)
2026-03-04 20:23:33,266 - INFO - Epoch   6/50 | Train: 0.177065 | Val: 0.181478 | Corr: 0.121415 | LR: 1.00e-03
2026-03-04 20:23:33,282 - INFO -   ↳ Saved best model (val_corr=0.121415)
2026-03-04 20:23:42,370 - INFO - Epoch   7/50 | Train: 0.176478 | Val: 0.178363 | Corr: 0.124864 | LR: 1.00e-03
2026-03-04 20:23:42,386 - INFO -   ↳ Saved best model (val_corr=0.124864)
2026-03-04 20:23:51,590 - INFO - Epoch   8/50 | Train: 0.176096 | Val: 0.181021 | Corr: 0.126094 | LR: 1.00e-03
2026-03-04 20:23:51,609 - INFO -   ↳ Saved best model (val_corr=0.126094)
2026-03-04 20:24:01,032 - INFO - Epoch   9/50 | Train: 0.175711 | Val: 0.180399 | Corr: 0.129120 | LR: 1.00e-03
2026-03-04 20:24:01,052 - INFO -   ↳ Saved best model (val_corr=0.129120)
2026-03-04 20:24:10,001 - INFO - Epoch  10/50 | Train: 0.175465 | Val: 0.180914 | Corr: 0.129558 | LR: 1.00e-03
2026-03-04 20:24:10,038 - INFO -   ↳ Saved best model (val_corr=0.129558)
2026-03-04 20:24:19,551 - INFO - Epoch  11/50 | Train: 0.175139 | Val: 0.180234 | Corr: 0.129006 | LR: 1.00e-03
2026-03-04 20:24:29,239 - INFO - Epoch  12/50 | Train: 0.174793 | Val: 0.179148 | Corr: 0.132028 | LR: 1.00e-03
2026-03-04 20:24:29,258 - INFO -   ↳ Saved best model (val_corr=0.132028)
2026-03-04 20:24:38,116 - INFO - Epoch  13/50 | Train: 0.174373 | Val: 0.178297 | Corr: 0.130479 | LR: 1.00e-03
2026-03-04 20:24:47,444 - INFO - Epoch  14/50 | Train: 0.174243 | Val: 0.177660 | Corr: 0.130416 | LR: 1.00e-03
2026-03-04 20:24:56,519 - INFO - Epoch  15/50 | Train: 0.173978 | Val: 0.179345 | Corr: 0.132063 | LR: 1.00e-03
2026-03-04 20:24:56,547 - INFO -   ↳ Saved best model (val_corr=0.132063)
2026-03-04 20:25:05,664 - INFO - Epoch  16/50 | Train: 0.173802 | Val: 0.178460 | Corr: 0.132800 | LR: 1.00e-03
2026-03-04 20:25:05,695 - INFO -   ↳ Saved best model (val_corr=0.132800)
2026-03-04 20:25:15,083 - INFO - Epoch  17/50 | Train: 0.173344 | Val: 0.178158 | Corr: 0.132160 | LR: 1.00e-03
2026-03-04 20:25:24,109 - INFO - Epoch  18/50 | Train: 0.173262 | Val: 0.179722 | Corr: 0.132533 | LR: 1.00e-03
2026-03-04 20:25:33,666 - INFO - Epoch  19/50 | Train: 0.173002 | Val: 0.176944 | Corr: 0.131599 | LR: 1.00e-03
2026-03-04 20:25:43,074 - INFO - Epoch  20/50 | Train: 0.172796 | Val: 0.181118 | Corr: 0.132644 | LR: 1.00e-03
2026-03-04 20:25:51,991 - INFO - Epoch  21/50 | Train: 0.172660 | Val: 0.177439 | Corr: 0.131304 | LR: 1.00e-03
2026-03-04 20:26:01,449 - INFO - Epoch  22/50 | Train: 0.172414 | Val: 0.179019 | Corr: 0.131438 | LR: 1.00e-03
2026-03-04 20:26:10,633 - INFO - Epoch  23/50 | Train: 0.172318 | Val: 0.179396 | Corr: 0.132714 | LR: 1.00e-03
2026-03-04 20:26:19,701 - INFO - Epoch  24/50 | Train: 0.172055 | Val: 0.178911 | Corr: 0.130103 | LR: 1.00e-03
2026-03-04 20:26:29,110 - INFO - Epoch  25/50 | Train: 0.171982 | Val: 0.178583 | Corr: 0.132373 | LR: 5.00e-04
2026-03-04 20:26:38,188 - INFO - Epoch  26/50 | Train: 0.170903 | Val: 0.179849 | Corr: 0.133305 | LR: 5.00e-04
2026-03-04 20:26:38,208 - INFO -   ↳ Saved best model (val_corr=0.133305)
2026-03-04 20:26:47,529 - INFO - Epoch  27/50 | Train: 0.170533 | Val: 0.178315 | Corr: 0.132567 | LR: 5.00e-04
2026-03-04 20:26:57,256 - INFO - Epoch  28/50 | Train: 0.170390 | Val: 0.178182 | Corr: 0.132455 | LR: 5.00e-04
2026-03-04 20:27:06,204 - INFO - Epoch  29/50 | Train: 0.170266 | Val: 0.178654 | Corr: 0.131752 | LR: 5.00e-04
2026-03-04 20:27:15,658 - INFO - Epoch  30/50 | Train: 0.170226 | Val: 0.179374 | Corr: 0.132077 | LR: 5.00e-04
2026-03-04 20:27:24,911 - INFO - Epoch  31/50 | Train: 0.170149 | Val: 0.178137 | Corr: 0.131173 | LR: 2.50e-04
2026-03-04 20:27:34,288 - INFO - Epoch  32/50 | Train: 0.169463 | Val: 0.178607 | Corr: 0.132370 | LR: 2.50e-04
2026-03-04 20:27:43,468 - INFO - Epoch  33/50 | Train: 0.169414 | Val: 0.178837 | Corr: 0.131888 | LR: 2.50e-04
2026-03-04 20:27:52,714 - INFO - Epoch  34/50 | Train: 0.169316 | Val: 0.179572 | Corr: 0.132031 | LR: 2.50e-04
2026-03-04 20:28:01,510 - INFO - Epoch  35/50 | Train: 0.169183 | Val: 0.178941 | Corr: 0.132368 | LR: 2.50e-04
2026-03-04 20:28:10,361 - INFO - Epoch  36/50 | Train: 0.169191 | Val: 0.178789 | Corr: 0.131034 | LR: 2.50e-04
2026-03-04 20:28:10,362 - INFO - Early stopping at epoch 36
2026-03-04 20:28:10,362 - INFO - Training complete — best val corr: 0.133305
2026-03-04 20:28:12,211 - INFO - Test loss: 0.171669, Test corr: 0.134707
2026-03-04 20:28:12,809 - INFO - Fraction of variance explained (FVE): 0.001661
2026-03-04 20:28:12,809 - INFO - Generating figures …
2026-03-04 20:28:13,494 - INFO - Correlation between predicted and actual per-neuron averages: r=0.9886, p=0.00e+00
2026-03-04 20:28:15,986 - INFO - Pattern selectivity summary:
2026-03-04 20:28:15,987 - INFO -   Mean correlation across neurons: 0.5220
2026-03-04 20:28:15,987 - INFO -   Median correlation: 0.5605
2026-03-04 20:28:15,987 - INFO -   Neurons with r > 0.5: 36 / 63
2026-03-04 20:28:15,987 - INFO -   Neurons with r > 0.3: 54 / 63
2026-03-04 20:28:15,987 - INFO - Pattern selectivity — mean neuron corr: 0.5220
2026-03-04 20:28:18,087 - INFO - LOO (avg rate) — Model mean r: 0.3035, LOO mean r: 0.4546, Neurons model > LOO: 1/63
2026-03-04 20:28:21,661 - INFO - LOO (temporal) — Model mean r: 0.1360, LOO mean r: 0.3186, Neurons model > LOO: 0/63
2026-03-04 20:28:21,662 - INFO - Skipping oracle trial plots (skip_oracle_plots=True)
2026-03-04 20:28:21,674 - INFO - Experiment complete. Summary: {
  "run_dir": "/scratch/sb272/patterns5k_results/slurm_base_cnn_2026-03-04_16-53-19/trial_0155_learning_rate=1.0e-03_kernel_sizes=5x3_conv_channels=128x256_fc_dims=1024_seed2",
  "model_type": "cnn",
  "batch_avg_test_loss": 0.1716687525510788,
  "batch_avg_test_corr": 0.13470706858521223,
  "all_test_fve": 0.0016613441800314283,
  "AR_FVE": NaN,
  "AR_test_correlation": NaN,
  "best_val_corr": 0.13330511441908705,
  "total_params": 454079,
  "trainable_params": 454079,
  "epochs_trained": 36,
  "mean_pattern_corr": 0.5219659554953354,
  "history": 0,
  "init_state": true,
  "loo_avg_mean_corr": 0.45456832695830385,
  "model_avg_mean_corr": 0.3034719833652652,
  "neurons_model_beats_loo_avg": 1,
  "loo_temporal_mean_corr": 0.31855225563049316,
  "all_test_corr": 0.13596464693546295,
  "neurons_model_beats_loo_temporal": 0,
  "kernel_sizes": [
    5,
    3
  ],
  "conv_channels": [
    128,
    256
  ],
  "fc_dims": [
    1024
  ]
}
