2026-03-05 20:04:05,257 - INFO - ============================================================
2026-03-05 20:04:05,257 - INFO - Experiment run directory: /scratch/sb272/patterns5k_results/slurm_hist_cnn_2026-03-05_16-01-45/trial_0284_learning_rate=5.0e-04_history=10_kernel_sizes=3x3x3_conv_channels=256x256x256_fc_dims=1024_seed0
2026-03-05 20:04:05,257 - INFO - ============================================================
2026-03-05 20:04:05,257 - INFO - Loading data …
2026-03-05 20:04:06,125 - INFO - 63 unique neurons after dropping problematic neurons
2026-03-05 20:04:07,388 - INFO - Stimulation channels: 42, Spiking neurons: 63
2026-03-05 20:06:13,826 - INFO - Unique patterns: 4050, Total trials: 5000
2026-03-05 20:06:13,827 - INFO - Stimulation channels: 42, Spiking neurons: 63
2026-03-05 20:06:13,827 - INFO - Unique patterns: 4050, Total trials: 5000
2026-03-05 20:06:13,844 - INFO - Split (oracle): train=3400, val=600, test=1000
2026-03-05 20:06:40,293 - INFO - BinnedStimSpikeDataset initialized:
2026-03-05 20:06:40,294 - INFO -   input_bin_size_ms=10, output_bin_size_ms=10
2026-03-05 20:06:40,294 - INFO -   n_input_bins=60, n_output_bins=60
2026-03-05 20:06:40,294 - INFO -   output_offset=0, total_bins_input=60, total_bins_output=60
2026-03-05 20:06:40,294 - INFO -   Valid start positions per trial: 0 to 0
2026-03-05 20:06:40,294 - INFO -   Total samples: 3400 (3400 trials × 1 positions)
2026-03-05 20:07:06,085 - INFO - BinnedStimSpikeDataset initialized:
2026-03-05 20:07:06,085 - INFO -   input_bin_size_ms=10, output_bin_size_ms=10
2026-03-05 20:07:06,085 - INFO -   n_input_bins=60, n_output_bins=60
2026-03-05 20:07:06,085 - INFO -   output_offset=0, total_bins_input=60, total_bins_output=60
2026-03-05 20:07:06,085 - INFO -   Valid start positions per trial: 0 to 0
2026-03-05 20:07:06,086 - INFO -   Total samples: 600 (600 trials × 1 positions)
2026-03-05 20:07:31,153 - INFO - BinnedStimSpikeDataset initialized:
2026-03-05 20:07:31,153 - INFO -   input_bin_size_ms=10, output_bin_size_ms=10
2026-03-05 20:07:31,153 - INFO -   n_input_bins=60, n_output_bins=60
2026-03-05 20:07:31,153 - INFO -   output_offset=0, total_bins_input=60, total_bins_output=60
2026-03-05 20:07:31,153 - INFO -   Valid start positions per trial: 0 to 0
2026-03-05 20:07:31,153 - INFO -   Total samples: 1000 (1000 trials × 1 positions)
2026-03-05 20:07:31,153 - INFO - Samples — train: 3400, val: 600, test: 1000
2026-03-05 20:07:31,153 - INFO - Input channels: 105, Neurons: 63
2026-03-05 20:07:31,160 - INFO - Using CPU
2026-03-05 20:07:31,181 - INFO - Model: CNN — 803,903 trainable params (803,903 total)
2026-03-05 20:07:35,371 - INFO - Starting training …
2026-03-05 20:07:52,031 - INFO - Epoch   1/50 | Train: 0.205948 | Val: 0.184991 | Corr: 0.085260 | LR: 5.00e-04
2026-03-05 20:07:52,050 - INFO -   ↳ Saved best model (val_corr=0.085260)
2026-03-05 20:08:08,223 - INFO - Epoch   2/50 | Train: 0.180527 | Val: 0.183184 | Corr: 0.097588 | LR: 5.00e-04
2026-03-05 20:08:08,242 - INFO -   ↳ Saved best model (val_corr=0.097588)
2026-03-05 20:08:23,732 - INFO - Epoch   3/50 | Train: 0.178510 | Val: 0.180361 | Corr: 0.116567 | LR: 5.00e-04
2026-03-05 20:08:23,751 - INFO -   ↳ Saved best model (val_corr=0.116567)
2026-03-05 20:08:39,209 - INFO - Epoch   4/50 | Train: 0.177044 | Val: 0.180578 | Corr: 0.124485 | LR: 5.00e-04
2026-03-05 20:08:39,234 - INFO -   ↳ Saved best model (val_corr=0.124485)
2026-03-05 20:08:54,692 - INFO - Epoch   5/50 | Train: 0.175810 | Val: 0.179004 | Corr: 0.133990 | LR: 5.00e-04
2026-03-05 20:08:54,719 - INFO -   ↳ Saved best model (val_corr=0.133990)
2026-03-05 20:09:10,655 - INFO - Epoch   6/50 | Train: 0.174845 | Val: 0.178662 | Corr: 0.136739 | LR: 5.00e-04
2026-03-05 20:09:10,674 - INFO -   ↳ Saved best model (val_corr=0.136739)
2026-03-05 20:09:26,111 - INFO - Epoch   7/50 | Train: 0.173873 | Val: 0.177833 | Corr: 0.144434 | LR: 5.00e-04
2026-03-05 20:09:26,131 - INFO -   ↳ Saved best model (val_corr=0.144434)
2026-03-05 20:09:41,845 - INFO - Epoch   8/50 | Train: 0.173076 | Val: 0.177606 | Corr: 0.145702 | LR: 5.00e-04
2026-03-05 20:09:41,873 - INFO -   ↳ Saved best model (val_corr=0.145702)
2026-03-05 20:09:58,202 - INFO - Epoch   9/50 | Train: 0.172359 | Val: 0.177514 | Corr: 0.147151 | LR: 5.00e-04
2026-03-05 20:09:58,222 - INFO -   ↳ Saved best model (val_corr=0.147151)
2026-03-05 20:10:14,512 - INFO - Epoch  10/50 | Train: 0.171641 | Val: 0.177553 | Corr: 0.149987 | LR: 5.00e-04
2026-03-05 20:10:14,532 - INFO -   ↳ Saved best model (val_corr=0.149987)
2026-03-05 20:10:30,549 - INFO - Epoch  11/50 | Train: 0.170964 | Val: 0.177834 | Corr: 0.150965 | LR: 5.00e-04
2026-03-05 20:10:30,569 - INFO -   ↳ Saved best model (val_corr=0.150965)
2026-03-05 20:10:46,857 - INFO - Epoch  12/50 | Train: 0.170514 | Val: 0.177488 | Corr: 0.152314 | LR: 5.00e-04
2026-03-05 20:10:46,878 - INFO -   ↳ Saved best model (val_corr=0.152314)
2026-03-05 20:11:03,285 - INFO - Epoch  13/50 | Train: 0.169804 | Val: 0.177429 | Corr: 0.153531 | LR: 5.00e-04
2026-03-05 20:11:03,304 - INFO -   ↳ Saved best model (val_corr=0.153531)
2026-03-05 20:11:19,393 - INFO - Epoch  14/50 | Train: 0.169336 | Val: 0.177344 | Corr: 0.151789 | LR: 5.00e-04
2026-03-05 20:11:35,981 - INFO - Epoch  15/50 | Train: 0.168855 | Val: 0.177290 | Corr: 0.153765 | LR: 5.00e-04
2026-03-05 20:11:35,999 - INFO -   ↳ Saved best model (val_corr=0.153765)
2026-03-05 20:11:52,620 - INFO - Epoch  16/50 | Train: 0.168394 | Val: 0.177666 | Corr: 0.152964 | LR: 5.00e-04
2026-03-05 20:12:08,925 - INFO - Epoch  17/50 | Train: 0.167902 | Val: 0.178220 | Corr: 0.154214 | LR: 5.00e-04
2026-03-05 20:12:08,946 - INFO -   ↳ Saved best model (val_corr=0.154214)
2026-03-05 20:12:24,644 - INFO - Epoch  18/50 | Train: 0.167497 | Val: 0.177968 | Corr: 0.152243 | LR: 5.00e-04
2026-03-05 20:12:40,943 - INFO - Epoch  19/50 | Train: 0.167077 | Val: 0.178072 | Corr: 0.155734 | LR: 5.00e-04
2026-03-05 20:12:40,963 - INFO -   ↳ Saved best model (val_corr=0.155734)
2026-03-05 20:12:56,449 - INFO - Epoch  20/50 | Train: 0.166617 | Val: 0.178884 | Corr: 0.156225 | LR: 5.00e-04
2026-03-05 20:12:56,491 - INFO -   ↳ Saved best model (val_corr=0.156225)
2026-03-05 20:13:12,283 - INFO - Epoch  21/50 | Train: 0.166314 | Val: 0.178185 | Corr: 0.155471 | LR: 2.50e-04
2026-03-05 20:13:28,492 - INFO - Epoch  22/50 | Train: 0.164715 | Val: 0.178491 | Corr: 0.155524 | LR: 2.50e-04
2026-03-05 20:13:45,106 - INFO - Epoch  23/50 | Train: 0.164267 | Val: 0.178342 | Corr: 0.155826 | LR: 2.50e-04
2026-03-05 20:14:01,153 - INFO - Epoch  24/50 | Train: 0.164013 | Val: 0.178543 | Corr: 0.157506 | LR: 2.50e-04
2026-03-05 20:14:01,175 - INFO -   ↳ Saved best model (val_corr=0.157506)
2026-03-05 20:14:17,143 - INFO - Epoch  25/50 | Train: 0.163781 | Val: 0.178376 | Corr: 0.156265 | LR: 2.50e-04
2026-03-05 20:14:33,069 - INFO - Epoch  26/50 | Train: 0.163493 | Val: 0.178614 | Corr: 0.156556 | LR: 2.50e-04
2026-03-05 20:14:48,991 - INFO - Epoch  27/50 | Train: 0.163264 | Val: 0.178519 | Corr: 0.156272 | LR: 1.25e-04
2026-03-05 20:15:05,016 - INFO - Epoch  28/50 | Train: 0.162579 | Val: 0.179195 | Corr: 0.155792 | LR: 1.25e-04
2026-03-05 20:15:21,443 - INFO - Epoch  29/50 | Train: 0.162259 | Val: 0.178695 | Corr: 0.156067 | LR: 1.25e-04
2026-03-05 20:15:38,230 - INFO - Epoch  30/50 | Train: 0.162122 | Val: 0.179145 | Corr: 0.155783 | LR: 1.25e-04
2026-03-05 20:15:54,547 - INFO - Epoch  31/50 | Train: 0.161991 | Val: 0.179259 | Corr: 0.156375 | LR: 1.25e-04
2026-03-05 20:16:11,089 - INFO - Epoch  32/50 | Train: 0.161849 | Val: 0.179316 | Corr: 0.155394 | LR: 1.25e-04
2026-03-05 20:16:28,065 - INFO - Epoch  33/50 | Train: 0.161761 | Val: 0.179521 | Corr: 0.155822 | LR: 6.25e-05
2026-03-05 20:16:45,555 - INFO - Epoch  34/50 | Train: 0.161404 | Val: 0.179226 | Corr: 0.156586 | LR: 6.25e-05
2026-03-05 20:16:45,555 - INFO - Early stopping at epoch 34
2026-03-05 20:16:45,555 - INFO - Training complete — best val corr: 0.157506
2026-03-05 20:16:48,036 - INFO - Test loss: 0.167503, Test corr: 0.147572
2026-03-05 20:16:49,300 - INFO - Fraction of variance explained (FVE): 0.019562
2026-03-05 20:16:49,300 - INFO - Computing autoregressive (AR) test predictions …
2026-03-05 20:16:50,765 - INFO - AR FVE: 0.010985, AR test corr: 0.129121
2026-03-05 20:16:50,765 - INFO - Generating figures …
2026-03-05 20:16:51,350 - INFO - Correlation between predicted and actual per-neuron averages: r=0.9887, p=0.00e+00
2026-03-05 20:16:54,368 - INFO - Pattern selectivity summary:
2026-03-05 20:16:54,369 - INFO -   Mean correlation across neurons: 0.5431
2026-03-05 20:16:54,369 - INFO -   Median correlation: 0.5652
2026-03-05 20:16:54,369 - INFO -   Neurons with r > 0.5: 40 / 63
2026-03-05 20:16:54,369 - INFO -   Neurons with r > 0.3: 57 / 63
2026-03-05 20:16:54,369 - INFO - Pattern selectivity — mean neuron corr: 0.5431
2026-03-05 20:16:56,756 - INFO - LOO (avg rate) — Model mean r: 0.3824, LOO mean r: 0.4546, Neurons model > LOO: 10/63
2026-03-05 20:16:59,989 - INFO - LOO (temporal) — Model mean r: 0.1541, LOO mean r: 0.3186, Neurons model > LOO: 1/63
2026-03-05 20:16:59,989 - INFO - Skipping oracle trial plots (skip_oracle_plots=True)
2026-03-05 20:16:59,995 - INFO - Experiment complete. Summary: {
  "run_dir": "/scratch/sb272/patterns5k_results/slurm_hist_cnn_2026-03-05_16-01-45/trial_0284_learning_rate=5.0e-04_history=10_kernel_sizes=3x3x3_conv_channels=256x256x256_fc_dims=1024_seed0",
  "model_type": "cnn",
  "batch_avg_test_loss": 0.1675032169818878,
  "batch_avg_test_corr": 0.1475721639674995,
  "all_test_fve": 0.01956189341015286,
  "AR_FVE": 0.010985107648940314,
  "AR_test_correlation": 0.12912076711654663,
  "best_val_corr": 0.15750592342254888,
  "total_params": 803903,
  "trainable_params": 803903,
  "epochs_trained": 34,
  "mean_pattern_corr": 0.5430893617316704,
  "history": 10,
  "init_state": true,
  "loo_avg_mean_corr": 0.45456832695830385,
  "model_avg_mean_corr": 0.38239894334975927,
  "neurons_model_beats_loo_avg": 10,
  "loo_temporal_mean_corr": 0.31855225563049316,
  "all_test_corr": 0.15410548448562622,
  "neurons_model_beats_loo_temporal": 1,
  "kernel_sizes": [
    3,
    3,
    3
  ],
  "conv_channels": [
    256,
    256,
    256
  ],
  "fc_dims": [
    1024
  ]
}
