2026-03-05 20:18:26,728 - INFO - ============================================================
2026-03-05 20:18:26,728 - INFO - Experiment run directory: /scratch/sb272/patterns5k_results/slurm_hist_cnn_2026-03-05_16-01-45/trial_0404_learning_rate=5.0e-04_history=2_kernel_sizes=3x3x3_conv_channels=256x256x256_fc_dims=1024_seed0
2026-03-05 20:18:26,728 - INFO - ============================================================
2026-03-05 20:18:26,728 - INFO - Loading data …
2026-03-05 20:18:28,473 - INFO - 63 unique neurons after dropping problematic neurons
2026-03-05 20:18:30,346 - INFO - Stimulation channels: 42, Spiking neurons: 63
2026-03-05 20:21:37,009 - INFO - Unique patterns: 4050, Total trials: 5000
2026-03-05 20:21:37,011 - INFO - Stimulation channels: 42, Spiking neurons: 63
2026-03-05 20:21:37,011 - INFO - Unique patterns: 4050, Total trials: 5000
2026-03-05 20:21:37,037 - INFO - Split (oracle): train=3400, val=600, test=1000
2026-03-05 20:22:14,905 - INFO - BinnedStimSpikeDataset initialized:
2026-03-05 20:22:14,905 - INFO -   input_bin_size_ms=10, output_bin_size_ms=10
2026-03-05 20:22:14,905 - INFO -   n_input_bins=60, n_output_bins=60
2026-03-05 20:22:14,905 - INFO -   output_offset=0, total_bins_input=60, total_bins_output=60
2026-03-05 20:22:14,905 - INFO -   Valid start positions per trial: 0 to 0
2026-03-05 20:22:14,905 - INFO -   Total samples: 3400 (3400 trials × 1 positions)
2026-03-05 20:22:49,468 - INFO - BinnedStimSpikeDataset initialized:
2026-03-05 20:22:49,469 - INFO -   input_bin_size_ms=10, output_bin_size_ms=10
2026-03-05 20:22:49,469 - INFO -   n_input_bins=60, n_output_bins=60
2026-03-05 20:22:49,469 - INFO -   output_offset=0, total_bins_input=60, total_bins_output=60
2026-03-05 20:22:49,469 - INFO -   Valid start positions per trial: 0 to 0
2026-03-05 20:22:49,469 - INFO -   Total samples: 600 (600 trials × 1 positions)
2026-03-05 20:23:26,962 - INFO - BinnedStimSpikeDataset initialized:
2026-03-05 20:23:26,962 - INFO -   input_bin_size_ms=10, output_bin_size_ms=10
2026-03-05 20:23:26,962 - INFO -   n_input_bins=60, n_output_bins=60
2026-03-05 20:23:26,962 - INFO -   output_offset=0, total_bins_input=60, total_bins_output=60
2026-03-05 20:23:26,962 - INFO -   Valid start positions per trial: 0 to 0
2026-03-05 20:23:26,962 - INFO -   Total samples: 1000 (1000 trials × 1 positions)
2026-03-05 20:23:26,963 - INFO - Samples — train: 3400, val: 600, test: 1000
2026-03-05 20:23:26,963 - INFO - Input channels: 105, Neurons: 63
2026-03-05 20:23:26,968 - INFO - Using CPU
2026-03-05 20:23:26,994 - INFO - Model: CNN — 803,903 trainable params (803,903 total)
2026-03-05 20:23:31,937 - INFO - Starting training …
2026-03-05 20:23:56,004 - INFO - Epoch   1/50 | Train: 0.201718 | Val: 0.175657 | Corr: 0.151895 | LR: 5.00e-04
2026-03-05 20:23:56,028 - INFO -   ↳ Saved best model (val_corr=0.151895)
2026-03-05 20:24:22,330 - INFO - Epoch   2/50 | Train: 0.172032 | Val: 0.171748 | Corr: 0.177637 | LR: 5.00e-04
2026-03-05 20:24:22,354 - INFO -   ↳ Saved best model (val_corr=0.177637)
2026-03-05 20:24:48,170 - INFO - Epoch   3/50 | Train: 0.168981 | Val: 0.169481 | Corr: 0.195239 | LR: 5.00e-04
2026-03-05 20:24:48,192 - INFO -   ↳ Saved best model (val_corr=0.195239)
2026-03-05 20:25:11,461 - INFO - Epoch   4/50 | Train: 0.166864 | Val: 0.168490 | Corr: 0.210615 | LR: 5.00e-04
2026-03-05 20:25:11,487 - INFO -   ↳ Saved best model (val_corr=0.210615)
2026-03-05 20:25:39,143 - INFO - Epoch   5/50 | Train: 0.165274 | Val: 0.166484 | Corr: 0.222835 | LR: 5.00e-04
2026-03-05 20:25:39,164 - INFO -   ↳ Saved best model (val_corr=0.222835)
2026-03-05 20:26:02,675 - INFO - Epoch   6/50 | Train: 0.163762 | Val: 0.166337 | Corr: 0.230761 | LR: 5.00e-04
2026-03-05 20:26:02,696 - INFO -   ↳ Saved best model (val_corr=0.230761)
2026-03-05 20:26:28,331 - INFO - Epoch   7/50 | Train: 0.162735 | Val: 0.164725 | Corr: 0.238108 | LR: 5.00e-04
2026-03-05 20:26:28,355 - INFO -   ↳ Saved best model (val_corr=0.238108)
2026-03-05 20:26:53,602 - INFO - Epoch   8/50 | Train: 0.161832 | Val: 0.164111 | Corr: 0.242770 | LR: 5.00e-04
2026-03-05 20:26:53,624 - INFO -   ↳ Saved best model (val_corr=0.242770)
2026-03-05 20:27:17,403 - INFO - Epoch   9/50 | Train: 0.160891 | Val: 0.163706 | Corr: 0.246908 | LR: 5.00e-04
2026-03-05 20:27:17,428 - INFO -   ↳ Saved best model (val_corr=0.246908)
2026-03-05 20:27:44,311 - INFO - Epoch  10/50 | Train: 0.160266 | Val: 0.163201 | Corr: 0.250589 | LR: 5.00e-04
2026-03-05 20:27:44,335 - INFO -   ↳ Saved best model (val_corr=0.250589)
2026-03-05 20:28:06,944 - INFO - Epoch  11/50 | Train: 0.159551 | Val: 0.162895 | Corr: 0.253234 | LR: 5.00e-04
2026-03-05 20:28:06,966 - INFO -   ↳ Saved best model (val_corr=0.253234)
2026-03-05 20:28:33,897 - INFO - Epoch  12/50 | Train: 0.159170 | Val: 0.162718 | Corr: 0.254343 | LR: 5.00e-04
2026-03-05 20:28:33,924 - INFO -   ↳ Saved best model (val_corr=0.254343)
2026-03-05 20:28:57,766 - INFO - Epoch  13/50 | Train: 0.158613 | Val: 0.163242 | Corr: 0.257109 | LR: 5.00e-04
2026-03-05 20:28:57,787 - INFO -   ↳ Saved best model (val_corr=0.257109)
2026-03-05 20:29:23,026 - INFO - Epoch  14/50 | Train: 0.157951 | Val: 0.162222 | Corr: 0.258035 | LR: 5.00e-04
2026-03-05 20:29:23,050 - INFO -   ↳ Saved best model (val_corr=0.258035)
2026-03-05 20:29:48,660 - INFO - Epoch  15/50 | Train: 0.157603 | Val: 0.161939 | Corr: 0.260278 | LR: 5.00e-04
2026-03-05 20:29:48,689 - INFO -   ↳ Saved best model (val_corr=0.260278)
2026-03-05 20:30:12,453 - INFO - Epoch  16/50 | Train: 0.157185 | Val: 0.162578 | Corr: 0.261287 | LR: 5.00e-04
2026-03-05 20:30:12,478 - INFO -   ↳ Saved best model (val_corr=0.261287)
2026-03-05 20:30:39,524 - INFO - Epoch  17/50 | Train: 0.156795 | Val: 0.162548 | Corr: 0.262974 | LR: 5.00e-04
2026-03-05 20:30:39,549 - INFO -   ↳ Saved best model (val_corr=0.262974)
2026-03-05 20:31:02,464 - INFO - Epoch  18/50 | Train: 0.156324 | Val: 0.161618 | Corr: 0.263515 | LR: 5.00e-04
2026-03-05 20:31:02,489 - INFO -   ↳ Saved best model (val_corr=0.263515)
2026-03-05 20:31:29,470 - INFO - Epoch  19/50 | Train: 0.156120 | Val: 0.161364 | Corr: 0.265136 | LR: 5.00e-04
2026-03-05 20:31:29,495 - INFO -   ↳ Saved best model (val_corr=0.265136)
2026-03-05 20:31:52,697 - INFO - Epoch  20/50 | Train: 0.155751 | Val: 0.161988 | Corr: 0.266115 | LR: 5.00e-04
2026-03-05 20:31:52,726 - INFO -   ↳ Saved best model (val_corr=0.266115)
2026-03-05 20:32:18,209 - INFO - Epoch  21/50 | Train: 0.155474 | Val: 0.161516 | Corr: 0.265593 | LR: 5.00e-04
2026-03-05 20:32:42,993 - INFO - Epoch  22/50 | Train: 0.154966 | Val: 0.161474 | Corr: 0.266901 | LR: 5.00e-04
2026-03-05 20:32:43,026 - INFO -   ↳ Saved best model (val_corr=0.266901)
2026-03-05 20:33:06,830 - INFO - Epoch  23/50 | Train: 0.154671 | Val: 0.161541 | Corr: 0.265856 | LR: 5.00e-04
2026-03-05 20:33:32,915 - INFO - Epoch  24/50 | Train: 0.154521 | Val: 0.161450 | Corr: 0.267585 | LR: 5.00e-04
2026-03-05 20:33:32,945 - INFO -   ↳ Saved best model (val_corr=0.267585)
2026-03-05 20:33:55,592 - INFO - Epoch  25/50 | Train: 0.154286 | Val: 0.161905 | Corr: 0.267629 | LR: 2.50e-04
2026-03-05 20:33:55,618 - INFO -   ↳ Saved best model (val_corr=0.267629)
2026-03-05 20:34:23,025 - INFO - Epoch  26/50 | Train: 0.153252 | Val: 0.161187 | Corr: 0.268969 | LR: 2.50e-04
2026-03-05 20:34:23,050 - INFO -   ↳ Saved best model (val_corr=0.268969)
2026-03-05 20:34:45,894 - INFO - Epoch  27/50 | Train: 0.152895 | Val: 0.161343 | Corr: 0.269528 | LR: 2.50e-04
2026-03-05 20:34:45,916 - INFO -   ↳ Saved best model (val_corr=0.269528)
2026-03-05 20:35:12,071 - INFO - Epoch  28/50 | Train: 0.152755 | Val: 0.161132 | Corr: 0.269868 | LR: 2.50e-04
2026-03-05 20:35:12,106 - INFO -   ↳ Saved best model (val_corr=0.269868)
2026-03-05 20:35:36,229 - INFO - Epoch  29/50 | Train: 0.152527 | Val: 0.161850 | Corr: 0.268828 | LR: 2.50e-04
2026-03-05 20:36:01,079 - INFO - Epoch  30/50 | Train: 0.152303 | Val: 0.161854 | Corr: 0.268976 | LR: 2.50e-04
2026-03-05 20:36:26,677 - INFO - Epoch  31/50 | Train: 0.152284 | Val: 0.161338 | Corr: 0.270366 | LR: 2.50e-04
2026-03-05 20:36:26,701 - INFO -   ↳ Saved best model (val_corr=0.270366)
2026-03-05 20:36:50,330 - INFO - Epoch  32/50 | Train: 0.152120 | Val: 0.161164 | Corr: 0.270330 | LR: 2.50e-04
2026-03-05 20:37:17,027 - INFO - Epoch  33/50 | Train: 0.151937 | Val: 0.161365 | Corr: 0.268501 | LR: 2.50e-04
2026-03-05 20:37:39,884 - INFO - Epoch  34/50 | Train: 0.151821 | Val: 0.161247 | Corr: 0.270564 | LR: 1.25e-04
2026-03-05 20:37:39,910 - INFO -   ↳ Saved best model (val_corr=0.270564)
2026-03-05 20:38:07,031 - INFO - Epoch  35/50 | Train: 0.151228 | Val: 0.161185 | Corr: 0.271023 | LR: 1.25e-04
2026-03-05 20:38:07,056 - INFO -   ↳ Saved best model (val_corr=0.271023)
2026-03-05 20:38:30,267 - INFO - Epoch  36/50 | Train: 0.151150 | Val: 0.161248 | Corr: 0.270101 | LR: 1.25e-04
2026-03-05 20:38:56,357 - INFO - Epoch  37/50 | Train: 0.151012 | Val: 0.161402 | Corr: 0.270172 | LR: 1.25e-04
2026-03-05 20:39:20,636 - INFO - Epoch  38/50 | Train: 0.150921 | Val: 0.161317 | Corr: 0.271331 | LR: 1.25e-04
2026-03-05 20:39:20,660 - INFO -   ↳ Saved best model (val_corr=0.271331)
2026-03-05 20:39:45,508 - INFO - Epoch  39/50 | Train: 0.150918 | Val: 0.161345 | Corr: 0.270462 | LR: 1.25e-04
2026-03-05 20:40:11,016 - INFO - Epoch  40/50 | Train: 0.150824 | Val: 0.161152 | Corr: 0.270808 | LR: 6.25e-05
2026-03-05 20:40:34,694 - INFO - Epoch  41/50 | Train: 0.150524 | Val: 0.161276 | Corr: 0.270824 | LR: 6.25e-05
2026-03-05 20:41:01,155 - INFO - Epoch  42/50 | Train: 0.150448 | Val: 0.161243 | Corr: 0.271512 | LR: 6.25e-05
2026-03-05 20:41:01,184 - INFO -   ↳ Saved best model (val_corr=0.271512)
2026-03-05 20:41:24,028 - INFO - Epoch  43/50 | Train: 0.150433 | Val: 0.161631 | Corr: 0.269571 | LR: 6.25e-05
2026-03-05 20:41:51,129 - INFO - Epoch  44/50 | Train: 0.150326 | Val: 0.161294 | Corr: 0.271329 | LR: 6.25e-05
2026-03-05 20:42:14,130 - INFO - Epoch  45/50 | Train: 0.150249 | Val: 0.161265 | Corr: 0.271045 | LR: 6.25e-05
2026-03-05 20:42:39,762 - INFO - Epoch  46/50 | Train: 0.150229 | Val: 0.161368 | Corr: 0.271453 | LR: 3.13e-05
2026-03-05 20:43:03,367 - INFO - Epoch  47/50 | Train: 0.150115 | Val: 0.161401 | Corr: 0.271263 | LR: 3.13e-05
2026-03-05 20:43:27,492 - INFO - Epoch  48/50 | Train: 0.150011 | Val: 0.161633 | Corr: 0.269609 | LR: 3.13e-05
2026-03-05 20:43:52,783 - INFO - Epoch  49/50 | Train: 0.150058 | Val: 0.161325 | Corr: 0.271392 | LR: 3.13e-05
2026-03-05 20:44:16,165 - INFO - Epoch  50/50 | Train: 0.149953 | Val: 0.161392 | Corr: 0.271137 | LR: 3.13e-05
2026-03-05 20:44:16,166 - INFO - Training complete — best val corr: 0.271512
2026-03-05 20:44:19,526 - INFO - Test loss: 0.151489, Test corr: 0.259900
2026-03-05 20:44:21,454 - INFO - Fraction of variance explained (FVE): 0.079154
2026-03-05 20:44:21,454 - INFO - Computing autoregressive (AR) test predictions …
2026-03-05 20:44:23,841 - INFO - AR FVE: -0.008508, AR test corr: 0.079814
2026-03-05 20:44:23,841 - INFO - Generating figures …
2026-03-05 20:44:24,586 - INFO - Correlation between predicted and actual per-neuron averages: r=0.9948, p=0.00e+00
2026-03-05 20:44:28,955 - INFO - Pattern selectivity summary:
2026-03-05 20:44:28,956 - INFO -   Mean correlation across neurons: 0.7695
2026-03-05 20:44:28,956 - INFO -   Median correlation: 0.7994
2026-03-05 20:44:28,956 - INFO -   Neurons with r > 0.5: 60 / 63
2026-03-05 20:44:28,956 - INFO -   Neurons with r > 0.3: 63 / 63
2026-03-05 20:44:28,956 - INFO - Pattern selectivity — mean neuron corr: 0.7695
2026-03-05 20:44:32,903 - INFO - LOO (avg rate) — Model mean r: 0.6266, LOO mean r: 0.4546, Neurons model > LOO: 60/63
2026-03-05 20:44:39,141 - INFO - LOO (temporal) — Model mean r: 0.2713, LOO mean r: 0.3186, Neurons model > LOO: 12/63
2026-03-05 20:44:39,141 - INFO - Skipping oracle trial plots (skip_oracle_plots=True)
2026-03-05 20:44:39,148 - INFO - Experiment complete. Summary: {
  "run_dir": "/scratch/sb272/patterns5k_results/slurm_hist_cnn_2026-03-05_16-01-45/trial_0404_learning_rate=5.0e-04_history=2_kernel_sizes=3x3x3_conv_channels=256x256x256_fc_dims=1024_seed0",
  "model_type": "cnn",
  "batch_avg_test_loss": 0.1514894187450409,
  "batch_avg_test_corr": 0.2599003351934182,
  "all_test_fve": 0.07915422556892274,
  "AR_FVE": -0.00850799632450891,
  "AR_test_correlation": 0.07981383055448532,
  "best_val_corr": 0.2715121584011886,
  "total_params": 803903,
  "trainable_params": 803903,
  "epochs_trained": 50,
  "mean_pattern_corr": 0.7695495976017953,
  "history": 2,
  "init_state": true,
  "loo_avg_mean_corr": 0.45456832695830385,
  "model_avg_mean_corr": 0.6266102197304296,
  "neurons_model_beats_loo_avg": 60,
  "loo_temporal_mean_corr": 0.31855225563049316,
  "all_test_corr": 0.2712503969669342,
  "neurons_model_beats_loo_temporal": 12,
  "kernel_sizes": [
    3,
    3,
    3
  ],
  "conv_channels": [
    256,
    256,
    256
  ],
  "fc_dims": [
    1024
  ]
}
