2026-03-05 19:06:31,249 - INFO - ============================================================
2026-03-05 19:06:31,249 - INFO - Experiment run directory: /scratch/sb272/patterns5k_results/slurm_hist_cnn_2026-03-05_16-01-45/trial_0308_learning_rate=5.0e-04_history=1_kernel_sizes=5x3x3_conv_channels=64x128x256_fc_dims=256_seed0
2026-03-05 19:06:31,249 - INFO - ============================================================
2026-03-05 19:06:31,249 - INFO - Loading data …
2026-03-05 19:06:31,930 - INFO - 63 unique neurons after dropping problematic neurons
2026-03-05 19:06:32,813 - INFO - Stimulation channels: 42, Spiking neurons: 63
2026-03-05 19:07:47,741 - INFO - Unique patterns: 4050, Total trials: 5000
2026-03-05 19:07:47,742 - INFO - Stimulation channels: 42, Spiking neurons: 63
2026-03-05 19:07:47,742 - INFO - Unique patterns: 4050, Total trials: 5000
2026-03-05 19:07:47,754 - INFO - Split (oracle): train=3400, val=600, test=1000
2026-03-05 19:08:03,230 - INFO - BinnedStimSpikeDataset initialized:
2026-03-05 19:08:03,230 - INFO -   input_bin_size_ms=10, output_bin_size_ms=10
2026-03-05 19:08:03,230 - INFO -   n_input_bins=60, n_output_bins=60
2026-03-05 19:08:03,230 - INFO -   output_offset=0, total_bins_input=60, total_bins_output=60
2026-03-05 19:08:03,230 - INFO -   Valid start positions per trial: 0 to 0
2026-03-05 19:08:03,230 - INFO -   Total samples: 3400 (3400 trials × 1 positions)
2026-03-05 19:08:18,112 - INFO - BinnedStimSpikeDataset initialized:
2026-03-05 19:08:18,113 - INFO -   input_bin_size_ms=10, output_bin_size_ms=10
2026-03-05 19:08:18,113 - INFO -   n_input_bins=60, n_output_bins=60
2026-03-05 19:08:18,113 - INFO -   output_offset=0, total_bins_input=60, total_bins_output=60
2026-03-05 19:08:18,113 - INFO -   Valid start positions per trial: 0 to 0
2026-03-05 19:08:18,113 - INFO -   Total samples: 600 (600 trials × 1 positions)
2026-03-05 19:08:33,172 - INFO - BinnedStimSpikeDataset initialized:
2026-03-05 19:08:33,172 - INFO -   input_bin_size_ms=10, output_bin_size_ms=10
2026-03-05 19:08:33,172 - INFO -   n_input_bins=60, n_output_bins=60
2026-03-05 19:08:33,172 - INFO -   output_offset=0, total_bins_input=60, total_bins_output=60
2026-03-05 19:08:33,172 - INFO -   Valid start positions per trial: 0 to 0
2026-03-05 19:08:33,173 - INFO -   Total samples: 1000 (1000 trials × 1 positions)
2026-03-05 19:08:33,173 - INFO - Samples — train: 3400, val: 600, test: 1000
2026-03-05 19:08:33,173 - INFO - Input channels: 105, Neurons: 63
2026-03-05 19:08:33,194 - INFO - Using CPU
2026-03-05 19:08:33,211 - INFO - Model: CNN — 239,807 trainable params (239,807 total)
2026-03-05 19:08:37,566 - INFO - Starting training …
2026-03-05 19:08:43,450 - INFO - Epoch   1/50 | Train: 0.225850 | Val: 0.178933 | Corr: 0.135711 | LR: 5.00e-04
2026-03-05 19:08:43,465 - INFO -   ↳ Saved best model (val_corr=0.135711)
2026-03-05 19:08:48,346 - INFO - Epoch   2/50 | Train: 0.175647 | Val: 0.173165 | Corr: 0.164731 | LR: 5.00e-04
2026-03-05 19:08:48,358 - INFO -   ↳ Saved best model (val_corr=0.164731)
2026-03-05 19:08:53,244 - INFO - Epoch   3/50 | Train: 0.172326 | Val: 0.171591 | Corr: 0.177372 | LR: 5.00e-04
2026-03-05 19:08:53,257 - INFO -   ↳ Saved best model (val_corr=0.177372)
2026-03-05 19:08:58,277 - INFO - Epoch   4/50 | Train: 0.170305 | Val: 0.170610 | Corr: 0.186577 | LR: 5.00e-04
2026-03-05 19:08:58,289 - INFO -   ↳ Saved best model (val_corr=0.186577)
2026-03-05 19:09:03,220 - INFO - Epoch   5/50 | Train: 0.168849 | Val: 0.168329 | Corr: 0.196236 | LR: 5.00e-04
2026-03-05 19:09:03,233 - INFO -   ↳ Saved best model (val_corr=0.196236)
2026-03-05 19:09:08,185 - INFO - Epoch   6/50 | Train: 0.167444 | Val: 0.167383 | Corr: 0.204550 | LR: 5.00e-04
2026-03-05 19:09:08,196 - INFO -   ↳ Saved best model (val_corr=0.204550)
2026-03-05 19:09:13,113 - INFO - Epoch   7/50 | Train: 0.166538 | Val: 0.166794 | Corr: 0.210705 | LR: 5.00e-04
2026-03-05 19:09:13,124 - INFO -   ↳ Saved best model (val_corr=0.210705)
2026-03-05 19:09:18,013 - INFO - Epoch   8/50 | Train: 0.165680 | Val: 0.165578 | Corr: 0.216950 | LR: 5.00e-04
2026-03-05 19:09:18,024 - INFO -   ↳ Saved best model (val_corr=0.216950)
2026-03-05 19:09:22,954 - INFO - Epoch   9/50 | Train: 0.164967 | Val: 0.165115 | Corr: 0.221116 | LR: 5.00e-04
2026-03-05 19:09:22,965 - INFO -   ↳ Saved best model (val_corr=0.221116)
2026-03-05 19:09:27,834 - INFO - Epoch  10/50 | Train: 0.164328 | Val: 0.164474 | Corr: 0.225964 | LR: 5.00e-04
2026-03-05 19:09:27,848 - INFO -   ↳ Saved best model (val_corr=0.225964)
2026-03-05 19:09:32,737 - INFO - Epoch  11/50 | Train: 0.163875 | Val: 0.164361 | Corr: 0.228045 | LR: 5.00e-04
2026-03-05 19:09:32,748 - INFO -   ↳ Saved best model (val_corr=0.228045)
2026-03-05 19:09:37,530 - INFO - Epoch  12/50 | Train: 0.163249 | Val: 0.164043 | Corr: 0.232267 | LR: 5.00e-04
2026-03-05 19:09:37,540 - INFO -   ↳ Saved best model (val_corr=0.232267)
2026-03-05 19:09:42,453 - INFO - Epoch  13/50 | Train: 0.162892 | Val: 0.163756 | Corr: 0.235207 | LR: 5.00e-04
2026-03-05 19:09:42,465 - INFO -   ↳ Saved best model (val_corr=0.235207)
2026-03-05 19:09:47,381 - INFO - Epoch  14/50 | Train: 0.162546 | Val: 0.163457 | Corr: 0.237953 | LR: 5.00e-04
2026-03-05 19:09:47,393 - INFO -   ↳ Saved best model (val_corr=0.237953)
2026-03-05 19:09:52,291 - INFO - Epoch  15/50 | Train: 0.162281 | Val: 0.163078 | Corr: 0.239822 | LR: 5.00e-04
2026-03-05 19:09:52,302 - INFO -   ↳ Saved best model (val_corr=0.239822)
2026-03-05 19:09:57,213 - INFO - Epoch  16/50 | Train: 0.161824 | Val: 0.162649 | Corr: 0.241782 | LR: 5.00e-04
2026-03-05 19:09:57,225 - INFO -   ↳ Saved best model (val_corr=0.241782)
2026-03-05 19:10:02,237 - INFO - Epoch  17/50 | Train: 0.161559 | Val: 0.162509 | Corr: 0.243735 | LR: 5.00e-04
2026-03-05 19:10:02,249 - INFO -   ↳ Saved best model (val_corr=0.243735)
2026-03-05 19:10:07,221 - INFO - Epoch  18/50 | Train: 0.161364 | Val: 0.162644 | Corr: 0.242574 | LR: 5.00e-04
2026-03-05 19:10:12,321 - INFO - Epoch  19/50 | Train: 0.161028 | Val: 0.162134 | Corr: 0.245834 | LR: 5.00e-04
2026-03-05 19:10:12,334 - INFO -   ↳ Saved best model (val_corr=0.245834)
2026-03-05 19:10:17,420 - INFO - Epoch  20/50 | Train: 0.160767 | Val: 0.161993 | Corr: 0.247596 | LR: 5.00e-04
2026-03-05 19:10:17,431 - INFO -   ↳ Saved best model (val_corr=0.247596)
2026-03-05 19:10:22,423 - INFO - Epoch  21/50 | Train: 0.160561 | Val: 0.161725 | Corr: 0.249214 | LR: 5.00e-04
2026-03-05 19:10:22,438 - INFO -   ↳ Saved best model (val_corr=0.249214)
2026-03-05 19:10:27,463 - INFO - Epoch  22/50 | Train: 0.160521 | Val: 0.161591 | Corr: 0.250056 | LR: 5.00e-04
2026-03-05 19:10:27,476 - INFO -   ↳ Saved best model (val_corr=0.250056)
2026-03-05 19:10:32,485 - INFO - Epoch  23/50 | Train: 0.160141 | Val: 0.161568 | Corr: 0.251360 | LR: 5.00e-04
2026-03-05 19:10:32,496 - INFO -   ↳ Saved best model (val_corr=0.251360)
2026-03-05 19:10:37,496 - INFO - Epoch  24/50 | Train: 0.160161 | Val: 0.161224 | Corr: 0.253124 | LR: 5.00e-04
2026-03-05 19:10:37,506 - INFO -   ↳ Saved best model (val_corr=0.253124)
2026-03-05 19:10:42,585 - INFO - Epoch  25/50 | Train: 0.159944 | Val: 0.161455 | Corr: 0.252673 | LR: 5.00e-04
2026-03-05 19:10:47,615 - INFO - Epoch  26/50 | Train: 0.159716 | Val: 0.161695 | Corr: 0.254634 | LR: 5.00e-04
2026-03-05 19:10:47,628 - INFO -   ↳ Saved best model (val_corr=0.254634)
2026-03-05 19:10:52,734 - INFO - Epoch  27/50 | Train: 0.159546 | Val: 0.160935 | Corr: 0.255516 | LR: 5.00e-04
2026-03-05 19:10:52,753 - INFO -   ↳ Saved best model (val_corr=0.255516)
2026-03-05 19:10:57,605 - INFO - Epoch  28/50 | Train: 0.159457 | Val: 0.161080 | Corr: 0.255616 | LR: 5.00e-04
2026-03-05 19:10:57,619 - INFO -   ↳ Saved best model (val_corr=0.255616)
2026-03-05 19:11:02,540 - INFO - Epoch  29/50 | Train: 0.159299 | Val: 0.160723 | Corr: 0.256885 | LR: 5.00e-04
2026-03-05 19:11:02,551 - INFO -   ↳ Saved best model (val_corr=0.256885)
2026-03-05 19:11:07,443 - INFO - Epoch  30/50 | Train: 0.159189 | Val: 0.160678 | Corr: 0.258072 | LR: 5.00e-04
2026-03-05 19:11:07,453 - INFO -   ↳ Saved best model (val_corr=0.258072)
2026-03-05 19:11:12,538 - INFO - Epoch  31/50 | Train: 0.158953 | Val: 0.160539 | Corr: 0.258400 | LR: 5.00e-04
2026-03-05 19:11:12,548 - INFO -   ↳ Saved best model (val_corr=0.258400)
2026-03-05 19:11:17,630 - INFO - Epoch  32/50 | Train: 0.158827 | Val: 0.160619 | Corr: 0.259456 | LR: 5.00e-04
2026-03-05 19:11:17,643 - INFO -   ↳ Saved best model (val_corr=0.259456)
2026-03-05 19:11:22,713 - INFO - Epoch  33/50 | Train: 0.158747 | Val: 0.160318 | Corr: 0.259799 | LR: 5.00e-04
2026-03-05 19:11:22,725 - INFO -   ↳ Saved best model (val_corr=0.259799)
2026-03-05 19:11:27,752 - INFO - Epoch  34/50 | Train: 0.158677 | Val: 0.160601 | Corr: 0.258568 | LR: 5.00e-04
2026-03-05 19:11:32,765 - INFO - Epoch  35/50 | Train: 0.158546 | Val: 0.160418 | Corr: 0.260162 | LR: 5.00e-04
2026-03-05 19:11:32,778 - INFO -   ↳ Saved best model (val_corr=0.260162)
2026-03-05 19:11:37,774 - INFO - Epoch  36/50 | Train: 0.158489 | Val: 0.160327 | Corr: 0.260346 | LR: 5.00e-04
2026-03-05 19:11:37,787 - INFO -   ↳ Saved best model (val_corr=0.260346)
2026-03-05 19:11:42,761 - INFO - Epoch  37/50 | Train: 0.158422 | Val: 0.160298 | Corr: 0.260188 | LR: 5.00e-04
2026-03-05 19:11:47,739 - INFO - Epoch  38/50 | Train: 0.158317 | Val: 0.160301 | Corr: 0.261081 | LR: 5.00e-04
2026-03-05 19:11:47,756 - INFO -   ↳ Saved best model (val_corr=0.261081)
2026-03-05 19:11:52,791 - INFO - Epoch  39/50 | Train: 0.158135 | Val: 0.160154 | Corr: 0.262009 | LR: 5.00e-04
2026-03-05 19:11:52,810 - INFO -   ↳ Saved best model (val_corr=0.262009)
2026-03-05 19:11:57,804 - INFO - Epoch  40/50 | Train: 0.158097 | Val: 0.159957 | Corr: 0.262879 | LR: 5.00e-04
2026-03-05 19:11:57,815 - INFO -   ↳ Saved best model (val_corr=0.262879)
2026-03-05 19:12:02,805 - INFO - Epoch  41/50 | Train: 0.157942 | Val: 0.159766 | Corr: 0.263772 | LR: 5.00e-04
2026-03-05 19:12:02,817 - INFO -   ↳ Saved best model (val_corr=0.263772)
2026-03-05 19:12:07,817 - INFO - Epoch  42/50 | Train: 0.157918 | Val: 0.159858 | Corr: 0.263949 | LR: 5.00e-04
2026-03-05 19:12:07,829 - INFO -   ↳ Saved best model (val_corr=0.263949)
2026-03-05 19:12:12,801 - INFO - Epoch  43/50 | Train: 0.157807 | Val: 0.159998 | Corr: 0.264174 | LR: 5.00e-04
2026-03-05 19:12:12,816 - INFO -   ↳ Saved best model (val_corr=0.264174)
2026-03-05 19:12:17,706 - INFO - Epoch  44/50 | Train: 0.157802 | Val: 0.160252 | Corr: 0.262963 | LR: 5.00e-04
2026-03-05 19:12:22,603 - INFO - Epoch  45/50 | Train: 0.157696 | Val: 0.159779 | Corr: 0.264139 | LR: 5.00e-04
2026-03-05 19:12:27,529 - INFO - Epoch  46/50 | Train: 0.157596 | Val: 0.159887 | Corr: 0.264286 | LR: 5.00e-04
2026-03-05 19:12:27,543 - INFO -   ↳ Saved best model (val_corr=0.264286)
2026-03-05 19:12:32,494 - INFO - Epoch  47/50 | Train: 0.157608 | Val: 0.159645 | Corr: 0.264720 | LR: 5.00e-04
2026-03-05 19:12:32,509 - INFO -   ↳ Saved best model (val_corr=0.264720)
2026-03-05 19:12:37,393 - INFO - Epoch  48/50 | Train: 0.157520 | Val: 0.159583 | Corr: 0.264943 | LR: 5.00e-04
2026-03-05 19:12:37,404 - INFO -   ↳ Saved best model (val_corr=0.264943)
2026-03-05 19:12:42,268 - INFO - Epoch  49/50 | Train: 0.157407 | Val: 0.159393 | Corr: 0.266459 | LR: 5.00e-04
2026-03-05 19:12:42,284 - INFO -   ↳ Saved best model (val_corr=0.266459)
2026-03-05 19:12:47,155 - INFO - Epoch  50/50 | Train: 0.157316 | Val: 0.159563 | Corr: 0.266056 | LR: 5.00e-04
2026-03-05 19:12:47,156 - INFO - Training complete — best val corr: 0.266459
2026-03-05 19:12:48,337 - INFO - Test loss: 0.149877, Test corr: 0.255471
2026-03-05 19:12:48,694 - INFO - Fraction of variance explained (FVE): 0.079767
2026-03-05 19:12:48,694 - INFO - Computing autoregressive (AR) test predictions …
2026-03-05 19:12:49,284 - INFO - AR FVE: -0.016890, AR test corr: 0.058392
2026-03-05 19:12:49,284 - INFO - Generating figures …
2026-03-05 19:12:49,656 - INFO - Correlation between predicted and actual per-neuron averages: r=0.9900, p=0.00e+00
2026-03-05 19:12:51,368 - INFO - Pattern selectivity summary:
2026-03-05 19:12:51,369 - INFO -   Mean correlation across neurons: 0.7231
2026-03-05 19:12:51,369 - INFO -   Median correlation: 0.7382
2026-03-05 19:12:51,369 - INFO -   Neurons with r > 0.5: 59 / 63
2026-03-05 19:12:51,369 - INFO -   Neurons with r > 0.3: 62 / 63
2026-03-05 19:12:51,369 - INFO - Pattern selectivity — mean neuron corr: 0.7231
2026-03-05 19:12:52,746 - INFO - LOO (avg rate) — Model mean r: 0.5903, LOO mean r: 0.4546, Neurons model > LOO: 51/63
2026-03-05 19:12:54,672 - INFO - LOO (temporal) — Model mean r: 0.2659, LOO mean r: 0.3186, Neurons model > LOO: 15/63
2026-03-05 19:12:54,672 - INFO - Skipping oracle trial plots (skip_oracle_plots=True)
2026-03-05 19:12:54,680 - INFO - Experiment complete. Summary: {
  "run_dir": "/scratch/sb272/patterns5k_results/slurm_hist_cnn_2026-03-05_16-01-45/trial_0308_learning_rate=5.0e-04_history=1_kernel_sizes=5x3x3_conv_channels=64x128x256_fc_dims=256_seed0",
  "model_type": "cnn",
  "batch_avg_test_loss": 0.14987663066387177,
  "batch_avg_test_corr": 0.2554710059090678,
  "all_test_fve": 0.07976664815630231,
  "AR_FVE": -0.016889502131749713,
  "AR_test_correlation": 0.05839210003614426,
  "best_val_corr": 0.2664590546667453,
  "total_params": 239807,
  "trainable_params": 239807,
  "epochs_trained": 50,
  "mean_pattern_corr": 0.7230876863843663,
  "history": 1,
  "init_state": true,
  "loo_avg_mean_corr": 0.45456832695830385,
  "model_avg_mean_corr": 0.5903196526850608,
  "neurons_model_beats_loo_avg": 51,
  "loo_temporal_mean_corr": 0.31855225563049316,
  "all_test_corr": 0.26590806245803833,
  "neurons_model_beats_loo_temporal": 15,
  "kernel_sizes": [
    5,
    3,
    3
  ],
  "conv_channels": [
    64,
    128,
    256
  ],
  "fc_dims": [
    256
  ]
}
