2026-03-03 20:39:08,783 - INFO - ============================================================
2026-03-03 20:39:08,783 - INFO - Experiment run directory: /scratch/sb272/patterns5k_results/slurm_hist_cnn_2026-03-03_15-13-01/trial_0101_learning_rate=1.0e-04_history=20_kernel_sizes=20_conv_channels=256_fc_dims=256_seed1
2026-03-03 20:39:08,783 - INFO - ============================================================
2026-03-03 20:39:08,783 - INFO - Loading data …
2026-03-03 20:39:09,845 - INFO - 63 unique neurons after dropping problematic neurons
2026-03-03 20:39:10,830 - INFO - Stimulation channels: 42, Spiking neurons: 63
2026-03-03 20:40:25,860 - INFO - Unique patterns: 4050, Total trials: 5000
2026-03-03 20:40:25,862 - INFO - Stimulation channels: 42, Spiking neurons: 63
2026-03-03 20:40:25,862 - INFO - Unique patterns: 4050, Total trials: 5000
2026-03-03 20:40:25,873 - INFO - Split (oracle): train=3400, val=600, test=1000
2026-03-03 20:40:40,271 - INFO - BinnedStimSpikeDataset initialized:
2026-03-03 20:40:40,271 - INFO -   input_bin_size_ms=10, output_bin_size_ms=10
2026-03-03 20:40:40,271 - INFO -   n_input_bins=60, n_output_bins=60
2026-03-03 20:40:40,271 - INFO -   output_offset=0, total_bins_input=60, total_bins_output=60
2026-03-03 20:40:40,271 - INFO -   Valid start positions per trial: 0 to 0
2026-03-03 20:40:40,271 - INFO -   Total samples: 3400 (3400 trials × 1 positions)
2026-03-03 20:40:54,200 - INFO - BinnedStimSpikeDataset initialized:
2026-03-03 20:40:54,200 - INFO -   input_bin_size_ms=10, output_bin_size_ms=10
2026-03-03 20:40:54,200 - INFO -   n_input_bins=60, n_output_bins=60
2026-03-03 20:40:54,200 - INFO -   output_offset=0, total_bins_input=60, total_bins_output=60
2026-03-03 20:40:54,200 - INFO -   Valid start positions per trial: 0 to 0
2026-03-03 20:40:54,200 - INFO -   Total samples: 600 (600 trials × 1 positions)
2026-03-03 20:41:08,223 - INFO - BinnedStimSpikeDataset initialized:
2026-03-03 20:41:08,223 - INFO -   input_bin_size_ms=10, output_bin_size_ms=10
2026-03-03 20:41:08,223 - INFO -   n_input_bins=60, n_output_bins=60
2026-03-03 20:41:08,223 - INFO -   output_offset=0, total_bins_input=60, total_bins_output=60
2026-03-03 20:41:08,223 - INFO -   Valid start positions per trial: 0 to 0
2026-03-03 20:41:08,223 - INFO -   Total samples: 1000 (1000 trials × 1 positions)
2026-03-03 20:41:08,224 - INFO - Samples — train: 3400, val: 600, test: 1000
2026-03-03 20:41:08,224 - INFO - Input channels: 105, Neurons: 63
2026-03-03 20:41:08,248 - INFO - Using CPU
2026-03-03 20:41:08,265 - INFO - Model: CNN — 620,351 trainable params (620,351 total)
2026-03-03 20:41:20,550 - INFO - Starting training …
2026-03-03 20:41:28,163 - INFO - Epoch   1/50 | Train: 0.377761 | Val: 0.190045 | Corr: 0.036868 | LR: 1.00e-04
2026-03-03 20:41:28,227 - INFO -   ↳ Saved best model (val_corr=0.036868)
2026-03-03 20:41:34,944 - INFO - Epoch   2/50 | Train: 0.189540 | Val: 0.187707 | Corr: 0.049733 | LR: 1.00e-04
2026-03-03 20:41:34,968 - INFO -   ↳ Saved best model (val_corr=0.049733)
2026-03-03 20:41:41,566 - INFO - Epoch   3/50 | Train: 0.186944 | Val: 0.186949 | Corr: 0.056755 | LR: 1.00e-04
2026-03-03 20:41:41,585 - INFO -   ↳ Saved best model (val_corr=0.056755)
2026-03-03 20:41:48,263 - INFO - Epoch   4/50 | Train: 0.185109 | Val: 0.186082 | Corr: 0.061767 | LR: 1.00e-04
2026-03-03 20:41:48,292 - INFO -   ↳ Saved best model (val_corr=0.061767)
2026-03-03 20:41:54,974 - INFO - Epoch   5/50 | Train: 0.183701 | Val: 0.185633 | Corr: 0.067527 | LR: 1.00e-04
2026-03-03 20:41:54,995 - INFO -   ↳ Saved best model (val_corr=0.067527)
2026-03-03 20:42:01,679 - INFO - Epoch   6/50 | Train: 0.182447 | Val: 0.185395 | Corr: 0.070571 | LR: 1.00e-04
2026-03-03 20:42:01,726 - INFO -   ↳ Saved best model (val_corr=0.070571)
2026-03-03 20:42:08,325 - INFO - Epoch   7/50 | Train: 0.181397 | Val: 0.184937 | Corr: 0.073625 | LR: 1.00e-04
2026-03-03 20:42:08,342 - INFO -   ↳ Saved best model (val_corr=0.073625)
2026-03-03 20:42:14,939 - INFO - Epoch   8/50 | Train: 0.180478 | Val: 0.184500 | Corr: 0.075713 | LR: 1.00e-04
2026-03-03 20:42:14,971 - INFO -   ↳ Saved best model (val_corr=0.075713)
2026-03-03 20:42:21,585 - INFO - Epoch   9/50 | Train: 0.179682 | Val: 0.184260 | Corr: 0.078739 | LR: 1.00e-04
2026-03-03 20:42:21,605 - INFO -   ↳ Saved best model (val_corr=0.078739)
2026-03-03 20:42:28,289 - INFO - Epoch  10/50 | Train: 0.178923 | Val: 0.183997 | Corr: 0.079676 | LR: 1.00e-04
2026-03-03 20:42:28,354 - INFO -   ↳ Saved best model (val_corr=0.079676)
2026-03-03 20:42:35,084 - INFO - Epoch  11/50 | Train: 0.178259 | Val: 0.183847 | Corr: 0.083016 | LR: 1.00e-04
2026-03-03 20:42:35,110 - INFO -   ↳ Saved best model (val_corr=0.083016)
2026-03-03 20:42:41,939 - INFO - Epoch  12/50 | Train: 0.177613 | Val: 0.183670 | Corr: 0.084552 | LR: 1.00e-04
2026-03-03 20:42:41,958 - INFO -   ↳ Saved best model (val_corr=0.084552)
2026-03-03 20:42:48,717 - INFO - Epoch  13/50 | Train: 0.177056 | Val: 0.183594 | Corr: 0.085751 | LR: 1.00e-04
2026-03-03 20:42:48,740 - INFO -   ↳ Saved best model (val_corr=0.085751)
2026-03-03 20:42:55,524 - INFO - Epoch  14/50 | Train: 0.176464 | Val: 0.183614 | Corr: 0.087180 | LR: 1.00e-04
2026-03-03 20:42:55,546 - INFO -   ↳ Saved best model (val_corr=0.087180)
2026-03-03 20:43:02,363 - INFO - Epoch  15/50 | Train: 0.175893 | Val: 0.183313 | Corr: 0.088804 | LR: 1.00e-04
2026-03-03 20:43:02,387 - INFO -   ↳ Saved best model (val_corr=0.088804)
2026-03-03 20:43:09,236 - INFO - Epoch  16/50 | Train: 0.175479 | Val: 0.183115 | Corr: 0.089703 | LR: 1.00e-04
2026-03-03 20:43:09,263 - INFO -   ↳ Saved best model (val_corr=0.089703)
2026-03-03 20:43:15,945 - INFO - Epoch  17/50 | Train: 0.174844 | Val: 0.183421 | Corr: 0.091646 | LR: 1.00e-04
2026-03-03 20:43:16,002 - INFO -   ↳ Saved best model (val_corr=0.091646)
2026-03-03 20:43:22,697 - INFO - Epoch  18/50 | Train: 0.174348 | Val: 0.183272 | Corr: 0.094331 | LR: 1.00e-04
2026-03-03 20:43:22,770 - INFO -   ↳ Saved best model (val_corr=0.094331)
2026-03-03 20:43:29,607 - INFO - Epoch  19/50 | Train: 0.173827 | Val: 0.183173 | Corr: 0.095401 | LR: 1.00e-04
2026-03-03 20:43:29,639 - INFO -   ↳ Saved best model (val_corr=0.095401)
2026-03-03 20:43:36,300 - INFO - Epoch  20/50 | Train: 0.173209 | Val: 0.182709 | Corr: 0.098108 | LR: 1.00e-04
2026-03-03 20:43:36,323 - INFO -   ↳ Saved best model (val_corr=0.098108)
2026-03-03 20:43:43,129 - INFO - Epoch  21/50 | Train: 0.172635 | Val: 0.182329 | Corr: 0.099487 | LR: 1.00e-04
2026-03-03 20:43:43,157 - INFO -   ↳ Saved best model (val_corr=0.099487)
2026-03-03 20:43:49,968 - INFO - Epoch  22/50 | Train: 0.172090 | Val: 0.182282 | Corr: 0.101056 | LR: 1.00e-04
2026-03-03 20:43:50,000 - INFO -   ↳ Saved best model (val_corr=0.101056)
2026-03-03 20:43:56,692 - INFO - Epoch  23/50 | Train: 0.171474 | Val: 0.182278 | Corr: 0.101085 | LR: 1.00e-04
2026-03-03 20:43:56,717 - INFO -   ↳ Saved best model (val_corr=0.101085)
2026-03-03 20:44:03,402 - INFO - Epoch  24/50 | Train: 0.171008 | Val: 0.182268 | Corr: 0.102914 | LR: 1.00e-04
2026-03-03 20:44:03,425 - INFO -   ↳ Saved best model (val_corr=0.102914)
2026-03-03 20:44:09,979 - INFO - Epoch  25/50 | Train: 0.170454 | Val: 0.182495 | Corr: 0.104378 | LR: 1.00e-04
2026-03-03 20:44:10,007 - INFO -   ↳ Saved best model (val_corr=0.104378)
2026-03-03 20:44:16,558 - INFO - Epoch  26/50 | Train: 0.170028 | Val: 0.182012 | Corr: 0.104284 | LR: 1.00e-04
2026-03-03 20:44:23,156 - INFO - Epoch  27/50 | Train: 0.169488 | Val: 0.182377 | Corr: 0.105479 | LR: 1.00e-04
2026-03-03 20:44:23,199 - INFO -   ↳ Saved best model (val_corr=0.105479)
2026-03-03 20:44:29,711 - INFO - Epoch  28/50 | Train: 0.169026 | Val: 0.182118 | Corr: 0.106139 | LR: 1.00e-04
2026-03-03 20:44:29,742 - INFO -   ↳ Saved best model (val_corr=0.106139)
2026-03-03 20:44:36,280 - INFO - Epoch  29/50 | Train: 0.168696 | Val: 0.182333 | Corr: 0.105221 | LR: 1.00e-04
2026-03-03 20:44:42,907 - INFO - Epoch  30/50 | Train: 0.168229 | Val: 0.182641 | Corr: 0.106157 | LR: 1.00e-04
2026-03-03 20:44:42,946 - INFO -   ↳ Saved best model (val_corr=0.106157)
2026-03-03 20:44:49,515 - INFO - Epoch  31/50 | Train: 0.167849 | Val: 0.182492 | Corr: 0.105351 | LR: 1.00e-04
2026-03-03 20:44:56,130 - INFO - Epoch  32/50 | Train: 0.167385 | Val: 0.182234 | Corr: 0.107554 | LR: 5.00e-05
2026-03-03 20:44:56,151 - INFO -   ↳ Saved best model (val_corr=0.107554)
2026-03-03 20:45:02,738 - INFO - Epoch  33/50 | Train: 0.166407 | Val: 0.182412 | Corr: 0.107880 | LR: 5.00e-05
2026-03-03 20:45:02,772 - INFO -   ↳ Saved best model (val_corr=0.107880)
2026-03-03 20:45:09,396 - INFO - Epoch  34/50 | Train: 0.166154 | Val: 0.182116 | Corr: 0.106880 | LR: 5.00e-05
2026-03-03 20:45:16,093 - INFO - Epoch  35/50 | Train: 0.165858 | Val: 0.182716 | Corr: 0.107608 | LR: 5.00e-05
2026-03-03 20:45:22,742 - INFO - Epoch  36/50 | Train: 0.165727 | Val: 0.182643 | Corr: 0.107938 | LR: 5.00e-05
2026-03-03 20:45:22,775 - INFO -   ↳ Saved best model (val_corr=0.107938)
2026-03-03 20:45:29,442 - INFO - Epoch  37/50 | Train: 0.165480 | Val: 0.182797 | Corr: 0.107615 | LR: 5.00e-05
2026-03-03 20:45:36,182 - INFO - Epoch  38/50 | Train: 0.165309 | Val: 0.182586 | Corr: 0.107441 | LR: 2.50e-05
2026-03-03 20:45:42,860 - INFO - Epoch  39/50 | Train: 0.164890 | Val: 0.182312 | Corr: 0.108774 | LR: 2.50e-05
2026-03-03 20:45:42,901 - INFO -   ↳ Saved best model (val_corr=0.108774)
2026-03-03 20:45:49,703 - INFO - Epoch  40/50 | Train: 0.164653 | Val: 0.182746 | Corr: 0.108046 | LR: 2.50e-05
2026-03-03 20:45:56,449 - INFO - Epoch  41/50 | Train: 0.164615 | Val: 0.182611 | Corr: 0.108730 | LR: 2.50e-05
2026-03-03 20:46:03,185 - INFO - Epoch  42/50 | Train: 0.164427 | Val: 0.182500 | Corr: 0.108410 | LR: 2.50e-05
2026-03-03 20:46:09,998 - INFO - Epoch  43/50 | Train: 0.164328 | Val: 0.182898 | Corr: 0.107100 | LR: 2.50e-05
2026-03-03 20:46:16,705 - INFO - Epoch  44/50 | Train: 0.164323 | Val: 0.182776 | Corr: 0.108527 | LR: 1.25e-05
2026-03-03 20:46:23,397 - INFO - Epoch  45/50 | Train: 0.164050 | Val: 0.182907 | Corr: 0.108192 | LR: 1.25e-05
2026-03-03 20:46:30,112 - INFO - Epoch  46/50 | Train: 0.163943 | Val: 0.183055 | Corr: 0.108229 | LR: 1.25e-05
2026-03-03 20:46:36,826 - INFO - Epoch  47/50 | Train: 0.163898 | Val: 0.182868 | Corr: 0.108511 | LR: 1.25e-05
2026-03-03 20:46:43,630 - INFO - Epoch  48/50 | Train: 0.163916 | Val: 0.182836 | Corr: 0.108576 | LR: 1.25e-05
2026-03-03 20:46:50,334 - INFO - Epoch  49/50 | Train: 0.163848 | Val: 0.182750 | Corr: 0.108502 | LR: 1.25e-05
2026-03-03 20:46:50,334 - INFO - Early stopping at epoch 49
2026-03-03 20:46:50,334 - INFO - Training complete — best val corr: 0.108774
2026-03-03 20:46:51,794 - INFO - Test loss: 0.171776, Test corr: 0.107082
2026-03-03 20:46:52,496 - INFO - Fraction of variance explained (FVE): 0.013249
2026-03-03 20:46:52,496 - INFO - Computing autoregressive (AR) test predictions …
2026-03-03 20:46:53,279 - INFO - AR FVE: 0.012349, AR test corr: 0.110487
2026-03-03 20:46:53,280 - INFO - Generating figures …
2026-03-03 20:46:53,711 - INFO - Correlation between predicted and actual per-neuron averages: r=0.9929, p=0.00e+00
2026-03-03 20:46:55,583 - INFO - Pattern selectivity summary:
2026-03-03 20:46:55,583 - INFO -   Mean correlation across neurons: 0.4128
2026-03-03 20:46:55,584 - INFO -   Median correlation: 0.4198
2026-03-03 20:46:55,584 - INFO -   Neurons with r > 0.5: 21 / 63
2026-03-03 20:46:55,584 - INFO -   Neurons with r > 0.3: 48 / 63
2026-03-03 20:46:55,584 - INFO - Pattern selectivity — mean neuron corr: 0.4128
2026-03-03 20:46:57,056 - INFO - LOO (avg rate) — Model mean r: 0.3291, LOO mean r: 0.4546, Neurons model > LOO: 10/63
2026-03-03 20:46:58,997 - INFO - LOO (temporal) — Model mean r: 0.1156, LOO mean r: 0.3186, Neurons model > LOO: 1/63
2026-03-03 20:46:58,998 - INFO - Skipping oracle trial plots (skip_oracle_plots=True)
2026-03-03 20:46:59,008 - INFO - Experiment complete. Summary: {
  "run_dir": "/scratch/sb272/patterns5k_results/slurm_hist_cnn_2026-03-03_15-13-01/trial_0101_learning_rate=1.0e-04_history=20_kernel_sizes=20_conv_channels=256_fc_dims=256_seed1",
  "model_type": "cnn",
  "batch_avg_test_loss": 0.17177593791484833,
  "batch_avg_test_corr": 0.10708247617707975,
  "all_test_fve": 0.013249460666898697,
  "AR_FVE": 0.012348600796290807,
  "AR_test_correlation": 0.11048726737499237,
  "best_val_corr": 0.10877385633805108,
  "total_params": 620351,
  "trainable_params": 620351,
  "epochs_trained": 49,
  "mean_pattern_corr": 0.41279503931543376,
  "history": 20,
  "init_state": true,
  "loo_avg_mean_corr": 0.45456832695830385,
  "model_avg_mean_corr": 0.32909475551816336,
  "neurons_model_beats_loo_avg": 10,
  "loo_temporal_mean_corr": 0.31855225563049316,
  "all_test_corr": 0.11557694524526596,
  "neurons_model_beats_loo_temporal": 1,
  "kernel_sizes": [
    20
  ],
  "conv_channels": [
    256
  ],
  "fc_dims": [
    256
  ]
}
