2026-03-04 01:26:49,567 - INFO - ============================================================
2026-03-04 01:26:49,567 - INFO - Experiment run directory: /scratch/sb272/patterns5k_results/slurm_hist_cnn_2026-03-03_15-13-01/trial_0418_learning_rate=5.0e-03_history=20_kernel_sizes=10x5_conv_channels=256x128_fc_dims=256_seed1
2026-03-04 01:26:49,567 - INFO - ============================================================
2026-03-04 01:26:49,567 - INFO - Loading data …
2026-03-04 01:26:50,883 - INFO - 63 unique neurons after dropping problematic neurons
2026-03-04 01:26:51,854 - INFO - Stimulation channels: 42, Spiking neurons: 63
2026-03-04 01:28:07,725 - INFO - Unique patterns: 4050, Total trials: 5000
2026-03-04 01:28:07,727 - INFO - Stimulation channels: 42, Spiking neurons: 63
2026-03-04 01:28:07,727 - INFO - Unique patterns: 4050, Total trials: 5000
2026-03-04 01:28:07,738 - INFO - Split (oracle): train=3400, val=600, test=1000
2026-03-04 01:28:22,053 - INFO - BinnedStimSpikeDataset initialized:
2026-03-04 01:28:22,053 - INFO -   input_bin_size_ms=10, output_bin_size_ms=10
2026-03-04 01:28:22,053 - INFO -   n_input_bins=60, n_output_bins=60
2026-03-04 01:28:22,054 - INFO -   output_offset=0, total_bins_input=60, total_bins_output=60
2026-03-04 01:28:22,054 - INFO -   Valid start positions per trial: 0 to 0
2026-03-04 01:28:22,054 - INFO -   Total samples: 3400 (3400 trials × 1 positions)
2026-03-04 01:28:35,840 - INFO - BinnedStimSpikeDataset initialized:
2026-03-04 01:28:35,840 - INFO -   input_bin_size_ms=10, output_bin_size_ms=10
2026-03-04 01:28:35,840 - INFO -   n_input_bins=60, n_output_bins=60
2026-03-04 01:28:35,840 - INFO -   output_offset=0, total_bins_input=60, total_bins_output=60
2026-03-04 01:28:35,840 - INFO -   Valid start positions per trial: 0 to 0
2026-03-04 01:28:35,840 - INFO -   Total samples: 600 (600 trials × 1 positions)
2026-03-04 01:28:49,734 - INFO - BinnedStimSpikeDataset initialized:
2026-03-04 01:28:49,734 - INFO -   input_bin_size_ms=10, output_bin_size_ms=10
2026-03-04 01:28:49,734 - INFO -   n_input_bins=60, n_output_bins=60
2026-03-04 01:28:49,734 - INFO -   output_offset=0, total_bins_input=60, total_bins_output=60
2026-03-04 01:28:49,734 - INFO -   Valid start positions per trial: 0 to 0
2026-03-04 01:28:49,734 - INFO -   Total samples: 1000 (1000 trials × 1 positions)
2026-03-04 01:28:49,734 - INFO - Samples — train: 3400, val: 600, test: 1000
2026-03-04 01:28:49,734 - INFO - Input channels: 105, Neurons: 63
2026-03-04 01:28:49,743 - INFO - Using CPU
2026-03-04 01:28:49,761 - INFO - Model: CNN — 483,007 trainable params (483,007 total)
2026-03-04 01:28:54,564 - INFO - Starting training …
2026-03-04 01:29:01,292 - INFO - Epoch   1/50 | Train: 0.201680 | Val: 0.186263 | Corr: 0.082616 | LR: 5.00e-03
2026-03-04 01:29:01,307 - INFO -   ↳ Saved best model (val_corr=0.082616)
2026-03-04 01:29:07,319 - INFO - Epoch   2/50 | Train: 0.181094 | Val: 0.180254 | Corr: 0.103820 | LR: 5.00e-03
2026-03-04 01:29:07,335 - INFO -   ↳ Saved best model (val_corr=0.103820)
2026-03-04 01:29:13,319 - INFO - Epoch   3/50 | Train: 0.178666 | Val: 0.178887 | Corr: 0.117635 | LR: 5.00e-03
2026-03-04 01:29:13,334 - INFO -   ↳ Saved best model (val_corr=0.117635)
2026-03-04 01:29:19,265 - INFO - Epoch   4/50 | Train: 0.176578 | Val: 0.177948 | Corr: 0.125667 | LR: 5.00e-03
2026-03-04 01:29:19,280 - INFO -   ↳ Saved best model (val_corr=0.125667)
2026-03-04 01:29:25,347 - INFO - Epoch   5/50 | Train: 0.174994 | Val: 0.177993 | Corr: 0.130012 | LR: 5.00e-03
2026-03-04 01:29:25,372 - INFO -   ↳ Saved best model (val_corr=0.130012)
2026-03-04 01:29:31,370 - INFO - Epoch   6/50 | Train: 0.173546 | Val: 0.177912 | Corr: 0.132859 | LR: 5.00e-03
2026-03-04 01:29:31,385 - INFO -   ↳ Saved best model (val_corr=0.132859)
2026-03-04 01:29:37,330 - INFO - Epoch   7/50 | Train: 0.171626 | Val: 0.179026 | Corr: 0.132939 | LR: 5.00e-03
2026-03-04 01:29:37,346 - INFO -   ↳ Saved best model (val_corr=0.132939)
2026-03-04 01:29:43,318 - INFO - Epoch   8/50 | Train: 0.170354 | Val: 0.178137 | Corr: 0.131216 | LR: 5.00e-03
2026-03-04 01:29:49,365 - INFO - Epoch   9/50 | Train: 0.168836 | Val: 0.178633 | Corr: 0.131565 | LR: 5.00e-03
2026-03-04 01:29:55,452 - INFO - Epoch  10/50 | Train: 0.167679 | Val: 0.179183 | Corr: 0.130670 | LR: 5.00e-03
2026-03-04 01:30:01,524 - INFO - Epoch  11/50 | Train: 0.166567 | Val: 0.180134 | Corr: 0.129620 | LR: 5.00e-03
2026-03-04 01:30:07,459 - INFO - Epoch  12/50 | Train: 0.165519 | Val: 0.179577 | Corr: 0.130794 | LR: 2.50e-03
2026-03-04 01:30:13,524 - INFO - Epoch  13/50 | Train: 0.162271 | Val: 0.180668 | Corr: 0.130079 | LR: 2.50e-03
2026-03-04 01:30:19,598 - INFO - Epoch  14/50 | Train: 0.161161 | Val: 0.181613 | Corr: 0.129708 | LR: 2.50e-03
2026-03-04 01:30:25,694 - INFO - Epoch  15/50 | Train: 0.160429 | Val: 0.181688 | Corr: 0.129744 | LR: 2.50e-03
2026-03-04 01:30:31,793 - INFO - Epoch  16/50 | Train: 0.159888 | Val: 0.182257 | Corr: 0.127881 | LR: 2.50e-03
2026-03-04 01:30:37,911 - INFO - Epoch  17/50 | Train: 0.159478 | Val: 0.182279 | Corr: 0.127294 | LR: 2.50e-03
2026-03-04 01:30:37,911 - INFO - Early stopping at epoch 17
2026-03-04 01:30:37,911 - INFO - Training complete — best val corr: 0.132939
2026-03-04 01:30:39,192 - INFO - Test loss: 0.169889, Test corr: 0.128561
2026-03-04 01:30:39,730 - INFO - Fraction of variance explained (FVE): 0.013468
2026-03-04 01:30:39,730 - INFO - Computing autoregressive (AR) test predictions …
2026-03-04 01:30:40,390 - INFO - AR FVE: 0.009092, AR test corr: 0.120338
2026-03-04 01:30:40,390 - INFO - Generating figures …
2026-03-04 01:30:40,752 - INFO - Correlation between predicted and actual per-neuron averages: r=0.9564, p=2.69e-34
2026-03-04 01:30:42,365 - INFO - Pattern selectivity summary:
2026-03-04 01:30:42,365 - INFO -   Mean correlation across neurons: 0.4709
2026-03-04 01:30:42,365 - INFO -   Median correlation: 0.5002
2026-03-04 01:30:42,365 - INFO -   Neurons with r > 0.5: 32 / 63
2026-03-04 01:30:42,365 - INFO -   Neurons with r > 0.3: 53 / 63
2026-03-04 01:30:42,366 - INFO - Pattern selectivity — mean neuron corr: 0.4709
2026-03-04 01:30:43,706 - INFO - LOO (avg rate) — Model mean r: 0.3520, LOO mean r: 0.4546, Neurons model > LOO: 10/63
2026-03-04 01:30:45,517 - INFO - LOO (temporal) — Model mean r: 0.1359, LOO mean r: 0.3186, Neurons model > LOO: 1/63
2026-03-04 01:30:45,517 - INFO - Skipping oracle trial plots (skip_oracle_plots=True)
2026-03-04 01:30:45,525 - INFO - Experiment complete. Summary: {
  "run_dir": "/scratch/sb272/patterns5k_results/slurm_hist_cnn_2026-03-03_15-13-01/trial_0418_learning_rate=5.0e-03_history=20_kernel_sizes=10x5_conv_channels=256x128_fc_dims=256_seed1",
  "model_type": "cnn",
  "batch_avg_test_loss": 0.16988942635059356,
  "batch_avg_test_corr": 0.1285609657661532,
  "all_test_fve": 0.013467758420913939,
  "AR_FVE": 0.009092352693043058,
  "AR_test_correlation": 0.120337575674057,
  "best_val_corr": 0.13293944554362944,
  "total_params": 483007,
  "trainable_params": 483007,
  "epochs_trained": 17,
  "mean_pattern_corr": 0.4708583014542545,
  "history": 20,
  "init_state": true,
  "loo_avg_mean_corr": 0.45456832695830385,
  "model_avg_mean_corr": 0.3520361649430446,
  "neurons_model_beats_loo_avg": 10,
  "loo_temporal_mean_corr": 0.31855225563049316,
  "all_test_corr": 0.13589349389076233,
  "neurons_model_beats_loo_temporal": 1,
  "kernel_sizes": [
    10,
    5
  ],
  "conv_channels": [
    256,
    128
  ],
  "fc_dims": [
    256
  ]
}
