2026-03-04 20:00:45,393 - INFO - ============================================================
2026-03-04 20:00:45,394 - INFO - Experiment run directory: /scratch/sb272/patterns5k_results/slurm_base_cnn_2026-03-04_16-53-19/trial_0056_learning_rate=1.0e-04_kernel_sizes=3x3x3_conv_channels=128x128x128_fc_dims=256_seed0
2026-03-04 20:00:45,394 - INFO - ============================================================
2026-03-04 20:00:45,394 - INFO - Loading data …
2026-03-04 20:00:46,028 - INFO - 63 unique neurons after dropping problematic neurons
2026-03-04 20:00:46,902 - INFO - Stimulation channels: 42, Spiking neurons: 63
2026-03-04 20:01:55,840 - INFO - Unique patterns: 4050, Total trials: 5000
2026-03-04 20:01:55,841 - INFO - Stimulation channels: 42, Spiking neurons: 63
2026-03-04 20:01:55,841 - INFO - Unique patterns: 4050, Total trials: 5000
2026-03-04 20:01:55,852 - INFO - Split (oracle): train=3400, val=600, test=1000
2026-03-04 20:02:10,089 - INFO - BinnedStimSpikeDataset initialized:
2026-03-04 20:02:10,090 - INFO -   input_bin_size_ms=10, output_bin_size_ms=10
2026-03-04 20:02:10,090 - INFO -   n_input_bins=60, n_output_bins=60
2026-03-04 20:02:10,090 - INFO -   output_offset=0, total_bins_input=60, total_bins_output=60
2026-03-04 20:02:10,090 - INFO -   Valid start positions per trial: 0 to 0
2026-03-04 20:02:10,090 - INFO -   Total samples: 3400 (3400 trials × 1 positions)
2026-03-04 20:02:23,802 - INFO - BinnedStimSpikeDataset initialized:
2026-03-04 20:02:23,802 - INFO -   input_bin_size_ms=10, output_bin_size_ms=10
2026-03-04 20:02:23,802 - INFO -   n_input_bins=60, n_output_bins=60
2026-03-04 20:02:23,802 - INFO -   output_offset=0, total_bins_input=60, total_bins_output=60
2026-03-04 20:02:23,802 - INFO -   Valid start positions per trial: 0 to 0
2026-03-04 20:02:23,802 - INFO -   Total samples: 600 (600 trials × 1 positions)
2026-03-04 20:02:37,646 - INFO - BinnedStimSpikeDataset initialized:
2026-03-04 20:02:37,646 - INFO -   input_bin_size_ms=10, output_bin_size_ms=10
2026-03-04 20:02:37,646 - INFO -   n_input_bins=60, n_output_bins=60
2026-03-04 20:02:37,646 - INFO -   output_offset=0, total_bins_input=60, total_bins_output=60
2026-03-04 20:02:37,646 - INFO -   Valid start positions per trial: 0 to 0
2026-03-04 20:02:37,646 - INFO -   Total samples: 1000 (1000 trials × 1 positions)
2026-03-04 20:02:37,646 - INFO - Samples — train: 3400, val: 600, test: 1000
2026-03-04 20:02:37,646 - INFO - Input channels: 42, Neurons: 63
2026-03-04 20:02:37,662 - INFO - Using CPU
2026-03-04 20:02:37,666 - INFO - Model: CNN — 164,799 trainable params (164,799 total)
2026-03-04 20:02:42,849 - INFO - Starting training …
2026-03-04 20:02:47,255 - INFO - Epoch   1/50 | Train: 0.436712 | Val: 0.192775 | Corr: 0.059730 | LR: 1.00e-04
2026-03-04 20:02:47,274 - INFO -   ↳ Saved best model (val_corr=0.059730)
2026-03-04 20:02:50,799 - INFO - Epoch   2/50 | Train: 0.187255 | Val: 0.185321 | Corr: 0.068957 | LR: 1.00e-04
2026-03-04 20:02:50,813 - INFO -   ↳ Saved best model (val_corr=0.068957)
2026-03-04 20:02:54,340 - INFO - Epoch   3/50 | Train: 0.184981 | Val: 0.184484 | Corr: 0.072610 | LR: 1.00e-04
2026-03-04 20:02:54,351 - INFO -   ↳ Saved best model (val_corr=0.072610)
2026-03-04 20:02:57,881 - INFO - Epoch   4/50 | Train: 0.184226 | Val: 0.184036 | Corr: 0.074812 | LR: 1.00e-04
2026-03-04 20:02:57,895 - INFO -   ↳ Saved best model (val_corr=0.074812)
2026-03-04 20:03:01,351 - INFO - Epoch   5/50 | Train: 0.183833 | Val: 0.183870 | Corr: 0.076716 | LR: 1.00e-04
2026-03-04 20:03:01,364 - INFO -   ↳ Saved best model (val_corr=0.076716)
2026-03-04 20:03:04,832 - INFO - Epoch   6/50 | Train: 0.183429 | Val: 0.183774 | Corr: 0.078162 | LR: 1.00e-04
2026-03-04 20:03:04,845 - INFO -   ↳ Saved best model (val_corr=0.078162)
2026-03-04 20:03:08,169 - INFO - Epoch   7/50 | Train: 0.183113 | Val: 0.183458 | Corr: 0.080669 | LR: 1.00e-04
2026-03-04 20:03:08,184 - INFO -   ↳ Saved best model (val_corr=0.080669)
2026-03-04 20:03:11,513 - INFO - Epoch   8/50 | Train: 0.182728 | Val: 0.183389 | Corr: 0.082618 | LR: 1.00e-04
2026-03-04 20:03:11,524 - INFO -   ↳ Saved best model (val_corr=0.082618)
2026-03-04 20:03:14,989 - INFO - Epoch   9/50 | Train: 0.182563 | Val: 0.182980 | Corr: 0.085403 | LR: 1.00e-04
2026-03-04 20:03:15,009 - INFO -   ↳ Saved best model (val_corr=0.085403)
2026-03-04 20:03:18,342 - INFO - Epoch  10/50 | Train: 0.182139 | Val: 0.182880 | Corr: 0.087082 | LR: 1.00e-04
2026-03-04 20:03:18,353 - INFO -   ↳ Saved best model (val_corr=0.087082)
2026-03-04 20:03:21,601 - INFO - Epoch  11/50 | Train: 0.181951 | Val: 0.182643 | Corr: 0.089525 | LR: 1.00e-04
2026-03-04 20:03:21,615 - INFO -   ↳ Saved best model (val_corr=0.089525)
2026-03-04 20:03:24,811 - INFO - Epoch  12/50 | Train: 0.181651 | Val: 0.182571 | Corr: 0.090659 | LR: 1.00e-04
2026-03-04 20:03:24,823 - INFO -   ↳ Saved best model (val_corr=0.090659)
2026-03-04 20:03:28,083 - INFO - Epoch  13/50 | Train: 0.181441 | Val: 0.182307 | Corr: 0.093413 | LR: 1.00e-04
2026-03-04 20:03:28,096 - INFO -   ↳ Saved best model (val_corr=0.093413)
2026-03-04 20:03:31,380 - INFO - Epoch  14/50 | Train: 0.181194 | Val: 0.182123 | Corr: 0.095361 | LR: 1.00e-04
2026-03-04 20:03:31,393 - INFO -   ↳ Saved best model (val_corr=0.095361)
2026-03-04 20:03:34,574 - INFO - Epoch  15/50 | Train: 0.180999 | Val: 0.182032 | Corr: 0.096547 | LR: 1.00e-04
2026-03-04 20:03:34,587 - INFO -   ↳ Saved best model (val_corr=0.096547)
2026-03-04 20:03:37,735 - INFO - Epoch  16/50 | Train: 0.180729 | Val: 0.182065 | Corr: 0.097192 | LR: 1.00e-04
2026-03-04 20:03:37,748 - INFO -   ↳ Saved best model (val_corr=0.097192)
2026-03-04 20:03:40,912 - INFO - Epoch  17/50 | Train: 0.180472 | Val: 0.181861 | Corr: 0.098623 | LR: 1.00e-04
2026-03-04 20:03:40,924 - INFO -   ↳ Saved best model (val_corr=0.098623)
2026-03-04 20:03:44,068 - INFO - Epoch  18/50 | Train: 0.180249 | Val: 0.181671 | Corr: 0.100289 | LR: 1.00e-04
2026-03-04 20:03:44,086 - INFO -   ↳ Saved best model (val_corr=0.100289)
2026-03-04 20:03:47,228 - INFO - Epoch  19/50 | Train: 0.180050 | Val: 0.181494 | Corr: 0.102255 | LR: 1.00e-04
2026-03-04 20:03:47,241 - INFO -   ↳ Saved best model (val_corr=0.102255)
2026-03-04 20:03:50,358 - INFO - Epoch  20/50 | Train: 0.179836 | Val: 0.181362 | Corr: 0.103762 | LR: 1.00e-04
2026-03-04 20:03:50,424 - INFO -   ↳ Saved best model (val_corr=0.103762)
2026-03-04 20:03:53,558 - INFO - Epoch  21/50 | Train: 0.179652 | Val: 0.181255 | Corr: 0.104794 | LR: 1.00e-04
2026-03-04 20:03:53,572 - INFO -   ↳ Saved best model (val_corr=0.104794)
2026-03-04 20:03:56,716 - INFO - Epoch  22/50 | Train: 0.179448 | Val: 0.181243 | Corr: 0.104417 | LR: 1.00e-04
2026-03-04 20:03:59,879 - INFO - Epoch  23/50 | Train: 0.179305 | Val: 0.181175 | Corr: 0.106373 | LR: 1.00e-04
2026-03-04 20:03:59,895 - INFO -   ↳ Saved best model (val_corr=0.106373)
2026-03-04 20:04:03,035 - INFO - Epoch  24/50 | Train: 0.179106 | Val: 0.180950 | Corr: 0.107732 | LR: 1.00e-04
2026-03-04 20:04:03,055 - INFO -   ↳ Saved best model (val_corr=0.107732)
2026-03-04 20:04:06,203 - INFO - Epoch  25/50 | Train: 0.178960 | Val: 0.180802 | Corr: 0.109299 | LR: 1.00e-04
2026-03-04 20:04:06,233 - INFO -   ↳ Saved best model (val_corr=0.109299)
2026-03-04 20:04:09,468 - INFO - Epoch  26/50 | Train: 0.178786 | Val: 0.180781 | Corr: 0.109837 | LR: 1.00e-04
2026-03-04 20:04:09,479 - INFO -   ↳ Saved best model (val_corr=0.109837)
2026-03-04 20:04:12,707 - INFO - Epoch  27/50 | Train: 0.178573 | Val: 0.180741 | Corr: 0.111113 | LR: 1.00e-04
2026-03-04 20:04:12,732 - INFO -   ↳ Saved best model (val_corr=0.111113)
2026-03-04 20:04:15,945 - INFO - Epoch  28/50 | Train: 0.178438 | Val: 0.180588 | Corr: 0.112682 | LR: 1.00e-04
2026-03-04 20:04:15,979 - INFO -   ↳ Saved best model (val_corr=0.112682)
2026-03-04 20:04:19,201 - INFO - Epoch  29/50 | Train: 0.178294 | Val: 0.180388 | Corr: 0.114047 | LR: 1.00e-04
2026-03-04 20:04:19,215 - INFO -   ↳ Saved best model (val_corr=0.114047)
2026-03-04 20:04:22,428 - INFO - Epoch  30/50 | Train: 0.178181 | Val: 0.180495 | Corr: 0.113920 | LR: 1.00e-04
2026-03-04 20:04:25,649 - INFO - Epoch  31/50 | Train: 0.178021 | Val: 0.180255 | Corr: 0.115481 | LR: 1.00e-04
2026-03-04 20:04:25,672 - INFO -   ↳ Saved best model (val_corr=0.115481)
2026-03-04 20:04:28,914 - INFO - Epoch  32/50 | Train: 0.177813 | Val: 0.180255 | Corr: 0.115833 | LR: 1.00e-04
2026-03-04 20:04:28,927 - INFO -   ↳ Saved best model (val_corr=0.115833)
2026-03-04 20:04:32,162 - INFO - Epoch  33/50 | Train: 0.177739 | Val: 0.180084 | Corr: 0.117083 | LR: 1.00e-04
2026-03-04 20:04:32,172 - INFO -   ↳ Saved best model (val_corr=0.117083)
2026-03-04 20:04:35,399 - INFO - Epoch  34/50 | Train: 0.177666 | Val: 0.180042 | Corr: 0.118161 | LR: 1.00e-04
2026-03-04 20:04:35,426 - INFO -   ↳ Saved best model (val_corr=0.118161)
2026-03-04 20:04:38,667 - INFO - Epoch  35/50 | Train: 0.177455 | Val: 0.180117 | Corr: 0.117619 | LR: 1.00e-04
2026-03-04 20:04:41,905 - INFO - Epoch  36/50 | Train: 0.177434 | Val: 0.179901 | Corr: 0.119331 | LR: 1.00e-04
2026-03-04 20:04:41,915 - INFO -   ↳ Saved best model (val_corr=0.119331)
2026-03-04 20:04:45,274 - INFO - Epoch  37/50 | Train: 0.177230 | Val: 0.179838 | Corr: 0.120112 | LR: 1.00e-04
2026-03-04 20:04:45,288 - INFO -   ↳ Saved best model (val_corr=0.120112)
2026-03-04 20:04:48,649 - INFO - Epoch  38/50 | Train: 0.177230 | Val: 0.179872 | Corr: 0.119981 | LR: 1.00e-04
2026-03-04 20:04:51,919 - INFO - Epoch  39/50 | Train: 0.177184 | Val: 0.179908 | Corr: 0.120479 | LR: 1.00e-04
2026-03-04 20:04:51,933 - INFO -   ↳ Saved best model (val_corr=0.120479)
2026-03-04 20:04:55,287 - INFO - Epoch  40/50 | Train: 0.176936 | Val: 0.179761 | Corr: 0.121607 | LR: 1.00e-04
2026-03-04 20:04:55,303 - INFO -   ↳ Saved best model (val_corr=0.121607)
2026-03-04 20:04:58,696 - INFO - Epoch  41/50 | Train: 0.176870 | Val: 0.179871 | Corr: 0.121115 | LR: 1.00e-04
2026-03-04 20:05:02,040 - INFO - Epoch  42/50 | Train: 0.176820 | Val: 0.179780 | Corr: 0.122237 | LR: 1.00e-04
2026-03-04 20:05:02,052 - INFO -   ↳ Saved best model (val_corr=0.122237)
2026-03-04 20:05:05,395 - INFO - Epoch  43/50 | Train: 0.176703 | Val: 0.179675 | Corr: 0.122607 | LR: 1.00e-04
2026-03-04 20:05:05,408 - INFO -   ↳ Saved best model (val_corr=0.122607)
2026-03-04 20:05:08,748 - INFO - Epoch  44/50 | Train: 0.176635 | Val: 0.179746 | Corr: 0.122533 | LR: 1.00e-04
2026-03-04 20:05:12,112 - INFO - Epoch  45/50 | Train: 0.176569 | Val: 0.179597 | Corr: 0.123797 | LR: 1.00e-04
2026-03-04 20:05:12,126 - INFO -   ↳ Saved best model (val_corr=0.123797)
2026-03-04 20:05:15,486 - INFO - Epoch  46/50 | Train: 0.176486 | Val: 0.179616 | Corr: 0.123925 | LR: 1.00e-04
2026-03-04 20:05:15,496 - INFO -   ↳ Saved best model (val_corr=0.123925)
2026-03-04 20:05:18,887 - INFO - Epoch  47/50 | Train: 0.176327 | Val: 0.179571 | Corr: 0.124063 | LR: 1.00e-04
2026-03-04 20:05:18,901 - INFO -   ↳ Saved best model (val_corr=0.124063)
2026-03-04 20:05:22,257 - INFO - Epoch  48/50 | Train: 0.176252 | Val: 0.179415 | Corr: 0.125350 | LR: 1.00e-04
2026-03-04 20:05:22,280 - INFO -   ↳ Saved best model (val_corr=0.125350)
2026-03-04 20:05:25,650 - INFO - Epoch  49/50 | Train: 0.176158 | Val: 0.179432 | Corr: 0.125438 | LR: 1.00e-04
2026-03-04 20:05:25,666 - INFO -   ↳ Saved best model (val_corr=0.125438)
2026-03-04 20:05:28,946 - INFO - Epoch  50/50 | Train: 0.176148 | Val: 0.179418 | Corr: 0.125709 | LR: 1.00e-04
2026-03-04 20:05:28,958 - INFO -   ↳ Saved best model (val_corr=0.125709)
2026-03-04 20:05:28,958 - INFO - Training complete — best val corr: 0.125709
2026-03-04 20:05:30,050 - INFO - Test loss: 0.169170, Test corr: 0.122775
2026-03-04 20:05:30,288 - INFO - Fraction of variance explained (FVE): 0.018542
2026-03-04 20:05:30,289 - INFO - Generating figures …
2026-03-04 20:05:30,660 - INFO - Correlation between predicted and actual per-neuron averages: r=0.9941, p=0.00e+00
2026-03-04 20:05:32,219 - INFO - Pattern selectivity summary:
2026-03-04 20:05:32,219 - INFO -   Mean correlation across neurons: 0.4394
2026-03-04 20:05:32,219 - INFO -   Median correlation: 0.4895
2026-03-04 20:05:32,219 - INFO -   Neurons with r > 0.5: 29 / 63
2026-03-04 20:05:32,219 - INFO -   Neurons with r > 0.3: 47 / 63
2026-03-04 20:05:32,219 - INFO - Pattern selectivity — mean neuron corr: 0.4394
2026-03-04 20:05:33,505 - INFO - LOO (avg rate) — Model mean r: 0.2562, LOO mean r: 0.4546, Neurons model > LOO: 1/63
2026-03-04 20:05:35,204 - INFO - LOO (temporal) — Model mean r: 0.1235, LOO mean r: 0.3186, Neurons model > LOO: 0/63
2026-03-04 20:05:35,204 - INFO - Skipping oracle trial plots (skip_oracle_plots=True)
2026-03-04 20:05:35,214 - INFO - Experiment complete. Summary: {
  "run_dir": "/scratch/sb272/patterns5k_results/slurm_base_cnn_2026-03-04_16-53-19/trial_0056_learning_rate=1.0e-04_kernel_sizes=3x3x3_conv_channels=128x128x128_fc_dims=256_seed0",
  "model_type": "cnn",
  "batch_avg_test_loss": 0.16916986966133118,
  "batch_avg_test_corr": 0.12277497629105208,
  "all_test_fve": 0.01854248841603597,
  "AR_FVE": NaN,
  "AR_test_correlation": NaN,
  "best_val_corr": 0.12570928619405655,
  "total_params": 164799,
  "trainable_params": 164799,
  "epochs_trained": 50,
  "mean_pattern_corr": 0.4394328509330029,
  "history": 0,
  "init_state": true,
  "loo_avg_mean_corr": 0.45456832695830385,
  "model_avg_mean_corr": 0.25619226904360065,
  "neurons_model_beats_loo_avg": 1,
  "loo_temporal_mean_corr": 0.31855225563049316,
  "all_test_corr": 0.12353262305259705,
  "neurons_model_beats_loo_temporal": 0,
  "kernel_sizes": [
    3,
    3,
    3
  ],
  "conv_channels": [
    128,
    128,
    128
  ],
  "fc_dims": [
    256
  ]
}
