2026-03-04 00:12:42,983 - INFO - ============================================================
2026-03-04 00:12:42,984 - INFO - Experiment run directory: /scratch/sb272/patterns5k_results/slurm_hist_cnn_2026-03-03_15-13-01/trial_0061_learning_rate=1.0e-04_history=10_kernel_sizes=10x5_conv_channels=256x128_fc_dims=256_seed2
2026-03-04 00:12:42,984 - INFO - ============================================================
2026-03-04 00:12:42,984 - INFO - Loading data …
2026-03-04 00:12:58,839 - INFO - 63 unique neurons after dropping problematic neurons
2026-03-04 00:12:59,855 - INFO - Stimulation channels: 42, Spiking neurons: 63
2026-03-04 00:14:22,423 - INFO - Unique patterns: 4050, Total trials: 5000
2026-03-04 00:14:22,425 - INFO - Stimulation channels: 42, Spiking neurons: 63
2026-03-04 00:14:22,425 - INFO - Unique patterns: 4050, Total trials: 5000
2026-03-04 00:14:22,437 - INFO - Split (oracle): train=3400, val=600, test=1000
2026-03-04 00:14:36,951 - INFO - BinnedStimSpikeDataset initialized:
2026-03-04 00:14:36,951 - INFO -   input_bin_size_ms=10, output_bin_size_ms=10
2026-03-04 00:14:36,951 - INFO -   n_input_bins=60, n_output_bins=60
2026-03-04 00:14:36,951 - INFO -   output_offset=0, total_bins_input=60, total_bins_output=60
2026-03-04 00:14:36,951 - INFO -   Valid start positions per trial: 0 to 0
2026-03-04 00:14:36,951 - INFO -   Total samples: 3400 (3400 trials × 1 positions)
2026-03-04 00:14:50,778 - INFO - BinnedStimSpikeDataset initialized:
2026-03-04 00:14:50,779 - INFO -   input_bin_size_ms=10, output_bin_size_ms=10
2026-03-04 00:14:50,779 - INFO -   n_input_bins=60, n_output_bins=60
2026-03-04 00:14:50,780 - INFO -   output_offset=0, total_bins_input=60, total_bins_output=60
2026-03-04 00:14:50,780 - INFO -   Valid start positions per trial: 0 to 0
2026-03-04 00:14:50,780 - INFO -   Total samples: 600 (600 trials × 1 positions)
2026-03-04 00:15:04,776 - INFO - BinnedStimSpikeDataset initialized:
2026-03-04 00:15:04,776 - INFO -   input_bin_size_ms=10, output_bin_size_ms=10
2026-03-04 00:15:04,776 - INFO -   n_input_bins=60, n_output_bins=60
2026-03-04 00:15:04,776 - INFO -   output_offset=0, total_bins_input=60, total_bins_output=60
2026-03-04 00:15:04,776 - INFO -   Valid start positions per trial: 0 to 0
2026-03-04 00:15:04,776 - INFO -   Total samples: 1000 (1000 trials × 1 positions)
2026-03-04 00:15:04,776 - INFO - Samples — train: 3400, val: 600, test: 1000
2026-03-04 00:15:04,776 - INFO - Input channels: 105, Neurons: 63
2026-03-04 00:15:04,784 - INFO - Using CPU
2026-03-04 00:15:04,802 - INFO - Model: CNN — 483,007 trainable params (483,007 total)
2026-03-04 00:15:09,827 - INFO - Starting training …
2026-03-04 00:15:17,254 - INFO - Epoch   1/50 | Train: 0.452504 | Val: 0.200166 | Corr: 0.042442 | LR: 1.00e-04
2026-03-04 00:15:17,274 - INFO -   ↳ Saved best model (val_corr=0.042442)
2026-03-04 00:15:23,805 - INFO - Epoch   2/50 | Train: 0.188850 | Val: 0.188885 | Corr: 0.068564 | LR: 1.00e-04
2026-03-04 00:15:23,822 - INFO -   ↳ Saved best model (val_corr=0.068564)
2026-03-04 00:15:30,372 - INFO - Epoch   3/50 | Train: 0.185214 | Val: 0.183376 | Corr: 0.076963 | LR: 1.00e-04
2026-03-04 00:15:30,399 - INFO -   ↳ Saved best model (val_corr=0.076963)
2026-03-04 00:15:36,992 - INFO - Epoch   4/50 | Train: 0.183711 | Val: 0.182557 | Corr: 0.081329 | LR: 1.00e-04
2026-03-04 00:15:37,008 - INFO -   ↳ Saved best model (val_corr=0.081329)
2026-03-04 00:15:43,614 - INFO - Epoch   5/50 | Train: 0.182388 | Val: 0.182597 | Corr: 0.084516 | LR: 1.00e-04
2026-03-04 00:15:43,632 - INFO -   ↳ Saved best model (val_corr=0.084516)
2026-03-04 00:15:50,180 - INFO - Epoch   6/50 | Train: 0.181491 | Val: 0.182221 | Corr: 0.086916 | LR: 1.00e-04
2026-03-04 00:15:50,197 - INFO -   ↳ Saved best model (val_corr=0.086916)
2026-03-04 00:15:56,693 - INFO - Epoch   7/50 | Train: 0.180499 | Val: 0.182526 | Corr: 0.090183 | LR: 1.00e-04
2026-03-04 00:15:56,721 - INFO -   ↳ Saved best model (val_corr=0.090183)
2026-03-04 00:16:03,207 - INFO - Epoch   8/50 | Train: 0.179606 | Val: 0.182452 | Corr: 0.092866 | LR: 1.00e-04
2026-03-04 00:16:03,226 - INFO -   ↳ Saved best model (val_corr=0.092866)
2026-03-04 00:16:09,742 - INFO - Epoch   9/50 | Train: 0.178729 | Val: 0.182267 | Corr: 0.094942 | LR: 1.00e-04
2026-03-04 00:16:09,761 - INFO -   ↳ Saved best model (val_corr=0.094942)
2026-03-04 00:16:16,276 - INFO - Epoch  10/50 | Train: 0.178011 | Val: 0.180721 | Corr: 0.096275 | LR: 1.00e-04
2026-03-04 00:16:16,298 - INFO -   ↳ Saved best model (val_corr=0.096275)
2026-03-04 00:16:22,816 - INFO - Epoch  11/50 | Train: 0.177215 | Val: 0.181014 | Corr: 0.097900 | LR: 1.00e-04
2026-03-04 00:16:22,839 - INFO -   ↳ Saved best model (val_corr=0.097900)
2026-03-04 00:16:29,475 - INFO - Epoch  12/50 | Train: 0.176558 | Val: 0.180665 | Corr: 0.099611 | LR: 1.00e-04
2026-03-04 00:16:29,498 - INFO -   ↳ Saved best model (val_corr=0.099611)
2026-03-04 00:16:35,994 - INFO - Epoch  13/50 | Train: 0.175912 | Val: 0.179786 | Corr: 0.101865 | LR: 1.00e-04
2026-03-04 00:16:36,015 - INFO -   ↳ Saved best model (val_corr=0.101865)
2026-03-04 00:16:42,162 - INFO - Epoch  14/50 | Train: 0.175218 | Val: 0.179528 | Corr: 0.102681 | LR: 1.00e-04
2026-03-04 00:16:42,188 - INFO -   ↳ Saved best model (val_corr=0.102681)
2026-03-04 00:16:48,416 - INFO - Epoch  15/50 | Train: 0.174689 | Val: 0.179846 | Corr: 0.105110 | LR: 1.00e-04
2026-03-04 00:16:48,434 - INFO -   ↳ Saved best model (val_corr=0.105110)
2026-03-04 00:16:54,589 - INFO - Epoch  16/50 | Train: 0.174189 | Val: 0.180549 | Corr: 0.105026 | LR: 1.00e-04
2026-03-04 00:17:00,697 - INFO - Epoch  17/50 | Train: 0.173633 | Val: 0.179991 | Corr: 0.106842 | LR: 1.00e-04
2026-03-04 00:17:00,716 - INFO -   ↳ Saved best model (val_corr=0.106842)
2026-03-04 00:17:06,910 - INFO - Epoch  18/50 | Train: 0.173079 | Val: 0.179695 | Corr: 0.108107 | LR: 1.00e-04
2026-03-04 00:17:06,928 - INFO -   ↳ Saved best model (val_corr=0.108107)
2026-03-04 00:17:13,406 - INFO - Epoch  19/50 | Train: 0.172617 | Val: 0.180225 | Corr: 0.108901 | LR: 1.00e-04
2026-03-04 00:17:13,436 - INFO -   ↳ Saved best model (val_corr=0.108901)
2026-03-04 00:17:19,934 - INFO - Epoch  20/50 | Train: 0.172082 | Val: 0.180642 | Corr: 0.109356 | LR: 5.00e-05
2026-03-04 00:17:19,951 - INFO -   ↳ Saved best model (val_corr=0.109356)
2026-03-04 00:17:26,474 - INFO - Epoch  21/50 | Train: 0.171227 | Val: 0.179924 | Corr: 0.110814 | LR: 5.00e-05
2026-03-04 00:17:26,497 - INFO -   ↳ Saved best model (val_corr=0.110814)
2026-03-04 00:17:32,990 - INFO - Epoch  22/50 | Train: 0.170919 | Val: 0.179681 | Corr: 0.112309 | LR: 5.00e-05
2026-03-04 00:17:33,007 - INFO -   ↳ Saved best model (val_corr=0.112309)
2026-03-04 00:17:39,508 - INFO - Epoch  23/50 | Train: 0.170639 | Val: 0.179626 | Corr: 0.112381 | LR: 5.00e-05
2026-03-04 00:17:39,525 - INFO -   ↳ Saved best model (val_corr=0.112381)
2026-03-04 00:17:46,131 - INFO - Epoch  24/50 | Train: 0.170351 | Val: 0.179353 | Corr: 0.112790 | LR: 5.00e-05
2026-03-04 00:17:46,148 - INFO -   ↳ Saved best model (val_corr=0.112790)
2026-03-04 00:17:52,665 - INFO - Epoch  25/50 | Train: 0.170145 | Val: 0.179649 | Corr: 0.112937 | LR: 5.00e-05
2026-03-04 00:17:52,683 - INFO -   ↳ Saved best model (val_corr=0.112937)
2026-03-04 00:17:59,300 - INFO - Epoch  26/50 | Train: 0.169942 | Val: 0.179931 | Corr: 0.113396 | LR: 5.00e-05
2026-03-04 00:17:59,317 - INFO -   ↳ Saved best model (val_corr=0.113396)
2026-03-04 00:18:05,942 - INFO - Epoch  27/50 | Train: 0.169761 | Val: 0.179453 | Corr: 0.113318 | LR: 5.00e-05
2026-03-04 00:18:12,420 - INFO - Epoch  28/50 | Train: 0.169507 | Val: 0.179115 | Corr: 0.113698 | LR: 5.00e-05
2026-03-04 00:18:12,436 - INFO -   ↳ Saved best model (val_corr=0.113698)
2026-03-04 00:18:19,015 - INFO - Epoch  29/50 | Train: 0.169282 | Val: 0.179298 | Corr: 0.114367 | LR: 5.00e-05
2026-03-04 00:18:19,044 - INFO -   ↳ Saved best model (val_corr=0.114367)
2026-03-04 00:18:25,566 - INFO - Epoch  30/50 | Train: 0.169031 | Val: 0.179309 | Corr: 0.114908 | LR: 5.00e-05
2026-03-04 00:18:25,583 - INFO -   ↳ Saved best model (val_corr=0.114908)
2026-03-04 00:18:32,105 - INFO - Epoch  31/50 | Train: 0.168887 | Val: 0.179283 | Corr: 0.115570 | LR: 5.00e-05
2026-03-04 00:18:32,140 - INFO -   ↳ Saved best model (val_corr=0.115570)
2026-03-04 00:18:38,656 - INFO - Epoch  32/50 | Train: 0.168698 | Val: 0.179499 | Corr: 0.115992 | LR: 5.00e-05
2026-03-04 00:18:38,677 - INFO -   ↳ Saved best model (val_corr=0.115992)
2026-03-04 00:18:45,181 - INFO - Epoch  33/50 | Train: 0.168445 | Val: 0.179577 | Corr: 0.116219 | LR: 5.00e-05
2026-03-04 00:18:45,198 - INFO -   ↳ Saved best model (val_corr=0.116219)
2026-03-04 00:18:51,793 - INFO - Epoch  34/50 | Train: 0.168283 | Val: 0.179305 | Corr: 0.116910 | LR: 2.50e-05
2026-03-04 00:18:51,821 - INFO -   ↳ Saved best model (val_corr=0.116910)
2026-03-04 00:18:58,414 - INFO - Epoch  35/50 | Train: 0.167905 | Val: 0.179215 | Corr: 0.117560 | LR: 2.50e-05
2026-03-04 00:18:58,429 - INFO -   ↳ Saved best model (val_corr=0.117560)
2026-03-04 00:19:04,938 - INFO - Epoch  36/50 | Train: 0.167800 | Val: 0.179899 | Corr: 0.117566 | LR: 2.50e-05
2026-03-04 00:19:04,957 - INFO -   ↳ Saved best model (val_corr=0.117566)
2026-03-04 00:19:11,518 - INFO - Epoch  37/50 | Train: 0.167660 | Val: 0.179315 | Corr: 0.117534 | LR: 2.50e-05
2026-03-04 00:19:17,989 - INFO - Epoch  38/50 | Train: 0.167530 | Val: 0.179494 | Corr: 0.117211 | LR: 2.50e-05
2026-03-04 00:19:24,494 - INFO - Epoch  39/50 | Train: 0.167413 | Val: 0.179288 | Corr: 0.117961 | LR: 2.50e-05
2026-03-04 00:19:24,515 - INFO -   ↳ Saved best model (val_corr=0.117961)
2026-03-04 00:19:31,065 - INFO - Epoch  40/50 | Train: 0.167297 | Val: 0.179373 | Corr: 0.118045 | LR: 1.25e-05
2026-03-04 00:19:31,087 - INFO -   ↳ Saved best model (val_corr=0.118045)
2026-03-04 00:19:37,605 - INFO - Epoch  41/50 | Train: 0.167130 | Val: 0.179373 | Corr: 0.118118 | LR: 1.25e-05
2026-03-04 00:19:37,631 - INFO -   ↳ Saved best model (val_corr=0.118118)
2026-03-04 00:19:44,180 - INFO - Epoch  42/50 | Train: 0.167026 | Val: 0.179700 | Corr: 0.118304 | LR: 1.25e-05
2026-03-04 00:19:44,197 - INFO -   ↳ Saved best model (val_corr=0.118304)
2026-03-04 00:19:50,700 - INFO - Epoch  43/50 | Train: 0.166963 | Val: 0.179563 | Corr: 0.118329 | LR: 1.25e-05
2026-03-04 00:19:50,733 - INFO -   ↳ Saved best model (val_corr=0.118329)
2026-03-04 00:19:57,245 - INFO - Epoch  44/50 | Train: 0.166892 | Val: 0.179423 | Corr: 0.118169 | LR: 1.25e-05
2026-03-04 00:20:03,741 - INFO - Epoch  45/50 | Train: 0.166884 | Val: 0.179248 | Corr: 0.118108 | LR: 1.25e-05
2026-03-04 00:20:10,302 - INFO - Epoch  46/50 | Train: 0.166810 | Val: 0.179481 | Corr: 0.118519 | LR: 6.25e-06
2026-03-04 00:20:10,322 - INFO -   ↳ Saved best model (val_corr=0.118519)
2026-03-04 00:20:16,759 - INFO - Epoch  47/50 | Train: 0.166725 | Val: 0.179386 | Corr: 0.118541 | LR: 6.25e-06
2026-03-04 00:20:16,783 - INFO -   ↳ Saved best model (val_corr=0.118541)
2026-03-04 00:20:23,252 - INFO - Epoch  48/50 | Train: 0.166652 | Val: 0.179540 | Corr: 0.118633 | LR: 6.25e-06
2026-03-04 00:20:23,272 - INFO -   ↳ Saved best model (val_corr=0.118633)
2026-03-04 00:20:29,867 - INFO - Epoch  49/50 | Train: 0.166679 | Val: 0.179363 | Corr: 0.118493 | LR: 6.25e-06
2026-03-04 00:20:36,367 - INFO - Epoch  50/50 | Train: 0.166641 | Val: 0.179287 | Corr: 0.118499 | LR: 6.25e-06
2026-03-04 00:20:36,367 - INFO - Training complete — best val corr: 0.118633
2026-03-04 00:20:37,952 - INFO - Test loss: 0.170478, Test corr: 0.121208
2026-03-04 00:20:38,528 - INFO - Fraction of variance explained (FVE): 0.007406
2026-03-04 00:20:38,528 - INFO - Computing autoregressive (AR) test predictions …
2026-03-04 00:20:39,305 - INFO - AR FVE: 0.005618, AR test corr: 0.109243
2026-03-04 00:20:39,305 - INFO - Generating figures …
2026-03-04 00:20:39,729 - INFO - Correlation between predicted and actual per-neuron averages: r=0.9955, p=0.00e+00
2026-03-04 00:20:41,626 - INFO - Pattern selectivity summary:
2026-03-04 00:20:41,626 - INFO -   Mean correlation across neurons: 0.4738
2026-03-04 00:20:41,626 - INFO -   Median correlation: 0.4955
2026-03-04 00:20:41,626 - INFO -   Neurons with r > 0.5: 31 / 63
2026-03-04 00:20:41,626 - INFO -   Neurons with r > 0.3: 52 / 63
2026-03-04 00:20:41,627 - INFO - Pattern selectivity — mean neuron corr: 0.4738
2026-03-04 00:20:43,271 - INFO - LOO (avg rate) — Model mean r: 0.3562, LOO mean r: 0.4546, Neurons model > LOO: 12/63
2026-03-04 00:20:45,494 - INFO - LOO (temporal) — Model mean r: 0.1286, LOO mean r: 0.3186, Neurons model > LOO: 1/63
2026-03-04 00:20:45,495 - INFO - Skipping oracle trial plots (skip_oracle_plots=True)
2026-03-04 00:20:45,502 - INFO - Experiment complete. Summary: {
  "run_dir": "/scratch/sb272/patterns5k_results/slurm_hist_cnn_2026-03-03_15-13-01/trial_0061_learning_rate=1.0e-04_history=10_kernel_sizes=10x5_conv_channels=256x128_fc_dims=256_seed2",
  "model_type": "cnn",
  "batch_avg_test_loss": 0.17047788178920745,
  "batch_avg_test_corr": 0.12120812056830908,
  "all_test_fve": 0.007405761688474625,
  "AR_FVE": 0.00561802727835519,
  "AR_test_correlation": 0.10924263298511505,
  "best_val_corr": 0.11863304466439568,
  "total_params": 483007,
  "trainable_params": 483007,
  "epochs_trained": 50,
  "mean_pattern_corr": 0.4737627614592979,
  "history": 10,
  "init_state": true,
  "loo_avg_mean_corr": 0.45456832695830385,
  "model_avg_mean_corr": 0.3562282080650962,
  "neurons_model_beats_loo_avg": 12,
  "loo_temporal_mean_corr": 0.31855225563049316,
  "all_test_corr": 0.12860864400863647,
  "neurons_model_beats_loo_temporal": 1,
  "kernel_sizes": [
    10,
    5
  ],
  "conv_channels": [
    256,
    128
  ],
  "fc_dims": [
    256
  ]
}
