2026-03-04 17:14:17,339 - INFO - ============================================================
2026-03-04 17:14:17,339 - INFO - Experiment run directory: /scratch/sb272/patterns5k_results/slurm_base_cnn_2026-03-04_16-53-19/trial_0170_learning_rate=1.0e-03_kernel_sizes=5x3_conv_channels=128x256_fc_dims=1024_seed2
2026-03-04 17:14:17,339 - INFO - ============================================================
2026-03-04 17:14:17,339 - INFO - Loading data …
2026-03-04 17:14:18,249 - INFO - 63 unique neurons after dropping problematic neurons
2026-03-04 17:14:19,436 - INFO - Stimulation channels: 42, Spiking neurons: 63
2026-03-04 17:16:18,838 - INFO - Unique patterns: 4050, Total trials: 5000
2026-03-04 17:16:18,839 - INFO - Stimulation channels: 42, Spiking neurons: 63
2026-03-04 17:16:18,839 - INFO - Unique patterns: 4050, Total trials: 5000
2026-03-04 17:16:18,855 - INFO - Split (oracle): train=3400, val=600, test=1000
2026-03-04 17:16:42,197 - INFO - BinnedStimSpikeDataset initialized:
2026-03-04 17:16:42,198 - INFO -   input_bin_size_ms=10, output_bin_size_ms=10
2026-03-04 17:16:42,198 - INFO -   n_input_bins=60, n_output_bins=60
2026-03-04 17:16:42,198 - INFO -   output_offset=0, total_bins_input=60, total_bins_output=60
2026-03-04 17:16:42,198 - INFO -   Valid start positions per trial: 0 to 0
2026-03-04 17:16:42,198 - INFO -   Total samples: 3400 (3400 trials × 1 positions)
2026-03-04 17:17:04,889 - INFO - BinnedStimSpikeDataset initialized:
2026-03-04 17:17:04,889 - INFO -   input_bin_size_ms=10, output_bin_size_ms=10
2026-03-04 17:17:04,889 - INFO -   n_input_bins=60, n_output_bins=60
2026-03-04 17:17:04,889 - INFO -   output_offset=0, total_bins_input=60, total_bins_output=60
2026-03-04 17:17:04,889 - INFO -   Valid start positions per trial: 0 to 0
2026-03-04 17:17:04,889 - INFO -   Total samples: 600 (600 trials × 1 positions)
2026-03-04 17:17:27,686 - INFO - BinnedStimSpikeDataset initialized:
2026-03-04 17:17:27,686 - INFO -   input_bin_size_ms=10, output_bin_size_ms=10
2026-03-04 17:17:27,686 - INFO -   n_input_bins=60, n_output_bins=60
2026-03-04 17:17:27,686 - INFO -   output_offset=0, total_bins_input=60, total_bins_output=60
2026-03-04 17:17:27,687 - INFO -   Valid start positions per trial: 0 to 0
2026-03-04 17:17:27,687 - INFO -   Total samples: 1000 (1000 trials × 1 positions)
2026-03-04 17:17:27,687 - INFO - Samples — train: 3400, val: 600, test: 1000
2026-03-04 17:17:27,687 - INFO - Input channels: 42, Neurons: 63
2026-03-04 17:17:27,706 - INFO - Using CPU
2026-03-04 17:17:27,712 - INFO - Model: CNN — 454,079 trainable params (454,079 total)
2026-03-04 17:17:31,087 - INFO - Starting training …
2026-03-04 17:17:40,478 - INFO - Epoch   1/50 | Train: 0.200794 | Val: 0.184734 | Corr: 0.077987 | LR: 1.00e-03
2026-03-04 17:17:40,494 - INFO -   ↳ Saved best model (val_corr=0.077987)
2026-03-04 17:17:48,866 - INFO - Epoch   2/50 | Train: 0.181904 | Val: 0.188996 | Corr: 0.093150 | LR: 1.00e-03
2026-03-04 17:17:48,879 - INFO -   ↳ Saved best model (val_corr=0.093150)
2026-03-04 17:17:57,102 - INFO - Epoch   3/50 | Train: 0.179951 | Val: 0.179600 | Corr: 0.104807 | LR: 1.00e-03
2026-03-04 17:17:57,121 - INFO -   ↳ Saved best model (val_corr=0.104807)
2026-03-04 17:18:05,341 - INFO - Epoch   4/50 | Train: 0.178580 | Val: 0.180796 | Corr: 0.112729 | LR: 1.00e-03
2026-03-04 17:18:05,357 - INFO -   ↳ Saved best model (val_corr=0.112729)
2026-03-04 17:18:13,599 - INFO - Epoch   5/50 | Train: 0.177681 | Val: 0.179405 | Corr: 0.117259 | LR: 1.00e-03
2026-03-04 17:18:13,611 - INFO -   ↳ Saved best model (val_corr=0.117259)
2026-03-04 17:18:21,849 - INFO - Epoch   6/50 | Train: 0.176957 | Val: 0.179505 | Corr: 0.122549 | LR: 1.00e-03
2026-03-04 17:18:21,864 - INFO -   ↳ Saved best model (val_corr=0.122549)
2026-03-04 17:18:30,143 - INFO - Epoch   7/50 | Train: 0.176484 | Val: 0.181080 | Corr: 0.126791 | LR: 1.00e-03
2026-03-04 17:18:30,160 - INFO -   ↳ Saved best model (val_corr=0.126791)
2026-03-04 17:18:38,372 - INFO - Epoch   8/50 | Train: 0.175981 | Val: 0.183277 | Corr: 0.126446 | LR: 1.00e-03
2026-03-04 17:18:46,559 - INFO - Epoch   9/50 | Train: 0.175760 | Val: 0.179225 | Corr: 0.127856 | LR: 1.00e-03
2026-03-04 17:18:46,574 - INFO -   ↳ Saved best model (val_corr=0.127856)
2026-03-04 17:18:54,756 - INFO - Epoch  10/50 | Train: 0.175235 | Val: 0.181198 | Corr: 0.129343 | LR: 1.00e-03
2026-03-04 17:18:54,773 - INFO -   ↳ Saved best model (val_corr=0.129343)
2026-03-04 17:19:03,787 - INFO - Epoch  11/50 | Train: 0.175233 | Val: 0.180973 | Corr: 0.129516 | LR: 1.00e-03
2026-03-04 17:19:03,802 - INFO -   ↳ Saved best model (val_corr=0.129516)
2026-03-04 17:19:12,608 - INFO - Epoch  12/50 | Train: 0.174665 | Val: 0.177695 | Corr: 0.128747 | LR: 1.00e-03
2026-03-04 17:19:21,404 - INFO - Epoch  13/50 | Train: 0.174619 | Val: 0.177156 | Corr: 0.131368 | LR: 1.00e-03
2026-03-04 17:19:21,418 - INFO -   ↳ Saved best model (val_corr=0.131368)
2026-03-04 17:19:30,291 - INFO - Epoch  14/50 | Train: 0.174186 | Val: 0.179424 | Corr: 0.130726 | LR: 1.00e-03
2026-03-04 17:19:39,403 - INFO - Epoch  15/50 | Train: 0.173749 | Val: 0.177033 | Corr: 0.131667 | LR: 1.00e-03
2026-03-04 17:19:39,427 - INFO -   ↳ Saved best model (val_corr=0.131667)
2026-03-04 17:19:48,564 - INFO - Epoch  16/50 | Train: 0.173627 | Val: 0.179886 | Corr: 0.131444 | LR: 1.00e-03
2026-03-04 17:19:57,395 - INFO - Epoch  17/50 | Train: 0.173374 | Val: 0.179016 | Corr: 0.131854 | LR: 1.00e-03
2026-03-04 17:19:57,409 - INFO -   ↳ Saved best model (val_corr=0.131854)
2026-03-04 17:20:06,203 - INFO - Epoch  18/50 | Train: 0.173146 | Val: 0.179592 | Corr: 0.131981 | LR: 1.00e-03
2026-03-04 17:20:06,218 - INFO -   ↳ Saved best model (val_corr=0.131981)
2026-03-04 17:20:15,061 - INFO - Epoch  19/50 | Train: 0.173102 | Val: 0.177385 | Corr: 0.132385 | LR: 1.00e-03
2026-03-04 17:20:15,081 - INFO -   ↳ Saved best model (val_corr=0.132385)
2026-03-04 17:20:23,994 - INFO - Epoch  20/50 | Train: 0.172777 | Val: 0.178171 | Corr: 0.132233 | LR: 1.00e-03
2026-03-04 17:20:32,820 - INFO - Epoch  21/50 | Train: 0.172428 | Val: 0.180438 | Corr: 0.132770 | LR: 5.00e-04
2026-03-04 17:20:32,835 - INFO -   ↳ Saved best model (val_corr=0.132770)
2026-03-04 17:20:41,678 - INFO - Epoch  22/50 | Train: 0.171479 | Val: 0.178075 | Corr: 0.132982 | LR: 5.00e-04
2026-03-04 17:20:41,693 - INFO -   ↳ Saved best model (val_corr=0.132982)
2026-03-04 17:20:50,469 - INFO - Epoch  23/50 | Train: 0.171237 | Val: 0.179923 | Corr: 0.134341 | LR: 5.00e-04
2026-03-04 17:20:50,483 - INFO -   ↳ Saved best model (val_corr=0.134341)
2026-03-04 17:20:59,287 - INFO - Epoch  24/50 | Train: 0.171078 | Val: 0.179090 | Corr: 0.133766 | LR: 5.00e-04
2026-03-04 17:21:08,147 - INFO - Epoch  25/50 | Train: 0.170978 | Val: 0.178984 | Corr: 0.132965 | LR: 5.00e-04
2026-03-04 17:21:16,994 - INFO - Epoch  26/50 | Train: 0.170825 | Val: 0.177777 | Corr: 0.133666 | LR: 5.00e-04
2026-03-04 17:21:25,950 - INFO - Epoch  27/50 | Train: 0.170655 | Val: 0.179716 | Corr: 0.132905 | LR: 2.50e-04
2026-03-04 17:21:34,727 - INFO - Epoch  28/50 | Train: 0.170065 | Val: 0.179497 | Corr: 0.133246 | LR: 2.50e-04
2026-03-04 17:21:43,537 - INFO - Epoch  29/50 | Train: 0.170001 | Val: 0.178899 | Corr: 0.133559 | LR: 2.50e-04
2026-03-04 17:21:51,983 - INFO - Epoch  30/50 | Train: 0.169776 | Val: 0.178464 | Corr: 0.132462 | LR: 2.50e-04
2026-03-04 17:22:00,360 - INFO - Epoch  31/50 | Train: 0.169824 | Val: 0.178577 | Corr: 0.132766 | LR: 2.50e-04
2026-03-04 17:22:08,773 - INFO - Epoch  32/50 | Train: 0.169669 | Val: 0.178821 | Corr: 0.132536 | LR: 2.50e-04
2026-03-04 17:22:17,156 - INFO - Epoch  33/50 | Train: 0.169617 | Val: 0.178500 | Corr: 0.132475 | LR: 1.25e-04
2026-03-04 17:22:17,156 - INFO - Early stopping at epoch 33
2026-03-04 17:22:17,156 - INFO - Training complete — best val corr: 0.134341
2026-03-04 17:22:18,844 - INFO - Test loss: 0.171708, Test corr: 0.135355
2026-03-04 17:22:19,479 - INFO - Fraction of variance explained (FVE): -0.000359
2026-03-04 17:22:19,479 - INFO - Generating figures …
2026-03-04 17:22:19,953 - INFO - Correlation between predicted and actual per-neuron averages: r=0.9836, p=0.00e+00
2026-03-04 17:22:22,277 - INFO - Pattern selectivity summary:
2026-03-04 17:22:22,277 - INFO -   Mean correlation across neurons: 0.5053
2026-03-04 17:22:22,277 - INFO -   Median correlation: 0.5856
2026-03-04 17:22:22,277 - INFO -   Neurons with r > 0.5: 35 / 63
2026-03-04 17:22:22,277 - INFO -   Neurons with r > 0.3: 52 / 63
2026-03-04 17:22:22,277 - INFO - Pattern selectivity — mean neuron corr: 0.5053
2026-03-04 17:22:24,202 - INFO - LOO (avg rate) — Model mean r: 0.2971, LOO mean r: 0.4546, Neurons model > LOO: 1/63
2026-03-04 17:22:26,666 - INFO - LOO (temporal) — Model mean r: 0.1366, LOO mean r: 0.3186, Neurons model > LOO: 0/63
2026-03-04 17:22:26,666 - INFO - Skipping oracle trial plots (skip_oracle_plots=True)
2026-03-04 17:22:26,672 - INFO - Experiment complete. Summary: {
  "run_dir": "/scratch/sb272/patterns5k_results/slurm_base_cnn_2026-03-04_16-53-19/trial_0170_learning_rate=1.0e-03_kernel_sizes=5x3_conv_channels=128x256_fc_dims=1024_seed2",
  "model_type": "cnn",
  "batch_avg_test_loss": 0.17170779073238374,
  "batch_avg_test_corr": 0.13535537898090796,
  "all_test_fve": -0.0003591019009786939,
  "AR_FVE": NaN,
  "AR_test_correlation": NaN,
  "best_val_corr": 0.1343414166758561,
  "total_params": 454079,
  "trainable_params": 454079,
  "epochs_trained": 33,
  "mean_pattern_corr": 0.5052638598459338,
  "history": 0,
  "init_state": true,
  "loo_avg_mean_corr": 0.45456832695830385,
  "model_avg_mean_corr": 0.29710960884030513,
  "neurons_model_beats_loo_avg": 1,
  "loo_temporal_mean_corr": 0.31855225563049316,
  "all_test_corr": 0.13657329976558685,
  "neurons_model_beats_loo_temporal": 0,
  "kernel_sizes": [
    5,
    3
  ],
  "conv_channels": [
    128,
    256
  ],
  "fc_dims": [
    1024
  ]
}
