2026-03-03 21:33:53,300 - INFO - ============================================================
2026-03-03 21:33:53,300 - INFO - Experiment run directory: /scratch/sb272/patterns5k_results/slurm_hist_cnn_2026-03-03_15-13-01/trial_0286_learning_rate=1.0e-03_history=1_kernel_sizes=10x5x3_conv_channels=256x128x64_fc_dims=256_seed0
2026-03-03 21:33:53,300 - INFO - ============================================================
2026-03-03 21:33:53,300 - INFO - Loading data …
2026-03-03 21:33:54,206 - INFO - 63 unique neurons after dropping problematic neurons
2026-03-03 21:33:55,545 - INFO - Stimulation channels: 42, Spiking neurons: 63
2026-03-03 21:36:03,062 - INFO - Unique patterns: 4050, Total trials: 5000
2026-03-03 21:36:03,064 - INFO - Stimulation channels: 42, Spiking neurons: 63
2026-03-03 21:36:03,064 - INFO - Unique patterns: 4050, Total trials: 5000
2026-03-03 21:36:03,082 - INFO - Split (oracle): train=3400, val=600, test=1000
2026-03-03 21:36:29,574 - INFO - BinnedStimSpikeDataset initialized:
2026-03-03 21:36:29,575 - INFO -   input_bin_size_ms=10, output_bin_size_ms=10
2026-03-03 21:36:29,575 - INFO -   n_input_bins=60, n_output_bins=60
2026-03-03 21:36:29,575 - INFO -   output_offset=0, total_bins_input=60, total_bins_output=60
2026-03-03 21:36:29,575 - INFO -   Valid start positions per trial: 0 to 0
2026-03-03 21:36:29,575 - INFO -   Total samples: 3400 (3400 trials × 1 positions)
2026-03-03 21:36:55,561 - INFO - BinnedStimSpikeDataset initialized:
2026-03-03 21:36:55,561 - INFO -   input_bin_size_ms=10, output_bin_size_ms=10
2026-03-03 21:36:55,561 - INFO -   n_input_bins=60, n_output_bins=60
2026-03-03 21:36:55,561 - INFO -   output_offset=0, total_bins_input=60, total_bins_output=60
2026-03-03 21:36:55,561 - INFO -   Valid start positions per trial: 0 to 0
2026-03-03 21:36:55,561 - INFO -   Total samples: 600 (600 trials × 1 positions)
2026-03-03 21:37:21,818 - INFO - BinnedStimSpikeDataset initialized:
2026-03-03 21:37:21,818 - INFO -   input_bin_size_ms=10, output_bin_size_ms=10
2026-03-03 21:37:21,818 - INFO -   n_input_bins=60, n_output_bins=60
2026-03-03 21:37:21,818 - INFO -   output_offset=0, total_bins_input=60, total_bins_output=60
2026-03-03 21:37:21,818 - INFO -   Valid start positions per trial: 0 to 0
2026-03-03 21:37:21,818 - INFO -   Total samples: 1000 (1000 trials × 1 positions)
2026-03-03 21:37:21,819 - INFO - Samples — train: 3400, val: 600, test: 1000
2026-03-03 21:37:21,819 - INFO - Input channels: 105, Neurons: 63
2026-03-03 21:37:21,819 - INFO - Using CPU
2026-03-03 21:37:21,838 - INFO - Model: CNN — 491,391 trainable params (491,391 total)
2026-03-03 21:37:34,039 - INFO - Starting training …
2026-03-03 21:37:45,902 - INFO - Epoch   1/50 | Train: 0.217273 | Val: 0.175707 | Corr: 0.146747 | LR: 1.00e-03
2026-03-03 21:37:45,942 - INFO -   ↳ Saved best model (val_corr=0.146747)
2026-03-03 21:37:56,351 - INFO - Epoch   2/50 | Train: 0.173288 | Val: 0.172102 | Corr: 0.172032 | LR: 1.00e-03
2026-03-03 21:37:56,379 - INFO -   ↳ Saved best model (val_corr=0.172032)
2026-03-03 21:38:06,777 - INFO - Epoch   3/50 | Train: 0.169604 | Val: 0.170018 | Corr: 0.183055 | LR: 1.00e-03
2026-03-03 21:38:06,805 - INFO -   ↳ Saved best model (val_corr=0.183055)
2026-03-03 21:38:17,206 - INFO - Epoch   4/50 | Train: 0.167360 | Val: 0.168913 | Corr: 0.192273 | LR: 1.00e-03
2026-03-03 21:38:17,250 - INFO -   ↳ Saved best model (val_corr=0.192273)
2026-03-03 21:38:27,606 - INFO - Epoch   5/50 | Train: 0.165497 | Val: 0.167826 | Corr: 0.198637 | LR: 1.00e-03
2026-03-03 21:38:27,645 - INFO -   ↳ Saved best model (val_corr=0.198637)
2026-03-03 21:38:37,989 - INFO - Epoch   6/50 | Train: 0.164014 | Val: 0.167231 | Corr: 0.202629 | LR: 1.00e-03
2026-03-03 21:38:38,015 - INFO -   ↳ Saved best model (val_corr=0.202629)
2026-03-03 21:38:48,552 - INFO - Epoch   7/50 | Train: 0.162761 | Val: 0.166704 | Corr: 0.207946 | LR: 1.00e-03
2026-03-03 21:38:48,590 - INFO -   ↳ Saved best model (val_corr=0.207946)
2026-03-03 21:38:59,068 - INFO - Epoch   8/50 | Train: 0.161449 | Val: 0.165564 | Corr: 0.213712 | LR: 1.00e-03
2026-03-03 21:38:59,103 - INFO -   ↳ Saved best model (val_corr=0.213712)
2026-03-03 21:39:09,765 - INFO - Epoch   9/50 | Train: 0.160426 | Val: 0.165071 | Corr: 0.217981 | LR: 1.00e-03
2026-03-03 21:39:09,791 - INFO -   ↳ Saved best model (val_corr=0.217981)
2026-03-03 21:39:20,518 - INFO - Epoch  10/50 | Train: 0.159538 | Val: 0.165297 | Corr: 0.219803 | LR: 1.00e-03
2026-03-03 21:39:20,545 - INFO -   ↳ Saved best model (val_corr=0.219803)
2026-03-03 21:39:30,994 - INFO - Epoch  11/50 | Train: 0.158764 | Val: 0.164973 | Corr: 0.222822 | LR: 1.00e-03
2026-03-03 21:39:31,020 - INFO -   ↳ Saved best model (val_corr=0.222822)
2026-03-03 21:39:41,347 - INFO - Epoch  12/50 | Train: 0.157946 | Val: 0.164373 | Corr: 0.224768 | LR: 1.00e-03
2026-03-03 21:39:41,385 - INFO -   ↳ Saved best model (val_corr=0.224768)
2026-03-03 21:39:51,884 - INFO - Epoch  13/50 | Train: 0.157138 | Val: 0.164105 | Corr: 0.227067 | LR: 1.00e-03
2026-03-03 21:39:51,916 - INFO -   ↳ Saved best model (val_corr=0.227067)
2026-03-03 21:40:02,183 - INFO - Epoch  14/50 | Train: 0.156662 | Val: 0.163997 | Corr: 0.228093 | LR: 1.00e-03
2026-03-03 21:40:02,216 - INFO -   ↳ Saved best model (val_corr=0.228093)
2026-03-03 21:40:12,809 - INFO - Epoch  15/50 | Train: 0.155934 | Val: 0.164222 | Corr: 0.229326 | LR: 1.00e-03
2026-03-03 21:40:12,840 - INFO -   ↳ Saved best model (val_corr=0.229326)
2026-03-03 21:40:23,296 - INFO - Epoch  16/50 | Train: 0.155513 | Val: 0.164262 | Corr: 0.231246 | LR: 1.00e-03
2026-03-03 21:40:23,322 - INFO -   ↳ Saved best model (val_corr=0.231246)
2026-03-03 21:40:33,926 - INFO - Epoch  17/50 | Train: 0.155064 | Val: 0.163605 | Corr: 0.232790 | LR: 1.00e-03
2026-03-03 21:40:33,948 - INFO -   ↳ Saved best model (val_corr=0.232790)
2026-03-03 21:40:44,352 - INFO - Epoch  18/50 | Train: 0.154486 | Val: 0.164054 | Corr: 0.233368 | LR: 1.00e-03
2026-03-03 21:40:44,376 - INFO -   ↳ Saved best model (val_corr=0.233368)
2026-03-03 21:40:54,854 - INFO - Epoch  19/50 | Train: 0.154106 | Val: 0.163896 | Corr: 0.234222 | LR: 1.00e-03
2026-03-03 21:40:54,894 - INFO -   ↳ Saved best model (val_corr=0.234222)
2026-03-03 21:41:05,195 - INFO - Epoch  20/50 | Train: 0.153694 | Val: 0.163967 | Corr: 0.234670 | LR: 1.00e-03
2026-03-03 21:41:05,227 - INFO -   ↳ Saved best model (val_corr=0.234670)
2026-03-03 21:41:15,453 - INFO - Epoch  21/50 | Train: 0.153332 | Val: 0.163959 | Corr: 0.235390 | LR: 1.00e-03
2026-03-03 21:41:15,482 - INFO -   ↳ Saved best model (val_corr=0.235390)
2026-03-03 21:41:25,752 - INFO - Epoch  22/50 | Train: 0.153063 | Val: 0.163771 | Corr: 0.236409 | LR: 1.00e-03
2026-03-03 21:41:25,794 - INFO -   ↳ Saved best model (val_corr=0.236409)
2026-03-03 21:41:36,205 - INFO - Epoch  23/50 | Train: 0.152663 | Val: 0.163644 | Corr: 0.237487 | LR: 5.00e-04
2026-03-03 21:41:36,231 - INFO -   ↳ Saved best model (val_corr=0.237487)
2026-03-03 21:41:46,697 - INFO - Epoch  24/50 | Train: 0.151451 | Val: 0.163506 | Corr: 0.239478 | LR: 5.00e-04
2026-03-03 21:41:46,722 - INFO -   ↳ Saved best model (val_corr=0.239478)
2026-03-03 21:41:57,340 - INFO - Epoch  25/50 | Train: 0.150845 | Val: 0.163618 | Corr: 0.239176 | LR: 5.00e-04
2026-03-03 21:42:07,877 - INFO - Epoch  26/50 | Train: 0.150628 | Val: 0.164159 | Corr: 0.238530 | LR: 5.00e-04
2026-03-03 21:42:18,339 - INFO - Epoch  27/50 | Train: 0.150383 | Val: 0.163837 | Corr: 0.239182 | LR: 5.00e-04
2026-03-03 21:42:28,828 - INFO - Epoch  28/50 | Train: 0.150169 | Val: 0.163779 | Corr: 0.239681 | LR: 5.00e-04
2026-03-03 21:42:28,855 - INFO -   ↳ Saved best model (val_corr=0.239681)
2026-03-03 21:42:39,444 - INFO - Epoch  29/50 | Train: 0.150008 | Val: 0.164182 | Corr: 0.238704 | LR: 5.00e-04
2026-03-03 21:42:50,449 - INFO - Epoch  30/50 | Train: 0.149844 | Val: 0.164345 | Corr: 0.238499 | LR: 2.50e-04
2026-03-03 21:43:01,191 - INFO - Epoch  31/50 | Train: 0.149327 | Val: 0.164005 | Corr: 0.238956 | LR: 2.50e-04
2026-03-03 21:43:12,107 - INFO - Epoch  32/50 | Train: 0.149018 | Val: 0.164268 | Corr: 0.239728 | LR: 2.50e-04
2026-03-03 21:43:12,139 - INFO -   ↳ Saved best model (val_corr=0.239728)
2026-03-03 21:43:23,028 - INFO - Epoch  33/50 | Train: 0.148779 | Val: 0.164487 | Corr: 0.240133 | LR: 2.50e-04
2026-03-03 21:43:23,062 - INFO -   ↳ Saved best model (val_corr=0.240133)
2026-03-03 21:43:33,965 - INFO - Epoch  34/50 | Train: 0.148683 | Val: 0.164436 | Corr: 0.240646 | LR: 2.50e-04
2026-03-03 21:43:34,006 - INFO -   ↳ Saved best model (val_corr=0.240646)
2026-03-03 21:43:45,116 - INFO - Epoch  35/50 | Train: 0.148637 | Val: 0.164210 | Corr: 0.240440 | LR: 2.50e-04
2026-03-03 21:43:56,384 - INFO - Epoch  36/50 | Train: 0.148609 | Val: 0.164552 | Corr: 0.240383 | LR: 1.25e-04
2026-03-03 21:44:07,566 - INFO - Epoch  37/50 | Train: 0.148137 | Val: 0.164288 | Corr: 0.239946 | LR: 1.25e-04
2026-03-03 21:44:18,434 - INFO - Epoch  38/50 | Train: 0.148026 | Val: 0.164199 | Corr: 0.240306 | LR: 1.25e-04
2026-03-03 21:44:29,243 - INFO - Epoch  39/50 | Train: 0.148016 | Val: 0.164712 | Corr: 0.240822 | LR: 1.25e-04
2026-03-03 21:44:29,282 - INFO -   ↳ Saved best model (val_corr=0.240822)
2026-03-03 21:44:40,053 - INFO - Epoch  40/50 | Train: 0.147903 | Val: 0.164269 | Corr: 0.240197 | LR: 1.25e-04
2026-03-03 21:44:50,874 - INFO - Epoch  41/50 | Train: 0.147856 | Val: 0.164611 | Corr: 0.241124 | LR: 1.25e-04
2026-03-03 21:44:50,911 - INFO -   ↳ Saved best model (val_corr=0.241124)
2026-03-03 21:45:01,515 - INFO - Epoch  42/50 | Train: 0.147822 | Val: 0.164651 | Corr: 0.240492 | LR: 6.25e-05
2026-03-03 21:45:12,190 - INFO - Epoch  43/50 | Train: 0.147571 | Val: 0.164706 | Corr: 0.240028 | LR: 6.25e-05
2026-03-03 21:45:22,725 - INFO - Epoch  44/50 | Train: 0.147546 | Val: 0.164492 | Corr: 0.239806 | LR: 6.25e-05
2026-03-03 21:45:33,414 - INFO - Epoch  45/50 | Train: 0.147464 | Val: 0.164587 | Corr: 0.240004 | LR: 6.25e-05
2026-03-03 21:45:44,059 - INFO - Epoch  46/50 | Train: 0.147486 | Val: 0.164910 | Corr: 0.241121 | LR: 6.25e-05
2026-03-03 21:45:54,741 - INFO - Epoch  47/50 | Train: 0.147434 | Val: 0.164910 | Corr: 0.240600 | LR: 6.25e-05
2026-03-03 21:46:05,423 - INFO - Epoch  48/50 | Train: 0.147402 | Val: 0.164806 | Corr: 0.239781 | LR: 3.13e-05
2026-03-03 21:46:16,312 - INFO - Epoch  49/50 | Train: 0.147324 | Val: 0.164817 | Corr: 0.238277 | LR: 3.13e-05
2026-03-03 21:46:26,997 - INFO - Epoch  50/50 | Train: 0.147329 | Val: 0.164931 | Corr: 0.240729 | LR: 3.13e-05
2026-03-03 21:46:26,997 - INFO - Training complete — best val corr: 0.241124
2026-03-03 21:46:29,489 - INFO - Test loss: 0.153952, Test corr: 0.233529
2026-03-03 21:46:30,391 - INFO - Fraction of variance explained (FVE): 0.065894
2026-03-03 21:46:30,391 - INFO - Computing autoregressive (AR) test predictions …
2026-03-03 21:46:31,470 - INFO - AR FVE: -0.019308, AR test corr: 0.052731
2026-03-03 21:46:31,471 - INFO - Generating figures …
2026-03-03 21:46:32,320 - INFO - Correlation between predicted and actual per-neuron averages: r=0.9942, p=0.00e+00
2026-03-03 21:46:35,452 - INFO - Pattern selectivity summary:
2026-03-03 21:46:35,452 - INFO -   Mean correlation across neurons: 0.6901
2026-03-03 21:46:35,453 - INFO -   Median correlation: 0.7156
2026-03-03 21:46:35,453 - INFO -   Neurons with r > 0.5: 56 / 63
2026-03-03 21:46:35,453 - INFO -   Neurons with r > 0.3: 63 / 63
2026-03-03 21:46:35,453 - INFO - Pattern selectivity — mean neuron corr: 0.6901
2026-03-03 21:46:37,885 - INFO - LOO (avg rate) — Model mean r: 0.5599, LOO mean r: 0.4546, Neurons model > LOO: 47/63
2026-03-03 21:46:40,949 - INFO - LOO (temporal) — Model mean r: 0.2443, LOO mean r: 0.3186, Neurons model > LOO: 13/63
2026-03-03 21:46:40,949 - INFO - Skipping oracle trial plots (skip_oracle_plots=True)
2026-03-03 21:46:40,965 - INFO - Experiment complete. Summary: {
  "run_dir": "/scratch/sb272/patterns5k_results/slurm_hist_cnn_2026-03-03_15-13-01/trial_0286_learning_rate=1.0e-03_history=1_kernel_sizes=10x5x3_conv_channels=256x128x64_fc_dims=256_seed0",
  "model_type": "cnn",
  "batch_avg_test_loss": 0.1539515540599823,
  "batch_avg_test_corr": 0.23352851121236348,
  "all_test_fve": 0.06589402944322616,
  "AR_FVE": -0.019307654055338058,
  "AR_test_correlation": 0.052730921655893326,
  "best_val_corr": 0.24112437778768775,
  "total_params": 491391,
  "trainable_params": 491391,
  "epochs_trained": 50,
  "mean_pattern_corr": 0.6901323338222798,
  "history": 1,
  "init_state": true,
  "loo_avg_mean_corr": 0.45456832695830385,
  "model_avg_mean_corr": 0.5599149115575658,
  "neurons_model_beats_loo_avg": 47,
  "loo_temporal_mean_corr": 0.31855225563049316,
  "all_test_corr": 0.24428614974021912,
  "neurons_model_beats_loo_temporal": 13,
  "kernel_sizes": [
    10,
    5,
    3
  ],
  "conv_channels": [
    256,
    128,
    64
  ],
  "fc_dims": [
    256
  ]
}
