2026-03-03 22:58:01,397 - INFO - ============================================================
2026-03-03 22:58:01,398 - INFO - Experiment run directory: /scratch/sb272/patterns5k_results/slurm_hist_cnn_2026-03-03_15-13-01/trial_0193_learning_rate=5.0e-04_history=5_kernel_sizes=10x3_conv_channels=256x128_fc_dims=256_seed0
2026-03-03 22:58:01,398 - INFO - ============================================================
2026-03-03 22:58:01,398 - INFO - Loading data …
2026-03-03 22:58:02,860 - INFO - 63 unique neurons after dropping problematic neurons
2026-03-03 22:58:03,688 - INFO - Stimulation channels: 42, Spiking neurons: 63
2026-03-03 22:59:14,257 - INFO - Unique patterns: 4050, Total trials: 5000
2026-03-03 22:59:14,259 - INFO - Stimulation channels: 42, Spiking neurons: 63
2026-03-03 22:59:14,259 - INFO - Unique patterns: 4050, Total trials: 5000
2026-03-03 22:59:14,270 - INFO - Split (oracle): train=3400, val=600, test=1000
2026-03-03 22:59:28,512 - INFO - BinnedStimSpikeDataset initialized:
2026-03-03 22:59:28,513 - INFO -   input_bin_size_ms=10, output_bin_size_ms=10
2026-03-03 22:59:28,513 - INFO -   n_input_bins=60, n_output_bins=60
2026-03-03 22:59:28,513 - INFO -   output_offset=0, total_bins_input=60, total_bins_output=60
2026-03-03 22:59:28,513 - INFO -   Valid start positions per trial: 0 to 0
2026-03-03 22:59:28,513 - INFO -   Total samples: 3400 (3400 trials × 1 positions)
2026-03-03 22:59:42,267 - INFO - BinnedStimSpikeDataset initialized:
2026-03-03 22:59:42,267 - INFO -   input_bin_size_ms=10, output_bin_size_ms=10
2026-03-03 22:59:42,267 - INFO -   n_input_bins=60, n_output_bins=60
2026-03-03 22:59:42,267 - INFO -   output_offset=0, total_bins_input=60, total_bins_output=60
2026-03-03 22:59:42,267 - INFO -   Valid start positions per trial: 0 to 0
2026-03-03 22:59:42,267 - INFO -   Total samples: 600 (600 trials × 1 positions)
2026-03-03 22:59:56,100 - INFO - BinnedStimSpikeDataset initialized:
2026-03-03 22:59:56,101 - INFO -   input_bin_size_ms=10, output_bin_size_ms=10
2026-03-03 22:59:56,101 - INFO -   n_input_bins=60, n_output_bins=60
2026-03-03 22:59:56,101 - INFO -   output_offset=0, total_bins_input=60, total_bins_output=60
2026-03-03 22:59:56,101 - INFO -   Valid start positions per trial: 0 to 0
2026-03-03 22:59:56,101 - INFO -   Total samples: 1000 (1000 trials × 1 positions)
2026-03-03 22:59:56,101 - INFO - Samples — train: 3400, val: 600, test: 1000
2026-03-03 22:59:56,101 - INFO - Input channels: 105, Neurons: 63
2026-03-03 22:59:56,102 - INFO - Using CPU
2026-03-03 22:59:56,118 - INFO - Model: CNN — 417,471 trainable params (417,471 total)
2026-03-03 22:59:59,311 - INFO - Starting training …
2026-03-03 23:00:05,076 - INFO - Epoch   1/50 | Train: 0.245096 | Val: 0.186361 | Corr: 0.078599 | LR: 5.00e-04
2026-03-03 23:00:05,092 - INFO -   ↳ Saved best model (val_corr=0.078599)
2026-03-03 23:00:10,173 - INFO - Epoch   2/50 | Train: 0.182508 | Val: 0.186195 | Corr: 0.090291 | LR: 5.00e-04
2026-03-03 23:00:10,196 - INFO -   ↳ Saved best model (val_corr=0.090291)
2026-03-03 23:00:15,309 - INFO - Epoch   3/50 | Train: 0.179435 | Val: 0.182513 | Corr: 0.100816 | LR: 5.00e-04
2026-03-03 23:00:15,328 - INFO -   ↳ Saved best model (val_corr=0.100816)
2026-03-03 23:00:20,424 - INFO - Epoch   4/50 | Train: 0.177438 | Val: 0.183781 | Corr: 0.106246 | LR: 5.00e-04
2026-03-03 23:00:20,439 - INFO -   ↳ Saved best model (val_corr=0.106246)
2026-03-03 23:00:25,558 - INFO - Epoch   5/50 | Train: 0.175816 | Val: 0.182473 | Corr: 0.111962 | LR: 5.00e-04
2026-03-03 23:00:25,570 - INFO -   ↳ Saved best model (val_corr=0.111962)
2026-03-03 23:00:30,634 - INFO - Epoch   6/50 | Train: 0.174435 | Val: 0.182790 | Corr: 0.116746 | LR: 5.00e-04
2026-03-03 23:00:30,648 - INFO -   ↳ Saved best model (val_corr=0.116746)
2026-03-03 23:00:35,756 - INFO - Epoch   7/50 | Train: 0.173286 | Val: 0.180150 | Corr: 0.120850 | LR: 5.00e-04
2026-03-03 23:00:35,776 - INFO -   ↳ Saved best model (val_corr=0.120850)
2026-03-03 23:00:40,846 - INFO - Epoch   8/50 | Train: 0.172177 | Val: 0.180953 | Corr: 0.123458 | LR: 5.00e-04
2026-03-03 23:00:40,858 - INFO -   ↳ Saved best model (val_corr=0.123458)
2026-03-03 23:00:45,925 - INFO - Epoch   9/50 | Train: 0.171203 | Val: 0.179795 | Corr: 0.126623 | LR: 5.00e-04
2026-03-03 23:00:45,960 - INFO -   ↳ Saved best model (val_corr=0.126623)
2026-03-03 23:00:51,186 - INFO - Epoch  10/50 | Train: 0.170412 | Val: 0.179842 | Corr: 0.128078 | LR: 5.00e-04
2026-03-03 23:00:51,200 - INFO -   ↳ Saved best model (val_corr=0.128078)
2026-03-03 23:00:56,397 - INFO - Epoch  11/50 | Train: 0.169412 | Val: 0.180154 | Corr: 0.130908 | LR: 5.00e-04
2026-03-03 23:00:56,414 - INFO -   ↳ Saved best model (val_corr=0.130908)
2026-03-03 23:01:01,575 - INFO - Epoch  12/50 | Train: 0.168766 | Val: 0.179288 | Corr: 0.132024 | LR: 5.00e-04
2026-03-03 23:01:01,590 - INFO -   ↳ Saved best model (val_corr=0.132024)
2026-03-03 23:01:06,714 - INFO - Epoch  13/50 | Train: 0.167965 | Val: 0.180431 | Corr: 0.130812 | LR: 5.00e-04
2026-03-03 23:01:11,890 - INFO - Epoch  14/50 | Train: 0.167211 | Val: 0.180746 | Corr: 0.132059 | LR: 5.00e-04
2026-03-03 23:01:11,905 - INFO -   ↳ Saved best model (val_corr=0.132059)
2026-03-03 23:01:17,031 - INFO - Epoch  15/50 | Train: 0.166543 | Val: 0.180294 | Corr: 0.134970 | LR: 5.00e-04
2026-03-03 23:01:17,043 - INFO -   ↳ Saved best model (val_corr=0.134970)
2026-03-03 23:01:22,222 - INFO - Epoch  16/50 | Train: 0.165887 | Val: 0.180287 | Corr: 0.133918 | LR: 5.00e-04
2026-03-03 23:01:27,382 - INFO - Epoch  17/50 | Train: 0.165239 | Val: 0.181189 | Corr: 0.135422 | LR: 5.00e-04
2026-03-03 23:01:27,396 - INFO -   ↳ Saved best model (val_corr=0.135422)
2026-03-03 23:01:32,534 - INFO - Epoch  18/50 | Train: 0.164754 | Val: 0.179824 | Corr: 0.137547 | LR: 2.50e-04
2026-03-03 23:01:32,548 - INFO -   ↳ Saved best model (val_corr=0.137547)
2026-03-03 23:01:37,503 - INFO - Epoch  19/50 | Train: 0.163057 | Val: 0.180894 | Corr: 0.137334 | LR: 2.50e-04
2026-03-03 23:01:42,486 - INFO - Epoch  20/50 | Train: 0.162384 | Val: 0.181180 | Corr: 0.137886 | LR: 2.50e-04
2026-03-03 23:01:42,498 - INFO -   ↳ Saved best model (val_corr=0.137886)
2026-03-03 23:01:47,483 - INFO - Epoch  21/50 | Train: 0.161976 | Val: 0.181701 | Corr: 0.137588 | LR: 2.50e-04
2026-03-03 23:01:52,417 - INFO - Epoch  22/50 | Train: 0.161710 | Val: 0.181540 | Corr: 0.136718 | LR: 2.50e-04
2026-03-03 23:01:57,392 - INFO - Epoch  23/50 | Train: 0.161547 | Val: 0.181239 | Corr: 0.137981 | LR: 2.50e-04
2026-03-03 23:01:57,409 - INFO -   ↳ Saved best model (val_corr=0.137981)
2026-03-03 23:02:02,412 - INFO - Epoch  24/50 | Train: 0.161124 | Val: 0.182107 | Corr: 0.137830 | LR: 1.25e-04
2026-03-03 23:02:07,491 - INFO - Epoch  25/50 | Train: 0.160247 | Val: 0.181721 | Corr: 0.138041 | LR: 1.25e-04
2026-03-03 23:02:07,507 - INFO -   ↳ Saved best model (val_corr=0.138041)
2026-03-03 23:02:12,672 - INFO - Epoch  26/50 | Train: 0.160143 | Val: 0.182164 | Corr: 0.138337 | LR: 1.25e-04
2026-03-03 23:02:12,686 - INFO -   ↳ Saved best model (val_corr=0.138337)
2026-03-03 23:02:17,810 - INFO - Epoch  27/50 | Train: 0.159990 | Val: 0.182127 | Corr: 0.137944 | LR: 1.25e-04
2026-03-03 23:02:22,975 - INFO - Epoch  28/50 | Train: 0.159777 | Val: 0.181927 | Corr: 0.138101 | LR: 1.25e-04
2026-03-03 23:02:28,094 - INFO - Epoch  29/50 | Train: 0.159544 | Val: 0.182100 | Corr: 0.137792 | LR: 1.25e-04
2026-03-03 23:02:33,268 - INFO - Epoch  30/50 | Train: 0.159541 | Val: 0.182398 | Corr: 0.138049 | LR: 6.25e-05
2026-03-03 23:02:38,439 - INFO - Epoch  31/50 | Train: 0.159012 | Val: 0.182325 | Corr: 0.138579 | LR: 6.25e-05
2026-03-03 23:02:38,453 - INFO -   ↳ Saved best model (val_corr=0.138579)
2026-03-03 23:02:43,678 - INFO - Epoch  32/50 | Train: 0.158906 | Val: 0.182382 | Corr: 0.138539 | LR: 6.25e-05
2026-03-03 23:02:48,831 - INFO - Epoch  33/50 | Train: 0.158790 | Val: 0.182534 | Corr: 0.138564 | LR: 6.25e-05
2026-03-03 23:02:54,037 - INFO - Epoch  34/50 | Train: 0.158758 | Val: 0.182573 | Corr: 0.138070 | LR: 6.25e-05
2026-03-03 23:02:59,195 - INFO - Epoch  35/50 | Train: 0.158742 | Val: 0.182568 | Corr: 0.137919 | LR: 6.25e-05
2026-03-03 23:03:04,371 - INFO - Epoch  36/50 | Train: 0.158650 | Val: 0.182455 | Corr: 0.138553 | LR: 3.13e-05
2026-03-03 23:03:09,408 - INFO - Epoch  37/50 | Train: 0.158321 | Val: 0.182856 | Corr: 0.138825 | LR: 3.13e-05
2026-03-03 23:03:09,424 - INFO -   ↳ Saved best model (val_corr=0.138825)
2026-03-03 23:03:14,592 - INFO - Epoch  38/50 | Train: 0.158184 | Val: 0.182671 | Corr: 0.138493 | LR: 3.13e-05
2026-03-03 23:03:19,646 - INFO - Epoch  39/50 | Train: 0.158247 | Val: 0.182774 | Corr: 0.138234 | LR: 3.13e-05
2026-03-03 23:03:24,702 - INFO - Epoch  40/50 | Train: 0.158191 | Val: 0.182837 | Corr: 0.138353 | LR: 3.13e-05
2026-03-03 23:03:29,689 - INFO - Epoch  41/50 | Train: 0.158165 | Val: 0.182904 | Corr: 0.138051 | LR: 3.13e-05
2026-03-03 23:03:34,630 - INFO - Epoch  42/50 | Train: 0.158123 | Val: 0.182908 | Corr: 0.137921 | LR: 1.56e-05
2026-03-03 23:03:39,660 - INFO - Epoch  43/50 | Train: 0.158013 | Val: 0.182824 | Corr: 0.137912 | LR: 1.56e-05
2026-03-03 23:03:44,710 - INFO - Epoch  44/50 | Train: 0.158003 | Val: 0.183024 | Corr: 0.137872 | LR: 1.56e-05
2026-03-03 23:03:49,753 - INFO - Epoch  45/50 | Train: 0.158007 | Val: 0.182958 | Corr: 0.137437 | LR: 1.56e-05
2026-03-03 23:03:54,889 - INFO - Epoch  46/50 | Train: 0.157928 | Val: 0.182722 | Corr: 0.137910 | LR: 1.56e-05
2026-03-03 23:03:59,996 - INFO - Epoch  47/50 | Train: 0.157850 | Val: 0.182978 | Corr: 0.137809 | LR: 1.56e-05
2026-03-03 23:03:59,996 - INFO - Early stopping at epoch 47
2026-03-03 23:03:59,996 - INFO - Training complete — best val corr: 0.138825
2026-03-03 23:04:01,143 - INFO - Test loss: 0.171153, Test corr: 0.132448
2026-03-03 23:04:01,626 - INFO - Fraction of variance explained (FVE): 0.004381
2026-03-03 23:04:01,626 - INFO - Computing autoregressive (AR) test predictions …
2026-03-03 23:04:02,196 - INFO - AR FVE: -0.001406, AR test corr: 0.107465
2026-03-03 23:04:02,197 - INFO - Generating figures …
2026-03-03 23:04:02,537 - INFO - Correlation between predicted and actual per-neuron averages: r=0.9948, p=0.00e+00
2026-03-03 23:04:03,964 - INFO - Pattern selectivity summary:
2026-03-03 23:04:03,964 - INFO -   Mean correlation across neurons: 0.5745
2026-03-03 23:04:03,964 - INFO -   Median correlation: 0.6013
2026-03-03 23:04:03,964 - INFO -   Neurons with r > 0.5: 45 / 63
2026-03-03 23:04:03,964 - INFO -   Neurons with r > 0.3: 58 / 63
2026-03-03 23:04:03,964 - INFO - Pattern selectivity — mean neuron corr: 0.5745
2026-03-03 23:04:05,189 - INFO - LOO (avg rate) — Model mean r: 0.4141, LOO mean r: 0.4546, Neurons model > LOO: 16/63
2026-03-03 23:04:06,815 - INFO - LOO (temporal) — Model mean r: 0.1402, LOO mean r: 0.3186, Neurons model > LOO: 2/63
2026-03-03 23:04:06,816 - INFO - Skipping oracle trial plots (skip_oracle_plots=True)
2026-03-03 23:04:06,824 - INFO - Experiment complete. Summary: {
  "run_dir": "/scratch/sb272/patterns5k_results/slurm_hist_cnn_2026-03-03_15-13-01/trial_0193_learning_rate=5.0e-04_history=5_kernel_sizes=10x3_conv_channels=256x128_fc_dims=256_seed0",
  "model_type": "cnn",
  "batch_avg_test_loss": 0.17115341699123382,
  "batch_avg_test_corr": 0.1324476752827936,
  "all_test_fve": 0.004380809882330516,
  "AR_FVE": -0.001405618493519132,
  "AR_test_correlation": 0.10746545344591141,
  "best_val_corr": 0.13882490016813528,
  "total_params": 417471,
  "trainable_params": 417471,
  "epochs_trained": 47,
  "mean_pattern_corr": 0.5744638257974519,
  "history": 5,
  "init_state": true,
  "loo_avg_mean_corr": 0.45456832695830385,
  "model_avg_mean_corr": 0.414106192604254,
  "neurons_model_beats_loo_avg": 16,
  "loo_temporal_mean_corr": 0.31855225563049316,
  "all_test_corr": 0.14023137092590332,
  "neurons_model_beats_loo_temporal": 2,
  "kernel_sizes": [
    10,
    3
  ],
  "conv_channels": [
    256,
    128
  ],
  "fc_dims": [
    256
  ]
}
