2026-03-04 02:15:27,923 - INFO - ============================================================
2026-03-04 02:15:27,923 - INFO - Experiment run directory: /scratch/sb272/patterns5k_results/slurm_hist_cnn_2026-03-03_15-13-01/trial_0262_learning_rate=1.0e-03_history=5_kernel_sizes=20_conv_channels=256_fc_dims=256_seed0
2026-03-04 02:15:27,923 - INFO - ============================================================
2026-03-04 02:15:27,923 - INFO - Loading data …
2026-03-04 02:15:28,876 - INFO - 63 unique neurons after dropping problematic neurons
2026-03-04 02:15:30,245 - INFO - Stimulation channels: 42, Spiking neurons: 63
2026-03-04 02:17:51,984 - INFO - Unique patterns: 4050, Total trials: 5000
2026-03-04 02:17:51,986 - INFO - Stimulation channels: 42, Spiking neurons: 63
2026-03-04 02:17:51,986 - INFO - Unique patterns: 4050, Total trials: 5000
2026-03-04 02:17:52,006 - INFO - Split (oracle): train=3400, val=600, test=1000
2026-03-04 02:18:22,097 - INFO - BinnedStimSpikeDataset initialized:
2026-03-04 02:18:22,100 - INFO -   input_bin_size_ms=10, output_bin_size_ms=10
2026-03-04 02:18:22,100 - INFO -   n_input_bins=60, n_output_bins=60
2026-03-04 02:18:22,100 - INFO -   output_offset=0, total_bins_input=60, total_bins_output=60
2026-03-04 02:18:22,100 - INFO -   Valid start positions per trial: 0 to 0
2026-03-04 02:18:22,100 - INFO -   Total samples: 3400 (3400 trials × 1 positions)
2026-03-04 02:18:51,411 - INFO - BinnedStimSpikeDataset initialized:
2026-03-04 02:18:51,412 - INFO -   input_bin_size_ms=10, output_bin_size_ms=10
2026-03-04 02:18:51,412 - INFO -   n_input_bins=60, n_output_bins=60
2026-03-04 02:18:51,412 - INFO -   output_offset=0, total_bins_input=60, total_bins_output=60
2026-03-04 02:18:51,412 - INFO -   Valid start positions per trial: 0 to 0
2026-03-04 02:18:51,412 - INFO -   Total samples: 600 (600 trials × 1 positions)
2026-03-04 02:19:20,778 - INFO - BinnedStimSpikeDataset initialized:
2026-03-04 02:19:20,778 - INFO -   input_bin_size_ms=10, output_bin_size_ms=10
2026-03-04 02:19:20,778 - INFO -   n_input_bins=60, n_output_bins=60
2026-03-04 02:19:20,778 - INFO -   output_offset=0, total_bins_input=60, total_bins_output=60
2026-03-04 02:19:20,778 - INFO -   Valid start positions per trial: 0 to 0
2026-03-04 02:19:20,778 - INFO -   Total samples: 1000 (1000 trials × 1 positions)
2026-03-04 02:19:20,778 - INFO - Samples — train: 3400, val: 600, test: 1000
2026-03-04 02:19:20,778 - INFO - Input channels: 105, Neurons: 63
2026-03-04 02:19:20,801 - INFO - Using CPU
2026-03-04 02:19:20,820 - INFO - Model: CNN — 620,351 trainable params (620,351 total)
2026-03-04 02:19:29,732 - INFO - Starting training …
2026-03-04 02:19:42,205 - INFO - Epoch   1/50 | Train: 0.215346 | Val: 0.187744 | Corr: 0.064777 | LR: 1.00e-03
2026-03-04 02:19:42,230 - INFO -   ↳ Saved best model (val_corr=0.064777)
2026-03-04 02:19:53,812 - INFO - Epoch   2/50 | Train: 0.182468 | Val: 0.185491 | Corr: 0.083742 | LR: 1.00e-03
2026-03-04 02:19:53,835 - INFO -   ↳ Saved best model (val_corr=0.083742)
2026-03-04 02:20:03,750 - INFO - Epoch   3/50 | Train: 0.178994 | Val: 0.183957 | Corr: 0.094418 | LR: 1.00e-03
2026-03-04 02:20:03,785 - INFO -   ↳ Saved best model (val_corr=0.094418)
2026-03-04 02:20:13,810 - INFO - Epoch   4/50 | Train: 0.176834 | Val: 0.183528 | Corr: 0.103211 | LR: 1.00e-03
2026-03-04 02:20:13,844 - INFO -   ↳ Saved best model (val_corr=0.103211)
2026-03-04 02:20:23,960 - INFO - Epoch   5/50 | Train: 0.175045 | Val: 0.182360 | Corr: 0.109431 | LR: 1.00e-03
2026-03-04 02:20:23,983 - INFO -   ↳ Saved best model (val_corr=0.109431)
2026-03-04 02:20:34,138 - INFO - Epoch   6/50 | Train: 0.173450 | Val: 0.181650 | Corr: 0.113961 | LR: 1.00e-03
2026-03-04 02:20:34,160 - INFO -   ↳ Saved best model (val_corr=0.113961)
2026-03-04 02:20:44,358 - INFO - Epoch   7/50 | Train: 0.172025 | Val: 0.182166 | Corr: 0.118623 | LR: 1.00e-03
2026-03-04 02:20:44,388 - INFO -   ↳ Saved best model (val_corr=0.118623)
2026-03-04 02:20:54,534 - INFO - Epoch   8/50 | Train: 0.170761 | Val: 0.180979 | Corr: 0.123448 | LR: 1.00e-03
2026-03-04 02:20:54,558 - INFO -   ↳ Saved best model (val_corr=0.123448)
2026-03-04 02:21:04,701 - INFO - Epoch   9/50 | Train: 0.169420 | Val: 0.181426 | Corr: 0.125255 | LR: 1.00e-03
2026-03-04 02:21:04,721 - INFO -   ↳ Saved best model (val_corr=0.125255)
2026-03-04 02:21:14,976 - INFO - Epoch  10/50 | Train: 0.168186 | Val: 0.180416 | Corr: 0.129574 | LR: 1.00e-03
2026-03-04 02:21:15,002 - INFO -   ↳ Saved best model (val_corr=0.129574)
2026-03-04 02:21:25,238 - INFO - Epoch  11/50 | Train: 0.167075 | Val: 0.181147 | Corr: 0.131919 | LR: 1.00e-03
2026-03-04 02:21:25,274 - INFO -   ↳ Saved best model (val_corr=0.131919)
2026-03-04 02:21:35,459 - INFO - Epoch  12/50 | Train: 0.165774 | Val: 0.181729 | Corr: 0.130867 | LR: 1.00e-03
2026-03-04 02:21:45,703 - INFO - Epoch  13/50 | Train: 0.164826 | Val: 0.181096 | Corr: 0.135791 | LR: 1.00e-03
2026-03-04 02:21:45,744 - INFO -   ↳ Saved best model (val_corr=0.135791)
2026-03-04 02:21:55,977 - INFO - Epoch  14/50 | Train: 0.163675 | Val: 0.181081 | Corr: 0.132356 | LR: 1.00e-03
2026-03-04 02:22:06,245 - INFO - Epoch  15/50 | Train: 0.162800 | Val: 0.182623 | Corr: 0.133113 | LR: 1.00e-03
2026-03-04 02:22:16,495 - INFO - Epoch  16/50 | Train: 0.161863 | Val: 0.182966 | Corr: 0.134291 | LR: 5.00e-04
2026-03-04 02:22:26,696 - INFO - Epoch  17/50 | Train: 0.159198 | Val: 0.181755 | Corr: 0.135961 | LR: 5.00e-04
2026-03-04 02:22:26,716 - INFO -   ↳ Saved best model (val_corr=0.135961)
2026-03-04 02:22:37,092 - INFO - Epoch  18/50 | Train: 0.158520 | Val: 0.182018 | Corr: 0.135285 | LR: 5.00e-04
2026-03-04 02:22:47,306 - INFO - Epoch  19/50 | Train: 0.157825 | Val: 0.182545 | Corr: 0.135161 | LR: 5.00e-04
2026-03-04 02:22:57,430 - INFO - Epoch  20/50 | Train: 0.157273 | Val: 0.182902 | Corr: 0.134693 | LR: 5.00e-04
2026-03-04 02:23:07,670 - INFO - Epoch  21/50 | Train: 0.156951 | Val: 0.184538 | Corr: 0.133645 | LR: 5.00e-04
2026-03-04 02:23:17,903 - INFO - Epoch  22/50 | Train: 0.156532 | Val: 0.184024 | Corr: 0.132838 | LR: 2.50e-04
2026-03-04 02:23:28,192 - INFO - Epoch  23/50 | Train: 0.155082 | Val: 0.183694 | Corr: 0.134092 | LR: 2.50e-04
2026-03-04 02:23:38,342 - INFO - Epoch  24/50 | Train: 0.154676 | Val: 0.184000 | Corr: 0.134113 | LR: 2.50e-04
2026-03-04 02:23:48,553 - INFO - Epoch  25/50 | Train: 0.154386 | Val: 0.184945 | Corr: 0.133438 | LR: 2.50e-04
2026-03-04 02:23:58,832 - INFO - Epoch  26/50 | Train: 0.154119 | Val: 0.185021 | Corr: 0.132678 | LR: 2.50e-04
2026-03-04 02:24:09,104 - INFO - Epoch  27/50 | Train: 0.154005 | Val: 0.185242 | Corr: 0.133051 | LR: 2.50e-04
2026-03-04 02:24:09,105 - INFO - Early stopping at epoch 27
2026-03-04 02:24:09,105 - INFO - Training complete — best val corr: 0.135961
2026-03-04 02:24:11,274 - INFO - Test loss: 0.168873, Test corr: 0.136255
2026-03-04 02:24:12,252 - INFO - Fraction of variance explained (FVE): 0.019352
2026-03-04 02:24:12,252 - INFO - Computing autoregressive (AR) test predictions …
2026-03-04 02:24:13,391 - INFO - AR FVE: 0.009503, AR test corr: 0.112043
2026-03-04 02:24:13,391 - INFO - Generating figures …
2026-03-04 02:24:14,108 - INFO - Correlation between predicted and actual per-neuron averages: r=0.9869, p=0.00e+00
2026-03-04 02:24:16,825 - INFO - Pattern selectivity summary:
2026-03-04 02:24:16,825 - INFO -   Mean correlation across neurons: 0.5725
2026-03-04 02:24:16,825 - INFO -   Median correlation: 0.5763
2026-03-04 02:24:16,826 - INFO -   Neurons with r > 0.5: 41 / 63
2026-03-04 02:24:16,826 - INFO -   Neurons with r > 0.3: 58 / 63
2026-03-04 02:24:16,826 - INFO - Pattern selectivity — mean neuron corr: 0.5725
2026-03-04 02:24:18,988 - INFO - LOO (avg rate) — Model mean r: 0.4519, LOO mean r: 0.4546, Neurons model > LOO: 24/63
2026-03-04 02:24:21,799 - INFO - LOO (temporal) — Model mean r: 0.1471, LOO mean r: 0.3186, Neurons model > LOO: 2/63
2026-03-04 02:24:21,799 - INFO - Skipping oracle trial plots (skip_oracle_plots=True)
2026-03-04 02:24:21,833 - INFO - Experiment complete. Summary: {
  "run_dir": "/scratch/sb272/patterns5k_results/slurm_hist_cnn_2026-03-03_15-13-01/trial_0262_learning_rate=1.0e-03_history=5_kernel_sizes=20_conv_channels=256_fc_dims=256_seed0",
  "model_type": "cnn",
  "batch_avg_test_loss": 0.16887310218811036,
  "batch_avg_test_corr": 0.13625485107221946,
  "all_test_fve": 0.01935178419900319,
  "AR_FVE": 0.009502752432747492,
  "AR_test_correlation": 0.11204318702220917,
  "best_val_corr": 0.135961483273321,
  "total_params": 620351,
  "trainable_params": 620351,
  "epochs_trained": 27,
  "mean_pattern_corr": 0.5725264891539292,
  "history": 5,
  "init_state": true,
  "loo_avg_mean_corr": 0.45456832695830385,
  "model_avg_mean_corr": 0.45185017873743394,
  "neurons_model_beats_loo_avg": 24,
  "loo_temporal_mean_corr": 0.31855225563049316,
  "all_test_corr": 0.14714555442333221,
  "neurons_model_beats_loo_temporal": 2,
  "kernel_sizes": [
    20
  ],
  "conv_channels": [
    256
  ],
  "fc_dims": [
    256
  ]
}
