2026-02-15 16:46:47,061 - INFO - ============================================================
2026-02-15 16:46:47,061 - INFO - Experiment run directory: results/base_cnn_kernel_sweep_2026-02-15_11-28-56/trial_0139_learning_rate=0.01
2026-02-15 16:46:47,061 - INFO - ============================================================
2026-02-15 16:46:47,061 - INFO - Using preloaded raw data (skipping I/O)
2026-02-15 16:46:47,061 - INFO - Stimulation channels: 42, Spiking neurons: 63
2026-02-15 16:46:47,061 - INFO - Unique patterns: 4050, Total trials: 5000
2026-02-15 16:46:47,076 - INFO - Split (oracle): train=3400, val=600, test=1000
2026-02-15 16:47:01,156 - INFO - BinnedStimSpikeDataset initialized:
2026-02-15 16:47:01,157 - INFO -   input_bin_size_ms=10, output_bin_size_ms=10
2026-02-15 16:47:01,157 - INFO -   n_input_bins=60, n_output_bins=60
2026-02-15 16:47:01,157 - INFO -   output_offset=0, total_bins_input=60, total_bins_output=60
2026-02-15 16:47:01,157 - INFO -   Valid start positions per trial: 0 to 0
2026-02-15 16:47:01,157 - INFO -   Total samples: 3400 (3400 trials × 1 positions)
2026-02-15 16:47:14,531 - INFO - BinnedStimSpikeDataset initialized:
2026-02-15 16:47:14,532 - INFO -   input_bin_size_ms=10, output_bin_size_ms=10
2026-02-15 16:47:14,532 - INFO -   n_input_bins=60, n_output_bins=60
2026-02-15 16:47:14,532 - INFO -   output_offset=0, total_bins_input=60, total_bins_output=60
2026-02-15 16:47:14,532 - INFO -   Valid start positions per trial: 0 to 0
2026-02-15 16:47:14,532 - INFO -   Total samples: 600 (600 trials × 1 positions)
2026-02-15 16:47:28,089 - INFO - BinnedStimSpikeDataset initialized:
2026-02-15 16:47:28,090 - INFO -   input_bin_size_ms=10, output_bin_size_ms=10
2026-02-15 16:47:28,090 - INFO -   n_input_bins=60, n_output_bins=60
2026-02-15 16:47:28,090 - INFO -   output_offset=0, total_bins_input=60, total_bins_output=60
2026-02-15 16:47:28,090 - INFO -   Valid start positions per trial: 0 to 0
2026-02-15 16:47:28,090 - INFO -   Total samples: 1000 (1000 trials × 1 positions)
2026-02-15 16:47:28,090 - INFO - Samples — train: 3400, val: 600, test: 1000
2026-02-15 16:47:28,090 - INFO - Input channels: 42, Neurons: 63
2026-02-15 16:47:28,090 - INFO - Using Apple Silicon MPS acceleration
2026-02-15 16:47:28,108 - INFO - Model: CNN — 103,359 trainable params (103,359 total)
2026-02-15 16:47:28,111 - INFO - Starting training …
2026-02-15 16:47:30,250 - INFO - Epoch   1/50 | Train: 0.214222 | Val: 0.196186 | Corr: 0.189992 | LR: 1.00e-02
2026-02-15 16:47:30,256 - INFO -   ↳ Saved best model (val_corr=0.189992)
2026-02-15 16:47:32,287 - INFO - Epoch   2/50 | Train: 0.193013 | Val: 0.188796 | Corr: 0.225015 | LR: 1.00e-02
2026-02-15 16:47:32,292 - INFO -   ↳ Saved best model (val_corr=0.225015)
2026-02-15 16:47:34,305 - INFO - Epoch   3/50 | Train: 0.189743 | Val: 0.186760 | Corr: 0.237903 | LR: 1.00e-02
2026-02-15 16:47:34,311 - INFO -   ↳ Saved best model (val_corr=0.237903)
2026-02-15 16:47:36,313 - INFO - Epoch   4/50 | Train: 0.187824 | Val: 0.185690 | Corr: 0.247049 | LR: 1.00e-02
2026-02-15 16:47:36,320 - INFO -   ↳ Saved best model (val_corr=0.247049)
2026-02-15 16:47:38,315 - INFO - Epoch   5/50 | Train: 0.186619 | Val: 0.184824 | Corr: 0.252945 | LR: 1.00e-02
2026-02-15 16:47:38,338 - INFO -   ↳ Saved best model (val_corr=0.252945)
2026-02-15 16:47:40,371 - INFO - Epoch   6/50 | Train: 0.185674 | Val: 0.184242 | Corr: 0.257157 | LR: 1.00e-02
2026-02-15 16:47:40,382 - INFO -   ↳ Saved best model (val_corr=0.257157)
2026-02-15 16:47:42,357 - INFO - Epoch   7/50 | Train: 0.185086 | Val: 0.184001 | Corr: 0.259233 | LR: 1.00e-02
2026-02-15 16:47:42,364 - INFO -   ↳ Saved best model (val_corr=0.259233)
2026-02-15 16:47:44,373 - INFO - Epoch   8/50 | Train: 0.184481 | Val: 0.183814 | Corr: 0.262468 | LR: 1.00e-02
2026-02-15 16:47:44,382 - INFO -   ↳ Saved best model (val_corr=0.262468)
2026-02-15 16:47:46,390 - INFO - Epoch   9/50 | Train: 0.184188 | Val: 0.183541 | Corr: 0.261883 | LR: 1.00e-02
2026-02-15 16:47:48,414 - INFO - Epoch  10/50 | Train: 0.183696 | Val: 0.183535 | Corr: 0.262754 | LR: 1.00e-02
2026-02-15 16:47:48,423 - INFO -   ↳ Saved best model (val_corr=0.262754)
2026-02-15 16:47:50,387 - INFO - Epoch  11/50 | Train: 0.183190 | Val: 0.183488 | Corr: 0.264140 | LR: 1.00e-02
2026-02-15 16:47:50,391 - INFO -   ↳ Saved best model (val_corr=0.264140)
2026-02-15 16:47:52,388 - INFO - Epoch  12/50 | Train: 0.183009 | Val: 0.183386 | Corr: 0.263603 | LR: 1.00e-02
2026-02-15 16:47:54,413 - INFO - Epoch  13/50 | Train: 0.182691 | Val: 0.183120 | Corr: 0.266149 | LR: 1.00e-02
2026-02-15 16:47:54,418 - INFO -   ↳ Saved best model (val_corr=0.266149)
2026-02-15 16:47:56,431 - INFO - Epoch  14/50 | Train: 0.182353 | Val: 0.183181 | Corr: 0.266072 | LR: 1.00e-02
2026-02-15 16:47:58,453 - INFO - Epoch  15/50 | Train: 0.182001 | Val: 0.183323 | Corr: 0.265234 | LR: 1.00e-02
2026-02-15 16:48:00,422 - INFO - Epoch  16/50 | Train: 0.181821 | Val: 0.183046 | Corr: 0.267264 | LR: 1.00e-02
2026-02-15 16:48:00,427 - INFO -   ↳ Saved best model (val_corr=0.267264)
2026-02-15 16:48:02,434 - INFO - Epoch  17/50 | Train: 0.181678 | Val: 0.183070 | Corr: 0.267004 | LR: 1.00e-02
2026-02-15 16:48:04,448 - INFO - Epoch  18/50 | Train: 0.181456 | Val: 0.183188 | Corr: 0.266806 | LR: 1.00e-02
2026-02-15 16:48:06,460 - INFO - Epoch  19/50 | Train: 0.181277 | Val: 0.182986 | Corr: 0.267213 | LR: 1.00e-02
2026-02-15 16:48:08,444 - INFO - Epoch  20/50 | Train: 0.181263 | Val: 0.183232 | Corr: 0.266622 | LR: 1.00e-02
2026-02-15 16:48:10,463 - INFO - Epoch  21/50 | Train: 0.181001 | Val: 0.182964 | Corr: 0.268482 | LR: 1.00e-02
2026-02-15 16:48:10,470 - INFO -   ↳ Saved best model (val_corr=0.268482)
2026-02-15 16:48:12,487 - INFO - Epoch  22/50 | Train: 0.180891 | Val: 0.182977 | Corr: 0.266833 | LR: 1.00e-02
2026-02-15 16:48:14,488 - INFO - Epoch  23/50 | Train: 0.180659 | Val: 0.183231 | Corr: 0.267761 | LR: 1.00e-02
2026-02-15 16:48:16,465 - INFO - Epoch  24/50 | Train: 0.180569 | Val: 0.183169 | Corr: 0.267367 | LR: 1.00e-02
2026-02-15 16:48:18,485 - INFO - Epoch  25/50 | Train: 0.180451 | Val: 0.183034 | Corr: 0.267510 | LR: 1.00e-02
2026-02-15 16:48:20,408 - INFO - Epoch  26/50 | Train: 0.180410 | Val: 0.183026 | Corr: 0.268144 | LR: 1.00e-02
2026-02-15 16:48:22,420 - INFO - Epoch  27/50 | Train: 0.180390 | Val: 0.183332 | Corr: 0.266597 | LR: 5.00e-03
2026-02-15 16:48:24,400 - INFO - Epoch  28/50 | Train: 0.179227 | Val: 0.182764 | Corr: 0.270300 | LR: 5.00e-03
2026-02-15 16:48:24,436 - INFO -   ↳ Saved best model (val_corr=0.270300)
2026-02-15 16:48:26,420 - INFO - Epoch  29/50 | Train: 0.178864 | Val: 0.182828 | Corr: 0.270049 | LR: 5.00e-03
2026-02-15 16:48:28,429 - INFO - Epoch  30/50 | Train: 0.178693 | Val: 0.182730 | Corr: 0.270298 | LR: 5.00e-03
2026-02-15 16:48:30,441 - INFO - Epoch  31/50 | Train: 0.178738 | Val: 0.182791 | Corr: 0.270334 | LR: 5.00e-03
2026-02-15 16:48:30,448 - INFO -   ↳ Saved best model (val_corr=0.270334)
2026-02-15 16:48:32,426 - INFO - Epoch  32/50 | Train: 0.178627 | Val: 0.182921 | Corr: 0.269708 | LR: 5.00e-03
2026-02-15 16:48:34,471 - INFO - Epoch  33/50 | Train: 0.178498 | Val: 0.182796 | Corr: 0.270427 | LR: 5.00e-03
2026-02-15 16:48:34,478 - INFO -   ↳ Saved best model (val_corr=0.270427)
2026-02-15 16:48:36,460 - INFO - Epoch  34/50 | Train: 0.178522 | Val: 0.182990 | Corr: 0.268921 | LR: 5.00e-03
2026-02-15 16:48:38,479 - INFO - Epoch  35/50 | Train: 0.178414 | Val: 0.182997 | Corr: 0.270091 | LR: 5.00e-03
2026-02-15 16:48:40,479 - INFO - Epoch  36/50 | Train: 0.178420 | Val: 0.182988 | Corr: 0.269217 | LR: 2.50e-03
2026-02-15 16:48:42,441 - INFO - Epoch  37/50 | Train: 0.177721 | Val: 0.182923 | Corr: 0.270660 | LR: 2.50e-03
2026-02-15 16:48:42,451 - INFO -   ↳ Saved best model (val_corr=0.270660)
2026-02-15 16:48:44,474 - INFO - Epoch  38/50 | Train: 0.177626 | Val: 0.182908 | Corr: 0.270661 | LR: 2.50e-03
2026-02-15 16:48:44,480 - INFO -   ↳ Saved best model (val_corr=0.270661)
2026-02-15 16:48:46,448 - INFO - Epoch  39/50 | Train: 0.177449 | Val: 0.183090 | Corr: 0.270623 | LR: 2.50e-03
2026-02-15 16:48:48,463 - INFO - Epoch  40/50 | Train: 0.177456 | Val: 0.182949 | Corr: 0.270735 | LR: 2.50e-03
2026-02-15 16:48:48,469 - INFO -   ↳ Saved best model (val_corr=0.270735)
2026-02-15 16:48:50,474 - INFO - Epoch  41/50 | Train: 0.177408 | Val: 0.182981 | Corr: 0.270370 | LR: 2.50e-03
2026-02-15 16:48:52,477 - INFO - Epoch  42/50 | Train: 0.177429 | Val: 0.183046 | Corr: 0.269969 | LR: 1.25e-03
2026-02-15 16:48:54,451 - INFO - Epoch  43/50 | Train: 0.176959 | Val: 0.183006 | Corr: 0.270670 | LR: 1.25e-03
2026-02-15 16:48:56,440 - INFO - Epoch  44/50 | Train: 0.176945 | Val: 0.183083 | Corr: 0.270337 | LR: 1.25e-03
2026-02-15 16:48:58,426 - INFO - Epoch  45/50 | Train: 0.176837 | Val: 0.183186 | Corr: 0.269981 | LR: 1.25e-03
2026-02-15 16:49:00,438 - INFO - Epoch  46/50 | Train: 0.176859 | Val: 0.183124 | Corr: 0.270079 | LR: 1.25e-03
2026-02-15 16:49:02,425 - INFO - Epoch  47/50 | Train: 0.176778 | Val: 0.183240 | Corr: 0.269889 | LR: 1.25e-03
2026-02-15 16:49:04,384 - INFO - Epoch  48/50 | Train: 0.176734 | Val: 0.183169 | Corr: 0.269858 | LR: 6.25e-04
2026-02-15 16:49:06,396 - INFO - Epoch  49/50 | Train: 0.176518 | Val: 0.183196 | Corr: 0.270188 | LR: 6.25e-04
2026-02-15 16:49:08,408 - INFO - Epoch  50/50 | Train: 0.176528 | Val: 0.183209 | Corr: 0.270067 | LR: 6.25e-04
2026-02-15 16:49:08,408 - INFO - Early stopping at epoch 50
2026-02-15 16:49:08,408 - INFO - Training complete — best val corr: 0.270735
2026-02-15 16:49:08,736 - INFO - Test loss: 0.173305, Test corr: 0.270045
2026-02-15 16:49:08,819 - INFO - Generating figures …
2026-02-15 16:49:09,032 - INFO - Correlation between predicted and actual per-neuron averages: r=0.9952, p=2.21e-63
2026-02-15 16:49:09,661 - INFO - Pattern selectivity summary:
2026-02-15 16:49:09,661 - INFO -   Mean correlation across neurons: 0.6155
2026-02-15 16:49:09,662 - INFO -   Median correlation: 0.6426
2026-02-15 16:49:09,662 - INFO -   Neurons with r > 0.5: 49 / 63
2026-02-15 16:49:09,662 - INFO -   Neurons with r > 0.3: 62 / 63
2026-02-15 16:49:09,662 - INFO - Pattern selectivity — mean neuron corr: 0.6155
2026-02-15 16:49:10,193 - INFO - LOO baseline — Model mean r: 0.3523, LOO mean r: 0.4728, Neurons model > LOO: 4/63
2026-02-15 16:49:10,194 - INFO - Skipping oracle trial plots (skip_oracle_plots=True)
2026-02-15 16:49:10,194 - INFO - Experiment complete. Summary: {
  "run_dir": "results/base_cnn_kernel_sweep_2026-02-15_11-28-56/trial_0139_learning_rate=0.01",
  "model_type": "cnn",
  "test_loss": 0.17330528819561006,
  "test_corr": 0.2700450007218208,
  "best_val_corr": 0.27073482545608973,
  "total_params": 103359,
  "trainable_params": 103359,
  "epochs_trained": 50,
  "mean_pattern_corr": 0.6154701612212787,
  "loo_mean_corr": 0.47275709111471625,
  "model_sample_mean_corr": 0.3523270845879114,
  "neurons_model_beats_loo": 4
}
2026-02-15 16:49:10,210 - INFO - 
======================================================================
2026-02-15 16:49:10,210 - INFO - [141/216] trial_0140_learning_rate=0.01
2026-02-15 16:49:10,210 - INFO -   Overrides: {"kernel_sizes": [10], "learning_rate": 0.01, "fc_dims": [256], "weight_decay": 0.0001, "conv_channels": [256]}
2026-02-15 16:49:10,210 - INFO -   Output: results/base_cnn_kernel_sweep_2026-02-15_11-28-56/trial_0140_learning_rate=0.01
