2026-03-05 23:57:00,876 - INFO - ============================================================
2026-03-05 23:57:00,876 - INFO - Experiment run directory: /scratch/sb272/patterns5k_results/slurm_hist_cnn_2026-03-05_16-01-45/trial_0551_learning_rate=1.0e-03_history=2_kernel_sizes=3x3x3_conv_channels=128x128x128_fc_dims=256_seed0
2026-03-05 23:57:00,876 - INFO - ============================================================
2026-03-05 23:57:00,876 - INFO - Loading data …
2026-03-05 23:57:01,820 - INFO - 63 unique neurons after dropping problematic neurons
2026-03-05 23:57:02,981 - INFO - Stimulation channels: 42, Spiking neurons: 63
2026-03-05 23:58:36,483 - INFO - Unique patterns: 4050, Total trials: 5000
2026-03-05 23:58:36,485 - INFO - Stimulation channels: 42, Spiking neurons: 63
2026-03-05 23:58:36,485 - INFO - Unique patterns: 4050, Total trials: 5000
2026-03-05 23:58:36,500 - INFO - Split (oracle): train=3400, val=600, test=1000
2026-03-05 23:58:52,577 - INFO - BinnedStimSpikeDataset initialized:
2026-03-05 23:58:52,578 - INFO -   input_bin_size_ms=10, output_bin_size_ms=10
2026-03-05 23:58:52,578 - INFO -   n_input_bins=60, n_output_bins=60
2026-03-05 23:58:52,578 - INFO -   output_offset=0, total_bins_input=60, total_bins_output=60
2026-03-05 23:58:52,578 - INFO -   Valid start positions per trial: 0 to 0
2026-03-05 23:58:52,578 - INFO -   Total samples: 3400 (3400 trials × 1 positions)
2026-03-05 23:59:08,881 - INFO - BinnedStimSpikeDataset initialized:
2026-03-05 23:59:08,881 - INFO -   input_bin_size_ms=10, output_bin_size_ms=10
2026-03-05 23:59:08,881 - INFO -   n_input_bins=60, n_output_bins=60
2026-03-05 23:59:08,881 - INFO -   output_offset=0, total_bins_input=60, total_bins_output=60
2026-03-05 23:59:08,881 - INFO -   Valid start positions per trial: 0 to 0
2026-03-05 23:59:08,881 - INFO -   Total samples: 600 (600 trials × 1 positions)
2026-03-05 23:59:25,036 - INFO - BinnedStimSpikeDataset initialized:
2026-03-05 23:59:25,036 - INFO -   input_bin_size_ms=10, output_bin_size_ms=10
2026-03-05 23:59:25,036 - INFO -   n_input_bins=60, n_output_bins=60
2026-03-05 23:59:25,036 - INFO -   output_offset=0, total_bins_input=60, total_bins_output=60
2026-03-05 23:59:25,036 - INFO -   Valid start positions per trial: 0 to 0
2026-03-05 23:59:25,036 - INFO -   Total samples: 1000 (1000 trials × 1 positions)
2026-03-05 23:59:25,036 - INFO - Samples — train: 3400, val: 600, test: 1000
2026-03-05 23:59:25,036 - INFO - Input channels: 105, Neurons: 63
2026-03-05 23:59:25,040 - INFO - Using CPU
2026-03-05 23:59:25,057 - INFO - Model: CNN — 188,991 trainable params (188,991 total)
2026-03-05 23:59:28,540 - INFO - Starting training …
2026-03-05 23:59:35,864 - INFO - Epoch   1/50 | Train: 0.212650 | Val: 0.177011 | Corr: 0.143820 | LR: 1.00e-03
2026-03-05 23:59:35,878 - INFO -   ↳ Saved best model (val_corr=0.143820)
2026-03-05 23:59:41,224 - INFO - Epoch   2/50 | Train: 0.174244 | Val: 0.172696 | Corr: 0.168073 | LR: 1.00e-03
2026-03-05 23:59:41,236 - INFO -   ↳ Saved best model (val_corr=0.168073)
2026-03-05 23:59:46,502 - INFO - Epoch   3/50 | Train: 0.171479 | Val: 0.171213 | Corr: 0.181589 | LR: 1.00e-03
2026-03-05 23:59:46,513 - INFO -   ↳ Saved best model (val_corr=0.181589)
2026-03-05 23:59:50,674 - INFO - Epoch   4/50 | Train: 0.169741 | Val: 0.169784 | Corr: 0.189562 | LR: 1.00e-03
2026-03-05 23:59:50,683 - INFO -   ↳ Saved best model (val_corr=0.189562)
2026-03-05 23:59:54,420 - INFO - Epoch   5/50 | Train: 0.168478 | Val: 0.168722 | Corr: 0.199662 | LR: 1.00e-03
2026-03-05 23:59:54,433 - INFO -   ↳ Saved best model (val_corr=0.199662)
2026-03-05 23:59:58,370 - INFO - Epoch   6/50 | Train: 0.167191 | Val: 0.167600 | Corr: 0.208341 | LR: 1.00e-03
2026-03-05 23:59:58,382 - INFO -   ↳ Saved best model (val_corr=0.208341)
2026-03-06 00:00:02,471 - INFO - Epoch   7/50 | Train: 0.166258 | Val: 0.166978 | Corr: 0.214257 | LR: 1.00e-03
2026-03-06 00:00:02,480 - INFO -   ↳ Saved best model (val_corr=0.214257)
2026-03-06 00:00:06,850 - INFO - Epoch   8/50 | Train: 0.165389 | Val: 0.166256 | Corr: 0.218919 | LR: 1.00e-03
2026-03-06 00:00:06,859 - INFO -   ↳ Saved best model (val_corr=0.218919)
2026-03-06 00:00:11,258 - INFO - Epoch   9/50 | Train: 0.164870 | Val: 0.165861 | Corr: 0.223508 | LR: 1.00e-03
2026-03-06 00:00:11,270 - INFO -   ↳ Saved best model (val_corr=0.223508)
2026-03-06 00:00:15,997 - INFO - Epoch  10/50 | Train: 0.164318 | Val: 0.165515 | Corr: 0.226597 | LR: 1.00e-03
2026-03-06 00:00:16,008 - INFO -   ↳ Saved best model (val_corr=0.226597)
2026-03-06 00:00:20,426 - INFO - Epoch  11/50 | Train: 0.163659 | Val: 0.164871 | Corr: 0.230884 | LR: 1.00e-03
2026-03-06 00:00:20,436 - INFO -   ↳ Saved best model (val_corr=0.230884)
2026-03-06 00:00:24,921 - INFO - Epoch  12/50 | Train: 0.163215 | Val: 0.165235 | Corr: 0.233421 | LR: 1.00e-03
2026-03-06 00:00:24,934 - INFO -   ↳ Saved best model (val_corr=0.233421)
2026-03-06 00:00:30,239 - INFO - Epoch  13/50 | Train: 0.162849 | Val: 0.164309 | Corr: 0.236489 | LR: 1.00e-03
2026-03-06 00:00:30,252 - INFO -   ↳ Saved best model (val_corr=0.236489)
2026-03-06 00:00:35,839 - INFO - Epoch  14/50 | Train: 0.162480 | Val: 0.164315 | Corr: 0.238350 | LR: 1.00e-03
2026-03-06 00:00:35,850 - INFO -   ↳ Saved best model (val_corr=0.238350)
2026-03-06 00:00:41,032 - INFO - Epoch  15/50 | Train: 0.162227 | Val: 0.164027 | Corr: 0.240349 | LR: 1.00e-03
2026-03-06 00:00:41,042 - INFO -   ↳ Saved best model (val_corr=0.240349)
2026-03-06 00:00:46,043 - INFO - Epoch  16/50 | Train: 0.161837 | Val: 0.163679 | Corr: 0.241342 | LR: 1.00e-03
2026-03-06 00:00:46,053 - INFO -   ↳ Saved best model (val_corr=0.241342)
2026-03-06 00:00:50,017 - INFO - Epoch  17/50 | Train: 0.161543 | Val: 0.163398 | Corr: 0.244147 | LR: 1.00e-03
2026-03-06 00:00:50,027 - INFO -   ↳ Saved best model (val_corr=0.244147)
2026-03-06 00:00:54,513 - INFO - Epoch  18/50 | Train: 0.161301 | Val: 0.163397 | Corr: 0.244350 | LR: 1.00e-03
2026-03-06 00:00:54,524 - INFO -   ↳ Saved best model (val_corr=0.244350)
2026-03-06 00:00:59,767 - INFO - Epoch  19/50 | Train: 0.161164 | Val: 0.163206 | Corr: 0.246463 | LR: 1.00e-03
2026-03-06 00:00:59,779 - INFO -   ↳ Saved best model (val_corr=0.246463)
2026-03-06 00:01:05,041 - INFO - Epoch  20/50 | Train: 0.160967 | Val: 0.163215 | Corr: 0.246890 | LR: 1.00e-03
2026-03-06 00:01:05,052 - INFO -   ↳ Saved best model (val_corr=0.246890)
2026-03-06 00:01:10,149 - INFO - Epoch  21/50 | Train: 0.160614 | Val: 0.163311 | Corr: 0.248672 | LR: 1.00e-03
2026-03-06 00:01:10,159 - INFO -   ↳ Saved best model (val_corr=0.248672)
2026-03-06 00:01:15,295 - INFO - Epoch  22/50 | Train: 0.160571 | Val: 0.163178 | Corr: 0.249714 | LR: 1.00e-03
2026-03-06 00:01:15,307 - INFO -   ↳ Saved best model (val_corr=0.249714)
2026-03-06 00:01:20,871 - INFO - Epoch  23/50 | Train: 0.160320 | Val: 0.163155 | Corr: 0.251187 | LR: 1.00e-03
2026-03-06 00:01:20,883 - INFO -   ↳ Saved best model (val_corr=0.251187)
2026-03-06 00:01:26,249 - INFO - Epoch  24/50 | Train: 0.160162 | Val: 0.162742 | Corr: 0.251516 | LR: 1.00e-03
2026-03-06 00:01:26,259 - INFO -   ↳ Saved best model (val_corr=0.251516)
2026-03-06 00:01:31,412 - INFO - Epoch  25/50 | Train: 0.159993 | Val: 0.163581 | Corr: 0.251624 | LR: 1.00e-03
2026-03-06 00:01:31,425 - INFO -   ↳ Saved best model (val_corr=0.251624)
2026-03-06 00:01:37,019 - INFO - Epoch  26/50 | Train: 0.159834 | Val: 0.162194 | Corr: 0.254301 | LR: 1.00e-03
2026-03-06 00:01:37,028 - INFO -   ↳ Saved best model (val_corr=0.254301)
2026-03-06 00:01:41,800 - INFO - Epoch  27/50 | Train: 0.159669 | Val: 0.162900 | Corr: 0.253473 | LR: 1.00e-03
2026-03-06 00:01:46,326 - INFO - Epoch  28/50 | Train: 0.159427 | Val: 0.162508 | Corr: 0.254804 | LR: 1.00e-03
2026-03-06 00:01:46,337 - INFO -   ↳ Saved best model (val_corr=0.254804)
2026-03-06 00:01:50,309 - INFO - Epoch  29/50 | Train: 0.159424 | Val: 0.162334 | Corr: 0.254618 | LR: 1.00e-03
2026-03-06 00:01:54,727 - INFO - Epoch  30/50 | Train: 0.159294 | Val: 0.162123 | Corr: 0.256371 | LR: 1.00e-03
2026-03-06 00:01:54,737 - INFO -   ↳ Saved best model (val_corr=0.256371)
2026-03-06 00:01:59,322 - INFO - Epoch  31/50 | Train: 0.159115 | Val: 0.162076 | Corr: 0.256285 | LR: 1.00e-03
2026-03-06 00:02:03,990 - INFO - Epoch  32/50 | Train: 0.159053 | Val: 0.162147 | Corr: 0.256575 | LR: 1.00e-03
2026-03-06 00:02:04,001 - INFO -   ↳ Saved best model (val_corr=0.256575)
2026-03-06 00:02:08,644 - INFO - Epoch  33/50 | Train: 0.158885 | Val: 0.161949 | Corr: 0.257401 | LR: 1.00e-03
2026-03-06 00:02:08,655 - INFO -   ↳ Saved best model (val_corr=0.257401)
2026-03-06 00:02:12,523 - INFO - Epoch  34/50 | Train: 0.158774 | Val: 0.163493 | Corr: 0.255672 | LR: 1.00e-03
2026-03-06 00:02:16,193 - INFO - Epoch  35/50 | Train: 0.158668 | Val: 0.162533 | Corr: 0.256975 | LR: 1.00e-03
2026-03-06 00:02:19,947 - INFO - Epoch  36/50 | Train: 0.158625 | Val: 0.162174 | Corr: 0.258092 | LR: 1.00e-03
2026-03-06 00:02:19,968 - INFO -   ↳ Saved best model (val_corr=0.258092)
2026-03-06 00:02:24,231 - INFO - Epoch  37/50 | Train: 0.158551 | Val: 0.162199 | Corr: 0.258608 | LR: 1.00e-03
2026-03-06 00:02:24,242 - INFO -   ↳ Saved best model (val_corr=0.258608)
2026-03-06 00:02:28,787 - INFO - Epoch  38/50 | Train: 0.158352 | Val: 0.162146 | Corr: 0.258932 | LR: 1.00e-03
2026-03-06 00:02:28,796 - INFO -   ↳ Saved best model (val_corr=0.258932)
2026-03-06 00:02:33,067 - INFO - Epoch  39/50 | Train: 0.158301 | Val: 0.161581 | Corr: 0.261241 | LR: 1.00e-03
2026-03-06 00:02:33,083 - INFO -   ↳ Saved best model (val_corr=0.261241)
2026-03-06 00:02:37,496 - INFO - Epoch  40/50 | Train: 0.158172 | Val: 0.161773 | Corr: 0.260173 | LR: 1.00e-03
2026-03-06 00:02:42,055 - INFO - Epoch  41/50 | Train: 0.158063 | Val: 0.161889 | Corr: 0.259753 | LR: 1.00e-03
2026-03-06 00:02:46,158 - INFO - Epoch  42/50 | Train: 0.158023 | Val: 0.161985 | Corr: 0.259544 | LR: 1.00e-03
2026-03-06 00:02:50,189 - INFO - Epoch  43/50 | Train: 0.158001 | Val: 0.162017 | Corr: 0.260917 | LR: 1.00e-03
2026-03-06 00:02:54,338 - INFO - Epoch  44/50 | Train: 0.157794 | Val: 0.162174 | Corr: 0.259772 | LR: 1.00e-03
2026-03-06 00:02:58,139 - INFO - Epoch  45/50 | Train: 0.157838 | Val: 0.161918 | Corr: 0.259716 | LR: 5.00e-04
2026-03-06 00:03:02,621 - INFO - Epoch  46/50 | Train: 0.157269 | Val: 0.161937 | Corr: 0.260898 | LR: 5.00e-04
2026-03-06 00:03:07,444 - INFO - Epoch  47/50 | Train: 0.157113 | Val: 0.161283 | Corr: 0.263652 | LR: 5.00e-04
2026-03-06 00:03:07,457 - INFO -   ↳ Saved best model (val_corr=0.263652)
2026-03-06 00:03:12,330 - INFO - Epoch  48/50 | Train: 0.156975 | Val: 0.161647 | Corr: 0.261971 | LR: 5.00e-04
2026-03-06 00:03:17,252 - INFO - Epoch  49/50 | Train: 0.157038 | Val: 0.161628 | Corr: 0.262390 | LR: 5.00e-04
2026-03-06 00:03:22,170 - INFO - Epoch  50/50 | Train: 0.156937 | Val: 0.161526 | Corr: 0.262944 | LR: 5.00e-04
2026-03-06 00:03:22,170 - INFO - Training complete — best val corr: 0.263652
2026-03-06 00:03:23,570 - INFO - Test loss: 0.151603, Test corr: 0.251974
2026-03-06 00:03:24,019 - INFO - Fraction of variance explained (FVE): 0.078079
2026-03-06 00:03:24,019 - INFO - Computing autoregressive (AR) test predictions …
2026-03-06 00:03:24,600 - INFO - AR FVE: -0.007896, AR test corr: 0.072019
2026-03-06 00:03:24,600 - INFO - Generating figures …
2026-03-06 00:03:25,026 - INFO - Correlation between predicted and actual per-neuron averages: r=0.9935, p=0.00e+00
2026-03-06 00:03:26,994 - INFO - Pattern selectivity summary:
2026-03-06 00:03:26,994 - INFO -   Mean correlation across neurons: 0.7280
2026-03-06 00:03:26,994 - INFO -   Median correlation: 0.7600
2026-03-06 00:03:26,994 - INFO -   Neurons with r > 0.5: 56 / 63
2026-03-06 00:03:26,995 - INFO -   Neurons with r > 0.3: 62 / 63
2026-03-06 00:03:26,995 - INFO - Pattern selectivity — mean neuron corr: 0.7280
2026-03-06 00:03:28,405 - INFO - LOO (avg rate) — Model mean r: 0.5845, LOO mean r: 0.4546, Neurons model > LOO: 50/63
2026-03-06 00:03:30,371 - INFO - LOO (temporal) — Model mean r: 0.2616, LOO mean r: 0.3186, Neurons model > LOO: 13/63
2026-03-06 00:03:30,371 - INFO - Skipping oracle trial plots (skip_oracle_plots=True)
2026-03-06 00:03:30,376 - INFO - Experiment complete. Summary: {
  "run_dir": "/scratch/sb272/patterns5k_results/slurm_hist_cnn_2026-03-05_16-01-45/trial_0551_learning_rate=1.0e-03_history=2_kernel_sizes=3x3x3_conv_channels=128x128x128_fc_dims=256_seed0",
  "model_type": "cnn",
  "batch_avg_test_loss": 0.15160312736034393,
  "batch_avg_test_corr": 0.2519739332463252,
  "all_test_fve": 0.07807899656749907,
  "AR_FVE": -0.007895553868914407,
  "AR_test_correlation": 0.07201943546533585,
  "best_val_corr": 0.26365241616097485,
  "total_params": 188991,
  "trainable_params": 188991,
  "epochs_trained": 50,
  "mean_pattern_corr": 0.7279959075570451,
  "history": 2,
  "init_state": true,
  "loo_avg_mean_corr": 0.45456832695830385,
  "model_avg_mean_corr": 0.5845269702621165,
  "neurons_model_beats_loo_avg": 50,
  "loo_temporal_mean_corr": 0.31855225563049316,
  "all_test_corr": 0.2616088390350342,
  "neurons_model_beats_loo_temporal": 13,
  "kernel_sizes": [
    3,
    3,
    3
  ],
  "conv_channels": [
    128,
    128,
    128
  ],
  "fc_dims": [
    256
  ]
}
