2026-02-25 03:22:45,123 - INFO - ============================================================
2026-02-25 03:22:45,123 - INFO - Experiment run directory: results/multilayer_cnn_nohist_sweep_v2_2026-02-24_22-05-22/trial_0126_history=5_kernel_sizes=10_conv_channels=256_fc_dims=256
2026-02-25 03:22:45,123 - INFO - ============================================================
2026-02-25 03:22:45,123 - INFO - Using preloaded raw data (skipping I/O)
2026-02-25 03:22:45,123 - INFO - Stimulation channels: 42, Spiking neurons: 63
2026-02-25 03:22:45,123 - INFO - Unique patterns: 4050, Total trials: 5000
2026-02-25 03:22:45,138 - INFO - Split (oracle): train=3400, val=600, test=1000
2026-02-25 03:22:59,860 - INFO - BinnedStimSpikeDataset initialized:
2026-02-25 03:22:59,861 - INFO -   input_bin_size_ms=10, output_bin_size_ms=10
2026-02-25 03:22:59,861 - INFO -   n_input_bins=60, n_output_bins=60
2026-02-25 03:22:59,861 - INFO -   output_offset=0, total_bins_input=60, total_bins_output=60
2026-02-25 03:22:59,861 - INFO -   Valid start positions per trial: 0 to 0
2026-02-25 03:22:59,861 - INFO -   Total samples: 3400 (3400 trials × 1 positions)
2026-02-25 03:23:13,336 - INFO - BinnedStimSpikeDataset initialized:
2026-02-25 03:23:13,336 - INFO -   input_bin_size_ms=10, output_bin_size_ms=10
2026-02-25 03:23:13,336 - INFO -   n_input_bins=60, n_output_bins=60
2026-02-25 03:23:13,336 - INFO -   output_offset=0, total_bins_input=60, total_bins_output=60
2026-02-25 03:23:13,336 - INFO -   Valid start positions per trial: 0 to 0
2026-02-25 03:23:13,336 - INFO -   Total samples: 600 (600 trials × 1 positions)
2026-02-25 03:23:26,993 - INFO - BinnedStimSpikeDataset initialized:
2026-02-25 03:23:26,994 - INFO -   input_bin_size_ms=10, output_bin_size_ms=10
2026-02-25 03:23:26,994 - INFO -   n_input_bins=60, n_output_bins=60
2026-02-25 03:23:26,994 - INFO -   output_offset=0, total_bins_input=60, total_bins_output=60
2026-02-25 03:23:26,994 - INFO -   Valid start positions per trial: 0 to 0
2026-02-25 03:23:26,994 - INFO -   Total samples: 1000 (1000 trials × 1 positions)
2026-02-25 03:23:26,994 - INFO - Samples — train: 3400, val: 600, test: 1000
2026-02-25 03:23:26,994 - INFO - Input channels: 105, Neurons: 63
2026-02-25 03:23:26,994 - INFO - Using Apple Silicon MPS acceleration
2026-02-25 03:23:27,015 - INFO - Model: CNN — 351,551 trainable params (351,551 total)
2026-02-25 03:23:27,016 - INFO - Starting training …
2026-02-25 03:23:30,715 - INFO - Epoch   1/50 | Train: 0.231138 | Val: 0.197910 | Corr: 0.099083 | LR: 1.00e-03
2026-02-25 03:23:30,731 - INFO -   ↳ Saved best model (val_corr=0.099083)
2026-02-25 03:23:34,101 - INFO - Epoch   2/50 | Train: 0.197345 | Val: 0.194724 | Corr: 0.121771 | LR: 1.00e-03
2026-02-25 03:23:34,112 - INFO -   ↳ Saved best model (val_corr=0.121771)
2026-02-25 03:23:37,518 - INFO - Epoch   3/50 | Train: 0.193021 | Val: 0.190622 | Corr: 0.147256 | LR: 1.00e-03
2026-02-25 03:23:37,534 - INFO -   ↳ Saved best model (val_corr=0.147256)
2026-02-25 03:23:40,937 - INFO - Epoch   4/50 | Train: 0.188899 | Val: 0.187656 | Corr: 0.164498 | LR: 1.00e-03
2026-02-25 03:23:40,958 - INFO -   ↳ Saved best model (val_corr=0.164498)
2026-02-25 03:23:44,356 - INFO - Epoch   5/50 | Train: 0.186214 | Val: 0.186149 | Corr: 0.174816 | LR: 1.00e-03
2026-02-25 03:23:44,370 - INFO -   ↳ Saved best model (val_corr=0.174816)
2026-02-25 03:23:47,583 - INFO - Epoch   6/50 | Train: 0.184317 | Val: 0.184987 | Corr: 0.181033 | LR: 1.00e-03
2026-02-25 03:23:47,594 - INFO -   ↳ Saved best model (val_corr=0.181033)
2026-02-25 03:23:50,868 - INFO - Epoch   7/50 | Train: 0.182728 | Val: 0.184160 | Corr: 0.188391 | LR: 1.00e-03
2026-02-25 03:23:50,889 - INFO -   ↳ Saved best model (val_corr=0.188391)
2026-02-25 03:23:54,304 - INFO - Epoch   8/50 | Train: 0.181447 | Val: 0.183610 | Corr: 0.192900 | LR: 1.00e-03
2026-02-25 03:23:54,314 - INFO -   ↳ Saved best model (val_corr=0.192900)
2026-02-25 03:23:57,700 - INFO - Epoch   9/50 | Train: 0.180370 | Val: 0.183081 | Corr: 0.195548 | LR: 1.00e-03
2026-02-25 03:23:57,708 - INFO -   ↳ Saved best model (val_corr=0.195548)
2026-02-25 03:24:01,050 - INFO - Epoch  10/50 | Train: 0.179454 | Val: 0.182394 | Corr: 0.201186 | LR: 1.00e-03
2026-02-25 03:24:01,058 - INFO -   ↳ Saved best model (val_corr=0.201186)
2026-02-25 03:24:04,365 - INFO - Epoch  11/50 | Train: 0.178489 | Val: 0.182141 | Corr: 0.202550 | LR: 1.00e-03
2026-02-25 03:24:04,378 - INFO -   ↳ Saved best model (val_corr=0.202550)
2026-02-25 03:24:07,742 - INFO - Epoch  12/50 | Train: 0.177731 | Val: 0.181814 | Corr: 0.204872 | LR: 1.00e-03
2026-02-25 03:24:07,755 - INFO -   ↳ Saved best model (val_corr=0.204872)
2026-02-25 03:24:11,120 - INFO - Epoch  13/50 | Train: 0.176916 | Val: 0.182369 | Corr: 0.206007 | LR: 1.00e-03
2026-02-25 03:24:11,132 - INFO -   ↳ Saved best model (val_corr=0.206007)
2026-02-25 03:24:14,501 - INFO - Epoch  14/50 | Train: 0.176164 | Val: 0.181651 | Corr: 0.207662 | LR: 1.00e-03
2026-02-25 03:24:14,511 - INFO -   ↳ Saved best model (val_corr=0.207662)
2026-02-25 03:24:17,874 - INFO - Epoch  15/50 | Train: 0.175574 | Val: 0.181721 | Corr: 0.208438 | LR: 1.00e-03
2026-02-25 03:24:17,888 - INFO -   ↳ Saved best model (val_corr=0.208438)
2026-02-25 03:24:21,190 - INFO - Epoch  16/50 | Train: 0.175058 | Val: 0.181499 | Corr: 0.208717 | LR: 1.00e-03
2026-02-25 03:24:21,207 - INFO -   ↳ Saved best model (val_corr=0.208717)
2026-02-25 03:24:24,558 - INFO - Epoch  17/50 | Train: 0.174422 | Val: 0.181467 | Corr: 0.210012 | LR: 1.00e-03
2026-02-25 03:24:24,570 - INFO -   ↳ Saved best model (val_corr=0.210012)
2026-02-25 03:24:27,918 - INFO - Epoch  18/50 | Train: 0.173867 | Val: 0.181408 | Corr: 0.211469 | LR: 1.00e-03
2026-02-25 03:24:27,927 - INFO -   ↳ Saved best model (val_corr=0.211469)
2026-02-25 03:24:31,264 - INFO - Epoch  19/50 | Train: 0.173339 | Val: 0.181591 | Corr: 0.210466 | LR: 1.00e-03
2026-02-25 03:24:34,557 - INFO - Epoch  20/50 | Train: 0.173014 | Val: 0.181491 | Corr: 0.211865 | LR: 1.00e-03
2026-02-25 03:24:34,568 - INFO -   ↳ Saved best model (val_corr=0.211865)
2026-02-25 03:24:37,925 - INFO - Epoch  21/50 | Train: 0.172487 | Val: 0.181604 | Corr: 0.211925 | LR: 1.00e-03
2026-02-25 03:24:37,936 - INFO -   ↳ Saved best model (val_corr=0.211925)
2026-02-25 03:24:41,282 - INFO - Epoch  22/50 | Train: 0.171966 | Val: 0.181487 | Corr: 0.211449 | LR: 1.00e-03
2026-02-25 03:24:44,623 - INFO - Epoch  23/50 | Train: 0.171580 | Val: 0.181583 | Corr: 0.211177 | LR: 1.00e-03
2026-02-25 03:24:47,961 - INFO - Epoch  24/50 | Train: 0.171154 | Val: 0.181720 | Corr: 0.211743 | LR: 5.00e-04
2026-02-25 03:24:51,251 - INFO - Epoch  25/50 | Train: 0.169648 | Val: 0.181543 | Corr: 0.213374 | LR: 5.00e-04
2026-02-25 03:24:51,261 - INFO -   ↳ Saved best model (val_corr=0.213374)
2026-02-25 03:24:54,489 - INFO - Epoch  26/50 | Train: 0.169300 | Val: 0.181584 | Corr: 0.212781 | LR: 5.00e-04
2026-02-25 03:24:57,747 - INFO - Epoch  27/50 | Train: 0.168955 | Val: 0.181694 | Corr: 0.212890 | LR: 5.00e-04
2026-02-25 03:25:00,918 - INFO - Epoch  28/50 | Train: 0.168707 | Val: 0.181851 | Corr: 0.212247 | LR: 5.00e-04
2026-02-25 03:25:04,096 - INFO - Epoch  29/50 | Train: 0.168531 | Val: 0.181920 | Corr: 0.212405 | LR: 5.00e-04
2026-02-25 03:25:07,389 - INFO - Epoch  30/50 | Train: 0.168298 | Val: 0.182127 | Corr: 0.211646 | LR: 2.50e-04
2026-02-25 03:25:10,613 - INFO - Epoch  31/50 | Train: 0.167530 | Val: 0.182046 | Corr: 0.212629 | LR: 2.50e-04
2026-02-25 03:25:13,822 - INFO - Epoch  32/50 | Train: 0.167301 | Val: 0.182043 | Corr: 0.212335 | LR: 2.50e-04
2026-02-25 03:25:17,103 - INFO - Epoch  33/50 | Train: 0.167258 | Val: 0.182097 | Corr: 0.212373 | LR: 2.50e-04
2026-02-25 03:25:20,346 - INFO - Epoch  34/50 | Train: 0.167061 | Val: 0.182316 | Corr: 0.211765 | LR: 2.50e-04
2026-02-25 03:25:23,556 - INFO - Epoch  35/50 | Train: 0.167007 | Val: 0.182235 | Corr: 0.212027 | LR: 2.50e-04
2026-02-25 03:25:23,556 - INFO - Early stopping at epoch 35
2026-02-25 03:25:23,556 - INFO - Training complete — best val corr: 0.213374
2026-02-25 03:25:24,020 - INFO - Test loss: 0.171494, Test corr: 0.213674
2026-02-25 03:25:24,181 - INFO - Fraction of variance explained (FVE): 0.053357
2026-02-25 03:25:24,182 - INFO - Computing autoregressive (AR) test predictions …
2026-02-25 03:25:24,414 - INFO - AR FVE: 0.045280, AR test corr: 0.201377
2026-02-25 03:25:24,414 - INFO - Generating figures …
2026-02-25 03:25:24,878 - INFO - Correlation between predicted and actual per-neuron averages: r=0.9886, p=6.84e-52
2026-02-25 03:25:25,454 - INFO - Pattern selectivity summary:
2026-02-25 03:25:25,454 - INFO -   Mean correlation across neurons: 0.6327
2026-02-25 03:25:25,454 - INFO -   Median correlation: 0.6665
2026-02-25 03:25:25,454 - INFO -   Neurons with r > 0.5: 53 / 63
2026-02-25 03:25:25,454 - INFO -   Neurons with r > 0.3: 60 / 63
2026-02-25 03:25:25,454 - INFO - Pattern selectivity — mean neuron corr: 0.6327
2026-02-25 03:25:25,838 - INFO - LOO (avg rate) — Model mean r: 0.4374, LOO mean r: 0.4728, Neurons model > LOO: 21/63
2026-02-25 03:25:26,594 - INFO - LOO (temporal) — Model mean r: 0.2212, LOO mean r: 0.3815, Neurons model > LOO: 1/63
2026-02-25 03:25:26,594 - INFO - Skipping oracle trial plots (skip_oracle_plots=True)
2026-02-25 03:25:26,595 - INFO - Experiment complete. Summary: {
  "run_dir": "results/multilayer_cnn_nohist_sweep_v2_2026-02-24_22-05-22/trial_0126_history=5_kernel_sizes=10_conv_channels=256_fc_dims=256",
  "model_type": "cnn",
  "batch_avg_test_loss": 0.1714937925338745,
  "batch_avg_test_corr": 0.2136740134363043,
  "all_test_fve": 0.053356995658269006,
  "AR_FVE": 0.045280277729034424,
  "AR_test_correlation": 0.2013770043849945,
  "best_val_corr": 0.21337364771688735,
  "total_params": 351551,
  "trainable_params": 351551,
  "epochs_trained": 35,
  "mean_pattern_corr": 0.6327153139313854,
  "history": 5,
  "init_state": true,
  "loo_avg_mean_corr": 0.47275709111471625,
  "model_avg_mean_corr": 0.4373546601489263,
  "neurons_model_beats_loo_avg": 21,
  "loo_temporal_mean_corr": 0.3815135061740875,
  "all_test_corr": 0.22123658657073975,
  "neurons_model_beats_loo_temporal": 1,
  "kernel_sizes": [
    10
  ],
  "conv_channels": [
    256
  ],
  "fc_dims": [
    256
  ]
}
2026-02-25 03:25:26,603 - INFO - 
======================================================================
2026-02-25 03:25:26,603 - INFO - [128/864] trial_0127_history=5_kernel_sizes=10_conv_channels=256_fc_dims=256
2026-02-25 03:25:26,603 - INFO -   Overrides: {"_arch": {"kernel_sizes": [10], "conv_channels": [256], "fc_dims": [256]}, "history": 5, "weight_decay": 0.001}
2026-02-25 03:25:26,603 - INFO -   Output: results/multilayer_cnn_nohist_sweep_v2_2026-02-24_22-05-22/trial_0127_history=5_kernel_sizes=10_conv_channels=256_fc_dims=256
