2026-03-06 13:44:05,670 - INFO - ============================================================
2026-03-06 13:44:05,670 - INFO - Experiment run directory: /scratch/sb272/patterns5k_results/slurm_base_cnn_2026-03-06_09-50-40/trial_0043_learning_rate=1.0e-03_kernel_sizes=3x3x3_conv_channels=32x64x128_fc_dims=256_seed2
2026-03-06 13:44:05,670 - INFO - ============================================================
2026-03-06 13:44:05,670 - INFO - Loading data …
2026-03-06 13:44:06,466 - INFO - 63 unique neurons after dropping problematic neurons
2026-03-06 13:44:07,615 - INFO - Stimulation channels: 42, Spiking neurons: 63
2026-03-06 13:45:59,932 - INFO - Unique patterns: 4050, Total trials: 5000
2026-03-06 13:45:59,934 - INFO - Stimulation channels: 42, Spiking neurons: 63
2026-03-06 13:45:59,934 - INFO - Unique patterns: 4050, Total trials: 5000
2026-03-06 13:45:59,950 - INFO - Split (oracle): train=3400, val=600, test=1000
2026-03-06 13:46:23,275 - INFO - BinnedStimSpikeDataset initialized:
2026-03-06 13:46:23,276 - INFO -   input_bin_size_ms=10, output_bin_size_ms=10
2026-03-06 13:46:23,276 - INFO -   n_input_bins=60, n_output_bins=60
2026-03-06 13:46:23,277 - INFO -   output_offset=0, total_bins_input=60, total_bins_output=60
2026-03-06 13:46:23,277 - INFO -   Valid start positions per trial: 0 to 0
2026-03-06 13:46:23,277 - INFO -   Total samples: 3400 (3400 trials × 1 positions)
2026-03-06 13:46:45,911 - INFO - BinnedStimSpikeDataset initialized:
2026-03-06 13:46:45,911 - INFO -   input_bin_size_ms=10, output_bin_size_ms=10
2026-03-06 13:46:45,911 - INFO -   n_input_bins=60, n_output_bins=60
2026-03-06 13:46:45,911 - INFO -   output_offset=0, total_bins_input=60, total_bins_output=60
2026-03-06 13:46:45,911 - INFO -   Valid start positions per trial: 0 to 0
2026-03-06 13:46:45,911 - INFO -   Total samples: 600 (600 trials × 1 positions)
2026-03-06 13:47:08,706 - INFO - BinnedStimSpikeDataset initialized:
2026-03-06 13:47:08,706 - INFO -   input_bin_size_ms=10, output_bin_size_ms=10
2026-03-06 13:47:08,706 - INFO -   n_input_bins=60, n_output_bins=60
2026-03-06 13:47:08,706 - INFO -   output_offset=0, total_bins_input=60, total_bins_output=60
2026-03-06 13:47:08,706 - INFO -   Valid start positions per trial: 0 to 0
2026-03-06 13:47:08,706 - INFO -   Total samples: 1000 (1000 trials × 1 positions)
2026-03-06 13:47:08,706 - INFO - Samples — train: 3400, val: 600, test: 1000
2026-03-06 13:47:08,706 - INFO - Input channels: 42, Neurons: 63
2026-03-06 13:47:08,716 - INFO - Using CPU
2026-03-06 13:47:08,732 - INFO - Model: CNN — 84,639 trainable params (84,639 total)
2026-03-06 13:47:15,089 - INFO - Starting training …
2026-03-06 13:47:19,239 - INFO - Epoch   1/50 | Train: 0.219671 | Val: 0.181752 | Corr: 0.071769 | LR: 1.00e-03
2026-03-06 13:47:19,254 - INFO -   ↳ Saved best model (val_corr=0.071769)
2026-03-06 13:47:22,562 - INFO - Epoch   2/50 | Train: 0.184045 | Val: 0.181030 | Corr: 0.079029 | LR: 1.00e-03
2026-03-06 13:47:22,604 - INFO -   ↳ Saved best model (val_corr=0.079029)
2026-03-06 13:47:25,904 - INFO - Epoch   3/50 | Train: 0.182862 | Val: 0.180205 | Corr: 0.087583 | LR: 1.00e-03
2026-03-06 13:47:25,919 - INFO -   ↳ Saved best model (val_corr=0.087583)
2026-03-06 13:47:29,508 - INFO - Epoch   4/50 | Train: 0.182074 | Val: 0.181842 | Corr: 0.086047 | LR: 1.00e-03
2026-03-06 13:47:32,848 - INFO - Epoch   5/50 | Train: 0.181364 | Val: 0.179586 | Corr: 0.095637 | LR: 1.00e-03
2026-03-06 13:47:32,866 - INFO -   ↳ Saved best model (val_corr=0.095637)
2026-03-06 13:47:36,158 - INFO - Epoch   6/50 | Train: 0.180832 | Val: 0.180448 | Corr: 0.100750 | LR: 1.00e-03
2026-03-06 13:47:36,198 - INFO -   ↳ Saved best model (val_corr=0.100750)
2026-03-06 13:47:39,473 - INFO - Epoch   7/50 | Train: 0.180364 | Val: 0.178872 | Corr: 0.105048 | LR: 1.00e-03
2026-03-06 13:47:39,488 - INFO -   ↳ Saved best model (val_corr=0.105048)
2026-03-06 13:47:43,069 - INFO - Epoch   8/50 | Train: 0.180108 | Val: 0.178487 | Corr: 0.107456 | LR: 1.00e-03
2026-03-06 13:47:43,081 - INFO -   ↳ Saved best model (val_corr=0.107456)
2026-03-06 13:47:46,427 - INFO - Epoch   9/50 | Train: 0.179500 | Val: 0.178761 | Corr: 0.110798 | LR: 1.00e-03
2026-03-06 13:47:46,444 - INFO -   ↳ Saved best model (val_corr=0.110798)
2026-03-06 13:47:49,664 - INFO - Epoch  10/50 | Train: 0.179434 | Val: 0.179094 | Corr: 0.114192 | LR: 1.00e-03
2026-03-06 13:47:49,674 - INFO -   ↳ Saved best model (val_corr=0.114192)
2026-03-06 13:47:53,032 - INFO - Epoch  11/50 | Train: 0.179079 | Val: 0.178187 | Corr: 0.115016 | LR: 1.00e-03
2026-03-06 13:47:53,046 - INFO -   ↳ Saved best model (val_corr=0.115016)
2026-03-06 13:47:56,776 - INFO - Epoch  12/50 | Train: 0.178811 | Val: 0.179221 | Corr: 0.118286 | LR: 1.00e-03
2026-03-06 13:47:56,793 - INFO -   ↳ Saved best model (val_corr=0.118286)
2026-03-06 13:48:00,353 - INFO - Epoch  13/50 | Train: 0.178495 | Val: 0.178528 | Corr: 0.118826 | LR: 1.00e-03
2026-03-06 13:48:00,366 - INFO -   ↳ Saved best model (val_corr=0.118826)
2026-03-06 13:48:03,952 - INFO - Epoch  14/50 | Train: 0.178364 | Val: 0.177451 | Corr: 0.120513 | LR: 1.00e-03
2026-03-06 13:48:03,965 - INFO -   ↳ Saved best model (val_corr=0.120513)
2026-03-06 13:48:07,493 - INFO - Epoch  15/50 | Train: 0.178297 | Val: 0.177966 | Corr: 0.121733 | LR: 1.00e-03
2026-03-06 13:48:07,515 - INFO -   ↳ Saved best model (val_corr=0.121733)
2026-03-06 13:48:11,235 - INFO - Epoch  16/50 | Train: 0.178092 | Val: 0.177001 | Corr: 0.123267 | LR: 1.00e-03
2026-03-06 13:48:11,252 - INFO -   ↳ Saved best model (val_corr=0.123267)
2026-03-06 13:48:14,811 - INFO - Epoch  17/50 | Train: 0.177882 | Val: 0.176884 | Corr: 0.124823 | LR: 1.00e-03
2026-03-06 13:48:14,823 - INFO -   ↳ Saved best model (val_corr=0.124823)
2026-03-06 13:48:18,416 - INFO - Epoch  18/50 | Train: 0.177817 | Val: 0.178392 | Corr: 0.124908 | LR: 1.00e-03
2026-03-06 13:48:18,466 - INFO -   ↳ Saved best model (val_corr=0.124908)
2026-03-06 13:48:22,140 - INFO - Epoch  19/50 | Train: 0.177734 | Val: 0.176755 | Corr: 0.126448 | LR: 1.00e-03
2026-03-06 13:48:22,153 - INFO -   ↳ Saved best model (val_corr=0.126448)
2026-03-06 13:48:25,750 - INFO - Epoch  20/50 | Train: 0.177517 | Val: 0.177156 | Corr: 0.128185 | LR: 1.00e-03
2026-03-06 13:48:25,764 - INFO -   ↳ Saved best model (val_corr=0.128185)
2026-03-06 13:48:29,358 - INFO - Epoch  21/50 | Train: 0.177493 | Val: 0.176741 | Corr: 0.127768 | LR: 1.00e-03
2026-03-06 13:48:32,925 - INFO - Epoch  22/50 | Train: 0.177510 | Val: 0.177146 | Corr: 0.129519 | LR: 1.00e-03
2026-03-06 13:48:32,942 - INFO -   ↳ Saved best model (val_corr=0.129519)
2026-03-06 13:48:36,722 - INFO - Epoch  23/50 | Train: 0.177344 | Val: 0.176776 | Corr: 0.130465 | LR: 1.00e-03
2026-03-06 13:48:36,762 - INFO -   ↳ Saved best model (val_corr=0.130465)
2026-03-06 13:48:40,223 - INFO - Epoch  24/50 | Train: 0.177213 | Val: 0.176355 | Corr: 0.131136 | LR: 1.00e-03
2026-03-06 13:48:40,237 - INFO -   ↳ Saved best model (val_corr=0.131136)
2026-03-06 13:48:43,710 - INFO - Epoch  25/50 | Train: 0.177124 | Val: 0.176373 | Corr: 0.131424 | LR: 1.00e-03
2026-03-06 13:48:43,724 - INFO -   ↳ Saved best model (val_corr=0.131424)
2026-03-06 13:48:47,313 - INFO - Epoch  26/50 | Train: 0.177188 | Val: 0.176876 | Corr: 0.131643 | LR: 1.00e-03
2026-03-06 13:48:47,328 - INFO -   ↳ Saved best model (val_corr=0.131643)
2026-03-06 13:48:51,139 - INFO - Epoch  27/50 | Train: 0.177082 | Val: 0.176866 | Corr: 0.132771 | LR: 1.00e-03
2026-03-06 13:48:51,149 - INFO -   ↳ Saved best model (val_corr=0.132771)
2026-03-06 13:48:54,750 - INFO - Epoch  28/50 | Train: 0.176977 | Val: 0.176281 | Corr: 0.133054 | LR: 1.00e-03
2026-03-06 13:48:54,761 - INFO -   ↳ Saved best model (val_corr=0.133054)
2026-03-06 13:48:58,338 - INFO - Epoch  29/50 | Train: 0.176793 | Val: 0.176299 | Corr: 0.133190 | LR: 1.00e-03
2026-03-06 13:48:58,353 - INFO -   ↳ Saved best model (val_corr=0.133190)
2026-03-06 13:49:01,885 - INFO - Epoch  30/50 | Train: 0.176884 | Val: 0.176353 | Corr: 0.132953 | LR: 1.00e-03
2026-03-06 13:49:05,654 - INFO - Epoch  31/50 | Train: 0.176919 | Val: 0.176036 | Corr: 0.134857 | LR: 1.00e-03
2026-03-06 13:49:05,667 - INFO -   ↳ Saved best model (val_corr=0.134857)
2026-03-06 13:49:09,258 - INFO - Epoch  32/50 | Train: 0.176641 | Val: 0.175994 | Corr: 0.135058 | LR: 1.00e-03
2026-03-06 13:49:09,275 - INFO -   ↳ Saved best model (val_corr=0.135058)
2026-03-06 13:49:12,859 - INFO - Epoch  33/50 | Train: 0.176649 | Val: 0.175987 | Corr: 0.135437 | LR: 1.00e-03
2026-03-06 13:49:12,874 - INFO -   ↳ Saved best model (val_corr=0.135437)
2026-03-06 13:49:16,507 - INFO - Epoch  34/50 | Train: 0.176667 | Val: 0.176140 | Corr: 0.135068 | LR: 1.00e-03
2026-03-06 13:49:20,044 - INFO - Epoch  35/50 | Train: 0.176728 | Val: 0.176253 | Corr: 0.135072 | LR: 1.00e-03
2026-03-06 13:49:23,625 - INFO - Epoch  36/50 | Train: 0.176527 | Val: 0.176126 | Corr: 0.134970 | LR: 1.00e-03
2026-03-06 13:49:27,223 - INFO - Epoch  37/50 | Train: 0.176459 | Val: 0.176048 | Corr: 0.135928 | LR: 1.00e-03
2026-03-06 13:49:27,245 - INFO -   ↳ Saved best model (val_corr=0.135928)
2026-03-06 13:49:30,968 - INFO - Epoch  38/50 | Train: 0.176502 | Val: 0.176429 | Corr: 0.136528 | LR: 5.00e-04
2026-03-06 13:49:30,983 - INFO -   ↳ Saved best model (val_corr=0.136528)
2026-03-06 13:49:34,416 - INFO - Epoch  39/50 | Train: 0.176024 | Val: 0.175829 | Corr: 0.137056 | LR: 5.00e-04
2026-03-06 13:49:34,428 - INFO -   ↳ Saved best model (val_corr=0.137056)
2026-03-06 13:49:37,986 - INFO - Epoch  40/50 | Train: 0.176046 | Val: 0.175821 | Corr: 0.137499 | LR: 5.00e-04
2026-03-06 13:49:37,997 - INFO -   ↳ Saved best model (val_corr=0.137499)
2026-03-06 13:49:41,625 - INFO - Epoch  41/50 | Train: 0.175974 | Val: 0.175716 | Corr: 0.137885 | LR: 5.00e-04
2026-03-06 13:49:41,638 - INFO -   ↳ Saved best model (val_corr=0.137885)
2026-03-06 13:49:45,268 - INFO - Epoch  42/50 | Train: 0.176010 | Val: 0.175796 | Corr: 0.137932 | LR: 5.00e-04
2026-03-06 13:49:45,281 - INFO -   ↳ Saved best model (val_corr=0.137932)
2026-03-06 13:49:48,873 - INFO - Epoch  43/50 | Train: 0.175903 | Val: 0.175719 | Corr: 0.138241 | LR: 5.00e-04
2026-03-06 13:49:48,885 - INFO -   ↳ Saved best model (val_corr=0.138241)
2026-03-06 13:49:52,470 - INFO - Epoch  44/50 | Train: 0.175970 | Val: 0.175731 | Corr: 0.137978 | LR: 5.00e-04
2026-03-06 13:49:56,035 - INFO - Epoch  45/50 | Train: 0.175890 | Val: 0.175737 | Corr: 0.138250 | LR: 5.00e-04
2026-03-06 13:49:56,048 - INFO -   ↳ Saved best model (val_corr=0.138250)
2026-03-06 13:49:59,611 - INFO - Epoch  46/50 | Train: 0.175860 | Val: 0.175726 | Corr: 0.138419 | LR: 5.00e-04
2026-03-06 13:49:59,621 - INFO -   ↳ Saved best model (val_corr=0.138419)
2026-03-06 13:50:02,774 - INFO - Epoch  47/50 | Train: 0.175846 | Val: 0.175772 | Corr: 0.138345 | LR: 2.50e-04
2026-03-06 13:50:06,103 - INFO - Epoch  48/50 | Train: 0.175721 | Val: 0.175637 | Corr: 0.138980 | LR: 2.50e-04
2026-03-06 13:50:06,136 - INFO -   ↳ Saved best model (val_corr=0.138980)
2026-03-06 13:50:09,512 - INFO - Epoch  49/50 | Train: 0.175719 | Val: 0.175671 | Corr: 0.139374 | LR: 2.50e-04
2026-03-06 13:50:09,525 - INFO -   ↳ Saved best model (val_corr=0.139374)
2026-03-06 13:50:12,750 - INFO - Epoch  50/50 | Train: 0.175647 | Val: 0.175599 | Corr: 0.139235 | LR: 2.50e-04
2026-03-06 13:50:12,751 - INFO - Training complete — best val corr: 0.139374
2026-03-06 13:50:13,927 - INFO - Test loss: 0.167792, Test corr: 0.138187
2026-03-06 13:50:14,170 - INFO - Fraction of variance explained (FVE): 0.023468
2026-03-06 13:50:14,171 - INFO - Generating figures …
2026-03-06 13:50:14,688 - INFO - Correlation between predicted and actual per-neuron averages: r=0.9956, p=0.00e+00
2026-03-06 13:50:16,295 - INFO - Pattern selectivity summary:
2026-03-06 13:50:16,295 - INFO -   Mean correlation across neurons: 0.5088
2026-03-06 13:50:16,295 - INFO -   Median correlation: 0.5306
2026-03-06 13:50:16,295 - INFO -   Neurons with r > 0.5: 37 / 63
2026-03-06 13:50:16,295 - INFO -   Neurons with r > 0.3: 53 / 63
2026-03-06 13:50:16,295 - INFO - Pattern selectivity — mean neuron corr: 0.5088
2026-03-06 13:50:17,526 - INFO - LOO (avg rate) — Model mean r: 0.2927, LOO mean r: 0.4546, Neurons model > LOO: 2/63
2026-03-06 13:50:19,206 - INFO - LOO (temporal) — Model mean r: 0.1396, LOO mean r: 0.3186, Neurons model > LOO: 0/63
2026-03-06 13:50:19,207 - INFO - Skipping oracle trial plots (skip_oracle_plots=True)
2026-03-06 13:50:19,215 - INFO - Experiment complete. Summary: {
  "run_dir": "/scratch/sb272/patterns5k_results/slurm_base_cnn_2026-03-06_09-50-40/trial_0043_learning_rate=1.0e-03_kernel_sizes=3x3x3_conv_channels=32x64x128_fc_dims=256_seed2",
  "model_type": "cnn",
  "batch_avg_test_loss": 0.16779155075550078,
  "batch_avg_test_corr": 0.1381874544728382,
  "all_test_fve": 0.023468416834634447,
  "AR_FVE": NaN,
  "AR_test_correlation": NaN,
  "best_val_corr": 0.13937396536052582,
  "total_params": 84639,
  "trainable_params": 84639,
  "epochs_trained": 50,
  "mean_pattern_corr": 0.5087722205549116,
  "history": 0,
  "init_state": true,
  "loo_avg_mean_corr": 0.45456832695830385,
  "model_avg_mean_corr": 0.2927015413627915,
  "neurons_model_beats_loo_avg": 2,
  "loo_temporal_mean_corr": 0.31855225563049316,
  "all_test_corr": 0.13955123722553253,
  "neurons_model_beats_loo_temporal": 0,
  "kernel_sizes": [
    3,
    3,
    3
  ],
  "conv_channels": [
    32,
    64,
    128
  ],
  "fc_dims": [
    256
  ]
}
