2026-02-25 08:00:01,356 - INFO - ============================================================
2026-02-25 08:00:01,356 - INFO - Experiment run directory: results/multilayer_cnn_nohist_sweep_v2_2026-02-24_22-05-22/trial_0232_history=5_kernel_sizes=60_conv_channels=128_fc_dims=256
2026-02-25 08:00:01,356 - INFO - ============================================================
2026-02-25 08:00:01,356 - INFO - Using preloaded raw data (skipping I/O)
2026-02-25 08:00:01,356 - INFO - Stimulation channels: 42, Spiking neurons: 63
2026-02-25 08:00:01,356 - INFO - Unique patterns: 4050, Total trials: 5000
2026-02-25 08:00:01,367 - INFO - Split (oracle): train=3400, val=600, test=1000
2026-02-25 08:00:16,033 - INFO - BinnedStimSpikeDataset initialized:
2026-02-25 08:00:16,033 - INFO -   input_bin_size_ms=10, output_bin_size_ms=10
2026-02-25 08:00:16,033 - INFO -   n_input_bins=60, n_output_bins=60
2026-02-25 08:00:16,034 - INFO -   output_offset=0, total_bins_input=60, total_bins_output=60
2026-02-25 08:00:16,034 - INFO -   Valid start positions per trial: 0 to 0
2026-02-25 08:00:16,034 - INFO -   Total samples: 3400 (3400 trials × 1 positions)
2026-02-25 08:00:29,521 - INFO - BinnedStimSpikeDataset initialized:
2026-02-25 08:00:29,522 - INFO -   input_bin_size_ms=10, output_bin_size_ms=10
2026-02-25 08:00:29,522 - INFO -   n_input_bins=60, n_output_bins=60
2026-02-25 08:00:29,522 - INFO -   output_offset=0, total_bins_input=60, total_bins_output=60
2026-02-25 08:00:29,522 - INFO -   Valid start positions per trial: 0 to 0
2026-02-25 08:00:29,522 - INFO -   Total samples: 600 (600 trials × 1 positions)
2026-02-25 08:00:43,193 - INFO - BinnedStimSpikeDataset initialized:
2026-02-25 08:00:43,193 - INFO -   input_bin_size_ms=10, output_bin_size_ms=10
2026-02-25 08:00:43,194 - INFO -   n_input_bins=60, n_output_bins=60
2026-02-25 08:00:43,194 - INFO -   output_offset=0, total_bins_input=60, total_bins_output=60
2026-02-25 08:00:43,194 - INFO -   Valid start positions per trial: 0 to 0
2026-02-25 08:00:43,194 - INFO -   Total samples: 1000 (1000 trials × 1 positions)
2026-02-25 08:00:43,194 - INFO - Samples — train: 3400, val: 600, test: 1000
2026-02-25 08:00:43,194 - INFO - Input channels: 105, Neurons: 63
2026-02-25 08:00:43,194 - INFO - Using Apple Silicon MPS acceleration
2026-02-25 08:00:43,217 - INFO - Model: CNN — 855,999 trainable params (855,999 total)
2026-02-25 08:00:43,217 - INFO - Starting training …
2026-02-25 08:00:48,217 - INFO - Epoch   1/50 | Train: 0.236941 | Val: 0.199664 | Corr: 0.092122 | LR: 1.00e-03
2026-02-25 08:00:48,242 - INFO -   ↳ Saved best model (val_corr=0.092122)
2026-02-25 08:00:52,593 - INFO - Epoch   2/50 | Train: 0.195965 | Val: 0.196097 | Corr: 0.114775 | LR: 1.00e-03
2026-02-25 08:00:52,651 - INFO -   ↳ Saved best model (val_corr=0.114775)
2026-02-25 08:00:56,953 - INFO - Epoch   3/50 | Train: 0.191227 | Val: 0.194472 | Corr: 0.126018 | LR: 1.00e-03
2026-02-25 08:00:56,987 - INFO -   ↳ Saved best model (val_corr=0.126018)
2026-02-25 08:01:00,921 - INFO - Epoch   4/50 | Train: 0.188170 | Val: 0.193541 | Corr: 0.135392 | LR: 1.00e-03
2026-02-25 08:01:00,956 - INFO -   ↳ Saved best model (val_corr=0.135392)
2026-02-25 08:01:04,460 - INFO - Epoch   5/50 | Train: 0.185770 | Val: 0.193114 | Corr: 0.138974 | LR: 1.00e-03
2026-02-25 08:01:04,514 - INFO -   ↳ Saved best model (val_corr=0.138974)
2026-02-25 08:01:08,500 - INFO - Epoch   6/50 | Train: 0.183467 | Val: 0.192541 | Corr: 0.144846 | LR: 1.00e-03
2026-02-25 08:01:08,528 - INFO -   ↳ Saved best model (val_corr=0.144846)
2026-02-25 08:01:12,886 - INFO - Epoch   7/50 | Train: 0.181230 | Val: 0.191831 | Corr: 0.150503 | LR: 1.00e-03
2026-02-25 08:01:12,911 - INFO -   ↳ Saved best model (val_corr=0.150503)
2026-02-25 08:01:16,901 - INFO - Epoch   8/50 | Train: 0.179177 | Val: 0.191392 | Corr: 0.154529 | LR: 1.00e-03
2026-02-25 08:01:16,960 - INFO -   ↳ Saved best model (val_corr=0.154529)
2026-02-25 08:01:20,591 - INFO - Epoch   9/50 | Train: 0.177092 | Val: 0.190924 | Corr: 0.158413 | LR: 1.00e-03
2026-02-25 08:01:20,642 - INFO -   ↳ Saved best model (val_corr=0.158413)
2026-02-25 08:01:24,858 - INFO - Epoch  10/50 | Train: 0.175238 | Val: 0.190874 | Corr: 0.159372 | LR: 1.00e-03
2026-02-25 08:01:24,877 - INFO -   ↳ Saved best model (val_corr=0.159372)
2026-02-25 08:01:29,143 - INFO - Epoch  11/50 | Train: 0.173684 | Val: 0.191138 | Corr: 0.159738 | LR: 1.00e-03
2026-02-25 08:01:29,160 - INFO -   ↳ Saved best model (val_corr=0.159738)
2026-02-25 08:01:33,390 - INFO - Epoch  12/50 | Train: 0.172273 | Val: 0.191110 | Corr: 0.161174 | LR: 1.00e-03
2026-02-25 08:01:33,411 - INFO -   ↳ Saved best model (val_corr=0.161174)
2026-02-25 08:01:37,763 - INFO - Epoch  13/50 | Train: 0.170963 | Val: 0.192169 | Corr: 0.159597 | LR: 1.00e-03
2026-02-25 08:01:40,649 - INFO - Epoch  14/50 | Train: 0.169668 | Val: 0.192608 | Corr: 0.160221 | LR: 1.00e-03
2026-02-25 08:01:43,884 - INFO - Epoch  15/50 | Train: 0.168687 | Val: 0.194003 | Corr: 0.158773 | LR: 1.00e-03
2026-02-25 08:01:47,425 - INFO - Epoch  16/50 | Train: 0.167659 | Val: 0.193639 | Corr: 0.159118 | LR: 5.00e-04
2026-02-25 08:01:50,822 - INFO - Epoch  17/50 | Train: 0.164824 | Val: 0.194555 | Corr: 0.158822 | LR: 5.00e-04
2026-02-25 08:01:55,104 - INFO - Epoch  18/50 | Train: 0.163635 | Val: 0.195661 | Corr: 0.157250 | LR: 5.00e-04
2026-02-25 08:01:58,059 - INFO - Epoch  19/50 | Train: 0.162995 | Val: 0.195349 | Corr: 0.156978 | LR: 5.00e-04
2026-02-25 08:02:01,968 - INFO - Epoch  20/50 | Train: 0.162405 | Val: 0.196916 | Corr: 0.155142 | LR: 5.00e-04
2026-02-25 08:02:06,063 - INFO - Epoch  21/50 | Train: 0.161863 | Val: 0.196856 | Corr: 0.154508 | LR: 5.00e-04
2026-02-25 08:02:09,750 - INFO - Epoch  22/50 | Train: 0.161420 | Val: 0.197194 | Corr: 0.153417 | LR: 2.50e-04
2026-02-25 08:02:09,751 - INFO - Early stopping at epoch 22
2026-02-25 08:02:09,751 - INFO - Training complete — best val corr: 0.161174
2026-02-25 08:02:10,346 - INFO - Test loss: 0.181750, Test corr: 0.154135
2026-02-25 08:02:10,631 - INFO - Fraction of variance explained (FVE): 0.024890
2026-02-25 08:02:10,631 - INFO - Computing autoregressive (AR) test predictions …
2026-02-25 08:02:10,947 - INFO - AR FVE: 0.022742, AR test corr: 0.154824
2026-02-25 08:02:10,947 - INFO - Generating figures …
2026-02-25 08:02:11,230 - INFO - Correlation between predicted and actual per-neuron averages: r=0.9884, p=1.09e-51
2026-02-25 08:02:12,064 - INFO - Pattern selectivity summary:
2026-02-25 08:02:12,064 - INFO -   Mean correlation across neurons: 0.3430
2026-02-25 08:02:12,064 - INFO -   Median correlation: 0.3456
2026-02-25 08:02:12,064 - INFO -   Neurons with r > 0.5: 15 / 63
2026-02-25 08:02:12,065 - INFO -   Neurons with r > 0.3: 35 / 63
2026-02-25 08:02:12,065 - INFO - Pattern selectivity — mean neuron corr: 0.3430
2026-02-25 08:02:12,543 - INFO - LOO (avg rate) — Model mean r: 0.3071, LOO mean r: 0.4728, Neurons model > LOO: 14/63
2026-02-25 08:02:13,312 - INFO - LOO (temporal) — Model mean r: 0.1663, LOO mean r: 0.3815, Neurons model > LOO: 1/63
2026-02-25 08:02:13,312 - INFO - Skipping oracle trial plots (skip_oracle_plots=True)
2026-02-25 08:02:13,312 - INFO - Experiment complete. Summary: {
  "run_dir": "results/multilayer_cnn_nohist_sweep_v2_2026-02-24_22-05-22/trial_0232_history=5_kernel_sizes=60_conv_channels=128_fc_dims=256",
  "model_type": "cnn",
  "batch_avg_test_loss": 0.18175040256977082,
  "batch_avg_test_corr": 0.15413462526947694,
  "all_test_fve": 0.024890179671938458,
  "AR_FVE": 0.022741814454396565,
  "AR_test_correlation": 0.1548243761062622,
  "best_val_corr": 0.16117440675271832,
  "total_params": 855999,
  "trainable_params": 855999,
  "epochs_trained": 22,
  "mean_pattern_corr": 0.3430209527377185,
  "history": 5,
  "init_state": true,
  "loo_avg_mean_corr": 0.47275709111471625,
  "model_avg_mean_corr": 0.3071006452737517,
  "neurons_model_beats_loo_avg": 14,
  "loo_temporal_mean_corr": 0.3815135061740875,
  "all_test_corr": 0.1662573367357254,
  "neurons_model_beats_loo_temporal": 1,
  "kernel_sizes": [
    60
  ],
  "conv_channels": [
    128
  ],
  "fc_dims": [
    256
  ]
}
2026-02-25 08:02:13,355 - INFO - 
======================================================================
2026-02-25 08:02:13,355 - INFO - [234/864] trial_0233_history=5_kernel_sizes=60_conv_channels=128_fc_dims=256
2026-02-25 08:02:13,355 - INFO -   Overrides: {"_arch": {"kernel_sizes": [60], "conv_channels": [128], "fc_dims": [256]}, "history": 5, "weight_decay": 0.0001}
2026-02-25 08:02:13,355 - INFO -   Output: results/multilayer_cnn_nohist_sweep_v2_2026-02-24_22-05-22/trial_0233_history=5_kernel_sizes=60_conv_channels=128_fc_dims=256
