2026-03-03 20:36:40,386 - INFO - ============================================================
2026-03-03 20:36:40,386 - INFO - Experiment run directory: /scratch/sb272/patterns5k_results/slurm_hist_cnn_2026-03-03_15-13-01/trial_0068_learning_rate=1.0e-04_history=20_kernel_sizes=10x5_conv_channels=256x128_fc_dims=256_seed0
2026-03-03 20:36:40,386 - INFO - ============================================================
2026-03-03 20:36:40,386 - INFO - Loading data …
2026-03-03 20:36:41,113 - INFO - 63 unique neurons after dropping problematic neurons
2026-03-03 20:36:41,909 - INFO - Stimulation channels: 42, Spiking neurons: 63
2026-03-03 20:37:49,327 - INFO - Unique patterns: 4050, Total trials: 5000
2026-03-03 20:37:49,328 - INFO - Stimulation channels: 42, Spiking neurons: 63
2026-03-03 20:37:49,328 - INFO - Unique patterns: 4050, Total trials: 5000
2026-03-03 20:37:49,339 - INFO - Split (oracle): train=3400, val=600, test=1000
2026-03-03 20:38:03,653 - INFO - BinnedStimSpikeDataset initialized:
2026-03-03 20:38:03,653 - INFO -   input_bin_size_ms=10, output_bin_size_ms=10
2026-03-03 20:38:03,653 - INFO -   n_input_bins=60, n_output_bins=60
2026-03-03 20:38:03,653 - INFO -   output_offset=0, total_bins_input=60, total_bins_output=60
2026-03-03 20:38:03,653 - INFO -   Valid start positions per trial: 0 to 0
2026-03-03 20:38:03,653 - INFO -   Total samples: 3400 (3400 trials × 1 positions)
2026-03-03 20:38:17,489 - INFO - BinnedStimSpikeDataset initialized:
2026-03-03 20:38:17,489 - INFO -   input_bin_size_ms=10, output_bin_size_ms=10
2026-03-03 20:38:17,489 - INFO -   n_input_bins=60, n_output_bins=60
2026-03-03 20:38:17,489 - INFO -   output_offset=0, total_bins_input=60, total_bins_output=60
2026-03-03 20:38:17,489 - INFO -   Valid start positions per trial: 0 to 0
2026-03-03 20:38:17,489 - INFO -   Total samples: 600 (600 trials × 1 positions)
2026-03-03 20:38:31,426 - INFO - BinnedStimSpikeDataset initialized:
2026-03-03 20:38:31,426 - INFO -   input_bin_size_ms=10, output_bin_size_ms=10
2026-03-03 20:38:31,426 - INFO -   n_input_bins=60, n_output_bins=60
2026-03-03 20:38:31,426 - INFO -   output_offset=0, total_bins_input=60, total_bins_output=60
2026-03-03 20:38:31,426 - INFO -   Valid start positions per trial: 0 to 0
2026-03-03 20:38:31,426 - INFO -   Total samples: 1000 (1000 trials × 1 positions)
2026-03-03 20:38:31,426 - INFO - Samples — train: 3400, val: 600, test: 1000
2026-03-03 20:38:31,426 - INFO - Input channels: 105, Neurons: 63
2026-03-03 20:38:31,437 - INFO - Using CPU
2026-03-03 20:38:31,454 - INFO - Model: CNN — 483,007 trainable params (483,007 total)
2026-03-03 20:38:36,305 - INFO - Starting training …
2026-03-03 20:38:42,619 - INFO - Epoch   1/50 | Train: 0.445927 | Val: 0.202837 | Corr: 0.039530 | LR: 1.00e-04
2026-03-03 20:38:42,636 - INFO -   ↳ Saved best model (val_corr=0.039530)
2026-03-03 20:38:48,072 - INFO - Epoch   2/50 | Train: 0.188745 | Val: 0.189004 | Corr: 0.064048 | LR: 1.00e-04
2026-03-03 20:38:48,087 - INFO -   ↳ Saved best model (val_corr=0.064048)
2026-03-03 20:38:53,536 - INFO - Epoch   3/50 | Train: 0.185182 | Val: 0.187264 | Corr: 0.071077 | LR: 1.00e-04
2026-03-03 20:38:53,550 - INFO -   ↳ Saved best model (val_corr=0.071077)
2026-03-03 20:38:59,001 - INFO - Epoch   4/50 | Train: 0.183584 | Val: 0.190021 | Corr: 0.075495 | LR: 1.00e-04
2026-03-03 20:38:59,015 - INFO -   ↳ Saved best model (val_corr=0.075495)
2026-03-03 20:39:04,410 - INFO - Epoch   5/50 | Train: 0.182386 | Val: 0.186830 | Corr: 0.079448 | LR: 1.00e-04
2026-03-03 20:39:04,425 - INFO -   ↳ Saved best model (val_corr=0.079448)
2026-03-03 20:39:09,880 - INFO - Epoch   6/50 | Train: 0.181366 | Val: 0.185670 | Corr: 0.083070 | LR: 1.00e-04
2026-03-03 20:39:09,896 - INFO -   ↳ Saved best model (val_corr=0.083070)
2026-03-03 20:39:15,324 - INFO - Epoch   7/50 | Train: 0.180468 | Val: 0.185748 | Corr: 0.084431 | LR: 1.00e-04
2026-03-03 20:39:15,338 - INFO -   ↳ Saved best model (val_corr=0.084431)
2026-03-03 20:39:20,735 - INFO - Epoch   8/50 | Train: 0.179537 | Val: 0.184257 | Corr: 0.087066 | LR: 1.00e-04
2026-03-03 20:39:20,752 - INFO -   ↳ Saved best model (val_corr=0.087066)
2026-03-03 20:39:26,165 - INFO - Epoch   9/50 | Train: 0.178849 | Val: 0.185438 | Corr: 0.088756 | LR: 1.00e-04
2026-03-03 20:39:26,182 - INFO -   ↳ Saved best model (val_corr=0.088756)
2026-03-03 20:39:31,582 - INFO - Epoch  10/50 | Train: 0.178002 | Val: 0.185085 | Corr: 0.090558 | LR: 1.00e-04
2026-03-03 20:39:31,600 - INFO -   ↳ Saved best model (val_corr=0.090558)
2026-03-03 20:39:37,049 - INFO - Epoch  11/50 | Train: 0.177366 | Val: 0.183368 | Corr: 0.093008 | LR: 1.00e-04
2026-03-03 20:39:37,062 - INFO -   ↳ Saved best model (val_corr=0.093008)
2026-03-03 20:39:42,477 - INFO - Epoch  12/50 | Train: 0.176707 | Val: 0.184914 | Corr: 0.094447 | LR: 1.00e-04
2026-03-03 20:39:42,491 - INFO -   ↳ Saved best model (val_corr=0.094447)
2026-03-03 20:39:47,899 - INFO - Epoch  13/50 | Train: 0.176057 | Val: 0.185195 | Corr: 0.095550 | LR: 1.00e-04
2026-03-03 20:39:47,913 - INFO -   ↳ Saved best model (val_corr=0.095550)
2026-03-03 20:39:53,398 - INFO - Epoch  14/50 | Train: 0.175479 | Val: 0.183534 | Corr: 0.096001 | LR: 1.00e-04
2026-03-03 20:39:53,413 - INFO -   ↳ Saved best model (val_corr=0.096001)
2026-03-03 20:39:58,835 - INFO - Epoch  15/50 | Train: 0.174873 | Val: 0.183655 | Corr: 0.097173 | LR: 1.00e-04
2026-03-03 20:39:58,856 - INFO -   ↳ Saved best model (val_corr=0.097173)
2026-03-03 20:40:04,303 - INFO - Epoch  16/50 | Train: 0.174311 | Val: 0.183609 | Corr: 0.097402 | LR: 1.00e-04
2026-03-03 20:40:04,317 - INFO -   ↳ Saved best model (val_corr=0.097402)
2026-03-03 20:40:09,744 - INFO - Epoch  17/50 | Train: 0.173859 | Val: 0.183065 | Corr: 0.099263 | LR: 1.00e-04
2026-03-03 20:40:09,761 - INFO -   ↳ Saved best model (val_corr=0.099263)
2026-03-03 20:40:15,190 - INFO - Epoch  18/50 | Train: 0.173364 | Val: 0.183243 | Corr: 0.100753 | LR: 1.00e-04
2026-03-03 20:40:15,210 - INFO -   ↳ Saved best model (val_corr=0.100753)
2026-03-03 20:40:20,678 - INFO - Epoch  19/50 | Train: 0.172838 | Val: 0.182845 | Corr: 0.101631 | LR: 1.00e-04
2026-03-03 20:40:20,702 - INFO -   ↳ Saved best model (val_corr=0.101631)
2026-03-03 20:40:26,156 - INFO - Epoch  20/50 | Train: 0.172363 | Val: 0.183107 | Corr: 0.103455 | LR: 1.00e-04
2026-03-03 20:40:26,174 - INFO -   ↳ Saved best model (val_corr=0.103455)
2026-03-03 20:40:31,575 - INFO - Epoch  21/50 | Train: 0.171920 | Val: 0.183632 | Corr: 0.102930 | LR: 1.00e-04
2026-03-03 20:40:37,025 - INFO - Epoch  22/50 | Train: 0.171406 | Val: 0.182749 | Corr: 0.102390 | LR: 1.00e-04
2026-03-03 20:40:42,465 - INFO - Epoch  23/50 | Train: 0.171091 | Val: 0.182464 | Corr: 0.106218 | LR: 1.00e-04
2026-03-03 20:40:42,481 - INFO -   ↳ Saved best model (val_corr=0.106218)
2026-03-03 20:40:47,929 - INFO - Epoch  24/50 | Train: 0.170701 | Val: 0.183306 | Corr: 0.106372 | LR: 1.00e-04
2026-03-03 20:40:47,944 - INFO -   ↳ Saved best model (val_corr=0.106372)
2026-03-03 20:40:53,405 - INFO - Epoch  25/50 | Train: 0.170279 | Val: 0.182849 | Corr: 0.107508 | LR: 1.00e-04
2026-03-03 20:40:53,420 - INFO -   ↳ Saved best model (val_corr=0.107508)
2026-03-03 20:40:58,883 - INFO - Epoch  26/50 | Train: 0.169856 | Val: 0.183568 | Corr: 0.107773 | LR: 1.00e-04
2026-03-03 20:40:58,904 - INFO -   ↳ Saved best model (val_corr=0.107773)
2026-03-03 20:41:04,337 - INFO - Epoch  27/50 | Train: 0.169534 | Val: 0.182736 | Corr: 0.107657 | LR: 1.00e-04
2026-03-03 20:41:09,767 - INFO - Epoch  28/50 | Train: 0.169199 | Val: 0.182956 | Corr: 0.108471 | LR: 1.00e-04
2026-03-03 20:41:09,782 - INFO -   ↳ Saved best model (val_corr=0.108471)
2026-03-03 20:41:15,374 - INFO - Epoch  29/50 | Train: 0.168741 | Val: 0.182625 | Corr: 0.109383 | LR: 5.00e-05
2026-03-03 20:41:15,389 - INFO -   ↳ Saved best model (val_corr=0.109383)
2026-03-03 20:41:20,759 - INFO - Epoch  30/50 | Train: 0.167940 | Val: 0.182907 | Corr: 0.110001 | LR: 5.00e-05
2026-03-03 20:41:20,774 - INFO -   ↳ Saved best model (val_corr=0.110001)
2026-03-03 20:41:26,157 - INFO - Epoch  31/50 | Train: 0.167767 | Val: 0.183205 | Corr: 0.110268 | LR: 5.00e-05
2026-03-03 20:41:26,174 - INFO -   ↳ Saved best model (val_corr=0.110268)
2026-03-03 20:41:31,522 - INFO - Epoch  32/50 | Train: 0.167553 | Val: 0.183204 | Corr: 0.110534 | LR: 5.00e-05
2026-03-03 20:41:31,541 - INFO -   ↳ Saved best model (val_corr=0.110534)
2026-03-03 20:41:36,955 - INFO - Epoch  33/50 | Train: 0.167378 | Val: 0.182720 | Corr: 0.110232 | LR: 5.00e-05
2026-03-03 20:41:42,329 - INFO - Epoch  34/50 | Train: 0.167223 | Val: 0.182932 | Corr: 0.111017 | LR: 5.00e-05
2026-03-03 20:41:42,354 - INFO -   ↳ Saved best model (val_corr=0.111017)
2026-03-03 20:41:47,759 - INFO - Epoch  35/50 | Train: 0.167086 | Val: 0.183554 | Corr: 0.111790 | LR: 2.50e-05
2026-03-03 20:41:47,775 - INFO -   ↳ Saved best model (val_corr=0.111790)
2026-03-03 20:41:53,175 - INFO - Epoch  36/50 | Train: 0.166634 | Val: 0.182916 | Corr: 0.111386 | LR: 2.50e-05
2026-03-03 20:41:58,582 - INFO - Epoch  37/50 | Train: 0.166519 | Val: 0.183182 | Corr: 0.111740 | LR: 2.50e-05
2026-03-03 20:42:03,969 - INFO - Epoch  38/50 | Train: 0.166525 | Val: 0.182794 | Corr: 0.111831 | LR: 2.50e-05
2026-03-03 20:42:03,986 - INFO -   ↳ Saved best model (val_corr=0.111831)
2026-03-03 20:42:09,425 - INFO - Epoch  39/50 | Train: 0.166284 | Val: 0.183143 | Corr: 0.111221 | LR: 2.50e-05
2026-03-03 20:42:14,758 - INFO - Epoch  40/50 | Train: 0.166214 | Val: 0.182999 | Corr: 0.111644 | LR: 2.50e-05
2026-03-03 20:42:20,142 - INFO - Epoch  41/50 | Train: 0.166262 | Val: 0.183287 | Corr: 0.112210 | LR: 1.25e-05
2026-03-03 20:42:20,159 - INFO -   ↳ Saved best model (val_corr=0.112210)
2026-03-03 20:42:25,540 - INFO - Epoch  42/50 | Train: 0.165896 | Val: 0.182962 | Corr: 0.112304 | LR: 1.25e-05
2026-03-03 20:42:25,560 - INFO -   ↳ Saved best model (val_corr=0.112304)
2026-03-03 20:42:30,960 - INFO - Epoch  43/50 | Train: 0.165869 | Val: 0.183160 | Corr: 0.111884 | LR: 1.25e-05
2026-03-03 20:42:36,379 - INFO - Epoch  44/50 | Train: 0.165836 | Val: 0.183121 | Corr: 0.112426 | LR: 1.25e-05
2026-03-03 20:42:36,398 - INFO -   ↳ Saved best model (val_corr=0.112426)
2026-03-03 20:42:41,795 - INFO - Epoch  45/50 | Train: 0.165715 | Val: 0.183166 | Corr: 0.112033 | LR: 1.25e-05
2026-03-03 20:42:47,214 - INFO - Epoch  46/50 | Train: 0.165736 | Val: 0.182857 | Corr: 0.112191 | LR: 1.25e-05
2026-03-03 20:42:52,555 - INFO - Epoch  47/50 | Train: 0.165606 | Val: 0.183009 | Corr: 0.112195 | LR: 6.25e-06
2026-03-03 20:42:57,965 - INFO - Epoch  48/50 | Train: 0.165573 | Val: 0.182991 | Corr: 0.112411 | LR: 6.25e-06
2026-03-03 20:43:03,324 - INFO - Epoch  49/50 | Train: 0.165638 | Val: 0.183170 | Corr: 0.112309 | LR: 6.25e-06
2026-03-03 20:43:08,716 - INFO - Epoch  50/50 | Train: 0.165510 | Val: 0.183080 | Corr: 0.112481 | LR: 6.25e-06
2026-03-03 20:43:08,736 - INFO -   ↳ Saved best model (val_corr=0.112481)
2026-03-03 20:43:08,736 - INFO - Training complete — best val corr: 0.112481
2026-03-03 20:43:10,047 - INFO - Test loss: 0.171165, Test corr: 0.113644
2026-03-03 20:43:10,574 - INFO - Fraction of variance explained (FVE): 0.006307
2026-03-03 20:43:10,574 - INFO - Computing autoregressive (AR) test predictions …
2026-03-03 20:43:11,199 - INFO - AR FVE: 0.005876, AR test corr: 0.111926
2026-03-03 20:43:11,199 - INFO - Generating figures …
2026-03-03 20:43:11,556 - INFO - Correlation between predicted and actual per-neuron averages: r=0.9948, p=0.00e+00
2026-03-03 20:43:13,226 - INFO - Pattern selectivity summary:
2026-03-03 20:43:13,226 - INFO -   Mean correlation across neurons: 0.4787
2026-03-03 20:43:13,226 - INFO -   Median correlation: 0.4748
2026-03-03 20:43:13,226 - INFO -   Neurons with r > 0.5: 27 / 63
2026-03-03 20:43:13,226 - INFO -   Neurons with r > 0.3: 54 / 63
2026-03-03 20:43:13,226 - INFO - Pattern selectivity — mean neuron corr: 0.4787
2026-03-03 20:43:14,657 - INFO - LOO (avg rate) — Model mean r: 0.3399, LOO mean r: 0.4546, Neurons model > LOO: 11/63
2026-03-03 20:43:16,442 - INFO - LOO (temporal) — Model mean r: 0.1199, LOO mean r: 0.3186, Neurons model > LOO: 1/63
2026-03-03 20:43:16,442 - INFO - Skipping oracle trial plots (skip_oracle_plots=True)
2026-03-03 20:43:16,448 - INFO - Experiment complete. Summary: {
  "run_dir": "/scratch/sb272/patterns5k_results/slurm_hist_cnn_2026-03-03_15-13-01/trial_0068_learning_rate=1.0e-04_history=20_kernel_sizes=10x5_conv_channels=256x128_fc_dims=256_seed0",
  "model_type": "cnn",
  "batch_avg_test_loss": 0.17116524124145507,
  "batch_avg_test_corr": 0.11364362524683276,
  "all_test_fve": 0.0063068601820204,
  "AR_FVE": 0.005876095522017706,
  "AR_test_correlation": 0.11192572861909866,
  "best_val_corr": 0.11248105070697882,
  "total_params": 483007,
  "trainable_params": 483007,
  "epochs_trained": 50,
  "mean_pattern_corr": 0.47872905995769016,
  "history": 20,
  "init_state": true,
  "loo_avg_mean_corr": 0.45456832695830385,
  "model_avg_mean_corr": 0.3399027335363859,
  "neurons_model_beats_loo_avg": 11,
  "loo_temporal_mean_corr": 0.31855225563049316,
  "all_test_corr": 0.1198609247803688,
  "neurons_model_beats_loo_temporal": 1,
  "kernel_sizes": [
    10,
    5
  ],
  "conv_channels": [
    256,
    128
  ],
  "fc_dims": [
    256
  ]
}
