2026-03-05 22:25:21,460 - INFO - ============================================================
2026-03-05 22:25:21,460 - INFO - Experiment run directory: /scratch/sb272/patterns5k_results/slurm_hist_cnn_2026-03-05_16-01-45/trial_0216_learning_rate=1.0e-04_history=20_kernel_sizes=3x3x3_conv_channels=32x64x128_fc_dims=128_seed0
2026-03-05 22:25:21,460 - INFO - ============================================================
2026-03-05 22:25:21,460 - INFO - Loading data …
2026-03-05 22:25:22,389 - INFO - 63 unique neurons after dropping problematic neurons
2026-03-05 22:25:23,579 - INFO - Stimulation channels: 42, Spiking neurons: 63
2026-03-05 22:27:26,534 - INFO - Unique patterns: 4050, Total trials: 5000
2026-03-05 22:27:26,535 - INFO - Stimulation channels: 42, Spiking neurons: 63
2026-03-05 22:27:26,535 - INFO - Unique patterns: 4050, Total trials: 5000
2026-03-05 22:27:26,552 - INFO - Split (oracle): train=3400, val=600, test=1000
2026-03-05 22:27:52,611 - INFO - BinnedStimSpikeDataset initialized:
2026-03-05 22:27:52,612 - INFO -   input_bin_size_ms=10, output_bin_size_ms=10
2026-03-05 22:27:52,612 - INFO -   n_input_bins=60, n_output_bins=60
2026-03-05 22:27:52,612 - INFO -   output_offset=0, total_bins_input=60, total_bins_output=60
2026-03-05 22:27:52,612 - INFO -   Valid start positions per trial: 0 to 0
2026-03-05 22:27:52,612 - INFO -   Total samples: 3400 (3400 trials × 1 positions)
2026-03-05 22:28:16,857 - INFO - BinnedStimSpikeDataset initialized:
2026-03-05 22:28:16,858 - INFO -   input_bin_size_ms=10, output_bin_size_ms=10
2026-03-05 22:28:16,858 - INFO -   n_input_bins=60, n_output_bins=60
2026-03-05 22:28:16,858 - INFO -   output_offset=0, total_bins_input=60, total_bins_output=60
2026-03-05 22:28:16,858 - INFO -   Valid start positions per trial: 0 to 0
2026-03-05 22:28:16,858 - INFO -   Total samples: 600 (600 trials × 1 positions)
2026-03-05 22:28:41,169 - INFO - BinnedStimSpikeDataset initialized:
2026-03-05 22:28:41,169 - INFO -   input_bin_size_ms=10, output_bin_size_ms=10
2026-03-05 22:28:41,169 - INFO -   n_input_bins=60, n_output_bins=60
2026-03-05 22:28:41,169 - INFO -   output_offset=0, total_bins_input=60, total_bins_output=60
2026-03-05 22:28:41,169 - INFO -   Valid start positions per trial: 0 to 0
2026-03-05 22:28:41,169 - INFO -   Total samples: 1000 (1000 trials × 1 positions)
2026-03-05 22:28:41,169 - INFO - Samples — train: 3400, val: 600, test: 1000
2026-03-05 22:28:41,169 - INFO - Input channels: 105, Neurons: 63
2026-03-05 22:28:41,175 - INFO - Using CPU
2026-03-05 22:28:41,178 - INFO - Model: CNN — 66,111 trainable params (66,111 total)
2026-03-05 22:28:44,700 - INFO - Starting training …
2026-03-05 22:28:49,709 - INFO - Epoch   1/50 | Train: 0.538192 | Val: 0.226981 | Corr: 0.038222 | LR: 1.00e-04
2026-03-05 22:28:49,718 - INFO -   ↳ Saved best model (val_corr=0.038222)
2026-03-05 22:28:53,268 - INFO - Epoch   2/50 | Train: 0.196160 | Val: 0.191205 | Corr: 0.051437 | LR: 1.00e-04
2026-03-05 22:28:53,279 - INFO -   ↳ Saved best model (val_corr=0.051437)
2026-03-05 22:28:56,908 - INFO - Epoch   3/50 | Train: 0.189665 | Val: 0.188613 | Corr: 0.056629 | LR: 1.00e-04
2026-03-05 22:28:56,923 - INFO -   ↳ Saved best model (val_corr=0.056629)
2026-03-05 22:29:00,677 - INFO - Epoch   4/50 | Train: 0.188532 | Val: 0.187840 | Corr: 0.059753 | LR: 1.00e-04
2026-03-05 22:29:00,685 - INFO -   ↳ Saved best model (val_corr=0.059753)
2026-03-05 22:29:04,712 - INFO - Epoch   5/50 | Train: 0.187773 | Val: 0.187213 | Corr: 0.062423 | LR: 1.00e-04
2026-03-05 22:29:04,743 - INFO -   ↳ Saved best model (val_corr=0.062423)
2026-03-05 22:29:08,342 - INFO - Epoch   6/50 | Train: 0.187146 | Val: 0.186443 | Corr: 0.064712 | LR: 1.00e-04
2026-03-05 22:29:08,355 - INFO -   ↳ Saved best model (val_corr=0.064712)
2026-03-05 22:29:12,064 - INFO - Epoch   7/50 | Train: 0.186653 | Val: 0.186215 | Corr: 0.067255 | LR: 1.00e-04
2026-03-05 22:29:12,072 - INFO -   ↳ Saved best model (val_corr=0.067255)
2026-03-05 22:29:15,812 - INFO - Epoch   8/50 | Train: 0.186167 | Val: 0.186040 | Corr: 0.068860 | LR: 1.00e-04
2026-03-05 22:29:15,822 - INFO -   ↳ Saved best model (val_corr=0.068860)
2026-03-05 22:29:19,909 - INFO - Epoch   9/50 | Train: 0.185701 | Val: 0.185518 | Corr: 0.070737 | LR: 1.00e-04
2026-03-05 22:29:19,917 - INFO -   ↳ Saved best model (val_corr=0.070737)
2026-03-05 22:29:23,803 - INFO - Epoch  10/50 | Train: 0.185330 | Val: 0.185310 | Corr: 0.071977 | LR: 1.00e-04
2026-03-05 22:29:23,812 - INFO -   ↳ Saved best model (val_corr=0.071977)
2026-03-05 22:29:27,537 - INFO - Epoch  11/50 | Train: 0.184999 | Val: 0.184891 | Corr: 0.073742 | LR: 1.00e-04
2026-03-05 22:29:27,544 - INFO -   ↳ Saved best model (val_corr=0.073742)
2026-03-05 22:29:31,290 - INFO - Epoch  12/50 | Train: 0.184594 | Val: 0.184680 | Corr: 0.075171 | LR: 1.00e-04
2026-03-05 22:29:31,299 - INFO -   ↳ Saved best model (val_corr=0.075171)
2026-03-05 22:29:35,063 - INFO - Epoch  13/50 | Train: 0.184411 | Val: 0.184434 | Corr: 0.076415 | LR: 1.00e-04
2026-03-05 22:29:35,089 - INFO -   ↳ Saved best model (val_corr=0.076415)
2026-03-05 22:29:39,023 - INFO - Epoch  14/50 | Train: 0.184009 | Val: 0.184556 | Corr: 0.078244 | LR: 1.00e-04
2026-03-05 22:29:39,031 - INFO -   ↳ Saved best model (val_corr=0.078244)
2026-03-05 22:29:42,780 - INFO - Epoch  15/50 | Train: 0.183685 | Val: 0.184198 | Corr: 0.079184 | LR: 1.00e-04
2026-03-05 22:29:42,788 - INFO -   ↳ Saved best model (val_corr=0.079184)
2026-03-05 22:29:46,583 - INFO - Epoch  16/50 | Train: 0.183412 | Val: 0.184285 | Corr: 0.080084 | LR: 1.00e-04
2026-03-05 22:29:46,591 - INFO -   ↳ Saved best model (val_corr=0.080084)
2026-03-05 22:29:50,375 - INFO - Epoch  17/50 | Train: 0.183275 | Val: 0.183847 | Corr: 0.081781 | LR: 1.00e-04
2026-03-05 22:29:50,421 - INFO -   ↳ Saved best model (val_corr=0.081781)
2026-03-05 22:29:54,341 - INFO - Epoch  18/50 | Train: 0.183048 | Val: 0.183431 | Corr: 0.083442 | LR: 1.00e-04
2026-03-05 22:29:54,352 - INFO -   ↳ Saved best model (val_corr=0.083442)
2026-03-05 22:29:58,114 - INFO - Epoch  19/50 | Train: 0.182762 | Val: 0.183565 | Corr: 0.083399 | LR: 1.00e-04
2026-03-05 22:30:01,917 - INFO - Epoch  20/50 | Train: 0.182593 | Val: 0.183467 | Corr: 0.085151 | LR: 1.00e-04
2026-03-05 22:30:01,965 - INFO -   ↳ Saved best model (val_corr=0.085151)
2026-03-05 22:30:05,776 - INFO - Epoch  21/50 | Train: 0.182428 | Val: 0.183371 | Corr: 0.086128 | LR: 1.00e-04
2026-03-05 22:30:05,784 - INFO -   ↳ Saved best model (val_corr=0.086128)
2026-03-05 22:30:09,708 - INFO - Epoch  22/50 | Train: 0.182173 | Val: 0.183447 | Corr: 0.087689 | LR: 1.00e-04
2026-03-05 22:30:09,717 - INFO -   ↳ Saved best model (val_corr=0.087689)
2026-03-05 22:30:13,326 - INFO - Epoch  23/50 | Train: 0.182002 | Val: 0.183340 | Corr: 0.088574 | LR: 1.00e-04
2026-03-05 22:30:13,335 - INFO -   ↳ Saved best model (val_corr=0.088574)
2026-03-05 22:30:17,047 - INFO - Epoch  24/50 | Train: 0.181790 | Val: 0.182753 | Corr: 0.089570 | LR: 1.00e-04
2026-03-05 22:30:17,055 - INFO -   ↳ Saved best model (val_corr=0.089570)
2026-03-05 22:30:20,757 - INFO - Epoch  25/50 | Train: 0.181681 | Val: 0.182897 | Corr: 0.090778 | LR: 1.00e-04
2026-03-05 22:30:20,765 - INFO -   ↳ Saved best model (val_corr=0.090778)
2026-03-05 22:30:24,659 - INFO - Epoch  26/50 | Train: 0.181468 | Val: 0.182556 | Corr: 0.091253 | LR: 1.00e-04
2026-03-05 22:30:24,667 - INFO -   ↳ Saved best model (val_corr=0.091253)
2026-03-05 22:30:28,249 - INFO - Epoch  27/50 | Train: 0.181376 | Val: 0.182374 | Corr: 0.092910 | LR: 1.00e-04
2026-03-05 22:30:28,256 - INFO -   ↳ Saved best model (val_corr=0.092910)
2026-03-05 22:30:31,908 - INFO - Epoch  28/50 | Train: 0.181143 | Val: 0.182418 | Corr: 0.093182 | LR: 1.00e-04
2026-03-05 22:30:31,917 - INFO -   ↳ Saved best model (val_corr=0.093182)
2026-03-05 22:30:35,503 - INFO - Epoch  29/50 | Train: 0.181052 | Val: 0.182562 | Corr: 0.094195 | LR: 1.00e-04
2026-03-05 22:30:35,511 - INFO -   ↳ Saved best model (val_corr=0.094195)
2026-03-05 22:30:39,555 - INFO - Epoch  30/50 | Train: 0.180943 | Val: 0.182513 | Corr: 0.094416 | LR: 1.00e-04
2026-03-05 22:30:39,564 - INFO -   ↳ Saved best model (val_corr=0.094416)
2026-03-05 22:30:43,337 - INFO - Epoch  31/50 | Train: 0.180817 | Val: 0.182336 | Corr: 0.095297 | LR: 1.00e-04
2026-03-05 22:30:43,345 - INFO -   ↳ Saved best model (val_corr=0.095297)
2026-03-05 22:30:47,145 - INFO - Epoch  32/50 | Train: 0.180706 | Val: 0.182106 | Corr: 0.096718 | LR: 1.00e-04
2026-03-05 22:30:47,154 - INFO -   ↳ Saved best model (val_corr=0.096718)
2026-03-05 22:30:50,835 - INFO - Epoch  33/50 | Train: 0.180540 | Val: 0.182223 | Corr: 0.096451 | LR: 1.00e-04
2026-03-05 22:30:54,981 - INFO - Epoch  34/50 | Train: 0.180422 | Val: 0.181989 | Corr: 0.097662 | LR: 1.00e-04
2026-03-05 22:30:54,992 - INFO -   ↳ Saved best model (val_corr=0.097662)
2026-03-05 22:30:59,116 - INFO - Epoch  35/50 | Train: 0.180349 | Val: 0.181915 | Corr: 0.098971 | LR: 1.00e-04
2026-03-05 22:30:59,127 - INFO -   ↳ Saved best model (val_corr=0.098971)
2026-03-05 22:31:03,012 - INFO - Epoch  36/50 | Train: 0.180210 | Val: 0.181847 | Corr: 0.099183 | LR: 1.00e-04
2026-03-05 22:31:03,022 - INFO -   ↳ Saved best model (val_corr=0.099183)
2026-03-05 22:31:06,811 - INFO - Epoch  37/50 | Train: 0.180112 | Val: 0.181770 | Corr: 0.100359 | LR: 1.00e-04
2026-03-05 22:31:06,818 - INFO -   ↳ Saved best model (val_corr=0.100359)
2026-03-05 22:31:10,605 - INFO - Epoch  38/50 | Train: 0.180072 | Val: 0.181609 | Corr: 0.101243 | LR: 1.00e-04
2026-03-05 22:31:10,613 - INFO -   ↳ Saved best model (val_corr=0.101243)
2026-03-05 22:31:14,554 - INFO - Epoch  39/50 | Train: 0.179963 | Val: 0.181712 | Corr: 0.101542 | LR: 1.00e-04
2026-03-05 22:31:14,562 - INFO -   ↳ Saved best model (val_corr=0.101542)
2026-03-05 22:31:18,473 - INFO - Epoch  40/50 | Train: 0.179866 | Val: 0.181791 | Corr: 0.102528 | LR: 1.00e-04
2026-03-05 22:31:18,481 - INFO -   ↳ Saved best model (val_corr=0.102528)
2026-03-05 22:31:22,245 - INFO - Epoch  41/50 | Train: 0.179707 | Val: 0.181622 | Corr: 0.102569 | LR: 1.00e-04
2026-03-05 22:31:22,258 - INFO -   ↳ Saved best model (val_corr=0.102569)
2026-03-05 22:31:26,047 - INFO - Epoch  42/50 | Train: 0.179638 | Val: 0.181376 | Corr: 0.104356 | LR: 1.00e-04
2026-03-05 22:31:26,057 - INFO -   ↳ Saved best model (val_corr=0.104356)
2026-03-05 22:31:29,965 - INFO - Epoch  43/50 | Train: 0.179585 | Val: 0.181322 | Corr: 0.104578 | LR: 1.00e-04
2026-03-05 22:31:29,986 - INFO -   ↳ Saved best model (val_corr=0.104578)
2026-03-05 22:31:33,755 - INFO - Epoch  44/50 | Train: 0.179399 | Val: 0.181279 | Corr: 0.105627 | LR: 1.00e-04
2026-03-05 22:31:33,762 - INFO -   ↳ Saved best model (val_corr=0.105627)
2026-03-05 22:31:37,469 - INFO - Epoch  45/50 | Train: 0.179383 | Val: 0.181394 | Corr: 0.105676 | LR: 1.00e-04
2026-03-05 22:31:37,478 - INFO -   ↳ Saved best model (val_corr=0.105676)
2026-03-05 22:31:41,209 - INFO - Epoch  46/50 | Train: 0.179303 | Val: 0.181176 | Corr: 0.106209 | LR: 1.00e-04
2026-03-05 22:31:41,216 - INFO -   ↳ Saved best model (val_corr=0.106209)
2026-03-05 22:31:45,104 - INFO - Epoch  47/50 | Train: 0.179257 | Val: 0.181248 | Corr: 0.107161 | LR: 1.00e-04
2026-03-05 22:31:45,113 - INFO -   ↳ Saved best model (val_corr=0.107161)
2026-03-05 22:31:49,143 - INFO - Epoch  48/50 | Train: 0.179118 | Val: 0.180998 | Corr: 0.107449 | LR: 1.00e-04
2026-03-05 22:31:49,150 - INFO -   ↳ Saved best model (val_corr=0.107449)
2026-03-05 22:31:52,875 - INFO - Epoch  49/50 | Train: 0.179039 | Val: 0.181041 | Corr: 0.107710 | LR: 1.00e-04
2026-03-05 22:31:52,883 - INFO -   ↳ Saved best model (val_corr=0.107710)
2026-03-05 22:31:56,616 - INFO - Epoch  50/50 | Train: 0.179001 | Val: 0.180871 | Corr: 0.109078 | LR: 1.00e-04
2026-03-05 22:31:56,625 - INFO -   ↳ Saved best model (val_corr=0.109078)
2026-03-05 22:31:56,625 - INFO - Training complete — best val corr: 0.109078
2026-03-05 22:31:57,980 - INFO - Test loss: 0.170087, Test corr: 0.109286
2026-03-05 22:31:58,226 - INFO - Fraction of variance explained (FVE): 0.014146
2026-03-05 22:31:58,227 - INFO - Computing autoregressive (AR) test predictions …
2026-03-05 22:31:58,667 - INFO - AR FVE: 0.013073, AR test corr: 0.106215
2026-03-05 22:31:58,668 - INFO - Generating figures …
2026-03-05 22:31:59,157 - INFO - Correlation between predicted and actual per-neuron averages: r=0.9935, p=0.00e+00
2026-03-05 22:32:01,066 - INFO - Pattern selectivity summary:
2026-03-05 22:32:01,067 - INFO -   Mean correlation across neurons: 0.4088
2026-03-05 22:32:01,067 - INFO -   Median correlation: 0.4097
2026-03-05 22:32:01,067 - INFO -   Neurons with r > 0.5: 20 / 63
2026-03-05 22:32:01,067 - INFO -   Neurons with r > 0.3: 47 / 63
2026-03-05 22:32:01,067 - INFO - Pattern selectivity — mean neuron corr: 0.4088
2026-03-05 22:32:02,640 - INFO - LOO (avg rate) — Model mean r: 0.2764, LOO mean r: 0.4546, Neurons model > LOO: 10/63
2026-03-05 22:32:04,674 - INFO - LOO (temporal) — Model mean r: 0.1124, LOO mean r: 0.3186, Neurons model > LOO: 0/63
2026-03-05 22:32:04,674 - INFO - Skipping oracle trial plots (skip_oracle_plots=True)
2026-03-05 22:32:04,680 - INFO - Experiment complete. Summary: {
  "run_dir": "/scratch/sb272/patterns5k_results/slurm_hist_cnn_2026-03-05_16-01-45/trial_0216_learning_rate=1.0e-04_history=20_kernel_sizes=3x3x3_conv_channels=32x64x128_fc_dims=128_seed0",
  "model_type": "cnn",
  "batch_avg_test_loss": 0.17008688008785247,
  "batch_avg_test_corr": 0.10928590750244807,
  "all_test_fve": 0.01414563258488973,
  "AR_FVE": 0.013072741410088918,
  "AR_test_correlation": 0.1062149927020073,
  "best_val_corr": 0.10907798068756352,
  "total_params": 66111,
  "trainable_params": 66111,
  "epochs_trained": 50,
  "mean_pattern_corr": 0.40878951113375167,
  "history": 20,
  "init_state": true,
  "loo_avg_mean_corr": 0.45456832695830385,
  "model_avg_mean_corr": 0.2764075165261598,
  "neurons_model_beats_loo_avg": 10,
  "loo_temporal_mean_corr": 0.31855225563049316,
  "all_test_corr": 0.11243687570095062,
  "neurons_model_beats_loo_temporal": 0,
  "kernel_sizes": [
    3,
    3,
    3
  ],
  "conv_channels": [
    32,
    64,
    128
  ],
  "fc_dims": [
    128
  ]
}
