2026-03-05 23:25:00,360 - INFO - ============================================================
2026-03-05 23:25:00,360 - INFO - Experiment run directory: /scratch/sb272/patterns5k_results/slurm_hist_cnn_2026-03-05_16-01-45/trial_0043_learning_rate=1.0e-04_history=5_kernel_sizes=3x3x3_conv_channels=256x256x256_fc_dims=512_seed1
2026-03-05 23:25:00,360 - INFO - ============================================================
2026-03-05 23:25:00,360 - INFO - Loading data …
2026-03-05 23:25:01,500 - INFO - 63 unique neurons after dropping problematic neurons
2026-03-05 23:25:02,999 - INFO - Stimulation channels: 42, Spiking neurons: 63
2026-03-05 23:27:32,548 - INFO - Unique patterns: 4050, Total trials: 5000
2026-03-05 23:27:32,549 - INFO - Stimulation channels: 42, Spiking neurons: 63
2026-03-05 23:27:32,549 - INFO - Unique patterns: 4050, Total trials: 5000
2026-03-05 23:27:32,572 - INFO - Split (oracle): train=3400, val=600, test=1000
2026-03-05 23:28:05,108 - INFO - BinnedStimSpikeDataset initialized:
2026-03-05 23:28:05,109 - INFO -   input_bin_size_ms=10, output_bin_size_ms=10
2026-03-05 23:28:05,109 - INFO -   n_input_bins=60, n_output_bins=60
2026-03-05 23:28:05,109 - INFO -   output_offset=0, total_bins_input=60, total_bins_output=60
2026-03-05 23:28:05,109 - INFO -   Valid start positions per trial: 0 to 0
2026-03-05 23:28:05,109 - INFO -   Total samples: 3400 (3400 trials × 1 positions)
2026-03-05 23:28:37,312 - INFO - BinnedStimSpikeDataset initialized:
2026-03-05 23:28:37,313 - INFO -   input_bin_size_ms=10, output_bin_size_ms=10
2026-03-05 23:28:37,313 - INFO -   n_input_bins=60, n_output_bins=60
2026-03-05 23:28:37,313 - INFO -   output_offset=0, total_bins_input=60, total_bins_output=60
2026-03-05 23:28:37,313 - INFO -   Valid start positions per trial: 0 to 0
2026-03-05 23:28:37,313 - INFO -   Total samples: 600 (600 trials × 1 positions)
2026-03-05 23:29:09,820 - INFO - BinnedStimSpikeDataset initialized:
2026-03-05 23:29:09,820 - INFO -   input_bin_size_ms=10, output_bin_size_ms=10
2026-03-05 23:29:09,820 - INFO -   n_input_bins=60, n_output_bins=60
2026-03-05 23:29:09,820 - INFO -   output_offset=0, total_bins_input=60, total_bins_output=60
2026-03-05 23:29:09,820 - INFO -   Valid start positions per trial: 0 to 0
2026-03-05 23:29:09,820 - INFO -   Total samples: 1000 (1000 trials × 1 positions)
2026-03-05 23:29:09,821 - INFO - Samples — train: 3400, val: 600, test: 1000
2026-03-05 23:29:09,821 - INFO - Input channels: 105, Neurons: 63
2026-03-05 23:29:09,842 - INFO - Using CPU
2026-03-05 23:29:09,851 - INFO - Model: CNN — 640,063 trainable params (640,063 total)
2026-03-05 23:29:13,381 - INFO - Starting training …
2026-03-05 23:29:31,441 - INFO - Epoch   1/50 | Train: 0.313491 | Val: 0.185159 | Corr: 0.075476 | LR: 1.00e-04
2026-03-05 23:29:31,459 - INFO -   ↳ Saved best model (val_corr=0.075476)
2026-03-05 23:29:48,597 - INFO - Epoch   2/50 | Train: 0.183880 | Val: 0.183083 | Corr: 0.086641 | LR: 1.00e-04
2026-03-05 23:29:48,615 - INFO -   ↳ Saved best model (val_corr=0.086641)
2026-03-05 23:30:06,080 - INFO - Epoch   3/50 | Train: 0.182622 | Val: 0.181318 | Corr: 0.093330 | LR: 1.00e-04
2026-03-05 23:30:06,097 - INFO -   ↳ Saved best model (val_corr=0.093330)
2026-03-05 23:30:23,167 - INFO - Epoch   4/50 | Train: 0.181706 | Val: 0.180611 | Corr: 0.096866 | LR: 1.00e-04
2026-03-05 23:30:23,184 - INFO -   ↳ Saved best model (val_corr=0.096866)
2026-03-05 23:30:39,870 - INFO - Epoch   5/50 | Train: 0.180986 | Val: 0.180225 | Corr: 0.101101 | LR: 1.00e-04
2026-03-05 23:30:39,887 - INFO -   ↳ Saved best model (val_corr=0.101101)
2026-03-05 23:30:56,634 - INFO - Epoch   6/50 | Train: 0.180247 | Val: 0.179749 | Corr: 0.107059 | LR: 1.00e-04
2026-03-05 23:30:56,650 - INFO -   ↳ Saved best model (val_corr=0.107059)
2026-03-05 23:31:14,022 - INFO - Epoch   7/50 | Train: 0.179530 | Val: 0.179171 | Corr: 0.110854 | LR: 1.00e-04
2026-03-05 23:31:14,042 - INFO -   ↳ Saved best model (val_corr=0.110854)
2026-03-05 23:31:31,532 - INFO - Epoch   8/50 | Train: 0.178953 | Val: 0.178998 | Corr: 0.114391 | LR: 1.00e-04
2026-03-05 23:31:31,552 - INFO -   ↳ Saved best model (val_corr=0.114391)
2026-03-05 23:31:48,238 - INFO - Epoch   9/50 | Train: 0.178275 | Val: 0.178719 | Corr: 0.116008 | LR: 1.00e-04
2026-03-05 23:31:48,258 - INFO -   ↳ Saved best model (val_corr=0.116008)
2026-03-05 23:32:05,037 - INFO - Epoch  10/50 | Train: 0.177755 | Val: 0.177997 | Corr: 0.120958 | LR: 1.00e-04
2026-03-05 23:32:05,054 - INFO -   ↳ Saved best model (val_corr=0.120958)
2026-03-05 23:32:21,910 - INFO - Epoch  11/50 | Train: 0.177281 | Val: 0.177985 | Corr: 0.122409 | LR: 1.00e-04
2026-03-05 23:32:21,928 - INFO -   ↳ Saved best model (val_corr=0.122409)
2026-03-05 23:32:39,233 - INFO - Epoch  12/50 | Train: 0.176694 | Val: 0.178141 | Corr: 0.125599 | LR: 1.00e-04
2026-03-05 23:32:39,251 - INFO -   ↳ Saved best model (val_corr=0.125599)
2026-03-05 23:32:55,980 - INFO - Epoch  13/50 | Train: 0.176228 | Val: 0.177301 | Corr: 0.127022 | LR: 1.00e-04
2026-03-05 23:32:56,001 - INFO -   ↳ Saved best model (val_corr=0.127022)
2026-03-05 23:33:12,819 - INFO - Epoch  14/50 | Train: 0.175826 | Val: 0.177275 | Corr: 0.131143 | LR: 1.00e-04
2026-03-05 23:33:12,836 - INFO -   ↳ Saved best model (val_corr=0.131143)
2026-03-05 23:33:29,522 - INFO - Epoch  15/50 | Train: 0.175320 | Val: 0.176778 | Corr: 0.132502 | LR: 1.00e-04
2026-03-05 23:33:29,541 - INFO -   ↳ Saved best model (val_corr=0.132502)
2026-03-05 23:33:47,056 - INFO - Epoch  16/50 | Train: 0.174923 | Val: 0.176964 | Corr: 0.135058 | LR: 1.00e-04
2026-03-05 23:33:47,075 - INFO -   ↳ Saved best model (val_corr=0.135058)
2026-03-05 23:34:04,538 - INFO - Epoch  17/50 | Train: 0.174515 | Val: 0.176584 | Corr: 0.136435 | LR: 1.00e-04
2026-03-05 23:34:04,558 - INFO -   ↳ Saved best model (val_corr=0.136435)
2026-03-05 23:34:21,589 - INFO - Epoch  18/50 | Train: 0.174155 | Val: 0.176453 | Corr: 0.138193 | LR: 1.00e-04
2026-03-05 23:34:21,608 - INFO -   ↳ Saved best model (val_corr=0.138193)
2026-03-05 23:34:38,349 - INFO - Epoch  19/50 | Train: 0.173756 | Val: 0.176122 | Corr: 0.140103 | LR: 1.00e-04
2026-03-05 23:34:38,366 - INFO -   ↳ Saved best model (val_corr=0.140103)
2026-03-05 23:34:55,194 - INFO - Epoch  20/50 | Train: 0.173423 | Val: 0.176168 | Corr: 0.140488 | LR: 1.00e-04
2026-03-05 23:34:55,213 - INFO -   ↳ Saved best model (val_corr=0.140488)
2026-03-05 23:35:12,522 - INFO - Epoch  21/50 | Train: 0.173144 | Val: 0.176508 | Corr: 0.141979 | LR: 1.00e-04
2026-03-05 23:35:12,541 - INFO -   ↳ Saved best model (val_corr=0.141979)
2026-03-05 23:35:30,243 - INFO - Epoch  22/50 | Train: 0.172798 | Val: 0.176001 | Corr: 0.144125 | LR: 1.00e-04
2026-03-05 23:35:30,260 - INFO -   ↳ Saved best model (val_corr=0.144125)
2026-03-05 23:35:47,916 - INFO - Epoch  23/50 | Train: 0.172462 | Val: 0.175866 | Corr: 0.143567 | LR: 1.00e-04
2026-03-05 23:36:05,575 - INFO - Epoch  24/50 | Train: 0.172103 | Val: 0.175747 | Corr: 0.144955 | LR: 1.00e-04
2026-03-05 23:36:05,593 - INFO -   ↳ Saved best model (val_corr=0.144955)
2026-03-05 23:36:22,037 - INFO - Epoch  25/50 | Train: 0.171804 | Val: 0.175760 | Corr: 0.146052 | LR: 1.00e-04
2026-03-05 23:36:22,054 - INFO -   ↳ Saved best model (val_corr=0.146052)
2026-03-05 23:36:38,902 - INFO - Epoch  26/50 | Train: 0.171585 | Val: 0.175784 | Corr: 0.145465 | LR: 1.00e-04
2026-03-05 23:36:56,161 - INFO - Epoch  27/50 | Train: 0.171233 | Val: 0.175778 | Corr: 0.146990 | LR: 1.00e-04
2026-03-05 23:36:56,178 - INFO -   ↳ Saved best model (val_corr=0.146990)
2026-03-05 23:37:13,715 - INFO - Epoch  28/50 | Train: 0.171000 | Val: 0.175717 | Corr: 0.147908 | LR: 1.00e-04
2026-03-05 23:37:13,732 - INFO -   ↳ Saved best model (val_corr=0.147908)
2026-03-05 23:37:31,342 - INFO - Epoch  29/50 | Train: 0.170815 | Val: 0.175700 | Corr: 0.147356 | LR: 1.00e-04
2026-03-05 23:37:47,615 - INFO - Epoch  30/50 | Train: 0.170642 | Val: 0.175498 | Corr: 0.148228 | LR: 1.00e-04
2026-03-05 23:37:47,631 - INFO -   ↳ Saved best model (val_corr=0.148228)
2026-03-05 23:38:04,412 - INFO - Epoch  31/50 | Train: 0.170358 | Val: 0.175597 | Corr: 0.148898 | LR: 1.00e-04
2026-03-05 23:38:04,430 - INFO -   ↳ Saved best model (val_corr=0.148898)
2026-03-05 23:38:21,726 - INFO - Epoch  32/50 | Train: 0.170134 | Val: 0.175517 | Corr: 0.148896 | LR: 1.00e-04
2026-03-05 23:38:39,144 - INFO - Epoch  33/50 | Train: 0.169867 | Val: 0.175525 | Corr: 0.149461 | LR: 1.00e-04
2026-03-05 23:38:39,161 - INFO -   ↳ Saved best model (val_corr=0.149461)
2026-03-05 23:38:55,614 - INFO - Epoch  34/50 | Train: 0.169644 | Val: 0.175355 | Corr: 0.150173 | LR: 1.00e-04
2026-03-05 23:38:55,636 - INFO -   ↳ Saved best model (val_corr=0.150173)
2026-03-05 23:39:12,325 - INFO - Epoch  35/50 | Train: 0.169504 | Val: 0.175365 | Corr: 0.150526 | LR: 1.00e-04
2026-03-05 23:39:12,344 - INFO -   ↳ Saved best model (val_corr=0.150526)
2026-03-05 23:39:29,722 - INFO - Epoch  36/50 | Train: 0.169197 | Val: 0.175574 | Corr: 0.150252 | LR: 1.00e-04
2026-03-05 23:39:46,825 - INFO - Epoch  37/50 | Train: 0.169144 | Val: 0.175359 | Corr: 0.151320 | LR: 1.00e-04
2026-03-05 23:39:46,844 - INFO -   ↳ Saved best model (val_corr=0.151320)
2026-03-05 23:40:03,646 - INFO - Epoch  38/50 | Train: 0.168870 | Val: 0.175450 | Corr: 0.150756 | LR: 1.00e-04
2026-03-05 23:40:20,494 - INFO - Epoch  39/50 | Train: 0.168695 | Val: 0.175403 | Corr: 0.151762 | LR: 1.00e-04
2026-03-05 23:40:20,512 - INFO -   ↳ Saved best model (val_corr=0.151762)
2026-03-05 23:40:38,293 - INFO - Epoch  40/50 | Train: 0.168651 | Val: 0.175461 | Corr: 0.151574 | LR: 5.00e-05
2026-03-05 23:40:56,322 - INFO - Epoch  41/50 | Train: 0.168060 | Val: 0.175400 | Corr: 0.152350 | LR: 5.00e-05
2026-03-05 23:40:56,350 - INFO -   ↳ Saved best model (val_corr=0.152350)
2026-03-05 23:41:14,391 - INFO - Epoch  42/50 | Train: 0.167896 | Val: 0.175413 | Corr: 0.152268 | LR: 5.00e-05
2026-03-05 23:41:31,453 - INFO - Epoch  43/50 | Train: 0.167802 | Val: 0.175484 | Corr: 0.152779 | LR: 5.00e-05
2026-03-05 23:41:31,475 - INFO -   ↳ Saved best model (val_corr=0.152779)
2026-03-05 23:41:48,717 - INFO - Epoch  44/50 | Train: 0.167654 | Val: 0.175384 | Corr: 0.152767 | LR: 5.00e-05
2026-03-05 23:42:06,284 - INFO - Epoch  45/50 | Train: 0.167617 | Val: 0.175394 | Corr: 0.153399 | LR: 5.00e-05
2026-03-05 23:42:06,303 - INFO -   ↳ Saved best model (val_corr=0.153399)
2026-03-05 23:42:24,267 - INFO - Epoch  46/50 | Train: 0.167554 | Val: 0.175355 | Corr: 0.152609 | LR: 2.50e-05
2026-03-05 23:42:42,291 - INFO - Epoch  47/50 | Train: 0.167257 | Val: 0.175338 | Corr: 0.153423 | LR: 2.50e-05
2026-03-05 23:42:42,311 - INFO -   ↳ Saved best model (val_corr=0.153423)
2026-03-05 23:42:59,146 - INFO - Epoch  48/50 | Train: 0.167212 | Val: 0.175342 | Corr: 0.153148 | LR: 2.50e-05
2026-03-05 23:43:16,071 - INFO - Epoch  49/50 | Train: 0.167211 | Val: 0.175375 | Corr: 0.153297 | LR: 2.50e-05
2026-03-05 23:43:32,848 - INFO - Epoch  50/50 | Train: 0.167065 | Val: 0.175367 | Corr: 0.153447 | LR: 2.50e-05
2026-03-05 23:43:32,869 - INFO -   ↳ Saved best model (val_corr=0.153447)
2026-03-05 23:43:32,869 - INFO - Training complete — best val corr: 0.153447
2026-03-05 23:43:35,742 - INFO - Test loss: 0.166459, Test corr: 0.145154
2026-03-05 23:43:37,059 - INFO - Fraction of variance explained (FVE): 0.021968
2026-03-05 23:43:37,059 - INFO - Computing autoregressive (AR) test predictions …
2026-03-05 23:43:38,530 - INFO - AR FVE: 0.015020, AR test corr: 0.124784
2026-03-05 23:43:38,530 - INFO - Generating figures …
2026-03-05 23:43:39,186 - INFO - Correlation between predicted and actual per-neuron averages: r=0.9941, p=0.00e+00
2026-03-05 23:43:42,687 - INFO - Pattern selectivity summary:
2026-03-05 23:43:42,687 - INFO -   Mean correlation across neurons: 0.5588
2026-03-05 23:43:42,687 - INFO -   Median correlation: 0.5951
2026-03-05 23:43:42,687 - INFO -   Neurons with r > 0.5: 41 / 63
2026-03-05 23:43:42,687 - INFO -   Neurons with r > 0.3: 58 / 63
2026-03-05 23:43:42,687 - INFO - Pattern selectivity — mean neuron corr: 0.5588
2026-03-05 23:43:45,704 - INFO - LOO (avg rate) — Model mean r: 0.4068, LOO mean r: 0.4546, Neurons model > LOO: 14/63
2026-03-05 23:43:49,695 - INFO - LOO (temporal) — Model mean r: 0.1519, LOO mean r: 0.3186, Neurons model > LOO: 2/63
2026-03-05 23:43:49,695 - INFO - Skipping oracle trial plots (skip_oracle_plots=True)
2026-03-05 23:43:49,704 - INFO - Experiment complete. Summary: {
  "run_dir": "/scratch/sb272/patterns5k_results/slurm_hist_cnn_2026-03-05_16-01-45/trial_0043_learning_rate=1.0e-04_history=5_kernel_sizes=3x3x3_conv_channels=256x256x256_fc_dims=512_seed1",
  "model_type": "cnn",
  "batch_avg_test_loss": 0.16645884764194488,
  "batch_avg_test_corr": 0.145154097139224,
  "all_test_fve": 0.021967937075902545,
  "AR_FVE": 0.01502035345349993,
  "AR_test_correlation": 0.12478388845920563,
  "best_val_corr": 0.1534470498260433,
  "total_params": 640063,
  "trainable_params": 640063,
  "epochs_trained": 50,
  "mean_pattern_corr": 0.5588184608067395,
  "history": 5,
  "init_state": true,
  "loo_avg_mean_corr": 0.45456832695830385,
  "model_avg_mean_corr": 0.4068379869187465,
  "neurons_model_beats_loo_avg": 14,
  "loo_temporal_mean_corr": 0.31855225563049316,
  "all_test_corr": 0.15192604064941406,
  "neurons_model_beats_loo_temporal": 2,
  "kernel_sizes": [
    3,
    3,
    3
  ],
  "conv_channels": [
    256,
    256,
    256
  ],
  "fc_dims": [
    512
  ]
}
