2026-02-25 02:41:51,309 - INFO - ============================================================
2026-02-25 02:41:51,309 - INFO - Experiment run directory: results/multilayer_cnn_nohist_sweep_v2_2026-02-24_22-05-22/trial_0111_history=1_kernel_sizes=10_conv_channels=256_fc_dims=256
2026-02-25 02:41:51,309 - INFO - ============================================================
2026-02-25 02:41:51,309 - INFO - Using preloaded raw data (skipping I/O)
2026-02-25 02:41:51,309 - INFO - Stimulation channels: 42, Spiking neurons: 63
2026-02-25 02:41:51,309 - INFO - Unique patterns: 4050, Total trials: 5000
2026-02-25 02:41:51,320 - INFO - Split (oracle): train=3400, val=600, test=1000
2026-02-25 02:42:06,064 - INFO - BinnedStimSpikeDataset initialized:
2026-02-25 02:42:06,064 - INFO -   input_bin_size_ms=10, output_bin_size_ms=10
2026-02-25 02:42:06,064 - INFO -   n_input_bins=60, n_output_bins=60
2026-02-25 02:42:06,064 - INFO -   output_offset=0, total_bins_input=60, total_bins_output=60
2026-02-25 02:42:06,064 - INFO -   Valid start positions per trial: 0 to 0
2026-02-25 02:42:06,064 - INFO -   Total samples: 3400 (3400 trials × 1 positions)
2026-02-25 02:42:19,526 - INFO - BinnedStimSpikeDataset initialized:
2026-02-25 02:42:19,528 - INFO -   input_bin_size_ms=10, output_bin_size_ms=10
2026-02-25 02:42:19,529 - INFO -   n_input_bins=60, n_output_bins=60
2026-02-25 02:42:19,529 - INFO -   output_offset=0, total_bins_input=60, total_bins_output=60
2026-02-25 02:42:19,529 - INFO -   Valid start positions per trial: 0 to 0
2026-02-25 02:42:19,529 - INFO -   Total samples: 600 (600 trials × 1 positions)
2026-02-25 02:42:33,173 - INFO - BinnedStimSpikeDataset initialized:
2026-02-25 02:42:33,174 - INFO -   input_bin_size_ms=10, output_bin_size_ms=10
2026-02-25 02:42:33,174 - INFO -   n_input_bins=60, n_output_bins=60
2026-02-25 02:42:33,174 - INFO -   output_offset=0, total_bins_input=60, total_bins_output=60
2026-02-25 02:42:33,174 - INFO -   Valid start positions per trial: 0 to 0
2026-02-25 02:42:33,175 - INFO -   Total samples: 1000 (1000 trials × 1 positions)
2026-02-25 02:42:33,175 - INFO - Samples — train: 3400, val: 600, test: 1000
2026-02-25 02:42:33,175 - INFO - Input channels: 105, Neurons: 63
2026-02-25 02:42:33,175 - INFO - Using Apple Silicon MPS acceleration
2026-02-25 02:42:33,193 - INFO - Model: CNN — 351,551 trainable params (351,551 total)
2026-02-25 02:42:33,194 - INFO - Starting training …
2026-02-25 02:42:36,629 - INFO - Epoch   1/50 | Train: 0.219971 | Val: 0.186527 | Corr: 0.175772 | LR: 1.00e-03
2026-02-25 02:42:36,645 - INFO -   ↳ Saved best model (val_corr=0.175772)
2026-02-25 02:42:39,946 - INFO - Epoch   2/50 | Train: 0.185269 | Val: 0.180958 | Corr: 0.215562 | LR: 1.00e-03
2026-02-25 02:42:39,964 - INFO -   ↳ Saved best model (val_corr=0.215562)
2026-02-25 02:42:43,281 - INFO - Epoch   3/50 | Train: 0.180605 | Val: 0.178373 | Corr: 0.235824 | LR: 1.00e-03
2026-02-25 02:42:43,294 - INFO -   ↳ Saved best model (val_corr=0.235824)
2026-02-25 02:42:46,601 - INFO - Epoch   4/50 | Train: 0.177741 | Val: 0.176164 | Corr: 0.249433 | LR: 1.00e-03
2026-02-25 02:42:46,615 - INFO -   ↳ Saved best model (val_corr=0.249433)
2026-02-25 02:42:49,941 - INFO - Epoch   5/50 | Train: 0.175404 | Val: 0.174354 | Corr: 0.259597 | LR: 1.00e-03
2026-02-25 02:42:49,963 - INFO -   ↳ Saved best model (val_corr=0.259597)
2026-02-25 02:42:53,338 - INFO - Epoch   6/50 | Train: 0.173456 | Val: 0.173392 | Corr: 0.265025 | LR: 1.00e-03
2026-02-25 02:42:53,359 - INFO -   ↳ Saved best model (val_corr=0.265025)
2026-02-25 02:42:56,657 - INFO - Epoch   7/50 | Train: 0.171943 | Val: 0.172320 | Corr: 0.271756 | LR: 1.00e-03
2026-02-25 02:42:56,679 - INFO -   ↳ Saved best model (val_corr=0.271756)
2026-02-25 02:43:00,029 - INFO - Epoch   8/50 | Train: 0.170637 | Val: 0.171382 | Corr: 0.275937 | LR: 1.00e-03
2026-02-25 02:43:00,047 - INFO -   ↳ Saved best model (val_corr=0.275937)
2026-02-25 02:43:03,440 - INFO - Epoch   9/50 | Train: 0.169642 | Val: 0.171141 | Corr: 0.277866 | LR: 1.00e-03
2026-02-25 02:43:03,455 - INFO -   ↳ Saved best model (val_corr=0.277866)
2026-02-25 02:43:06,680 - INFO - Epoch  10/50 | Train: 0.168707 | Val: 0.170725 | Corr: 0.280180 | LR: 1.00e-03
2026-02-25 02:43:06,693 - INFO -   ↳ Saved best model (val_corr=0.280180)
2026-02-25 02:43:09,962 - INFO - Epoch  11/50 | Train: 0.168009 | Val: 0.170813 | Corr: 0.281178 | LR: 1.00e-03
2026-02-25 02:43:09,976 - INFO -   ↳ Saved best model (val_corr=0.281178)
2026-02-25 02:43:13,321 - INFO - Epoch  12/50 | Train: 0.167264 | Val: 0.170407 | Corr: 0.283284 | LR: 1.00e-03
2026-02-25 02:43:13,335 - INFO -   ↳ Saved best model (val_corr=0.283284)
2026-02-25 02:43:16,661 - INFO - Epoch  13/50 | Train: 0.166651 | Val: 0.170116 | Corr: 0.285052 | LR: 1.00e-03
2026-02-25 02:43:16,672 - INFO -   ↳ Saved best model (val_corr=0.285052)
2026-02-25 02:43:19,968 - INFO - Epoch  14/50 | Train: 0.166095 | Val: 0.169803 | Corr: 0.285153 | LR: 1.00e-03
2026-02-25 02:43:19,979 - INFO -   ↳ Saved best model (val_corr=0.285153)
2026-02-25 02:43:23,345 - INFO - Epoch  15/50 | Train: 0.165518 | Val: 0.169693 | Corr: 0.285849 | LR: 1.00e-03
2026-02-25 02:43:23,360 - INFO -   ↳ Saved best model (val_corr=0.285849)
2026-02-25 02:43:26,642 - INFO - Epoch  16/50 | Train: 0.165040 | Val: 0.169885 | Corr: 0.286507 | LR: 1.00e-03
2026-02-25 02:43:26,656 - INFO -   ↳ Saved best model (val_corr=0.286507)
2026-02-25 02:43:29,945 - INFO - Epoch  17/50 | Train: 0.164510 | Val: 0.169492 | Corr: 0.287129 | LR: 1.00e-03
2026-02-25 02:43:29,960 - INFO -   ↳ Saved best model (val_corr=0.287129)
2026-02-25 02:43:33,324 - INFO - Epoch  18/50 | Train: 0.164124 | Val: 0.169492 | Corr: 0.287649 | LR: 1.00e-03
2026-02-25 02:43:33,335 - INFO -   ↳ Saved best model (val_corr=0.287649)
2026-02-25 02:43:36,604 - INFO - Epoch  19/50 | Train: 0.163756 | Val: 0.169721 | Corr: 0.287761 | LR: 1.00e-03
2026-02-25 02:43:36,620 - INFO -   ↳ Saved best model (val_corr=0.287761)
2026-02-25 02:43:39,829 - INFO - Epoch  20/50 | Train: 0.163296 | Val: 0.169495 | Corr: 0.287554 | LR: 1.00e-03
2026-02-25 02:43:43,144 - INFO - Epoch  21/50 | Train: 0.162952 | Val: 0.169635 | Corr: 0.287776 | LR: 1.00e-03
2026-02-25 02:43:43,171 - INFO -   ↳ Saved best model (val_corr=0.287776)
2026-02-25 02:43:46,516 - INFO - Epoch  22/50 | Train: 0.162631 | Val: 0.169646 | Corr: 0.287746 | LR: 1.00e-03
2026-02-25 02:43:49,827 - INFO - Epoch  23/50 | Train: 0.162177 | Val: 0.169912 | Corr: 0.288160 | LR: 5.00e-04
2026-02-25 02:43:49,843 - INFO -   ↳ Saved best model (val_corr=0.288160)
2026-02-25 02:43:53,185 - INFO - Epoch  24/50 | Train: 0.160858 | Val: 0.169521 | Corr: 0.288909 | LR: 5.00e-04
2026-02-25 02:43:53,222 - INFO -   ↳ Saved best model (val_corr=0.288909)
2026-02-25 02:43:56,677 - INFO - Epoch  25/50 | Train: 0.160351 | Val: 0.169478 | Corr: 0.288737 | LR: 5.00e-04
2026-02-25 02:43:59,963 - INFO - Epoch  26/50 | Train: 0.160153 | Val: 0.169680 | Corr: 0.288359 | LR: 5.00e-04
2026-02-25 02:44:03,272 - INFO - Epoch  27/50 | Train: 0.159930 | Val: 0.169659 | Corr: 0.288347 | LR: 5.00e-04
2026-02-25 02:44:06,534 - INFO - Epoch  28/50 | Train: 0.159729 | Val: 0.169752 | Corr: 0.288438 | LR: 5.00e-04
2026-02-25 02:44:09,886 - INFO - Epoch  29/50 | Train: 0.159667 | Val: 0.169696 | Corr: 0.287940 | LR: 2.50e-04
2026-02-25 02:44:13,216 - INFO - Epoch  30/50 | Train: 0.158895 | Val: 0.169859 | Corr: 0.287934 | LR: 2.50e-04
2026-02-25 02:44:16,478 - INFO - Epoch  31/50 | Train: 0.158680 | Val: 0.169804 | Corr: 0.288067 | LR: 2.50e-04
2026-02-25 02:44:19,784 - INFO - Epoch  32/50 | Train: 0.158476 | Val: 0.169905 | Corr: 0.287966 | LR: 2.50e-04
2026-02-25 02:44:23,091 - INFO - Epoch  33/50 | Train: 0.158446 | Val: 0.169835 | Corr: 0.288155 | LR: 2.50e-04
2026-02-25 02:44:26,382 - INFO - Epoch  34/50 | Train: 0.158332 | Val: 0.169927 | Corr: 0.287859 | LR: 2.50e-04
2026-02-25 02:44:26,382 - INFO - Early stopping at epoch 34
2026-02-25 02:44:26,382 - INFO - Training complete — best val corr: 0.288909
2026-02-25 02:44:26,857 - INFO - Test loss: 0.161114, Test corr: 0.281945
2026-02-25 02:44:27,024 - INFO - Fraction of variance explained (FVE): 0.092310
2026-02-25 02:44:27,025 - INFO - Computing autoregressive (AR) test predictions …
2026-02-25 02:44:27,718 - INFO - AR FVE: 0.020003, AR test corr: 0.167930
2026-02-25 02:44:27,718 - INFO - Generating figures …
2026-02-25 02:44:28,005 - INFO - Correlation between predicted and actual per-neuron averages: r=0.9931, p=1.40e-58
2026-02-25 02:44:28,574 - INFO - Pattern selectivity summary:
2026-02-25 02:44:28,574 - INFO -   Mean correlation across neurons: 0.7462
2026-02-25 02:44:28,575 - INFO -   Median correlation: 0.7724
2026-02-25 02:44:28,575 - INFO -   Neurons with r > 0.5: 60 / 63
2026-02-25 02:44:28,575 - INFO -   Neurons with r > 0.3: 63 / 63
2026-02-25 02:44:28,575 - INFO - Pattern selectivity — mean neuron corr: 0.7462
2026-02-25 02:44:28,967 - INFO - LOO (avg rate) — Model mean r: 0.6140, LOO mean r: 0.4728, Neurons model > LOO: 52/63
2026-02-25 02:44:29,887 - INFO - LOO (temporal) — Model mean r: 0.2920, LOO mean r: 0.3815, Neurons model > LOO: 6/63
2026-02-25 02:44:29,887 - INFO - Skipping oracle trial plots (skip_oracle_plots=True)
2026-02-25 02:44:29,888 - INFO - Experiment complete. Summary: {
  "run_dir": "results/multilayer_cnn_nohist_sweep_v2_2026-02-24_22-05-22/trial_0111_history=1_kernel_sizes=10_conv_channels=256_fc_dims=256",
  "model_type": "cnn",
  "batch_avg_test_loss": 0.16111390268802642,
  "batch_avg_test_corr": 0.28194513631737605,
  "all_test_fve": 0.09231003220119173,
  "AR_FVE": 0.02000260353088379,
  "AR_test_correlation": 0.1679297238588333,
  "best_val_corr": 0.2889085146308066,
  "total_params": 351551,
  "trainable_params": 351551,
  "epochs_trained": 34,
  "mean_pattern_corr": 0.7461648690638699,
  "history": 1,
  "init_state": true,
  "loo_avg_mean_corr": 0.47275709111471625,
  "model_avg_mean_corr": 0.6139896743024644,
  "neurons_model_beats_loo_avg": 52,
  "loo_temporal_mean_corr": 0.3815135061740875,
  "all_test_corr": 0.2920420169830322,
  "neurons_model_beats_loo_temporal": 6,
  "kernel_sizes": [
    10
  ],
  "conv_channels": [
    256
  ],
  "fc_dims": [
    256
  ]
}
2026-02-25 02:44:29,911 - INFO - 
======================================================================
2026-02-25 02:44:29,911 - INFO - [113/864] trial_0112_history=2_kernel_sizes=10_conv_channels=256_fc_dims=256
2026-02-25 02:44:29,911 - INFO -   Overrides: {"_arch": {"kernel_sizes": [10], "conv_channels": [256], "fc_dims": [256]}, "history": 2, "weight_decay": 0}
2026-02-25 02:44:29,911 - INFO -   Output: results/multilayer_cnn_nohist_sweep_v2_2026-02-24_22-05-22/trial_0112_history=2_kernel_sizes=10_conv_channels=256_fc_dims=256
