2026-02-25 01:37:36,150 - INFO - ============================================================
2026-02-25 01:37:36,150 - INFO - Experiment run directory: results/multilayer_cnn_nohist_sweep_v2_2026-02-24_22-05-22/trial_0088_history=5_kernel_sizes=15_conv_channels=256_fc_dims=256
2026-02-25 01:37:36,150 - INFO - ============================================================
2026-02-25 01:37:36,150 - INFO - Using preloaded raw data (skipping I/O)
2026-02-25 01:37:36,150 - INFO - Stimulation channels: 42, Spiking neurons: 63
2026-02-25 01:37:36,150 - INFO - Unique patterns: 4050, Total trials: 5000
2026-02-25 01:37:36,165 - INFO - Split (oracle): train=3400, val=600, test=1000
2026-02-25 01:37:50,898 - INFO - BinnedStimSpikeDataset initialized:
2026-02-25 01:37:50,899 - INFO -   input_bin_size_ms=10, output_bin_size_ms=10
2026-02-25 01:37:50,899 - INFO -   n_input_bins=60, n_output_bins=60
2026-02-25 01:37:50,899 - INFO -   output_offset=0, total_bins_input=60, total_bins_output=60
2026-02-25 01:37:50,899 - INFO -   Valid start positions per trial: 0 to 0
2026-02-25 01:37:50,899 - INFO -   Total samples: 3400 (3400 trials × 1 positions)
2026-02-25 01:38:04,407 - INFO - BinnedStimSpikeDataset initialized:
2026-02-25 01:38:04,408 - INFO -   input_bin_size_ms=10, output_bin_size_ms=10
2026-02-25 01:38:04,408 - INFO -   n_input_bins=60, n_output_bins=60
2026-02-25 01:38:04,408 - INFO -   output_offset=0, total_bins_input=60, total_bins_output=60
2026-02-25 01:38:04,408 - INFO -   Valid start positions per trial: 0 to 0
2026-02-25 01:38:04,408 - INFO -   Total samples: 600 (600 trials × 1 positions)
2026-02-25 01:38:18,114 - INFO - BinnedStimSpikeDataset initialized:
2026-02-25 01:38:18,115 - INFO -   input_bin_size_ms=10, output_bin_size_ms=10
2026-02-25 01:38:18,115 - INFO -   n_input_bins=60, n_output_bins=60
2026-02-25 01:38:18,115 - INFO -   output_offset=0, total_bins_input=60, total_bins_output=60
2026-02-25 01:38:18,115 - INFO -   Valid start positions per trial: 0 to 0
2026-02-25 01:38:18,115 - INFO -   Total samples: 1000 (1000 trials × 1 positions)
2026-02-25 01:38:18,115 - INFO - Samples — train: 3400, val: 600, test: 1000
2026-02-25 01:38:18,115 - INFO - Input channels: 105, Neurons: 63
2026-02-25 01:38:18,115 - INFO - Using Apple Silicon MPS acceleration
2026-02-25 01:38:18,136 - INFO - Model: CNN — 485,951 trainable params (485,951 total)
2026-02-25 01:38:18,137 - INFO - Starting training …
2026-02-25 01:38:22,515 - INFO - Epoch   1/50 | Train: 0.230492 | Val: 0.198084 | Corr: 0.100707 | LR: 1.00e-03
2026-02-25 01:38:22,538 - INFO -   ↳ Saved best model (val_corr=0.100707)
2026-02-25 01:38:26,421 - INFO - Epoch   2/50 | Train: 0.196714 | Val: 0.195237 | Corr: 0.123789 | LR: 1.00e-03
2026-02-25 01:38:26,443 - INFO -   ↳ Saved best model (val_corr=0.123789)
2026-02-25 01:38:30,315 - INFO - Epoch   3/50 | Train: 0.192246 | Val: 0.190818 | Corr: 0.149659 | LR: 1.00e-03
2026-02-25 01:38:30,360 - INFO -   ↳ Saved best model (val_corr=0.149659)
2026-02-25 01:38:34,388 - INFO - Epoch   4/50 | Train: 0.188438 | Val: 0.188083 | Corr: 0.166585 | LR: 1.00e-03
2026-02-25 01:38:34,420 - INFO -   ↳ Saved best model (val_corr=0.166585)
2026-02-25 01:38:38,411 - INFO - Epoch   5/50 | Train: 0.185475 | Val: 0.185907 | Corr: 0.177553 | LR: 1.00e-03
2026-02-25 01:38:38,435 - INFO -   ↳ Saved best model (val_corr=0.177553)
2026-02-25 01:38:42,286 - INFO - Epoch   6/50 | Train: 0.183263 | Val: 0.185224 | Corr: 0.182625 | LR: 1.00e-03
2026-02-25 01:38:42,298 - INFO -   ↳ Saved best model (val_corr=0.182625)
2026-02-25 01:38:46,065 - INFO - Epoch   7/50 | Train: 0.181468 | Val: 0.184588 | Corr: 0.190343 | LR: 1.00e-03
2026-02-25 01:38:46,075 - INFO -   ↳ Saved best model (val_corr=0.190343)
2026-02-25 01:38:49,627 - INFO - Epoch   8/50 | Train: 0.179904 | Val: 0.183502 | Corr: 0.193898 | LR: 1.00e-03
2026-02-25 01:38:49,641 - INFO -   ↳ Saved best model (val_corr=0.193898)
2026-02-25 01:38:53,486 - INFO - Epoch   9/50 | Train: 0.178706 | Val: 0.183103 | Corr: 0.199592 | LR: 1.00e-03
2026-02-25 01:38:53,505 - INFO -   ↳ Saved best model (val_corr=0.199592)
2026-02-25 01:38:57,391 - INFO - Epoch  10/50 | Train: 0.177340 | Val: 0.182698 | Corr: 0.200909 | LR: 1.00e-03
2026-02-25 01:38:57,410 - INFO -   ↳ Saved best model (val_corr=0.200909)
2026-02-25 01:39:01,223 - INFO - Epoch  11/50 | Train: 0.176304 | Val: 0.182183 | Corr: 0.204074 | LR: 1.00e-03
2026-02-25 01:39:01,237 - INFO -   ↳ Saved best model (val_corr=0.204074)
2026-02-25 01:39:05,042 - INFO - Epoch  12/50 | Train: 0.175347 | Val: 0.182179 | Corr: 0.205371 | LR: 1.00e-03
2026-02-25 01:39:05,055 - INFO -   ↳ Saved best model (val_corr=0.205371)
2026-02-25 01:39:08,944 - INFO - Epoch  13/50 | Train: 0.174330 | Val: 0.181869 | Corr: 0.207173 | LR: 1.00e-03
2026-02-25 01:39:08,959 - INFO -   ↳ Saved best model (val_corr=0.207173)
2026-02-25 01:39:12,812 - INFO - Epoch  14/50 | Train: 0.173618 | Val: 0.181656 | Corr: 0.209947 | LR: 1.00e-03
2026-02-25 01:39:12,824 - INFO -   ↳ Saved best model (val_corr=0.209947)
2026-02-25 01:39:16,516 - INFO - Epoch  15/50 | Train: 0.172767 | Val: 0.182391 | Corr: 0.208061 | LR: 1.00e-03
2026-02-25 01:39:20,319 - INFO - Epoch  16/50 | Train: 0.171971 | Val: 0.181772 | Corr: 0.210768 | LR: 1.00e-03
2026-02-25 01:39:20,330 - INFO -   ↳ Saved best model (val_corr=0.210768)
2026-02-25 01:39:24,041 - INFO - Epoch  17/50 | Train: 0.171207 | Val: 0.181807 | Corr: 0.210983 | LR: 1.00e-03
2026-02-25 01:39:24,052 - INFO -   ↳ Saved best model (val_corr=0.210983)
2026-02-25 01:39:27,911 - INFO - Epoch  18/50 | Train: 0.170520 | Val: 0.181631 | Corr: 0.212950 | LR: 1.00e-03
2026-02-25 01:39:27,925 - INFO -   ↳ Saved best model (val_corr=0.212950)
2026-02-25 01:39:31,647 - INFO - Epoch  19/50 | Train: 0.169949 | Val: 0.182098 | Corr: 0.212236 | LR: 1.00e-03
2026-02-25 01:39:35,457 - INFO - Epoch  20/50 | Train: 0.169451 | Val: 0.181841 | Corr: 0.212135 | LR: 1.00e-03
2026-02-25 01:39:39,161 - INFO - Epoch  21/50 | Train: 0.168898 | Val: 0.182264 | Corr: 0.212717 | LR: 1.00e-03
2026-02-25 01:39:43,035 - INFO - Epoch  22/50 | Train: 0.168341 | Val: 0.182423 | Corr: 0.212484 | LR: 1.00e-03
2026-02-25 01:39:46,786 - INFO - Epoch  23/50 | Train: 0.167914 | Val: 0.182019 | Corr: 0.212485 | LR: 1.00e-03
2026-02-25 01:39:50,588 - INFO - Epoch  24/50 | Train: 0.167465 | Val: 0.182792 | Corr: 0.211644 | LR: 5.00e-04
2026-02-25 01:39:54,368 - INFO - Epoch  25/50 | Train: 0.165611 | Val: 0.182228 | Corr: 0.213011 | LR: 5.00e-04
2026-02-25 01:39:54,402 - INFO -   ↳ Saved best model (val_corr=0.213011)
2026-02-25 01:39:58,368 - INFO - Epoch  26/50 | Train: 0.165031 | Val: 0.182497 | Corr: 0.212755 | LR: 5.00e-04
2026-02-25 01:40:02,149 - INFO - Epoch  27/50 | Train: 0.164682 | Val: 0.182554 | Corr: 0.212827 | LR: 5.00e-04
2026-02-25 01:40:05,860 - INFO - Epoch  28/50 | Train: 0.164477 | Val: 0.182925 | Corr: 0.212618 | LR: 5.00e-04
2026-02-25 01:40:09,571 - INFO - Epoch  29/50 | Train: 0.164285 | Val: 0.182883 | Corr: 0.212001 | LR: 5.00e-04
2026-02-25 01:40:13,443 - INFO - Epoch  30/50 | Train: 0.163973 | Val: 0.183140 | Corr: 0.212055 | LR: 2.50e-04
2026-02-25 01:40:17,157 - INFO - Epoch  31/50 | Train: 0.163086 | Val: 0.183295 | Corr: 0.211549 | LR: 2.50e-04
2026-02-25 01:40:20,952 - INFO - Epoch  32/50 | Train: 0.162788 | Val: 0.183554 | Corr: 0.211446 | LR: 2.50e-04
2026-02-25 01:40:24,695 - INFO - Epoch  33/50 | Train: 0.162647 | Val: 0.183491 | Corr: 0.211429 | LR: 2.50e-04
2026-02-25 01:40:28,537 - INFO - Epoch  34/50 | Train: 0.162558 | Val: 0.183539 | Corr: 0.210931 | LR: 2.50e-04
2026-02-25 01:40:32,197 - INFO - Epoch  35/50 | Train: 0.162394 | Val: 0.183712 | Corr: 0.210516 | LR: 2.50e-04
2026-02-25 01:40:32,197 - INFO - Early stopping at epoch 35
2026-02-25 01:40:32,197 - INFO - Training complete — best val corr: 0.213011
2026-02-25 01:40:32,690 - INFO - Test loss: 0.172392, Test corr: 0.210184
2026-02-25 01:40:32,869 - INFO - Fraction of variance explained (FVE): 0.050711
2026-02-25 01:40:32,869 - INFO - Computing autoregressive (AR) test predictions …
2026-02-25 01:40:33,137 - INFO - AR FVE: 0.040587, AR test corr: 0.194345
2026-02-25 01:40:33,137 - INFO - Generating figures …
2026-02-25 01:40:33,431 - INFO - Correlation between predicted and actual per-neuron averages: r=0.9912, p=2.70e-55
2026-02-25 01:40:34,197 - INFO - Pattern selectivity summary:
2026-02-25 01:40:34,197 - INFO -   Mean correlation across neurons: 0.6281
2026-02-25 01:40:34,197 - INFO -   Median correlation: 0.6524
2026-02-25 01:40:34,197 - INFO -   Neurons with r > 0.5: 49 / 63
2026-02-25 01:40:34,197 - INFO -   Neurons with r > 0.3: 61 / 63
2026-02-25 01:40:34,197 - INFO - Pattern selectivity — mean neuron corr: 0.6281
2026-02-25 01:40:34,607 - INFO - LOO (avg rate) — Model mean r: 0.4511, LOO mean r: 0.4728, Neurons model > LOO: 23/63
2026-02-25 01:40:35,409 - INFO - LOO (temporal) — Model mean r: 0.2195, LOO mean r: 0.3815, Neurons model > LOO: 1/63
2026-02-25 01:40:35,409 - INFO - Skipping oracle trial plots (skip_oracle_plots=True)
2026-02-25 01:40:35,409 - INFO - Experiment complete. Summary: {
  "run_dir": "results/multilayer_cnn_nohist_sweep_v2_2026-02-24_22-05-22/trial_0088_history=5_kernel_sizes=15_conv_channels=256_fc_dims=256",
  "model_type": "cnn",
  "batch_avg_test_loss": 0.1723917714357376,
  "batch_avg_test_corr": 0.21018375731266503,
  "all_test_fve": 0.050710557945190915,
  "AR_FVE": 0.040587245471893796,
  "AR_test_correlation": 0.19434528052806854,
  "best_val_corr": 0.21301074797812544,
  "total_params": 485951,
  "trainable_params": 485951,
  "epochs_trained": 35,
  "mean_pattern_corr": 0.62808388233177,
  "history": 5,
  "init_state": true,
  "loo_avg_mean_corr": 0.47275709111471625,
  "model_avg_mean_corr": 0.4511398671196418,
  "neurons_model_beats_loo_avg": 23,
  "loo_temporal_mean_corr": 0.3815135061740875,
  "all_test_corr": 0.2194657027721405,
  "neurons_model_beats_loo_temporal": 1,
  "kernel_sizes": [
    15
  ],
  "conv_channels": [
    256
  ],
  "fc_dims": [
    256
  ]
}
2026-02-25 01:40:35,416 - INFO - 
======================================================================
2026-02-25 01:40:35,416 - INFO - [90/864] trial_0089_history=5_kernel_sizes=15_conv_channels=256_fc_dims=256
2026-02-25 01:40:35,416 - INFO -   Overrides: {"_arch": {"kernel_sizes": [15], "conv_channels": [256], "fc_dims": [256]}, "history": 5, "weight_decay": 0.0001}
2026-02-25 01:40:35,416 - INFO -   Output: results/multilayer_cnn_nohist_sweep_v2_2026-02-24_22-05-22/trial_0089_history=5_kernel_sizes=15_conv_channels=256_fc_dims=256
