2026-03-05 21:00:44,991 - INFO - ============================================================
2026-03-05 21:00:44,991 - INFO - Experiment run directory: /scratch/sb272/patterns5k_results/slurm_hist_cnn_2026-03-05_16-01-45/trial_0017_learning_rate=1.0e-04_history=2_kernel_sizes=3x3_conv_channels=64x128_fc_dims=512_seed0
2026-03-05 21:00:44,991 - INFO - ============================================================
2026-03-05 21:00:44,991 - INFO - Loading data …
2026-03-05 21:00:45,913 - INFO - 63 unique neurons after dropping problematic neurons
2026-03-05 21:00:47,262 - INFO - Stimulation channels: 42, Spiking neurons: 63
2026-03-05 21:03:01,954 - INFO - Unique patterns: 4050, Total trials: 5000
2026-03-05 21:03:01,959 - INFO - Stimulation channels: 42, Spiking neurons: 63
2026-03-05 21:03:01,959 - INFO - Unique patterns: 4050, Total trials: 5000
2026-03-05 21:03:01,976 - INFO - Split (oracle): train=3400, val=600, test=1000
2026-03-05 21:03:30,137 - INFO - BinnedStimSpikeDataset initialized:
2026-03-05 21:03:30,140 - INFO -   input_bin_size_ms=10, output_bin_size_ms=10
2026-03-05 21:03:30,140 - INFO -   n_input_bins=60, n_output_bins=60
2026-03-05 21:03:30,140 - INFO -   output_offset=0, total_bins_input=60, total_bins_output=60
2026-03-05 21:03:30,140 - INFO -   Valid start positions per trial: 0 to 0
2026-03-05 21:03:30,140 - INFO -   Total samples: 3400 (3400 trials × 1 positions)
2026-03-05 21:03:57,321 - INFO - BinnedStimSpikeDataset initialized:
2026-03-05 21:03:57,321 - INFO -   input_bin_size_ms=10, output_bin_size_ms=10
2026-03-05 21:03:57,321 - INFO -   n_input_bins=60, n_output_bins=60
2026-03-05 21:03:57,321 - INFO -   output_offset=0, total_bins_input=60, total_bins_output=60
2026-03-05 21:03:57,321 - INFO -   Valid start positions per trial: 0 to 0
2026-03-05 21:03:57,321 - INFO -   Total samples: 600 (600 trials × 1 positions)
2026-03-05 21:04:24,951 - INFO - BinnedStimSpikeDataset initialized:
2026-03-05 21:04:24,952 - INFO -   input_bin_size_ms=10, output_bin_size_ms=10
2026-03-05 21:04:24,952 - INFO -   n_input_bins=60, n_output_bins=60
2026-03-05 21:04:24,952 - INFO -   output_offset=0, total_bins_input=60, total_bins_output=60
2026-03-05 21:04:24,952 - INFO -   Valid start positions per trial: 0 to 0
2026-03-05 21:04:24,952 - INFO -   Total samples: 1000 (1000 trials × 1 positions)
2026-03-05 21:04:24,952 - INFO - Samples — train: 3400, val: 600, test: 1000
2026-03-05 21:04:24,952 - INFO - Input channels: 105, Neurons: 63
2026-03-05 21:04:24,975 - INFO - Using CPU
2026-03-05 21:04:24,979 - INFO - Model: CNN — 143,679 trainable params (143,679 total)
2026-03-05 21:04:38,903 - INFO - Starting training …
2026-03-05 21:04:45,837 - INFO - Epoch   1/50 | Train: 0.370632 | Val: 0.195459 | Corr: 0.064051 | LR: 1.00e-04
2026-03-05 21:04:45,873 - INFO -   ↳ Saved best model (val_corr=0.064051)
2026-03-05 21:04:51,363 - INFO - Epoch   2/50 | Train: 0.184581 | Val: 0.188619 | Corr: 0.099071 | LR: 1.00e-04
2026-03-05 21:04:51,409 - INFO -   ↳ Saved best model (val_corr=0.099071)
2026-03-05 21:04:56,917 - INFO - Epoch   3/50 | Train: 0.181706 | Val: 0.187389 | Corr: 0.112310 | LR: 1.00e-04
2026-03-05 21:04:56,950 - INFO -   ↳ Saved best model (val_corr=0.112310)
2026-03-05 21:05:02,471 - INFO - Epoch   4/50 | Train: 0.180145 | Val: 0.185054 | Corr: 0.119903 | LR: 1.00e-04
2026-03-05 21:05:02,504 - INFO -   ↳ Saved best model (val_corr=0.119903)
2026-03-05 21:05:08,101 - INFO - Epoch   5/50 | Train: 0.178932 | Val: 0.183739 | Corr: 0.127001 | LR: 1.00e-04
2026-03-05 21:05:08,135 - INFO -   ↳ Saved best model (val_corr=0.127001)
2026-03-05 21:05:13,690 - INFO - Epoch   6/50 | Train: 0.177645 | Val: 0.182570 | Corr: 0.133651 | LR: 1.00e-04
2026-03-05 21:05:13,728 - INFO -   ↳ Saved best model (val_corr=0.133651)
2026-03-05 21:05:19,347 - INFO - Epoch   7/50 | Train: 0.176482 | Val: 0.180923 | Corr: 0.140133 | LR: 1.00e-04
2026-03-05 21:05:19,378 - INFO -   ↳ Saved best model (val_corr=0.140133)
2026-03-05 21:05:24,919 - INFO - Epoch   8/50 | Train: 0.175599 | Val: 0.180039 | Corr: 0.144596 | LR: 1.00e-04
2026-03-05 21:05:24,947 - INFO -   ↳ Saved best model (val_corr=0.144596)
2026-03-05 21:05:30,520 - INFO - Epoch   9/50 | Train: 0.175000 | Val: 0.180246 | Corr: 0.150530 | LR: 1.00e-04
2026-03-05 21:05:30,566 - INFO -   ↳ Saved best model (val_corr=0.150530)
2026-03-05 21:05:36,135 - INFO - Epoch  10/50 | Train: 0.174285 | Val: 0.178367 | Corr: 0.153671 | LR: 1.00e-04
2026-03-05 21:05:36,160 - INFO -   ↳ Saved best model (val_corr=0.153671)
2026-03-05 21:05:41,707 - INFO - Epoch  11/50 | Train: 0.173729 | Val: 0.177746 | Corr: 0.157519 | LR: 1.00e-04
2026-03-05 21:05:41,739 - INFO -   ↳ Saved best model (val_corr=0.157519)
2026-03-05 21:05:47,273 - INFO - Epoch  12/50 | Train: 0.173236 | Val: 0.178336 | Corr: 0.161270 | LR: 1.00e-04
2026-03-05 21:05:47,311 - INFO -   ↳ Saved best model (val_corr=0.161270)
2026-03-05 21:05:52,901 - INFO - Epoch  13/50 | Train: 0.172848 | Val: 0.178904 | Corr: 0.163604 | LR: 1.00e-04
2026-03-05 21:05:52,939 - INFO -   ↳ Saved best model (val_corr=0.163604)
2026-03-05 21:05:58,566 - INFO - Epoch  14/50 | Train: 0.172267 | Val: 0.177966 | Corr: 0.166714 | LR: 1.00e-04
2026-03-05 21:05:58,601 - INFO -   ↳ Saved best model (val_corr=0.166714)
2026-03-05 21:06:04,238 - INFO - Epoch  15/50 | Train: 0.171943 | Val: 0.178373 | Corr: 0.169260 | LR: 1.00e-04
2026-03-05 21:06:04,261 - INFO -   ↳ Saved best model (val_corr=0.169260)
2026-03-05 21:06:09,851 - INFO - Epoch  16/50 | Train: 0.171575 | Val: 0.176415 | Corr: 0.172173 | LR: 1.00e-04
2026-03-05 21:06:09,876 - INFO -   ↳ Saved best model (val_corr=0.172173)
2026-03-05 21:06:15,484 - INFO - Epoch  17/50 | Train: 0.171204 | Val: 0.176280 | Corr: 0.174680 | LR: 1.00e-04
2026-03-05 21:06:15,517 - INFO -   ↳ Saved best model (val_corr=0.174680)
2026-03-05 21:06:21,136 - INFO - Epoch  18/50 | Train: 0.170845 | Val: 0.175611 | Corr: 0.178307 | LR: 1.00e-04
2026-03-05 21:06:21,172 - INFO -   ↳ Saved best model (val_corr=0.178307)
2026-03-05 21:06:26,798 - INFO - Epoch  19/50 | Train: 0.170540 | Val: 0.175630 | Corr: 0.180899 | LR: 1.00e-04
2026-03-05 21:06:26,843 - INFO -   ↳ Saved best model (val_corr=0.180899)
2026-03-05 21:06:32,453 - INFO - Epoch  20/50 | Train: 0.170209 | Val: 0.175010 | Corr: 0.183169 | LR: 1.00e-04
2026-03-05 21:06:32,482 - INFO -   ↳ Saved best model (val_corr=0.183169)
2026-03-05 21:06:38,008 - INFO - Epoch  21/50 | Train: 0.169926 | Val: 0.174891 | Corr: 0.185143 | LR: 1.00e-04
2026-03-05 21:06:38,043 - INFO -   ↳ Saved best model (val_corr=0.185143)
2026-03-05 21:06:43,544 - INFO - Epoch  22/50 | Train: 0.169649 | Val: 0.173552 | Corr: 0.187295 | LR: 1.00e-04
2026-03-05 21:06:43,571 - INFO -   ↳ Saved best model (val_corr=0.187295)
2026-03-05 21:06:49,109 - INFO - Epoch  23/50 | Train: 0.169296 | Val: 0.174342 | Corr: 0.189431 | LR: 1.00e-04
2026-03-05 21:06:49,156 - INFO -   ↳ Saved best model (val_corr=0.189431)
2026-03-05 21:06:54,617 - INFO - Epoch  24/50 | Train: 0.169192 | Val: 0.174583 | Corr: 0.192125 | LR: 1.00e-04
2026-03-05 21:06:54,647 - INFO -   ↳ Saved best model (val_corr=0.192125)
2026-03-05 21:07:00,179 - INFO - Epoch  25/50 | Train: 0.168854 | Val: 0.172954 | Corr: 0.194314 | LR: 1.00e-04
2026-03-05 21:07:00,213 - INFO -   ↳ Saved best model (val_corr=0.194314)
2026-03-05 21:07:05,641 - INFO - Epoch  26/50 | Train: 0.168615 | Val: 0.172491 | Corr: 0.195081 | LR: 1.00e-04
2026-03-05 21:07:05,676 - INFO -   ↳ Saved best model (val_corr=0.195081)
2026-03-05 21:07:11,157 - INFO - Epoch  27/50 | Train: 0.168411 | Val: 0.172432 | Corr: 0.197470 | LR: 1.00e-04
2026-03-05 21:07:11,188 - INFO -   ↳ Saved best model (val_corr=0.197470)
2026-03-05 21:07:16,669 - INFO - Epoch  28/50 | Train: 0.168252 | Val: 0.172015 | Corr: 0.200724 | LR: 1.00e-04
2026-03-05 21:07:16,701 - INFO -   ↳ Saved best model (val_corr=0.200724)
2026-03-05 21:07:22,155 - INFO - Epoch  29/50 | Train: 0.167984 | Val: 0.172270 | Corr: 0.202422 | LR: 1.00e-04
2026-03-05 21:07:22,187 - INFO -   ↳ Saved best model (val_corr=0.202422)
2026-03-05 21:07:27,629 - INFO - Epoch  30/50 | Train: 0.167871 | Val: 0.171852 | Corr: 0.203755 | LR: 1.00e-04
2026-03-05 21:07:27,660 - INFO -   ↳ Saved best model (val_corr=0.203755)
2026-03-05 21:07:33,264 - INFO - Epoch  31/50 | Train: 0.167559 | Val: 0.172080 | Corr: 0.204345 | LR: 1.00e-04
2026-03-05 21:07:33,291 - INFO -   ↳ Saved best model (val_corr=0.204345)
2026-03-05 21:07:38,936 - INFO - Epoch  32/50 | Train: 0.167393 | Val: 0.171917 | Corr: 0.205358 | LR: 1.00e-04
2026-03-05 21:07:38,962 - INFO -   ↳ Saved best model (val_corr=0.205358)
2026-03-05 21:07:44,581 - INFO - Epoch  33/50 | Train: 0.167361 | Val: 0.171866 | Corr: 0.206208 | LR: 1.00e-04
2026-03-05 21:07:44,612 - INFO -   ↳ Saved best model (val_corr=0.206208)
2026-03-05 21:07:50,201 - INFO - Epoch  34/50 | Train: 0.167092 | Val: 0.171629 | Corr: 0.209494 | LR: 1.00e-04
2026-03-05 21:07:50,231 - INFO -   ↳ Saved best model (val_corr=0.209494)
2026-03-05 21:07:55,831 - INFO - Epoch  35/50 | Train: 0.166909 | Val: 0.172439 | Corr: 0.208588 | LR: 1.00e-04
2026-03-05 21:08:01,440 - INFO - Epoch  36/50 | Train: 0.166765 | Val: 0.171313 | Corr: 0.211687 | LR: 1.00e-04
2026-03-05 21:08:01,474 - INFO -   ↳ Saved best model (val_corr=0.211687)
2026-03-05 21:08:07,067 - INFO - Epoch  37/50 | Train: 0.166680 | Val: 0.171235 | Corr: 0.212886 | LR: 1.00e-04
2026-03-05 21:08:07,099 - INFO -   ↳ Saved best model (val_corr=0.212886)
2026-03-05 21:08:12,717 - INFO - Epoch  38/50 | Train: 0.166515 | Val: 0.170407 | Corr: 0.214910 | LR: 1.00e-04
2026-03-05 21:08:12,757 - INFO -   ↳ Saved best model (val_corr=0.214910)
2026-03-05 21:08:18,362 - INFO - Epoch  39/50 | Train: 0.166421 | Val: 0.169928 | Corr: 0.216098 | LR: 1.00e-04
2026-03-05 21:08:18,396 - INFO -   ↳ Saved best model (val_corr=0.216098)
2026-03-05 21:08:24,014 - INFO - Epoch  40/50 | Train: 0.166246 | Val: 0.170441 | Corr: 0.216580 | LR: 1.00e-04
2026-03-05 21:08:24,051 - INFO -   ↳ Saved best model (val_corr=0.216580)
2026-03-05 21:08:29,726 - INFO - Epoch  41/50 | Train: 0.166093 | Val: 0.169386 | Corr: 0.217268 | LR: 1.00e-04
2026-03-05 21:08:29,761 - INFO -   ↳ Saved best model (val_corr=0.217268)
2026-03-05 21:08:35,369 - INFO - Epoch  42/50 | Train: 0.166026 | Val: 0.169260 | Corr: 0.218338 | LR: 1.00e-04
2026-03-05 21:08:35,398 - INFO -   ↳ Saved best model (val_corr=0.218338)
2026-03-05 21:08:41,024 - INFO - Epoch  43/50 | Train: 0.165844 | Val: 0.169571 | Corr: 0.218887 | LR: 1.00e-04
2026-03-05 21:08:41,055 - INFO -   ↳ Saved best model (val_corr=0.218887)
2026-03-05 21:08:46,636 - INFO - Epoch  44/50 | Train: 0.165819 | Val: 0.169489 | Corr: 0.220231 | LR: 1.00e-04
2026-03-05 21:08:46,667 - INFO -   ↳ Saved best model (val_corr=0.220231)
2026-03-05 21:08:52,285 - INFO - Epoch  45/50 | Train: 0.165678 | Val: 0.168923 | Corr: 0.222002 | LR: 1.00e-04
2026-03-05 21:08:52,328 - INFO -   ↳ Saved best model (val_corr=0.222002)
2026-03-05 21:08:57,915 - INFO - Epoch  46/50 | Train: 0.165618 | Val: 0.169163 | Corr: 0.222477 | LR: 1.00e-04
2026-03-05 21:08:57,956 - INFO -   ↳ Saved best model (val_corr=0.222477)
2026-03-05 21:09:03,595 - INFO - Epoch  47/50 | Train: 0.165533 | Val: 0.169479 | Corr: 0.223039 | LR: 1.00e-04
2026-03-05 21:09:03,627 - INFO -   ↳ Saved best model (val_corr=0.223039)
2026-03-05 21:09:09,240 - INFO - Epoch  48/50 | Train: 0.165395 | Val: 0.168701 | Corr: 0.223245 | LR: 1.00e-04
2026-03-05 21:09:09,280 - INFO -   ↳ Saved best model (val_corr=0.223245)
2026-03-05 21:09:14,873 - INFO - Epoch  49/50 | Train: 0.165299 | Val: 0.169006 | Corr: 0.222865 | LR: 1.00e-04
2026-03-05 21:09:20,506 - INFO - Epoch  50/50 | Train: 0.165233 | Val: 0.168632 | Corr: 0.225576 | LR: 1.00e-04
2026-03-05 21:09:20,533 - INFO -   ↳ Saved best model (val_corr=0.225576)
2026-03-05 21:09:20,533 - INFO - Training complete — best val corr: 0.225576
2026-03-05 21:09:22,323 - INFO - Test loss: 0.158379, Test corr: 0.218227
2026-03-05 21:09:22,720 - INFO - Fraction of variance explained (FVE): 0.053501
2026-03-05 21:09:22,720 - INFO - Computing autoregressive (AR) test predictions …
2026-03-05 21:09:23,369 - INFO - AR FVE: 0.006103, AR test corr: 0.096408
2026-03-05 21:09:23,369 - INFO - Generating figures …
2026-03-05 21:09:24,243 - INFO - Correlation between predicted and actual per-neuron averages: r=0.9932, p=0.00e+00
2026-03-05 21:09:26,622 - INFO - Pattern selectivity summary:
2026-03-05 21:09:26,623 - INFO -   Mean correlation across neurons: 0.6865
2026-03-05 21:09:26,623 - INFO -   Median correlation: 0.6961
2026-03-05 21:09:26,623 - INFO -   Neurons with r > 0.5: 57 / 63
2026-03-05 21:09:26,623 - INFO -   Neurons with r > 0.3: 61 / 63
2026-03-05 21:09:26,623 - INFO - Pattern selectivity — mean neuron corr: 0.6865
2026-03-05 21:09:28,601 - INFO - LOO (avg rate) — Model mean r: 0.5629, LOO mean r: 0.4546, Neurons model > LOO: 46/63
2026-03-05 21:09:31,078 - INFO - LOO (temporal) — Model mean r: 0.2271, LOO mean r: 0.3186, Neurons model > LOO: 7/63
2026-03-05 21:09:31,078 - INFO - Skipping oracle trial plots (skip_oracle_plots=True)
2026-03-05 21:09:31,101 - INFO - Experiment complete. Summary: {
  "run_dir": "/scratch/sb272/patterns5k_results/slurm_hist_cnn_2026-03-05_16-01-45/trial_0017_learning_rate=1.0e-04_history=2_kernel_sizes=3x3_conv_channels=64x128_fc_dims=512_seed0",
  "model_type": "cnn",
  "batch_avg_test_loss": 0.15837850189208985,
  "batch_avg_test_corr": 0.21822726204174694,
  "all_test_fve": 0.05350145934120057,
  "AR_FVE": 0.006103129613967169,
  "AR_test_correlation": 0.09640791267156601,
  "best_val_corr": 0.2255755517319299,
  "total_params": 143679,
  "trainable_params": 143679,
  "epochs_trained": 50,
  "mean_pattern_corr": 0.6864951470548789,
  "history": 2,
  "init_state": true,
  "loo_avg_mean_corr": 0.45456832695830385,
  "model_avg_mean_corr": 0.5628736691041006,
  "neurons_model_beats_loo_avg": 46,
  "loo_temporal_mean_corr": 0.31855225563049316,
  "all_test_corr": 0.22706261277198792,
  "neurons_model_beats_loo_temporal": 7,
  "kernel_sizes": [
    3,
    3
  ],
  "conv_channels": [
    64,
    128
  ],
  "fc_dims": [
    512
  ]
}
