2026-03-06 10:31:22,776 - INFO - ============================================================
2026-03-06 10:31:22,776 - INFO - Experiment run directory: /scratch/sb272/patterns5k_results/slurm_base_cnn_2026-03-06_09-50-40/trial_0017_learning_rate=1.0e-04_kernel_sizes=3x3x3_conv_channels=256x256x256_fc_dims=1024_seed2
2026-03-06 10:31:22,776 - INFO - ============================================================
2026-03-06 10:31:22,776 - INFO - Loading data …
2026-03-06 10:31:23,579 - INFO - 63 unique neurons after dropping problematic neurons
2026-03-06 10:31:24,643 - INFO - Stimulation channels: 42, Spiking neurons: 63
2026-03-06 10:33:11,103 - INFO - Unique patterns: 4050, Total trials: 5000
2026-03-06 10:33:11,105 - INFO - Stimulation channels: 42, Spiking neurons: 63
2026-03-06 10:33:11,105 - INFO - Unique patterns: 4050, Total trials: 5000
2026-03-06 10:33:11,120 - INFO - Split (oracle): train=3400, val=600, test=1000
2026-03-06 10:33:33,073 - INFO - BinnedStimSpikeDataset initialized:
2026-03-06 10:33:33,074 - INFO -   input_bin_size_ms=10, output_bin_size_ms=10
2026-03-06 10:33:33,074 - INFO -   n_input_bins=60, n_output_bins=60
2026-03-06 10:33:33,074 - INFO -   output_offset=0, total_bins_input=60, total_bins_output=60
2026-03-06 10:33:33,074 - INFO -   Valid start positions per trial: 0 to 0
2026-03-06 10:33:33,074 - INFO -   Total samples: 3400 (3400 trials × 1 positions)
2026-03-06 10:33:54,450 - INFO - BinnedStimSpikeDataset initialized:
2026-03-06 10:33:54,450 - INFO -   input_bin_size_ms=10, output_bin_size_ms=10
2026-03-06 10:33:54,450 - INFO -   n_input_bins=60, n_output_bins=60
2026-03-06 10:33:54,450 - INFO -   output_offset=0, total_bins_input=60, total_bins_output=60
2026-03-06 10:33:54,450 - INFO -   Valid start positions per trial: 0 to 0
2026-03-06 10:33:54,450 - INFO -   Total samples: 600 (600 trials × 1 positions)
2026-03-06 10:34:15,976 - INFO - BinnedStimSpikeDataset initialized:
2026-03-06 10:34:15,976 - INFO -   input_bin_size_ms=10, output_bin_size_ms=10
2026-03-06 10:34:15,976 - INFO -   n_input_bins=60, n_output_bins=60
2026-03-06 10:34:15,976 - INFO -   output_offset=0, total_bins_input=60, total_bins_output=60
2026-03-06 10:34:15,976 - INFO -   Valid start positions per trial: 0 to 0
2026-03-06 10:34:15,976 - INFO -   Total samples: 1000 (1000 trials × 1 positions)
2026-03-06 10:34:15,976 - INFO - Samples — train: 3400, val: 600, test: 1000
2026-03-06 10:34:15,976 - INFO - Input channels: 42, Neurons: 63
2026-03-06 10:34:15,981 - INFO - Using CPU
2026-03-06 10:34:16,001 - INFO - Model: CNN — 755,519 trainable params (755,519 total)
2026-03-06 10:34:19,675 - INFO - Starting training …
2026-03-06 10:34:32,977 - INFO - Epoch   1/50 | Train: 0.272450 | Val: 0.182409 | Corr: 0.071128 | LR: 1.00e-04
2026-03-06 10:34:33,000 - INFO -   ↳ Saved best model (val_corr=0.071128)
2026-03-06 10:34:45,993 - INFO - Epoch   2/50 | Train: 0.183086 | Val: 0.181242 | Corr: 0.077725 | LR: 1.00e-04
2026-03-06 10:34:46,011 - INFO -   ↳ Saved best model (val_corr=0.077725)
2026-03-06 10:34:59,007 - INFO - Epoch   3/50 | Train: 0.182277 | Val: 0.181160 | Corr: 0.082683 | LR: 1.00e-04
2026-03-06 10:34:59,026 - INFO -   ↳ Saved best model (val_corr=0.082683)
2026-03-06 10:35:11,938 - INFO - Epoch   4/50 | Train: 0.181679 | Val: 0.180249 | Corr: 0.087620 | LR: 1.00e-04
2026-03-06 10:35:11,956 - INFO -   ↳ Saved best model (val_corr=0.087620)
2026-03-06 10:35:24,845 - INFO - Epoch   5/50 | Train: 0.181096 | Val: 0.180060 | Corr: 0.093364 | LR: 1.00e-04
2026-03-06 10:35:24,868 - INFO -   ↳ Saved best model (val_corr=0.093364)
2026-03-06 10:35:37,709 - INFO - Epoch   6/50 | Train: 0.180579 | Val: 0.179363 | Corr: 0.097717 | LR: 1.00e-04
2026-03-06 10:35:37,755 - INFO -   ↳ Saved best model (val_corr=0.097717)
2026-03-06 10:35:50,688 - INFO - Epoch   7/50 | Train: 0.180038 | Val: 0.179203 | Corr: 0.101623 | LR: 1.00e-04
2026-03-06 10:35:50,707 - INFO -   ↳ Saved best model (val_corr=0.101623)
2026-03-06 10:36:03,465 - INFO - Epoch   8/50 | Train: 0.179579 | Val: 0.178759 | Corr: 0.104934 | LR: 1.00e-04
2026-03-06 10:36:03,490 - INFO -   ↳ Saved best model (val_corr=0.104934)
2026-03-06 10:36:16,351 - INFO - Epoch   9/50 | Train: 0.179144 | Val: 0.178811 | Corr: 0.108668 | LR: 1.00e-04
2026-03-06 10:36:16,372 - INFO -   ↳ Saved best model (val_corr=0.108668)
2026-03-06 10:36:29,219 - INFO - Epoch  10/50 | Train: 0.178520 | Val: 0.178669 | Corr: 0.111301 | LR: 1.00e-04
2026-03-06 10:36:29,237 - INFO -   ↳ Saved best model (val_corr=0.111301)
2026-03-06 10:36:42,056 - INFO - Epoch  11/50 | Train: 0.178171 | Val: 0.178771 | Corr: 0.112056 | LR: 1.00e-04
2026-03-06 10:36:42,077 - INFO -   ↳ Saved best model (val_corr=0.112056)
2026-03-06 10:36:54,912 - INFO - Epoch  12/50 | Train: 0.177908 | Val: 0.178338 | Corr: 0.114608 | LR: 1.00e-04
2026-03-06 10:36:54,946 - INFO -   ↳ Saved best model (val_corr=0.114608)
2026-03-06 10:37:07,695 - INFO - Epoch  13/50 | Train: 0.177406 | Val: 0.177958 | Corr: 0.117558 | LR: 1.00e-04
2026-03-06 10:37:07,717 - INFO -   ↳ Saved best model (val_corr=0.117558)
2026-03-06 10:37:20,435 - INFO - Epoch  14/50 | Train: 0.177121 | Val: 0.177774 | Corr: 0.118698 | LR: 1.00e-04
2026-03-06 10:37:20,454 - INFO -   ↳ Saved best model (val_corr=0.118698)
2026-03-06 10:37:33,291 - INFO - Epoch  15/50 | Train: 0.176848 | Val: 0.177591 | Corr: 0.120531 | LR: 1.00e-04
2026-03-06 10:37:33,310 - INFO -   ↳ Saved best model (val_corr=0.120531)
2026-03-06 10:37:46,229 - INFO - Epoch  16/50 | Train: 0.176548 | Val: 0.178298 | Corr: 0.120854 | LR: 1.00e-04
2026-03-06 10:37:46,253 - INFO -   ↳ Saved best model (val_corr=0.120854)
2026-03-06 10:37:59,143 - INFO - Epoch  17/50 | Train: 0.176298 | Val: 0.177772 | Corr: 0.121465 | LR: 1.00e-04
2026-03-06 10:37:59,161 - INFO -   ↳ Saved best model (val_corr=0.121465)
2026-03-06 10:38:11,996 - INFO - Epoch  18/50 | Train: 0.176032 | Val: 0.177493 | Corr: 0.123975 | LR: 1.00e-04
2026-03-06 10:38:12,015 - INFO -   ↳ Saved best model (val_corr=0.123975)
2026-03-06 10:38:24,805 - INFO - Epoch  19/50 | Train: 0.175828 | Val: 0.177289 | Corr: 0.124954 | LR: 1.00e-04
2026-03-06 10:38:24,824 - INFO -   ↳ Saved best model (val_corr=0.124954)
2026-03-06 10:38:37,663 - INFO - Epoch  20/50 | Train: 0.175477 | Val: 0.177490 | Corr: 0.125525 | LR: 1.00e-04
2026-03-06 10:38:37,683 - INFO -   ↳ Saved best model (val_corr=0.125525)
2026-03-06 10:38:50,477 - INFO - Epoch  21/50 | Train: 0.175290 | Val: 0.177631 | Corr: 0.126472 | LR: 1.00e-04
2026-03-06 10:38:50,498 - INFO -   ↳ Saved best model (val_corr=0.126472)
2026-03-06 10:39:03,298 - INFO - Epoch  22/50 | Train: 0.175129 | Val: 0.177650 | Corr: 0.127285 | LR: 1.00e-04
2026-03-06 10:39:03,318 - INFO -   ↳ Saved best model (val_corr=0.127285)
2026-03-06 10:39:16,122 - INFO - Epoch  23/50 | Train: 0.174967 | Val: 0.177371 | Corr: 0.126700 | LR: 1.00e-04
2026-03-06 10:39:31,885 - INFO - Epoch  24/50 | Train: 0.174773 | Val: 0.177663 | Corr: 0.128050 | LR: 1.00e-04
2026-03-06 10:39:31,905 - INFO -   ↳ Saved best model (val_corr=0.128050)
2026-03-06 10:39:49,329 - INFO - Epoch  25/50 | Train: 0.174559 | Val: 0.177099 | Corr: 0.128882 | LR: 1.00e-04
2026-03-06 10:39:49,351 - INFO -   ↳ Saved best model (val_corr=0.128882)
2026-03-06 10:40:06,756 - INFO - Epoch  26/50 | Train: 0.174367 | Val: 0.177144 | Corr: 0.127134 | LR: 1.00e-04
2026-03-06 10:40:31,078 - INFO - Epoch  27/50 | Train: 0.174174 | Val: 0.177141 | Corr: 0.129061 | LR: 1.00e-04
2026-03-06 10:40:31,108 - INFO -   ↳ Saved best model (val_corr=0.129061)
2026-03-06 10:41:01,476 - INFO - Epoch  28/50 | Train: 0.174041 | Val: 0.177115 | Corr: 0.129542 | LR: 1.00e-04
2026-03-06 10:41:01,500 - INFO -   ↳ Saved best model (val_corr=0.129542)
2026-03-06 10:41:32,584 - INFO - Epoch  29/50 | Train: 0.173862 | Val: 0.177665 | Corr: 0.130283 | LR: 1.00e-04
2026-03-06 10:41:32,614 - INFO -   ↳ Saved best model (val_corr=0.130283)
2026-03-06 10:42:00,117 - INFO - Epoch  30/50 | Train: 0.173699 | Val: 0.177301 | Corr: 0.130395 | LR: 1.00e-04
2026-03-06 10:42:00,145 - INFO -   ↳ Saved best model (val_corr=0.130395)
2026-03-06 10:42:29,375 - INFO - Epoch  31/50 | Train: 0.173510 | Val: 0.176975 | Corr: 0.130734 | LR: 1.00e-04
2026-03-06 10:42:29,398 - INFO -   ↳ Saved best model (val_corr=0.130734)
2026-03-06 10:43:00,017 - INFO - Epoch  32/50 | Train: 0.173400 | Val: 0.176858 | Corr: 0.130297 | LR: 1.00e-04
2026-03-06 10:43:30,806 - INFO - Epoch  33/50 | Train: 0.173249 | Val: 0.178015 | Corr: 0.132322 | LR: 1.00e-04
2026-03-06 10:43:30,835 - INFO -   ↳ Saved best model (val_corr=0.132322)
2026-03-06 10:43:58,075 - INFO - Epoch  34/50 | Train: 0.173150 | Val: 0.177356 | Corr: 0.132206 | LR: 1.00e-04
2026-03-06 10:44:27,926 - INFO - Epoch  35/50 | Train: 0.172984 | Val: 0.177571 | Corr: 0.132152 | LR: 1.00e-04
2026-03-06 10:44:58,823 - INFO - Epoch  36/50 | Train: 0.172818 | Val: 0.177305 | Corr: 0.131161 | LR: 1.00e-04
2026-03-06 10:45:28,843 - INFO - Epoch  37/50 | Train: 0.172684 | Val: 0.177127 | Corr: 0.131227 | LR: 1.00e-04
2026-03-06 10:45:56,293 - INFO - Epoch  38/50 | Train: 0.172628 | Val: 0.177637 | Corr: 0.132082 | LR: 5.00e-05
2026-03-06 10:46:31,004 - INFO - Epoch  39/50 | Train: 0.172240 | Val: 0.177344 | Corr: 0.132599 | LR: 5.00e-05
2026-03-06 10:46:31,037 - INFO -   ↳ Saved best model (val_corr=0.132599)
2026-03-06 10:46:57,690 - INFO - Epoch  40/50 | Train: 0.172121 | Val: 0.177602 | Corr: 0.132723 | LR: 5.00e-05
2026-03-06 10:46:57,717 - INFO -   ↳ Saved best model (val_corr=0.132723)
2026-03-06 10:47:30,618 - INFO - Epoch  41/50 | Train: 0.172032 | Val: 0.177885 | Corr: 0.132833 | LR: 5.00e-05
2026-03-06 10:47:30,638 - INFO -   ↳ Saved best model (val_corr=0.132833)
2026-03-06 10:47:59,591 - INFO - Epoch  42/50 | Train: 0.171978 | Val: 0.177160 | Corr: 0.132958 | LR: 5.00e-05
2026-03-06 10:47:59,618 - INFO -   ↳ Saved best model (val_corr=0.132958)
2026-03-06 10:48:31,022 - INFO - Epoch  43/50 | Train: 0.171902 | Val: 0.177354 | Corr: 0.132858 | LR: 5.00e-05
2026-03-06 10:49:00,982 - INFO - Epoch  44/50 | Train: 0.171883 | Val: 0.177310 | Corr: 0.132766 | LR: 2.50e-05
2026-03-06 10:49:31,648 - INFO - Epoch  45/50 | Train: 0.171640 | Val: 0.177176 | Corr: 0.132617 | LR: 2.50e-05
2026-03-06 10:50:00,106 - INFO - Epoch  46/50 | Train: 0.171576 | Val: 0.177335 | Corr: 0.133048 | LR: 2.50e-05
2026-03-06 10:50:00,139 - INFO -   ↳ Saved best model (val_corr=0.133048)
2026-03-06 10:50:37,035 - INFO - Epoch  47/50 | Train: 0.171531 | Val: 0.177182 | Corr: 0.132682 | LR: 2.50e-05
2026-03-06 10:51:04,565 - INFO - Epoch  48/50 | Train: 0.171552 | Val: 0.177194 | Corr: 0.132433 | LR: 2.50e-05
2026-03-06 10:51:33,939 - INFO - Epoch  49/50 | Train: 0.171472 | Val: 0.177446 | Corr: 0.132996 | LR: 2.50e-05
2026-03-06 10:52:07,625 - INFO - Epoch  50/50 | Train: 0.171412 | Val: 0.177246 | Corr: 0.132603 | LR: 1.25e-05
2026-03-06 10:52:07,625 - INFO - Training complete — best val corr: 0.133048
2026-03-06 10:52:10,091 - INFO - Test loss: 0.169242, Test corr: 0.132699
2026-03-06 10:52:11,491 - INFO - Fraction of variance explained (FVE): 0.010955
2026-03-06 10:52:11,492 - INFO - Generating figures …
2026-03-06 10:52:12,181 - INFO - Correlation between predicted and actual per-neuron averages: r=0.9895, p=0.00e+00
2026-03-06 10:52:16,603 - INFO - Pattern selectivity summary:
2026-03-06 10:52:16,604 - INFO -   Mean correlation across neurons: 0.4831
2026-03-06 10:52:16,604 - INFO -   Median correlation: 0.5197
2026-03-06 10:52:16,604 - INFO -   Neurons with r > 0.5: 33 / 63
2026-03-06 10:52:16,604 - INFO -   Neurons with r > 0.3: 49 / 63
2026-03-06 10:52:16,604 - INFO - Pattern selectivity — mean neuron corr: 0.4831
2026-03-06 10:52:19,742 - INFO - LOO (avg rate) — Model mean r: 0.2817, LOO mean r: 0.4546, Neurons model > LOO: 2/63
2026-03-06 10:52:25,170 - INFO - LOO (temporal) — Model mean r: 0.1328, LOO mean r: 0.3186, Neurons model > LOO: 0/63
2026-03-06 10:52:25,171 - INFO - Skipping oracle trial plots (skip_oracle_plots=True)
2026-03-06 10:52:25,177 - INFO - Experiment complete. Summary: {
  "run_dir": "/scratch/sb272/patterns5k_results/slurm_base_cnn_2026-03-06_09-50-40/trial_0017_learning_rate=1.0e-04_kernel_sizes=3x3x3_conv_channels=256x256x256_fc_dims=1024_seed2",
  "model_type": "cnn",
  "batch_avg_test_loss": 0.16924217176437378,
  "batch_avg_test_corr": 0.1326987657922429,
  "all_test_fve": 0.010954847411503868,
  "AR_FVE": NaN,
  "AR_test_correlation": NaN,
  "best_val_corr": 0.13304794084790386,
  "total_params": 755519,
  "trainable_params": 755519,
  "epochs_trained": 50,
  "mean_pattern_corr": 0.483052539019828,
  "history": 0,
  "init_state": true,
  "loo_avg_mean_corr": 0.45456832695830385,
  "model_avg_mean_corr": 0.28169074978430286,
  "neurons_model_beats_loo_avg": 2,
  "loo_temporal_mean_corr": 0.31855225563049316,
  "all_test_corr": 0.13277935981750488,
  "neurons_model_beats_loo_temporal": 0,
  "kernel_sizes": [
    3,
    3,
    3
  ],
  "conv_channels": [
    256,
    256,
    256
  ],
  "fc_dims": [
    1024
  ]
}
