2026-03-04 22:41:22,675 - INFO - ============================================================
2026-03-04 22:41:22,675 - INFO - Experiment run directory: /scratch/sb272/patterns5k_results/slurm_base_cnn_2026-03-04_16-53-19/trial_0016_learning_rate=1.0e-04_kernel_sizes=3x3_conv_channels=64x128_fc_dims=256_seed2
2026-03-04 22:41:22,675 - INFO - ============================================================
2026-03-04 22:41:22,675 - INFO - Loading data …
2026-03-04 22:41:26,058 - INFO - 63 unique neurons after dropping problematic neurons
2026-03-04 22:41:27,641 - INFO - Stimulation channels: 42, Spiking neurons: 63
2026-03-04 22:43:12,375 - INFO - Unique patterns: 4050, Total trials: 5000
2026-03-04 22:43:12,378 - INFO - Stimulation channels: 42, Spiking neurons: 63
2026-03-04 22:43:12,378 - INFO - Unique patterns: 4050, Total trials: 5000
2026-03-04 22:43:12,395 - INFO - Split (oracle): train=3400, val=600, test=1000
2026-03-04 22:43:30,156 - INFO - BinnedStimSpikeDataset initialized:
2026-03-04 22:43:30,156 - INFO -   input_bin_size_ms=10, output_bin_size_ms=10
2026-03-04 22:43:30,156 - INFO -   n_input_bins=60, n_output_bins=60
2026-03-04 22:43:30,156 - INFO -   output_offset=0, total_bins_input=60, total_bins_output=60
2026-03-04 22:43:30,156 - INFO -   Valid start positions per trial: 0 to 0
2026-03-04 22:43:30,156 - INFO -   Total samples: 3400 (3400 trials × 1 positions)
2026-03-04 22:43:47,727 - INFO - BinnedStimSpikeDataset initialized:
2026-03-04 22:43:47,727 - INFO -   input_bin_size_ms=10, output_bin_size_ms=10
2026-03-04 22:43:47,727 - INFO -   n_input_bins=60, n_output_bins=60
2026-03-04 22:43:47,727 - INFO -   output_offset=0, total_bins_input=60, total_bins_output=60
2026-03-04 22:43:47,727 - INFO -   Valid start positions per trial: 0 to 0
2026-03-04 22:43:47,727 - INFO -   Total samples: 600 (600 trials × 1 positions)
2026-03-04 22:44:06,608 - INFO - BinnedStimSpikeDataset initialized:
2026-03-04 22:44:06,608 - INFO -   input_bin_size_ms=10, output_bin_size_ms=10
2026-03-04 22:44:06,608 - INFO -   n_input_bins=60, n_output_bins=60
2026-03-04 22:44:06,609 - INFO -   output_offset=0, total_bins_input=60, total_bins_output=60
2026-03-04 22:44:06,609 - INFO -   Valid start positions per trial: 0 to 0
2026-03-04 22:44:06,609 - INFO -   Total samples: 1000 (1000 trials × 1 positions)
2026-03-04 22:44:06,609 - INFO - Samples — train: 3400, val: 600, test: 1000
2026-03-04 22:44:06,609 - INFO - Input channels: 42, Neurons: 63
2026-03-04 22:44:06,618 - INFO - Using CPU
2026-03-04 22:44:06,633 - INFO - Model: CNN — 82,431 trainable params (82,431 total)
2026-03-04 22:44:11,684 - INFO - Starting training …
2026-03-04 22:44:16,129 - INFO - Epoch   1/50 | Train: 0.467658 | Val: 0.211379 | Corr: 0.038932 | LR: 1.00e-04
2026-03-04 22:44:16,147 - INFO -   ↳ Saved best model (val_corr=0.038932)
2026-03-04 22:44:19,773 - INFO - Epoch   2/50 | Train: 0.192702 | Val: 0.190937 | Corr: 0.052928 | LR: 1.00e-04
2026-03-04 22:44:19,792 - INFO -   ↳ Saved best model (val_corr=0.052928)
2026-03-04 22:44:23,614 - INFO - Epoch   3/50 | Train: 0.188595 | Val: 0.187819 | Corr: 0.056919 | LR: 1.00e-04
2026-03-04 22:44:23,625 - INFO -   ↳ Saved best model (val_corr=0.056919)
2026-03-04 22:44:27,424 - INFO - Epoch   4/50 | Train: 0.187546 | Val: 0.190048 | Corr: 0.061076 | LR: 1.00e-04
2026-03-04 22:44:27,436 - INFO -   ↳ Saved best model (val_corr=0.061076)
2026-03-04 22:44:31,472 - INFO - Epoch   5/50 | Train: 0.186738 | Val: 0.187725 | Corr: 0.062552 | LR: 1.00e-04
2026-03-04 22:44:31,484 - INFO -   ↳ Saved best model (val_corr=0.062552)
2026-03-04 22:44:36,598 - INFO - Epoch   6/50 | Train: 0.186271 | Val: 0.186676 | Corr: 0.064971 | LR: 1.00e-04
2026-03-04 22:44:36,617 - INFO -   ↳ Saved best model (val_corr=0.064971)
2026-03-04 22:44:41,698 - INFO - Epoch   7/50 | Train: 0.185683 | Val: 0.187131 | Corr: 0.067019 | LR: 1.00e-04
2026-03-04 22:44:41,709 - INFO -   ↳ Saved best model (val_corr=0.067019)
2026-03-04 22:44:46,776 - INFO - Epoch   8/50 | Train: 0.185234 | Val: 0.186801 | Corr: 0.068973 | LR: 1.00e-04
2026-03-04 22:44:46,790 - INFO -   ↳ Saved best model (val_corr=0.068973)
2026-03-04 22:44:50,153 - INFO - Epoch   9/50 | Train: 0.184760 | Val: 0.186876 | Corr: 0.070593 | LR: 1.00e-04
2026-03-04 22:44:50,166 - INFO -   ↳ Saved best model (val_corr=0.070593)
2026-03-04 22:44:53,051 - INFO - Epoch  10/50 | Train: 0.184516 | Val: 0.185894 | Corr: 0.071792 | LR: 1.00e-04
2026-03-04 22:44:53,063 - INFO -   ↳ Saved best model (val_corr=0.071792)
2026-03-04 22:44:56,563 - INFO - Epoch  11/50 | Train: 0.184027 | Val: 0.185234 | Corr: 0.073852 | LR: 1.00e-04
2026-03-04 22:44:56,573 - INFO -   ↳ Saved best model (val_corr=0.073852)
2026-03-04 22:45:00,064 - INFO - Epoch  12/50 | Train: 0.183760 | Val: 0.185711 | Corr: 0.075042 | LR: 1.00e-04
2026-03-04 22:45:00,076 - INFO -   ↳ Saved best model (val_corr=0.075042)
2026-03-04 22:45:03,977 - INFO - Epoch  13/50 | Train: 0.183458 | Val: 0.187477 | Corr: 0.076349 | LR: 1.00e-04
2026-03-04 22:45:03,988 - INFO -   ↳ Saved best model (val_corr=0.076349)
2026-03-04 22:45:07,832 - INFO - Epoch  14/50 | Train: 0.183215 | Val: 0.183726 | Corr: 0.077697 | LR: 1.00e-04
2026-03-04 22:45:07,858 - INFO -   ↳ Saved best model (val_corr=0.077697)
2026-03-04 22:45:11,949 - INFO - Epoch  15/50 | Train: 0.182882 | Val: 0.184559 | Corr: 0.078850 | LR: 1.00e-04
2026-03-04 22:45:11,964 - INFO -   ↳ Saved best model (val_corr=0.078850)
2026-03-04 22:45:17,107 - INFO - Epoch  16/50 | Train: 0.182732 | Val: 0.184531 | Corr: 0.080389 | LR: 1.00e-04
2026-03-04 22:45:17,124 - INFO -   ↳ Saved best model (val_corr=0.080389)
2026-03-04 22:45:22,226 - INFO - Epoch  17/50 | Train: 0.182467 | Val: 0.183957 | Corr: 0.081620 | LR: 1.00e-04
2026-03-04 22:45:22,238 - INFO -   ↳ Saved best model (val_corr=0.081620)
2026-03-04 22:45:26,878 - INFO - Epoch  18/50 | Train: 0.182205 | Val: 0.183713 | Corr: 0.083071 | LR: 1.00e-04
2026-03-04 22:45:26,889 - INFO -   ↳ Saved best model (val_corr=0.083071)
2026-03-04 22:45:29,758 - INFO - Epoch  19/50 | Train: 0.182023 | Val: 0.183516 | Corr: 0.084400 | LR: 1.00e-04
2026-03-04 22:45:29,780 - INFO -   ↳ Saved best model (val_corr=0.084400)
2026-03-04 22:45:33,202 - INFO - Epoch  20/50 | Train: 0.181782 | Val: 0.183908 | Corr: 0.085514 | LR: 1.00e-04
2026-03-04 22:45:33,213 - INFO -   ↳ Saved best model (val_corr=0.085514)
2026-03-04 22:45:37,069 - INFO - Epoch  21/50 | Train: 0.181580 | Val: 0.183102 | Corr: 0.086964 | LR: 1.00e-04
2026-03-04 22:45:37,086 - INFO -   ↳ Saved best model (val_corr=0.086964)
2026-03-04 22:45:40,935 - INFO - Epoch  22/50 | Train: 0.181338 | Val: 0.183763 | Corr: 0.087803 | LR: 1.00e-04
2026-03-04 22:45:40,946 - INFO -   ↳ Saved best model (val_corr=0.087803)
2026-03-04 22:45:44,716 - INFO - Epoch  23/50 | Train: 0.181259 | Val: 0.184016 | Corr: 0.089303 | LR: 1.00e-04
2026-03-04 22:45:44,727 - INFO -   ↳ Saved best model (val_corr=0.089303)
2026-03-04 22:45:48,643 - INFO - Epoch  24/50 | Train: 0.181021 | Val: 0.182902 | Corr: 0.090660 | LR: 1.00e-04
2026-03-04 22:45:48,654 - INFO -   ↳ Saved best model (val_corr=0.090660)
2026-03-04 22:45:53,788 - INFO - Epoch  25/50 | Train: 0.180917 | Val: 0.182698 | Corr: 0.091048 | LR: 1.00e-04
2026-03-04 22:45:53,804 - INFO -   ↳ Saved best model (val_corr=0.091048)
2026-03-04 22:45:58,933 - INFO - Epoch  26/50 | Train: 0.180726 | Val: 0.182675 | Corr: 0.092983 | LR: 1.00e-04
2026-03-04 22:45:58,953 - INFO -   ↳ Saved best model (val_corr=0.092983)
2026-03-04 22:46:03,560 - INFO - Epoch  27/50 | Train: 0.180479 | Val: 0.183581 | Corr: 0.092895 | LR: 1.00e-04
2026-03-04 22:46:06,453 - INFO - Epoch  28/50 | Train: 0.180433 | Val: 0.181996 | Corr: 0.094457 | LR: 1.00e-04
2026-03-04 22:46:06,463 - INFO -   ↳ Saved best model (val_corr=0.094457)
2026-03-04 22:46:09,602 - INFO - Epoch  29/50 | Train: 0.180259 | Val: 0.182288 | Corr: 0.095632 | LR: 1.00e-04
2026-03-04 22:46:09,617 - INFO -   ↳ Saved best model (val_corr=0.095632)
2026-03-04 22:46:13,220 - INFO - Epoch  30/50 | Train: 0.180182 | Val: 0.182286 | Corr: 0.096751 | LR: 1.00e-04
2026-03-04 22:46:13,230 - INFO -   ↳ Saved best model (val_corr=0.096751)
2026-03-04 22:46:17,016 - INFO - Epoch  31/50 | Train: 0.180021 | Val: 0.181877 | Corr: 0.096626 | LR: 1.00e-04
2026-03-04 22:46:20,757 - INFO - Epoch  32/50 | Train: 0.179885 | Val: 0.181528 | Corr: 0.097861 | LR: 1.00e-04
2026-03-04 22:46:20,772 - INFO -   ↳ Saved best model (val_corr=0.097861)
2026-03-04 22:46:24,653 - INFO - Epoch  33/50 | Train: 0.179752 | Val: 0.181660 | Corr: 0.098811 | LR: 1.00e-04
2026-03-04 22:46:24,667 - INFO -   ↳ Saved best model (val_corr=0.098811)
2026-03-04 22:46:29,134 - INFO - Epoch  34/50 | Train: 0.179685 | Val: 0.180867 | Corr: 0.100091 | LR: 1.00e-04
2026-03-04 22:46:29,161 - INFO -   ↳ Saved best model (val_corr=0.100091)
2026-03-04 22:46:34,236 - INFO - Epoch  35/50 | Train: 0.179553 | Val: 0.181926 | Corr: 0.100214 | LR: 1.00e-04
2026-03-04 22:46:34,250 - INFO -   ↳ Saved best model (val_corr=0.100214)
2026-03-04 22:46:39,344 - INFO - Epoch  36/50 | Train: 0.179408 | Val: 0.182428 | Corr: 0.101505 | LR: 1.00e-04
2026-03-04 22:46:39,356 - INFO -   ↳ Saved best model (val_corr=0.101505)
2026-03-04 22:46:43,111 - INFO - Epoch  37/50 | Train: 0.179421 | Val: 0.180656 | Corr: 0.102342 | LR: 1.00e-04
2026-03-04 22:46:43,123 - INFO -   ↳ Saved best model (val_corr=0.102342)
2026-03-04 22:46:46,016 - INFO - Epoch  38/50 | Train: 0.179339 | Val: 0.181403 | Corr: 0.102626 | LR: 1.00e-04
2026-03-04 22:46:46,027 - INFO -   ↳ Saved best model (val_corr=0.102626)
2026-03-04 22:46:49,486 - INFO - Epoch  39/50 | Train: 0.179155 | Val: 0.181517 | Corr: 0.103590 | LR: 1.00e-04
2026-03-04 22:46:49,499 - INFO -   ↳ Saved best model (val_corr=0.103590)
2026-03-04 22:46:53,128 - INFO - Epoch  40/50 | Train: 0.179139 | Val: 0.180766 | Corr: 0.103727 | LR: 1.00e-04
2026-03-04 22:46:53,140 - INFO -   ↳ Saved best model (val_corr=0.103727)
2026-03-04 22:46:57,117 - INFO - Epoch  41/50 | Train: 0.178958 | Val: 0.180914 | Corr: 0.105333 | LR: 1.00e-04
2026-03-04 22:46:57,144 - INFO -   ↳ Saved best model (val_corr=0.105333)
2026-03-04 22:47:01,089 - INFO - Epoch  42/50 | Train: 0.178915 | Val: 0.180922 | Corr: 0.105225 | LR: 1.00e-04
2026-03-04 22:47:05,195 - INFO - Epoch  43/50 | Train: 0.178826 | Val: 0.180769 | Corr: 0.106126 | LR: 5.00e-05
2026-03-04 22:47:05,208 - INFO -   ↳ Saved best model (val_corr=0.106126)
2026-03-04 22:47:10,377 - INFO - Epoch  44/50 | Train: 0.178756 | Val: 0.180583 | Corr: 0.106459 | LR: 5.00e-05
2026-03-04 22:47:10,389 - INFO -   ↳ Saved best model (val_corr=0.106459)
2026-03-04 22:47:15,571 - INFO - Epoch  45/50 | Train: 0.178592 | Val: 0.180086 | Corr: 0.106612 | LR: 5.00e-05
2026-03-04 22:47:15,588 - INFO -   ↳ Saved best model (val_corr=0.106612)
2026-03-04 22:47:20,868 - INFO - Epoch  46/50 | Train: 0.178548 | Val: 0.180167 | Corr: 0.107359 | LR: 5.00e-05
2026-03-04 22:47:20,882 - INFO -   ↳ Saved best model (val_corr=0.107359)
2026-03-04 22:47:24,571 - INFO - Epoch  47/50 | Train: 0.178556 | Val: 0.181064 | Corr: 0.107646 | LR: 5.00e-05
2026-03-04 22:47:24,602 - INFO -   ↳ Saved best model (val_corr=0.107646)
2026-03-04 22:47:27,468 - INFO - Epoch  48/50 | Train: 0.178519 | Val: 0.180559 | Corr: 0.108072 | LR: 5.00e-05
2026-03-04 22:47:27,479 - INFO -   ↳ Saved best model (val_corr=0.108072)
2026-03-04 22:47:30,487 - INFO - Epoch  49/50 | Train: 0.178465 | Val: 0.180652 | Corr: 0.108432 | LR: 5.00e-05
2026-03-04 22:47:30,498 - INFO -   ↳ Saved best model (val_corr=0.108432)
2026-03-04 22:47:34,152 - INFO - Epoch  50/50 | Train: 0.178401 | Val: 0.180410 | Corr: 0.108401 | LR: 5.00e-05
2026-03-04 22:47:34,153 - INFO - Training complete — best val corr: 0.108432
2026-03-04 22:47:35,489 - INFO - Test loss: 0.172264, Test corr: 0.113187
2026-03-04 22:47:35,764 - INFO - Fraction of variance explained (FVE): 0.007423
2026-03-04 22:47:35,764 - INFO - Generating figures …
2026-03-04 22:47:36,272 - INFO - Correlation between predicted and actual per-neuron averages: r=0.9947, p=0.00e+00
2026-03-04 22:47:38,570 - INFO - Pattern selectivity summary:
2026-03-04 22:47:38,570 - INFO -   Mean correlation across neurons: 0.3782
2026-03-04 22:47:38,571 - INFO -   Median correlation: 0.4214
2026-03-04 22:47:38,571 - INFO -   Neurons with r > 0.5: 23 / 63
2026-03-04 22:47:38,571 - INFO -   Neurons with r > 0.3: 44 / 63
2026-03-04 22:47:38,571 - INFO - Pattern selectivity — mean neuron corr: 0.3782
2026-03-04 22:47:40,187 - INFO - LOO (avg rate) — Model mean r: 0.2275, LOO mean r: 0.4546, Neurons model > LOO: 1/63
2026-03-04 22:47:42,621 - INFO - LOO (temporal) — Model mean r: 0.1144, LOO mean r: 0.3186, Neurons model > LOO: 0/63
2026-03-04 22:47:42,621 - INFO - Skipping oracle trial plots (skip_oracle_plots=True)
2026-03-04 22:47:42,645 - INFO - Experiment complete. Summary: {
  "run_dir": "/scratch/sb272/patterns5k_results/slurm_base_cnn_2026-03-04_16-53-19/trial_0016_learning_rate=1.0e-04_kernel_sizes=3x3_conv_channels=64x128_fc_dims=256_seed2",
  "model_type": "cnn",
  "batch_avg_test_loss": 0.17226387453079223,
  "batch_avg_test_corr": 0.11318716057012593,
  "all_test_fve": 0.00742253235408238,
  "AR_FVE": NaN,
  "AR_test_correlation": NaN,
  "best_val_corr": 0.10843172092264053,
  "total_params": 82431,
  "trainable_params": 82431,
  "epochs_trained": 50,
  "mean_pattern_corr": 0.3781697736271173,
  "history": 0,
  "init_state": true,
  "loo_avg_mean_corr": 0.45456832695830385,
  "model_avg_mean_corr": 0.22746831227080924,
  "neurons_model_beats_loo_avg": 1,
  "loo_temporal_mean_corr": 0.31855225563049316,
  "all_test_corr": 0.11439070105552673,
  "neurons_model_beats_loo_temporal": 0,
  "kernel_sizes": [
    3,
    3
  ],
  "conv_channels": [
    64,
    128
  ],
  "fc_dims": [
    256
  ]
}
