2026-03-05 20:44:56,275 - INFO - ============================================================
2026-03-05 20:44:56,275 - INFO - Experiment run directory: /scratch/sb272/patterns5k_results/slurm_hist_cnn_2026-03-05_16-01-45/trial_0404_learning_rate=5.0e-04_history=2_kernel_sizes=3x3x3_conv_channels=256x256x256_fc_dims=1024_seed1
2026-03-05 20:44:56,275 - INFO - ============================================================
2026-03-05 20:44:56,275 - INFO - Loading data …
2026-03-05 20:44:58,110 - INFO - 63 unique neurons after dropping problematic neurons
2026-03-05 20:44:59,987 - INFO - Stimulation channels: 42, Spiking neurons: 63
2026-03-05 20:48:04,722 - INFO - Unique patterns: 4050, Total trials: 5000
2026-03-05 20:48:04,723 - INFO - Stimulation channels: 42, Spiking neurons: 63
2026-03-05 20:48:04,723 - INFO - Unique patterns: 4050, Total trials: 5000
2026-03-05 20:48:04,754 - INFO - Split (oracle): train=3400, val=600, test=1000
2026-03-05 20:48:40,354 - INFO - BinnedStimSpikeDataset initialized:
2026-03-05 20:48:40,354 - INFO -   input_bin_size_ms=10, output_bin_size_ms=10
2026-03-05 20:48:40,354 - INFO -   n_input_bins=60, n_output_bins=60
2026-03-05 20:48:40,354 - INFO -   output_offset=0, total_bins_input=60, total_bins_output=60
2026-03-05 20:48:40,354 - INFO -   Valid start positions per trial: 0 to 0
2026-03-05 20:48:40,354 - INFO -   Total samples: 3400 (3400 trials × 1 positions)
2026-03-05 20:49:16,600 - INFO - BinnedStimSpikeDataset initialized:
2026-03-05 20:49:16,601 - INFO -   input_bin_size_ms=10, output_bin_size_ms=10
2026-03-05 20:49:16,601 - INFO -   n_input_bins=60, n_output_bins=60
2026-03-05 20:49:16,601 - INFO -   output_offset=0, total_bins_input=60, total_bins_output=60
2026-03-05 20:49:16,601 - INFO -   Valid start positions per trial: 0 to 0
2026-03-05 20:49:16,601 - INFO -   Total samples: 600 (600 trials × 1 positions)
2026-03-05 20:49:51,418 - INFO - BinnedStimSpikeDataset initialized:
2026-03-05 20:49:51,418 - INFO -   input_bin_size_ms=10, output_bin_size_ms=10
2026-03-05 20:49:51,418 - INFO -   n_input_bins=60, n_output_bins=60
2026-03-05 20:49:51,418 - INFO -   output_offset=0, total_bins_input=60, total_bins_output=60
2026-03-05 20:49:51,418 - INFO -   Valid start positions per trial: 0 to 0
2026-03-05 20:49:51,418 - INFO -   Total samples: 1000 (1000 trials × 1 positions)
2026-03-05 20:49:51,419 - INFO - Samples — train: 3400, val: 600, test: 1000
2026-03-05 20:49:51,419 - INFO - Input channels: 105, Neurons: 63
2026-03-05 20:49:51,424 - INFO - Using CPU
2026-03-05 20:49:51,438 - INFO - Model: CNN — 803,903 trainable params (803,903 total)
2026-03-05 20:49:57,640 - INFO - Starting training …
2026-03-05 20:50:24,204 - INFO - Epoch   1/50 | Train: 0.201153 | Val: 0.173977 | Corr: 0.155744 | LR: 5.00e-04
2026-03-05 20:50:24,228 - INFO -   ↳ Saved best model (val_corr=0.155744)
2026-03-05 20:50:48,402 - INFO - Epoch   2/50 | Train: 0.172257 | Val: 0.169841 | Corr: 0.181530 | LR: 5.00e-04
2026-03-05 20:50:48,433 - INFO -   ↳ Saved best model (val_corr=0.181530)
2026-03-05 20:51:13,950 - INFO - Epoch   3/50 | Train: 0.169185 | Val: 0.168070 | Corr: 0.198555 | LR: 5.00e-04
2026-03-05 20:51:13,980 - INFO -   ↳ Saved best model (val_corr=0.198555)
2026-03-05 20:51:37,298 - INFO - Epoch   4/50 | Train: 0.167018 | Val: 0.166044 | Corr: 0.213811 | LR: 5.00e-04
2026-03-05 20:51:37,323 - INFO -   ↳ Saved best model (val_corr=0.213811)
2026-03-05 20:52:04,648 - INFO - Epoch   5/50 | Train: 0.165398 | Val: 0.164572 | Corr: 0.223562 | LR: 5.00e-04
2026-03-05 20:52:04,670 - INFO -   ↳ Saved best model (val_corr=0.223562)
2026-03-05 20:52:27,482 - INFO - Epoch   6/50 | Train: 0.164021 | Val: 0.163576 | Corr: 0.231045 | LR: 5.00e-04
2026-03-05 20:52:27,519 - INFO -   ↳ Saved best model (val_corr=0.231045)
2026-03-05 20:52:54,407 - INFO - Epoch   7/50 | Train: 0.162876 | Val: 0.163121 | Corr: 0.237461 | LR: 5.00e-04
2026-03-05 20:52:54,441 - INFO -   ↳ Saved best model (val_corr=0.237461)
2026-03-05 20:53:17,971 - INFO - Epoch   8/50 | Train: 0.161911 | Val: 0.163806 | Corr: 0.243110 | LR: 5.00e-04
2026-03-05 20:53:18,001 - INFO -   ↳ Saved best model (val_corr=0.243110)
2026-03-05 20:53:43,725 - INFO - Epoch   9/50 | Train: 0.161181 | Val: 0.162144 | Corr: 0.246581 | LR: 5.00e-04
2026-03-05 20:53:43,758 - INFO -   ↳ Saved best model (val_corr=0.246581)
2026-03-05 20:54:08,247 - INFO - Epoch  10/50 | Train: 0.160440 | Val: 0.161847 | Corr: 0.249677 | LR: 5.00e-04
2026-03-05 20:54:08,287 - INFO -   ↳ Saved best model (val_corr=0.249677)
2026-03-05 20:54:33,075 - INFO - Epoch  11/50 | Train: 0.159968 | Val: 0.162097 | Corr: 0.251810 | LR: 5.00e-04
2026-03-05 20:54:33,108 - INFO -   ↳ Saved best model (val_corr=0.251810)
2026-03-05 20:54:58,719 - INFO - Epoch  12/50 | Train: 0.159215 | Val: 0.161193 | Corr: 0.254500 | LR: 5.00e-04
2026-03-05 20:54:58,747 - INFO -   ↳ Saved best model (val_corr=0.254500)
2026-03-05 20:55:22,585 - INFO - Epoch  13/50 | Train: 0.158811 | Val: 0.161319 | Corr: 0.256917 | LR: 5.00e-04
2026-03-05 20:55:22,639 - INFO -   ↳ Saved best model (val_corr=0.256917)
2026-03-05 20:55:49,256 - INFO - Epoch  14/50 | Train: 0.158250 | Val: 0.161257 | Corr: 0.257592 | LR: 5.00e-04
2026-03-05 20:55:49,284 - INFO -   ↳ Saved best model (val_corr=0.257592)
2026-03-05 20:56:12,096 - INFO - Epoch  15/50 | Train: 0.157847 | Val: 0.160954 | Corr: 0.259420 | LR: 5.00e-04
2026-03-05 20:56:12,131 - INFO -   ↳ Saved best model (val_corr=0.259420)
2026-03-05 20:56:39,530 - INFO - Epoch  16/50 | Train: 0.157462 | Val: 0.160543 | Corr: 0.261493 | LR: 5.00e-04
2026-03-05 20:56:39,574 - INFO -   ↳ Saved best model (val_corr=0.261493)
2026-03-05 20:57:02,543 - INFO - Epoch  17/50 | Train: 0.157066 | Val: 0.161137 | Corr: 0.263220 | LR: 5.00e-04
2026-03-05 20:57:02,568 - INFO -   ↳ Saved best model (val_corr=0.263220)
2026-03-05 20:57:28,960 - INFO - Epoch  18/50 | Train: 0.156583 | Val: 0.160495 | Corr: 0.263953 | LR: 5.00e-04
2026-03-05 20:57:28,984 - INFO -   ↳ Saved best model (val_corr=0.263953)
2026-03-05 20:57:52,967 - INFO - Epoch  19/50 | Train: 0.156291 | Val: 0.160194 | Corr: 0.263954 | LR: 5.00e-04
2026-03-05 20:57:52,996 - INFO -   ↳ Saved best model (val_corr=0.263954)
2026-03-05 20:58:18,413 - INFO - Epoch  20/50 | Train: 0.156014 | Val: 0.159926 | Corr: 0.264364 | LR: 5.00e-04
2026-03-05 20:58:18,453 - INFO -   ↳ Saved best model (val_corr=0.264364)
2026-03-05 20:58:43,434 - INFO - Epoch  21/50 | Train: 0.155717 | Val: 0.160197 | Corr: 0.265188 | LR: 5.00e-04
2026-03-05 20:58:43,458 - INFO -   ↳ Saved best model (val_corr=0.265188)
2026-03-05 20:59:07,884 - INFO - Epoch  22/50 | Train: 0.155372 | Val: 0.160031 | Corr: 0.264930 | LR: 5.00e-04
2026-03-05 20:59:33,842 - INFO - Epoch  23/50 | Train: 0.155012 | Val: 0.160544 | Corr: 0.265214 | LR: 5.00e-04
2026-03-05 20:59:33,865 - INFO -   ↳ Saved best model (val_corr=0.265214)
2026-03-05 20:59:57,289 - INFO - Epoch  24/50 | Train: 0.154890 | Val: 0.160748 | Corr: 0.266261 | LR: 5.00e-04
2026-03-05 20:59:57,313 - INFO -   ↳ Saved best model (val_corr=0.266261)
2026-03-05 21:00:24,334 - INFO - Epoch  25/50 | Train: 0.154547 | Val: 0.159984 | Corr: 0.267966 | LR: 5.00e-04
2026-03-05 21:00:24,356 - INFO -   ↳ Saved best model (val_corr=0.267966)
2026-03-05 21:00:47,205 - INFO - Epoch  26/50 | Train: 0.154309 | Val: 0.159772 | Corr: 0.266695 | LR: 5.00e-04
2026-03-05 21:01:14,385 - INFO - Epoch  27/50 | Train: 0.154078 | Val: 0.159931 | Corr: 0.268545 | LR: 5.00e-04
2026-03-05 21:01:14,413 - INFO -   ↳ Saved best model (val_corr=0.268545)
2026-03-05 21:01:37,499 - INFO - Epoch  28/50 | Train: 0.153964 | Val: 0.159679 | Corr: 0.268639 | LR: 5.00e-04
2026-03-05 21:01:37,522 - INFO -   ↳ Saved best model (val_corr=0.268639)
2026-03-05 21:02:03,652 - INFO - Epoch  29/50 | Train: 0.153651 | Val: 0.159770 | Corr: 0.267477 | LR: 5.00e-04
2026-03-05 21:02:28,127 - INFO - Epoch  30/50 | Train: 0.153388 | Val: 0.159777 | Corr: 0.269606 | LR: 5.00e-04
2026-03-05 21:02:28,163 - INFO -   ↳ Saved best model (val_corr=0.269606)
2026-03-05 21:02:53,488 - INFO - Epoch  31/50 | Train: 0.153211 | Val: 0.160463 | Corr: 0.269529 | LR: 5.00e-04
2026-03-05 21:03:18,909 - INFO - Epoch  32/50 | Train: 0.153110 | Val: 0.159700 | Corr: 0.269737 | LR: 5.00e-04
2026-03-05 21:03:18,945 - INFO -   ↳ Saved best model (val_corr=0.269737)
2026-03-05 21:03:43,341 - INFO - Epoch  33/50 | Train: 0.152807 | Val: 0.160055 | Corr: 0.269252 | LR: 5.00e-04
2026-03-05 21:04:09,616 - INFO - Epoch  34/50 | Train: 0.152595 | Val: 0.159544 | Corr: 0.269289 | LR: 5.00e-04
2026-03-05 21:04:32,800 - INFO - Epoch  35/50 | Train: 0.152399 | Val: 0.159910 | Corr: 0.269076 | LR: 5.00e-04
2026-03-05 21:04:59,915 - INFO - Epoch  36/50 | Train: 0.152164 | Val: 0.160732 | Corr: 0.268733 | LR: 5.00e-04
2026-03-05 21:05:22,673 - INFO - Epoch  37/50 | Train: 0.152038 | Val: 0.159820 | Corr: 0.270293 | LR: 5.00e-04
2026-03-05 21:05:22,698 - INFO -   ↳ Saved best model (val_corr=0.270293)
2026-03-05 21:05:49,859 - INFO - Epoch  38/50 | Train: 0.151961 | Val: 0.159774 | Corr: 0.269573 | LR: 5.00e-04
2026-03-05 21:06:13,306 - INFO - Epoch  39/50 | Train: 0.151814 | Val: 0.160406 | Corr: 0.269537 | LR: 5.00e-04
2026-03-05 21:06:39,557 - INFO - Epoch  40/50 | Train: 0.151702 | Val: 0.160062 | Corr: 0.268900 | LR: 2.50e-04
2026-03-05 21:07:03,980 - INFO - Epoch  41/50 | Train: 0.150757 | Val: 0.159873 | Corr: 0.271571 | LR: 2.50e-04
2026-03-05 21:07:04,008 - INFO -   ↳ Saved best model (val_corr=0.271571)
2026-03-05 21:07:29,133 - INFO - Epoch  42/50 | Train: 0.150493 | Val: 0.159809 | Corr: 0.271296 | LR: 2.50e-04
2026-03-05 21:07:54,419 - INFO - Epoch  43/50 | Train: 0.150279 | Val: 0.159828 | Corr: 0.270836 | LR: 2.50e-04
2026-03-05 21:08:18,697 - INFO - Epoch  44/50 | Train: 0.150176 | Val: 0.159819 | Corr: 0.272119 | LR: 2.50e-04
2026-03-05 21:08:18,733 - INFO -   ↳ Saved best model (val_corr=0.272119)
2026-03-05 21:08:44,810 - INFO - Epoch  45/50 | Train: 0.149994 | Val: 0.160352 | Corr: 0.270677 | LR: 2.50e-04
2026-03-05 21:09:07,959 - INFO - Epoch  46/50 | Train: 0.150015 | Val: 0.159838 | Corr: 0.271050 | LR: 1.25e-04
2026-03-05 21:09:35,298 - INFO - Epoch  47/50 | Train: 0.149465 | Val: 0.159948 | Corr: 0.270630 | LR: 1.25e-04
2026-03-05 21:09:58,148 - INFO - Epoch  48/50 | Train: 0.149381 | Val: 0.159798 | Corr: 0.271618 | LR: 1.25e-04
2026-03-05 21:10:25,041 - INFO - Epoch  49/50 | Train: 0.149275 | Val: 0.159818 | Corr: 0.271549 | LR: 1.25e-04
2026-03-05 21:10:48,479 - INFO - Epoch  50/50 | Train: 0.149121 | Val: 0.160031 | Corr: 0.270258 | LR: 1.25e-04
2026-03-05 21:10:48,479 - INFO - Training complete — best val corr: 0.272119
2026-03-05 21:10:51,542 - INFO - Test loss: 0.151731, Test corr: 0.259546
2026-03-05 21:10:53,238 - INFO - Fraction of variance explained (FVE): 0.076051
2026-03-05 21:10:53,238 - INFO - Computing autoregressive (AR) test predictions …
2026-03-05 21:10:55,490 - INFO - AR FVE: -0.007627, AR test corr: 0.073745
2026-03-05 21:10:55,490 - INFO - Generating figures …
2026-03-05 21:10:56,234 - INFO - Correlation between predicted and actual per-neuron averages: r=0.9920, p=0.00e+00
2026-03-05 21:11:00,655 - INFO - Pattern selectivity summary:
2026-03-05 21:11:00,655 - INFO -   Mean correlation across neurons: 0.7614
2026-03-05 21:11:00,655 - INFO -   Median correlation: 0.7900
2026-03-05 21:11:00,655 - INFO -   Neurons with r > 0.5: 60 / 63
2026-03-05 21:11:00,655 - INFO -   Neurons with r > 0.3: 63 / 63
2026-03-05 21:11:00,656 - INFO - Pattern selectivity — mean neuron corr: 0.7614
2026-03-05 21:11:04,582 - INFO - LOO (avg rate) — Model mean r: 0.6232, LOO mean r: 0.4546, Neurons model > LOO: 58/63
2026-03-05 21:11:11,723 - INFO - LOO (temporal) — Model mean r: 0.2706, LOO mean r: 0.3186, Neurons model > LOO: 11/63
2026-03-05 21:11:11,723 - INFO - Skipping oracle trial plots (skip_oracle_plots=True)
2026-03-05 21:11:11,734 - INFO - Experiment complete. Summary: {
  "run_dir": "/scratch/sb272/patterns5k_results/slurm_hist_cnn_2026-03-05_16-01-45/trial_0404_learning_rate=5.0e-04_history=2_kernel_sizes=3x3x3_conv_channels=256x256x256_fc_dims=1024_seed1",
  "model_type": "cnn",
  "batch_avg_test_loss": 0.15173083877563476,
  "batch_avg_test_corr": 0.25954627328349666,
  "all_test_fve": 0.07605090595427014,
  "AR_FVE": -0.0076266877234928195,
  "AR_test_correlation": 0.07374486327171326,
  "best_val_corr": 0.27211918528059215,
  "total_params": 803903,
  "trainable_params": 803903,
  "epochs_trained": 50,
  "mean_pattern_corr": 0.7613895353631818,
  "history": 2,
  "init_state": true,
  "loo_avg_mean_corr": 0.45456832695830385,
  "model_avg_mean_corr": 0.623154444740989,
  "neurons_model_beats_loo_avg": 58,
  "loo_temporal_mean_corr": 0.31855225563049316,
  "all_test_corr": 0.27064770460128784,
  "neurons_model_beats_loo_temporal": 11,
  "kernel_sizes": [
    3,
    3,
    3
  ],
  "conv_channels": [
    256,
    256,
    256
  ],
  "fc_dims": [
    1024
  ]
}
