2026-03-05 00:15:37,062 - INFO - ============================================================
2026-03-05 00:15:37,062 - INFO - Experiment run directory: /scratch/sb272/patterns5k_results/slurm_base_cnn_2026-03-04_16-53-19/trial_0223_learning_rate=5.0e-03_kernel_sizes=3x3x3_conv_channels=256x256x256_fc_dims=512_seed1
2026-03-05 00:15:37,062 - INFO - ============================================================
2026-03-05 00:15:37,062 - INFO - Loading data …
2026-03-05 00:15:37,953 - INFO - 63 unique neurons after dropping problematic neurons
2026-03-05 00:15:39,173 - INFO - Stimulation channels: 42, Spiking neurons: 63
2026-03-05 00:17:49,364 - INFO - Unique patterns: 4050, Total trials: 5000
2026-03-05 00:17:49,368 - INFO - Stimulation channels: 42, Spiking neurons: 63
2026-03-05 00:17:49,368 - INFO - Unique patterns: 4050, Total trials: 5000
2026-03-05 00:17:49,387 - INFO - Split (oracle): train=3400, val=600, test=1000
2026-03-05 00:18:16,687 - INFO - BinnedStimSpikeDataset initialized:
2026-03-05 00:18:16,687 - INFO -   input_bin_size_ms=10, output_bin_size_ms=10
2026-03-05 00:18:16,687 - INFO -   n_input_bins=60, n_output_bins=60
2026-03-05 00:18:16,687 - INFO -   output_offset=0, total_bins_input=60, total_bins_output=60
2026-03-05 00:18:16,687 - INFO -   Valid start positions per trial: 0 to 0
2026-03-05 00:18:16,687 - INFO -   Total samples: 3400 (3400 trials × 1 positions)
2026-03-05 00:18:44,472 - INFO - BinnedStimSpikeDataset initialized:
2026-03-05 00:18:44,472 - INFO -   input_bin_size_ms=10, output_bin_size_ms=10
2026-03-05 00:18:44,472 - INFO -   n_input_bins=60, n_output_bins=60
2026-03-05 00:18:44,472 - INFO -   output_offset=0, total_bins_input=60, total_bins_output=60
2026-03-05 00:18:44,472 - INFO -   Valid start positions per trial: 0 to 0
2026-03-05 00:18:44,472 - INFO -   Total samples: 600 (600 trials × 1 positions)
2026-03-05 00:19:11,473 - INFO - BinnedStimSpikeDataset initialized:
2026-03-05 00:19:11,474 - INFO -   input_bin_size_ms=10, output_bin_size_ms=10
2026-03-05 00:19:11,474 - INFO -   n_input_bins=60, n_output_bins=60
2026-03-05 00:19:11,474 - INFO -   output_offset=0, total_bins_input=60, total_bins_output=60
2026-03-05 00:19:11,474 - INFO -   Valid start positions per trial: 0 to 0
2026-03-05 00:19:11,474 - INFO -   Total samples: 1000 (1000 trials × 1 positions)
2026-03-05 00:19:11,474 - INFO - Samples — train: 3400, val: 600, test: 1000
2026-03-05 00:19:11,474 - INFO - Input channels: 42, Neurons: 63
2026-03-05 00:19:11,480 - INFO - Using CPU
2026-03-05 00:19:11,506 - INFO - Model: CNN — 591,679 trainable params (591,679 total)
2026-03-05 00:19:24,268 - INFO - Starting training …
2026-03-05 00:19:39,011 - INFO - Epoch   1/50 | Train: 0.194741 | Val: 0.182310 | Corr: 0.084939 | LR: 5.00e-03
2026-03-05 00:19:39,047 - INFO -   ↳ Saved best model (val_corr=0.084939)
2026-03-05 00:19:52,291 - INFO - Epoch   2/50 | Train: 0.182694 | Val: 0.181076 | Corr: 0.096131 | LR: 5.00e-03
2026-03-05 00:19:52,313 - INFO -   ↳ Saved best model (val_corr=0.096131)
2026-03-05 00:20:05,740 - INFO - Epoch   3/50 | Train: 0.181440 | Val: 0.181624 | Corr: 0.096851 | LR: 5.00e-03
2026-03-05 00:20:05,772 - INFO -   ↳ Saved best model (val_corr=0.096851)
2026-03-05 00:20:19,728 - INFO - Epoch   4/50 | Train: 0.180623 | Val: 0.179696 | Corr: 0.112728 | LR: 5.00e-03
2026-03-05 00:20:19,757 - INFO -   ↳ Saved best model (val_corr=0.112728)
2026-03-05 00:20:33,661 - INFO - Epoch   5/50 | Train: 0.179301 | Val: 0.179048 | Corr: 0.119506 | LR: 5.00e-03
2026-03-05 00:20:33,682 - INFO -   ↳ Saved best model (val_corr=0.119506)
2026-03-05 00:20:47,464 - INFO - Epoch   6/50 | Train: 0.178388 | Val: 0.178619 | Corr: 0.122773 | LR: 5.00e-03
2026-03-05 00:20:47,484 - INFO -   ↳ Saved best model (val_corr=0.122773)
2026-03-05 00:21:01,437 - INFO - Epoch   7/50 | Train: 0.177856 | Val: 0.178511 | Corr: 0.124845 | LR: 5.00e-03
2026-03-05 00:21:01,453 - INFO -   ↳ Saved best model (val_corr=0.124845)
2026-03-05 00:21:14,903 - INFO - Epoch   8/50 | Train: 0.177263 | Val: 0.177490 | Corr: 0.132463 | LR: 5.00e-03
2026-03-05 00:21:14,926 - INFO -   ↳ Saved best model (val_corr=0.132463)
2026-03-05 00:21:28,400 - INFO - Epoch   9/50 | Train: 0.176719 | Val: 0.177511 | Corr: 0.134463 | LR: 5.00e-03
2026-03-05 00:21:28,437 - INFO -   ↳ Saved best model (val_corr=0.134463)
2026-03-05 00:21:43,151 - INFO - Epoch  10/50 | Train: 0.176298 | Val: 0.177420 | Corr: 0.134446 | LR: 5.00e-03
2026-03-05 00:21:58,066 - INFO - Epoch  11/50 | Train: 0.175889 | Val: 0.177838 | Corr: 0.133682 | LR: 5.00e-03
2026-03-05 00:22:12,946 - INFO - Epoch  12/50 | Train: 0.175487 | Val: 0.177110 | Corr: 0.137527 | LR: 5.00e-03
2026-03-05 00:22:12,966 - INFO -   ↳ Saved best model (val_corr=0.137527)
2026-03-05 00:22:27,706 - INFO - Epoch  13/50 | Train: 0.175094 | Val: 0.177788 | Corr: 0.137871 | LR: 5.00e-03
2026-03-05 00:22:27,726 - INFO -   ↳ Saved best model (val_corr=0.137871)
2026-03-05 00:22:42,579 - INFO - Epoch  14/50 | Train: 0.174721 | Val: 0.177834 | Corr: 0.134593 | LR: 5.00e-03
2026-03-05 00:22:56,644 - INFO - Epoch  15/50 | Train: 0.174145 | Val: 0.178151 | Corr: 0.132336 | LR: 5.00e-03
2026-03-05 00:23:10,647 - INFO - Epoch  16/50 | Train: 0.173837 | Val: 0.177771 | Corr: 0.134820 | LR: 5.00e-03
2026-03-05 00:23:24,651 - INFO - Epoch  17/50 | Train: 0.173287 | Val: 0.178596 | Corr: 0.132946 | LR: 5.00e-03
2026-03-05 00:23:39,130 - INFO - Epoch  18/50 | Train: 0.172869 | Val: 0.178163 | Corr: 0.135609 | LR: 2.50e-03
2026-03-05 00:23:53,125 - INFO - Epoch  19/50 | Train: 0.171290 | Val: 0.178093 | Corr: 0.132874 | LR: 2.50e-03
2026-03-05 00:24:07,859 - INFO - Epoch  20/50 | Train: 0.170725 | Val: 0.179221 | Corr: 0.132440 | LR: 2.50e-03
2026-03-05 00:24:21,807 - INFO - Epoch  21/50 | Train: 0.170363 | Val: 0.178766 | Corr: 0.131430 | LR: 2.50e-03
2026-03-05 00:24:35,624 - INFO - Epoch  22/50 | Train: 0.170033 | Val: 0.178939 | Corr: 0.130347 | LR: 2.50e-03
2026-03-05 00:24:49,198 - INFO - Epoch  23/50 | Train: 0.169716 | Val: 0.179316 | Corr: 0.130182 | LR: 2.50e-03
2026-03-05 00:24:49,198 - INFO - Early stopping at epoch 23
2026-03-05 00:24:49,198 - INFO - Training complete — best val corr: 0.137871
2026-03-05 00:24:51,766 - INFO - Test loss: 0.169534, Test corr: 0.130095
2026-03-05 00:24:52,766 - INFO - Fraction of variance explained (FVE): 0.017389
2026-03-05 00:24:52,766 - INFO - Generating figures …
2026-03-05 00:24:53,569 - INFO - Correlation between predicted and actual per-neuron averages: r=0.9721, p=3.83e-40
2026-03-05 00:24:56,472 - INFO - Pattern selectivity summary:
2026-03-05 00:24:56,472 - INFO -   Mean correlation across neurons: 0.4464
2026-03-05 00:24:56,473 - INFO -   Median correlation: 0.4732
2026-03-05 00:24:56,473 - INFO -   Neurons with r > 0.5: 30 / 63
2026-03-05 00:24:56,473 - INFO -   Neurons with r > 0.3: 47 / 63
2026-03-05 00:24:56,473 - INFO - Pattern selectivity — mean neuron corr: 0.4464
2026-03-05 00:24:59,009 - INFO - LOO (avg rate) — Model mean r: 0.2628, LOO mean r: 0.4546, Neurons model > LOO: 1/63
2026-03-05 00:25:01,921 - INFO - LOO (temporal) — Model mean r: 0.1309, LOO mean r: 0.3186, Neurons model > LOO: 0/63
2026-03-05 00:25:01,921 - INFO - Skipping oracle trial plots (skip_oracle_plots=True)
2026-03-05 00:25:01,941 - INFO - Experiment complete. Summary: {
  "run_dir": "/scratch/sb272/patterns5k_results/slurm_base_cnn_2026-03-04_16-53-19/trial_0223_learning_rate=5.0e-03_kernel_sizes=3x3x3_conv_channels=256x256x256_fc_dims=512_seed1",
  "model_type": "cnn",
  "batch_avg_test_loss": 0.16953402256965638,
  "batch_avg_test_corr": 0.1300952039106985,
  "all_test_fve": 0.01738891147431873,
  "AR_FVE": NaN,
  "AR_test_correlation": NaN,
  "best_val_corr": 0.13787062375358722,
  "total_params": 591679,
  "trainable_params": 591679,
  "epochs_trained": 23,
  "mean_pattern_corr": 0.44635436911793563,
  "history": 0,
  "init_state": true,
  "loo_avg_mean_corr": 0.45456832695830385,
  "model_avg_mean_corr": 0.2627503152882869,
  "neurons_model_beats_loo_avg": 1,
  "loo_temporal_mean_corr": 0.31855225563049316,
  "all_test_corr": 0.13086389005184174,
  "neurons_model_beats_loo_temporal": 0,
  "kernel_sizes": [
    3,
    3,
    3
  ],
  "conv_channels": [
    256,
    256,
    256
  ],
  "fc_dims": [
    512
  ]
}
