2026-03-03 21:13:42,344 - INFO - ============================================================
2026-03-03 21:13:42,344 - INFO - Experiment run directory: /scratch/sb272/patterns5k_results/slurm_hist_cnn_2026-03-03_15-13-01/trial_0285_learning_rate=1.0e-03_history=1_kernel_sizes=10x5_conv_channels=256x128_fc_dims=256_seed1
2026-03-03 21:13:42,344 - INFO - ============================================================
2026-03-03 21:13:42,344 - INFO - Loading data …
2026-03-03 21:13:43,246 - INFO - 63 unique neurons after dropping problematic neurons
2026-03-03 21:13:44,591 - INFO - Stimulation channels: 42, Spiking neurons: 63
2026-03-03 21:15:56,933 - INFO - Unique patterns: 4050, Total trials: 5000
2026-03-03 21:15:56,936 - INFO - Stimulation channels: 42, Spiking neurons: 63
2026-03-03 21:15:56,936 - INFO - Unique patterns: 4050, Total trials: 5000
2026-03-03 21:15:56,953 - INFO - Split (oracle): train=3400, val=600, test=1000
2026-03-03 21:16:24,782 - INFO - BinnedStimSpikeDataset initialized:
2026-03-03 21:16:24,784 - INFO -   input_bin_size_ms=10, output_bin_size_ms=10
2026-03-03 21:16:24,784 - INFO -   n_input_bins=60, n_output_bins=60
2026-03-03 21:16:24,784 - INFO -   output_offset=0, total_bins_input=60, total_bins_output=60
2026-03-03 21:16:24,784 - INFO -   Valid start positions per trial: 0 to 0
2026-03-03 21:16:24,784 - INFO -   Total samples: 3400 (3400 trials × 1 positions)
2026-03-03 21:16:52,636 - INFO - BinnedStimSpikeDataset initialized:
2026-03-03 21:16:52,636 - INFO -   input_bin_size_ms=10, output_bin_size_ms=10
2026-03-03 21:16:52,636 - INFO -   n_input_bins=60, n_output_bins=60
2026-03-03 21:16:52,636 - INFO -   output_offset=0, total_bins_input=60, total_bins_output=60
2026-03-03 21:16:52,637 - INFO -   Valid start positions per trial: 0 to 0
2026-03-03 21:16:52,637 - INFO -   Total samples: 600 (600 trials × 1 positions)
2026-03-03 21:17:21,118 - INFO - BinnedStimSpikeDataset initialized:
2026-03-03 21:17:21,118 - INFO -   input_bin_size_ms=10, output_bin_size_ms=10
2026-03-03 21:17:21,118 - INFO -   n_input_bins=60, n_output_bins=60
2026-03-03 21:17:21,118 - INFO -   output_offset=0, total_bins_input=60, total_bins_output=60
2026-03-03 21:17:21,118 - INFO -   Valid start positions per trial: 0 to 0
2026-03-03 21:17:21,118 - INFO -   Total samples: 1000 (1000 trials × 1 positions)
2026-03-03 21:17:21,118 - INFO - Samples — train: 3400, val: 600, test: 1000
2026-03-03 21:17:21,119 - INFO - Input channels: 105, Neurons: 63
2026-03-03 21:17:21,128 - INFO - Using CPU
2026-03-03 21:17:21,145 - INFO - Model: CNN — 483,007 trainable params (483,007 total)
2026-03-03 21:17:39,974 - INFO - Starting training …
2026-03-03 21:17:51,768 - INFO - Epoch   1/50 | Train: 0.211231 | Val: 0.175565 | Corr: 0.154483 | LR: 1.00e-03
2026-03-03 21:17:51,811 - INFO -   ↳ Saved best model (val_corr=0.154483)
2026-03-03 21:18:02,174 - INFO - Epoch   2/50 | Train: 0.172057 | Val: 0.169821 | Corr: 0.178012 | LR: 1.00e-03
2026-03-03 21:18:02,205 - INFO -   ↳ Saved best model (val_corr=0.178012)
2026-03-03 21:18:12,556 - INFO - Epoch   3/50 | Train: 0.168486 | Val: 0.168023 | Corr: 0.192917 | LR: 1.00e-03
2026-03-03 21:18:12,581 - INFO -   ↳ Saved best model (val_corr=0.192917)
2026-03-03 21:18:22,894 - INFO - Epoch   4/50 | Train: 0.165872 | Val: 0.167299 | Corr: 0.208493 | LR: 1.00e-03
2026-03-03 21:18:22,932 - INFO -   ↳ Saved best model (val_corr=0.208493)
2026-03-03 21:18:33,251 - INFO - Epoch   5/50 | Train: 0.163587 | Val: 0.165252 | Corr: 0.218416 | LR: 1.00e-03
2026-03-03 21:18:33,283 - INFO -   ↳ Saved best model (val_corr=0.218416)
2026-03-03 21:18:43,620 - INFO - Epoch   6/50 | Train: 0.161809 | Val: 0.163779 | Corr: 0.226859 | LR: 1.00e-03
2026-03-03 21:18:43,646 - INFO -   ↳ Saved best model (val_corr=0.226859)
2026-03-03 21:18:53,904 - INFO - Epoch   7/50 | Train: 0.160542 | Val: 0.163797 | Corr: 0.231845 | LR: 1.00e-03
2026-03-03 21:18:53,949 - INFO -   ↳ Saved best model (val_corr=0.231845)
2026-03-03 21:19:04,313 - INFO - Epoch   8/50 | Train: 0.159344 | Val: 0.162977 | Corr: 0.237263 | LR: 1.00e-03
2026-03-03 21:19:04,339 - INFO -   ↳ Saved best model (val_corr=0.237263)
2026-03-03 21:19:14,528 - INFO - Epoch   9/50 | Train: 0.158439 | Val: 0.162663 | Corr: 0.240176 | LR: 1.00e-03
2026-03-03 21:19:14,577 - INFO -   ↳ Saved best model (val_corr=0.240176)
2026-03-03 21:19:24,688 - INFO - Epoch  10/50 | Train: 0.157510 | Val: 0.162460 | Corr: 0.241541 | LR: 1.00e-03
2026-03-03 21:19:24,753 - INFO -   ↳ Saved best model (val_corr=0.241541)
2026-03-03 21:19:34,956 - INFO - Epoch  11/50 | Train: 0.156622 | Val: 0.163029 | Corr: 0.244778 | LR: 1.00e-03
2026-03-03 21:19:34,978 - INFO -   ↳ Saved best model (val_corr=0.244778)
2026-03-03 21:19:45,122 - INFO - Epoch  12/50 | Train: 0.155885 | Val: 0.161957 | Corr: 0.245259 | LR: 1.00e-03
2026-03-03 21:19:45,154 - INFO -   ↳ Saved best model (val_corr=0.245259)
2026-03-03 21:19:55,290 - INFO - Epoch  13/50 | Train: 0.155140 | Val: 0.161819 | Corr: 0.245843 | LR: 1.00e-03
2026-03-03 21:19:55,318 - INFO -   ↳ Saved best model (val_corr=0.245843)
2026-03-03 21:20:05,454 - INFO - Epoch  14/50 | Train: 0.154561 | Val: 0.163401 | Corr: 0.248362 | LR: 1.00e-03
2026-03-03 21:20:05,477 - INFO -   ↳ Saved best model (val_corr=0.248362)
2026-03-03 21:20:15,774 - INFO - Epoch  15/50 | Train: 0.153991 | Val: 0.161396 | Corr: 0.248298 | LR: 1.00e-03
2026-03-03 21:20:25,689 - INFO - Epoch  16/50 | Train: 0.153340 | Val: 0.162525 | Corr: 0.248999 | LR: 1.00e-03
2026-03-03 21:20:25,725 - INFO -   ↳ Saved best model (val_corr=0.248999)
2026-03-03 21:20:35,668 - INFO - Epoch  17/50 | Train: 0.152891 | Val: 0.161749 | Corr: 0.249834 | LR: 1.00e-03
2026-03-03 21:20:35,705 - INFO -   ↳ Saved best model (val_corr=0.249834)
2026-03-03 21:20:45,478 - INFO - Epoch  18/50 | Train: 0.152579 | Val: 0.161652 | Corr: 0.250061 | LR: 1.00e-03
2026-03-03 21:20:45,509 - INFO -   ↳ Saved best model (val_corr=0.250061)
2026-03-03 21:20:55,427 - INFO - Epoch  19/50 | Train: 0.151978 | Val: 0.162262 | Corr: 0.249972 | LR: 1.00e-03
2026-03-03 21:21:05,509 - INFO - Epoch  20/50 | Train: 0.151693 | Val: 0.161807 | Corr: 0.250221 | LR: 1.00e-03
2026-03-03 21:21:05,532 - INFO -   ↳ Saved best model (val_corr=0.250221)
2026-03-03 21:21:15,206 - INFO - Epoch  21/50 | Train: 0.151099 | Val: 0.163363 | Corr: 0.248591 | LR: 5.00e-04
2026-03-03 21:21:25,010 - INFO - Epoch  22/50 | Train: 0.149601 | Val: 0.162429 | Corr: 0.248865 | LR: 5.00e-04
2026-03-03 21:21:34,787 - INFO - Epoch  23/50 | Train: 0.149026 | Val: 0.162171 | Corr: 0.251143 | LR: 5.00e-04
2026-03-03 21:21:34,808 - INFO -   ↳ Saved best model (val_corr=0.251143)
2026-03-03 21:21:44,667 - INFO - Epoch  24/50 | Train: 0.148845 | Val: 0.162295 | Corr: 0.249390 | LR: 5.00e-04
2026-03-03 21:21:54,272 - INFO - Epoch  25/50 | Train: 0.148434 | Val: 0.162814 | Corr: 0.249854 | LR: 5.00e-04
2026-03-03 21:22:04,078 - INFO - Epoch  26/50 | Train: 0.148338 | Val: 0.162826 | Corr: 0.249722 | LR: 5.00e-04
2026-03-03 21:22:14,063 - INFO - Epoch  27/50 | Train: 0.148113 | Val: 0.163365 | Corr: 0.247069 | LR: 2.50e-04
2026-03-03 21:22:23,949 - INFO - Epoch  28/50 | Train: 0.147238 | Val: 0.163259 | Corr: 0.248516 | LR: 2.50e-04
2026-03-03 21:22:33,725 - INFO - Epoch  29/50 | Train: 0.147050 | Val: 0.163055 | Corr: 0.248049 | LR: 2.50e-04
2026-03-03 21:22:43,472 - INFO - Epoch  30/50 | Train: 0.146855 | Val: 0.163407 | Corr: 0.246653 | LR: 2.50e-04
2026-03-03 21:22:53,397 - INFO - Epoch  31/50 | Train: 0.146713 | Val: 0.163716 | Corr: 0.248012 | LR: 2.50e-04
2026-03-03 21:23:03,338 - INFO - Epoch  32/50 | Train: 0.146639 | Val: 0.162917 | Corr: 0.247754 | LR: 2.50e-04
2026-03-03 21:23:13,208 - INFO - Epoch  33/50 | Train: 0.146494 | Val: 0.163462 | Corr: 0.248971 | LR: 1.25e-04
2026-03-03 21:23:13,208 - INFO - Early stopping at epoch 33
2026-03-03 21:23:13,208 - INFO - Training complete — best val corr: 0.251143
2026-03-03 21:23:15,659 - INFO - Test loss: 0.153083, Test corr: 0.243226
2026-03-03 21:23:16,544 - INFO - Fraction of variance explained (FVE): 0.067306
2026-03-03 21:23:16,544 - INFO - Computing autoregressive (AR) test predictions …
2026-03-03 21:23:17,557 - INFO - AR FVE: -0.010786, AR test corr: 0.070140
2026-03-03 21:23:17,557 - INFO - Generating figures …
2026-03-03 21:23:18,540 - INFO - Correlation between predicted and actual per-neuron averages: r=0.9918, p=0.00e+00
2026-03-03 21:23:21,637 - INFO - Pattern selectivity summary:
2026-03-03 21:23:21,637 - INFO -   Mean correlation across neurons: 0.7305
2026-03-03 21:23:21,638 - INFO -   Median correlation: 0.7500
2026-03-03 21:23:21,638 - INFO -   Neurons with r > 0.5: 57 / 63
2026-03-03 21:23:21,638 - INFO -   Neurons with r > 0.3: 63 / 63
2026-03-03 21:23:21,638 - INFO - Pattern selectivity — mean neuron corr: 0.7305
2026-03-03 21:23:24,156 - INFO - LOO (avg rate) — Model mean r: 0.6083, LOO mean r: 0.4546, Neurons model > LOO: 54/63
2026-03-03 21:23:27,132 - INFO - LOO (temporal) — Model mean r: 0.2550, LOO mean r: 0.3186, Neurons model > LOO: 12/63
2026-03-03 21:23:27,132 - INFO - Skipping oracle trial plots (skip_oracle_plots=True)
2026-03-03 21:23:27,164 - INFO - Experiment complete. Summary: {
  "run_dir": "/scratch/sb272/patterns5k_results/slurm_hist_cnn_2026-03-03_15-13-01/trial_0285_learning_rate=1.0e-03_history=1_kernel_sizes=10x5_conv_channels=256x128_fc_dims=256_seed1",
  "model_type": "cnn",
  "batch_avg_test_loss": 0.15308338701725005,
  "batch_avg_test_corr": 0.24322638299198496,
  "all_test_fve": 0.06730599062783378,
  "AR_FVE": -0.010786280745551699,
  "AR_test_correlation": 0.07014045119285583,
  "best_val_corr": 0.2511429432504254,
  "total_params": 483007,
  "trainable_params": 483007,
  "epochs_trained": 33,
  "mean_pattern_corr": 0.7305111341325506,
  "history": 1,
  "init_state": true,
  "loo_avg_mean_corr": 0.45456832695830385,
  "model_avg_mean_corr": 0.6082532782107469,
  "neurons_model_beats_loo_avg": 54,
  "loo_temporal_mean_corr": 0.31855225563049316,
  "all_test_corr": 0.25497177243232727,
  "neurons_model_beats_loo_temporal": 12,
  "kernel_sizes": [
    10,
    5
  ],
  "conv_channels": [
    256,
    128
  ],
  "fc_dims": [
    256
  ]
}
