2026-03-04 20:53:18,507 - INFO - ============================================================
2026-03-04 20:53:18,507 - INFO - Experiment run directory: /scratch/sb272/patterns5k_results/slurm_base_cnn_2026-03-04_16-53-19/trial_0095_learning_rate=5.0e-04_kernel_sizes=5x3_conv_channels=128x256_fc_dims=1024_seed2
2026-03-04 20:53:18,507 - INFO - ============================================================
2026-03-04 20:53:18,508 - INFO - Loading data …
2026-03-04 20:53:19,331 - INFO - 63 unique neurons after dropping problematic neurons
2026-03-04 20:53:20,428 - INFO - Stimulation channels: 42, Spiking neurons: 63
2026-03-04 20:55:09,003 - INFO - Unique patterns: 4050, Total trials: 5000
2026-03-04 20:55:09,004 - INFO - Stimulation channels: 42, Spiking neurons: 63
2026-03-04 20:55:09,004 - INFO - Unique patterns: 4050, Total trials: 5000
2026-03-04 20:55:09,019 - INFO - Split (oracle): train=3400, val=600, test=1000
2026-03-04 20:55:30,931 - INFO - BinnedStimSpikeDataset initialized:
2026-03-04 20:55:30,931 - INFO -   input_bin_size_ms=10, output_bin_size_ms=10
2026-03-04 20:55:30,931 - INFO -   n_input_bins=60, n_output_bins=60
2026-03-04 20:55:30,931 - INFO -   output_offset=0, total_bins_input=60, total_bins_output=60
2026-03-04 20:55:30,932 - INFO -   Valid start positions per trial: 0 to 0
2026-03-04 20:55:30,932 - INFO -   Total samples: 3400 (3400 trials × 1 positions)
2026-03-04 20:55:52,584 - INFO - BinnedStimSpikeDataset initialized:
2026-03-04 20:55:52,584 - INFO -   input_bin_size_ms=10, output_bin_size_ms=10
2026-03-04 20:55:52,584 - INFO -   n_input_bins=60, n_output_bins=60
2026-03-04 20:55:52,584 - INFO -   output_offset=0, total_bins_input=60, total_bins_output=60
2026-03-04 20:55:52,584 - INFO -   Valid start positions per trial: 0 to 0
2026-03-04 20:55:52,584 - INFO -   Total samples: 600 (600 trials × 1 positions)
2026-03-04 20:56:14,177 - INFO - BinnedStimSpikeDataset initialized:
2026-03-04 20:56:14,177 - INFO -   input_bin_size_ms=10, output_bin_size_ms=10
2026-03-04 20:56:14,177 - INFO -   n_input_bins=60, n_output_bins=60
2026-03-04 20:56:14,177 - INFO -   output_offset=0, total_bins_input=60, total_bins_output=60
2026-03-04 20:56:14,177 - INFO -   Valid start positions per trial: 0 to 0
2026-03-04 20:56:14,177 - INFO -   Total samples: 1000 (1000 trials × 1 positions)
2026-03-04 20:56:14,177 - INFO - Samples — train: 3400, val: 600, test: 1000
2026-03-04 20:56:14,177 - INFO - Input channels: 42, Neurons: 63
2026-03-04 20:56:14,194 - INFO - Using CPU
2026-03-04 20:56:14,199 - INFO - Model: CNN — 454,079 trainable params (454,079 total)
2026-03-04 20:56:17,619 - INFO - Starting training …
2026-03-04 20:56:26,463 - INFO - Epoch   1/50 | Train: 0.210986 | Val: 0.190045 | Corr: 0.071583 | LR: 5.00e-04
2026-03-04 20:56:26,483 - INFO -   ↳ Saved best model (val_corr=0.071583)
2026-03-04 20:56:34,336 - INFO - Epoch   2/50 | Train: 0.182595 | Val: 0.189236 | Corr: 0.086232 | LR: 5.00e-04
2026-03-04 20:56:34,351 - INFO -   ↳ Saved best model (val_corr=0.086232)
2026-03-04 20:56:42,207 - INFO - Epoch   3/50 | Train: 0.181032 | Val: 0.185440 | Corr: 0.096738 | LR: 5.00e-04
2026-03-04 20:56:42,220 - INFO -   ↳ Saved best model (val_corr=0.096738)
2026-03-04 20:56:50,018 - INFO - Epoch   4/50 | Train: 0.179702 | Val: 0.181474 | Corr: 0.105411 | LR: 5.00e-04
2026-03-04 20:56:50,038 - INFO -   ↳ Saved best model (val_corr=0.105411)
2026-03-04 20:56:57,876 - INFO - Epoch   5/50 | Train: 0.178862 | Val: 0.182657 | Corr: 0.108672 | LR: 5.00e-04
2026-03-04 20:56:57,891 - INFO -   ↳ Saved best model (val_corr=0.108672)
2026-03-04 20:57:05,679 - INFO - Epoch   6/50 | Train: 0.178086 | Val: 0.180692 | Corr: 0.113653 | LR: 5.00e-04
2026-03-04 20:57:05,699 - INFO -   ↳ Saved best model (val_corr=0.113653)
2026-03-04 20:57:13,506 - INFO - Epoch   7/50 | Train: 0.177331 | Val: 0.180758 | Corr: 0.116803 | LR: 5.00e-04
2026-03-04 20:57:13,520 - INFO -   ↳ Saved best model (val_corr=0.116803)
2026-03-04 20:57:21,276 - INFO - Epoch   8/50 | Train: 0.176890 | Val: 0.181465 | Corr: 0.120797 | LR: 5.00e-04
2026-03-04 20:57:21,293 - INFO -   ↳ Saved best model (val_corr=0.120797)
2026-03-04 20:57:29,114 - INFO - Epoch   9/50 | Train: 0.176523 | Val: 0.179300 | Corr: 0.121608 | LR: 5.00e-04
2026-03-04 20:57:29,129 - INFO -   ↳ Saved best model (val_corr=0.121608)
2026-03-04 20:57:37,009 - INFO - Epoch  10/50 | Train: 0.176120 | Val: 0.178569 | Corr: 0.123853 | LR: 5.00e-04
2026-03-04 20:57:37,021 - INFO -   ↳ Saved best model (val_corr=0.123853)
2026-03-04 20:57:44,837 - INFO - Epoch  11/50 | Train: 0.175920 | Val: 0.181069 | Corr: 0.125242 | LR: 5.00e-04
2026-03-04 20:57:44,850 - INFO -   ↳ Saved best model (val_corr=0.125242)
2026-03-04 20:57:52,655 - INFO - Epoch  12/50 | Train: 0.175459 | Val: 0.179178 | Corr: 0.124420 | LR: 5.00e-04
2026-03-04 20:58:00,480 - INFO - Epoch  13/50 | Train: 0.175028 | Val: 0.184450 | Corr: 0.125520 | LR: 5.00e-04
2026-03-04 20:58:00,493 - INFO -   ↳ Saved best model (val_corr=0.125520)
2026-03-04 20:58:08,316 - INFO - Epoch  14/50 | Train: 0.174861 | Val: 0.179833 | Corr: 0.127690 | LR: 5.00e-04
2026-03-04 20:58:08,330 - INFO -   ↳ Saved best model (val_corr=0.127690)
2026-03-04 20:58:16,159 - INFO - Epoch  15/50 | Train: 0.174813 | Val: 0.178368 | Corr: 0.128802 | LR: 5.00e-04
2026-03-04 20:58:16,172 - INFO -   ↳ Saved best model (val_corr=0.128802)
2026-03-04 20:58:23,962 - INFO - Epoch  16/50 | Train: 0.174456 | Val: 0.179048 | Corr: 0.128888 | LR: 5.00e-04
2026-03-04 20:58:23,977 - INFO -   ↳ Saved best model (val_corr=0.128888)
2026-03-04 20:58:31,796 - INFO - Epoch  17/50 | Train: 0.174136 | Val: 0.180156 | Corr: 0.130159 | LR: 5.00e-04
2026-03-04 20:58:31,811 - INFO -   ↳ Saved best model (val_corr=0.130159)
2026-03-04 20:58:39,625 - INFO - Epoch  18/50 | Train: 0.173926 | Val: 0.179435 | Corr: 0.130671 | LR: 5.00e-04
2026-03-04 20:58:39,641 - INFO -   ↳ Saved best model (val_corr=0.130671)
2026-03-04 20:58:47,468 - INFO - Epoch  19/50 | Train: 0.173946 | Val: 0.181400 | Corr: 0.130856 | LR: 5.00e-04
2026-03-04 20:58:47,482 - INFO -   ↳ Saved best model (val_corr=0.130856)
2026-03-04 20:58:55,276 - INFO - Epoch  20/50 | Train: 0.173701 | Val: 0.178777 | Corr: 0.131095 | LR: 5.00e-04
2026-03-04 20:58:55,288 - INFO -   ↳ Saved best model (val_corr=0.131095)
2026-03-04 20:59:03,080 - INFO - Epoch  21/50 | Train: 0.173461 | Val: 0.180739 | Corr: 0.131948 | LR: 2.50e-04
2026-03-04 20:59:03,096 - INFO -   ↳ Saved best model (val_corr=0.131948)
2026-03-04 20:59:10,963 - INFO - Epoch  22/50 | Train: 0.172638 | Val: 0.181216 | Corr: 0.132968 | LR: 2.50e-04
2026-03-04 20:59:10,977 - INFO -   ↳ Saved best model (val_corr=0.132968)
2026-03-04 20:59:18,788 - INFO - Epoch  23/50 | Train: 0.172532 | Val: 0.178757 | Corr: 0.131547 | LR: 2.50e-04
2026-03-04 20:59:26,602 - INFO - Epoch  24/50 | Train: 0.172416 | Val: 0.180391 | Corr: 0.132588 | LR: 2.50e-04
2026-03-04 20:59:34,427 - INFO - Epoch  25/50 | Train: 0.172226 | Val: 0.178691 | Corr: 0.131969 | LR: 2.50e-04
2026-03-04 20:59:42,252 - INFO - Epoch  26/50 | Train: 0.172153 | Val: 0.180178 | Corr: 0.132149 | LR: 2.50e-04
2026-03-04 20:59:50,054 - INFO - Epoch  27/50 | Train: 0.172115 | Val: 0.179527 | Corr: 0.131870 | LR: 1.25e-04
2026-03-04 20:59:57,848 - INFO - Epoch  28/50 | Train: 0.171609 | Val: 0.178985 | Corr: 0.132635 | LR: 1.25e-04
2026-03-04 21:00:05,648 - INFO - Epoch  29/50 | Train: 0.171596 | Val: 0.179172 | Corr: 0.132638 | LR: 1.25e-04
2026-03-04 21:00:13,513 - INFO - Epoch  30/50 | Train: 0.171465 | Val: 0.179554 | Corr: 0.132756 | LR: 1.25e-04
2026-03-04 21:00:21,336 - INFO - Epoch  31/50 | Train: 0.171469 | Val: 0.178578 | Corr: 0.132765 | LR: 1.25e-04
2026-03-04 21:00:29,113 - INFO - Epoch  32/50 | Train: 0.171450 | Val: 0.179301 | Corr: 0.132989 | LR: 1.25e-04
2026-03-04 21:00:29,129 - INFO -   ↳ Saved best model (val_corr=0.132989)
2026-03-04 21:00:36,900 - INFO - Epoch  33/50 | Train: 0.171305 | Val: 0.179739 | Corr: 0.132668 | LR: 6.25e-05
2026-03-04 21:00:44,694 - INFO - Epoch  34/50 | Train: 0.171156 | Val: 0.179955 | Corr: 0.132909 | LR: 6.25e-05
2026-03-04 21:00:52,468 - INFO - Epoch  35/50 | Train: 0.171091 | Val: 0.179267 | Corr: 0.132889 | LR: 6.25e-05
2026-03-04 21:01:00,261 - INFO - Epoch  36/50 | Train: 0.171050 | Val: 0.179830 | Corr: 0.133058 | LR: 6.25e-05
2026-03-04 21:01:00,276 - INFO -   ↳ Saved best model (val_corr=0.133058)
2026-03-04 21:01:08,083 - INFO - Epoch  37/50 | Train: 0.171082 | Val: 0.179116 | Corr: 0.132772 | LR: 6.25e-05
2026-03-04 21:01:15,893 - INFO - Epoch  38/50 | Train: 0.170985 | Val: 0.179414 | Corr: 0.133289 | LR: 6.25e-05
2026-03-04 21:01:15,907 - INFO -   ↳ Saved best model (val_corr=0.133289)
2026-03-04 21:01:23,681 - INFO - Epoch  39/50 | Train: 0.170982 | Val: 0.179736 | Corr: 0.133279 | LR: 3.13e-05
2026-03-04 21:01:31,456 - INFO - Epoch  40/50 | Train: 0.170827 | Val: 0.179409 | Corr: 0.133013 | LR: 3.13e-05
2026-03-04 21:01:39,231 - INFO - Epoch  41/50 | Train: 0.170838 | Val: 0.179424 | Corr: 0.133285 | LR: 3.13e-05
2026-03-04 21:01:47,022 - INFO - Epoch  42/50 | Train: 0.170782 | Val: 0.180404 | Corr: 0.133020 | LR: 3.13e-05
2026-03-04 21:01:54,805 - INFO - Epoch  43/50 | Train: 0.170812 | Val: 0.179254 | Corr: 0.133073 | LR: 3.13e-05
2026-03-04 21:02:02,614 - INFO - Epoch  44/50 | Train: 0.170785 | Val: 0.179403 | Corr: 0.133001 | LR: 3.13e-05
2026-03-04 21:02:10,388 - INFO - Epoch  45/50 | Train: 0.170742 | Val: 0.180083 | Corr: 0.133276 | LR: 1.56e-05
2026-03-04 21:02:18,174 - INFO - Epoch  46/50 | Train: 0.170650 | Val: 0.179312 | Corr: 0.133189 | LR: 1.56e-05
2026-03-04 21:02:25,947 - INFO - Epoch  47/50 | Train: 0.170694 | Val: 0.179233 | Corr: 0.133054 | LR: 1.56e-05
2026-03-04 21:02:33,817 - INFO - Epoch  48/50 | Train: 0.170703 | Val: 0.179367 | Corr: 0.133259 | LR: 1.56e-05
2026-03-04 21:02:33,817 - INFO - Early stopping at epoch 48
2026-03-04 21:02:33,817 - INFO - Training complete — best val corr: 0.133289
2026-03-04 21:02:35,318 - INFO - Test loss: 0.171021, Test corr: 0.136105
2026-03-04 21:02:35,870 - INFO - Fraction of variance explained (FVE): 0.003458
2026-03-04 21:02:35,871 - INFO - Generating figures …
2026-03-04 21:02:36,314 - INFO - Correlation between predicted and actual per-neuron averages: r=0.9905, p=0.00e+00
2026-03-04 21:02:38,446 - INFO - Pattern selectivity summary:
2026-03-04 21:02:38,447 - INFO -   Mean correlation across neurons: 0.5105
2026-03-04 21:02:38,447 - INFO -   Median correlation: 0.5673
2026-03-04 21:02:38,447 - INFO -   Neurons with r > 0.5: 35 / 63
2026-03-04 21:02:38,447 - INFO -   Neurons with r > 0.3: 53 / 63
2026-03-04 21:02:38,447 - INFO - Pattern selectivity — mean neuron corr: 0.5105
2026-03-04 21:02:40,167 - INFO - LOO (avg rate) — Model mean r: 0.2972, LOO mean r: 0.4546, Neurons model > LOO: 1/63
2026-03-04 21:02:42,364 - INFO - LOO (temporal) — Model mean r: 0.1368, LOO mean r: 0.3186, Neurons model > LOO: 0/63
2026-03-04 21:02:42,365 - INFO - Skipping oracle trial plots (skip_oracle_plots=True)
2026-03-04 21:02:42,373 - INFO - Experiment complete. Summary: {
  "run_dir": "/scratch/sb272/patterns5k_results/slurm_base_cnn_2026-03-04_16-53-19/trial_0095_learning_rate=5.0e-04_kernel_sizes=5x3_conv_channels=128x256_fc_dims=1024_seed2",
  "model_type": "cnn",
  "batch_avg_test_loss": 0.1710207576751709,
  "batch_avg_test_corr": 0.13610460331617294,
  "all_test_fve": 0.0034580533466641865,
  "AR_FVE": NaN,
  "AR_test_correlation": NaN,
  "best_val_corr": 0.1332893498747135,
  "total_params": 454079,
  "trainable_params": 454079,
  "epochs_trained": 48,
  "mean_pattern_corr": 0.510481380069896,
  "history": 0,
  "init_state": true,
  "loo_avg_mean_corr": 0.45456832695830385,
  "model_avg_mean_corr": 0.29723672142710267,
  "neurons_model_beats_loo_avg": 1,
  "loo_temporal_mean_corr": 0.31855225563049316,
  "all_test_corr": 0.13681848347187042,
  "neurons_model_beats_loo_temporal": 0,
  "kernel_sizes": [
    5,
    3
  ],
  "conv_channels": [
    128,
    256
  ],
  "fc_dims": [
    1024
  ]
}
