2026-02-24 23:01:50,277 - INFO - ============================================================
2026-02-24 23:01:50,277 - INFO - Experiment run directory: results/multilayer_cnn_nohist_sweep_v2_2026-02-24_22-05-22/trial_0024_history=20_kernel_sizes=60_conv_channels=256_fc_dims=256
2026-02-24 23:01:50,277 - INFO - ============================================================
2026-02-24 23:01:50,277 - INFO - Using preloaded raw data (skipping I/O)
2026-02-24 23:01:50,277 - INFO - Stimulation channels: 42, Spiking neurons: 63
2026-02-24 23:01:50,277 - INFO - Unique patterns: 4050, Total trials: 5000
2026-02-24 23:01:50,301 - INFO - Split (oracle): train=3400, val=600, test=1000
2026-02-24 23:02:07,623 - INFO - BinnedStimSpikeDataset initialized:
2026-02-24 23:02:07,623 - INFO -   input_bin_size_ms=10, output_bin_size_ms=10
2026-02-24 23:02:07,623 - INFO -   n_input_bins=60, n_output_bins=60
2026-02-24 23:02:07,623 - INFO -   output_offset=0, total_bins_input=60, total_bins_output=60
2026-02-24 23:02:07,623 - INFO -   Valid start positions per trial: 0 to 0
2026-02-24 23:02:07,623 - INFO -   Total samples: 3400 (3400 trials × 1 positions)
2026-02-24 23:02:22,143 - INFO - BinnedStimSpikeDataset initialized:
2026-02-24 23:02:22,144 - INFO -   input_bin_size_ms=10, output_bin_size_ms=10
2026-02-24 23:02:22,144 - INFO -   n_input_bins=60, n_output_bins=60
2026-02-24 23:02:22,144 - INFO -   output_offset=0, total_bins_input=60, total_bins_output=60
2026-02-24 23:02:22,144 - INFO -   Valid start positions per trial: 0 to 0
2026-02-24 23:02:22,144 - INFO -   Total samples: 600 (600 trials × 1 positions)
2026-02-24 23:02:36,669 - INFO - BinnedStimSpikeDataset initialized:
2026-02-24 23:02:36,670 - INFO -   input_bin_size_ms=10, output_bin_size_ms=10
2026-02-24 23:02:36,670 - INFO -   n_input_bins=60, n_output_bins=60
2026-02-24 23:02:36,670 - INFO -   output_offset=0, total_bins_input=60, total_bins_output=60
2026-02-24 23:02:36,670 - INFO -   Valid start positions per trial: 0 to 0
2026-02-24 23:02:36,670 - INFO -   Total samples: 1000 (1000 trials × 1 positions)
2026-02-24 23:02:36,671 - INFO - Samples — train: 3400, val: 600, test: 1000
2026-02-24 23:02:36,672 - INFO - Input channels: 105, Neurons: 63
2026-02-24 23:02:36,672 - INFO - Using Apple Silicon MPS acceleration
2026-02-24 23:02:36,700 - INFO - Model: CNN — 1,695,551 trainable params (1,695,551 total)
2026-02-24 23:02:36,700 - INFO - Starting training …
2026-02-24 23:02:41,305 - INFO - Epoch   1/50 | Train: 0.231264 | Val: 0.199615 | Corr: 0.092946 | LR: 1.00e-03
2026-02-24 23:02:41,358 - INFO -   ↳ Saved best model (val_corr=0.092946)
2026-02-24 23:02:45,514 - INFO - Epoch   2/50 | Train: 0.195341 | Val: 0.196434 | Corr: 0.115111 | LR: 1.00e-03
2026-02-24 23:02:45,572 - INFO -   ↳ Saved best model (val_corr=0.115111)
2026-02-24 23:02:50,284 - INFO - Epoch   3/50 | Train: 0.189905 | Val: 0.194468 | Corr: 0.128911 | LR: 1.00e-03
2026-02-24 23:02:50,318 - INFO -   ↳ Saved best model (val_corr=0.128911)
2026-02-24 23:02:54,753 - INFO - Epoch   4/50 | Train: 0.185850 | Val: 0.193187 | Corr: 0.142576 | LR: 1.00e-03
2026-02-24 23:02:54,819 - INFO -   ↳ Saved best model (val_corr=0.142576)
2026-02-24 23:02:59,450 - INFO - Epoch   5/50 | Train: 0.181753 | Val: 0.191144 | Corr: 0.154516 | LR: 1.00e-03
2026-02-24 23:02:59,534 - INFO -   ↳ Saved best model (val_corr=0.154516)
2026-02-24 23:03:04,180 - INFO - Epoch   6/50 | Train: 0.178114 | Val: 0.190312 | Corr: 0.159916 | LR: 1.00e-03
2026-02-24 23:03:04,267 - INFO -   ↳ Saved best model (val_corr=0.159916)
2026-02-24 23:03:08,990 - INFO - Epoch   7/50 | Train: 0.174959 | Val: 0.189612 | Corr: 0.164889 | LR: 1.00e-03
2026-02-24 23:03:09,090 - INFO -   ↳ Saved best model (val_corr=0.164889)
2026-02-24 23:03:13,711 - INFO - Epoch   8/50 | Train: 0.172232 | Val: 0.190832 | Corr: 0.166174 | LR: 1.00e-03
2026-02-24 23:03:13,751 - INFO -   ↳ Saved best model (val_corr=0.166174)
2026-02-24 23:03:18,599 - INFO - Epoch   9/50 | Train: 0.169601 | Val: 0.190704 | Corr: 0.168104 | LR: 1.00e-03
2026-02-24 23:03:18,637 - INFO -   ↳ Saved best model (val_corr=0.168104)
2026-02-24 23:03:23,759 - INFO - Epoch  10/50 | Train: 0.167331 | Val: 0.191592 | Corr: 0.169675 | LR: 1.00e-03
2026-02-24 23:03:23,800 - INFO -   ↳ Saved best model (val_corr=0.169675)
2026-02-24 23:03:28,764 - INFO - Epoch  11/50 | Train: 0.165187 | Val: 0.192909 | Corr: 0.167264 | LR: 1.00e-03
2026-02-24 23:03:33,863 - INFO - Epoch  12/50 | Train: 0.163033 | Val: 0.192035 | Corr: 0.168300 | LR: 1.00e-03
2026-02-24 23:03:38,964 - INFO - Epoch  13/50 | Train: 0.161166 | Val: 0.193184 | Corr: 0.167584 | LR: 5.00e-04
2026-02-24 23:03:43,997 - INFO - Epoch  14/50 | Train: 0.156968 | Val: 0.195003 | Corr: 0.165384 | LR: 5.00e-04
2026-02-24 23:03:49,037 - INFO - Epoch  15/50 | Train: 0.155051 | Val: 0.196488 | Corr: 0.163530 | LR: 5.00e-04
2026-02-24 23:03:54,062 - INFO - Epoch  16/50 | Train: 0.153794 | Val: 0.197326 | Corr: 0.161378 | LR: 5.00e-04
2026-02-24 23:03:58,816 - INFO - Epoch  17/50 | Train: 0.152876 | Val: 0.198284 | Corr: 0.159589 | LR: 5.00e-04
2026-02-24 23:04:03,810 - INFO - Epoch  18/50 | Train: 0.151839 | Val: 0.198188 | Corr: 0.159424 | LR: 5.00e-04
2026-02-24 23:04:08,732 - INFO - Epoch  19/50 | Train: 0.151102 | Val: 0.199756 | Corr: 0.157479 | LR: 2.50e-04
2026-02-24 23:04:13,903 - INFO - Epoch  20/50 | Train: 0.148751 | Val: 0.201660 | Corr: 0.155546 | LR: 2.50e-04
2026-02-24 23:04:13,903 - INFO - Early stopping at epoch 20
2026-02-24 23:04:13,903 - INFO - Training complete — best val corr: 0.169675
2026-02-24 23:04:14,723 - INFO - Test loss: 0.182427, Test corr: 0.155914
2026-02-24 23:04:15,256 - INFO - Fraction of variance explained (FVE): 0.024569
2026-02-24 23:04:15,256 - INFO - Computing autoregressive (AR) test predictions …
2026-02-24 23:04:15,834 - INFO - AR FVE: 0.025803, AR test corr: 0.165231
2026-02-24 23:04:15,834 - INFO - Generating figures …
2026-02-24 23:04:16,144 - INFO - Correlation between predicted and actual per-neuron averages: r=0.9683, p=1.91e-38
2026-02-24 23:04:17,250 - INFO - Pattern selectivity summary:
2026-02-24 23:04:17,250 - INFO -   Mean correlation across neurons: 0.3592
2026-02-24 23:04:17,250 - INFO -   Median correlation: 0.3378
2026-02-24 23:04:17,250 - INFO -   Neurons with r > 0.5: 19 / 63
2026-02-24 23:04:17,250 - INFO -   Neurons with r > 0.3: 36 / 63
2026-02-24 23:04:17,250 - INFO - Pattern selectivity — mean neuron corr: 0.3592
2026-02-24 23:04:17,964 - INFO - LOO (avg rate) — Model mean r: 0.3063, LOO mean r: 0.4728, Neurons model > LOO: 13/63
2026-02-24 23:04:19,227 - INFO - LOO (temporal) — Model mean r: 0.1679, LOO mean r: 0.3815, Neurons model > LOO: 1/63
2026-02-24 23:04:19,227 - INFO - Skipping oracle trial plots (skip_oracle_plots=True)
2026-02-24 23:04:19,228 - INFO - Experiment complete. Summary: {
  "run_dir": "results/multilayer_cnn_nohist_sweep_v2_2026-02-24_22-05-22/trial_0024_history=20_kernel_sizes=60_conv_channels=256_fc_dims=256",
  "model_type": "cnn",
  "batch_avg_test_loss": 0.1824266767501831,
  "batch_avg_test_corr": 0.15591417238149763,
  "all_test_fve": 0.024568836840372237,
  "AR_FVE": 0.025803290662311372,
  "AR_test_correlation": 0.16523145139217377,
  "best_val_corr": 0.16967488884070558,
  "total_params": 1695551,
  "trainable_params": 1695551,
  "epochs_trained": 20,
  "mean_pattern_corr": 0.3592175584910213,
  "history": 20,
  "init_state": true,
  "loo_avg_mean_corr": 0.47275709111471625,
  "model_avg_mean_corr": 0.3063407154077627,
  "neurons_model_beats_loo_avg": 13,
  "loo_temporal_mean_corr": 0.3815135061740875,
  "all_test_corr": 0.1679055094718933,
  "neurons_model_beats_loo_temporal": 1,
  "kernel_sizes": [
    60
  ],
  "conv_channels": [
    256
  ],
  "fc_dims": [
    256
  ]
}
2026-02-24 23:04:19,231 - INFO - 
======================================================================
2026-02-24 23:04:19,231 - INFO - [26/864] trial_0025_history=20_kernel_sizes=60_conv_channels=256_fc_dims=256
2026-02-24 23:04:19,231 - INFO -   Overrides: {"_arch": {"kernel_sizes": [60], "conv_channels": [256], "fc_dims": [256]}, "history": 20, "weight_decay": 0.0001}
2026-02-24 23:04:19,231 - INFO -   Output: results/multilayer_cnn_nohist_sweep_v2_2026-02-24_22-05-22/trial_0025_history=20_kernel_sizes=60_conv_channels=256_fc_dims=256
