2026-02-25 07:17:32,877 - INFO - ============================================================
2026-02-25 07:17:32,877 - INFO - Experiment run directory: results/multilayer_cnn_nohist_sweep_v2_2026-02-24_22-05-22/trial_0213_history=60_kernel_sizes=3_conv_channels=256_fc_dims=256
2026-02-25 07:17:32,877 - INFO - ============================================================
2026-02-25 07:17:32,877 - INFO - Using preloaded raw data (skipping I/O)
2026-02-25 07:17:32,877 - INFO - Stimulation channels: 42, Spiking neurons: 63
2026-02-25 07:17:32,877 - INFO - Unique patterns: 4050, Total trials: 5000
2026-02-25 07:17:32,889 - INFO - Split (oracle): train=3400, val=600, test=1000
2026-02-25 07:17:47,586 - INFO - BinnedStimSpikeDataset initialized:
2026-02-25 07:17:47,587 - INFO -   input_bin_size_ms=10, output_bin_size_ms=10
2026-02-25 07:17:47,587 - INFO -   n_input_bins=60, n_output_bins=60
2026-02-25 07:17:47,587 - INFO -   output_offset=0, total_bins_input=60, total_bins_output=60
2026-02-25 07:17:47,587 - INFO -   Valid start positions per trial: 0 to 0
2026-02-25 07:17:47,587 - INFO -   Total samples: 3400 (3400 trials × 1 positions)
2026-02-25 07:18:01,122 - INFO - BinnedStimSpikeDataset initialized:
2026-02-25 07:18:01,123 - INFO -   input_bin_size_ms=10, output_bin_size_ms=10
2026-02-25 07:18:01,123 - INFO -   n_input_bins=60, n_output_bins=60
2026-02-25 07:18:01,123 - INFO -   output_offset=0, total_bins_input=60, total_bins_output=60
2026-02-25 07:18:01,123 - INFO -   Valid start positions per trial: 0 to 0
2026-02-25 07:18:01,123 - INFO -   Total samples: 600 (600 trials × 1 positions)
2026-02-25 07:18:14,789 - INFO - BinnedStimSpikeDataset initialized:
2026-02-25 07:18:14,789 - INFO -   input_bin_size_ms=10, output_bin_size_ms=10
2026-02-25 07:18:14,789 - INFO -   n_input_bins=60, n_output_bins=60
2026-02-25 07:18:14,789 - INFO -   output_offset=0, total_bins_input=60, total_bins_output=60
2026-02-25 07:18:14,789 - INFO -   Valid start positions per trial: 0 to 0
2026-02-25 07:18:14,789 - INFO -   Total samples: 1000 (1000 trials × 1 positions)
2026-02-25 07:18:14,790 - INFO - Samples — train: 3400, val: 600, test: 1000
2026-02-25 07:18:14,790 - INFO - Input channels: 105, Neurons: 63
2026-02-25 07:18:14,790 - INFO - Using Apple Silicon MPS acceleration
2026-02-25 07:18:14,799 - INFO - Model: CNN — 163,391 trainable params (163,391 total)
2026-02-25 07:18:14,800 - INFO - Starting training …
2026-02-25 07:18:17,504 - INFO - Epoch   1/50 | Train: 0.237765 | Val: 0.201350 | Corr: 0.068807 | LR: 1.00e-03
2026-02-25 07:18:17,510 - INFO -   ↳ Saved best model (val_corr=0.068807)
2026-02-25 07:18:19,957 - INFO - Epoch   2/50 | Train: 0.201048 | Val: 0.197438 | Corr: 0.100760 | LR: 1.00e-03
2026-02-25 07:18:19,965 - INFO -   ↳ Saved best model (val_corr=0.100760)
2026-02-25 07:18:22,494 - INFO - Epoch   3/50 | Train: 0.196146 | Val: 0.193011 | Corr: 0.129493 | LR: 1.00e-03
2026-02-25 07:18:22,500 - INFO -   ↳ Saved best model (val_corr=0.129493)
2026-02-25 07:18:25,092 - INFO - Epoch   4/50 | Train: 0.192625 | Val: 0.191379 | Corr: 0.141489 | LR: 1.00e-03
2026-02-25 07:18:25,099 - INFO -   ↳ Saved best model (val_corr=0.141489)
2026-02-25 07:18:27,575 - INFO - Epoch   5/50 | Train: 0.190678 | Val: 0.189507 | Corr: 0.155275 | LR: 1.00e-03
2026-02-25 07:18:27,584 - INFO -   ↳ Saved best model (val_corr=0.155275)
2026-02-25 07:18:30,198 - INFO - Epoch   6/50 | Train: 0.189201 | Val: 0.188407 | Corr: 0.161848 | LR: 1.00e-03
2026-02-25 07:18:30,204 - INFO -   ↳ Saved best model (val_corr=0.161848)
2026-02-25 07:18:32,790 - INFO - Epoch   7/50 | Train: 0.188143 | Val: 0.188171 | Corr: 0.166932 | LR: 1.00e-03
2026-02-25 07:18:32,796 - INFO -   ↳ Saved best model (val_corr=0.166932)
2026-02-25 07:18:35,395 - INFO - Epoch   8/50 | Train: 0.187303 | Val: 0.187156 | Corr: 0.172046 | LR: 1.00e-03
2026-02-25 07:18:35,402 - INFO -   ↳ Saved best model (val_corr=0.172046)
2026-02-25 07:18:38,020 - INFO - Epoch   9/50 | Train: 0.186576 | Val: 0.186607 | Corr: 0.175426 | LR: 1.00e-03
2026-02-25 07:18:38,026 - INFO -   ↳ Saved best model (val_corr=0.175426)
2026-02-25 07:18:40,574 - INFO - Epoch  10/50 | Train: 0.185807 | Val: 0.186337 | Corr: 0.178470 | LR: 1.00e-03
2026-02-25 07:18:40,581 - INFO -   ↳ Saved best model (val_corr=0.178470)
2026-02-25 07:18:42,963 - INFO - Epoch  11/50 | Train: 0.185234 | Val: 0.186702 | Corr: 0.181295 | LR: 1.00e-03
2026-02-25 07:18:42,975 - INFO -   ↳ Saved best model (val_corr=0.181295)
2026-02-25 07:18:45,355 - INFO - Epoch  12/50 | Train: 0.184836 | Val: 0.185766 | Corr: 0.183154 | LR: 1.00e-03
2026-02-25 07:18:45,363 - INFO -   ↳ Saved best model (val_corr=0.183154)
2026-02-25 07:18:47,996 - INFO - Epoch  13/50 | Train: 0.184355 | Val: 0.186130 | Corr: 0.185145 | LR: 1.00e-03
2026-02-25 07:18:48,002 - INFO -   ↳ Saved best model (val_corr=0.185145)
2026-02-25 07:18:50,568 - INFO - Epoch  14/50 | Train: 0.183980 | Val: 0.185680 | Corr: 0.186813 | LR: 1.00e-03
2026-02-25 07:18:50,574 - INFO -   ↳ Saved best model (val_corr=0.186813)
2026-02-25 07:18:53,191 - INFO - Epoch  15/50 | Train: 0.183723 | Val: 0.185319 | Corr: 0.185801 | LR: 1.00e-03
2026-02-25 07:18:55,725 - INFO - Epoch  16/50 | Train: 0.183200 | Val: 0.185621 | Corr: 0.189125 | LR: 1.00e-03
2026-02-25 07:18:55,731 - INFO -   ↳ Saved best model (val_corr=0.189125)
2026-02-25 07:18:58,294 - INFO - Epoch  17/50 | Train: 0.182986 | Val: 0.185059 | Corr: 0.189098 | LR: 1.00e-03
2026-02-25 07:19:00,837 - INFO - Epoch  18/50 | Train: 0.182647 | Val: 0.184940 | Corr: 0.189816 | LR: 1.00e-03
2026-02-25 07:19:00,843 - INFO -   ↳ Saved best model (val_corr=0.189816)
2026-02-25 07:19:03,418 - INFO - Epoch  19/50 | Train: 0.182325 | Val: 0.184871 | Corr: 0.191722 | LR: 1.00e-03
2026-02-25 07:19:03,426 - INFO -   ↳ Saved best model (val_corr=0.191722)
2026-02-25 07:19:05,975 - INFO - Epoch  20/50 | Train: 0.182025 | Val: 0.184686 | Corr: 0.191070 | LR: 1.00e-03
2026-02-25 07:19:08,573 - INFO - Epoch  21/50 | Train: 0.181808 | Val: 0.184960 | Corr: 0.191313 | LR: 1.00e-03
2026-02-25 07:19:11,119 - INFO - Epoch  22/50 | Train: 0.181541 | Val: 0.185201 | Corr: 0.191750 | LR: 1.00e-03
2026-02-25 07:19:11,124 - INFO -   ↳ Saved best model (val_corr=0.191750)
2026-02-25 07:19:13,692 - INFO - Epoch  23/50 | Train: 0.181361 | Val: 0.185308 | Corr: 0.192019 | LR: 1.00e-03
2026-02-25 07:19:13,698 - INFO -   ↳ Saved best model (val_corr=0.192019)
2026-02-25 07:19:16,235 - INFO - Epoch  24/50 | Train: 0.181020 | Val: 0.184710 | Corr: 0.191816 | LR: 1.00e-03
2026-02-25 07:19:18,827 - INFO - Epoch  25/50 | Train: 0.180837 | Val: 0.184888 | Corr: 0.191527 | LR: 1.00e-03
2026-02-25 07:19:21,366 - INFO - Epoch  26/50 | Train: 0.180631 | Val: 0.184764 | Corr: 0.191873 | LR: 5.00e-04
2026-02-25 07:19:23,975 - INFO - Epoch  27/50 | Train: 0.179771 | Val: 0.184865 | Corr: 0.193565 | LR: 5.00e-04
2026-02-25 07:19:23,980 - INFO -   ↳ Saved best model (val_corr=0.193565)
2026-02-25 07:19:26,484 - INFO - Epoch  28/50 | Train: 0.179489 | Val: 0.184597 | Corr: 0.192726 | LR: 5.00e-04
2026-02-25 07:19:29,084 - INFO - Epoch  29/50 | Train: 0.179306 | Val: 0.184795 | Corr: 0.193090 | LR: 5.00e-04
2026-02-25 07:19:31,620 - INFO - Epoch  30/50 | Train: 0.179184 | Val: 0.185145 | Corr: 0.193072 | LR: 5.00e-04
2026-02-25 07:19:34,223 - INFO - Epoch  31/50 | Train: 0.179220 | Val: 0.184698 | Corr: 0.192849 | LR: 5.00e-04
2026-02-25 07:19:36,780 - INFO - Epoch  32/50 | Train: 0.178938 | Val: 0.184676 | Corr: 0.193289 | LR: 5.00e-04
2026-02-25 07:19:39,374 - INFO - Epoch  33/50 | Train: 0.178866 | Val: 0.184644 | Corr: 0.193026 | LR: 5.00e-04
2026-02-25 07:19:41,916 - INFO - Epoch  34/50 | Train: 0.178827 | Val: 0.184718 | Corr: 0.192657 | LR: 2.50e-04
2026-02-25 07:19:44,449 - INFO - Epoch  35/50 | Train: 0.178305 | Val: 0.184820 | Corr: 0.193517 | LR: 2.50e-04
2026-02-25 07:19:47,010 - INFO - Epoch  36/50 | Train: 0.178295 | Val: 0.184724 | Corr: 0.193314 | LR: 2.50e-04
2026-02-25 07:19:49,594 - INFO - Epoch  37/50 | Train: 0.178170 | Val: 0.184718 | Corr: 0.193295 | LR: 2.50e-04
2026-02-25 07:19:49,595 - INFO - Early stopping at epoch 37
2026-02-25 07:19:49,595 - INFO - Training complete — best val corr: 0.193565
2026-02-25 07:19:50,031 - INFO - Test loss: 0.175300, Test corr: 0.197412
2026-02-25 07:19:50,158 - INFO - Fraction of variance explained (FVE): 0.046678
2026-02-25 07:19:50,158 - INFO - Computing autoregressive (AR) test predictions …
2026-02-25 07:19:50,670 - INFO - AR FVE: 0.048359, AR test corr: 0.202909
2026-02-25 07:19:50,670 - INFO - Generating figures …
2026-02-25 07:19:50,965 - INFO - Correlation between predicted and actual per-neuron averages: r=0.9936, p=1.41e-59
2026-02-25 07:19:51,510 - INFO - Pattern selectivity summary:
2026-02-25 07:19:51,510 - INFO -   Mean correlation across neurons: 0.6075
2026-02-25 07:19:51,510 - INFO -   Median correlation: 0.6672
2026-02-25 07:19:51,510 - INFO -   Neurons with r > 0.5: 47 / 63
2026-02-25 07:19:51,510 - INFO -   Neurons with r > 0.3: 57 / 63
2026-02-25 07:19:51,510 - INFO - Pattern selectivity — mean neuron corr: 0.6075
2026-02-25 07:19:51,870 - INFO - LOO (avg rate) — Model mean r: 0.3939, LOO mean r: 0.4728, Neurons model > LOO: 10/63
2026-02-25 07:19:52,612 - INFO - LOO (temporal) — Model mean r: 0.2024, LOO mean r: 0.3815, Neurons model > LOO: 1/63
2026-02-25 07:19:52,612 - INFO - Skipping oracle trial plots (skip_oracle_plots=True)
2026-02-25 07:19:52,613 - INFO - Experiment complete. Summary: {
  "run_dir": "results/multilayer_cnn_nohist_sweep_v2_2026-02-24_22-05-22/trial_0213_history=60_kernel_sizes=3_conv_channels=256_fc_dims=256",
  "model_type": "cnn",
  "batch_avg_test_loss": 0.1753004069328308,
  "batch_avg_test_corr": 0.19741222176026738,
  "all_test_fve": 0.04667779188307505,
  "AR_FVE": 0.048358553931826635,
  "AR_test_correlation": 0.2029085010290146,
  "best_val_corr": 0.19356522445317415,
  "total_params": 163391,
  "trainable_params": 163391,
  "epochs_trained": 37,
  "mean_pattern_corr": 0.6074747162882319,
  "history": 60,
  "init_state": true,
  "loo_avg_mean_corr": 0.47275709111471625,
  "model_avg_mean_corr": 0.3939129884497287,
  "neurons_model_beats_loo_avg": 10,
  "loo_temporal_mean_corr": 0.3815135061740875,
  "all_test_corr": 0.20244154334068298,
  "neurons_model_beats_loo_temporal": 1,
  "kernel_sizes": [
    3
  ],
  "conv_channels": [
    256
  ],
  "fc_dims": [
    256
  ]
}
2026-02-25 07:19:52,622 - INFO - 
======================================================================
2026-02-25 07:19:52,622 - INFO - [215/864] trial_0214_history=60_kernel_sizes=3_conv_channels=256_fc_dims=256
2026-02-25 07:19:52,622 - INFO -   Overrides: {"_arch": {"kernel_sizes": [3], "conv_channels": [256], "fc_dims": [256]}, "history": 60, "weight_decay": 0.0005}
2026-02-25 07:19:52,622 - INFO -   Output: results/multilayer_cnn_nohist_sweep_v2_2026-02-24_22-05-22/trial_0214_history=60_kernel_sizes=3_conv_channels=256_fc_dims=256
