2026-02-15 23:01:28,943 - INFO - ============================================================
2026-02-15 23:01:28,943 - INFO - Experiment run directory: results/base_cnn_kernel_sweep_2026-02-15_19-39-07/trial_0069_learning_rate=0.01
2026-02-15 23:01:28,943 - INFO - ============================================================
2026-02-15 23:01:28,943 - INFO - Using preloaded raw data (skipping I/O)
2026-02-15 23:01:28,943 - INFO - Stimulation channels: 42, Spiking neurons: 63
2026-02-15 23:01:28,943 - INFO - Unique patterns: 4050, Total trials: 5000
2026-02-15 23:01:28,962 - INFO - Split (oracle): train=3400, val=600, test=1000
2026-02-15 23:01:43,040 - INFO - BinnedStimSpikeDataset initialized:
2026-02-15 23:01:43,041 - INFO -   input_bin_size_ms=10, output_bin_size_ms=10
2026-02-15 23:01:43,041 - INFO -   n_input_bins=60, n_output_bins=60
2026-02-15 23:01:43,041 - INFO -   output_offset=0, total_bins_input=60, total_bins_output=60
2026-02-15 23:01:43,041 - INFO -   Valid start positions per trial: 0 to 0
2026-02-15 23:01:43,041 - INFO -   Total samples: 3400 (3400 trials × 1 positions)
2026-02-15 23:01:56,392 - INFO - BinnedStimSpikeDataset initialized:
2026-02-15 23:01:56,392 - INFO -   input_bin_size_ms=10, output_bin_size_ms=10
2026-02-15 23:01:56,393 - INFO -   n_input_bins=60, n_output_bins=60
2026-02-15 23:01:56,393 - INFO -   output_offset=0, total_bins_input=60, total_bins_output=60
2026-02-15 23:01:56,393 - INFO -   Valid start positions per trial: 0 to 0
2026-02-15 23:01:56,393 - INFO -   Total samples: 600 (600 trials × 1 positions)
2026-02-15 23:02:09,851 - INFO - BinnedStimSpikeDataset initialized:
2026-02-15 23:02:09,851 - INFO -   input_bin_size_ms=10, output_bin_size_ms=10
2026-02-15 23:02:09,851 - INFO -   n_input_bins=60, n_output_bins=60
2026-02-15 23:02:09,851 - INFO -   output_offset=0, total_bins_input=60, total_bins_output=60
2026-02-15 23:02:09,851 - INFO -   Valid start positions per trial: 0 to 0
2026-02-15 23:02:09,851 - INFO -   Total samples: 1000 (1000 trials × 1 positions)
2026-02-15 23:02:09,854 - INFO - Samples — train: 3400, val: 600, test: 1000
2026-02-15 23:02:09,854 - INFO - Input channels: 105, Neurons: 63
2026-02-15 23:02:09,854 - INFO - Using Apple Silicon MPS acceleration
2026-02-15 23:02:09,864 - INFO - Model: CNN — 53,183 trainable params (53,183 total)
2026-02-15 23:02:09,865 - INFO - Starting training …
2026-02-15 23:02:11,997 - INFO - Epoch   1/50 | Train: 0.202885 | Val: 0.182372 | Corr: 0.275476 | LR: 1.00e-02
2026-02-15 23:02:12,001 - INFO -   ↳ Saved best model (val_corr=0.275476)
2026-02-15 23:02:14,028 - INFO - Epoch   2/50 | Train: 0.183155 | Val: 0.177800 | Corr: 0.309694 | LR: 1.00e-02
2026-02-15 23:02:14,032 - INFO -   ↳ Saved best model (val_corr=0.309694)
2026-02-15 23:02:16,066 - INFO - Epoch   3/50 | Train: 0.180235 | Val: 0.176447 | Corr: 0.318207 | LR: 1.00e-02
2026-02-15 23:02:16,069 - INFO -   ↳ Saved best model (val_corr=0.318207)
2026-02-15 23:02:18,132 - INFO - Epoch   4/50 | Train: 0.178861 | Val: 0.175456 | Corr: 0.326044 | LR: 1.00e-02
2026-02-15 23:02:18,135 - INFO -   ↳ Saved best model (val_corr=0.326044)
2026-02-15 23:02:20,185 - INFO - Epoch   5/50 | Train: 0.178057 | Val: 0.174490 | Corr: 0.331785 | LR: 1.00e-02
2026-02-15 23:02:20,188 - INFO -   ↳ Saved best model (val_corr=0.331785)
2026-02-15 23:02:22,210 - INFO - Epoch   6/50 | Train: 0.177451 | Val: 0.174420 | Corr: 0.332113 | LR: 1.00e-02
2026-02-15 23:02:22,213 - INFO -   ↳ Saved best model (val_corr=0.332113)
2026-02-15 23:02:24,247 - INFO - Epoch   7/50 | Train: 0.177044 | Val: 0.173898 | Corr: 0.335746 | LR: 1.00e-02
2026-02-15 23:02:24,250 - INFO -   ↳ Saved best model (val_corr=0.335746)
2026-02-15 23:02:26,255 - INFO - Epoch   8/50 | Train: 0.176617 | Val: 0.173721 | Corr: 0.337728 | LR: 1.00e-02
2026-02-15 23:02:26,259 - INFO -   ↳ Saved best model (val_corr=0.337728)
2026-02-15 23:02:28,323 - INFO - Epoch   9/50 | Train: 0.176426 | Val: 0.173338 | Corr: 0.340403 | LR: 1.00e-02
2026-02-15 23:02:28,327 - INFO -   ↳ Saved best model (val_corr=0.340403)
2026-02-15 23:02:30,425 - INFO - Epoch  10/50 | Train: 0.176134 | Val: 0.173274 | Corr: 0.341766 | LR: 1.00e-02
2026-02-15 23:02:30,428 - INFO -   ↳ Saved best model (val_corr=0.341766)
2026-02-15 23:02:32,408 - INFO - Epoch  11/50 | Train: 0.175961 | Val: 0.173232 | Corr: 0.341123 | LR: 1.00e-02
2026-02-15 23:02:34,501 - INFO - Epoch  12/50 | Train: 0.175637 | Val: 0.172686 | Corr: 0.343450 | LR: 1.00e-02
2026-02-15 23:02:34,505 - INFO -   ↳ Saved best model (val_corr=0.343450)
2026-02-15 23:02:36,524 - INFO - Epoch  13/50 | Train: 0.175549 | Val: 0.172760 | Corr: 0.343923 | LR: 1.00e-02
2026-02-15 23:02:36,528 - INFO -   ↳ Saved best model (val_corr=0.343923)
2026-02-15 23:02:38,563 - INFO - Epoch  14/50 | Train: 0.175490 | Val: 0.172715 | Corr: 0.343515 | LR: 1.00e-02
2026-02-15 23:02:40,682 - INFO - Epoch  15/50 | Train: 0.175114 | Val: 0.172518 | Corr: 0.344837 | LR: 1.00e-02
2026-02-15 23:02:40,685 - INFO -   ↳ Saved best model (val_corr=0.344837)
2026-02-15 23:02:42,642 - INFO - Epoch  16/50 | Train: 0.175160 | Val: 0.173989 | Corr: 0.345425 | LR: 1.00e-02
2026-02-15 23:02:42,645 - INFO -   ↳ Saved best model (val_corr=0.345425)
2026-02-15 23:02:44,726 - INFO - Epoch  17/50 | Train: 0.175092 | Val: 0.172383 | Corr: 0.346385 | LR: 1.00e-02
2026-02-15 23:02:44,729 - INFO -   ↳ Saved best model (val_corr=0.346385)
2026-02-15 23:02:46,760 - INFO - Epoch  18/50 | Train: 0.174762 | Val: 0.172214 | Corr: 0.347590 | LR: 1.00e-02
2026-02-15 23:02:46,763 - INFO -   ↳ Saved best model (val_corr=0.347590)
2026-02-15 23:02:48,816 - INFO - Epoch  19/50 | Train: 0.174790 | Val: 0.172394 | Corr: 0.346886 | LR: 1.00e-02
2026-02-15 23:02:50,796 - INFO - Epoch  20/50 | Train: 0.174529 | Val: 0.172106 | Corr: 0.347927 | LR: 1.00e-02
2026-02-15 23:02:50,800 - INFO -   ↳ Saved best model (val_corr=0.347927)
2026-02-15 23:02:52,859 - INFO - Epoch  21/50 | Train: 0.174507 | Val: 0.172275 | Corr: 0.347295 | LR: 1.00e-02
2026-02-15 23:02:54,953 - INFO - Epoch  22/50 | Train: 0.174489 | Val: 0.171908 | Corr: 0.349347 | LR: 1.00e-02
2026-02-15 23:02:54,956 - INFO -   ↳ Saved best model (val_corr=0.349347)
2026-02-15 23:02:56,983 - INFO - Epoch  23/50 | Train: 0.174370 | Val: 0.173620 | Corr: 0.345990 | LR: 1.00e-02
2026-02-15 23:02:59,059 - INFO - Epoch  24/50 | Train: 0.174324 | Val: 0.172062 | Corr: 0.347813 | LR: 1.00e-02
2026-02-15 23:03:01,086 - INFO - Epoch  25/50 | Train: 0.174223 | Val: 0.172027 | Corr: 0.348784 | LR: 1.00e-02
2026-02-15 23:03:03,160 - INFO - Epoch  26/50 | Train: 0.174102 | Val: 0.172246 | Corr: 0.347971 | LR: 1.00e-02
2026-02-15 23:03:05,247 - INFO - Epoch  27/50 | Train: 0.174092 | Val: 0.171846 | Corr: 0.350339 | LR: 1.00e-02
2026-02-15 23:03:05,250 - INFO -   ↳ Saved best model (val_corr=0.350339)
2026-02-15 23:03:07,259 - INFO - Epoch  28/50 | Train: 0.173936 | Val: 0.171831 | Corr: 0.350271 | LR: 1.00e-02
2026-02-15 23:03:09,257 - INFO - Epoch  29/50 | Train: 0.173988 | Val: 0.171945 | Corr: 0.348610 | LR: 1.00e-02
2026-02-15 23:03:11,313 - INFO - Epoch  30/50 | Train: 0.173926 | Val: 0.172035 | Corr: 0.348757 | LR: 1.00e-02
2026-02-15 23:03:13,393 - INFO - Epoch  31/50 | Train: 0.173800 | Val: 0.171562 | Corr: 0.351109 | LR: 1.00e-02
2026-02-15 23:03:13,396 - INFO -   ↳ Saved best model (val_corr=0.351109)
2026-02-15 23:03:15,463 - INFO - Epoch  32/50 | Train: 0.173736 | Val: 0.171750 | Corr: 0.350143 | LR: 1.00e-02
2026-02-15 23:03:17,464 - INFO - Epoch  33/50 | Train: 0.173778 | Val: 0.171656 | Corr: 0.350552 | LR: 1.00e-02
2026-02-15 23:03:19,507 - INFO - Epoch  34/50 | Train: 0.173757 | Val: 0.171636 | Corr: 0.350342 | LR: 1.00e-02
2026-02-15 23:03:21,554 - INFO - Epoch  35/50 | Train: 0.173594 | Val: 0.171738 | Corr: 0.350822 | LR: 1.00e-02
2026-02-15 23:03:23,660 - INFO - Epoch  36/50 | Train: 0.173617 | Val: 0.171805 | Corr: 0.350448 | LR: 1.00e-02
2026-02-15 23:03:25,772 - INFO - Epoch  37/50 | Train: 0.173636 | Val: 0.171564 | Corr: 0.350784 | LR: 5.00e-03
2026-02-15 23:03:27,803 - INFO - Epoch  38/50 | Train: 0.172746 | Val: 0.171165 | Corr: 0.353791 | LR: 5.00e-03
2026-02-15 23:03:27,808 - INFO -   ↳ Saved best model (val_corr=0.353791)
2026-02-15 23:03:29,924 - INFO - Epoch  39/50 | Train: 0.172688 | Val: 0.171350 | Corr: 0.353580 | LR: 5.00e-03
2026-02-15 23:03:31,972 - INFO - Epoch  40/50 | Train: 0.172563 | Val: 0.170883 | Corr: 0.356032 | LR: 5.00e-03
2026-02-15 23:03:31,975 - INFO -   ↳ Saved best model (val_corr=0.356032)
2026-02-15 23:03:34,067 - INFO - Epoch  41/50 | Train: 0.172588 | Val: 0.171152 | Corr: 0.354112 | LR: 5.00e-03
2026-02-15 23:03:36,112 - INFO - Epoch  42/50 | Train: 0.172612 | Val: 0.170899 | Corr: 0.355700 | LR: 5.00e-03
2026-02-15 23:03:38,160 - INFO - Epoch  43/50 | Train: 0.172532 | Val: 0.170781 | Corr: 0.355851 | LR: 5.00e-03
2026-02-15 23:03:40,234 - INFO - Epoch  44/50 | Train: 0.172486 | Val: 0.170918 | Corr: 0.355589 | LR: 5.00e-03
2026-02-15 23:03:42,267 - INFO - Epoch  45/50 | Train: 0.172507 | Val: 0.171178 | Corr: 0.354617 | LR: 5.00e-03
2026-02-15 23:03:44,364 - INFO - Epoch  46/50 | Train: 0.172561 | Val: 0.171091 | Corr: 0.354637 | LR: 5.00e-03
2026-02-15 23:03:46,323 - INFO - Epoch  47/50 | Train: 0.172477 | Val: 0.170854 | Corr: 0.356035 | LR: 5.00e-03
2026-02-15 23:03:46,327 - INFO -   ↳ Saved best model (val_corr=0.356035)
2026-02-15 23:03:48,403 - INFO - Epoch  48/50 | Train: 0.172437 | Val: 0.170791 | Corr: 0.356936 | LR: 5.00e-03
2026-02-15 23:03:48,407 - INFO -   ↳ Saved best model (val_corr=0.356936)
2026-02-15 23:03:50,496 - INFO - Epoch  49/50 | Train: 0.172421 | Val: 0.170815 | Corr: 0.356618 | LR: 2.50e-03
2026-02-15 23:03:52,554 - INFO - Epoch  50/50 | Train: 0.172076 | Val: 0.170564 | Corr: 0.358096 | LR: 2.50e-03
2026-02-15 23:03:52,558 - INFO -   ↳ Saved best model (val_corr=0.358096)
2026-02-15 23:03:52,558 - INFO - Training complete — best val corr: 0.358096
2026-02-15 23:03:52,800 - INFO - Test loss: 0.162232, Test corr: 0.353343
2026-02-15 23:03:52,883 - INFO - Generating figures …
2026-02-15 23:03:53,099 - INFO - Correlation between predicted and actual per-neuron averages: r=0.9948, p=3.29e-62
2026-02-15 23:03:54,125 - INFO - Pattern selectivity summary:
2026-02-15 23:03:54,125 - INFO -   Mean correlation across neurons: 0.6995
2026-02-15 23:03:54,125 - INFO -   Median correlation: 0.7307
2026-02-15 23:03:54,125 - INFO -   Neurons with r > 0.5: 56 / 63
2026-02-15 23:03:54,125 - INFO -   Neurons with r > 0.3: 63 / 63
2026-02-15 23:03:54,125 - INFO - Pattern selectivity — mean neuron corr: 0.6995
2026-02-15 23:03:54,490 - INFO - LOO baseline — Model mean r: 0.5432, LOO mean r: 0.4728, Neurons model > LOO: 43/63
2026-02-15 23:03:54,490 - INFO - Skipping oracle trial plots (skip_oracle_plots=True)
2026-02-15 23:03:54,490 - INFO - Experiment complete. Summary: {
  "run_dir": "results/base_cnn_kernel_sweep_2026-02-15_19-39-07/trial_0069_learning_rate=0.01",
  "model_type": "cnn",
  "test_loss": 0.16223197829723357,
  "test_corr": 0.3533428806853205,
  "best_val_corr": 0.35809630077969296,
  "total_params": 53183,
  "trainable_params": 53183,
  "epochs_trained": 50,
  "mean_pattern_corr": 0.6994884797054337,
  "loo_mean_corr": 0.47275709111471625,
  "model_sample_mean_corr": 0.543237756892588,
  "neurons_model_beats_loo": 43
}
2026-02-15 23:03:54,507 - INFO - 
======================================================================
2026-02-15 23:03:54,507 - INFO - [71/216] trial_0070_learning_rate=0.01
2026-02-15 23:03:54,507 - INFO -   Overrides: {"kernel_sizes": [3], "learning_rate": 0.01, "weight_decay": 0.001, "conv_channels": [128]}
2026-02-15 23:03:54,507 - INFO -   Output: results/base_cnn_kernel_sweep_2026-02-15_19-39-07/trial_0070_learning_rate=0.01
