2026-03-05 23:59:43,517 - INFO - ============================================================
2026-03-05 23:59:43,517 - INFO - Experiment run directory: /scratch/sb272/patterns5k_results/slurm_hist_cnn_2026-03-05_16-01-45/trial_0296_learning_rate=5.0e-04_history=20_kernel_sizes=3x3x3_conv_channels=128x128x128_fc_dims=256_seed1
2026-03-05 23:59:43,517 - INFO - ============================================================
2026-03-05 23:59:43,517 - INFO - Loading data …
2026-03-05 23:59:44,368 - INFO - 63 unique neurons after dropping problematic neurons
2026-03-05 23:59:45,556 - INFO - Stimulation channels: 42, Spiking neurons: 63
2026-03-06 00:01:46,073 - INFO - Unique patterns: 4050, Total trials: 5000
2026-03-06 00:01:46,074 - INFO - Stimulation channels: 42, Spiking neurons: 63
2026-03-06 00:01:46,074 - INFO - Unique patterns: 4050, Total trials: 5000
2026-03-06 00:01:46,091 - INFO - Split (oracle): train=3400, val=600, test=1000
2026-03-06 00:02:11,190 - INFO - BinnedStimSpikeDataset initialized:
2026-03-06 00:02:11,190 - INFO -   input_bin_size_ms=10, output_bin_size_ms=10
2026-03-06 00:02:11,190 - INFO -   n_input_bins=60, n_output_bins=60
2026-03-06 00:02:11,190 - INFO -   output_offset=0, total_bins_input=60, total_bins_output=60
2026-03-06 00:02:11,190 - INFO -   Valid start positions per trial: 0 to 0
2026-03-06 00:02:11,190 - INFO -   Total samples: 3400 (3400 trials × 1 positions)
2026-03-06 00:02:35,566 - INFO - BinnedStimSpikeDataset initialized:
2026-03-06 00:02:35,567 - INFO -   input_bin_size_ms=10, output_bin_size_ms=10
2026-03-06 00:02:35,567 - INFO -   n_input_bins=60, n_output_bins=60
2026-03-06 00:02:35,567 - INFO -   output_offset=0, total_bins_input=60, total_bins_output=60
2026-03-06 00:02:35,567 - INFO -   Valid start positions per trial: 0 to 0
2026-03-06 00:02:35,567 - INFO -   Total samples: 600 (600 trials × 1 positions)
2026-03-06 00:03:00,078 - INFO - BinnedStimSpikeDataset initialized:
2026-03-06 00:03:00,078 - INFO -   input_bin_size_ms=10, output_bin_size_ms=10
2026-03-06 00:03:00,078 - INFO -   n_input_bins=60, n_output_bins=60
2026-03-06 00:03:00,079 - INFO -   output_offset=0, total_bins_input=60, total_bins_output=60
2026-03-06 00:03:00,079 - INFO -   Valid start positions per trial: 0 to 0
2026-03-06 00:03:00,079 - INFO -   Total samples: 1000 (1000 trials × 1 positions)
2026-03-06 00:03:00,079 - INFO - Samples — train: 3400, val: 600, test: 1000
2026-03-06 00:03:00,079 - INFO - Input channels: 105, Neurons: 63
2026-03-06 00:03:00,084 - INFO - Using CPU
2026-03-06 00:03:00,102 - INFO - Model: CNN — 188,991 trainable params (188,991 total)
2026-03-06 00:03:04,682 - INFO - Starting training …
2026-03-06 00:03:11,655 - INFO - Epoch   1/50 | Train: 0.243263 | Val: 0.187844 | Corr: 0.053325 | LR: 5.00e-04
2026-03-06 00:03:11,672 - INFO -   ↳ Saved best model (val_corr=0.053325)
2026-03-06 00:03:17,426 - INFO - Epoch   2/50 | Train: 0.184073 | Val: 0.181258 | Corr: 0.089166 | LR: 5.00e-04
2026-03-06 00:03:17,442 - INFO -   ↳ Saved best model (val_corr=0.089166)
2026-03-06 00:03:23,153 - INFO - Epoch   3/50 | Train: 0.182728 | Val: 0.180893 | Corr: 0.095369 | LR: 5.00e-04
2026-03-06 00:03:23,164 - INFO -   ↳ Saved best model (val_corr=0.095369)
2026-03-06 00:03:29,023 - INFO - Epoch   4/50 | Train: 0.181599 | Val: 0.180791 | Corr: 0.096468 | LR: 5.00e-04
2026-03-06 00:03:29,036 - INFO -   ↳ Saved best model (val_corr=0.096468)
2026-03-06 00:03:34,705 - INFO - Epoch   5/50 | Train: 0.180848 | Val: 0.179589 | Corr: 0.107666 | LR: 5.00e-04
2026-03-06 00:03:34,717 - INFO -   ↳ Saved best model (val_corr=0.107666)
2026-03-06 00:03:40,546 - INFO - Epoch   6/50 | Train: 0.180040 | Val: 0.179123 | Corr: 0.114210 | LR: 5.00e-04
2026-03-06 00:03:40,557 - INFO -   ↳ Saved best model (val_corr=0.114210)
2026-03-06 00:03:46,349 - INFO - Epoch   7/50 | Train: 0.179284 | Val: 0.178744 | Corr: 0.117566 | LR: 5.00e-04
2026-03-06 00:03:46,363 - INFO -   ↳ Saved best model (val_corr=0.117566)
2026-03-06 00:03:52,151 - INFO - Epoch   8/50 | Train: 0.178659 | Val: 0.178302 | Corr: 0.121331 | LR: 5.00e-04
2026-03-06 00:03:52,164 - INFO -   ↳ Saved best model (val_corr=0.121331)
2026-03-06 00:03:58,002 - INFO - Epoch   9/50 | Train: 0.177975 | Val: 0.178014 | Corr: 0.124601 | LR: 5.00e-04
2026-03-06 00:03:58,014 - INFO -   ↳ Saved best model (val_corr=0.124601)
2026-03-06 00:04:03,902 - INFO - Epoch  10/50 | Train: 0.177527 | Val: 0.177593 | Corr: 0.128256 | LR: 5.00e-04
2026-03-06 00:04:03,915 - INFO -   ↳ Saved best model (val_corr=0.128256)
2026-03-06 00:04:09,822 - INFO - Epoch  11/50 | Train: 0.177042 | Val: 0.177697 | Corr: 0.128105 | LR: 5.00e-04
2026-03-06 00:04:15,606 - INFO - Epoch  12/50 | Train: 0.176702 | Val: 0.177537 | Corr: 0.131401 | LR: 5.00e-04
2026-03-06 00:04:15,620 - INFO -   ↳ Saved best model (val_corr=0.131401)
2026-03-06 00:04:21,465 - INFO - Epoch  13/50 | Train: 0.176196 | Val: 0.177107 | Corr: 0.133886 | LR: 5.00e-04
2026-03-06 00:04:21,477 - INFO -   ↳ Saved best model (val_corr=0.133886)
2026-03-06 00:04:27,367 - INFO - Epoch  14/50 | Train: 0.175795 | Val: 0.177039 | Corr: 0.135102 | LR: 5.00e-04
2026-03-06 00:04:27,379 - INFO -   ↳ Saved best model (val_corr=0.135102)
2026-03-06 00:04:33,253 - INFO - Epoch  15/50 | Train: 0.175559 | Val: 0.177055 | Corr: 0.135315 | LR: 5.00e-04
2026-03-06 00:04:33,267 - INFO -   ↳ Saved best model (val_corr=0.135315)
2026-03-06 00:04:39,094 - INFO - Epoch  16/50 | Train: 0.175238 | Val: 0.177027 | Corr: 0.136970 | LR: 5.00e-04
2026-03-06 00:04:39,107 - INFO -   ↳ Saved best model (val_corr=0.136970)
2026-03-06 00:04:44,855 - INFO - Epoch  17/50 | Train: 0.174879 | Val: 0.176941 | Corr: 0.139507 | LR: 5.00e-04
2026-03-06 00:04:44,867 - INFO -   ↳ Saved best model (val_corr=0.139507)
2026-03-06 00:04:50,715 - INFO - Epoch  18/50 | Train: 0.174680 | Val: 0.176763 | Corr: 0.137667 | LR: 5.00e-04
2026-03-06 00:04:56,670 - INFO - Epoch  19/50 | Train: 0.174358 | Val: 0.176758 | Corr: 0.138924 | LR: 5.00e-04
2026-03-06 00:05:02,623 - INFO - Epoch  20/50 | Train: 0.174082 | Val: 0.176837 | Corr: 0.138936 | LR: 5.00e-04
2026-03-06 00:05:08,886 - INFO - Epoch  21/50 | Train: 0.173868 | Val: 0.177267 | Corr: 0.139671 | LR: 5.00e-04
2026-03-06 00:05:08,899 - INFO -   ↳ Saved best model (val_corr=0.139671)
2026-03-06 00:05:15,079 - INFO - Epoch  22/50 | Train: 0.173618 | Val: 0.176631 | Corr: 0.141168 | LR: 5.00e-04
2026-03-06 00:05:15,093 - INFO -   ↳ Saved best model (val_corr=0.141168)
2026-03-06 00:05:20,970 - INFO - Epoch  23/50 | Train: 0.173468 | Val: 0.176790 | Corr: 0.139263 | LR: 5.00e-04
2026-03-06 00:05:26,755 - INFO - Epoch  24/50 | Train: 0.173266 | Val: 0.176502 | Corr: 0.141809 | LR: 5.00e-04
2026-03-06 00:05:26,767 - INFO -   ↳ Saved best model (val_corr=0.141809)
2026-03-06 00:05:32,637 - INFO - Epoch  25/50 | Train: 0.172967 | Val: 0.176799 | Corr: 0.141811 | LR: 5.00e-04
2026-03-06 00:05:32,650 - INFO -   ↳ Saved best model (val_corr=0.141811)
2026-03-06 00:05:38,571 - INFO - Epoch  26/50 | Train: 0.172838 | Val: 0.176669 | Corr: 0.141307 | LR: 5.00e-04
2026-03-06 00:05:44,535 - INFO - Epoch  27/50 | Train: 0.172639 | Val: 0.176857 | Corr: 0.139897 | LR: 5.00e-04
2026-03-06 00:05:50,492 - INFO - Epoch  28/50 | Train: 0.172548 | Val: 0.176644 | Corr: 0.141195 | LR: 5.00e-04
2026-03-06 00:05:56,393 - INFO - Epoch  29/50 | Train: 0.172311 | Val: 0.176822 | Corr: 0.142003 | LR: 5.00e-04
2026-03-06 00:05:56,404 - INFO -   ↳ Saved best model (val_corr=0.142003)
2026-03-06 00:06:02,643 - INFO - Epoch  30/50 | Train: 0.172111 | Val: 0.177063 | Corr: 0.140578 | LR: 2.50e-04
2026-03-06 00:06:08,830 - INFO - Epoch  31/50 | Train: 0.171429 | Val: 0.176678 | Corr: 0.143233 | LR: 2.50e-04
2026-03-06 00:06:08,843 - INFO -   ↳ Saved best model (val_corr=0.143233)
2026-03-06 00:06:14,966 - INFO - Epoch  32/50 | Train: 0.171294 | Val: 0.176785 | Corr: 0.141830 | LR: 2.50e-04
2026-03-06 00:06:21,118 - INFO - Epoch  33/50 | Train: 0.171177 | Val: 0.176746 | Corr: 0.143153 | LR: 2.50e-04
2026-03-06 00:06:26,939 - INFO - Epoch  34/50 | Train: 0.171093 | Val: 0.177040 | Corr: 0.141518 | LR: 2.50e-04
2026-03-06 00:06:32,811 - INFO - Epoch  35/50 | Train: 0.170917 | Val: 0.176874 | Corr: 0.142945 | LR: 2.50e-04
2026-03-06 00:06:38,704 - INFO - Epoch  36/50 | Train: 0.170909 | Val: 0.177236 | Corr: 0.140843 | LR: 1.25e-04
2026-03-06 00:06:44,585 - INFO - Epoch  37/50 | Train: 0.170501 | Val: 0.176912 | Corr: 0.142897 | LR: 1.25e-04
2026-03-06 00:06:50,473 - INFO - Epoch  38/50 | Train: 0.170440 | Val: 0.176996 | Corr: 0.142694 | LR: 1.25e-04
2026-03-06 00:06:56,339 - INFO - Epoch  39/50 | Train: 0.170292 | Val: 0.176918 | Corr: 0.143130 | LR: 1.25e-04
2026-03-06 00:07:02,097 - INFO - Epoch  40/50 | Train: 0.170233 | Val: 0.177025 | Corr: 0.142297 | LR: 1.25e-04
2026-03-06 00:07:07,905 - INFO - Epoch  41/50 | Train: 0.170264 | Val: 0.177024 | Corr: 0.142151 | LR: 1.25e-04
2026-03-06 00:07:07,905 - INFO - Early stopping at epoch 41
2026-03-06 00:07:07,905 - INFO - Training complete — best val corr: 0.143233
2026-03-06 00:07:09,387 - INFO - Test loss: 0.168708, Test corr: 0.132747
2026-03-06 00:07:09,825 - INFO - Fraction of variance explained (FVE): 0.021147
2026-03-06 00:07:09,825 - INFO - Computing autoregressive (AR) test predictions …
2026-03-06 00:07:10,393 - INFO - AR FVE: 0.018217, AR test corr: 0.126699
2026-03-06 00:07:10,393 - INFO - Generating figures …
2026-03-06 00:07:10,909 - INFO - Correlation between predicted and actual per-neuron averages: r=0.9937, p=0.00e+00
2026-03-06 00:07:13,615 - INFO - Pattern selectivity summary:
2026-03-06 00:07:13,616 - INFO -   Mean correlation across neurons: 0.4981
2026-03-06 00:07:13,616 - INFO -   Median correlation: 0.5210
2026-03-06 00:07:13,616 - INFO -   Neurons with r > 0.5: 35 / 63
2026-03-06 00:07:13,616 - INFO -   Neurons with r > 0.3: 55 / 63
2026-03-06 00:07:13,616 - INFO - Pattern selectivity — mean neuron corr: 0.4981
2026-03-06 00:07:15,196 - INFO - LOO (avg rate) — Model mean r: 0.3528, LOO mean r: 0.4546, Neurons model > LOO: 10/63
2026-03-06 00:07:17,335 - INFO - LOO (temporal) — Model mean r: 0.1385, LOO mean r: 0.3186, Neurons model > LOO: 1/63
2026-03-06 00:07:17,336 - INFO - Skipping oracle trial plots (skip_oracle_plots=True)
2026-03-06 00:07:17,368 - INFO - Experiment complete. Summary: {
  "run_dir": "/scratch/sb272/patterns5k_results/slurm_hist_cnn_2026-03-05_16-01-45/trial_0296_learning_rate=5.0e-04_history=20_kernel_sizes=3x3x3_conv_channels=128x128x128_fc_dims=256_seed1",
  "model_type": "cnn",
  "batch_avg_test_loss": 0.1687081867456436,
  "batch_avg_test_corr": 0.13274684795921757,
  "all_test_fve": 0.02114723977588472,
  "AR_FVE": 0.018216881487104628,
  "AR_test_correlation": 0.12669894099235535,
  "best_val_corr": 0.14323256027605052,
  "total_params": 188991,
  "trainable_params": 188991,
  "epochs_trained": 41,
  "mean_pattern_corr": 0.498122993093829,
  "history": 20,
  "init_state": true,
  "loo_avg_mean_corr": 0.45456832695830385,
  "model_avg_mean_corr": 0.3528011044426216,
  "neurons_model_beats_loo_avg": 10,
  "loo_temporal_mean_corr": 0.31855225563049316,
  "all_test_corr": 0.13853082060813904,
  "neurons_model_beats_loo_temporal": 1,
  "kernel_sizes": [
    3,
    3,
    3
  ],
  "conv_channels": [
    128,
    128,
    128
  ],
  "fc_dims": [
    256
  ]
}
