2026-03-05 18:35:01,286 - INFO - ============================================================
2026-03-05 18:35:01,286 - INFO - Experiment run directory: /scratch/sb272/patterns5k_results/slurm_hist_cnn_2026-03-05_16-01-45/trial_0157_learning_rate=1.0e-04_history=1_kernel_sizes=3x3x3_conv_channels=32x64x128_fc_dims=256_seed1
2026-03-05 18:35:01,286 - INFO - ============================================================
2026-03-05 18:35:01,286 - INFO - Loading data …
2026-03-05 18:35:04,316 - INFO - 63 unique neurons after dropping problematic neurons
2026-03-05 18:35:05,813 - INFO - Stimulation channels: 42, Spiking neurons: 63
2026-03-05 18:37:04,348 - INFO - Unique patterns: 4050, Total trials: 5000
2026-03-05 18:37:04,350 - INFO - Stimulation channels: 42, Spiking neurons: 63
2026-03-05 18:37:04,350 - INFO - Unique patterns: 4050, Total trials: 5000
2026-03-05 18:37:04,370 - INFO - Split (oracle): train=3400, val=600, test=1000
2026-03-05 18:37:21,996 - INFO - BinnedStimSpikeDataset initialized:
2026-03-05 18:37:21,997 - INFO -   input_bin_size_ms=10, output_bin_size_ms=10
2026-03-05 18:37:21,997 - INFO -   n_input_bins=60, n_output_bins=60
2026-03-05 18:37:21,997 - INFO -   output_offset=0, total_bins_input=60, total_bins_output=60
2026-03-05 18:37:21,997 - INFO -   Valid start positions per trial: 0 to 0
2026-03-05 18:37:21,997 - INFO -   Total samples: 3400 (3400 trials × 1 positions)
2026-03-05 18:37:38,686 - INFO - BinnedStimSpikeDataset initialized:
2026-03-05 18:37:38,687 - INFO -   input_bin_size_ms=10, output_bin_size_ms=10
2026-03-05 18:37:38,687 - INFO -   n_input_bins=60, n_output_bins=60
2026-03-05 18:37:38,687 - INFO -   output_offset=0, total_bins_input=60, total_bins_output=60
2026-03-05 18:37:38,687 - INFO -   Valid start positions per trial: 0 to 0
2026-03-05 18:37:38,687 - INFO -   Total samples: 600 (600 trials × 1 positions)
2026-03-05 18:37:56,269 - INFO - BinnedStimSpikeDataset initialized:
2026-03-05 18:37:56,269 - INFO -   input_bin_size_ms=10, output_bin_size_ms=10
2026-03-05 18:37:56,269 - INFO -   n_input_bins=60, n_output_bins=60
2026-03-05 18:37:56,269 - INFO -   output_offset=0, total_bins_input=60, total_bins_output=60
2026-03-05 18:37:56,269 - INFO -   Valid start positions per trial: 0 to 0
2026-03-05 18:37:56,269 - INFO -   Total samples: 1000 (1000 trials × 1 positions)
2026-03-05 18:37:56,270 - INFO - Samples — train: 3400, val: 600, test: 1000
2026-03-05 18:37:56,270 - INFO - Input channels: 105, Neurons: 63
2026-03-05 18:37:56,279 - INFO - Using CPU
2026-03-05 18:37:56,285 - INFO - Model: CNN — 90,687 trainable params (90,687 total)
2026-03-05 18:38:02,438 - INFO - Starting training …
2026-03-05 18:38:08,251 - INFO - Epoch   1/50 | Train: 0.444458 | Val: 0.198272 | Corr: 0.061176 | LR: 1.00e-04
2026-03-05 18:38:08,262 - INFO -   ↳ Saved best model (val_corr=0.061176)
2026-03-05 18:38:13,205 - INFO - Epoch   2/50 | Train: 0.187648 | Val: 0.183656 | Corr: 0.096292 | LR: 1.00e-04
2026-03-05 18:38:13,215 - INFO -   ↳ Saved best model (val_corr=0.096292)
2026-03-05 18:38:17,841 - INFO - Epoch   3/50 | Train: 0.183596 | Val: 0.180393 | Corr: 0.112847 | LR: 1.00e-04
2026-03-05 18:38:17,851 - INFO -   ↳ Saved best model (val_corr=0.112847)
2026-03-05 18:38:22,830 - INFO - Epoch   4/50 | Train: 0.181820 | Val: 0.179442 | Corr: 0.122104 | LR: 1.00e-04
2026-03-05 18:38:22,840 - INFO -   ↳ Saved best model (val_corr=0.122104)
2026-03-05 18:38:28,060 - INFO - Epoch   5/50 | Train: 0.180615 | Val: 0.177635 | Corr: 0.129287 | LR: 1.00e-04
2026-03-05 18:38:28,070 - INFO -   ↳ Saved best model (val_corr=0.129287)
2026-03-05 18:38:33,342 - INFO - Epoch   6/50 | Train: 0.179483 | Val: 0.176897 | Corr: 0.135035 | LR: 1.00e-04
2026-03-05 18:38:33,352 - INFO -   ↳ Saved best model (val_corr=0.135035)
2026-03-05 18:38:38,506 - INFO - Epoch   7/50 | Train: 0.178399 | Val: 0.176220 | Corr: 0.139192 | LR: 1.00e-04
2026-03-05 18:38:38,518 - INFO -   ↳ Saved best model (val_corr=0.139192)
2026-03-05 18:38:43,596 - INFO - Epoch   8/50 | Train: 0.177587 | Val: 0.175183 | Corr: 0.143447 | LR: 1.00e-04
2026-03-05 18:38:43,607 - INFO -   ↳ Saved best model (val_corr=0.143447)
2026-03-05 18:38:48,412 - INFO - Epoch   9/50 | Train: 0.176848 | Val: 0.175001 | Corr: 0.146351 | LR: 1.00e-04
2026-03-05 18:38:48,419 - INFO -   ↳ Saved best model (val_corr=0.146351)
2026-03-05 18:38:52,893 - INFO - Epoch  10/50 | Train: 0.176229 | Val: 0.173862 | Corr: 0.150893 | LR: 1.00e-04
2026-03-05 18:38:52,901 - INFO -   ↳ Saved best model (val_corr=0.150893)
2026-03-05 18:38:58,149 - INFO - Epoch  11/50 | Train: 0.175630 | Val: 0.173218 | Corr: 0.154609 | LR: 1.00e-04
2026-03-05 18:38:58,157 - INFO -   ↳ Saved best model (val_corr=0.154609)
2026-03-05 18:39:03,432 - INFO - Epoch  12/50 | Train: 0.175089 | Val: 0.173011 | Corr: 0.157444 | LR: 1.00e-04
2026-03-05 18:39:03,442 - INFO -   ↳ Saved best model (val_corr=0.157444)
2026-03-05 18:39:08,443 - INFO - Epoch  13/50 | Train: 0.174541 | Val: 0.172379 | Corr: 0.159689 | LR: 1.00e-04
2026-03-05 18:39:08,453 - INFO -   ↳ Saved best model (val_corr=0.159689)
2026-03-05 18:39:13,565 - INFO - Epoch  14/50 | Train: 0.174073 | Val: 0.172136 | Corr: 0.162883 | LR: 1.00e-04
2026-03-05 18:39:13,576 - INFO -   ↳ Saved best model (val_corr=0.162883)
2026-03-05 18:39:18,660 - INFO - Epoch  15/50 | Train: 0.173738 | Val: 0.171686 | Corr: 0.164386 | LR: 1.00e-04
2026-03-05 18:39:18,672 - INFO -   ↳ Saved best model (val_corr=0.164386)
2026-03-05 18:39:23,998 - INFO - Epoch  16/50 | Train: 0.173300 | Val: 0.171659 | Corr: 0.166840 | LR: 1.00e-04
2026-03-05 18:39:24,014 - INFO -   ↳ Saved best model (val_corr=0.166840)
2026-03-05 18:39:29,457 - INFO - Epoch  17/50 | Train: 0.172844 | Val: 0.171421 | Corr: 0.168160 | LR: 1.00e-04
2026-03-05 18:39:29,467 - INFO -   ↳ Saved best model (val_corr=0.168160)
2026-03-05 18:39:34,470 - INFO - Epoch  18/50 | Train: 0.172537 | Val: 0.170887 | Corr: 0.170510 | LR: 1.00e-04
2026-03-05 18:39:34,483 - INFO -   ↳ Saved best model (val_corr=0.170510)
2026-03-05 18:39:39,505 - INFO - Epoch  19/50 | Train: 0.172242 | Val: 0.170518 | Corr: 0.172653 | LR: 1.00e-04
2026-03-05 18:39:39,520 - INFO -   ↳ Saved best model (val_corr=0.172653)
2026-03-05 18:39:43,862 - INFO - Epoch  20/50 | Train: 0.172008 | Val: 0.170572 | Corr: 0.173259 | LR: 1.00e-04
2026-03-05 18:39:43,872 - INFO -   ↳ Saved best model (val_corr=0.173259)
2026-03-05 18:39:48,848 - INFO - Epoch  21/50 | Train: 0.171643 | Val: 0.170325 | Corr: 0.175516 | LR: 1.00e-04
2026-03-05 18:39:48,859 - INFO -   ↳ Saved best model (val_corr=0.175516)
2026-03-05 18:39:53,467 - INFO - Epoch  22/50 | Train: 0.171267 | Val: 0.169457 | Corr: 0.178644 | LR: 1.00e-04
2026-03-05 18:39:53,479 - INFO -   ↳ Saved best model (val_corr=0.178644)
2026-03-05 18:39:58,157 - INFO - Epoch  23/50 | Train: 0.171136 | Val: 0.169767 | Corr: 0.179426 | LR: 1.00e-04
2026-03-05 18:39:58,166 - INFO -   ↳ Saved best model (val_corr=0.179426)
2026-03-05 18:40:02,853 - INFO - Epoch  24/50 | Train: 0.170941 | Val: 0.169406 | Corr: 0.181468 | LR: 1.00e-04
2026-03-05 18:40:02,864 - INFO -   ↳ Saved best model (val_corr=0.181468)
2026-03-05 18:40:07,560 - INFO - Epoch  25/50 | Train: 0.170664 | Val: 0.168922 | Corr: 0.182806 | LR: 1.00e-04
2026-03-05 18:40:07,597 - INFO -   ↳ Saved best model (val_corr=0.182806)
2026-03-05 18:40:12,179 - INFO - Epoch  26/50 | Train: 0.170452 | Val: 0.169110 | Corr: 0.184253 | LR: 1.00e-04
2026-03-05 18:40:12,188 - INFO -   ↳ Saved best model (val_corr=0.184253)
2026-03-05 18:40:16,888 - INFO - Epoch  27/50 | Train: 0.170217 | Val: 0.169108 | Corr: 0.184092 | LR: 1.00e-04
2026-03-05 18:40:21,584 - INFO - Epoch  28/50 | Train: 0.169960 | Val: 0.168498 | Corr: 0.186528 | LR: 1.00e-04
2026-03-05 18:40:21,593 - INFO -   ↳ Saved best model (val_corr=0.186528)
2026-03-05 18:40:26,505 - INFO - Epoch  29/50 | Train: 0.169875 | Val: 0.168301 | Corr: 0.187979 | LR: 1.00e-04
2026-03-05 18:40:26,522 - INFO -   ↳ Saved best model (val_corr=0.187979)
2026-03-05 18:40:31,106 - INFO - Epoch  30/50 | Train: 0.169642 | Val: 0.168769 | Corr: 0.189474 | LR: 1.00e-04
2026-03-05 18:40:31,115 - INFO -   ↳ Saved best model (val_corr=0.189474)
2026-03-05 18:40:35,886 - INFO - Epoch  31/50 | Train: 0.169447 | Val: 0.168133 | Corr: 0.190610 | LR: 1.00e-04
2026-03-05 18:40:35,894 - INFO -   ↳ Saved best model (val_corr=0.190610)
2026-03-05 18:40:40,705 - INFO - Epoch  32/50 | Train: 0.169222 | Val: 0.167605 | Corr: 0.193007 | LR: 1.00e-04
2026-03-05 18:40:40,715 - INFO -   ↳ Saved best model (val_corr=0.193007)
2026-03-05 18:40:45,772 - INFO - Epoch  33/50 | Train: 0.169079 | Val: 0.167582 | Corr: 0.193544 | LR: 1.00e-04
2026-03-05 18:40:45,782 - INFO -   ↳ Saved best model (val_corr=0.193544)
2026-03-05 18:40:50,645 - INFO - Epoch  34/50 | Train: 0.168921 | Val: 0.167466 | Corr: 0.194344 | LR: 1.00e-04
2026-03-05 18:40:50,655 - INFO -   ↳ Saved best model (val_corr=0.194344)
2026-03-05 18:40:55,252 - INFO - Epoch  35/50 | Train: 0.168715 | Val: 0.167390 | Corr: 0.195888 | LR: 1.00e-04
2026-03-05 18:40:55,261 - INFO -   ↳ Saved best model (val_corr=0.195888)
2026-03-05 18:41:00,325 - INFO - Epoch  36/50 | Train: 0.168716 | Val: 0.166776 | Corr: 0.197399 | LR: 1.00e-04
2026-03-05 18:41:00,334 - INFO -   ↳ Saved best model (val_corr=0.197399)
2026-03-05 18:41:05,702 - INFO - Epoch  37/50 | Train: 0.168478 | Val: 0.167234 | Corr: 0.197916 | LR: 1.00e-04
2026-03-05 18:41:05,739 - INFO -   ↳ Saved best model (val_corr=0.197916)
2026-03-05 18:41:11,068 - INFO - Epoch  38/50 | Train: 0.168418 | Val: 0.166807 | Corr: 0.198773 | LR: 1.00e-04
2026-03-05 18:41:11,079 - INFO -   ↳ Saved best model (val_corr=0.198773)
2026-03-05 18:41:16,438 - INFO - Epoch  39/50 | Train: 0.168253 | Val: 0.167252 | Corr: 0.200052 | LR: 1.00e-04
2026-03-05 18:41:16,447 - INFO -   ↳ Saved best model (val_corr=0.200052)
2026-03-05 18:41:21,834 - INFO - Epoch  40/50 | Train: 0.168089 | Val: 0.166757 | Corr: 0.200384 | LR: 1.00e-04
2026-03-05 18:41:21,842 - INFO -   ↳ Saved best model (val_corr=0.200384)
2026-03-05 18:41:27,126 - INFO - Epoch  41/50 | Train: 0.167919 | Val: 0.166563 | Corr: 0.202161 | LR: 1.00e-04
2026-03-05 18:41:27,134 - INFO -   ↳ Saved best model (val_corr=0.202161)
2026-03-05 18:41:31,002 - INFO - Epoch  42/50 | Train: 0.167803 | Val: 0.166274 | Corr: 0.203268 | LR: 1.00e-04
2026-03-05 18:41:31,011 - INFO -   ↳ Saved best model (val_corr=0.203268)
2026-03-05 18:41:35,644 - INFO - Epoch  43/50 | Train: 0.167747 | Val: 0.166483 | Corr: 0.204133 | LR: 1.00e-04
2026-03-05 18:41:35,654 - INFO -   ↳ Saved best model (val_corr=0.204133)
2026-03-05 18:41:40,266 - INFO - Epoch  44/50 | Train: 0.167546 | Val: 0.166151 | Corr: 0.204666 | LR: 1.00e-04
2026-03-05 18:41:40,276 - INFO -   ↳ Saved best model (val_corr=0.204666)
2026-03-05 18:41:44,858 - INFO - Epoch  45/50 | Train: 0.167514 | Val: 0.166176 | Corr: 0.205480 | LR: 1.00e-04
2026-03-05 18:41:44,869 - INFO -   ↳ Saved best model (val_corr=0.205480)
2026-03-05 18:41:49,912 - INFO - Epoch  46/50 | Train: 0.167391 | Val: 0.166101 | Corr: 0.206901 | LR: 1.00e-04
2026-03-05 18:41:49,922 - INFO -   ↳ Saved best model (val_corr=0.206901)
2026-03-05 18:41:55,091 - INFO - Epoch  47/50 | Train: 0.167273 | Val: 0.165879 | Corr: 0.207078 | LR: 1.00e-04
2026-03-05 18:41:55,100 - INFO -   ↳ Saved best model (val_corr=0.207078)
2026-03-05 18:42:00,186 - INFO - Epoch  48/50 | Train: 0.167085 | Val: 0.166159 | Corr: 0.208611 | LR: 1.00e-04
2026-03-05 18:42:00,195 - INFO -   ↳ Saved best model (val_corr=0.208611)
2026-03-05 18:42:05,307 - INFO - Epoch  49/50 | Train: 0.167041 | Val: 0.165857 | Corr: 0.208767 | LR: 1.00e-04
2026-03-05 18:42:05,317 - INFO -   ↳ Saved best model (val_corr=0.208767)
2026-03-05 18:42:10,403 - INFO - Epoch  50/50 | Train: 0.166933 | Val: 0.165799 | Corr: 0.210729 | LR: 1.00e-04
2026-03-05 18:42:10,415 - INFO -   ↳ Saved best model (val_corr=0.210729)
2026-03-05 18:42:10,415 - INFO - Training complete — best val corr: 0.210729
2026-03-05 18:42:12,047 - INFO - Test loss: 0.157030, Test corr: 0.204670
2026-03-05 18:42:12,374 - INFO - Fraction of variance explained (FVE): 0.049051
2026-03-05 18:42:12,374 - INFO - Computing autoregressive (AR) test predictions …
2026-03-05 18:42:12,951 - INFO - AR FVE: -0.007186, AR test corr: 0.060779
2026-03-05 18:42:12,951 - INFO - Generating figures …
2026-03-05 18:42:13,413 - INFO - Correlation between predicted and actual per-neuron averages: r=0.9952, p=0.00e+00
2026-03-05 18:42:15,505 - INFO - Pattern selectivity summary:
2026-03-05 18:42:15,505 - INFO -   Mean correlation across neurons: 0.6099
2026-03-05 18:42:15,505 - INFO -   Median correlation: 0.6298
2026-03-05 18:42:15,505 - INFO -   Neurons with r > 0.5: 46 / 63
2026-03-05 18:42:15,505 - INFO -   Neurons with r > 0.3: 60 / 63
2026-03-05 18:42:15,505 - INFO - Pattern selectivity — mean neuron corr: 0.6099
2026-03-05 18:42:17,244 - INFO - LOO (avg rate) — Model mean r: 0.4993, LOO mean r: 0.4546, Neurons model > LOO: 38/63
2026-03-05 18:42:19,034 - INFO - LOO (temporal) — Model mean r: 0.2117, LOO mean r: 0.3186, Neurons model > LOO: 7/63
2026-03-05 18:42:19,034 - INFO - Skipping oracle trial plots (skip_oracle_plots=True)
2026-03-05 18:42:19,040 - INFO - Experiment complete. Summary: {
  "run_dir": "/scratch/sb272/patterns5k_results/slurm_hist_cnn_2026-03-05_16-01-45/trial_0157_learning_rate=1.0e-04_history=1_kernel_sizes=3x3x3_conv_channels=32x64x128_fc_dims=256_seed1",
  "model_type": "cnn",
  "batch_avg_test_loss": 0.15703004038333893,
  "batch_avg_test_corr": 0.20467019852839732,
  "all_test_fve": 0.04905101798829578,
  "AR_FVE": -0.0071862491350325325,
  "AR_test_correlation": 0.060778554528951645,
  "best_val_corr": 0.21072896387611958,
  "total_params": 90687,
  "trainable_params": 90687,
  "epochs_trained": 50,
  "mean_pattern_corr": 0.6099009915590872,
  "history": 1,
  "init_state": true,
  "loo_avg_mean_corr": 0.45456832695830385,
  "model_avg_mean_corr": 0.4992874545528771,
  "neurons_model_beats_loo_avg": 38,
  "loo_temporal_mean_corr": 0.31855225563049316,
  "all_test_corr": 0.21174120903015137,
  "neurons_model_beats_loo_temporal": 7,
  "kernel_sizes": [
    3,
    3,
    3
  ],
  "conv_channels": [
    32,
    64,
    128
  ],
  "fc_dims": [
    256
  ]
}
