2026-03-05 23:27:37,933 - INFO - ============================================================
2026-03-05 23:27:37,934 - INFO - Experiment run directory: /scratch/sb272/patterns5k_results/slurm_hist_cnn_2026-03-05_16-01-45/trial_0398_learning_rate=5.0e-04_history=2_kernel_sizes=5x3x3_conv_channels=64x128x256_fc_dims=256_seed1
2026-03-05 23:27:37,934 - INFO - ============================================================
2026-03-05 23:27:37,934 - INFO - Loading data …
2026-03-05 23:27:39,901 - INFO - 63 unique neurons after dropping problematic neurons
2026-03-05 23:27:40,964 - INFO - Stimulation channels: 42, Spiking neurons: 63
2026-03-05 23:29:14,399 - INFO - Unique patterns: 4050, Total trials: 5000
2026-03-05 23:29:14,401 - INFO - Stimulation channels: 42, Spiking neurons: 63
2026-03-05 23:29:14,401 - INFO - Unique patterns: 4050, Total trials: 5000
2026-03-05 23:29:14,418 - INFO - Split (oracle): train=3400, val=600, test=1000
2026-03-05 23:29:30,642 - INFO - BinnedStimSpikeDataset initialized:
2026-03-05 23:29:30,642 - INFO -   input_bin_size_ms=10, output_bin_size_ms=10
2026-03-05 23:29:30,642 - INFO -   n_input_bins=60, n_output_bins=60
2026-03-05 23:29:30,642 - INFO -   output_offset=0, total_bins_input=60, total_bins_output=60
2026-03-05 23:29:30,642 - INFO -   Valid start positions per trial: 0 to 0
2026-03-05 23:29:30,642 - INFO -   Total samples: 3400 (3400 trials × 1 positions)
2026-03-05 23:29:45,753 - INFO - BinnedStimSpikeDataset initialized:
2026-03-05 23:29:45,753 - INFO -   input_bin_size_ms=10, output_bin_size_ms=10
2026-03-05 23:29:45,753 - INFO -   n_input_bins=60, n_output_bins=60
2026-03-05 23:29:45,753 - INFO -   output_offset=0, total_bins_input=60, total_bins_output=60
2026-03-05 23:29:45,753 - INFO -   Valid start positions per trial: 0 to 0
2026-03-05 23:29:45,753 - INFO -   Total samples: 600 (600 trials × 1 positions)
2026-03-05 23:30:01,057 - INFO - BinnedStimSpikeDataset initialized:
2026-03-05 23:30:01,057 - INFO -   input_bin_size_ms=10, output_bin_size_ms=10
2026-03-05 23:30:01,057 - INFO -   n_input_bins=60, n_output_bins=60
2026-03-05 23:30:01,057 - INFO -   output_offset=0, total_bins_input=60, total_bins_output=60
2026-03-05 23:30:01,057 - INFO -   Valid start positions per trial: 0 to 0
2026-03-05 23:30:01,057 - INFO -   Total samples: 1000 (1000 trials × 1 positions)
2026-03-05 23:30:01,058 - INFO - Samples — train: 3400, val: 600, test: 1000
2026-03-05 23:30:01,058 - INFO - Input channels: 105, Neurons: 63
2026-03-05 23:30:01,058 - INFO - Using CPU
2026-03-05 23:30:01,076 - INFO - Model: CNN — 239,807 trainable params (239,807 total)
2026-03-05 23:30:04,288 - INFO - Starting training …
2026-03-05 23:30:11,630 - INFO - Epoch   1/50 | Train: 0.226735 | Val: 0.178420 | Corr: 0.135788 | LR: 5.00e-04
2026-03-05 23:30:11,643 - INFO -   ↳ Saved best model (val_corr=0.135788)
2026-03-05 23:30:18,412 - INFO - Epoch   2/50 | Train: 0.176943 | Val: 0.173889 | Corr: 0.158609 | LR: 5.00e-04
2026-03-05 23:30:18,425 - INFO -   ↳ Saved best model (val_corr=0.158609)
2026-03-05 23:30:24,750 - INFO - Epoch   3/50 | Train: 0.173725 | Val: 0.170853 | Corr: 0.172596 | LR: 5.00e-04
2026-03-05 23:30:24,763 - INFO -   ↳ Saved best model (val_corr=0.172596)
2026-03-05 23:30:29,745 - INFO - Epoch   4/50 | Train: 0.171782 | Val: 0.170113 | Corr: 0.182321 | LR: 5.00e-04
2026-03-05 23:30:29,756 - INFO -   ↳ Saved best model (val_corr=0.182321)
2026-03-05 23:30:34,801 - INFO - Epoch   5/50 | Train: 0.170587 | Val: 0.168865 | Corr: 0.188816 | LR: 5.00e-04
2026-03-05 23:30:34,812 - INFO -   ↳ Saved best model (val_corr=0.188816)
2026-03-05 23:30:40,554 - INFO - Epoch   6/50 | Train: 0.169362 | Val: 0.167932 | Corr: 0.193767 | LR: 5.00e-04
2026-03-05 23:30:40,566 - INFO -   ↳ Saved best model (val_corr=0.193767)
2026-03-05 23:30:46,297 - INFO - Epoch   7/50 | Train: 0.168473 | Val: 0.167125 | Corr: 0.200871 | LR: 5.00e-04
2026-03-05 23:30:46,310 - INFO -   ↳ Saved best model (val_corr=0.200871)
2026-03-05 23:30:52,205 - INFO - Epoch   8/50 | Train: 0.167727 | Val: 0.166236 | Corr: 0.205391 | LR: 5.00e-04
2026-03-05 23:30:52,219 - INFO -   ↳ Saved best model (val_corr=0.205391)
2026-03-05 23:30:58,389 - INFO - Epoch   9/50 | Train: 0.166971 | Val: 0.165876 | Corr: 0.210839 | LR: 5.00e-04
2026-03-05 23:30:58,401 - INFO -   ↳ Saved best model (val_corr=0.210839)
2026-03-05 23:31:03,900 - INFO - Epoch  10/50 | Train: 0.166346 | Val: 0.165264 | Corr: 0.214418 | LR: 5.00e-04
2026-03-05 23:31:03,912 - INFO -   ↳ Saved best model (val_corr=0.214418)
2026-03-05 23:31:09,851 - INFO - Epoch  11/50 | Train: 0.165752 | Val: 0.164811 | Corr: 0.218629 | LR: 5.00e-04
2026-03-05 23:31:09,863 - INFO -   ↳ Saved best model (val_corr=0.218629)
2026-03-05 23:31:16,235 - INFO - Epoch  12/50 | Train: 0.165420 | Val: 0.164225 | Corr: 0.222263 | LR: 5.00e-04
2026-03-05 23:31:16,252 - INFO -   ↳ Saved best model (val_corr=0.222263)
2026-03-05 23:31:22,609 - INFO - Epoch  13/50 | Train: 0.164827 | Val: 0.163923 | Corr: 0.226138 | LR: 5.00e-04
2026-03-05 23:31:22,624 - INFO -   ↳ Saved best model (val_corr=0.226138)
2026-03-05 23:31:29,058 - INFO - Epoch  14/50 | Train: 0.164491 | Val: 0.164074 | Corr: 0.228147 | LR: 5.00e-04
2026-03-05 23:31:29,071 - INFO -   ↳ Saved best model (val_corr=0.228147)
2026-03-05 23:31:33,838 - INFO - Epoch  15/50 | Train: 0.164100 | Val: 0.163192 | Corr: 0.230816 | LR: 5.00e-04
2026-03-05 23:31:33,850 - INFO -   ↳ Saved best model (val_corr=0.230816)
2026-03-05 23:31:38,835 - INFO - Epoch  16/50 | Train: 0.163837 | Val: 0.163622 | Corr: 0.231983 | LR: 5.00e-04
2026-03-05 23:31:38,846 - INFO -   ↳ Saved best model (val_corr=0.231983)
2026-03-05 23:31:44,074 - INFO - Epoch  17/50 | Train: 0.163511 | Val: 0.163263 | Corr: 0.235236 | LR: 5.00e-04
2026-03-05 23:31:44,085 - INFO -   ↳ Saved best model (val_corr=0.235236)
2026-03-05 23:31:49,400 - INFO - Epoch  18/50 | Train: 0.163270 | Val: 0.162852 | Corr: 0.235884 | LR: 5.00e-04
2026-03-05 23:31:49,413 - INFO -   ↳ Saved best model (val_corr=0.235884)
2026-03-05 23:31:54,781 - INFO - Epoch  19/50 | Train: 0.163041 | Val: 0.162322 | Corr: 0.237437 | LR: 5.00e-04
2026-03-05 23:31:54,794 - INFO -   ↳ Saved best model (val_corr=0.237437)
2026-03-05 23:32:00,018 - INFO - Epoch  20/50 | Train: 0.162845 | Val: 0.162416 | Corr: 0.238627 | LR: 5.00e-04
2026-03-05 23:32:00,029 - INFO -   ↳ Saved best model (val_corr=0.238627)
2026-03-05 23:32:05,520 - INFO - Epoch  21/50 | Train: 0.162515 | Val: 0.162994 | Corr: 0.239742 | LR: 5.00e-04
2026-03-05 23:32:05,535 - INFO -   ↳ Saved best model (val_corr=0.239742)
2026-03-05 23:32:11,553 - INFO - Epoch  22/50 | Train: 0.162378 | Val: 0.162964 | Corr: 0.241376 | LR: 5.00e-04
2026-03-05 23:32:11,563 - INFO -   ↳ Saved best model (val_corr=0.241376)
2026-03-05 23:32:17,846 - INFO - Epoch  23/50 | Train: 0.162166 | Val: 0.162942 | Corr: 0.239036 | LR: 5.00e-04
2026-03-05 23:32:24,348 - INFO - Epoch  24/50 | Train: 0.161951 | Val: 0.162155 | Corr: 0.244213 | LR: 5.00e-04
2026-03-05 23:32:24,361 - INFO -   ↳ Saved best model (val_corr=0.244213)
2026-03-05 23:32:30,669 - INFO - Epoch  25/50 | Train: 0.161699 | Val: 0.161601 | Corr: 0.244241 | LR: 5.00e-04
2026-03-05 23:32:30,681 - INFO -   ↳ Saved best model (val_corr=0.244241)
2026-03-05 23:32:35,780 - INFO - Epoch  26/50 | Train: 0.161664 | Val: 0.161763 | Corr: 0.245737 | LR: 5.00e-04
2026-03-05 23:32:35,792 - INFO -   ↳ Saved best model (val_corr=0.245737)
2026-03-05 23:32:40,693 - INFO - Epoch  27/50 | Train: 0.161478 | Val: 0.161427 | Corr: 0.246017 | LR: 5.00e-04
2026-03-05 23:32:40,706 - INFO -   ↳ Saved best model (val_corr=0.246017)
2026-03-05 23:32:46,688 - INFO - Epoch  28/50 | Train: 0.161311 | Val: 0.161528 | Corr: 0.246779 | LR: 5.00e-04
2026-03-05 23:32:46,700 - INFO -   ↳ Saved best model (val_corr=0.246779)
2026-03-05 23:32:52,839 - INFO - Epoch  29/50 | Train: 0.161210 | Val: 0.161422 | Corr: 0.247231 | LR: 5.00e-04
2026-03-05 23:32:52,851 - INFO -   ↳ Saved best model (val_corr=0.247231)
2026-03-05 23:32:58,423 - INFO - Epoch  30/50 | Train: 0.161101 | Val: 0.160991 | Corr: 0.249358 | LR: 5.00e-04
2026-03-05 23:32:58,435 - INFO -   ↳ Saved best model (val_corr=0.249358)
2026-03-05 23:33:04,330 - INFO - Epoch  31/50 | Train: 0.160904 | Val: 0.161226 | Corr: 0.248586 | LR: 5.00e-04
2026-03-05 23:33:10,321 - INFO - Epoch  32/50 | Train: 0.160739 | Val: 0.160904 | Corr: 0.250373 | LR: 5.00e-04
2026-03-05 23:33:10,334 - INFO -   ↳ Saved best model (val_corr=0.250373)
2026-03-05 23:33:16,321 - INFO - Epoch  33/50 | Train: 0.160609 | Val: 0.160764 | Corr: 0.251456 | LR: 5.00e-04
2026-03-05 23:33:16,334 - INFO -   ↳ Saved best model (val_corr=0.251456)
2026-03-05 23:33:22,628 - INFO - Epoch  34/50 | Train: 0.160493 | Val: 0.160935 | Corr: 0.251365 | LR: 5.00e-04
2026-03-05 23:33:29,572 - INFO - Epoch  35/50 | Train: 0.160404 | Val: 0.160913 | Corr: 0.250907 | LR: 5.00e-04
2026-03-05 23:33:34,381 - INFO - Epoch  36/50 | Train: 0.160318 | Val: 0.160739 | Corr: 0.252759 | LR: 5.00e-04
2026-03-05 23:33:34,394 - INFO -   ↳ Saved best model (val_corr=0.252759)
2026-03-05 23:33:39,283 - INFO - Epoch  37/50 | Train: 0.160172 | Val: 0.160710 | Corr: 0.252409 | LR: 5.00e-04
2026-03-05 23:33:44,723 - INFO - Epoch  38/50 | Train: 0.160175 | Val: 0.160652 | Corr: 0.253749 | LR: 5.00e-04
2026-03-05 23:33:44,740 - INFO -   ↳ Saved best model (val_corr=0.253749)
2026-03-05 23:33:50,081 - INFO - Epoch  39/50 | Train: 0.160004 | Val: 0.160574 | Corr: 0.253938 | LR: 5.00e-04
2026-03-05 23:33:50,091 - INFO -   ↳ Saved best model (val_corr=0.253938)
2026-03-05 23:33:55,339 - INFO - Epoch  40/50 | Train: 0.159881 | Val: 0.160413 | Corr: 0.254527 | LR: 5.00e-04
2026-03-05 23:33:55,352 - INFO -   ↳ Saved best model (val_corr=0.254527)
2026-03-05 23:34:00,483 - INFO - Epoch  41/50 | Train: 0.159881 | Val: 0.160494 | Corr: 0.254826 | LR: 5.00e-04
2026-03-05 23:34:00,494 - INFO -   ↳ Saved best model (val_corr=0.254826)
2026-03-05 23:34:05,801 - INFO - Epoch  42/50 | Train: 0.159710 | Val: 0.160341 | Corr: 0.256024 | LR: 5.00e-04
2026-03-05 23:34:05,814 - INFO -   ↳ Saved best model (val_corr=0.256024)
2026-03-05 23:34:12,113 - INFO - Epoch  43/50 | Train: 0.159786 | Val: 0.160499 | Corr: 0.254824 | LR: 5.00e-04
2026-03-05 23:34:18,497 - INFO - Epoch  44/50 | Train: 0.159674 | Val: 0.160232 | Corr: 0.255780 | LR: 5.00e-04
2026-03-05 23:34:24,597 - INFO - Epoch  45/50 | Train: 0.159450 | Val: 0.160038 | Corr: 0.257497 | LR: 5.00e-04
2026-03-05 23:34:24,609 - INFO -   ↳ Saved best model (val_corr=0.257497)
2026-03-05 23:34:29,547 - INFO - Epoch  46/50 | Train: 0.159408 | Val: 0.160101 | Corr: 0.257309 | LR: 5.00e-04
2026-03-05 23:34:34,866 - INFO - Epoch  47/50 | Train: 0.159397 | Val: 0.160560 | Corr: 0.255411 | LR: 5.00e-04
2026-03-05 23:34:40,770 - INFO - Epoch  48/50 | Train: 0.159308 | Val: 0.160179 | Corr: 0.257748 | LR: 5.00e-04
2026-03-05 23:34:40,783 - INFO -   ↳ Saved best model (val_corr=0.257748)
2026-03-05 23:34:46,723 - INFO - Epoch  49/50 | Train: 0.159167 | Val: 0.159977 | Corr: 0.258427 | LR: 5.00e-04
2026-03-05 23:34:46,738 - INFO -   ↳ Saved best model (val_corr=0.258427)
2026-03-05 23:34:52,410 - INFO - Epoch  50/50 | Train: 0.159229 | Val: 0.160174 | Corr: 0.257959 | LR: 5.00e-04
2026-03-05 23:34:52,410 - INFO - Training complete — best val corr: 0.258427
2026-03-05 23:34:53,845 - INFO - Test loss: 0.151894, Test corr: 0.246930
2026-03-05 23:34:54,315 - INFO - Fraction of variance explained (FVE): 0.075559
2026-03-05 23:34:54,316 - INFO - Computing autoregressive (AR) test predictions …
2026-03-05 23:34:54,927 - INFO - AR FVE: -0.011735, AR test corr: 0.067152
2026-03-05 23:34:54,927 - INFO - Generating figures …
2026-03-05 23:34:55,364 - INFO - Correlation between predicted and actual per-neuron averages: r=0.9946, p=0.00e+00
2026-03-05 23:34:57,219 - INFO - Pattern selectivity summary:
2026-03-05 23:34:57,219 - INFO -   Mean correlation across neurons: 0.7135
2026-03-05 23:34:57,219 - INFO -   Median correlation: 0.7395
2026-03-05 23:34:57,219 - INFO -   Neurons with r > 0.5: 57 / 63
2026-03-05 23:34:57,219 - INFO -   Neurons with r > 0.3: 62 / 63
2026-03-05 23:34:57,219 - INFO - Pattern selectivity — mean neuron corr: 0.7135
2026-03-05 23:34:58,740 - INFO - LOO (avg rate) — Model mean r: 0.5812, LOO mean r: 0.4546, Neurons model > LOO: 50/63
2026-03-05 23:35:01,047 - INFO - LOO (temporal) — Model mean r: 0.2576, LOO mean r: 0.3186, Neurons model > LOO: 11/63
2026-03-05 23:35:01,048 - INFO - Skipping oracle trial plots (skip_oracle_plots=True)
2026-03-05 23:35:01,054 - INFO - Experiment complete. Summary: {
  "run_dir": "/scratch/sb272/patterns5k_results/slurm_hist_cnn_2026-03-05_16-01-45/trial_0398_learning_rate=5.0e-04_history=2_kernel_sizes=5x3x3_conv_channels=64x128x256_fc_dims=256_seed1",
  "model_type": "cnn",
  "batch_avg_test_loss": 0.15189448535442351,
  "batch_avg_test_corr": 0.24693002649420617,
  "all_test_fve": 0.07555884028237964,
  "AR_FVE": -0.011734619973197816,
  "AR_test_correlation": 0.06715159118175507,
  "best_val_corr": 0.2584267699500973,
  "total_params": 239807,
  "trainable_params": 239807,
  "epochs_trained": 50,
  "mean_pattern_corr": 0.7134834877749652,
  "history": 2,
  "init_state": true,
  "loo_avg_mean_corr": 0.45456832695830385,
  "model_avg_mean_corr": 0.5811538305354812,
  "neurons_model_beats_loo_avg": 50,
  "loo_temporal_mean_corr": 0.31855225563049316,
  "all_test_corr": 0.25755825638771057,
  "neurons_model_beats_loo_temporal": 11,
  "kernel_sizes": [
    5,
    3,
    3
  ],
  "conv_channels": [
    64,
    128,
    256
  ],
  "fc_dims": [
    256
  ]
}
