2026-03-04 22:00:40,809 - INFO - ============================================================
2026-03-04 22:00:40,810 - INFO - Experiment run directory: /scratch/sb272/patterns5k_results/slurm_base_cnn_2026-03-04_16-53-19/trial_0107_learning_rate=5.0e-04_kernel_sizes=3x3_conv_channels=64x128_fc_dims=512_seed1
2026-03-04 22:00:40,810 - INFO - ============================================================
2026-03-04 22:00:40,810 - INFO - Loading data …
2026-03-04 22:00:41,804 - INFO - 63 unique neurons after dropping problematic neurons
2026-03-04 22:00:43,222 - INFO - Stimulation channels: 42, Spiking neurons: 63
2026-03-04 22:02:50,807 - INFO - Unique patterns: 4050, Total trials: 5000
2026-03-04 22:02:50,809 - INFO - Stimulation channels: 42, Spiking neurons: 63
2026-03-04 22:02:50,809 - INFO - Unique patterns: 4050, Total trials: 5000
2026-03-04 22:02:50,828 - INFO - Split (oracle): train=3400, val=600, test=1000
2026-03-04 22:03:16,572 - INFO - BinnedStimSpikeDataset initialized:
2026-03-04 22:03:16,573 - INFO -   input_bin_size_ms=10, output_bin_size_ms=10
2026-03-04 22:03:16,573 - INFO -   n_input_bins=60, n_output_bins=60
2026-03-04 22:03:16,573 - INFO -   output_offset=0, total_bins_input=60, total_bins_output=60
2026-03-04 22:03:16,573 - INFO -   Valid start positions per trial: 0 to 0
2026-03-04 22:03:16,573 - INFO -   Total samples: 3400 (3400 trials × 1 positions)
2026-03-04 22:03:41,905 - INFO - BinnedStimSpikeDataset initialized:
2026-03-04 22:03:41,905 - INFO -   input_bin_size_ms=10, output_bin_size_ms=10
2026-03-04 22:03:41,905 - INFO -   n_input_bins=60, n_output_bins=60
2026-03-04 22:03:41,905 - INFO -   output_offset=0, total_bins_input=60, total_bins_output=60
2026-03-04 22:03:41,905 - INFO -   Valid start positions per trial: 0 to 0
2026-03-04 22:03:41,905 - INFO -   Total samples: 600 (600 trials × 1 positions)
2026-03-04 22:04:06,642 - INFO - BinnedStimSpikeDataset initialized:
2026-03-04 22:04:06,642 - INFO -   input_bin_size_ms=10, output_bin_size_ms=10
2026-03-04 22:04:06,642 - INFO -   n_input_bins=60, n_output_bins=60
2026-03-04 22:04:06,642 - INFO -   output_offset=0, total_bins_input=60, total_bins_output=60
2026-03-04 22:04:06,643 - INFO -   Valid start positions per trial: 0 to 0
2026-03-04 22:04:06,643 - INFO -   Total samples: 1000 (1000 trials × 1 positions)
2026-03-04 22:04:06,644 - INFO - Samples — train: 3400, val: 600, test: 1000
2026-03-04 22:04:06,644 - INFO - Input channels: 42, Neurons: 63
2026-03-04 22:04:06,665 - INFO - Using CPU
2026-03-04 22:04:06,683 - INFO - Model: CNN — 131,583 trainable params (131,583 total)
2026-03-04 22:04:12,336 - INFO - Starting training …
2026-03-04 22:04:17,732 - INFO - Epoch   1/50 | Train: 0.230878 | Val: 0.193943 | Corr: 0.068247 | LR: 5.00e-04
2026-03-04 22:04:17,748 - INFO -   ↳ Saved best model (val_corr=0.068247)
2026-03-04 22:04:21,973 - INFO - Epoch   2/50 | Train: 0.184950 | Val: 0.187588 | Corr: 0.078490 | LR: 5.00e-04
2026-03-04 22:04:21,989 - INFO -   ↳ Saved best model (val_corr=0.078490)
2026-03-04 22:04:27,691 - INFO - Epoch   3/50 | Train: 0.183231 | Val: 0.186867 | Corr: 0.087171 | LR: 5.00e-04
2026-03-04 22:04:27,712 - INFO -   ↳ Saved best model (val_corr=0.087171)
2026-03-04 22:04:33,613 - INFO - Epoch   4/50 | Train: 0.182265 | Val: 0.187541 | Corr: 0.092426 | LR: 5.00e-04
2026-03-04 22:04:33,625 - INFO -   ↳ Saved best model (val_corr=0.092426)
2026-03-04 22:04:39,522 - INFO - Epoch   5/50 | Train: 0.181367 | Val: 0.184336 | Corr: 0.098454 | LR: 5.00e-04
2026-03-04 22:04:39,541 - INFO -   ↳ Saved best model (val_corr=0.098454)
2026-03-04 22:04:45,413 - INFO - Epoch   6/50 | Train: 0.180695 | Val: 0.182225 | Corr: 0.101909 | LR: 5.00e-04
2026-03-04 22:04:45,426 - INFO -   ↳ Saved best model (val_corr=0.101909)
2026-03-04 22:04:51,378 - INFO - Epoch   7/50 | Train: 0.180169 | Val: 0.184344 | Corr: 0.108269 | LR: 5.00e-04
2026-03-04 22:04:51,410 - INFO -   ↳ Saved best model (val_corr=0.108269)
2026-03-04 22:04:55,673 - INFO - Epoch   8/50 | Train: 0.179533 | Val: 0.184790 | Corr: 0.109913 | LR: 5.00e-04
2026-03-04 22:04:55,693 - INFO -   ↳ Saved best model (val_corr=0.109913)
2026-03-04 22:04:59,718 - INFO - Epoch   9/50 | Train: 0.179297 | Val: 0.181339 | Corr: 0.114527 | LR: 5.00e-04
2026-03-04 22:04:59,728 - INFO -   ↳ Saved best model (val_corr=0.114527)
2026-03-04 22:05:03,684 - INFO - Epoch  10/50 | Train: 0.178825 | Val: 0.180192 | Corr: 0.116911 | LR: 5.00e-04
2026-03-04 22:05:03,695 - INFO -   ↳ Saved best model (val_corr=0.116911)
2026-03-04 22:05:07,628 - INFO - Epoch  11/50 | Train: 0.178458 | Val: 0.182879 | Corr: 0.120794 | LR: 5.00e-04
2026-03-04 22:05:07,641 - INFO -   ↳ Saved best model (val_corr=0.120794)
2026-03-04 22:05:11,592 - INFO - Epoch  12/50 | Train: 0.178224 | Val: 0.181057 | Corr: 0.121334 | LR: 5.00e-04
2026-03-04 22:05:11,623 - INFO -   ↳ Saved best model (val_corr=0.121334)
2026-03-04 22:05:15,538 - INFO - Epoch  13/50 | Train: 0.177913 | Val: 0.179658 | Corr: 0.124395 | LR: 5.00e-04
2026-03-04 22:05:15,551 - INFO -   ↳ Saved best model (val_corr=0.124395)
2026-03-04 22:05:19,495 - INFO - Epoch  14/50 | Train: 0.177741 | Val: 0.181013 | Corr: 0.126932 | LR: 5.00e-04
2026-03-04 22:05:19,511 - INFO -   ↳ Saved best model (val_corr=0.126932)
2026-03-04 22:05:23,459 - INFO - Epoch  15/50 | Train: 0.177419 | Val: 0.179534 | Corr: 0.127256 | LR: 5.00e-04
2026-03-04 22:05:23,475 - INFO -   ↳ Saved best model (val_corr=0.127256)
2026-03-04 22:05:27,392 - INFO - Epoch  16/50 | Train: 0.177360 | Val: 0.181912 | Corr: 0.129923 | LR: 5.00e-04
2026-03-04 22:05:27,404 - INFO -   ↳ Saved best model (val_corr=0.129923)
2026-03-04 22:05:31,331 - INFO - Epoch  17/50 | Train: 0.177235 | Val: 0.179480 | Corr: 0.130916 | LR: 5.00e-04
2026-03-04 22:05:31,344 - INFO -   ↳ Saved best model (val_corr=0.130916)
2026-03-04 22:05:35,240 - INFO - Epoch  18/50 | Train: 0.177128 | Val: 0.180995 | Corr: 0.131937 | LR: 5.00e-04
2026-03-04 22:05:35,250 - INFO -   ↳ Saved best model (val_corr=0.131937)
2026-03-04 22:05:39,188 - INFO - Epoch  19/50 | Train: 0.176889 | Val: 0.180235 | Corr: 0.132628 | LR: 5.00e-04
2026-03-04 22:05:39,197 - INFO -   ↳ Saved best model (val_corr=0.132628)
2026-03-04 22:05:43,093 - INFO - Epoch  20/50 | Train: 0.176726 | Val: 0.178036 | Corr: 0.132718 | LR: 5.00e-04
2026-03-04 22:05:43,101 - INFO -   ↳ Saved best model (val_corr=0.132718)
2026-03-04 22:05:47,038 - INFO - Epoch  21/50 | Train: 0.176678 | Val: 0.177948 | Corr: 0.134798 | LR: 5.00e-04
2026-03-04 22:05:47,049 - INFO -   ↳ Saved best model (val_corr=0.134798)
2026-03-04 22:05:50,987 - INFO - Epoch  22/50 | Train: 0.176630 | Val: 0.178761 | Corr: 0.135257 | LR: 5.00e-04
2026-03-04 22:05:50,997 - INFO -   ↳ Saved best model (val_corr=0.135257)
2026-03-04 22:05:54,984 - INFO - Epoch  23/50 | Train: 0.176513 | Val: 0.178366 | Corr: 0.135072 | LR: 5.00e-04
2026-03-04 22:05:58,923 - INFO - Epoch  24/50 | Train: 0.176399 | Val: 0.179069 | Corr: 0.136249 | LR: 5.00e-04
2026-03-04 22:05:58,933 - INFO -   ↳ Saved best model (val_corr=0.136249)
2026-03-04 22:06:02,889 - INFO - Epoch  25/50 | Train: 0.176302 | Val: 0.179046 | Corr: 0.136578 | LR: 5.00e-04
2026-03-04 22:06:02,921 - INFO -   ↳ Saved best model (val_corr=0.136578)
2026-03-04 22:06:06,904 - INFO - Epoch  26/50 | Train: 0.176201 | Val: 0.178598 | Corr: 0.137113 | LR: 5.00e-04
2026-03-04 22:06:06,915 - INFO -   ↳ Saved best model (val_corr=0.137113)
2026-03-04 22:06:10,945 - INFO - Epoch  27/50 | Train: 0.176170 | Val: 0.179981 | Corr: 0.137907 | LR: 2.50e-04
2026-03-04 22:06:10,972 - INFO -   ↳ Saved best model (val_corr=0.137907)
2026-03-04 22:06:14,959 - INFO - Epoch  28/50 | Train: 0.175797 | Val: 0.178371 | Corr: 0.137717 | LR: 2.50e-04
2026-03-04 22:06:18,906 - INFO - Epoch  29/50 | Train: 0.175701 | Val: 0.178647 | Corr: 0.138924 | LR: 2.50e-04
2026-03-04 22:06:18,919 - INFO -   ↳ Saved best model (val_corr=0.138924)
2026-03-04 22:06:22,862 - INFO - Epoch  30/50 | Train: 0.175686 | Val: 0.178263 | Corr: 0.139041 | LR: 2.50e-04
2026-03-04 22:06:22,878 - INFO -   ↳ Saved best model (val_corr=0.139041)
2026-03-04 22:06:26,862 - INFO - Epoch  31/50 | Train: 0.175554 | Val: 0.178247 | Corr: 0.138928 | LR: 2.50e-04
2026-03-04 22:06:30,840 - INFO - Epoch  32/50 | Train: 0.175531 | Val: 0.178064 | Corr: 0.138173 | LR: 2.50e-04
2026-03-04 22:06:34,755 - INFO - Epoch  33/50 | Train: 0.175531 | Val: 0.177964 | Corr: 0.139079 | LR: 1.25e-04
2026-03-04 22:06:34,764 - INFO -   ↳ Saved best model (val_corr=0.139079)
2026-03-04 22:06:38,706 - INFO - Epoch  34/50 | Train: 0.175316 | Val: 0.177757 | Corr: 0.139545 | LR: 1.25e-04
2026-03-04 22:06:38,717 - INFO -   ↳ Saved best model (val_corr=0.139545)
2026-03-04 22:06:42,719 - INFO - Epoch  35/50 | Train: 0.175284 | Val: 0.178085 | Corr: 0.139493 | LR: 1.25e-04
2026-03-04 22:06:46,668 - INFO - Epoch  36/50 | Train: 0.175323 | Val: 0.178141 | Corr: 0.139655 | LR: 1.25e-04
2026-03-04 22:06:46,693 - INFO -   ↳ Saved best model (val_corr=0.139655)
2026-03-04 22:06:50,643 - INFO - Epoch  37/50 | Train: 0.175218 | Val: 0.177670 | Corr: 0.139245 | LR: 1.25e-04
2026-03-04 22:06:54,580 - INFO - Epoch  38/50 | Train: 0.175265 | Val: 0.178615 | Corr: 0.139736 | LR: 1.25e-04
2026-03-04 22:06:54,592 - INFO -   ↳ Saved best model (val_corr=0.139736)
2026-03-04 22:06:58,511 - INFO - Epoch  39/50 | Train: 0.175221 | Val: 0.178378 | Corr: 0.139944 | LR: 1.25e-04
2026-03-04 22:06:58,521 - INFO -   ↳ Saved best model (val_corr=0.139944)
2026-03-04 22:07:02,409 - INFO - Epoch  40/50 | Train: 0.175145 | Val: 0.178408 | Corr: 0.139983 | LR: 1.25e-04
2026-03-04 22:07:02,417 - INFO -   ↳ Saved best model (val_corr=0.139983)
2026-03-04 22:07:06,329 - INFO - Epoch  41/50 | Train: 0.175189 | Val: 0.177805 | Corr: 0.139531 | LR: 1.25e-04
2026-03-04 22:07:10,254 - INFO - Epoch  42/50 | Train: 0.175155 | Val: 0.178147 | Corr: 0.139820 | LR: 1.25e-04
2026-03-04 22:07:14,148 - INFO - Epoch  43/50 | Train: 0.175097 | Val: 0.178237 | Corr: 0.139912 | LR: 6.25e-05
2026-03-04 22:07:18,085 - INFO - Epoch  44/50 | Train: 0.175064 | Val: 0.178186 | Corr: 0.140207 | LR: 6.25e-05
2026-03-04 22:07:18,096 - INFO -   ↳ Saved best model (val_corr=0.140207)
2026-03-04 22:07:21,989 - INFO - Epoch  45/50 | Train: 0.174983 | Val: 0.177845 | Corr: 0.140092 | LR: 6.25e-05
2026-03-04 22:07:25,892 - INFO - Epoch  46/50 | Train: 0.174985 | Val: 0.177892 | Corr: 0.140206 | LR: 6.25e-05
2026-03-04 22:07:29,784 - INFO - Epoch  47/50 | Train: 0.174969 | Val: 0.178436 | Corr: 0.140269 | LR: 6.25e-05
2026-03-04 22:07:29,793 - INFO -   ↳ Saved best model (val_corr=0.140269)
2026-03-04 22:07:33,787 - INFO - Epoch  48/50 | Train: 0.174961 | Val: 0.178315 | Corr: 0.140269 | LR: 6.25e-05
2026-03-04 22:07:37,785 - INFO - Epoch  49/50 | Train: 0.174931 | Val: 0.178064 | Corr: 0.140316 | LR: 3.13e-05
2026-03-04 22:07:37,796 - INFO -   ↳ Saved best model (val_corr=0.140316)
2026-03-04 22:07:41,767 - INFO - Epoch  50/50 | Train: 0.174899 | Val: 0.177774 | Corr: 0.140205 | LR: 3.13e-05
2026-03-04 22:07:41,767 - INFO - Training complete — best val corr: 0.140316
2026-03-04 22:07:43,208 - INFO - Test loss: 0.169638, Test corr: 0.134851
2026-03-04 22:07:43,514 - INFO - Fraction of variance explained (FVE): 0.017484
2026-03-04 22:07:43,515 - INFO - Generating figures …
2026-03-04 22:07:44,010 - INFO - Correlation between predicted and actual per-neuron averages: r=0.9955, p=0.00e+00
2026-03-04 22:07:46,048 - INFO - Pattern selectivity summary:
2026-03-04 22:07:46,048 - INFO -   Mean correlation across neurons: 0.5028
2026-03-04 22:07:46,049 - INFO -   Median correlation: 0.5667
2026-03-04 22:07:46,049 - INFO -   Neurons with r > 0.5: 34 / 63
2026-03-04 22:07:46,049 - INFO -   Neurons with r > 0.3: 51 / 63
2026-03-04 22:07:46,049 - INFO - Pattern selectivity — mean neuron corr: 0.5028
2026-03-04 22:07:47,727 - INFO - LOO (avg rate) — Model mean r: 0.2919, LOO mean r: 0.4546, Neurons model > LOO: 1/63
2026-03-04 22:07:49,906 - INFO - LOO (temporal) — Model mean r: 0.1361, LOO mean r: 0.3186, Neurons model > LOO: 0/63
2026-03-04 22:07:49,906 - INFO - Skipping oracle trial plots (skip_oracle_plots=True)
2026-03-04 22:07:49,913 - INFO - Experiment complete. Summary: {
  "run_dir": "/scratch/sb272/patterns5k_results/slurm_base_cnn_2026-03-04_16-53-19/trial_0107_learning_rate=5.0e-04_kernel_sizes=3x3_conv_channels=64x128_fc_dims=512_seed1",
  "model_type": "cnn",
  "batch_avg_test_loss": 0.16963795471191406,
  "batch_avg_test_corr": 0.13485140461608142,
  "all_test_fve": 0.01748443879778423,
  "AR_FVE": NaN,
  "AR_test_correlation": NaN,
  "best_val_corr": 0.14031631743018577,
  "total_params": 131583,
  "trainable_params": 131583,
  "epochs_trained": 50,
  "mean_pattern_corr": 0.5028177129875654,
  "history": 0,
  "init_state": true,
  "loo_avg_mean_corr": 0.45456832695830385,
  "model_avg_mean_corr": 0.29191849869898034,
  "neurons_model_beats_loo_avg": 1,
  "loo_temporal_mean_corr": 0.31855225563049316,
  "all_test_corr": 0.13605812191963196,
  "neurons_model_beats_loo_temporal": 0,
  "kernel_sizes": [
    3,
    3
  ],
  "conv_channels": [
    64,
    128
  ],
  "fc_dims": [
    512
  ]
}
