2026-03-03 21:34:15,605 - INFO - ============================================================
2026-03-03 21:34:15,605 - INFO - Experiment run directory: /scratch/sb272/patterns5k_results/slurm_hist_cnn_2026-03-03_15-13-01/trial_0172_learning_rate=5.0e-04_history=20_kernel_sizes=10x3_conv_channels=256x128_fc_dims=256_seed0
2026-03-03 21:34:15,605 - INFO - ============================================================
2026-03-03 21:34:15,605 - INFO - Loading data …
2026-03-03 21:34:16,448 - INFO - 63 unique neurons after dropping problematic neurons
2026-03-03 21:34:17,278 - INFO - Stimulation channels: 42, Spiking neurons: 63
2026-03-03 21:35:27,477 - INFO - Unique patterns: 4050, Total trials: 5000
2026-03-03 21:35:27,479 - INFO - Stimulation channels: 42, Spiking neurons: 63
2026-03-03 21:35:27,479 - INFO - Unique patterns: 4050, Total trials: 5000
2026-03-03 21:35:27,491 - INFO - Split (oracle): train=3400, val=600, test=1000
2026-03-03 21:35:41,688 - INFO - BinnedStimSpikeDataset initialized:
2026-03-03 21:35:41,689 - INFO -   input_bin_size_ms=10, output_bin_size_ms=10
2026-03-03 21:35:41,689 - INFO -   n_input_bins=60, n_output_bins=60
2026-03-03 21:35:41,689 - INFO -   output_offset=0, total_bins_input=60, total_bins_output=60
2026-03-03 21:35:41,689 - INFO -   Valid start positions per trial: 0 to 0
2026-03-03 21:35:41,689 - INFO -   Total samples: 3400 (3400 trials × 1 positions)
2026-03-03 21:35:55,381 - INFO - BinnedStimSpikeDataset initialized:
2026-03-03 21:35:55,381 - INFO -   input_bin_size_ms=10, output_bin_size_ms=10
2026-03-03 21:35:55,381 - INFO -   n_input_bins=60, n_output_bins=60
2026-03-03 21:35:55,381 - INFO -   output_offset=0, total_bins_input=60, total_bins_output=60
2026-03-03 21:35:55,381 - INFO -   Valid start positions per trial: 0 to 0
2026-03-03 21:35:55,381 - INFO -   Total samples: 600 (600 trials × 1 positions)
2026-03-03 21:36:09,177 - INFO - BinnedStimSpikeDataset initialized:
2026-03-03 21:36:09,177 - INFO -   input_bin_size_ms=10, output_bin_size_ms=10
2026-03-03 21:36:09,177 - INFO -   n_input_bins=60, n_output_bins=60
2026-03-03 21:36:09,177 - INFO -   output_offset=0, total_bins_input=60, total_bins_output=60
2026-03-03 21:36:09,177 - INFO -   Valid start positions per trial: 0 to 0
2026-03-03 21:36:09,177 - INFO -   Total samples: 1000 (1000 trials × 1 positions)
2026-03-03 21:36:09,177 - INFO - Samples — train: 3400, val: 600, test: 1000
2026-03-03 21:36:09,177 - INFO - Input channels: 105, Neurons: 63
2026-03-03 21:36:09,185 - INFO - Using CPU
2026-03-03 21:36:09,202 - INFO - Model: CNN — 417,471 trainable params (417,471 total)
2026-03-03 21:36:14,027 - INFO - Starting training …
2026-03-03 21:36:19,867 - INFO - Epoch   1/50 | Train: 0.247690 | Val: 0.187717 | Corr: 0.066130 | LR: 5.00e-04
2026-03-03 21:36:19,884 - INFO -   ↳ Saved best model (val_corr=0.066130)
2026-03-03 21:36:25,078 - INFO - Epoch   2/50 | Train: 0.183338 | Val: 0.185539 | Corr: 0.079698 | LR: 5.00e-04
2026-03-03 21:36:25,092 - INFO -   ↳ Saved best model (val_corr=0.079698)
2026-03-03 21:36:30,226 - INFO - Epoch   3/50 | Train: 0.180550 | Val: 0.184097 | Corr: 0.085568 | LR: 5.00e-04
2026-03-03 21:36:30,243 - INFO -   ↳ Saved best model (val_corr=0.085568)
2026-03-03 21:36:35,430 - INFO - Epoch   4/50 | Train: 0.178773 | Val: 0.185925 | Corr: 0.094631 | LR: 5.00e-04
2026-03-03 21:36:35,451 - INFO -   ↳ Saved best model (val_corr=0.094631)
2026-03-03 21:36:40,514 - INFO - Epoch   5/50 | Train: 0.177124 | Val: 0.186024 | Corr: 0.098851 | LR: 5.00e-04
2026-03-03 21:36:40,528 - INFO -   ↳ Saved best model (val_corr=0.098851)
2026-03-03 21:36:45,676 - INFO - Epoch   6/50 | Train: 0.175892 | Val: 0.181854 | Corr: 0.104695 | LR: 5.00e-04
2026-03-03 21:36:45,696 - INFO -   ↳ Saved best model (val_corr=0.104695)
2026-03-03 21:36:50,779 - INFO - Epoch   7/50 | Train: 0.174707 | Val: 0.181846 | Corr: 0.106004 | LR: 5.00e-04
2026-03-03 21:36:50,794 - INFO -   ↳ Saved best model (val_corr=0.106004)
2026-03-03 21:36:55,948 - INFO - Epoch   8/50 | Train: 0.173787 | Val: 0.181588 | Corr: 0.109749 | LR: 5.00e-04
2026-03-03 21:36:55,960 - INFO -   ↳ Saved best model (val_corr=0.109749)
2026-03-03 21:37:01,077 - INFO - Epoch   9/50 | Train: 0.172874 | Val: 0.182326 | Corr: 0.111539 | LR: 5.00e-04
2026-03-03 21:37:01,091 - INFO -   ↳ Saved best model (val_corr=0.111539)
2026-03-03 21:37:06,285 - INFO - Epoch  10/50 | Train: 0.171897 | Val: 0.181469 | Corr: 0.113531 | LR: 5.00e-04
2026-03-03 21:37:06,301 - INFO -   ↳ Saved best model (val_corr=0.113531)
2026-03-03 21:37:11,469 - INFO - Epoch  11/50 | Train: 0.171167 | Val: 0.184939 | Corr: 0.115461 | LR: 5.00e-04
2026-03-03 21:37:11,485 - INFO -   ↳ Saved best model (val_corr=0.115461)
2026-03-03 21:37:16,652 - INFO - Epoch  12/50 | Train: 0.170388 | Val: 0.183874 | Corr: 0.118883 | LR: 5.00e-04
2026-03-03 21:37:16,664 - INFO -   ↳ Saved best model (val_corr=0.118883)
2026-03-03 21:37:21,838 - INFO - Epoch  13/50 | Train: 0.169632 | Val: 0.182170 | Corr: 0.117332 | LR: 5.00e-04
2026-03-03 21:37:26,971 - INFO - Epoch  14/50 | Train: 0.168890 | Val: 0.182505 | Corr: 0.118260 | LR: 5.00e-04
2026-03-03 21:37:32,121 - INFO - Epoch  15/50 | Train: 0.168349 | Val: 0.182424 | Corr: 0.119398 | LR: 5.00e-04
2026-03-03 21:37:32,138 - INFO -   ↳ Saved best model (val_corr=0.119398)
2026-03-03 21:37:37,238 - INFO - Epoch  16/50 | Train: 0.167667 | Val: 0.182443 | Corr: 0.120163 | LR: 2.50e-04
2026-03-03 21:37:37,255 - INFO -   ↳ Saved best model (val_corr=0.120163)
2026-03-03 21:37:42,413 - INFO - Epoch  17/50 | Train: 0.165941 | Val: 0.182757 | Corr: 0.121095 | LR: 2.50e-04
2026-03-03 21:37:42,428 - INFO -   ↳ Saved best model (val_corr=0.121095)
2026-03-03 21:37:47,527 - INFO - Epoch  18/50 | Train: 0.165360 | Val: 0.182856 | Corr: 0.121427 | LR: 2.50e-04
2026-03-03 21:37:47,540 - INFO -   ↳ Saved best model (val_corr=0.121427)
2026-03-03 21:37:52,711 - INFO - Epoch  19/50 | Train: 0.164939 | Val: 0.183047 | Corr: 0.121413 | LR: 2.50e-04
2026-03-03 21:37:57,819 - INFO - Epoch  20/50 | Train: 0.164582 | Val: 0.184483 | Corr: 0.121164 | LR: 2.50e-04
2026-03-03 21:38:02,966 - INFO - Epoch  21/50 | Train: 0.164336 | Val: 0.183680 | Corr: 0.120042 | LR: 2.50e-04
2026-03-03 21:38:07,979 - INFO - Epoch  22/50 | Train: 0.163915 | Val: 0.182636 | Corr: 0.121493 | LR: 1.25e-04
2026-03-03 21:38:07,993 - INFO -   ↳ Saved best model (val_corr=0.121493)
2026-03-03 21:38:13,037 - INFO - Epoch  23/50 | Train: 0.163026 | Val: 0.183605 | Corr: 0.121890 | LR: 1.25e-04
2026-03-03 21:38:13,051 - INFO -   ↳ Saved best model (val_corr=0.121890)
2026-03-03 21:38:18,073 - INFO - Epoch  24/50 | Train: 0.162768 | Val: 0.183828 | Corr: 0.121562 | LR: 1.25e-04
2026-03-03 21:38:23,104 - INFO - Epoch  25/50 | Train: 0.162507 | Val: 0.183726 | Corr: 0.121394 | LR: 1.25e-04
2026-03-03 21:38:28,168 - INFO - Epoch  26/50 | Train: 0.162459 | Val: 0.183706 | Corr: 0.120955 | LR: 1.25e-04
2026-03-03 21:38:33,247 - INFO - Epoch  27/50 | Train: 0.162310 | Val: 0.184030 | Corr: 0.122013 | LR: 1.25e-04
2026-03-03 21:38:33,259 - INFO -   ↳ Saved best model (val_corr=0.122013)
2026-03-03 21:38:38,385 - INFO - Epoch  28/50 | Train: 0.162094 | Val: 0.184054 | Corr: 0.120938 | LR: 6.25e-05
2026-03-03 21:38:43,424 - INFO - Epoch  29/50 | Train: 0.161639 | Val: 0.183998 | Corr: 0.120813 | LR: 6.25e-05
2026-03-03 21:38:48,458 - INFO - Epoch  30/50 | Train: 0.161456 | Val: 0.184106 | Corr: 0.121104 | LR: 6.25e-05
2026-03-03 21:38:53,594 - INFO - Epoch  31/50 | Train: 0.161316 | Val: 0.184356 | Corr: 0.121234 | LR: 6.25e-05
2026-03-03 21:38:58,729 - INFO - Epoch  32/50 | Train: 0.161313 | Val: 0.184341 | Corr: 0.120887 | LR: 6.25e-05
2026-03-03 21:39:03,840 - INFO - Epoch  33/50 | Train: 0.161158 | Val: 0.184460 | Corr: 0.120834 | LR: 6.25e-05
2026-03-03 21:39:09,001 - INFO - Epoch  34/50 | Train: 0.161145 | Val: 0.184318 | Corr: 0.120982 | LR: 3.13e-05
2026-03-03 21:39:14,121 - INFO - Epoch  35/50 | Train: 0.160836 | Val: 0.184430 | Corr: 0.121196 | LR: 3.13e-05
2026-03-03 21:39:19,248 - INFO - Epoch  36/50 | Train: 0.160693 | Val: 0.184330 | Corr: 0.120892 | LR: 3.13e-05
2026-03-03 21:39:24,357 - INFO - Epoch  37/50 | Train: 0.160687 | Val: 0.184617 | Corr: 0.120972 | LR: 3.13e-05
2026-03-03 21:39:24,357 - INFO - Early stopping at epoch 37
2026-03-03 21:39:24,357 - INFO - Training complete — best val corr: 0.122013
2026-03-03 21:39:25,550 - INFO - Test loss: 0.172740, Test corr: 0.118488
2026-03-03 21:39:26,036 - INFO - Fraction of variance explained (FVE): 0.000666
2026-03-03 21:39:26,036 - INFO - Computing autoregressive (AR) test predictions …
2026-03-03 21:39:26,620 - INFO - AR FVE: 0.002482, AR test corr: 0.117317
2026-03-03 21:39:26,620 - INFO - Generating figures …
2026-03-03 21:39:26,964 - INFO - Correlation between predicted and actual per-neuron averages: r=0.9946, p=0.00e+00
2026-03-03 21:39:28,511 - INFO - Pattern selectivity summary:
2026-03-03 21:39:28,511 - INFO -   Mean correlation across neurons: 0.4642
2026-03-03 21:39:28,511 - INFO -   Median correlation: 0.4457
2026-03-03 21:39:28,511 - INFO -   Neurons with r > 0.5: 28 / 63
2026-03-03 21:39:28,511 - INFO -   Neurons with r > 0.3: 53 / 63
2026-03-03 21:39:28,511 - INFO - Pattern selectivity — mean neuron corr: 0.4642
2026-03-03 21:39:29,817 - INFO - LOO (avg rate) — Model mean r: 0.3286, LOO mean r: 0.4546, Neurons model > LOO: 9/63
2026-03-03 21:39:31,480 - INFO - LOO (temporal) — Model mean r: 0.1247, LOO mean r: 0.3186, Neurons model > LOO: 1/63
2026-03-03 21:39:31,480 - INFO - Skipping oracle trial plots (skip_oracle_plots=True)
2026-03-03 21:39:31,487 - INFO - Experiment complete. Summary: {
  "run_dir": "/scratch/sb272/patterns5k_results/slurm_hist_cnn_2026-03-03_15-13-01/trial_0172_learning_rate=5.0e-04_history=20_kernel_sizes=10x3_conv_channels=256x128_fc_dims=256_seed0",
  "model_type": "cnn",
  "batch_avg_test_loss": 0.1727398762702942,
  "batch_avg_test_corr": 0.11848813664871302,
  "all_test_fve": 0.0006657961815122574,
  "AR_FVE": 0.0024821777192373124,
  "AR_test_correlation": 0.11731661111116409,
  "best_val_corr": 0.12201329960356448,
  "total_params": 417471,
  "trainable_params": 417471,
  "epochs_trained": 37,
  "mean_pattern_corr": 0.46422211915351885,
  "history": 20,
  "init_state": true,
  "loo_avg_mean_corr": 0.45456832695830385,
  "model_avg_mean_corr": 0.32858430392401633,
  "neurons_model_beats_loo_avg": 9,
  "loo_temporal_mean_corr": 0.31855225563049316,
  "all_test_corr": 0.12466427683830261,
  "neurons_model_beats_loo_temporal": 1,
  "kernel_sizes": [
    10,
    3
  ],
  "conv_channels": [
    256,
    128
  ],
  "fc_dims": [
    256
  ]
}
