2026-03-05 23:14:06,062 - INFO - ============================================================
2026-03-05 23:14:06,062 - INFO - Experiment run directory: /scratch/sb272/patterns5k_results/slurm_hist_cnn_2026-03-05_16-01-45/trial_0397_learning_rate=5.0e-04_history=2_kernel_sizes=3x3x3_conv_channels=32x64x128_fc_dims=256_seed1
2026-03-05 23:14:06,062 - INFO - ============================================================
2026-03-05 23:14:06,062 - INFO - Loading data …
2026-03-05 23:14:07,495 - INFO - 63 unique neurons after dropping problematic neurons
2026-03-05 23:14:08,591 - INFO - Stimulation channels: 42, Spiking neurons: 63
2026-03-05 23:15:43,233 - INFO - Unique patterns: 4050, Total trials: 5000
2026-03-05 23:15:43,235 - INFO - Stimulation channels: 42, Spiking neurons: 63
2026-03-05 23:15:43,235 - INFO - Unique patterns: 4050, Total trials: 5000
2026-03-05 23:15:43,248 - INFO - Split (oracle): train=3400, val=600, test=1000
2026-03-05 23:15:59,034 - INFO - BinnedStimSpikeDataset initialized:
2026-03-05 23:15:59,034 - INFO -   input_bin_size_ms=10, output_bin_size_ms=10
2026-03-05 23:15:59,034 - INFO -   n_input_bins=60, n_output_bins=60
2026-03-05 23:15:59,034 - INFO -   output_offset=0, total_bins_input=60, total_bins_output=60
2026-03-05 23:15:59,034 - INFO -   Valid start positions per trial: 0 to 0
2026-03-05 23:15:59,035 - INFO -   Total samples: 3400 (3400 trials × 1 positions)
2026-03-05 23:16:15,205 - INFO - BinnedStimSpikeDataset initialized:
2026-03-05 23:16:15,205 - INFO -   input_bin_size_ms=10, output_bin_size_ms=10
2026-03-05 23:16:15,205 - INFO -   n_input_bins=60, n_output_bins=60
2026-03-05 23:16:15,205 - INFO -   output_offset=0, total_bins_input=60, total_bins_output=60
2026-03-05 23:16:15,205 - INFO -   Valid start positions per trial: 0 to 0
2026-03-05 23:16:15,205 - INFO -   Total samples: 600 (600 trials × 1 positions)
2026-03-05 23:16:31,792 - INFO - BinnedStimSpikeDataset initialized:
2026-03-05 23:16:31,792 - INFO -   input_bin_size_ms=10, output_bin_size_ms=10
2026-03-05 23:16:31,792 - INFO -   n_input_bins=60, n_output_bins=60
2026-03-05 23:16:31,793 - INFO -   output_offset=0, total_bins_input=60, total_bins_output=60
2026-03-05 23:16:31,793 - INFO -   Valid start positions per trial: 0 to 0
2026-03-05 23:16:31,793 - INFO -   Total samples: 1000 (1000 trials × 1 positions)
2026-03-05 23:16:31,793 - INFO - Samples — train: 3400, val: 600, test: 1000
2026-03-05 23:16:31,793 - INFO - Input channels: 105, Neurons: 63
2026-03-05 23:16:31,797 - INFO - Using CPU
2026-03-05 23:16:31,815 - INFO - Model: CNN — 90,687 trainable params (90,687 total)
2026-03-05 23:16:35,488 - INFO - Starting training …
2026-03-05 23:16:41,091 - INFO - Epoch   1/50 | Train: 0.251602 | Val: 0.180084 | Corr: 0.114242 | LR: 5.00e-04
2026-03-05 23:16:41,107 - INFO -   ↳ Saved best model (val_corr=0.114242)
2026-03-05 23:16:44,393 - INFO - Epoch   2/50 | Train: 0.180491 | Val: 0.175856 | Corr: 0.141349 | LR: 5.00e-04
2026-03-05 23:16:44,404 - INFO -   ↳ Saved best model (val_corr=0.141349)
2026-03-05 23:16:47,606 - INFO - Epoch   3/50 | Train: 0.176994 | Val: 0.173724 | Corr: 0.154810 | LR: 5.00e-04
2026-03-05 23:16:47,614 - INFO -   ↳ Saved best model (val_corr=0.154810)
2026-03-05 23:16:50,958 - INFO - Epoch   4/50 | Train: 0.175114 | Val: 0.172622 | Corr: 0.161988 | LR: 5.00e-04
2026-03-05 23:16:50,965 - INFO -   ↳ Saved best model (val_corr=0.161988)
2026-03-05 23:16:54,461 - INFO - Epoch   5/50 | Train: 0.173797 | Val: 0.171698 | Corr: 0.168908 | LR: 5.00e-04
2026-03-05 23:16:54,475 - INFO -   ↳ Saved best model (val_corr=0.168908)
2026-03-05 23:16:58,101 - INFO - Epoch   6/50 | Train: 0.172808 | Val: 0.171336 | Corr: 0.173995 | LR: 5.00e-04
2026-03-05 23:16:58,109 - INFO -   ↳ Saved best model (val_corr=0.173995)
2026-03-05 23:17:01,058 - INFO - Epoch   7/50 | Train: 0.172134 | Val: 0.169727 | Corr: 0.179777 | LR: 5.00e-04
2026-03-05 23:17:01,065 - INFO -   ↳ Saved best model (val_corr=0.179777)
2026-03-05 23:17:04,955 - INFO - Epoch   8/50 | Train: 0.171482 | Val: 0.169824 | Corr: 0.181044 | LR: 5.00e-04
2026-03-05 23:17:04,962 - INFO -   ↳ Saved best model (val_corr=0.181044)
2026-03-05 23:17:08,482 - INFO - Epoch   9/50 | Train: 0.170901 | Val: 0.169657 | Corr: 0.184286 | LR: 5.00e-04
2026-03-05 23:17:08,493 - INFO -   ↳ Saved best model (val_corr=0.184286)
2026-03-05 23:17:12,318 - INFO - Epoch  10/50 | Train: 0.170312 | Val: 0.168994 | Corr: 0.188472 | LR: 5.00e-04
2026-03-05 23:17:12,329 - INFO -   ↳ Saved best model (val_corr=0.188472)
2026-03-05 23:17:16,170 - INFO - Epoch  11/50 | Train: 0.169882 | Val: 0.168586 | Corr: 0.192708 | LR: 5.00e-04
2026-03-05 23:17:16,179 - INFO -   ↳ Saved best model (val_corr=0.192708)
2026-03-05 23:17:19,466 - INFO - Epoch  12/50 | Train: 0.169492 | Val: 0.167868 | Corr: 0.196268 | LR: 5.00e-04
2026-03-05 23:17:19,475 - INFO -   ↳ Saved best model (val_corr=0.196268)
2026-03-05 23:17:23,006 - INFO - Epoch  13/50 | Train: 0.169092 | Val: 0.167233 | Corr: 0.199201 | LR: 5.00e-04
2026-03-05 23:17:23,016 - INFO -   ↳ Saved best model (val_corr=0.199201)
2026-03-05 23:17:26,449 - INFO - Epoch  14/50 | Train: 0.168734 | Val: 0.166845 | Corr: 0.201709 | LR: 5.00e-04
2026-03-05 23:17:26,457 - INFO -   ↳ Saved best model (val_corr=0.201709)
2026-03-05 23:17:29,798 - INFO - Epoch  15/50 | Train: 0.168294 | Val: 0.166649 | Corr: 0.204718 | LR: 5.00e-04
2026-03-05 23:17:29,808 - INFO -   ↳ Saved best model (val_corr=0.204718)
2026-03-05 23:17:33,313 - INFO - Epoch  16/50 | Train: 0.168101 | Val: 0.166310 | Corr: 0.206468 | LR: 5.00e-04
2026-03-05 23:17:33,323 - INFO -   ↳ Saved best model (val_corr=0.206468)
2026-03-05 23:17:37,021 - INFO - Epoch  17/50 | Train: 0.167725 | Val: 0.166034 | Corr: 0.208846 | LR: 5.00e-04
2026-03-05 23:17:37,028 - INFO -   ↳ Saved best model (val_corr=0.208846)
2026-03-05 23:17:40,560 - INFO - Epoch  18/50 | Train: 0.167399 | Val: 0.166271 | Corr: 0.210553 | LR: 5.00e-04
2026-03-05 23:17:40,568 - INFO -   ↳ Saved best model (val_corr=0.210553)
2026-03-05 23:17:44,105 - INFO - Epoch  19/50 | Train: 0.167261 | Val: 0.165597 | Corr: 0.212771 | LR: 5.00e-04
2026-03-05 23:17:44,116 - INFO -   ↳ Saved best model (val_corr=0.212771)
2026-03-05 23:17:47,558 - INFO - Epoch  20/50 | Train: 0.167173 | Val: 0.165720 | Corr: 0.213990 | LR: 5.00e-04
2026-03-05 23:17:47,565 - INFO -   ↳ Saved best model (val_corr=0.213990)
2026-03-05 23:17:50,972 - INFO - Epoch  21/50 | Train: 0.166937 | Val: 0.165781 | Corr: 0.215333 | LR: 5.00e-04
2026-03-05 23:17:50,980 - INFO -   ↳ Saved best model (val_corr=0.215333)
2026-03-05 23:17:54,399 - INFO - Epoch  22/50 | Train: 0.166621 | Val: 0.165044 | Corr: 0.216715 | LR: 5.00e-04
2026-03-05 23:17:54,406 - INFO -   ↳ Saved best model (val_corr=0.216715)
2026-03-05 23:17:57,917 - INFO - Epoch  23/50 | Train: 0.166447 | Val: 0.165576 | Corr: 0.217812 | LR: 5.00e-04
2026-03-05 23:17:57,925 - INFO -   ↳ Saved best model (val_corr=0.217812)
2026-03-05 23:18:01,814 - INFO - Epoch  24/50 | Train: 0.166272 | Val: 0.165832 | Corr: 0.218130 | LR: 5.00e-04
2026-03-05 23:18:01,823 - INFO -   ↳ Saved best model (val_corr=0.218130)
2026-03-05 23:18:05,654 - INFO - Epoch  25/50 | Train: 0.166114 | Val: 0.164895 | Corr: 0.219235 | LR: 5.00e-04
2026-03-05 23:18:05,663 - INFO -   ↳ Saved best model (val_corr=0.219235)
2026-03-05 23:18:09,477 - INFO - Epoch  26/50 | Train: 0.166009 | Val: 0.164769 | Corr: 0.220768 | LR: 5.00e-04
2026-03-05 23:18:09,487 - INFO -   ↳ Saved best model (val_corr=0.220768)
2026-03-05 23:18:13,222 - INFO - Epoch  27/50 | Train: 0.165964 | Val: 0.164481 | Corr: 0.221539 | LR: 5.00e-04
2026-03-05 23:18:13,230 - INFO -   ↳ Saved best model (val_corr=0.221539)
2026-03-05 23:18:16,985 - INFO - Epoch  28/50 | Train: 0.165828 | Val: 0.164134 | Corr: 0.223221 | LR: 5.00e-04
2026-03-05 23:18:16,994 - INFO -   ↳ Saved best model (val_corr=0.223221)
2026-03-05 23:18:20,706 - INFO - Epoch  29/50 | Train: 0.165758 | Val: 0.164052 | Corr: 0.223971 | LR: 5.00e-04
2026-03-05 23:18:20,715 - INFO -   ↳ Saved best model (val_corr=0.223971)
2026-03-05 23:18:24,497 - INFO - Epoch  30/50 | Train: 0.165579 | Val: 0.164490 | Corr: 0.224221 | LR: 5.00e-04
2026-03-05 23:18:24,504 - INFO -   ↳ Saved best model (val_corr=0.224221)
2026-03-05 23:18:27,808 - INFO - Epoch  31/50 | Train: 0.165504 | Val: 0.163913 | Corr: 0.225023 | LR: 5.00e-04
2026-03-05 23:18:27,817 - INFO -   ↳ Saved best model (val_corr=0.225023)
2026-03-05 23:18:31,675 - INFO - Epoch  32/50 | Train: 0.165394 | Val: 0.163815 | Corr: 0.226107 | LR: 5.00e-04
2026-03-05 23:18:31,684 - INFO -   ↳ Saved best model (val_corr=0.226107)
2026-03-05 23:18:35,017 - INFO - Epoch  33/50 | Train: 0.165280 | Val: 0.163763 | Corr: 0.226420 | LR: 5.00e-04
2026-03-05 23:18:35,025 - INFO -   ↳ Saved best model (val_corr=0.226420)
2026-03-05 23:18:38,847 - INFO - Epoch  34/50 | Train: 0.165333 | Val: 0.163870 | Corr: 0.226277 | LR: 5.00e-04
2026-03-05 23:18:42,614 - INFO - Epoch  35/50 | Train: 0.165161 | Val: 0.163808 | Corr: 0.227248 | LR: 5.00e-04
2026-03-05 23:18:42,623 - INFO -   ↳ Saved best model (val_corr=0.227248)
2026-03-05 23:18:46,603 - INFO - Epoch  36/50 | Train: 0.165172 | Val: 0.163971 | Corr: 0.228791 | LR: 5.00e-04
2026-03-05 23:18:46,613 - INFO -   ↳ Saved best model (val_corr=0.228791)
2026-03-05 23:18:50,303 - INFO - Epoch  37/50 | Train: 0.164949 | Val: 0.163638 | Corr: 0.228956 | LR: 5.00e-04
2026-03-05 23:18:50,312 - INFO -   ↳ Saved best model (val_corr=0.228956)
2026-03-05 23:18:53,884 - INFO - Epoch  38/50 | Train: 0.164877 | Val: 0.163355 | Corr: 0.229869 | LR: 5.00e-04
2026-03-05 23:18:53,894 - INFO -   ↳ Saved best model (val_corr=0.229869)
2026-03-05 23:18:57,811 - INFO - Epoch  39/50 | Train: 0.164876 | Val: 0.163630 | Corr: 0.229966 | LR: 5.00e-04
2026-03-05 23:18:57,822 - INFO -   ↳ Saved best model (val_corr=0.229966)
2026-03-05 23:19:01,359 - INFO - Epoch  40/50 | Train: 0.164853 | Val: 0.163434 | Corr: 0.229691 | LR: 5.00e-04
2026-03-05 23:19:05,275 - INFO - Epoch  41/50 | Train: 0.164789 | Val: 0.163208 | Corr: 0.231951 | LR: 5.00e-04
2026-03-05 23:19:05,283 - INFO -   ↳ Saved best model (val_corr=0.231951)
2026-03-05 23:19:08,562 - INFO - Epoch  42/50 | Train: 0.164679 | Val: 0.163148 | Corr: 0.231599 | LR: 5.00e-04
2026-03-05 23:19:12,312 - INFO - Epoch  43/50 | Train: 0.164676 | Val: 0.163331 | Corr: 0.230666 | LR: 5.00e-04
2026-03-05 23:19:15,945 - INFO - Epoch  44/50 | Train: 0.164562 | Val: 0.163641 | Corr: 0.230371 | LR: 5.00e-04
2026-03-05 23:19:19,284 - INFO - Epoch  45/50 | Train: 0.164497 | Val: 0.163054 | Corr: 0.232760 | LR: 5.00e-04
2026-03-05 23:19:19,293 - INFO -   ↳ Saved best model (val_corr=0.232760)
2026-03-05 23:19:22,552 - INFO - Epoch  46/50 | Train: 0.164553 | Val: 0.162896 | Corr: 0.233942 | LR: 5.00e-04
2026-03-05 23:19:22,561 - INFO -   ↳ Saved best model (val_corr=0.233942)
2026-03-05 23:19:26,229 - INFO - Epoch  47/50 | Train: 0.164522 | Val: 0.162962 | Corr: 0.233847 | LR: 5.00e-04
2026-03-05 23:19:29,825 - INFO - Epoch  48/50 | Train: 0.164380 | Val: 0.163268 | Corr: 0.232644 | LR: 5.00e-04
2026-03-05 23:19:33,247 - INFO - Epoch  49/50 | Train: 0.164320 | Val: 0.162893 | Corr: 0.235388 | LR: 5.00e-04
2026-03-05 23:19:33,254 - INFO -   ↳ Saved best model (val_corr=0.235388)
2026-03-05 23:19:36,602 - INFO - Epoch  50/50 | Train: 0.164291 | Val: 0.162811 | Corr: 0.234478 | LR: 5.00e-04
2026-03-05 23:19:36,602 - INFO - Training complete — best val corr: 0.235388
2026-03-05 23:19:37,784 - INFO - Test loss: 0.154367, Test corr: 0.227422
2026-03-05 23:19:38,081 - INFO - Fraction of variance explained (FVE): 0.062952
2026-03-05 23:19:38,081 - INFO - Computing autoregressive (AR) test predictions …
2026-03-05 23:19:38,496 - INFO - AR FVE: -0.005817, AR test corr: 0.069260
2026-03-05 23:19:38,496 - INFO - Generating figures …
2026-03-05 23:19:38,915 - INFO - Correlation between predicted and actual per-neuron averages: r=0.9922, p=0.00e+00
2026-03-05 23:19:40,647 - INFO - Pattern selectivity summary:
2026-03-05 23:19:40,647 - INFO -   Mean correlation across neurons: 0.6708
2026-03-05 23:19:40,647 - INFO -   Median correlation: 0.6709
2026-03-05 23:19:40,647 - INFO -   Neurons with r > 0.5: 55 / 63
2026-03-05 23:19:40,647 - INFO -   Neurons with r > 0.3: 63 / 63
2026-03-05 23:19:40,647 - INFO - Pattern selectivity — mean neuron corr: 0.6708
2026-03-05 23:19:42,116 - INFO - LOO (avg rate) — Model mean r: 0.5323, LOO mean r: 0.4546, Neurons model > LOO: 45/63
2026-03-05 23:19:44,239 - INFO - LOO (temporal) — Model mean r: 0.2356, LOO mean r: 0.3186, Neurons model > LOO: 8/63
2026-03-05 23:19:44,239 - INFO - Skipping oracle trial plots (skip_oracle_plots=True)
2026-03-05 23:19:44,247 - INFO - Experiment complete. Summary: {
  "run_dir": "/scratch/sb272/patterns5k_results/slurm_hist_cnn_2026-03-05_16-01-45/trial_0397_learning_rate=5.0e-04_history=2_kernel_sizes=3x3x3_conv_channels=32x64x128_fc_dims=256_seed1",
  "model_type": "cnn",
  "batch_avg_test_loss": 0.1543669413328171,
  "batch_avg_test_corr": 0.22742194184162637,
  "all_test_fve": 0.06295181361455766,
  "AR_FVE": -0.0058174095456562346,
  "AR_test_correlation": 0.0692601352930069,
  "best_val_corr": 0.23538842483537203,
  "total_params": 90687,
  "trainable_params": 90687,
  "epochs_trained": 50,
  "mean_pattern_corr": 0.670804922096848,
  "history": 2,
  "init_state": true,
  "loo_avg_mean_corr": 0.45456832695830385,
  "model_avg_mean_corr": 0.532298046474825,
  "neurons_model_beats_loo_avg": 45,
  "loo_temporal_mean_corr": 0.31855225563049316,
  "all_test_corr": 0.23564161360263824,
  "neurons_model_beats_loo_temporal": 8,
  "kernel_sizes": [
    3,
    3,
    3
  ],
  "conv_channels": [
    32,
    64,
    128
  ],
  "fc_dims": [
    256
  ]
}
