2026-03-04 20:43:07,854 - INFO - ============================================================
2026-03-04 20:43:07,854 - INFO - Experiment run directory: /scratch/sb272/patterns5k_results/slurm_base_cnn_2026-03-04_16-53-19/trial_0057_learning_rate=1.0e-04_kernel_sizes=3x3x3_conv_channels=128x128x128_fc_dims=512_seed3
2026-03-04 20:43:07,854 - INFO - ============================================================
2026-03-04 20:43:07,854 - INFO - Loading data …
2026-03-04 20:43:08,953 - INFO - 63 unique neurons after dropping problematic neurons
2026-03-04 20:43:09,763 - INFO - Stimulation channels: 42, Spiking neurons: 63
2026-03-04 20:44:16,703 - INFO - Unique patterns: 4050, Total trials: 5000
2026-03-04 20:44:16,705 - INFO - Stimulation channels: 42, Spiking neurons: 63
2026-03-04 20:44:16,705 - INFO - Unique patterns: 4050, Total trials: 5000
2026-03-04 20:44:16,715 - INFO - Split (oracle): train=3400, val=600, test=1000
2026-03-04 20:44:30,912 - INFO - BinnedStimSpikeDataset initialized:
2026-03-04 20:44:30,913 - INFO -   input_bin_size_ms=10, output_bin_size_ms=10
2026-03-04 20:44:30,913 - INFO -   n_input_bins=60, n_output_bins=60
2026-03-04 20:44:30,913 - INFO -   output_offset=0, total_bins_input=60, total_bins_output=60
2026-03-04 20:44:30,913 - INFO -   Valid start positions per trial: 0 to 0
2026-03-04 20:44:30,913 - INFO -   Total samples: 3400 (3400 trials × 1 positions)
2026-03-04 20:44:44,568 - INFO - BinnedStimSpikeDataset initialized:
2026-03-04 20:44:44,568 - INFO -   input_bin_size_ms=10, output_bin_size_ms=10
2026-03-04 20:44:44,568 - INFO -   n_input_bins=60, n_output_bins=60
2026-03-04 20:44:44,568 - INFO -   output_offset=0, total_bins_input=60, total_bins_output=60
2026-03-04 20:44:44,568 - INFO -   Valid start positions per trial: 0 to 0
2026-03-04 20:44:44,568 - INFO -   Total samples: 600 (600 trials × 1 positions)
2026-03-04 20:44:58,324 - INFO - BinnedStimSpikeDataset initialized:
2026-03-04 20:44:58,324 - INFO -   input_bin_size_ms=10, output_bin_size_ms=10
2026-03-04 20:44:58,324 - INFO -   n_input_bins=60, n_output_bins=60
2026-03-04 20:44:58,324 - INFO -   output_offset=0, total_bins_input=60, total_bins_output=60
2026-03-04 20:44:58,324 - INFO -   Valid start positions per trial: 0 to 0
2026-03-04 20:44:58,324 - INFO -   Total samples: 1000 (1000 trials × 1 positions)
2026-03-04 20:44:58,325 - INFO - Samples — train: 3400, val: 600, test: 1000
2026-03-04 20:44:58,325 - INFO - Input channels: 42, Neurons: 63
2026-03-04 20:44:58,341 - INFO - Using CPU
2026-03-04 20:44:58,345 - INFO - Model: CNN — 213,951 trainable params (213,951 total)
2026-03-04 20:45:02,612 - INFO - Starting training …
2026-03-04 20:45:07,269 - INFO - Epoch   1/50 | Train: 0.364551 | Val: 0.184629 | Corr: 0.065090 | LR: 1.00e-04
2026-03-04 20:45:07,294 - INFO -   ↳ Saved best model (val_corr=0.065090)
2026-03-04 20:45:11,123 - INFO - Epoch   2/50 | Train: 0.185698 | Val: 0.181512 | Corr: 0.072850 | LR: 1.00e-04
2026-03-04 20:45:11,135 - INFO -   ↳ Saved best model (val_corr=0.072850)
2026-03-04 20:45:14,997 - INFO - Epoch   3/50 | Train: 0.184399 | Val: 0.180761 | Corr: 0.075495 | LR: 1.00e-04
2026-03-04 20:45:15,009 - INFO -   ↳ Saved best model (val_corr=0.075495)
2026-03-04 20:45:18,977 - INFO - Epoch   4/50 | Train: 0.183780 | Val: 0.180505 | Corr: 0.078679 | LR: 1.00e-04
2026-03-04 20:45:18,995 - INFO -   ↳ Saved best model (val_corr=0.078679)
2026-03-04 20:45:22,962 - INFO - Epoch   5/50 | Train: 0.183380 | Val: 0.180259 | Corr: 0.080853 | LR: 1.00e-04
2026-03-04 20:45:22,994 - INFO -   ↳ Saved best model (val_corr=0.080853)
2026-03-04 20:45:26,977 - INFO - Epoch   6/50 | Train: 0.183092 | Val: 0.180010 | Corr: 0.082403 | LR: 1.00e-04
2026-03-04 20:45:26,989 - INFO -   ↳ Saved best model (val_corr=0.082403)
2026-03-04 20:45:30,961 - INFO - Epoch   7/50 | Train: 0.182791 | Val: 0.180010 | Corr: 0.082914 | LR: 1.00e-04
2026-03-04 20:45:30,972 - INFO -   ↳ Saved best model (val_corr=0.082914)
2026-03-04 20:45:34,856 - INFO - Epoch   8/50 | Train: 0.182589 | Val: 0.179703 | Corr: 0.086337 | LR: 1.00e-04
2026-03-04 20:45:34,870 - INFO -   ↳ Saved best model (val_corr=0.086337)
2026-03-04 20:45:38,817 - INFO - Epoch   9/50 | Train: 0.182355 | Val: 0.179535 | Corr: 0.087907 | LR: 1.00e-04
2026-03-04 20:45:38,832 - INFO -   ↳ Saved best model (val_corr=0.087907)
2026-03-04 20:45:42,682 - INFO - Epoch  10/50 | Train: 0.182046 | Val: 0.179462 | Corr: 0.089978 | LR: 1.00e-04
2026-03-04 20:45:42,732 - INFO -   ↳ Saved best model (val_corr=0.089978)
2026-03-04 20:45:46,584 - INFO - Epoch  11/50 | Train: 0.181755 | Val: 0.179261 | Corr: 0.091365 | LR: 1.00e-04
2026-03-04 20:45:46,597 - INFO -   ↳ Saved best model (val_corr=0.091365)
2026-03-04 20:45:50,449 - INFO - Epoch  12/50 | Train: 0.181536 | Val: 0.178999 | Corr: 0.093966 | LR: 1.00e-04
2026-03-04 20:45:50,485 - INFO -   ↳ Saved best model (val_corr=0.093966)
2026-03-04 20:45:54,314 - INFO - Epoch  13/50 | Train: 0.181246 | Val: 0.179004 | Corr: 0.094440 | LR: 1.00e-04
2026-03-04 20:45:54,339 - INFO -   ↳ Saved best model (val_corr=0.094440)
2026-03-04 20:45:58,171 - INFO - Epoch  14/50 | Train: 0.181065 | Val: 0.178871 | Corr: 0.097239 | LR: 1.00e-04
2026-03-04 20:45:58,182 - INFO -   ↳ Saved best model (val_corr=0.097239)
2026-03-04 20:46:01,896 - INFO - Epoch  15/50 | Train: 0.180843 | Val: 0.178866 | Corr: 0.097732 | LR: 1.00e-04
2026-03-04 20:46:01,915 - INFO -   ↳ Saved best model (val_corr=0.097732)
2026-03-04 20:46:05,922 - INFO - Epoch  16/50 | Train: 0.180562 | Val: 0.178347 | Corr: 0.101216 | LR: 1.00e-04
2026-03-04 20:46:05,933 - INFO -   ↳ Saved best model (val_corr=0.101216)
2026-03-04 20:46:10,007 - INFO - Epoch  17/50 | Train: 0.180299 | Val: 0.178339 | Corr: 0.102702 | LR: 1.00e-04
2026-03-04 20:46:10,019 - INFO -   ↳ Saved best model (val_corr=0.102702)
2026-03-04 20:46:14,061 - INFO - Epoch  18/50 | Train: 0.180115 | Val: 0.178157 | Corr: 0.104260 | LR: 1.00e-04
2026-03-04 20:46:14,085 - INFO -   ↳ Saved best model (val_corr=0.104260)
2026-03-04 20:46:18,112 - INFO - Epoch  19/50 | Train: 0.179838 | Val: 0.178046 | Corr: 0.106134 | LR: 1.00e-04
2026-03-04 20:46:18,126 - INFO -   ↳ Saved best model (val_corr=0.106134)
2026-03-04 20:46:22,169 - INFO - Epoch  20/50 | Train: 0.179655 | Val: 0.177865 | Corr: 0.107336 | LR: 1.00e-04
2026-03-04 20:46:22,188 - INFO -   ↳ Saved best model (val_corr=0.107336)
2026-03-04 20:46:26,214 - INFO - Epoch  21/50 | Train: 0.179438 | Val: 0.177758 | Corr: 0.108766 | LR: 1.00e-04
2026-03-04 20:46:26,227 - INFO -   ↳ Saved best model (val_corr=0.108766)
2026-03-04 20:46:30,253 - INFO - Epoch  22/50 | Train: 0.179209 | Val: 0.177636 | Corr: 0.110416 | LR: 1.00e-04
2026-03-04 20:46:30,284 - INFO -   ↳ Saved best model (val_corr=0.110416)
2026-03-04 20:46:34,284 - INFO - Epoch  23/50 | Train: 0.179103 | Val: 0.177551 | Corr: 0.111990 | LR: 1.00e-04
2026-03-04 20:46:34,298 - INFO -   ↳ Saved best model (val_corr=0.111990)
2026-03-04 20:46:38,274 - INFO - Epoch  24/50 | Train: 0.178917 | Val: 0.177370 | Corr: 0.113626 | LR: 1.00e-04
2026-03-04 20:46:38,287 - INFO -   ↳ Saved best model (val_corr=0.113626)
2026-03-04 20:46:42,280 - INFO - Epoch  25/50 | Train: 0.178761 | Val: 0.177468 | Corr: 0.114389 | LR: 1.00e-04
2026-03-04 20:46:42,294 - INFO -   ↳ Saved best model (val_corr=0.114389)
2026-03-04 20:46:46,287 - INFO - Epoch  26/50 | Train: 0.178542 | Val: 0.177194 | Corr: 0.115514 | LR: 1.00e-04
2026-03-04 20:46:46,302 - INFO -   ↳ Saved best model (val_corr=0.115514)
2026-03-04 20:46:50,318 - INFO - Epoch  27/50 | Train: 0.178491 | Val: 0.177087 | Corr: 0.117061 | LR: 1.00e-04
2026-03-04 20:46:50,332 - INFO -   ↳ Saved best model (val_corr=0.117061)
2026-03-04 20:46:54,354 - INFO - Epoch  28/50 | Train: 0.178262 | Val: 0.177227 | Corr: 0.117024 | LR: 1.00e-04
2026-03-04 20:46:58,323 - INFO - Epoch  29/50 | Train: 0.178090 | Val: 0.176998 | Corr: 0.117980 | LR: 1.00e-04
2026-03-04 20:46:58,337 - INFO -   ↳ Saved best model (val_corr=0.117980)
2026-03-04 20:47:02,306 - INFO - Epoch  30/50 | Train: 0.177969 | Val: 0.176798 | Corr: 0.119396 | LR: 1.00e-04
2026-03-04 20:47:02,320 - INFO -   ↳ Saved best model (val_corr=0.119396)
2026-03-04 20:47:06,309 - INFO - Epoch  31/50 | Train: 0.177912 | Val: 0.177005 | Corr: 0.119501 | LR: 1.00e-04
2026-03-04 20:47:06,322 - INFO -   ↳ Saved best model (val_corr=0.119501)
2026-03-04 20:47:10,298 - INFO - Epoch  32/50 | Train: 0.177664 | Val: 0.176945 | Corr: 0.120725 | LR: 1.00e-04
2026-03-04 20:47:10,310 - INFO -   ↳ Saved best model (val_corr=0.120725)
2026-03-04 20:47:14,216 - INFO - Epoch  33/50 | Train: 0.177607 | Val: 0.176637 | Corr: 0.121036 | LR: 1.00e-04
2026-03-04 20:47:14,242 - INFO -   ↳ Saved best model (val_corr=0.121036)
2026-03-04 20:47:18,058 - INFO - Epoch  34/50 | Train: 0.177495 | Val: 0.176666 | Corr: 0.122247 | LR: 1.00e-04
2026-03-04 20:47:18,069 - INFO -   ↳ Saved best model (val_corr=0.122247)
2026-03-04 20:47:21,874 - INFO - Epoch  35/50 | Train: 0.177351 | Val: 0.177203 | Corr: 0.122854 | LR: 1.00e-04
2026-03-04 20:47:21,888 - INFO -   ↳ Saved best model (val_corr=0.122854)
2026-03-04 20:47:25,609 - INFO - Epoch  36/50 | Train: 0.177261 | Val: 0.176476 | Corr: 0.122116 | LR: 1.00e-04
2026-03-04 20:47:29,332 - INFO - Epoch  37/50 | Train: 0.177223 | Val: 0.176466 | Corr: 0.123770 | LR: 1.00e-04
2026-03-04 20:47:29,371 - INFO -   ↳ Saved best model (val_corr=0.123770)
2026-03-04 20:47:33,090 - INFO - Epoch  38/50 | Train: 0.176999 | Val: 0.176599 | Corr: 0.124450 | LR: 1.00e-04
2026-03-04 20:47:33,116 - INFO -   ↳ Saved best model (val_corr=0.124450)
2026-03-04 20:47:36,912 - INFO - Epoch  39/50 | Train: 0.177004 | Val: 0.176520 | Corr: 0.124693 | LR: 1.00e-04
2026-03-04 20:47:36,927 - INFO -   ↳ Saved best model (val_corr=0.124693)
2026-03-04 20:47:40,676 - INFO - Epoch  40/50 | Train: 0.176850 | Val: 0.176487 | Corr: 0.125107 | LR: 1.00e-04
2026-03-04 20:47:40,689 - INFO -   ↳ Saved best model (val_corr=0.125107)
2026-03-04 20:47:44,413 - INFO - Epoch  41/50 | Train: 0.176775 | Val: 0.176576 | Corr: 0.125998 | LR: 1.00e-04
2026-03-04 20:47:44,425 - INFO -   ↳ Saved best model (val_corr=0.125998)
2026-03-04 20:47:48,103 - INFO - Epoch  42/50 | Train: 0.176673 | Val: 0.176374 | Corr: 0.126175 | LR: 1.00e-04
2026-03-04 20:47:48,123 - INFO -   ↳ Saved best model (val_corr=0.126175)
2026-03-04 20:47:51,850 - INFO - Epoch  43/50 | Train: 0.176552 | Val: 0.176219 | Corr: 0.126123 | LR: 1.00e-04
2026-03-04 20:47:55,489 - INFO - Epoch  44/50 | Train: 0.176484 | Val: 0.176368 | Corr: 0.127071 | LR: 1.00e-04
2026-03-04 20:47:55,509 - INFO -   ↳ Saved best model (val_corr=0.127071)
2026-03-04 20:47:59,172 - INFO - Epoch  45/50 | Train: 0.176407 | Val: 0.176315 | Corr: 0.127483 | LR: 1.00e-04
2026-03-04 20:47:59,187 - INFO -   ↳ Saved best model (val_corr=0.127483)
2026-03-04 20:48:02,901 - INFO - Epoch  46/50 | Train: 0.176414 | Val: 0.176293 | Corr: 0.128092 | LR: 1.00e-04
2026-03-04 20:48:02,914 - INFO -   ↳ Saved best model (val_corr=0.128092)
2026-03-04 20:48:06,680 - INFO - Epoch  47/50 | Train: 0.176258 | Val: 0.176257 | Corr: 0.128216 | LR: 1.00e-04
2026-03-04 20:48:06,691 - INFO -   ↳ Saved best model (val_corr=0.128216)
2026-03-04 20:48:10,426 - INFO - Epoch  48/50 | Train: 0.176215 | Val: 0.175993 | Corr: 0.126929 | LR: 1.00e-04
2026-03-04 20:48:14,396 - INFO - Epoch  49/50 | Train: 0.176192 | Val: 0.176209 | Corr: 0.128760 | LR: 1.00e-04
2026-03-04 20:48:14,431 - INFO -   ↳ Saved best model (val_corr=0.128760)
2026-03-04 20:48:18,380 - INFO - Epoch  50/50 | Train: 0.176021 | Val: 0.176177 | Corr: 0.128792 | LR: 1.00e-04
2026-03-04 20:48:18,395 - INFO -   ↳ Saved best model (val_corr=0.128792)
2026-03-04 20:48:18,395 - INFO - Training complete — best val corr: 0.128792
2026-03-04 20:48:19,428 - INFO - Test loss: 0.169350, Test corr: 0.125589
2026-03-04 20:48:19,728 - INFO - Fraction of variance explained (FVE): 0.015594
2026-03-04 20:48:19,728 - INFO - Generating figures …
2026-03-04 20:48:20,082 - INFO - Correlation between predicted and actual per-neuron averages: r=0.9884, p=0.00e+00
2026-03-04 20:48:21,514 - INFO - Pattern selectivity summary:
2026-03-04 20:48:21,514 - INFO -   Mean correlation across neurons: 0.4465
2026-03-04 20:48:21,514 - INFO -   Median correlation: 0.5066
2026-03-04 20:48:21,514 - INFO -   Neurons with r > 0.5: 32 / 63
2026-03-04 20:48:21,514 - INFO -   Neurons with r > 0.3: 46 / 63
2026-03-04 20:48:21,514 - INFO - Pattern selectivity — mean neuron corr: 0.4465
2026-03-04 20:48:22,660 - INFO - LOO (avg rate) — Model mean r: 0.2617, LOO mean r: 0.4546, Neurons model > LOO: 1/63
2026-03-04 20:48:24,188 - INFO - LOO (temporal) — Model mean r: 0.1261, LOO mean r: 0.3186, Neurons model > LOO: 0/63
2026-03-04 20:48:24,189 - INFO - Skipping oracle trial plots (skip_oracle_plots=True)
2026-03-04 20:48:24,198 - INFO - Experiment complete. Summary: {
  "run_dir": "/scratch/sb272/patterns5k_results/slurm_base_cnn_2026-03-04_16-53-19/trial_0057_learning_rate=1.0e-04_kernel_sizes=3x3x3_conv_channels=128x128x128_fc_dims=512_seed3",
  "model_type": "cnn",
  "batch_avg_test_loss": 0.1693495261669159,
  "batch_avg_test_corr": 0.12558909945502184,
  "all_test_fve": 0.015593684854961577,
  "AR_FVE": NaN,
  "AR_test_correlation": NaN,
  "best_val_corr": 0.12879164158336,
  "total_params": 213951,
  "trainable_params": 213951,
  "epochs_trained": 50,
  "mean_pattern_corr": 0.4464950927950883,
  "history": 0,
  "init_state": true,
  "loo_avg_mean_corr": 0.45456832695830385,
  "model_avg_mean_corr": 0.2617358186676583,
  "neurons_model_beats_loo_avg": 1,
  "loo_temporal_mean_corr": 0.31855225563049316,
  "all_test_corr": 0.12607981264591217,
  "neurons_model_beats_loo_temporal": 0,
  "kernel_sizes": [
    3,
    3,
    3
  ],
  "conv_channels": [
    128,
    128,
    128
  ],
  "fc_dims": [
    512
  ]
}
