2026-03-03 22:32:22,786 - INFO - ============================================================
2026-03-03 22:32:22,786 - INFO - Experiment run directory: /scratch/sb272/patterns5k_results/slurm_hist_cnn_2026-03-03_15-13-01/trial_0006_learning_rate=1.0e-04_history=1_kernel_sizes=10x5x3_conv_channels=256x128x64_fc_dims=256_seed0
2026-03-03 22:32:22,786 - INFO - ============================================================
2026-03-03 22:32:22,786 - INFO - Loading data …
2026-03-03 22:32:23,721 - INFO - 63 unique neurons after dropping problematic neurons
2026-03-03 22:32:24,819 - INFO - Stimulation channels: 42, Spiking neurons: 63
2026-03-03 22:33:53,018 - INFO - Unique patterns: 4050, Total trials: 5000
2026-03-03 22:33:53,021 - INFO - Stimulation channels: 42, Spiking neurons: 63
2026-03-03 22:33:53,021 - INFO - Unique patterns: 4050, Total trials: 5000
2026-03-03 22:33:53,034 - INFO - Split (oracle): train=3400, val=600, test=1000
2026-03-03 22:34:09,847 - INFO - BinnedStimSpikeDataset initialized:
2026-03-03 22:34:09,848 - INFO -   input_bin_size_ms=10, output_bin_size_ms=10
2026-03-03 22:34:09,848 - INFO -   n_input_bins=60, n_output_bins=60
2026-03-03 22:34:09,848 - INFO -   output_offset=0, total_bins_input=60, total_bins_output=60
2026-03-03 22:34:09,848 - INFO -   Valid start positions per trial: 0 to 0
2026-03-03 22:34:09,849 - INFO -   Total samples: 3400 (3400 trials × 1 positions)
2026-03-03 22:34:26,106 - INFO - BinnedStimSpikeDataset initialized:
2026-03-03 22:34:26,106 - INFO -   input_bin_size_ms=10, output_bin_size_ms=10
2026-03-03 22:34:26,107 - INFO -   n_input_bins=60, n_output_bins=60
2026-03-03 22:34:26,107 - INFO -   output_offset=0, total_bins_input=60, total_bins_output=60
2026-03-03 22:34:26,107 - INFO -   Valid start positions per trial: 0 to 0
2026-03-03 22:34:26,107 - INFO -   Total samples: 600 (600 trials × 1 positions)
2026-03-03 22:34:42,576 - INFO - BinnedStimSpikeDataset initialized:
2026-03-03 22:34:42,576 - INFO -   input_bin_size_ms=10, output_bin_size_ms=10
2026-03-03 22:34:42,576 - INFO -   n_input_bins=60, n_output_bins=60
2026-03-03 22:34:42,576 - INFO -   output_offset=0, total_bins_input=60, total_bins_output=60
2026-03-03 22:34:42,576 - INFO -   Valid start positions per trial: 0 to 0
2026-03-03 22:34:42,576 - INFO -   Total samples: 1000 (1000 trials × 1 positions)
2026-03-03 22:34:42,576 - INFO - Samples — train: 3400, val: 600, test: 1000
2026-03-03 22:34:42,576 - INFO - Input channels: 105, Neurons: 63
2026-03-03 22:34:42,593 - INFO - Using CPU
2026-03-03 22:34:42,612 - INFO - Model: CNN — 491,391 trainable params (491,391 total)
2026-03-03 22:34:56,869 - INFO - Starting training …
2026-03-03 22:35:05,639 - INFO - Epoch   1/50 | Train: 0.511581 | Val: 0.222772 | Corr: 0.043721 | LR: 1.00e-04
2026-03-03 22:35:05,691 - INFO -   ↳ Saved best model (val_corr=0.043721)
2026-03-03 22:35:13,421 - INFO - Epoch   2/50 | Train: 0.192857 | Val: 0.183457 | Corr: 0.110357 | LR: 1.00e-04
2026-03-03 22:35:13,458 - INFO -   ↳ Saved best model (val_corr=0.110357)
2026-03-03 22:35:21,196 - INFO - Epoch   3/50 | Train: 0.181981 | Val: 0.179656 | Corr: 0.129410 | LR: 1.00e-04
2026-03-03 22:35:21,226 - INFO -   ↳ Saved best model (val_corr=0.129410)
2026-03-03 22:35:28,956 - INFO - Epoch   4/50 | Train: 0.179174 | Val: 0.177863 | Corr: 0.136792 | LR: 1.00e-04
2026-03-03 22:35:28,990 - INFO -   ↳ Saved best model (val_corr=0.136792)
2026-03-03 22:35:36,813 - INFO - Epoch   5/50 | Train: 0.177461 | Val: 0.176824 | Corr: 0.142881 | LR: 1.00e-04
2026-03-03 22:35:36,839 - INFO -   ↳ Saved best model (val_corr=0.142881)
2026-03-03 22:35:44,525 - INFO - Epoch   6/50 | Train: 0.176286 | Val: 0.176028 | Corr: 0.148145 | LR: 1.00e-04
2026-03-03 22:35:44,553 - INFO -   ↳ Saved best model (val_corr=0.148145)
2026-03-03 22:35:52,300 - INFO - Epoch   7/50 | Train: 0.174977 | Val: 0.174891 | Corr: 0.153245 | LR: 1.00e-04
2026-03-03 22:35:52,326 - INFO -   ↳ Saved best model (val_corr=0.153245)
2026-03-03 22:35:59,984 - INFO - Epoch   8/50 | Train: 0.173736 | Val: 0.173966 | Corr: 0.157960 | LR: 1.00e-04
2026-03-03 22:36:00,008 - INFO -   ↳ Saved best model (val_corr=0.157960)
2026-03-03 22:36:07,734 - INFO - Epoch   9/50 | Train: 0.172660 | Val: 0.173134 | Corr: 0.162367 | LR: 1.00e-04
2026-03-03 22:36:07,780 - INFO -   ↳ Saved best model (val_corr=0.162367)
2026-03-03 22:36:15,528 - INFO - Epoch  10/50 | Train: 0.171661 | Val: 0.172411 | Corr: 0.166913 | LR: 1.00e-04
2026-03-03 22:36:15,564 - INFO -   ↳ Saved best model (val_corr=0.166913)
2026-03-03 22:36:23,309 - INFO - Epoch  11/50 | Train: 0.170830 | Val: 0.171807 | Corr: 0.169535 | LR: 1.00e-04
2026-03-03 22:36:23,331 - INFO -   ↳ Saved best model (val_corr=0.169535)
2026-03-03 22:36:31,064 - INFO - Epoch  12/50 | Train: 0.169999 | Val: 0.171343 | Corr: 0.173000 | LR: 1.00e-04
2026-03-03 22:36:31,096 - INFO -   ↳ Saved best model (val_corr=0.173000)
2026-03-03 22:36:38,838 - INFO - Epoch  13/50 | Train: 0.169262 | Val: 0.170914 | Corr: 0.175656 | LR: 1.00e-04
2026-03-03 22:36:38,867 - INFO -   ↳ Saved best model (val_corr=0.175656)
2026-03-03 22:36:46,605 - INFO - Epoch  14/50 | Train: 0.168637 | Val: 0.170733 | Corr: 0.177456 | LR: 1.00e-04
2026-03-03 22:36:46,636 - INFO -   ↳ Saved best model (val_corr=0.177456)
2026-03-03 22:36:54,374 - INFO - Epoch  15/50 | Train: 0.167900 | Val: 0.170348 | Corr: 0.179171 | LR: 1.00e-04
2026-03-03 22:36:54,403 - INFO -   ↳ Saved best model (val_corr=0.179171)
2026-03-03 22:37:02,221 - INFO - Epoch  16/50 | Train: 0.167399 | Val: 0.169873 | Corr: 0.182013 | LR: 1.00e-04
2026-03-03 22:37:02,249 - INFO -   ↳ Saved best model (val_corr=0.182013)
2026-03-03 22:37:10,004 - INFO - Epoch  17/50 | Train: 0.166781 | Val: 0.169674 | Corr: 0.183559 | LR: 1.00e-04
2026-03-03 22:37:10,037 - INFO -   ↳ Saved best model (val_corr=0.183559)
2026-03-03 22:37:17,749 - INFO - Epoch  18/50 | Train: 0.166286 | Val: 0.169474 | Corr: 0.185348 | LR: 1.00e-04
2026-03-03 22:37:17,777 - INFO -   ↳ Saved best model (val_corr=0.185348)
2026-03-03 22:37:25,498 - INFO - Epoch  19/50 | Train: 0.165756 | Val: 0.169131 | Corr: 0.187122 | LR: 1.00e-04
2026-03-03 22:37:25,526 - INFO -   ↳ Saved best model (val_corr=0.187122)
2026-03-03 22:37:33,285 - INFO - Epoch  20/50 | Train: 0.165344 | Val: 0.168951 | Corr: 0.189533 | LR: 1.00e-04
2026-03-03 22:37:33,314 - INFO -   ↳ Saved best model (val_corr=0.189533)
2026-03-03 22:37:41,058 - INFO - Epoch  21/50 | Train: 0.164867 | Val: 0.168601 | Corr: 0.191181 | LR: 1.00e-04
2026-03-03 22:37:41,084 - INFO -   ↳ Saved best model (val_corr=0.191181)
2026-03-03 22:37:48,879 - INFO - Epoch  22/50 | Train: 0.164393 | Val: 0.168457 | Corr: 0.193051 | LR: 1.00e-04
2026-03-03 22:37:48,909 - INFO -   ↳ Saved best model (val_corr=0.193051)
2026-03-03 22:37:56,654 - INFO - Epoch  23/50 | Train: 0.163965 | Val: 0.168546 | Corr: 0.193530 | LR: 1.00e-04
2026-03-03 22:37:56,675 - INFO -   ↳ Saved best model (val_corr=0.193530)
2026-03-03 22:38:04,428 - INFO - Epoch  24/50 | Train: 0.163529 | Val: 0.168107 | Corr: 0.195057 | LR: 1.00e-04
2026-03-03 22:38:04,454 - INFO -   ↳ Saved best model (val_corr=0.195057)
2026-03-03 22:38:12,219 - INFO - Epoch  25/50 | Train: 0.163122 | Val: 0.168021 | Corr: 0.196794 | LR: 1.00e-04
2026-03-03 22:38:12,253 - INFO -   ↳ Saved best model (val_corr=0.196794)
2026-03-03 22:38:19,889 - INFO - Epoch  26/50 | Train: 0.162707 | Val: 0.167778 | Corr: 0.198883 | LR: 1.00e-04
2026-03-03 22:38:19,920 - INFO -   ↳ Saved best model (val_corr=0.198883)
2026-03-03 22:38:27,544 - INFO - Epoch  27/50 | Train: 0.162356 | Val: 0.167545 | Corr: 0.199826 | LR: 1.00e-04
2026-03-03 22:38:27,573 - INFO -   ↳ Saved best model (val_corr=0.199826)
2026-03-03 22:38:35,396 - INFO - Epoch  28/50 | Train: 0.161960 | Val: 0.167503 | Corr: 0.201070 | LR: 1.00e-04
2026-03-03 22:38:35,423 - INFO -   ↳ Saved best model (val_corr=0.201070)
2026-03-03 22:38:43,129 - INFO - Epoch  29/50 | Train: 0.161567 | Val: 0.167538 | Corr: 0.201745 | LR: 1.00e-04
2026-03-03 22:38:43,153 - INFO -   ↳ Saved best model (val_corr=0.201745)
2026-03-03 22:38:50,928 - INFO - Epoch  30/50 | Train: 0.161277 | Val: 0.167138 | Corr: 0.203524 | LR: 1.00e-04
2026-03-03 22:38:50,965 - INFO -   ↳ Saved best model (val_corr=0.203524)
2026-03-03 22:38:58,703 - INFO - Epoch  31/50 | Train: 0.160874 | Val: 0.166989 | Corr: 0.204742 | LR: 1.00e-04
2026-03-03 22:38:58,731 - INFO -   ↳ Saved best model (val_corr=0.204742)
2026-03-03 22:39:06,573 - INFO - Epoch  32/50 | Train: 0.160622 | Val: 0.167027 | Corr: 0.205606 | LR: 1.00e-04
2026-03-03 22:39:06,608 - INFO -   ↳ Saved best model (val_corr=0.205606)
2026-03-03 22:39:14,351 - INFO - Epoch  33/50 | Train: 0.160233 | Val: 0.166971 | Corr: 0.206696 | LR: 1.00e-04
2026-03-03 22:39:14,393 - INFO -   ↳ Saved best model (val_corr=0.206696)
2026-03-03 22:39:22,130 - INFO - Epoch  34/50 | Train: 0.159935 | Val: 0.167013 | Corr: 0.207377 | LR: 1.00e-04
2026-03-03 22:39:22,156 - INFO -   ↳ Saved best model (val_corr=0.207377)
2026-03-03 22:39:29,883 - INFO - Epoch  35/50 | Train: 0.159714 | Val: 0.166768 | Corr: 0.208707 | LR: 1.00e-04
2026-03-03 22:39:29,915 - INFO -   ↳ Saved best model (val_corr=0.208707)
2026-03-03 22:39:37,737 - INFO - Epoch  36/50 | Train: 0.159351 | Val: 0.166562 | Corr: 0.209939 | LR: 1.00e-04
2026-03-03 22:39:37,764 - INFO -   ↳ Saved best model (val_corr=0.209939)
2026-03-03 22:39:45,587 - INFO - Epoch  37/50 | Train: 0.159145 | Val: 0.166474 | Corr: 0.210721 | LR: 1.00e-04
2026-03-03 22:39:45,634 - INFO -   ↳ Saved best model (val_corr=0.210721)
2026-03-03 22:39:53,460 - INFO - Epoch  38/50 | Train: 0.158755 | Val: 0.166370 | Corr: 0.211599 | LR: 1.00e-04
2026-03-03 22:39:53,496 - INFO -   ↳ Saved best model (val_corr=0.211599)
2026-03-03 22:40:01,226 - INFO - Epoch  39/50 | Train: 0.158568 | Val: 0.166454 | Corr: 0.212532 | LR: 1.00e-04
2026-03-03 22:40:01,249 - INFO -   ↳ Saved best model (val_corr=0.212532)
2026-03-03 22:40:09,036 - INFO - Epoch  40/50 | Train: 0.158316 | Val: 0.166226 | Corr: 0.214114 | LR: 1.00e-04
2026-03-03 22:40:09,062 - INFO -   ↳ Saved best model (val_corr=0.214114)
2026-03-03 22:40:16,861 - INFO - Epoch  41/50 | Train: 0.158019 | Val: 0.166362 | Corr: 0.214736 | LR: 1.00e-04
2026-03-03 22:40:16,901 - INFO -   ↳ Saved best model (val_corr=0.214736)
2026-03-03 22:40:24,718 - INFO - Epoch  42/50 | Train: 0.157802 | Val: 0.166208 | Corr: 0.215084 | LR: 1.00e-04
2026-03-03 22:40:24,745 - INFO -   ↳ Saved best model (val_corr=0.215084)
2026-03-03 22:40:32,531 - INFO - Epoch  43/50 | Train: 0.157657 | Val: 0.166144 | Corr: 0.215702 | LR: 1.00e-04
2026-03-03 22:40:32,556 - INFO -   ↳ Saved best model (val_corr=0.215702)
2026-03-03 22:40:40,301 - INFO - Epoch  44/50 | Train: 0.157376 | Val: 0.166239 | Corr: 0.216143 | LR: 1.00e-04
2026-03-03 22:40:40,331 - INFO -   ↳ Saved best model (val_corr=0.216143)
2026-03-03 22:40:48,042 - INFO - Epoch  45/50 | Train: 0.157104 | Val: 0.165959 | Corr: 0.217668 | LR: 1.00e-04
2026-03-03 22:40:48,068 - INFO -   ↳ Saved best model (val_corr=0.217668)
2026-03-03 22:40:55,833 - INFO - Epoch  46/50 | Train: 0.156984 | Val: 0.166020 | Corr: 0.217363 | LR: 1.00e-04
2026-03-03 22:41:03,661 - INFO - Epoch  47/50 | Train: 0.156711 | Val: 0.165868 | Corr: 0.218569 | LR: 1.00e-04
2026-03-03 22:41:03,693 - INFO -   ↳ Saved best model (val_corr=0.218569)
2026-03-03 22:41:11,502 - INFO - Epoch  48/50 | Train: 0.156487 | Val: 0.166029 | Corr: 0.218995 | LR: 1.00e-04
2026-03-03 22:41:11,547 - INFO -   ↳ Saved best model (val_corr=0.218995)
2026-03-03 22:41:19,318 - INFO - Epoch  49/50 | Train: 0.156293 | Val: 0.165998 | Corr: 0.219678 | LR: 1.00e-04
2026-03-03 22:41:19,366 - INFO -   ↳ Saved best model (val_corr=0.219678)
2026-03-03 22:41:27,079 - INFO - Epoch  50/50 | Train: 0.156150 | Val: 0.165957 | Corr: 0.219452 | LR: 1.00e-04
2026-03-03 22:41:27,079 - INFO - Training complete — best val corr: 0.219678
2026-03-03 22:41:28,828 - INFO - Test loss: 0.154782, Test corr: 0.214348
2026-03-03 22:41:29,525 - INFO - Fraction of variance explained (FVE): 0.055476
2026-03-03 22:41:29,525 - INFO - Computing autoregressive (AR) test predictions …
2026-03-03 22:41:30,356 - INFO - AR FVE: -0.016495, AR test corr: 0.050344
2026-03-03 22:41:30,356 - INFO - Generating figures …
2026-03-03 22:41:31,004 - INFO - Correlation between predicted and actual per-neuron averages: r=0.9940, p=0.00e+00
2026-03-03 22:41:33,105 - INFO - Pattern selectivity summary:
2026-03-03 22:41:33,105 - INFO -   Mean correlation across neurons: 0.6370
2026-03-03 22:41:33,105 - INFO -   Median correlation: 0.6402
2026-03-03 22:41:33,105 - INFO -   Neurons with r > 0.5: 50 / 63
2026-03-03 22:41:33,105 - INFO -   Neurons with r > 0.3: 61 / 63
2026-03-03 22:41:33,105 - INFO - Pattern selectivity — mean neuron corr: 0.6370
2026-03-03 22:41:34,802 - INFO - LOO (avg rate) — Model mean r: 0.5296, LOO mean r: 0.4546, Neurons model > LOO: 39/63
2026-03-03 22:41:37,036 - INFO - LOO (temporal) — Model mean r: 0.2242, LOO mean r: 0.3186, Neurons model > LOO: 9/63
2026-03-03 22:41:37,036 - INFO - Skipping oracle trial plots (skip_oracle_plots=True)
2026-03-03 22:41:37,052 - INFO - Experiment complete. Summary: {
  "run_dir": "/scratch/sb272/patterns5k_results/slurm_hist_cnn_2026-03-03_15-13-01/trial_0006_learning_rate=1.0e-04_history=1_kernel_sizes=10x5x3_conv_channels=256x128x64_fc_dims=256_seed0",
  "model_type": "cnn",
  "batch_avg_test_loss": 0.1547822778224945,
  "batch_avg_test_corr": 0.21434807204890086,
  "all_test_fve": 0.055476310707273935,
  "AR_FVE": -0.01649527417288886,
  "AR_test_correlation": 0.05034403130412102,
  "best_val_corr": 0.2196782609921127,
  "total_params": 491391,
  "trainable_params": 491391,
  "epochs_trained": 50,
  "mean_pattern_corr": 0.637020867383548,
  "history": 1,
  "init_state": true,
  "loo_avg_mean_corr": 0.45456832695830385,
  "model_avg_mean_corr": 0.5296263793211639,
  "neurons_model_beats_loo_avg": 39,
  "loo_temporal_mean_corr": 0.31855225563049316,
  "all_test_corr": 0.2242373824119568,
  "neurons_model_beats_loo_temporal": 9,
  "kernel_sizes": [
    10,
    5,
    3
  ],
  "conv_channels": [
    256,
    128,
    64
  ],
  "fc_dims": [
    256
  ]
}
