2026-03-06 00:05:41,707 - INFO - ============================================================
2026-03-06 00:05:41,707 - INFO - Experiment run directory: /scratch/sb272/patterns5k_results/slurm_hist_cnn_2026-03-05_16-01-45/trial_0195_learning_rate=1.0e-04_history=10_kernel_sizes=3x3_conv_channels=64x128_fc_dims=128_seed0
2026-03-06 00:05:41,708 - INFO - ============================================================
2026-03-06 00:05:41,708 - INFO - Loading data …
2026-03-06 00:05:44,303 - INFO - 63 unique neurons after dropping problematic neurons
2026-03-06 00:05:45,866 - INFO - Stimulation channels: 42, Spiking neurons: 63
2026-03-06 00:07:42,172 - INFO - Unique patterns: 4050, Total trials: 5000
2026-03-06 00:07:42,174 - INFO - Stimulation channels: 42, Spiking neurons: 63
2026-03-06 00:07:42,174 - INFO - Unique patterns: 4050, Total trials: 5000
2026-03-06 00:07:42,192 - INFO - Split (oracle): train=3400, val=600, test=1000
2026-03-06 00:07:59,583 - INFO - BinnedStimSpikeDataset initialized:
2026-03-06 00:07:59,584 - INFO -   input_bin_size_ms=10, output_bin_size_ms=10
2026-03-06 00:07:59,585 - INFO -   n_input_bins=60, n_output_bins=60
2026-03-06 00:07:59,585 - INFO -   output_offset=0, total_bins_input=60, total_bins_output=60
2026-03-06 00:07:59,585 - INFO -   Valid start positions per trial: 0 to 0
2026-03-06 00:07:59,585 - INFO -   Total samples: 3400 (3400 trials × 1 positions)
2026-03-06 00:08:16,377 - INFO - BinnedStimSpikeDataset initialized:
2026-03-06 00:08:16,378 - INFO -   input_bin_size_ms=10, output_bin_size_ms=10
2026-03-06 00:08:16,378 - INFO -   n_input_bins=60, n_output_bins=60
2026-03-06 00:08:16,378 - INFO -   output_offset=0, total_bins_input=60, total_bins_output=60
2026-03-06 00:08:16,378 - INFO -   Valid start positions per trial: 0 to 0
2026-03-06 00:08:16,378 - INFO -   Total samples: 600 (600 trials × 1 positions)
2026-03-06 00:08:33,500 - INFO - BinnedStimSpikeDataset initialized:
2026-03-06 00:08:33,500 - INFO -   input_bin_size_ms=10, output_bin_size_ms=10
2026-03-06 00:08:33,500 - INFO -   n_input_bins=60, n_output_bins=60
2026-03-06 00:08:33,500 - INFO -   output_offset=0, total_bins_input=60, total_bins_output=60
2026-03-06 00:08:33,500 - INFO -   Valid start positions per trial: 0 to 0
2026-03-06 00:08:33,500 - INFO -   Total samples: 1000 (1000 trials × 1 positions)
2026-03-06 00:08:33,500 - INFO - Samples — train: 3400, val: 600, test: 1000
2026-03-06 00:08:33,500 - INFO - Input channels: 105, Neurons: 63
2026-03-06 00:08:33,522 - INFO - Using CPU
2026-03-06 00:08:33,542 - INFO - Model: CNN — 69,951 trainable params (69,951 total)
2026-03-06 00:08:38,457 - INFO - Starting training …
2026-03-06 00:08:44,183 - INFO - Epoch   1/50 | Train: 0.556097 | Val: 0.240615 | Corr: 0.040032 | LR: 1.00e-04
2026-03-06 00:08:44,195 - INFO -   ↳ Saved best model (val_corr=0.040032)
2026-03-06 00:08:48,199 - INFO - Epoch   2/50 | Train: 0.199622 | Val: 0.194778 | Corr: 0.055040 | LR: 1.00e-04
2026-03-06 00:08:48,213 - INFO -   ↳ Saved best model (val_corr=0.055040)
2026-03-06 00:08:51,931 - INFO - Epoch   3/50 | Train: 0.189576 | Val: 0.191886 | Corr: 0.061221 | LR: 1.00e-04
2026-03-06 00:08:51,939 - INFO -   ↳ Saved best model (val_corr=0.061221)
2026-03-06 00:08:55,729 - INFO - Epoch   4/50 | Train: 0.188224 | Val: 0.190699 | Corr: 0.064118 | LR: 1.00e-04
2026-03-06 00:08:55,741 - INFO -   ↳ Saved best model (val_corr=0.064118)
2026-03-06 00:08:59,661 - INFO - Epoch   5/50 | Train: 0.187383 | Val: 0.189217 | Corr: 0.066058 | LR: 1.00e-04
2026-03-06 00:08:59,673 - INFO -   ↳ Saved best model (val_corr=0.066058)
2026-03-06 00:09:03,698 - INFO - Epoch   6/50 | Train: 0.186803 | Val: 0.190256 | Corr: 0.067559 | LR: 1.00e-04
2026-03-06 00:09:03,706 - INFO -   ↳ Saved best model (val_corr=0.067559)
2026-03-06 00:09:07,502 - INFO - Epoch   7/50 | Train: 0.186223 | Val: 0.188702 | Corr: 0.069189 | LR: 1.00e-04
2026-03-06 00:09:07,510 - INFO -   ↳ Saved best model (val_corr=0.069189)
2026-03-06 00:09:11,411 - INFO - Epoch   8/50 | Train: 0.185766 | Val: 0.187326 | Corr: 0.070315 | LR: 1.00e-04
2026-03-06 00:09:11,420 - INFO -   ↳ Saved best model (val_corr=0.070315)
2026-03-06 00:09:15,290 - INFO - Epoch   9/50 | Train: 0.185307 | Val: 0.187669 | Corr: 0.071740 | LR: 1.00e-04
2026-03-06 00:09:15,298 - INFO -   ↳ Saved best model (val_corr=0.071740)
2026-03-06 00:09:19,299 - INFO - Epoch  10/50 | Train: 0.184813 | Val: 0.187663 | Corr: 0.073438 | LR: 1.00e-04
2026-03-06 00:09:19,308 - INFO -   ↳ Saved best model (val_corr=0.073438)
2026-03-06 00:09:23,302 - INFO - Epoch  11/50 | Train: 0.184466 | Val: 0.188300 | Corr: 0.074789 | LR: 1.00e-04
2026-03-06 00:09:23,311 - INFO -   ↳ Saved best model (val_corr=0.074789)
2026-03-06 00:09:27,566 - INFO - Epoch  12/50 | Train: 0.184076 | Val: 0.187405 | Corr: 0.075851 | LR: 1.00e-04
2026-03-06 00:09:27,576 - INFO -   ↳ Saved best model (val_corr=0.075851)
2026-03-06 00:09:31,503 - INFO - Epoch  13/50 | Train: 0.183659 | Val: 0.186653 | Corr: 0.076755 | LR: 1.00e-04
2026-03-06 00:09:31,512 - INFO -   ↳ Saved best model (val_corr=0.076755)
2026-03-06 00:09:35,558 - INFO - Epoch  14/50 | Train: 0.183299 | Val: 0.186363 | Corr: 0.078039 | LR: 1.00e-04
2026-03-06 00:09:35,566 - INFO -   ↳ Saved best model (val_corr=0.078039)
2026-03-06 00:09:39,615 - INFO - Epoch  15/50 | Train: 0.183005 | Val: 0.186773 | Corr: 0.079268 | LR: 1.00e-04
2026-03-06 00:09:39,627 - INFO -   ↳ Saved best model (val_corr=0.079268)
2026-03-06 00:09:44,029 - INFO - Epoch  16/50 | Train: 0.182556 | Val: 0.186131 | Corr: 0.080707 | LR: 1.00e-04
2026-03-06 00:09:44,040 - INFO -   ↳ Saved best model (val_corr=0.080707)
2026-03-06 00:09:48,692 - INFO - Epoch  17/50 | Train: 0.182273 | Val: 0.186139 | Corr: 0.082121 | LR: 1.00e-04
2026-03-06 00:09:48,702 - INFO -   ↳ Saved best model (val_corr=0.082121)
2026-03-06 00:09:53,249 - INFO - Epoch  18/50 | Train: 0.182034 | Val: 0.185586 | Corr: 0.083435 | LR: 1.00e-04
2026-03-06 00:09:53,261 - INFO -   ↳ Saved best model (val_corr=0.083435)
2026-03-06 00:09:57,740 - INFO - Epoch  19/50 | Train: 0.181701 | Val: 0.186028 | Corr: 0.084635 | LR: 1.00e-04
2026-03-06 00:09:57,748 - INFO -   ↳ Saved best model (val_corr=0.084635)
2026-03-06 00:10:02,154 - INFO - Epoch  20/50 | Train: 0.181404 | Val: 0.185094 | Corr: 0.085923 | LR: 1.00e-04
2026-03-06 00:10:02,163 - INFO -   ↳ Saved best model (val_corr=0.085923)
2026-03-06 00:10:06,724 - INFO - Epoch  21/50 | Train: 0.181304 | Val: 0.185336 | Corr: 0.087329 | LR: 1.00e-04
2026-03-06 00:10:06,736 - INFO -   ↳ Saved best model (val_corr=0.087329)
2026-03-06 00:10:11,161 - INFO - Epoch  22/50 | Train: 0.181035 | Val: 0.186069 | Corr: 0.087987 | LR: 1.00e-04
2026-03-06 00:10:11,176 - INFO -   ↳ Saved best model (val_corr=0.087987)
2026-03-06 00:10:14,084 - INFO - Epoch  23/50 | Train: 0.180767 | Val: 0.185697 | Corr: 0.089076 | LR: 1.00e-04
2026-03-06 00:10:14,092 - INFO -   ↳ Saved best model (val_corr=0.089076)
2026-03-06 00:10:18,245 - INFO - Epoch  24/50 | Train: 0.180549 | Val: 0.185733 | Corr: 0.090480 | LR: 1.00e-04
2026-03-06 00:10:18,255 - INFO -   ↳ Saved best model (val_corr=0.090480)
2026-03-06 00:10:22,350 - INFO - Epoch  25/50 | Train: 0.180321 | Val: 0.185281 | Corr: 0.091041 | LR: 1.00e-04
2026-03-06 00:10:22,358 - INFO -   ↳ Saved best model (val_corr=0.091041)
2026-03-06 00:10:26,167 - INFO - Epoch  26/50 | Train: 0.180188 | Val: 0.184618 | Corr: 0.091959 | LR: 1.00e-04
2026-03-06 00:10:26,177 - INFO -   ↳ Saved best model (val_corr=0.091959)
2026-03-06 00:10:30,381 - INFO - Epoch  27/50 | Train: 0.180006 | Val: 0.184607 | Corr: 0.092908 | LR: 1.00e-04
2026-03-06 00:10:30,389 - INFO -   ↳ Saved best model (val_corr=0.092908)
2026-03-06 00:10:35,087 - INFO - Epoch  28/50 | Train: 0.179823 | Val: 0.184638 | Corr: 0.094260 | LR: 1.00e-04
2026-03-06 00:10:35,097 - INFO -   ↳ Saved best model (val_corr=0.094260)
2026-03-06 00:10:39,770 - INFO - Epoch  29/50 | Train: 0.179676 | Val: 0.184681 | Corr: 0.095136 | LR: 1.00e-04
2026-03-06 00:10:39,789 - INFO -   ↳ Saved best model (val_corr=0.095136)
2026-03-06 00:10:44,461 - INFO - Epoch  30/50 | Train: 0.179502 | Val: 0.184208 | Corr: 0.096590 | LR: 1.00e-04
2026-03-06 00:10:44,469 - INFO -   ↳ Saved best model (val_corr=0.096590)
2026-03-06 00:10:49,084 - INFO - Epoch  31/50 | Train: 0.179361 | Val: 0.184532 | Corr: 0.097128 | LR: 1.00e-04
2026-03-06 00:10:49,094 - INFO -   ↳ Saved best model (val_corr=0.097128)
2026-03-06 00:10:53,855 - INFO - Epoch  32/50 | Train: 0.179191 | Val: 0.184060 | Corr: 0.097997 | LR: 1.00e-04
2026-03-06 00:10:53,863 - INFO -   ↳ Saved best model (val_corr=0.097997)
2026-03-06 00:10:58,385 - INFO - Epoch  33/50 | Train: 0.179035 | Val: 0.183932 | Corr: 0.099105 | LR: 1.00e-04
2026-03-06 00:10:58,394 - INFO -   ↳ Saved best model (val_corr=0.099105)
2026-03-06 00:11:01,926 - INFO - Epoch  34/50 | Train: 0.178902 | Val: 0.183564 | Corr: 0.099488 | LR: 1.00e-04
2026-03-06 00:11:01,935 - INFO -   ↳ Saved best model (val_corr=0.099488)
2026-03-06 00:11:05,952 - INFO - Epoch  35/50 | Train: 0.178781 | Val: 0.184130 | Corr: 0.101568 | LR: 1.00e-04
2026-03-06 00:11:05,961 - INFO -   ↳ Saved best model (val_corr=0.101568)
2026-03-06 00:11:09,941 - INFO - Epoch  36/50 | Train: 0.178683 | Val: 0.183704 | Corr: 0.101993 | LR: 1.00e-04
2026-03-06 00:11:09,951 - INFO -   ↳ Saved best model (val_corr=0.101993)
2026-03-06 00:11:13,973 - INFO - Epoch  37/50 | Train: 0.178556 | Val: 0.183426 | Corr: 0.103358 | LR: 1.00e-04
2026-03-06 00:11:13,982 - INFO -   ↳ Saved best model (val_corr=0.103358)
2026-03-06 00:11:18,043 - INFO - Epoch  38/50 | Train: 0.178448 | Val: 0.182640 | Corr: 0.103278 | LR: 1.00e-04
2026-03-06 00:11:22,693 - INFO - Epoch  39/50 | Train: 0.178401 | Val: 0.183024 | Corr: 0.104403 | LR: 1.00e-04
2026-03-06 00:11:22,703 - INFO -   ↳ Saved best model (val_corr=0.104403)
2026-03-06 00:11:27,444 - INFO - Epoch  40/50 | Train: 0.178197 | Val: 0.183108 | Corr: 0.105588 | LR: 1.00e-04
2026-03-06 00:11:27,453 - INFO -   ↳ Saved best model (val_corr=0.105588)
2026-03-06 00:11:31,958 - INFO - Epoch  41/50 | Train: 0.178148 | Val: 0.182840 | Corr: 0.106627 | LR: 1.00e-04
2026-03-06 00:11:31,973 - INFO -   ↳ Saved best model (val_corr=0.106627)
2026-03-06 00:11:36,437 - INFO - Epoch  42/50 | Train: 0.177998 | Val: 0.183352 | Corr: 0.107281 | LR: 1.00e-04
2026-03-06 00:11:36,446 - INFO -   ↳ Saved best model (val_corr=0.107281)
2026-03-06 00:11:40,850 - INFO - Epoch  43/50 | Train: 0.177861 | Val: 0.182054 | Corr: 0.108043 | LR: 1.00e-04
2026-03-06 00:11:40,860 - INFO -   ↳ Saved best model (val_corr=0.108043)
2026-03-06 00:11:45,377 - INFO - Epoch  44/50 | Train: 0.177851 | Val: 0.183095 | Corr: 0.108413 | LR: 1.00e-04
2026-03-06 00:11:45,385 - INFO -   ↳ Saved best model (val_corr=0.108413)
2026-03-06 00:11:49,040 - INFO - Epoch  45/50 | Train: 0.177747 | Val: 0.182719 | Corr: 0.109609 | LR: 1.00e-04
2026-03-06 00:11:49,047 - INFO -   ↳ Saved best model (val_corr=0.109609)
2026-03-06 00:11:52,783 - INFO - Epoch  46/50 | Train: 0.177641 | Val: 0.183257 | Corr: 0.110063 | LR: 1.00e-04
2026-03-06 00:11:52,795 - INFO -   ↳ Saved best model (val_corr=0.110063)
2026-03-06 00:11:56,526 - INFO - Epoch  47/50 | Train: 0.177517 | Val: 0.182421 | Corr: 0.110881 | LR: 1.00e-04
2026-03-06 00:11:56,534 - INFO -   ↳ Saved best model (val_corr=0.110881)
2026-03-06 00:12:00,301 - INFO - Epoch  48/50 | Train: 0.177463 | Val: 0.182240 | Corr: 0.111756 | LR: 1.00e-04
2026-03-06 00:12:00,311 - INFO -   ↳ Saved best model (val_corr=0.111756)
2026-03-06 00:12:04,241 - INFO - Epoch  49/50 | Train: 0.177360 | Val: 0.182194 | Corr: 0.111803 | LR: 5.00e-05
2026-03-06 00:12:04,251 - INFO -   ↳ Saved best model (val_corr=0.111803)
2026-03-06 00:12:08,565 - INFO - Epoch  50/50 | Train: 0.177224 | Val: 0.182271 | Corr: 0.112723 | LR: 5.00e-05
2026-03-06 00:12:08,576 - INFO -   ↳ Saved best model (val_corr=0.112723)
2026-03-06 00:12:08,576 - INFO - Training complete — best val corr: 0.112723
2026-03-06 00:12:10,284 - INFO - Test loss: 0.171230, Test corr: 0.114704
2026-03-06 00:12:10,564 - INFO - Fraction of variance explained (FVE): 0.009830
2026-03-06 00:12:10,564 - INFO - Computing autoregressive (AR) test predictions …
2026-03-06 00:12:11,076 - INFO - AR FVE: 0.006114, AR test corr: 0.105146
2026-03-06 00:12:11,076 - INFO - Generating figures …
2026-03-06 00:12:11,593 - INFO - Correlation between predicted and actual per-neuron averages: r=0.9952, p=0.00e+00
2026-03-06 00:12:14,124 - INFO - Pattern selectivity summary:
2026-03-06 00:12:14,124 - INFO -   Mean correlation across neurons: 0.4274
2026-03-06 00:12:14,125 - INFO -   Median correlation: 0.4083
2026-03-06 00:12:14,125 - INFO -   Neurons with r > 0.5: 22 / 63
2026-03-06 00:12:14,125 - INFO -   Neurons with r > 0.3: 47 / 63
2026-03-06 00:12:14,125 - INFO - Pattern selectivity — mean neuron corr: 0.4274
2026-03-06 00:12:16,267 - INFO - LOO (avg rate) — Model mean r: 0.2921, LOO mean r: 0.4546, Neurons model > LOO: 9/63
2026-03-06 00:12:19,469 - INFO - LOO (temporal) — Model mean r: 0.1182, LOO mean r: 0.3186, Neurons model > LOO: 0/63
2026-03-06 00:12:19,469 - INFO - Skipping oracle trial plots (skip_oracle_plots=True)
2026-03-06 00:12:19,476 - INFO - Experiment complete. Summary: {
  "run_dir": "/scratch/sb272/patterns5k_results/slurm_hist_cnn_2026-03-05_16-01-45/trial_0195_learning_rate=1.0e-04_history=10_kernel_sizes=3x3_conv_channels=64x128_fc_dims=128_seed0",
  "model_type": "cnn",
  "batch_avg_test_loss": 0.17122960770130158,
  "batch_avg_test_corr": 0.11470384235242606,
  "all_test_fve": 0.009829580783843994,
  "AR_FVE": 0.006113743971264552,
  "AR_test_correlation": 0.10514647513628006,
  "best_val_corr": 0.11272328471198165,
  "total_params": 69951,
  "trainable_params": 69951,
  "epochs_trained": 50,
  "mean_pattern_corr": 0.42741845285433866,
  "history": 10,
  "init_state": true,
  "loo_avg_mean_corr": 0.45456832695830385,
  "model_avg_mean_corr": 0.29211659471349843,
  "neurons_model_beats_loo_avg": 9,
  "loo_temporal_mean_corr": 0.31855225563049316,
  "all_test_corr": 0.1181672215461731,
  "neurons_model_beats_loo_temporal": 0,
  "kernel_sizes": [
    3,
    3
  ],
  "conv_channels": [
    64,
    128
  ],
  "fc_dims": [
    128
  ]
}
