2026-03-06 04:58:15,912 - INFO - ============================================================
2026-03-06 04:58:15,912 - INFO - Experiment run directory: /scratch/sb272/patterns5k_results/slurm_hist_cnn_2026-03-05_16-01-45/trial_0544_learning_rate=1.0e-03_history=2_kernel_sizes=5x3_conv_channels=128x256_fc_dims=512_seed1
2026-03-06 04:58:15,912 - INFO - ============================================================
2026-03-06 04:58:15,912 - INFO - Loading data …
2026-03-06 04:58:16,724 - INFO - 63 unique neurons after dropping problematic neurons
2026-03-06 04:58:17,802 - INFO - Stimulation channels: 42, Spiking neurons: 63
2026-03-06 05:00:07,922 - INFO - Unique patterns: 4050, Total trials: 5000
2026-03-06 05:00:07,923 - INFO - Stimulation channels: 42, Spiking neurons: 63
2026-03-06 05:00:07,923 - INFO - Unique patterns: 4050, Total trials: 5000
2026-03-06 05:00:07,938 - INFO - Split (oracle): train=3400, val=600, test=1000
2026-03-06 05:00:30,341 - INFO - BinnedStimSpikeDataset initialized:
2026-03-06 05:00:30,342 - INFO -   input_bin_size_ms=10, output_bin_size_ms=10
2026-03-06 05:00:30,342 - INFO -   n_input_bins=60, n_output_bins=60
2026-03-06 05:00:30,342 - INFO -   output_offset=0, total_bins_input=60, total_bins_output=60
2026-03-06 05:00:30,342 - INFO -   Valid start positions per trial: 0 to 0
2026-03-06 05:00:30,342 - INFO -   Total samples: 3400 (3400 trials × 1 positions)
2026-03-06 05:00:52,202 - INFO - BinnedStimSpikeDataset initialized:
2026-03-06 05:00:52,202 - INFO -   input_bin_size_ms=10, output_bin_size_ms=10
2026-03-06 05:00:52,202 - INFO -   n_input_bins=60, n_output_bins=60
2026-03-06 05:00:52,202 - INFO -   output_offset=0, total_bins_input=60, total_bins_output=60
2026-03-06 05:00:52,202 - INFO -   Valid start positions per trial: 0 to 0
2026-03-06 05:00:52,202 - INFO -   Total samples: 600 (600 trials × 1 positions)
2026-03-06 05:01:14,224 - INFO - BinnedStimSpikeDataset initialized:
2026-03-06 05:01:14,224 - INFO -   input_bin_size_ms=10, output_bin_size_ms=10
2026-03-06 05:01:14,224 - INFO -   n_input_bins=60, n_output_bins=60
2026-03-06 05:01:14,224 - INFO -   output_offset=0, total_bins_input=60, total_bins_output=60
2026-03-06 05:01:14,224 - INFO -   Valid start positions per trial: 0 to 0
2026-03-06 05:01:14,224 - INFO -   Total samples: 1000 (1000 trials × 1 positions)
2026-03-06 05:01:14,225 - INFO - Samples — train: 3400, val: 600, test: 1000
2026-03-06 05:01:14,225 - INFO - Input channels: 105, Neurons: 63
2026-03-06 05:01:14,229 - INFO - Using CPU
2026-03-06 05:01:14,246 - INFO - Model: CNN — 330,559 trainable params (330,559 total)
2026-03-06 05:01:18,504 - INFO - Starting training …
2026-03-06 05:01:25,796 - INFO - Epoch   1/50 | Train: 0.199049 | Val: 0.176306 | Corr: 0.156189 | LR: 1.00e-03
2026-03-06 05:01:25,813 - INFO -   ↳ Saved best model (val_corr=0.156189)
2026-03-06 05:01:32,142 - INFO - Epoch   2/50 | Train: 0.172545 | Val: 0.175817 | Corr: 0.182123 | LR: 1.00e-03
2026-03-06 05:01:32,159 - INFO -   ↳ Saved best model (val_corr=0.182123)
2026-03-06 05:01:38,247 - INFO - Epoch   3/50 | Train: 0.169191 | Val: 0.169082 | Corr: 0.203213 | LR: 1.00e-03
2026-03-06 05:01:38,262 - INFO -   ↳ Saved best model (val_corr=0.203213)
2026-03-06 05:01:44,367 - INFO - Epoch   4/50 | Train: 0.167132 | Val: 0.172618 | Corr: 0.214908 | LR: 1.00e-03
2026-03-06 05:01:44,383 - INFO -   ↳ Saved best model (val_corr=0.214908)
2026-03-06 05:01:50,552 - INFO - Epoch   5/50 | Train: 0.165689 | Val: 0.165920 | Corr: 0.223971 | LR: 1.00e-03
2026-03-06 05:01:50,565 - INFO -   ↳ Saved best model (val_corr=0.223971)
2026-03-06 05:01:56,776 - INFO - Epoch   6/50 | Train: 0.164676 | Val: 0.165347 | Corr: 0.231841 | LR: 1.00e-03
2026-03-06 05:01:56,790 - INFO -   ↳ Saved best model (val_corr=0.231841)
2026-03-06 05:02:02,976 - INFO - Epoch   7/50 | Train: 0.163878 | Val: 0.166468 | Corr: 0.237341 | LR: 1.00e-03
2026-03-06 05:02:02,992 - INFO -   ↳ Saved best model (val_corr=0.237341)
2026-03-06 05:02:09,143 - INFO - Epoch   8/50 | Train: 0.162999 | Val: 0.164217 | Corr: 0.239770 | LR: 1.00e-03
2026-03-06 05:02:09,186 - INFO -   ↳ Saved best model (val_corr=0.239770)
2026-03-06 05:02:15,427 - INFO - Epoch   9/50 | Train: 0.162577 | Val: 0.164337 | Corr: 0.244324 | LR: 1.00e-03
2026-03-06 05:02:15,441 - INFO -   ↳ Saved best model (val_corr=0.244324)
2026-03-06 05:02:21,633 - INFO - Epoch  10/50 | Train: 0.161831 | Val: 0.165699 | Corr: 0.246028 | LR: 1.00e-03
2026-03-06 05:02:21,647 - INFO -   ↳ Saved best model (val_corr=0.246028)
2026-03-06 05:02:27,940 - INFO - Epoch  11/50 | Train: 0.161454 | Val: 0.164649 | Corr: 0.248917 | LR: 1.00e-03
2026-03-06 05:02:27,960 - INFO -   ↳ Saved best model (val_corr=0.248917)
2026-03-06 05:02:34,162 - INFO - Epoch  12/50 | Train: 0.160863 | Val: 0.163275 | Corr: 0.250728 | LR: 1.00e-03
2026-03-06 05:02:34,179 - INFO -   ↳ Saved best model (val_corr=0.250728)
2026-03-06 05:02:40,462 - INFO - Epoch  13/50 | Train: 0.160714 | Val: 0.164488 | Corr: 0.251413 | LR: 1.00e-03
2026-03-06 05:02:40,478 - INFO -   ↳ Saved best model (val_corr=0.251413)
2026-03-06 05:02:46,767 - INFO - Epoch  14/50 | Train: 0.160196 | Val: 0.164614 | Corr: 0.254049 | LR: 1.00e-03
2026-03-06 05:02:46,786 - INFO -   ↳ Saved best model (val_corr=0.254049)
2026-03-06 05:02:53,085 - INFO - Epoch  15/50 | Train: 0.159821 | Val: 0.163448 | Corr: 0.255596 | LR: 1.00e-03
2026-03-06 05:02:53,098 - INFO -   ↳ Saved best model (val_corr=0.255596)
2026-03-06 05:02:59,244 - INFO - Epoch  16/50 | Train: 0.159784 | Val: 0.161775 | Corr: 0.254694 | LR: 1.00e-03
2026-03-06 05:03:05,447 - INFO - Epoch  17/50 | Train: 0.159284 | Val: 0.163807 | Corr: 0.255994 | LR: 1.00e-03
2026-03-06 05:03:05,462 - INFO -   ↳ Saved best model (val_corr=0.255994)
2026-03-06 05:03:11,670 - INFO - Epoch  18/50 | Train: 0.159138 | Val: 0.164137 | Corr: 0.257174 | LR: 1.00e-03
2026-03-06 05:03:11,684 - INFO -   ↳ Saved best model (val_corr=0.257174)
2026-03-06 05:03:17,916 - INFO - Epoch  19/50 | Train: 0.158688 | Val: 0.162806 | Corr: 0.256056 | LR: 1.00e-03
2026-03-06 05:03:24,117 - INFO - Epoch  20/50 | Train: 0.158464 | Val: 0.162554 | Corr: 0.257241 | LR: 1.00e-03
2026-03-06 05:03:24,131 - INFO -   ↳ Saved best model (val_corr=0.257241)
2026-03-06 05:03:30,442 - INFO - Epoch  21/50 | Train: 0.158301 | Val: 0.163815 | Corr: 0.255697 | LR: 1.00e-03
2026-03-06 05:03:36,714 - INFO - Epoch  22/50 | Train: 0.158057 | Val: 0.161340 | Corr: 0.259736 | LR: 1.00e-03
2026-03-06 05:03:36,726 - INFO -   ↳ Saved best model (val_corr=0.259736)
2026-03-06 05:03:42,970 - INFO - Epoch  23/50 | Train: 0.157817 | Val: 0.162219 | Corr: 0.259536 | LR: 1.00e-03
2026-03-06 05:03:49,249 - INFO - Epoch  24/50 | Train: 0.157556 | Val: 0.162077 | Corr: 0.259336 | LR: 1.00e-03
2026-03-06 05:03:55,443 - INFO - Epoch  25/50 | Train: 0.157532 | Val: 0.163676 | Corr: 0.259557 | LR: 1.00e-03
2026-03-06 05:04:01,697 - INFO - Epoch  26/50 | Train: 0.157247 | Val: 0.161531 | Corr: 0.258340 | LR: 1.00e-03
2026-03-06 05:04:07,934 - INFO - Epoch  27/50 | Train: 0.157079 | Val: 0.162245 | Corr: 0.261250 | LR: 1.00e-03
2026-03-06 05:04:07,948 - INFO -   ↳ Saved best model (val_corr=0.261250)
2026-03-06 05:04:14,179 - INFO - Epoch  28/50 | Train: 0.156870 | Val: 0.163063 | Corr: 0.261448 | LR: 5.00e-04
2026-03-06 05:04:14,191 - INFO -   ↳ Saved best model (val_corr=0.261448)
2026-03-06 05:04:20,439 - INFO - Epoch  29/50 | Train: 0.155929 | Val: 0.161595 | Corr: 0.263699 | LR: 5.00e-04
2026-03-06 05:04:20,453 - INFO -   ↳ Saved best model (val_corr=0.263699)
2026-03-06 05:04:26,687 - INFO - Epoch  30/50 | Train: 0.155722 | Val: 0.162285 | Corr: 0.261693 | LR: 5.00e-04
2026-03-06 05:04:32,923 - INFO - Epoch  31/50 | Train: 0.155608 | Val: 0.160719 | Corr: 0.263433 | LR: 5.00e-04
2026-03-06 05:04:39,222 - INFO - Epoch  32/50 | Train: 0.155524 | Val: 0.162297 | Corr: 0.263414 | LR: 5.00e-04
2026-03-06 05:04:45,564 - INFO - Epoch  33/50 | Train: 0.155424 | Val: 0.161300 | Corr: 0.263585 | LR: 5.00e-04
2026-03-06 05:04:51,798 - INFO - Epoch  34/50 | Train: 0.155242 | Val: 0.161729 | Corr: 0.263131 | LR: 5.00e-04
2026-03-06 05:04:57,950 - INFO - Epoch  35/50 | Train: 0.155189 | Val: 0.161233 | Corr: 0.262670 | LR: 5.00e-04
2026-03-06 05:05:04,165 - INFO - Epoch  36/50 | Train: 0.155047 | Val: 0.162135 | Corr: 0.261749 | LR: 5.00e-04
2026-03-06 05:05:10,409 - INFO - Epoch  37/50 | Train: 0.155070 | Val: 0.160892 | Corr: 0.264061 | LR: 2.50e-04
2026-03-06 05:05:10,436 - INFO -   ↳ Saved best model (val_corr=0.264061)
2026-03-06 05:05:16,540 - INFO - Epoch  38/50 | Train: 0.154467 | Val: 0.161155 | Corr: 0.263994 | LR: 2.50e-04
2026-03-06 05:05:22,673 - INFO - Epoch  39/50 | Train: 0.154389 | Val: 0.161308 | Corr: 0.264019 | LR: 2.50e-04
2026-03-06 05:05:28,788 - INFO - Epoch  40/50 | Train: 0.154267 | Val: 0.161832 | Corr: 0.262640 | LR: 2.50e-04
2026-03-06 05:05:34,951 - INFO - Epoch  41/50 | Train: 0.154243 | Val: 0.162027 | Corr: 0.263223 | LR: 2.50e-04
2026-03-06 05:05:41,186 - INFO - Epoch  42/50 | Train: 0.154183 | Val: 0.160925 | Corr: 0.264285 | LR: 2.50e-04
2026-03-06 05:05:41,201 - INFO -   ↳ Saved best model (val_corr=0.264285)
2026-03-06 05:05:47,442 - INFO - Epoch  43/50 | Train: 0.154199 | Val: 0.161203 | Corr: 0.263934 | LR: 1.25e-04
2026-03-06 05:05:53,605 - INFO - Epoch  44/50 | Train: 0.153928 | Val: 0.161114 | Corr: 0.265177 | LR: 1.25e-04
2026-03-06 05:05:53,621 - INFO -   ↳ Saved best model (val_corr=0.265177)
2026-03-06 05:05:59,791 - INFO - Epoch  45/50 | Train: 0.153845 | Val: 0.161979 | Corr: 0.263261 | LR: 1.25e-04
2026-03-06 05:06:05,954 - INFO - Epoch  46/50 | Train: 0.153816 | Val: 0.161563 | Corr: 0.264203 | LR: 1.25e-04
2026-03-06 05:06:12,083 - INFO - Epoch  47/50 | Train: 0.153815 | Val: 0.161943 | Corr: 0.263233 | LR: 1.25e-04
2026-03-06 05:06:18,334 - INFO - Epoch  48/50 | Train: 0.153712 | Val: 0.161805 | Corr: 0.264088 | LR: 1.25e-04
2026-03-06 05:06:24,646 - INFO - Epoch  49/50 | Train: 0.153773 | Val: 0.161233 | Corr: 0.264254 | LR: 6.25e-05
2026-03-06 05:06:30,887 - INFO - Epoch  50/50 | Train: 0.153578 | Val: 0.161624 | Corr: 0.264200 | LR: 6.25e-05
2026-03-06 05:06:30,887 - INFO - Training complete — best val corr: 0.265177
2026-03-06 05:06:32,423 - INFO - Test loss: 0.152836, Test corr: 0.253718
2026-03-06 05:06:32,893 - INFO - Fraction of variance explained (FVE): 0.075921
2026-03-06 05:06:32,893 - INFO - Computing autoregressive (AR) test predictions …
2026-03-06 05:06:33,565 - INFO - AR FVE: 0.000659, AR test corr: 0.091310
2026-03-06 05:06:33,565 - INFO - Generating figures …
2026-03-06 05:06:34,042 - INFO - Correlation between predicted and actual per-neuron averages: r=0.9959, p=0.00e+00
2026-03-06 05:06:36,200 - INFO - Pattern selectivity summary:
2026-03-06 05:06:36,200 - INFO -   Mean correlation across neurons: 0.7579
2026-03-06 05:06:36,200 - INFO -   Median correlation: 0.7887
2026-03-06 05:06:36,200 - INFO -   Neurons with r > 0.5: 58 / 63
2026-03-06 05:06:36,200 - INFO -   Neurons with r > 0.3: 62 / 63
2026-03-06 05:06:36,201 - INFO - Pattern selectivity — mean neuron corr: 0.7579
2026-03-06 05:06:37,996 - INFO - LOO (avg rate) — Model mean r: 0.6257, LOO mean r: 0.4546, Neurons model > LOO: 59/63
2026-03-06 05:06:40,302 - INFO - LOO (temporal) — Model mean r: 0.2655, LOO mean r: 0.3186, Neurons model > LOO: 11/63
2026-03-06 05:06:40,303 - INFO - Skipping oracle trial plots (skip_oracle_plots=True)
2026-03-06 05:06:40,316 - INFO - Experiment complete. Summary: {
  "run_dir": "/scratch/sb272/patterns5k_results/slurm_hist_cnn_2026-03-05_16-01-45/trial_0544_learning_rate=1.0e-03_history=2_kernel_sizes=5x3_conv_channels=128x256_fc_dims=512_seed1",
  "model_type": "cnn",
  "batch_avg_test_loss": 0.15283613574504853,
  "batch_avg_test_corr": 0.25371833501656743,
  "all_test_fve": 0.07592082023620605,
  "AR_FVE": 0.0006590334195939321,
  "AR_test_correlation": 0.09131022542715073,
  "best_val_corr": 0.2651767148214112,
  "total_params": 330559,
  "trainable_params": 330559,
  "epochs_trained": 50,
  "mean_pattern_corr": 0.7579087820785473,
  "history": 2,
  "init_state": true,
  "loo_avg_mean_corr": 0.45456832695830385,
  "model_avg_mean_corr": 0.6256779161503532,
  "neurons_model_beats_loo_avg": 59,
  "loo_temporal_mean_corr": 0.31855225563049316,
  "all_test_corr": 0.2654796242713928,
  "neurons_model_beats_loo_temporal": 11,
  "kernel_sizes": [
    5,
    3
  ],
  "conv_channels": [
    128,
    256
  ],
  "fc_dims": [
    512
  ]
}
