2026-03-03 20:16:04,390 - INFO - ============================================================
2026-03-03 20:16:04,391 - INFO - Experiment run directory: /scratch/sb272/patterns5k_results/slurm_hist_cnn_2026-03-03_15-13-01/trial_0117_learning_rate=5.0e-04_history=2_kernel_sizes=10x5_conv_channels=256x128_fc_dims=256_seed0
2026-03-03 20:16:04,391 - INFO - ============================================================
2026-03-03 20:16:04,391 - INFO - Loading data …
2026-03-03 20:16:05,764 - INFO - 63 unique neurons after dropping problematic neurons
2026-03-03 20:16:06,603 - INFO - Stimulation channels: 42, Spiking neurons: 63
2026-03-03 20:17:13,720 - INFO - Unique patterns: 4050, Total trials: 5000
2026-03-03 20:17:13,721 - INFO - Stimulation channels: 42, Spiking neurons: 63
2026-03-03 20:17:13,721 - INFO - Unique patterns: 4050, Total trials: 5000
2026-03-03 20:17:13,732 - INFO - Split (oracle): train=3400, val=600, test=1000
2026-03-03 20:17:27,955 - INFO - BinnedStimSpikeDataset initialized:
2026-03-03 20:17:27,957 - INFO -   input_bin_size_ms=10, output_bin_size_ms=10
2026-03-03 20:17:27,957 - INFO -   n_input_bins=60, n_output_bins=60
2026-03-03 20:17:27,957 - INFO -   output_offset=0, total_bins_input=60, total_bins_output=60
2026-03-03 20:17:27,957 - INFO -   Valid start positions per trial: 0 to 0
2026-03-03 20:17:27,957 - INFO -   Total samples: 3400 (3400 trials × 1 positions)
2026-03-03 20:17:41,700 - INFO - BinnedStimSpikeDataset initialized:
2026-03-03 20:17:41,700 - INFO -   input_bin_size_ms=10, output_bin_size_ms=10
2026-03-03 20:17:41,700 - INFO -   n_input_bins=60, n_output_bins=60
2026-03-03 20:17:41,700 - INFO -   output_offset=0, total_bins_input=60, total_bins_output=60
2026-03-03 20:17:41,700 - INFO -   Valid start positions per trial: 0 to 0
2026-03-03 20:17:41,700 - INFO -   Total samples: 600 (600 trials × 1 positions)
2026-03-03 20:17:55,531 - INFO - BinnedStimSpikeDataset initialized:
2026-03-03 20:17:55,531 - INFO -   input_bin_size_ms=10, output_bin_size_ms=10
2026-03-03 20:17:55,531 - INFO -   n_input_bins=60, n_output_bins=60
2026-03-03 20:17:55,531 - INFO -   output_offset=0, total_bins_input=60, total_bins_output=60
2026-03-03 20:17:55,531 - INFO -   Valid start positions per trial: 0 to 0
2026-03-03 20:17:55,531 - INFO -   Total samples: 1000 (1000 trials × 1 positions)
2026-03-03 20:17:55,531 - INFO - Samples — train: 3400, val: 600, test: 1000
2026-03-03 20:17:55,531 - INFO - Input channels: 105, Neurons: 63
2026-03-03 20:17:55,538 - INFO - Using CPU
2026-03-03 20:17:55,555 - INFO - Model: CNN — 483,007 trainable params (483,007 total)
2026-03-03 20:18:00,740 - INFO - Starting training …
2026-03-03 20:18:06,960 - INFO - Epoch   1/50 | Train: 0.239066 | Val: 0.178979 | Corr: 0.129337 | LR: 5.00e-04
2026-03-03 20:18:06,982 - INFO -   ↳ Saved best model (val_corr=0.129337)
2026-03-03 20:18:12,529 - INFO - Epoch   2/50 | Train: 0.175342 | Val: 0.176534 | Corr: 0.156101 | LR: 5.00e-04
2026-03-03 20:18:12,547 - INFO -   ↳ Saved best model (val_corr=0.156101)
2026-03-03 20:18:18,076 - INFO - Epoch   3/50 | Train: 0.171338 | Val: 0.173877 | Corr: 0.170475 | LR: 5.00e-04
2026-03-03 20:18:18,090 - INFO -   ↳ Saved best model (val_corr=0.170475)
2026-03-03 20:18:23,609 - INFO - Epoch   4/50 | Train: 0.168969 | Val: 0.172191 | Corr: 0.178476 | LR: 5.00e-04
2026-03-03 20:18:23,622 - INFO -   ↳ Saved best model (val_corr=0.178476)
2026-03-03 20:18:29,161 - INFO - Epoch   5/50 | Train: 0.167161 | Val: 0.170192 | Corr: 0.189060 | LR: 5.00e-04
2026-03-03 20:18:29,182 - INFO -   ↳ Saved best model (val_corr=0.189060)
2026-03-03 20:18:34,686 - INFO - Epoch   6/50 | Train: 0.165386 | Val: 0.169737 | Corr: 0.198163 | LR: 5.00e-04
2026-03-03 20:18:34,707 - INFO -   ↳ Saved best model (val_corr=0.198163)
2026-03-03 20:18:40,228 - INFO - Epoch   7/50 | Train: 0.163899 | Val: 0.170736 | Corr: 0.203474 | LR: 5.00e-04
2026-03-03 20:18:40,243 - INFO -   ↳ Saved best model (val_corr=0.203474)
2026-03-03 20:18:45,761 - INFO - Epoch   8/50 | Train: 0.162696 | Val: 0.167984 | Corr: 0.209030 | LR: 5.00e-04
2026-03-03 20:18:45,777 - INFO -   ↳ Saved best model (val_corr=0.209030)
2026-03-03 20:18:51,303 - INFO - Epoch   9/50 | Train: 0.161589 | Val: 0.168499 | Corr: 0.213741 | LR: 5.00e-04
2026-03-03 20:18:51,319 - INFO -   ↳ Saved best model (val_corr=0.213741)
2026-03-03 20:18:56,843 - INFO - Epoch  10/50 | Train: 0.160619 | Val: 0.167026 | Corr: 0.217717 | LR: 5.00e-04
2026-03-03 20:18:56,860 - INFO -   ↳ Saved best model (val_corr=0.217717)
2026-03-03 20:19:02,378 - INFO - Epoch  11/50 | Train: 0.159842 | Val: 0.166748 | Corr: 0.220880 | LR: 5.00e-04
2026-03-03 20:19:02,392 - INFO -   ↳ Saved best model (val_corr=0.220880)
2026-03-03 20:19:07,918 - INFO - Epoch  12/50 | Train: 0.159044 | Val: 0.166661 | Corr: 0.223471 | LR: 5.00e-04
2026-03-03 20:19:07,937 - INFO -   ↳ Saved best model (val_corr=0.223471)
2026-03-03 20:19:13,482 - INFO - Epoch  13/50 | Train: 0.158411 | Val: 0.167250 | Corr: 0.224891 | LR: 5.00e-04
2026-03-03 20:19:13,497 - INFO -   ↳ Saved best model (val_corr=0.224891)
2026-03-03 20:19:18,978 - INFO - Epoch  14/50 | Train: 0.157707 | Val: 0.167272 | Corr: 0.227767 | LR: 5.00e-04
2026-03-03 20:19:18,991 - INFO -   ↳ Saved best model (val_corr=0.227767)
2026-03-03 20:19:24,478 - INFO - Epoch  15/50 | Train: 0.157081 | Val: 0.167643 | Corr: 0.229061 | LR: 5.00e-04
2026-03-03 20:19:24,495 - INFO -   ↳ Saved best model (val_corr=0.229061)
2026-03-03 20:19:29,979 - INFO - Epoch  16/50 | Train: 0.156516 | Val: 0.167086 | Corr: 0.230110 | LR: 5.00e-04
2026-03-03 20:19:29,993 - INFO -   ↳ Saved best model (val_corr=0.230110)
2026-03-03 20:19:35,595 - INFO - Epoch  17/50 | Train: 0.156003 | Val: 0.166014 | Corr: 0.230567 | LR: 5.00e-04
2026-03-03 20:19:35,611 - INFO -   ↳ Saved best model (val_corr=0.230567)
2026-03-03 20:19:41,187 - INFO - Epoch  18/50 | Train: 0.155510 | Val: 0.166364 | Corr: 0.230801 | LR: 5.00e-04
2026-03-03 20:19:41,201 - INFO -   ↳ Saved best model (val_corr=0.230801)
2026-03-03 20:19:46,782 - INFO - Epoch  19/50 | Train: 0.154974 | Val: 0.167063 | Corr: 0.232903 | LR: 5.00e-04
2026-03-03 20:19:46,805 - INFO -   ↳ Saved best model (val_corr=0.232903)
2026-03-03 20:19:52,335 - INFO - Epoch  20/50 | Train: 0.154704 | Val: 0.166334 | Corr: 0.234933 | LR: 5.00e-04
2026-03-03 20:19:52,355 - INFO -   ↳ Saved best model (val_corr=0.234933)
2026-03-03 20:19:57,839 - INFO - Epoch  21/50 | Train: 0.154126 | Val: 0.166481 | Corr: 0.234025 | LR: 5.00e-04
2026-03-03 20:20:03,334 - INFO - Epoch  22/50 | Train: 0.153762 | Val: 0.166223 | Corr: 0.234811 | LR: 5.00e-04
2026-03-03 20:20:08,838 - INFO - Epoch  23/50 | Train: 0.153433 | Val: 0.166105 | Corr: 0.236121 | LR: 2.50e-04
2026-03-03 20:20:08,857 - INFO -   ↳ Saved best model (val_corr=0.236121)
2026-03-03 20:20:14,357 - INFO - Epoch  24/50 | Train: 0.152130 | Val: 0.166251 | Corr: 0.237699 | LR: 2.50e-04
2026-03-03 20:20:14,370 - INFO -   ↳ Saved best model (val_corr=0.237699)
2026-03-03 20:20:19,902 - INFO - Epoch  25/50 | Train: 0.151542 | Val: 0.166500 | Corr: 0.237809 | LR: 2.50e-04
2026-03-03 20:20:19,918 - INFO -   ↳ Saved best model (val_corr=0.237809)
2026-03-03 20:20:25,430 - INFO - Epoch  26/50 | Train: 0.151351 | Val: 0.166672 | Corr: 0.236667 | LR: 2.50e-04
2026-03-03 20:20:30,953 - INFO - Epoch  27/50 | Train: 0.151046 | Val: 0.166543 | Corr: 0.237411 | LR: 2.50e-04
2026-03-03 20:20:36,455 - INFO - Epoch  28/50 | Train: 0.150884 | Val: 0.167043 | Corr: 0.236837 | LR: 2.50e-04
2026-03-03 20:20:42,039 - INFO - Epoch  29/50 | Train: 0.150765 | Val: 0.167214 | Corr: 0.237182 | LR: 1.25e-04
2026-03-03 20:20:47,625 - INFO - Epoch  30/50 | Train: 0.149968 | Val: 0.166399 | Corr: 0.237451 | LR: 1.25e-04
2026-03-03 20:20:53,191 - INFO - Epoch  31/50 | Train: 0.149779 | Val: 0.166736 | Corr: 0.238366 | LR: 1.25e-04
2026-03-03 20:20:53,217 - INFO -   ↳ Saved best model (val_corr=0.238366)
2026-03-03 20:20:58,803 - INFO - Epoch  32/50 | Train: 0.149623 | Val: 0.166681 | Corr: 0.238493 | LR: 1.25e-04
2026-03-03 20:20:58,816 - INFO -   ↳ Saved best model (val_corr=0.238493)
2026-03-03 20:21:04,406 - INFO - Epoch  33/50 | Train: 0.149544 | Val: 0.167010 | Corr: 0.237687 | LR: 1.25e-04
2026-03-03 20:21:09,922 - INFO - Epoch  34/50 | Train: 0.149420 | Val: 0.167173 | Corr: 0.237205 | LR: 1.25e-04
2026-03-03 20:21:15,423 - INFO - Epoch  35/50 | Train: 0.149306 | Val: 0.166989 | Corr: 0.238167 | LR: 6.25e-05
2026-03-03 20:21:20,949 - INFO - Epoch  36/50 | Train: 0.149046 | Val: 0.166679 | Corr: 0.237957 | LR: 6.25e-05
2026-03-03 20:21:26,558 - INFO - Epoch  37/50 | Train: 0.148783 | Val: 0.167096 | Corr: 0.237844 | LR: 6.25e-05
2026-03-03 20:21:32,075 - INFO - Epoch  38/50 | Train: 0.148765 | Val: 0.167137 | Corr: 0.238256 | LR: 6.25e-05
2026-03-03 20:21:37,648 - INFO - Epoch  39/50 | Train: 0.148708 | Val: 0.167195 | Corr: 0.237089 | LR: 6.25e-05
2026-03-03 20:21:43,246 - INFO - Epoch  40/50 | Train: 0.148585 | Val: 0.167474 | Corr: 0.236735 | LR: 6.25e-05
2026-03-03 20:21:48,810 - INFO - Epoch  41/50 | Train: 0.148603 | Val: 0.167383 | Corr: 0.237302 | LR: 3.13e-05
2026-03-03 20:21:54,383 - INFO - Epoch  42/50 | Train: 0.148478 | Val: 0.167256 | Corr: 0.236893 | LR: 3.13e-05
2026-03-03 20:21:54,383 - INFO - Early stopping at epoch 42
2026-03-03 20:21:54,383 - INFO - Training complete — best val corr: 0.238493
2026-03-03 20:21:55,532 - INFO - Test loss: 0.155643, Test corr: 0.231617
2026-03-03 20:21:56,065 - INFO - Fraction of variance explained (FVE): 0.062159
2026-03-03 20:21:56,065 - INFO - Computing autoregressive (AR) test predictions …
2026-03-03 20:21:56,695 - INFO - AR FVE: -0.005810, AR test corr: 0.078971
2026-03-03 20:21:56,695 - INFO - Generating figures …
2026-03-03 20:21:57,046 - INFO - Correlation between predicted and actual per-neuron averages: r=0.9941, p=0.00e+00
2026-03-03 20:21:58,500 - INFO - Pattern selectivity summary:
2026-03-03 20:21:58,500 - INFO -   Mean correlation across neurons: 0.7276
2026-03-03 20:21:58,501 - INFO -   Median correlation: 0.7499
2026-03-03 20:21:58,501 - INFO -   Neurons with r > 0.5: 58 / 63
2026-03-03 20:21:58,501 - INFO -   Neurons with r > 0.3: 61 / 63
2026-03-03 20:21:58,501 - INFO - Pattern selectivity — mean neuron corr: 0.7276
2026-03-03 20:21:59,777 - INFO - LOO (avg rate) — Model mean r: 0.5962, LOO mean r: 0.4546, Neurons model > LOO: 53/63
2026-03-03 20:22:01,440 - INFO - LOO (temporal) — Model mean r: 0.2433, LOO mean r: 0.3186, Neurons model > LOO: 9/63
2026-03-03 20:22:01,440 - INFO - Skipping oracle trial plots (skip_oracle_plots=True)
2026-03-03 20:22:01,446 - INFO - Experiment complete. Summary: {
  "run_dir": "/scratch/sb272/patterns5k_results/slurm_hist_cnn_2026-03-03_15-13-01/trial_0117_learning_rate=5.0e-04_history=2_kernel_sizes=10x5_conv_channels=256x128_fc_dims=256_seed0",
  "model_type": "cnn",
  "batch_avg_test_loss": 0.15564314901828766,
  "batch_avg_test_corr": 0.2316170471640976,
  "all_test_fve": 0.06215920429381113,
  "AR_FVE": -0.005809695001632449,
  "AR_test_correlation": 0.07897105813026428,
  "best_val_corr": 0.23849274172774113,
  "total_params": 483007,
  "trainable_params": 483007,
  "epochs_trained": 42,
  "mean_pattern_corr": 0.7275535373695468,
  "history": 2,
  "init_state": true,
  "loo_avg_mean_corr": 0.45456832695830385,
  "model_avg_mean_corr": 0.5961627533875795,
  "neurons_model_beats_loo_avg": 53,
  "loo_temporal_mean_corr": 0.31855225563049316,
  "all_test_corr": 0.24326825141906738,
  "neurons_model_beats_loo_temporal": 9,
  "kernel_sizes": [
    10,
    5
  ],
  "conv_channels": [
    256,
    128
  ],
  "fc_dims": [
    256
  ]
}
