2026-03-05 19:13:59,307 - INFO - ============================================================
2026-03-05 19:13:59,307 - INFO - Experiment run directory: /scratch/sb272/patterns5k_results/slurm_hist_cnn_2026-03-05_16-01-45/trial_0232_learning_rate=5.0e-04_history=1_kernel_sizes=3x3x3_conv_channels=32x64x128_fc_dims=256_seed1
2026-03-05 19:13:59,307 - INFO - ============================================================
2026-03-05 19:13:59,307 - INFO - Loading data …
2026-03-05 19:14:00,214 - INFO - 63 unique neurons after dropping problematic neurons
2026-03-05 19:14:01,517 - INFO - Stimulation channels: 42, Spiking neurons: 63
2026-03-05 19:16:04,681 - INFO - Unique patterns: 4050, Total trials: 5000
2026-03-05 19:16:04,683 - INFO - Stimulation channels: 42, Spiking neurons: 63
2026-03-05 19:16:04,683 - INFO - Unique patterns: 4050, Total trials: 5000
2026-03-05 19:16:04,703 - INFO - Split (oracle): train=3400, val=600, test=1000
2026-03-05 19:16:30,312 - INFO - BinnedStimSpikeDataset initialized:
2026-03-05 19:16:30,313 - INFO -   input_bin_size_ms=10, output_bin_size_ms=10
2026-03-05 19:16:30,313 - INFO -   n_input_bins=60, n_output_bins=60
2026-03-05 19:16:30,313 - INFO -   output_offset=0, total_bins_input=60, total_bins_output=60
2026-03-05 19:16:30,313 - INFO -   Valid start positions per trial: 0 to 0
2026-03-05 19:16:30,313 - INFO -   Total samples: 3400 (3400 trials × 1 positions)
2026-03-05 19:16:55,039 - INFO - BinnedStimSpikeDataset initialized:
2026-03-05 19:16:55,039 - INFO -   input_bin_size_ms=10, output_bin_size_ms=10
2026-03-05 19:16:55,039 - INFO -   n_input_bins=60, n_output_bins=60
2026-03-05 19:16:55,039 - INFO -   output_offset=0, total_bins_input=60, total_bins_output=60
2026-03-05 19:16:55,039 - INFO -   Valid start positions per trial: 0 to 0
2026-03-05 19:16:55,039 - INFO -   Total samples: 600 (600 trials × 1 positions)
2026-03-05 19:17:19,894 - INFO - BinnedStimSpikeDataset initialized:
2026-03-05 19:17:19,894 - INFO -   input_bin_size_ms=10, output_bin_size_ms=10
2026-03-05 19:17:19,894 - INFO -   n_input_bins=60, n_output_bins=60
2026-03-05 19:17:19,894 - INFO -   output_offset=0, total_bins_input=60, total_bins_output=60
2026-03-05 19:17:19,894 - INFO -   Valid start positions per trial: 0 to 0
2026-03-05 19:17:19,894 - INFO -   Total samples: 1000 (1000 trials × 1 positions)
2026-03-05 19:17:19,894 - INFO - Samples — train: 3400, val: 600, test: 1000
2026-03-05 19:17:19,894 - INFO - Input channels: 105, Neurons: 63
2026-03-05 19:17:19,900 - INFO - Using CPU
2026-03-05 19:17:19,904 - INFO - Model: CNN — 90,687 trainable params (90,687 total)
2026-03-05 19:17:23,076 - INFO - Starting training …
2026-03-05 19:17:28,510 - INFO - Epoch   1/50 | Train: 0.246958 | Val: 0.180194 | Corr: 0.122491 | LR: 5.00e-04
2026-03-05 19:17:28,523 - INFO -   ↳ Saved best model (val_corr=0.122491)
2026-03-05 19:17:33,013 - INFO - Epoch   2/50 | Train: 0.179133 | Val: 0.175776 | Corr: 0.145283 | LR: 5.00e-04
2026-03-05 19:17:33,022 - INFO -   ↳ Saved best model (val_corr=0.145283)
2026-03-05 19:17:37,574 - INFO - Epoch   3/50 | Train: 0.175658 | Val: 0.172809 | Corr: 0.161015 | LR: 5.00e-04
2026-03-05 19:17:37,583 - INFO -   ↳ Saved best model (val_corr=0.161015)
2026-03-05 19:17:42,151 - INFO - Epoch   4/50 | Train: 0.173592 | Val: 0.170833 | Corr: 0.170930 | LR: 5.00e-04
2026-03-05 19:17:42,186 - INFO -   ↳ Saved best model (val_corr=0.170930)
2026-03-05 19:17:46,708 - INFO - Epoch   5/50 | Train: 0.172427 | Val: 0.170061 | Corr: 0.177682 | LR: 5.00e-04
2026-03-05 19:17:46,716 - INFO -   ↳ Saved best model (val_corr=0.177682)
2026-03-05 19:17:51,157 - INFO - Epoch   6/50 | Train: 0.171367 | Val: 0.169025 | Corr: 0.181948 | LR: 5.00e-04
2026-03-05 19:17:51,165 - INFO -   ↳ Saved best model (val_corr=0.181948)
2026-03-05 19:17:55,913 - INFO - Epoch   7/50 | Train: 0.170584 | Val: 0.168271 | Corr: 0.186186 | LR: 5.00e-04
2026-03-05 19:17:55,924 - INFO -   ↳ Saved best model (val_corr=0.186186)
2026-03-05 19:18:01,020 - INFO - Epoch   8/50 | Train: 0.169907 | Val: 0.168126 | Corr: 0.189219 | LR: 5.00e-04
2026-03-05 19:18:01,035 - INFO -   ↳ Saved best model (val_corr=0.189219)
2026-03-05 19:18:06,079 - INFO - Epoch   9/50 | Train: 0.169391 | Val: 0.167129 | Corr: 0.192846 | LR: 5.00e-04
2026-03-05 19:18:06,089 - INFO -   ↳ Saved best model (val_corr=0.192846)
2026-03-05 19:18:11,049 - INFO - Epoch  10/50 | Train: 0.168857 | Val: 0.166949 | Corr: 0.196751 | LR: 5.00e-04
2026-03-05 19:18:11,058 - INFO -   ↳ Saved best model (val_corr=0.196751)
2026-03-05 19:18:16,090 - INFO - Epoch  11/50 | Train: 0.168340 | Val: 0.166727 | Corr: 0.198801 | LR: 5.00e-04
2026-03-05 19:18:16,102 - INFO -   ↳ Saved best model (val_corr=0.198801)
2026-03-05 19:18:21,191 - INFO - Epoch  12/50 | Train: 0.168058 | Val: 0.166131 | Corr: 0.201653 | LR: 5.00e-04
2026-03-05 19:18:21,204 - INFO -   ↳ Saved best model (val_corr=0.201653)
2026-03-05 19:18:26,214 - INFO - Epoch  13/50 | Train: 0.167645 | Val: 0.165981 | Corr: 0.205526 | LR: 5.00e-04
2026-03-05 19:18:26,225 - INFO -   ↳ Saved best model (val_corr=0.205526)
2026-03-05 19:18:31,091 - INFO - Epoch  14/50 | Train: 0.167234 | Val: 0.165171 | Corr: 0.208387 | LR: 5.00e-04
2026-03-05 19:18:31,116 - INFO -   ↳ Saved best model (val_corr=0.208387)
2026-03-05 19:18:36,057 - INFO - Epoch  15/50 | Train: 0.166917 | Val: 0.165457 | Corr: 0.209896 | LR: 5.00e-04
2026-03-05 19:18:36,076 - INFO -   ↳ Saved best model (val_corr=0.209896)
2026-03-05 19:18:41,164 - INFO - Epoch  16/50 | Train: 0.166628 | Val: 0.164626 | Corr: 0.213153 | LR: 5.00e-04
2026-03-05 19:18:41,173 - INFO -   ↳ Saved best model (val_corr=0.213153)
2026-03-05 19:18:46,236 - INFO - Epoch  17/50 | Train: 0.166388 | Val: 0.164430 | Corr: 0.214778 | LR: 5.00e-04
2026-03-05 19:18:46,248 - INFO -   ↳ Saved best model (val_corr=0.214778)
2026-03-05 19:18:51,044 - INFO - Epoch  18/50 | Train: 0.166063 | Val: 0.164612 | Corr: 0.216720 | LR: 5.00e-04
2026-03-05 19:18:51,054 - INFO -   ↳ Saved best model (val_corr=0.216720)
2026-03-05 19:18:55,928 - INFO - Epoch  19/50 | Train: 0.165845 | Val: 0.164148 | Corr: 0.218659 | LR: 5.00e-04
2026-03-05 19:18:55,937 - INFO -   ↳ Saved best model (val_corr=0.218659)
2026-03-05 19:19:01,210 - INFO - Epoch  20/50 | Train: 0.165682 | Val: 0.163827 | Corr: 0.219970 | LR: 5.00e-04
2026-03-05 19:19:01,223 - INFO -   ↳ Saved best model (val_corr=0.219970)
2026-03-05 19:19:06,578 - INFO - Epoch  21/50 | Train: 0.165443 | Val: 0.163823 | Corr: 0.220687 | LR: 5.00e-04
2026-03-05 19:19:06,595 - INFO -   ↳ Saved best model (val_corr=0.220687)
2026-03-05 19:19:11,869 - INFO - Epoch  22/50 | Train: 0.165306 | Val: 0.163325 | Corr: 0.222460 | LR: 5.00e-04
2026-03-05 19:19:11,883 - INFO -   ↳ Saved best model (val_corr=0.222460)
2026-03-05 19:19:17,064 - INFO - Epoch  23/50 | Train: 0.165162 | Val: 0.163172 | Corr: 0.223508 | LR: 5.00e-04
2026-03-05 19:19:17,078 - INFO -   ↳ Saved best model (val_corr=0.223508)
2026-03-05 19:19:22,385 - INFO - Epoch  24/50 | Train: 0.164940 | Val: 0.163269 | Corr: 0.224274 | LR: 5.00e-04
2026-03-05 19:19:22,398 - INFO -   ↳ Saved best model (val_corr=0.224274)
2026-03-05 19:19:27,751 - INFO - Epoch  25/50 | Train: 0.164778 | Val: 0.163719 | Corr: 0.225559 | LR: 5.00e-04
2026-03-05 19:19:27,765 - INFO -   ↳ Saved best model (val_corr=0.225559)
2026-03-05 19:19:33,169 - INFO - Epoch  26/50 | Train: 0.164712 | Val: 0.163154 | Corr: 0.226309 | LR: 5.00e-04
2026-03-05 19:19:33,187 - INFO -   ↳ Saved best model (val_corr=0.226309)
2026-03-05 19:19:38,507 - INFO - Epoch  27/50 | Train: 0.164524 | Val: 0.162537 | Corr: 0.228374 | LR: 5.00e-04
2026-03-05 19:19:38,522 - INFO -   ↳ Saved best model (val_corr=0.228374)
2026-03-05 19:19:43,749 - INFO - Epoch  28/50 | Train: 0.164519 | Val: 0.162649 | Corr: 0.228675 | LR: 5.00e-04
2026-03-05 19:19:43,765 - INFO -   ↳ Saved best model (val_corr=0.228675)
2026-03-05 19:19:49,210 - INFO - Epoch  29/50 | Train: 0.164414 | Val: 0.162857 | Corr: 0.228612 | LR: 5.00e-04
2026-03-05 19:19:54,518 - INFO - Epoch  30/50 | Train: 0.164210 | Val: 0.162284 | Corr: 0.230425 | LR: 5.00e-04
2026-03-05 19:19:54,548 - INFO -   ↳ Saved best model (val_corr=0.230425)
2026-03-05 19:19:59,801 - INFO - Epoch  31/50 | Train: 0.164165 | Val: 0.163737 | Corr: 0.229036 | LR: 5.00e-04
2026-03-05 19:20:05,052 - INFO - Epoch  32/50 | Train: 0.164024 | Val: 0.162731 | Corr: 0.231571 | LR: 5.00e-04
2026-03-05 19:20:05,065 - INFO -   ↳ Saved best model (val_corr=0.231571)
2026-03-05 19:20:10,413 - INFO - Epoch  33/50 | Train: 0.163931 | Val: 0.161852 | Corr: 0.233587 | LR: 5.00e-04
2026-03-05 19:20:10,438 - INFO -   ↳ Saved best model (val_corr=0.233587)
2026-03-05 19:20:15,864 - INFO - Epoch  34/50 | Train: 0.163875 | Val: 0.162358 | Corr: 0.233183 | LR: 5.00e-04
2026-03-05 19:20:21,279 - INFO - Epoch  35/50 | Train: 0.163868 | Val: 0.161694 | Corr: 0.234687 | LR: 5.00e-04
2026-03-05 19:20:21,293 - INFO -   ↳ Saved best model (val_corr=0.234687)
2026-03-05 19:20:26,572 - INFO - Epoch  36/50 | Train: 0.163786 | Val: 0.161871 | Corr: 0.234116 | LR: 5.00e-04
2026-03-05 19:20:31,786 - INFO - Epoch  37/50 | Train: 0.163588 | Val: 0.161828 | Corr: 0.236117 | LR: 5.00e-04
2026-03-05 19:20:31,806 - INFO -   ↳ Saved best model (val_corr=0.236117)
2026-03-05 19:20:37,178 - INFO - Epoch  38/50 | Train: 0.163490 | Val: 0.161666 | Corr: 0.236031 | LR: 5.00e-04
2026-03-05 19:20:42,511 - INFO - Epoch  39/50 | Train: 0.163404 | Val: 0.162233 | Corr: 0.235193 | LR: 5.00e-04
2026-03-05 19:20:47,746 - INFO - Epoch  40/50 | Train: 0.163346 | Val: 0.161955 | Corr: 0.236420 | LR: 5.00e-04
2026-03-05 19:20:47,767 - INFO -   ↳ Saved best model (val_corr=0.236420)
2026-03-05 19:20:52,945 - INFO - Epoch  41/50 | Train: 0.163346 | Val: 0.161364 | Corr: 0.237866 | LR: 5.00e-04
2026-03-05 19:20:52,963 - INFO -   ↳ Saved best model (val_corr=0.237866)
2026-03-05 19:20:58,256 - INFO - Epoch  42/50 | Train: 0.163235 | Val: 0.161398 | Corr: 0.238445 | LR: 5.00e-04
2026-03-05 19:20:58,276 - INFO -   ↳ Saved best model (val_corr=0.238445)
2026-03-05 19:21:03,540 - INFO - Epoch  43/50 | Train: 0.163127 | Val: 0.161937 | Corr: 0.238052 | LR: 5.00e-04
2026-03-05 19:21:08,782 - INFO - Epoch  44/50 | Train: 0.163059 | Val: 0.161508 | Corr: 0.238604 | LR: 5.00e-04
2026-03-05 19:21:08,795 - INFO -   ↳ Saved best model (val_corr=0.238604)
2026-03-05 19:21:13,931 - INFO - Epoch  45/50 | Train: 0.163107 | Val: 0.161196 | Corr: 0.239650 | LR: 5.00e-04
2026-03-05 19:21:13,943 - INFO -   ↳ Saved best model (val_corr=0.239650)
2026-03-05 19:21:19,114 - INFO - Epoch  46/50 | Train: 0.163028 | Val: 0.161834 | Corr: 0.237962 | LR: 5.00e-04
2026-03-05 19:21:24,447 - INFO - Epoch  47/50 | Train: 0.163055 | Val: 0.161344 | Corr: 0.239520 | LR: 5.00e-04
2026-03-05 19:21:29,776 - INFO - Epoch  48/50 | Train: 0.162943 | Val: 0.161086 | Corr: 0.240853 | LR: 5.00e-04
2026-03-05 19:21:29,792 - INFO -   ↳ Saved best model (val_corr=0.240853)
2026-03-05 19:21:34,935 - INFO - Epoch  49/50 | Train: 0.162839 | Val: 0.160932 | Corr: 0.241043 | LR: 5.00e-04
2026-03-05 19:21:34,950 - INFO -   ↳ Saved best model (val_corr=0.241043)
2026-03-05 19:21:40,132 - INFO - Epoch  50/50 | Train: 0.162898 | Val: 0.160942 | Corr: 0.241513 | LR: 5.00e-04
2026-03-05 19:21:40,143 - INFO -   ↳ Saved best model (val_corr=0.241513)
2026-03-05 19:21:40,143 - INFO - Training complete — best val corr: 0.241513
2026-03-05 19:21:41,816 - INFO - Test loss: 0.152388, Test corr: 0.235098
2026-03-05 19:21:42,251 - INFO - Fraction of variance explained (FVE): 0.066383
2026-03-05 19:21:42,251 - INFO - Computing autoregressive (AR) test predictions …
2026-03-05 19:21:42,842 - INFO - AR FVE: -0.013425, AR test corr: 0.057049
2026-03-05 19:21:42,842 - INFO - Generating figures …
2026-03-05 19:21:43,585 - INFO - Correlation between predicted and actual per-neuron averages: r=0.9920, p=0.00e+00
2026-03-05 19:21:45,735 - INFO - Pattern selectivity summary:
2026-03-05 19:21:45,735 - INFO -   Mean correlation across neurons: 0.6766
2026-03-05 19:21:45,735 - INFO -   Median correlation: 0.7082
2026-03-05 19:21:45,735 - INFO -   Neurons with r > 0.5: 53 / 63
2026-03-05 19:21:45,736 - INFO -   Neurons with r > 0.3: 62 / 63
2026-03-05 19:21:45,736 - INFO - Pattern selectivity — mean neuron corr: 0.6766
2026-03-05 19:21:47,407 - INFO - LOO (avg rate) — Model mean r: 0.5400, LOO mean r: 0.4546, Neurons model > LOO: 45/63
2026-03-05 19:21:49,904 - INFO - LOO (temporal) — Model mean r: 0.2428, LOO mean r: 0.3186, Neurons model > LOO: 14/63
2026-03-05 19:21:49,905 - INFO - Skipping oracle trial plots (skip_oracle_plots=True)
2026-03-05 19:21:49,918 - INFO - Experiment complete. Summary: {
  "run_dir": "/scratch/sb272/patterns5k_results/slurm_hist_cnn_2026-03-05_16-01-45/trial_0232_learning_rate=5.0e-04_history=1_kernel_sizes=3x3x3_conv_channels=32x64x128_fc_dims=256_seed1",
  "model_type": "cnn",
  "batch_avg_test_loss": 0.1523884688615799,
  "batch_avg_test_corr": 0.2350977118060023,
  "all_test_fve": 0.06638254154296148,
  "AR_FVE": -0.013424571544405014,
  "AR_test_correlation": 0.05704900249838829,
  "best_val_corr": 0.2415128021907916,
  "total_params": 90687,
  "trainable_params": 90687,
  "epochs_trained": 50,
  "mean_pattern_corr": 0.6765778194960864,
  "history": 1,
  "init_state": true,
  "loo_avg_mean_corr": 0.45456832695830385,
  "model_avg_mean_corr": 0.5400194142587464,
  "neurons_model_beats_loo_avg": 45,
  "loo_temporal_mean_corr": 0.31855225563049316,
  "all_test_corr": 0.24280841648578644,
  "neurons_model_beats_loo_temporal": 14,
  "kernel_sizes": [
    3,
    3,
    3
  ],
  "conv_channels": [
    32,
    64,
    128
  ],
  "fc_dims": [
    256
  ]
}
