2026-03-03 21:23:40,756 - INFO - ============================================================
2026-03-03 21:23:40,756 - INFO - Experiment run directory: /scratch/sb272/patterns5k_results/slurm_hist_cnn_2026-03-03_15-13-01/trial_0137_learning_rate=5.0e-04_history=20_kernel_sizes=10x3_conv_channels=256x128_fc_dims=256_seed1
2026-03-03 21:23:40,756 - INFO - ============================================================
2026-03-03 21:23:40,756 - INFO - Loading data …
2026-03-03 21:23:42,538 - INFO - 63 unique neurons after dropping problematic neurons
2026-03-03 21:23:43,520 - INFO - Stimulation channels: 42, Spiking neurons: 63
2026-03-03 21:24:58,314 - INFO - Unique patterns: 4050, Total trials: 5000
2026-03-03 21:24:58,316 - INFO - Stimulation channels: 42, Spiking neurons: 63
2026-03-03 21:24:58,316 - INFO - Unique patterns: 4050, Total trials: 5000
2026-03-03 21:24:58,326 - INFO - Split (oracle): train=3400, val=600, test=1000
2026-03-03 21:25:12,671 - INFO - BinnedStimSpikeDataset initialized:
2026-03-03 21:25:12,679 - INFO -   input_bin_size_ms=10, output_bin_size_ms=10
2026-03-03 21:25:12,679 - INFO -   n_input_bins=60, n_output_bins=60
2026-03-03 21:25:12,679 - INFO -   output_offset=0, total_bins_input=60, total_bins_output=60
2026-03-03 21:25:12,679 - INFO -   Valid start positions per trial: 0 to 0
2026-03-03 21:25:12,679 - INFO -   Total samples: 3400 (3400 trials × 1 positions)
2026-03-03 21:25:26,535 - INFO - BinnedStimSpikeDataset initialized:
2026-03-03 21:25:26,535 - INFO -   input_bin_size_ms=10, output_bin_size_ms=10
2026-03-03 21:25:26,535 - INFO -   n_input_bins=60, n_output_bins=60
2026-03-03 21:25:26,535 - INFO -   output_offset=0, total_bins_input=60, total_bins_output=60
2026-03-03 21:25:26,535 - INFO -   Valid start positions per trial: 0 to 0
2026-03-03 21:25:26,535 - INFO -   Total samples: 600 (600 trials × 1 positions)
2026-03-03 21:25:40,475 - INFO - BinnedStimSpikeDataset initialized:
2026-03-03 21:25:40,475 - INFO -   input_bin_size_ms=10, output_bin_size_ms=10
2026-03-03 21:25:40,475 - INFO -   n_input_bins=60, n_output_bins=60
2026-03-03 21:25:40,475 - INFO -   output_offset=0, total_bins_input=60, total_bins_output=60
2026-03-03 21:25:40,475 - INFO -   Valid start positions per trial: 0 to 0
2026-03-03 21:25:40,475 - INFO -   Total samples: 1000 (1000 trials × 1 positions)
2026-03-03 21:25:40,476 - INFO - Samples — train: 3400, val: 600, test: 1000
2026-03-03 21:25:40,476 - INFO - Input channels: 105, Neurons: 63
2026-03-03 21:25:40,494 - INFO - Using CPU
2026-03-03 21:25:40,513 - INFO - Model: CNN — 417,471 trainable params (417,471 total)
2026-03-03 21:25:55,449 - INFO - Starting training …
2026-03-03 21:26:01,936 - INFO - Epoch   1/50 | Train: 0.245590 | Val: 0.188227 | Corr: 0.075279 | LR: 5.00e-04
2026-03-03 21:26:01,976 - INFO -   ↳ Saved best model (val_corr=0.075279)
2026-03-03 21:26:07,334 - INFO - Epoch   2/50 | Train: 0.183738 | Val: 0.185893 | Corr: 0.084403 | LR: 5.00e-04
2026-03-03 21:26:07,371 - INFO -   ↳ Saved best model (val_corr=0.084403)
2026-03-03 21:26:12,672 - INFO - Epoch   3/50 | Train: 0.181080 | Val: 0.185278 | Corr: 0.093038 | LR: 5.00e-04
2026-03-03 21:26:12,704 - INFO -   ↳ Saved best model (val_corr=0.093038)
2026-03-03 21:26:17,994 - INFO - Epoch   4/50 | Train: 0.179084 | Val: 0.184451 | Corr: 0.100112 | LR: 5.00e-04
2026-03-03 21:26:18,030 - INFO -   ↳ Saved best model (val_corr=0.100112)
2026-03-03 21:26:23,320 - INFO - Epoch   5/50 | Train: 0.177439 | Val: 0.181405 | Corr: 0.105100 | LR: 5.00e-04
2026-03-03 21:26:23,349 - INFO -   ↳ Saved best model (val_corr=0.105100)
2026-03-03 21:26:28,638 - INFO - Epoch   6/50 | Train: 0.176171 | Val: 0.182581 | Corr: 0.107011 | LR: 5.00e-04
2026-03-03 21:26:28,674 - INFO -   ↳ Saved best model (val_corr=0.107011)
2026-03-03 21:26:33,969 - INFO - Epoch   7/50 | Train: 0.175078 | Val: 0.179824 | Corr: 0.109674 | LR: 5.00e-04
2026-03-03 21:26:34,000 - INFO -   ↳ Saved best model (val_corr=0.109674)
2026-03-03 21:26:39,292 - INFO - Epoch   8/50 | Train: 0.174042 | Val: 0.181632 | Corr: 0.111922 | LR: 5.00e-04
2026-03-03 21:26:39,318 - INFO -   ↳ Saved best model (val_corr=0.111922)
2026-03-03 21:26:44,610 - INFO - Epoch   9/50 | Train: 0.173147 | Val: 0.180194 | Corr: 0.116297 | LR: 5.00e-04
2026-03-03 21:26:44,649 - INFO -   ↳ Saved best model (val_corr=0.116297)
2026-03-03 21:26:49,937 - INFO - Epoch  10/50 | Train: 0.172346 | Val: 0.179584 | Corr: 0.117526 | LR: 5.00e-04
2026-03-03 21:26:49,966 - INFO -   ↳ Saved best model (val_corr=0.117526)
2026-03-03 21:26:55,179 - INFO - Epoch  11/50 | Train: 0.171435 | Val: 0.180007 | Corr: 0.116918 | LR: 5.00e-04
2026-03-03 21:27:00,342 - INFO - Epoch  12/50 | Train: 0.170678 | Val: 0.179277 | Corr: 0.119598 | LR: 5.00e-04
2026-03-03 21:27:00,391 - INFO -   ↳ Saved best model (val_corr=0.119598)
2026-03-03 21:27:05,612 - INFO - Epoch  13/50 | Train: 0.169916 | Val: 0.180798 | Corr: 0.119654 | LR: 5.00e-04
2026-03-03 21:27:05,652 - INFO -   ↳ Saved best model (val_corr=0.119654)
2026-03-03 21:27:10,921 - INFO - Epoch  14/50 | Train: 0.169262 | Val: 0.180765 | Corr: 0.121428 | LR: 5.00e-04
2026-03-03 21:27:10,954 - INFO -   ↳ Saved best model (val_corr=0.121428)
2026-03-03 21:27:16,231 - INFO - Epoch  15/50 | Train: 0.168527 | Val: 0.179930 | Corr: 0.119255 | LR: 5.00e-04
2026-03-03 21:27:21,482 - INFO - Epoch  16/50 | Train: 0.168083 | Val: 0.179748 | Corr: 0.123624 | LR: 5.00e-04
2026-03-03 21:27:21,513 - INFO -   ↳ Saved best model (val_corr=0.123624)
2026-03-03 21:27:26,830 - INFO - Epoch  17/50 | Train: 0.167388 | Val: 0.180490 | Corr: 0.123320 | LR: 5.00e-04
2026-03-03 21:27:32,060 - INFO - Epoch  18/50 | Train: 0.166823 | Val: 0.181505 | Corr: 0.123470 | LR: 2.50e-04
2026-03-03 21:27:37,342 - INFO - Epoch  19/50 | Train: 0.165230 | Val: 0.181036 | Corr: 0.124966 | LR: 2.50e-04
2026-03-03 21:27:37,376 - INFO -   ↳ Saved best model (val_corr=0.124966)
2026-03-03 21:27:42,806 - INFO - Epoch  20/50 | Train: 0.164539 | Val: 0.181718 | Corr: 0.124298 | LR: 2.50e-04
2026-03-03 21:27:48,195 - INFO - Epoch  21/50 | Train: 0.164278 | Val: 0.181440 | Corr: 0.123469 | LR: 2.50e-04
2026-03-03 21:27:53,611 - INFO - Epoch  22/50 | Train: 0.163902 | Val: 0.182139 | Corr: 0.123470 | LR: 2.50e-04
2026-03-03 21:27:58,858 - INFO - Epoch  23/50 | Train: 0.163643 | Val: 0.181482 | Corr: 0.122620 | LR: 2.50e-04
2026-03-03 21:28:04,112 - INFO - Epoch  24/50 | Train: 0.163345 | Val: 0.181237 | Corr: 0.122572 | LR: 1.25e-04
2026-03-03 21:28:09,429 - INFO - Epoch  25/50 | Train: 0.162448 | Val: 0.181604 | Corr: 0.123189 | LR: 1.25e-04
2026-03-03 21:28:14,734 - INFO - Epoch  26/50 | Train: 0.162188 | Val: 0.182067 | Corr: 0.122726 | LR: 1.25e-04
2026-03-03 21:28:20,064 - INFO - Epoch  27/50 | Train: 0.162066 | Val: 0.181948 | Corr: 0.123056 | LR: 1.25e-04
2026-03-03 21:28:25,384 - INFO - Epoch  28/50 | Train: 0.161751 | Val: 0.181837 | Corr: 0.122865 | LR: 1.25e-04
2026-03-03 21:28:30,681 - INFO - Epoch  29/50 | Train: 0.161715 | Val: 0.182421 | Corr: 0.123010 | LR: 1.25e-04
2026-03-03 21:28:30,681 - INFO - Early stopping at epoch 29
2026-03-03 21:28:30,681 - INFO - Training complete — best val corr: 0.124966
2026-03-03 21:28:32,236 - INFO - Test loss: 0.171363, Test corr: 0.121884
2026-03-03 21:28:32,729 - INFO - Fraction of variance explained (FVE): 0.006534
2026-03-03 21:28:32,729 - INFO - Computing autoregressive (AR) test predictions …
2026-03-03 21:28:33,321 - INFO - AR FVE: 0.007102, AR test corr: 0.119483
2026-03-03 21:28:33,322 - INFO - Generating figures …
2026-03-03 21:28:33,984 - INFO - Correlation between predicted and actual per-neuron averages: r=0.9963, p=0.00e+00
2026-03-03 21:28:35,856 - INFO - Pattern selectivity summary:
2026-03-03 21:28:35,856 - INFO -   Mean correlation across neurons: 0.5084
2026-03-03 21:28:35,856 - INFO -   Median correlation: 0.5300
2026-03-03 21:28:35,856 - INFO -   Neurons with r > 0.5: 35 / 63
2026-03-03 21:28:35,856 - INFO -   Neurons with r > 0.3: 53 / 63
2026-03-03 21:28:35,856 - INFO - Pattern selectivity — mean neuron corr: 0.5084
2026-03-03 21:28:37,388 - INFO - LOO (avg rate) — Model mean r: 0.3611, LOO mean r: 0.4546, Neurons model > LOO: 11/63
2026-03-03 21:28:39,460 - INFO - LOO (temporal) — Model mean r: 0.1288, LOO mean r: 0.3186, Neurons model > LOO: 1/63
2026-03-03 21:28:39,460 - INFO - Skipping oracle trial plots (skip_oracle_plots=True)
2026-03-03 21:28:39,475 - INFO - Experiment complete. Summary: {
  "run_dir": "/scratch/sb272/patterns5k_results/slurm_hist_cnn_2026-03-03_15-13-01/trial_0137_learning_rate=5.0e-04_history=20_kernel_sizes=10x3_conv_channels=256x128_fc_dims=256_seed1",
  "model_type": "cnn",
  "batch_avg_test_loss": 0.17136288011074066,
  "batch_avg_test_corr": 0.12188396352297802,
  "all_test_fve": 0.0065338800823877725,
  "AR_FVE": 0.007102266190544007,
  "AR_test_correlation": 0.11948274075984955,
  "best_val_corr": 0.12496630262709944,
  "total_params": 417471,
  "trainable_params": 417471,
  "epochs_trained": 29,
  "mean_pattern_corr": 0.5083649199969401,
  "history": 20,
  "init_state": true,
  "loo_avg_mean_corr": 0.45456832695830385,
  "model_avg_mean_corr": 0.3610844641760195,
  "neurons_model_beats_loo_avg": 11,
  "loo_temporal_mean_corr": 0.31855225563049316,
  "all_test_corr": 0.12875676155090332,
  "neurons_model_beats_loo_temporal": 1,
  "kernel_sizes": [
    10,
    3
  ],
  "conv_channels": [
    256,
    128
  ],
  "fc_dims": [
    256
  ]
}
