2026-02-26 01:42:24,605 - INFO - ============================================================
2026-02-26 01:42:24,605 - INFO - Experiment run directory: results/cache_cnn_sweep_2026-02-26_00-36-32/trial_0013_kernel_sizes=3_conv_channels=256_fc_dims=256
2026-02-26 01:42:24,605 - INFO - ============================================================
2026-02-26 01:42:24,605 - INFO - Using preloaded raw data (skipping I/O)
2026-02-26 01:42:24,605 - INFO - Stimulation channels: 42, Spiking neurons: 63
2026-02-26 01:42:24,605 - INFO - Unique patterns: 4050, Total trials: 5000
2026-02-26 01:42:24,619 - INFO - Split (oracle): train=3400, val=600, test=1000
2026-02-26 01:42:38,763 - INFO - BinnedStimSpikeDataset initialized:
2026-02-26 01:42:38,764 - INFO -   input_bin_size_ms=10, output_bin_size_ms=10
2026-02-26 01:42:38,764 - INFO -   n_input_bins=60, n_output_bins=60
2026-02-26 01:42:38,764 - INFO -   output_offset=0, total_bins_input=60, total_bins_output=60
2026-02-26 01:42:38,764 - INFO -   Valid start positions per trial: 0 to 0
2026-02-26 01:42:38,764 - INFO -   Total samples: 3400 (3400 trials × 1 positions)
2026-02-26 01:42:52,212 - INFO - BinnedStimSpikeDataset initialized:
2026-02-26 01:42:52,213 - INFO -   input_bin_size_ms=10, output_bin_size_ms=10
2026-02-26 01:42:52,213 - INFO -   n_input_bins=60, n_output_bins=60
2026-02-26 01:42:52,213 - INFO -   output_offset=0, total_bins_input=60, total_bins_output=60
2026-02-26 01:42:52,213 - INFO -   Valid start positions per trial: 0 to 0
2026-02-26 01:42:52,213 - INFO -   Total samples: 600 (600 trials × 1 positions)
2026-02-26 01:43:05,761 - INFO - BinnedStimSpikeDataset initialized:
2026-02-26 01:43:05,761 - INFO -   input_bin_size_ms=10, output_bin_size_ms=10
2026-02-26 01:43:05,761 - INFO -   n_input_bins=60, n_output_bins=60
2026-02-26 01:43:05,761 - INFO -   output_offset=0, total_bins_input=60, total_bins_output=60
2026-02-26 01:43:05,761 - INFO -   Valid start positions per trial: 0 to 0
2026-02-26 01:43:05,761 - INFO -   Total samples: 1000 (1000 trials × 1 positions)
2026-02-26 01:43:05,762 - INFO - Samples — train: 3400, val: 600, test: 1000
2026-02-26 01:43:05,762 - INFO - Input channels: 42, Neurons: 63
2026-02-26 01:43:05,762 - INFO - Using Apple Silicon MPS acceleration
2026-02-26 01:43:05,797 - INFO - Model: CACHE_CNN — 1,663,967 trainable params (1,663,967 total)
2026-02-26 01:43:05,798 - INFO - Starting training …
2026-02-26 01:43:11,534 - INFO - Epoch   1/50 | Train: 0.219533 | Val: 0.182570 | Corr: 0.202880 | LR: 1.00e-03
2026-02-26 01:43:11,571 - INFO -   ↳ Saved best model (val_corr=0.202880)
2026-02-26 01:43:16,977 - INFO - Epoch   2/50 | Train: 0.182586 | Val: 0.177774 | Corr: 0.239337 | LR: 1.00e-03
2026-02-26 01:43:17,047 - INFO -   ↳ Saved best model (val_corr=0.239337)
2026-02-26 01:43:22,329 - INFO - Epoch   3/50 | Train: 0.177867 | Val: 0.174855 | Corr: 0.258192 | LR: 1.00e-03
2026-02-26 01:43:22,365 - INFO -   ↳ Saved best model (val_corr=0.258192)
2026-02-26 01:43:27,671 - INFO - Epoch   4/50 | Train: 0.174966 | Val: 0.173031 | Corr: 0.268917 | LR: 1.00e-03
2026-02-26 01:43:27,720 - INFO -   ↳ Saved best model (val_corr=0.268917)
2026-02-26 01:43:33,031 - INFO - Epoch   5/50 | Train: 0.172666 | Val: 0.171538 | Corr: 0.277281 | LR: 1.00e-03
2026-02-26 01:43:33,069 - INFO -   ↳ Saved best model (val_corr=0.277281)
2026-02-26 01:43:38,340 - INFO - Epoch   6/50 | Train: 0.170630 | Val: 0.169928 | Corr: 0.283993 | LR: 1.00e-03
2026-02-26 01:43:38,379 - INFO -   ↳ Saved best model (val_corr=0.283993)
2026-02-26 01:43:43,659 - INFO - Epoch   7/50 | Train: 0.168840 | Val: 0.169034 | Corr: 0.288708 | LR: 1.00e-03
2026-02-26 01:43:43,709 - INFO -   ↳ Saved best model (val_corr=0.288708)
2026-02-26 01:43:48,998 - INFO - Epoch   8/50 | Train: 0.167474 | Val: 0.168382 | Corr: 0.292029 | LR: 1.00e-03
2026-02-26 01:43:49,031 - INFO -   ↳ Saved best model (val_corr=0.292029)
2026-02-26 01:43:54,360 - INFO - Epoch   9/50 | Train: 0.166215 | Val: 0.168033 | Corr: 0.295038 | LR: 1.00e-03
2026-02-26 01:43:54,389 - INFO -   ↳ Saved best model (val_corr=0.295038)
2026-02-26 01:43:59,641 - INFO - Epoch  10/50 | Train: 0.165070 | Val: 0.167680 | Corr: 0.297804 | LR: 1.00e-03
2026-02-26 01:43:59,672 - INFO -   ↳ Saved best model (val_corr=0.297804)
2026-02-26 01:44:04,956 - INFO - Epoch  11/50 | Train: 0.164084 | Val: 0.167894 | Corr: 0.299196 | LR: 1.00e-03
2026-02-26 01:44:04,991 - INFO -   ↳ Saved best model (val_corr=0.299196)
2026-02-26 01:44:10,240 - INFO - Epoch  12/50 | Train: 0.163219 | Val: 0.167850 | Corr: 0.300295 | LR: 1.00e-03
2026-02-26 01:44:10,272 - INFO -   ↳ Saved best model (val_corr=0.300295)
2026-02-26 01:44:15,535 - INFO - Epoch  13/50 | Train: 0.162274 | Val: 0.167164 | Corr: 0.301253 | LR: 1.00e-03
2026-02-26 01:44:15,561 - INFO -   ↳ Saved best model (val_corr=0.301253)
2026-02-26 01:44:20,821 - INFO - Epoch  14/50 | Train: 0.161408 | Val: 0.167694 | Corr: 0.301609 | LR: 1.00e-03
2026-02-26 01:44:20,849 - INFO -   ↳ Saved best model (val_corr=0.301609)
2026-02-26 01:44:26,109 - INFO - Epoch  15/50 | Train: 0.160848 | Val: 0.166951 | Corr: 0.300674 | LR: 1.00e-03
2026-02-26 01:44:31,398 - INFO - Epoch  16/50 | Train: 0.160056 | Val: 0.167121 | Corr: 0.301237 | LR: 1.00e-03
2026-02-26 01:44:36,661 - INFO - Epoch  17/50 | Train: 0.159238 | Val: 0.167354 | Corr: 0.300711 | LR: 1.00e-03
2026-02-26 01:44:41,937 - INFO - Epoch  18/50 | Train: 0.158743 | Val: 0.167680 | Corr: 0.301155 | LR: 1.00e-03
2026-02-26 01:44:47,209 - INFO - Epoch  19/50 | Train: 0.158014 | Val: 0.167229 | Corr: 0.301009 | LR: 1.00e-03
2026-02-26 01:44:52,528 - INFO - Epoch  20/50 | Train: 0.157526 | Val: 0.167852 | Corr: 0.301400 | LR: 1.00e-03
2026-02-26 01:44:57,833 - INFO - Epoch  21/50 | Train: 0.156940 | Val: 0.168004 | Corr: 0.301424 | LR: 5.00e-04
2026-02-26 01:45:03,159 - INFO - Epoch  22/50 | Train: 0.155205 | Val: 0.167757 | Corr: 0.300500 | LR: 5.00e-04
2026-02-26 01:45:08,473 - INFO - Epoch  23/50 | Train: 0.154551 | Val: 0.167825 | Corr: 0.300575 | LR: 5.00e-04
2026-02-26 01:45:13,767 - INFO - Epoch  24/50 | Train: 0.154159 | Val: 0.167848 | Corr: 0.299950 | LR: 5.00e-04
2026-02-26 01:45:13,767 - INFO - Early stopping at epoch 24
2026-02-26 01:45:13,767 - INFO - Training complete — best val corr: 0.301609
2026-02-26 01:45:14,664 - INFO - Test loss: 0.159601, Test corr: 0.291987
2026-02-26 01:45:15,189 - INFO - Fraction of variance explained (FVE): 0.096006
2026-02-26 01:45:15,189 - INFO - Generating figures …
2026-02-26 01:45:15,404 - INFO - Correlation between predicted and actual per-neuron averages: r=0.9891, p=1.71e-52
2026-02-26 01:45:15,625 - WARNING - Could not generate pattern selectivity plot: 'NoneType' object has no attribute 'shape'
2026-02-26 01:45:15,633 - WARNING - LOO baseline failed: 'NoneType' object has no attribute 'shape'
2026-02-26 01:45:15,634 - INFO - Skipping oracle trial plots (skip_oracle_plots=True)
2026-02-26 01:45:15,634 - INFO - Experiment complete. Summary: {
  "run_dir": "results/cache_cnn_sweep_2026-02-26_00-36-32/trial_0013_kernel_sizes=3_conv_channels=256_fc_dims=256",
  "model_type": "cache_cnn",
  "batch_avg_test_loss": 0.15960110127925872,
  "batch_avg_test_corr": 0.2919867014447039,
  "all_test_fve": 0.09600573494320824,
  "AR_FVE": NaN,
  "AR_test_correlation": NaN,
  "best_val_corr": 0.301609043484791,
  "total_params": 1663967,
  "trainable_params": 1663967,
  "epochs_trained": 24,
  "mean_pattern_corr": NaN,
  "history": 0,
  "init_state": false,
  "kernel_sizes": [
    3
  ],
  "conv_channels": [
    256
  ],
  "fc_dims": [
    256
  ],
  "cache_size": 20,
  "cache_embed_dim": 32
}
2026-02-26 01:45:15,636 - INFO - 
======================================================================
2026-02-26 01:45:15,636 - INFO - [15/135] trial_0014_kernel_sizes=3_conv_channels=256_fc_dims=256
2026-02-26 01:45:15,636 - INFO -   Overrides: {"_arch": {"kernel_sizes": [3], "conv_channels": [256], "fc_dims": [256]}, "cache_size": 20, "cache_embed_dim": 64}
2026-02-26 01:45:15,636 - INFO -   Output: results/cache_cnn_sweep_2026-02-26_00-36-32/trial_0014_kernel_sizes=3_conv_channels=256_fc_dims=256
