2026-02-15 20:43:47,369 - INFO - ============================================================
2026-02-15 20:43:47,370 - INFO - Experiment run directory: results/base_cnn_kernel_sweep_2026-02-15_11-28-56/trial_0205_learning_rate=0.01
2026-02-15 20:43:47,370 - INFO - ============================================================
2026-02-15 20:43:47,370 - INFO - Using preloaded raw data (skipping I/O)
2026-02-15 20:43:47,370 - INFO - Stimulation channels: 42, Spiking neurons: 63
2026-02-15 20:43:47,370 - INFO - Unique patterns: 4050, Total trials: 5000
2026-02-15 20:43:47,388 - INFO - Split (oracle): train=3400, val=600, test=1000
2026-02-15 20:44:08,095 - INFO - BinnedStimSpikeDataset initialized:
2026-02-15 20:44:08,096 - INFO -   input_bin_size_ms=10, output_bin_size_ms=10
2026-02-15 20:44:08,096 - INFO -   n_input_bins=60, n_output_bins=60
2026-02-15 20:44:08,096 - INFO -   output_offset=0, total_bins_input=60, total_bins_output=60
2026-02-15 20:44:08,096 - INFO -   Valid start positions per trial: 0 to 0
2026-02-15 20:44:08,096 - INFO -   Total samples: 3400 (3400 trials × 1 positions)
2026-02-15 20:44:26,144 - INFO - BinnedStimSpikeDataset initialized:
2026-02-15 20:44:26,145 - INFO -   input_bin_size_ms=10, output_bin_size_ms=10
2026-02-15 20:44:26,145 - INFO -   n_input_bins=60, n_output_bins=60
2026-02-15 20:44:26,145 - INFO -   output_offset=0, total_bins_input=60, total_bins_output=60
2026-02-15 20:44:26,145 - INFO -   Valid start positions per trial: 0 to 0
2026-02-15 20:44:26,145 - INFO -   Total samples: 600 (600 trials × 1 positions)
2026-02-15 20:44:42,199 - INFO - BinnedStimSpikeDataset initialized:
2026-02-15 20:44:42,200 - INFO -   input_bin_size_ms=10, output_bin_size_ms=10
2026-02-15 20:44:42,200 - INFO -   n_input_bins=60, n_output_bins=60
2026-02-15 20:44:42,200 - INFO -   output_offset=0, total_bins_input=60, total_bins_output=60
2026-02-15 20:44:42,200 - INFO -   Valid start positions per trial: 0 to 0
2026-02-15 20:44:42,200 - INFO -   Total samples: 1000 (1000 trials × 1 positions)
2026-02-15 20:44:42,200 - INFO - Samples — train: 3400, val: 600, test: 1000
2026-02-15 20:44:42,201 - INFO - Input channels: 42, Neurons: 63
2026-02-15 20:44:42,201 - INFO - Using Apple Silicon MPS acceleration
2026-02-15 20:44:42,224 - INFO - Model: CNN — 372,159 trainable params (372,159 total)
2026-02-15 20:44:42,225 - INFO - Starting training …
2026-02-15 20:44:45,204 - INFO - Epoch   1/50 | Train: 0.214910 | Val: 0.197149 | Corr: 0.176244 | LR: 1.00e-02
2026-02-15 20:44:45,215 - INFO -   ↳ Saved best model (val_corr=0.176244)
2026-02-15 20:44:48,119 - INFO - Epoch   2/50 | Train: 0.195827 | Val: 0.192247 | Corr: 0.209224 | LR: 1.00e-02
2026-02-15 20:44:48,128 - INFO -   ↳ Saved best model (val_corr=0.209224)
2026-02-15 20:44:51,342 - INFO - Epoch   3/50 | Train: 0.191152 | Val: 0.189145 | Corr: 0.229380 | LR: 1.00e-02
2026-02-15 20:44:51,350 - INFO -   ↳ Saved best model (val_corr=0.229380)
2026-02-15 20:44:54,465 - INFO - Epoch   4/50 | Train: 0.187832 | Val: 0.187518 | Corr: 0.240002 | LR: 1.00e-02
2026-02-15 20:44:54,474 - INFO -   ↳ Saved best model (val_corr=0.240002)
2026-02-15 20:44:57,521 - INFO - Epoch   5/50 | Train: 0.185281 | Val: 0.186721 | Corr: 0.247034 | LR: 1.00e-02
2026-02-15 20:44:57,530 - INFO -   ↳ Saved best model (val_corr=0.247034)
2026-02-15 20:45:00,848 - INFO - Epoch   6/50 | Train: 0.183316 | Val: 0.186110 | Corr: 0.251434 | LR: 1.00e-02
2026-02-15 20:45:00,859 - INFO -   ↳ Saved best model (val_corr=0.251434)
2026-02-15 20:45:04,102 - INFO - Epoch   7/50 | Train: 0.181611 | Val: 0.185983 | Corr: 0.252565 | LR: 1.00e-02
2026-02-15 20:45:04,111 - INFO -   ↳ Saved best model (val_corr=0.252565)
2026-02-15 20:45:07,111 - INFO - Epoch   8/50 | Train: 0.180264 | Val: 0.185427 | Corr: 0.256725 | LR: 1.00e-02
2026-02-15 20:45:07,120 - INFO -   ↳ Saved best model (val_corr=0.256725)
2026-02-15 20:45:10,109 - INFO - Epoch   9/50 | Train: 0.179161 | Val: 0.186010 | Corr: 0.259021 | LR: 1.00e-02
2026-02-15 20:45:10,118 - INFO -   ↳ Saved best model (val_corr=0.259021)
2026-02-15 20:45:13,112 - INFO - Epoch  10/50 | Train: 0.178039 | Val: 0.185476 | Corr: 0.259615 | LR: 1.00e-02
2026-02-15 20:45:13,131 - INFO -   ↳ Saved best model (val_corr=0.259615)
2026-02-15 20:45:16,073 - INFO - Epoch  11/50 | Train: 0.177160 | Val: 0.185427 | Corr: 0.262966 | LR: 1.00e-02
2026-02-15 20:45:16,083 - INFO -   ↳ Saved best model (val_corr=0.262966)
2026-02-15 20:45:19,054 - INFO - Epoch  12/50 | Train: 0.176440 | Val: 0.185641 | Corr: 0.261180 | LR: 1.00e-02
2026-02-15 20:45:22,074 - INFO - Epoch  13/50 | Train: 0.175733 | Val: 0.185870 | Corr: 0.263020 | LR: 1.00e-02
2026-02-15 20:45:22,084 - INFO -   ↳ Saved best model (val_corr=0.263020)
2026-02-15 20:45:25,382 - INFO - Epoch  14/50 | Train: 0.175048 | Val: 0.185020 | Corr: 0.264980 | LR: 1.00e-02
2026-02-15 20:45:25,392 - INFO -   ↳ Saved best model (val_corr=0.264980)
2026-02-15 20:45:28,387 - INFO - Epoch  15/50 | Train: 0.174524 | Val: 0.186350 | Corr: 0.264873 | LR: 1.00e-02
2026-02-15 20:45:31,476 - INFO - Epoch  16/50 | Train: 0.173979 | Val: 0.185467 | Corr: 0.266488 | LR: 1.00e-02
2026-02-15 20:45:31,488 - INFO -   ↳ Saved best model (val_corr=0.266488)
2026-02-15 20:45:34,719 - INFO - Epoch  17/50 | Train: 0.173641 | Val: 0.186160 | Corr: 0.266392 | LR: 1.00e-02
2026-02-15 20:45:37,872 - INFO - Epoch  18/50 | Train: 0.173078 | Val: 0.186254 | Corr: 0.265893 | LR: 1.00e-02
2026-02-15 20:45:41,126 - INFO - Epoch  19/50 | Train: 0.172897 | Val: 0.186183 | Corr: 0.267156 | LR: 1.00e-02
2026-02-15 20:45:41,145 - INFO -   ↳ Saved best model (val_corr=0.267156)
2026-02-15 20:45:44,408 - INFO - Epoch  20/50 | Train: 0.172555 | Val: 0.186224 | Corr: 0.266441 | LR: 5.00e-03
2026-02-15 20:45:47,562 - INFO - Epoch  21/50 | Train: 0.170521 | Val: 0.185647 | Corr: 0.270305 | LR: 5.00e-03
2026-02-15 20:45:47,575 - INFO -   ↳ Saved best model (val_corr=0.270305)
2026-02-15 20:45:50,825 - INFO - Epoch  22/50 | Train: 0.169741 | Val: 0.185956 | Corr: 0.269448 | LR: 5.00e-03
2026-02-15 20:45:54,061 - INFO - Epoch  23/50 | Train: 0.169536 | Val: 0.186603 | Corr: 0.269816 | LR: 5.00e-03
2026-02-15 20:45:57,351 - INFO - Epoch  24/50 | Train: 0.169217 | Val: 0.187109 | Corr: 0.269402 | LR: 5.00e-03
2026-02-15 20:46:00,624 - INFO - Epoch  25/50 | Train: 0.169062 | Val: 0.187098 | Corr: 0.269421 | LR: 5.00e-03
2026-02-15 20:46:04,109 - INFO - Epoch  26/50 | Train: 0.168759 | Val: 0.186972 | Corr: 0.269518 | LR: 2.50e-03
2026-02-15 20:46:07,424 - INFO - Epoch  27/50 | Train: 0.167834 | Val: 0.186926 | Corr: 0.270560 | LR: 2.50e-03
2026-02-15 20:46:07,436 - INFO -   ↳ Saved best model (val_corr=0.270560)
2026-02-15 20:46:10,639 - INFO - Epoch  28/50 | Train: 0.167492 | Val: 0.187621 | Corr: 0.270250 | LR: 2.50e-03
2026-02-15 20:46:13,862 - INFO - Epoch  29/50 | Train: 0.167193 | Val: 0.188218 | Corr: 0.269795 | LR: 2.50e-03
2026-02-15 20:46:17,030 - INFO - Epoch  30/50 | Train: 0.167054 | Val: 0.187647 | Corr: 0.270043 | LR: 2.50e-03
2026-02-15 20:46:20,280 - INFO - Epoch  31/50 | Train: 0.166890 | Val: 0.188174 | Corr: 0.270547 | LR: 2.50e-03
2026-02-15 20:46:23,689 - INFO - Epoch  32/50 | Train: 0.166875 | Val: 0.188322 | Corr: 0.270188 | LR: 1.25e-03
2026-02-15 20:46:26,807 - INFO - Epoch  33/50 | Train: 0.166316 | Val: 0.188272 | Corr: 0.270228 | LR: 1.25e-03
2026-02-15 20:46:30,045 - INFO - Epoch  34/50 | Train: 0.166168 | Val: 0.188407 | Corr: 0.270742 | LR: 1.25e-03
2026-02-15 20:46:30,057 - INFO -   ↳ Saved best model (val_corr=0.270742)
2026-02-15 20:46:33,456 - INFO - Epoch  35/50 | Train: 0.165995 | Val: 0.188580 | Corr: 0.270526 | LR: 1.25e-03
2026-02-15 20:46:36,723 - INFO - Epoch  36/50 | Train: 0.165913 | Val: 0.188691 | Corr: 0.270393 | LR: 1.25e-03
2026-02-15 20:46:40,017 - INFO - Epoch  37/50 | Train: 0.165790 | Val: 0.189092 | Corr: 0.269814 | LR: 1.25e-03
2026-02-15 20:46:43,333 - INFO - Epoch  38/50 | Train: 0.165804 | Val: 0.189055 | Corr: 0.270071 | LR: 6.25e-04
2026-02-15 20:46:46,538 - INFO - Epoch  39/50 | Train: 0.165493 | Val: 0.189431 | Corr: 0.269989 | LR: 6.25e-04
2026-02-15 20:46:49,794 - INFO - Epoch  40/50 | Train: 0.165452 | Val: 0.188937 | Corr: 0.270287 | LR: 6.25e-04
2026-02-15 20:46:52,877 - INFO - Epoch  41/50 | Train: 0.165284 | Val: 0.189046 | Corr: 0.270439 | LR: 6.25e-04
2026-02-15 20:46:56,183 - INFO - Epoch  42/50 | Train: 0.165332 | Val: 0.189076 | Corr: 0.270248 | LR: 6.25e-04
2026-02-15 20:46:59,466 - INFO - Epoch  43/50 | Train: 0.165243 | Val: 0.189061 | Corr: 0.270275 | LR: 6.25e-04
2026-02-15 20:47:02,672 - INFO - Epoch  44/50 | Train: 0.165167 | Val: 0.189546 | Corr: 0.270084 | LR: 3.13e-04
2026-02-15 20:47:02,672 - INFO - Early stopping at epoch 44
2026-02-15 20:47:02,672 - INFO - Training complete — best val corr: 0.270742
2026-02-15 20:47:03,289 - INFO - Test loss: 0.177296, Test corr: 0.271682
2026-02-15 20:47:03,598 - INFO - Generating figures …
2026-02-15 20:47:04,019 - INFO - Correlation between predicted and actual per-neuron averages: r=0.9937, p=1.30e-59
2026-02-15 20:47:05,163 - INFO - Pattern selectivity summary:
2026-02-15 20:47:05,163 - INFO -   Mean correlation across neurons: 0.5054
2026-02-15 20:47:05,163 - INFO -   Median correlation: 0.5134
2026-02-15 20:47:05,163 - INFO -   Neurons with r > 0.5: 33 / 63
2026-02-15 20:47:05,163 - INFO -   Neurons with r > 0.3: 57 / 63
2026-02-15 20:47:05,163 - INFO - Pattern selectivity — mean neuron corr: 0.5054
2026-02-15 20:47:05,856 - INFO - LOO baseline — Model mean r: 0.2863, LOO mean r: 0.4728, Neurons model > LOO: 4/63
2026-02-15 20:47:05,857 - INFO - Skipping oracle trial plots (skip_oracle_plots=True)
2026-02-15 20:47:05,857 - INFO - Experiment complete. Summary: {
  "run_dir": "results/base_cnn_kernel_sweep_2026-02-15_11-28-56/trial_0205_learning_rate=0.01",
  "model_type": "cnn",
  "test_loss": 0.1772962383031845,
  "test_corr": 0.27168237816635116,
  "best_val_corr": 0.27074172726825707,
  "total_params": 372159,
  "trainable_params": 372159,
  "epochs_trained": 44,
  "mean_pattern_corr": 0.5053621350062714,
  "loo_mean_corr": 0.47275709111471625,
  "model_sample_mean_corr": 0.286267731204522,
  "neurons_model_beats_loo": 4
}
2026-02-15 20:47:05,866 - INFO - 
======================================================================
2026-02-15 20:47:05,866 - INFO - [207/216] trial_0206_learning_rate=0.01
2026-02-15 20:47:05,866 - INFO -   Overrides: {"kernel_sizes": [60], "learning_rate": 0.01, "fc_dims": [256], "weight_decay": 0, "conv_channels": [256]}
2026-02-15 20:47:05,866 - INFO -   Output: results/base_cnn_kernel_sweep_2026-02-15_11-28-56/trial_0206_learning_rate=0.01
