2026-03-04 01:40:09,028 - INFO - ============================================================
2026-03-04 01:40:09,028 - INFO - Experiment run directory: /scratch/sb272/patterns5k_results/slurm_hist_cnn_2026-03-03_15-13-01/trial_0372_learning_rate=5.0e-03_history=10_kernel_sizes=5_conv_channels=256_fc_dims=256_seed1
2026-03-04 01:40:09,028 - INFO - ============================================================
2026-03-04 01:40:09,029 - INFO - Loading data …
2026-03-04 01:40:10,002 - INFO - 63 unique neurons after dropping problematic neurons
2026-03-04 01:40:10,986 - INFO - Stimulation channels: 42, Spiking neurons: 63
2026-03-04 01:41:21,138 - INFO - Unique patterns: 4050, Total trials: 5000
2026-03-04 01:41:21,140 - INFO - Stimulation channels: 42, Spiking neurons: 63
2026-03-04 01:41:21,140 - INFO - Unique patterns: 4050, Total trials: 5000
2026-03-04 01:41:21,153 - INFO - Split (oracle): train=3400, val=600, test=1000
2026-03-04 01:41:35,525 - INFO - BinnedStimSpikeDataset initialized:
2026-03-04 01:41:35,525 - INFO -   input_bin_size_ms=10, output_bin_size_ms=10
2026-03-04 01:41:35,525 - INFO -   n_input_bins=60, n_output_bins=60
2026-03-04 01:41:35,525 - INFO -   output_offset=0, total_bins_input=60, total_bins_output=60
2026-03-04 01:41:35,525 - INFO -   Valid start positions per trial: 0 to 0
2026-03-04 01:41:35,525 - INFO -   Total samples: 3400 (3400 trials × 1 positions)
2026-03-04 01:41:49,375 - INFO - BinnedStimSpikeDataset initialized:
2026-03-04 01:41:49,376 - INFO -   input_bin_size_ms=10, output_bin_size_ms=10
2026-03-04 01:41:49,376 - INFO -   n_input_bins=60, n_output_bins=60
2026-03-04 01:41:49,376 - INFO -   output_offset=0, total_bins_input=60, total_bins_output=60
2026-03-04 01:41:49,376 - INFO -   Valid start positions per trial: 0 to 0
2026-03-04 01:41:49,376 - INFO -   Total samples: 600 (600 trials × 1 positions)
2026-03-04 01:42:03,358 - INFO - BinnedStimSpikeDataset initialized:
2026-03-04 01:42:03,358 - INFO -   input_bin_size_ms=10, output_bin_size_ms=10
2026-03-04 01:42:03,358 - INFO -   n_input_bins=60, n_output_bins=60
2026-03-04 01:42:03,358 - INFO -   output_offset=0, total_bins_input=60, total_bins_output=60
2026-03-04 01:42:03,358 - INFO -   Valid start positions per trial: 0 to 0
2026-03-04 01:42:03,358 - INFO -   Total samples: 1000 (1000 trials × 1 positions)
2026-03-04 01:42:03,358 - INFO - Samples — train: 3400, val: 600, test: 1000
2026-03-04 01:42:03,358 - INFO - Input channels: 105, Neurons: 63
2026-03-04 01:42:03,367 - INFO - Using CPU
2026-03-04 01:42:03,383 - INFO - Model: CNN — 217,151 trainable params (217,151 total)
2026-03-04 01:42:07,647 - INFO - Starting training …
2026-03-04 01:42:11,835 - INFO - Epoch   1/50 | Train: 0.205651 | Val: 0.186046 | Corr: 0.069342 | LR: 5.00e-03
2026-03-04 01:42:11,851 - INFO -   ↳ Saved best model (val_corr=0.069342)
2026-03-04 01:42:15,322 - INFO - Epoch   2/50 | Train: 0.183500 | Val: 0.181335 | Corr: 0.100168 | LR: 5.00e-03
2026-03-04 01:42:15,338 - INFO -   ↳ Saved best model (val_corr=0.100168)
2026-03-04 01:42:18,734 - INFO - Epoch   3/50 | Train: 0.180606 | Val: 0.180538 | Corr: 0.114130 | LR: 5.00e-03
2026-03-04 01:42:18,744 - INFO -   ↳ Saved best model (val_corr=0.114130)
2026-03-04 01:42:22,183 - INFO - Epoch   4/50 | Train: 0.178778 | Val: 0.178530 | Corr: 0.126022 | LR: 5.00e-03
2026-03-04 01:42:22,194 - INFO -   ↳ Saved best model (val_corr=0.126022)
2026-03-04 01:42:25,632 - INFO - Epoch   5/50 | Train: 0.177294 | Val: 0.179291 | Corr: 0.131285 | LR: 5.00e-03
2026-03-04 01:42:25,643 - INFO -   ↳ Saved best model (val_corr=0.131285)
2026-03-04 01:42:29,062 - INFO - Epoch   6/50 | Train: 0.176472 | Val: 0.177475 | Corr: 0.135755 | LR: 5.00e-03
2026-03-04 01:42:29,073 - INFO -   ↳ Saved best model (val_corr=0.135755)
2026-03-04 01:42:32,405 - INFO - Epoch   7/50 | Train: 0.175435 | Val: 0.178234 | Corr: 0.135555 | LR: 5.00e-03
2026-03-04 01:42:35,786 - INFO - Epoch   8/50 | Train: 0.174803 | Val: 0.177235 | Corr: 0.137150 | LR: 5.00e-03
2026-03-04 01:42:35,798 - INFO -   ↳ Saved best model (val_corr=0.137150)
2026-03-04 01:42:39,264 - INFO - Epoch   9/50 | Train: 0.174130 | Val: 0.177411 | Corr: 0.138415 | LR: 5.00e-03
2026-03-04 01:42:39,276 - INFO -   ↳ Saved best model (val_corr=0.138415)
2026-03-04 01:42:42,636 - INFO - Epoch  10/50 | Train: 0.173529 | Val: 0.177222 | Corr: 0.138443 | LR: 5.00e-03
2026-03-04 01:42:42,648 - INFO -   ↳ Saved best model (val_corr=0.138443)
2026-03-04 01:42:46,097 - INFO - Epoch  11/50 | Train: 0.172865 | Val: 0.177360 | Corr: 0.137766 | LR: 5.00e-03
2026-03-04 01:42:49,532 - INFO - Epoch  12/50 | Train: 0.172332 | Val: 0.177529 | Corr: 0.137031 | LR: 5.00e-03
2026-03-04 01:42:52,892 - INFO - Epoch  13/50 | Train: 0.171750 | Val: 0.177730 | Corr: 0.136108 | LR: 5.00e-03
2026-03-04 01:42:56,399 - INFO - Epoch  14/50 | Train: 0.171391 | Val: 0.178456 | Corr: 0.137444 | LR: 2.50e-03
2026-03-04 01:42:59,966 - INFO - Epoch  15/50 | Train: 0.169540 | Val: 0.178169 | Corr: 0.137300 | LR: 2.50e-03
2026-03-04 01:43:03,507 - INFO - Epoch  16/50 | Train: 0.169016 | Val: 0.178424 | Corr: 0.136003 | LR: 2.50e-03
2026-03-04 01:43:06,780 - INFO - Epoch  17/50 | Train: 0.168604 | Val: 0.178466 | Corr: 0.136191 | LR: 2.50e-03
2026-03-04 01:43:10,013 - INFO - Epoch  18/50 | Train: 0.168249 | Val: 0.179038 | Corr: 0.134607 | LR: 2.50e-03
2026-03-04 01:43:13,219 - INFO - Epoch  19/50 | Train: 0.167948 | Val: 0.179027 | Corr: 0.133302 | LR: 2.50e-03
2026-03-04 01:43:16,610 - INFO - Epoch  20/50 | Train: 0.167940 | Val: 0.178894 | Corr: 0.134251 | LR: 1.25e-03
2026-03-04 01:43:16,610 - INFO - Early stopping at epoch 20
2026-03-04 01:43:16,610 - INFO - Training complete — best val corr: 0.138443
2026-03-04 01:43:17,596 - INFO - Test loss: 0.168153, Test corr: 0.133878
2026-03-04 01:43:17,895 - INFO - Fraction of variance explained (FVE): 0.021504
2026-03-04 01:43:17,895 - INFO - Computing autoregressive (AR) test predictions …
2026-03-04 01:43:18,357 - INFO - AR FVE: 0.018873, AR test corr: 0.127475
2026-03-04 01:43:18,357 - INFO - Generating figures …
2026-03-04 01:43:18,744 - INFO - Correlation between predicted and actual per-neuron averages: r=0.9683, p=1.88e-38
2026-03-04 01:43:20,240 - INFO - Pattern selectivity summary:
2026-03-04 01:43:20,240 - INFO -   Mean correlation across neurons: 0.5588
2026-03-04 01:43:20,240 - INFO -   Median correlation: 0.5737
2026-03-04 01:43:20,240 - INFO -   Neurons with r > 0.5: 43 / 63
2026-03-04 01:43:20,240 - INFO -   Neurons with r > 0.3: 58 / 63
2026-03-04 01:43:20,240 - INFO - Pattern selectivity — mean neuron corr: 0.5588
2026-03-04 01:43:21,396 - INFO - LOO (avg rate) — Model mean r: 0.3904, LOO mean r: 0.4546, Neurons model > LOO: 12/63
2026-03-04 01:43:23,014 - INFO - LOO (temporal) — Model mean r: 0.1400, LOO mean r: 0.3186, Neurons model > LOO: 1/63
2026-03-04 01:43:23,015 - INFO - Skipping oracle trial plots (skip_oracle_plots=True)
2026-03-04 01:43:23,035 - INFO - Experiment complete. Summary: {
  "run_dir": "/scratch/sb272/patterns5k_results/slurm_hist_cnn_2026-03-03_15-13-01/trial_0372_learning_rate=5.0e-03_history=10_kernel_sizes=5_conv_channels=256_fc_dims=256_seed1",
  "model_type": "cnn",
  "batch_avg_test_loss": 0.1681534140110016,
  "batch_avg_test_corr": 0.1338776275408942,
  "all_test_fve": 0.021503993443080356,
  "AR_FVE": 0.018873285679590134,
  "AR_test_correlation": 0.12747496366500854,
  "best_val_corr": 0.13844263539756027,
  "total_params": 217151,
  "trainable_params": 217151,
  "epochs_trained": 20,
  "mean_pattern_corr": 0.558801811832881,
  "history": 10,
  "init_state": true,
  "loo_avg_mean_corr": 0.45456832695830385,
  "model_avg_mean_corr": 0.39036912149828074,
  "neurons_model_beats_loo_avg": 12,
  "loo_temporal_mean_corr": 0.31855225563049316,
  "all_test_corr": 0.1399565190076828,
  "neurons_model_beats_loo_temporal": 1,
  "kernel_sizes": [
    5
  ],
  "conv_channels": [
    256
  ],
  "fc_dims": [
    256
  ]
}
