2026-05-11 13:44:07,968 - INFO - ============================================================
2026-05-11 13:44:07,968 - INFO - Experiment run directory: results/local_local_arch_timing_2026-05-11_13-36-28/trial_0001_kernel_sizes=10x5_conv_channels=256x128_fc_dims=256_fold2
2026-05-11 13:44:07,968 - INFO - ============================================================
2026-05-11 13:44:07,968 - INFO - Loading data …
2026-05-11 13:44:08,475 - INFO - 65 unique neurons after dropping problematic neurons
2026-05-11 13:44:09,366 - INFO - Stimulation channels: 40, Spiking neurons: 65
2026-05-11 13:45:11,872 - INFO - Unique patterns: 3100, Total trials: 4000
2026-05-11 13:45:11,872 - INFO - Stimulation channels: 40, Spiking neurons: 65
2026-05-11 13:45:11,872 - INFO - Unique patterns: 3100, Total trials: 4000
2026-05-11 13:45:11,886 - INFO - Split (oracle): train=2550, val=450, test=1000
2026-05-11 13:45:32,157 - INFO - BinnedStimSpikeDataset initialized:
2026-05-11 13:45:32,157 - INFO -   input_bin_size_ms=10, output_bin_size_ms=10
2026-05-11 13:45:32,157 - INFO -   n_input_bins=60, n_output_bins=60
2026-05-11 13:45:32,157 - INFO -   output_offset=0, total_bins_input=60, total_bins_output=60
2026-05-11 13:45:32,157 - INFO -   Valid start positions per trial: 0 to 0
2026-05-11 13:45:32,157 - INFO -   Total samples: 2550 (2550 trials × 1 positions)
2026-05-11 13:45:52,116 - INFO - BinnedStimSpikeDataset initialized:
2026-05-11 13:45:52,116 - INFO -   input_bin_size_ms=10, output_bin_size_ms=10
2026-05-11 13:45:52,116 - INFO -   n_input_bins=60, n_output_bins=60
2026-05-11 13:45:52,116 - INFO -   output_offset=0, total_bins_input=60, total_bins_output=60
2026-05-11 13:45:52,116 - INFO -   Valid start positions per trial: 0 to 0
2026-05-11 13:45:52,116 - INFO -   Total samples: 450 (450 trials × 1 positions)
2026-05-11 13:46:12,217 - INFO - BinnedStimSpikeDataset initialized:
2026-05-11 13:46:12,218 - INFO -   input_bin_size_ms=10, output_bin_size_ms=10
2026-05-11 13:46:12,218 - INFO -   n_input_bins=60, n_output_bins=60
2026-05-11 13:46:12,218 - INFO -   output_offset=0, total_bins_input=60, total_bins_output=60
2026-05-11 13:46:12,218 - INFO -   Valid start positions per trial: 0 to 0
2026-05-11 13:46:12,218 - INFO -   Total samples: 1000 (1000 trials × 1 positions)
2026-05-11 13:46:12,218 - INFO - Samples — train: 2550, val: 450, test: 1000
2026-05-11 13:46:12,218 - INFO - Input channels: 40, Neurons: 65
2026-05-11 13:46:12,300 - INFO - Using CUDA device: NVIDIA RTX 6000 Ada Generation
2026-05-11 13:46:12,404 - INFO - Model: CNN — 317,121 trainable params (317,121 total)
2026-05-11 13:46:12,960 - INFO - Automatic Mixed Precision (AMP) enabled
2026-05-11 13:46:12,960 - INFO - Starting training …
2026-05-11 13:46:25,320 - INFO - Epoch   1/3 | Train: 0.287547 | Val: 0.240825 | Corr: 0.141743 | LR: 1.00e-03
2026-05-11 13:46:25,323 - INFO -   ↳ Saved best model (val_corr=0.141743)
2026-05-11 13:46:25,789 - INFO - Epoch   2/3 | Train: 0.237058 | Val: 0.231807 | Corr: 0.189027 | LR: 1.00e-03
2026-05-11 13:46:25,791 - INFO -   ↳ Saved best model (val_corr=0.189027)
2026-05-11 13:46:26,249 - INFO - Epoch   3/3 | Train: 0.228949 | Val: 0.224806 | Corr: 0.227906 | LR: 1.00e-03
2026-05-11 13:46:26,251 - INFO -   ↳ Saved best model (val_corr=0.227906)
2026-05-11 13:46:26,252 - INFO - Training complete — best val corr: 0.227906
2026-05-11 13:46:32,263 - INFO - Test loss: 0.237710, Test corr: 0.162951
2026-05-11 13:46:32,343 - INFO - FVE (global, per-neuron mean): 0.025891  | median: 0.015666
2026-05-11 13:46:32,343 - INFO - FVE (local/within-trial, per-neuron mean): -0.028773  | median: -0.024217
2026-05-11 13:46:32,343 - INFO - Generating figures …
2026-05-11 13:46:32,622 - INFO - Correlation between predicted and actual per-neuron averages: r=0.9746, p=1.15e-42
2026-05-11 13:46:39,529 - INFO - Pattern selectivity summary:
2026-05-11 13:46:39,529 - INFO -   Mean correlation across neurons: 0.4457
2026-05-11 13:46:39,529 - INFO -   Median correlation: 0.4521
2026-05-11 13:46:39,529 - INFO -   Neurons with r > 0.5: 27 / 65
2026-05-11 13:46:39,529 - INFO -   Neurons with r > 0.3: 47 / 65
2026-05-11 13:46:39,529 - INFO - Pattern selectivity — mean neuron corr: 0.4457
2026-05-11 13:46:46,145 - INFO - LOO (avg rate) — Model mean r: 0.3470, LOO mean r: 0.6889, Neurons model > LOO: 0/65
2026-05-11 13:46:53,032 - INFO - LOO (temporal) — Model mean r: 0.1641, LOO mean r: 0.3950, Neurons model > LOO: 0/65
2026-05-11 13:46:53,032 - INFO - Skipping oracle trial plots (skip_oracle_plots=True)
2026-05-11 13:46:53,032 - INFO - Experiment complete. Summary: {
  "run_dir": "results/local_local_arch_timing_2026-05-11_13-36-28/trial_0001_kernel_sizes=10x5_conv_channels=256x128_fc_dims=256_fold2",
  "model_type": "cnn",
  "batch_avg_test_loss": 0.23771029496192933,
  "batch_avg_test_corr": 0.16295126020273926,
  "all_test_fve_global": 0.0258914956679711,
  "all_test_fve_local": -0.02877257636418709,
  "AR_FVE": NaN,
  "AR_test_correlation": NaN,
  "best_val_corr": 0.22790625102031173,
  "total_params": 317121,
  "trainable_params": 317121,
  "epochs_trained": 3,
  "mean_pattern_corr": 0.44567897084843233,
  "history": 0,
  "init_state": true,
  "loo_avg_mean_corr": 0.6888981870020191,
  "model_avg_mean_corr": 0.3470028328629625,
  "neurons_model_beats_loo_avg": 0,
  "loo_temporal_mean_corr": 0.3949609398841858,
  "all_test_corr": 0.1640828549861908,
  "neurons_model_beats_loo_temporal": 0,
  "kernel_sizes": [
    10,
    5
  ],
  "conv_channels": [
    256,
    128
  ],
  "fc_dims": [
    256
  ]
}
