2026-01-29 16:51:46,519 - INFO - ==================================================
2026-01-29 16:51:46,520 - INFO - Experiment run directory: results/binned_2026-01-29_16-51-46
2026-01-29 16:51:46,520 - INFO - Inference mode: False
2026-01-29 16:51:46,521 - INFO - Random seed: 42
2026-01-29 16:51:46,521 - INFO - ==================================================
2026-01-29 16:51:46,523 - INFO - Total trials: 5000
2026-01-29 16:51:46,540 - INFO - Oracle trials: 1000 (50 patterns × 10 trials)
2026-01-29 16:51:46,540 - INFO - Sample trials: 4000
2026-01-29 16:51:46,541 - INFO - Train: 3400, Val: 600, Test: 1000
2026-01-29 16:51:46,542 - INFO - Dataset config: bin_size=50ms, n_input_bins=1, n_output_bins=1, output_offset=0
2026-01-29 16:52:02,438 - INFO - BinnedStimSpikeDataset initialized:
2026-01-29 16:52:02,442 - INFO -   bin_size_ms=50, n_input_bins=1, n_output_bins=1
2026-01-29 16:52:02,442 - INFO -   output_offset=0, total_bins per trial=40
2026-01-29 16:52:02,443 - INFO -   Valid start positions per trial: 0 to 39
2026-01-29 16:52:02,443 - INFO -   Total samples: 136000 (3400 trials × 40 positions)
2026-01-29 16:52:17,561 - INFO - BinnedStimSpikeDataset initialized:
2026-01-29 16:52:17,562 - INFO -   bin_size_ms=50, n_input_bins=1, n_output_bins=1
2026-01-29 16:52:17,562 - INFO -   output_offset=0, total_bins per trial=40
2026-01-29 16:52:17,563 - INFO -   Valid start positions per trial: 0 to 39
2026-01-29 16:52:17,563 - INFO -   Total samples: 24000 (600 trials × 40 positions)
2026-01-29 16:52:32,780 - INFO - BinnedStimSpikeDataset initialized:
2026-01-29 16:52:32,783 - INFO -   bin_size_ms=50, n_input_bins=1, n_output_bins=1
2026-01-29 16:52:32,783 - INFO -   output_offset=0, total_bins per trial=40
2026-01-29 16:52:32,784 - INFO -   Valid start positions per trial: 0 to 39
2026-01-29 16:52:32,784 - INFO -   Total samples: 40000 (1000 trials × 40 positions)
2026-01-29 16:52:32,801 - INFO - Train samples: 136000, Val samples: 24000, Test samples: 40000
2026-01-29 16:52:32,802 - INFO - Train batches: 532, Val batches: 94, Test batches: 157
2026-01-29 16:52:32,802 - INFO - Number of stimulation channels: 42
2026-01-29 16:52:32,803 - INFO - Number of recorded neurons: 63
2026-01-29 16:52:32,804 - INFO - Sample X shape: torch.Size([42, 1]) (n_channels, n_input_bins)
2026-01-29 16:52:32,804 - INFO - Sample Y shape: torch.Size([63, 1]) (n_neurons, n_output_bins)
2026-01-29 16:52:32,804 - INFO - Using Apple Silicon MPS acceleration
2026-01-29 16:52:32,805 - INFO - PyTorch version: 2.10.0.dev20251124
2026-01-29 16:52:32,805 - INFO - Device: mps
2026-01-29 16:52:32,806 - INFO - Saved experiment config to results/binned_2026-01-29_16-51-46/config.json
2026-01-29 16:52:33,920 - INFO - Saved spike distribution plot (counts mode) to results/binned_2026-01-29_16-51-46/train_spike_distribution_counts.png
2026-01-29 16:52:34,976 - INFO - Saved spike distribution plot (binary mode) to results/binned_2026-01-29_16-51-46/train_spike_distribution_binary.png
