2026-03-04 17:45:41,929 - INFO - ============================================================
2026-03-04 17:45:41,929 - INFO - Experiment run directory: /scratch/sb272/patterns5k_results/slurm_base_cnn_2026-03-04_16-53-19/trial_0091_learning_rate=5.0e-04_kernel_sizes=3x3_conv_channels=64x128_fc_dims=256_seed1
2026-03-04 17:45:41,929 - INFO - ============================================================
2026-03-04 17:45:41,929 - INFO - Loading data …
2026-03-04 17:45:43,053 - INFO - 63 unique neurons after dropping problematic neurons
2026-03-04 17:45:44,553 - INFO - Stimulation channels: 42, Spiking neurons: 63
2026-03-04 17:48:11,934 - INFO - Unique patterns: 4050, Total trials: 5000
2026-03-04 17:48:11,934 - INFO - Stimulation channels: 42, Spiking neurons: 63
2026-03-04 17:48:11,935 - INFO - Unique patterns: 4050, Total trials: 5000
2026-03-04 17:48:11,957 - INFO - Split (oracle): train=3400, val=600, test=1000
2026-03-04 17:48:44,161 - INFO - BinnedStimSpikeDataset initialized:
2026-03-04 17:48:44,162 - INFO -   input_bin_size_ms=10, output_bin_size_ms=10
2026-03-04 17:48:44,162 - INFO -   n_input_bins=60, n_output_bins=60
2026-03-04 17:48:44,162 - INFO -   output_offset=0, total_bins_input=60, total_bins_output=60
2026-03-04 17:48:44,162 - INFO -   Valid start positions per trial: 0 to 0
2026-03-04 17:48:44,162 - INFO -   Total samples: 3400 (3400 trials × 1 positions)
2026-03-04 17:49:15,025 - INFO - BinnedStimSpikeDataset initialized:
2026-03-04 17:49:15,026 - INFO -   input_bin_size_ms=10, output_bin_size_ms=10
2026-03-04 17:49:15,026 - INFO -   n_input_bins=60, n_output_bins=60
2026-03-04 17:49:15,026 - INFO -   output_offset=0, total_bins_input=60, total_bins_output=60
2026-03-04 17:49:15,026 - INFO -   Valid start positions per trial: 0 to 0
2026-03-04 17:49:15,026 - INFO -   Total samples: 600 (600 trials × 1 positions)
2026-03-04 17:49:46,684 - INFO - BinnedStimSpikeDataset initialized:
2026-03-04 17:49:46,685 - INFO -   input_bin_size_ms=10, output_bin_size_ms=10
2026-03-04 17:49:46,685 - INFO -   n_input_bins=60, n_output_bins=60
2026-03-04 17:49:46,685 - INFO -   output_offset=0, total_bins_input=60, total_bins_output=60
2026-03-04 17:49:46,685 - INFO -   Valid start positions per trial: 0 to 0
2026-03-04 17:49:46,685 - INFO -   Total samples: 1000 (1000 trials × 1 positions)
2026-03-04 17:49:46,686 - INFO - Samples — train: 3400, val: 600, test: 1000
2026-03-04 17:49:46,686 - INFO - Input channels: 42, Neurons: 63
2026-03-04 17:49:46,705 - INFO - Using CPU
2026-03-04 17:49:46,709 - INFO - Model: CNN — 82,431 trainable params (82,431 total)
2026-03-04 17:49:50,079 - INFO - Starting training …
2026-03-04 17:49:56,199 - INFO - Epoch   1/50 | Train: 0.252404 | Val: 0.189470 | Corr: 0.064348 | LR: 5.00e-04
2026-03-04 17:49:56,209 - INFO -   ↳ Saved best model (val_corr=0.064348)
2026-03-04 17:50:01,298 - INFO - Epoch   2/50 | Train: 0.185934 | Val: 0.192162 | Corr: 0.075806 | LR: 5.00e-04
2026-03-04 17:50:01,306 - INFO -   ↳ Saved best model (val_corr=0.075806)
2026-03-04 17:50:06,631 - INFO - Epoch   3/50 | Train: 0.184362 | Val: 0.185170 | Corr: 0.081968 | LR: 5.00e-04
2026-03-04 17:50:06,640 - INFO -   ↳ Saved best model (val_corr=0.081968)
2026-03-04 17:50:12,063 - INFO - Epoch   4/50 | Train: 0.183232 | Val: 0.184732 | Corr: 0.087750 | LR: 5.00e-04
2026-03-04 17:50:12,071 - INFO -   ↳ Saved best model (val_corr=0.087750)
2026-03-04 17:50:17,465 - INFO - Epoch   5/50 | Train: 0.182255 | Val: 0.182930 | Corr: 0.093638 | LR: 5.00e-04
2026-03-04 17:50:17,475 - INFO -   ↳ Saved best model (val_corr=0.093638)
2026-03-04 17:50:22,824 - INFO - Epoch   6/50 | Train: 0.181604 | Val: 0.182282 | Corr: 0.098451 | LR: 5.00e-04
2026-03-04 17:50:22,837 - INFO -   ↳ Saved best model (val_corr=0.098451)
2026-03-04 17:50:27,906 - INFO - Epoch   7/50 | Train: 0.180980 | Val: 0.182424 | Corr: 0.102225 | LR: 5.00e-04
2026-03-04 17:50:27,914 - INFO -   ↳ Saved best model (val_corr=0.102225)
2026-03-04 17:50:32,950 - INFO - Epoch   8/50 | Train: 0.180520 | Val: 0.182666 | Corr: 0.104380 | LR: 5.00e-04
2026-03-04 17:50:32,958 - INFO -   ↳ Saved best model (val_corr=0.104380)
2026-03-04 17:50:37,986 - INFO - Epoch   9/50 | Train: 0.180131 | Val: 0.182997 | Corr: 0.107282 | LR: 5.00e-04
2026-03-04 17:50:37,995 - INFO -   ↳ Saved best model (val_corr=0.107282)
2026-03-04 17:50:43,051 - INFO - Epoch  10/50 | Train: 0.179734 | Val: 0.182771 | Corr: 0.110880 | LR: 5.00e-04
2026-03-04 17:50:43,059 - INFO -   ↳ Saved best model (val_corr=0.110880)
2026-03-04 17:50:48,144 - INFO - Epoch  11/50 | Train: 0.179394 | Val: 0.182285 | Corr: 0.112605 | LR: 5.00e-04
2026-03-04 17:50:48,153 - INFO -   ↳ Saved best model (val_corr=0.112605)
2026-03-04 17:50:53,270 - INFO - Epoch  12/50 | Train: 0.178980 | Val: 0.179804 | Corr: 0.115919 | LR: 5.00e-04
2026-03-04 17:50:53,279 - INFO -   ↳ Saved best model (val_corr=0.115919)
2026-03-04 17:50:58,698 - INFO - Epoch  13/50 | Train: 0.178700 | Val: 0.180402 | Corr: 0.117099 | LR: 5.00e-04
2026-03-04 17:50:58,707 - INFO -   ↳ Saved best model (val_corr=0.117099)
2026-03-04 17:51:04,102 - INFO - Epoch  14/50 | Train: 0.178502 | Val: 0.179976 | Corr: 0.118711 | LR: 5.00e-04
2026-03-04 17:51:04,112 - INFO -   ↳ Saved best model (val_corr=0.118711)
2026-03-04 17:51:09,506 - INFO - Epoch  15/50 | Train: 0.178426 | Val: 0.181916 | Corr: 0.121756 | LR: 5.00e-04
2026-03-04 17:51:09,514 - INFO -   ↳ Saved best model (val_corr=0.121756)
2026-03-04 17:51:14,845 - INFO - Epoch  16/50 | Train: 0.178096 | Val: 0.179135 | Corr: 0.121767 | LR: 5.00e-04
2026-03-04 17:51:14,854 - INFO -   ↳ Saved best model (val_corr=0.121767)
2026-03-04 17:51:19,894 - INFO - Epoch  17/50 | Train: 0.177937 | Val: 0.178640 | Corr: 0.122680 | LR: 5.00e-04
2026-03-04 17:51:19,902 - INFO -   ↳ Saved best model (val_corr=0.122680)
2026-03-04 17:51:24,986 - INFO - Epoch  18/50 | Train: 0.177777 | Val: 0.178754 | Corr: 0.124879 | LR: 5.00e-04
2026-03-04 17:51:24,994 - INFO -   ↳ Saved best model (val_corr=0.124879)
2026-03-04 17:51:30,065 - INFO - Epoch  19/50 | Train: 0.177574 | Val: 0.178710 | Corr: 0.126772 | LR: 5.00e-04
2026-03-04 17:51:30,075 - INFO -   ↳ Saved best model (val_corr=0.126772)
2026-03-04 17:51:35,129 - INFO - Epoch  20/50 | Train: 0.177378 | Val: 0.179693 | Corr: 0.127297 | LR: 5.00e-04
2026-03-04 17:51:35,138 - INFO -   ↳ Saved best model (val_corr=0.127297)
2026-03-04 17:51:40,180 - INFO - Epoch  21/50 | Train: 0.177314 | Val: 0.180950 | Corr: 0.129247 | LR: 5.00e-04
2026-03-04 17:51:40,189 - INFO -   ↳ Saved best model (val_corr=0.129247)
2026-03-04 17:51:45,426 - INFO - Epoch  22/50 | Train: 0.177316 | Val: 0.180193 | Corr: 0.130178 | LR: 5.00e-04
2026-03-04 17:51:45,434 - INFO -   ↳ Saved best model (val_corr=0.130178)
2026-03-04 17:51:50,771 - INFO - Epoch  23/50 | Train: 0.177185 | Val: 0.178731 | Corr: 0.130567 | LR: 2.50e-04
2026-03-04 17:51:50,780 - INFO -   ↳ Saved best model (val_corr=0.130567)
2026-03-04 17:51:56,125 - INFO - Epoch  24/50 | Train: 0.176812 | Val: 0.178550 | Corr: 0.131154 | LR: 2.50e-04
2026-03-04 17:51:56,137 - INFO -   ↳ Saved best model (val_corr=0.131154)
2026-03-04 17:52:01,271 - INFO - Epoch  25/50 | Train: 0.176686 | Val: 0.178698 | Corr: 0.132267 | LR: 2.50e-04
2026-03-04 17:52:01,281 - INFO -   ↳ Saved best model (val_corr=0.132267)
2026-03-04 17:52:06,307 - INFO - Epoch  26/50 | Train: 0.176713 | Val: 0.177875 | Corr: 0.132110 | LR: 2.50e-04
2026-03-04 17:52:11,317 - INFO - Epoch  27/50 | Train: 0.176620 | Val: 0.178190 | Corr: 0.133028 | LR: 2.50e-04
2026-03-04 17:52:11,325 - INFO -   ↳ Saved best model (val_corr=0.133028)
2026-03-04 17:52:16,321 - INFO - Epoch  28/50 | Train: 0.176534 | Val: 0.178939 | Corr: 0.133385 | LR: 2.50e-04
2026-03-04 17:52:16,328 - INFO -   ↳ Saved best model (val_corr=0.133385)
2026-03-04 17:52:21,332 - INFO - Epoch  29/50 | Train: 0.176541 | Val: 0.179494 | Corr: 0.133790 | LR: 2.50e-04
2026-03-04 17:52:21,343 - INFO -   ↳ Saved best model (val_corr=0.133790)
2026-03-04 17:52:26,407 - INFO - Epoch  30/50 | Train: 0.176503 | Val: 0.178079 | Corr: 0.133669 | LR: 2.50e-04
2026-03-04 17:52:31,796 - INFO - Epoch  31/50 | Train: 0.176427 | Val: 0.178301 | Corr: 0.134361 | LR: 2.50e-04
2026-03-04 17:52:31,807 - INFO -   ↳ Saved best model (val_corr=0.134361)
2026-03-04 17:52:37,209 - INFO - Epoch  32/50 | Train: 0.176431 | Val: 0.178148 | Corr: 0.134177 | LR: 1.25e-04
2026-03-04 17:52:42,537 - INFO - Epoch  33/50 | Train: 0.176253 | Val: 0.178408 | Corr: 0.134793 | LR: 1.25e-04
2026-03-04 17:52:42,544 - INFO -   ↳ Saved best model (val_corr=0.134793)
2026-03-04 17:52:47,622 - INFO - Epoch  34/50 | Train: 0.176247 | Val: 0.178084 | Corr: 0.134682 | LR: 1.25e-04
2026-03-04 17:52:52,799 - INFO - Epoch  35/50 | Train: 0.176158 | Val: 0.178509 | Corr: 0.135486 | LR: 1.25e-04
2026-03-04 17:52:52,810 - INFO -   ↳ Saved best model (val_corr=0.135486)
2026-03-04 17:52:58,126 - INFO - Epoch  36/50 | Train: 0.176143 | Val: 0.178003 | Corr: 0.135109 | LR: 1.25e-04
2026-03-04 17:53:03,351 - INFO - Epoch  37/50 | Train: 0.176158 | Val: 0.178001 | Corr: 0.135074 | LR: 1.25e-04
2026-03-04 17:53:08,668 - INFO - Epoch  38/50 | Train: 0.176167 | Val: 0.178109 | Corr: 0.135318 | LR: 6.25e-05
2026-03-04 17:53:13,985 - INFO - Epoch  39/50 | Train: 0.176031 | Val: 0.177804 | Corr: 0.135350 | LR: 6.25e-05
2026-03-04 17:53:19,309 - INFO - Epoch  40/50 | Train: 0.176047 | Val: 0.178409 | Corr: 0.135827 | LR: 6.25e-05
2026-03-04 17:53:19,321 - INFO -   ↳ Saved best model (val_corr=0.135827)
2026-03-04 17:53:24,646 - INFO - Epoch  41/50 | Train: 0.176021 | Val: 0.178178 | Corr: 0.135871 | LR: 6.25e-05
2026-03-04 17:53:24,656 - INFO -   ↳ Saved best model (val_corr=0.135871)
2026-03-04 17:53:29,968 - INFO - Epoch  42/50 | Train: 0.175989 | Val: 0.178165 | Corr: 0.135942 | LR: 6.25e-05
2026-03-04 17:53:29,976 - INFO -   ↳ Saved best model (val_corr=0.135942)
2026-03-04 17:53:34,965 - INFO - Epoch  43/50 | Train: 0.175984 | Val: 0.178114 | Corr: 0.135973 | LR: 6.25e-05
2026-03-04 17:53:34,972 - INFO -   ↳ Saved best model (val_corr=0.135973)
2026-03-04 17:53:40,132 - INFO - Epoch  44/50 | Train: 0.175969 | Val: 0.177803 | Corr: 0.135559 | LR: 6.25e-05
2026-03-04 17:53:45,204 - INFO - Epoch  45/50 | Train: 0.175932 | Val: 0.177901 | Corr: 0.135896 | LR: 3.13e-05
2026-03-04 17:53:50,211 - INFO - Epoch  46/50 | Train: 0.175874 | Val: 0.178028 | Corr: 0.136114 | LR: 3.13e-05
2026-03-04 17:53:50,223 - INFO -   ↳ Saved best model (val_corr=0.136114)
2026-03-04 17:53:55,303 - INFO - Epoch  47/50 | Train: 0.175910 | Val: 0.178311 | Corr: 0.136207 | LR: 3.13e-05
2026-03-04 17:53:55,312 - INFO -   ↳ Saved best model (val_corr=0.136207)
2026-03-04 17:54:00,402 - INFO - Epoch  48/50 | Train: 0.175936 | Val: 0.178005 | Corr: 0.135980 | LR: 3.13e-05
2026-03-04 17:54:05,539 - INFO - Epoch  49/50 | Train: 0.175883 | Val: 0.178022 | Corr: 0.136142 | LR: 3.13e-05
2026-03-04 17:54:10,955 - INFO - Epoch  50/50 | Train: 0.175878 | Val: 0.177963 | Corr: 0.136212 | LR: 3.13e-05
2026-03-04 17:54:10,963 - INFO -   ↳ Saved best model (val_corr=0.136212)
2026-03-04 17:54:10,964 - INFO - Training complete — best val corr: 0.136212
2026-03-04 17:54:12,648 - INFO - Test loss: 0.169256, Test corr: 0.131944
2026-03-04 17:54:13,058 - INFO - Fraction of variance explained (FVE): 0.018785
2026-03-04 17:54:13,058 - INFO - Generating figures …
2026-03-04 17:54:13,691 - INFO - Correlation between predicted and actual per-neuron averages: r=0.9960, p=0.00e+00
2026-03-04 17:54:15,956 - INFO - Pattern selectivity summary:
2026-03-04 17:54:15,956 - INFO -   Mean correlation across neurons: 0.4649
2026-03-04 17:54:15,957 - INFO -   Median correlation: 0.5204
2026-03-04 17:54:15,957 - INFO -   Neurons with r > 0.5: 34 / 63
2026-03-04 17:54:15,957 - INFO -   Neurons with r > 0.3: 49 / 63
2026-03-04 17:54:15,957 - INFO - Pattern selectivity — mean neuron corr: 0.4649
2026-03-04 17:54:17,795 - INFO - LOO (avg rate) — Model mean r: 0.2741, LOO mean r: 0.4546, Neurons model > LOO: 1/63
2026-03-04 17:54:20,744 - INFO - LOO (temporal) — Model mean r: 0.1331, LOO mean r: 0.3186, Neurons model > LOO: 0/63
2026-03-04 17:54:20,744 - INFO - Skipping oracle trial plots (skip_oracle_plots=True)
2026-03-04 17:54:20,757 - INFO - Experiment complete. Summary: {
  "run_dir": "/scratch/sb272/patterns5k_results/slurm_base_cnn_2026-03-04_16-53-19/trial_0091_learning_rate=5.0e-04_kernel_sizes=3x3_conv_channels=64x128_fc_dims=256_seed1",
  "model_type": "cnn",
  "batch_avg_test_loss": 0.1692555091381073,
  "batch_avg_test_corr": 0.13194355961471627,
  "all_test_fve": 0.018785044314369323,
  "AR_FVE": NaN,
  "AR_test_correlation": NaN,
  "best_val_corr": 0.13621180400939428,
  "total_params": 82431,
  "trainable_params": 82431,
  "epochs_trained": 50,
  "mean_pattern_corr": 0.4648907228119658,
  "history": 0,
  "init_state": true,
  "loo_avg_mean_corr": 0.45456832695830385,
  "model_avg_mean_corr": 0.274095842676532,
  "neurons_model_beats_loo_avg": 1,
  "loo_temporal_mean_corr": 0.31855225563049316,
  "all_test_corr": 0.13310891389846802,
  "neurons_model_beats_loo_temporal": 0,
  "kernel_sizes": [
    3,
    3
  ],
  "conv_channels": [
    64,
    128
  ],
  "fc_dims": [
    256
  ]
}
