2026-03-05 00:03:12,278 - INFO - ============================================================
2026-03-05 00:03:12,278 - INFO - Experiment run directory: /scratch/sb272/patterns5k_results/slurm_base_cnn_2026-03-04_16-53-19/trial_0213_learning_rate=5.0e-03_kernel_sizes=5x3_conv_channels=128x256_fc_dims=256_seed4
2026-03-05 00:03:12,278 - INFO - ============================================================
2026-03-05 00:03:12,278 - INFO - Loading data …
2026-03-05 00:03:21,691 - INFO - 63 unique neurons after dropping problematic neurons
2026-03-05 00:03:23,283 - INFO - Stimulation channels: 42, Spiking neurons: 63
2026-03-05 00:05:53,500 - INFO - Unique patterns: 4050, Total trials: 5000
2026-03-05 00:05:53,501 - INFO - Stimulation channels: 42, Spiking neurons: 63
2026-03-05 00:05:53,502 - INFO - Unique patterns: 4050, Total trials: 5000
2026-03-05 00:05:53,522 - INFO - Split (oracle): train=3400, val=600, test=1000
2026-03-05 00:06:22,912 - INFO - BinnedStimSpikeDataset initialized:
2026-03-05 00:06:22,912 - INFO -   input_bin_size_ms=10, output_bin_size_ms=10
2026-03-05 00:06:22,912 - INFO -   n_input_bins=60, n_output_bins=60
2026-03-05 00:06:22,912 - INFO -   output_offset=0, total_bins_input=60, total_bins_output=60
2026-03-05 00:06:22,912 - INFO -   Valid start positions per trial: 0 to 0
2026-03-05 00:06:22,912 - INFO -   Total samples: 3400 (3400 trials × 1 positions)
2026-03-05 00:06:51,073 - INFO - BinnedStimSpikeDataset initialized:
2026-03-05 00:06:51,073 - INFO -   input_bin_size_ms=10, output_bin_size_ms=10
2026-03-05 00:06:51,073 - INFO -   n_input_bins=60, n_output_bins=60
2026-03-05 00:06:51,073 - INFO -   output_offset=0, total_bins_input=60, total_bins_output=60
2026-03-05 00:06:51,073 - INFO -   Valid start positions per trial: 0 to 0
2026-03-05 00:06:51,073 - INFO -   Total samples: 600 (600 trials × 1 positions)
2026-03-05 00:07:19,224 - INFO - BinnedStimSpikeDataset initialized:
2026-03-05 00:07:19,225 - INFO -   input_bin_size_ms=10, output_bin_size_ms=10
2026-03-05 00:07:19,225 - INFO -   n_input_bins=60, n_output_bins=60
2026-03-05 00:07:19,225 - INFO -   output_offset=0, total_bins_input=60, total_bins_output=60
2026-03-05 00:07:19,225 - INFO -   Valid start positions per trial: 0 to 0
2026-03-05 00:07:19,225 - INFO -   Total samples: 1000 (1000 trials × 1 positions)
2026-03-05 00:07:19,225 - INFO - Samples — train: 3400, val: 600, test: 1000
2026-03-05 00:07:19,226 - INFO - Input channels: 42, Neurons: 63
2026-03-05 00:07:19,233 - INFO - Using CPU
2026-03-05 00:07:19,239 - INFO - Model: CNN — 208,319 trainable params (208,319 total)
2026-03-05 00:07:24,154 - INFO - Starting training …
2026-03-05 00:07:33,454 - INFO - Epoch   1/50 | Train: 0.199794 | Val: 0.183885 | Corr: 0.083129 | LR: 5.00e-03
2026-03-05 00:07:33,468 - INFO -   ↳ Saved best model (val_corr=0.083129)
2026-03-05 00:07:41,082 - INFO - Epoch   2/50 | Train: 0.182359 | Val: 0.181039 | Corr: 0.101213 | LR: 5.00e-03
2026-03-05 00:07:41,095 - INFO -   ↳ Saved best model (val_corr=0.101213)
2026-03-05 00:07:48,605 - INFO - Epoch   3/50 | Train: 0.180287 | Val: 0.181069 | Corr: 0.113095 | LR: 5.00e-03
2026-03-05 00:07:48,619 - INFO -   ↳ Saved best model (val_corr=0.113095)
2026-03-05 00:07:56,358 - INFO - Epoch   4/50 | Train: 0.179266 | Val: 0.181257 | Corr: 0.119915 | LR: 5.00e-03
2026-03-05 00:07:56,369 - INFO -   ↳ Saved best model (val_corr=0.119915)
2026-03-05 00:08:03,980 - INFO - Epoch   5/50 | Train: 0.178415 | Val: 0.179137 | Corr: 0.125691 | LR: 5.00e-03
2026-03-05 00:08:03,994 - INFO -   ↳ Saved best model (val_corr=0.125691)
2026-03-05 00:08:11,668 - INFO - Epoch   6/50 | Train: 0.177766 | Val: 0.178212 | Corr: 0.128947 | LR: 5.00e-03
2026-03-05 00:08:11,682 - INFO -   ↳ Saved best model (val_corr=0.128947)
2026-03-05 00:08:19,559 - INFO - Epoch   7/50 | Train: 0.177263 | Val: 0.178400 | Corr: 0.131975 | LR: 5.00e-03
2026-03-05 00:08:19,575 - INFO -   ↳ Saved best model (val_corr=0.131975)
2026-03-05 00:08:27,236 - INFO - Epoch   8/50 | Train: 0.176817 | Val: 0.177951 | Corr: 0.133342 | LR: 5.00e-03
2026-03-05 00:08:27,248 - INFO -   ↳ Saved best model (val_corr=0.133342)
2026-03-05 00:08:34,810 - INFO - Epoch   9/50 | Train: 0.176387 | Val: 0.178595 | Corr: 0.134830 | LR: 5.00e-03
2026-03-05 00:08:34,832 - INFO -   ↳ Saved best model (val_corr=0.134830)
2026-03-05 00:08:42,152 - INFO - Epoch  10/50 | Train: 0.176172 | Val: 0.178136 | Corr: 0.134815 | LR: 5.00e-03
2026-03-05 00:08:49,555 - INFO - Epoch  11/50 | Train: 0.175930 | Val: 0.177842 | Corr: 0.133801 | LR: 5.00e-03
2026-03-05 00:08:56,906 - INFO - Epoch  12/50 | Train: 0.175700 | Val: 0.178063 | Corr: 0.135000 | LR: 5.00e-03
2026-03-05 00:08:56,920 - INFO -   ↳ Saved best model (val_corr=0.135000)
2026-03-05 00:09:04,192 - INFO - Epoch  13/50 | Train: 0.175274 | Val: 0.177755 | Corr: 0.135256 | LR: 5.00e-03
2026-03-05 00:09:04,207 - INFO -   ↳ Saved best model (val_corr=0.135256)
2026-03-05 00:09:11,372 - INFO - Epoch  14/50 | Train: 0.175176 | Val: 0.177774 | Corr: 0.134430 | LR: 5.00e-03
2026-03-05 00:09:18,491 - INFO - Epoch  15/50 | Train: 0.174897 | Val: 0.177890 | Corr: 0.134685 | LR: 5.00e-03
2026-03-05 00:09:25,726 - INFO - Epoch  16/50 | Train: 0.174697 | Val: 0.177673 | Corr: 0.135120 | LR: 5.00e-03
2026-03-05 00:09:32,986 - INFO - Epoch  17/50 | Train: 0.174448 | Val: 0.177918 | Corr: 0.133147 | LR: 5.00e-03
2026-03-05 00:09:40,194 - INFO - Epoch  18/50 | Train: 0.174296 | Val: 0.178210 | Corr: 0.135666 | LR: 5.00e-03
2026-03-05 00:09:40,221 - INFO -   ↳ Saved best model (val_corr=0.135666)
2026-03-05 00:09:47,358 - INFO - Epoch  19/50 | Train: 0.174135 | Val: 0.177838 | Corr: 0.133417 | LR: 5.00e-03
2026-03-05 00:09:54,489 - INFO - Epoch  20/50 | Train: 0.173883 | Val: 0.177862 | Corr: 0.134044 | LR: 5.00e-03
2026-03-05 00:10:01,829 - INFO - Epoch  21/50 | Train: 0.173723 | Val: 0.178208 | Corr: 0.133053 | LR: 5.00e-03
2026-03-05 00:10:09,404 - INFO - Epoch  22/50 | Train: 0.173504 | Val: 0.178085 | Corr: 0.131257 | LR: 2.50e-03
2026-03-05 00:10:16,617 - INFO - Epoch  23/50 | Train: 0.172361 | Val: 0.177811 | Corr: 0.132846 | LR: 2.50e-03
2026-03-05 00:10:23,946 - INFO - Epoch  24/50 | Train: 0.172065 | Val: 0.178079 | Corr: 0.132484 | LR: 2.50e-03
2026-03-05 00:10:31,334 - INFO - Epoch  25/50 | Train: 0.171858 | Val: 0.178346 | Corr: 0.133015 | LR: 2.50e-03
2026-03-05 00:10:38,598 - INFO - Epoch  26/50 | Train: 0.171866 | Val: 0.178211 | Corr: 0.131131 | LR: 2.50e-03
2026-03-05 00:10:45,783 - INFO - Epoch  27/50 | Train: 0.171634 | Val: 0.178221 | Corr: 0.132146 | LR: 2.50e-03
2026-03-05 00:10:52,881 - INFO - Epoch  28/50 | Train: 0.171659 | Val: 0.178437 | Corr: 0.130831 | LR: 1.25e-03
2026-03-05 00:10:52,881 - INFO - Early stopping at epoch 28
2026-03-05 00:10:52,881 - INFO - Training complete — best val corr: 0.135666
2026-03-05 00:10:55,043 - INFO - Test loss: 0.169476, Test corr: 0.132097
2026-03-05 00:10:55,515 - INFO - Fraction of variance explained (FVE): 0.017422
2026-03-05 00:10:55,515 - INFO - Generating figures …
2026-03-05 00:10:56,140 - INFO - Correlation between predicted and actual per-neuron averages: r=0.9672, p=5.08e-38
2026-03-05 00:10:58,824 - INFO - Pattern selectivity summary:
2026-03-05 00:10:58,824 - INFO -   Mean correlation across neurons: 0.5153
2026-03-05 00:10:58,824 - INFO -   Median correlation: 0.5753
2026-03-05 00:10:58,824 - INFO -   Neurons with r > 0.5: 35 / 63
2026-03-05 00:10:58,824 - INFO -   Neurons with r > 0.3: 54 / 63
2026-03-05 00:10:58,824 - INFO - Pattern selectivity — mean neuron corr: 0.5153
2026-03-05 00:11:01,092 - INFO - LOO (avg rate) — Model mean r: 0.2989, LOO mean r: 0.4546, Neurons model > LOO: 1/63
2026-03-05 00:11:03,826 - INFO - LOO (temporal) — Model mean r: 0.1333, LOO mean r: 0.3186, Neurons model > LOO: 0/63
2026-03-05 00:11:03,826 - INFO - Skipping oracle trial plots (skip_oracle_plots=True)
2026-03-05 00:11:03,858 - INFO - Experiment complete. Summary: {
  "run_dir": "/scratch/sb272/patterns5k_results/slurm_base_cnn_2026-03-04_16-53-19/trial_0213_learning_rate=5.0e-03_kernel_sizes=5x3_conv_channels=128x256_fc_dims=256_seed4",
  "model_type": "cnn",
  "batch_avg_test_loss": 0.16947590124607087,
  "batch_avg_test_corr": 0.13209741913410622,
  "all_test_fve": 0.017422132075779022,
  "AR_FVE": NaN,
  "AR_test_correlation": NaN,
  "best_val_corr": 0.13566646106741445,
  "total_params": 208319,
  "trainable_params": 208319,
  "epochs_trained": 28,
  "mean_pattern_corr": 0.5152568589461675,
  "history": 0,
  "init_state": true,
  "loo_avg_mean_corr": 0.45456832695830385,
  "model_avg_mean_corr": 0.29893915721976777,
  "neurons_model_beats_loo_avg": 1,
  "loo_temporal_mean_corr": 0.31855225563049316,
  "all_test_corr": 0.13329961895942688,
  "neurons_model_beats_loo_temporal": 0,
  "kernel_sizes": [
    5,
    3
  ],
  "conv_channels": [
    128,
    256
  ],
  "fc_dims": [
    256
  ]
}
