2026-03-03 21:10:15,759 - INFO - ============================================================
2026-03-03 21:10:15,759 - INFO - Experiment run directory: /scratch/sb272/patterns5k_results/slurm_hist_cnn_2026-03-03_15-13-01/trial_0102_learning_rate=1.0e-04_history=20_kernel_sizes=10x3_conv_channels=256x128_fc_dims=256_seed2
2026-03-03 21:10:15,759 - INFO - ============================================================
2026-03-03 21:10:15,759 - INFO - Loading data …
2026-03-03 21:10:17,475 - INFO - 63 unique neurons after dropping problematic neurons
2026-03-03 21:10:18,446 - INFO - Stimulation channels: 42, Spiking neurons: 63
2026-03-03 21:11:29,769 - INFO - Unique patterns: 4050, Total trials: 5000
2026-03-03 21:11:29,772 - INFO - Stimulation channels: 42, Spiking neurons: 63
2026-03-03 21:11:29,772 - INFO - Unique patterns: 4050, Total trials: 5000
2026-03-03 21:11:29,783 - INFO - Split (oracle): train=3400, val=600, test=1000
2026-03-03 21:11:44,000 - INFO - BinnedStimSpikeDataset initialized:
2026-03-03 21:11:44,000 - INFO -   input_bin_size_ms=10, output_bin_size_ms=10
2026-03-03 21:11:44,000 - INFO -   n_input_bins=60, n_output_bins=60
2026-03-03 21:11:44,000 - INFO -   output_offset=0, total_bins_input=60, total_bins_output=60
2026-03-03 21:11:44,000 - INFO -   Valid start positions per trial: 0 to 0
2026-03-03 21:11:44,000 - INFO -   Total samples: 3400 (3400 trials × 1 positions)
2026-03-03 21:11:57,827 - INFO - BinnedStimSpikeDataset initialized:
2026-03-03 21:11:57,827 - INFO -   input_bin_size_ms=10, output_bin_size_ms=10
2026-03-03 21:11:57,827 - INFO -   n_input_bins=60, n_output_bins=60
2026-03-03 21:11:57,827 - INFO -   output_offset=0, total_bins_input=60, total_bins_output=60
2026-03-03 21:11:57,827 - INFO -   Valid start positions per trial: 0 to 0
2026-03-03 21:11:57,827 - INFO -   Total samples: 600 (600 trials × 1 positions)
2026-03-03 21:12:11,772 - INFO - BinnedStimSpikeDataset initialized:
2026-03-03 21:12:11,772 - INFO -   input_bin_size_ms=10, output_bin_size_ms=10
2026-03-03 21:12:11,772 - INFO -   n_input_bins=60, n_output_bins=60
2026-03-03 21:12:11,772 - INFO -   output_offset=0, total_bins_input=60, total_bins_output=60
2026-03-03 21:12:11,772 - INFO -   Valid start positions per trial: 0 to 0
2026-03-03 21:12:11,772 - INFO -   Total samples: 1000 (1000 trials × 1 positions)
2026-03-03 21:12:11,772 - INFO - Samples — train: 3400, val: 600, test: 1000
2026-03-03 21:12:11,773 - INFO - Input channels: 105, Neurons: 63
2026-03-03 21:12:11,786 - INFO - Using CPU
2026-03-03 21:12:11,791 - INFO - Model: CNN — 417,471 trainable params (417,471 total)
2026-03-03 21:12:21,309 - INFO - Starting training …
2026-03-03 21:12:27,826 - INFO - Epoch   1/50 | Train: 0.445150 | Val: 0.208388 | Corr: 0.039074 | LR: 1.00e-04
2026-03-03 21:12:27,851 - INFO -   ↳ Saved best model (val_corr=0.039074)
2026-03-03 21:12:33,421 - INFO - Epoch   2/50 | Train: 0.189660 | Val: 0.187971 | Corr: 0.061838 | LR: 1.00e-04
2026-03-03 21:12:33,447 - INFO -   ↳ Saved best model (val_corr=0.061838)
2026-03-03 21:12:38,889 - INFO - Epoch   3/50 | Train: 0.186110 | Val: 0.185497 | Corr: 0.068659 | LR: 1.00e-04
2026-03-03 21:12:38,908 - INFO -   ↳ Saved best model (val_corr=0.068659)
2026-03-03 21:12:44,413 - INFO - Epoch   4/50 | Train: 0.184642 | Val: 0.184871 | Corr: 0.072992 | LR: 1.00e-04
2026-03-03 21:12:44,439 - INFO -   ↳ Saved best model (val_corr=0.072992)
2026-03-03 21:12:49,851 - INFO - Epoch   5/50 | Train: 0.183417 | Val: 0.184941 | Corr: 0.075705 | LR: 1.00e-04
2026-03-03 21:12:49,878 - INFO -   ↳ Saved best model (val_corr=0.075705)
2026-03-03 21:12:55,486 - INFO - Epoch   6/50 | Train: 0.182423 | Val: 0.185053 | Corr: 0.079127 | LR: 1.00e-04
2026-03-03 21:12:55,514 - INFO -   ↳ Saved best model (val_corr=0.079127)
2026-03-03 21:13:00,874 - INFO - Epoch   7/50 | Train: 0.181540 | Val: 0.183255 | Corr: 0.082226 | LR: 1.00e-04
2026-03-03 21:13:00,905 - INFO -   ↳ Saved best model (val_corr=0.082226)
2026-03-03 21:13:06,533 - INFO - Epoch   8/50 | Train: 0.180698 | Val: 0.183129 | Corr: 0.084278 | LR: 1.00e-04
2026-03-03 21:13:06,555 - INFO -   ↳ Saved best model (val_corr=0.084278)
2026-03-03 21:13:11,941 - INFO - Epoch   9/50 | Train: 0.179907 | Val: 0.182636 | Corr: 0.086104 | LR: 1.00e-04
2026-03-03 21:13:11,975 - INFO -   ↳ Saved best model (val_corr=0.086104)
2026-03-03 21:13:17,438 - INFO - Epoch  10/50 | Train: 0.179199 | Val: 0.182644 | Corr: 0.088723 | LR: 1.00e-04
2026-03-03 21:13:17,462 - INFO -   ↳ Saved best model (val_corr=0.088723)
2026-03-03 21:13:22,893 - INFO - Epoch  11/50 | Train: 0.178710 | Val: 0.182449 | Corr: 0.090194 | LR: 1.00e-04
2026-03-03 21:13:22,916 - INFO -   ↳ Saved best model (val_corr=0.090194)
2026-03-03 21:13:28,377 - INFO - Epoch  12/50 | Train: 0.178033 | Val: 0.182350 | Corr: 0.091773 | LR: 1.00e-04
2026-03-03 21:13:28,407 - INFO -   ↳ Saved best model (val_corr=0.091773)
2026-03-03 21:13:33,781 - INFO - Epoch  13/50 | Train: 0.177450 | Val: 0.182171 | Corr: 0.092720 | LR: 1.00e-04
2026-03-03 21:13:33,819 - INFO -   ↳ Saved best model (val_corr=0.092720)
2026-03-03 21:13:39,287 - INFO - Epoch  14/50 | Train: 0.176824 | Val: 0.181619 | Corr: 0.094219 | LR: 1.00e-04
2026-03-03 21:13:39,315 - INFO -   ↳ Saved best model (val_corr=0.094219)
2026-03-03 21:13:44,692 - INFO - Epoch  15/50 | Train: 0.176268 | Val: 0.181287 | Corr: 0.095456 | LR: 1.00e-04
2026-03-03 21:13:44,711 - INFO -   ↳ Saved best model (val_corr=0.095456)
2026-03-03 21:13:50,233 - INFO - Epoch  16/50 | Train: 0.175815 | Val: 0.181706 | Corr: 0.096744 | LR: 1.00e-04
2026-03-03 21:13:50,269 - INFO -   ↳ Saved best model (val_corr=0.096744)
2026-03-03 21:13:55,720 - INFO - Epoch  17/50 | Train: 0.175301 | Val: 0.182426 | Corr: 0.097104 | LR: 1.00e-04
2026-03-03 21:13:55,749 - INFO -   ↳ Saved best model (val_corr=0.097104)
2026-03-03 21:14:01,244 - INFO - Epoch  18/50 | Train: 0.174870 | Val: 0.181087 | Corr: 0.098635 | LR: 1.00e-04
2026-03-03 21:14:01,280 - INFO -   ↳ Saved best model (val_corr=0.098635)
2026-03-03 21:14:06,731 - INFO - Epoch  19/50 | Train: 0.174403 | Val: 0.180911 | Corr: 0.099559 | LR: 1.00e-04
2026-03-03 21:14:06,749 - INFO -   ↳ Saved best model (val_corr=0.099559)
2026-03-03 21:14:12,211 - INFO - Epoch  20/50 | Train: 0.173952 | Val: 0.180680 | Corr: 0.100827 | LR: 1.00e-04
2026-03-03 21:14:12,235 - INFO -   ↳ Saved best model (val_corr=0.100827)
2026-03-03 21:14:17,726 - INFO - Epoch  21/50 | Train: 0.173595 | Val: 0.181238 | Corr: 0.101452 | LR: 1.00e-04
2026-03-03 21:14:17,752 - INFO -   ↳ Saved best model (val_corr=0.101452)
2026-03-03 21:14:23,204 - INFO - Epoch  22/50 | Train: 0.173204 | Val: 0.180658 | Corr: 0.101973 | LR: 1.00e-04
2026-03-03 21:14:23,227 - INFO -   ↳ Saved best model (val_corr=0.101973)
2026-03-03 21:14:28,798 - INFO - Epoch  23/50 | Train: 0.172793 | Val: 0.180763 | Corr: 0.102343 | LR: 1.00e-04
2026-03-03 21:14:28,826 - INFO -   ↳ Saved best model (val_corr=0.102343)
2026-03-03 21:14:34,385 - INFO - Epoch  24/50 | Train: 0.172404 | Val: 0.181124 | Corr: 0.102447 | LR: 1.00e-04
2026-03-03 21:14:34,408 - INFO -   ↳ Saved best model (val_corr=0.102447)
2026-03-03 21:14:40,025 - INFO - Epoch  25/50 | Train: 0.171963 | Val: 0.180957 | Corr: 0.103499 | LR: 1.00e-04
2026-03-03 21:14:40,044 - INFO -   ↳ Saved best model (val_corr=0.103499)
2026-03-03 21:14:45,604 - INFO - Epoch  26/50 | Train: 0.171649 | Val: 0.180399 | Corr: 0.105185 | LR: 1.00e-04
2026-03-03 21:14:45,630 - INFO -   ↳ Saved best model (val_corr=0.105185)
2026-03-03 21:14:51,139 - INFO - Epoch  27/50 | Train: 0.171401 | Val: 0.181837 | Corr: 0.105142 | LR: 1.00e-04
2026-03-03 21:14:56,643 - INFO - Epoch  28/50 | Train: 0.171002 | Val: 0.180624 | Corr: 0.106039 | LR: 1.00e-04
2026-03-03 21:14:56,664 - INFO -   ↳ Saved best model (val_corr=0.106039)
2026-03-03 21:15:02,271 - INFO - Epoch  29/50 | Train: 0.170657 | Val: 0.180756 | Corr: 0.107154 | LR: 1.00e-04
2026-03-03 21:15:02,300 - INFO -   ↳ Saved best model (val_corr=0.107154)
2026-03-03 21:15:07,826 - INFO - Epoch  30/50 | Train: 0.170430 | Val: 0.180575 | Corr: 0.107662 | LR: 1.00e-04
2026-03-03 21:15:07,849 - INFO -   ↳ Saved best model (val_corr=0.107662)
2026-03-03 21:15:13,402 - INFO - Epoch  31/50 | Train: 0.169952 | Val: 0.180521 | Corr: 0.108075 | LR: 1.00e-04
2026-03-03 21:15:13,437 - INFO -   ↳ Saved best model (val_corr=0.108075)
2026-03-03 21:15:19,065 - INFO - Epoch  32/50 | Train: 0.169727 | Val: 0.181034 | Corr: 0.107944 | LR: 5.00e-05
2026-03-03 21:15:24,534 - INFO - Epoch  33/50 | Train: 0.169098 | Val: 0.180546 | Corr: 0.108897 | LR: 5.00e-05
2026-03-03 21:15:24,561 - INFO -   ↳ Saved best model (val_corr=0.108897)
2026-03-03 21:15:30,058 - INFO - Epoch  34/50 | Train: 0.168909 | Val: 0.180942 | Corr: 0.109633 | LR: 5.00e-05
2026-03-03 21:15:30,119 - INFO -   ↳ Saved best model (val_corr=0.109633)
2026-03-03 21:15:35,885 - INFO - Epoch  35/50 | Train: 0.168756 | Val: 0.181171 | Corr: 0.109605 | LR: 5.00e-05
2026-03-03 21:15:41,452 - INFO - Epoch  36/50 | Train: 0.168528 | Val: 0.180760 | Corr: 0.109351 | LR: 5.00e-05
2026-03-03 21:15:47,216 - INFO - Epoch  37/50 | Train: 0.168407 | Val: 0.181028 | Corr: 0.109826 | LR: 5.00e-05
2026-03-03 21:15:47,244 - INFO -   ↳ Saved best model (val_corr=0.109826)
2026-03-03 21:15:52,890 - INFO - Epoch  38/50 | Train: 0.168279 | Val: 0.180517 | Corr: 0.109738 | LR: 2.50e-05
2026-03-03 21:15:58,574 - INFO - Epoch  39/50 | Train: 0.167928 | Val: 0.181053 | Corr: 0.110279 | LR: 2.50e-05
2026-03-03 21:15:58,594 - INFO -   ↳ Saved best model (val_corr=0.110279)
2026-03-03 21:16:04,265 - INFO - Epoch  40/50 | Train: 0.167836 | Val: 0.180888 | Corr: 0.110338 | LR: 2.50e-05
2026-03-03 21:16:04,289 - INFO -   ↳ Saved best model (val_corr=0.110338)
2026-03-03 21:16:09,817 - INFO - Epoch  41/50 | Train: 0.167661 | Val: 0.181377 | Corr: 0.110598 | LR: 2.50e-05
2026-03-03 21:16:09,839 - INFO -   ↳ Saved best model (val_corr=0.110598)
2026-03-03 21:16:15,490 - INFO - Epoch  42/50 | Train: 0.167658 | Val: 0.181081 | Corr: 0.110569 | LR: 2.50e-05
2026-03-03 21:16:20,933 - INFO - Epoch  43/50 | Train: 0.167587 | Val: 0.180963 | Corr: 0.110591 | LR: 2.50e-05
2026-03-03 21:16:26,417 - INFO - Epoch  44/50 | Train: 0.167480 | Val: 0.180841 | Corr: 0.110203 | LR: 1.25e-05
2026-03-03 21:16:32,099 - INFO - Epoch  45/50 | Train: 0.167248 | Val: 0.180911 | Corr: 0.110410 | LR: 1.25e-05
2026-03-03 21:16:37,734 - INFO - Epoch  46/50 | Train: 0.167243 | Val: 0.180939 | Corr: 0.110740 | LR: 1.25e-05
2026-03-03 21:16:37,759 - INFO -   ↳ Saved best model (val_corr=0.110740)
2026-03-03 21:16:43,475 - INFO - Epoch  47/50 | Train: 0.167241 | Val: 0.181032 | Corr: 0.110980 | LR: 1.25e-05
2026-03-03 21:16:43,509 - INFO -   ↳ Saved best model (val_corr=0.110980)
2026-03-03 21:16:49,196 - INFO - Epoch  48/50 | Train: 0.167243 | Val: 0.181083 | Corr: 0.110816 | LR: 1.25e-05
2026-03-03 21:16:54,875 - INFO - Epoch  49/50 | Train: 0.167122 | Val: 0.181209 | Corr: 0.110915 | LR: 1.25e-05
2026-03-03 21:17:00,480 - INFO - Epoch  50/50 | Train: 0.167093 | Val: 0.181181 | Corr: 0.111325 | LR: 6.25e-06
2026-03-03 21:17:00,511 - INFO -   ↳ Saved best model (val_corr=0.111325)
2026-03-03 21:17:00,511 - INFO - Training complete — best val corr: 0.111325
2026-03-03 21:17:01,942 - INFO - Test loss: 0.172048, Test corr: 0.113380
2026-03-03 21:17:02,512 - INFO - Fraction of variance explained (FVE): 0.002984
2026-03-03 21:17:02,512 - INFO - Computing autoregressive (AR) test predictions …
2026-03-03 21:17:03,095 - INFO - AR FVE: 0.003252, AR test corr: 0.113280
2026-03-03 21:17:03,095 - INFO - Generating figures …
2026-03-03 21:17:03,531 - INFO - Correlation between predicted and actual per-neuron averages: r=0.9960, p=0.00e+00
2026-03-03 21:17:05,273 - INFO - Pattern selectivity summary:
2026-03-03 21:17:05,273 - INFO -   Mean correlation across neurons: 0.4823
2026-03-03 21:17:05,273 - INFO -   Median correlation: 0.4605
2026-03-03 21:17:05,273 - INFO -   Neurons with r > 0.5: 28 / 63
2026-03-03 21:17:05,273 - INFO -   Neurons with r > 0.3: 55 / 63
2026-03-03 21:17:05,273 - INFO - Pattern selectivity — mean neuron corr: 0.4823
2026-03-03 21:17:06,722 - INFO - LOO (avg rate) — Model mean r: 0.3370, LOO mean r: 0.4546, Neurons model > LOO: 10/63
2026-03-03 21:17:08,616 - INFO - LOO (temporal) — Model mean r: 0.1196, LOO mean r: 0.3186, Neurons model > LOO: 1/63
2026-03-03 21:17:08,616 - INFO - Skipping oracle trial plots (skip_oracle_plots=True)
2026-03-03 21:17:08,623 - INFO - Experiment complete. Summary: {
  "run_dir": "/scratch/sb272/patterns5k_results/slurm_hist_cnn_2026-03-03_15-13-01/trial_0102_learning_rate=1.0e-04_history=20_kernel_sizes=10x3_conv_channels=256x128_fc_dims=256_seed2",
  "model_type": "cnn",
  "batch_avg_test_loss": 0.17204801952838897,
  "batch_avg_test_corr": 0.1133801801172727,
  "all_test_fve": 0.002984219127231174,
  "AR_FVE": 0.003251548797365219,
  "AR_test_correlation": 0.11327967792749405,
  "best_val_corr": 0.11132472256352974,
  "total_params": 417471,
  "trainable_params": 417471,
  "epochs_trained": 50,
  "mean_pattern_corr": 0.4823300032251347,
  "history": 20,
  "init_state": true,
  "loo_avg_mean_corr": 0.45456832695830385,
  "model_avg_mean_corr": 0.3370191345766009,
  "neurons_model_beats_loo_avg": 10,
  "loo_temporal_mean_corr": 0.31855225563049316,
  "all_test_corr": 0.11960189789533615,
  "neurons_model_beats_loo_temporal": 1,
  "kernel_sizes": [
    10,
    3
  ],
  "conv_channels": [
    256,
    128
  ],
  "fc_dims": [
    256
  ]
}
