2026-03-05 23:03:20,730 - INFO - ============================================================
2026-03-05 23:03:20,730 - INFO - Experiment run directory: /scratch/sb272/patterns5k_results/slurm_hist_cnn_2026-03-05_16-01-45/trial_0218_learning_rate=1.0e-04_history=20_kernel_sizes=5x3x3_conv_channels=64x128x256_fc_dims=256_seed1
2026-03-05 23:03:20,730 - INFO - ============================================================
2026-03-05 23:03:20,730 - INFO - Loading data …
2026-03-05 23:03:21,611 - INFO - 63 unique neurons after dropping problematic neurons
2026-03-05 23:03:22,779 - INFO - Stimulation channels: 42, Spiking neurons: 63
2026-03-05 23:05:23,565 - INFO - Unique patterns: 4050, Total trials: 5000
2026-03-05 23:05:23,566 - INFO - Stimulation channels: 42, Spiking neurons: 63
2026-03-05 23:05:23,566 - INFO - Unique patterns: 4050, Total trials: 5000
2026-03-05 23:05:23,583 - INFO - Split (oracle): train=3400, val=600, test=1000
2026-03-05 23:05:48,335 - INFO - BinnedStimSpikeDataset initialized:
2026-03-05 23:05:48,335 - INFO -   input_bin_size_ms=10, output_bin_size_ms=10
2026-03-05 23:05:48,335 - INFO -   n_input_bins=60, n_output_bins=60
2026-03-05 23:05:48,335 - INFO -   output_offset=0, total_bins_input=60, total_bins_output=60
2026-03-05 23:05:48,335 - INFO -   Valid start positions per trial: 0 to 0
2026-03-05 23:05:48,335 - INFO -   Total samples: 3400 (3400 trials × 1 positions)
2026-03-05 23:06:12,668 - INFO - BinnedStimSpikeDataset initialized:
2026-03-05 23:06:12,669 - INFO -   input_bin_size_ms=10, output_bin_size_ms=10
2026-03-05 23:06:12,669 - INFO -   n_input_bins=60, n_output_bins=60
2026-03-05 23:06:12,669 - INFO -   output_offset=0, total_bins_input=60, total_bins_output=60
2026-03-05 23:06:12,669 - INFO -   Valid start positions per trial: 0 to 0
2026-03-05 23:06:12,669 - INFO -   Total samples: 600 (600 trials × 1 positions)
2026-03-05 23:06:36,930 - INFO - BinnedStimSpikeDataset initialized:
2026-03-05 23:06:36,930 - INFO -   input_bin_size_ms=10, output_bin_size_ms=10
2026-03-05 23:06:36,930 - INFO -   n_input_bins=60, n_output_bins=60
2026-03-05 23:06:36,930 - INFO -   output_offset=0, total_bins_input=60, total_bins_output=60
2026-03-05 23:06:36,930 - INFO -   Valid start positions per trial: 0 to 0
2026-03-05 23:06:36,930 - INFO -   Total samples: 1000 (1000 trials × 1 positions)
2026-03-05 23:06:36,930 - INFO - Samples — train: 3400, val: 600, test: 1000
2026-03-05 23:06:36,930 - INFO - Input channels: 105, Neurons: 63
2026-03-05 23:06:36,937 - INFO - Using CPU
2026-03-05 23:06:36,941 - INFO - Model: CNN — 239,807 trainable params (239,807 total)
2026-03-05 23:06:40,079 - INFO - Starting training …
2026-03-05 23:06:47,694 - INFO - Epoch   1/50 | Train: 0.383392 | Val: 0.190574 | Corr: 0.056067 | LR: 1.00e-04
2026-03-05 23:06:47,712 - INFO -   ↳ Saved best model (val_corr=0.056067)
2026-03-05 23:06:54,176 - INFO - Epoch   2/50 | Train: 0.188225 | Val: 0.187004 | Corr: 0.067526 | LR: 1.00e-04
2026-03-05 23:06:54,187 - INFO -   ↳ Saved best model (val_corr=0.067526)
2026-03-05 23:07:00,687 - INFO - Epoch   3/50 | Train: 0.186682 | Val: 0.186351 | Corr: 0.072842 | LR: 1.00e-04
2026-03-05 23:07:00,699 - INFO -   ↳ Saved best model (val_corr=0.072842)
2026-03-05 23:07:07,540 - INFO - Epoch   4/50 | Train: 0.185686 | Val: 0.185532 | Corr: 0.077277 | LR: 1.00e-04
2026-03-05 23:07:07,553 - INFO -   ↳ Saved best model (val_corr=0.077277)
2026-03-05 23:07:14,068 - INFO - Epoch   5/50 | Train: 0.184976 | Val: 0.184555 | Corr: 0.080816 | LR: 1.00e-04
2026-03-05 23:07:14,081 - INFO -   ↳ Saved best model (val_corr=0.080816)
2026-03-05 23:07:20,978 - INFO - Epoch   6/50 | Train: 0.184335 | Val: 0.184170 | Corr: 0.083438 | LR: 1.00e-04
2026-03-05 23:07:20,990 - INFO -   ↳ Saved best model (val_corr=0.083438)
2026-03-05 23:07:27,414 - INFO - Epoch   7/50 | Train: 0.183709 | Val: 0.183393 | Corr: 0.085949 | LR: 1.00e-04
2026-03-05 23:07:27,430 - INFO -   ↳ Saved best model (val_corr=0.085949)
2026-03-05 23:07:34,017 - INFO - Epoch   8/50 | Train: 0.183232 | Val: 0.182908 | Corr: 0.089288 | LR: 1.00e-04
2026-03-05 23:07:34,030 - INFO -   ↳ Saved best model (val_corr=0.089288)
2026-03-05 23:07:40,696 - INFO - Epoch   9/50 | Train: 0.182753 | Val: 0.182422 | Corr: 0.090976 | LR: 1.00e-04
2026-03-05 23:07:40,711 - INFO -   ↳ Saved best model (val_corr=0.090976)
2026-03-05 23:07:47,245 - INFO - Epoch  10/50 | Train: 0.182238 | Val: 0.182624 | Corr: 0.093027 | LR: 1.00e-04
2026-03-05 23:07:47,257 - INFO -   ↳ Saved best model (val_corr=0.093027)
2026-03-05 23:07:54,509 - INFO - Epoch  11/50 | Train: 0.181912 | Val: 0.181197 | Corr: 0.095193 | LR: 1.00e-04
2026-03-05 23:07:54,524 - INFO -   ↳ Saved best model (val_corr=0.095193)
2026-03-05 23:08:01,716 - INFO - Epoch  12/50 | Train: 0.181556 | Val: 0.182246 | Corr: 0.097077 | LR: 1.00e-04
2026-03-05 23:08:01,730 - INFO -   ↳ Saved best model (val_corr=0.097077)
2026-03-05 23:08:08,951 - INFO - Epoch  13/50 | Train: 0.181155 | Val: 0.181689 | Corr: 0.098438 | LR: 1.00e-04
2026-03-05 23:08:08,964 - INFO -   ↳ Saved best model (val_corr=0.098438)
2026-03-05 23:08:15,280 - INFO - Epoch  14/50 | Train: 0.180864 | Val: 0.181392 | Corr: 0.100373 | LR: 1.00e-04
2026-03-05 23:08:15,294 - INFO -   ↳ Saved best model (val_corr=0.100373)
2026-03-05 23:08:22,050 - INFO - Epoch  15/50 | Train: 0.180563 | Val: 0.180946 | Corr: 0.101816 | LR: 1.00e-04
2026-03-05 23:08:22,061 - INFO -   ↳ Saved best model (val_corr=0.101816)
2026-03-05 23:08:29,365 - INFO - Epoch  16/50 | Train: 0.180262 | Val: 0.180994 | Corr: 0.103641 | LR: 1.00e-04
2026-03-05 23:08:29,376 - INFO -   ↳ Saved best model (val_corr=0.103641)
2026-03-05 23:08:36,716 - INFO - Epoch  17/50 | Train: 0.179961 | Val: 0.180644 | Corr: 0.104904 | LR: 1.00e-04
2026-03-05 23:08:36,728 - INFO -   ↳ Saved best model (val_corr=0.104904)
2026-03-05 23:08:43,385 - INFO - Epoch  18/50 | Train: 0.179687 | Val: 0.181200 | Corr: 0.106355 | LR: 1.00e-04
2026-03-05 23:08:43,399 - INFO -   ↳ Saved best model (val_corr=0.106355)
2026-03-05 23:08:49,962 - INFO - Epoch  19/50 | Train: 0.179528 | Val: 0.180542 | Corr: 0.107518 | LR: 1.00e-04
2026-03-05 23:08:49,974 - INFO -   ↳ Saved best model (val_corr=0.107518)
2026-03-05 23:08:56,847 - INFO - Epoch  20/50 | Train: 0.179237 | Val: 0.180167 | Corr: 0.108676 | LR: 1.00e-04
2026-03-05 23:08:56,863 - INFO -   ↳ Saved best model (val_corr=0.108676)
2026-03-05 23:09:03,389 - INFO - Epoch  21/50 | Train: 0.179048 | Val: 0.180457 | Corr: 0.109624 | LR: 1.00e-04
2026-03-05 23:09:03,401 - INFO -   ↳ Saved best model (val_corr=0.109624)
2026-03-05 23:09:10,162 - INFO - Epoch  22/50 | Train: 0.178762 | Val: 0.180396 | Corr: 0.111530 | LR: 1.00e-04
2026-03-05 23:09:10,175 - INFO -   ↳ Saved best model (val_corr=0.111530)
2026-03-05 23:09:16,709 - INFO - Epoch  23/50 | Train: 0.178634 | Val: 0.179646 | Corr: 0.112690 | LR: 1.00e-04
2026-03-05 23:09:16,720 - INFO -   ↳ Saved best model (val_corr=0.112690)
2026-03-05 23:09:23,537 - INFO - Epoch  24/50 | Train: 0.178398 | Val: 0.179697 | Corr: 0.112632 | LR: 1.00e-04
2026-03-05 23:09:30,175 - INFO - Epoch  25/50 | Train: 0.178265 | Val: 0.179699 | Corr: 0.115089 | LR: 1.00e-04
2026-03-05 23:09:30,188 - INFO -   ↳ Saved best model (val_corr=0.115089)
2026-03-05 23:09:36,836 - INFO - Epoch  26/50 | Train: 0.178011 | Val: 0.179401 | Corr: 0.115818 | LR: 1.00e-04
2026-03-05 23:09:36,848 - INFO -   ↳ Saved best model (val_corr=0.115818)
2026-03-05 23:09:43,620 - INFO - Epoch  27/50 | Train: 0.177909 | Val: 0.179757 | Corr: 0.117429 | LR: 1.00e-04
2026-03-05 23:09:43,633 - INFO -   ↳ Saved best model (val_corr=0.117429)
2026-03-05 23:09:50,180 - INFO - Epoch  28/50 | Train: 0.177640 | Val: 0.179325 | Corr: 0.118233 | LR: 1.00e-04
2026-03-05 23:09:50,191 - INFO -   ↳ Saved best model (val_corr=0.118233)
2026-03-05 23:09:57,216 - INFO - Epoch  29/50 | Train: 0.177503 | Val: 0.178709 | Corr: 0.118525 | LR: 1.00e-04
2026-03-05 23:09:57,229 - INFO -   ↳ Saved best model (val_corr=0.118525)
2026-03-05 23:10:03,694 - INFO - Epoch  30/50 | Train: 0.177341 | Val: 0.179122 | Corr: 0.119651 | LR: 1.00e-04
2026-03-05 23:10:03,704 - INFO -   ↳ Saved best model (val_corr=0.119651)
2026-03-05 23:10:10,575 - INFO - Epoch  31/50 | Train: 0.177242 | Val: 0.178918 | Corr: 0.121062 | LR: 1.00e-04
2026-03-05 23:10:10,585 - INFO -   ↳ Saved best model (val_corr=0.121062)
2026-03-05 23:10:17,109 - INFO - Epoch  32/50 | Train: 0.177036 | Val: 0.178939 | Corr: 0.120844 | LR: 1.00e-04
2026-03-05 23:10:23,676 - INFO - Epoch  33/50 | Train: 0.176908 | Val: 0.178492 | Corr: 0.122343 | LR: 1.00e-04
2026-03-05 23:10:23,688 - INFO -   ↳ Saved best model (val_corr=0.122343)
2026-03-05 23:10:30,580 - INFO - Epoch  34/50 | Train: 0.176756 | Val: 0.178323 | Corr: 0.123408 | LR: 1.00e-04
2026-03-05 23:10:30,591 - INFO -   ↳ Saved best model (val_corr=0.123408)
2026-03-05 23:10:37,214 - INFO - Epoch  35/50 | Train: 0.176599 | Val: 0.178308 | Corr: 0.124708 | LR: 1.00e-04
2026-03-05 23:10:37,227 - INFO -   ↳ Saved best model (val_corr=0.124708)
2026-03-05 23:10:43,766 - INFO - Epoch  36/50 | Train: 0.176464 | Val: 0.178051 | Corr: 0.125400 | LR: 1.00e-04
2026-03-05 23:10:43,782 - INFO -   ↳ Saved best model (val_corr=0.125400)
2026-03-05 23:10:50,343 - INFO - Epoch  37/50 | Train: 0.176407 | Val: 0.178052 | Corr: 0.125967 | LR: 1.00e-04
2026-03-05 23:10:50,356 - INFO -   ↳ Saved best model (val_corr=0.125967)
2026-03-05 23:10:56,767 - INFO - Epoch  38/50 | Train: 0.176212 | Val: 0.178475 | Corr: 0.126543 | LR: 1.00e-04
2026-03-05 23:10:56,780 - INFO -   ↳ Saved best model (val_corr=0.126543)
2026-03-05 23:11:03,424 - INFO - Epoch  39/50 | Train: 0.176160 | Val: 0.178419 | Corr: 0.127117 | LR: 1.00e-04
2026-03-05 23:11:03,441 - INFO -   ↳ Saved best model (val_corr=0.127117)
2026-03-05 23:11:09,887 - INFO - Epoch  40/50 | Train: 0.175992 | Val: 0.178119 | Corr: 0.127636 | LR: 1.00e-04
2026-03-05 23:11:09,899 - INFO -   ↳ Saved best model (val_corr=0.127636)
2026-03-05 23:11:16,239 - INFO - Epoch  41/50 | Train: 0.175849 | Val: 0.177857 | Corr: 0.128413 | LR: 1.00e-04
2026-03-05 23:11:16,249 - INFO -   ↳ Saved best model (val_corr=0.128413)
2026-03-05 23:11:23,072 - INFO - Epoch  42/50 | Train: 0.175752 | Val: 0.177824 | Corr: 0.128416 | LR: 1.00e-04
2026-03-05 23:11:23,085 - INFO -   ↳ Saved best model (val_corr=0.128416)
2026-03-05 23:11:30,352 - INFO - Epoch  43/50 | Train: 0.175578 | Val: 0.178001 | Corr: 0.129141 | LR: 1.00e-04
2026-03-05 23:11:30,363 - INFO -   ↳ Saved best model (val_corr=0.129141)
2026-03-05 23:11:37,666 - INFO - Epoch  44/50 | Train: 0.175558 | Val: 0.177669 | Corr: 0.129619 | LR: 1.00e-04
2026-03-05 23:11:37,679 - INFO -   ↳ Saved best model (val_corr=0.129619)
2026-03-05 23:11:45,011 - INFO - Epoch  45/50 | Train: 0.175416 | Val: 0.177576 | Corr: 0.129683 | LR: 1.00e-04
2026-03-05 23:11:45,022 - INFO -   ↳ Saved best model (val_corr=0.129683)
2026-03-05 23:11:52,305 - INFO - Epoch  46/50 | Train: 0.175264 | Val: 0.177470 | Corr: 0.130805 | LR: 1.00e-04
2026-03-05 23:11:52,317 - INFO -   ↳ Saved best model (val_corr=0.130805)
2026-03-05 23:11:59,518 - INFO - Epoch  47/50 | Train: 0.175222 | Val: 0.177755 | Corr: 0.131330 | LR: 1.00e-04
2026-03-05 23:11:59,532 - INFO -   ↳ Saved best model (val_corr=0.131330)
2026-03-05 23:12:06,996 - INFO - Epoch  48/50 | Train: 0.175096 | Val: 0.177788 | Corr: 0.131863 | LR: 1.00e-04
2026-03-05 23:12:07,009 - INFO -   ↳ Saved best model (val_corr=0.131863)
2026-03-05 23:12:14,392 - INFO - Epoch  49/50 | Train: 0.175052 | Val: 0.177551 | Corr: 0.132212 | LR: 1.00e-04
2026-03-05 23:12:14,404 - INFO -   ↳ Saved best model (val_corr=0.132212)
2026-03-05 23:12:21,627 - INFO - Epoch  50/50 | Train: 0.174975 | Val: 0.177637 | Corr: 0.132748 | LR: 1.00e-04
2026-03-05 23:12:21,640 - INFO -   ↳ Saved best model (val_corr=0.132748)
2026-03-05 23:12:21,641 - INFO - Training complete — best val corr: 0.132748
2026-03-05 23:12:23,348 - INFO - Test loss: 0.168936, Test corr: 0.126737
2026-03-05 23:12:23,898 - INFO - Fraction of variance explained (FVE): 0.017170
2026-03-05 23:12:23,898 - INFO - Computing autoregressive (AR) test predictions …
2026-03-05 23:12:24,619 - INFO - AR FVE: 0.015680, AR test corr: 0.123473
2026-03-05 23:12:24,619 - INFO - Generating figures …
2026-03-05 23:12:25,190 - INFO - Correlation between predicted and actual per-neuron averages: r=0.9908, p=0.00e+00
2026-03-05 23:12:27,427 - INFO - Pattern selectivity summary:
2026-03-05 23:12:27,427 - INFO -   Mean correlation across neurons: 0.5040
2026-03-05 23:12:27,427 - INFO -   Median correlation: 0.5247
2026-03-05 23:12:27,427 - INFO -   Neurons with r > 0.5: 36 / 63
2026-03-05 23:12:27,427 - INFO -   Neurons with r > 0.3: 56 / 63
2026-03-05 23:12:27,428 - INFO - Pattern selectivity — mean neuron corr: 0.5040
2026-03-05 23:12:29,240 - INFO - LOO (avg rate) — Model mean r: 0.3554, LOO mean r: 0.4546, Neurons model > LOO: 11/63
2026-03-05 23:12:31,517 - INFO - LOO (temporal) — Model mean r: 0.1331, LOO mean r: 0.3186, Neurons model > LOO: 1/63
2026-03-05 23:12:31,517 - INFO - Skipping oracle trial plots (skip_oracle_plots=True)
2026-03-05 23:12:31,522 - INFO - Experiment complete. Summary: {
  "run_dir": "/scratch/sb272/patterns5k_results/slurm_hist_cnn_2026-03-05_16-01-45/trial_0218_learning_rate=1.0e-04_history=20_kernel_sizes=5x3x3_conv_channels=64x128x256_fc_dims=256_seed1",
  "model_type": "cnn",
  "batch_avg_test_loss": 0.16893599128723144,
  "batch_avg_test_corr": 0.1267370367334323,
  "all_test_fve": 0.017170162427993046,
  "AR_FVE": 0.015680093613881913,
  "AR_test_correlation": 0.12347301840782166,
  "best_val_corr": 0.13274838171616718,
  "total_params": 239807,
  "trainable_params": 239807,
  "epochs_trained": 50,
  "mean_pattern_corr": 0.5040002559515029,
  "history": 20,
  "init_state": true,
  "loo_avg_mean_corr": 0.45456832695830385,
  "model_avg_mean_corr": 0.3554236111977099,
  "neurons_model_beats_loo_avg": 11,
  "loo_temporal_mean_corr": 0.31855225563049316,
  "all_test_corr": 0.13314634561538696,
  "neurons_model_beats_loo_temporal": 1,
  "kernel_sizes": [
    5,
    3,
    3
  ],
  "conv_channels": [
    64,
    128,
    256
  ],
  "fc_dims": [
    256
  ]
}
