2026-03-04 20:19:33,583 - INFO - ============================================================
2026-03-04 20:19:33,583 - INFO - Experiment run directory: /scratch/sb272/patterns5k_results/slurm_base_cnn_2026-03-04_16-53-19/trial_0077_learning_rate=5.0e-04_kernel_sizes=3x3_conv_channels=64x128_fc_dims=512_seed0
2026-03-04 20:19:33,583 - INFO - ============================================================
2026-03-04 20:19:33,583 - INFO - Loading data …
2026-03-04 20:19:35,003 - INFO - 63 unique neurons after dropping problematic neurons
2026-03-04 20:19:35,899 - INFO - Stimulation channels: 42, Spiking neurons: 63
2026-03-04 20:20:43,872 - INFO - Unique patterns: 4050, Total trials: 5000
2026-03-04 20:20:43,873 - INFO - Stimulation channels: 42, Spiking neurons: 63
2026-03-04 20:20:43,873 - INFO - Unique patterns: 4050, Total trials: 5000
2026-03-04 20:20:43,885 - INFO - Split (oracle): train=3400, val=600, test=1000
2026-03-04 20:20:58,170 - INFO - BinnedStimSpikeDataset initialized:
2026-03-04 20:20:58,170 - INFO -   input_bin_size_ms=10, output_bin_size_ms=10
2026-03-04 20:20:58,170 - INFO -   n_input_bins=60, n_output_bins=60
2026-03-04 20:20:58,170 - INFO -   output_offset=0, total_bins_input=60, total_bins_output=60
2026-03-04 20:20:58,170 - INFO -   Valid start positions per trial: 0 to 0
2026-03-04 20:20:58,170 - INFO -   Total samples: 3400 (3400 trials × 1 positions)
2026-03-04 20:21:11,871 - INFO - BinnedStimSpikeDataset initialized:
2026-03-04 20:21:11,871 - INFO -   input_bin_size_ms=10, output_bin_size_ms=10
2026-03-04 20:21:11,871 - INFO -   n_input_bins=60, n_output_bins=60
2026-03-04 20:21:11,871 - INFO -   output_offset=0, total_bins_input=60, total_bins_output=60
2026-03-04 20:21:11,871 - INFO -   Valid start positions per trial: 0 to 0
2026-03-04 20:21:11,871 - INFO -   Total samples: 600 (600 trials × 1 positions)
2026-03-04 20:21:25,683 - INFO - BinnedStimSpikeDataset initialized:
2026-03-04 20:21:25,683 - INFO -   input_bin_size_ms=10, output_bin_size_ms=10
2026-03-04 20:21:25,683 - INFO -   n_input_bins=60, n_output_bins=60
2026-03-04 20:21:25,683 - INFO -   output_offset=0, total_bins_input=60, total_bins_output=60
2026-03-04 20:21:25,683 - INFO -   Valid start positions per trial: 0 to 0
2026-03-04 20:21:25,683 - INFO -   Total samples: 1000 (1000 trials × 1 positions)
2026-03-04 20:21:25,683 - INFO - Samples — train: 3400, val: 600, test: 1000
2026-03-04 20:21:25,683 - INFO - Input channels: 42, Neurons: 63
2026-03-04 20:21:25,700 - INFO - Using CPU
2026-03-04 20:21:25,704 - INFO - Model: CNN — 131,583 trainable params (131,583 total)
2026-03-04 20:21:30,255 - INFO - Starting training …
2026-03-04 20:21:34,092 - INFO - Epoch   1/50 | Train: 0.230946 | Val: 0.191560 | Corr: 0.060792 | LR: 5.00e-04
2026-03-04 20:21:34,122 - INFO -   ↳ Saved best model (val_corr=0.060792)
2026-03-04 20:21:37,007 - INFO - Epoch   2/50 | Train: 0.184560 | Val: 0.189618 | Corr: 0.072818 | LR: 5.00e-04
2026-03-04 20:21:37,021 - INFO -   ↳ Saved best model (val_corr=0.072818)
2026-03-04 20:21:39,712 - INFO - Epoch   3/50 | Train: 0.182908 | Val: 0.186610 | Corr: 0.080594 | LR: 5.00e-04
2026-03-04 20:21:39,722 - INFO -   ↳ Saved best model (val_corr=0.080594)
2026-03-04 20:21:42,412 - INFO - Epoch   4/50 | Train: 0.181844 | Val: 0.186933 | Corr: 0.087072 | LR: 5.00e-04
2026-03-04 20:21:42,423 - INFO -   ↳ Saved best model (val_corr=0.087072)
2026-03-04 20:21:45,120 - INFO - Epoch   5/50 | Train: 0.181021 | Val: 0.186681 | Corr: 0.091879 | LR: 5.00e-04
2026-03-04 20:21:45,130 - INFO -   ↳ Saved best model (val_corr=0.091879)
2026-03-04 20:21:47,838 - INFO - Epoch   6/50 | Train: 0.180388 | Val: 0.185646 | Corr: 0.097877 | LR: 5.00e-04
2026-03-04 20:21:47,853 - INFO -   ↳ Saved best model (val_corr=0.097877)
2026-03-04 20:21:50,551 - INFO - Epoch   7/50 | Train: 0.179797 | Val: 0.185084 | Corr: 0.102406 | LR: 5.00e-04
2026-03-04 20:21:50,562 - INFO -   ↳ Saved best model (val_corr=0.102406)
2026-03-04 20:21:53,354 - INFO - Epoch   8/50 | Train: 0.179262 | Val: 0.183849 | Corr: 0.105264 | LR: 5.00e-04
2026-03-04 20:21:53,367 - INFO -   ↳ Saved best model (val_corr=0.105264)
2026-03-04 20:21:56,112 - INFO - Epoch   9/50 | Train: 0.178959 | Val: 0.182994 | Corr: 0.108703 | LR: 5.00e-04
2026-03-04 20:21:56,124 - INFO -   ↳ Saved best model (val_corr=0.108703)
2026-03-04 20:21:58,896 - INFO - Epoch  10/50 | Train: 0.178494 | Val: 0.184603 | Corr: 0.113701 | LR: 5.00e-04
2026-03-04 20:21:58,958 - INFO -   ↳ Saved best model (val_corr=0.113701)
2026-03-04 20:22:01,717 - INFO - Epoch  11/50 | Train: 0.178313 | Val: 0.184271 | Corr: 0.116505 | LR: 5.00e-04
2026-03-04 20:22:01,730 - INFO -   ↳ Saved best model (val_corr=0.116505)
2026-03-04 20:22:04,491 - INFO - Epoch  12/50 | Train: 0.177902 | Val: 0.184434 | Corr: 0.118170 | LR: 5.00e-04
2026-03-04 20:22:04,505 - INFO -   ↳ Saved best model (val_corr=0.118170)
2026-03-04 20:22:07,277 - INFO - Epoch  13/50 | Train: 0.177648 | Val: 0.181765 | Corr: 0.121700 | LR: 5.00e-04
2026-03-04 20:22:07,288 - INFO -   ↳ Saved best model (val_corr=0.121700)
2026-03-04 20:22:10,041 - INFO - Epoch  14/50 | Train: 0.177398 | Val: 0.181980 | Corr: 0.122090 | LR: 5.00e-04
2026-03-04 20:22:10,051 - INFO -   ↳ Saved best model (val_corr=0.122090)
2026-03-04 20:22:12,847 - INFO - Epoch  15/50 | Train: 0.177293 | Val: 0.181545 | Corr: 0.124846 | LR: 5.00e-04
2026-03-04 20:22:12,858 - INFO -   ↳ Saved best model (val_corr=0.124846)
2026-03-04 20:22:15,688 - INFO - Epoch  16/50 | Train: 0.177054 | Val: 0.182803 | Corr: 0.127207 | LR: 5.00e-04
2026-03-04 20:22:15,701 - INFO -   ↳ Saved best model (val_corr=0.127207)
2026-03-04 20:22:18,483 - INFO - Epoch  17/50 | Train: 0.176879 | Val: 0.181340 | Corr: 0.128742 | LR: 5.00e-04
2026-03-04 20:22:18,493 - INFO -   ↳ Saved best model (val_corr=0.128742)
2026-03-04 20:22:21,239 - INFO - Epoch  18/50 | Train: 0.176710 | Val: 0.182412 | Corr: 0.129625 | LR: 5.00e-04
2026-03-04 20:22:21,251 - INFO -   ↳ Saved best model (val_corr=0.129625)
2026-03-04 20:22:24,013 - INFO - Epoch  19/50 | Train: 0.176615 | Val: 0.181386 | Corr: 0.131215 | LR: 5.00e-04
2026-03-04 20:22:24,027 - INFO -   ↳ Saved best model (val_corr=0.131215)
2026-03-04 20:22:26,900 - INFO - Epoch  20/50 | Train: 0.176527 | Val: 0.181554 | Corr: 0.132009 | LR: 5.00e-04
2026-03-04 20:22:26,910 - INFO -   ↳ Saved best model (val_corr=0.132009)
2026-03-04 20:22:29,700 - INFO - Epoch  21/50 | Train: 0.176367 | Val: 0.181357 | Corr: 0.132493 | LR: 5.00e-04
2026-03-04 20:22:29,709 - INFO -   ↳ Saved best model (val_corr=0.132493)
2026-03-04 20:22:32,491 - INFO - Epoch  22/50 | Train: 0.176220 | Val: 0.180570 | Corr: 0.133626 | LR: 5.00e-04
2026-03-04 20:22:32,500 - INFO -   ↳ Saved best model (val_corr=0.133626)
2026-03-04 20:22:35,293 - INFO - Epoch  23/50 | Train: 0.176184 | Val: 0.179813 | Corr: 0.132293 | LR: 5.00e-04
2026-03-04 20:22:38,090 - INFO - Epoch  24/50 | Train: 0.176004 | Val: 0.179885 | Corr: 0.134320 | LR: 5.00e-04
2026-03-04 20:22:38,101 - INFO -   ↳ Saved best model (val_corr=0.134320)
2026-03-04 20:22:40,886 - INFO - Epoch  25/50 | Train: 0.176006 | Val: 0.180116 | Corr: 0.134777 | LR: 5.00e-04
2026-03-04 20:22:40,899 - INFO -   ↳ Saved best model (val_corr=0.134777)
2026-03-04 20:22:43,682 - INFO - Epoch  26/50 | Train: 0.175894 | Val: 0.179616 | Corr: 0.135728 | LR: 5.00e-04
2026-03-04 20:22:43,693 - INFO -   ↳ Saved best model (val_corr=0.135728)
2026-03-04 20:22:46,472 - INFO - Epoch  27/50 | Train: 0.175960 | Val: 0.180315 | Corr: 0.135484 | LR: 5.00e-04
2026-03-04 20:22:49,250 - INFO - Epoch  28/50 | Train: 0.175721 | Val: 0.180752 | Corr: 0.136959 | LR: 5.00e-04
2026-03-04 20:22:49,262 - INFO -   ↳ Saved best model (val_corr=0.136959)
2026-03-04 20:22:52,031 - INFO - Epoch  29/50 | Train: 0.175701 | Val: 0.179911 | Corr: 0.136309 | LR: 5.00e-04
2026-03-04 20:22:54,775 - INFO - Epoch  30/50 | Train: 0.175550 | Val: 0.180131 | Corr: 0.136369 | LR: 5.00e-04
2026-03-04 20:22:57,519 - INFO - Epoch  31/50 | Train: 0.175550 | Val: 0.180047 | Corr: 0.137614 | LR: 5.00e-04
2026-03-04 20:22:57,530 - INFO -   ↳ Saved best model (val_corr=0.137614)
2026-03-04 20:23:00,299 - INFO - Epoch  32/50 | Train: 0.175426 | Val: 0.180300 | Corr: 0.137937 | LR: 2.50e-04
2026-03-04 20:23:00,316 - INFO -   ↳ Saved best model (val_corr=0.137937)
2026-03-04 20:23:03,083 - INFO - Epoch  33/50 | Train: 0.175155 | Val: 0.179625 | Corr: 0.138553 | LR: 2.50e-04
2026-03-04 20:23:03,095 - INFO -   ↳ Saved best model (val_corr=0.138553)
2026-03-04 20:23:05,862 - INFO - Epoch  34/50 | Train: 0.175086 | Val: 0.179754 | Corr: 0.138468 | LR: 2.50e-04
2026-03-04 20:23:08,620 - INFO - Epoch  35/50 | Train: 0.175061 | Val: 0.179529 | Corr: 0.138152 | LR: 2.50e-04
2026-03-04 20:23:11,333 - INFO - Epoch  36/50 | Train: 0.174993 | Val: 0.179233 | Corr: 0.138396 | LR: 2.50e-04
2026-03-04 20:23:14,065 - INFO - Epoch  37/50 | Train: 0.174932 | Val: 0.181054 | Corr: 0.139204 | LR: 2.50e-04
2026-03-04 20:23:14,075 - INFO -   ↳ Saved best model (val_corr=0.139204)
2026-03-04 20:23:16,828 - INFO - Epoch  38/50 | Train: 0.174910 | Val: 0.178812 | Corr: 0.139074 | LR: 2.50e-04
2026-03-04 20:23:19,596 - INFO - Epoch  39/50 | Train: 0.174925 | Val: 0.179360 | Corr: 0.139003 | LR: 2.50e-04
2026-03-04 20:23:22,345 - INFO - Epoch  40/50 | Train: 0.174774 | Val: 0.178955 | Corr: 0.138122 | LR: 2.50e-04
2026-03-04 20:23:25,101 - INFO - Epoch  41/50 | Train: 0.174859 | Val: 0.179704 | Corr: 0.139678 | LR: 2.50e-04
2026-03-04 20:23:25,111 - INFO -   ↳ Saved best model (val_corr=0.139678)
2026-03-04 20:23:27,870 - INFO - Epoch  42/50 | Train: 0.174777 | Val: 0.179442 | Corr: 0.139202 | LR: 2.50e-04
2026-03-04 20:23:30,640 - INFO - Epoch  43/50 | Train: 0.174726 | Val: 0.179550 | Corr: 0.139250 | LR: 2.50e-04
2026-03-04 20:23:33,387 - INFO - Epoch  44/50 | Train: 0.174808 | Val: 0.179094 | Corr: 0.139452 | LR: 1.25e-04
2026-03-04 20:23:36,155 - INFO - Epoch  45/50 | Train: 0.174572 | Val: 0.179625 | Corr: 0.139950 | LR: 1.25e-04
2026-03-04 20:23:36,168 - INFO -   ↳ Saved best model (val_corr=0.139950)
2026-03-04 20:23:38,932 - INFO - Epoch  46/50 | Train: 0.174553 | Val: 0.179669 | Corr: 0.140060 | LR: 1.25e-04
2026-03-04 20:23:38,947 - INFO -   ↳ Saved best model (val_corr=0.140060)
2026-03-04 20:23:41,714 - INFO - Epoch  47/50 | Train: 0.174481 | Val: 0.179790 | Corr: 0.139960 | LR: 1.25e-04
2026-03-04 20:23:44,469 - INFO - Epoch  48/50 | Train: 0.174526 | Val: 0.179703 | Corr: 0.140129 | LR: 1.25e-04
2026-03-04 20:23:44,480 - INFO -   ↳ Saved best model (val_corr=0.140129)
2026-03-04 20:23:47,338 - INFO - Epoch  49/50 | Train: 0.174502 | Val: 0.180155 | Corr: 0.140105 | LR: 1.25e-04
2026-03-04 20:23:50,099 - INFO - Epoch  50/50 | Train: 0.174468 | Val: 0.179336 | Corr: 0.140119 | LR: 6.25e-05
2026-03-04 20:23:50,099 - INFO - Training complete — best val corr: 0.140129
2026-03-04 20:23:51,118 - INFO - Test loss: 0.169555, Test corr: 0.139234
2026-03-04 20:23:51,335 - INFO - Fraction of variance explained (FVE): 0.018469
2026-03-04 20:23:51,335 - INFO - Generating figures …
2026-03-04 20:23:51,690 - INFO - Correlation between predicted and actual per-neuron averages: r=0.9941, p=0.00e+00
2026-03-04 20:23:53,138 - INFO - Pattern selectivity summary:
2026-03-04 20:23:53,138 - INFO -   Mean correlation across neurons: 0.5063
2026-03-04 20:23:53,138 - INFO -   Median correlation: 0.5505
2026-03-04 20:23:53,139 - INFO -   Neurons with r > 0.5: 34 / 63
2026-03-04 20:23:53,139 - INFO -   Neurons with r > 0.3: 53 / 63
2026-03-04 20:23:53,139 - INFO - Pattern selectivity — mean neuron corr: 0.5063
2026-03-04 20:23:54,304 - INFO - LOO (avg rate) — Model mean r: 0.2950, LOO mean r: 0.4546, Neurons model > LOO: 1/63
2026-03-04 20:23:55,852 - INFO - LOO (temporal) — Model mean r: 0.1400, LOO mean r: 0.3186, Neurons model > LOO: 0/63
2026-03-04 20:23:55,852 - INFO - Skipping oracle trial plots (skip_oracle_plots=True)
2026-03-04 20:23:55,859 - INFO - Experiment complete. Summary: {
  "run_dir": "/scratch/sb272/patterns5k_results/slurm_base_cnn_2026-03-04_16-53-19/trial_0077_learning_rate=5.0e-04_kernel_sizes=3x3_conv_channels=64x128_fc_dims=512_seed0",
  "model_type": "cnn",
  "batch_avg_test_loss": 0.16955496168136597,
  "batch_avg_test_corr": 0.13923433146005554,
  "all_test_fve": 0.018469362977951292,
  "AR_FVE": NaN,
  "AR_test_correlation": NaN,
  "best_val_corr": 0.14012925966400816,
  "total_params": 131583,
  "trainable_params": 131583,
  "epochs_trained": 50,
  "mean_pattern_corr": 0.5062949661569586,
  "history": 0,
  "init_state": true,
  "loo_avg_mean_corr": 0.45456832695830385,
  "model_avg_mean_corr": 0.2950069781412209,
  "neurons_model_beats_loo_avg": 1,
  "loo_temporal_mean_corr": 0.31855225563049316,
  "all_test_corr": 0.14000242948532104,
  "neurons_model_beats_loo_temporal": 0,
  "kernel_sizes": [
    3,
    3
  ],
  "conv_channels": [
    64,
    128
  ],
  "fc_dims": [
    512
  ]
}
