2026-03-04 00:22:46,297 - INFO - ============================================================
2026-03-04 00:22:46,297 - INFO - Experiment run directory: /scratch/sb272/patterns5k_results/slurm_hist_cnn_2026-03-03_15-13-01/trial_0350_learning_rate=5.0e-03_history=1_kernel_sizes=3_conv_channels=256_fc_dims=256_seed2
2026-03-04 00:22:46,297 - INFO - ============================================================
2026-03-04 00:22:46,297 - INFO - Loading data …
2026-03-04 00:22:47,632 - INFO - 63 unique neurons after dropping problematic neurons
2026-03-04 00:22:48,449 - INFO - Stimulation channels: 42, Spiking neurons: 63
2026-03-04 00:23:54,226 - INFO - Unique patterns: 4050, Total trials: 5000
2026-03-04 00:23:54,228 - INFO - Stimulation channels: 42, Spiking neurons: 63
2026-03-04 00:23:54,228 - INFO - Unique patterns: 4050, Total trials: 5000
2026-03-04 00:23:54,239 - INFO - Split (oracle): train=3400, val=600, test=1000
2026-03-04 00:24:08,407 - INFO - BinnedStimSpikeDataset initialized:
2026-03-04 00:24:08,408 - INFO -   input_bin_size_ms=10, output_bin_size_ms=10
2026-03-04 00:24:08,408 - INFO -   n_input_bins=60, n_output_bins=60
2026-03-04 00:24:08,408 - INFO -   output_offset=0, total_bins_input=60, total_bins_output=60
2026-03-04 00:24:08,408 - INFO -   Valid start positions per trial: 0 to 0
2026-03-04 00:24:08,408 - INFO -   Total samples: 3400 (3400 trials × 1 positions)
2026-03-04 00:24:22,142 - INFO - BinnedStimSpikeDataset initialized:
2026-03-04 00:24:22,142 - INFO -   input_bin_size_ms=10, output_bin_size_ms=10
2026-03-04 00:24:22,142 - INFO -   n_input_bins=60, n_output_bins=60
2026-03-04 00:24:22,142 - INFO -   output_offset=0, total_bins_input=60, total_bins_output=60
2026-03-04 00:24:22,142 - INFO -   Valid start positions per trial: 0 to 0
2026-03-04 00:24:22,142 - INFO -   Total samples: 600 (600 trials × 1 positions)
2026-03-04 00:24:35,982 - INFO - BinnedStimSpikeDataset initialized:
2026-03-04 00:24:35,982 - INFO -   input_bin_size_ms=10, output_bin_size_ms=10
2026-03-04 00:24:35,982 - INFO -   n_input_bins=60, n_output_bins=60
2026-03-04 00:24:35,982 - INFO -   output_offset=0, total_bins_input=60, total_bins_output=60
2026-03-04 00:24:35,982 - INFO -   Valid start positions per trial: 0 to 0
2026-03-04 00:24:35,982 - INFO -   Total samples: 1000 (1000 trials × 1 positions)
2026-03-04 00:24:35,982 - INFO - Samples — train: 3400, val: 600, test: 1000
2026-03-04 00:24:35,982 - INFO - Input channels: 105, Neurons: 63
2026-03-04 00:24:35,983 - INFO - Using CPU
2026-03-04 00:24:35,998 - INFO - Model: CNN — 163,391 trainable params (163,391 total)
2026-03-04 00:24:39,725 - INFO - Starting training …
2026-03-04 00:24:43,350 - INFO - Epoch   1/50 | Train: 0.194004 | Val: 0.173650 | Corr: 0.177751 | LR: 5.00e-03
2026-03-04 00:24:43,361 - INFO -   ↳ Saved best model (val_corr=0.177751)
2026-03-04 00:24:46,257 - INFO - Epoch   2/50 | Train: 0.171388 | Val: 0.168133 | Corr: 0.210385 | LR: 5.00e-03
2026-03-04 00:24:46,269 - INFO -   ↳ Saved best model (val_corr=0.210385)
2026-03-04 00:24:49,192 - INFO - Epoch   3/50 | Train: 0.167568 | Val: 0.163919 | Corr: 0.227037 | LR: 5.00e-03
2026-03-04 00:24:49,205 - INFO -   ↳ Saved best model (val_corr=0.227037)
2026-03-04 00:24:52,220 - INFO - Epoch   4/50 | Train: 0.165505 | Val: 0.164437 | Corr: 0.234050 | LR: 5.00e-03
2026-03-04 00:24:52,231 - INFO -   ↳ Saved best model (val_corr=0.234050)
2026-03-04 00:24:55,220 - INFO - Epoch   5/50 | Train: 0.164699 | Val: 0.162590 | Corr: 0.238198 | LR: 5.00e-03
2026-03-04 00:24:55,233 - INFO -   ↳ Saved best model (val_corr=0.238198)
2026-03-04 00:24:58,257 - INFO - Epoch   6/50 | Train: 0.163630 | Val: 0.162156 | Corr: 0.242722 | LR: 5.00e-03
2026-03-04 00:24:58,280 - INFO -   ↳ Saved best model (val_corr=0.242722)
2026-03-04 00:25:01,301 - INFO - Epoch   7/50 | Train: 0.163053 | Val: 0.162344 | Corr: 0.243809 | LR: 5.00e-03
2026-03-04 00:25:01,315 - INFO -   ↳ Saved best model (val_corr=0.243809)
2026-03-04 00:25:04,288 - INFO - Epoch   8/50 | Train: 0.162379 | Val: 0.162573 | Corr: 0.245315 | LR: 5.00e-03
2026-03-04 00:25:04,300 - INFO -   ↳ Saved best model (val_corr=0.245315)
2026-03-04 00:25:07,249 - INFO - Epoch   9/50 | Train: 0.161820 | Val: 0.161892 | Corr: 0.246008 | LR: 5.00e-03
2026-03-04 00:25:07,262 - INFO -   ↳ Saved best model (val_corr=0.246008)
2026-03-04 00:25:10,178 - INFO - Epoch  10/50 | Train: 0.161603 | Val: 0.161587 | Corr: 0.246654 | LR: 5.00e-03
2026-03-04 00:25:10,191 - INFO -   ↳ Saved best model (val_corr=0.246654)
2026-03-04 00:25:13,111 - INFO - Epoch  11/50 | Train: 0.161168 | Val: 0.161476 | Corr: 0.247837 | LR: 5.00e-03
2026-03-04 00:25:13,122 - INFO -   ↳ Saved best model (val_corr=0.247837)
2026-03-04 00:25:16,030 - INFO - Epoch  12/50 | Train: 0.161168 | Val: 0.161394 | Corr: 0.248160 | LR: 5.00e-03
2026-03-04 00:25:16,042 - INFO -   ↳ Saved best model (val_corr=0.248160)
2026-03-04 00:25:19,023 - INFO - Epoch  13/50 | Train: 0.160468 | Val: 0.162599 | Corr: 0.246468 | LR: 5.00e-03
2026-03-04 00:25:21,992 - INFO - Epoch  14/50 | Train: 0.160274 | Val: 0.161769 | Corr: 0.248629 | LR: 5.00e-03
2026-03-04 00:25:22,004 - INFO -   ↳ Saved best model (val_corr=0.248629)
2026-03-04 00:25:24,970 - INFO - Epoch  15/50 | Train: 0.159889 | Val: 0.161219 | Corr: 0.248699 | LR: 5.00e-03
2026-03-04 00:25:24,979 - INFO -   ↳ Saved best model (val_corr=0.248699)
2026-03-04 00:25:27,937 - INFO - Epoch  16/50 | Train: 0.159685 | Val: 0.161561 | Corr: 0.249132 | LR: 5.00e-03
2026-03-04 00:25:27,948 - INFO -   ↳ Saved best model (val_corr=0.249132)
2026-03-04 00:25:30,916 - INFO - Epoch  17/50 | Train: 0.159519 | Val: 0.161481 | Corr: 0.247487 | LR: 5.00e-03
2026-03-04 00:25:33,885 - INFO - Epoch  18/50 | Train: 0.159238 | Val: 0.161165 | Corr: 0.249329 | LR: 5.00e-03
2026-03-04 00:25:33,895 - INFO -   ↳ Saved best model (val_corr=0.249329)
2026-03-04 00:25:36,811 - INFO - Epoch  19/50 | Train: 0.159074 | Val: 0.161274 | Corr: 0.248640 | LR: 5.00e-03
2026-03-04 00:25:39,781 - INFO - Epoch  20/50 | Train: 0.158806 | Val: 0.161233 | Corr: 0.249787 | LR: 5.00e-03
2026-03-04 00:25:39,794 - INFO -   ↳ Saved best model (val_corr=0.249787)
2026-03-04 00:25:42,754 - INFO - Epoch  21/50 | Train: 0.158689 | Val: 0.161700 | Corr: 0.248990 | LR: 5.00e-03
2026-03-04 00:25:45,704 - INFO - Epoch  22/50 | Train: 0.158484 | Val: 0.161241 | Corr: 0.248159 | LR: 5.00e-03
2026-03-04 00:25:48,658 - INFO - Epoch  23/50 | Train: 0.158354 | Val: 0.162091 | Corr: 0.247162 | LR: 5.00e-03
2026-03-04 00:25:51,603 - INFO - Epoch  24/50 | Train: 0.158102 | Val: 0.161468 | Corr: 0.248162 | LR: 2.50e-03
2026-03-04 00:25:54,561 - INFO - Epoch  25/50 | Train: 0.157042 | Val: 0.161122 | Corr: 0.250206 | LR: 2.50e-03
2026-03-04 00:25:54,574 - INFO -   ↳ Saved best model (val_corr=0.250206)
2026-03-04 00:25:57,432 - INFO - Epoch  26/50 | Train: 0.156708 | Val: 0.161326 | Corr: 0.249700 | LR: 2.50e-03
2026-03-04 00:26:00,359 - INFO - Epoch  27/50 | Train: 0.156571 | Val: 0.161155 | Corr: 0.249700 | LR: 2.50e-03
2026-03-04 00:26:03,303 - INFO - Epoch  28/50 | Train: 0.156530 | Val: 0.161042 | Corr: 0.250461 | LR: 2.50e-03
2026-03-04 00:26:03,320 - INFO -   ↳ Saved best model (val_corr=0.250461)
2026-03-04 00:26:06,288 - INFO - Epoch  29/50 | Train: 0.156346 | Val: 0.161399 | Corr: 0.249859 | LR: 2.50e-03
2026-03-04 00:26:09,234 - INFO - Epoch  30/50 | Train: 0.156295 | Val: 0.161310 | Corr: 0.250052 | LR: 2.50e-03
2026-03-04 00:26:12,201 - INFO - Epoch  31/50 | Train: 0.156136 | Val: 0.161134 | Corr: 0.250050 | LR: 2.50e-03
2026-03-04 00:26:15,174 - INFO - Epoch  32/50 | Train: 0.156064 | Val: 0.161411 | Corr: 0.249716 | LR: 2.50e-03
2026-03-04 00:26:18,073 - INFO - Epoch  33/50 | Train: 0.156059 | Val: 0.161188 | Corr: 0.249480 | LR: 2.50e-03
2026-03-04 00:26:21,034 - INFO - Epoch  34/50 | Train: 0.155968 | Val: 0.161720 | Corr: 0.248778 | LR: 1.25e-03
2026-03-04 00:26:23,971 - INFO - Epoch  35/50 | Train: 0.155432 | Val: 0.161203 | Corr: 0.250408 | LR: 1.25e-03
2026-03-04 00:26:26,940 - INFO - Epoch  36/50 | Train: 0.155140 | Val: 0.161295 | Corr: 0.250274 | LR: 1.25e-03
2026-03-04 00:26:29,871 - INFO - Epoch  37/50 | Train: 0.155074 | Val: 0.161288 | Corr: 0.250646 | LR: 1.25e-03
2026-03-04 00:26:29,912 - INFO -   ↳ Saved best model (val_corr=0.250646)
2026-03-04 00:26:32,803 - INFO - Epoch  38/50 | Train: 0.155055 | Val: 0.161357 | Corr: 0.250058 | LR: 1.25e-03
2026-03-04 00:26:35,709 - INFO - Epoch  39/50 | Train: 0.154893 | Val: 0.161308 | Corr: 0.249934 | LR: 1.25e-03
2026-03-04 00:26:38,593 - INFO - Epoch  40/50 | Train: 0.154939 | Val: 0.161420 | Corr: 0.249070 | LR: 6.25e-04
2026-03-04 00:26:41,531 - INFO - Epoch  41/50 | Train: 0.154609 | Val: 0.161301 | Corr: 0.250076 | LR: 6.25e-04
2026-03-04 00:26:44,473 - INFO - Epoch  42/50 | Train: 0.154501 | Val: 0.161335 | Corr: 0.249866 | LR: 6.25e-04
2026-03-04 00:26:47,390 - INFO - Epoch  43/50 | Train: 0.154406 | Val: 0.161413 | Corr: 0.249826 | LR: 6.25e-04
2026-03-04 00:26:50,329 - INFO - Epoch  44/50 | Train: 0.154403 | Val: 0.161467 | Corr: 0.250069 | LR: 6.25e-04
2026-03-04 00:26:53,268 - INFO - Epoch  45/50 | Train: 0.154266 | Val: 0.161396 | Corr: 0.249668 | LR: 6.25e-04
2026-03-04 00:26:56,209 - INFO - Epoch  46/50 | Train: 0.154287 | Val: 0.161472 | Corr: 0.249740 | LR: 3.13e-04
2026-03-04 00:26:59,089 - INFO - Epoch  47/50 | Train: 0.154097 | Val: 0.161435 | Corr: 0.249639 | LR: 3.13e-04
2026-03-04 00:26:59,089 - INFO - Early stopping at epoch 47
2026-03-04 00:26:59,089 - INFO - Training complete — best val corr: 0.250646
2026-03-04 00:27:00,021 - INFO - Test loss: 0.153543, Test corr: 0.244289
2026-03-04 00:27:00,245 - INFO - Fraction of variance explained (FVE): 0.074088
2026-03-04 00:27:00,245 - INFO - Computing autoregressive (AR) test predictions …
2026-03-04 00:27:00,593 - INFO - AR FVE: -0.007199, AR test corr: 0.091748
2026-03-04 00:27:00,593 - INFO - Generating figures …
2026-03-04 00:27:00,952 - INFO - Correlation between predicted and actual per-neuron averages: r=0.9939, p=0.00e+00
2026-03-04 00:27:02,308 - INFO - Pattern selectivity summary:
2026-03-04 00:27:02,308 - INFO -   Mean correlation across neurons: 0.7731
2026-03-04 00:27:02,308 - INFO -   Median correlation: 0.8018
2026-03-04 00:27:02,308 - INFO -   Neurons with r > 0.5: 61 / 63
2026-03-04 00:27:02,308 - INFO -   Neurons with r > 0.3: 63 / 63
2026-03-04 00:27:02,309 - INFO - Pattern selectivity — mean neuron corr: 0.7731
2026-03-04 00:27:03,364 - INFO - LOO (avg rate) — Model mean r: 0.6537, LOO mean r: 0.4546, Neurons model > LOO: 60/63
2026-03-04 00:27:04,842 - INFO - LOO (temporal) — Model mean r: 0.2555, LOO mean r: 0.3186, Neurons model > LOO: 12/63
2026-03-04 00:27:04,842 - INFO - Skipping oracle trial plots (skip_oracle_plots=True)
2026-03-04 00:27:04,849 - INFO - Experiment complete. Summary: {
  "run_dir": "/scratch/sb272/patterns5k_results/slurm_hist_cnn_2026-03-03_15-13-01/trial_0350_learning_rate=5.0e-03_history=1_kernel_sizes=3_conv_channels=256_fc_dims=256_seed2",
  "model_type": "cnn",
  "batch_avg_test_loss": 0.15354301273822785,
  "batch_avg_test_corr": 0.24428898956161288,
  "all_test_fve": 0.07408766897897871,
  "AR_FVE": -0.007198575943235367,
  "AR_test_correlation": 0.09174761176109314,
  "best_val_corr": 0.2506464307654569,
  "total_params": 163391,
  "trainable_params": 163391,
  "epochs_trained": 47,
  "mean_pattern_corr": 0.7731430624413995,
  "history": 1,
  "init_state": true,
  "loo_avg_mean_corr": 0.45456832695830385,
  "model_avg_mean_corr": 0.6537114492987217,
  "neurons_model_beats_loo_avg": 60,
  "loo_temporal_mean_corr": 0.31855225563049316,
  "all_test_corr": 0.25547173619270325,
  "neurons_model_beats_loo_temporal": 12,
  "kernel_sizes": [
    3
  ],
  "conv_channels": [
    256
  ],
  "fc_dims": [
    256
  ]
}
