2026-02-02 17:52:16,166 - INFO - ==================================================
2026-02-02 17:52:16,167 - INFO - Experiment run directory: results/binned_2026-02-02_17-52-16
2026-02-02 17:52:16,167 - INFO - Config file: config.yaml (copied to results/binned_2026-02-02_17-52-16/config.yaml)
2026-02-02 17:52:16,167 - INFO - Inference mode: False
2026-02-02 17:52:16,167 - INFO - Random seed: 42
2026-02-02 17:52:16,168 - INFO - ==================================================
2026-02-02 17:52:16,169 - INFO - Total trials: 5000
2026-02-02 17:52:16,189 - INFO - Oracle trials: 1000 (50 patterns × 10 trials)
2026-02-02 17:52:16,190 - INFO - Sample trials: 4000
2026-02-02 17:52:16,192 - INFO - Train: 3400, Val: 600, Test: 1000
2026-02-02 17:52:16,192 - INFO - Dataset config: input_bin_size=10ms, output_bin_size=60ms, n_input_bins=1, n_output_bins=1, output_offset=0, encoding_mode=current
2026-02-02 17:52:31,923 - INFO - BinnedStimSpikeDataset initialized:
2026-02-02 17:52:31,926 - INFO -   input_bin_size_ms=10, output_bin_size_ms=60
2026-02-02 17:52:31,927 - INFO -   n_input_bins=1, n_output_bins=1
2026-02-02 17:52:31,927 - INFO -   output_offset=0, total_bins_input=60, total_bins_output=10
2026-02-02 17:52:31,927 - INFO -   Valid start positions per trial: 0 to 9
2026-02-02 17:52:31,928 - INFO -   Total samples: 34000 (3400 trials × 10 positions)
2026-02-02 17:52:47,179 - INFO - BinnedStimSpikeDataset initialized:
2026-02-02 17:52:47,180 - INFO -   input_bin_size_ms=10, output_bin_size_ms=60
2026-02-02 17:52:47,181 - INFO -   n_input_bins=1, n_output_bins=1
2026-02-02 17:52:47,181 - INFO -   output_offset=0, total_bins_input=60, total_bins_output=10
2026-02-02 17:52:47,181 - INFO -   Valid start positions per trial: 0 to 9
2026-02-02 17:52:47,182 - INFO -   Total samples: 6000 (600 trials × 10 positions)
2026-02-02 17:53:02,487 - INFO - BinnedStimSpikeDataset initialized:
2026-02-02 17:53:02,489 - INFO -   input_bin_size_ms=10, output_bin_size_ms=60
2026-02-02 17:53:02,489 - INFO -   n_input_bins=1, n_output_bins=1
2026-02-02 17:53:02,489 - INFO -   output_offset=0, total_bins_input=60, total_bins_output=10
2026-02-02 17:53:02,489 - INFO -   Valid start positions per trial: 0 to 9
2026-02-02 17:53:02,490 - INFO -   Total samples: 10000 (1000 trials × 10 positions)
2026-02-02 17:53:02,505 - INFO - Train samples: 34000, Val samples: 6000, Test samples: 10000
2026-02-02 17:53:02,505 - INFO - Train batches: 266, Val batches: 47, Test batches: 79
2026-02-02 17:53:02,506 - INFO - Number of stimulation channels: 42
2026-02-02 17:53:02,506 - INFO - Number of recorded neurons: 63
2026-02-02 17:53:02,507 - INFO - Sample X shape: torch.Size([42, 1]) (n_channels, n_input_bins)
2026-02-02 17:53:02,508 - INFO - Sample Y shape: torch.Size([63, 1]) (n_neurons, n_output_bins)
2026-02-02 17:53:02,508 - INFO - Using Apple Silicon MPS acceleration
2026-02-02 17:53:02,510 - INFO - PyTorch version: 2.10.0.dev20251124
2026-02-02 17:53:02,510 - INFO - Device: mps
2026-02-02 17:53:02,512 - INFO - Saved experiment config to results/binned_2026-02-02_17-52-16/summary_config.json
