2026-03-06 13:02:24,710 - INFO - ============================================================
2026-03-06 13:02:24,710 - INFO - Experiment run directory: /scratch/sb272/patterns5k_results/slurm_base_cnn_2026-03-06_09-50-40/trial_0058_learning_rate=5.0e-03_kernel_sizes=3x3x3_conv_channels=256x256x256_fc_dims=512_seed1
2026-03-06 13:02:24,710 - INFO - ============================================================
2026-03-06 13:02:24,710 - INFO - Loading data …
2026-03-06 13:02:25,679 - INFO - 63 unique neurons after dropping problematic neurons
2026-03-06 13:02:27,066 - INFO - Stimulation channels: 42, Spiking neurons: 63
2026-03-06 13:04:40,796 - INFO - Unique patterns: 4050, Total trials: 5000
2026-03-06 13:04:40,797 - INFO - Stimulation channels: 42, Spiking neurons: 63
2026-03-06 13:04:40,797 - INFO - Unique patterns: 4050, Total trials: 5000
2026-03-06 13:04:40,815 - INFO - Split (oracle): train=3400, val=600, test=1000
2026-03-06 13:05:09,039 - INFO - BinnedStimSpikeDataset initialized:
2026-03-06 13:05:09,040 - INFO -   input_bin_size_ms=10, output_bin_size_ms=10
2026-03-06 13:05:09,040 - INFO -   n_input_bins=60, n_output_bins=60
2026-03-06 13:05:09,040 - INFO -   output_offset=0, total_bins_input=60, total_bins_output=60
2026-03-06 13:05:09,040 - INFO -   Valid start positions per trial: 0 to 0
2026-03-06 13:05:09,040 - INFO -   Total samples: 3400 (3400 trials × 1 positions)
2026-03-06 13:05:36,166 - INFO - BinnedStimSpikeDataset initialized:
2026-03-06 13:05:36,167 - INFO -   input_bin_size_ms=10, output_bin_size_ms=10
2026-03-06 13:05:36,167 - INFO -   n_input_bins=60, n_output_bins=60
2026-03-06 13:05:36,167 - INFO -   output_offset=0, total_bins_input=60, total_bins_output=60
2026-03-06 13:05:36,167 - INFO -   Valid start positions per trial: 0 to 0
2026-03-06 13:05:36,167 - INFO -   Total samples: 600 (600 trials × 1 positions)
2026-03-06 13:06:03,949 - INFO - BinnedStimSpikeDataset initialized:
2026-03-06 13:06:03,949 - INFO -   input_bin_size_ms=10, output_bin_size_ms=10
2026-03-06 13:06:03,949 - INFO -   n_input_bins=60, n_output_bins=60
2026-03-06 13:06:03,949 - INFO -   output_offset=0, total_bins_input=60, total_bins_output=60
2026-03-06 13:06:03,949 - INFO -   Valid start positions per trial: 0 to 0
2026-03-06 13:06:03,949 - INFO -   Total samples: 1000 (1000 trials × 1 positions)
2026-03-06 13:06:03,949 - INFO - Samples — train: 3400, val: 600, test: 1000
2026-03-06 13:06:03,949 - INFO - Input channels: 42, Neurons: 63
2026-03-06 13:06:03,955 - INFO - Using CPU
2026-03-06 13:06:03,975 - INFO - Model: CNN — 591,679 trainable params (591,679 total)
2026-03-06 13:06:09,127 - INFO - Starting training …
2026-03-06 13:06:24,169 - INFO - Epoch   1/50 | Train: 0.195034 | Val: 0.181987 | Corr: 0.084721 | LR: 5.00e-03
2026-03-06 13:06:24,212 - INFO -   ↳ Saved best model (val_corr=0.084721)
2026-03-06 13:06:38,459 - INFO - Epoch   2/50 | Train: 0.182807 | Val: 0.180745 | Corr: 0.098618 | LR: 5.00e-03
2026-03-06 13:06:38,479 - INFO -   ↳ Saved best model (val_corr=0.098618)
2026-03-06 13:06:52,897 - INFO - Epoch   3/50 | Train: 0.181498 | Val: 0.182110 | Corr: 0.103740 | LR: 5.00e-03
2026-03-06 13:06:52,915 - INFO -   ↳ Saved best model (val_corr=0.103740)
2026-03-06 13:07:07,915 - INFO - Epoch   4/50 | Train: 0.180341 | Val: 0.179412 | Corr: 0.115386 | LR: 5.00e-03
2026-03-06 13:07:07,937 - INFO -   ↳ Saved best model (val_corr=0.115386)
2026-03-06 13:07:22,717 - INFO - Epoch   5/50 | Train: 0.179607 | Val: 0.180256 | Corr: 0.113581 | LR: 5.00e-03
2026-03-06 13:07:37,445 - INFO - Epoch   6/50 | Train: 0.178827 | Val: 0.178739 | Corr: 0.121549 | LR: 5.00e-03
2026-03-06 13:07:37,545 - INFO -   ↳ Saved best model (val_corr=0.121549)
2026-03-06 13:07:52,388 - INFO - Epoch   7/50 | Train: 0.177781 | Val: 0.178108 | Corr: 0.125214 | LR: 5.00e-03
2026-03-06 13:07:52,411 - INFO -   ↳ Saved best model (val_corr=0.125214)
2026-03-06 13:08:07,348 - INFO - Epoch   8/50 | Train: 0.177310 | Val: 0.178536 | Corr: 0.126674 | LR: 5.00e-03
2026-03-06 13:08:07,370 - INFO -   ↳ Saved best model (val_corr=0.126674)
2026-03-06 13:08:21,953 - INFO - Epoch   9/50 | Train: 0.177044 | Val: 0.177585 | Corr: 0.132295 | LR: 5.00e-03
2026-03-06 13:08:21,988 - INFO -   ↳ Saved best model (val_corr=0.132295)
2026-03-06 13:08:36,507 - INFO - Epoch  10/50 | Train: 0.176420 | Val: 0.177973 | Corr: 0.130179 | LR: 5.00e-03
2026-03-06 13:08:51,009 - INFO - Epoch  11/50 | Train: 0.176138 | Val: 0.177622 | Corr: 0.135093 | LR: 5.00e-03
2026-03-06 13:08:51,029 - INFO -   ↳ Saved best model (val_corr=0.135093)
2026-03-06 13:09:05,729 - INFO - Epoch  12/50 | Train: 0.175742 | Val: 0.177302 | Corr: 0.134733 | LR: 5.00e-03
2026-03-06 13:09:20,398 - INFO - Epoch  13/50 | Train: 0.175300 | Val: 0.177935 | Corr: 0.134314 | LR: 5.00e-03
2026-03-06 13:09:35,040 - INFO - Epoch  14/50 | Train: 0.174895 | Val: 0.177661 | Corr: 0.133746 | LR: 5.00e-03
2026-03-06 13:09:49,512 - INFO - Epoch  15/50 | Train: 0.174588 | Val: 0.178977 | Corr: 0.134715 | LR: 5.00e-03
2026-03-06 13:10:04,058 - INFO - Epoch  16/50 | Train: 0.174042 | Val: 0.177618 | Corr: 0.135585 | LR: 5.00e-03
2026-03-06 13:10:04,090 - INFO -   ↳ Saved best model (val_corr=0.135585)
2026-03-06 13:10:18,708 - INFO - Epoch  17/50 | Train: 0.173564 | Val: 0.177867 | Corr: 0.133530 | LR: 5.00e-03
2026-03-06 13:10:33,390 - INFO - Epoch  18/50 | Train: 0.173160 | Val: 0.178271 | Corr: 0.132649 | LR: 2.50e-03
2026-03-06 13:10:48,029 - INFO - Epoch  19/50 | Train: 0.171565 | Val: 0.178987 | Corr: 0.132995 | LR: 2.50e-03
2026-03-06 13:11:02,619 - INFO - Epoch  20/50 | Train: 0.170917 | Val: 0.179281 | Corr: 0.131561 | LR: 2.50e-03
2026-03-06 13:11:17,163 - INFO - Epoch  21/50 | Train: 0.170713 | Val: 0.179192 | Corr: 0.133020 | LR: 2.50e-03
2026-03-06 13:11:31,920 - INFO - Epoch  22/50 | Train: 0.170324 | Val: 0.179401 | Corr: 0.131068 | LR: 2.50e-03
2026-03-06 13:11:46,221 - INFO - Epoch  23/50 | Train: 0.169984 | Val: 0.179043 | Corr: 0.131762 | LR: 2.50e-03
2026-03-06 13:12:00,864 - INFO - Epoch  24/50 | Train: 0.169774 | Val: 0.179788 | Corr: 0.128419 | LR: 1.25e-03
2026-03-06 13:12:15,425 - INFO - Epoch  25/50 | Train: 0.168674 | Val: 0.180265 | Corr: 0.128083 | LR: 1.25e-03
2026-03-06 13:12:29,956 - INFO - Epoch  26/50 | Train: 0.168339 | Val: 0.180102 | Corr: 0.129670 | LR: 1.25e-03
2026-03-06 13:12:29,957 - INFO - Early stopping at epoch 26
2026-03-06 13:12:29,957 - INFO - Training complete — best val corr: 0.135585
2026-03-06 13:12:32,375 - INFO - Test loss: 0.169276, Test corr: 0.129061
2026-03-06 13:12:33,440 - INFO - Fraction of variance explained (FVE): 0.020549
2026-03-06 13:12:33,440 - INFO - Generating figures …
2026-03-06 13:12:34,074 - INFO - Correlation between predicted and actual per-neuron averages: r=0.9857, p=0.00e+00
2026-03-06 13:12:36,828 - INFO - Pattern selectivity summary:
2026-03-06 13:12:36,828 - INFO -   Mean correlation across neurons: 0.4539
2026-03-06 13:12:36,828 - INFO -   Median correlation: 0.4704
2026-03-06 13:12:36,828 - INFO -   Neurons with r > 0.5: 29 / 63
2026-03-06 13:12:36,828 - INFO -   Neurons with r > 0.3: 48 / 63
2026-03-06 13:12:36,829 - INFO - Pattern selectivity — mean neuron corr: 0.4539
2026-03-06 13:12:39,144 - INFO - LOO (avg rate) — Model mean r: 0.2665, LOO mean r: 0.4546, Neurons model > LOO: 1/63
2026-03-06 13:12:42,125 - INFO - LOO (temporal) — Model mean r: 0.1294, LOO mean r: 0.3186, Neurons model > LOO: 0/63
2026-03-06 13:12:42,125 - INFO - Skipping oracle trial plots (skip_oracle_plots=True)
2026-03-06 13:12:42,136 - INFO - Experiment complete. Summary: {
  "run_dir": "/scratch/sb272/patterns5k_results/slurm_base_cnn_2026-03-06_09-50-40/trial_0058_learning_rate=5.0e-03_kernel_sizes=3x3x3_conv_channels=256x256x256_fc_dims=512_seed1",
  "model_type": "cnn",
  "batch_avg_test_loss": 0.16927586913108825,
  "batch_avg_test_corr": 0.1290610189599074,
  "all_test_fve": 0.02054873440000746,
  "AR_FVE": NaN,
  "AR_test_correlation": NaN,
  "best_val_corr": 0.1355851365073929,
  "total_params": 591679,
  "trainable_params": 591679,
  "epochs_trained": 26,
  "mean_pattern_corr": 0.4539298992765771,
  "history": 0,
  "init_state": true,
  "loo_avg_mean_corr": 0.45456832695830385,
  "model_avg_mean_corr": 0.26654719209465294,
  "neurons_model_beats_loo_avg": 1,
  "loo_temporal_mean_corr": 0.31855225563049316,
  "all_test_corr": 0.1293897032737732,
  "neurons_model_beats_loo_temporal": 0,
  "kernel_sizes": [
    3,
    3,
    3
  ],
  "conv_channels": [
    256,
    256,
    256
  ],
  "fc_dims": [
    512
  ]
}
