2026-03-05 16:33:03,825 - INFO - ============================================================
2026-03-05 16:33:03,826 - INFO - Experiment run directory: /scratch/sb272/patterns5k_results/slurm_hist_cnn_2026-03-05_16-01-45/trial_0175_learning_rate=1.0e-04_history=2_kernel_sizes=5x3x3_conv_channels=64x128x256_fc_dims=1024_seed1
2026-03-05 16:33:03,826 - INFO - ============================================================
2026-03-05 16:33:03,826 - INFO - Loading data …
2026-03-05 16:33:06,760 - INFO - 63 unique neurons after dropping problematic neurons
2026-03-05 16:33:08,155 - INFO - Stimulation channels: 42, Spiking neurons: 63
2026-03-05 16:35:08,826 - INFO - Unique patterns: 4050, Total trials: 5000
2026-03-05 16:35:08,827 - INFO - Stimulation channels: 42, Spiking neurons: 63
2026-03-05 16:35:08,827 - INFO - Unique patterns: 4050, Total trials: 5000
2026-03-05 16:35:08,850 - INFO - Split (oracle): train=3400, val=600, test=1000
2026-03-05 16:35:26,094 - INFO - BinnedStimSpikeDataset initialized:
2026-03-05 16:35:26,095 - INFO -   input_bin_size_ms=10, output_bin_size_ms=10
2026-03-05 16:35:26,095 - INFO -   n_input_bins=60, n_output_bins=60
2026-03-05 16:35:26,095 - INFO -   output_offset=0, total_bins_input=60, total_bins_output=60
2026-03-05 16:35:26,095 - INFO -   Valid start positions per trial: 0 to 0
2026-03-05 16:35:26,095 - INFO -   Total samples: 3400 (3400 trials × 1 positions)
2026-03-05 16:35:43,349 - INFO - BinnedStimSpikeDataset initialized:
2026-03-05 16:35:43,350 - INFO -   input_bin_size_ms=10, output_bin_size_ms=10
2026-03-05 16:35:43,350 - INFO -   n_input_bins=60, n_output_bins=60
2026-03-05 16:35:43,350 - INFO -   output_offset=0, total_bins_input=60, total_bins_output=60
2026-03-05 16:35:43,350 - INFO -   Valid start positions per trial: 0 to 0
2026-03-05 16:35:43,350 - INFO -   Total samples: 600 (600 trials × 1 positions)
2026-03-05 16:36:00,150 - INFO - BinnedStimSpikeDataset initialized:
2026-03-05 16:36:00,150 - INFO -   input_bin_size_ms=10, output_bin_size_ms=10
2026-03-05 16:36:00,151 - INFO -   n_input_bins=60, n_output_bins=60
2026-03-05 16:36:00,151 - INFO -   output_offset=0, total_bins_input=60, total_bins_output=60
2026-03-05 16:36:00,151 - INFO -   Valid start positions per trial: 0 to 0
2026-03-05 16:36:00,151 - INFO -   Total samples: 1000 (1000 trials × 1 positions)
2026-03-05 16:36:00,151 - INFO - Samples — train: 3400, val: 600, test: 1000
2026-03-05 16:36:00,151 - INFO - Input channels: 105, Neurons: 63
2026-03-05 16:36:00,170 - INFO - Using CPU
2026-03-05 16:36:00,179 - INFO - Model: CNN — 485,567 trainable params (485,567 total)
2026-03-05 16:36:04,868 - INFO - Starting training …
2026-03-05 16:36:17,707 - INFO - Epoch   1/50 | Train: 0.277892 | Val: 0.185801 | Corr: 0.084001 | LR: 1.00e-04
2026-03-05 16:36:17,723 - INFO -   ↳ Saved best model (val_corr=0.084001)
2026-03-05 16:36:30,861 - INFO - Epoch   2/50 | Train: 0.182348 | Val: 0.182268 | Corr: 0.114630 | LR: 1.00e-04
2026-03-05 16:36:30,878 - INFO -   ↳ Saved best model (val_corr=0.114630)
2026-03-05 16:36:44,872 - INFO - Epoch   3/50 | Train: 0.179722 | Val: 0.180032 | Corr: 0.128578 | LR: 1.00e-04
2026-03-05 16:36:44,893 - INFO -   ↳ Saved best model (val_corr=0.128578)
2026-03-05 16:36:58,509 - INFO - Epoch   4/50 | Train: 0.177819 | Val: 0.178064 | Corr: 0.140618 | LR: 1.00e-04
2026-03-05 16:36:58,540 - INFO -   ↳ Saved best model (val_corr=0.140618)
2026-03-05 16:37:12,117 - INFO - Epoch   5/50 | Train: 0.176266 | Val: 0.178203 | Corr: 0.148519 | LR: 1.00e-04
2026-03-05 16:37:12,141 - INFO -   ↳ Saved best model (val_corr=0.148519)
2026-03-05 16:37:25,641 - INFO - Epoch   6/50 | Train: 0.175082 | Val: 0.175641 | Corr: 0.154583 | LR: 1.00e-04
2026-03-05 16:37:25,667 - INFO -   ↳ Saved best model (val_corr=0.154583)
2026-03-05 16:37:39,285 - INFO - Epoch   7/50 | Train: 0.174095 | Val: 0.174919 | Corr: 0.159369 | LR: 1.00e-04
2026-03-05 16:37:39,302 - INFO -   ↳ Saved best model (val_corr=0.159369)
2026-03-05 16:37:52,466 - INFO - Epoch   8/50 | Train: 0.173361 | Val: 0.174277 | Corr: 0.162885 | LR: 1.00e-04
2026-03-05 16:37:52,482 - INFO -   ↳ Saved best model (val_corr=0.162885)
2026-03-05 16:38:05,185 - INFO - Epoch   9/50 | Train: 0.172586 | Val: 0.172325 | Corr: 0.168616 | LR: 1.00e-04
2026-03-05 16:38:05,210 - INFO -   ↳ Saved best model (val_corr=0.168616)
2026-03-05 16:38:17,910 - INFO - Epoch  10/50 | Train: 0.171870 | Val: 0.172578 | Corr: 0.172109 | LR: 1.00e-04
2026-03-05 16:38:17,926 - INFO -   ↳ Saved best model (val_corr=0.172109)
2026-03-05 16:38:30,547 - INFO - Epoch  11/50 | Train: 0.171428 | Val: 0.172031 | Corr: 0.175460 | LR: 1.00e-04
2026-03-05 16:38:30,575 - INFO -   ↳ Saved best model (val_corr=0.175460)
2026-03-05 16:38:43,129 - INFO - Epoch  12/50 | Train: 0.170884 | Val: 0.171699 | Corr: 0.179430 | LR: 1.00e-04
2026-03-05 16:38:43,145 - INFO -   ↳ Saved best model (val_corr=0.179430)
2026-03-05 16:38:56,015 - INFO - Epoch  13/50 | Train: 0.170404 | Val: 0.171527 | Corr: 0.182401 | LR: 1.00e-04
2026-03-05 16:38:56,030 - INFO -   ↳ Saved best model (val_corr=0.182401)
2026-03-05 16:39:08,343 - INFO - Epoch  14/50 | Train: 0.169929 | Val: 0.171150 | Corr: 0.186037 | LR: 1.00e-04
2026-03-05 16:39:08,363 - INFO -   ↳ Saved best model (val_corr=0.186037)
2026-03-05 16:39:22,381 - INFO - Epoch  15/50 | Train: 0.169567 | Val: 0.170287 | Corr: 0.187716 | LR: 1.00e-04
2026-03-05 16:39:22,403 - INFO -   ↳ Saved best model (val_corr=0.187716)
2026-03-05 16:39:36,590 - INFO - Epoch  16/50 | Train: 0.169133 | Val: 0.169614 | Corr: 0.191277 | LR: 1.00e-04
2026-03-05 16:39:36,614 - INFO -   ↳ Saved best model (val_corr=0.191277)
2026-03-05 16:39:48,930 - INFO - Epoch  17/50 | Train: 0.168798 | Val: 0.169499 | Corr: 0.194497 | LR: 1.00e-04
2026-03-05 16:39:48,946 - INFO -   ↳ Saved best model (val_corr=0.194497)
2026-03-05 16:40:02,226 - INFO - Epoch  18/50 | Train: 0.168348 | Val: 0.169583 | Corr: 0.196294 | LR: 1.00e-04
2026-03-05 16:40:02,246 - INFO -   ↳ Saved best model (val_corr=0.196294)
2026-03-05 16:40:16,578 - INFO - Epoch  19/50 | Train: 0.167985 | Val: 0.168102 | Corr: 0.200165 | LR: 1.00e-04
2026-03-05 16:40:16,596 - INFO -   ↳ Saved best model (val_corr=0.200165)
2026-03-05 16:40:30,239 - INFO - Epoch  20/50 | Train: 0.167678 | Val: 0.168055 | Corr: 0.203365 | LR: 1.00e-04
2026-03-05 16:40:30,255 - INFO -   ↳ Saved best model (val_corr=0.203365)
2026-03-05 16:40:42,258 - INFO - Epoch  21/50 | Train: 0.167315 | Val: 0.168022 | Corr: 0.204884 | LR: 1.00e-04
2026-03-05 16:40:42,277 - INFO -   ↳ Saved best model (val_corr=0.204884)
2026-03-05 16:40:55,949 - INFO - Epoch  22/50 | Train: 0.167019 | Val: 0.167707 | Corr: 0.207092 | LR: 1.00e-04
2026-03-05 16:40:55,982 - INFO -   ↳ Saved best model (val_corr=0.207092)
2026-03-05 16:41:10,431 - INFO - Epoch  23/50 | Train: 0.166748 | Val: 0.167084 | Corr: 0.210495 | LR: 1.00e-04
2026-03-05 16:41:10,488 - INFO -   ↳ Saved best model (val_corr=0.210495)
2026-03-05 16:41:23,312 - INFO - Epoch  24/50 | Train: 0.166554 | Val: 0.166772 | Corr: 0.210894 | LR: 1.00e-04
2026-03-05 16:41:23,335 - INFO -   ↳ Saved best model (val_corr=0.210894)
2026-03-05 16:41:36,161 - INFO - Epoch  25/50 | Train: 0.166311 | Val: 0.166125 | Corr: 0.214185 | LR: 1.00e-04
2026-03-05 16:41:36,179 - INFO -   ↳ Saved best model (val_corr=0.214185)
2026-03-05 16:41:50,322 - INFO - Epoch  26/50 | Train: 0.165879 | Val: 0.165935 | Corr: 0.215567 | LR: 1.00e-04
2026-03-05 16:41:50,350 - INFO -   ↳ Saved best model (val_corr=0.215567)
2026-03-05 16:42:04,680 - INFO - Epoch  27/50 | Train: 0.165703 | Val: 0.166583 | Corr: 0.217809 | LR: 1.00e-04
2026-03-05 16:42:04,698 - INFO -   ↳ Saved best model (val_corr=0.217809)
2026-03-05 16:42:16,687 - INFO - Epoch  28/50 | Train: 0.165336 | Val: 0.166105 | Corr: 0.218902 | LR: 1.00e-04
2026-03-05 16:42:16,704 - INFO -   ↳ Saved best model (val_corr=0.218902)
2026-03-05 16:42:29,188 - INFO - Epoch  29/50 | Train: 0.165160 | Val: 0.165757 | Corr: 0.220288 | LR: 1.00e-04
2026-03-05 16:42:29,204 - INFO -   ↳ Saved best model (val_corr=0.220288)
2026-03-05 16:42:43,137 - INFO - Epoch  30/50 | Train: 0.164946 | Val: 0.164893 | Corr: 0.222058 | LR: 1.00e-04
2026-03-05 16:42:43,157 - INFO -   ↳ Saved best model (val_corr=0.222058)
2026-03-05 16:42:57,250 - INFO - Epoch  31/50 | Train: 0.164860 | Val: 0.165147 | Corr: 0.223546 | LR: 1.00e-04
2026-03-05 16:42:57,268 - INFO -   ↳ Saved best model (val_corr=0.223546)
2026-03-05 16:43:08,882 - INFO - Epoch  32/50 | Train: 0.164564 | Val: 0.164822 | Corr: 0.224844 | LR: 1.00e-04
2026-03-05 16:43:08,900 - INFO -   ↳ Saved best model (val_corr=0.224844)
2026-03-05 16:43:21,751 - INFO - Epoch  33/50 | Train: 0.164395 | Val: 0.165235 | Corr: 0.226383 | LR: 1.00e-04
2026-03-05 16:43:21,768 - INFO -   ↳ Saved best model (val_corr=0.226383)
2026-03-05 16:43:35,857 - INFO - Epoch  34/50 | Train: 0.164190 | Val: 0.165349 | Corr: 0.227027 | LR: 1.00e-04
2026-03-05 16:43:35,874 - INFO -   ↳ Saved best model (val_corr=0.227027)
2026-03-05 16:43:49,550 - INFO - Epoch  35/50 | Train: 0.164102 | Val: 0.164816 | Corr: 0.227960 | LR: 1.00e-04
2026-03-05 16:43:49,568 - INFO -   ↳ Saved best model (val_corr=0.227960)
2026-03-05 16:44:01,448 - INFO - Epoch  36/50 | Train: 0.163887 | Val: 0.164206 | Corr: 0.229419 | LR: 1.00e-04
2026-03-05 16:44:01,465 - INFO -   ↳ Saved best model (val_corr=0.229419)
2026-03-05 16:44:15,043 - INFO - Epoch  37/50 | Train: 0.163684 | Val: 0.164173 | Corr: 0.230849 | LR: 1.00e-04
2026-03-05 16:44:15,059 - INFO -   ↳ Saved best model (val_corr=0.230849)
2026-03-05 16:44:29,312 - INFO - Epoch  38/50 | Train: 0.163534 | Val: 0.163793 | Corr: 0.231251 | LR: 1.00e-04
2026-03-05 16:44:29,330 - INFO -   ↳ Saved best model (val_corr=0.231251)
2026-03-05 16:44:42,026 - INFO - Epoch  39/50 | Train: 0.163375 | Val: 0.163983 | Corr: 0.232260 | LR: 1.00e-04
2026-03-05 16:44:42,042 - INFO -   ↳ Saved best model (val_corr=0.232260)
2026-03-05 16:44:54,451 - INFO - Epoch  40/50 | Train: 0.163228 | Val: 0.164003 | Corr: 0.233289 | LR: 1.00e-04
2026-03-05 16:44:54,466 - INFO -   ↳ Saved best model (val_corr=0.233289)
2026-03-05 16:45:08,116 - INFO - Epoch  41/50 | Train: 0.163153 | Val: 0.164736 | Corr: 0.234236 | LR: 1.00e-04
2026-03-05 16:45:08,134 - INFO -   ↳ Saved best model (val_corr=0.234236)
2026-03-05 16:45:21,841 - INFO - Epoch  42/50 | Train: 0.163022 | Val: 0.163513 | Corr: 0.235292 | LR: 1.00e-04
2026-03-05 16:45:21,858 - INFO -   ↳ Saved best model (val_corr=0.235292)
2026-03-05 16:45:33,677 - INFO - Epoch  43/50 | Train: 0.162870 | Val: 0.164203 | Corr: 0.236292 | LR: 1.00e-04
2026-03-05 16:45:33,695 - INFO -   ↳ Saved best model (val_corr=0.236292)
2026-03-05 16:45:46,252 - INFO - Epoch  44/50 | Train: 0.162676 | Val: 0.164690 | Corr: 0.236075 | LR: 1.00e-04
2026-03-05 16:46:00,376 - INFO - Epoch  45/50 | Train: 0.162655 | Val: 0.163813 | Corr: 0.237668 | LR: 1.00e-04
2026-03-05 16:46:00,395 - INFO -   ↳ Saved best model (val_corr=0.237668)
2026-03-05 16:46:14,102 - INFO - Epoch  46/50 | Train: 0.162524 | Val: 0.162906 | Corr: 0.237870 | LR: 1.00e-04
2026-03-05 16:46:14,118 - INFO -   ↳ Saved best model (val_corr=0.237870)
2026-03-05 16:46:26,390 - INFO - Epoch  47/50 | Train: 0.162407 | Val: 0.163039 | Corr: 0.239235 | LR: 1.00e-04
2026-03-05 16:46:26,410 - INFO -   ↳ Saved best model (val_corr=0.239235)
2026-03-05 16:46:39,797 - INFO - Epoch  48/50 | Train: 0.162204 | Val: 0.162710 | Corr: 0.239676 | LR: 1.00e-04
2026-03-05 16:46:39,813 - INFO -   ↳ Saved best model (val_corr=0.239676)
2026-03-05 16:46:53,191 - INFO - Epoch  49/50 | Train: 0.162174 | Val: 0.162972 | Corr: 0.240282 | LR: 1.00e-04
2026-03-05 16:46:53,209 - INFO -   ↳ Saved best model (val_corr=0.240282)
2026-03-05 16:47:06,623 - INFO - Epoch  50/50 | Train: 0.162056 | Val: 0.162565 | Corr: 0.240081 | LR: 1.00e-04
2026-03-05 16:47:06,623 - INFO - Training complete — best val corr: 0.240282
2026-03-05 16:47:08,640 - INFO - Test loss: 0.154264, Test corr: 0.232465
2026-03-05 16:47:09,665 - INFO - Fraction of variance explained (FVE): 0.064038
2026-03-05 16:47:09,665 - INFO - Computing autoregressive (AR) test predictions …
2026-03-05 16:47:10,644 - INFO - AR FVE: -0.008333, AR test corr: 0.070178
2026-03-05 16:47:10,644 - INFO - Generating figures …
2026-03-05 16:47:11,053 - INFO - Correlation between predicted and actual per-neuron averages: r=0.9956, p=0.00e+00
2026-03-05 16:47:13,460 - INFO - Pattern selectivity summary:
2026-03-05 16:47:13,460 - INFO -   Mean correlation across neurons: 0.7105
2026-03-05 16:47:13,461 - INFO -   Median correlation: 0.7230
2026-03-05 16:47:13,461 - INFO -   Neurons with r > 0.5: 58 / 63
2026-03-05 16:47:13,461 - INFO -   Neurons with r > 0.3: 63 / 63
2026-03-05 16:47:13,461 - INFO - Pattern selectivity — mean neuron corr: 0.7105
2026-03-05 16:47:15,778 - INFO - LOO (avg rate) — Model mean r: 0.5763, LOO mean r: 0.4546, Neurons model > LOO: 50/63
2026-03-05 16:47:18,619 - INFO - LOO (temporal) — Model mean r: 0.2433, LOO mean r: 0.3186, Neurons model > LOO: 10/63
2026-03-05 16:47:18,619 - INFO - Skipping oracle trial plots (skip_oracle_plots=True)
2026-03-05 16:47:18,626 - INFO - Experiment complete. Summary: {
  "run_dir": "/scratch/sb272/patterns5k_results/slurm_hist_cnn_2026-03-05_16-01-45/trial_0175_learning_rate=1.0e-04_history=2_kernel_sizes=5x3x3_conv_channels=64x128x256_fc_dims=1024_seed1",
  "model_type": "cnn",
  "batch_avg_test_loss": 0.1542644193172455,
  "batch_avg_test_corr": 0.23246535724029596,
  "all_test_fve": 0.06403792945165483,
  "AR_FVE": -0.008332558094509064,
  "AR_test_correlation": 0.07017789036035538,
  "best_val_corr": 0.24028210356267063,
  "total_params": 485567,
  "trainable_params": 485567,
  "epochs_trained": 50,
  "mean_pattern_corr": 0.7105412828095903,
  "history": 2,
  "init_state": true,
  "loo_avg_mean_corr": 0.45456832695830385,
  "model_avg_mean_corr": 0.5762835448871515,
  "neurons_model_beats_loo_avg": 50,
  "loo_temporal_mean_corr": 0.31855225563049316,
  "all_test_corr": 0.24329951405525208,
  "neurons_model_beats_loo_temporal": 10,
  "kernel_sizes": [
    5,
    3,
    3
  ],
  "conv_channels": [
    64,
    128,
    256
  ],
  "fc_dims": [
    1024
  ]
}
