2026-03-04 03:28:38,275 - INFO - ============================================================
2026-03-04 03:28:38,275 - INFO - Experiment run directory: /scratch/sb272/patterns5k_results/slurm_hist_cnn_2026-03-03_15-13-01/trial_0412_learning_rate=5.0e-03_history=10_kernel_sizes=10x5x3_conv_channels=256x128x64_fc_dims=256_seed2
2026-03-04 03:28:38,275 - INFO - ============================================================
2026-03-04 03:28:38,275 - INFO - Loading data …
2026-03-04 03:28:39,074 - INFO - 63 unique neurons after dropping problematic neurons
2026-03-04 03:28:39,894 - INFO - Stimulation channels: 42, Spiking neurons: 63
2026-03-04 03:29:46,386 - INFO - Unique patterns: 4050, Total trials: 5000
2026-03-04 03:29:46,388 - INFO - Stimulation channels: 42, Spiking neurons: 63
2026-03-04 03:29:46,388 - INFO - Unique patterns: 4050, Total trials: 5000
2026-03-04 03:29:46,399 - INFO - Split (oracle): train=3400, val=600, test=1000
2026-03-04 03:30:00,687 - INFO - BinnedStimSpikeDataset initialized:
2026-03-04 03:30:00,688 - INFO -   input_bin_size_ms=10, output_bin_size_ms=10
2026-03-04 03:30:00,688 - INFO -   n_input_bins=60, n_output_bins=60
2026-03-04 03:30:00,688 - INFO -   output_offset=0, total_bins_input=60, total_bins_output=60
2026-03-04 03:30:00,688 - INFO -   Valid start positions per trial: 0 to 0
2026-03-04 03:30:00,688 - INFO -   Total samples: 3400 (3400 trials × 1 positions)
2026-03-04 03:30:14,335 - INFO - BinnedStimSpikeDataset initialized:
2026-03-04 03:30:14,335 - INFO -   input_bin_size_ms=10, output_bin_size_ms=10
2026-03-04 03:30:14,335 - INFO -   n_input_bins=60, n_output_bins=60
2026-03-04 03:30:14,335 - INFO -   output_offset=0, total_bins_input=60, total_bins_output=60
2026-03-04 03:30:14,335 - INFO -   Valid start positions per trial: 0 to 0
2026-03-04 03:30:14,335 - INFO -   Total samples: 600 (600 trials × 1 positions)
2026-03-04 03:30:28,102 - INFO - BinnedStimSpikeDataset initialized:
2026-03-04 03:30:28,102 - INFO -   input_bin_size_ms=10, output_bin_size_ms=10
2026-03-04 03:30:28,102 - INFO -   n_input_bins=60, n_output_bins=60
2026-03-04 03:30:28,102 - INFO -   output_offset=0, total_bins_input=60, total_bins_output=60
2026-03-04 03:30:28,102 - INFO -   Valid start positions per trial: 0 to 0
2026-03-04 03:30:28,102 - INFO -   Total samples: 1000 (1000 trials × 1 positions)
2026-03-04 03:30:28,103 - INFO - Samples — train: 3400, val: 600, test: 1000
2026-03-04 03:30:28,103 - INFO - Input channels: 105, Neurons: 63
2026-03-04 03:30:28,114 - INFO - Using CPU
2026-03-04 03:30:28,131 - INFO - Model: CNN — 491,391 trainable params (491,391 total)
2026-03-04 03:30:32,106 - INFO - Starting training …
2026-03-04 03:30:38,633 - INFO - Epoch   1/50 | Train: 0.199980 | Val: 0.181250 | Corr: 0.078635 | LR: 5.00e-03
2026-03-04 03:30:38,651 - INFO -   ↳ Saved best model (val_corr=0.078635)
2026-03-04 03:30:44,566 - INFO - Epoch   2/50 | Train: 0.180919 | Val: 0.178850 | Corr: 0.103246 | LR: 5.00e-03
2026-03-04 03:30:44,583 - INFO -   ↳ Saved best model (val_corr=0.103246)
2026-03-04 03:30:50,461 - INFO - Epoch   3/50 | Train: 0.178280 | Val: 0.177729 | Corr: 0.114298 | LR: 5.00e-03
2026-03-04 03:30:50,475 - INFO -   ↳ Saved best model (val_corr=0.114298)
2026-03-04 03:30:56,354 - INFO - Epoch   4/50 | Train: 0.176498 | Val: 0.178653 | Corr: 0.123197 | LR: 5.00e-03
2026-03-04 03:30:56,371 - INFO -   ↳ Saved best model (val_corr=0.123197)
2026-03-04 03:31:02,338 - INFO - Epoch   5/50 | Train: 0.174967 | Val: 0.176624 | Corr: 0.126831 | LR: 5.00e-03
2026-03-04 03:31:02,354 - INFO -   ↳ Saved best model (val_corr=0.126831)
2026-03-04 03:31:08,252 - INFO - Epoch   6/50 | Train: 0.173312 | Val: 0.176031 | Corr: 0.131403 | LR: 5.00e-03
2026-03-04 03:31:08,265 - INFO -   ↳ Saved best model (val_corr=0.131403)
2026-03-04 03:31:14,211 - INFO - Epoch   7/50 | Train: 0.171901 | Val: 0.176242 | Corr: 0.130514 | LR: 5.00e-03
2026-03-04 03:31:20,152 - INFO - Epoch   8/50 | Train: 0.170376 | Val: 0.177368 | Corr: 0.130680 | LR: 5.00e-03
2026-03-04 03:31:26,099 - INFO - Epoch   9/50 | Train: 0.169075 | Val: 0.176150 | Corr: 0.134926 | LR: 5.00e-03
2026-03-04 03:31:26,117 - INFO -   ↳ Saved best model (val_corr=0.134926)
2026-03-04 03:31:32,079 - INFO - Epoch  10/50 | Train: 0.167594 | Val: 0.176781 | Corr: 0.136526 | LR: 5.00e-03
2026-03-04 03:31:32,096 - INFO -   ↳ Saved best model (val_corr=0.136526)
2026-03-04 03:31:38,029 - INFO - Epoch  11/50 | Train: 0.166477 | Val: 0.177623 | Corr: 0.132634 | LR: 5.00e-03
2026-03-04 03:31:44,001 - INFO - Epoch  12/50 | Train: 0.165347 | Val: 0.178648 | Corr: 0.133169 | LR: 2.50e-03
2026-03-04 03:31:49,989 - INFO - Epoch  13/50 | Train: 0.162479 | Val: 0.178155 | Corr: 0.136782 | LR: 2.50e-03
2026-03-04 03:31:50,005 - INFO -   ↳ Saved best model (val_corr=0.136782)
2026-03-04 03:31:55,961 - INFO - Epoch  14/50 | Train: 0.161100 | Val: 0.180058 | Corr: 0.134295 | LR: 2.50e-03
2026-03-04 03:32:01,915 - INFO - Epoch  15/50 | Train: 0.160483 | Val: 0.179089 | Corr: 0.135587 | LR: 2.50e-03
2026-03-04 03:32:07,841 - INFO - Epoch  16/50 | Train: 0.159977 | Val: 0.178907 | Corr: 0.133643 | LR: 2.50e-03
2026-03-04 03:32:13,687 - INFO - Epoch  17/50 | Train: 0.159561 | Val: 0.179854 | Corr: 0.133132 | LR: 2.50e-03
2026-03-04 03:32:19,559 - INFO - Epoch  18/50 | Train: 0.159073 | Val: 0.179929 | Corr: 0.134643 | LR: 1.25e-03
2026-03-04 03:32:25,437 - INFO - Epoch  19/50 | Train: 0.157640 | Val: 0.180168 | Corr: 0.134877 | LR: 1.25e-03
2026-03-04 03:32:31,287 - INFO - Epoch  20/50 | Train: 0.157238 | Val: 0.180896 | Corr: 0.134535 | LR: 1.25e-03
2026-03-04 03:32:37,144 - INFO - Epoch  21/50 | Train: 0.156803 | Val: 0.180793 | Corr: 0.135058 | LR: 1.25e-03
2026-03-04 03:32:43,006 - INFO - Epoch  22/50 | Train: 0.156332 | Val: 0.181053 | Corr: 0.135574 | LR: 1.25e-03
2026-03-04 03:32:48,871 - INFO - Epoch  23/50 | Train: 0.156223 | Val: 0.181297 | Corr: 0.134671 | LR: 1.25e-03
2026-03-04 03:32:48,872 - INFO - Early stopping at epoch 23
2026-03-04 03:32:48,872 - INFO - Training complete — best val corr: 0.136782
2026-03-04 03:32:50,129 - INFO - Test loss: 0.169599, Test corr: 0.131028
2026-03-04 03:32:50,662 - INFO - Fraction of variance explained (FVE): 0.016794
2026-03-04 03:32:50,662 - INFO - Computing autoregressive (AR) test predictions …
2026-03-04 03:32:51,341 - INFO - AR FVE: 0.006588, AR test corr: 0.101546
2026-03-04 03:32:51,341 - INFO - Generating figures …
2026-03-04 03:32:51,680 - INFO - Correlation between predicted and actual per-neuron averages: r=0.9831, p=0.00e+00
2026-03-04 03:32:53,286 - INFO - Pattern selectivity summary:
2026-03-04 03:32:53,286 - INFO -   Mean correlation across neurons: 0.5014
2026-03-04 03:32:53,286 - INFO -   Median correlation: 0.5104
2026-03-04 03:32:53,286 - INFO -   Neurons with r > 0.5: 33 / 63
2026-03-04 03:32:53,286 - INFO -   Neurons with r > 0.3: 56 / 63
2026-03-04 03:32:53,287 - INFO - Pattern selectivity — mean neuron corr: 0.5014
2026-03-04 03:32:54,630 - INFO - LOO (avg rate) — Model mean r: 0.3814, LOO mean r: 0.4546, Neurons model > LOO: 16/63
2026-03-04 03:32:56,417 - INFO - LOO (temporal) — Model mean r: 0.1400, LOO mean r: 0.3186, Neurons model > LOO: 2/63
2026-03-04 03:32:56,417 - INFO - Skipping oracle trial plots (skip_oracle_plots=True)
2026-03-04 03:32:56,423 - INFO - Experiment complete. Summary: {
  "run_dir": "/scratch/sb272/patterns5k_results/slurm_hist_cnn_2026-03-03_15-13-01/trial_0412_learning_rate=5.0e-03_history=10_kernel_sizes=10x5x3_conv_channels=256x128x64_fc_dims=256_seed2",
  "model_type": "cnn",
  "batch_avg_test_loss": 0.16959939062595367,
  "batch_avg_test_corr": 0.13102817203210593,
  "all_test_fve": 0.016793777072240435,
  "AR_FVE": 0.006587578190697564,
  "AR_test_correlation": 0.10154587775468826,
  "best_val_corr": 0.13678191051963598,
  "total_params": 491391,
  "trainable_params": 491391,
  "epochs_trained": 23,
  "mean_pattern_corr": 0.5014089388977422,
  "history": 10,
  "init_state": true,
  "loo_avg_mean_corr": 0.45456832695830385,
  "model_avg_mean_corr": 0.38144710006421384,
  "neurons_model_beats_loo_avg": 16,
  "loo_temporal_mean_corr": 0.31855225563049316,
  "all_test_corr": 0.14001905918121338,
  "neurons_model_beats_loo_temporal": 2,
  "kernel_sizes": [
    10,
    5,
    3
  ],
  "conv_channels": [
    256,
    128,
    64
  ],
  "fc_dims": [
    256
  ]
}
