2026-03-05 18:59:24,623 - INFO - ============================================================
2026-03-05 18:59:24,623 - INFO - Experiment run directory: /scratch/sb272/patterns5k_results/slurm_hist_cnn_2026-03-05_16-01-45/trial_0231_learning_rate=5.0e-04_history=1_kernel_sizes=3x3x3_conv_channels=32x64x128_fc_dims=128_seed1
2026-03-05 18:59:24,623 - INFO - ============================================================
2026-03-05 18:59:24,623 - INFO - Loading data …
2026-03-05 18:59:25,477 - INFO - 63 unique neurons after dropping problematic neurons
2026-03-05 18:59:26,670 - INFO - Stimulation channels: 42, Spiking neurons: 63
2026-03-05 19:01:28,443 - INFO - Unique patterns: 4050, Total trials: 5000
2026-03-05 19:01:28,445 - INFO - Stimulation channels: 42, Spiking neurons: 63
2026-03-05 19:01:28,445 - INFO - Unique patterns: 4050, Total trials: 5000
2026-03-05 19:01:28,461 - INFO - Split (oracle): train=3400, val=600, test=1000
2026-03-05 19:01:53,603 - INFO - BinnedStimSpikeDataset initialized:
2026-03-05 19:01:53,604 - INFO -   input_bin_size_ms=10, output_bin_size_ms=10
2026-03-05 19:01:53,604 - INFO -   n_input_bins=60, n_output_bins=60
2026-03-05 19:01:53,604 - INFO -   output_offset=0, total_bins_input=60, total_bins_output=60
2026-03-05 19:01:53,604 - INFO -   Valid start positions per trial: 0 to 0
2026-03-05 19:01:53,604 - INFO -   Total samples: 3400 (3400 trials × 1 positions)
2026-03-05 19:02:18,061 - INFO - BinnedStimSpikeDataset initialized:
2026-03-05 19:02:18,061 - INFO -   input_bin_size_ms=10, output_bin_size_ms=10
2026-03-05 19:02:18,061 - INFO -   n_input_bins=60, n_output_bins=60
2026-03-05 19:02:18,061 - INFO -   output_offset=0, total_bins_input=60, total_bins_output=60
2026-03-05 19:02:18,061 - INFO -   Valid start positions per trial: 0 to 0
2026-03-05 19:02:18,061 - INFO -   Total samples: 600 (600 trials × 1 positions)
2026-03-05 19:02:42,752 - INFO - BinnedStimSpikeDataset initialized:
2026-03-05 19:02:42,752 - INFO -   input_bin_size_ms=10, output_bin_size_ms=10
2026-03-05 19:02:42,752 - INFO -   n_input_bins=60, n_output_bins=60
2026-03-05 19:02:42,752 - INFO -   output_offset=0, total_bins_input=60, total_bins_output=60
2026-03-05 19:02:42,752 - INFO -   Valid start positions per trial: 0 to 0
2026-03-05 19:02:42,752 - INFO -   Total samples: 1000 (1000 trials × 1 positions)
2026-03-05 19:02:42,753 - INFO - Samples — train: 3400, val: 600, test: 1000
2026-03-05 19:02:42,753 - INFO - Input channels: 105, Neurons: 63
2026-03-05 19:02:42,759 - INFO - Using CPU
2026-03-05 19:02:42,763 - INFO - Model: CNN — 66,111 trainable params (66,111 total)
2026-03-05 19:02:45,950 - INFO - Starting training …
2026-03-05 19:02:51,036 - INFO - Epoch   1/50 | Train: 0.267791 | Val: 0.178774 | Corr: 0.121496 | LR: 5.00e-04
2026-03-05 19:02:51,048 - INFO -   ↳ Saved best model (val_corr=0.121496)
2026-03-05 19:02:55,238 - INFO - Epoch   2/50 | Train: 0.180296 | Val: 0.174620 | Corr: 0.146356 | LR: 5.00e-04
2026-03-05 19:02:55,248 - INFO -   ↳ Saved best model (val_corr=0.146356)
2026-03-05 19:02:59,212 - INFO - Epoch   3/50 | Train: 0.176879 | Val: 0.171928 | Corr: 0.159816 | LR: 5.00e-04
2026-03-05 19:02:59,220 - INFO -   ↳ Saved best model (val_corr=0.159816)
2026-03-05 19:03:03,350 - INFO - Epoch   4/50 | Train: 0.174673 | Val: 0.170963 | Corr: 0.167175 | LR: 5.00e-04
2026-03-05 19:03:03,358 - INFO -   ↳ Saved best model (val_corr=0.167175)
2026-03-05 19:03:07,552 - INFO - Epoch   5/50 | Train: 0.173270 | Val: 0.169822 | Corr: 0.174371 | LR: 5.00e-04
2026-03-05 19:03:07,559 - INFO -   ↳ Saved best model (val_corr=0.174371)
2026-03-05 19:03:11,533 - INFO - Epoch   6/50 | Train: 0.172340 | Val: 0.169465 | Corr: 0.177511 | LR: 5.00e-04
2026-03-05 19:03:11,541 - INFO -   ↳ Saved best model (val_corr=0.177511)
2026-03-05 19:03:15,670 - INFO - Epoch   7/50 | Train: 0.171556 | Val: 0.168809 | Corr: 0.180744 | LR: 5.00e-04
2026-03-05 19:03:15,676 - INFO -   ↳ Saved best model (val_corr=0.180744)
2026-03-05 19:03:19,837 - INFO - Epoch   8/50 | Train: 0.170861 | Val: 0.168455 | Corr: 0.184335 | LR: 5.00e-04
2026-03-05 19:03:19,846 - INFO -   ↳ Saved best model (val_corr=0.184335)
2026-03-05 19:03:23,781 - INFO - Epoch   9/50 | Train: 0.170322 | Val: 0.167862 | Corr: 0.187215 | LR: 5.00e-04
2026-03-05 19:03:23,789 - INFO -   ↳ Saved best model (val_corr=0.187215)
2026-03-05 19:03:27,891 - INFO - Epoch  10/50 | Train: 0.169829 | Val: 0.167501 | Corr: 0.189142 | LR: 5.00e-04
2026-03-05 19:03:27,899 - INFO -   ↳ Saved best model (val_corr=0.189142)
2026-03-05 19:03:32,082 - INFO - Epoch  11/50 | Train: 0.169450 | Val: 0.167141 | Corr: 0.192720 | LR: 5.00e-04
2026-03-05 19:03:32,090 - INFO -   ↳ Saved best model (val_corr=0.192720)
2026-03-05 19:03:36,077 - INFO - Epoch  12/50 | Train: 0.169002 | Val: 0.166788 | Corr: 0.195655 | LR: 5.00e-04
2026-03-05 19:03:36,087 - INFO -   ↳ Saved best model (val_corr=0.195655)
2026-03-05 19:03:40,182 - INFO - Epoch  13/50 | Train: 0.168618 | Val: 0.166811 | Corr: 0.196814 | LR: 5.00e-04
2026-03-05 19:03:40,189 - INFO -   ↳ Saved best model (val_corr=0.196814)
2026-03-05 19:03:44,347 - INFO - Epoch  14/50 | Train: 0.168209 | Val: 0.166214 | Corr: 0.199565 | LR: 5.00e-04
2026-03-05 19:03:44,356 - INFO -   ↳ Saved best model (val_corr=0.199565)
2026-03-05 19:03:48,310 - INFO - Epoch  15/50 | Train: 0.167890 | Val: 0.165924 | Corr: 0.201624 | LR: 5.00e-04
2026-03-05 19:03:48,319 - INFO -   ↳ Saved best model (val_corr=0.201624)
2026-03-05 19:03:52,410 - INFO - Epoch  16/50 | Train: 0.167603 | Val: 0.165962 | Corr: 0.203221 | LR: 5.00e-04
2026-03-05 19:03:52,418 - INFO -   ↳ Saved best model (val_corr=0.203221)
2026-03-05 19:03:56,570 - INFO - Epoch  17/50 | Train: 0.167432 | Val: 0.166265 | Corr: 0.205539 | LR: 5.00e-04
2026-03-05 19:03:56,578 - INFO -   ↳ Saved best model (val_corr=0.205539)
2026-03-05 19:04:00,525 - INFO - Epoch  18/50 | Train: 0.167065 | Val: 0.165148 | Corr: 0.207761 | LR: 5.00e-04
2026-03-05 19:04:00,534 - INFO -   ↳ Saved best model (val_corr=0.207761)
2026-03-05 19:04:04,636 - INFO - Epoch  19/50 | Train: 0.166832 | Val: 0.164936 | Corr: 0.209214 | LR: 5.00e-04
2026-03-05 19:04:04,644 - INFO -   ↳ Saved best model (val_corr=0.209214)
2026-03-05 19:04:08,768 - INFO - Epoch  20/50 | Train: 0.166521 | Val: 0.164542 | Corr: 0.210531 | LR: 5.00e-04
2026-03-05 19:04:08,776 - INFO -   ↳ Saved best model (val_corr=0.210531)
2026-03-05 19:04:12,689 - INFO - Epoch  21/50 | Train: 0.166420 | Val: 0.164900 | Corr: 0.211693 | LR: 5.00e-04
2026-03-05 19:04:12,697 - INFO -   ↳ Saved best model (val_corr=0.211693)
2026-03-05 19:04:16,754 - INFO - Epoch  22/50 | Train: 0.166289 | Val: 0.164302 | Corr: 0.213561 | LR: 5.00e-04
2026-03-05 19:04:16,762 - INFO -   ↳ Saved best model (val_corr=0.213561)
2026-03-05 19:04:20,919 - INFO - Epoch  23/50 | Train: 0.166056 | Val: 0.164078 | Corr: 0.214479 | LR: 5.00e-04
2026-03-05 19:04:20,926 - INFO -   ↳ Saved best model (val_corr=0.214479)
2026-03-05 19:04:24,861 - INFO - Epoch  24/50 | Train: 0.165861 | Val: 0.163978 | Corr: 0.216128 | LR: 5.00e-04
2026-03-05 19:04:24,870 - INFO -   ↳ Saved best model (val_corr=0.216128)
2026-03-05 19:04:28,934 - INFO - Epoch  25/50 | Train: 0.165738 | Val: 0.163792 | Corr: 0.217058 | LR: 5.00e-04
2026-03-05 19:04:28,943 - INFO -   ↳ Saved best model (val_corr=0.217058)
2026-03-05 19:04:33,053 - INFO - Epoch  26/50 | Train: 0.165579 | Val: 0.163622 | Corr: 0.218112 | LR: 5.00e-04
2026-03-05 19:04:33,059 - INFO -   ↳ Saved best model (val_corr=0.218112)
2026-03-05 19:04:36,968 - INFO - Epoch  27/50 | Train: 0.165450 | Val: 0.163518 | Corr: 0.218996 | LR: 5.00e-04
2026-03-05 19:04:36,976 - INFO -   ↳ Saved best model (val_corr=0.218996)
2026-03-05 19:04:41,014 - INFO - Epoch  28/50 | Train: 0.165350 | Val: 0.163532 | Corr: 0.219084 | LR: 5.00e-04
2026-03-05 19:04:41,054 - INFO -   ↳ Saved best model (val_corr=0.219084)
2026-03-05 19:04:45,158 - INFO - Epoch  29/50 | Train: 0.165198 | Val: 0.163573 | Corr: 0.219828 | LR: 5.00e-04
2026-03-05 19:04:45,166 - INFO -   ↳ Saved best model (val_corr=0.219828)
2026-03-05 19:04:49,083 - INFO - Epoch  30/50 | Train: 0.165091 | Val: 0.163182 | Corr: 0.220929 | LR: 5.00e-04
2026-03-05 19:04:49,096 - INFO -   ↳ Saved best model (val_corr=0.220929)
2026-03-05 19:04:53,161 - INFO - Epoch  31/50 | Train: 0.164981 | Val: 0.163165 | Corr: 0.221276 | LR: 5.00e-04
2026-03-05 19:04:53,170 - INFO -   ↳ Saved best model (val_corr=0.221276)
2026-03-05 19:04:57,356 - INFO - Epoch  32/50 | Train: 0.164980 | Val: 0.163210 | Corr: 0.222098 | LR: 5.00e-04
2026-03-05 19:04:57,363 - INFO -   ↳ Saved best model (val_corr=0.222098)
2026-03-05 19:05:01,279 - INFO - Epoch  33/50 | Train: 0.164859 | Val: 0.163385 | Corr: 0.222919 | LR: 5.00e-04
2026-03-05 19:05:01,287 - INFO -   ↳ Saved best model (val_corr=0.222919)
2026-03-05 19:05:05,336 - INFO - Epoch  34/50 | Train: 0.164764 | Val: 0.163024 | Corr: 0.223377 | LR: 5.00e-04
2026-03-05 19:05:05,344 - INFO -   ↳ Saved best model (val_corr=0.223377)
2026-03-05 19:05:09,444 - INFO - Epoch  35/50 | Train: 0.164686 | Val: 0.162824 | Corr: 0.223908 | LR: 5.00e-04
2026-03-05 19:05:09,452 - INFO -   ↳ Saved best model (val_corr=0.223908)
2026-03-05 19:05:13,391 - INFO - Epoch  36/50 | Train: 0.164587 | Val: 0.162977 | Corr: 0.224745 | LR: 5.00e-04
2026-03-05 19:05:13,402 - INFO -   ↳ Saved best model (val_corr=0.224745)
2026-03-05 19:05:17,532 - INFO - Epoch  37/50 | Train: 0.164570 | Val: 0.162751 | Corr: 0.225434 | LR: 5.00e-04
2026-03-05 19:05:17,540 - INFO -   ↳ Saved best model (val_corr=0.225434)
2026-03-05 19:05:21,747 - INFO - Epoch  38/50 | Train: 0.164477 | Val: 0.162975 | Corr: 0.225530 | LR: 5.00e-04
2026-03-05 19:05:21,755 - INFO -   ↳ Saved best model (val_corr=0.225530)
2026-03-05 19:05:25,781 - INFO - Epoch  39/50 | Train: 0.164419 | Val: 0.162585 | Corr: 0.226659 | LR: 5.00e-04
2026-03-05 19:05:25,790 - INFO -   ↳ Saved best model (val_corr=0.226659)
2026-03-05 19:05:29,927 - INFO - Epoch  40/50 | Train: 0.164315 | Val: 0.162574 | Corr: 0.227802 | LR: 5.00e-04
2026-03-05 19:05:29,938 - INFO -   ↳ Saved best model (val_corr=0.227802)
2026-03-05 19:05:34,158 - INFO - Epoch  41/50 | Train: 0.164283 | Val: 0.162569 | Corr: 0.227462 | LR: 5.00e-04
2026-03-05 19:05:38,191 - INFO - Epoch  42/50 | Train: 0.164120 | Val: 0.162947 | Corr: 0.227566 | LR: 5.00e-04
2026-03-05 19:05:42,294 - INFO - Epoch  43/50 | Train: 0.164242 | Val: 0.162276 | Corr: 0.229186 | LR: 5.00e-04
2026-03-05 19:05:42,301 - INFO -   ↳ Saved best model (val_corr=0.229186)
2026-03-05 19:05:46,508 - INFO - Epoch  44/50 | Train: 0.164038 | Val: 0.162585 | Corr: 0.228591 | LR: 5.00e-04
2026-03-05 19:05:50,559 - INFO - Epoch  45/50 | Train: 0.163956 | Val: 0.162233 | Corr: 0.229451 | LR: 5.00e-04
2026-03-05 19:05:50,568 - INFO -   ↳ Saved best model (val_corr=0.229451)
2026-03-05 19:05:54,647 - INFO - Epoch  46/50 | Train: 0.163982 | Val: 0.162433 | Corr: 0.229655 | LR: 5.00e-04
2026-03-05 19:05:54,656 - INFO -   ↳ Saved best model (val_corr=0.229655)
2026-03-05 19:05:58,874 - INFO - Epoch  47/50 | Train: 0.163921 | Val: 0.162294 | Corr: 0.230681 | LR: 5.00e-04
2026-03-05 19:05:58,883 - INFO -   ↳ Saved best model (val_corr=0.230681)
2026-03-05 19:06:02,998 - INFO - Epoch  48/50 | Train: 0.163808 | Val: 0.162049 | Corr: 0.231877 | LR: 5.00e-04
2026-03-05 19:06:03,007 - INFO -   ↳ Saved best model (val_corr=0.231877)
2026-03-05 19:06:07,048 - INFO - Epoch  49/50 | Train: 0.163780 | Val: 0.162075 | Corr: 0.231534 | LR: 5.00e-04
2026-03-05 19:06:11,288 - INFO - Epoch  50/50 | Train: 0.163688 | Val: 0.161869 | Corr: 0.232258 | LR: 5.00e-04
2026-03-05 19:06:11,296 - INFO -   ↳ Saved best model (val_corr=0.232258)
2026-03-05 19:06:11,296 - INFO - Training complete — best val corr: 0.232258
2026-03-05 19:06:12,817 - INFO - Test loss: 0.153145, Test corr: 0.226496
2026-03-05 19:06:13,118 - INFO - Fraction of variance explained (FVE): 0.061688
2026-03-05 19:06:13,118 - INFO - Computing autoregressive (AR) test predictions …
2026-03-05 19:06:13,562 - INFO - AR FVE: -0.015017, AR test corr: 0.056796
2026-03-05 19:06:13,562 - INFO - Generating figures …
2026-03-05 19:06:14,064 - INFO - Correlation between predicted and actual per-neuron averages: r=0.9931, p=0.00e+00
2026-03-05 19:06:15,911 - INFO - Pattern selectivity summary:
2026-03-05 19:06:15,912 - INFO -   Mean correlation across neurons: 0.6588
2026-03-05 19:06:15,912 - INFO -   Median correlation: 0.6858
2026-03-05 19:06:15,912 - INFO -   Neurons with r > 0.5: 54 / 63
2026-03-05 19:06:15,912 - INFO -   Neurons with r > 0.3: 62 / 63
2026-03-05 19:06:15,912 - INFO - Pattern selectivity — mean neuron corr: 0.6588
2026-03-05 19:06:17,297 - INFO - LOO (avg rate) — Model mean r: 0.5294, LOO mean r: 0.4546, Neurons model > LOO: 43/63
2026-03-05 19:06:19,212 - INFO - LOO (temporal) — Model mean r: 0.2344, LOO mean r: 0.3186, Neurons model > LOO: 12/63
2026-03-05 19:06:19,212 - INFO - Skipping oracle trial plots (skip_oracle_plots=True)
2026-03-05 19:06:19,218 - INFO - Experiment complete. Summary: {
  "run_dir": "/scratch/sb272/patterns5k_results/slurm_hist_cnn_2026-03-05_16-01-45/trial_0231_learning_rate=5.0e-04_history=1_kernel_sizes=3x3x3_conv_channels=32x64x128_fc_dims=128_seed1",
  "model_type": "cnn",
  "batch_avg_test_loss": 0.15314453077316284,
  "batch_avg_test_corr": 0.226495545495916,
  "all_test_fve": 0.061688346522195,
  "AR_FVE": -0.015017339161464147,
  "AR_test_correlation": 0.056795813143253326,
  "best_val_corr": 0.2322583251459046,
  "total_params": 66111,
  "trainable_params": 66111,
  "epochs_trained": 50,
  "mean_pattern_corr": 0.6588497737239604,
  "history": 1,
  "init_state": true,
  "loo_avg_mean_corr": 0.45456832695830385,
  "model_avg_mean_corr": 0.5294223645571676,
  "neurons_model_beats_loo_avg": 43,
  "loo_temporal_mean_corr": 0.31855225563049316,
  "all_test_corr": 0.23440977931022644,
  "neurons_model_beats_loo_temporal": 12,
  "kernel_sizes": [
    3,
    3,
    3
  ],
  "conv_channels": [
    32,
    64,
    128
  ],
  "fc_dims": [
    128
  ]
}
