2026-03-06 01:08:45,120 - INFO - ============================================================
2026-03-06 01:08:45,121 - INFO - Experiment run directory: /scratch/sb272/patterns5k_results/slurm_hist_cnn_2026-03-05_16-01-45/trial_0349_learning_rate=5.0e-04_history=10_kernel_sizes=5x3_conv_channels=128x256_fc_dims=512_seed0
2026-03-06 01:08:45,121 - INFO - ============================================================
2026-03-06 01:08:45,121 - INFO - Loading data …
2026-03-06 01:08:46,042 - INFO - 63 unique neurons after dropping problematic neurons
2026-03-06 01:08:47,283 - INFO - Stimulation channels: 42, Spiking neurons: 63
2026-03-06 01:10:52,426 - INFO - Unique patterns: 4050, Total trials: 5000
2026-03-06 01:10:52,427 - INFO - Stimulation channels: 42, Spiking neurons: 63
2026-03-06 01:10:52,427 - INFO - Unique patterns: 4050, Total trials: 5000
2026-03-06 01:10:52,444 - INFO - Split (oracle): train=3400, val=600, test=1000
2026-03-06 01:11:17,582 - INFO - BinnedStimSpikeDataset initialized:
2026-03-06 01:11:17,582 - INFO -   input_bin_size_ms=10, output_bin_size_ms=10
2026-03-06 01:11:17,582 - INFO -   n_input_bins=60, n_output_bins=60
2026-03-06 01:11:17,582 - INFO -   output_offset=0, total_bins_input=60, total_bins_output=60
2026-03-06 01:11:17,582 - INFO -   Valid start positions per trial: 0 to 0
2026-03-06 01:11:17,582 - INFO -   Total samples: 3400 (3400 trials × 1 positions)
2026-03-06 01:11:42,092 - INFO - BinnedStimSpikeDataset initialized:
2026-03-06 01:11:42,092 - INFO -   input_bin_size_ms=10, output_bin_size_ms=10
2026-03-06 01:11:42,092 - INFO -   n_input_bins=60, n_output_bins=60
2026-03-06 01:11:42,092 - INFO -   output_offset=0, total_bins_input=60, total_bins_output=60
2026-03-06 01:11:42,092 - INFO -   Valid start positions per trial: 0 to 0
2026-03-06 01:11:42,092 - INFO -   Total samples: 600 (600 trials × 1 positions)
2026-03-06 01:12:07,128 - INFO - BinnedStimSpikeDataset initialized:
2026-03-06 01:12:07,129 - INFO -   input_bin_size_ms=10, output_bin_size_ms=10
2026-03-06 01:12:07,129 - INFO -   n_input_bins=60, n_output_bins=60
2026-03-06 01:12:07,129 - INFO -   output_offset=0, total_bins_input=60, total_bins_output=60
2026-03-06 01:12:07,129 - INFO -   Valid start positions per trial: 0 to 0
2026-03-06 01:12:07,129 - INFO -   Total samples: 1000 (1000 trials × 1 positions)
2026-03-06 01:12:07,129 - INFO - Samples — train: 3400, val: 600, test: 1000
2026-03-06 01:12:07,129 - INFO - Input channels: 105, Neurons: 63
2026-03-06 01:12:07,130 - INFO - Using CPU
2026-03-06 01:12:07,148 - INFO - Model: CNN — 330,559 trainable params (330,559 total)
2026-03-06 01:12:09,956 - INFO - Starting training …
2026-03-06 01:12:18,878 - INFO - Epoch   1/50 | Train: 0.218382 | Val: 0.192363 | Corr: 0.077232 | LR: 5.00e-04
2026-03-06 01:12:18,891 - INFO -   ↳ Saved best model (val_corr=0.077232)
2026-03-06 01:12:26,696 - INFO - Epoch   2/50 | Train: 0.182215 | Val: 0.184560 | Corr: 0.092402 | LR: 5.00e-04
2026-03-06 01:12:26,709 - INFO -   ↳ Saved best model (val_corr=0.092402)
2026-03-06 01:12:34,281 - INFO - Epoch   3/50 | Train: 0.180007 | Val: 0.189715 | Corr: 0.100901 | LR: 5.00e-04
2026-03-06 01:12:34,295 - INFO -   ↳ Saved best model (val_corr=0.100901)
2026-03-06 01:12:42,045 - INFO - Epoch   4/50 | Train: 0.178612 | Val: 0.184467 | Corr: 0.109992 | LR: 5.00e-04
2026-03-06 01:12:42,055 - INFO -   ↳ Saved best model (val_corr=0.109992)
2026-03-06 01:12:49,744 - INFO - Epoch   5/50 | Train: 0.177372 | Val: 0.186533 | Corr: 0.115953 | LR: 5.00e-04
2026-03-06 01:12:49,756 - INFO -   ↳ Saved best model (val_corr=0.115953)
2026-03-06 01:12:57,483 - INFO - Epoch   6/50 | Train: 0.176515 | Val: 0.180931 | Corr: 0.121936 | LR: 5.00e-04
2026-03-06 01:12:57,499 - INFO -   ↳ Saved best model (val_corr=0.121936)
2026-03-06 01:13:05,373 - INFO - Epoch   7/50 | Train: 0.175745 | Val: 0.180969 | Corr: 0.124809 | LR: 5.00e-04
2026-03-06 01:13:05,386 - INFO -   ↳ Saved best model (val_corr=0.124809)
2026-03-06 01:13:12,925 - INFO - Epoch   8/50 | Train: 0.175039 | Val: 0.181884 | Corr: 0.129956 | LR: 5.00e-04
2026-03-06 01:13:12,939 - INFO -   ↳ Saved best model (val_corr=0.129956)
2026-03-06 01:13:20,736 - INFO - Epoch   9/50 | Train: 0.174335 | Val: 0.181247 | Corr: 0.132961 | LR: 5.00e-04
2026-03-06 01:13:20,749 - INFO -   ↳ Saved best model (val_corr=0.132961)
2026-03-06 01:13:28,882 - INFO - Epoch  10/50 | Train: 0.173932 | Val: 0.179313 | Corr: 0.135014 | LR: 5.00e-04
2026-03-06 01:13:28,894 - INFO -   ↳ Saved best model (val_corr=0.135014)
2026-03-06 01:13:36,917 - INFO - Epoch  11/50 | Train: 0.173365 | Val: 0.180678 | Corr: 0.136421 | LR: 5.00e-04
2026-03-06 01:13:36,929 - INFO -   ↳ Saved best model (val_corr=0.136421)
2026-03-06 01:13:44,893 - INFO - Epoch  12/50 | Train: 0.173047 | Val: 0.179269 | Corr: 0.137424 | LR: 5.00e-04
2026-03-06 01:13:44,904 - INFO -   ↳ Saved best model (val_corr=0.137424)
2026-03-06 01:13:52,866 - INFO - Epoch  13/50 | Train: 0.172586 | Val: 0.182516 | Corr: 0.140474 | LR: 5.00e-04
2026-03-06 01:13:52,878 - INFO -   ↳ Saved best model (val_corr=0.140474)
2026-03-06 01:14:00,822 - INFO - Epoch  14/50 | Train: 0.172185 | Val: 0.182409 | Corr: 0.141432 | LR: 5.00e-04
2026-03-06 01:14:00,834 - INFO -   ↳ Saved best model (val_corr=0.141432)
2026-03-06 01:14:08,728 - INFO - Epoch  15/50 | Train: 0.171877 | Val: 0.179313 | Corr: 0.141871 | LR: 5.00e-04
2026-03-06 01:14:08,739 - INFO -   ↳ Saved best model (val_corr=0.141871)
2026-03-06 01:14:16,562 - INFO - Epoch  16/50 | Train: 0.171586 | Val: 0.178983 | Corr: 0.142773 | LR: 5.00e-04
2026-03-06 01:14:16,573 - INFO -   ↳ Saved best model (val_corr=0.142773)
2026-03-06 01:14:24,211 - INFO - Epoch  17/50 | Train: 0.171265 | Val: 0.180523 | Corr: 0.141620 | LR: 5.00e-04
2026-03-06 01:14:31,791 - INFO - Epoch  18/50 | Train: 0.171052 | Val: 0.180479 | Corr: 0.142685 | LR: 5.00e-04
2026-03-06 01:14:39,148 - INFO - Epoch  19/50 | Train: 0.170744 | Val: 0.179007 | Corr: 0.142267 | LR: 5.00e-04
2026-03-06 01:14:46,634 - INFO - Epoch  20/50 | Train: 0.170554 | Val: 0.179161 | Corr: 0.142982 | LR: 5.00e-04
2026-03-06 01:14:46,645 - INFO -   ↳ Saved best model (val_corr=0.142982)
2026-03-06 01:14:54,015 - INFO - Epoch  21/50 | Train: 0.170226 | Val: 0.181342 | Corr: 0.144739 | LR: 5.00e-04
2026-03-06 01:14:54,030 - INFO -   ↳ Saved best model (val_corr=0.144739)
2026-03-06 01:15:01,608 - INFO - Epoch  22/50 | Train: 0.169937 | Val: 0.180181 | Corr: 0.143414 | LR: 2.50e-04
2026-03-06 01:15:08,982 - INFO - Epoch  23/50 | Train: 0.169051 | Val: 0.178583 | Corr: 0.144037 | LR: 2.50e-04
2026-03-06 01:15:16,459 - INFO - Epoch  24/50 | Train: 0.168842 | Val: 0.179537 | Corr: 0.145500 | LR: 2.50e-04
2026-03-06 01:15:16,470 - INFO -   ↳ Saved best model (val_corr=0.145500)
2026-03-06 01:15:23,921 - INFO - Epoch  25/50 | Train: 0.168561 | Val: 0.180111 | Corr: 0.146274 | LR: 2.50e-04
2026-03-06 01:15:23,934 - INFO -   ↳ Saved best model (val_corr=0.146274)
2026-03-06 01:15:31,605 - INFO - Epoch  26/50 | Train: 0.168512 | Val: 0.180301 | Corr: 0.145610 | LR: 2.50e-04
2026-03-06 01:15:39,384 - INFO - Epoch  27/50 | Train: 0.168422 | Val: 0.179603 | Corr: 0.145218 | LR: 2.50e-04
2026-03-06 01:15:47,216 - INFO - Epoch  28/50 | Train: 0.168251 | Val: 0.179458 | Corr: 0.145250 | LR: 2.50e-04
2026-03-06 01:15:54,953 - INFO - Epoch  29/50 | Train: 0.168029 | Val: 0.180515 | Corr: 0.145835 | LR: 1.25e-04
2026-03-06 01:16:02,914 - INFO - Epoch  30/50 | Train: 0.167675 | Val: 0.180082 | Corr: 0.145939 | LR: 1.25e-04
2026-03-06 01:16:10,373 - INFO - Epoch  31/50 | Train: 0.167541 | Val: 0.180379 | Corr: 0.146296 | LR: 1.25e-04
2026-03-06 01:16:10,390 - INFO -   ↳ Saved best model (val_corr=0.146296)
2026-03-06 01:16:17,973 - INFO - Epoch  32/50 | Train: 0.167430 | Val: 0.180291 | Corr: 0.146012 | LR: 1.25e-04
2026-03-06 01:16:25,373 - INFO - Epoch  33/50 | Train: 0.167320 | Val: 0.180120 | Corr: 0.146019 | LR: 1.25e-04
2026-03-06 01:16:32,988 - INFO - Epoch  34/50 | Train: 0.167276 | Val: 0.180422 | Corr: 0.146403 | LR: 1.25e-04
2026-03-06 01:16:32,999 - INFO -   ↳ Saved best model (val_corr=0.146403)
2026-03-06 01:16:40,503 - INFO - Epoch  35/50 | Train: 0.167210 | Val: 0.181839 | Corr: 0.145898 | LR: 6.25e-05
2026-03-06 01:16:48,112 - INFO - Epoch  36/50 | Train: 0.166895 | Val: 0.180401 | Corr: 0.145924 | LR: 6.25e-05
2026-03-06 01:16:55,659 - INFO - Epoch  37/50 | Train: 0.166921 | Val: 0.180430 | Corr: 0.145954 | LR: 6.25e-05
2026-03-06 01:17:03,353 - INFO - Epoch  38/50 | Train: 0.166795 | Val: 0.180753 | Corr: 0.146314 | LR: 6.25e-05
2026-03-06 01:17:10,910 - INFO - Epoch  39/50 | Train: 0.166771 | Val: 0.180230 | Corr: 0.146430 | LR: 6.25e-05
2026-03-06 01:17:10,922 - INFO -   ↳ Saved best model (val_corr=0.146430)
2026-03-06 01:17:18,778 - INFO - Epoch  40/50 | Train: 0.166705 | Val: 0.180622 | Corr: 0.145987 | LR: 6.25e-05
2026-03-06 01:17:26,554 - INFO - Epoch  41/50 | Train: 0.166744 | Val: 0.180699 | Corr: 0.146013 | LR: 3.13e-05
2026-03-06 01:17:34,401 - INFO - Epoch  42/50 | Train: 0.166513 | Val: 0.180353 | Corr: 0.145894 | LR: 3.13e-05
2026-03-06 01:17:41,999 - INFO - Epoch  43/50 | Train: 0.166553 | Val: 0.180508 | Corr: 0.146114 | LR: 3.13e-05
2026-03-06 01:17:49,745 - INFO - Epoch  44/50 | Train: 0.166380 | Val: 0.180612 | Corr: 0.145886 | LR: 3.13e-05
2026-03-06 01:17:57,300 - INFO - Epoch  45/50 | Train: 0.166567 | Val: 0.180409 | Corr: 0.145992 | LR: 3.13e-05
2026-03-06 01:18:05,048 - INFO - Epoch  46/50 | Train: 0.166421 | Val: 0.180677 | Corr: 0.146070 | LR: 3.13e-05
2026-03-06 01:18:12,823 - INFO - Epoch  47/50 | Train: 0.166481 | Val: 0.180659 | Corr: 0.145926 | LR: 1.56e-05
2026-03-06 01:18:20,586 - INFO - Epoch  48/50 | Train: 0.166388 | Val: 0.180383 | Corr: 0.145691 | LR: 1.56e-05
2026-03-06 01:18:28,298 - INFO - Epoch  49/50 | Train: 0.166380 | Val: 0.180569 | Corr: 0.145932 | LR: 1.56e-05
2026-03-06 01:18:28,298 - INFO - Early stopping at epoch 49
2026-03-06 01:18:28,298 - INFO - Training complete — best val corr: 0.146430
2026-03-06 01:18:30,032 - INFO - Test loss: 0.169876, Test corr: 0.138576
2026-03-06 01:18:30,583 - INFO - Fraction of variance explained (FVE): 0.007630
2026-03-06 01:18:30,583 - INFO - Computing autoregressive (AR) test predictions …
2026-03-06 01:18:31,350 - INFO - AR FVE: 0.001613, AR test corr: 0.126146
2026-03-06 01:18:31,350 - INFO - Generating figures …
2026-03-06 01:18:31,839 - INFO - Correlation between predicted and actual per-neuron averages: r=0.9950, p=0.00e+00
2026-03-06 01:18:34,138 - INFO - Pattern selectivity summary:
2026-03-06 01:18:34,139 - INFO -   Mean correlation across neurons: 0.5254
2026-03-06 01:18:34,139 - INFO -   Median correlation: 0.5469
2026-03-06 01:18:34,139 - INFO -   Neurons with r > 0.5: 39 / 63
2026-03-06 01:18:34,139 - INFO -   Neurons with r > 0.3: 55 / 63
2026-03-06 01:18:34,139 - INFO - Pattern selectivity — mean neuron corr: 0.5254
2026-03-06 01:18:36,033 - INFO - LOO (avg rate) — Model mean r: 0.3691, LOO mean r: 0.4546, Neurons model > LOO: 9/63
2026-03-06 01:18:38,443 - INFO - LOO (temporal) — Model mean r: 0.1449, LOO mean r: 0.3186, Neurons model > LOO: 1/63
2026-03-06 01:18:38,443 - INFO - Skipping oracle trial plots (skip_oracle_plots=True)
2026-03-06 01:18:38,448 - INFO - Experiment complete. Summary: {
  "run_dir": "/scratch/sb272/patterns5k_results/slurm_hist_cnn_2026-03-05_16-01-45/trial_0349_learning_rate=5.0e-04_history=10_kernel_sizes=5x3_conv_channels=128x256_fc_dims=512_seed0",
  "model_type": "cnn",
  "batch_avg_test_loss": 0.16987632262706756,
  "batch_avg_test_corr": 0.13857595176482723,
  "all_test_fve": 0.0076297975721813386,
  "AR_FVE": 0.0016133435188777864,
  "AR_test_correlation": 0.12614606320858002,
  "best_val_corr": 0.14642992254348053,
  "total_params": 330559,
  "trainable_params": 330559,
  "epochs_trained": 49,
  "mean_pattern_corr": 0.5253957945467007,
  "history": 10,
  "init_state": true,
  "loo_avg_mean_corr": 0.45456832695830385,
  "model_avg_mean_corr": 0.3691374898592156,
  "neurons_model_beats_loo_avg": 9,
  "loo_temporal_mean_corr": 0.31855225563049316,
  "all_test_corr": 0.1449090987443924,
  "neurons_model_beats_loo_temporal": 1,
  "kernel_sizes": [
    5,
    3
  ],
  "conv_channels": [
    128,
    256
  ],
  "fc_dims": [
    512
  ]
}
