2026-03-05 21:52:32,207 - INFO - ============================================================
2026-03-05 21:52:32,207 - INFO - Experiment run directory: /scratch/sb272/patterns5k_results/slurm_hist_cnn_2026-03-05_16-01-45/trial_0338_learning_rate=5.0e-04_history=5_kernel_sizes=5x3x3_conv_channels=64x128x256_fc_dims=256_seed1
2026-03-05 21:52:32,207 - INFO - ============================================================
2026-03-05 21:52:32,207 - INFO - Loading data …
2026-03-05 21:52:33,124 - INFO - 63 unique neurons after dropping problematic neurons
2026-03-05 21:52:34,322 - INFO - Stimulation channels: 42, Spiking neurons: 63
2026-03-05 21:54:37,036 - INFO - Unique patterns: 4050, Total trials: 5000
2026-03-05 21:54:37,036 - INFO - Stimulation channels: 42, Spiking neurons: 63
2026-03-05 21:54:37,037 - INFO - Unique patterns: 4050, Total trials: 5000
2026-03-05 21:54:37,052 - INFO - Split (oracle): train=3400, val=600, test=1000
2026-03-05 21:55:01,516 - INFO - BinnedStimSpikeDataset initialized:
2026-03-05 21:55:01,516 - INFO -   input_bin_size_ms=10, output_bin_size_ms=10
2026-03-05 21:55:01,516 - INFO -   n_input_bins=60, n_output_bins=60
2026-03-05 21:55:01,516 - INFO -   output_offset=0, total_bins_input=60, total_bins_output=60
2026-03-05 21:55:01,516 - INFO -   Valid start positions per trial: 0 to 0
2026-03-05 21:55:01,516 - INFO -   Total samples: 3400 (3400 trials × 1 positions)
2026-03-05 21:55:25,895 - INFO - BinnedStimSpikeDataset initialized:
2026-03-05 21:55:25,895 - INFO -   input_bin_size_ms=10, output_bin_size_ms=10
2026-03-05 21:55:25,895 - INFO -   n_input_bins=60, n_output_bins=60
2026-03-05 21:55:25,895 - INFO -   output_offset=0, total_bins_input=60, total_bins_output=60
2026-03-05 21:55:25,895 - INFO -   Valid start positions per trial: 0 to 0
2026-03-05 21:55:25,895 - INFO -   Total samples: 600 (600 trials × 1 positions)
2026-03-05 21:55:50,532 - INFO - BinnedStimSpikeDataset initialized:
2026-03-05 21:55:50,532 - INFO -   input_bin_size_ms=10, output_bin_size_ms=10
2026-03-05 21:55:50,532 - INFO -   n_input_bins=60, n_output_bins=60
2026-03-05 21:55:50,532 - INFO -   output_offset=0, total_bins_input=60, total_bins_output=60
2026-03-05 21:55:50,532 - INFO -   Valid start positions per trial: 0 to 0
2026-03-05 21:55:50,532 - INFO -   Total samples: 1000 (1000 trials × 1 positions)
2026-03-05 21:55:50,532 - INFO - Samples — train: 3400, val: 600, test: 1000
2026-03-05 21:55:50,532 - INFO - Input channels: 105, Neurons: 63
2026-03-05 21:55:50,532 - INFO - Using CPU
2026-03-05 21:55:50,550 - INFO - Model: CNN — 239,807 trainable params (239,807 total)
2026-03-05 21:55:53,691 - INFO - Starting training …
2026-03-05 21:56:01,736 - INFO - Epoch   1/50 | Train: 0.231643 | Val: 0.184019 | Corr: 0.078126 | LR: 5.00e-04
2026-03-05 21:56:01,753 - INFO -   ↳ Saved best model (val_corr=0.078126)
2026-03-05 21:56:08,689 - INFO - Epoch   2/50 | Train: 0.184004 | Val: 0.182290 | Corr: 0.091435 | LR: 5.00e-04
2026-03-05 21:56:08,701 - INFO -   ↳ Saved best model (val_corr=0.091435)
2026-03-05 21:56:15,698 - INFO - Epoch   3/50 | Train: 0.182046 | Val: 0.180216 | Corr: 0.101869 | LR: 5.00e-04
2026-03-05 21:56:15,709 - INFO -   ↳ Saved best model (val_corr=0.101869)
2026-03-05 21:56:22,528 - INFO - Epoch   4/50 | Train: 0.180596 | Val: 0.179220 | Corr: 0.108773 | LR: 5.00e-04
2026-03-05 21:56:22,541 - INFO -   ↳ Saved best model (val_corr=0.108773)
2026-03-05 21:56:29,472 - INFO - Epoch   5/50 | Train: 0.179524 | Val: 0.178553 | Corr: 0.116173 | LR: 5.00e-04
2026-03-05 21:56:29,485 - INFO -   ↳ Saved best model (val_corr=0.116173)
2026-03-05 21:56:36,412 - INFO - Epoch   6/50 | Train: 0.178641 | Val: 0.178468 | Corr: 0.119794 | LR: 5.00e-04
2026-03-05 21:56:36,424 - INFO -   ↳ Saved best model (val_corr=0.119794)
2026-03-05 21:56:43,482 - INFO - Epoch   7/50 | Train: 0.177889 | Val: 0.177822 | Corr: 0.124225 | LR: 5.00e-04
2026-03-05 21:56:43,493 - INFO -   ↳ Saved best model (val_corr=0.124225)
2026-03-05 21:56:50,400 - INFO - Epoch   8/50 | Train: 0.177241 | Val: 0.177209 | Corr: 0.127460 | LR: 5.00e-04
2026-03-05 21:56:50,413 - INFO -   ↳ Saved best model (val_corr=0.127460)
2026-03-05 21:56:57,435 - INFO - Epoch   9/50 | Train: 0.176640 | Val: 0.177231 | Corr: 0.131244 | LR: 5.00e-04
2026-03-05 21:56:57,447 - INFO -   ↳ Saved best model (val_corr=0.131244)
2026-03-05 21:57:04,436 - INFO - Epoch  10/50 | Train: 0.176104 | Val: 0.176757 | Corr: 0.134073 | LR: 5.00e-04
2026-03-05 21:57:04,449 - INFO -   ↳ Saved best model (val_corr=0.134073)
2026-03-05 21:57:11,335 - INFO - Epoch  11/50 | Train: 0.175609 | Val: 0.176480 | Corr: 0.135142 | LR: 5.00e-04
2026-03-05 21:57:11,347 - INFO -   ↳ Saved best model (val_corr=0.135142)
2026-03-05 21:57:18,360 - INFO - Epoch  12/50 | Train: 0.175299 | Val: 0.176128 | Corr: 0.139068 | LR: 5.00e-04
2026-03-05 21:57:18,371 - INFO -   ↳ Saved best model (val_corr=0.139068)
2026-03-05 21:57:25,285 - INFO - Epoch  13/50 | Train: 0.174799 | Val: 0.175846 | Corr: 0.140753 | LR: 5.00e-04
2026-03-05 21:57:25,297 - INFO -   ↳ Saved best model (val_corr=0.140753)
2026-03-05 21:57:32,239 - INFO - Epoch  14/50 | Train: 0.174554 | Val: 0.175782 | Corr: 0.141048 | LR: 5.00e-04
2026-03-05 21:57:32,253 - INFO -   ↳ Saved best model (val_corr=0.141048)
2026-03-05 21:57:39,036 - INFO - Epoch  15/50 | Train: 0.174203 | Val: 0.175749 | Corr: 0.141210 | LR: 5.00e-04
2026-03-05 21:57:39,050 - INFO -   ↳ Saved best model (val_corr=0.141210)
2026-03-05 21:57:45,838 - INFO - Epoch  16/50 | Train: 0.173967 | Val: 0.175719 | Corr: 0.145333 | LR: 5.00e-04
2026-03-05 21:57:45,848 - INFO -   ↳ Saved best model (val_corr=0.145333)
2026-03-05 21:57:52,329 - INFO - Epoch  17/50 | Train: 0.173591 | Val: 0.175572 | Corr: 0.144689 | LR: 5.00e-04
2026-03-05 21:57:58,992 - INFO - Epoch  18/50 | Train: 0.173335 | Val: 0.174911 | Corr: 0.149289 | LR: 5.00e-04
2026-03-05 21:57:59,004 - INFO -   ↳ Saved best model (val_corr=0.149289)
2026-03-05 21:58:05,847 - INFO - Epoch  19/50 | Train: 0.173155 | Val: 0.174857 | Corr: 0.148874 | LR: 5.00e-04
2026-03-05 21:58:12,554 - INFO - Epoch  20/50 | Train: 0.172749 | Val: 0.175056 | Corr: 0.150247 | LR: 5.00e-04
2026-03-05 21:58:12,566 - INFO -   ↳ Saved best model (val_corr=0.150247)
2026-03-05 21:58:19,576 - INFO - Epoch  21/50 | Train: 0.172506 | Val: 0.174689 | Corr: 0.150417 | LR: 5.00e-04
2026-03-05 21:58:19,588 - INFO -   ↳ Saved best model (val_corr=0.150417)
2026-03-05 21:58:26,329 - INFO - Epoch  22/50 | Train: 0.172355 | Val: 0.174701 | Corr: 0.150824 | LR: 5.00e-04
2026-03-05 21:58:26,340 - INFO -   ↳ Saved best model (val_corr=0.150824)
2026-03-05 21:58:33,198 - INFO - Epoch  23/50 | Train: 0.172155 | Val: 0.174948 | Corr: 0.153124 | LR: 5.00e-04
2026-03-05 21:58:33,210 - INFO -   ↳ Saved best model (val_corr=0.153124)
2026-03-05 21:58:39,959 - INFO - Epoch  24/50 | Train: 0.171901 | Val: 0.175472 | Corr: 0.154511 | LR: 5.00e-04
2026-03-05 21:58:39,972 - INFO -   ↳ Saved best model (val_corr=0.154511)
2026-03-05 21:58:46,941 - INFO - Epoch  25/50 | Train: 0.171772 | Val: 0.174567 | Corr: 0.152868 | LR: 5.00e-04
2026-03-05 21:58:53,764 - INFO - Epoch  26/50 | Train: 0.171508 | Val: 0.174554 | Corr: 0.154950 | LR: 5.00e-04
2026-03-05 21:58:53,782 - INFO -   ↳ Saved best model (val_corr=0.154950)
2026-03-05 21:59:00,518 - INFO - Epoch  27/50 | Train: 0.171441 | Val: 0.174449 | Corr: 0.156338 | LR: 5.00e-04
2026-03-05 21:59:00,529 - INFO -   ↳ Saved best model (val_corr=0.156338)
2026-03-05 21:59:07,025 - INFO - Epoch  28/50 | Train: 0.171242 | Val: 0.174432 | Corr: 0.155674 | LR: 5.00e-04
2026-03-05 21:59:13,808 - INFO - Epoch  29/50 | Train: 0.171031 | Val: 0.174260 | Corr: 0.156905 | LR: 5.00e-04
2026-03-05 21:59:13,820 - INFO -   ↳ Saved best model (val_corr=0.156905)
2026-03-05 21:59:20,800 - INFO - Epoch  30/50 | Train: 0.170892 | Val: 0.174485 | Corr: 0.155188 | LR: 5.00e-04
2026-03-05 21:59:27,584 - INFO - Epoch  31/50 | Train: 0.170911 | Val: 0.174471 | Corr: 0.157255 | LR: 5.00e-04
2026-03-05 21:59:27,596 - INFO -   ↳ Saved best model (val_corr=0.157255)
2026-03-05 21:59:34,611 - INFO - Epoch  32/50 | Train: 0.170632 | Val: 0.174194 | Corr: 0.158188 | LR: 5.00e-04
2026-03-05 21:59:34,624 - INFO -   ↳ Saved best model (val_corr=0.158188)
2026-03-05 21:59:41,276 - INFO - Epoch  33/50 | Train: 0.170477 | Val: 0.174166 | Corr: 0.157016 | LR: 5.00e-04
2026-03-05 21:59:48,171 - INFO - Epoch  34/50 | Train: 0.170346 | Val: 0.175150 | Corr: 0.155317 | LR: 5.00e-04
2026-03-05 21:59:55,007 - INFO - Epoch  35/50 | Train: 0.170287 | Val: 0.174302 | Corr: 0.158743 | LR: 5.00e-04
2026-03-05 21:59:55,019 - INFO -   ↳ Saved best model (val_corr=0.158743)
2026-03-05 22:00:01,897 - INFO - Epoch  36/50 | Train: 0.169996 | Val: 0.173920 | Corr: 0.159342 | LR: 5.00e-04
2026-03-05 22:00:01,908 - INFO -   ↳ Saved best model (val_corr=0.159342)
2026-03-05 22:00:08,626 - INFO - Epoch  37/50 | Train: 0.170045 | Val: 0.174100 | Corr: 0.160231 | LR: 5.00e-04
2026-03-05 22:00:08,642 - INFO -   ↳ Saved best model (val_corr=0.160231)
2026-03-05 22:00:15,186 - INFO - Epoch  38/50 | Train: 0.169852 | Val: 0.174121 | Corr: 0.159539 | LR: 5.00e-04
2026-03-05 22:00:21,972 - INFO - Epoch  39/50 | Train: 0.169639 | Val: 0.174063 | Corr: 0.160333 | LR: 5.00e-04
2026-03-05 22:00:21,984 - INFO -   ↳ Saved best model (val_corr=0.160333)
2026-03-05 22:00:28,712 - INFO - Epoch  40/50 | Train: 0.169712 | Val: 0.174385 | Corr: 0.159973 | LR: 5.00e-04
2026-03-05 22:00:35,672 - INFO - Epoch  41/50 | Train: 0.169525 | Val: 0.173956 | Corr: 0.160618 | LR: 5.00e-04
2026-03-05 22:00:35,682 - INFO -   ↳ Saved best model (val_corr=0.160618)
2026-03-05 22:00:42,437 - INFO - Epoch  42/50 | Train: 0.169392 | Val: 0.174228 | Corr: 0.160728 | LR: 2.50e-04
2026-03-05 22:00:42,451 - INFO -   ↳ Saved best model (val_corr=0.160728)
2026-03-05 22:00:49,484 - INFO - Epoch  43/50 | Train: 0.168763 | Val: 0.173768 | Corr: 0.161961 | LR: 2.50e-04
2026-03-05 22:00:49,499 - INFO -   ↳ Saved best model (val_corr=0.161961)
2026-03-05 22:00:56,311 - INFO - Epoch  44/50 | Train: 0.168531 | Val: 0.173873 | Corr: 0.162058 | LR: 2.50e-04
2026-03-05 22:00:56,324 - INFO -   ↳ Saved best model (val_corr=0.162058)
2026-03-05 22:01:03,238 - INFO - Epoch  45/50 | Train: 0.168534 | Val: 0.173974 | Corr: 0.162193 | LR: 2.50e-04
2026-03-05 22:01:03,250 - INFO -   ↳ Saved best model (val_corr=0.162193)
2026-03-05 22:01:09,895 - INFO - Epoch  46/50 | Train: 0.168317 | Val: 0.173817 | Corr: 0.162451 | LR: 2.50e-04
2026-03-05 22:01:09,907 - INFO -   ↳ Saved best model (val_corr=0.162451)
2026-03-05 22:01:16,695 - INFO - Epoch  47/50 | Train: 0.168360 | Val: 0.173954 | Corr: 0.163606 | LR: 2.50e-04
2026-03-05 22:01:16,708 - INFO -   ↳ Saved best model (val_corr=0.163606)
2026-03-05 22:01:23,375 - INFO - Epoch  48/50 | Train: 0.168285 | Val: 0.174139 | Corr: 0.162069 | LR: 2.50e-04
2026-03-05 22:01:29,783 - INFO - Epoch  49/50 | Train: 0.168153 | Val: 0.173743 | Corr: 0.163071 | LR: 2.50e-04
2026-03-05 22:01:36,417 - INFO - Epoch  50/50 | Train: 0.168135 | Val: 0.173942 | Corr: 0.162596 | LR: 2.50e-04
2026-03-05 22:01:36,417 - INFO - Training complete — best val corr: 0.163606
2026-03-05 22:01:37,968 - INFO - Test loss: 0.165373, Test corr: 0.153788
2026-03-05 22:01:38,451 - INFO - Fraction of variance explained (FVE): 0.027354
2026-03-05 22:01:38,451 - INFO - Computing autoregressive (AR) test predictions …
2026-03-05 22:01:39,129 - INFO - AR FVE: 0.015764, AR test corr: 0.119516
2026-03-05 22:01:39,129 - INFO - Generating figures …
2026-03-05 22:01:39,648 - INFO - Correlation between predicted and actual per-neuron averages: r=0.9889, p=0.00e+00
2026-03-05 22:01:41,584 - INFO - Pattern selectivity summary:
2026-03-05 22:01:41,585 - INFO -   Mean correlation across neurons: 0.5341
2026-03-05 22:01:41,585 - INFO -   Median correlation: 0.5895
2026-03-05 22:01:41,585 - INFO -   Neurons with r > 0.5: 41 / 63
2026-03-05 22:01:41,585 - INFO -   Neurons with r > 0.3: 56 / 63
2026-03-05 22:01:41,585 - INFO - Pattern selectivity — mean neuron corr: 0.5341
2026-03-05 22:01:43,136 - INFO - LOO (avg rate) — Model mean r: 0.4004, LOO mean r: 0.4546, Neurons model > LOO: 15/63
2026-03-05 22:01:45,282 - INFO - LOO (temporal) — Model mean r: 0.1614, LOO mean r: 0.3186, Neurons model > LOO: 2/63
2026-03-05 22:01:45,282 - INFO - Skipping oracle trial plots (skip_oracle_plots=True)
2026-03-05 22:01:45,288 - INFO - Experiment complete. Summary: {
  "run_dir": "/scratch/sb272/patterns5k_results/slurm_hist_cnn_2026-03-05_16-01-45/trial_0338_learning_rate=5.0e-04_history=5_kernel_sizes=5x3x3_conv_channels=64x128x256_fc_dims=256_seed1",
  "model_type": "cnn",
  "batch_avg_test_loss": 0.16537315738201142,
  "batch_avg_test_corr": 0.15378798801279805,
  "all_test_fve": 0.02735381467001779,
  "AR_FVE": 0.01576411345648387,
  "AR_test_correlation": 0.11951617896556854,
  "best_val_corr": 0.16360621058148467,
  "total_params": 239807,
  "trainable_params": 239807,
  "epochs_trained": 50,
  "mean_pattern_corr": 0.5341161739198624,
  "history": 5,
  "init_state": true,
  "loo_avg_mean_corr": 0.45456832695830385,
  "model_avg_mean_corr": 0.4003655518536981,
  "neurons_model_beats_loo_avg": 15,
  "loo_temporal_mean_corr": 0.31855225563049316,
  "all_test_corr": 0.16137558221817017,
  "neurons_model_beats_loo_temporal": 2,
  "kernel_sizes": [
    5,
    3,
    3
  ],
  "conv_channels": [
    64,
    128,
    256
  ],
  "fc_dims": [
    256
  ]
}
