2026-03-05 18:42:14,618 - INFO - ============================================================
2026-03-05 18:42:14,618 - INFO - Experiment run directory: /scratch/sb272/patterns5k_results/slurm_hist_cnn_2026-03-05_16-01-45/trial_0255_learning_rate=5.0e-04_history=5_kernel_sizes=3x3_conv_channels=64x128_fc_dims=128_seed0
2026-03-05 18:42:14,618 - INFO - ============================================================
2026-03-05 18:42:14,618 - INFO - Loading data …
2026-03-05 18:42:15,504 - INFO - 63 unique neurons after dropping problematic neurons
2026-03-05 18:42:16,688 - INFO - Stimulation channels: 42, Spiking neurons: 63
2026-03-05 18:44:14,981 - INFO - Unique patterns: 4050, Total trials: 5000
2026-03-05 18:44:14,982 - INFO - Stimulation channels: 42, Spiking neurons: 63
2026-03-05 18:44:14,982 - INFO - Unique patterns: 4050, Total trials: 5000
2026-03-05 18:44:14,999 - INFO - Split (oracle): train=3400, val=600, test=1000
2026-03-05 18:44:38,693 - INFO - BinnedStimSpikeDataset initialized:
2026-03-05 18:44:38,693 - INFO -   input_bin_size_ms=10, output_bin_size_ms=10
2026-03-05 18:44:38,693 - INFO -   n_input_bins=60, n_output_bins=60
2026-03-05 18:44:38,693 - INFO -   output_offset=0, total_bins_input=60, total_bins_output=60
2026-03-05 18:44:38,693 - INFO -   Valid start positions per trial: 0 to 0
2026-03-05 18:44:38,693 - INFO -   Total samples: 3400 (3400 trials × 1 positions)
2026-03-05 18:45:01,642 - INFO - BinnedStimSpikeDataset initialized:
2026-03-05 18:45:01,643 - INFO -   input_bin_size_ms=10, output_bin_size_ms=10
2026-03-05 18:45:01,643 - INFO -   n_input_bins=60, n_output_bins=60
2026-03-05 18:45:01,643 - INFO -   output_offset=0, total_bins_input=60, total_bins_output=60
2026-03-05 18:45:01,643 - INFO -   Valid start positions per trial: 0 to 0
2026-03-05 18:45:01,643 - INFO -   Total samples: 600 (600 trials × 1 positions)
2026-03-05 18:45:24,921 - INFO - BinnedStimSpikeDataset initialized:
2026-03-05 18:45:24,921 - INFO -   input_bin_size_ms=10, output_bin_size_ms=10
2026-03-05 18:45:24,921 - INFO -   n_input_bins=60, n_output_bins=60
2026-03-05 18:45:24,921 - INFO -   output_offset=0, total_bins_input=60, total_bins_output=60
2026-03-05 18:45:24,921 - INFO -   Valid start positions per trial: 0 to 0
2026-03-05 18:45:24,921 - INFO -   Total samples: 1000 (1000 trials × 1 positions)
2026-03-05 18:45:24,921 - INFO - Samples — train: 3400, val: 600, test: 1000
2026-03-05 18:45:24,921 - INFO - Input channels: 105, Neurons: 63
2026-03-05 18:45:24,939 - INFO - Using CPU
2026-03-05 18:45:24,942 - INFO - Model: CNN — 69,951 trainable params (69,951 total)
2026-03-05 18:45:28,131 - INFO - Starting training …
2026-03-05 18:45:32,366 - INFO - Epoch   1/50 | Train: 0.275147 | Val: 0.191074 | Corr: 0.068925 | LR: 5.00e-04
2026-03-05 18:45:32,379 - INFO -   ↳ Saved best model (val_corr=0.068925)
2026-03-05 18:45:35,540 - INFO - Epoch   2/50 | Train: 0.186524 | Val: 0.187881 | Corr: 0.074344 | LR: 5.00e-04
2026-03-05 18:45:35,549 - INFO -   ↳ Saved best model (val_corr=0.074344)
2026-03-05 18:45:38,775 - INFO - Epoch   3/50 | Train: 0.184556 | Val: 0.184906 | Corr: 0.081134 | LR: 5.00e-04
2026-03-05 18:45:38,783 - INFO -   ↳ Saved best model (val_corr=0.081134)
2026-03-05 18:45:42,010 - INFO - Epoch   4/50 | Train: 0.183159 | Val: 0.185844 | Corr: 0.086572 | LR: 5.00e-04
2026-03-05 18:45:42,018 - INFO -   ↳ Saved best model (val_corr=0.086572)
2026-03-05 18:45:45,212 - INFO - Epoch   5/50 | Train: 0.181995 | Val: 0.182853 | Corr: 0.090827 | LR: 5.00e-04
2026-03-05 18:45:45,220 - INFO -   ↳ Saved best model (val_corr=0.090827)
2026-03-05 18:45:48,413 - INFO - Epoch   6/50 | Train: 0.181239 | Val: 0.184093 | Corr: 0.094443 | LR: 5.00e-04
2026-03-05 18:45:48,421 - INFO -   ↳ Saved best model (val_corr=0.094443)
2026-03-05 18:45:51,763 - INFO - Epoch   7/50 | Train: 0.180537 | Val: 0.182716 | Corr: 0.097892 | LR: 5.00e-04
2026-03-05 18:45:51,769 - INFO -   ↳ Saved best model (val_corr=0.097892)
2026-03-05 18:45:55,017 - INFO - Epoch   8/50 | Train: 0.179921 | Val: 0.182976 | Corr: 0.100915 | LR: 5.00e-04
2026-03-05 18:45:55,026 - INFO -   ↳ Saved best model (val_corr=0.100915)
2026-03-05 18:45:58,295 - INFO - Epoch   9/50 | Train: 0.179328 | Val: 0.184057 | Corr: 0.102104 | LR: 5.00e-04
2026-03-05 18:45:58,303 - INFO -   ↳ Saved best model (val_corr=0.102104)
2026-03-05 18:46:01,571 - INFO - Epoch  10/50 | Train: 0.178981 | Val: 0.182152 | Corr: 0.107080 | LR: 5.00e-04
2026-03-05 18:46:01,579 - INFO -   ↳ Saved best model (val_corr=0.107080)
2026-03-05 18:46:04,853 - INFO - Epoch  11/50 | Train: 0.178565 | Val: 0.181177 | Corr: 0.108517 | LR: 5.00e-04
2026-03-05 18:46:04,861 - INFO -   ↳ Saved best model (val_corr=0.108517)
2026-03-05 18:46:08,061 - INFO - Epoch  12/50 | Train: 0.178266 | Val: 0.182884 | Corr: 0.110731 | LR: 5.00e-04
2026-03-05 18:46:08,068 - INFO -   ↳ Saved best model (val_corr=0.110731)
2026-03-05 18:46:11,315 - INFO - Epoch  13/50 | Train: 0.177936 | Val: 0.181389 | Corr: 0.112554 | LR: 5.00e-04
2026-03-05 18:46:11,323 - INFO -   ↳ Saved best model (val_corr=0.112554)
2026-03-05 18:46:14,539 - INFO - Epoch  14/50 | Train: 0.177741 | Val: 0.181789 | Corr: 0.114503 | LR: 5.00e-04
2026-03-05 18:46:14,546 - INFO -   ↳ Saved best model (val_corr=0.114503)
2026-03-05 18:46:17,762 - INFO - Epoch  15/50 | Train: 0.177496 | Val: 0.180564 | Corr: 0.116407 | LR: 5.00e-04
2026-03-05 18:46:17,769 - INFO -   ↳ Saved best model (val_corr=0.116407)
2026-03-05 18:46:20,943 - INFO - Epoch  16/50 | Train: 0.177169 | Val: 0.180841 | Corr: 0.117588 | LR: 5.00e-04
2026-03-05 18:46:20,951 - INFO -   ↳ Saved best model (val_corr=0.117588)
2026-03-05 18:46:24,095 - INFO - Epoch  17/50 | Train: 0.176905 | Val: 0.182035 | Corr: 0.120369 | LR: 5.00e-04
2026-03-05 18:46:24,102 - INFO -   ↳ Saved best model (val_corr=0.120369)
2026-03-05 18:46:27,225 - INFO - Epoch  18/50 | Train: 0.176849 | Val: 0.180183 | Corr: 0.123110 | LR: 5.00e-04
2026-03-05 18:46:27,233 - INFO -   ↳ Saved best model (val_corr=0.123110)
2026-03-05 18:46:30,424 - INFO - Epoch  19/50 | Train: 0.176500 | Val: 0.180561 | Corr: 0.123182 | LR: 5.00e-04
2026-03-05 18:46:30,431 - INFO -   ↳ Saved best model (val_corr=0.123182)
2026-03-05 18:46:33,605 - INFO - Epoch  20/50 | Train: 0.176386 | Val: 0.180491 | Corr: 0.125693 | LR: 5.00e-04
2026-03-05 18:46:33,612 - INFO -   ↳ Saved best model (val_corr=0.125693)
2026-03-05 18:46:36,812 - INFO - Epoch  21/50 | Train: 0.176227 | Val: 0.179760 | Corr: 0.128244 | LR: 5.00e-04
2026-03-05 18:46:36,819 - INFO -   ↳ Saved best model (val_corr=0.128244)
2026-03-05 18:46:39,983 - INFO - Epoch  22/50 | Train: 0.176001 | Val: 0.180112 | Corr: 0.128073 | LR: 5.00e-04
2026-03-05 18:46:43,085 - INFO - Epoch  23/50 | Train: 0.175842 | Val: 0.180396 | Corr: 0.130777 | LR: 5.00e-04
2026-03-05 18:46:43,093 - INFO -   ↳ Saved best model (val_corr=0.130777)
2026-03-05 18:46:46,318 - INFO - Epoch  24/50 | Train: 0.175748 | Val: 0.179873 | Corr: 0.131364 | LR: 5.00e-04
2026-03-05 18:46:46,350 - INFO -   ↳ Saved best model (val_corr=0.131364)
2026-03-05 18:46:49,525 - INFO - Epoch  25/50 | Train: 0.175682 | Val: 0.179789 | Corr: 0.131907 | LR: 5.00e-04
2026-03-05 18:46:49,532 - INFO -   ↳ Saved best model (val_corr=0.131907)
2026-03-05 18:46:52,725 - INFO - Epoch  26/50 | Train: 0.175374 | Val: 0.179346 | Corr: 0.131795 | LR: 5.00e-04
2026-03-05 18:46:55,996 - INFO - Epoch  27/50 | Train: 0.175357 | Val: 0.179983 | Corr: 0.132521 | LR: 5.00e-04
2026-03-05 18:46:56,003 - INFO -   ↳ Saved best model (val_corr=0.132521)
2026-03-05 18:46:59,254 - INFO - Epoch  28/50 | Train: 0.175205 | Val: 0.178990 | Corr: 0.134235 | LR: 5.00e-04
2026-03-05 18:46:59,261 - INFO -   ↳ Saved best model (val_corr=0.134235)
2026-03-05 18:47:02,470 - INFO - Epoch  29/50 | Train: 0.175148 | Val: 0.180087 | Corr: 0.135648 | LR: 5.00e-04
2026-03-05 18:47:02,477 - INFO -   ↳ Saved best model (val_corr=0.135648)
2026-03-05 18:47:05,656 - INFO - Epoch  30/50 | Train: 0.175091 | Val: 0.180114 | Corr: 0.134608 | LR: 5.00e-04
2026-03-05 18:47:08,814 - INFO - Epoch  31/50 | Train: 0.174997 | Val: 0.178988 | Corr: 0.136529 | LR: 5.00e-04
2026-03-05 18:47:08,822 - INFO -   ↳ Saved best model (val_corr=0.136529)
2026-03-05 18:47:12,053 - INFO - Epoch  32/50 | Train: 0.174910 | Val: 0.178778 | Corr: 0.136294 | LR: 5.00e-04
2026-03-05 18:47:15,191 - INFO - Epoch  33/50 | Train: 0.174811 | Val: 0.179398 | Corr: 0.137118 | LR: 5.00e-04
2026-03-05 18:47:15,198 - INFO -   ↳ Saved best model (val_corr=0.137118)
2026-03-05 18:47:18,323 - INFO - Epoch  34/50 | Train: 0.174662 | Val: 0.178595 | Corr: 0.136642 | LR: 5.00e-04
2026-03-05 18:47:21,463 - INFO - Epoch  35/50 | Train: 0.174634 | Val: 0.179164 | Corr: 0.137790 | LR: 5.00e-04
2026-03-05 18:47:21,471 - INFO -   ↳ Saved best model (val_corr=0.137790)
2026-03-05 18:47:24,695 - INFO - Epoch  36/50 | Train: 0.174543 | Val: 0.179166 | Corr: 0.136298 | LR: 5.00e-04
2026-03-05 18:47:27,895 - INFO - Epoch  37/50 | Train: 0.174506 | Val: 0.178736 | Corr: 0.137590 | LR: 5.00e-04
2026-03-05 18:47:31,069 - INFO - Epoch  38/50 | Train: 0.174322 | Val: 0.178824 | Corr: 0.138961 | LR: 5.00e-04
2026-03-05 18:47:31,079 - INFO -   ↳ Saved best model (val_corr=0.138961)
2026-03-05 18:47:34,238 - INFO - Epoch  39/50 | Train: 0.174327 | Val: 0.179219 | Corr: 0.138343 | LR: 5.00e-04
2026-03-05 18:47:37,426 - INFO - Epoch  40/50 | Train: 0.174344 | Val: 0.178337 | Corr: 0.139897 | LR: 5.00e-04
2026-03-05 18:47:37,433 - INFO -   ↳ Saved best model (val_corr=0.139897)
2026-03-05 18:47:40,738 - INFO - Epoch  41/50 | Train: 0.174216 | Val: 0.178917 | Corr: 0.138993 | LR: 5.00e-04
2026-03-05 18:47:43,937 - INFO - Epoch  42/50 | Train: 0.174140 | Val: 0.178662 | Corr: 0.139069 | LR: 5.00e-04
2026-03-05 18:47:47,136 - INFO - Epoch  43/50 | Train: 0.174009 | Val: 0.178391 | Corr: 0.139294 | LR: 5.00e-04
2026-03-05 18:47:50,426 - INFO - Epoch  44/50 | Train: 0.174004 | Val: 0.178456 | Corr: 0.140435 | LR: 5.00e-04
2026-03-05 18:47:50,433 - INFO -   ↳ Saved best model (val_corr=0.140435)
2026-03-05 18:47:53,702 - INFO - Epoch  45/50 | Train: 0.173945 | Val: 0.178275 | Corr: 0.140918 | LR: 5.00e-04
2026-03-05 18:47:53,711 - INFO -   ↳ Saved best model (val_corr=0.140918)
2026-03-05 18:47:56,944 - INFO - Epoch  46/50 | Train: 0.173908 | Val: 0.178691 | Corr: 0.141270 | LR: 5.00e-04
2026-03-05 18:47:56,953 - INFO -   ↳ Saved best model (val_corr=0.141270)
2026-03-05 18:48:00,164 - INFO - Epoch  47/50 | Train: 0.173843 | Val: 0.178421 | Corr: 0.140930 | LR: 5.00e-04
2026-03-05 18:48:03,358 - INFO - Epoch  48/50 | Train: 0.173854 | Val: 0.178689 | Corr: 0.140890 | LR: 5.00e-04
2026-03-05 18:48:06,544 - INFO - Epoch  49/50 | Train: 0.173731 | Val: 0.178268 | Corr: 0.140419 | LR: 5.00e-04
2026-03-05 18:48:09,754 - INFO - Epoch  50/50 | Train: 0.173769 | Val: 0.178201 | Corr: 0.141032 | LR: 5.00e-04
2026-03-05 18:48:09,754 - INFO - Training complete — best val corr: 0.141270
2026-03-05 18:48:11,007 - INFO - Test loss: 0.168090, Test corr: 0.137511
2026-03-05 18:48:11,248 - INFO - Fraction of variance explained (FVE): 0.019526
2026-03-05 18:48:11,248 - INFO - Computing autoregressive (AR) test predictions …
2026-03-05 18:48:11,636 - INFO - AR FVE: 0.017123, AR test corr: 0.126829
2026-03-05 18:48:11,636 - INFO - Generating figures …
2026-03-05 18:48:12,106 - INFO - Correlation between predicted and actual per-neuron averages: r=0.9932, p=0.00e+00
2026-03-05 18:48:13,805 - INFO - Pattern selectivity summary:
2026-03-05 18:48:13,805 - INFO -   Mean correlation across neurons: 0.5306
2026-03-05 18:48:13,805 - INFO -   Median correlation: 0.5644
2026-03-05 18:48:13,805 - INFO -   Neurons with r > 0.5: 40 / 63
2026-03-05 18:48:13,805 - INFO -   Neurons with r > 0.3: 57 / 63
2026-03-05 18:48:13,806 - INFO - Pattern selectivity — mean neuron corr: 0.5306
2026-03-05 18:48:15,178 - INFO - LOO (avg rate) — Model mean r: 0.3678, LOO mean r: 0.4546, Neurons model > LOO: 13/63
2026-03-05 18:48:17,040 - INFO - LOO (temporal) — Model mean r: 0.1427, LOO mean r: 0.3186, Neurons model > LOO: 2/63
2026-03-05 18:48:17,040 - INFO - Skipping oracle trial plots (skip_oracle_plots=True)
2026-03-05 18:48:17,045 - INFO - Experiment complete. Summary: {
  "run_dir": "/scratch/sb272/patterns5k_results/slurm_hist_cnn_2026-03-05_16-01-45/trial_0255_learning_rate=5.0e-04_history=5_kernel_sizes=3x3_conv_channels=64x128_fc_dims=128_seed0",
  "model_type": "cnn",
  "batch_avg_test_loss": 0.1680901871919632,
  "batch_avg_test_corr": 0.1375109022114912,
  "all_test_fve": 0.01952564905560206,
  "AR_FVE": 0.017123374674055312,
  "AR_test_correlation": 0.12682858109474182,
  "best_val_corr": 0.14126968980796703,
  "total_params": 69951,
  "trainable_params": 69951,
  "epochs_trained": 50,
  "mean_pattern_corr": 0.5305979695887285,
  "history": 5,
  "init_state": true,
  "loo_avg_mean_corr": 0.45456832695830385,
  "model_avg_mean_corr": 0.36779621478608543,
  "neurons_model_beats_loo_avg": 13,
  "loo_temporal_mean_corr": 0.31855225563049316,
  "all_test_corr": 0.14271581172943115,
  "neurons_model_beats_loo_temporal": 2,
  "kernel_sizes": [
    3,
    3
  ],
  "conv_channels": [
    64,
    128
  ],
  "fc_dims": [
    128
  ]
}
