2026-03-04 23:02:23,023 - INFO - ============================================================
2026-03-04 23:02:23,023 - INFO - Experiment run directory: /scratch/sb272/patterns5k_results/slurm_base_cnn_2026-03-04_16-53-19/trial_0117_learning_rate=5.0e-04_kernel_sizes=3x3x3_conv_channels=128x128x128_fc_dims=512_seed0
2026-03-04 23:02:23,023 - INFO - ============================================================
2026-03-04 23:02:23,023 - INFO - Loading data …
2026-03-04 23:02:24,211 - INFO - 63 unique neurons after dropping problematic neurons
2026-03-04 23:02:25,825 - INFO - Stimulation channels: 42, Spiking neurons: 63
2026-03-04 23:05:00,994 - INFO - Unique patterns: 4050, Total trials: 5000
2026-03-04 23:05:00,998 - INFO - Stimulation channels: 42, Spiking neurons: 63
2026-03-04 23:05:00,998 - INFO - Unique patterns: 4050, Total trials: 5000
2026-03-04 23:05:01,027 - INFO - Split (oracle): train=3400, val=600, test=1000
2026-03-04 23:05:35,160 - INFO - BinnedStimSpikeDataset initialized:
2026-03-04 23:05:35,161 - INFO -   input_bin_size_ms=10, output_bin_size_ms=10
2026-03-04 23:05:35,161 - INFO -   n_input_bins=60, n_output_bins=60
2026-03-04 23:05:35,161 - INFO -   output_offset=0, total_bins_input=60, total_bins_output=60
2026-03-04 23:05:35,161 - INFO -   Valid start positions per trial: 0 to 0
2026-03-04 23:05:35,161 - INFO -   Total samples: 3400 (3400 trials × 1 positions)
2026-03-04 23:06:08,315 - INFO - BinnedStimSpikeDataset initialized:
2026-03-04 23:06:08,316 - INFO -   input_bin_size_ms=10, output_bin_size_ms=10
2026-03-04 23:06:08,316 - INFO -   n_input_bins=60, n_output_bins=60
2026-03-04 23:06:08,316 - INFO -   output_offset=0, total_bins_input=60, total_bins_output=60
2026-03-04 23:06:08,316 - INFO -   Valid start positions per trial: 0 to 0
2026-03-04 23:06:08,316 - INFO -   Total samples: 600 (600 trials × 1 positions)
2026-03-04 23:06:41,232 - INFO - BinnedStimSpikeDataset initialized:
2026-03-04 23:06:41,233 - INFO -   input_bin_size_ms=10, output_bin_size_ms=10
2026-03-04 23:06:41,233 - INFO -   n_input_bins=60, n_output_bins=60
2026-03-04 23:06:41,233 - INFO -   output_offset=0, total_bins_input=60, total_bins_output=60
2026-03-04 23:06:41,233 - INFO -   Valid start positions per trial: 0 to 0
2026-03-04 23:06:41,233 - INFO -   Total samples: 1000 (1000 trials × 1 positions)
2026-03-04 23:06:41,233 - INFO - Samples — train: 3400, val: 600, test: 1000
2026-03-04 23:06:41,233 - INFO - Input channels: 42, Neurons: 63
2026-03-04 23:06:41,254 - INFO - Using CPU
2026-03-04 23:06:41,272 - INFO - Model: CNN — 213,951 trainable params (213,951 total)
2026-03-04 23:06:49,066 - INFO - Starting training …
2026-03-04 23:06:58,937 - INFO - Epoch   1/50 | Train: 0.221847 | Val: 0.184096 | Corr: 0.076408 | LR: 5.00e-04
2026-03-04 23:06:58,955 - INFO -   ↳ Saved best model (val_corr=0.076408)
2026-03-04 23:07:08,115 - INFO - Epoch   2/50 | Train: 0.182558 | Val: 0.183366 | Corr: 0.082393 | LR: 5.00e-04
2026-03-04 23:07:08,165 - INFO -   ↳ Saved best model (val_corr=0.082393)
2026-03-04 23:07:17,652 - INFO - Epoch   3/50 | Train: 0.181660 | Val: 0.182521 | Corr: 0.091909 | LR: 5.00e-04
2026-03-04 23:07:17,676 - INFO -   ↳ Saved best model (val_corr=0.091909)
2026-03-04 23:07:27,007 - INFO - Epoch   4/50 | Train: 0.180855 | Val: 0.182232 | Corr: 0.097606 | LR: 5.00e-04
2026-03-04 23:07:27,025 - INFO -   ↳ Saved best model (val_corr=0.097606)
2026-03-04 23:07:36,348 - INFO - Epoch   5/50 | Train: 0.179942 | Val: 0.181754 | Corr: 0.102715 | LR: 5.00e-04
2026-03-04 23:07:36,373 - INFO -   ↳ Saved best model (val_corr=0.102715)
2026-03-04 23:07:45,645 - INFO - Epoch   6/50 | Train: 0.179440 | Val: 0.181110 | Corr: 0.109905 | LR: 5.00e-04
2026-03-04 23:07:45,660 - INFO -   ↳ Saved best model (val_corr=0.109905)
2026-03-04 23:07:55,097 - INFO - Epoch   7/50 | Train: 0.178765 | Val: 0.181032 | Corr: 0.114834 | LR: 5.00e-04
2026-03-04 23:07:55,113 - INFO -   ↳ Saved best model (val_corr=0.114834)
2026-03-04 23:08:04,423 - INFO - Epoch   8/50 | Train: 0.178277 | Val: 0.181339 | Corr: 0.116682 | LR: 5.00e-04
2026-03-04 23:08:04,443 - INFO -   ↳ Saved best model (val_corr=0.116682)
2026-03-04 23:08:12,537 - INFO - Epoch   9/50 | Train: 0.177887 | Val: 0.179977 | Corr: 0.121671 | LR: 5.00e-04
2026-03-04 23:08:12,554 - INFO -   ↳ Saved best model (val_corr=0.121671)
2026-03-04 23:08:21,378 - INFO - Epoch  10/50 | Train: 0.177459 | Val: 0.179698 | Corr: 0.123970 | LR: 5.00e-04
2026-03-04 23:08:21,396 - INFO -   ↳ Saved best model (val_corr=0.123970)
2026-03-04 23:08:30,358 - INFO - Epoch  11/50 | Train: 0.177221 | Val: 0.180132 | Corr: 0.126242 | LR: 5.00e-04
2026-03-04 23:08:30,375 - INFO -   ↳ Saved best model (val_corr=0.126242)
2026-03-04 23:08:39,273 - INFO - Epoch  12/50 | Train: 0.176832 | Val: 0.179373 | Corr: 0.127483 | LR: 5.00e-04
2026-03-04 23:08:39,290 - INFO -   ↳ Saved best model (val_corr=0.127483)
2026-03-04 23:08:48,472 - INFO - Epoch  13/50 | Train: 0.176597 | Val: 0.179265 | Corr: 0.128975 | LR: 5.00e-04
2026-03-04 23:08:48,491 - INFO -   ↳ Saved best model (val_corr=0.128975)
2026-03-04 23:08:57,845 - INFO - Epoch  14/50 | Train: 0.176292 | Val: 0.179317 | Corr: 0.129099 | LR: 5.00e-04
2026-03-04 23:08:57,864 - INFO -   ↳ Saved best model (val_corr=0.129099)
2026-03-04 23:09:07,110 - INFO - Epoch  15/50 | Train: 0.176028 | Val: 0.179770 | Corr: 0.132649 | LR: 5.00e-04
2026-03-04 23:09:07,132 - INFO -   ↳ Saved best model (val_corr=0.132649)
2026-03-04 23:09:16,262 - INFO - Epoch  16/50 | Train: 0.176017 | Val: 0.178967 | Corr: 0.132152 | LR: 5.00e-04
2026-03-04 23:09:25,512 - INFO - Epoch  17/50 | Train: 0.175638 | Val: 0.179037 | Corr: 0.134091 | LR: 5.00e-04
2026-03-04 23:09:25,539 - INFO -   ↳ Saved best model (val_corr=0.134091)
2026-03-04 23:09:34,821 - INFO - Epoch  18/50 | Train: 0.175407 | Val: 0.178885 | Corr: 0.135202 | LR: 5.00e-04
2026-03-04 23:09:34,837 - INFO -   ↳ Saved best model (val_corr=0.135202)
2026-03-04 23:09:43,919 - INFO - Epoch  19/50 | Train: 0.175296 | Val: 0.178770 | Corr: 0.135309 | LR: 5.00e-04
2026-03-04 23:09:43,935 - INFO -   ↳ Saved best model (val_corr=0.135309)
2026-03-04 23:09:51,865 - INFO - Epoch  20/50 | Train: 0.175156 | Val: 0.178713 | Corr: 0.135616 | LR: 5.00e-04
2026-03-04 23:09:51,893 - INFO -   ↳ Saved best model (val_corr=0.135616)
2026-03-04 23:10:00,705 - INFO - Epoch  21/50 | Train: 0.175016 | Val: 0.179289 | Corr: 0.137539 | LR: 5.00e-04
2026-03-04 23:10:00,744 - INFO -   ↳ Saved best model (val_corr=0.137539)
2026-03-04 23:10:09,643 - INFO - Epoch  22/50 | Train: 0.174736 | Val: 0.178745 | Corr: 0.136541 | LR: 5.00e-04
2026-03-04 23:10:18,558 - INFO - Epoch  23/50 | Train: 0.174635 | Val: 0.178522 | Corr: 0.137924 | LR: 5.00e-04
2026-03-04 23:10:18,590 - INFO -   ↳ Saved best model (val_corr=0.137924)
2026-03-04 23:10:27,997 - INFO - Epoch  24/50 | Train: 0.174494 | Val: 0.178699 | Corr: 0.137689 | LR: 5.00e-04
2026-03-04 23:10:37,354 - INFO - Epoch  25/50 | Train: 0.174418 | Val: 0.178543 | Corr: 0.138459 | LR: 5.00e-04
2026-03-04 23:10:37,372 - INFO -   ↳ Saved best model (val_corr=0.138459)
2026-03-04 23:10:46,609 - INFO - Epoch  26/50 | Train: 0.174309 | Val: 0.178617 | Corr: 0.137512 | LR: 5.00e-04
2026-03-04 23:10:55,922 - INFO - Epoch  27/50 | Train: 0.174162 | Val: 0.178467 | Corr: 0.138573 | LR: 5.00e-04
2026-03-04 23:10:55,942 - INFO -   ↳ Saved best model (val_corr=0.138573)
2026-03-04 23:11:05,318 - INFO - Epoch  28/50 | Train: 0.174003 | Val: 0.179017 | Corr: 0.139377 | LR: 5.00e-04
2026-03-04 23:11:05,339 - INFO -   ↳ Saved best model (val_corr=0.139377)
2026-03-04 23:11:14,529 - INFO - Epoch  29/50 | Train: 0.173879 | Val: 0.179060 | Corr: 0.138940 | LR: 5.00e-04
2026-03-04 23:11:22,731 - INFO - Epoch  30/50 | Train: 0.173852 | Val: 0.178934 | Corr: 0.138441 | LR: 5.00e-04
2026-03-04 23:11:31,542 - INFO - Epoch  31/50 | Train: 0.173744 | Val: 0.178584 | Corr: 0.139839 | LR: 5.00e-04
2026-03-04 23:11:31,558 - INFO -   ↳ Saved best model (val_corr=0.139839)
2026-03-04 23:11:40,465 - INFO - Epoch  32/50 | Train: 0.173596 | Val: 0.178491 | Corr: 0.139277 | LR: 5.00e-04
2026-03-04 23:11:49,416 - INFO - Epoch  33/50 | Train: 0.173540 | Val: 0.179562 | Corr: 0.139986 | LR: 2.50e-04
2026-03-04 23:11:49,434 - INFO -   ↳ Saved best model (val_corr=0.139986)
2026-03-04 23:11:58,831 - INFO - Epoch  34/50 | Train: 0.173026 | Val: 0.178441 | Corr: 0.140123 | LR: 2.50e-04
2026-03-04 23:11:58,850 - INFO -   ↳ Saved best model (val_corr=0.140123)
2026-03-04 23:12:08,245 - INFO - Epoch  35/50 | Train: 0.172883 | Val: 0.178550 | Corr: 0.139652 | LR: 2.50e-04
2026-03-04 23:12:17,483 - INFO - Epoch  36/50 | Train: 0.172785 | Val: 0.178607 | Corr: 0.139909 | LR: 2.50e-04
2026-03-04 23:12:26,775 - INFO - Epoch  37/50 | Train: 0.172741 | Val: 0.178776 | Corr: 0.139637 | LR: 2.50e-04
2026-03-04 23:12:36,288 - INFO - Epoch  38/50 | Train: 0.172669 | Val: 0.178506 | Corr: 0.139742 | LR: 2.50e-04
2026-03-04 23:12:45,616 - INFO - Epoch  39/50 | Train: 0.172602 | Val: 0.179073 | Corr: 0.140349 | LR: 2.50e-04
2026-03-04 23:12:45,634 - INFO -   ↳ Saved best model (val_corr=0.140349)
2026-03-04 23:12:53,829 - INFO - Epoch  40/50 | Train: 0.172545 | Val: 0.178605 | Corr: 0.139332 | LR: 1.25e-04
2026-03-04 23:13:02,659 - INFO - Epoch  41/50 | Train: 0.172264 | Val: 0.178780 | Corr: 0.140367 | LR: 1.25e-04
2026-03-04 23:13:02,675 - INFO -   ↳ Saved best model (val_corr=0.140367)
2026-03-04 23:13:11,653 - INFO - Epoch  42/50 | Train: 0.172188 | Val: 0.178643 | Corr: 0.139535 | LR: 1.25e-04
2026-03-04 23:13:20,606 - INFO - Epoch  43/50 | Train: 0.172135 | Val: 0.178590 | Corr: 0.139807 | LR: 1.25e-04
2026-03-04 23:13:29,854 - INFO - Epoch  44/50 | Train: 0.172066 | Val: 0.178665 | Corr: 0.139464 | LR: 1.25e-04
2026-03-04 23:13:39,260 - INFO - Epoch  45/50 | Train: 0.172111 | Val: 0.178735 | Corr: 0.139471 | LR: 1.25e-04
2026-03-04 23:13:48,537 - INFO - Epoch  46/50 | Train: 0.172081 | Val: 0.178759 | Corr: 0.139402 | LR: 6.25e-05
2026-03-04 23:13:57,812 - INFO - Epoch  47/50 | Train: 0.171916 | Val: 0.178783 | Corr: 0.138994 | LR: 6.25e-05
2026-03-04 23:14:07,193 - INFO - Epoch  48/50 | Train: 0.171869 | Val: 0.178697 | Corr: 0.139620 | LR: 6.25e-05
2026-03-04 23:14:16,393 - INFO - Epoch  49/50 | Train: 0.171838 | Val: 0.178664 | Corr: 0.139059 | LR: 6.25e-05
2026-03-04 23:14:24,632 - INFO - Epoch  50/50 | Train: 0.171862 | Val: 0.178736 | Corr: 0.139032 | LR: 6.25e-05
2026-03-04 23:14:24,632 - INFO - Training complete — best val corr: 0.140367
2026-03-04 23:14:26,539 - INFO - Test loss: 0.169254, Test corr: 0.131313
2026-03-04 23:14:27,105 - INFO - Fraction of variance explained (FVE): 0.015542
2026-03-04 23:14:27,105 - INFO - Generating figures …
2026-03-04 23:14:27,776 - INFO - Correlation between predicted and actual per-neuron averages: r=0.9945, p=0.00e+00
2026-03-04 23:14:30,319 - INFO - Pattern selectivity summary:
2026-03-04 23:14:30,319 - INFO -   Mean correlation across neurons: 0.4885
2026-03-04 23:14:30,320 - INFO -   Median correlation: 0.5141
2026-03-04 23:14:30,320 - INFO -   Neurons with r > 0.5: 32 / 63
2026-03-04 23:14:30,320 - INFO -   Neurons with r > 0.3: 51 / 63
2026-03-04 23:14:30,320 - INFO - Pattern selectivity — mean neuron corr: 0.4885
2026-03-04 23:14:32,367 - INFO - LOO (avg rate) — Model mean r: 0.2822, LOO mean r: 0.4546, Neurons model > LOO: 2/63
2026-03-04 23:14:35,362 - INFO - LOO (temporal) — Model mean r: 0.1320, LOO mean r: 0.3186, Neurons model > LOO: 0/63
2026-03-04 23:14:35,362 - INFO - Skipping oracle trial plots (skip_oracle_plots=True)
2026-03-04 23:14:35,376 - INFO - Experiment complete. Summary: {
  "run_dir": "/scratch/sb272/patterns5k_results/slurm_base_cnn_2026-03-04_16-53-19/trial_0117_learning_rate=5.0e-04_kernel_sizes=3x3x3_conv_channels=128x128x128_fc_dims=512_seed0",
  "model_type": "cnn",
  "batch_avg_test_loss": 0.1692535321712494,
  "batch_avg_test_corr": 0.13131304711298492,
  "all_test_fve": 0.015541900718022906,
  "AR_FVE": NaN,
  "AR_test_correlation": NaN,
  "best_val_corr": 0.14036691951896013,
  "total_params": 213951,
  "trainable_params": 213951,
  "epochs_trained": 50,
  "mean_pattern_corr": 0.4884708310294032,
  "history": 0,
  "init_state": true,
  "loo_avg_mean_corr": 0.45456832695830385,
  "model_avg_mean_corr": 0.28224564288950016,
  "neurons_model_beats_loo_avg": 2,
  "loo_temporal_mean_corr": 0.31855225563049316,
  "all_test_corr": 0.13200128078460693,
  "neurons_model_beats_loo_temporal": 0,
  "kernel_sizes": [
    3,
    3,
    3
  ],
  "conv_channels": [
    128,
    128,
    128
  ],
  "fc_dims": [
    512
  ]
}
