2026-03-03 21:50:41,359 - INFO - ============================================================
2026-03-03 21:50:41,360 - INFO - Experiment run directory: /scratch/sb272/patterns5k_results/slurm_hist_cnn_2026-03-03_15-13-01/trial_0223_learning_rate=1.0e-03_history=2_kernel_sizes=10x5x3_conv_channels=256x128x64_fc_dims=256_seed1
2026-03-03 21:50:41,360 - INFO - ============================================================
2026-03-03 21:50:41,360 - INFO - Loading data …
2026-03-03 21:50:42,370 - INFO - 63 unique neurons after dropping problematic neurons
2026-03-03 21:50:43,184 - INFO - Stimulation channels: 42, Spiking neurons: 63
2026-03-03 21:51:50,053 - INFO - Unique patterns: 4050, Total trials: 5000
2026-03-03 21:51:50,055 - INFO - Stimulation channels: 42, Spiking neurons: 63
2026-03-03 21:51:50,055 - INFO - Unique patterns: 4050, Total trials: 5000
2026-03-03 21:51:50,065 - INFO - Split (oracle): train=3400, val=600, test=1000
2026-03-03 21:52:04,291 - INFO - BinnedStimSpikeDataset initialized:
2026-03-03 21:52:04,291 - INFO -   input_bin_size_ms=10, output_bin_size_ms=10
2026-03-03 21:52:04,291 - INFO -   n_input_bins=60, n_output_bins=60
2026-03-03 21:52:04,291 - INFO -   output_offset=0, total_bins_input=60, total_bins_output=60
2026-03-03 21:52:04,291 - INFO -   Valid start positions per trial: 0 to 0
2026-03-03 21:52:04,291 - INFO -   Total samples: 3400 (3400 trials × 1 positions)
2026-03-03 21:52:18,012 - INFO - BinnedStimSpikeDataset initialized:
2026-03-03 21:52:18,013 - INFO -   input_bin_size_ms=10, output_bin_size_ms=10
2026-03-03 21:52:18,013 - INFO -   n_input_bins=60, n_output_bins=60
2026-03-03 21:52:18,013 - INFO -   output_offset=0, total_bins_input=60, total_bins_output=60
2026-03-03 21:52:18,013 - INFO -   Valid start positions per trial: 0 to 0
2026-03-03 21:52:18,013 - INFO -   Total samples: 600 (600 trials × 1 positions)
2026-03-03 21:52:31,839 - INFO - BinnedStimSpikeDataset initialized:
2026-03-03 21:52:31,839 - INFO -   input_bin_size_ms=10, output_bin_size_ms=10
2026-03-03 21:52:31,839 - INFO -   n_input_bins=60, n_output_bins=60
2026-03-03 21:52:31,839 - INFO -   output_offset=0, total_bins_input=60, total_bins_output=60
2026-03-03 21:52:31,839 - INFO -   Valid start positions per trial: 0 to 0
2026-03-03 21:52:31,839 - INFO -   Total samples: 1000 (1000 trials × 1 positions)
2026-03-03 21:52:31,839 - INFO - Samples — train: 3400, val: 600, test: 1000
2026-03-03 21:52:31,839 - INFO - Input channels: 105, Neurons: 63
2026-03-03 21:52:31,846 - INFO - Using CPU
2026-03-03 21:52:31,863 - INFO - Model: CNN — 491,391 trainable params (491,391 total)
2026-03-03 21:52:36,327 - INFO - Starting training …
2026-03-03 21:52:42,765 - INFO - Epoch   1/50 | Train: 0.221148 | Val: 0.176031 | Corr: 0.141420 | LR: 1.00e-03
2026-03-03 21:52:42,783 - INFO -   ↳ Saved best model (val_corr=0.141420)
2026-03-03 21:52:48,663 - INFO - Epoch   2/50 | Train: 0.175140 | Val: 0.172084 | Corr: 0.161873 | LR: 1.00e-03
2026-03-03 21:52:48,683 - INFO -   ↳ Saved best model (val_corr=0.161873)
2026-03-03 21:52:54,441 - INFO - Epoch   3/50 | Train: 0.171690 | Val: 0.170042 | Corr: 0.176396 | LR: 1.00e-03
2026-03-03 21:52:54,482 - INFO -   ↳ Saved best model (val_corr=0.176396)
2026-03-03 21:53:00,370 - INFO - Epoch   4/50 | Train: 0.169187 | Val: 0.168593 | Corr: 0.183669 | LR: 1.00e-03
2026-03-03 21:53:00,428 - INFO -   ↳ Saved best model (val_corr=0.183669)
2026-03-03 21:53:06,346 - INFO - Epoch   5/50 | Train: 0.167362 | Val: 0.167669 | Corr: 0.190065 | LR: 1.00e-03
2026-03-03 21:53:06,397 - INFO -   ↳ Saved best model (val_corr=0.190065)
2026-03-03 21:53:12,301 - INFO - Epoch   6/50 | Train: 0.165892 | Val: 0.167150 | Corr: 0.193690 | LR: 1.00e-03
2026-03-03 21:53:12,315 - INFO -   ↳ Saved best model (val_corr=0.193690)
2026-03-03 21:53:18,122 - INFO - Epoch   7/50 | Train: 0.164492 | Val: 0.166909 | Corr: 0.196634 | LR: 1.00e-03
2026-03-03 21:53:18,137 - INFO -   ↳ Saved best model (val_corr=0.196634)
2026-03-03 21:53:23,999 - INFO - Epoch   8/50 | Train: 0.163477 | Val: 0.166695 | Corr: 0.199099 | LR: 1.00e-03
2026-03-03 21:53:24,014 - INFO -   ↳ Saved best model (val_corr=0.199099)
2026-03-03 21:53:29,964 - INFO - Epoch   9/50 | Train: 0.162416 | Val: 0.165919 | Corr: 0.203747 | LR: 1.00e-03
2026-03-03 21:53:29,977 - INFO -   ↳ Saved best model (val_corr=0.203747)
2026-03-03 21:53:35,849 - INFO - Epoch  10/50 | Train: 0.161479 | Val: 0.166011 | Corr: 0.205951 | LR: 1.00e-03
2026-03-03 21:53:35,870 - INFO -   ↳ Saved best model (val_corr=0.205951)
2026-03-03 21:53:41,772 - INFO - Epoch  11/50 | Train: 0.160687 | Val: 0.165501 | Corr: 0.209222 | LR: 1.00e-03
2026-03-03 21:53:41,799 - INFO -   ↳ Saved best model (val_corr=0.209222)
2026-03-03 21:53:47,719 - INFO - Epoch  12/50 | Train: 0.159813 | Val: 0.165464 | Corr: 0.211516 | LR: 1.00e-03
2026-03-03 21:53:47,736 - INFO -   ↳ Saved best model (val_corr=0.211516)
2026-03-03 21:53:53,613 - INFO - Epoch  13/50 | Train: 0.159179 | Val: 0.165180 | Corr: 0.214094 | LR: 1.00e-03
2026-03-03 21:53:53,632 - INFO -   ↳ Saved best model (val_corr=0.214094)
2026-03-03 21:53:59,515 - INFO - Epoch  14/50 | Train: 0.158508 | Val: 0.164986 | Corr: 0.215228 | LR: 1.00e-03
2026-03-03 21:53:59,532 - INFO -   ↳ Saved best model (val_corr=0.215228)
2026-03-03 21:54:05,436 - INFO - Epoch  15/50 | Train: 0.157806 | Val: 0.165166 | Corr: 0.216809 | LR: 1.00e-03
2026-03-03 21:54:05,452 - INFO -   ↳ Saved best model (val_corr=0.216809)
2026-03-03 21:54:11,469 - INFO - Epoch  16/50 | Train: 0.157309 | Val: 0.164413 | Corr: 0.219920 | LR: 1.00e-03
2026-03-03 21:54:11,489 - INFO -   ↳ Saved best model (val_corr=0.219920)
2026-03-03 21:54:17,488 - INFO - Epoch  17/50 | Train: 0.156738 | Val: 0.164699 | Corr: 0.220109 | LR: 1.00e-03
2026-03-03 21:54:17,503 - INFO -   ↳ Saved best model (val_corr=0.220109)
2026-03-03 21:54:23,394 - INFO - Epoch  18/50 | Train: 0.156109 | Val: 0.164834 | Corr: 0.221670 | LR: 1.00e-03
2026-03-03 21:54:23,410 - INFO -   ↳ Saved best model (val_corr=0.221670)
2026-03-03 21:54:29,428 - INFO - Epoch  19/50 | Train: 0.155653 | Val: 0.164749 | Corr: 0.222471 | LR: 1.00e-03
2026-03-03 21:54:29,442 - INFO -   ↳ Saved best model (val_corr=0.222471)
2026-03-03 21:54:35,406 - INFO - Epoch  20/50 | Train: 0.155253 | Val: 0.164462 | Corr: 0.223984 | LR: 1.00e-03
2026-03-03 21:54:35,423 - INFO -   ↳ Saved best model (val_corr=0.223984)
2026-03-03 21:54:41,268 - INFO - Epoch  21/50 | Train: 0.154884 | Val: 0.164812 | Corr: 0.224663 | LR: 1.00e-03
2026-03-03 21:54:41,282 - INFO -   ↳ Saved best model (val_corr=0.224663)
2026-03-03 21:54:47,144 - INFO - Epoch  22/50 | Train: 0.154553 | Val: 0.164592 | Corr: 0.226154 | LR: 5.00e-04
2026-03-03 21:54:47,164 - INFO -   ↳ Saved best model (val_corr=0.226154)
2026-03-03 21:54:52,988 - INFO - Epoch  23/50 | Train: 0.153092 | Val: 0.164548 | Corr: 0.227469 | LR: 5.00e-04
2026-03-03 21:54:53,005 - INFO -   ↳ Saved best model (val_corr=0.227469)
2026-03-03 21:54:58,857 - INFO - Epoch  24/50 | Train: 0.152620 | Val: 0.164678 | Corr: 0.228293 | LR: 5.00e-04
2026-03-03 21:54:58,875 - INFO -   ↳ Saved best model (val_corr=0.228293)
2026-03-03 21:55:04,745 - INFO - Epoch  25/50 | Train: 0.152165 | Val: 0.164635 | Corr: 0.228100 | LR: 5.00e-04
2026-03-03 21:55:10,553 - INFO - Epoch  26/50 | Train: 0.151968 | Val: 0.164888 | Corr: 0.228297 | LR: 5.00e-04
2026-03-03 21:55:10,576 - INFO -   ↳ Saved best model (val_corr=0.228297)
2026-03-03 21:55:16,458 - INFO - Epoch  27/50 | Train: 0.151753 | Val: 0.164972 | Corr: 0.229252 | LR: 5.00e-04
2026-03-03 21:55:16,478 - INFO -   ↳ Saved best model (val_corr=0.229252)
2026-03-03 21:55:22,381 - INFO - Epoch  28/50 | Train: 0.151634 | Val: 0.165218 | Corr: 0.228175 | LR: 2.50e-04
2026-03-03 21:55:28,306 - INFO - Epoch  29/50 | Train: 0.150878 | Val: 0.164927 | Corr: 0.229121 | LR: 2.50e-04
2026-03-03 21:55:34,215 - INFO - Epoch  30/50 | Train: 0.150678 | Val: 0.165242 | Corr: 0.229601 | LR: 2.50e-04
2026-03-03 21:55:34,234 - INFO -   ↳ Saved best model (val_corr=0.229601)
2026-03-03 21:55:40,142 - INFO - Epoch  31/50 | Train: 0.150455 | Val: 0.165123 | Corr: 0.228983 | LR: 2.50e-04
2026-03-03 21:55:46,054 - INFO - Epoch  32/50 | Train: 0.150282 | Val: 0.165295 | Corr: 0.228757 | LR: 2.50e-04
2026-03-03 21:55:51,989 - INFO - Epoch  33/50 | Train: 0.150152 | Val: 0.165296 | Corr: 0.229151 | LR: 2.50e-04
2026-03-03 21:55:57,931 - INFO - Epoch  34/50 | Train: 0.150149 | Val: 0.165300 | Corr: 0.229804 | LR: 1.25e-04
2026-03-03 21:55:57,950 - INFO -   ↳ Saved best model (val_corr=0.229804)
2026-03-03 21:56:03,777 - INFO - Epoch  35/50 | Train: 0.149662 | Val: 0.165521 | Corr: 0.229509 | LR: 1.25e-04
2026-03-03 21:56:09,720 - INFO - Epoch  36/50 | Train: 0.149634 | Val: 0.165562 | Corr: 0.229958 | LR: 1.25e-04
2026-03-03 21:56:09,734 - INFO -   ↳ Saved best model (val_corr=0.229958)
2026-03-03 21:56:15,661 - INFO - Epoch  37/50 | Train: 0.149546 | Val: 0.166002 | Corr: 0.229763 | LR: 1.25e-04
2026-03-03 21:56:21,585 - INFO - Epoch  38/50 | Train: 0.149458 | Val: 0.165604 | Corr: 0.228902 | LR: 1.25e-04
2026-03-03 21:56:27,512 - INFO - Epoch  39/50 | Train: 0.149335 | Val: 0.165622 | Corr: 0.229701 | LR: 1.25e-04
2026-03-03 21:56:33,505 - INFO - Epoch  40/50 | Train: 0.149238 | Val: 0.165692 | Corr: 0.230162 | LR: 6.25e-05
2026-03-03 21:56:33,549 - INFO -   ↳ Saved best model (val_corr=0.230162)
2026-03-03 21:56:39,348 - INFO - Epoch  41/50 | Train: 0.149112 | Val: 0.165815 | Corr: 0.230102 | LR: 6.25e-05
2026-03-03 21:56:45,044 - INFO - Epoch  42/50 | Train: 0.149119 | Val: 0.165623 | Corr: 0.229016 | LR: 6.25e-05
2026-03-03 21:56:50,892 - INFO - Epoch  43/50 | Train: 0.149124 | Val: 0.166048 | Corr: 0.229997 | LR: 6.25e-05
2026-03-03 21:56:56,695 - INFO - Epoch  44/50 | Train: 0.148995 | Val: 0.165974 | Corr: 0.229951 | LR: 6.25e-05
2026-03-03 21:57:02,529 - INFO - Epoch  45/50 | Train: 0.149051 | Val: 0.165724 | Corr: 0.230262 | LR: 6.25e-05
2026-03-03 21:57:02,545 - INFO -   ↳ Saved best model (val_corr=0.230262)
2026-03-03 21:57:08,361 - INFO - Epoch  46/50 | Train: 0.148960 | Val: 0.165730 | Corr: 0.229970 | LR: 3.13e-05
2026-03-03 21:57:14,181 - INFO - Epoch  47/50 | Train: 0.148828 | Val: 0.165851 | Corr: 0.229446 | LR: 3.13e-05
2026-03-03 21:57:20,014 - INFO - Epoch  48/50 | Train: 0.148866 | Val: 0.165934 | Corr: 0.230160 | LR: 3.13e-05
2026-03-03 21:57:25,832 - INFO - Epoch  49/50 | Train: 0.148746 | Val: 0.165754 | Corr: 0.227467 | LR: 3.13e-05
2026-03-03 21:57:31,698 - INFO - Epoch  50/50 | Train: 0.148817 | Val: 0.165925 | Corr: 0.229549 | LR: 3.13e-05
2026-03-03 21:57:31,699 - INFO - Training complete — best val corr: 0.230262
2026-03-03 21:57:32,894 - INFO - Test loss: 0.156398, Test corr: 0.223845
2026-03-03 21:57:33,431 - INFO - Fraction of variance explained (FVE): 0.060979
2026-03-03 21:57:33,431 - INFO - Computing autoregressive (AR) test predictions …
2026-03-03 21:57:34,098 - INFO - AR FVE: -0.013167, AR test corr: 0.061597
2026-03-03 21:57:34,098 - INFO - Generating figures …
2026-03-03 21:57:34,460 - INFO - Correlation between predicted and actual per-neuron averages: r=0.9925, p=0.00e+00
2026-03-03 21:57:36,064 - INFO - Pattern selectivity summary:
2026-03-03 21:57:36,064 - INFO -   Mean correlation across neurons: 0.6755
2026-03-03 21:57:36,064 - INFO -   Median correlation: 0.6728
2026-03-03 21:57:36,064 - INFO -   Neurons with r > 0.5: 53 / 63
2026-03-03 21:57:36,064 - INFO -   Neurons with r > 0.3: 63 / 63
2026-03-03 21:57:36,064 - INFO - Pattern selectivity — mean neuron corr: 0.6755
2026-03-03 21:57:37,391 - INFO - LOO (avg rate) — Model mean r: 0.5482, LOO mean r: 0.4546, Neurons model > LOO: 45/63
2026-03-03 21:57:39,037 - INFO - LOO (temporal) — Model mean r: 0.2351, LOO mean r: 0.3186, Neurons model > LOO: 8/63
2026-03-03 21:57:39,037 - INFO - Skipping oracle trial plots (skip_oracle_plots=True)
2026-03-03 21:57:39,044 - INFO - Experiment complete. Summary: {
  "run_dir": "/scratch/sb272/patterns5k_results/slurm_hist_cnn_2026-03-03_15-13-01/trial_0223_learning_rate=1.0e-03_history=2_kernel_sizes=10x5x3_conv_channels=256x128x64_fc_dims=256_seed1",
  "model_type": "cnn",
  "batch_avg_test_loss": 0.1563983849287033,
  "batch_avg_test_corr": 0.22384509802680744,
  "all_test_fve": 0.060979017189570835,
  "AR_FVE": -0.01316722139479622,
  "AR_test_correlation": 0.061596810817718506,
  "best_val_corr": 0.23026164897912701,
  "total_params": 491391,
  "trainable_params": 491391,
  "epochs_trained": 50,
  "mean_pattern_corr": 0.6755111191981464,
  "history": 2,
  "init_state": true,
  "loo_avg_mean_corr": 0.45456832695830385,
  "model_avg_mean_corr": 0.5481881699596776,
  "neurons_model_beats_loo_avg": 45,
  "loo_temporal_mean_corr": 0.31855225563049316,
  "all_test_corr": 0.23507176339626312,
  "neurons_model_beats_loo_temporal": 8,
  "kernel_sizes": [
    10,
    5,
    3
  ],
  "conv_channels": [
    256,
    128,
    64
  ],
  "fc_dims": [
    256
  ]
}
