2026-02-15 21:42:12,519 - INFO - ============================================================
2026-02-15 21:42:12,519 - INFO - Experiment run directory: results/base_cnn_kernel_sweep_2026-02-15_19-39-07/trial_0036_learning_rate=1.0e-04
2026-02-15 21:42:12,519 - INFO - ============================================================
2026-02-15 21:42:12,519 - INFO - Using preloaded raw data (skipping I/O)
2026-02-15 21:42:12,519 - INFO - Stimulation channels: 42, Spiking neurons: 63
2026-02-15 21:42:12,519 - INFO - Unique patterns: 4050, Total trials: 5000
2026-02-15 21:42:12,531 - INFO - Split (oracle): train=3400, val=600, test=1000
2026-02-15 21:42:26,555 - INFO - BinnedStimSpikeDataset initialized:
2026-02-15 21:42:26,556 - INFO -   input_bin_size_ms=10, output_bin_size_ms=10
2026-02-15 21:42:26,556 - INFO -   n_input_bins=60, n_output_bins=60
2026-02-15 21:42:26,556 - INFO -   output_offset=0, total_bins_input=60, total_bins_output=60
2026-02-15 21:42:26,556 - INFO -   Valid start positions per trial: 0 to 0
2026-02-15 21:42:26,556 - INFO -   Total samples: 3400 (3400 trials × 1 positions)
2026-02-15 21:42:39,903 - INFO - BinnedStimSpikeDataset initialized:
2026-02-15 21:42:39,904 - INFO -   input_bin_size_ms=10, output_bin_size_ms=10
2026-02-15 21:42:39,904 - INFO -   n_input_bins=60, n_output_bins=60
2026-02-15 21:42:39,904 - INFO -   output_offset=0, total_bins_input=60, total_bins_output=60
2026-02-15 21:42:39,904 - INFO -   Valid start positions per trial: 0 to 0
2026-02-15 21:42:39,904 - INFO -   Total samples: 600 (600 trials × 1 positions)
2026-02-15 21:42:53,361 - INFO - BinnedStimSpikeDataset initialized:
2026-02-15 21:42:53,362 - INFO -   input_bin_size_ms=10, output_bin_size_ms=10
2026-02-15 21:42:53,362 - INFO -   n_input_bins=60, n_output_bins=60
2026-02-15 21:42:53,362 - INFO -   output_offset=0, total_bins_input=60, total_bins_output=60
2026-02-15 21:42:53,362 - INFO -   Valid start positions per trial: 0 to 0
2026-02-15 21:42:53,362 - INFO -   Total samples: 1000 (1000 trials × 1 positions)
2026-02-15 21:42:53,362 - INFO - Samples — train: 3400, val: 600, test: 1000
2026-02-15 21:42:53,362 - INFO - Input channels: 105, Neurons: 63
2026-02-15 21:42:53,362 - INFO - Using Apple Silicon MPS acceleration
2026-02-15 21:42:53,369 - INFO - Model: CNN — 53,183 trainable params (53,183 total)
2026-02-15 21:42:53,370 - INFO - Starting training …
2026-02-15 21:42:55,679 - INFO - Epoch   1/50 | Train: 0.552187 | Val: 0.239402 | Corr: 0.058047 | LR: 1.00e-04
2026-02-15 21:42:55,683 - INFO -   ↳ Saved best model (val_corr=0.058047)
2026-02-15 21:42:57,287 - INFO - Epoch   2/50 | Train: 0.214031 | Val: 0.201456 | Corr: 0.153634 | LR: 1.00e-04
2026-02-15 21:42:57,291 - INFO -   ↳ Saved best model (val_corr=0.153634)
2026-02-15 21:42:58,927 - INFO - Epoch   3/50 | Train: 0.203159 | Val: 0.198378 | Corr: 0.174260 | LR: 1.00e-04
2026-02-15 21:42:58,931 - INFO -   ↳ Saved best model (val_corr=0.174260)
2026-02-15 21:43:00,585 - INFO - Epoch   4/50 | Train: 0.200574 | Val: 0.196311 | Corr: 0.187774 | LR: 1.00e-04
2026-02-15 21:43:00,589 - INFO -   ↳ Saved best model (val_corr=0.187774)
2026-02-15 21:43:02,172 - INFO - Epoch   5/50 | Train: 0.198705 | Val: 0.194539 | Corr: 0.199554 | LR: 1.00e-04
2026-02-15 21:43:02,175 - INFO -   ↳ Saved best model (val_corr=0.199554)
2026-02-15 21:43:03,799 - INFO - Epoch   6/50 | Train: 0.197026 | Val: 0.192980 | Corr: 0.210761 | LR: 1.00e-04
2026-02-15 21:43:03,802 - INFO -   ↳ Saved best model (val_corr=0.210761)
2026-02-15 21:43:05,423 - INFO - Epoch   7/50 | Train: 0.195356 | Val: 0.191595 | Corr: 0.220352 | LR: 1.00e-04
2026-02-15 21:43:05,427 - INFO -   ↳ Saved best model (val_corr=0.220352)
2026-02-15 21:43:07,006 - INFO - Epoch   8/50 | Train: 0.193939 | Val: 0.190211 | Corr: 0.229544 | LR: 1.00e-04
2026-02-15 21:43:07,010 - INFO -   ↳ Saved best model (val_corr=0.229544)
2026-02-15 21:43:08,644 - INFO - Epoch   9/50 | Train: 0.192783 | Val: 0.189111 | Corr: 0.237137 | LR: 1.00e-04
2026-02-15 21:43:08,647 - INFO -   ↳ Saved best model (val_corr=0.237137)
2026-02-15 21:43:10,280 - INFO - Epoch  10/50 | Train: 0.191783 | Val: 0.188221 | Corr: 0.243443 | LR: 1.00e-04
2026-02-15 21:43:10,283 - INFO -   ↳ Saved best model (val_corr=0.243443)
2026-02-15 21:43:11,868 - INFO - Epoch  11/50 | Train: 0.190832 | Val: 0.187371 | Corr: 0.249193 | LR: 1.00e-04
2026-02-15 21:43:11,871 - INFO -   ↳ Saved best model (val_corr=0.249193)
2026-02-15 21:43:13,498 - INFO - Epoch  12/50 | Train: 0.190071 | Val: 0.186653 | Corr: 0.254543 | LR: 1.00e-04
2026-02-15 21:43:13,501 - INFO -   ↳ Saved best model (val_corr=0.254543)
2026-02-15 21:43:15,140 - INFO - Epoch  13/50 | Train: 0.189413 | Val: 0.186055 | Corr: 0.259120 | LR: 1.00e-04
2026-02-15 21:43:15,143 - INFO -   ↳ Saved best model (val_corr=0.259120)
2026-02-15 21:43:16,720 - INFO - Epoch  14/50 | Train: 0.188739 | Val: 0.185512 | Corr: 0.263414 | LR: 1.00e-04
2026-02-15 21:43:16,724 - INFO -   ↳ Saved best model (val_corr=0.263414)
2026-02-15 21:43:18,355 - INFO - Epoch  15/50 | Train: 0.188142 | Val: 0.185010 | Corr: 0.267559 | LR: 1.00e-04
2026-02-15 21:43:18,359 - INFO -   ↳ Saved best model (val_corr=0.267559)
2026-02-15 21:43:19,988 - INFO - Epoch  16/50 | Train: 0.187676 | Val: 0.184567 | Corr: 0.270930 | LR: 1.00e-04
2026-02-15 21:43:19,992 - INFO -   ↳ Saved best model (val_corr=0.270930)
2026-02-15 21:43:21,573 - INFO - Epoch  17/50 | Train: 0.187118 | Val: 0.184124 | Corr: 0.274976 | LR: 1.00e-04
2026-02-15 21:43:21,577 - INFO -   ↳ Saved best model (val_corr=0.274976)
2026-02-15 21:43:23,208 - INFO - Epoch  18/50 | Train: 0.186756 | Val: 0.183706 | Corr: 0.277934 | LR: 1.00e-04
2026-02-15 21:43:23,211 - INFO -   ↳ Saved best model (val_corr=0.277934)
2026-02-15 21:43:24,836 - INFO - Epoch  19/50 | Train: 0.186296 | Val: 0.183349 | Corr: 0.280758 | LR: 1.00e-04
2026-02-15 21:43:24,839 - INFO -   ↳ Saved best model (val_corr=0.280758)
2026-02-15 21:43:26,415 - INFO - Epoch  20/50 | Train: 0.185856 | Val: 0.183030 | Corr: 0.283537 | LR: 1.00e-04
2026-02-15 21:43:26,418 - INFO -   ↳ Saved best model (val_corr=0.283537)
2026-02-15 21:43:28,049 - INFO - Epoch  21/50 | Train: 0.185524 | Val: 0.182718 | Corr: 0.285588 | LR: 1.00e-04
2026-02-15 21:43:28,052 - INFO -   ↳ Saved best model (val_corr=0.285588)
2026-02-15 21:43:29,674 - INFO - Epoch  22/50 | Train: 0.185163 | Val: 0.182463 | Corr: 0.287795 | LR: 1.00e-04
2026-02-15 21:43:29,677 - INFO -   ↳ Saved best model (val_corr=0.287795)
2026-02-15 21:43:31,248 - INFO - Epoch  23/50 | Train: 0.184839 | Val: 0.182167 | Corr: 0.289565 | LR: 1.00e-04
2026-02-15 21:43:31,251 - INFO -   ↳ Saved best model (val_corr=0.289565)
2026-02-15 21:43:32,882 - INFO - Epoch  24/50 | Train: 0.184571 | Val: 0.181920 | Corr: 0.291584 | LR: 1.00e-04
2026-02-15 21:43:32,885 - INFO -   ↳ Saved best model (val_corr=0.291584)
2026-02-15 21:43:34,510 - INFO - Epoch  25/50 | Train: 0.184241 | Val: 0.181641 | Corr: 0.293441 | LR: 1.00e-04
2026-02-15 21:43:34,513 - INFO -   ↳ Saved best model (val_corr=0.293441)
2026-02-15 21:43:36,089 - INFO - Epoch  26/50 | Train: 0.183992 | Val: 0.181423 | Corr: 0.294995 | LR: 1.00e-04
2026-02-15 21:43:36,092 - INFO -   ↳ Saved best model (val_corr=0.294995)
2026-02-15 21:43:37,718 - INFO - Epoch  27/50 | Train: 0.183668 | Val: 0.181240 | Corr: 0.296534 | LR: 1.00e-04
2026-02-15 21:43:37,721 - INFO -   ↳ Saved best model (val_corr=0.296534)
2026-02-15 21:43:39,352 - INFO - Epoch  28/50 | Train: 0.183462 | Val: 0.180960 | Corr: 0.298089 | LR: 1.00e-04
2026-02-15 21:43:39,356 - INFO -   ↳ Saved best model (val_corr=0.298089)
2026-02-15 21:43:40,934 - INFO - Epoch  29/50 | Train: 0.183177 | Val: 0.180762 | Corr: 0.299550 | LR: 1.00e-04
2026-02-15 21:43:40,937 - INFO -   ↳ Saved best model (val_corr=0.299550)
2026-02-15 21:43:42,567 - INFO - Epoch  30/50 | Train: 0.183008 | Val: 0.180612 | Corr: 0.300425 | LR: 1.00e-04
2026-02-15 21:43:42,571 - INFO -   ↳ Saved best model (val_corr=0.300425)
2026-02-15 21:43:44,212 - INFO - Epoch  31/50 | Train: 0.182722 | Val: 0.180356 | Corr: 0.301947 | LR: 1.00e-04
2026-02-15 21:43:44,216 - INFO -   ↳ Saved best model (val_corr=0.301947)
2026-02-15 21:43:45,807 - INFO - Epoch  32/50 | Train: 0.182556 | Val: 0.180179 | Corr: 0.302935 | LR: 1.00e-04
2026-02-15 21:43:45,810 - INFO -   ↳ Saved best model (val_corr=0.302935)
2026-02-15 21:43:47,403 - INFO - Epoch  33/50 | Train: 0.182379 | Val: 0.179974 | Corr: 0.304248 | LR: 1.00e-04
2026-02-15 21:43:47,406 - INFO -   ↳ Saved best model (val_corr=0.304248)
2026-02-15 21:43:49,061 - INFO - Epoch  34/50 | Train: 0.182159 | Val: 0.179843 | Corr: 0.305062 | LR: 1.00e-04
2026-02-15 21:43:49,065 - INFO -   ↳ Saved best model (val_corr=0.305062)
2026-02-15 21:43:50,697 - INFO - Epoch  35/50 | Train: 0.181939 | Val: 0.179640 | Corr: 0.306303 | LR: 1.00e-04
2026-02-15 21:43:50,700 - INFO -   ↳ Saved best model (val_corr=0.306303)
2026-02-15 21:43:52,324 - INFO - Epoch  36/50 | Train: 0.181718 | Val: 0.179421 | Corr: 0.307289 | LR: 1.00e-04
2026-02-15 21:43:52,329 - INFO -   ↳ Saved best model (val_corr=0.307289)
2026-02-15 21:43:53,913 - INFO - Epoch  37/50 | Train: 0.181553 | Val: 0.179327 | Corr: 0.308006 | LR: 1.00e-04
2026-02-15 21:43:53,916 - INFO -   ↳ Saved best model (val_corr=0.308006)
2026-02-15 21:43:55,544 - INFO - Epoch  38/50 | Train: 0.181354 | Val: 0.179057 | Corr: 0.309286 | LR: 1.00e-04
2026-02-15 21:43:55,547 - INFO -   ↳ Saved best model (val_corr=0.309286)
2026-02-15 21:43:57,124 - INFO - Epoch  39/50 | Train: 0.181181 | Val: 0.179040 | Corr: 0.309829 | LR: 1.00e-04
2026-02-15 21:43:57,128 - INFO -   ↳ Saved best model (val_corr=0.309829)
2026-02-15 21:43:58,747 - INFO - Epoch  40/50 | Train: 0.181065 | Val: 0.178816 | Corr: 0.311059 | LR: 1.00e-04
2026-02-15 21:43:58,750 - INFO -   ↳ Saved best model (val_corr=0.311059)
2026-02-15 21:44:00,368 - INFO - Epoch  41/50 | Train: 0.180872 | Val: 0.178638 | Corr: 0.311986 | LR: 1.00e-04
2026-02-15 21:44:00,371 - INFO -   ↳ Saved best model (val_corr=0.311986)
2026-02-15 21:44:01,947 - INFO - Epoch  42/50 | Train: 0.180721 | Val: 0.178403 | Corr: 0.312485 | LR: 1.00e-04
2026-02-15 21:44:01,950 - INFO -   ↳ Saved best model (val_corr=0.312485)
2026-02-15 21:44:03,578 - INFO - Epoch  43/50 | Train: 0.180563 | Val: 0.178297 | Corr: 0.313527 | LR: 1.00e-04
2026-02-15 21:44:03,582 - INFO -   ↳ Saved best model (val_corr=0.313527)
2026-02-15 21:44:05,212 - INFO - Epoch  44/50 | Train: 0.180361 | Val: 0.178115 | Corr: 0.314212 | LR: 1.00e-04
2026-02-15 21:44:05,215 - INFO -   ↳ Saved best model (val_corr=0.314212)
2026-02-15 21:44:06,793 - INFO - Epoch  45/50 | Train: 0.180237 | Val: 0.177945 | Corr: 0.315071 | LR: 1.00e-04
2026-02-15 21:44:06,796 - INFO -   ↳ Saved best model (val_corr=0.315071)
2026-02-15 21:44:08,425 - INFO - Epoch  46/50 | Train: 0.180092 | Val: 0.177790 | Corr: 0.315799 | LR: 1.00e-04
2026-02-15 21:44:08,428 - INFO -   ↳ Saved best model (val_corr=0.315799)
2026-02-15 21:44:10,069 - INFO - Epoch  47/50 | Train: 0.179959 | Val: 0.177740 | Corr: 0.316367 | LR: 1.00e-04
2026-02-15 21:44:10,072 - INFO -   ↳ Saved best model (val_corr=0.316367)
2026-02-15 21:44:11,653 - INFO - Epoch  48/50 | Train: 0.179833 | Val: 0.177605 | Corr: 0.317034 | LR: 1.00e-04
2026-02-15 21:44:11,656 - INFO -   ↳ Saved best model (val_corr=0.317034)
2026-02-15 21:44:13,288 - INFO - Epoch  49/50 | Train: 0.179625 | Val: 0.177422 | Corr: 0.317802 | LR: 1.00e-04
2026-02-15 21:44:13,292 - INFO -   ↳ Saved best model (val_corr=0.317802)
2026-02-15 21:44:14,911 - INFO - Epoch  50/50 | Train: 0.179558 | Val: 0.177344 | Corr: 0.318465 | LR: 1.00e-04
2026-02-15 21:44:14,922 - INFO -   ↳ Saved best model (val_corr=0.318465)
2026-02-15 21:44:14,922 - INFO - Training complete — best val corr: 0.318465
2026-02-15 21:44:15,237 - INFO - Test loss: 0.168842, Test corr: 0.313264
2026-02-15 21:44:15,341 - INFO - Generating figures …
2026-02-15 21:44:15,549 - INFO - Correlation between predicted and actual per-neuron averages: r=0.9950, p=7.12e-63
2026-02-15 21:44:16,322 - INFO - Pattern selectivity summary:
2026-02-15 21:44:16,322 - INFO -   Mean correlation across neurons: 0.6382
2026-02-15 21:44:16,322 - INFO -   Median correlation: 0.6704
2026-02-15 21:44:16,322 - INFO -   Neurons with r > 0.5: 50 / 63
2026-02-15 21:44:16,322 - INFO -   Neurons with r > 0.3: 61 / 63
2026-02-15 21:44:16,322 - INFO - Pattern selectivity — mean neuron corr: 0.6382
2026-02-15 21:44:16,660 - INFO - LOO baseline — Model mean r: 0.5379, LOO mean r: 0.4728, Neurons model > LOO: 40/63
2026-02-15 21:44:16,661 - INFO - Skipping oracle trial plots (skip_oracle_plots=True)
2026-02-15 21:44:16,662 - INFO - Experiment complete. Summary: {
  "run_dir": "results/base_cnn_kernel_sweep_2026-02-15_19-39-07/trial_0036_learning_rate=1.0e-04",
  "model_type": "cnn",
  "test_loss": 0.16884237098693847,
  "test_corr": 0.3132636634509159,
  "best_val_corr": 0.3184648930360976,
  "total_params": 53183,
  "trainable_params": 53183,
  "epochs_trained": 50,
  "mean_pattern_corr": 0.6381749768370765,
  "loo_mean_corr": 0.47275709111471625,
  "model_sample_mean_corr": 0.5378612841857981,
  "neurons_model_beats_loo": 40
}
2026-02-15 21:44:16,663 - INFO - 
======================================================================
2026-02-15 21:44:16,663 - INFO - [38/216] trial_0037_learning_rate=1.0e-04
2026-02-15 21:44:16,663 - INFO -   Overrides: {"kernel_sizes": [3], "learning_rate": 0.0001, "weight_decay": 0, "conv_channels": [128]}
2026-02-15 21:44:16,663 - INFO -   Output: results/base_cnn_kernel_sweep_2026-02-15_19-39-07/trial_0037_learning_rate=1.0e-04
