2026-03-04 00:47:39,911 - INFO - ============================================================
2026-03-04 00:47:39,911 - INFO - Experiment run directory: /scratch/sb272/patterns5k_results/slurm_hist_cnn_2026-03-03_15-13-01/trial_0258_learning_rate=1.0e-03_history=2_kernel_sizes=10x5x3_conv_channels=256x128x64_fc_dims=256_seed2
2026-03-04 00:47:39,911 - INFO - ============================================================
2026-03-04 00:47:39,911 - INFO - Loading data …
2026-03-04 00:47:40,873 - INFO - 63 unique neurons after dropping problematic neurons
2026-03-04 00:47:42,258 - INFO - Stimulation channels: 42, Spiking neurons: 63
2026-03-04 00:50:05,736 - INFO - Unique patterns: 4050, Total trials: 5000
2026-03-04 00:50:05,742 - INFO - Stimulation channels: 42, Spiking neurons: 63
2026-03-04 00:50:05,742 - INFO - Unique patterns: 4050, Total trials: 5000
2026-03-04 00:50:05,762 - INFO - Split (oracle): train=3400, val=600, test=1000
2026-03-04 00:50:36,354 - INFO - BinnedStimSpikeDataset initialized:
2026-03-04 00:50:36,355 - INFO -   input_bin_size_ms=10, output_bin_size_ms=10
2026-03-04 00:50:36,355 - INFO -   n_input_bins=60, n_output_bins=60
2026-03-04 00:50:36,355 - INFO -   output_offset=0, total_bins_input=60, total_bins_output=60
2026-03-04 00:50:36,355 - INFO -   Valid start positions per trial: 0 to 0
2026-03-04 00:50:36,355 - INFO -   Total samples: 3400 (3400 trials × 1 positions)
2026-03-04 00:51:06,094 - INFO - BinnedStimSpikeDataset initialized:
2026-03-04 00:51:06,095 - INFO -   input_bin_size_ms=10, output_bin_size_ms=10
2026-03-04 00:51:06,095 - INFO -   n_input_bins=60, n_output_bins=60
2026-03-04 00:51:06,095 - INFO -   output_offset=0, total_bins_input=60, total_bins_output=60
2026-03-04 00:51:06,095 - INFO -   Valid start positions per trial: 0 to 0
2026-03-04 00:51:06,095 - INFO -   Total samples: 600 (600 trials × 1 positions)
2026-03-04 00:51:35,542 - INFO - BinnedStimSpikeDataset initialized:
2026-03-04 00:51:35,542 - INFO -   input_bin_size_ms=10, output_bin_size_ms=10
2026-03-04 00:51:35,542 - INFO -   n_input_bins=60, n_output_bins=60
2026-03-04 00:51:35,543 - INFO -   output_offset=0, total_bins_input=60, total_bins_output=60
2026-03-04 00:51:35,543 - INFO -   Valid start positions per trial: 0 to 0
2026-03-04 00:51:35,543 - INFO -   Total samples: 1000 (1000 trials × 1 positions)
2026-03-04 00:51:35,543 - INFO - Samples — train: 3400, val: 600, test: 1000
2026-03-04 00:51:35,543 - INFO - Input channels: 105, Neurons: 63
2026-03-04 00:51:35,565 - INFO - Using CPU
2026-03-04 00:51:35,585 - INFO - Model: CNN — 491,391 trainable params (491,391 total)
2026-03-04 00:51:47,873 - INFO - Starting training …
2026-03-04 00:52:00,431 - INFO - Epoch   1/50 | Train: 0.222827 | Val: 0.174830 | Corr: 0.138457 | LR: 1.00e-03
2026-03-04 00:52:00,470 - INFO -   ↳ Saved best model (val_corr=0.138457)
2026-03-04 00:52:12,261 - INFO - Epoch   2/50 | Train: 0.175507 | Val: 0.171175 | Corr: 0.157888 | LR: 1.00e-03
2026-03-04 00:52:12,283 - INFO -   ↳ Saved best model (val_corr=0.157888)
2026-03-04 00:52:24,126 - INFO - Epoch   3/50 | Train: 0.172029 | Val: 0.168946 | Corr: 0.173735 | LR: 1.00e-03
2026-03-04 00:52:24,152 - INFO -   ↳ Saved best model (val_corr=0.173735)
2026-03-04 00:52:35,773 - INFO - Epoch   4/50 | Train: 0.169583 | Val: 0.167751 | Corr: 0.181706 | LR: 1.00e-03
2026-03-04 00:52:35,805 - INFO -   ↳ Saved best model (val_corr=0.181706)
2026-03-04 00:52:47,528 - INFO - Epoch   5/50 | Train: 0.167662 | Val: 0.168710 | Corr: 0.186854 | LR: 1.00e-03
2026-03-04 00:52:47,549 - INFO -   ↳ Saved best model (val_corr=0.186854)
2026-03-04 00:52:59,356 - INFO - Epoch   6/50 | Train: 0.166127 | Val: 0.166641 | Corr: 0.191108 | LR: 1.00e-03
2026-03-04 00:52:59,386 - INFO -   ↳ Saved best model (val_corr=0.191108)
2026-03-04 00:53:11,160 - INFO - Epoch   7/50 | Train: 0.164778 | Val: 0.166154 | Corr: 0.194711 | LR: 1.00e-03
2026-03-04 00:53:11,187 - INFO -   ↳ Saved best model (val_corr=0.194711)
2026-03-04 00:53:22,932 - INFO - Epoch   8/50 | Train: 0.163613 | Val: 0.165428 | Corr: 0.198526 | LR: 1.00e-03
2026-03-04 00:53:22,958 - INFO -   ↳ Saved best model (val_corr=0.198526)
2026-03-04 00:53:34,276 - INFO - Epoch   9/50 | Train: 0.162528 | Val: 0.164721 | Corr: 0.203552 | LR: 1.00e-03
2026-03-04 00:53:34,305 - INFO -   ↳ Saved best model (val_corr=0.203552)
2026-03-04 00:53:45,292 - INFO - Epoch  10/50 | Train: 0.161572 | Val: 0.164880 | Corr: 0.205248 | LR: 1.00e-03
2026-03-04 00:53:45,333 - INFO -   ↳ Saved best model (val_corr=0.205248)
2026-03-04 00:53:56,393 - INFO - Epoch  11/50 | Train: 0.160623 | Val: 0.164747 | Corr: 0.208234 | LR: 1.00e-03
2026-03-04 00:53:56,423 - INFO -   ↳ Saved best model (val_corr=0.208234)
2026-03-04 00:54:07,418 - INFO - Epoch  12/50 | Train: 0.159901 | Val: 0.164339 | Corr: 0.211606 | LR: 1.00e-03
2026-03-04 00:54:07,443 - INFO -   ↳ Saved best model (val_corr=0.211606)
2026-03-04 00:54:18,508 - INFO - Epoch  13/50 | Train: 0.159152 | Val: 0.163773 | Corr: 0.214339 | LR: 1.00e-03
2026-03-04 00:54:18,530 - INFO -   ↳ Saved best model (val_corr=0.214339)
2026-03-04 00:54:29,726 - INFO - Epoch  14/50 | Train: 0.158461 | Val: 0.163745 | Corr: 0.216203 | LR: 1.00e-03
2026-03-04 00:54:29,756 - INFO -   ↳ Saved best model (val_corr=0.216203)
2026-03-04 00:54:40,961 - INFO - Epoch  15/50 | Train: 0.157810 | Val: 0.163963 | Corr: 0.217883 | LR: 1.00e-03
2026-03-04 00:54:40,980 - INFO -   ↳ Saved best model (val_corr=0.217883)
2026-03-04 00:54:52,258 - INFO - Epoch  16/50 | Train: 0.157231 | Val: 0.164596 | Corr: 0.217911 | LR: 1.00e-03
2026-03-04 00:54:52,286 - INFO -   ↳ Saved best model (val_corr=0.217911)
2026-03-04 00:55:03,409 - INFO - Epoch  17/50 | Train: 0.156629 | Val: 0.163565 | Corr: 0.220797 | LR: 1.00e-03
2026-03-04 00:55:03,444 - INFO -   ↳ Saved best model (val_corr=0.220797)
2026-03-04 00:55:14,410 - INFO - Epoch  18/50 | Train: 0.156218 | Val: 0.163642 | Corr: 0.221996 | LR: 1.00e-03
2026-03-04 00:55:14,482 - INFO -   ↳ Saved best model (val_corr=0.221996)
2026-03-04 00:55:25,503 - INFO - Epoch  19/50 | Train: 0.155730 | Val: 0.163572 | Corr: 0.222599 | LR: 1.00e-03
2026-03-04 00:55:25,543 - INFO -   ↳ Saved best model (val_corr=0.222599)
2026-03-04 00:55:36,617 - INFO - Epoch  20/50 | Train: 0.155223 | Val: 0.163511 | Corr: 0.224204 | LR: 1.00e-03
2026-03-04 00:55:36,645 - INFO -   ↳ Saved best model (val_corr=0.224204)
2026-03-04 00:55:47,835 - INFO - Epoch  21/50 | Train: 0.154847 | Val: 0.163686 | Corr: 0.224381 | LR: 1.00e-03
2026-03-04 00:55:47,860 - INFO -   ↳ Saved best model (val_corr=0.224381)
2026-03-04 00:55:59,134 - INFO - Epoch  22/50 | Train: 0.154557 | Val: 0.163624 | Corr: 0.224576 | LR: 1.00e-03
2026-03-04 00:55:59,153 - INFO -   ↳ Saved best model (val_corr=0.224576)
2026-03-04 00:56:10,340 - INFO - Epoch  23/50 | Train: 0.154253 | Val: 0.163525 | Corr: 0.226620 | LR: 1.00e-03
2026-03-04 00:56:10,372 - INFO -   ↳ Saved best model (val_corr=0.226620)
2026-03-04 00:56:21,477 - INFO - Epoch  24/50 | Train: 0.153774 | Val: 0.163725 | Corr: 0.225666 | LR: 1.00e-03
2026-03-04 00:56:32,720 - INFO - Epoch  25/50 | Train: 0.153598 | Val: 0.163895 | Corr: 0.226616 | LR: 1.00e-03
2026-03-04 00:56:43,974 - INFO - Epoch  26/50 | Train: 0.153250 | Val: 0.164240 | Corr: 0.226542 | LR: 5.00e-04
2026-03-04 00:56:55,191 - INFO - Epoch  27/50 | Train: 0.152024 | Val: 0.163949 | Corr: 0.228620 | LR: 5.00e-04
2026-03-04 00:56:55,223 - INFO -   ↳ Saved best model (val_corr=0.228620)
2026-03-04 00:57:06,298 - INFO - Epoch  28/50 | Train: 0.151413 | Val: 0.164192 | Corr: 0.227525 | LR: 5.00e-04
2026-03-04 00:57:17,475 - INFO - Epoch  29/50 | Train: 0.151217 | Val: 0.163967 | Corr: 0.228640 | LR: 5.00e-04
2026-03-04 00:57:17,497 - INFO -   ↳ Saved best model (val_corr=0.228640)
2026-03-04 00:57:28,587 - INFO - Epoch  30/50 | Train: 0.151014 | Val: 0.164391 | Corr: 0.229038 | LR: 5.00e-04
2026-03-04 00:57:28,625 - INFO -   ↳ Saved best model (val_corr=0.229038)
2026-03-04 00:57:39,421 - INFO - Epoch  31/50 | Train: 0.150836 | Val: 0.164212 | Corr: 0.228247 | LR: 5.00e-04
2026-03-04 00:57:50,498 - INFO - Epoch  32/50 | Train: 0.150635 | Val: 0.164516 | Corr: 0.228451 | LR: 2.50e-04
2026-03-04 00:58:01,701 - INFO - Epoch  33/50 | Train: 0.150035 | Val: 0.164473 | Corr: 0.228332 | LR: 2.50e-04
2026-03-04 00:58:12,818 - INFO - Epoch  34/50 | Train: 0.149803 | Val: 0.164624 | Corr: 0.229143 | LR: 2.50e-04
2026-03-04 00:58:12,850 - INFO -   ↳ Saved best model (val_corr=0.229143)
2026-03-04 00:58:24,037 - INFO - Epoch  35/50 | Train: 0.149638 | Val: 0.164311 | Corr: 0.227844 | LR: 2.50e-04
2026-03-04 00:58:35,114 - INFO - Epoch  36/50 | Train: 0.149497 | Val: 0.164901 | Corr: 0.228862 | LR: 2.50e-04
2026-03-04 00:58:46,174 - INFO - Epoch  37/50 | Train: 0.149370 | Val: 0.164994 | Corr: 0.229149 | LR: 2.50e-04
2026-03-04 00:58:46,207 - INFO -   ↳ Saved best model (val_corr=0.229149)
2026-03-04 00:58:57,317 - INFO - Epoch  38/50 | Train: 0.149274 | Val: 0.164989 | Corr: 0.229339 | LR: 1.25e-04
2026-03-04 00:58:57,337 - INFO -   ↳ Saved best model (val_corr=0.229339)
2026-03-04 00:59:08,465 - INFO - Epoch  39/50 | Train: 0.148969 | Val: 0.165167 | Corr: 0.227555 | LR: 1.25e-04
2026-03-04 00:59:19,447 - INFO - Epoch  40/50 | Train: 0.148938 | Val: 0.165152 | Corr: 0.229072 | LR: 1.25e-04
2026-03-04 00:59:30,590 - INFO - Epoch  41/50 | Train: 0.148767 | Val: 0.164909 | Corr: 0.228510 | LR: 1.25e-04
2026-03-04 00:59:41,650 - INFO - Epoch  42/50 | Train: 0.148733 | Val: 0.165274 | Corr: 0.229106 | LR: 1.25e-04
2026-03-04 00:59:52,716 - INFO - Epoch  43/50 | Train: 0.148608 | Val: 0.165222 | Corr: 0.228989 | LR: 1.25e-04
2026-03-04 01:00:03,649 - INFO - Epoch  44/50 | Train: 0.148604 | Val: 0.165491 | Corr: 0.229086 | LR: 6.25e-05
2026-03-04 01:00:14,741 - INFO - Epoch  45/50 | Train: 0.148425 | Val: 0.165101 | Corr: 0.228023 | LR: 6.25e-05
2026-03-04 01:00:25,643 - INFO - Epoch  46/50 | Train: 0.148448 | Val: 0.165293 | Corr: 0.228895 | LR: 6.25e-05
2026-03-04 01:00:36,607 - INFO - Epoch  47/50 | Train: 0.148335 | Val: 0.165831 | Corr: 0.228437 | LR: 6.25e-05
2026-03-04 01:00:47,690 - INFO - Epoch  48/50 | Train: 0.148364 | Val: 0.165405 | Corr: 0.228494 | LR: 6.25e-05
2026-03-04 01:00:47,691 - INFO - Early stopping at epoch 48
2026-03-04 01:00:47,691 - INFO - Training complete — best val corr: 0.229339
2026-03-04 01:00:49,958 - INFO - Test loss: 0.156654, Test corr: 0.223285
2026-03-04 01:00:50,901 - INFO - Fraction of variance explained (FVE): 0.059733
2026-03-04 01:00:50,902 - INFO - Computing autoregressive (AR) test predictions …
2026-03-04 01:00:52,055 - INFO - AR FVE: -0.013385, AR test corr: 0.061760
2026-03-04 01:00:52,055 - INFO - Generating figures …
2026-03-04 01:00:52,873 - INFO - Correlation between predicted and actual per-neuron averages: r=0.9859, p=0.00e+00
2026-03-04 01:00:55,792 - INFO - Pattern selectivity summary:
2026-03-04 01:00:55,792 - INFO -   Mean correlation across neurons: 0.6833
2026-03-04 01:00:55,792 - INFO -   Median correlation: 0.6964
2026-03-04 01:00:55,792 - INFO -   Neurons with r > 0.5: 53 / 63
2026-03-04 01:00:55,792 - INFO -   Neurons with r > 0.3: 63 / 63
2026-03-04 01:00:55,793 - INFO - Pattern selectivity — mean neuron corr: 0.6833
2026-03-04 01:00:58,404 - INFO - LOO (avg rate) — Model mean r: 0.5548, LOO mean r: 0.4546, Neurons model > LOO: 46/63
2026-03-04 01:01:01,228 - INFO - LOO (temporal) — Model mean r: 0.2348, LOO mean r: 0.3186, Neurons model > LOO: 8/63
2026-03-04 01:01:01,229 - INFO - Skipping oracle trial plots (skip_oracle_plots=True)
2026-03-04 01:01:01,247 - INFO - Experiment complete. Summary: {
  "run_dir": "/scratch/sb272/patterns5k_results/slurm_hist_cnn_2026-03-03_15-13-01/trial_0258_learning_rate=1.0e-03_history=2_kernel_sizes=10x5x3_conv_channels=256x128x64_fc_dims=256_seed2",
  "model_type": "cnn",
  "batch_avg_test_loss": 0.15665367722511292,
  "batch_avg_test_corr": 0.22328453862627567,
  "all_test_fve": 0.05973346744264875,
  "AR_FVE": -0.013385373448568678,
  "AR_test_correlation": 0.06176016479730606,
  "best_val_corr": 0.2293394382942688,
  "total_params": 491391,
  "trainable_params": 491391,
  "epochs_trained": 48,
  "mean_pattern_corr": 0.683314961720894,
  "history": 2,
  "init_state": true,
  "loo_avg_mean_corr": 0.45456832695830385,
  "model_avg_mean_corr": 0.5548046288111239,
  "neurons_model_beats_loo_avg": 46,
  "loo_temporal_mean_corr": 0.31855225563049316,
  "all_test_corr": 0.2348121702671051,
  "neurons_model_beats_loo_temporal": 8,
  "kernel_sizes": [
    10,
    5,
    3
  ],
  "conv_channels": [
    256,
    128,
    64
  ],
  "fc_dims": [
    256
  ]
}
