2026-02-24 11:16:58,782 - INFO - ============================================================
2026-02-24 11:16:58,782 - INFO - Experiment run directory: results/multilayer_cnn_nohist_sweep_v2_2026-02-24_10-49-19/trial_0018_kernel_sizes=60_conv_channels=64x32_fc_dims=256
2026-02-24 11:16:58,782 - INFO - ============================================================
2026-02-24 11:16:58,782 - INFO - Using preloaded raw data (skipping I/O)
2026-02-24 11:16:58,782 - INFO - Stimulation channels: 42, Spiking neurons: 63
2026-02-24 11:16:58,782 - INFO - Unique patterns: 4050, Total trials: 5000
2026-02-24 11:16:58,799 - INFO - Split (oracle): train=3400, val=600, test=1000
2026-02-24 11:17:13,429 - INFO - BinnedStimSpikeDataset initialized:
2026-02-24 11:17:13,430 - INFO -   input_bin_size_ms=10, output_bin_size_ms=10
2026-02-24 11:17:13,430 - INFO -   n_input_bins=60, n_output_bins=60
2026-02-24 11:17:13,430 - INFO -   output_offset=0, total_bins_input=60, total_bins_output=60
2026-02-24 11:17:13,430 - INFO -   Valid start positions per trial: 0 to 0
2026-02-24 11:17:13,430 - INFO -   Total samples: 3400 (3400 trials × 1 positions)
2026-02-24 11:17:27,040 - INFO - BinnedStimSpikeDataset initialized:
2026-02-24 11:17:27,041 - INFO -   input_bin_size_ms=10, output_bin_size_ms=10
2026-02-24 11:17:27,041 - INFO -   n_input_bins=60, n_output_bins=60
2026-02-24 11:17:27,041 - INFO -   output_offset=0, total_bins_input=60, total_bins_output=60
2026-02-24 11:17:27,041 - INFO -   Valid start positions per trial: 0 to 0
2026-02-24 11:17:27,041 - INFO -   Total samples: 600 (600 trials × 1 positions)
2026-02-24 11:17:40,810 - INFO - BinnedStimSpikeDataset initialized:
2026-02-24 11:17:40,811 - INFO -   input_bin_size_ms=10, output_bin_size_ms=10
2026-02-24 11:17:40,811 - INFO -   n_input_bins=60, n_output_bins=60
2026-02-24 11:17:40,811 - INFO -   output_offset=0, total_bins_input=60, total_bins_output=60
2026-02-24 11:17:40,811 - INFO -   Valid start positions per trial: 0 to 0
2026-02-24 11:17:40,811 - INFO -   Total samples: 1000 (1000 trials × 1 positions)
2026-02-24 11:17:40,812 - INFO - Samples — train: 3400, val: 600, test: 1000
2026-02-24 11:17:40,812 - INFO - Input channels: 42, Neurons: 63
2026-02-24 11:17:40,812 - INFO - Using Apple Silicon MPS acceleration
2026-02-24 11:17:40,850 - INFO - Model: CNN — 186,111 trainable params (186,111 total)
2026-02-24 11:17:40,850 - ERROR -   FAILED: '<=' not supported between instances of 'float' and 'str'
2026-02-24 11:17:40,872 - INFO - 
======================================================================
2026-02-24 11:17:40,872 - INFO - [20/28] trial_0019_kernel_sizes=30_conv_channels=64x32_fc_dims=256
2026-02-24 11:17:40,872 - INFO -   Overrides: {"_arch": {"kernel_sizes": [30], "conv_channels": [64, 32], "fc_dims": [256], "weight_decay": "1e-4"}}
2026-02-24 11:17:40,872 - INFO -   Output: results/multilayer_cnn_nohist_sweep_v2_2026-02-24_10-49-19/trial_0019_kernel_sizes=30_conv_channels=64x32_fc_dims=256
