2026-03-03 21:44:45,641 - INFO - ============================================================
2026-03-03 21:44:45,641 - INFO - Experiment run directory: /scratch/sb272/patterns5k_results/slurm_hist_cnn_2026-03-03_15-13-01/trial_0021_learning_rate=1.0e-04_history=10_kernel_sizes=3_conv_channels=256_fc_dims=256_seed0
2026-03-03 21:44:45,641 - INFO - ============================================================
2026-03-03 21:44:45,641 - INFO - Loading data …
2026-03-03 21:44:46,400 - INFO - 63 unique neurons after dropping problematic neurons
2026-03-03 21:44:47,316 - INFO - Stimulation channels: 42, Spiking neurons: 63
2026-03-03 21:46:02,645 - INFO - Unique patterns: 4050, Total trials: 5000
2026-03-03 21:46:02,646 - INFO - Stimulation channels: 42, Spiking neurons: 63
2026-03-03 21:46:02,646 - INFO - Unique patterns: 4050, Total trials: 5000
2026-03-03 21:46:02,658 - INFO - Split (oracle): train=3400, val=600, test=1000
2026-03-03 21:46:17,045 - INFO - BinnedStimSpikeDataset initialized:
2026-03-03 21:46:17,045 - INFO -   input_bin_size_ms=10, output_bin_size_ms=10
2026-03-03 21:46:17,045 - INFO -   n_input_bins=60, n_output_bins=60
2026-03-03 21:46:17,045 - INFO -   output_offset=0, total_bins_input=60, total_bins_output=60
2026-03-03 21:46:17,045 - INFO -   Valid start positions per trial: 0 to 0
2026-03-03 21:46:17,045 - INFO -   Total samples: 3400 (3400 trials × 1 positions)
2026-03-03 21:46:30,893 - INFO - BinnedStimSpikeDataset initialized:
2026-03-03 21:46:30,893 - INFO -   input_bin_size_ms=10, output_bin_size_ms=10
2026-03-03 21:46:30,893 - INFO -   n_input_bins=60, n_output_bins=60
2026-03-03 21:46:30,893 - INFO -   output_offset=0, total_bins_input=60, total_bins_output=60
2026-03-03 21:46:30,893 - INFO -   Valid start positions per trial: 0 to 0
2026-03-03 21:46:30,893 - INFO -   Total samples: 600 (600 trials × 1 positions)
2026-03-03 21:46:44,819 - INFO - BinnedStimSpikeDataset initialized:
2026-03-03 21:46:44,820 - INFO -   input_bin_size_ms=10, output_bin_size_ms=10
2026-03-03 21:46:44,820 - INFO -   n_input_bins=60, n_output_bins=60
2026-03-03 21:46:44,820 - INFO -   output_offset=0, total_bins_input=60, total_bins_output=60
2026-03-03 21:46:44,820 - INFO -   Valid start positions per trial: 0 to 0
2026-03-03 21:46:44,820 - INFO -   Total samples: 1000 (1000 trials × 1 positions)
2026-03-03 21:46:44,820 - INFO - Samples — train: 3400, val: 600, test: 1000
2026-03-03 21:46:44,820 - INFO - Input channels: 105, Neurons: 63
2026-03-03 21:46:44,832 - INFO - Using CPU
2026-03-03 21:46:44,848 - INFO - Model: CNN — 163,391 trainable params (163,391 total)
2026-03-03 21:46:49,247 - INFO - Starting training …
2026-03-03 21:46:53,384 - INFO - Epoch   1/50 | Train: 0.424257 | Val: 0.201922 | Corr: -0.023472 | LR: 1.00e-04
2026-03-03 21:46:53,404 - INFO -   ↳ Saved best model (val_corr=-0.023472)
2026-03-03 21:46:56,663 - INFO - Epoch   2/50 | Train: 0.198327 | Val: 0.195802 | Corr: 0.005657 | LR: 1.00e-04
2026-03-03 21:46:56,675 - INFO -   ↳ Saved best model (val_corr=0.005657)
2026-03-03 21:46:59,875 - INFO - Epoch   3/50 | Train: 0.194654 | Val: 0.193490 | Corr: 0.014733 | LR: 1.00e-04
2026-03-03 21:46:59,887 - INFO -   ↳ Saved best model (val_corr=0.014733)
2026-03-03 21:47:03,082 - INFO - Epoch   4/50 | Train: 0.192489 | Val: 0.192106 | Corr: 0.021270 | LR: 1.00e-04
2026-03-03 21:47:03,095 - INFO -   ↳ Saved best model (val_corr=0.021270)
2026-03-03 21:47:06,316 - INFO - Epoch   5/50 | Train: 0.190813 | Val: 0.190613 | Corr: 0.030296 | LR: 1.00e-04
2026-03-03 21:47:06,334 - INFO -   ↳ Saved best model (val_corr=0.030296)
2026-03-03 21:47:09,621 - INFO - Epoch   6/50 | Train: 0.189393 | Val: 0.189663 | Corr: 0.037136 | LR: 1.00e-04
2026-03-03 21:47:09,633 - INFO -   ↳ Saved best model (val_corr=0.037136)
2026-03-03 21:47:12,865 - INFO - Epoch   7/50 | Train: 0.188148 | Val: 0.188867 | Corr: 0.043770 | LR: 1.00e-04
2026-03-03 21:47:12,882 - INFO -   ↳ Saved best model (val_corr=0.043770)
2026-03-03 21:47:16,051 - INFO - Epoch   8/50 | Train: 0.187325 | Val: 0.188285 | Corr: 0.048031 | LR: 1.00e-04
2026-03-03 21:47:16,067 - INFO -   ↳ Saved best model (val_corr=0.048031)
2026-03-03 21:47:19,252 - INFO - Epoch   9/50 | Train: 0.186662 | Val: 0.187834 | Corr: 0.052889 | LR: 1.00e-04
2026-03-03 21:47:19,271 - INFO -   ↳ Saved best model (val_corr=0.052889)
2026-03-03 21:47:22,560 - INFO - Epoch  10/50 | Train: 0.185899 | Val: 0.187325 | Corr: 0.057321 | LR: 1.00e-04
2026-03-03 21:47:22,572 - INFO -   ↳ Saved best model (val_corr=0.057321)
2026-03-03 21:47:25,866 - INFO - Epoch  11/50 | Train: 0.185433 | Val: 0.187009 | Corr: 0.060256 | LR: 1.00e-04
2026-03-03 21:47:25,878 - INFO -   ↳ Saved best model (val_corr=0.060256)
2026-03-03 21:47:29,150 - INFO - Epoch  12/50 | Train: 0.184768 | Val: 0.186688 | Corr: 0.063548 | LR: 1.00e-04
2026-03-03 21:47:29,164 - INFO -   ↳ Saved best model (val_corr=0.063548)
2026-03-03 21:47:32,367 - INFO - Epoch  13/50 | Train: 0.184384 | Val: 0.186389 | Corr: 0.065883 | LR: 1.00e-04
2026-03-03 21:47:32,380 - INFO -   ↳ Saved best model (val_corr=0.065883)
2026-03-03 21:47:35,576 - INFO - Epoch  14/50 | Train: 0.183949 | Val: 0.186091 | Corr: 0.069181 | LR: 1.00e-04
2026-03-03 21:47:35,586 - INFO -   ↳ Saved best model (val_corr=0.069181)
2026-03-03 21:47:38,841 - INFO - Epoch  15/50 | Train: 0.183518 | Val: 0.185951 | Corr: 0.071555 | LR: 1.00e-04
2026-03-03 21:47:38,852 - INFO -   ↳ Saved best model (val_corr=0.071555)
2026-03-03 21:47:42,123 - INFO - Epoch  16/50 | Train: 0.183195 | Val: 0.185542 | Corr: 0.074089 | LR: 1.00e-04
2026-03-03 21:47:42,134 - INFO -   ↳ Saved best model (val_corr=0.074089)
2026-03-03 21:47:45,342 - INFO - Epoch  17/50 | Train: 0.182817 | Val: 0.185250 | Corr: 0.077255 | LR: 1.00e-04
2026-03-03 21:47:45,354 - INFO -   ↳ Saved best model (val_corr=0.077255)
2026-03-03 21:47:48,584 - INFO - Epoch  18/50 | Train: 0.182401 | Val: 0.185018 | Corr: 0.079445 | LR: 1.00e-04
2026-03-03 21:47:48,596 - INFO -   ↳ Saved best model (val_corr=0.079445)
2026-03-03 21:47:51,803 - INFO - Epoch  19/50 | Train: 0.182056 | Val: 0.184734 | Corr: 0.082276 | LR: 1.00e-04
2026-03-03 21:47:51,817 - INFO -   ↳ Saved best model (val_corr=0.082276)
2026-03-03 21:47:55,034 - INFO - Epoch  20/50 | Train: 0.181779 | Val: 0.184471 | Corr: 0.085037 | LR: 1.00e-04
2026-03-03 21:47:55,046 - INFO -   ↳ Saved best model (val_corr=0.085037)
2026-03-03 21:47:58,256 - INFO - Epoch  21/50 | Train: 0.181363 | Val: 0.184207 | Corr: 0.088023 | LR: 1.00e-04
2026-03-03 21:47:58,266 - INFO -   ↳ Saved best model (val_corr=0.088023)
2026-03-03 21:48:01,469 - INFO - Epoch  22/50 | Train: 0.181063 | Val: 0.184108 | Corr: 0.089362 | LR: 1.00e-04
2026-03-03 21:48:01,543 - INFO -   ↳ Saved best model (val_corr=0.089362)
2026-03-03 21:48:04,752 - INFO - Epoch  23/50 | Train: 0.180764 | Val: 0.183686 | Corr: 0.092455 | LR: 1.00e-04
2026-03-03 21:48:04,779 - INFO -   ↳ Saved best model (val_corr=0.092455)
2026-03-03 21:48:07,986 - INFO - Epoch  24/50 | Train: 0.180418 | Val: 0.183524 | Corr: 0.093662 | LR: 1.00e-04
2026-03-03 21:48:07,998 - INFO -   ↳ Saved best model (val_corr=0.093662)
2026-03-03 21:48:11,270 - INFO - Epoch  25/50 | Train: 0.180097 | Val: 0.183226 | Corr: 0.096684 | LR: 1.00e-04
2026-03-03 21:48:11,285 - INFO -   ↳ Saved best model (val_corr=0.096684)
2026-03-03 21:48:14,462 - INFO - Epoch  26/50 | Train: 0.179922 | Val: 0.183134 | Corr: 0.098461 | LR: 1.00e-04
2026-03-03 21:48:14,473 - INFO -   ↳ Saved best model (val_corr=0.098461)
2026-03-03 21:48:17,597 - INFO - Epoch  27/50 | Train: 0.179539 | Val: 0.182823 | Corr: 0.100187 | LR: 1.00e-04
2026-03-03 21:48:17,607 - INFO -   ↳ Saved best model (val_corr=0.100187)
2026-03-03 21:48:20,758 - INFO - Epoch  28/50 | Train: 0.179317 | Val: 0.182640 | Corr: 0.101131 | LR: 1.00e-04
2026-03-03 21:48:20,768 - INFO -   ↳ Saved best model (val_corr=0.101131)
2026-03-03 21:48:24,022 - INFO - Epoch  29/50 | Train: 0.179095 | Val: 0.182486 | Corr: 0.102713 | LR: 1.00e-04
2026-03-03 21:48:24,033 - INFO -   ↳ Saved best model (val_corr=0.102713)
2026-03-03 21:48:27,263 - INFO - Epoch  30/50 | Train: 0.178873 | Val: 0.182342 | Corr: 0.104570 | LR: 1.00e-04
2026-03-03 21:48:27,274 - INFO -   ↳ Saved best model (val_corr=0.104570)
2026-03-03 21:48:30,420 - INFO - Epoch  31/50 | Train: 0.178643 | Val: 0.182184 | Corr: 0.105894 | LR: 1.00e-04
2026-03-03 21:48:30,432 - INFO -   ↳ Saved best model (val_corr=0.105894)
2026-03-03 21:48:33,678 - INFO - Epoch  32/50 | Train: 0.178459 | Val: 0.182287 | Corr: 0.106619 | LR: 1.00e-04
2026-03-03 21:48:33,689 - INFO -   ↳ Saved best model (val_corr=0.106619)
2026-03-03 21:48:36,834 - INFO - Epoch  33/50 | Train: 0.178355 | Val: 0.182236 | Corr: 0.107919 | LR: 1.00e-04
2026-03-03 21:48:36,871 - INFO -   ↳ Saved best model (val_corr=0.107919)
2026-03-03 21:48:40,149 - INFO - Epoch  34/50 | Train: 0.178194 | Val: 0.181873 | Corr: 0.108695 | LR: 1.00e-04
2026-03-03 21:48:40,159 - INFO -   ↳ Saved best model (val_corr=0.108695)
2026-03-03 21:48:43,383 - INFO - Epoch  35/50 | Train: 0.177989 | Val: 0.181711 | Corr: 0.109846 | LR: 1.00e-04
2026-03-03 21:48:43,393 - INFO -   ↳ Saved best model (val_corr=0.109846)
2026-03-03 21:48:46,594 - INFO - Epoch  36/50 | Train: 0.177777 | Val: 0.181590 | Corr: 0.111661 | LR: 1.00e-04
2026-03-03 21:48:46,610 - INFO -   ↳ Saved best model (val_corr=0.111661)
2026-03-03 21:48:49,920 - INFO - Epoch  37/50 | Train: 0.177683 | Val: 0.181417 | Corr: 0.112433 | LR: 1.00e-04
2026-03-03 21:48:49,936 - INFO -   ↳ Saved best model (val_corr=0.112433)
2026-03-03 21:48:53,230 - INFO - Epoch  38/50 | Train: 0.177475 | Val: 0.181345 | Corr: 0.113596 | LR: 1.00e-04
2026-03-03 21:48:53,243 - INFO -   ↳ Saved best model (val_corr=0.113596)
2026-03-03 21:48:56,534 - INFO - Epoch  39/50 | Train: 0.177369 | Val: 0.181288 | Corr: 0.114473 | LR: 1.00e-04
2026-03-03 21:48:56,546 - INFO -   ↳ Saved best model (val_corr=0.114473)
2026-03-03 21:48:59,838 - INFO - Epoch  40/50 | Train: 0.177144 | Val: 0.181430 | Corr: 0.114649 | LR: 1.00e-04
2026-03-03 21:48:59,854 - INFO -   ↳ Saved best model (val_corr=0.114649)
2026-03-03 21:49:03,122 - INFO - Epoch  41/50 | Train: 0.177065 | Val: 0.181035 | Corr: 0.116655 | LR: 1.00e-04
2026-03-03 21:49:03,135 - INFO -   ↳ Saved best model (val_corr=0.116655)
2026-03-03 21:49:06,427 - INFO - Epoch  42/50 | Train: 0.176964 | Val: 0.181059 | Corr: 0.117239 | LR: 1.00e-04
2026-03-03 21:49:06,441 - INFO -   ↳ Saved best model (val_corr=0.117239)
2026-03-03 21:49:09,732 - INFO - Epoch  43/50 | Train: 0.176885 | Val: 0.180952 | Corr: 0.117846 | LR: 1.00e-04
2026-03-03 21:49:09,764 - INFO -   ↳ Saved best model (val_corr=0.117846)
2026-03-03 21:49:13,027 - INFO - Epoch  44/50 | Train: 0.176676 | Val: 0.181035 | Corr: 0.118009 | LR: 1.00e-04
2026-03-03 21:49:13,051 - INFO -   ↳ Saved best model (val_corr=0.118009)
2026-03-03 21:49:16,301 - INFO - Epoch  45/50 | Train: 0.176621 | Val: 0.180745 | Corr: 0.119455 | LR: 1.00e-04
2026-03-03 21:49:16,314 - INFO -   ↳ Saved best model (val_corr=0.119455)
2026-03-03 21:49:19,539 - INFO - Epoch  46/50 | Train: 0.176450 | Val: 0.180706 | Corr: 0.120035 | LR: 1.00e-04
2026-03-03 21:49:19,549 - INFO -   ↳ Saved best model (val_corr=0.120035)
2026-03-03 21:49:22,774 - INFO - Epoch  47/50 | Train: 0.176437 | Val: 0.180668 | Corr: 0.120535 | LR: 1.00e-04
2026-03-03 21:49:22,787 - INFO -   ↳ Saved best model (val_corr=0.120535)
2026-03-03 21:49:25,989 - INFO - Epoch  48/50 | Train: 0.176271 | Val: 0.180667 | Corr: 0.121004 | LR: 1.00e-04
2026-03-03 21:49:26,000 - INFO -   ↳ Saved best model (val_corr=0.121004)
2026-03-03 21:49:29,236 - INFO - Epoch  49/50 | Train: 0.176209 | Val: 0.180585 | Corr: 0.121254 | LR: 1.00e-04
2026-03-03 21:49:29,249 - INFO -   ↳ Saved best model (val_corr=0.121254)
2026-03-03 21:49:32,504 - INFO - Epoch  50/50 | Train: 0.176154 | Val: 0.180484 | Corr: 0.121596 | LR: 1.00e-04
2026-03-03 21:49:32,513 - INFO -   ↳ Saved best model (val_corr=0.121596)
2026-03-03 21:49:32,513 - INFO - Training complete — best val corr: 0.121596
2026-03-03 21:49:33,561 - INFO - Test loss: 0.169428, Test corr: 0.118290
2026-03-03 21:49:33,802 - INFO - Fraction of variance explained (FVE): 0.017672
2026-03-03 21:49:33,802 - INFO - Computing autoregressive (AR) test predictions …
2026-03-03 21:49:34,185 - INFO - AR FVE: 0.016130, AR test corr: 0.115420
2026-03-03 21:49:34,185 - INFO - Generating figures …
2026-03-03 21:49:34,549 - INFO - Correlation between predicted and actual per-neuron averages: r=0.9945, p=0.00e+00
2026-03-03 21:49:35,991 - INFO - Pattern selectivity summary:
2026-03-03 21:49:35,991 - INFO -   Mean correlation across neurons: 0.5165
2026-03-03 21:49:35,991 - INFO -   Median correlation: 0.5248
2026-03-03 21:49:35,991 - INFO -   Neurons with r > 0.5: 35 / 63
2026-03-03 21:49:35,991 - INFO -   Neurons with r > 0.3: 58 / 63
2026-03-03 21:49:35,991 - INFO - Pattern selectivity — mean neuron corr: 0.5165
2026-03-03 21:49:37,136 - INFO - LOO (avg rate) — Model mean r: 0.3696, LOO mean r: 0.4546, Neurons model > LOO: 14/63
2026-03-03 21:49:38,771 - INFO - LOO (temporal) — Model mean r: 0.1242, LOO mean r: 0.3186, Neurons model > LOO: 1/63
2026-03-03 21:49:38,771 - INFO - Skipping oracle trial plots (skip_oracle_plots=True)
2026-03-03 21:49:38,778 - INFO - Experiment complete. Summary: {
  "run_dir": "/scratch/sb272/patterns5k_results/slurm_hist_cnn_2026-03-03_15-13-01/trial_0021_learning_rate=1.0e-04_history=10_kernel_sizes=3_conv_channels=256_fc_dims=256_seed0",
  "model_type": "cnn",
  "batch_avg_test_loss": 0.16942761945724488,
  "batch_avg_test_corr": 0.11828963907911612,
  "all_test_fve": 0.017671719429984925,
  "AR_FVE": 0.016130120981307255,
  "AR_test_correlation": 0.11541979759931564,
  "best_val_corr": 0.12159598974051711,
  "total_params": 163391,
  "trainable_params": 163391,
  "epochs_trained": 50,
  "mean_pattern_corr": 0.5165491820786056,
  "history": 10,
  "init_state": true,
  "loo_avg_mean_corr": 0.45456832695830385,
  "model_avg_mean_corr": 0.36955334183058247,
  "neurons_model_beats_loo_avg": 14,
  "loo_temporal_mean_corr": 0.31855225563049316,
  "all_test_corr": 0.12422950565814972,
  "neurons_model_beats_loo_temporal": 1,
  "kernel_sizes": [
    3
  ],
  "conv_channels": [
    256
  ],
  "fc_dims": [
    256
  ]
}
