2026-02-15 13:23:29,507 - INFO - ============================================================
2026-02-15 13:23:29,507 - INFO - Experiment run directory: results/base_cnn_kernel_sweep_2026-02-15_11-28-56/trial_0051_learning_rate=1.0e-03
2026-02-15 13:23:29,507 - INFO - ============================================================
2026-02-15 13:23:29,507 - INFO - Using preloaded raw data (skipping I/O)
2026-02-15 13:23:29,507 - INFO - Stimulation channels: 42, Spiking neurons: 63
2026-02-15 13:23:29,507 - INFO - Unique patterns: 4050, Total trials: 5000
2026-02-15 13:23:29,521 - INFO - Split (oracle): train=3400, val=600, test=1000
2026-02-15 13:23:43,724 - INFO - BinnedStimSpikeDataset initialized:
2026-02-15 13:23:43,726 - INFO -   input_bin_size_ms=10, output_bin_size_ms=10
2026-02-15 13:23:43,726 - INFO -   n_input_bins=60, n_output_bins=60
2026-02-15 13:23:43,726 - INFO -   output_offset=0, total_bins_input=60, total_bins_output=60
2026-02-15 13:23:43,726 - INFO -   Valid start positions per trial: 0 to 0
2026-02-15 13:23:43,726 - INFO -   Total samples: 3400 (3400 trials × 1 positions)
2026-02-15 13:23:57,187 - INFO - BinnedStimSpikeDataset initialized:
2026-02-15 13:23:57,187 - INFO -   input_bin_size_ms=10, output_bin_size_ms=10
2026-02-15 13:23:57,187 - INFO -   n_input_bins=60, n_output_bins=60
2026-02-15 13:23:57,187 - INFO -   output_offset=0, total_bins_input=60, total_bins_output=60
2026-02-15 13:23:57,187 - INFO -   Valid start positions per trial: 0 to 0
2026-02-15 13:23:57,187 - INFO -   Total samples: 600 (600 trials × 1 positions)
2026-02-15 13:24:10,731 - INFO - BinnedStimSpikeDataset initialized:
2026-02-15 13:24:10,732 - INFO -   input_bin_size_ms=10, output_bin_size_ms=10
2026-02-15 13:24:10,732 - INFO -   n_input_bins=60, n_output_bins=60
2026-02-15 13:24:10,732 - INFO -   output_offset=0, total_bins_input=60, total_bins_output=60
2026-02-15 13:24:10,732 - INFO -   Valid start positions per trial: 0 to 0
2026-02-15 13:24:10,732 - INFO -   Total samples: 1000 (1000 trials × 1 positions)
2026-02-15 13:24:10,732 - INFO - Samples — train: 3400, val: 600, test: 1000
2026-02-15 13:24:10,732 - INFO - Input channels: 42, Neurons: 63
2026-02-15 13:24:10,733 - INFO - Using Apple Silicon MPS acceleration
2026-02-15 13:24:10,744 - INFO - Model: CNN — 41,087 trainable params (41,087 total)
2026-02-15 13:24:10,744 - INFO - Starting training …
2026-02-15 13:24:12,444 - INFO - Epoch   1/50 | Train: 0.263952 | Val: 0.203289 | Corr: 0.145349 | LR: 1.00e-03
2026-02-15 13:24:12,448 - INFO -   ↳ Saved best model (val_corr=0.145349)
2026-02-15 13:24:14,096 - INFO - Epoch   2/50 | Train: 0.202317 | Val: 0.196489 | Corr: 0.179402 | LR: 1.00e-03
2026-02-15 13:24:14,100 - INFO -   ↳ Saved best model (val_corr=0.179402)
2026-02-15 13:24:15,791 - INFO - Epoch   3/50 | Train: 0.197335 | Val: 0.193907 | Corr: 0.197249 | LR: 1.00e-03
2026-02-15 13:24:15,795 - INFO -   ↳ Saved best model (val_corr=0.197249)
2026-02-15 13:24:17,246 - INFO - Epoch   4/50 | Train: 0.194737 | Val: 0.191914 | Corr: 0.209042 | LR: 1.00e-03
2026-02-15 13:24:17,250 - INFO -   ↳ Saved best model (val_corr=0.209042)
2026-02-15 13:24:18,902 - INFO - Epoch   5/50 | Train: 0.192933 | Val: 0.190885 | Corr: 0.219519 | LR: 1.00e-03
2026-02-15 13:24:18,905 - INFO -   ↳ Saved best model (val_corr=0.219519)
2026-02-15 13:24:20,610 - INFO - Epoch   6/50 | Train: 0.191643 | Val: 0.189996 | Corr: 0.227082 | LR: 1.00e-03
2026-02-15 13:24:20,614 - INFO -   ↳ Saved best model (val_corr=0.227082)
2026-02-15 13:24:22,222 - INFO - Epoch   7/50 | Train: 0.190793 | Val: 0.189243 | Corr: 0.233208 | LR: 1.00e-03
2026-02-15 13:24:22,227 - INFO -   ↳ Saved best model (val_corr=0.233208)
2026-02-15 13:24:23,807 - INFO - Epoch   8/50 | Train: 0.190128 | Val: 0.188517 | Corr: 0.236179 | LR: 1.00e-03
2026-02-15 13:24:23,812 - INFO -   ↳ Saved best model (val_corr=0.236179)
2026-02-15 13:24:25,395 - INFO - Epoch   9/50 | Train: 0.189473 | Val: 0.188307 | Corr: 0.240864 | LR: 1.00e-03
2026-02-15 13:24:25,399 - INFO -   ↳ Saved best model (val_corr=0.240864)
2026-02-15 13:24:26,998 - INFO - Epoch  10/50 | Train: 0.189038 | Val: 0.187222 | Corr: 0.243850 | LR: 1.00e-03
2026-02-15 13:24:27,003 - INFO -   ↳ Saved best model (val_corr=0.243850)
2026-02-15 13:24:28,672 - INFO - Epoch  11/50 | Train: 0.188605 | Val: 0.186919 | Corr: 0.247371 | LR: 1.00e-03
2026-02-15 13:24:28,675 - INFO -   ↳ Saved best model (val_corr=0.247371)
2026-02-15 13:24:30,441 - INFO - Epoch  12/50 | Train: 0.188211 | Val: 0.186479 | Corr: 0.249798 | LR: 1.00e-03
2026-02-15 13:24:30,447 - INFO -   ↳ Saved best model (val_corr=0.249798)
2026-02-15 13:24:32,055 - INFO - Epoch  13/50 | Train: 0.187963 | Val: 0.186869 | Corr: 0.251695 | LR: 1.00e-03
2026-02-15 13:24:32,060 - INFO -   ↳ Saved best model (val_corr=0.251695)
2026-02-15 13:24:33,774 - INFO - Epoch  14/50 | Train: 0.187672 | Val: 0.186181 | Corr: 0.253447 | LR: 1.00e-03
2026-02-15 13:24:33,779 - INFO -   ↳ Saved best model (val_corr=0.253447)
2026-02-15 13:24:35,509 - INFO - Epoch  15/50 | Train: 0.187416 | Val: 0.186043 | Corr: 0.254001 | LR: 1.00e-03
2026-02-15 13:24:35,515 - INFO -   ↳ Saved best model (val_corr=0.254001)
2026-02-15 13:24:37,201 - INFO - Epoch  16/50 | Train: 0.187236 | Val: 0.185667 | Corr: 0.255916 | LR: 1.00e-03
2026-02-15 13:24:37,206 - INFO -   ↳ Saved best model (val_corr=0.255916)
2026-02-15 13:24:38,781 - INFO - Epoch  17/50 | Train: 0.187037 | Val: 0.185329 | Corr: 0.257526 | LR: 1.00e-03
2026-02-15 13:24:38,787 - INFO -   ↳ Saved best model (val_corr=0.257526)
2026-02-15 13:24:40,584 - INFO - Epoch  18/50 | Train: 0.186851 | Val: 0.185374 | Corr: 0.258152 | LR: 1.00e-03
2026-02-15 13:24:40,595 - INFO -   ↳ Saved best model (val_corr=0.258152)
2026-02-15 13:24:42,255 - INFO - Epoch  19/50 | Train: 0.186710 | Val: 0.185230 | Corr: 0.257749 | LR: 1.00e-03
2026-02-15 13:24:44,020 - INFO - Epoch  20/50 | Train: 0.186554 | Val: 0.185692 | Corr: 0.258587 | LR: 1.00e-03
2026-02-15 13:24:44,025 - INFO -   ↳ Saved best model (val_corr=0.258587)
2026-02-15 13:24:45,723 - INFO - Epoch  21/50 | Train: 0.186417 | Val: 0.185136 | Corr: 0.259874 | LR: 1.00e-03
2026-02-15 13:24:45,731 - INFO -   ↳ Saved best model (val_corr=0.259874)
2026-02-15 13:24:47,390 - INFO - Epoch  22/50 | Train: 0.186229 | Val: 0.184919 | Corr: 0.260903 | LR: 1.00e-03
2026-02-15 13:24:47,397 - INFO -   ↳ Saved best model (val_corr=0.260903)
2026-02-15 13:24:49,175 - INFO - Epoch  23/50 | Train: 0.186202 | Val: 0.184878 | Corr: 0.260843 | LR: 1.00e-03
2026-02-15 13:24:50,951 - INFO - Epoch  24/50 | Train: 0.186064 | Val: 0.184782 | Corr: 0.261904 | LR: 1.00e-03
2026-02-15 13:24:50,956 - INFO -   ↳ Saved best model (val_corr=0.261904)
2026-02-15 13:24:52,534 - INFO - Epoch  25/50 | Train: 0.185984 | Val: 0.184829 | Corr: 0.261567 | LR: 1.00e-03
2026-02-15 13:24:54,336 - INFO - Epoch  26/50 | Train: 0.185860 | Val: 0.185017 | Corr: 0.261560 | LR: 1.00e-03
2026-02-15 13:24:56,129 - INFO - Epoch  27/50 | Train: 0.185799 | Val: 0.184716 | Corr: 0.263209 | LR: 1.00e-03
2026-02-15 13:24:56,133 - INFO -   ↳ Saved best model (val_corr=0.263209)
2026-02-15 13:24:57,799 - INFO - Epoch  28/50 | Train: 0.185708 | Val: 0.184794 | Corr: 0.262708 | LR: 1.00e-03
2026-02-15 13:24:59,506 - INFO - Epoch  29/50 | Train: 0.185571 | Val: 0.184562 | Corr: 0.263723 | LR: 1.00e-03
2026-02-15 13:24:59,510 - INFO -   ↳ Saved best model (val_corr=0.263723)
2026-02-15 13:25:01,220 - INFO - Epoch  30/50 | Train: 0.185541 | Val: 0.184750 | Corr: 0.263461 | LR: 1.00e-03
2026-02-15 13:25:02,905 - INFO - Epoch  31/50 | Train: 0.185498 | Val: 0.184614 | Corr: 0.263767 | LR: 1.00e-03
2026-02-15 13:25:02,909 - INFO -   ↳ Saved best model (val_corr=0.263767)
2026-02-15 13:25:04,702 - INFO - Epoch  32/50 | Train: 0.185415 | Val: 0.184408 | Corr: 0.264346 | LR: 1.00e-03
2026-02-15 13:25:04,707 - INFO -   ↳ Saved best model (val_corr=0.264346)
2026-02-15 13:25:06,458 - INFO - Epoch  33/50 | Train: 0.185386 | Val: 0.184581 | Corr: 0.264556 | LR: 1.00e-03
2026-02-15 13:25:06,464 - INFO -   ↳ Saved best model (val_corr=0.264556)
2026-02-15 13:25:08,020 - INFO - Epoch  34/50 | Train: 0.185326 | Val: 0.184252 | Corr: 0.265802 | LR: 1.00e-03
2026-02-15 13:25:08,025 - INFO -   ↳ Saved best model (val_corr=0.265802)
2026-02-15 13:25:09,818 - INFO - Epoch  35/50 | Train: 0.185247 | Val: 0.184863 | Corr: 0.264553 | LR: 1.00e-03
2026-02-15 13:25:11,517 - INFO - Epoch  36/50 | Train: 0.185224 | Val: 0.184760 | Corr: 0.264043 | LR: 1.00e-03
2026-02-15 13:25:13,169 - INFO - Epoch  37/50 | Train: 0.185167 | Val: 0.184345 | Corr: 0.265751 | LR: 1.00e-03
2026-02-15 13:25:14,824 - INFO - Epoch  38/50 | Train: 0.185138 | Val: 0.184151 | Corr: 0.265902 | LR: 1.00e-03
2026-02-15 13:25:14,828 - INFO -   ↳ Saved best model (val_corr=0.265902)
2026-02-15 13:25:16,548 - INFO - Epoch  39/50 | Train: 0.185061 | Val: 0.184287 | Corr: 0.266201 | LR: 1.00e-03
2026-02-15 13:25:16,556 - INFO -   ↳ Saved best model (val_corr=0.266201)
2026-02-15 13:25:18,195 - INFO - Epoch  40/50 | Train: 0.184959 | Val: 0.184180 | Corr: 0.265938 | LR: 1.00e-03
2026-02-15 13:25:19,910 - INFO - Epoch  41/50 | Train: 0.185026 | Val: 0.184529 | Corr: 0.266087 | LR: 1.00e-03
2026-02-15 13:25:21,631 - INFO - Epoch  42/50 | Train: 0.184946 | Val: 0.184116 | Corr: 0.266623 | LR: 1.00e-03
2026-02-15 13:25:21,637 - INFO -   ↳ Saved best model (val_corr=0.266623)
2026-02-15 13:25:23,200 - INFO - Epoch  43/50 | Train: 0.184910 | Val: 0.184451 | Corr: 0.266746 | LR: 1.00e-03
2026-02-15 13:25:23,207 - INFO -   ↳ Saved best model (val_corr=0.266746)
2026-02-15 13:25:24,987 - INFO - Epoch  44/50 | Train: 0.184817 | Val: 0.184007 | Corr: 0.267217 | LR: 1.00e-03
2026-02-15 13:25:24,993 - INFO -   ↳ Saved best model (val_corr=0.267217)
2026-02-15 13:25:26,739 - INFO - Epoch  45/50 | Train: 0.184777 | Val: 0.184125 | Corr: 0.267489 | LR: 1.00e-03
2026-02-15 13:25:26,745 - INFO -   ↳ Saved best model (val_corr=0.267489)
2026-02-15 13:25:28,460 - INFO - Epoch  46/50 | Train: 0.184766 | Val: 0.184161 | Corr: 0.266778 | LR: 1.00e-03
2026-02-15 13:25:30,133 - INFO - Epoch  47/50 | Train: 0.184738 | Val: 0.184137 | Corr: 0.267392 | LR: 1.00e-03
2026-02-15 13:25:31,899 - INFO - Epoch  48/50 | Train: 0.184753 | Val: 0.184001 | Corr: 0.267504 | LR: 1.00e-03
2026-02-15 13:25:31,907 - INFO -   ↳ Saved best model (val_corr=0.267504)
2026-02-15 13:25:33,683 - INFO - Epoch  49/50 | Train: 0.184681 | Val: 0.184072 | Corr: 0.267432 | LR: 1.00e-03
2026-02-15 13:25:35,458 - INFO - Epoch  50/50 | Train: 0.184627 | Val: 0.184196 | Corr: 0.267650 | LR: 5.00e-04
2026-02-15 13:25:35,463 - INFO -   ↳ Saved best model (val_corr=0.267650)
2026-02-15 13:25:35,463 - INFO - Training complete — best val corr: 0.267650
2026-02-15 13:25:35,693 - INFO - Test loss: 0.175128, Test corr: 0.265968
2026-02-15 13:25:35,758 - INFO - Generating figures …
2026-02-15 13:25:35,970 - INFO - Correlation between predicted and actual per-neuron averages: r=0.9949, p=1.30e-62
2026-02-15 13:25:36,607 - INFO - Pattern selectivity summary:
2026-02-15 13:25:36,607 - INFO -   Mean correlation across neurons: 0.5753
2026-02-15 13:25:36,607 - INFO -   Median correlation: 0.6118
2026-02-15 13:25:36,607 - INFO -   Neurons with r > 0.5: 44 / 63
2026-02-15 13:25:36,607 - INFO -   Neurons with r > 0.3: 56 / 63
2026-02-15 13:25:36,607 - INFO - Pattern selectivity — mean neuron corr: 0.5753
2026-02-15 13:25:36,932 - INFO - LOO baseline — Model mean r: 0.3348, LOO mean r: 0.4728, Neurons model > LOO: 2/63
2026-02-15 13:25:36,933 - INFO - Skipping oracle trial plots (skip_oracle_plots=True)
2026-02-15 13:25:36,933 - INFO - Experiment complete. Summary: {
  "run_dir": "results/base_cnn_kernel_sweep_2026-02-15_11-28-56/trial_0051_learning_rate=1.0e-03",
  "model_type": "cnn",
  "test_loss": 0.1751280061006546,
  "test_corr": 0.2659681578248504,
  "best_val_corr": 0.2676495261267748,
  "total_params": 41087,
  "trainable_params": 41087,
  "epochs_trained": 50,
  "mean_pattern_corr": 0.575266824902785,
  "loo_mean_corr": 0.47275709111471625,
  "model_sample_mean_corr": 0.33482293159622906,
  "neurons_model_beats_loo": 2
}
2026-02-15 13:25:36,933 - INFO - 
======================================================================
2026-02-15 13:25:36,933 - INFO - [53/216] trial_0052_learning_rate=1.0e-03
2026-02-15 13:25:36,933 - INFO -   Overrides: {"kernel_sizes": [3], "learning_rate": 0.001, "fc_dims": [256], "weight_decay": 1e-05, "conv_channels": [128]}
2026-02-15 13:25:36,933 - INFO -   Output: results/base_cnn_kernel_sweep_2026-02-15_11-28-56/trial_0052_learning_rate=1.0e-03
