2026-02-15 11:52:27,311 - INFO - ============================================================
2026-02-15 11:52:27,311 - INFO - Experiment run directory: results/base_cnn_kernel_sweep_2026-02-15_11-28-56/trial_0011_learning_rate=1.0e-04
2026-02-15 11:52:27,311 - INFO - ============================================================
2026-02-15 11:52:27,311 - INFO - Using preloaded raw data (skipping I/O)
2026-02-15 11:52:27,311 - INFO - Stimulation channels: 42, Spiking neurons: 63
2026-02-15 11:52:27,311 - INFO - Unique patterns: 4050, Total trials: 5000
2026-02-15 11:52:27,322 - INFO - Split (oracle): train=3400, val=600, test=1000
2026-02-15 11:52:41,419 - INFO - BinnedStimSpikeDataset initialized:
2026-02-15 11:52:41,420 - INFO -   input_bin_size_ms=10, output_bin_size_ms=10
2026-02-15 11:52:41,420 - INFO -   n_input_bins=60, n_output_bins=60
2026-02-15 11:52:41,420 - INFO -   output_offset=0, total_bins_input=60, total_bins_output=60
2026-02-15 11:52:41,420 - INFO -   Valid start positions per trial: 0 to 0
2026-02-15 11:52:41,420 - INFO -   Total samples: 3400 (3400 trials × 1 positions)
2026-02-15 11:52:54,817 - INFO - BinnedStimSpikeDataset initialized:
2026-02-15 11:52:54,817 - INFO -   input_bin_size_ms=10, output_bin_size_ms=10
2026-02-15 11:52:54,817 - INFO -   n_input_bins=60, n_output_bins=60
2026-02-15 11:52:54,817 - INFO -   output_offset=0, total_bins_input=60, total_bins_output=60
2026-02-15 11:52:54,817 - INFO -   Valid start positions per trial: 0 to 0
2026-02-15 11:52:54,817 - INFO -   Total samples: 600 (600 trials × 1 positions)
2026-02-15 11:53:08,322 - INFO - BinnedStimSpikeDataset initialized:
2026-02-15 11:53:08,322 - INFO -   input_bin_size_ms=10, output_bin_size_ms=10
2026-02-15 11:53:08,322 - INFO -   n_input_bins=60, n_output_bins=60
2026-02-15 11:53:08,323 - INFO -   output_offset=0, total_bins_input=60, total_bins_output=60
2026-02-15 11:53:08,323 - INFO -   Valid start positions per trial: 0 to 0
2026-02-15 11:53:08,323 - INFO -   Total samples: 1000 (1000 trials × 1 positions)
2026-02-15 11:53:08,323 - INFO - Samples — train: 3400, val: 600, test: 1000
2026-02-15 11:53:08,323 - INFO - Input channels: 42, Neurons: 63
2026-02-15 11:53:08,323 - INFO - Using Apple Silicon MPS acceleration
2026-02-15 11:53:08,334 - INFO - Model: CNN — 93,503 trainable params (93,503 total)
2026-02-15 11:53:08,335 - INFO - Starting training …
2026-02-15 11:53:10,675 - INFO - Epoch   1/50 | Train: 0.569273 | Val: 0.321134 | Corr: -0.054800 | LR: 1.00e-04
2026-02-15 11:53:10,679 - INFO -   ↳ Saved best model (val_corr=-0.054800)
2026-02-15 11:53:12,976 - INFO - Epoch   2/50 | Train: 0.267662 | Val: 0.241916 | Corr: 0.061799 | LR: 1.00e-04
2026-02-15 11:53:12,980 - INFO -   ↳ Saved best model (val_corr=0.061799)
2026-02-15 11:53:15,271 - INFO - Epoch   3/50 | Train: 0.234293 | Val: 0.223528 | Corr: 0.101043 | LR: 1.00e-04
2026-02-15 11:53:15,275 - INFO -   ↳ Saved best model (val_corr=0.101043)
2026-02-15 11:53:17,639 - INFO - Epoch   4/50 | Train: 0.221081 | Val: 0.212725 | Corr: 0.128174 | LR: 1.00e-04
2026-02-15 11:53:17,644 - INFO -   ↳ Saved best model (val_corr=0.128174)
2026-02-15 11:53:19,912 - INFO - Epoch   5/50 | Train: 0.213718 | Val: 0.207472 | Corr: 0.144094 | LR: 1.00e-04
2026-02-15 11:53:19,916 - INFO -   ↳ Saved best model (val_corr=0.144094)
2026-02-15 11:53:22,272 - INFO - Epoch   6/50 | Train: 0.209583 | Val: 0.204642 | Corr: 0.152492 | LR: 1.00e-04
2026-02-15 11:53:22,276 - INFO -   ↳ Saved best model (val_corr=0.152492)
2026-02-15 11:53:24,536 - INFO - Epoch   7/50 | Train: 0.207542 | Val: 0.203395 | Corr: 0.158071 | LR: 1.00e-04
2026-02-15 11:53:24,541 - INFO -   ↳ Saved best model (val_corr=0.158071)
2026-02-15 11:53:26,876 - INFO - Epoch   8/50 | Train: 0.206161 | Val: 0.202470 | Corr: 0.163143 | LR: 1.00e-04
2026-02-15 11:53:26,882 - INFO -   ↳ Saved best model (val_corr=0.163143)
2026-02-15 11:53:29,161 - INFO - Epoch   9/50 | Train: 0.204859 | Val: 0.201642 | Corr: 0.167497 | LR: 1.00e-04
2026-02-15 11:53:29,168 - INFO -   ↳ Saved best model (val_corr=0.167497)
2026-02-15 11:53:31,459 - INFO - Epoch  10/50 | Train: 0.204133 | Val: 0.200843 | Corr: 0.172252 | LR: 1.00e-04
2026-02-15 11:53:31,464 - INFO -   ↳ Saved best model (val_corr=0.172252)
2026-02-15 11:53:33,741 - INFO - Epoch  11/50 | Train: 0.203236 | Val: 0.200339 | Corr: 0.175696 | LR: 1.00e-04
2026-02-15 11:53:33,748 - INFO -   ↳ Saved best model (val_corr=0.175696)
2026-02-15 11:53:36,044 - INFO - Epoch  12/50 | Train: 0.202639 | Val: 0.199861 | Corr: 0.179444 | LR: 1.00e-04
2026-02-15 11:53:36,051 - INFO -   ↳ Saved best model (val_corr=0.179444)
2026-02-15 11:53:38,330 - INFO - Epoch  13/50 | Train: 0.201995 | Val: 0.199732 | Corr: 0.182500 | LR: 1.00e-04
2026-02-15 11:53:38,335 - INFO -   ↳ Saved best model (val_corr=0.182500)
2026-02-15 11:53:40,607 - INFO - Epoch  14/50 | Train: 0.201410 | Val: 0.198814 | Corr: 0.187378 | LR: 1.00e-04
2026-02-15 11:53:40,613 - INFO -   ↳ Saved best model (val_corr=0.187378)
2026-02-15 11:53:42,923 - INFO - Epoch  15/50 | Train: 0.200889 | Val: 0.198451 | Corr: 0.190212 | LR: 1.00e-04
2026-02-15 11:53:42,928 - INFO -   ↳ Saved best model (val_corr=0.190212)
2026-02-15 11:53:45,245 - INFO - Epoch  16/50 | Train: 0.200506 | Val: 0.198174 | Corr: 0.192246 | LR: 1.00e-04
2026-02-15 11:53:45,250 - INFO -   ↳ Saved best model (val_corr=0.192246)
2026-02-15 11:53:47,591 - INFO - Epoch  17/50 | Train: 0.200071 | Val: 0.197844 | Corr: 0.194786 | LR: 1.00e-04
2026-02-15 11:53:47,595 - INFO -   ↳ Saved best model (val_corr=0.194786)
2026-02-15 11:53:49,869 - INFO - Epoch  18/50 | Train: 0.199649 | Val: 0.197321 | Corr: 0.197933 | LR: 1.00e-04
2026-02-15 11:53:49,872 - INFO -   ↳ Saved best model (val_corr=0.197933)
2026-02-15 11:53:52,223 - INFO - Epoch  19/50 | Train: 0.199200 | Val: 0.197198 | Corr: 0.198984 | LR: 1.00e-04
2026-02-15 11:53:52,227 - INFO -   ↳ Saved best model (val_corr=0.198984)
2026-02-15 11:53:54,543 - INFO - Epoch  20/50 | Train: 0.198946 | Val: 0.196786 | Corr: 0.201669 | LR: 1.00e-04
2026-02-15 11:53:54,547 - INFO -   ↳ Saved best model (val_corr=0.201669)
2026-02-15 11:53:56,886 - INFO - Epoch  21/50 | Train: 0.198460 | Val: 0.196710 | Corr: 0.203458 | LR: 1.00e-04
2026-02-15 11:53:56,891 - INFO -   ↳ Saved best model (val_corr=0.203458)
2026-02-15 11:53:59,201 - INFO - Epoch  22/50 | Train: 0.198194 | Val: 0.196197 | Corr: 0.205837 | LR: 1.00e-04
2026-02-15 11:53:59,204 - INFO -   ↳ Saved best model (val_corr=0.205837)
2026-02-15 11:54:01,528 - INFO - Epoch  23/50 | Train: 0.197857 | Val: 0.196094 | Corr: 0.206743 | LR: 1.00e-04
2026-02-15 11:54:01,532 - INFO -   ↳ Saved best model (val_corr=0.206743)
2026-02-15 11:54:03,830 - INFO - Epoch  24/50 | Train: 0.197666 | Val: 0.195923 | Corr: 0.207945 | LR: 1.00e-04
2026-02-15 11:54:03,835 - INFO -   ↳ Saved best model (val_corr=0.207945)
2026-02-15 11:54:06,076 - INFO - Epoch  25/50 | Train: 0.197317 | Val: 0.195631 | Corr: 0.209470 | LR: 1.00e-04
2026-02-15 11:54:06,080 - INFO -   ↳ Saved best model (val_corr=0.209470)
2026-02-15 11:54:08,456 - INFO - Epoch  26/50 | Train: 0.197151 | Val: 0.195461 | Corr: 0.210402 | LR: 1.00e-04
2026-02-15 11:54:08,462 - INFO -   ↳ Saved best model (val_corr=0.210402)
2026-02-15 11:54:10,688 - INFO - Epoch  27/50 | Train: 0.196884 | Val: 0.195123 | Corr: 0.212078 | LR: 1.00e-04
2026-02-15 11:54:10,695 - INFO -   ↳ Saved best model (val_corr=0.212078)
2026-02-15 11:54:13,045 - INFO - Epoch  28/50 | Train: 0.196630 | Val: 0.195103 | Corr: 0.212782 | LR: 1.00e-04
2026-02-15 11:54:13,051 - INFO -   ↳ Saved best model (val_corr=0.212782)
2026-02-15 11:54:15,273 - INFO - Epoch  29/50 | Train: 0.196519 | Val: 0.194966 | Corr: 0.213372 | LR: 1.00e-04
2026-02-15 11:54:15,278 - INFO -   ↳ Saved best model (val_corr=0.213372)
2026-02-15 11:54:17,654 - INFO - Epoch  30/50 | Train: 0.196299 | Val: 0.194827 | Corr: 0.214226 | LR: 1.00e-04
2026-02-15 11:54:17,659 - INFO -   ↳ Saved best model (val_corr=0.214226)
2026-02-15 11:54:19,899 - INFO - Epoch  31/50 | Train: 0.196097 | Val: 0.194714 | Corr: 0.215085 | LR: 1.00e-04
2026-02-15 11:54:19,904 - INFO -   ↳ Saved best model (val_corr=0.215085)
2026-02-15 11:54:22,242 - INFO - Epoch  32/50 | Train: 0.195901 | Val: 0.194626 | Corr: 0.215415 | LR: 1.00e-04
2026-02-15 11:54:22,246 - INFO -   ↳ Saved best model (val_corr=0.215415)
2026-02-15 11:54:24,563 - INFO - Epoch  33/50 | Train: 0.195788 | Val: 0.194408 | Corr: 0.216569 | LR: 1.00e-04
2026-02-15 11:54:24,568 - INFO -   ↳ Saved best model (val_corr=0.216569)
2026-02-15 11:54:26,893 - INFO - Epoch  34/50 | Train: 0.195623 | Val: 0.194358 | Corr: 0.217006 | LR: 1.00e-04
2026-02-15 11:54:26,896 - INFO -   ↳ Saved best model (val_corr=0.217006)
2026-02-15 11:54:29,213 - INFO - Epoch  35/50 | Train: 0.195522 | Val: 0.194298 | Corr: 0.217522 | LR: 1.00e-04
2026-02-15 11:54:29,217 - INFO -   ↳ Saved best model (val_corr=0.217522)
2026-02-15 11:54:31,481 - INFO - Epoch  36/50 | Train: 0.195344 | Val: 0.194142 | Corr: 0.218457 | LR: 1.00e-04
2026-02-15 11:54:31,485 - INFO -   ↳ Saved best model (val_corr=0.218457)
2026-02-15 11:54:33,802 - INFO - Epoch  37/50 | Train: 0.195217 | Val: 0.194174 | Corr: 0.218238 | LR: 1.00e-04
2026-02-15 11:54:36,074 - INFO - Epoch  38/50 | Train: 0.195089 | Val: 0.194130 | Corr: 0.218496 | LR: 1.00e-04
2026-02-15 11:54:36,078 - INFO -   ↳ Saved best model (val_corr=0.218496)
2026-02-15 11:54:38,361 - INFO - Epoch  39/50 | Train: 0.194974 | Val: 0.194077 | Corr: 0.218867 | LR: 1.00e-04
2026-02-15 11:54:38,367 - INFO -   ↳ Saved best model (val_corr=0.218867)
2026-02-15 11:54:40,665 - INFO - Epoch  40/50 | Train: 0.194838 | Val: 0.193903 | Corr: 0.219521 | LR: 1.00e-04
2026-02-15 11:54:40,670 - INFO -   ↳ Saved best model (val_corr=0.219521)
2026-02-15 11:54:43,001 - INFO - Epoch  41/50 | Train: 0.194813 | Val: 0.193806 | Corr: 0.220113 | LR: 1.00e-04
2026-02-15 11:54:43,007 - INFO -   ↳ Saved best model (val_corr=0.220113)
2026-02-15 11:54:45,291 - INFO - Epoch  42/50 | Train: 0.194754 | Val: 0.193794 | Corr: 0.220432 | LR: 1.00e-04
2026-02-15 11:54:45,296 - INFO -   ↳ Saved best model (val_corr=0.220432)
2026-02-15 11:54:47,601 - INFO - Epoch  43/50 | Train: 0.194619 | Val: 0.193701 | Corr: 0.221022 | LR: 1.00e-04
2026-02-15 11:54:47,608 - INFO -   ↳ Saved best model (val_corr=0.221022)
2026-02-15 11:54:49,911 - INFO - Epoch  44/50 | Train: 0.194547 | Val: 0.193757 | Corr: 0.220988 | LR: 1.00e-04
2026-02-15 11:54:52,221 - INFO - Epoch  45/50 | Train: 0.194458 | Val: 0.193689 | Corr: 0.221121 | LR: 1.00e-04
2026-02-15 11:54:52,225 - INFO -   ↳ Saved best model (val_corr=0.221121)
2026-02-15 11:54:54,557 - INFO - Epoch  46/50 | Train: 0.194379 | Val: 0.193608 | Corr: 0.221773 | LR: 1.00e-04
2026-02-15 11:54:54,563 - INFO -   ↳ Saved best model (val_corr=0.221773)
2026-02-15 11:54:56,821 - INFO - Epoch  47/50 | Train: 0.194310 | Val: 0.193561 | Corr: 0.222134 | LR: 1.00e-04
2026-02-15 11:54:56,826 - INFO -   ↳ Saved best model (val_corr=0.222134)
2026-02-15 11:54:59,185 - INFO - Epoch  48/50 | Train: 0.194248 | Val: 0.193513 | Corr: 0.222461 | LR: 1.00e-04
2026-02-15 11:54:59,191 - INFO -   ↳ Saved best model (val_corr=0.222461)
2026-02-15 11:55:01,459 - INFO - Epoch  49/50 | Train: 0.194160 | Val: 0.193452 | Corr: 0.222579 | LR: 1.00e-04
2026-02-15 11:55:01,463 - INFO -   ↳ Saved best model (val_corr=0.222579)
2026-02-15 11:55:03,775 - INFO - Epoch  50/50 | Train: 0.194117 | Val: 0.193443 | Corr: 0.222965 | LR: 1.00e-04
2026-02-15 11:55:03,780 - INFO -   ↳ Saved best model (val_corr=0.222965)
2026-02-15 11:55:03,780 - INFO - Training complete — best val corr: 0.222965
2026-02-15 11:55:04,017 - INFO - Test loss: 0.183959, Test corr: 0.224100
2026-02-15 11:55:04,091 - INFO - Generating figures …
2026-02-15 11:55:04,300 - INFO - Correlation between predicted and actual per-neuron averages: r=0.9949, p=1.76e-62
2026-02-15 11:55:05,015 - INFO - Pattern selectivity summary:
2026-02-15 11:55:05,015 - INFO -   Mean correlation across neurons: 0.5322
2026-02-15 11:55:05,015 - INFO -   Median correlation: 0.5889
2026-02-15 11:55:05,015 - INFO -   Neurons with r > 0.5: 40 / 63
2026-02-15 11:55:05,015 - INFO -   Neurons with r > 0.3: 53 / 63
2026-02-15 11:55:05,015 - INFO - Pattern selectivity — mean neuron corr: 0.5322
2026-02-15 11:55:05,346 - INFO - LOO baseline — Model mean r: 0.3153, LOO mean r: 0.4728, Neurons model > LOO: 2/63
2026-02-15 11:55:05,347 - INFO - Skipping oracle trial plots (skip_oracle_plots=True)
2026-02-15 11:55:05,347 - INFO - Experiment complete. Summary: {
  "run_dir": "results/base_cnn_kernel_sweep_2026-02-15_11-28-56/trial_0011_learning_rate=1.0e-04",
  "model_type": "cnn",
  "test_loss": 0.18395949709415435,
  "test_corr": 0.22410013378268512,
  "best_val_corr": 0.22296491877975005,
  "total_params": 93503,
  "trainable_params": 93503,
  "epochs_trained": 50,
  "mean_pattern_corr": 0.5321521992775822,
  "loo_mean_corr": 0.47275709111471625,
  "model_sample_mean_corr": 0.31525916166412626,
  "neurons_model_beats_loo": 2
}
2026-02-15 11:55:05,347 - INFO - 
======================================================================
2026-02-15 11:55:05,347 - INFO - [13/216] trial_0012_learning_rate=1.0e-03
2026-02-15 11:55:05,347 - INFO -   Overrides: {"kernel_sizes": [1], "learning_rate": 0.001, "fc_dims": [256], "weight_decay": 0, "conv_channels": [64]}
2026-02-15 11:55:05,347 - INFO -   Output: results/base_cnn_kernel_sweep_2026-02-15_11-28-56/trial_0012_learning_rate=1.0e-03
