2026-03-04 03:09:36,052 - INFO - ============================================================
2026-03-04 03:09:36,052 - INFO - Experiment run directory: /scratch/sb272/patterns5k_results/slurm_hist_cnn_2026-03-03_15-13-01/trial_0264_learning_rate=1.0e-03_history=5_kernel_sizes=10x5_conv_channels=256x128_fc_dims=256_seed0
2026-03-04 03:09:36,052 - INFO - ============================================================
2026-03-04 03:09:36,052 - INFO - Loading data …
2026-03-04 03:09:37,003 - INFO - 63 unique neurons after dropping problematic neurons
2026-03-04 03:09:38,386 - INFO - Stimulation channels: 42, Spiking neurons: 63
2026-03-04 03:12:02,221 - INFO - Unique patterns: 4050, Total trials: 5000
2026-03-04 03:12:02,222 - INFO - Stimulation channels: 42, Spiking neurons: 63
2026-03-04 03:12:02,222 - INFO - Unique patterns: 4050, Total trials: 5000
2026-03-04 03:12:02,242 - INFO - Split (oracle): train=3400, val=600, test=1000
2026-03-04 03:12:32,716 - INFO - BinnedStimSpikeDataset initialized:
2026-03-04 03:12:32,717 - INFO -   input_bin_size_ms=10, output_bin_size_ms=10
2026-03-04 03:12:32,717 - INFO -   n_input_bins=60, n_output_bins=60
2026-03-04 03:12:32,717 - INFO -   output_offset=0, total_bins_input=60, total_bins_output=60
2026-03-04 03:12:32,717 - INFO -   Valid start positions per trial: 0 to 0
2026-03-04 03:12:32,717 - INFO -   Total samples: 3400 (3400 trials × 1 positions)
2026-03-04 03:13:02,312 - INFO - BinnedStimSpikeDataset initialized:
2026-03-04 03:13:02,313 - INFO -   input_bin_size_ms=10, output_bin_size_ms=10
2026-03-04 03:13:02,313 - INFO -   n_input_bins=60, n_output_bins=60
2026-03-04 03:13:02,313 - INFO -   output_offset=0, total_bins_input=60, total_bins_output=60
2026-03-04 03:13:02,313 - INFO -   Valid start positions per trial: 0 to 0
2026-03-04 03:13:02,313 - INFO -   Total samples: 600 (600 trials × 1 positions)
2026-03-04 03:13:32,162 - INFO - BinnedStimSpikeDataset initialized:
2026-03-04 03:13:32,162 - INFO -   input_bin_size_ms=10, output_bin_size_ms=10
2026-03-04 03:13:32,162 - INFO -   n_input_bins=60, n_output_bins=60
2026-03-04 03:13:32,162 - INFO -   output_offset=0, total_bins_input=60, total_bins_output=60
2026-03-04 03:13:32,162 - INFO -   Valid start positions per trial: 0 to 0
2026-03-04 03:13:32,162 - INFO -   Total samples: 1000 (1000 trials × 1 positions)
2026-03-04 03:13:32,163 - INFO - Samples — train: 3400, val: 600, test: 1000
2026-03-04 03:13:32,163 - INFO - Input channels: 105, Neurons: 63
2026-03-04 03:13:32,170 - INFO - Using CPU
2026-03-04 03:13:32,189 - INFO - Model: CNN — 483,007 trainable params (483,007 total)
2026-03-04 03:13:40,469 - INFO - Starting training …
2026-03-04 03:13:51,778 - INFO - Epoch   1/50 | Train: 0.219516 | Val: 0.186645 | Corr: 0.081672 | LR: 1.00e-03
2026-03-04 03:13:51,805 - INFO -   ↳ Saved best model (val_corr=0.081672)
2026-03-04 03:14:02,314 - INFO - Epoch   2/50 | Train: 0.181348 | Val: 0.183320 | Corr: 0.098592 | LR: 1.00e-03
2026-03-04 03:14:02,333 - INFO -   ↳ Saved best model (val_corr=0.098592)
2026-03-04 03:14:12,805 - INFO - Epoch   3/50 | Train: 0.178102 | Val: 0.181686 | Corr: 0.106285 | LR: 1.00e-03
2026-03-04 03:14:12,822 - INFO -   ↳ Saved best model (val_corr=0.106285)
2026-03-04 03:14:21,932 - INFO - Epoch   4/50 | Train: 0.175803 | Val: 0.180852 | Corr: 0.115909 | LR: 1.00e-03
2026-03-04 03:14:21,956 - INFO -   ↳ Saved best model (val_corr=0.115909)
2026-03-04 03:14:31,068 - INFO - Epoch   5/50 | Train: 0.174035 | Val: 0.181067 | Corr: 0.122803 | LR: 1.00e-03
2026-03-04 03:14:31,087 - INFO -   ↳ Saved best model (val_corr=0.122803)
2026-03-04 03:14:40,016 - INFO - Epoch   6/50 | Train: 0.172652 | Val: 0.180226 | Corr: 0.126863 | LR: 1.00e-03
2026-03-04 03:14:40,043 - INFO -   ↳ Saved best model (val_corr=0.126863)
2026-03-04 03:14:49,175 - INFO - Epoch   7/50 | Train: 0.171135 | Val: 0.179134 | Corr: 0.132561 | LR: 1.00e-03
2026-03-04 03:14:49,197 - INFO -   ↳ Saved best model (val_corr=0.132561)
2026-03-04 03:14:58,329 - INFO - Epoch   8/50 | Train: 0.169914 | Val: 0.178634 | Corr: 0.135145 | LR: 1.00e-03
2026-03-04 03:14:58,356 - INFO -   ↳ Saved best model (val_corr=0.135145)
2026-03-04 03:15:07,575 - INFO - Epoch   9/50 | Train: 0.168741 | Val: 0.178465 | Corr: 0.137301 | LR: 1.00e-03
2026-03-04 03:15:07,595 - INFO -   ↳ Saved best model (val_corr=0.137301)
2026-03-04 03:15:16,771 - INFO - Epoch  10/50 | Train: 0.167747 | Val: 0.178729 | Corr: 0.140023 | LR: 1.00e-03
2026-03-04 03:15:16,791 - INFO -   ↳ Saved best model (val_corr=0.140023)
2026-03-04 03:15:25,833 - INFO - Epoch  11/50 | Train: 0.166747 | Val: 0.178776 | Corr: 0.141406 | LR: 1.00e-03
2026-03-04 03:15:25,856 - INFO -   ↳ Saved best model (val_corr=0.141406)
2026-03-04 03:15:34,933 - INFO - Epoch  12/50 | Train: 0.165694 | Val: 0.179246 | Corr: 0.141159 | LR: 1.00e-03
2026-03-04 03:15:44,112 - INFO - Epoch  13/50 | Train: 0.164915 | Val: 0.181031 | Corr: 0.142893 | LR: 1.00e-03
2026-03-04 03:15:44,149 - INFO -   ↳ Saved best model (val_corr=0.142893)
2026-03-04 03:15:53,176 - INFO - Epoch  14/50 | Train: 0.164127 | Val: 0.179706 | Corr: 0.142950 | LR: 1.00e-03
2026-03-04 03:15:53,223 - INFO -   ↳ Saved best model (val_corr=0.142950)
2026-03-04 03:16:02,151 - INFO - Epoch  15/50 | Train: 0.163253 | Val: 0.179442 | Corr: 0.145252 | LR: 5.00e-04
2026-03-04 03:16:02,193 - INFO -   ↳ Saved best model (val_corr=0.145252)
2026-03-04 03:16:11,296 - INFO - Epoch  16/50 | Train: 0.160977 | Val: 0.180851 | Corr: 0.145184 | LR: 5.00e-04
2026-03-04 03:16:20,449 - INFO - Epoch  17/50 | Train: 0.160237 | Val: 0.179845 | Corr: 0.143900 | LR: 5.00e-04
2026-03-04 03:16:29,496 - INFO - Epoch  18/50 | Train: 0.159713 | Val: 0.180224 | Corr: 0.143290 | LR: 5.00e-04
2026-03-04 03:16:38,575 - INFO - Epoch  19/50 | Train: 0.159251 | Val: 0.181847 | Corr: 0.142958 | LR: 5.00e-04
2026-03-04 03:16:47,788 - INFO - Epoch  20/50 | Train: 0.158866 | Val: 0.181032 | Corr: 0.141328 | LR: 5.00e-04
2026-03-04 03:16:57,010 - INFO - Epoch  21/50 | Train: 0.158592 | Val: 0.181700 | Corr: 0.142602 | LR: 2.50e-04
2026-03-04 03:17:06,264 - INFO - Epoch  22/50 | Train: 0.157361 | Val: 0.181455 | Corr: 0.143789 | LR: 2.50e-04
2026-03-04 03:17:15,451 - INFO - Epoch  23/50 | Train: 0.156979 | Val: 0.181868 | Corr: 0.143304 | LR: 2.50e-04
2026-03-04 03:17:24,682 - INFO - Epoch  24/50 | Train: 0.156694 | Val: 0.182231 | Corr: 0.142096 | LR: 2.50e-04
2026-03-04 03:17:33,839 - INFO - Epoch  25/50 | Train: 0.156569 | Val: 0.182457 | Corr: 0.142772 | LR: 2.50e-04
2026-03-04 03:17:33,839 - INFO - Early stopping at epoch 25
2026-03-04 03:17:33,839 - INFO - Training complete — best val corr: 0.145252
2026-03-04 03:17:35,881 - INFO - Test loss: 0.167392, Test corr: 0.143320
2026-03-04 03:17:36,692 - INFO - Fraction of variance explained (FVE): 0.017111
2026-03-04 03:17:36,692 - INFO - Computing autoregressive (AR) test predictions …
2026-03-04 03:17:37,686 - INFO - AR FVE: 0.008149, AR test corr: 0.112308
2026-03-04 03:17:37,686 - INFO - Generating figures …
2026-03-04 03:17:38,307 - INFO - Correlation between predicted and actual per-neuron averages: r=0.9902, p=0.00e+00
2026-03-04 03:17:40,907 - INFO - Pattern selectivity summary:
2026-03-04 03:17:40,907 - INFO -   Mean correlation across neurons: 0.5624
2026-03-04 03:17:40,907 - INFO -   Median correlation: 0.6173
2026-03-04 03:17:40,907 - INFO -   Neurons with r > 0.5: 41 / 63
2026-03-04 03:17:40,907 - INFO -   Neurons with r > 0.3: 57 / 63
2026-03-04 03:17:40,907 - INFO - Pattern selectivity — mean neuron corr: 0.5624
2026-03-04 03:17:43,023 - INFO - LOO (avg rate) — Model mean r: 0.4295, LOO mean r: 0.4546, Neurons model > LOO: 18/63
2026-03-04 03:17:45,732 - INFO - LOO (temporal) — Model mean r: 0.1531, LOO mean r: 0.3186, Neurons model > LOO: 2/63
2026-03-04 03:17:45,732 - INFO - Skipping oracle trial plots (skip_oracle_plots=True)
2026-03-04 03:17:45,744 - INFO - Experiment complete. Summary: {
  "run_dir": "/scratch/sb272/patterns5k_results/slurm_hist_cnn_2026-03-03_15-13-01/trial_0264_learning_rate=1.0e-03_history=5_kernel_sizes=10x5_conv_channels=256x128_fc_dims=256_seed0",
  "model_type": "cnn",
  "batch_avg_test_loss": 0.16739179491996764,
  "batch_avg_test_corr": 0.14332003667086438,
  "all_test_fve": 0.0171108397226485,
  "AR_FVE": 0.008149330578153096,
  "AR_test_correlation": 0.1123083308339119,
  "best_val_corr": 0.14525181587823144,
  "total_params": 483007,
  "trainable_params": 483007,
  "epochs_trained": 25,
  "mean_pattern_corr": 0.5623895007856622,
  "history": 5,
  "init_state": true,
  "loo_avg_mean_corr": 0.45456832695830385,
  "model_avg_mean_corr": 0.4294582695823896,
  "neurons_model_beats_loo_avg": 18,
  "loo_temporal_mean_corr": 0.31855225563049316,
  "all_test_corr": 0.1531185805797577,
  "neurons_model_beats_loo_temporal": 2,
  "kernel_sizes": [
    10,
    5
  ],
  "conv_channels": [
    256,
    128
  ],
  "fc_dims": [
    256
  ]
}
