2026-03-04 19:35:13,144 - INFO - ============================================================
2026-03-04 19:35:13,144 - INFO - Experiment run directory: /scratch/sb272/patterns5k_results/slurm_base_cnn_2026-03-04_16-53-19/trial_0154_learning_rate=1.0e-03_kernel_sizes=5x3_conv_channels=128x256_fc_dims=512_seed2
2026-03-04 19:35:13,144 - INFO - ============================================================
2026-03-04 19:35:13,144 - INFO - Loading data …
2026-03-04 19:35:13,985 - INFO - 63 unique neurons after dropping problematic neurons
2026-03-04 19:35:15,112 - INFO - Stimulation channels: 42, Spiking neurons: 63
2026-03-04 19:37:21,238 - INFO - Unique patterns: 4050, Total trials: 5000
2026-03-04 19:37:21,253 - INFO - Stimulation channels: 42, Spiking neurons: 63
2026-03-04 19:37:21,253 - INFO - Unique patterns: 4050, Total trials: 5000
2026-03-04 19:37:21,271 - INFO - Split (oracle): train=3400, val=600, test=1000
2026-03-04 19:37:48,782 - INFO - BinnedStimSpikeDataset initialized:
2026-03-04 19:37:48,784 - INFO -   input_bin_size_ms=10, output_bin_size_ms=10
2026-03-04 19:37:48,784 - INFO -   n_input_bins=60, n_output_bins=60
2026-03-04 19:37:48,784 - INFO -   output_offset=0, total_bins_input=60, total_bins_output=60
2026-03-04 19:37:48,784 - INFO -   Valid start positions per trial: 0 to 0
2026-03-04 19:37:48,784 - INFO -   Total samples: 3400 (3400 trials × 1 positions)
2026-03-04 19:38:14,361 - INFO - BinnedStimSpikeDataset initialized:
2026-03-04 19:38:14,361 - INFO -   input_bin_size_ms=10, output_bin_size_ms=10
2026-03-04 19:38:14,361 - INFO -   n_input_bins=60, n_output_bins=60
2026-03-04 19:38:14,361 - INFO -   output_offset=0, total_bins_input=60, total_bins_output=60
2026-03-04 19:38:14,361 - INFO -   Valid start positions per trial: 0 to 0
2026-03-04 19:38:14,361 - INFO -   Total samples: 600 (600 trials × 1 positions)
2026-03-04 19:38:38,601 - INFO - BinnedStimSpikeDataset initialized:
2026-03-04 19:38:38,601 - INFO -   input_bin_size_ms=10, output_bin_size_ms=10
2026-03-04 19:38:38,601 - INFO -   n_input_bins=60, n_output_bins=60
2026-03-04 19:38:38,601 - INFO -   output_offset=0, total_bins_input=60, total_bins_output=60
2026-03-04 19:38:38,601 - INFO -   Valid start positions per trial: 0 to 0
2026-03-04 19:38:38,601 - INFO -   Total samples: 1000 (1000 trials × 1 positions)
2026-03-04 19:38:38,601 - INFO - Samples — train: 3400, val: 600, test: 1000
2026-03-04 19:38:38,601 - INFO - Input channels: 42, Neurons: 63
2026-03-04 19:38:38,622 - INFO - Using CPU
2026-03-04 19:38:38,639 - INFO - Model: CNN — 290,239 trainable params (290,239 total)
2026-03-04 19:38:44,674 - INFO - Starting training …
2026-03-04 19:38:52,703 - INFO - Epoch   1/50 | Train: 0.206063 | Val: 0.182566 | Corr: 0.075736 | LR: 1.00e-03
2026-03-04 19:38:52,719 - INFO -   ↳ Saved best model (val_corr=0.075736)
2026-03-04 19:38:59,695 - INFO - Epoch   2/50 | Train: 0.182446 | Val: 0.187345 | Corr: 0.090897 | LR: 1.00e-03
2026-03-04 19:38:59,712 - INFO -   ↳ Saved best model (val_corr=0.090897)
2026-03-04 19:39:06,605 - INFO - Epoch   3/50 | Train: 0.180604 | Val: 0.182884 | Corr: 0.101046 | LR: 1.00e-03
2026-03-04 19:39:06,682 - INFO -   ↳ Saved best model (val_corr=0.101046)
2026-03-04 19:39:13,386 - INFO - Epoch   4/50 | Train: 0.179329 | Val: 0.183068 | Corr: 0.108663 | LR: 1.00e-03
2026-03-04 19:39:13,417 - INFO -   ↳ Saved best model (val_corr=0.108663)
2026-03-04 19:39:20,487 - INFO - Epoch   5/50 | Train: 0.178387 | Val: 0.179585 | Corr: 0.114746 | LR: 1.00e-03
2026-03-04 19:39:20,503 - INFO -   ↳ Saved best model (val_corr=0.114746)
2026-03-04 19:39:26,914 - INFO - Epoch   6/50 | Train: 0.177663 | Val: 0.180374 | Corr: 0.118557 | LR: 1.00e-03
2026-03-04 19:39:26,928 - INFO -   ↳ Saved best model (val_corr=0.118557)
2026-03-04 19:39:34,070 - INFO - Epoch   7/50 | Train: 0.177422 | Val: 0.181127 | Corr: 0.120744 | LR: 1.00e-03
2026-03-04 19:39:34,083 - INFO -   ↳ Saved best model (val_corr=0.120744)
2026-03-04 19:39:40,595 - INFO - Epoch   8/50 | Train: 0.176498 | Val: 0.178934 | Corr: 0.122694 | LR: 1.00e-03
2026-03-04 19:39:40,641 - INFO -   ↳ Saved best model (val_corr=0.122694)
2026-03-04 19:39:47,586 - INFO - Epoch   9/50 | Train: 0.176325 | Val: 0.179185 | Corr: 0.124125 | LR: 1.00e-03
2026-03-04 19:39:47,600 - INFO -   ↳ Saved best model (val_corr=0.124125)
2026-03-04 19:39:54,194 - INFO - Epoch  10/50 | Train: 0.175823 | Val: 0.178185 | Corr: 0.126685 | LR: 1.00e-03
2026-03-04 19:39:54,209 - INFO -   ↳ Saved best model (val_corr=0.126685)
2026-03-04 19:40:01,260 - INFO - Epoch  11/50 | Train: 0.175533 | Val: 0.177547 | Corr: 0.127543 | LR: 1.00e-03
2026-03-04 19:40:01,272 - INFO -   ↳ Saved best model (val_corr=0.127543)
2026-03-04 19:40:08,137 - INFO - Epoch  12/50 | Train: 0.175389 | Val: 0.178164 | Corr: 0.131274 | LR: 1.00e-03
2026-03-04 19:40:08,151 - INFO -   ↳ Saved best model (val_corr=0.131274)
2026-03-04 19:40:15,343 - INFO - Epoch  13/50 | Train: 0.175114 | Val: 0.180024 | Corr: 0.130588 | LR: 1.00e-03
2026-03-04 19:40:21,951 - INFO - Epoch  14/50 | Train: 0.174803 | Val: 0.177730 | Corr: 0.130792 | LR: 1.00e-03
2026-03-04 19:40:29,195 - INFO - Epoch  15/50 | Train: 0.174629 | Val: 0.178878 | Corr: 0.131568 | LR: 1.00e-03
2026-03-04 19:40:29,211 - INFO -   ↳ Saved best model (val_corr=0.131568)
2026-03-04 19:40:37,548 - INFO - Epoch  16/50 | Train: 0.174403 | Val: 0.177773 | Corr: 0.130016 | LR: 1.00e-03
2026-03-04 19:40:45,844 - INFO - Epoch  17/50 | Train: 0.174169 | Val: 0.177904 | Corr: 0.130491 | LR: 5.00e-04
2026-03-04 19:40:52,357 - INFO - Epoch  18/50 | Train: 0.173219 | Val: 0.177260 | Corr: 0.133393 | LR: 5.00e-04
2026-03-04 19:40:52,390 - INFO -   ↳ Saved best model (val_corr=0.133393)
2026-03-04 19:40:59,454 - INFO - Epoch  19/50 | Train: 0.172925 | Val: 0.178825 | Corr: 0.133330 | LR: 5.00e-04
2026-03-04 19:41:06,842 - INFO - Epoch  20/50 | Train: 0.172911 | Val: 0.177528 | Corr: 0.132844 | LR: 5.00e-04
2026-03-04 19:41:13,325 - INFO - Epoch  21/50 | Train: 0.172688 | Val: 0.177710 | Corr: 0.133324 | LR: 5.00e-04
2026-03-04 19:41:20,233 - INFO - Epoch  22/50 | Train: 0.172624 | Val: 0.177727 | Corr: 0.133259 | LR: 5.00e-04
2026-03-04 19:41:26,918 - INFO - Epoch  23/50 | Train: 0.172559 | Val: 0.176991 | Corr: 0.132643 | LR: 5.00e-04
2026-03-04 19:41:34,080 - INFO - Epoch  24/50 | Train: 0.172373 | Val: 0.178661 | Corr: 0.133016 | LR: 5.00e-04
2026-03-04 19:41:40,853 - INFO - Epoch  25/50 | Train: 0.172463 | Val: 0.179820 | Corr: 0.133680 | LR: 5.00e-04
2026-03-04 19:41:40,869 - INFO -   ↳ Saved best model (val_corr=0.133680)
2026-03-04 19:41:47,988 - INFO - Epoch  26/50 | Train: 0.172227 | Val: 0.178101 | Corr: 0.133038 | LR: 5.00e-04
2026-03-04 19:41:54,541 - INFO - Epoch  27/50 | Train: 0.172239 | Val: 0.178866 | Corr: 0.133637 | LR: 5.00e-04
2026-03-04 19:42:01,765 - INFO - Epoch  28/50 | Train: 0.172191 | Val: 0.177694 | Corr: 0.133274 | LR: 5.00e-04
2026-03-04 19:42:08,242 - INFO - Epoch  29/50 | Train: 0.171878 | Val: 0.177174 | Corr: 0.132542 | LR: 2.50e-04
2026-03-04 19:42:15,155 - INFO - Epoch  30/50 | Train: 0.171379 | Val: 0.177741 | Corr: 0.133655 | LR: 2.50e-04
2026-03-04 19:42:22,444 - INFO - Epoch  31/50 | Train: 0.171271 | Val: 0.178042 | Corr: 0.134158 | LR: 2.50e-04
2026-03-04 19:42:22,460 - INFO -   ↳ Saved best model (val_corr=0.134158)
2026-03-04 19:42:29,266 - INFO - Epoch  32/50 | Train: 0.171258 | Val: 0.178540 | Corr: 0.134349 | LR: 2.50e-04
2026-03-04 19:42:29,285 - INFO -   ↳ Saved best model (val_corr=0.134349)
2026-03-04 19:42:36,469 - INFO - Epoch  33/50 | Train: 0.171159 | Val: 0.178050 | Corr: 0.133617 | LR: 2.50e-04
2026-03-04 19:42:43,354 - INFO - Epoch  34/50 | Train: 0.171043 | Val: 0.178367 | Corr: 0.133336 | LR: 2.50e-04
2026-03-04 19:42:50,521 - INFO - Epoch  35/50 | Train: 0.171144 | Val: 0.178480 | Corr: 0.133330 | LR: 1.25e-04
2026-03-04 19:42:57,311 - INFO - Epoch  36/50 | Train: 0.170742 | Val: 0.178150 | Corr: 0.133551 | LR: 1.25e-04
2026-03-04 19:43:04,435 - INFO - Epoch  37/50 | Train: 0.170642 | Val: 0.177725 | Corr: 0.133630 | LR: 1.25e-04
2026-03-04 19:43:11,315 - INFO - Epoch  38/50 | Train: 0.170676 | Val: 0.178002 | Corr: 0.133372 | LR: 1.25e-04
2026-03-04 19:43:18,665 - INFO - Epoch  39/50 | Train: 0.170638 | Val: 0.178328 | Corr: 0.133749 | LR: 1.25e-04
2026-03-04 19:43:25,382 - INFO - Epoch  40/50 | Train: 0.170598 | Val: 0.177684 | Corr: 0.133279 | LR: 1.25e-04
2026-03-04 19:43:32,696 - INFO - Epoch  41/50 | Train: 0.170600 | Val: 0.178245 | Corr: 0.133375 | LR: 6.25e-05
2026-03-04 19:43:39,465 - INFO - Epoch  42/50 | Train: 0.170424 | Val: 0.178435 | Corr: 0.133510 | LR: 6.25e-05
2026-03-04 19:43:39,465 - INFO - Early stopping at epoch 42
2026-03-04 19:43:39,465 - INFO - Training complete — best val corr: 0.134349
2026-03-04 19:43:41,292 - INFO - Test loss: 0.170048, Test corr: 0.138950
2026-03-04 19:43:41,754 - INFO - Fraction of variance explained (FVE): 0.010738
2026-03-04 19:43:41,754 - INFO - Generating figures …
2026-03-04 19:43:42,283 - INFO - Correlation between predicted and actual per-neuron averages: r=0.9855, p=0.00e+00
2026-03-04 19:43:44,565 - INFO - Pattern selectivity summary:
2026-03-04 19:43:44,565 - INFO -   Mean correlation across neurons: 0.5158
2026-03-04 19:43:44,565 - INFO -   Median correlation: 0.5677
2026-03-04 19:43:44,565 - INFO -   Neurons with r > 0.5: 35 / 63
2026-03-04 19:43:44,565 - INFO -   Neurons with r > 0.3: 53 / 63
2026-03-04 19:43:44,566 - INFO - Pattern selectivity — mean neuron corr: 0.5158
2026-03-04 19:43:46,602 - INFO - LOO (avg rate) — Model mean r: 0.3026, LOO mean r: 0.4546, Neurons model > LOO: 1/63
2026-03-04 19:43:49,007 - INFO - LOO (temporal) — Model mean r: 0.1406, LOO mean r: 0.3186, Neurons model > LOO: 0/63
2026-03-04 19:43:49,008 - INFO - Skipping oracle trial plots (skip_oracle_plots=True)
2026-03-04 19:43:49,022 - INFO - Experiment complete. Summary: {
  "run_dir": "/scratch/sb272/patterns5k_results/slurm_base_cnn_2026-03-04_16-53-19/trial_0154_learning_rate=1.0e-03_kernel_sizes=5x3_conv_channels=128x256_fc_dims=512_seed2",
  "model_type": "cnn",
  "batch_avg_test_loss": 0.17004784643650056,
  "batch_avg_test_corr": 0.13894986492064682,
  "all_test_fve": 0.010738345365675668,
  "AR_FVE": NaN,
  "AR_test_correlation": NaN,
  "best_val_corr": 0.13434893246008964,
  "total_params": 290239,
  "trainable_params": 290239,
  "epochs_trained": 42,
  "mean_pattern_corr": 0.5157500775178865,
  "history": 0,
  "init_state": true,
  "loo_avg_mean_corr": 0.45456832695830385,
  "model_avg_mean_corr": 0.302602013768721,
  "neurons_model_beats_loo_avg": 1,
  "loo_temporal_mean_corr": 0.31855225563049316,
  "all_test_corr": 0.14057382941246033,
  "neurons_model_beats_loo_temporal": 0,
  "kernel_sizes": [
    5,
    3
  ],
  "conv_channels": [
    128,
    256
  ],
  "fc_dims": [
    512
  ]
}
