2026-03-06 10:13:59,321 - INFO - ============================================================
2026-03-06 10:13:59,321 - INFO - Experiment run directory: /scratch/sb272/patterns5k_results/slurm_base_cnn_2026-03-06_09-50-40/trial_0034_learning_rate=5.0e-04_kernel_sizes=3x3x3_conv_channels=256x256x256_fc_dims=512_seed1
2026-03-06 10:13:59,321 - INFO - ============================================================
2026-03-06 10:13:59,321 - INFO - Loading data …
2026-03-06 10:14:00,125 - INFO - 63 unique neurons after dropping problematic neurons
2026-03-06 10:14:01,202 - INFO - Stimulation channels: 42, Spiking neurons: 63
2026-03-06 10:15:52,550 - INFO - Unique patterns: 4050, Total trials: 5000
2026-03-06 10:15:52,551 - INFO - Stimulation channels: 42, Spiking neurons: 63
2026-03-06 10:15:52,551 - INFO - Unique patterns: 4050, Total trials: 5000
2026-03-06 10:15:52,568 - INFO - Split (oracle): train=3400, val=600, test=1000
2026-03-06 10:16:14,961 - INFO - BinnedStimSpikeDataset initialized:
2026-03-06 10:16:14,963 - INFO -   input_bin_size_ms=10, output_bin_size_ms=10
2026-03-06 10:16:14,963 - INFO -   n_input_bins=60, n_output_bins=60
2026-03-06 10:16:14,963 - INFO -   output_offset=0, total_bins_input=60, total_bins_output=60
2026-03-06 10:16:14,963 - INFO -   Valid start positions per trial: 0 to 0
2026-03-06 10:16:14,963 - INFO -   Total samples: 3400 (3400 trials × 1 positions)
2026-03-06 10:16:36,777 - INFO - BinnedStimSpikeDataset initialized:
2026-03-06 10:16:36,777 - INFO -   input_bin_size_ms=10, output_bin_size_ms=10
2026-03-06 10:16:36,777 - INFO -   n_input_bins=60, n_output_bins=60
2026-03-06 10:16:36,777 - INFO -   output_offset=0, total_bins_input=60, total_bins_output=60
2026-03-06 10:16:36,777 - INFO -   Valid start positions per trial: 0 to 0
2026-03-06 10:16:36,777 - INFO -   Total samples: 600 (600 trials × 1 positions)
2026-03-06 10:16:58,732 - INFO - BinnedStimSpikeDataset initialized:
2026-03-06 10:16:58,732 - INFO -   input_bin_size_ms=10, output_bin_size_ms=10
2026-03-06 10:16:58,732 - INFO -   n_input_bins=60, n_output_bins=60
2026-03-06 10:16:58,732 - INFO -   output_offset=0, total_bins_input=60, total_bins_output=60
2026-03-06 10:16:58,732 - INFO -   Valid start positions per trial: 0 to 0
2026-03-06 10:16:58,732 - INFO -   Total samples: 1000 (1000 trials × 1 positions)
2026-03-06 10:16:58,732 - INFO - Samples — train: 3400, val: 600, test: 1000
2026-03-06 10:16:58,732 - INFO - Input channels: 42, Neurons: 63
2026-03-06 10:16:58,738 - INFO - Using CPU
2026-03-06 10:16:58,757 - INFO - Model: CNN — 591,679 trainable params (591,679 total)
2026-03-06 10:17:03,303 - INFO - Starting training …
2026-03-06 10:17:13,549 - INFO - Epoch   1/50 | Train: 0.216339 | Val: 0.181932 | Corr: 0.086782 | LR: 5.00e-04
2026-03-06 10:17:13,574 - INFO -   ↳ Saved best model (val_corr=0.086782)
2026-03-06 10:17:23,198 - INFO - Epoch   2/50 | Train: 0.182059 | Val: 0.180320 | Corr: 0.100128 | LR: 5.00e-04
2026-03-06 10:17:23,217 - INFO -   ↳ Saved best model (val_corr=0.100128)
2026-03-06 10:17:32,764 - INFO - Epoch   3/50 | Train: 0.180847 | Val: 0.179757 | Corr: 0.108123 | LR: 5.00e-04
2026-03-06 10:17:32,789 - INFO -   ↳ Saved best model (val_corr=0.108123)
2026-03-06 10:17:42,356 - INFO - Epoch   4/50 | Train: 0.179564 | Val: 0.178929 | Corr: 0.118332 | LR: 5.00e-04
2026-03-06 10:17:42,374 - INFO -   ↳ Saved best model (val_corr=0.118332)
2026-03-06 10:17:52,094 - INFO - Epoch   5/50 | Train: 0.178697 | Val: 0.178360 | Corr: 0.122112 | LR: 5.00e-04
2026-03-06 10:17:52,111 - INFO -   ↳ Saved best model (val_corr=0.122112)
2026-03-06 10:18:01,688 - INFO - Epoch   6/50 | Train: 0.177997 | Val: 0.177952 | Corr: 0.127007 | LR: 5.00e-04
2026-03-06 10:18:01,710 - INFO -   ↳ Saved best model (val_corr=0.127007)
2026-03-06 10:18:11,239 - INFO - Epoch   7/50 | Train: 0.177236 | Val: 0.177795 | Corr: 0.129623 | LR: 5.00e-04
2026-03-06 10:18:11,268 - INFO -   ↳ Saved best model (val_corr=0.129623)
2026-03-06 10:18:20,727 - INFO - Epoch   8/50 | Train: 0.176749 | Val: 0.177566 | Corr: 0.132578 | LR: 5.00e-04
2026-03-06 10:18:20,751 - INFO -   ↳ Saved best model (val_corr=0.132578)
2026-03-06 10:18:30,240 - INFO - Epoch   9/50 | Train: 0.176023 | Val: 0.177817 | Corr: 0.131735 | LR: 5.00e-04
2026-03-06 10:18:39,718 - INFO - Epoch  10/50 | Train: 0.175633 | Val: 0.177736 | Corr: 0.135306 | LR: 5.00e-04
2026-03-06 10:18:39,741 - INFO -   ↳ Saved best model (val_corr=0.135306)
2026-03-06 10:18:49,256 - INFO - Epoch  11/50 | Train: 0.175232 | Val: 0.177277 | Corr: 0.136310 | LR: 5.00e-04
2026-03-06 10:18:49,275 - INFO -   ↳ Saved best model (val_corr=0.136310)
2026-03-06 10:18:58,766 - INFO - Epoch  12/50 | Train: 0.174740 | Val: 0.177038 | Corr: 0.137415 | LR: 5.00e-04
2026-03-06 10:18:58,788 - INFO -   ↳ Saved best model (val_corr=0.137415)
2026-03-06 10:19:08,280 - INFO - Epoch  13/50 | Train: 0.174342 | Val: 0.177602 | Corr: 0.135592 | LR: 5.00e-04
2026-03-06 10:19:17,776 - INFO - Epoch  14/50 | Train: 0.174085 | Val: 0.177015 | Corr: 0.139361 | LR: 5.00e-04
2026-03-06 10:19:17,834 - INFO -   ↳ Saved best model (val_corr=0.139361)
2026-03-06 10:19:27,427 - INFO - Epoch  15/50 | Train: 0.173810 | Val: 0.177103 | Corr: 0.137457 | LR: 5.00e-04
2026-03-06 10:19:37,005 - INFO - Epoch  16/50 | Train: 0.173368 | Val: 0.177430 | Corr: 0.137456 | LR: 5.00e-04
2026-03-06 10:19:46,632 - INFO - Epoch  17/50 | Train: 0.173201 | Val: 0.177657 | Corr: 0.135505 | LR: 5.00e-04
2026-03-06 10:19:56,207 - INFO - Epoch  18/50 | Train: 0.172793 | Val: 0.177270 | Corr: 0.137746 | LR: 5.00e-04
2026-03-06 10:20:05,769 - INFO - Epoch  19/50 | Train: 0.172574 | Val: 0.177196 | Corr: 0.138120 | LR: 5.00e-04
2026-03-06 10:20:15,364 - INFO - Epoch  20/50 | Train: 0.172222 | Val: 0.178510 | Corr: 0.132612 | LR: 2.50e-04
2026-03-06 10:20:24,969 - INFO - Epoch  21/50 | Train: 0.171320 | Val: 0.177299 | Corr: 0.138023 | LR: 2.50e-04
2026-03-06 10:20:34,583 - INFO - Epoch  22/50 | Train: 0.170966 | Val: 0.177377 | Corr: 0.138442 | LR: 2.50e-04
2026-03-06 10:20:44,192 - INFO - Epoch  23/50 | Train: 0.170907 | Val: 0.177553 | Corr: 0.138010 | LR: 2.50e-04
2026-03-06 10:20:53,860 - INFO - Epoch  24/50 | Train: 0.170637 | Val: 0.177799 | Corr: 0.137530 | LR: 2.50e-04
2026-03-06 10:20:53,861 - INFO - Early stopping at epoch 24
2026-03-06 10:20:53,861 - INFO - Training complete — best val corr: 0.139361
2026-03-06 10:20:55,339 - INFO - Test loss: 0.168875, Test corr: 0.130081
2026-03-06 10:20:56,005 - INFO - Fraction of variance explained (FVE): 0.019377
2026-03-06 10:20:56,005 - INFO - Generating figures …
2026-03-06 10:20:56,464 - INFO - Correlation between predicted and actual per-neuron averages: r=0.9892, p=0.00e+00
2026-03-06 10:20:58,390 - INFO - Pattern selectivity summary:
2026-03-06 10:20:58,390 - INFO -   Mean correlation across neurons: 0.4354
2026-03-06 10:20:58,390 - INFO -   Median correlation: 0.4892
2026-03-06 10:20:58,390 - INFO -   Neurons with r > 0.5: 31 / 63
2026-03-06 10:20:58,390 - INFO -   Neurons with r > 0.3: 48 / 63
2026-03-06 10:20:58,390 - INFO - Pattern selectivity — mean neuron corr: 0.4354
2026-03-06 10:20:59,988 - INFO - LOO (avg rate) — Model mean r: 0.2627, LOO mean r: 0.4546, Neurons model > LOO: 1/63
2026-03-06 10:21:02,051 - INFO - LOO (temporal) — Model mean r: 0.1306, LOO mean r: 0.3186, Neurons model > LOO: 0/63
2026-03-06 10:21:02,051 - INFO - Skipping oracle trial plots (skip_oracle_plots=True)
2026-03-06 10:21:02,061 - INFO - Experiment complete. Summary: {
  "run_dir": "/scratch/sb272/patterns5k_results/slurm_base_cnn_2026-03-06_09-50-40/trial_0034_learning_rate=5.0e-04_kernel_sizes=3x3x3_conv_channels=256x256x256_fc_dims=512_seed1",
  "model_type": "cnn",
  "batch_avg_test_loss": 0.16887479770183564,
  "batch_avg_test_corr": 0.13008119850215594,
  "all_test_fve": 0.019377374459826756,
  "AR_FVE": NaN,
  "AR_test_correlation": NaN,
  "best_val_corr": 0.13936135343786263,
  "total_params": 591679,
  "trainable_params": 591679,
  "epochs_trained": 24,
  "mean_pattern_corr": 0.4354193531241153,
  "history": 0,
  "init_state": true,
  "loo_avg_mean_corr": 0.45456832695830385,
  "model_avg_mean_corr": 0.26273945705693896,
  "neurons_model_beats_loo_avg": 1,
  "loo_temporal_mean_corr": 0.31855225563049316,
  "all_test_corr": 0.13058696687221527,
  "neurons_model_beats_loo_temporal": 0,
  "kernel_sizes": [
    3,
    3,
    3
  ],
  "conv_channels": [
    256,
    256,
    256
  ],
  "fc_dims": [
    512
  ]
}
