2026-03-03 20:58:44,886 - INFO - ============================================================
2026-03-03 20:58:44,886 - INFO - Experiment run directory: /scratch/sb272/patterns5k_results/slurm_hist_cnn_2026-03-03_15-13-01/trial_0002_learning_rate=1.0e-04_history=1_kernel_sizes=10_conv_channels=256_fc_dims=256_seed2
2026-03-03 20:58:44,886 - INFO - ============================================================
2026-03-03 20:58:44,887 - INFO - Loading data …
2026-03-03 20:58:45,806 - INFO - 63 unique neurons after dropping problematic neurons
2026-03-03 20:58:46,761 - INFO - Stimulation channels: 42, Spiking neurons: 63
2026-03-03 20:59:56,557 - INFO - Unique patterns: 4050, Total trials: 5000
2026-03-03 20:59:56,561 - INFO - Stimulation channels: 42, Spiking neurons: 63
2026-03-03 20:59:56,562 - INFO - Unique patterns: 4050, Total trials: 5000
2026-03-03 20:59:56,572 - INFO - Split (oracle): train=3400, val=600, test=1000
2026-03-03 21:00:10,955 - INFO - BinnedStimSpikeDataset initialized:
2026-03-03 21:00:10,957 - INFO -   input_bin_size_ms=10, output_bin_size_ms=10
2026-03-03 21:00:10,957 - INFO -   n_input_bins=60, n_output_bins=60
2026-03-03 21:00:10,957 - INFO -   output_offset=0, total_bins_input=60, total_bins_output=60
2026-03-03 21:00:10,957 - INFO -   Valid start positions per trial: 0 to 0
2026-03-03 21:00:10,957 - INFO -   Total samples: 3400 (3400 trials × 1 positions)
2026-03-03 21:00:24,846 - INFO - BinnedStimSpikeDataset initialized:
2026-03-03 21:00:24,847 - INFO -   input_bin_size_ms=10, output_bin_size_ms=10
2026-03-03 21:00:24,847 - INFO -   n_input_bins=60, n_output_bins=60
2026-03-03 21:00:24,847 - INFO -   output_offset=0, total_bins_input=60, total_bins_output=60
2026-03-03 21:00:24,847 - INFO -   Valid start positions per trial: 0 to 0
2026-03-03 21:00:24,847 - INFO -   Total samples: 600 (600 trials × 1 positions)
2026-03-03 21:00:38,811 - INFO - BinnedStimSpikeDataset initialized:
2026-03-03 21:00:38,811 - INFO -   input_bin_size_ms=10, output_bin_size_ms=10
2026-03-03 21:00:38,811 - INFO -   n_input_bins=60, n_output_bins=60
2026-03-03 21:00:38,811 - INFO -   output_offset=0, total_bins_input=60, total_bins_output=60
2026-03-03 21:00:38,811 - INFO -   Valid start positions per trial: 0 to 0
2026-03-03 21:00:38,811 - INFO -   Total samples: 1000 (1000 trials × 1 positions)
2026-03-03 21:00:38,811 - INFO - Samples — train: 3400, val: 600, test: 1000
2026-03-03 21:00:38,811 - INFO - Input channels: 105, Neurons: 63
2026-03-03 21:00:38,828 - INFO - Using CPU
2026-03-03 21:00:38,845 - INFO - Model: CNN — 351,551 trainable params (351,551 total)
2026-03-03 21:00:55,112 - INFO - Starting training …
2026-03-03 21:01:00,558 - INFO - Epoch   1/50 | Train: 0.381893 | Val: 0.182721 | Corr: 0.096320 | LR: 1.00e-04
2026-03-03 21:01:00,596 - INFO -   ↳ Saved best model (val_corr=0.096320)
2026-03-03 21:01:05,014 - INFO - Epoch   2/50 | Train: 0.183057 | Val: 0.178651 | Corr: 0.120326 | LR: 1.00e-04
2026-03-03 21:01:05,040 - INFO -   ↳ Saved best model (val_corr=0.120326)
2026-03-03 21:01:09,519 - INFO - Epoch   3/50 | Train: 0.179913 | Val: 0.176637 | Corr: 0.132609 | LR: 1.00e-04
2026-03-03 21:01:09,546 - INFO -   ↳ Saved best model (val_corr=0.132609)
2026-03-03 21:01:14,056 - INFO - Epoch   4/50 | Train: 0.177607 | Val: 0.174801 | Corr: 0.144074 | LR: 1.00e-04
2026-03-03 21:01:14,089 - INFO -   ↳ Saved best model (val_corr=0.144074)
2026-03-03 21:01:18,541 - INFO - Epoch   5/50 | Train: 0.175669 | Val: 0.173102 | Corr: 0.154020 | LR: 1.00e-04
2026-03-03 21:01:18,579 - INFO -   ↳ Saved best model (val_corr=0.154020)
2026-03-03 21:01:22,995 - INFO - Epoch   6/50 | Train: 0.173621 | Val: 0.171894 | Corr: 0.162775 | LR: 1.00e-04
2026-03-03 21:01:23,038 - INFO -   ↳ Saved best model (val_corr=0.162775)
2026-03-03 21:01:27,346 - INFO - Epoch   7/50 | Train: 0.172244 | Val: 0.170750 | Corr: 0.170614 | LR: 1.00e-04
2026-03-03 21:01:27,394 - INFO -   ↳ Saved best model (val_corr=0.170614)
2026-03-03 21:01:31,818 - INFO - Epoch   8/50 | Train: 0.170911 | Val: 0.169876 | Corr: 0.177456 | LR: 1.00e-04
2026-03-03 21:01:31,845 - INFO -   ↳ Saved best model (val_corr=0.177456)
2026-03-03 21:01:36,229 - INFO - Epoch   9/50 | Train: 0.169947 | Val: 0.169200 | Corr: 0.183183 | LR: 1.00e-04
2026-03-03 21:01:36,259 - INFO -   ↳ Saved best model (val_corr=0.183183)
2026-03-03 21:01:40,723 - INFO - Epoch  10/50 | Train: 0.168992 | Val: 0.168563 | Corr: 0.187914 | LR: 1.00e-04
2026-03-03 21:01:40,754 - INFO -   ↳ Saved best model (val_corr=0.187914)
2026-03-03 21:01:45,229 - INFO - Epoch  11/50 | Train: 0.168061 | Val: 0.167968 | Corr: 0.192166 | LR: 1.00e-04
2026-03-03 21:01:45,253 - INFO -   ↳ Saved best model (val_corr=0.192166)
2026-03-03 21:01:49,743 - INFO - Epoch  12/50 | Train: 0.167212 | Val: 0.167517 | Corr: 0.196978 | LR: 1.00e-04
2026-03-03 21:01:49,778 - INFO -   ↳ Saved best model (val_corr=0.196978)
2026-03-03 21:01:54,056 - INFO - Epoch  13/50 | Train: 0.166502 | Val: 0.167025 | Corr: 0.200765 | LR: 1.00e-04
2026-03-03 21:01:54,088 - INFO -   ↳ Saved best model (val_corr=0.200765)
2026-03-03 21:01:58,374 - INFO - Epoch  14/50 | Train: 0.165948 | Val: 0.166619 | Corr: 0.203741 | LR: 1.00e-04
2026-03-03 21:01:58,407 - INFO -   ↳ Saved best model (val_corr=0.203741)
2026-03-03 21:02:02,807 - INFO - Epoch  15/50 | Train: 0.165264 | Val: 0.166509 | Corr: 0.206530 | LR: 1.00e-04
2026-03-03 21:02:02,836 - INFO -   ↳ Saved best model (val_corr=0.206530)
2026-03-03 21:02:07,221 - INFO - Epoch  16/50 | Train: 0.164795 | Val: 0.166109 | Corr: 0.209395 | LR: 1.00e-04
2026-03-03 21:02:07,252 - INFO -   ↳ Saved best model (val_corr=0.209395)
2026-03-03 21:02:11,732 - INFO - Epoch  17/50 | Train: 0.164225 | Val: 0.165685 | Corr: 0.213127 | LR: 1.00e-04
2026-03-03 21:02:11,764 - INFO -   ↳ Saved best model (val_corr=0.213127)
2026-03-03 21:02:16,306 - INFO - Epoch  18/50 | Train: 0.163724 | Val: 0.165643 | Corr: 0.214663 | LR: 1.00e-04
2026-03-03 21:02:16,332 - INFO -   ↳ Saved best model (val_corr=0.214663)
2026-03-03 21:02:20,819 - INFO - Epoch  19/50 | Train: 0.163244 | Val: 0.165356 | Corr: 0.216700 | LR: 1.00e-04
2026-03-03 21:02:20,844 - INFO -   ↳ Saved best model (val_corr=0.216700)
2026-03-03 21:02:25,253 - INFO - Epoch  20/50 | Train: 0.162763 | Val: 0.165238 | Corr: 0.218171 | LR: 1.00e-04
2026-03-03 21:02:25,278 - INFO -   ↳ Saved best model (val_corr=0.218171)
2026-03-03 21:02:29,665 - INFO - Epoch  21/50 | Train: 0.162342 | Val: 0.164944 | Corr: 0.220093 | LR: 1.00e-04
2026-03-03 21:02:29,697 - INFO -   ↳ Saved best model (val_corr=0.220093)
2026-03-03 21:02:34,079 - INFO - Epoch  22/50 | Train: 0.161967 | Val: 0.164635 | Corr: 0.222183 | LR: 1.00e-04
2026-03-03 21:02:34,114 - INFO -   ↳ Saved best model (val_corr=0.222183)
2026-03-03 21:02:38,529 - INFO - Epoch  23/50 | Train: 0.161638 | Val: 0.164566 | Corr: 0.223895 | LR: 1.00e-04
2026-03-03 21:02:38,559 - INFO -   ↳ Saved best model (val_corr=0.223895)
2026-03-03 21:02:43,060 - INFO - Epoch  24/50 | Train: 0.161235 | Val: 0.164369 | Corr: 0.224704 | LR: 1.00e-04
2026-03-03 21:02:43,085 - INFO -   ↳ Saved best model (val_corr=0.224704)
2026-03-03 21:02:47,586 - INFO - Epoch  25/50 | Train: 0.160898 | Val: 0.164142 | Corr: 0.226688 | LR: 1.00e-04
2026-03-03 21:02:47,615 - INFO -   ↳ Saved best model (val_corr=0.226688)
2026-03-03 21:02:52,062 - INFO - Epoch  26/50 | Train: 0.160587 | Val: 0.164078 | Corr: 0.227572 | LR: 1.00e-04
2026-03-03 21:02:52,089 - INFO -   ↳ Saved best model (val_corr=0.227572)
2026-03-03 21:02:56,434 - INFO - Epoch  27/50 | Train: 0.160197 | Val: 0.163916 | Corr: 0.228931 | LR: 1.00e-04
2026-03-03 21:02:56,456 - INFO -   ↳ Saved best model (val_corr=0.228931)
2026-03-03 21:03:00,811 - INFO - Epoch  28/50 | Train: 0.160044 | Val: 0.163840 | Corr: 0.229560 | LR: 1.00e-04
2026-03-03 21:03:00,840 - INFO -   ↳ Saved best model (val_corr=0.229560)
2026-03-03 21:03:05,151 - INFO - Epoch  29/50 | Train: 0.159765 | Val: 0.163718 | Corr: 0.230752 | LR: 1.00e-04
2026-03-03 21:03:05,190 - INFO -   ↳ Saved best model (val_corr=0.230752)
2026-03-03 21:03:09,596 - INFO - Epoch  30/50 | Train: 0.159399 | Val: 0.163670 | Corr: 0.231098 | LR: 1.00e-04
2026-03-03 21:03:09,620 - INFO -   ↳ Saved best model (val_corr=0.231098)
2026-03-03 21:03:14,028 - INFO - Epoch  31/50 | Train: 0.159097 | Val: 0.163456 | Corr: 0.232632 | LR: 1.00e-04
2026-03-03 21:03:14,047 - INFO -   ↳ Saved best model (val_corr=0.232632)
2026-03-03 21:03:18,393 - INFO - Epoch  32/50 | Train: 0.158857 | Val: 0.163530 | Corr: 0.232844 | LR: 1.00e-04
2026-03-03 21:03:18,418 - INFO -   ↳ Saved best model (val_corr=0.232844)
2026-03-03 21:03:22,684 - INFO - Epoch  33/50 | Train: 0.158708 | Val: 0.163398 | Corr: 0.233819 | LR: 1.00e-04
2026-03-03 21:03:22,712 - INFO -   ↳ Saved best model (val_corr=0.233819)
2026-03-03 21:03:27,019 - INFO - Epoch  34/50 | Train: 0.158418 | Val: 0.163232 | Corr: 0.234210 | LR: 1.00e-04
2026-03-03 21:03:27,041 - INFO -   ↳ Saved best model (val_corr=0.234210)
2026-03-03 21:03:31,359 - INFO - Epoch  35/50 | Train: 0.158293 | Val: 0.163249 | Corr: 0.234300 | LR: 1.00e-04
2026-03-03 21:03:31,385 - INFO -   ↳ Saved best model (val_corr=0.234300)
2026-03-03 21:03:35,755 - INFO - Epoch  36/50 | Train: 0.158007 | Val: 0.163077 | Corr: 0.235383 | LR: 1.00e-04
2026-03-03 21:03:35,779 - INFO -   ↳ Saved best model (val_corr=0.235383)
2026-03-03 21:03:40,262 - INFO - Epoch  37/50 | Train: 0.157815 | Val: 0.163054 | Corr: 0.235821 | LR: 1.00e-04
2026-03-03 21:03:40,286 - INFO -   ↳ Saved best model (val_corr=0.235821)
2026-03-03 21:03:44,701 - INFO - Epoch  38/50 | Train: 0.157659 | Val: 0.163179 | Corr: 0.235783 | LR: 1.00e-04
2026-03-03 21:03:49,059 - INFO - Epoch  39/50 | Train: 0.157369 | Val: 0.162945 | Corr: 0.236827 | LR: 1.00e-04
2026-03-03 21:03:49,086 - INFO -   ↳ Saved best model (val_corr=0.236827)
2026-03-03 21:03:53,414 - INFO - Epoch  40/50 | Train: 0.157171 | Val: 0.163058 | Corr: 0.236662 | LR: 1.00e-04
2026-03-03 21:03:57,715 - INFO - Epoch  41/50 | Train: 0.156981 | Val: 0.162808 | Corr: 0.237792 | LR: 1.00e-04
2026-03-03 21:03:57,742 - INFO -   ↳ Saved best model (val_corr=0.237792)
2026-03-03 21:04:02,123 - INFO - Epoch  42/50 | Train: 0.156980 | Val: 0.163051 | Corr: 0.236955 | LR: 1.00e-04
2026-03-03 21:04:06,577 - INFO - Epoch  43/50 | Train: 0.156628 | Val: 0.162790 | Corr: 0.238263 | LR: 1.00e-04
2026-03-03 21:04:06,621 - INFO -   ↳ Saved best model (val_corr=0.238263)
2026-03-03 21:04:11,064 - INFO - Epoch  44/50 | Train: 0.156531 | Val: 0.162717 | Corr: 0.238446 | LR: 1.00e-04
2026-03-03 21:04:11,091 - INFO -   ↳ Saved best model (val_corr=0.238446)
2026-03-03 21:04:15,471 - INFO - Epoch  45/50 | Train: 0.156329 | Val: 0.162740 | Corr: 0.238512 | LR: 1.00e-04
2026-03-03 21:04:15,497 - INFO -   ↳ Saved best model (val_corr=0.238512)
2026-03-03 21:04:19,833 - INFO - Epoch  46/50 | Train: 0.156215 | Val: 0.162710 | Corr: 0.239200 | LR: 1.00e-04
2026-03-03 21:04:19,853 - INFO -   ↳ Saved best model (val_corr=0.239200)
2026-03-03 21:04:24,256 - INFO - Epoch  47/50 | Train: 0.156040 | Val: 0.162664 | Corr: 0.239691 | LR: 1.00e-04
2026-03-03 21:04:24,282 - INFO -   ↳ Saved best model (val_corr=0.239691)
2026-03-03 21:04:28,691 - INFO - Epoch  48/50 | Train: 0.155896 | Val: 0.162650 | Corr: 0.240166 | LR: 1.00e-04
2026-03-03 21:04:28,717 - INFO -   ↳ Saved best model (val_corr=0.240166)
2026-03-03 21:04:33,168 - INFO - Epoch  49/50 | Train: 0.155775 | Val: 0.162643 | Corr: 0.239930 | LR: 1.00e-04
2026-03-03 21:04:37,682 - INFO - Epoch  50/50 | Train: 0.155668 | Val: 0.162627 | Corr: 0.239970 | LR: 1.00e-04
2026-03-03 21:04:37,682 - INFO - Training complete — best val corr: 0.240166
2026-03-03 21:04:39,032 - INFO - Test loss: 0.154553, Test corr: 0.232057
2026-03-03 21:04:39,474 - INFO - Fraction of variance explained (FVE): 0.065681
2026-03-03 21:04:39,474 - INFO - Computing autoregressive (AR) test predictions …
2026-03-03 21:04:40,030 - INFO - AR FVE: -0.012783, AR test corr: 0.068854
2026-03-03 21:04:40,030 - INFO - Generating figures …
2026-03-03 21:04:40,598 - INFO - Correlation between predicted and actual per-neuron averages: r=0.9950, p=0.00e+00
2026-03-03 21:04:42,300 - INFO - Pattern selectivity summary:
2026-03-03 21:04:42,300 - INFO -   Mean correlation across neurons: 0.7563
2026-03-03 21:04:42,300 - INFO -   Median correlation: 0.7654
2026-03-03 21:04:42,300 - INFO -   Neurons with r > 0.5: 60 / 63
2026-03-03 21:04:42,300 - INFO -   Neurons with r > 0.3: 63 / 63
2026-03-03 21:04:42,300 - INFO - Pattern selectivity — mean neuron corr: 0.7563
2026-03-03 21:04:43,623 - INFO - LOO (avg rate) — Model mean r: 0.6645, LOO mean r: 0.4546, Neurons model > LOO: 57/63
2026-03-03 21:04:45,459 - INFO - LOO (temporal) — Model mean r: 0.2436, LOO mean r: 0.3186, Neurons model > LOO: 10/63
2026-03-03 21:04:45,460 - INFO - Skipping oracle trial plots (skip_oracle_plots=True)
2026-03-03 21:04:45,480 - INFO - Experiment complete. Summary: {
  "run_dir": "/scratch/sb272/patterns5k_results/slurm_hist_cnn_2026-03-03_15-13-01/trial_0002_learning_rate=1.0e-04_history=1_kernel_sizes=10_conv_channels=256_fc_dims=256_seed2",
  "model_type": "cnn",
  "batch_avg_test_loss": 0.15455278408527373,
  "batch_avg_test_corr": 0.2320572987878338,
  "all_test_fve": 0.06568077632359096,
  "AR_FVE": -0.012782963495405893,
  "AR_test_correlation": 0.06885392218828201,
  "best_val_corr": 0.24016563585473008,
  "total_params": 351551,
  "trainable_params": 351551,
  "epochs_trained": 50,
  "mean_pattern_corr": 0.7562644283124267,
  "history": 1,
  "init_state": true,
  "loo_avg_mean_corr": 0.45456832695830385,
  "model_avg_mean_corr": 0.6644636280187033,
  "neurons_model_beats_loo_avg": 57,
  "loo_temporal_mean_corr": 0.31855225563049316,
  "all_test_corr": 0.24356965720653534,
  "neurons_model_beats_loo_temporal": 10,
  "kernel_sizes": [
    10
  ],
  "conv_channels": [
    256
  ],
  "fc_dims": [
    256
  ]
}
