2026-03-03 23:29:44,272 - INFO - ============================================================
2026-03-03 23:29:44,272 - INFO - Experiment run directory: /scratch/sb272/patterns5k_results/slurm_hist_cnn_2026-03-03_15-13-01/trial_0246_learning_rate=1.0e-03_history=1_kernel_sizes=5_conv_channels=256_fc_dims=256_seed2
2026-03-03 23:29:44,272 - INFO - ============================================================
2026-03-03 23:29:44,272 - INFO - Loading data …
2026-03-03 23:29:45,337 - INFO - 63 unique neurons after dropping problematic neurons
2026-03-03 23:29:46,154 - INFO - Stimulation channels: 42, Spiking neurons: 63
2026-03-03 23:31:00,308 - INFO - Unique patterns: 4050, Total trials: 5000
2026-03-03 23:31:00,310 - INFO - Stimulation channels: 42, Spiking neurons: 63
2026-03-03 23:31:00,310 - INFO - Unique patterns: 4050, Total trials: 5000
2026-03-03 23:31:00,320 - INFO - Split (oracle): train=3400, val=600, test=1000
2026-03-03 23:31:14,649 - INFO - BinnedStimSpikeDataset initialized:
2026-03-03 23:31:14,649 - INFO -   input_bin_size_ms=10, output_bin_size_ms=10
2026-03-03 23:31:14,649 - INFO -   n_input_bins=60, n_output_bins=60
2026-03-03 23:31:14,649 - INFO -   output_offset=0, total_bins_input=60, total_bins_output=60
2026-03-03 23:31:14,649 - INFO -   Valid start positions per trial: 0 to 0
2026-03-03 23:31:14,649 - INFO -   Total samples: 3400 (3400 trials × 1 positions)
2026-03-03 23:31:28,529 - INFO - BinnedStimSpikeDataset initialized:
2026-03-03 23:31:28,529 - INFO -   input_bin_size_ms=10, output_bin_size_ms=10
2026-03-03 23:31:28,530 - INFO -   n_input_bins=60, n_output_bins=60
2026-03-03 23:31:28,530 - INFO -   output_offset=0, total_bins_input=60, total_bins_output=60
2026-03-03 23:31:28,530 - INFO -   Valid start positions per trial: 0 to 0
2026-03-03 23:31:28,530 - INFO -   Total samples: 600 (600 trials × 1 positions)
2026-03-03 23:31:42,539 - INFO - BinnedStimSpikeDataset initialized:
2026-03-03 23:31:42,539 - INFO -   input_bin_size_ms=10, output_bin_size_ms=10
2026-03-03 23:31:42,539 - INFO -   n_input_bins=60, n_output_bins=60
2026-03-03 23:31:42,539 - INFO -   output_offset=0, total_bins_input=60, total_bins_output=60
2026-03-03 23:31:42,539 - INFO -   Valid start positions per trial: 0 to 0
2026-03-03 23:31:42,539 - INFO -   Total samples: 1000 (1000 trials × 1 positions)
2026-03-03 23:31:42,539 - INFO - Samples — train: 3400, val: 600, test: 1000
2026-03-03 23:31:42,539 - INFO - Input channels: 105, Neurons: 63
2026-03-03 23:31:42,548 - INFO - Using CPU
2026-03-03 23:31:42,564 - INFO - Model: CNN — 217,151 trainable params (217,151 total)
2026-03-03 23:31:47,611 - INFO - Starting training …
2026-03-03 23:31:51,924 - INFO - Epoch   1/50 | Train: 0.208224 | Val: 0.172906 | Corr: 0.155487 | LR: 1.00e-03
2026-03-03 23:31:51,956 - INFO -   ↳ Saved best model (val_corr=0.155487)
2026-03-03 23:31:55,493 - INFO - Epoch   2/50 | Train: 0.172914 | Val: 0.169898 | Corr: 0.189467 | LR: 1.00e-03
2026-03-03 23:31:55,516 - INFO -   ↳ Saved best model (val_corr=0.189467)
2026-03-03 23:31:58,982 - INFO - Epoch   3/50 | Train: 0.169322 | Val: 0.166580 | Corr: 0.206387 | LR: 1.00e-03
2026-03-03 23:31:59,005 - INFO -   ↳ Saved best model (val_corr=0.206387)
2026-03-03 23:32:02,456 - INFO - Epoch   4/50 | Train: 0.167125 | Val: 0.165767 | Corr: 0.218525 | LR: 1.00e-03
2026-03-03 23:32:02,467 - INFO -   ↳ Saved best model (val_corr=0.218525)
2026-03-03 23:32:06,067 - INFO - Epoch   5/50 | Train: 0.165761 | Val: 0.165243 | Corr: 0.225861 | LR: 1.00e-03
2026-03-03 23:32:06,102 - INFO -   ↳ Saved best model (val_corr=0.225861)
2026-03-03 23:32:09,664 - INFO - Epoch   6/50 | Train: 0.164428 | Val: 0.165334 | Corr: 0.230988 | LR: 1.00e-03
2026-03-03 23:32:09,677 - INFO -   ↳ Saved best model (val_corr=0.230988)
2026-03-03 23:32:13,189 - INFO - Epoch   7/50 | Train: 0.163537 | Val: 0.162880 | Corr: 0.234548 | LR: 1.00e-03
2026-03-03 23:32:13,202 - INFO -   ↳ Saved best model (val_corr=0.234548)
2026-03-03 23:32:16,761 - INFO - Epoch   8/50 | Train: 0.162762 | Val: 0.162578 | Corr: 0.236366 | LR: 1.00e-03
2026-03-03 23:32:16,780 - INFO -   ↳ Saved best model (val_corr=0.236366)
2026-03-03 23:32:20,353 - INFO - Epoch   9/50 | Train: 0.161876 | Val: 0.162602 | Corr: 0.240420 | LR: 1.00e-03
2026-03-03 23:32:20,365 - INFO -   ↳ Saved best model (val_corr=0.240420)
2026-03-03 23:32:23,882 - INFO - Epoch  10/50 | Train: 0.161478 | Val: 0.162001 | Corr: 0.242943 | LR: 1.00e-03
2026-03-03 23:32:23,893 - INFO -   ↳ Saved best model (val_corr=0.242943)
2026-03-03 23:32:27,433 - INFO - Epoch  11/50 | Train: 0.160926 | Val: 0.162380 | Corr: 0.242625 | LR: 1.00e-03
2026-03-03 23:32:30,925 - INFO - Epoch  12/50 | Train: 0.160441 | Val: 0.161975 | Corr: 0.245467 | LR: 1.00e-03
2026-03-03 23:32:30,948 - INFO -   ↳ Saved best model (val_corr=0.245467)
2026-03-03 23:32:34,458 - INFO - Epoch  13/50 | Train: 0.160159 | Val: 0.161546 | Corr: 0.246352 | LR: 1.00e-03
2026-03-03 23:32:34,477 - INFO -   ↳ Saved best model (val_corr=0.246352)
2026-03-03 23:32:38,066 - INFO - Epoch  14/50 | Train: 0.159569 | Val: 0.161324 | Corr: 0.248504 | LR: 1.00e-03
2026-03-03 23:32:38,076 - INFO -   ↳ Saved best model (val_corr=0.248504)
2026-03-03 23:32:41,552 - INFO - Epoch  15/50 | Train: 0.159198 | Val: 0.161187 | Corr: 0.249162 | LR: 1.00e-03
2026-03-03 23:32:41,579 - INFO -   ↳ Saved best model (val_corr=0.249162)
2026-03-03 23:32:45,120 - INFO - Epoch  16/50 | Train: 0.158869 | Val: 0.161312 | Corr: 0.249307 | LR: 1.00e-03
2026-03-03 23:32:45,135 - INFO -   ↳ Saved best model (val_corr=0.249307)
2026-03-03 23:32:48,696 - INFO - Epoch  17/50 | Train: 0.158543 | Val: 0.160882 | Corr: 0.249546 | LR: 1.00e-03
2026-03-03 23:32:48,710 - INFO -   ↳ Saved best model (val_corr=0.249546)
2026-03-03 23:32:52,077 - INFO - Epoch  18/50 | Train: 0.158311 | Val: 0.161176 | Corr: 0.251464 | LR: 1.00e-03
2026-03-03 23:32:52,093 - INFO -   ↳ Saved best model (val_corr=0.251464)
2026-03-03 23:32:55,488 - INFO - Epoch  19/50 | Train: 0.158095 | Val: 0.161376 | Corr: 0.251854 | LR: 1.00e-03
2026-03-03 23:32:55,503 - INFO -   ↳ Saved best model (val_corr=0.251854)
2026-03-03 23:32:59,104 - INFO - Epoch  20/50 | Train: 0.157830 | Val: 0.160966 | Corr: 0.251015 | LR: 1.00e-03
2026-03-03 23:33:02,702 - INFO - Epoch  21/50 | Train: 0.157512 | Val: 0.160874 | Corr: 0.252529 | LR: 1.00e-03
2026-03-03 23:33:02,715 - INFO -   ↳ Saved best model (val_corr=0.252529)
2026-03-03 23:33:06,173 - INFO - Epoch  22/50 | Train: 0.157335 | Val: 0.161650 | Corr: 0.252568 | LR: 1.00e-03
2026-03-03 23:33:06,189 - INFO -   ↳ Saved best model (val_corr=0.252568)
2026-03-03 23:33:09,757 - INFO - Epoch  23/50 | Train: 0.157062 | Val: 0.160927 | Corr: 0.252858 | LR: 5.00e-04
2026-03-03 23:33:09,768 - INFO -   ↳ Saved best model (val_corr=0.252858)
2026-03-03 23:33:13,361 - INFO - Epoch  24/50 | Train: 0.155922 | Val: 0.160653 | Corr: 0.253372 | LR: 5.00e-04
2026-03-03 23:33:13,374 - INFO -   ↳ Saved best model (val_corr=0.253372)
2026-03-03 23:33:16,933 - INFO - Epoch  25/50 | Train: 0.155674 | Val: 0.160465 | Corr: 0.254093 | LR: 5.00e-04
2026-03-03 23:33:16,946 - INFO -   ↳ Saved best model (val_corr=0.254093)
2026-03-03 23:33:20,519 - INFO - Epoch  26/50 | Train: 0.155535 | Val: 0.160720 | Corr: 0.254000 | LR: 5.00e-04
2026-03-03 23:33:24,085 - INFO - Epoch  27/50 | Train: 0.155388 | Val: 0.160870 | Corr: 0.253988 | LR: 5.00e-04
2026-03-03 23:33:27,615 - INFO - Epoch  28/50 | Train: 0.155334 | Val: 0.160562 | Corr: 0.254104 | LR: 5.00e-04
2026-03-03 23:33:27,631 - INFO -   ↳ Saved best model (val_corr=0.254104)
2026-03-03 23:33:31,225 - INFO - Epoch  29/50 | Train: 0.155136 | Val: 0.160647 | Corr: 0.253931 | LR: 5.00e-04
2026-03-03 23:33:34,808 - INFO - Epoch  30/50 | Train: 0.155028 | Val: 0.160586 | Corr: 0.253753 | LR: 5.00e-04
2026-03-03 23:33:38,402 - INFO - Epoch  31/50 | Train: 0.155035 | Val: 0.160745 | Corr: 0.253666 | LR: 2.50e-04
2026-03-03 23:33:41,906 - INFO - Epoch  32/50 | Train: 0.154389 | Val: 0.160719 | Corr: 0.253896 | LR: 2.50e-04
2026-03-03 23:33:45,336 - INFO - Epoch  33/50 | Train: 0.154293 | Val: 0.160764 | Corr: 0.254029 | LR: 2.50e-04
2026-03-03 23:33:48,811 - INFO - Epoch  34/50 | Train: 0.154105 | Val: 0.160903 | Corr: 0.253959 | LR: 2.50e-04
2026-03-03 23:33:52,290 - INFO - Epoch  35/50 | Train: 0.154172 | Val: 0.160804 | Corr: 0.253949 | LR: 2.50e-04
2026-03-03 23:33:55,753 - INFO - Epoch  36/50 | Train: 0.154061 | Val: 0.160720 | Corr: 0.253570 | LR: 2.50e-04
2026-03-03 23:33:59,265 - INFO - Epoch  37/50 | Train: 0.153908 | Val: 0.160747 | Corr: 0.253719 | LR: 1.25e-04
2026-03-03 23:34:02,741 - INFO - Epoch  38/50 | Train: 0.153715 | Val: 0.160671 | Corr: 0.253918 | LR: 1.25e-04
2026-03-03 23:34:02,741 - INFO - Early stopping at epoch 38
2026-03-03 23:34:02,741 - INFO - Training complete — best val corr: 0.254104
2026-03-03 23:34:03,860 - INFO - Test loss: 0.152666, Test corr: 0.248305
2026-03-03 23:34:04,166 - INFO - Fraction of variance explained (FVE): 0.075877
2026-03-03 23:34:04,166 - INFO - Computing autoregressive (AR) test predictions …
2026-03-03 23:34:04,574 - INFO - AR FVE: -0.006339, AR test corr: 0.091491
2026-03-03 23:34:04,574 - INFO - Generating figures …
2026-03-03 23:34:04,945 - INFO - Correlation between predicted and actual per-neuron averages: r=0.9921, p=0.00e+00
2026-03-03 23:34:06,434 - INFO - Pattern selectivity summary:
2026-03-03 23:34:06,434 - INFO -   Mean correlation across neurons: 0.7927
2026-03-03 23:34:06,434 - INFO -   Median correlation: 0.8169
2026-03-03 23:34:06,434 - INFO -   Neurons with r > 0.5: 62 / 63
2026-03-03 23:34:06,434 - INFO -   Neurons with r > 0.3: 63 / 63
2026-03-03 23:34:06,435 - INFO - Pattern selectivity — mean neuron corr: 0.7927
2026-03-03 23:34:08,001 - INFO - LOO (avg rate) — Model mean r: 0.6816, LOO mean r: 0.4546, Neurons model > LOO: 62/63
2026-03-03 23:34:09,528 - INFO - LOO (temporal) — Model mean r: 0.2607, LOO mean r: 0.3186, Neurons model > LOO: 13/63
2026-03-03 23:34:09,528 - INFO - Skipping oracle trial plots (skip_oracle_plots=True)
2026-03-03 23:34:09,538 - INFO - Experiment complete. Summary: {
  "run_dir": "/scratch/sb272/patterns5k_results/slurm_hist_cnn_2026-03-03_15-13-01/trial_0246_learning_rate=1.0e-03_history=1_kernel_sizes=5_conv_channels=256_fc_dims=256_seed2",
  "model_type": "cnn",
  "batch_avg_test_loss": 0.15266617095470428,
  "batch_avg_test_corr": 0.24830534241774577,
  "all_test_fve": 0.07587721423497276,
  "AR_FVE": -0.006339160222855825,
  "AR_test_correlation": 0.09149113297462463,
  "best_val_corr": 0.25410423456061165,
  "total_params": 217151,
  "trainable_params": 217151,
  "epochs_trained": 38,
  "mean_pattern_corr": 0.7927075750562257,
  "history": 1,
  "init_state": true,
  "loo_avg_mean_corr": 0.45456832695830385,
  "model_avg_mean_corr": 0.681597005239521,
  "neurons_model_beats_loo_avg": 62,
  "loo_temporal_mean_corr": 0.31855225563049316,
  "all_test_corr": 0.2606561481952667,
  "neurons_model_beats_loo_temporal": 13,
  "kernel_sizes": [
    5
  ],
  "conv_channels": [
    256
  ],
  "fc_dims": [
    256
  ]
}
