2026-03-05 19:00:05,286 - INFO - ============================================================
2026-03-05 19:00:05,286 - INFO - Experiment run directory: /scratch/sb272/patterns5k_results/slurm_hist_cnn_2026-03-05_16-01-45/trial_0032_learning_rate=1.0e-04_history=5_kernel_sizes=3x3_conv_channels=64x128_fc_dims=512_seed1
2026-03-05 19:00:05,286 - INFO - ============================================================
2026-03-05 19:00:05,286 - INFO - Loading data …
2026-03-05 19:00:06,195 - INFO - 63 unique neurons after dropping problematic neurons
2026-03-05 19:00:07,449 - INFO - Stimulation channels: 42, Spiking neurons: 63
2026-03-05 19:02:15,492 - INFO - Unique patterns: 4050, Total trials: 5000
2026-03-05 19:02:15,493 - INFO - Stimulation channels: 42, Spiking neurons: 63
2026-03-05 19:02:15,493 - INFO - Unique patterns: 4050, Total trials: 5000
2026-03-05 19:02:15,510 - INFO - Split (oracle): train=3400, val=600, test=1000
2026-03-05 19:02:41,447 - INFO - BinnedStimSpikeDataset initialized:
2026-03-05 19:02:41,448 - INFO -   input_bin_size_ms=10, output_bin_size_ms=10
2026-03-05 19:02:41,448 - INFO -   n_input_bins=60, n_output_bins=60
2026-03-05 19:02:41,448 - INFO -   output_offset=0, total_bins_input=60, total_bins_output=60
2026-03-05 19:02:41,448 - INFO -   Valid start positions per trial: 0 to 0
2026-03-05 19:02:41,448 - INFO -   Total samples: 3400 (3400 trials × 1 positions)
2026-03-05 19:03:06,744 - INFO - BinnedStimSpikeDataset initialized:
2026-03-05 19:03:06,744 - INFO -   input_bin_size_ms=10, output_bin_size_ms=10
2026-03-05 19:03:06,744 - INFO -   n_input_bins=60, n_output_bins=60
2026-03-05 19:03:06,744 - INFO -   output_offset=0, total_bins_input=60, total_bins_output=60
2026-03-05 19:03:06,744 - INFO -   Valid start positions per trial: 0 to 0
2026-03-05 19:03:06,744 - INFO -   Total samples: 600 (600 trials × 1 positions)
2026-03-05 19:03:32,145 - INFO - BinnedStimSpikeDataset initialized:
2026-03-05 19:03:32,146 - INFO -   input_bin_size_ms=10, output_bin_size_ms=10
2026-03-05 19:03:32,146 - INFO -   n_input_bins=60, n_output_bins=60
2026-03-05 19:03:32,146 - INFO -   output_offset=0, total_bins_input=60, total_bins_output=60
2026-03-05 19:03:32,146 - INFO -   Valid start positions per trial: 0 to 0
2026-03-05 19:03:32,146 - INFO -   Total samples: 1000 (1000 trials × 1 positions)
2026-03-05 19:03:32,146 - INFO - Samples — train: 3400, val: 600, test: 1000
2026-03-05 19:03:32,146 - INFO - Input channels: 105, Neurons: 63
2026-03-05 19:03:32,165 - INFO - Using CPU
2026-03-05 19:03:32,169 - INFO - Model: CNN — 143,679 trainable params (143,679 total)
2026-03-05 19:03:35,942 - INFO - Starting training …
2026-03-05 19:03:42,131 - INFO - Epoch   1/50 | Train: 0.377430 | Val: 0.196219 | Corr: 0.052555 | LR: 1.00e-04
2026-03-05 19:03:42,142 - INFO -   ↳ Saved best model (val_corr=0.052555)
2026-03-05 19:03:47,537 - INFO - Epoch   2/50 | Train: 0.188144 | Val: 0.189602 | Corr: 0.065258 | LR: 1.00e-04
2026-03-05 19:03:47,546 - INFO -   ↳ Saved best model (val_corr=0.065258)
2026-03-05 19:03:52,914 - INFO - Epoch   3/50 | Train: 0.186549 | Val: 0.189785 | Corr: 0.070491 | LR: 1.00e-04
2026-03-05 19:03:52,925 - INFO -   ↳ Saved best model (val_corr=0.070491)
2026-03-05 19:03:58,307 - INFO - Epoch   4/50 | Train: 0.185607 | Val: 0.187895 | Corr: 0.073994 | LR: 1.00e-04
2026-03-05 19:03:58,326 - INFO -   ↳ Saved best model (val_corr=0.073994)
2026-03-05 19:04:03,688 - INFO - Epoch   5/50 | Train: 0.184943 | Val: 0.187464 | Corr: 0.076341 | LR: 1.00e-04
2026-03-05 19:04:03,699 - INFO -   ↳ Saved best model (val_corr=0.076341)
2026-03-05 19:04:09,080 - INFO - Epoch   6/50 | Train: 0.184416 | Val: 0.186362 | Corr: 0.078551 | LR: 1.00e-04
2026-03-05 19:04:09,092 - INFO -   ↳ Saved best model (val_corr=0.078551)
2026-03-05 19:04:14,415 - INFO - Epoch   7/50 | Train: 0.183824 | Val: 0.186913 | Corr: 0.081476 | LR: 1.00e-04
2026-03-05 19:04:14,425 - INFO -   ↳ Saved best model (val_corr=0.081476)
2026-03-05 19:04:19,752 - INFO - Epoch   8/50 | Train: 0.183279 | Val: 0.186751 | Corr: 0.083375 | LR: 1.00e-04
2026-03-05 19:04:19,761 - INFO -   ↳ Saved best model (val_corr=0.083375)
2026-03-05 19:04:25,098 - INFO - Epoch   9/50 | Train: 0.182775 | Val: 0.185239 | Corr: 0.086269 | LR: 1.00e-04
2026-03-05 19:04:25,106 - INFO -   ↳ Saved best model (val_corr=0.086269)
2026-03-05 19:04:30,450 - INFO - Epoch  10/50 | Train: 0.182362 | Val: 0.185256 | Corr: 0.088819 | LR: 1.00e-04
2026-03-05 19:04:30,459 - INFO -   ↳ Saved best model (val_corr=0.088819)
2026-03-05 19:04:35,786 - INFO - Epoch  11/50 | Train: 0.181991 | Val: 0.185738 | Corr: 0.091477 | LR: 1.00e-04
2026-03-05 19:04:35,794 - INFO -   ↳ Saved best model (val_corr=0.091477)
2026-03-05 19:04:41,111 - INFO - Epoch  12/50 | Train: 0.181542 | Val: 0.185358 | Corr: 0.092986 | LR: 1.00e-04
2026-03-05 19:04:41,121 - INFO -   ↳ Saved best model (val_corr=0.092986)
2026-03-05 19:04:46,450 - INFO - Epoch  13/50 | Train: 0.181190 | Val: 0.185386 | Corr: 0.094523 | LR: 1.00e-04
2026-03-05 19:04:46,460 - INFO -   ↳ Saved best model (val_corr=0.094523)
2026-03-05 19:04:51,785 - INFO - Epoch  14/50 | Train: 0.180884 | Val: 0.185251 | Corr: 0.096505 | LR: 1.00e-04
2026-03-05 19:04:51,794 - INFO -   ↳ Saved best model (val_corr=0.096505)
2026-03-05 19:04:57,124 - INFO - Epoch  15/50 | Train: 0.180592 | Val: 0.183127 | Corr: 0.098290 | LR: 1.00e-04
2026-03-05 19:04:57,134 - INFO -   ↳ Saved best model (val_corr=0.098290)
2026-03-05 19:05:02,458 - INFO - Epoch  16/50 | Train: 0.180360 | Val: 0.183763 | Corr: 0.099708 | LR: 1.00e-04
2026-03-05 19:05:02,468 - INFO -   ↳ Saved best model (val_corr=0.099708)
2026-03-05 19:05:07,780 - INFO - Epoch  17/50 | Train: 0.180034 | Val: 0.184256 | Corr: 0.101378 | LR: 1.00e-04
2026-03-05 19:05:07,789 - INFO -   ↳ Saved best model (val_corr=0.101378)
2026-03-05 19:05:13,097 - INFO - Epoch  18/50 | Train: 0.179871 | Val: 0.184902 | Corr: 0.102812 | LR: 1.00e-04
2026-03-05 19:05:13,107 - INFO -   ↳ Saved best model (val_corr=0.102812)
2026-03-05 19:05:18,413 - INFO - Epoch  19/50 | Train: 0.179604 | Val: 0.184253 | Corr: 0.104468 | LR: 1.00e-04
2026-03-05 19:05:18,424 - INFO -   ↳ Saved best model (val_corr=0.104468)
2026-03-05 19:05:23,739 - INFO - Epoch  20/50 | Train: 0.179313 | Val: 0.183319 | Corr: 0.105649 | LR: 1.00e-04
2026-03-05 19:05:23,749 - INFO -   ↳ Saved best model (val_corr=0.105649)
2026-03-05 19:05:29,074 - INFO - Epoch  21/50 | Train: 0.179167 | Val: 0.183170 | Corr: 0.107161 | LR: 5.00e-05
2026-03-05 19:05:29,084 - INFO -   ↳ Saved best model (val_corr=0.107161)
2026-03-05 19:05:34,435 - INFO - Epoch  22/50 | Train: 0.178922 | Val: 0.182539 | Corr: 0.107633 | LR: 5.00e-05
2026-03-05 19:05:34,443 - INFO -   ↳ Saved best model (val_corr=0.107633)
2026-03-05 19:05:39,767 - INFO - Epoch  23/50 | Train: 0.178875 | Val: 0.182810 | Corr: 0.108423 | LR: 5.00e-05
2026-03-05 19:05:39,775 - INFO -   ↳ Saved best model (val_corr=0.108423)
2026-03-05 19:05:45,108 - INFO - Epoch  24/50 | Train: 0.178724 | Val: 0.183196 | Corr: 0.109081 | LR: 5.00e-05
2026-03-05 19:05:45,117 - INFO -   ↳ Saved best model (val_corr=0.109081)
2026-03-05 19:05:50,437 - INFO - Epoch  25/50 | Train: 0.178551 | Val: 0.181625 | Corr: 0.109590 | LR: 5.00e-05
2026-03-05 19:05:50,447 - INFO -   ↳ Saved best model (val_corr=0.109590)
2026-03-05 19:05:55,768 - INFO - Epoch  26/50 | Train: 0.178487 | Val: 0.183174 | Corr: 0.110607 | LR: 5.00e-05
2026-03-05 19:05:55,778 - INFO -   ↳ Saved best model (val_corr=0.110607)
2026-03-05 19:06:01,096 - INFO - Epoch  27/50 | Train: 0.178430 | Val: 0.182151 | Corr: 0.111250 | LR: 5.00e-05
2026-03-05 19:06:01,105 - INFO -   ↳ Saved best model (val_corr=0.111250)
2026-03-05 19:06:06,436 - INFO - Epoch  28/50 | Train: 0.178322 | Val: 0.182258 | Corr: 0.111899 | LR: 5.00e-05
2026-03-05 19:06:06,446 - INFO -   ↳ Saved best model (val_corr=0.111899)
2026-03-05 19:06:11,807 - INFO - Epoch  29/50 | Train: 0.178252 | Val: 0.182924 | Corr: 0.112800 | LR: 5.00e-05
2026-03-05 19:06:11,816 - INFO -   ↳ Saved best model (val_corr=0.112800)
2026-03-05 19:06:17,155 - INFO - Epoch  30/50 | Train: 0.178128 | Val: 0.181593 | Corr: 0.113051 | LR: 5.00e-05
2026-03-05 19:06:17,164 - INFO -   ↳ Saved best model (val_corr=0.113051)
2026-03-05 19:06:22,499 - INFO - Epoch  31/50 | Train: 0.178028 | Val: 0.182936 | Corr: 0.113855 | LR: 5.00e-05
2026-03-05 19:06:22,508 - INFO -   ↳ Saved best model (val_corr=0.113855)
2026-03-05 19:06:27,786 - INFO - Epoch  32/50 | Train: 0.177987 | Val: 0.182805 | Corr: 0.114649 | LR: 5.00e-05
2026-03-05 19:06:27,795 - INFO -   ↳ Saved best model (val_corr=0.114649)
2026-03-05 19:06:33,068 - INFO - Epoch  33/50 | Train: 0.177925 | Val: 0.181673 | Corr: 0.115611 | LR: 5.00e-05
2026-03-05 19:06:33,077 - INFO -   ↳ Saved best model (val_corr=0.115611)
2026-03-05 19:06:38,364 - INFO - Epoch  34/50 | Train: 0.177856 | Val: 0.181909 | Corr: 0.115827 | LR: 5.00e-05
2026-03-05 19:06:38,375 - INFO -   ↳ Saved best model (val_corr=0.115827)
2026-03-05 19:06:43,680 - INFO - Epoch  35/50 | Train: 0.177714 | Val: 0.181763 | Corr: 0.115882 | LR: 5.00e-05
2026-03-05 19:06:43,689 - INFO -   ↳ Saved best model (val_corr=0.115882)
2026-03-05 19:06:48,970 - INFO - Epoch  36/50 | Train: 0.177668 | Val: 0.182647 | Corr: 0.116744 | LR: 2.50e-05
2026-03-05 19:06:48,979 - INFO -   ↳ Saved best model (val_corr=0.116744)
2026-03-05 19:06:54,257 - INFO - Epoch  37/50 | Train: 0.177578 | Val: 0.181907 | Corr: 0.117316 | LR: 2.50e-05
2026-03-05 19:06:54,267 - INFO -   ↳ Saved best model (val_corr=0.117316)
2026-03-05 19:06:59,540 - INFO - Epoch  38/50 | Train: 0.177438 | Val: 0.181837 | Corr: 0.117514 | LR: 2.50e-05
2026-03-05 19:06:59,549 - INFO -   ↳ Saved best model (val_corr=0.117514)
2026-03-05 19:07:04,816 - INFO - Epoch  39/50 | Train: 0.177514 | Val: 0.182082 | Corr: 0.117647 | LR: 2.50e-05
2026-03-05 19:07:04,827 - INFO -   ↳ Saved best model (val_corr=0.117647)
2026-03-05 19:07:10,107 - INFO - Epoch  40/50 | Train: 0.177451 | Val: 0.181218 | Corr: 0.117815 | LR: 2.50e-05
2026-03-05 19:07:10,115 - INFO -   ↳ Saved best model (val_corr=0.117815)
2026-03-05 19:07:15,397 - INFO - Epoch  41/50 | Train: 0.177367 | Val: 0.181232 | Corr: 0.118414 | LR: 2.50e-05
2026-03-05 19:07:15,406 - INFO -   ↳ Saved best model (val_corr=0.118414)
2026-03-05 19:07:20,682 - INFO - Epoch  42/50 | Train: 0.177340 | Val: 0.181495 | Corr: 0.118427 | LR: 2.50e-05
2026-03-05 19:07:20,691 - INFO -   ↳ Saved best model (val_corr=0.118427)
2026-03-05 19:07:25,962 - INFO - Epoch  43/50 | Train: 0.177295 | Val: 0.181371 | Corr: 0.118851 | LR: 2.50e-05
2026-03-05 19:07:25,972 - INFO -   ↳ Saved best model (val_corr=0.118851)
2026-03-05 19:07:31,249 - INFO - Epoch  44/50 | Train: 0.177248 | Val: 0.181739 | Corr: 0.119082 | LR: 2.50e-05
2026-03-05 19:07:31,259 - INFO -   ↳ Saved best model (val_corr=0.119082)
2026-03-05 19:07:36,534 - INFO - Epoch  45/50 | Train: 0.177252 | Val: 0.181355 | Corr: 0.119304 | LR: 2.50e-05
2026-03-05 19:07:36,543 - INFO -   ↳ Saved best model (val_corr=0.119304)
2026-03-05 19:07:41,824 - INFO - Epoch  46/50 | Train: 0.177174 | Val: 0.181374 | Corr: 0.119785 | LR: 1.25e-05
2026-03-05 19:07:41,837 - INFO -   ↳ Saved best model (val_corr=0.119785)
2026-03-05 19:07:47,163 - INFO - Epoch  47/50 | Train: 0.177170 | Val: 0.181253 | Corr: 0.119681 | LR: 1.25e-05
2026-03-05 19:07:52,512 - INFO - Epoch  48/50 | Train: 0.177165 | Val: 0.181676 | Corr: 0.119941 | LR: 1.25e-05
2026-03-05 19:07:52,523 - INFO -   ↳ Saved best model (val_corr=0.119941)
2026-03-05 19:07:57,817 - INFO - Epoch  49/50 | Train: 0.177102 | Val: 0.181695 | Corr: 0.120129 | LR: 1.25e-05
2026-03-05 19:07:57,827 - INFO -   ↳ Saved best model (val_corr=0.120129)
2026-03-05 19:08:03,143 - INFO - Epoch  50/50 | Train: 0.177093 | Val: 0.181157 | Corr: 0.120261 | LR: 1.25e-05
2026-03-05 19:08:03,156 - INFO -   ↳ Saved best model (val_corr=0.120261)
2026-03-05 19:08:03,157 - INFO - Training complete — best val corr: 0.120261
2026-03-05 19:08:04,672 - INFO - Test loss: 0.171787, Test corr: 0.116362
2026-03-05 19:08:05,095 - INFO - Fraction of variance explained (FVE): 0.005377
2026-03-05 19:08:05,096 - INFO - Computing autoregressive (AR) test predictions …
2026-03-05 19:08:05,698 - INFO - AR FVE: 0.004607, AR test corr: 0.107420
2026-03-05 19:08:05,699 - INFO - Generating figures …
2026-03-05 19:08:06,232 - INFO - Correlation between predicted and actual per-neuron averages: r=0.9956, p=0.00e+00
2026-03-05 19:08:08,240 - INFO - Pattern selectivity summary:
2026-03-05 19:08:08,240 - INFO -   Mean correlation across neurons: 0.4332
2026-03-05 19:08:08,240 - INFO -   Median correlation: 0.4426
2026-03-05 19:08:08,240 - INFO -   Neurons with r > 0.5: 27 / 63
2026-03-05 19:08:08,240 - INFO -   Neurons with r > 0.3: 50 / 63
2026-03-05 19:08:08,240 - INFO - Pattern selectivity — mean neuron corr: 0.4332
2026-03-05 19:08:09,900 - INFO - LOO (avg rate) — Model mean r: 0.3011, LOO mean r: 0.4546, Neurons model > LOO: 11/63
2026-03-05 19:08:12,622 - INFO - LOO (temporal) — Model mean r: 0.1201, LOO mean r: 0.3186, Neurons model > LOO: 0/63
2026-03-05 19:08:12,622 - INFO - Skipping oracle trial plots (skip_oracle_plots=True)
2026-03-05 19:08:12,627 - INFO - Experiment complete. Summary: {
  "run_dir": "/scratch/sb272/patterns5k_results/slurm_hist_cnn_2026-03-05_16-01-45/trial_0032_learning_rate=1.0e-04_history=5_kernel_sizes=3x3_conv_channels=64x128_fc_dims=512_seed1",
  "model_type": "cnn",
  "batch_avg_test_loss": 0.1717870479822159,
  "batch_avg_test_corr": 0.11636205101760991,
  "all_test_fve": 0.005376605760483514,
  "AR_FVE": 0.004607172239394415,
  "AR_test_correlation": 0.10742033272981644,
  "best_val_corr": 0.12026113354425495,
  "total_params": 143679,
  "trainable_params": 143679,
  "epochs_trained": 50,
  "mean_pattern_corr": 0.4331726064713743,
  "history": 5,
  "init_state": true,
  "loo_avg_mean_corr": 0.45456832695830385,
  "model_avg_mean_corr": 0.30105929152619565,
  "neurons_model_beats_loo_avg": 11,
  "loo_temporal_mean_corr": 0.31855225563049316,
  "all_test_corr": 0.12011776119470596,
  "neurons_model_beats_loo_temporal": 0,
  "kernel_sizes": [
    3,
    3
  ],
  "conv_channels": [
    64,
    128
  ],
  "fc_dims": [
    512
  ]
}
