2026-03-05 23:36:32,616 - INFO - ============================================================
2026-03-05 23:36:32,616 - INFO - Experiment run directory: /scratch/sb272/patterns5k_results/slurm_hist_cnn_2026-03-05_16-01-45/trial_0526_learning_rate=1.0e-03_history=1_kernel_sizes=3x3_conv_channels=64x128_fc_dims=256_seed1
2026-03-05 23:36:32,616 - INFO - ============================================================
2026-03-05 23:36:32,616 - INFO - Loading data …
2026-03-05 23:36:33,483 - INFO - 63 unique neurons after dropping problematic neurons
2026-03-05 23:36:34,613 - INFO - Stimulation channels: 42, Spiking neurons: 63
2026-03-05 23:38:49,107 - INFO - Unique patterns: 4050, Total trials: 5000
2026-03-05 23:38:49,109 - INFO - Stimulation channels: 42, Spiking neurons: 63
2026-03-05 23:38:49,109 - INFO - Unique patterns: 4050, Total trials: 5000
2026-03-05 23:38:49,128 - INFO - Split (oracle): train=3400, val=600, test=1000
2026-03-05 23:39:14,083 - INFO - BinnedStimSpikeDataset initialized:
2026-03-05 23:39:14,083 - INFO -   input_bin_size_ms=10, output_bin_size_ms=10
2026-03-05 23:39:14,083 - INFO -   n_input_bins=60, n_output_bins=60
2026-03-05 23:39:14,083 - INFO -   output_offset=0, total_bins_input=60, total_bins_output=60
2026-03-05 23:39:14,083 - INFO -   Valid start positions per trial: 0 to 0
2026-03-05 23:39:14,083 - INFO -   Total samples: 3400 (3400 trials × 1 positions)
2026-03-05 23:39:38,722 - INFO - BinnedStimSpikeDataset initialized:
2026-03-05 23:39:38,723 - INFO -   input_bin_size_ms=10, output_bin_size_ms=10
2026-03-05 23:39:38,723 - INFO -   n_input_bins=60, n_output_bins=60
2026-03-05 23:39:38,723 - INFO -   output_offset=0, total_bins_input=60, total_bins_output=60
2026-03-05 23:39:38,723 - INFO -   Valid start positions per trial: 0 to 0
2026-03-05 23:39:38,723 - INFO -   Total samples: 600 (600 trials × 1 positions)
2026-03-05 23:40:03,882 - INFO - BinnedStimSpikeDataset initialized:
2026-03-05 23:40:03,883 - INFO -   input_bin_size_ms=10, output_bin_size_ms=10
2026-03-05 23:40:03,883 - INFO -   n_input_bins=60, n_output_bins=60
2026-03-05 23:40:03,883 - INFO -   output_offset=0, total_bins_input=60, total_bins_output=60
2026-03-05 23:40:03,883 - INFO -   Valid start positions per trial: 0 to 0
2026-03-05 23:40:03,883 - INFO -   Total samples: 1000 (1000 trials × 1 positions)
2026-03-05 23:40:03,883 - INFO - Samples — train: 3400, val: 600, test: 1000
2026-03-05 23:40:03,883 - INFO - Input channels: 105, Neurons: 63
2026-03-05 23:40:03,887 - INFO - Using CPU
2026-03-05 23:40:03,904 - INFO - Model: CNN — 94,527 trainable params (94,527 total)
2026-03-05 23:40:07,568 - INFO - Starting training …
2026-03-05 23:40:12,157 - INFO - Epoch   1/50 | Train: 0.215488 | Val: 0.181677 | Corr: 0.144204 | LR: 1.00e-03
2026-03-05 23:40:12,172 - INFO -   ↳ Saved best model (val_corr=0.144204)
2026-03-05 23:40:15,750 - INFO - Epoch   2/50 | Train: 0.174956 | Val: 0.174312 | Corr: 0.166302 | LR: 1.00e-03
2026-03-05 23:40:15,761 - INFO -   ↳ Saved best model (val_corr=0.166302)
2026-03-05 23:40:19,599 - INFO - Epoch   3/50 | Train: 0.172121 | Val: 0.170915 | Corr: 0.182352 | LR: 1.00e-03
2026-03-05 23:40:19,610 - INFO -   ↳ Saved best model (val_corr=0.182352)
2026-03-05 23:40:24,049 - INFO - Epoch   4/50 | Train: 0.170173 | Val: 0.170864 | Corr: 0.192647 | LR: 1.00e-03
2026-03-05 23:40:24,057 - INFO -   ↳ Saved best model (val_corr=0.192647)
2026-03-05 23:40:27,795 - INFO - Epoch   5/50 | Train: 0.168813 | Val: 0.169416 | Corr: 0.201587 | LR: 1.00e-03
2026-03-05 23:40:27,805 - INFO -   ↳ Saved best model (val_corr=0.201587)
2026-03-05 23:40:31,629 - INFO - Epoch   6/50 | Train: 0.167934 | Val: 0.167840 | Corr: 0.208701 | LR: 1.00e-03
2026-03-05 23:40:31,642 - INFO -   ↳ Saved best model (val_corr=0.208701)
2026-03-05 23:40:35,448 - INFO - Epoch   7/50 | Train: 0.167013 | Val: 0.167533 | Corr: 0.215102 | LR: 1.00e-03
2026-03-05 23:40:35,456 - INFO -   ↳ Saved best model (val_corr=0.215102)
2026-03-05 23:40:39,855 - INFO - Epoch   8/50 | Train: 0.166490 | Val: 0.167492 | Corr: 0.219081 | LR: 1.00e-03
2026-03-05 23:40:39,865 - INFO -   ↳ Saved best model (val_corr=0.219081)
2026-03-05 23:40:43,711 - INFO - Epoch   9/50 | Train: 0.165866 | Val: 0.166494 | Corr: 0.224779 | LR: 1.00e-03
2026-03-05 23:40:43,722 - INFO -   ↳ Saved best model (val_corr=0.224779)
2026-03-05 23:40:47,562 - INFO - Epoch  10/50 | Train: 0.165451 | Val: 0.164799 | Corr: 0.226611 | LR: 1.00e-03
2026-03-05 23:40:47,573 - INFO -   ↳ Saved best model (val_corr=0.226611)
2026-03-05 23:40:51,269 - INFO - Epoch  11/50 | Train: 0.165040 | Val: 0.165077 | Corr: 0.230056 | LR: 1.00e-03
2026-03-05 23:40:51,279 - INFO -   ↳ Saved best model (val_corr=0.230056)
2026-03-05 23:40:55,824 - INFO - Epoch  12/50 | Train: 0.164708 | Val: 0.164829 | Corr: 0.233032 | LR: 1.00e-03
2026-03-05 23:40:55,842 - INFO -   ↳ Saved best model (val_corr=0.233032)
2026-03-05 23:40:59,687 - INFO - Epoch  13/50 | Train: 0.164346 | Val: 0.164293 | Corr: 0.235379 | LR: 1.00e-03
2026-03-05 23:40:59,699 - INFO -   ↳ Saved best model (val_corr=0.235379)
2026-03-05 23:41:03,123 - INFO - Epoch  14/50 | Train: 0.164169 | Val: 0.164775 | Corr: 0.237331 | LR: 1.00e-03
2026-03-05 23:41:03,133 - INFO -   ↳ Saved best model (val_corr=0.237331)
2026-03-05 23:41:06,989 - INFO - Epoch  15/50 | Train: 0.163917 | Val: 0.165034 | Corr: 0.238697 | LR: 1.00e-03
2026-03-05 23:41:07,001 - INFO -   ↳ Saved best model (val_corr=0.238697)
2026-03-05 23:41:11,429 - INFO - Epoch  16/50 | Train: 0.163717 | Val: 0.163568 | Corr: 0.240605 | LR: 1.00e-03
2026-03-05 23:41:11,438 - INFO -   ↳ Saved best model (val_corr=0.240605)
2026-03-05 23:41:15,341 - INFO - Epoch  17/50 | Train: 0.163444 | Val: 0.163495 | Corr: 0.242139 | LR: 1.00e-03
2026-03-05 23:41:15,352 - INFO -   ↳ Saved best model (val_corr=0.242139)
2026-03-05 23:41:19,153 - INFO - Epoch  18/50 | Train: 0.163299 | Val: 0.163420 | Corr: 0.242956 | LR: 1.00e-03
2026-03-05 23:41:19,164 - INFO -   ↳ Saved best model (val_corr=0.242956)
2026-03-05 23:41:22,921 - INFO - Epoch  19/50 | Train: 0.163131 | Val: 0.162702 | Corr: 0.244021 | LR: 1.00e-03
2026-03-05 23:41:22,932 - INFO -   ↳ Saved best model (val_corr=0.244021)
2026-03-05 23:41:27,415 - INFO - Epoch  20/50 | Train: 0.163002 | Val: 0.162091 | Corr: 0.246027 | LR: 1.00e-03
2026-03-05 23:41:27,423 - INFO -   ↳ Saved best model (val_corr=0.246027)
2026-03-05 23:41:31,310 - INFO - Epoch  21/50 | Train: 0.162901 | Val: 0.162053 | Corr: 0.245682 | LR: 1.00e-03
2026-03-05 23:41:35,248 - INFO - Epoch  22/50 | Train: 0.162746 | Val: 0.163405 | Corr: 0.246627 | LR: 1.00e-03
2026-03-05 23:41:35,258 - INFO -   ↳ Saved best model (val_corr=0.246627)
2026-03-05 23:41:39,135 - INFO - Epoch  23/50 | Train: 0.162495 | Val: 0.162070 | Corr: 0.247606 | LR: 1.00e-03
2026-03-05 23:41:39,143 - INFO -   ↳ Saved best model (val_corr=0.247606)
2026-03-05 23:41:43,796 - INFO - Epoch  24/50 | Train: 0.162515 | Val: 0.161800 | Corr: 0.249447 | LR: 1.00e-03
2026-03-05 23:41:43,804 - INFO -   ↳ Saved best model (val_corr=0.249447)
2026-03-05 23:41:48,332 - INFO - Epoch  25/50 | Train: 0.162333 | Val: 0.161931 | Corr: 0.249456 | LR: 1.00e-03
2026-03-05 23:41:48,340 - INFO -   ↳ Saved best model (val_corr=0.249456)
2026-03-05 23:41:52,215 - INFO - Epoch  26/50 | Train: 0.162203 | Val: 0.161893 | Corr: 0.249504 | LR: 1.00e-03
2026-03-05 23:41:52,225 - INFO -   ↳ Saved best model (val_corr=0.249504)
2026-03-05 23:41:55,932 - INFO - Epoch  27/50 | Train: 0.162154 | Val: 0.163278 | Corr: 0.250428 | LR: 1.00e-03
2026-03-05 23:41:55,941 - INFO -   ↳ Saved best model (val_corr=0.250428)
2026-03-05 23:41:59,604 - INFO - Epoch  28/50 | Train: 0.161988 | Val: 0.162071 | Corr: 0.251010 | LR: 1.00e-03
2026-03-05 23:41:59,612 - INFO -   ↳ Saved best model (val_corr=0.251010)
2026-03-05 23:42:04,239 - INFO - Epoch  29/50 | Train: 0.161903 | Val: 0.161372 | Corr: 0.251708 | LR: 1.00e-03
2026-03-05 23:42:04,248 - INFO -   ↳ Saved best model (val_corr=0.251708)
2026-03-05 23:42:08,796 - INFO - Epoch  30/50 | Train: 0.161908 | Val: 0.161515 | Corr: 0.251578 | LR: 1.00e-03
2026-03-05 23:42:12,638 - INFO - Epoch  31/50 | Train: 0.161705 | Val: 0.161423 | Corr: 0.253044 | LR: 1.00e-03
2026-03-05 23:42:12,651 - INFO -   ↳ Saved best model (val_corr=0.253044)
2026-03-05 23:42:16,352 - INFO - Epoch  32/50 | Train: 0.161683 | Val: 0.161078 | Corr: 0.253125 | LR: 1.00e-03
2026-03-05 23:42:16,362 - INFO -   ↳ Saved best model (val_corr=0.253125)
2026-03-05 23:42:20,182 - INFO - Epoch  33/50 | Train: 0.161625 | Val: 0.161441 | Corr: 0.252776 | LR: 1.00e-03
2026-03-05 23:42:24,639 - INFO - Epoch  34/50 | Train: 0.161506 | Val: 0.161223 | Corr: 0.252993 | LR: 1.00e-03
2026-03-05 23:42:28,493 - INFO - Epoch  35/50 | Train: 0.161477 | Val: 0.161709 | Corr: 0.253669 | LR: 1.00e-03
2026-03-05 23:42:28,504 - INFO -   ↳ Saved best model (val_corr=0.253669)
2026-03-05 23:42:32,384 - INFO - Epoch  36/50 | Train: 0.161413 | Val: 0.161527 | Corr: 0.253781 | LR: 1.00e-03
2026-03-05 23:42:32,391 - INFO -   ↳ Saved best model (val_corr=0.253781)
2026-03-05 23:42:36,119 - INFO - Epoch  37/50 | Train: 0.161307 | Val: 0.160935 | Corr: 0.254901 | LR: 1.00e-03
2026-03-05 23:42:36,129 - INFO -   ↳ Saved best model (val_corr=0.254901)
2026-03-05 23:42:40,569 - INFO - Epoch  38/50 | Train: 0.161258 | Val: 0.161098 | Corr: 0.254018 | LR: 1.00e-03
2026-03-05 23:42:44,412 - INFO - Epoch  39/50 | Train: 0.161126 | Val: 0.161104 | Corr: 0.255766 | LR: 1.00e-03
2026-03-05 23:42:44,420 - INFO -   ↳ Saved best model (val_corr=0.255766)
2026-03-05 23:42:48,313 - INFO - Epoch  40/50 | Train: 0.161141 | Val: 0.160870 | Corr: 0.255737 | LR: 1.00e-03
2026-03-05 23:42:52,200 - INFO - Epoch  41/50 | Train: 0.161081 | Val: 0.160925 | Corr: 0.255848 | LR: 1.00e-03
2026-03-05 23:42:52,237 - INFO -   ↳ Saved best model (val_corr=0.255848)
2026-03-05 23:42:56,411 - INFO - Epoch  42/50 | Train: 0.161012 | Val: 0.160346 | Corr: 0.256614 | LR: 1.00e-03
2026-03-05 23:42:56,459 - INFO -   ↳ Saved best model (val_corr=0.256614)
2026-03-05 23:43:00,328 - INFO - Epoch  43/50 | Train: 0.161002 | Val: 0.160625 | Corr: 0.255938 | LR: 1.00e-03
2026-03-05 23:43:04,195 - INFO - Epoch  44/50 | Train: 0.160905 | Val: 0.160847 | Corr: 0.257040 | LR: 1.00e-03
2026-03-05 23:43:04,203 - INFO -   ↳ Saved best model (val_corr=0.257040)
2026-03-05 23:43:08,089 - INFO - Epoch  45/50 | Train: 0.160755 | Val: 0.160808 | Corr: 0.256368 | LR: 1.00e-03
2026-03-05 23:43:12,189 - INFO - Epoch  46/50 | Train: 0.160763 | Val: 0.160448 | Corr: 0.257090 | LR: 1.00e-03
2026-03-05 23:43:12,197 - INFO -   ↳ Saved best model (val_corr=0.257090)
2026-03-05 23:43:15,931 - INFO - Epoch  47/50 | Train: 0.160715 | Val: 0.160935 | Corr: 0.257514 | LR: 1.00e-03
2026-03-05 23:43:15,947 - INFO -   ↳ Saved best model (val_corr=0.257514)
2026-03-05 23:43:19,888 - INFO - Epoch  48/50 | Train: 0.160682 | Val: 0.160595 | Corr: 0.258557 | LR: 5.00e-04
2026-03-05 23:43:19,897 - INFO -   ↳ Saved best model (val_corr=0.258557)
2026-03-05 23:43:23,986 - INFO - Epoch  49/50 | Train: 0.160267 | Val: 0.160468 | Corr: 0.258510 | LR: 5.00e-04
2026-03-05 23:43:27,917 - INFO - Epoch  50/50 | Train: 0.160243 | Val: 0.160507 | Corr: 0.258366 | LR: 5.00e-04
2026-03-05 23:43:27,917 - INFO - Training complete — best val corr: 0.258557
2026-03-05 23:43:29,301 - INFO - Test loss: 0.152247, Test corr: 0.248354
2026-03-05 23:43:29,600 - INFO - Fraction of variance explained (FVE): 0.074716
2026-03-05 23:43:29,600 - INFO - Computing autoregressive (AR) test predictions …
2026-03-05 23:43:30,038 - INFO - AR FVE: -0.004613, AR test corr: 0.087213
2026-03-05 23:43:30,038 - INFO - Generating figures …
2026-03-05 23:43:30,562 - INFO - Correlation between predicted and actual per-neuron averages: r=0.9860, p=0.00e+00
2026-03-05 23:43:32,304 - INFO - Pattern selectivity summary:
2026-03-05 23:43:32,304 - INFO -   Mean correlation across neurons: 0.7374
2026-03-05 23:43:32,304 - INFO -   Median correlation: 0.7413
2026-03-05 23:43:32,304 - INFO -   Neurons with r > 0.5: 58 / 63
2026-03-05 23:43:32,304 - INFO -   Neurons with r > 0.3: 63 / 63
2026-03-05 23:43:32,304 - INFO - Pattern selectivity — mean neuron corr: 0.7374
2026-03-05 23:43:33,872 - INFO - LOO (avg rate) — Model mean r: 0.6061, LOO mean r: 0.4546, Neurons model > LOO: 55/63
2026-03-05 23:43:35,733 - INFO - LOO (temporal) — Model mean r: 0.2586, LOO mean r: 0.3186, Neurons model > LOO: 13/63
2026-03-05 23:43:35,733 - INFO - Skipping oracle trial plots (skip_oracle_plots=True)
2026-03-05 23:43:35,752 - INFO - Experiment complete. Summary: {
  "run_dir": "/scratch/sb272/patterns5k_results/slurm_hist_cnn_2026-03-05_16-01-45/trial_0526_learning_rate=1.0e-03_history=1_kernel_sizes=3x3_conv_channels=64x128_fc_dims=256_seed1",
  "model_type": "cnn",
  "batch_avg_test_loss": 0.15224663972854613,
  "batch_avg_test_corr": 0.24835371466819706,
  "all_test_fve": 0.07471551119335114,
  "AR_FVE": -0.004613162033141605,
  "AR_test_correlation": 0.08721296489238739,
  "best_val_corr": 0.2585566661157104,
  "total_params": 94527,
  "trainable_params": 94527,
  "epochs_trained": 50,
  "mean_pattern_corr": 0.7373758852970705,
  "history": 1,
  "init_state": true,
  "loo_avg_mean_corr": 0.45456832695830385,
  "model_avg_mean_corr": 0.6061486404371854,
  "neurons_model_beats_loo_avg": 55,
  "loo_temporal_mean_corr": 0.31855225563049316,
  "all_test_corr": 0.2585711181163788,
  "neurons_model_beats_loo_temporal": 13,
  "kernel_sizes": [
    3,
    3
  ],
  "conv_channels": [
    64,
    128
  ],
  "fc_dims": [
    256
  ]
}
