2026-03-04 19:43:59,158 - INFO - ============================================================
2026-03-04 19:43:59,158 - INFO - Experiment run directory: /scratch/sb272/patterns5k_results/slurm_base_cnn_2026-03-04_16-53-19/trial_0103_learning_rate=5.0e-04_kernel_sizes=3x3x3_conv_channels=256x256x256_fc_dims=512_seed4
2026-03-04 19:43:59,158 - INFO - ============================================================
2026-03-04 19:43:59,158 - INFO - Loading data …
2026-03-04 19:44:00,011 - INFO - 63 unique neurons after dropping problematic neurons
2026-03-04 19:44:01,316 - INFO - Stimulation channels: 42, Spiking neurons: 63
2026-03-04 19:46:14,005 - INFO - Unique patterns: 4050, Total trials: 5000
2026-03-04 19:46:14,007 - INFO - Stimulation channels: 42, Spiking neurons: 63
2026-03-04 19:46:14,007 - INFO - Unique patterns: 4050, Total trials: 5000
2026-03-04 19:46:14,027 - INFO - Split (oracle): train=3400, val=600, test=1000
2026-03-04 19:46:40,007 - INFO - BinnedStimSpikeDataset initialized:
2026-03-04 19:46:40,008 - INFO -   input_bin_size_ms=10, output_bin_size_ms=10
2026-03-04 19:46:40,008 - INFO -   n_input_bins=60, n_output_bins=60
2026-03-04 19:46:40,008 - INFO -   output_offset=0, total_bins_input=60, total_bins_output=60
2026-03-04 19:46:40,008 - INFO -   Valid start positions per trial: 0 to 0
2026-03-04 19:46:40,008 - INFO -   Total samples: 3400 (3400 trials × 1 positions)
2026-03-04 19:47:05,128 - INFO - BinnedStimSpikeDataset initialized:
2026-03-04 19:47:05,128 - INFO -   input_bin_size_ms=10, output_bin_size_ms=10
2026-03-04 19:47:05,128 - INFO -   n_input_bins=60, n_output_bins=60
2026-03-04 19:47:05,128 - INFO -   output_offset=0, total_bins_input=60, total_bins_output=60
2026-03-04 19:47:05,128 - INFO -   Valid start positions per trial: 0 to 0
2026-03-04 19:47:05,128 - INFO -   Total samples: 600 (600 trials × 1 positions)
2026-03-04 19:47:30,460 - INFO - BinnedStimSpikeDataset initialized:
2026-03-04 19:47:30,460 - INFO -   input_bin_size_ms=10, output_bin_size_ms=10
2026-03-04 19:47:30,460 - INFO -   n_input_bins=60, n_output_bins=60
2026-03-04 19:47:30,460 - INFO -   output_offset=0, total_bins_input=60, total_bins_output=60
2026-03-04 19:47:30,460 - INFO -   Valid start positions per trial: 0 to 0
2026-03-04 19:47:30,460 - INFO -   Total samples: 1000 (1000 trials × 1 positions)
2026-03-04 19:47:30,461 - INFO - Samples — train: 3400, val: 600, test: 1000
2026-03-04 19:47:30,461 - INFO - Input channels: 42, Neurons: 63
2026-03-04 19:47:30,480 - INFO - Using CPU
2026-03-04 19:47:30,487 - INFO - Model: CNN — 591,679 trainable params (591,679 total)
2026-03-04 19:47:34,012 - INFO - Starting training …
2026-03-04 19:47:46,843 - INFO - Epoch   1/50 | Train: 0.213967 | Val: 0.181595 | Corr: 0.086880 | LR: 5.00e-04
2026-03-04 19:47:46,863 - INFO -   ↳ Saved best model (val_corr=0.086880)
2026-03-04 19:47:58,807 - INFO - Epoch   2/50 | Train: 0.181986 | Val: 0.180735 | Corr: 0.097654 | LR: 5.00e-04
2026-03-04 19:47:58,821 - INFO -   ↳ Saved best model (val_corr=0.097654)
2026-03-04 19:48:10,589 - INFO - Epoch   3/50 | Train: 0.180633 | Val: 0.179927 | Corr: 0.106258 | LR: 5.00e-04
2026-03-04 19:48:10,607 - INFO -   ↳ Saved best model (val_corr=0.106258)
2026-03-04 19:48:22,470 - INFO - Epoch   4/50 | Train: 0.179481 | Val: 0.179442 | Corr: 0.111534 | LR: 5.00e-04
2026-03-04 19:48:22,484 - INFO -   ↳ Saved best model (val_corr=0.111534)
2026-03-04 19:48:34,768 - INFO - Epoch   5/50 | Train: 0.178431 | Val: 0.178796 | Corr: 0.120125 | LR: 5.00e-04
2026-03-04 19:48:34,806 - INFO -   ↳ Saved best model (val_corr=0.120125)
2026-03-04 19:48:46,826 - INFO - Epoch   6/50 | Train: 0.177804 | Val: 0.178682 | Corr: 0.120637 | LR: 5.00e-04
2026-03-04 19:48:46,848 - INFO -   ↳ Saved best model (val_corr=0.120637)
2026-03-04 19:48:59,030 - INFO - Epoch   7/50 | Train: 0.177067 | Val: 0.178495 | Corr: 0.124599 | LR: 5.00e-04
2026-03-04 19:48:59,049 - INFO -   ↳ Saved best model (val_corr=0.124599)
2026-03-04 19:49:09,395 - INFO - Epoch   8/50 | Train: 0.176472 | Val: 0.177933 | Corr: 0.127620 | LR: 5.00e-04
2026-03-04 19:49:09,410 - INFO -   ↳ Saved best model (val_corr=0.127620)
2026-03-04 19:49:19,553 - INFO - Epoch   9/50 | Train: 0.176129 | Val: 0.178934 | Corr: 0.123104 | LR: 5.00e-04
2026-03-04 19:49:29,702 - INFO - Epoch  10/50 | Train: 0.175481 | Val: 0.177695 | Corr: 0.131643 | LR: 5.00e-04
2026-03-04 19:49:29,731 - INFO -   ↳ Saved best model (val_corr=0.131643)
2026-03-04 19:49:39,909 - INFO - Epoch  11/50 | Train: 0.175090 | Val: 0.177794 | Corr: 0.130600 | LR: 5.00e-04
2026-03-04 19:49:50,073 - INFO - Epoch  12/50 | Train: 0.174728 | Val: 0.178702 | Corr: 0.133682 | LR: 5.00e-04
2026-03-04 19:49:50,095 - INFO -   ↳ Saved best model (val_corr=0.133682)
2026-03-04 19:50:00,271 - INFO - Epoch  13/50 | Train: 0.174325 | Val: 0.177674 | Corr: 0.133983 | LR: 5.00e-04
2026-03-04 19:50:00,289 - INFO -   ↳ Saved best model (val_corr=0.133983)
2026-03-04 19:50:10,466 - INFO - Epoch  14/50 | Train: 0.173919 | Val: 0.177915 | Corr: 0.133651 | LR: 5.00e-04
2026-03-04 19:50:20,634 - INFO - Epoch  15/50 | Train: 0.173669 | Val: 0.178324 | Corr: 0.132543 | LR: 5.00e-04
2026-03-04 19:50:30,755 - INFO - Epoch  16/50 | Train: 0.173353 | Val: 0.177629 | Corr: 0.135075 | LR: 5.00e-04
2026-03-04 19:50:30,775 - INFO -   ↳ Saved best model (val_corr=0.135075)
2026-03-04 19:50:40,903 - INFO - Epoch  17/50 | Train: 0.173108 | Val: 0.177333 | Corr: 0.134712 | LR: 5.00e-04
2026-03-04 19:50:51,177 - INFO - Epoch  18/50 | Train: 0.172762 | Val: 0.177606 | Corr: 0.133623 | LR: 5.00e-04
2026-03-04 19:51:01,284 - INFO - Epoch  19/50 | Train: 0.172492 | Val: 0.178376 | Corr: 0.131048 | LR: 5.00e-04
2026-03-04 19:51:11,471 - INFO - Epoch  20/50 | Train: 0.172265 | Val: 0.177836 | Corr: 0.134147 | LR: 5.00e-04
2026-03-04 19:51:21,575 - INFO - Epoch  21/50 | Train: 0.171881 | Val: 0.178386 | Corr: 0.132297 | LR: 5.00e-04
2026-03-04 19:51:31,687 - INFO - Epoch  22/50 | Train: 0.171728 | Val: 0.178835 | Corr: 0.131446 | LR: 5.00e-04
2026-03-04 19:51:41,853 - INFO - Epoch  23/50 | Train: 0.171592 | Val: 0.178650 | Corr: 0.133877 | LR: 2.50e-04
2026-03-04 19:51:52,079 - INFO - Epoch  24/50 | Train: 0.170540 | Val: 0.178128 | Corr: 0.135142 | LR: 2.50e-04
2026-03-04 19:51:52,105 - INFO -   ↳ Saved best model (val_corr=0.135142)
2026-03-04 19:52:02,192 - INFO - Epoch  25/50 | Train: 0.170240 | Val: 0.177927 | Corr: 0.136343 | LR: 2.50e-04
2026-03-04 19:52:02,212 - INFO -   ↳ Saved best model (val_corr=0.136343)
2026-03-04 19:52:12,473 - INFO - Epoch  26/50 | Train: 0.170071 | Val: 0.177822 | Corr: 0.136484 | LR: 2.50e-04
2026-03-04 19:52:12,509 - INFO -   ↳ Saved best model (val_corr=0.136484)
2026-03-04 19:52:22,626 - INFO - Epoch  27/50 | Train: 0.169941 | Val: 0.177857 | Corr: 0.136605 | LR: 2.50e-04
2026-03-04 19:52:22,644 - INFO -   ↳ Saved best model (val_corr=0.136605)
2026-03-04 19:52:32,842 - INFO - Epoch  28/50 | Train: 0.169738 | Val: 0.179822 | Corr: 0.133371 | LR: 2.50e-04
2026-03-04 19:52:43,018 - INFO - Epoch  29/50 | Train: 0.169693 | Val: 0.178088 | Corr: 0.135744 | LR: 1.25e-04
2026-03-04 19:52:53,159 - INFO - Epoch  30/50 | Train: 0.169096 | Val: 0.178470 | Corr: 0.134958 | LR: 1.25e-04
2026-03-04 19:53:03,369 - INFO - Epoch  31/50 | Train: 0.168969 | Val: 0.178387 | Corr: 0.136115 | LR: 1.25e-04
2026-03-04 19:53:13,641 - INFO - Epoch  32/50 | Train: 0.168890 | Val: 0.178280 | Corr: 0.135159 | LR: 1.25e-04
2026-03-04 19:53:23,913 - INFO - Epoch  33/50 | Train: 0.168755 | Val: 0.178514 | Corr: 0.135453 | LR: 1.25e-04
2026-03-04 19:53:34,201 - INFO - Epoch  34/50 | Train: 0.168689 | Val: 0.178994 | Corr: 0.134401 | LR: 1.25e-04
2026-03-04 19:53:44,558 - INFO - Epoch  35/50 | Train: 0.168620 | Val: 0.178690 | Corr: 0.133840 | LR: 6.25e-05
2026-03-04 19:53:54,826 - INFO - Epoch  36/50 | Train: 0.168338 | Val: 0.178763 | Corr: 0.134512 | LR: 6.25e-05
2026-03-04 19:54:05,001 - INFO - Epoch  37/50 | Train: 0.168328 | Val: 0.178823 | Corr: 0.134070 | LR: 6.25e-05
2026-03-04 19:54:05,001 - INFO - Early stopping at epoch 37
2026-03-04 19:54:05,002 - INFO - Training complete — best val corr: 0.136605
2026-03-04 19:54:06,782 - INFO - Test loss: 0.169554, Test corr: 0.130054
2026-03-04 19:54:07,521 - INFO - Fraction of variance explained (FVE): 0.016246
2026-03-04 19:54:07,521 - INFO - Generating figures …
2026-03-04 19:54:07,981 - INFO - Correlation between predicted and actual per-neuron averages: r=0.9901, p=0.00e+00
2026-03-04 19:54:10,539 - INFO - Pattern selectivity summary:
2026-03-04 19:54:10,539 - INFO -   Mean correlation across neurons: 0.4816
2026-03-04 19:54:10,539 - INFO -   Median correlation: 0.5081
2026-03-04 19:54:10,539 - INFO -   Neurons with r > 0.5: 32 / 63
2026-03-04 19:54:10,539 - INFO -   Neurons with r > 0.3: 51 / 63
2026-03-04 19:54:10,539 - INFO - Pattern selectivity — mean neuron corr: 0.4816
2026-03-04 19:54:12,401 - INFO - LOO (avg rate) — Model mean r: 0.2791, LOO mean r: 0.4546, Neurons model > LOO: 2/63
2026-03-04 19:54:14,916 - INFO - LOO (temporal) — Model mean r: 0.1305, LOO mean r: 0.3186, Neurons model > LOO: 0/63
2026-03-04 19:54:14,916 - INFO - Skipping oracle trial plots (skip_oracle_plots=True)
2026-03-04 19:54:14,922 - INFO - Experiment complete. Summary: {
  "run_dir": "/scratch/sb272/patterns5k_results/slurm_base_cnn_2026-03-04_16-53-19/trial_0103_learning_rate=5.0e-04_kernel_sizes=3x3x3_conv_channels=256x256x256_fc_dims=512_seed4",
  "model_type": "cnn",
  "batch_avg_test_loss": 0.16955435335636138,
  "batch_avg_test_corr": 0.1300544656457973,
  "all_test_fve": 0.01624595362042624,
  "AR_FVE": NaN,
  "AR_test_correlation": NaN,
  "best_val_corr": 0.13660484023223554,
  "total_params": 591679,
  "trainable_params": 591679,
  "epochs_trained": 37,
  "mean_pattern_corr": 0.48162182806183,
  "history": 0,
  "init_state": true,
  "loo_avg_mean_corr": 0.45456832695830385,
  "model_avg_mean_corr": 0.2791400637467798,
  "neurons_model_beats_loo_avg": 2,
  "loo_temporal_mean_corr": 0.31855225563049316,
  "all_test_corr": 0.1305127590894699,
  "neurons_model_beats_loo_temporal": 0,
  "kernel_sizes": [
    3,
    3,
    3
  ],
  "conv_channels": [
    256,
    256,
    256
  ],
  "fc_dims": [
    512
  ]
}
