2026-02-15 21:58:19,587 - INFO - ============================================================
2026-02-15 21:58:19,587 - INFO - Experiment run directory: results/base_cnn_kernel_sweep_2026-02-15_19-39-07/trial_0043_learning_rate=1.0e-04
2026-02-15 21:58:19,587 - INFO - ============================================================
2026-02-15 21:58:19,587 - INFO - Using preloaded raw data (skipping I/O)
2026-02-15 21:58:19,587 - INFO - Stimulation channels: 42, Spiking neurons: 63
2026-02-15 21:58:19,587 - INFO - Unique patterns: 4050, Total trials: 5000
2026-02-15 21:58:19,602 - INFO - Split (oracle): train=3400, val=600, test=1000
2026-02-15 21:58:33,709 - INFO - BinnedStimSpikeDataset initialized:
2026-02-15 21:58:33,710 - INFO -   input_bin_size_ms=10, output_bin_size_ms=10
2026-02-15 21:58:33,710 - INFO -   n_input_bins=60, n_output_bins=60
2026-02-15 21:58:33,710 - INFO -   output_offset=0, total_bins_input=60, total_bins_output=60
2026-02-15 21:58:33,710 - INFO -   Valid start positions per trial: 0 to 0
2026-02-15 21:58:33,710 - INFO -   Total samples: 3400 (3400 trials × 1 positions)
2026-02-15 21:58:47,101 - INFO - BinnedStimSpikeDataset initialized:
2026-02-15 21:58:47,102 - INFO -   input_bin_size_ms=10, output_bin_size_ms=10
2026-02-15 21:58:47,102 - INFO -   n_input_bins=60, n_output_bins=60
2026-02-15 21:58:47,102 - INFO -   output_offset=0, total_bins_input=60, total_bins_output=60
2026-02-15 21:58:47,102 - INFO -   Valid start positions per trial: 0 to 0
2026-02-15 21:58:47,102 - INFO -   Total samples: 600 (600 trials × 1 positions)
2026-02-15 21:59:00,565 - INFO - BinnedStimSpikeDataset initialized:
2026-02-15 21:59:00,565 - INFO -   input_bin_size_ms=10, output_bin_size_ms=10
2026-02-15 21:59:00,565 - INFO -   n_input_bins=60, n_output_bins=60
2026-02-15 21:59:00,565 - INFO -   output_offset=0, total_bins_input=60, total_bins_output=60
2026-02-15 21:59:00,565 - INFO -   Valid start positions per trial: 0 to 0
2026-02-15 21:59:00,565 - INFO -   Total samples: 1000 (1000 trials × 1 positions)
2026-02-15 21:59:00,566 - INFO - Samples — train: 3400, val: 600, test: 1000
2026-02-15 21:59:00,566 - INFO - Input channels: 105, Neurons: 63
2026-02-15 21:59:00,566 - INFO - Using Apple Silicon MPS acceleration
2026-02-15 21:59:00,579 - INFO - Model: CNN — 89,919 trainable params (89,919 total)
2026-02-15 21:59:00,579 - INFO - Starting training …
2026-02-15 21:59:02,916 - INFO - Epoch   1/50 | Train: 0.473778 | Val: 0.208445 | Corr: 0.113400 | LR: 1.00e-04
2026-02-15 21:59:02,921 - INFO -   ↳ Saved best model (val_corr=0.113400)
2026-02-15 21:59:05,080 - INFO - Epoch   2/50 | Train: 0.205480 | Val: 0.199587 | Corr: 0.166878 | LR: 1.00e-04
2026-02-15 21:59:05,083 - INFO -   ↳ Saved best model (val_corr=0.166878)
2026-02-15 21:59:07,259 - INFO - Epoch   3/50 | Train: 0.201015 | Val: 0.196941 | Corr: 0.184725 | LR: 1.00e-04
2026-02-15 21:59:07,262 - INFO -   ↳ Saved best model (val_corr=0.184725)
2026-02-15 21:59:09,426 - INFO - Epoch   4/50 | Train: 0.198281 | Val: 0.194471 | Corr: 0.202478 | LR: 1.00e-04
2026-02-15 21:59:09,430 - INFO -   ↳ Saved best model (val_corr=0.202478)
2026-02-15 21:59:11,634 - INFO - Epoch   5/50 | Train: 0.195929 | Val: 0.192203 | Corr: 0.218655 | LR: 1.00e-04
2026-02-15 21:59:11,638 - INFO -   ↳ Saved best model (val_corr=0.218655)
2026-02-15 21:59:13,954 - INFO - Epoch   6/50 | Train: 0.193741 | Val: 0.190329 | Corr: 0.231670 | LR: 1.00e-04
2026-02-15 21:59:13,957 - INFO -   ↳ Saved best model (val_corr=0.231670)
2026-02-15 21:59:16,153 - INFO - Epoch   7/50 | Train: 0.192005 | Val: 0.188789 | Corr: 0.241990 | LR: 1.00e-04
2026-02-15 21:59:16,157 - INFO -   ↳ Saved best model (val_corr=0.241990)
2026-02-15 21:59:18,280 - INFO - Epoch   8/50 | Train: 0.190602 | Val: 0.187512 | Corr: 0.251317 | LR: 1.00e-04
2026-02-15 21:59:18,284 - INFO -   ↳ Saved best model (val_corr=0.251317)
2026-02-15 21:59:20,475 - INFO - Epoch   9/50 | Train: 0.189456 | Val: 0.186371 | Corr: 0.259620 | LR: 1.00e-04
2026-02-15 21:59:20,478 - INFO -   ↳ Saved best model (val_corr=0.259620)
2026-02-15 21:59:22,591 - INFO - Epoch  10/50 | Train: 0.188261 | Val: 0.185499 | Corr: 0.266645 | LR: 1.00e-04
2026-02-15 21:59:22,595 - INFO -   ↳ Saved best model (val_corr=0.266645)
2026-02-15 21:59:24,799 - INFO - Epoch  11/50 | Train: 0.187475 | Val: 0.184731 | Corr: 0.272854 | LR: 1.00e-04
2026-02-15 21:59:24,803 - INFO -   ↳ Saved best model (val_corr=0.272854)
2026-02-15 21:59:26,956 - INFO - Epoch  12/50 | Train: 0.186709 | Val: 0.183941 | Corr: 0.278386 | LR: 1.00e-04
2026-02-15 21:59:26,960 - INFO -   ↳ Saved best model (val_corr=0.278386)
2026-02-15 21:59:29,134 - INFO - Epoch  13/50 | Train: 0.185961 | Val: 0.183329 | Corr: 0.282914 | LR: 1.00e-04
2026-02-15 21:59:29,137 - INFO -   ↳ Saved best model (val_corr=0.282914)
2026-02-15 21:59:31,331 - INFO - Epoch  14/50 | Train: 0.185340 | Val: 0.182762 | Corr: 0.286950 | LR: 1.00e-04
2026-02-15 21:59:31,336 - INFO -   ↳ Saved best model (val_corr=0.286950)
2026-02-15 21:59:33,467 - INFO - Epoch  15/50 | Train: 0.184722 | Val: 0.182279 | Corr: 0.290371 | LR: 1.00e-04
2026-02-15 21:59:33,471 - INFO -   ↳ Saved best model (val_corr=0.290371)
2026-02-15 21:59:35,697 - INFO - Epoch  16/50 | Train: 0.184229 | Val: 0.181771 | Corr: 0.293713 | LR: 1.00e-04
2026-02-15 21:59:35,701 - INFO -   ↳ Saved best model (val_corr=0.293713)
2026-02-15 21:59:37,839 - INFO - Epoch  17/50 | Train: 0.183683 | Val: 0.181339 | Corr: 0.296749 | LR: 1.00e-04
2026-02-15 21:59:37,847 - INFO -   ↳ Saved best model (val_corr=0.296749)
2026-02-15 21:59:40,009 - INFO - Epoch  18/50 | Train: 0.183312 | Val: 0.180968 | Corr: 0.299153 | LR: 1.00e-04
2026-02-15 21:59:40,019 - INFO -   ↳ Saved best model (val_corr=0.299153)
2026-02-15 21:59:42,188 - INFO - Epoch  19/50 | Train: 0.182841 | Val: 0.180591 | Corr: 0.301433 | LR: 1.00e-04
2026-02-15 21:59:42,193 - INFO -   ↳ Saved best model (val_corr=0.301433)
2026-02-15 21:59:44,350 - INFO - Epoch  20/50 | Train: 0.182499 | Val: 0.180257 | Corr: 0.303495 | LR: 1.00e-04
2026-02-15 21:59:44,355 - INFO -   ↳ Saved best model (val_corr=0.303495)
2026-02-15 21:59:46,479 - INFO - Epoch  21/50 | Train: 0.182073 | Val: 0.179870 | Corr: 0.305668 | LR: 1.00e-04
2026-02-15 21:59:46,485 - INFO -   ↳ Saved best model (val_corr=0.305668)
2026-02-15 21:59:48,645 - INFO - Epoch  22/50 | Train: 0.181623 | Val: 0.179496 | Corr: 0.308132 | LR: 1.00e-04
2026-02-15 21:59:48,650 - INFO -   ↳ Saved best model (val_corr=0.308132)
2026-02-15 21:59:50,828 - INFO - Epoch  23/50 | Train: 0.181357 | Val: 0.179136 | Corr: 0.309996 | LR: 1.00e-04
2026-02-15 21:59:50,834 - INFO -   ↳ Saved best model (val_corr=0.309996)
2026-02-15 21:59:52,966 - INFO - Epoch  24/50 | Train: 0.180959 | Val: 0.178791 | Corr: 0.312089 | LR: 1.00e-04
2026-02-15 21:59:52,971 - INFO -   ↳ Saved best model (val_corr=0.312089)
2026-02-15 21:59:55,095 - INFO - Epoch  25/50 | Train: 0.180609 | Val: 0.178481 | Corr: 0.313705 | LR: 1.00e-04
2026-02-15 21:59:55,099 - INFO -   ↳ Saved best model (val_corr=0.313705)
2026-02-15 21:59:57,225 - INFO - Epoch  26/50 | Train: 0.180297 | Val: 0.178210 | Corr: 0.315786 | LR: 1.00e-04
2026-02-15 21:59:57,228 - INFO -   ↳ Saved best model (val_corr=0.315786)
2026-02-15 21:59:59,425 - INFO - Epoch  27/50 | Train: 0.179965 | Val: 0.177886 | Corr: 0.317196 | LR: 1.00e-04
2026-02-15 21:59:59,428 - INFO -   ↳ Saved best model (val_corr=0.317196)
2026-02-15 22:00:01,622 - INFO - Epoch  28/50 | Train: 0.179653 | Val: 0.177608 | Corr: 0.318765 | LR: 1.00e-04
2026-02-15 22:00:01,626 - INFO -   ↳ Saved best model (val_corr=0.318765)
2026-02-15 22:00:03,905 - INFO - Epoch  29/50 | Train: 0.179410 | Val: 0.177317 | Corr: 0.320241 | LR: 1.00e-04
2026-02-15 22:00:03,909 - INFO -   ↳ Saved best model (val_corr=0.320241)
2026-02-15 22:00:06,060 - INFO - Epoch  30/50 | Train: 0.179063 | Val: 0.177109 | Corr: 0.321487 | LR: 1.00e-04
2026-02-15 22:00:06,064 - INFO -   ↳ Saved best model (val_corr=0.321487)
2026-02-15 22:00:08,170 - INFO - Epoch  31/50 | Train: 0.178850 | Val: 0.176833 | Corr: 0.322972 | LR: 1.00e-04
2026-02-15 22:00:08,175 - INFO -   ↳ Saved best model (val_corr=0.322972)
2026-02-15 22:00:10,379 - INFO - Epoch  32/50 | Train: 0.178620 | Val: 0.176614 | Corr: 0.324133 | LR: 1.00e-04
2026-02-15 22:00:10,384 - INFO -   ↳ Saved best model (val_corr=0.324133)
2026-02-15 22:00:12,521 - INFO - Epoch  33/50 | Train: 0.178310 | Val: 0.176402 | Corr: 0.325560 | LR: 1.00e-04
2026-02-15 22:00:12,525 - INFO -   ↳ Saved best model (val_corr=0.325560)
2026-02-15 22:00:14,661 - INFO - Epoch  34/50 | Train: 0.178012 | Val: 0.176248 | Corr: 0.326780 | LR: 1.00e-04
2026-02-15 22:00:14,665 - INFO -   ↳ Saved best model (val_corr=0.326780)
2026-02-15 22:00:16,841 - INFO - Epoch  35/50 | Train: 0.177914 | Val: 0.176016 | Corr: 0.327540 | LR: 1.00e-04
2026-02-15 22:00:16,845 - INFO -   ↳ Saved best model (val_corr=0.327540)
2026-02-15 22:00:18,970 - INFO - Epoch  36/50 | Train: 0.177759 | Val: 0.175850 | Corr: 0.328606 | LR: 1.00e-04
2026-02-15 22:00:18,974 - INFO -   ↳ Saved best model (val_corr=0.328606)
2026-02-15 22:00:21,199 - INFO - Epoch  37/50 | Train: 0.177515 | Val: 0.175652 | Corr: 0.329404 | LR: 1.00e-04
2026-02-15 22:00:21,203 - INFO -   ↳ Saved best model (val_corr=0.329404)
2026-02-15 22:00:23,304 - INFO - Epoch  38/50 | Train: 0.177278 | Val: 0.175496 | Corr: 0.330470 | LR: 1.00e-04
2026-02-15 22:00:23,307 - INFO -   ↳ Saved best model (val_corr=0.330470)
2026-02-15 22:00:25,447 - INFO - Epoch  39/50 | Train: 0.177094 | Val: 0.175325 | Corr: 0.331402 | LR: 1.00e-04
2026-02-15 22:00:25,451 - INFO -   ↳ Saved best model (val_corr=0.331402)
2026-02-15 22:00:27,626 - INFO - Epoch  40/50 | Train: 0.176966 | Val: 0.175168 | Corr: 0.332459 | LR: 1.00e-04
2026-02-15 22:00:27,629 - INFO -   ↳ Saved best model (val_corr=0.332459)
2026-02-15 22:00:29,798 - INFO - Epoch  41/50 | Train: 0.176791 | Val: 0.175050 | Corr: 0.333010 | LR: 1.00e-04
2026-02-15 22:00:29,802 - INFO -   ↳ Saved best model (val_corr=0.333010)
2026-02-15 22:00:31,917 - INFO - Epoch  42/50 | Train: 0.176639 | Val: 0.174981 | Corr: 0.333938 | LR: 1.00e-04
2026-02-15 22:00:31,920 - INFO -   ↳ Saved best model (val_corr=0.333938)
2026-02-15 22:00:33,899 - INFO - Epoch  43/50 | Train: 0.176495 | Val: 0.174891 | Corr: 0.334699 | LR: 1.00e-04
2026-02-15 22:00:33,903 - INFO -   ↳ Saved best model (val_corr=0.334699)
2026-02-15 22:00:36,109 - INFO - Epoch  44/50 | Train: 0.176333 | Val: 0.174719 | Corr: 0.335540 | LR: 1.00e-04
2026-02-15 22:00:36,113 - INFO -   ↳ Saved best model (val_corr=0.335540)
2026-02-15 22:00:38,227 - INFO - Epoch  45/50 | Train: 0.176234 | Val: 0.174559 | Corr: 0.336169 | LR: 1.00e-04
2026-02-15 22:00:38,231 - INFO -   ↳ Saved best model (val_corr=0.336169)
2026-02-15 22:00:40,377 - INFO - Epoch  46/50 | Train: 0.176049 | Val: 0.174440 | Corr: 0.336847 | LR: 1.00e-04
2026-02-15 22:00:40,380 - INFO -   ↳ Saved best model (val_corr=0.336847)
2026-02-15 22:00:42,494 - INFO - Epoch  47/50 | Train: 0.175921 | Val: 0.174349 | Corr: 0.337464 | LR: 1.00e-04
2026-02-15 22:00:42,497 - INFO -   ↳ Saved best model (val_corr=0.337464)
2026-02-15 22:00:44,683 - INFO - Epoch  48/50 | Train: 0.175753 | Val: 0.174302 | Corr: 0.338078 | LR: 1.00e-04
2026-02-15 22:00:44,687 - INFO -   ↳ Saved best model (val_corr=0.338078)
2026-02-15 22:00:46,830 - INFO - Epoch  49/50 | Train: 0.175712 | Val: 0.174125 | Corr: 0.338681 | LR: 1.00e-04
2026-02-15 22:00:46,835 - INFO -   ↳ Saved best model (val_corr=0.338681)
2026-02-15 22:00:48,990 - INFO - Epoch  50/50 | Train: 0.175572 | Val: 0.174117 | Corr: 0.339140 | LR: 1.00e-04
2026-02-15 22:00:48,994 - INFO -   ↳ Saved best model (val_corr=0.339140)
2026-02-15 22:00:48,994 - INFO - Training complete — best val corr: 0.339140
2026-02-15 22:00:49,245 - INFO - Test loss: 0.165579, Test corr: 0.333641
2026-02-15 22:00:49,331 - INFO - Generating figures …
2026-02-15 22:00:49,547 - INFO - Correlation between predicted and actual per-neuron averages: r=0.9943, p=4.32e-61
2026-02-15 22:00:50,409 - INFO - Pattern selectivity summary:
2026-02-15 22:00:50,409 - INFO -   Mean correlation across neurons: 0.6880
2026-02-15 22:00:50,409 - INFO -   Median correlation: 0.7022
2026-02-15 22:00:50,409 - INFO -   Neurons with r > 0.5: 57 / 63
2026-02-15 22:00:50,409 - INFO -   Neurons with r > 0.3: 63 / 63
2026-02-15 22:00:50,409 - INFO - Pattern selectivity — mean neuron corr: 0.6880
2026-02-15 22:00:50,769 - INFO - LOO baseline — Model mean r: 0.5804, LOO mean r: 0.4728, Neurons model > LOO: 50/63
2026-02-15 22:00:50,770 - INFO - Skipping oracle trial plots (skip_oracle_plots=True)
2026-02-15 22:00:50,770 - INFO - Experiment complete. Summary: {
  "run_dir": "results/base_cnn_kernel_sweep_2026-02-15_19-39-07/trial_0043_learning_rate=1.0e-04",
  "model_type": "cnn",
  "test_loss": 0.16557855916023254,
  "test_corr": 0.33364078873021574,
  "best_val_corr": 0.3391396075917758,
  "total_params": 89919,
  "trainable_params": 89919,
  "epochs_trained": 50,
  "mean_pattern_corr": 0.6879664051132324,
  "loo_mean_corr": 0.47275709111471625,
  "model_sample_mean_corr": 0.5804229272121925,
  "neurons_model_beats_loo": 50
}
2026-02-15 22:00:50,783 - INFO - 
======================================================================
2026-02-15 22:00:50,783 - INFO - [45/216] trial_0044_learning_rate=1.0e-04
2026-02-15 22:00:50,783 - INFO -   Overrides: {"kernel_sizes": [3], "learning_rate": 0.0001, "weight_decay": 0.0001, "conv_channels": [256]}
2026-02-15 22:00:50,783 - INFO -   Output: results/base_cnn_kernel_sweep_2026-02-15_19-39-07/trial_0044_learning_rate=1.0e-04
