2026-03-05 22:30:25,997 - INFO - ============================================================
2026-03-05 22:30:25,998 - INFO - Experiment run directory: /scratch/sb272/patterns5k_results/slurm_hist_cnn_2026-03-05_16-01-45/trial_0408_learning_rate=5.0e-04_history=5_kernel_sizes=5x3_conv_channels=128x256_fc_dims=256_seed1
2026-03-05 22:30:25,998 - INFO - ============================================================
2026-03-05 22:30:25,998 - INFO - Loading data …
2026-03-05 22:30:27,055 - INFO - 63 unique neurons after dropping problematic neurons
2026-03-05 22:30:28,579 - INFO - Stimulation channels: 42, Spiking neurons: 63
2026-03-05 22:33:07,141 - INFO - Unique patterns: 4050, Total trials: 5000
2026-03-05 22:33:07,142 - INFO - Stimulation channels: 42, Spiking neurons: 63
2026-03-05 22:33:07,142 - INFO - Unique patterns: 4050, Total trials: 5000
2026-03-05 22:33:07,161 - INFO - Split (oracle): train=3400, val=600, test=1000
2026-03-05 22:33:41,089 - INFO - BinnedStimSpikeDataset initialized:
2026-03-05 22:33:41,089 - INFO -   input_bin_size_ms=10, output_bin_size_ms=10
2026-03-05 22:33:41,089 - INFO -   n_input_bins=60, n_output_bins=60
2026-03-05 22:33:41,089 - INFO -   output_offset=0, total_bins_input=60, total_bins_output=60
2026-03-05 22:33:41,089 - INFO -   Valid start positions per trial: 0 to 0
2026-03-05 22:33:41,089 - INFO -   Total samples: 3400 (3400 trials × 1 positions)
2026-03-05 22:34:12,409 - INFO - BinnedStimSpikeDataset initialized:
2026-03-05 22:34:12,410 - INFO -   input_bin_size_ms=10, output_bin_size_ms=10
2026-03-05 22:34:12,410 - INFO -   n_input_bins=60, n_output_bins=60
2026-03-05 22:34:12,410 - INFO -   output_offset=0, total_bins_input=60, total_bins_output=60
2026-03-05 22:34:12,410 - INFO -   Valid start positions per trial: 0 to 0
2026-03-05 22:34:12,410 - INFO -   Total samples: 600 (600 trials × 1 positions)
2026-03-05 22:34:45,280 - INFO - BinnedStimSpikeDataset initialized:
2026-03-05 22:34:45,280 - INFO -   input_bin_size_ms=10, output_bin_size_ms=10
2026-03-05 22:34:45,280 - INFO -   n_input_bins=60, n_output_bins=60
2026-03-05 22:34:45,280 - INFO -   output_offset=0, total_bins_input=60, total_bins_output=60
2026-03-05 22:34:45,280 - INFO -   Valid start positions per trial: 0 to 0
2026-03-05 22:34:45,280 - INFO -   Total samples: 1000 (1000 trials × 1 positions)
2026-03-05 22:34:45,281 - INFO - Samples — train: 3400, val: 600, test: 1000
2026-03-05 22:34:45,281 - INFO - Input channels: 105, Neurons: 63
2026-03-05 22:34:45,285 - INFO - Using CPU
2026-03-05 22:34:45,304 - INFO - Model: CNN — 248,639 trainable params (248,639 total)
2026-03-05 22:34:49,308 - INFO - Starting training …
2026-03-05 22:35:00,231 - INFO - Epoch   1/50 | Train: 0.230403 | Val: 0.185233 | Corr: 0.080922 | LR: 5.00e-04
2026-03-05 22:35:00,248 - INFO -   ↳ Saved best model (val_corr=0.080922)
2026-03-05 22:35:09,982 - INFO - Epoch   2/50 | Train: 0.183553 | Val: 0.184823 | Corr: 0.091941 | LR: 5.00e-04
2026-03-05 22:35:09,996 - INFO -   ↳ Saved best model (val_corr=0.091941)
2026-03-05 22:35:21,372 - INFO - Epoch   3/50 | Train: 0.181106 | Val: 0.184571 | Corr: 0.100286 | LR: 5.00e-04
2026-03-05 22:35:21,385 - INFO -   ↳ Saved best model (val_corr=0.100286)
2026-03-05 22:35:32,979 - INFO - Epoch   4/50 | Train: 0.179678 | Val: 0.184765 | Corr: 0.106528 | LR: 5.00e-04
2026-03-05 22:35:32,994 - INFO -   ↳ Saved best model (val_corr=0.106528)
2026-03-05 22:35:43,571 - INFO - Epoch   5/50 | Train: 0.178335 | Val: 0.180551 | Corr: 0.112200 | LR: 5.00e-04
2026-03-05 22:35:43,589 - INFO -   ↳ Saved best model (val_corr=0.112200)
2026-03-05 22:35:53,169 - INFO - Epoch   6/50 | Train: 0.177489 | Val: 0.182014 | Corr: 0.119291 | LR: 5.00e-04
2026-03-05 22:35:53,184 - INFO -   ↳ Saved best model (val_corr=0.119291)
2026-03-05 22:36:02,785 - INFO - Epoch   7/50 | Train: 0.176557 | Val: 0.180281 | Corr: 0.122535 | LR: 5.00e-04
2026-03-05 22:36:02,798 - INFO -   ↳ Saved best model (val_corr=0.122535)
2026-03-05 22:36:13,450 - INFO - Epoch   8/50 | Train: 0.175830 | Val: 0.180605 | Corr: 0.126990 | LR: 5.00e-04
2026-03-05 22:36:13,464 - INFO -   ↳ Saved best model (val_corr=0.126990)
2026-03-05 22:36:25,127 - INFO - Epoch   9/50 | Train: 0.175125 | Val: 0.179864 | Corr: 0.129611 | LR: 5.00e-04
2026-03-05 22:36:25,144 - INFO -   ↳ Saved best model (val_corr=0.129611)
2026-03-05 22:36:36,639 - INFO - Epoch  10/50 | Train: 0.174642 | Val: 0.180649 | Corr: 0.134599 | LR: 5.00e-04
2026-03-05 22:36:36,651 - INFO -   ↳ Saved best model (val_corr=0.134599)
2026-03-05 22:36:46,162 - INFO - Epoch  11/50 | Train: 0.174300 | Val: 0.178714 | Corr: 0.136288 | LR: 5.00e-04
2026-03-05 22:36:46,175 - INFO -   ↳ Saved best model (val_corr=0.136288)
2026-03-05 22:36:55,845 - INFO - Epoch  12/50 | Train: 0.173740 | Val: 0.178471 | Corr: 0.136950 | LR: 5.00e-04
2026-03-05 22:36:55,865 - INFO -   ↳ Saved best model (val_corr=0.136950)
2026-03-05 22:37:05,741 - INFO - Epoch  13/50 | Train: 0.173288 | Val: 0.179412 | Corr: 0.138028 | LR: 5.00e-04
2026-03-05 22:37:05,758 - INFO -   ↳ Saved best model (val_corr=0.138028)
2026-03-05 22:37:17,252 - INFO - Epoch  14/50 | Train: 0.172923 | Val: 0.177711 | Corr: 0.140645 | LR: 5.00e-04
2026-03-05 22:37:17,268 - INFO -   ↳ Saved best model (val_corr=0.140645)
2026-03-05 22:37:28,737 - INFO - Epoch  15/50 | Train: 0.172544 | Val: 0.178500 | Corr: 0.139929 | LR: 5.00e-04
2026-03-05 22:37:38,275 - INFO - Epoch  16/50 | Train: 0.172370 | Val: 0.178344 | Corr: 0.141670 | LR: 5.00e-04
2026-03-05 22:37:38,287 - INFO -   ↳ Saved best model (val_corr=0.141670)
2026-03-05 22:37:47,907 - INFO - Epoch  17/50 | Train: 0.172084 | Val: 0.176328 | Corr: 0.140669 | LR: 5.00e-04
2026-03-05 22:37:57,634 - INFO - Epoch  18/50 | Train: 0.171786 | Val: 0.177981 | Corr: 0.143223 | LR: 5.00e-04
2026-03-05 22:37:57,649 - INFO -   ↳ Saved best model (val_corr=0.143223)
2026-03-05 22:38:08,748 - INFO - Epoch  19/50 | Train: 0.171607 | Val: 0.181477 | Corr: 0.144043 | LR: 5.00e-04
2026-03-05 22:38:08,765 - INFO -   ↳ Saved best model (val_corr=0.144043)
2026-03-05 22:38:20,243 - INFO - Epoch  20/50 | Train: 0.171398 | Val: 0.177731 | Corr: 0.143321 | LR: 5.00e-04
2026-03-05 22:38:30,441 - INFO - Epoch  21/50 | Train: 0.171123 | Val: 0.178453 | Corr: 0.145185 | LR: 5.00e-04
2026-03-05 22:38:30,454 - INFO -   ↳ Saved best model (val_corr=0.145185)
2026-03-05 22:38:40,017 - INFO - Epoch  22/50 | Train: 0.170785 | Val: 0.177417 | Corr: 0.143931 | LR: 5.00e-04
2026-03-05 22:38:49,716 - INFO - Epoch  23/50 | Train: 0.170490 | Val: 0.180584 | Corr: 0.142503 | LR: 2.50e-04
2026-03-05 22:39:00,651 - INFO - Epoch  24/50 | Train: 0.169658 | Val: 0.177888 | Corr: 0.146065 | LR: 2.50e-04
2026-03-05 22:39:00,667 - INFO -   ↳ Saved best model (val_corr=0.146065)
2026-03-05 22:39:12,163 - INFO - Epoch  25/50 | Train: 0.169282 | Val: 0.177408 | Corr: 0.145915 | LR: 2.50e-04
2026-03-05 22:39:22,412 - INFO - Epoch  26/50 | Train: 0.169286 | Val: 0.177314 | Corr: 0.145902 | LR: 2.50e-04
2026-03-05 22:39:31,973 - INFO - Epoch  27/50 | Train: 0.169147 | Val: 0.178691 | Corr: 0.146694 | LR: 2.50e-04
2026-03-05 22:39:31,990 - INFO -   ↳ Saved best model (val_corr=0.146694)
2026-03-05 22:39:41,758 - INFO - Epoch  28/50 | Train: 0.168963 | Val: 0.176848 | Corr: 0.145392 | LR: 2.50e-04
2026-03-05 22:39:52,710 - INFO - Epoch  29/50 | Train: 0.169012 | Val: 0.177873 | Corr: 0.145738 | LR: 1.25e-04
2026-03-05 22:40:04,232 - INFO - Epoch  30/50 | Train: 0.168429 | Val: 0.177065 | Corr: 0.145890 | LR: 1.25e-04
2026-03-05 22:40:14,293 - INFO - Epoch  31/50 | Train: 0.168268 | Val: 0.177858 | Corr: 0.146385 | LR: 1.25e-04
2026-03-05 22:40:23,946 - INFO - Epoch  32/50 | Train: 0.168125 | Val: 0.178375 | Corr: 0.146175 | LR: 1.25e-04
2026-03-05 22:40:33,613 - INFO - Epoch  33/50 | Train: 0.168215 | Val: 0.177396 | Corr: 0.146027 | LR: 1.25e-04
2026-03-05 22:40:44,746 - INFO - Epoch  34/50 | Train: 0.167998 | Val: 0.178154 | Corr: 0.145394 | LR: 1.25e-04
2026-03-05 22:40:56,257 - INFO - Epoch  35/50 | Train: 0.167933 | Val: 0.177434 | Corr: 0.145746 | LR: 6.25e-05
2026-03-05 22:41:06,283 - INFO - Epoch  36/50 | Train: 0.167771 | Val: 0.177823 | Corr: 0.146413 | LR: 6.25e-05
2026-03-05 22:41:15,880 - INFO - Epoch  37/50 | Train: 0.167734 | Val: 0.177648 | Corr: 0.146331 | LR: 6.25e-05
2026-03-05 22:41:15,880 - INFO - Early stopping at epoch 37
2026-03-05 22:41:15,880 - INFO - Training complete — best val corr: 0.146694
2026-03-05 22:41:18,058 - INFO - Test loss: 0.169460, Test corr: 0.141708
2026-03-05 22:41:18,834 - INFO - Fraction of variance explained (FVE): 0.008932
2026-03-05 22:41:18,834 - INFO - Computing autoregressive (AR) test predictions …
2026-03-05 22:41:19,861 - INFO - AR FVE: 0.010328, AR test corr: 0.129090
2026-03-05 22:41:19,861 - INFO - Generating figures …
2026-03-05 22:41:20,573 - INFO - Correlation between predicted and actual per-neuron averages: r=0.9928, p=0.00e+00
2026-03-05 22:41:23,732 - INFO - Pattern selectivity summary:
2026-03-05 22:41:23,732 - INFO -   Mean correlation across neurons: 0.5475
2026-03-05 22:41:23,732 - INFO -   Median correlation: 0.5895
2026-03-05 22:41:23,732 - INFO -   Neurons with r > 0.5: 40 / 63
2026-03-05 22:41:23,732 - INFO -   Neurons with r > 0.3: 57 / 63
2026-03-05 22:41:23,733 - INFO - Pattern selectivity — mean neuron corr: 0.5475
2026-03-05 22:41:26,746 - INFO - LOO (avg rate) — Model mean r: 0.4023, LOO mean r: 0.4546, Neurons model > LOO: 14/63
2026-03-05 22:41:31,823 - INFO - LOO (temporal) — Model mean r: 0.1482, LOO mean r: 0.3186, Neurons model > LOO: 2/63
2026-03-05 22:41:31,824 - INFO - Skipping oracle trial plots (skip_oracle_plots=True)
2026-03-05 22:41:31,843 - INFO - Experiment complete. Summary: {
  "run_dir": "/scratch/sb272/patterns5k_results/slurm_hist_cnn_2026-03-05_16-01-45/trial_0408_learning_rate=5.0e-04_history=5_kernel_sizes=5x3_conv_channels=128x256_fc_dims=256_seed1",
  "model_type": "cnn",
  "batch_avg_test_loss": 0.169459694981575,
  "batch_avg_test_corr": 0.14170833952170164,
  "all_test_fve": 0.008931607481033083,
  "AR_FVE": 0.010327729913923476,
  "AR_test_correlation": 0.12908992171287537,
  "best_val_corr": 0.14669398613072834,
  "total_params": 248639,
  "trainable_params": 248639,
  "epochs_trained": 37,
  "mean_pattern_corr": 0.547467653913026,
  "history": 5,
  "init_state": true,
  "loo_avg_mean_corr": 0.45456832695830385,
  "model_avg_mean_corr": 0.4023469665742138,
  "neurons_model_beats_loo_avg": 14,
  "loo_temporal_mean_corr": 0.31855225563049316,
  "all_test_corr": 0.14815573394298553,
  "neurons_model_beats_loo_temporal": 2,
  "kernel_sizes": [
    5,
    3
  ],
  "conv_channels": [
    128,
    256
  ],
  "fc_dims": [
    256
  ]
}
