2026-02-16 00:48:21,020 - INFO - ============================================================
2026-02-16 00:48:21,020 - INFO - Experiment run directory: results/base_cnn_kernel_sweep_2026-02-15_19-39-07/trial_0111_learning_rate=1.0e-04
2026-02-16 00:48:21,020 - INFO - ============================================================
2026-02-16 00:48:21,020 - INFO - Using preloaded raw data (skipping I/O)
2026-02-16 00:48:21,020 - INFO - Stimulation channels: 42, Spiking neurons: 63
2026-02-16 00:48:21,020 - INFO - Unique patterns: 4050, Total trials: 5000
2026-02-16 00:48:21,031 - INFO - Split (oracle): train=3400, val=600, test=1000
2026-02-16 00:48:35,005 - INFO - BinnedStimSpikeDataset initialized:
2026-02-16 00:48:35,006 - INFO -   input_bin_size_ms=10, output_bin_size_ms=10
2026-02-16 00:48:35,006 - INFO -   n_input_bins=60, n_output_bins=60
2026-02-16 00:48:35,006 - INFO -   output_offset=0, total_bins_input=60, total_bins_output=60
2026-02-16 00:48:35,006 - INFO -   Valid start positions per trial: 0 to 0
2026-02-16 00:48:35,006 - INFO -   Total samples: 3400 (3400 trials × 1 positions)
2026-02-16 00:48:48,343 - INFO - BinnedStimSpikeDataset initialized:
2026-02-16 00:48:48,344 - INFO -   input_bin_size_ms=10, output_bin_size_ms=10
2026-02-16 00:48:48,344 - INFO -   n_input_bins=60, n_output_bins=60
2026-02-16 00:48:48,344 - INFO -   output_offset=0, total_bins_input=60, total_bins_output=60
2026-02-16 00:48:48,344 - INFO -   Valid start positions per trial: 0 to 0
2026-02-16 00:48:48,344 - INFO -   Total samples: 600 (600 trials × 1 positions)
2026-02-16 00:49:01,778 - INFO - BinnedStimSpikeDataset initialized:
2026-02-16 00:49:01,778 - INFO -   input_bin_size_ms=10, output_bin_size_ms=10
2026-02-16 00:49:01,778 - INFO -   n_input_bins=60, n_output_bins=60
2026-02-16 00:49:01,778 - INFO -   output_offset=0, total_bins_input=60, total_bins_output=60
2026-02-16 00:49:01,778 - INFO -   Valid start positions per trial: 0 to 0
2026-02-16 00:49:01,778 - INFO -   Total samples: 1000 (1000 trials × 1 positions)
2026-02-16 00:49:01,778 - INFO - Samples — train: 3400, val: 600, test: 1000
2026-02-16 00:49:01,779 - INFO - Input channels: 105, Neurons: 63
2026-02-16 00:49:01,779 - INFO - Using Apple Silicon MPS acceleration
2026-02-16 00:49:01,787 - INFO - Model: CNN — 100,223 trainable params (100,223 total)
2026-02-16 00:49:01,788 - INFO - Starting training …
2026-02-16 00:49:03,968 - INFO - Epoch   1/50 | Train: 0.539391 | Val: 0.232290 | Corr: 0.099689 | LR: 1.00e-04
2026-02-16 00:49:03,976 - INFO -   ↳ Saved best model (val_corr=0.099689)
2026-02-16 00:49:06,144 - INFO - Epoch   2/50 | Train: 0.209834 | Val: 0.197451 | Corr: 0.179950 | LR: 1.00e-04
2026-02-16 00:49:06,152 - INFO -   ↳ Saved best model (val_corr=0.179950)
2026-02-16 00:49:08,364 - INFO - Epoch   3/50 | Train: 0.199247 | Val: 0.194498 | Corr: 0.198062 | LR: 1.00e-04
2026-02-16 00:49:08,373 - INFO -   ↳ Saved best model (val_corr=0.198062)
2026-02-16 00:49:10,547 - INFO - Epoch   4/50 | Train: 0.196749 | Val: 0.192919 | Corr: 0.208481 | LR: 1.00e-04
2026-02-16 00:49:10,554 - INFO -   ↳ Saved best model (val_corr=0.208481)
2026-02-16 00:49:12,748 - INFO - Epoch   5/50 | Train: 0.194920 | Val: 0.191556 | Corr: 0.218198 | LR: 1.00e-04
2026-02-16 00:49:12,756 - INFO -   ↳ Saved best model (val_corr=0.218198)
2026-02-16 00:49:14,960 - INFO - Epoch   6/50 | Train: 0.193354 | Val: 0.190381 | Corr: 0.226485 | LR: 1.00e-04
2026-02-16 00:49:14,969 - INFO -   ↳ Saved best model (val_corr=0.226485)
2026-02-16 00:49:17,176 - INFO - Epoch   7/50 | Train: 0.192000 | Val: 0.189241 | Corr: 0.234874 | LR: 1.00e-04
2026-02-16 00:49:17,182 - INFO -   ↳ Saved best model (val_corr=0.234874)
2026-02-16 00:49:19,336 - INFO - Epoch   8/50 | Train: 0.190757 | Val: 0.188161 | Corr: 0.242036 | LR: 1.00e-04
2026-02-16 00:49:19,342 - INFO -   ↳ Saved best model (val_corr=0.242036)
2026-02-16 00:49:21,528 - INFO - Epoch   9/50 | Train: 0.189614 | Val: 0.187284 | Corr: 0.248320 | LR: 1.00e-04
2026-02-16 00:49:21,532 - INFO -   ↳ Saved best model (val_corr=0.248320)
2026-02-16 00:49:23,591 - INFO - Epoch  10/50 | Train: 0.188637 | Val: 0.186430 | Corr: 0.254181 | LR: 1.00e-04
2026-02-16 00:49:23,597 - INFO -   ↳ Saved best model (val_corr=0.254181)
2026-02-16 00:49:25,784 - INFO - Epoch  11/50 | Train: 0.187845 | Val: 0.185715 | Corr: 0.259989 | LR: 1.00e-04
2026-02-16 00:49:25,789 - INFO -   ↳ Saved best model (val_corr=0.259989)
2026-02-16 00:49:27,912 - INFO - Epoch  12/50 | Train: 0.187028 | Val: 0.184969 | Corr: 0.265165 | LR: 1.00e-04
2026-02-16 00:49:27,916 - INFO -   ↳ Saved best model (val_corr=0.265165)
2026-02-16 00:49:29,987 - INFO - Epoch  13/50 | Train: 0.186289 | Val: 0.184386 | Corr: 0.269964 | LR: 1.00e-04
2026-02-16 00:49:29,994 - INFO -   ↳ Saved best model (val_corr=0.269964)
2026-02-16 00:49:32,172 - INFO - Epoch  14/50 | Train: 0.185581 | Val: 0.183891 | Corr: 0.274310 | LR: 1.00e-04
2026-02-16 00:49:32,179 - INFO -   ↳ Saved best model (val_corr=0.274310)
2026-02-16 00:49:34,306 - INFO - Epoch  15/50 | Train: 0.184966 | Val: 0.183335 | Corr: 0.278313 | LR: 1.00e-04
2026-02-16 00:49:34,314 - INFO -   ↳ Saved best model (val_corr=0.278313)
2026-02-16 00:49:36,533 - INFO - Epoch  16/50 | Train: 0.184527 | Val: 0.182861 | Corr: 0.282127 | LR: 1.00e-04
2026-02-16 00:49:36,542 - INFO -   ↳ Saved best model (val_corr=0.282127)
2026-02-16 00:49:38,694 - INFO - Epoch  17/50 | Train: 0.183961 | Val: 0.182419 | Corr: 0.285466 | LR: 1.00e-04
2026-02-16 00:49:38,701 - INFO -   ↳ Saved best model (val_corr=0.285466)
2026-02-16 00:49:40,834 - INFO - Epoch  18/50 | Train: 0.183464 | Val: 0.182029 | Corr: 0.288582 | LR: 1.00e-04
2026-02-16 00:49:40,841 - INFO -   ↳ Saved best model (val_corr=0.288582)
2026-02-16 00:49:42,976 - INFO - Epoch  19/50 | Train: 0.183060 | Val: 0.181665 | Corr: 0.291538 | LR: 1.00e-04
2026-02-16 00:49:42,981 - INFO -   ↳ Saved best model (val_corr=0.291538)
2026-02-16 00:49:45,118 - INFO - Epoch  20/50 | Train: 0.182690 | Val: 0.181331 | Corr: 0.293984 | LR: 1.00e-04
2026-02-16 00:49:45,125 - INFO -   ↳ Saved best model (val_corr=0.293984)
2026-02-16 00:49:47,307 - INFO - Epoch  21/50 | Train: 0.182241 | Val: 0.181040 | Corr: 0.295808 | LR: 1.00e-04
2026-02-16 00:49:47,314 - INFO -   ↳ Saved best model (val_corr=0.295808)
2026-02-16 00:49:49,470 - INFO - Epoch  22/50 | Train: 0.181783 | Val: 0.180724 | Corr: 0.298376 | LR: 1.00e-04
2026-02-16 00:49:49,478 - INFO -   ↳ Saved best model (val_corr=0.298376)
2026-02-16 00:49:51,636 - INFO - Epoch  23/50 | Train: 0.181468 | Val: 0.180476 | Corr: 0.299979 | LR: 1.00e-04
2026-02-16 00:49:51,643 - INFO -   ↳ Saved best model (val_corr=0.299979)
2026-02-16 00:49:53,760 - INFO - Epoch  24/50 | Train: 0.181164 | Val: 0.180184 | Corr: 0.301956 | LR: 1.00e-04
2026-02-16 00:49:53,764 - INFO -   ↳ Saved best model (val_corr=0.301956)
2026-02-16 00:49:55,527 - INFO - Epoch  25/50 | Train: 0.180875 | Val: 0.179945 | Corr: 0.303692 | LR: 1.00e-04
2026-02-16 00:49:55,532 - INFO -   ↳ Saved best model (val_corr=0.303692)
2026-02-16 00:49:57,757 - INFO - Epoch  26/50 | Train: 0.180623 | Val: 0.179720 | Corr: 0.305106 | LR: 1.00e-04
2026-02-16 00:49:57,763 - INFO -   ↳ Saved best model (val_corr=0.305106)
2026-02-16 00:49:59,973 - INFO - Epoch  27/50 | Train: 0.180297 | Val: 0.179489 | Corr: 0.306547 | LR: 1.00e-04
2026-02-16 00:49:59,979 - INFO -   ↳ Saved best model (val_corr=0.306547)
2026-02-16 00:50:02,316 - INFO - Epoch  28/50 | Train: 0.180065 | Val: 0.179219 | Corr: 0.308420 | LR: 1.00e-04
2026-02-16 00:50:02,323 - INFO -   ↳ Saved best model (val_corr=0.308420)
2026-02-16 00:50:04,544 - INFO - Epoch  29/50 | Train: 0.179737 | Val: 0.178976 | Corr: 0.309703 | LR: 1.00e-04
2026-02-16 00:50:04,551 - INFO -   ↳ Saved best model (val_corr=0.309703)
2026-02-16 00:50:06,856 - INFO - Epoch  30/50 | Train: 0.179507 | Val: 0.178792 | Corr: 0.311190 | LR: 1.00e-04
2026-02-16 00:50:06,862 - INFO -   ↳ Saved best model (val_corr=0.311190)
2026-02-16 00:50:09,122 - INFO - Epoch  31/50 | Train: 0.179296 | Val: 0.178524 | Corr: 0.312479 | LR: 1.00e-04
2026-02-16 00:50:09,131 - INFO -   ↳ Saved best model (val_corr=0.312479)
2026-02-16 00:50:11,461 - INFO - Epoch  32/50 | Train: 0.179014 | Val: 0.178375 | Corr: 0.313652 | LR: 1.00e-04
2026-02-16 00:50:11,470 - INFO -   ↳ Saved best model (val_corr=0.313652)
2026-02-16 00:50:13,799 - INFO - Epoch  33/50 | Train: 0.178802 | Val: 0.178167 | Corr: 0.314732 | LR: 1.00e-04
2026-02-16 00:50:13,809 - INFO -   ↳ Saved best model (val_corr=0.314732)
2026-02-16 00:50:16,166 - INFO - Epoch  34/50 | Train: 0.178603 | Val: 0.178011 | Corr: 0.315749 | LR: 1.00e-04
2026-02-16 00:50:16,175 - INFO -   ↳ Saved best model (val_corr=0.315749)
2026-02-16 00:50:18,317 - INFO - Epoch  35/50 | Train: 0.178377 | Val: 0.177814 | Corr: 0.316789 | LR: 1.00e-04
2026-02-16 00:50:18,325 - INFO -   ↳ Saved best model (val_corr=0.316789)
2026-02-16 00:50:20,680 - INFO - Epoch  36/50 | Train: 0.178147 | Val: 0.177669 | Corr: 0.317547 | LR: 1.00e-04
2026-02-16 00:50:20,687 - INFO -   ↳ Saved best model (val_corr=0.317547)
2026-02-16 00:50:22,950 - INFO - Epoch  37/50 | Train: 0.177981 | Val: 0.177462 | Corr: 0.318540 | LR: 1.00e-04
2026-02-16 00:50:22,955 - INFO -   ↳ Saved best model (val_corr=0.318540)
2026-02-16 00:50:25,323 - INFO - Epoch  38/50 | Train: 0.177760 | Val: 0.177312 | Corr: 0.319684 | LR: 1.00e-04
2026-02-16 00:50:25,332 - INFO -   ↳ Saved best model (val_corr=0.319684)
2026-02-16 00:50:27,629 - INFO - Epoch  39/50 | Train: 0.177609 | Val: 0.177174 | Corr: 0.320422 | LR: 1.00e-04
2026-02-16 00:50:27,637 - INFO -   ↳ Saved best model (val_corr=0.320422)
2026-02-16 00:50:29,931 - INFO - Epoch  40/50 | Train: 0.177458 | Val: 0.176982 | Corr: 0.321568 | LR: 1.00e-04
2026-02-16 00:50:29,939 - INFO -   ↳ Saved best model (val_corr=0.321568)
2026-02-16 00:50:32,245 - INFO - Epoch  41/50 | Train: 0.177227 | Val: 0.176875 | Corr: 0.322062 | LR: 1.00e-04
2026-02-16 00:50:32,254 - INFO -   ↳ Saved best model (val_corr=0.322062)
2026-02-16 00:50:34,593 - INFO - Epoch  42/50 | Train: 0.177108 | Val: 0.176693 | Corr: 0.322941 | LR: 1.00e-04
2026-02-16 00:50:34,602 - INFO -   ↳ Saved best model (val_corr=0.322941)
2026-02-16 00:50:36,785 - INFO - Epoch  43/50 | Train: 0.176962 | Val: 0.176594 | Corr: 0.323407 | LR: 1.00e-04
2026-02-16 00:50:36,790 - INFO -   ↳ Saved best model (val_corr=0.323407)
2026-02-16 00:50:39,106 - INFO - Epoch  44/50 | Train: 0.176874 | Val: 0.176410 | Corr: 0.324442 | LR: 1.00e-04
2026-02-16 00:50:39,115 - INFO -   ↳ Saved best model (val_corr=0.324442)
2026-02-16 00:50:41,478 - INFO - Epoch  45/50 | Train: 0.176725 | Val: 0.176303 | Corr: 0.325005 | LR: 1.00e-04
2026-02-16 00:50:41,485 - INFO -   ↳ Saved best model (val_corr=0.325005)
2026-02-16 00:50:43,646 - INFO - Epoch  46/50 | Train: 0.176562 | Val: 0.176206 | Corr: 0.325288 | LR: 1.00e-04
2026-02-16 00:50:43,652 - INFO -   ↳ Saved best model (val_corr=0.325288)
2026-02-16 00:50:45,888 - INFO - Epoch  47/50 | Train: 0.176347 | Val: 0.176067 | Corr: 0.326129 | LR: 1.00e-04
2026-02-16 00:50:45,892 - INFO -   ↳ Saved best model (val_corr=0.326129)
2026-02-16 00:50:48,086 - INFO - Epoch  48/50 | Train: 0.176284 | Val: 0.175957 | Corr: 0.326619 | LR: 1.00e-04
2026-02-16 00:50:48,093 - INFO -   ↳ Saved best model (val_corr=0.326619)
2026-02-16 00:50:50,469 - INFO - Epoch  49/50 | Train: 0.176129 | Val: 0.175823 | Corr: 0.327241 | LR: 1.00e-04
2026-02-16 00:50:50,477 - INFO -   ↳ Saved best model (val_corr=0.327241)
2026-02-16 00:50:52,808 - INFO - Epoch  50/50 | Train: 0.176028 | Val: 0.175731 | Corr: 0.328052 | LR: 1.00e-04
2026-02-16 00:50:52,815 - INFO -   ↳ Saved best model (val_corr=0.328052)
2026-02-16 00:50:52,815 - INFO - Training complete — best val corr: 0.328052
2026-02-16 00:50:53,205 - INFO - Test loss: 0.167139, Test corr: 0.321881
2026-02-16 00:50:53,305 - INFO - Generating figures …
2026-02-16 00:50:53,506 - INFO - Correlation between predicted and actual per-neuron averages: r=0.9947, p=4.75e-62
2026-02-16 00:50:54,291 - INFO - Pattern selectivity summary:
2026-02-16 00:50:54,291 - INFO -   Mean correlation across neurons: 0.6411
2026-02-16 00:50:54,292 - INFO -   Median correlation: 0.6734
2026-02-16 00:50:54,292 - INFO -   Neurons with r > 0.5: 50 / 63
2026-02-16 00:50:54,292 - INFO -   Neurons with r > 0.3: 62 / 63
2026-02-16 00:50:54,292 - INFO - Pattern selectivity — mean neuron corr: 0.6411
2026-02-16 00:50:54,643 - INFO - LOO baseline — Model mean r: 0.5435, LOO mean r: 0.4728, Neurons model > LOO: 40/63
2026-02-16 00:50:54,643 - INFO - Skipping oracle trial plots (skip_oracle_plots=True)
2026-02-16 00:50:54,644 - INFO - Experiment complete. Summary: {
  "run_dir": "results/base_cnn_kernel_sweep_2026-02-15_19-39-07/trial_0111_learning_rate=1.0e-04",
  "model_type": "cnn",
  "test_loss": 0.16713903415203094,
  "test_corr": 0.32188101188006424,
  "best_val_corr": 0.3280524789891882,
  "total_params": 100223,
  "trainable_params": 100223,
  "epochs_trained": 50,
  "mean_pattern_corr": 0.6410808118156163,
  "loo_mean_corr": 0.47275709111471625,
  "model_sample_mean_corr": 0.5434794282908101,
  "neurons_model_beats_loo": 40
}
2026-02-16 00:50:54,647 - INFO - 
======================================================================
2026-02-16 00:50:54,647 - INFO - [113/216] trial_0112_learning_rate=1.0e-04
2026-02-16 00:50:54,647 - INFO -   Overrides: {"kernel_sizes": [10], "learning_rate": 0.0001, "weight_decay": 1e-05, "conv_channels": [128]}
2026-02-16 00:50:54,647 - INFO -   Output: results/base_cnn_kernel_sweep_2026-02-15_19-39-07/trial_0112_learning_rate=1.0e-04
