2026-02-25 01:34:55,792 - INFO - ============================================================
2026-02-25 01:34:55,792 - INFO - Experiment run directory: results/multilayer_cnn_nohist_sweep_v2_2026-02-24_22-05-22/trial_0087_history=4_kernel_sizes=15_conv_channels=256_fc_dims=256
2026-02-25 01:34:55,792 - INFO - ============================================================
2026-02-25 01:34:55,792 - INFO - Using preloaded raw data (skipping I/O)
2026-02-25 01:34:55,792 - INFO - Stimulation channels: 42, Spiking neurons: 63
2026-02-25 01:34:55,792 - INFO - Unique patterns: 4050, Total trials: 5000
2026-02-25 01:34:55,803 - INFO - Split (oracle): train=3400, val=600, test=1000
2026-02-25 01:35:10,422 - INFO - BinnedStimSpikeDataset initialized:
2026-02-25 01:35:10,423 - INFO -   input_bin_size_ms=10, output_bin_size_ms=10
2026-02-25 01:35:10,423 - INFO -   n_input_bins=60, n_output_bins=60
2026-02-25 01:35:10,423 - INFO -   output_offset=0, total_bins_input=60, total_bins_output=60
2026-02-25 01:35:10,423 - INFO -   Valid start positions per trial: 0 to 0
2026-02-25 01:35:10,423 - INFO -   Total samples: 3400 (3400 trials × 1 positions)
2026-02-25 01:35:23,898 - INFO - BinnedStimSpikeDataset initialized:
2026-02-25 01:35:23,898 - INFO -   input_bin_size_ms=10, output_bin_size_ms=10
2026-02-25 01:35:23,898 - INFO -   n_input_bins=60, n_output_bins=60
2026-02-25 01:35:23,899 - INFO -   output_offset=0, total_bins_input=60, total_bins_output=60
2026-02-25 01:35:23,899 - INFO -   Valid start positions per trial: 0 to 0
2026-02-25 01:35:23,899 - INFO -   Total samples: 600 (600 trials × 1 positions)
2026-02-25 01:35:37,521 - INFO - BinnedStimSpikeDataset initialized:
2026-02-25 01:35:37,522 - INFO -   input_bin_size_ms=10, output_bin_size_ms=10
2026-02-25 01:35:37,522 - INFO -   n_input_bins=60, n_output_bins=60
2026-02-25 01:35:37,522 - INFO -   output_offset=0, total_bins_input=60, total_bins_output=60
2026-02-25 01:35:37,522 - INFO -   Valid start positions per trial: 0 to 0
2026-02-25 01:35:37,522 - INFO -   Total samples: 1000 (1000 trials × 1 positions)
2026-02-25 01:35:37,522 - INFO - Samples — train: 3400, val: 600, test: 1000
2026-02-25 01:35:37,522 - INFO - Input channels: 105, Neurons: 63
2026-02-25 01:35:37,523 - INFO - Using Apple Silicon MPS acceleration
2026-02-25 01:35:37,544 - INFO - Model: CNN — 485,951 trainable params (485,951 total)
2026-02-25 01:35:37,544 - INFO - Starting training …
2026-02-25 01:35:41,663 - INFO - Epoch   1/50 | Train: 0.228668 | Val: 0.194920 | Corr: 0.121829 | LR: 1.00e-03
2026-02-25 01:35:41,676 - INFO -   ↳ Saved best model (val_corr=0.121829)
2026-02-25 01:35:45,417 - INFO - Epoch   2/50 | Train: 0.193962 | Val: 0.191233 | Corr: 0.148708 | LR: 1.00e-03
2026-02-25 01:35:45,430 - INFO -   ↳ Saved best model (val_corr=0.148708)
2026-02-25 01:35:49,312 - INFO - Epoch   3/50 | Train: 0.189546 | Val: 0.188202 | Corr: 0.168866 | LR: 1.00e-03
2026-02-25 01:35:49,328 - INFO -   ↳ Saved best model (val_corr=0.168866)
2026-02-25 01:35:53,246 - INFO - Epoch   4/50 | Train: 0.185815 | Val: 0.185479 | Corr: 0.186707 | LR: 1.00e-03
2026-02-25 01:35:53,258 - INFO -   ↳ Saved best model (val_corr=0.186707)
2026-02-25 01:35:56,964 - INFO - Epoch   5/50 | Train: 0.182572 | Val: 0.182971 | Corr: 0.199632 | LR: 1.00e-03
2026-02-25 01:35:56,975 - INFO -   ↳ Saved best model (val_corr=0.199632)
2026-02-25 01:36:00,795 - INFO - Epoch   6/50 | Train: 0.180173 | Val: 0.181719 | Corr: 0.208036 | LR: 1.00e-03
2026-02-25 01:36:00,805 - INFO -   ↳ Saved best model (val_corr=0.208036)
2026-02-25 01:36:04,646 - INFO - Epoch   7/50 | Train: 0.178267 | Val: 0.180601 | Corr: 0.214404 | LR: 1.00e-03
2026-02-25 01:36:04,657 - INFO -   ↳ Saved best model (val_corr=0.214404)
2026-02-25 01:36:08,508 - INFO - Epoch   8/50 | Train: 0.176815 | Val: 0.180343 | Corr: 0.217107 | LR: 1.00e-03
2026-02-25 01:36:08,541 - INFO -   ↳ Saved best model (val_corr=0.217107)
2026-02-25 01:36:12,540 - INFO - Epoch   9/50 | Train: 0.175564 | Val: 0.179591 | Corr: 0.220871 | LR: 1.00e-03
2026-02-25 01:36:12,572 - INFO -   ↳ Saved best model (val_corr=0.220871)
2026-02-25 01:36:16,472 - INFO - Epoch  10/50 | Train: 0.174468 | Val: 0.179634 | Corr: 0.222333 | LR: 1.00e-03
2026-02-25 01:36:16,499 - INFO -   ↳ Saved best model (val_corr=0.222333)
2026-02-25 01:36:20,327 - INFO - Epoch  11/50 | Train: 0.173449 | Val: 0.179184 | Corr: 0.224176 | LR: 1.00e-03
2026-02-25 01:36:20,349 - INFO -   ↳ Saved best model (val_corr=0.224176)
2026-02-25 01:36:24,156 - INFO - Epoch  12/50 | Train: 0.172564 | Val: 0.178976 | Corr: 0.226638 | LR: 1.00e-03
2026-02-25 01:36:24,174 - INFO -   ↳ Saved best model (val_corr=0.226638)
2026-02-25 01:36:27,977 - INFO - Epoch  13/50 | Train: 0.171824 | Val: 0.179022 | Corr: 0.226778 | LR: 1.00e-03
2026-02-25 01:36:27,996 - INFO -   ↳ Saved best model (val_corr=0.226778)
2026-02-25 01:36:31,970 - INFO - Epoch  14/50 | Train: 0.170919 | Val: 0.179015 | Corr: 0.227845 | LR: 1.00e-03
2026-02-25 01:36:31,984 - INFO -   ↳ Saved best model (val_corr=0.227845)
2026-02-25 01:36:35,719 - INFO - Epoch  15/50 | Train: 0.170352 | Val: 0.179023 | Corr: 0.228491 | LR: 1.00e-03
2026-02-25 01:36:35,733 - INFO -   ↳ Saved best model (val_corr=0.228491)
2026-02-25 01:36:39,481 - INFO - Epoch  16/50 | Train: 0.169555 | Val: 0.178943 | Corr: 0.229270 | LR: 1.00e-03
2026-02-25 01:36:39,496 - INFO -   ↳ Saved best model (val_corr=0.229270)
2026-02-25 01:36:43,395 - INFO - Epoch  17/50 | Train: 0.168861 | Val: 0.178940 | Corr: 0.229244 | LR: 1.00e-03
2026-02-25 01:36:47,284 - INFO - Epoch  18/50 | Train: 0.168279 | Val: 0.179256 | Corr: 0.229061 | LR: 1.00e-03
2026-02-25 01:36:51,042 - INFO - Epoch  19/50 | Train: 0.167680 | Val: 0.179241 | Corr: 0.228724 | LR: 1.00e-03
2026-02-25 01:36:54,829 - INFO - Epoch  20/50 | Train: 0.167162 | Val: 0.179078 | Corr: 0.229834 | LR: 1.00e-03
2026-02-25 01:36:54,845 - INFO -   ↳ Saved best model (val_corr=0.229834)
2026-02-25 01:36:58,637 - INFO - Epoch  21/50 | Train: 0.166722 | Val: 0.179285 | Corr: 0.228335 | LR: 1.00e-03
2026-02-25 01:37:02,516 - INFO - Epoch  22/50 | Train: 0.166121 | Val: 0.179470 | Corr: 0.229623 | LR: 5.00e-04
2026-02-25 01:37:06,239 - INFO - Epoch  23/50 | Train: 0.164460 | Val: 0.179581 | Corr: 0.229500 | LR: 5.00e-04
2026-02-25 01:37:09,980 - INFO - Epoch  24/50 | Train: 0.163826 | Val: 0.179627 | Corr: 0.229357 | LR: 5.00e-04
2026-02-25 01:37:13,798 - INFO - Epoch  25/50 | Train: 0.163477 | Val: 0.179818 | Corr: 0.229498 | LR: 5.00e-04
2026-02-25 01:37:17,713 - INFO - Epoch  26/50 | Train: 0.163287 | Val: 0.179821 | Corr: 0.229010 | LR: 5.00e-04
2026-02-25 01:37:21,532 - INFO - Epoch  27/50 | Train: 0.162870 | Val: 0.180299 | Corr: 0.228310 | LR: 5.00e-04
2026-02-25 01:37:25,339 - INFO - Epoch  28/50 | Train: 0.162689 | Val: 0.180266 | Corr: 0.228647 | LR: 2.50e-04
2026-02-25 01:37:29,134 - INFO - Epoch  29/50 | Train: 0.161729 | Val: 0.180225 | Corr: 0.228507 | LR: 2.50e-04
2026-02-25 01:37:33,015 - INFO - Epoch  30/50 | Train: 0.161413 | Val: 0.180546 | Corr: 0.228283 | LR: 2.50e-04
2026-02-25 01:37:33,015 - INFO - Early stopping at epoch 30
2026-02-25 01:37:33,015 - INFO - Training complete — best val corr: 0.229834
2026-02-25 01:37:33,509 - INFO - Test loss: 0.169744, Test corr: 0.223698
2026-02-25 01:37:33,689 - INFO - Fraction of variance explained (FVE): 0.058118
2026-02-25 01:37:33,690 - INFO - Computing autoregressive (AR) test predictions …
2026-02-25 01:37:34,093 - INFO - AR FVE: 0.035821, AR test corr: 0.189307
2026-02-25 01:37:34,093 - INFO - Generating figures …
2026-02-25 01:37:34,378 - INFO - Correlation between predicted and actual per-neuron averages: r=0.9815, p=1.71e-45
2026-02-25 01:37:34,976 - INFO - Pattern selectivity summary:
2026-02-25 01:37:34,977 - INFO -   Mean correlation across neurons: 0.6518
2026-02-25 01:37:34,977 - INFO -   Median correlation: 0.6635
2026-02-25 01:37:34,977 - INFO -   Neurons with r > 0.5: 54 / 63
2026-02-25 01:37:34,977 - INFO -   Neurons with r > 0.3: 63 / 63
2026-02-25 01:37:34,977 - INFO - Pattern selectivity — mean neuron corr: 0.6518
2026-02-25 01:37:35,388 - INFO - LOO (avg rate) — Model mean r: 0.4977, LOO mean r: 0.4728, Neurons model > LOO: 28/63
2026-02-25 01:37:36,142 - INFO - LOO (temporal) — Model mean r: 0.2340, LOO mean r: 0.3815, Neurons model > LOO: 2/63
2026-02-25 01:37:36,142 - INFO - Skipping oracle trial plots (skip_oracle_plots=True)
2026-02-25 01:37:36,143 - INFO - Experiment complete. Summary: {
  "run_dir": "results/multilayer_cnn_nohist_sweep_v2_2026-02-24_22-05-22/trial_0087_history=4_kernel_sizes=15_conv_channels=256_fc_dims=256",
  "model_type": "cnn",
  "batch_avg_test_loss": 0.16974398756027223,
  "batch_avg_test_corr": 0.22369833002318842,
  "all_test_fve": 0.058117785151042635,
  "AR_FVE": 0.035820625131092375,
  "AR_test_correlation": 0.1893065869808197,
  "best_val_corr": 0.2298342177602311,
  "total_params": 485951,
  "trainable_params": 485951,
  "epochs_trained": 30,
  "mean_pattern_corr": 0.6518154158619924,
  "history": 4,
  "init_state": true,
  "loo_avg_mean_corr": 0.47275709111471625,
  "model_avg_mean_corr": 0.4977131856195465,
  "neurons_model_beats_loo_avg": 28,
  "loo_temporal_mean_corr": 0.3815135061740875,
  "all_test_corr": 0.23398368060588837,
  "neurons_model_beats_loo_temporal": 2,
  "kernel_sizes": [
    15
  ],
  "conv_channels": [
    256
  ],
  "fc_dims": [
    256
  ]
}
2026-02-25 01:37:36,148 - INFO - 
======================================================================
2026-02-25 01:37:36,148 - INFO - [89/864] trial_0088_history=5_kernel_sizes=15_conv_channels=256_fc_dims=256
2026-02-25 01:37:36,148 - INFO -   Overrides: {"_arch": {"kernel_sizes": [15], "conv_channels": [256], "fc_dims": [256]}, "history": 5, "weight_decay": 0}
2026-02-25 01:37:36,148 - INFO -   Output: results/multilayer_cnn_nohist_sweep_v2_2026-02-24_22-05-22/trial_0088_history=5_kernel_sizes=15_conv_channels=256_fc_dims=256
