2026-02-02 15:10:52,601 - INFO - ==================================================
2026-02-02 15:10:52,601 - INFO - Experiment run directory: results/binned_2026-02-02_15-10-52
2026-02-02 15:10:52,602 - INFO - Config file: config.yaml (copied to results/binned_2026-02-02_15-10-52/config.yaml)
2026-02-02 15:10:52,602 - INFO - Inference mode: False
2026-02-02 15:10:52,602 - INFO - Random seed: 42
2026-02-02 15:10:52,602 - INFO - ==================================================
2026-02-02 15:10:52,603 - INFO - Total trials: 5000
2026-02-02 15:10:52,619 - INFO - Oracle trials: 1000 (50 patterns × 10 trials)
2026-02-02 15:10:52,619 - INFO - Sample trials: 4000
2026-02-02 15:10:52,621 - INFO - Train: 3400, Val: 600, Test: 1000
2026-02-02 15:10:52,621 - INFO - Dataset config: input_bin_size=10ms, output_bin_size=60ms, n_input_bins=1, n_output_bins=1, output_offset=0, encoding_mode=current
2026-02-02 15:11:08,251 - INFO - BinnedStimSpikeDataset initialized:
2026-02-02 15:11:08,256 - INFO -   input_bin_size_ms=10, output_bin_size_ms=60
2026-02-02 15:11:08,257 - INFO -   n_input_bins=1, n_output_bins=1
2026-02-02 15:11:08,257 - INFO -   output_offset=0, total_bins_input=60, total_bins_output=10
2026-02-02 15:11:08,257 - INFO -   Valid start positions per trial: 0 to 9
2026-02-02 15:11:08,258 - INFO -   Total samples: 34000 (3400 trials × 10 positions)
2026-02-02 15:11:23,413 - INFO - BinnedStimSpikeDataset initialized:
2026-02-02 15:11:23,414 - INFO -   input_bin_size_ms=10, output_bin_size_ms=60
2026-02-02 15:11:23,415 - INFO -   n_input_bins=1, n_output_bins=1
2026-02-02 15:11:23,415 - INFO -   output_offset=0, total_bins_input=60, total_bins_output=10
2026-02-02 15:11:23,415 - INFO -   Valid start positions per trial: 0 to 9
2026-02-02 15:11:23,416 - INFO -   Total samples: 6000 (600 trials × 10 positions)
2026-02-02 15:11:38,539 - INFO - BinnedStimSpikeDataset initialized:
2026-02-02 15:11:38,542 - INFO -   input_bin_size_ms=10, output_bin_size_ms=60
2026-02-02 15:11:38,543 - INFO -   n_input_bins=1, n_output_bins=1
2026-02-02 15:11:38,543 - INFO -   output_offset=0, total_bins_input=60, total_bins_output=10
2026-02-02 15:11:38,543 - INFO -   Valid start positions per trial: 0 to 9
2026-02-02 15:11:38,543 - INFO -   Total samples: 10000 (1000 trials × 10 positions)
2026-02-02 15:11:38,573 - INFO - Train samples: 34000, Val samples: 6000, Test samples: 10000
2026-02-02 15:11:38,574 - INFO - Train batches: 266, Val batches: 47, Test batches: 79
2026-02-02 15:11:38,574 - INFO - Number of stimulation channels: 42
2026-02-02 15:11:38,575 - INFO - Number of recorded neurons: 63
2026-02-02 15:11:38,578 - INFO - Sample X shape: torch.Size([42, 1]) (n_channels, n_input_bins)
2026-02-02 15:11:38,578 - INFO - Sample Y shape: torch.Size([63, 1]) (n_neurons, n_output_bins)
2026-02-02 15:11:38,579 - INFO - Using Apple Silicon MPS acceleration
2026-02-02 15:11:38,579 - INFO - PyTorch version: 2.10.0.dev20251124
2026-02-02 15:11:38,579 - INFO - Device: mps
2026-02-02 15:11:38,580 - INFO - Saved experiment config to results/binned_2026-02-02_15-10-52/summary_config.json
