2026-03-04 03:02:25,322 - INFO - ============================================================
2026-03-04 03:02:25,322 - INFO - Experiment run directory: /scratch/sb272/patterns5k_results/slurm_hist_cnn_2026-03-03_15-13-01/trial_0297_learning_rate=1.0e-03_history=5_kernel_sizes=20_conv_channels=256_fc_dims=256_seed0
2026-03-04 03:02:25,322 - INFO - ============================================================
2026-03-04 03:02:25,323 - INFO - Loading data …
2026-03-04 03:02:26,253 - INFO - 63 unique neurons after dropping problematic neurons
2026-03-04 03:02:27,593 - INFO - Stimulation channels: 42, Spiking neurons: 63
2026-03-04 03:04:35,828 - INFO - Unique patterns: 4050, Total trials: 5000
2026-03-04 03:04:35,832 - INFO - Stimulation channels: 42, Spiking neurons: 63
2026-03-04 03:04:35,832 - INFO - Unique patterns: 4050, Total trials: 5000
2026-03-04 03:04:35,849 - INFO - Split (oracle): train=3400, val=600, test=1000
2026-03-04 03:05:02,494 - INFO - BinnedStimSpikeDataset initialized:
2026-03-04 03:05:02,496 - INFO -   input_bin_size_ms=10, output_bin_size_ms=10
2026-03-04 03:05:02,496 - INFO -   n_input_bins=60, n_output_bins=60
2026-03-04 03:05:02,496 - INFO -   output_offset=0, total_bins_input=60, total_bins_output=60
2026-03-04 03:05:02,496 - INFO -   Valid start positions per trial: 0 to 0
2026-03-04 03:05:02,496 - INFO -   Total samples: 3400 (3400 trials × 1 positions)
2026-03-04 03:05:28,231 - INFO - BinnedStimSpikeDataset initialized:
2026-03-04 03:05:28,231 - INFO -   input_bin_size_ms=10, output_bin_size_ms=10
2026-03-04 03:05:28,231 - INFO -   n_input_bins=60, n_output_bins=60
2026-03-04 03:05:28,231 - INFO -   output_offset=0, total_bins_input=60, total_bins_output=60
2026-03-04 03:05:28,231 - INFO -   Valid start positions per trial: 0 to 0
2026-03-04 03:05:28,231 - INFO -   Total samples: 600 (600 trials × 1 positions)
2026-03-04 03:05:53,663 - INFO - BinnedStimSpikeDataset initialized:
2026-03-04 03:05:53,663 - INFO -   input_bin_size_ms=10, output_bin_size_ms=10
2026-03-04 03:05:53,663 - INFO -   n_input_bins=60, n_output_bins=60
2026-03-04 03:05:53,663 - INFO -   output_offset=0, total_bins_input=60, total_bins_output=60
2026-03-04 03:05:53,663 - INFO -   Valid start positions per trial: 0 to 0
2026-03-04 03:05:53,663 - INFO -   Total samples: 1000 (1000 trials × 1 positions)
2026-03-04 03:05:53,664 - INFO - Samples — train: 3400, val: 600, test: 1000
2026-03-04 03:05:53,664 - INFO - Input channels: 105, Neurons: 63
2026-03-04 03:05:53,676 - INFO - Using CPU
2026-03-04 03:05:53,695 - INFO - Model: CNN — 620,351 trainable params (620,351 total)
2026-03-04 03:06:07,172 - INFO - Starting training …
2026-03-04 03:06:19,022 - INFO - Epoch   1/50 | Train: 0.215128 | Val: 0.188442 | Corr: 0.064860 | LR: 1.00e-03
2026-03-04 03:06:19,065 - INFO -   ↳ Saved best model (val_corr=0.064860)
2026-03-04 03:06:29,483 - INFO - Epoch   2/50 | Train: 0.182504 | Val: 0.185749 | Corr: 0.080216 | LR: 1.00e-03
2026-03-04 03:06:29,521 - INFO -   ↳ Saved best model (val_corr=0.080216)
2026-03-04 03:06:39,949 - INFO - Epoch   3/50 | Train: 0.179027 | Val: 0.184179 | Corr: 0.095031 | LR: 1.00e-03
2026-03-04 03:06:39,983 - INFO -   ↳ Saved best model (val_corr=0.095031)
2026-03-04 03:06:50,269 - INFO - Epoch   4/50 | Train: 0.176726 | Val: 0.183132 | Corr: 0.103024 | LR: 1.00e-03
2026-03-04 03:06:50,306 - INFO -   ↳ Saved best model (val_corr=0.103024)
2026-03-04 03:07:00,602 - INFO - Epoch   5/50 | Train: 0.174919 | Val: 0.182132 | Corr: 0.112115 | LR: 1.00e-03
2026-03-04 03:07:00,636 - INFO -   ↳ Saved best model (val_corr=0.112115)
2026-03-04 03:07:10,758 - INFO - Epoch   6/50 | Train: 0.173360 | Val: 0.181213 | Corr: 0.119011 | LR: 1.00e-03
2026-03-04 03:07:10,792 - INFO -   ↳ Saved best model (val_corr=0.119011)
2026-03-04 03:07:21,201 - INFO - Epoch   7/50 | Train: 0.171713 | Val: 0.181372 | Corr: 0.120002 | LR: 1.00e-03
2026-03-04 03:07:21,248 - INFO -   ↳ Saved best model (val_corr=0.120002)
2026-03-04 03:07:31,871 - INFO - Epoch   8/50 | Train: 0.170514 | Val: 0.180673 | Corr: 0.125051 | LR: 1.00e-03
2026-03-04 03:07:31,906 - INFO -   ↳ Saved best model (val_corr=0.125051)
2026-03-04 03:07:42,082 - INFO - Epoch   9/50 | Train: 0.168973 | Val: 0.180293 | Corr: 0.128237 | LR: 1.00e-03
2026-03-04 03:07:42,133 - INFO -   ↳ Saved best model (val_corr=0.128237)
2026-03-04 03:07:52,593 - INFO - Epoch  10/50 | Train: 0.167754 | Val: 0.180811 | Corr: 0.129335 | LR: 1.00e-03
2026-03-04 03:07:52,628 - INFO -   ↳ Saved best model (val_corr=0.129335)
2026-03-04 03:08:03,381 - INFO - Epoch  11/50 | Train: 0.166661 | Val: 0.180752 | Corr: 0.129930 | LR: 1.00e-03
2026-03-04 03:08:03,417 - INFO -   ↳ Saved best model (val_corr=0.129930)
2026-03-04 03:08:13,964 - INFO - Epoch  12/50 | Train: 0.165490 | Val: 0.180440 | Corr: 0.133203 | LR: 1.00e-03
2026-03-04 03:08:14,000 - INFO -   ↳ Saved best model (val_corr=0.133203)
2026-03-04 03:08:24,626 - INFO - Epoch  13/50 | Train: 0.164432 | Val: 0.180413 | Corr: 0.134157 | LR: 1.00e-03
2026-03-04 03:08:24,665 - INFO -   ↳ Saved best model (val_corr=0.134157)
2026-03-04 03:08:35,308 - INFO - Epoch  14/50 | Train: 0.163257 | Val: 0.180785 | Corr: 0.134618 | LR: 1.00e-03
2026-03-04 03:08:35,346 - INFO -   ↳ Saved best model (val_corr=0.134618)
2026-03-04 03:08:46,334 - INFO - Epoch  15/50 | Train: 0.162423 | Val: 0.181211 | Corr: 0.134711 | LR: 5.00e-04
2026-03-04 03:08:46,382 - INFO -   ↳ Saved best model (val_corr=0.134711)
2026-03-04 03:08:57,019 - INFO - Epoch  16/50 | Train: 0.159828 | Val: 0.181713 | Corr: 0.136000 | LR: 5.00e-04
2026-03-04 03:08:57,051 - INFO -   ↳ Saved best model (val_corr=0.136000)
2026-03-04 03:09:07,844 - INFO - Epoch  17/50 | Train: 0.158925 | Val: 0.181675 | Corr: 0.135589 | LR: 5.00e-04
2026-03-04 03:09:18,540 - INFO - Epoch  18/50 | Train: 0.158500 | Val: 0.182112 | Corr: 0.134485 | LR: 5.00e-04
2026-03-04 03:09:29,342 - INFO - Epoch  19/50 | Train: 0.157895 | Val: 0.182695 | Corr: 0.134473 | LR: 5.00e-04
2026-03-04 03:09:40,235 - INFO - Epoch  20/50 | Train: 0.157437 | Val: 0.182696 | Corr: 0.135388 | LR: 5.00e-04
2026-03-04 03:09:50,980 - INFO - Epoch  21/50 | Train: 0.157039 | Val: 0.183301 | Corr: 0.134583 | LR: 2.50e-04
2026-03-04 03:10:01,854 - INFO - Epoch  22/50 | Train: 0.155616 | Val: 0.183714 | Corr: 0.134335 | LR: 2.50e-04
2026-03-04 03:10:12,467 - INFO - Epoch  23/50 | Train: 0.155178 | Val: 0.183898 | Corr: 0.133132 | LR: 2.50e-04
2026-03-04 03:10:22,997 - INFO - Epoch  24/50 | Train: 0.154804 | Val: 0.184091 | Corr: 0.133118 | LR: 2.50e-04
2026-03-04 03:10:33,654 - INFO - Epoch  25/50 | Train: 0.154633 | Val: 0.183838 | Corr: 0.133116 | LR: 2.50e-04
2026-03-04 03:10:44,519 - INFO - Epoch  26/50 | Train: 0.154388 | Val: 0.184835 | Corr: 0.131662 | LR: 2.50e-04
2026-03-04 03:10:44,519 - INFO - Early stopping at epoch 26
2026-03-04 03:10:44,519 - INFO - Training complete — best val corr: 0.136000
2026-03-04 03:10:47,342 - INFO - Test loss: 0.169305, Test corr: 0.133519
2026-03-04 03:10:48,321 - INFO - Fraction of variance explained (FVE): 0.018616
2026-03-04 03:10:48,321 - INFO - Computing autoregressive (AR) test predictions …
2026-03-04 03:10:49,476 - INFO - AR FVE: 0.009607, AR test corr: 0.110277
2026-03-04 03:10:49,476 - INFO - Generating figures …
2026-03-04 03:10:50,413 - INFO - Correlation between predicted and actual per-neuron averages: r=0.9924, p=0.00e+00
2026-03-04 03:10:53,392 - INFO - Pattern selectivity summary:
2026-03-04 03:10:53,393 - INFO -   Mean correlation across neurons: 0.5592
2026-03-04 03:10:53,393 - INFO -   Median correlation: 0.5866
2026-03-04 03:10:53,393 - INFO -   Neurons with r > 0.5: 44 / 63
2026-03-04 03:10:53,393 - INFO -   Neurons with r > 0.3: 58 / 63
2026-03-04 03:10:53,393 - INFO - Pattern selectivity — mean neuron corr: 0.5592
2026-03-04 03:10:55,816 - INFO - LOO (avg rate) — Model mean r: 0.4389, LOO mean r: 0.4546, Neurons model > LOO: 22/63
2026-03-04 03:10:58,689 - INFO - LOO (temporal) — Model mean r: 0.1443, LOO mean r: 0.3186, Neurons model > LOO: 2/63
2026-03-04 03:10:58,690 - INFO - Skipping oracle trial plots (skip_oracle_plots=True)
2026-03-04 03:10:58,715 - INFO - Experiment complete. Summary: {
  "run_dir": "/scratch/sb272/patterns5k_results/slurm_hist_cnn_2026-03-03_15-13-01/trial_0297_learning_rate=1.0e-03_history=5_kernel_sizes=20_conv_channels=256_fc_dims=256_seed0",
  "model_type": "cnn",
  "batch_avg_test_loss": 0.16930473279953004,
  "batch_avg_test_corr": 0.13351948327700872,
  "all_test_fve": 0.01861580875184801,
  "AR_FVE": 0.00960712678848751,
  "AR_test_correlation": 0.11027733236551285,
  "best_val_corr": 0.1359997438900537,
  "total_params": 620351,
  "trainable_params": 620351,
  "epochs_trained": 26,
  "mean_pattern_corr": 0.5592219257644718,
  "history": 5,
  "init_state": true,
  "loo_avg_mean_corr": 0.45456832695830385,
  "model_avg_mean_corr": 0.4389057238218569,
  "neurons_model_beats_loo_avg": 22,
  "loo_temporal_mean_corr": 0.31855225563049316,
  "all_test_corr": 0.1443215310573578,
  "neurons_model_beats_loo_temporal": 2,
  "kernel_sizes": [
    20
  ],
  "conv_channels": [
    256
  ],
  "fc_dims": [
    256
  ]
}
