2026-02-16 03:25:05,342 - INFO - ============================================================
2026-02-16 03:25:05,343 - INFO - Experiment run directory: results/base_cnn_kernel_sweep_2026-02-15_19-39-07/trial_0161_learning_rate=1.0e-03
2026-02-16 03:25:05,343 - INFO - ============================================================
2026-02-16 03:25:05,343 - INFO - Using preloaded raw data (skipping I/O)
2026-02-16 03:25:05,343 - INFO - Stimulation channels: 42, Spiking neurons: 63
2026-02-16 03:25:05,343 - INFO - Unique patterns: 4050, Total trials: 5000
2026-02-16 03:25:05,353 - INFO - Split (oracle): train=3400, val=600, test=1000
2026-02-16 03:25:19,419 - INFO - BinnedStimSpikeDataset initialized:
2026-02-16 03:25:19,420 - INFO -   input_bin_size_ms=10, output_bin_size_ms=10
2026-02-16 03:25:19,420 - INFO -   n_input_bins=60, n_output_bins=60
2026-02-16 03:25:19,420 - INFO -   output_offset=0, total_bins_input=60, total_bins_output=60
2026-02-16 03:25:19,420 - INFO -   Valid start positions per trial: 0 to 0
2026-02-16 03:25:19,420 - INFO -   Total samples: 3400 (3400 trials × 1 positions)
2026-02-16 03:25:32,826 - INFO - BinnedStimSpikeDataset initialized:
2026-02-16 03:25:32,827 - INFO -   input_bin_size_ms=10, output_bin_size_ms=10
2026-02-16 03:25:32,827 - INFO -   n_input_bins=60, n_output_bins=60
2026-02-16 03:25:32,827 - INFO -   output_offset=0, total_bins_input=60, total_bins_output=60
2026-02-16 03:25:32,827 - INFO -   Valid start positions per trial: 0 to 0
2026-02-16 03:25:32,827 - INFO -   Total samples: 600 (600 trials × 1 positions)
2026-02-16 03:25:46,329 - INFO - BinnedStimSpikeDataset initialized:
2026-02-16 03:25:46,330 - INFO -   input_bin_size_ms=10, output_bin_size_ms=10
2026-02-16 03:25:46,330 - INFO -   n_input_bins=60, n_output_bins=60
2026-02-16 03:25:46,330 - INFO -   output_offset=0, total_bins_input=60, total_bins_output=60
2026-02-16 03:25:46,330 - INFO -   Valid start positions per trial: 0 to 0
2026-02-16 03:25:46,330 - INFO -   Total samples: 1000 (1000 trials × 1 positions)
2026-02-16 03:25:46,330 - INFO - Samples — train: 3400, val: 600, test: 1000
2026-02-16 03:25:46,330 - INFO - Input channels: 105, Neurons: 63
2026-02-16 03:25:46,331 - INFO - Using Apple Silicon MPS acceleration
2026-02-16 03:25:46,478 - INFO - Model: CNN — 889,151 trainable params (889,151 total)
2026-02-16 03:25:46,479 - INFO - Starting training …
2026-02-16 03:25:52,263 - INFO - Epoch   1/50 | Train: 0.221422 | Val: 0.187351 | Corr: 0.248512 | LR: 1.00e-03
2026-02-16 03:25:52,281 - INFO -   ↳ Saved best model (val_corr=0.248512)
2026-02-16 03:25:57,627 - INFO - Epoch   2/50 | Train: 0.184887 | Val: 0.182583 | Corr: 0.287910 | LR: 1.00e-03
2026-02-16 03:25:57,650 - INFO -   ↳ Saved best model (val_corr=0.287910)
2026-02-16 03:26:03,043 - INFO - Epoch   3/50 | Train: 0.179567 | Val: 0.179813 | Corr: 0.305449 | LR: 1.00e-03
2026-02-16 03:26:03,060 - INFO -   ↳ Saved best model (val_corr=0.305449)
2026-02-16 03:26:08,764 - INFO - Epoch   4/50 | Train: 0.176187 | Val: 0.178559 | Corr: 0.317027 | LR: 1.00e-03
2026-02-16 03:26:08,795 - INFO -   ↳ Saved best model (val_corr=0.317027)
2026-02-16 03:26:14,745 - INFO - Epoch   5/50 | Train: 0.173433 | Val: 0.176769 | Corr: 0.324189 | LR: 1.00e-03
2026-02-16 03:26:14,785 - INFO -   ↳ Saved best model (val_corr=0.324189)
2026-02-16 03:26:20,097 - INFO - Epoch   6/50 | Train: 0.170971 | Val: 0.175731 | Corr: 0.330068 | LR: 1.00e-03
2026-02-16 03:26:20,131 - INFO -   ↳ Saved best model (val_corr=0.330068)
2026-02-16 03:26:25,855 - INFO - Epoch   7/50 | Train: 0.168831 | Val: 0.174726 | Corr: 0.335402 | LR: 1.00e-03
2026-02-16 03:26:25,908 - INFO -   ↳ Saved best model (val_corr=0.335402)
2026-02-16 03:26:31,844 - INFO - Epoch   8/50 | Train: 0.166887 | Val: 0.174257 | Corr: 0.337170 | LR: 1.00e-03
2026-02-16 03:26:31,908 - INFO -   ↳ Saved best model (val_corr=0.337170)
2026-02-16 03:26:37,465 - INFO - Epoch   9/50 | Train: 0.165275 | Val: 0.173803 | Corr: 0.340748 | LR: 1.00e-03
2026-02-16 03:26:37,502 - INFO -   ↳ Saved best model (val_corr=0.340748)
2026-02-16 03:26:43,373 - INFO - Epoch  10/50 | Train: 0.163835 | Val: 0.173771 | Corr: 0.341481 | LR: 1.00e-03
2026-02-16 03:26:43,428 - INFO -   ↳ Saved best model (val_corr=0.341481)
2026-02-16 03:26:48,892 - INFO - Epoch  11/50 | Train: 0.162424 | Val: 0.173815 | Corr: 0.342979 | LR: 1.00e-03
2026-02-16 03:26:48,918 - INFO -   ↳ Saved best model (val_corr=0.342979)
2026-02-16 03:26:54,746 - INFO - Epoch  12/50 | Train: 0.161198 | Val: 0.173679 | Corr: 0.342981 | LR: 1.00e-03
2026-02-16 03:26:54,767 - INFO -   ↳ Saved best model (val_corr=0.342981)
2026-02-16 03:27:00,127 - INFO - Epoch  13/50 | Train: 0.160155 | Val: 0.174082 | Corr: 0.343337 | LR: 1.00e-03
2026-02-16 03:27:00,145 - INFO -   ↳ Saved best model (val_corr=0.343337)
2026-02-16 03:27:05,650 - INFO - Epoch  14/50 | Train: 0.159175 | Val: 0.174412 | Corr: 0.342997 | LR: 1.00e-03
2026-02-16 03:27:11,694 - INFO - Epoch  15/50 | Train: 0.158162 | Val: 0.174513 | Corr: 0.341923 | LR: 1.00e-03
2026-02-16 03:27:17,514 - INFO - Epoch  16/50 | Train: 0.157317 | Val: 0.174784 | Corr: 0.343135 | LR: 1.00e-03
2026-02-16 03:27:23,045 - INFO - Epoch  17/50 | Train: 0.156337 | Val: 0.174776 | Corr: 0.341517 | LR: 1.00e-03
2026-02-16 03:27:28,845 - INFO - Epoch  18/50 | Train: 0.155653 | Val: 0.176132 | Corr: 0.340921 | LR: 5.00e-04
2026-02-16 03:27:34,417 - INFO - Epoch  19/50 | Train: 0.153018 | Val: 0.175433 | Corr: 0.342234 | LR: 5.00e-04
2026-02-16 03:27:39,888 - INFO - Epoch  20/50 | Train: 0.152160 | Val: 0.175601 | Corr: 0.340734 | LR: 5.00e-04
2026-02-16 03:27:45,300 - INFO - Epoch  21/50 | Train: 0.151626 | Val: 0.175904 | Corr: 0.339715 | LR: 5.00e-04
2026-02-16 03:27:50,930 - INFO - Epoch  22/50 | Train: 0.151241 | Val: 0.176697 | Corr: 0.339789 | LR: 5.00e-04
2026-02-16 03:27:56,723 - INFO - Epoch  23/50 | Train: 0.150734 | Val: 0.177048 | Corr: 0.338345 | LR: 5.00e-04
2026-02-16 03:27:56,723 - INFO - Early stopping at epoch 23
2026-02-16 03:27:56,723 - INFO - Training complete — best val corr: 0.343337
2026-02-16 03:27:57,641 - INFO - Test loss: 0.165344, Test corr: 0.336640
2026-02-16 03:27:57,936 - INFO - Generating figures …
2026-02-16 03:27:58,145 - INFO - Correlation between predicted and actual per-neuron averages: r=0.9887, p=5.68e-52
2026-02-16 03:27:58,842 - INFO - Pattern selectivity summary:
2026-02-16 03:27:58,842 - INFO -   Mean correlation across neurons: 0.6571
2026-02-16 03:27:58,842 - INFO -   Median correlation: 0.6661
2026-02-16 03:27:58,842 - INFO -   Neurons with r > 0.5: 53 / 63
2026-02-16 03:27:58,842 - INFO -   Neurons with r > 0.3: 62 / 63
2026-02-16 03:27:58,842 - INFO - Pattern selectivity — mean neuron corr: 0.6571
2026-02-16 03:27:59,305 - INFO - LOO baseline — Model mean r: 0.5728, LOO mean r: 0.4728, Neurons model > LOO: 43/63
2026-02-16 03:27:59,306 - INFO - Skipping oracle trial plots (skip_oracle_plots=True)
2026-02-16 03:27:59,306 - INFO - Experiment complete. Summary: {
  "run_dir": "results/base_cnn_kernel_sweep_2026-02-15_19-39-07/trial_0161_learning_rate=1.0e-03",
  "model_type": "cnn",
  "test_loss": 0.16534407532215117,
  "test_corr": 0.3366404178499497,
  "best_val_corr": 0.3433366208996461,
  "total_params": 889151,
  "trainable_params": 889151,
  "epochs_trained": 23,
  "mean_pattern_corr": 0.6570980570632873,
  "loo_mean_corr": 0.47275709111471625,
  "model_sample_mean_corr": 0.5727663603341873,
  "neurons_model_beats_loo": 43
}
2026-02-16 03:27:59,310 - INFO - 
======================================================================
2026-02-16 03:27:59,310 - INFO - [163/216] trial_0162_learning_rate=1.0e-03
2026-02-16 03:27:59,310 - INFO -   Overrides: {"kernel_sizes": [30], "learning_rate": 0.001, "weight_decay": 0.0001, "conv_channels": [64]}
2026-02-16 03:27:59,310 - INFO -   Output: results/base_cnn_kernel_sweep_2026-02-15_19-39-07/trial_0162_learning_rate=1.0e-03
