2026-03-04 01:24:41,117 - INFO - ============================================================
2026-03-04 01:24:41,117 - INFO - Experiment run directory: /scratch/sb272/patterns5k_results/slurm_hist_cnn_2026-03-03_15-13-01/trial_0260_learning_rate=1.0e-03_history=5_kernel_sizes=5_conv_channels=256_fc_dims=256_seed0
2026-03-04 01:24:41,117 - INFO - ============================================================
2026-03-04 01:24:41,117 - INFO - Loading data …
2026-03-04 01:24:42,064 - INFO - 63 unique neurons after dropping problematic neurons
2026-03-04 01:24:43,434 - INFO - Stimulation channels: 42, Spiking neurons: 63
2026-03-04 01:27:06,294 - INFO - Unique patterns: 4050, Total trials: 5000
2026-03-04 01:27:06,296 - INFO - Stimulation channels: 42, Spiking neurons: 63
2026-03-04 01:27:06,296 - INFO - Unique patterns: 4050, Total trials: 5000
2026-03-04 01:27:06,316 - INFO - Split (oracle): train=3400, val=600, test=1000
2026-03-04 01:27:36,646 - INFO - BinnedStimSpikeDataset initialized:
2026-03-04 01:27:36,648 - INFO -   input_bin_size_ms=10, output_bin_size_ms=10
2026-03-04 01:27:36,648 - INFO -   n_input_bins=60, n_output_bins=60
2026-03-04 01:27:36,648 - INFO -   output_offset=0, total_bins_input=60, total_bins_output=60
2026-03-04 01:27:36,648 - INFO -   Valid start positions per trial: 0 to 0
2026-03-04 01:27:36,648 - INFO -   Total samples: 3400 (3400 trials × 1 positions)
2026-03-04 01:28:06,157 - INFO - BinnedStimSpikeDataset initialized:
2026-03-04 01:28:06,159 - INFO -   input_bin_size_ms=10, output_bin_size_ms=10
2026-03-04 01:28:06,159 - INFO -   n_input_bins=60, n_output_bins=60
2026-03-04 01:28:06,159 - INFO -   output_offset=0, total_bins_input=60, total_bins_output=60
2026-03-04 01:28:06,159 - INFO -   Valid start positions per trial: 0 to 0
2026-03-04 01:28:06,159 - INFO -   Total samples: 600 (600 trials × 1 positions)
2026-03-04 01:28:35,787 - INFO - BinnedStimSpikeDataset initialized:
2026-03-04 01:28:35,787 - INFO -   input_bin_size_ms=10, output_bin_size_ms=10
2026-03-04 01:28:35,787 - INFO -   n_input_bins=60, n_output_bins=60
2026-03-04 01:28:35,787 - INFO -   output_offset=0, total_bins_input=60, total_bins_output=60
2026-03-04 01:28:35,787 - INFO -   Valid start positions per trial: 0 to 0
2026-03-04 01:28:35,787 - INFO -   Total samples: 1000 (1000 trials × 1 positions)
2026-03-04 01:28:35,788 - INFO - Samples — train: 3400, val: 600, test: 1000
2026-03-04 01:28:35,788 - INFO - Input channels: 105, Neurons: 63
2026-03-04 01:28:35,800 - INFO - Using CPU
2026-03-04 01:28:35,817 - INFO - Model: CNN — 217,151 trainable params (217,151 total)
2026-03-04 01:28:44,230 - INFO - Starting training …
2026-03-04 01:28:51,097 - INFO - Epoch   1/50 | Train: 0.220621 | Val: 0.188643 | Corr: 0.054128 | LR: 1.00e-03
2026-03-04 01:28:51,120 - INFO -   ↳ Saved best model (val_corr=0.054128)
2026-03-04 01:28:56,704 - INFO - Epoch   2/50 | Train: 0.185607 | Val: 0.186214 | Corr: 0.072024 | LR: 1.00e-03
2026-03-04 01:28:56,725 - INFO -   ↳ Saved best model (val_corr=0.072024)
2026-03-04 01:29:02,235 - INFO - Epoch   3/50 | Train: 0.182783 | Val: 0.185351 | Corr: 0.085257 | LR: 1.00e-03
2026-03-04 01:29:02,254 - INFO -   ↳ Saved best model (val_corr=0.085257)
2026-03-04 01:29:07,823 - INFO - Epoch   4/50 | Train: 0.180652 | Val: 0.183065 | Corr: 0.098666 | LR: 1.00e-03
2026-03-04 01:29:07,844 - INFO -   ↳ Saved best model (val_corr=0.098666)
2026-03-04 01:29:13,370 - INFO - Epoch   5/50 | Train: 0.179021 | Val: 0.182241 | Corr: 0.109107 | LR: 1.00e-03
2026-03-04 01:29:13,386 - INFO -   ↳ Saved best model (val_corr=0.109107)
2026-03-04 01:29:18,943 - INFO - Epoch   6/50 | Train: 0.177802 | Val: 0.180914 | Corr: 0.116558 | LR: 1.00e-03
2026-03-04 01:29:18,959 - INFO -   ↳ Saved best model (val_corr=0.116558)
2026-03-04 01:29:24,507 - INFO - Epoch   7/50 | Train: 0.176762 | Val: 0.180245 | Corr: 0.122004 | LR: 1.00e-03
2026-03-04 01:29:24,531 - INFO -   ↳ Saved best model (val_corr=0.122004)
2026-03-04 01:29:30,036 - INFO - Epoch   8/50 | Train: 0.176026 | Val: 0.180528 | Corr: 0.126057 | LR: 1.00e-03
2026-03-04 01:29:30,055 - INFO -   ↳ Saved best model (val_corr=0.126057)
2026-03-04 01:29:35,325 - INFO - Epoch   9/50 | Train: 0.175369 | Val: 0.179550 | Corr: 0.130455 | LR: 1.00e-03
2026-03-04 01:29:35,360 - INFO -   ↳ Saved best model (val_corr=0.130455)
2026-03-04 01:29:40,638 - INFO - Epoch  10/50 | Train: 0.174642 | Val: 0.179118 | Corr: 0.132737 | LR: 1.00e-03
2026-03-04 01:29:40,673 - INFO -   ↳ Saved best model (val_corr=0.132737)
2026-03-04 01:29:46,106 - INFO - Epoch  11/50 | Train: 0.174186 | Val: 0.179029 | Corr: 0.135492 | LR: 1.00e-03
2026-03-04 01:29:46,124 - INFO -   ↳ Saved best model (val_corr=0.135492)
2026-03-04 01:29:51,670 - INFO - Epoch  12/50 | Train: 0.173672 | Val: 0.179570 | Corr: 0.135850 | LR: 1.00e-03
2026-03-04 01:29:51,690 - INFO -   ↳ Saved best model (val_corr=0.135850)
2026-03-04 01:29:57,217 - INFO - Epoch  13/50 | Train: 0.173223 | Val: 0.178362 | Corr: 0.138662 | LR: 1.00e-03
2026-03-04 01:29:57,235 - INFO -   ↳ Saved best model (val_corr=0.138662)
2026-03-04 01:30:02,780 - INFO - Epoch  14/50 | Train: 0.172801 | Val: 0.178527 | Corr: 0.139812 | LR: 1.00e-03
2026-03-04 01:30:02,797 - INFO -   ↳ Saved best model (val_corr=0.139812)
2026-03-04 01:30:08,332 - INFO - Epoch  15/50 | Train: 0.172351 | Val: 0.178444 | Corr: 0.141515 | LR: 1.00e-03
2026-03-04 01:30:08,347 - INFO -   ↳ Saved best model (val_corr=0.141515)
2026-03-04 01:30:13,956 - INFO - Epoch  16/50 | Train: 0.171994 | Val: 0.178523 | Corr: 0.141032 | LR: 1.00e-03
2026-03-04 01:30:19,585 - INFO - Epoch  17/50 | Train: 0.171783 | Val: 0.178579 | Corr: 0.142193 | LR: 1.00e-03
2026-03-04 01:30:19,603 - INFO -   ↳ Saved best model (val_corr=0.142193)
2026-03-04 01:30:25,138 - INFO - Epoch  18/50 | Train: 0.171281 | Val: 0.178286 | Corr: 0.142754 | LR: 1.00e-03
2026-03-04 01:30:25,159 - INFO -   ↳ Saved best model (val_corr=0.142754)
2026-03-04 01:30:30,711 - INFO - Epoch  19/50 | Train: 0.170937 | Val: 0.178345 | Corr: 0.144077 | LR: 1.00e-03
2026-03-04 01:30:30,725 - INFO -   ↳ Saved best model (val_corr=0.144077)
2026-03-04 01:30:36,303 - INFO - Epoch  20/50 | Train: 0.170636 | Val: 0.178261 | Corr: 0.144044 | LR: 1.00e-03
2026-03-04 01:30:41,953 - INFO - Epoch  21/50 | Train: 0.170350 | Val: 0.178700 | Corr: 0.145322 | LR: 1.00e-03
2026-03-04 01:30:41,968 - INFO -   ↳ Saved best model (val_corr=0.145322)
2026-03-04 01:30:47,549 - INFO - Epoch  22/50 | Train: 0.170147 | Val: 0.178475 | Corr: 0.143786 | LR: 1.00e-03
2026-03-04 01:30:53,047 - INFO - Epoch  23/50 | Train: 0.169594 | Val: 0.178352 | Corr: 0.145364 | LR: 1.00e-03
2026-03-04 01:30:53,076 - INFO -   ↳ Saved best model (val_corr=0.145364)
2026-03-04 01:30:58,589 - INFO - Epoch  24/50 | Train: 0.169487 | Val: 0.178968 | Corr: 0.143922 | LR: 1.00e-03
2026-03-04 01:31:04,183 - INFO - Epoch  25/50 | Train: 0.169175 | Val: 0.178183 | Corr: 0.144829 | LR: 1.00e-03
2026-03-04 01:31:09,758 - INFO - Epoch  26/50 | Train: 0.168910 | Val: 0.178708 | Corr: 0.145076 | LR: 1.00e-03
2026-03-04 01:31:15,269 - INFO - Epoch  27/50 | Train: 0.168690 | Val: 0.178774 | Corr: 0.145193 | LR: 1.00e-03
2026-03-04 01:31:20,844 - INFO - Epoch  28/50 | Train: 0.168362 | Val: 0.178605 | Corr: 0.143354 | LR: 1.00e-03
2026-03-04 01:31:26,342 - INFO - Epoch  29/50 | Train: 0.168214 | Val: 0.179499 | Corr: 0.144856 | LR: 1.00e-03
2026-03-04 01:31:31,859 - INFO - Epoch  30/50 | Train: 0.167913 | Val: 0.178967 | Corr: 0.143790 | LR: 1.00e-03
2026-03-04 01:31:37,436 - INFO - Epoch  31/50 | Train: 0.167767 | Val: 0.178814 | Corr: 0.143118 | LR: 5.00e-04
2026-03-04 01:31:42,982 - INFO - Epoch  32/50 | Train: 0.166545 | Val: 0.178818 | Corr: 0.144857 | LR: 5.00e-04
2026-03-04 01:31:48,492 - INFO - Epoch  33/50 | Train: 0.166396 | Val: 0.179024 | Corr: 0.143295 | LR: 5.00e-04
2026-03-04 01:31:48,492 - INFO - Early stopping at epoch 33
2026-03-04 01:31:48,492 - INFO - Training complete — best val corr: 0.145364
2026-03-04 01:31:50,095 - INFO - Test loss: 0.167653, Test corr: 0.139818
2026-03-04 01:31:50,555 - INFO - Fraction of variance explained (FVE): 0.021606
2026-03-04 01:31:50,555 - INFO - Computing autoregressive (AR) test predictions …
2026-03-04 01:31:51,226 - INFO - AR FVE: 0.019118, AR test corr: 0.130227
2026-03-04 01:31:51,226 - INFO - Generating figures …
2026-03-04 01:31:51,860 - INFO - Correlation between predicted and actual per-neuron averages: r=0.9886, p=0.00e+00
2026-03-04 01:31:54,134 - INFO - Pattern selectivity summary:
2026-03-04 01:31:54,135 - INFO -   Mean correlation across neurons: 0.5698
2026-03-04 01:31:54,135 - INFO -   Median correlation: 0.5889
2026-03-04 01:31:54,135 - INFO -   Neurons with r > 0.5: 40 / 63
2026-03-04 01:31:54,135 - INFO -   Neurons with r > 0.3: 59 / 63
2026-03-04 01:31:54,135 - INFO - Pattern selectivity — mean neuron corr: 0.5698
2026-03-04 01:31:55,842 - INFO - LOO (avg rate) — Model mean r: 0.4225, LOO mean r: 0.4546, Neurons model > LOO: 16/63
2026-03-04 01:31:58,151 - INFO - LOO (temporal) — Model mean r: 0.1465, LOO mean r: 0.3186, Neurons model > LOO: 2/63
2026-03-04 01:31:58,151 - INFO - Skipping oracle trial plots (skip_oracle_plots=True)
2026-03-04 01:31:58,164 - INFO - Experiment complete. Summary: {
  "run_dir": "/scratch/sb272/patterns5k_results/slurm_hist_cnn_2026-03-03_15-13-01/trial_0260_learning_rate=1.0e-03_history=5_kernel_sizes=5_conv_channels=256_fc_dims=256_seed0",
  "model_type": "cnn",
  "batch_avg_test_loss": 0.16765317249298095,
  "batch_avg_test_corr": 0.1398175149465571,
  "all_test_fve": 0.0216063658396403,
  "AR_FVE": 0.01911805546472943,
  "AR_test_correlation": 0.13022686541080475,
  "best_val_corr": 0.14536411353625367,
  "total_params": 217151,
  "trainable_params": 217151,
  "epochs_trained": 33,
  "mean_pattern_corr": 0.5698068031874195,
  "history": 5,
  "init_state": true,
  "loo_avg_mean_corr": 0.45456832695830385,
  "model_avg_mean_corr": 0.42253656343344626,
  "neurons_model_beats_loo_avg": 16,
  "loo_temporal_mean_corr": 0.31855225563049316,
  "all_test_corr": 0.14651623368263245,
  "neurons_model_beats_loo_temporal": 2,
  "kernel_sizes": [
    5
  ],
  "conv_channels": [
    256
  ],
  "fc_dims": [
    256
  ]
}
