2026-02-20 10:23:52,387 - INFO - ============================================================
2026-02-20 10:23:52,388 - INFO - Experiment run directory: results/base_cnn_sweep2_2026-02-20_09-30-06/trial_0023_learning_rate=1.0e-04
2026-02-20 10:23:52,388 - INFO - ============================================================
2026-02-20 10:23:52,388 - INFO - Using preloaded raw data (skipping I/O)
2026-02-20 10:23:52,388 - INFO - Stimulation channels: 42, Spiking neurons: 63
2026-02-20 10:23:52,388 - INFO - Unique patterns: 4050, Total trials: 5000
2026-02-20 10:23:52,407 - INFO - Split (oracle): train=3400, val=600, test=1000
2026-02-20 10:24:11,903 - INFO - BinnedStimSpikeDataset initialized:
2026-02-20 10:24:11,904 - INFO -   input_bin_size_ms=10, output_bin_size_ms=10
2026-02-20 10:24:11,904 - INFO -   n_input_bins=60, n_output_bins=60
2026-02-20 10:24:11,904 - INFO -   output_offset=0, total_bins_input=60, total_bins_output=60
2026-02-20 10:24:11,904 - INFO -   Valid start positions per trial: 0 to 0
2026-02-20 10:24:11,904 - INFO -   Total samples: 3400 (3400 trials × 1 positions)
2026-02-20 10:24:29,412 - INFO - BinnedStimSpikeDataset initialized:
2026-02-20 10:24:29,412 - INFO -   input_bin_size_ms=10, output_bin_size_ms=10
2026-02-20 10:24:29,412 - INFO -   n_input_bins=60, n_output_bins=60
2026-02-20 10:24:29,412 - INFO -   output_offset=0, total_bins_input=60, total_bins_output=60
2026-02-20 10:24:29,412 - INFO -   Valid start positions per trial: 0 to 0
2026-02-20 10:24:29,412 - INFO -   Total samples: 600 (600 trials × 1 positions)
2026-02-20 10:24:44,743 - INFO - BinnedStimSpikeDataset initialized:
2026-02-20 10:24:44,744 - INFO -   input_bin_size_ms=10, output_bin_size_ms=10
2026-02-20 10:24:44,744 - INFO -   n_input_bins=60, n_output_bins=60
2026-02-20 10:24:44,744 - INFO -   output_offset=0, total_bins_input=60, total_bins_output=60
2026-02-20 10:24:44,744 - INFO -   Valid start positions per trial: 0 to 0
2026-02-20 10:24:44,744 - INFO -   Total samples: 1000 (1000 trials × 1 positions)
2026-02-20 10:24:44,744 - INFO - Samples — train: 3400, val: 600, test: 1000
2026-02-20 10:24:44,744 - INFO - Input channels: 42, Neurons: 63
2026-02-20 10:24:44,745 - INFO - Using Apple Silicon MPS acceleration
2026-02-20 10:24:44,753 - INFO - Model: CNN — 115,007 trainable params (115,007 total)
2026-02-20 10:24:44,758 - INFO - Starting training …
2026-02-20 10:24:46,793 - INFO - Epoch   1/50 | Train: 0.481823 | Val: 0.247228 | Corr: -0.087297 | LR: 1.00e-04
2026-02-20 10:24:46,803 - INFO -   ↳ Saved best model (val_corr=-0.087297)
2026-02-20 10:24:48,892 - INFO - Epoch   2/50 | Train: 0.231811 | Val: 0.221224 | Corr: 0.000228 | LR: 1.00e-04
2026-02-20 10:24:48,968 - INFO -   ↳ Saved best model (val_corr=0.000228)
2026-02-20 10:24:50,959 - INFO - Epoch   3/50 | Train: 0.219566 | Val: 0.213154 | Corr: 0.027150 | LR: 1.00e-04
2026-02-20 10:24:50,971 - INFO -   ↳ Saved best model (val_corr=0.027150)
2026-02-20 10:24:52,979 - INFO - Epoch   4/50 | Train: 0.212829 | Val: 0.207396 | Corr: 0.044565 | LR: 1.00e-04
2026-02-20 10:24:52,996 - INFO -   ↳ Saved best model (val_corr=0.044565)
2026-02-20 10:24:54,918 - INFO - Epoch   5/50 | Train: 0.207874 | Val: 0.203165 | Corr: 0.061592 | LR: 1.00e-04
2026-02-20 10:24:54,932 - INFO -   ↳ Saved best model (val_corr=0.061592)
2026-02-20 10:24:56,840 - INFO - Epoch   6/50 | Train: 0.204748 | Val: 0.200667 | Corr: 0.073284 | LR: 1.00e-04
2026-02-20 10:24:56,849 - INFO -   ↳ Saved best model (val_corr=0.073284)
2026-02-20 10:24:58,924 - INFO - Epoch   7/50 | Train: 0.202669 | Val: 0.198861 | Corr: 0.083550 | LR: 1.00e-04
2026-02-20 10:24:58,929 - INFO -   ↳ Saved best model (val_corr=0.083550)
2026-02-20 10:25:00,869 - INFO - Epoch   8/50 | Train: 0.201080 | Val: 0.197706 | Corr: 0.091592 | LR: 1.00e-04
2026-02-20 10:25:00,880 - INFO -   ↳ Saved best model (val_corr=0.091592)
2026-02-20 10:25:02,888 - INFO - Epoch   9/50 | Train: 0.199810 | Val: 0.196732 | Corr: 0.099451 | LR: 1.00e-04
2026-02-20 10:25:02,902 - INFO -   ↳ Saved best model (val_corr=0.099451)
2026-02-20 10:25:04,830 - INFO - Epoch  10/50 | Train: 0.198688 | Val: 0.195647 | Corr: 0.106265 | LR: 1.00e-04
2026-02-20 10:25:04,843 - INFO -   ↳ Saved best model (val_corr=0.106265)
2026-02-20 10:25:06,838 - INFO - Epoch  11/50 | Train: 0.197752 | Val: 0.194862 | Corr: 0.112659 | LR: 1.00e-04
2026-02-20 10:25:06,846 - INFO -   ↳ Saved best model (val_corr=0.112659)
2026-02-20 10:25:08,776 - INFO - Epoch  12/50 | Train: 0.196777 | Val: 0.194131 | Corr: 0.118201 | LR: 1.00e-04
2026-02-20 10:25:08,785 - INFO -   ↳ Saved best model (val_corr=0.118201)
2026-02-20 10:25:10,868 - INFO - Epoch  13/50 | Train: 0.195954 | Val: 0.193459 | Corr: 0.123579 | LR: 1.00e-04
2026-02-20 10:25:10,873 - INFO -   ↳ Saved best model (val_corr=0.123579)
2026-02-20 10:25:12,802 - INFO - Epoch  14/50 | Train: 0.195239 | Val: 0.192905 | Corr: 0.128554 | LR: 1.00e-04
2026-02-20 10:25:12,807 - INFO -   ↳ Saved best model (val_corr=0.128554)
2026-02-20 10:25:14,773 - INFO - Epoch  15/50 | Train: 0.194522 | Val: 0.192321 | Corr: 0.132971 | LR: 1.00e-04
2026-02-20 10:25:14,779 - INFO -   ↳ Saved best model (val_corr=0.132971)
2026-02-20 10:25:16,690 - INFO - Epoch  16/50 | Train: 0.193905 | Val: 0.191753 | Corr: 0.137178 | LR: 1.00e-04
2026-02-20 10:25:16,695 - INFO -   ↳ Saved best model (val_corr=0.137178)
2026-02-20 10:25:18,689 - INFO - Epoch  17/50 | Train: 0.193308 | Val: 0.191297 | Corr: 0.141018 | LR: 1.00e-04
2026-02-20 10:25:18,695 - INFO -   ↳ Saved best model (val_corr=0.141018)
2026-02-20 10:25:20,626 - INFO - Epoch  18/50 | Train: 0.192797 | Val: 0.190822 | Corr: 0.144803 | LR: 1.00e-04
2026-02-20 10:25:20,632 - INFO -   ↳ Saved best model (val_corr=0.144803)
2026-02-20 10:25:22,544 - INFO - Epoch  19/50 | Train: 0.192351 | Val: 0.190369 | Corr: 0.148060 | LR: 1.00e-04
2026-02-20 10:25:22,549 - INFO -   ↳ Saved best model (val_corr=0.148060)
2026-02-20 10:25:24,537 - INFO - Epoch  20/50 | Train: 0.191764 | Val: 0.189862 | Corr: 0.151844 | LR: 1.00e-04
2026-02-20 10:25:24,541 - INFO -   ↳ Saved best model (val_corr=0.151844)
2026-02-20 10:25:26,460 - INFO - Epoch  21/50 | Train: 0.191291 | Val: 0.189456 | Corr: 0.155314 | LR: 1.00e-04
2026-02-20 10:25:26,465 - INFO -   ↳ Saved best model (val_corr=0.155314)
2026-02-20 10:25:28,443 - INFO - Epoch  22/50 | Train: 0.190883 | Val: 0.189150 | Corr: 0.156873 | LR: 1.00e-04
2026-02-20 10:25:28,448 - INFO -   ↳ Saved best model (val_corr=0.156873)
2026-02-20 10:25:30,367 - INFO - Epoch  23/50 | Train: 0.190487 | Val: 0.188882 | Corr: 0.160337 | LR: 1.00e-04
2026-02-20 10:25:30,373 - INFO -   ↳ Saved best model (val_corr=0.160337)
2026-02-20 10:25:32,353 - INFO - Epoch  24/50 | Train: 0.190099 | Val: 0.188353 | Corr: 0.162342 | LR: 1.00e-04
2026-02-20 10:25:32,359 - INFO -   ↳ Saved best model (val_corr=0.162342)
2026-02-20 10:25:34,348 - INFO - Epoch  25/50 | Train: 0.189714 | Val: 0.188169 | Corr: 0.163908 | LR: 1.00e-04
2026-02-20 10:25:34,354 - INFO -   ↳ Saved best model (val_corr=0.163908)
2026-02-20 10:25:36,370 - INFO - Epoch  26/50 | Train: 0.189433 | Val: 0.187917 | Corr: 0.165487 | LR: 1.00e-04
2026-02-20 10:25:36,376 - INFO -   ↳ Saved best model (val_corr=0.165487)
2026-02-20 10:25:38,291 - INFO - Epoch  27/50 | Train: 0.189233 | Val: 0.187629 | Corr: 0.167732 | LR: 1.00e-04
2026-02-20 10:25:38,297 - INFO -   ↳ Saved best model (val_corr=0.167732)
2026-02-20 10:25:40,309 - INFO - Epoch  28/50 | Train: 0.188812 | Val: 0.187379 | Corr: 0.169367 | LR: 1.00e-04
2026-02-20 10:25:40,315 - INFO -   ↳ Saved best model (val_corr=0.169367)
2026-02-20 10:25:42,219 - INFO - Epoch  29/50 | Train: 0.188565 | Val: 0.187180 | Corr: 0.170801 | LR: 1.00e-04
2026-02-20 10:25:42,224 - INFO -   ↳ Saved best model (val_corr=0.170801)
2026-02-20 10:25:44,128 - INFO - Epoch  30/50 | Train: 0.188216 | Val: 0.186997 | Corr: 0.172261 | LR: 1.00e-04
2026-02-20 10:25:44,134 - INFO -   ↳ Saved best model (val_corr=0.172261)
2026-02-20 10:25:46,130 - INFO - Epoch  31/50 | Train: 0.188017 | Val: 0.186799 | Corr: 0.173592 | LR: 1.00e-04
2026-02-20 10:25:46,135 - INFO -   ↳ Saved best model (val_corr=0.173592)
2026-02-20 10:25:48,038 - INFO - Epoch  32/50 | Train: 0.187755 | Val: 0.186640 | Corr: 0.175118 | LR: 1.00e-04
2026-02-20 10:25:48,043 - INFO -   ↳ Saved best model (val_corr=0.175118)
2026-02-20 10:25:50,084 - INFO - Epoch  33/50 | Train: 0.187620 | Val: 0.186713 | Corr: 0.176097 | LR: 1.00e-04
2026-02-20 10:25:50,095 - INFO -   ↳ Saved best model (val_corr=0.176097)
2026-02-20 10:25:52,020 - INFO - Epoch  34/50 | Train: 0.187446 | Val: 0.186315 | Corr: 0.177372 | LR: 1.00e-04
2026-02-20 10:25:52,025 - INFO -   ↳ Saved best model (val_corr=0.177372)
2026-02-20 10:25:54,000 - INFO - Epoch  35/50 | Train: 0.187145 | Val: 0.186280 | Corr: 0.178535 | LR: 1.00e-04
2026-02-20 10:25:54,005 - INFO -   ↳ Saved best model (val_corr=0.178535)
2026-02-20 10:25:55,915 - INFO - Epoch  36/50 | Train: 0.187067 | Val: 0.186058 | Corr: 0.178980 | LR: 1.00e-04
2026-02-20 10:25:55,921 - INFO -   ↳ Saved best model (val_corr=0.178980)
2026-02-20 10:25:57,904 - INFO - Epoch  37/50 | Train: 0.186899 | Val: 0.185888 | Corr: 0.179835 | LR: 1.00e-04
2026-02-20 10:25:57,910 - INFO -   ↳ Saved best model (val_corr=0.179835)
2026-02-20 10:25:59,849 - INFO - Epoch  38/50 | Train: 0.186689 | Val: 0.186058 | Corr: 0.180371 | LR: 1.00e-04
2026-02-20 10:25:59,855 - INFO -   ↳ Saved best model (val_corr=0.180371)
2026-02-20 10:26:01,829 - INFO - Epoch  39/50 | Train: 0.186677 | Val: 0.185971 | Corr: 0.181860 | LR: 1.00e-04
2026-02-20 10:26:01,835 - INFO -   ↳ Saved best model (val_corr=0.181860)
2026-02-20 10:26:03,733 - INFO - Epoch  40/50 | Train: 0.186385 | Val: 0.185643 | Corr: 0.182204 | LR: 1.00e-04
2026-02-20 10:26:03,739 - INFO -   ↳ Saved best model (val_corr=0.182204)
2026-02-20 10:26:05,698 - INFO - Epoch  41/50 | Train: 0.186274 | Val: 0.185593 | Corr: 0.182822 | LR: 1.00e-04
2026-02-20 10:26:05,702 - INFO -   ↳ Saved best model (val_corr=0.182822)
2026-02-20 10:26:07,726 - INFO - Epoch  42/50 | Train: 0.186205 | Val: 0.185637 | Corr: 0.183433 | LR: 1.00e-04
2026-02-20 10:26:07,730 - INFO -   ↳ Saved best model (val_corr=0.183433)
2026-02-20 10:26:09,650 - INFO - Epoch  43/50 | Train: 0.185987 | Val: 0.185574 | Corr: 0.184054 | LR: 1.00e-04
2026-02-20 10:26:09,654 - INFO -   ↳ Saved best model (val_corr=0.184054)
2026-02-20 10:26:11,605 - INFO - Epoch  44/50 | Train: 0.185946 | Val: 0.185279 | Corr: 0.184472 | LR: 1.00e-04
2026-02-20 10:26:11,610 - INFO -   ↳ Saved best model (val_corr=0.184472)
2026-02-20 10:26:13,528 - INFO - Epoch  45/50 | Train: 0.185829 | Val: 0.185171 | Corr: 0.185583 | LR: 1.00e-04
2026-02-20 10:26:13,533 - INFO -   ↳ Saved best model (val_corr=0.185583)
2026-02-20 10:26:15,518 - INFO - Epoch  46/50 | Train: 0.185710 | Val: 0.185283 | Corr: 0.185988 | LR: 1.00e-04
2026-02-20 10:26:15,523 - INFO -   ↳ Saved best model (val_corr=0.185988)
2026-02-20 10:26:17,419 - INFO - Epoch  47/50 | Train: 0.185636 | Val: 0.185132 | Corr: 0.186166 | LR: 1.00e-04
2026-02-20 10:26:17,424 - INFO -   ↳ Saved best model (val_corr=0.186166)
2026-02-20 10:26:19,408 - INFO - Epoch  48/50 | Train: 0.185446 | Val: 0.185511 | Corr: 0.187111 | LR: 1.00e-04
2026-02-20 10:26:19,413 - INFO -   ↳ Saved best model (val_corr=0.187111)
2026-02-20 10:26:21,326 - INFO - Epoch  49/50 | Train: 0.185384 | Val: 0.185239 | Corr: 0.187212 | LR: 1.00e-04
2026-02-20 10:26:21,331 - INFO -   ↳ Saved best model (val_corr=0.187212)
2026-02-20 10:26:23,318 - INFO - Epoch  50/50 | Train: 0.185379 | Val: 0.185188 | Corr: 0.187353 | LR: 1.00e-04
2026-02-20 10:26:23,323 - INFO -   ↳ Saved best model (val_corr=0.187353)
2026-02-20 10:26:23,323 - INFO - Training complete — best val corr: 0.187353
2026-02-20 10:26:23,741 - INFO - Test loss: 0.175706, Test corr: 0.195652
2026-02-20 10:26:23,816 - INFO - Generating figures …
2026-02-20 10:26:24,029 - INFO - Correlation between predicted and actual per-neuron averages: r=0.9952, p=1.99e-63
2026-02-20 10:26:24,702 - INFO - Pattern selectivity summary:
2026-02-20 10:26:24,702 - INFO -   Mean correlation across neurons: 0.5545
2026-02-20 10:26:24,702 - INFO -   Median correlation: 0.5969
2026-02-20 10:26:24,702 - INFO -   Neurons with r > 0.5: 39 / 63
2026-02-20 10:26:24,702 - INFO -   Neurons with r > 0.3: 53 / 63
2026-02-20 10:26:24,702 - INFO - Pattern selectivity — mean neuron corr: 0.5545
2026-02-20 10:26:25,028 - INFO - LOO (avg rate) — Model mean r: 0.3256, LOO mean r: 0.4728, Neurons model > LOO: 2/63
2026-02-20 10:26:25,681 - INFO - LOO (temporal) — Model mean r: 0.1970, LOO mean r: 0.3815, Neurons model > LOO: 0/63
2026-02-20 10:26:25,683 - INFO - Skipping oracle trial plots (skip_oracle_plots=True)
2026-02-20 10:26:25,684 - INFO - Experiment complete. Summary: {
  "run_dir": "results/base_cnn_sweep2_2026-02-20_09-30-06/trial_0023_learning_rate=1.0e-04",
  "model_type": "cnn",
  "test_loss": 0.17570571553707123,
  "test_corr": 0.19565225080512974,
  "best_val_corr": 0.18735279405204164,
  "total_params": 115007,
  "trainable_params": 115007,
  "epochs_trained": 50,
  "mean_pattern_corr": 0.5545142322961473,
  "loo_avg_mean_corr": 0.47275709111471625,
  "model_avg_mean_corr": 0.3256246174294856,
  "neurons_model_beats_loo_avg": 2,
  "loo_temporal_mean_corr": 0.3815135061740875,
  "model_temporal_mean_corr": 0.19698341190814972,
  "neurons_model_beats_loo_temporal": 0
}
2026-02-20 10:26:25,686 - INFO - 
======================================================================
2026-02-20 10:26:25,686 - INFO - [25/108] trial_0024_learning_rate=1.0e-04
2026-02-20 10:26:25,686 - INFO -   Overrides: {"kernel_sizes": [3], "learning_rate": 0.0001, "weight_decay": 0.0001, "conv_channels": [64]}
2026-02-20 10:26:25,686 - INFO -   Output: results/base_cnn_sweep2_2026-02-20_09-30-06/trial_0024_learning_rate=1.0e-04
