2026-02-19 20:33:44,913 - INFO - ============================================================
2026-02-19 20:33:44,913 - INFO - Experiment run directory: results/hist_cnn_initstate_v3_2026-02-19_18-40-39/trial_0043_history=2
2026-02-19 20:33:44,913 - INFO - ============================================================
2026-02-19 20:33:44,913 - INFO - Using preloaded raw data (skipping I/O)
2026-02-19 20:33:44,913 - INFO - Stimulation channels: 42, Spiking neurons: 63
2026-02-19 20:33:44,913 - INFO - Unique patterns: 4050, Total trials: 5000
2026-02-19 20:33:44,923 - INFO - Split (oracle): train=3400, val=600, test=1000
2026-02-19 20:33:59,607 - INFO - BinnedStimSpikeDataset initialized:
2026-02-19 20:33:59,607 - INFO -   input_bin_size_ms=10, output_bin_size_ms=10
2026-02-19 20:33:59,607 - INFO -   n_input_bins=60, n_output_bins=60
2026-02-19 20:33:59,607 - INFO -   output_offset=0, total_bins_input=60, total_bins_output=60
2026-02-19 20:33:59,607 - INFO -   Valid start positions per trial: 0 to 0
2026-02-19 20:33:59,607 - INFO -   Total samples: 3400 (3400 trials × 1 positions)
2026-02-19 20:34:13,070 - INFO - BinnedStimSpikeDataset initialized:
2026-02-19 20:34:13,070 - INFO -   input_bin_size_ms=10, output_bin_size_ms=10
2026-02-19 20:34:13,070 - INFO -   n_input_bins=60, n_output_bins=60
2026-02-19 20:34:13,070 - INFO -   output_offset=0, total_bins_input=60, total_bins_output=60
2026-02-19 20:34:13,070 - INFO -   Valid start positions per trial: 0 to 0
2026-02-19 20:34:13,070 - INFO -   Total samples: 600 (600 trials × 1 positions)
2026-02-19 20:34:26,780 - INFO - BinnedStimSpikeDataset initialized:
2026-02-19 20:34:26,781 - INFO -   input_bin_size_ms=10, output_bin_size_ms=10
2026-02-19 20:34:26,781 - INFO -   n_input_bins=60, n_output_bins=60
2026-02-19 20:34:26,781 - INFO -   output_offset=0, total_bins_input=60, total_bins_output=60
2026-02-19 20:34:26,781 - INFO -   Valid start positions per trial: 0 to 0
2026-02-19 20:34:26,781 - INFO -   Total samples: 1000 (1000 trials × 1 positions)
2026-02-19 20:34:26,782 - INFO - Samples — train: 3400, val: 600, test: 1000
2026-02-19 20:34:26,782 - INFO - Input channels: 105, Neurons: 63
2026-02-19 20:34:26,783 - INFO - Using Apple Silicon MPS acceleration
2026-02-19 20:34:26,801 - INFO - Model: CNN — 620,351 trainable params (620,351 total)
2026-02-19 20:34:26,801 - INFO - Starting training …
2026-02-19 20:34:31,827 - INFO - Epoch   1/50 | Train: 0.221467 | Val: 0.187764 | Corr: 0.168229 | LR: 1.00e-03
2026-02-19 20:34:31,852 - INFO -   ↳ Saved best model (val_corr=0.168229)
2026-02-19 20:34:36,354 - INFO - Epoch   2/50 | Train: 0.185953 | Val: 0.182929 | Corr: 0.206071 | LR: 1.00e-03
2026-02-19 20:34:36,376 - INFO -   ↳ Saved best model (val_corr=0.206071)
2026-02-19 20:34:40,785 - INFO - Epoch   3/50 | Train: 0.181013 | Val: 0.180001 | Corr: 0.226734 | LR: 1.00e-03
2026-02-19 20:34:40,805 - INFO -   ↳ Saved best model (val_corr=0.226734)
2026-02-19 20:34:45,150 - INFO - Epoch   4/50 | Train: 0.177876 | Val: 0.178172 | Corr: 0.239248 | LR: 1.00e-03
2026-02-19 20:34:45,173 - INFO -   ↳ Saved best model (val_corr=0.239248)
2026-02-19 20:34:49,557 - INFO - Epoch   5/50 | Train: 0.175464 | Val: 0.176965 | Corr: 0.247911 | LR: 1.00e-03
2026-02-19 20:34:49,581 - INFO -   ↳ Saved best model (val_corr=0.247911)
2026-02-19 20:34:53,836 - INFO - Epoch   6/50 | Train: 0.173245 | Val: 0.175704 | Corr: 0.253600 | LR: 1.00e-03
2026-02-19 20:34:53,862 - INFO -   ↳ Saved best model (val_corr=0.253600)
2026-02-19 20:34:58,146 - INFO - Epoch   7/50 | Train: 0.171306 | Val: 0.174715 | Corr: 0.259165 | LR: 1.00e-03
2026-02-19 20:34:58,175 - INFO -   ↳ Saved best model (val_corr=0.259165)
2026-02-19 20:35:02,656 - INFO - Epoch   8/50 | Train: 0.169747 | Val: 0.174247 | Corr: 0.261843 | LR: 1.00e-03
2026-02-19 20:35:02,680 - INFO -   ↳ Saved best model (val_corr=0.261843)
2026-02-19 20:35:07,035 - INFO - Epoch   9/50 | Train: 0.168437 | Val: 0.173838 | Corr: 0.264605 | LR: 1.00e-03
2026-02-19 20:35:07,052 - INFO -   ↳ Saved best model (val_corr=0.264605)
2026-02-19 20:35:11,275 - INFO - Epoch  10/50 | Train: 0.167219 | Val: 0.173659 | Corr: 0.267007 | LR: 1.00e-03
2026-02-19 20:35:11,289 - INFO -   ↳ Saved best model (val_corr=0.267007)
2026-02-19 20:35:15,371 - INFO - Epoch  11/50 | Train: 0.166046 | Val: 0.173491 | Corr: 0.267713 | LR: 1.00e-03
2026-02-19 20:35:15,383 - INFO -   ↳ Saved best model (val_corr=0.267713)
2026-02-19 20:35:19,605 - INFO - Epoch  12/50 | Train: 0.165049 | Val: 0.173312 | Corr: 0.268644 | LR: 1.00e-03
2026-02-19 20:35:19,620 - INFO -   ↳ Saved best model (val_corr=0.268644)
2026-02-19 20:35:23,787 - INFO - Epoch  13/50 | Train: 0.164079 | Val: 0.173303 | Corr: 0.268900 | LR: 1.00e-03
2026-02-19 20:35:23,803 - INFO -   ↳ Saved best model (val_corr=0.268900)
2026-02-19 20:35:28,151 - INFO - Epoch  14/50 | Train: 0.163282 | Val: 0.173533 | Corr: 0.268368 | LR: 1.00e-03
2026-02-19 20:35:32,585 - INFO - Epoch  15/50 | Train: 0.162473 | Val: 0.173568 | Corr: 0.268640 | LR: 1.00e-03
2026-02-19 20:35:36,849 - INFO - Epoch  16/50 | Train: 0.161717 | Val: 0.173487 | Corr: 0.269732 | LR: 1.00e-03
2026-02-19 20:35:36,877 - INFO -   ↳ Saved best model (val_corr=0.269732)
2026-02-19 20:35:41,315 - INFO - Epoch  17/50 | Train: 0.161132 | Val: 0.174127 | Corr: 0.268754 | LR: 1.00e-03
2026-02-19 20:35:45,622 - INFO - Epoch  18/50 | Train: 0.160493 | Val: 0.173873 | Corr: 0.269125 | LR: 5.00e-04
2026-02-19 20:35:49,824 - INFO - Epoch  19/50 | Train: 0.158333 | Val: 0.173633 | Corr: 0.270347 | LR: 5.00e-04
2026-02-19 20:35:49,842 - INFO -   ↳ Saved best model (val_corr=0.270347)
2026-02-19 20:35:54,134 - INFO - Epoch  20/50 | Train: 0.157593 | Val: 0.173985 | Corr: 0.269278 | LR: 5.00e-04
2026-02-19 20:35:58,409 - INFO - Epoch  21/50 | Train: 0.157175 | Val: 0.174271 | Corr: 0.268590 | LR: 5.00e-04
2026-02-19 20:36:02,730 - INFO - Epoch  22/50 | Train: 0.156785 | Val: 0.174642 | Corr: 0.268118 | LR: 5.00e-04
2026-02-19 20:36:07,068 - INFO - Epoch  23/50 | Train: 0.156488 | Val: 0.174907 | Corr: 0.267467 | LR: 5.00e-04
2026-02-19 20:36:11,294 - INFO - Epoch  24/50 | Train: 0.156223 | Val: 0.174896 | Corr: 0.267538 | LR: 2.50e-04
2026-02-19 20:36:15,514 - INFO - Epoch  25/50 | Train: 0.155045 | Val: 0.175249 | Corr: 0.267038 | LR: 2.50e-04
2026-02-19 20:36:19,780 - INFO - Epoch  26/50 | Train: 0.154718 | Val: 0.175280 | Corr: 0.266871 | LR: 2.50e-04
2026-02-19 20:36:23,980 - INFO - Epoch  27/50 | Train: 0.154489 | Val: 0.175398 | Corr: 0.266549 | LR: 2.50e-04
2026-02-19 20:36:28,241 - INFO - Epoch  28/50 | Train: 0.154301 | Val: 0.175529 | Corr: 0.266445 | LR: 2.50e-04
2026-02-19 20:36:32,624 - INFO - Epoch  29/50 | Train: 0.154138 | Val: 0.175828 | Corr: 0.265655 | LR: 2.50e-04
2026-02-19 20:36:32,625 - INFO - Early stopping at epoch 29
2026-02-19 20:36:32,625 - INFO - Training complete — best val corr: 0.270347
2026-02-19 20:36:33,145 - INFO - Test loss: 0.164809, Test corr: 0.263043
2026-02-19 20:36:33,331 - INFO - Generating figures …
2026-02-19 20:36:33,538 - INFO - Correlation between predicted and actual per-neuron averages: r=0.9910, p=4.96e-55
2026-02-19 20:36:34,309 - INFO - Pattern selectivity summary:
2026-02-19 20:36:34,309 - INFO -   Mean correlation across neurons: 0.7104
2026-02-19 20:36:34,309 - INFO -   Median correlation: 0.7287
2026-02-19 20:36:34,309 - INFO -   Neurons with r > 0.5: 58 / 63
2026-02-19 20:36:34,309 - INFO -   Neurons with r > 0.3: 63 / 63
2026-02-19 20:36:34,309 - INFO - Pattern selectivity — mean neuron corr: 0.7104
2026-02-19 20:36:34,747 - INFO - LOO (avg rate) — Model mean r: 0.5975, LOO mean r: 0.4728, Neurons model > LOO: 49/63
2026-02-19 20:36:35,485 - INFO - LOO (temporal) — Model mean r: 0.2740, LOO mean r: 0.3815, Neurons model > LOO: 4/63
2026-02-19 20:36:35,485 - INFO - Skipping oracle trial plots (skip_oracle_plots=True)
2026-02-19 20:36:35,485 - INFO - Experiment complete. Summary: {
  "run_dir": "results/hist_cnn_initstate_v3_2026-02-19_18-40-39/trial_0043_history=2",
  "model_type": "cnn",
  "test_loss": 0.1648085182905197,
  "test_corr": 0.2630428330553656,
  "best_val_corr": 0.27034699787043015,
  "total_params": 620351,
  "trainable_params": 620351,
  "epochs_trained": 29,
  "mean_pattern_corr": 0.7104274726651842,
  "loo_avg_mean_corr": 0.47275709111471625,
  "model_avg_mean_corr": 0.597461713266466,
  "neurons_model_beats_loo_avg": 49,
  "loo_temporal_mean_corr": 0.3815135061740875,
  "model_temporal_mean_corr": 0.2740240693092346,
  "neurons_model_beats_loo_temporal": 4
}
2026-02-19 20:36:35,502 - INFO - 
======================================================================
2026-02-19 20:36:35,502 - INFO - [45/56] trial_0044_history=3
2026-02-19 20:36:35,502 - INFO -   Overrides: {"kernel_sizes": [20], "weight_decay": 0, "conv_channels": [256], "history": 3}
2026-02-19 20:36:35,502 - INFO -   Output: results/hist_cnn_initstate_v3_2026-02-19_18-40-39/trial_0044_history=3
