2026-03-04 20:54:38,850 - INFO - ============================================================
2026-03-04 20:54:38,850 - INFO - Experiment run directory: /scratch/sb272/patterns5k_results/slurm_base_cnn_2026-03-04_16-53-19/trial_0069_learning_rate=5.0e-04_kernel_sizes=5x3x3_conv_channels=64x128x256_fc_dims=512_seed1
2026-03-04 20:54:38,850 - INFO - ============================================================
2026-03-04 20:54:38,850 - INFO - Loading data …
2026-03-04 20:54:40,427 - INFO - 63 unique neurons after dropping problematic neurons
2026-03-04 20:54:41,329 - INFO - Stimulation channels: 42, Spiking neurons: 63
2026-03-04 20:55:48,941 - INFO - Unique patterns: 4050, Total trials: 5000
2026-03-04 20:55:48,942 - INFO - Stimulation channels: 42, Spiking neurons: 63
2026-03-04 20:55:48,942 - INFO - Unique patterns: 4050, Total trials: 5000
2026-03-04 20:55:48,953 - INFO - Split (oracle): train=3400, val=600, test=1000
2026-03-04 20:56:03,153 - INFO - BinnedStimSpikeDataset initialized:
2026-03-04 20:56:03,154 - INFO -   input_bin_size_ms=10, output_bin_size_ms=10
2026-03-04 20:56:03,154 - INFO -   n_input_bins=60, n_output_bins=60
2026-03-04 20:56:03,154 - INFO -   output_offset=0, total_bins_input=60, total_bins_output=60
2026-03-04 20:56:03,154 - INFO -   Valid start positions per trial: 0 to 0
2026-03-04 20:56:03,154 - INFO -   Total samples: 3400 (3400 trials × 1 positions)
2026-03-04 20:56:16,897 - INFO - BinnedStimSpikeDataset initialized:
2026-03-04 20:56:16,897 - INFO -   input_bin_size_ms=10, output_bin_size_ms=10
2026-03-04 20:56:16,897 - INFO -   n_input_bins=60, n_output_bins=60
2026-03-04 20:56:16,897 - INFO -   output_offset=0, total_bins_input=60, total_bins_output=60
2026-03-04 20:56:16,897 - INFO -   Valid start positions per trial: 0 to 0
2026-03-04 20:56:16,897 - INFO -   Total samples: 600 (600 trials × 1 positions)
2026-03-04 20:56:30,687 - INFO - BinnedStimSpikeDataset initialized:
2026-03-04 20:56:30,688 - INFO -   input_bin_size_ms=10, output_bin_size_ms=10
2026-03-04 20:56:30,688 - INFO -   n_input_bins=60, n_output_bins=60
2026-03-04 20:56:30,688 - INFO -   output_offset=0, total_bins_input=60, total_bins_output=60
2026-03-04 20:56:30,688 - INFO -   Valid start positions per trial: 0 to 0
2026-03-04 20:56:30,688 - INFO -   Total samples: 1000 (1000 trials × 1 positions)
2026-03-04 20:56:30,688 - INFO - Samples — train: 3400, val: 600, test: 1000
2026-03-04 20:56:30,688 - INFO - Input channels: 42, Neurons: 63
2026-03-04 20:56:30,704 - INFO - Using CPU
2026-03-04 20:56:30,709 - INFO - Model: CNN — 301,567 trainable params (301,567 total)
2026-03-04 20:56:34,911 - INFO - Starting training …
2026-03-04 20:56:40,693 - INFO - Epoch   1/50 | Train: 0.215751 | Val: 0.183616 | Corr: 0.078395 | LR: 5.00e-04
2026-03-04 20:56:40,722 - INFO -   ↳ Saved best model (val_corr=0.078395)
2026-03-04 20:56:45,647 - INFO - Epoch   2/50 | Train: 0.183110 | Val: 0.181702 | Corr: 0.087515 | LR: 5.00e-04
2026-03-04 20:56:45,667 - INFO -   ↳ Saved best model (val_corr=0.087515)
2026-03-04 20:56:50,611 - INFO - Epoch   3/50 | Train: 0.181783 | Val: 0.180576 | Corr: 0.097581 | LR: 5.00e-04
2026-03-04 20:56:50,625 - INFO -   ↳ Saved best model (val_corr=0.097581)
2026-03-04 20:56:55,609 - INFO - Epoch   4/50 | Train: 0.180955 | Val: 0.180762 | Corr: 0.103779 | LR: 5.00e-04
2026-03-04 20:56:55,625 - INFO -   ↳ Saved best model (val_corr=0.103779)
2026-03-04 20:57:00,618 - INFO - Epoch   5/50 | Train: 0.180291 | Val: 0.179539 | Corr: 0.110097 | LR: 5.00e-04
2026-03-04 20:57:00,642 - INFO -   ↳ Saved best model (val_corr=0.110097)
2026-03-04 20:57:05,472 - INFO - Epoch   6/50 | Train: 0.179558 | Val: 0.179629 | Corr: 0.112927 | LR: 5.00e-04
2026-03-04 20:57:05,485 - INFO -   ↳ Saved best model (val_corr=0.112927)
2026-03-04 20:57:10,344 - INFO - Epoch   7/50 | Train: 0.178992 | Val: 0.178568 | Corr: 0.118605 | LR: 5.00e-04
2026-03-04 20:57:10,359 - INFO -   ↳ Saved best model (val_corr=0.118605)
2026-03-04 20:57:15,339 - INFO - Epoch   8/50 | Train: 0.178603 | Val: 0.178827 | Corr: 0.121020 | LR: 5.00e-04
2026-03-04 20:57:15,353 - INFO -   ↳ Saved best model (val_corr=0.121020)
2026-03-04 20:57:20,418 - INFO - Epoch   9/50 | Train: 0.178117 | Val: 0.178058 | Corr: 0.125047 | LR: 5.00e-04
2026-03-04 20:57:20,433 - INFO -   ↳ Saved best model (val_corr=0.125047)
2026-03-04 20:57:25,356 - INFO - Epoch  10/50 | Train: 0.177642 | Val: 0.177977 | Corr: 0.125412 | LR: 5.00e-04
2026-03-04 20:57:25,383 - INFO -   ↳ Saved best model (val_corr=0.125412)
2026-03-04 20:57:30,300 - INFO - Epoch  11/50 | Train: 0.177401 | Val: 0.177733 | Corr: 0.130443 | LR: 5.00e-04
2026-03-04 20:57:30,316 - INFO -   ↳ Saved best model (val_corr=0.130443)
2026-03-04 20:57:35,192 - INFO - Epoch  12/50 | Train: 0.177074 | Val: 0.177327 | Corr: 0.131253 | LR: 5.00e-04
2026-03-04 20:57:35,210 - INFO -   ↳ Saved best model (val_corr=0.131253)
2026-03-04 20:57:40,128 - INFO - Epoch  13/50 | Train: 0.176894 | Val: 0.177852 | Corr: 0.131868 | LR: 5.00e-04
2026-03-04 20:57:40,144 - INFO -   ↳ Saved best model (val_corr=0.131868)
2026-03-04 20:57:45,124 - INFO - Epoch  14/50 | Train: 0.176774 | Val: 0.177658 | Corr: 0.135626 | LR: 5.00e-04
2026-03-04 20:57:45,165 - INFO -   ↳ Saved best model (val_corr=0.135626)
2026-03-04 20:57:50,176 - INFO - Epoch  15/50 | Train: 0.176408 | Val: 0.176833 | Corr: 0.135953 | LR: 5.00e-04
2026-03-04 20:57:50,198 - INFO -   ↳ Saved best model (val_corr=0.135953)
2026-03-04 20:57:55,170 - INFO - Epoch  16/50 | Train: 0.176214 | Val: 0.176869 | Corr: 0.138048 | LR: 5.00e-04
2026-03-04 20:57:55,215 - INFO -   ↳ Saved best model (val_corr=0.138048)
2026-03-04 20:58:00,182 - INFO - Epoch  17/50 | Train: 0.176071 | Val: 0.176748 | Corr: 0.137676 | LR: 5.00e-04
2026-03-04 20:58:05,043 - INFO - Epoch  18/50 | Train: 0.175954 | Val: 0.176609 | Corr: 0.138237 | LR: 5.00e-04
2026-03-04 20:58:05,059 - INFO -   ↳ Saved best model (val_corr=0.138237)
2026-03-04 20:58:09,962 - INFO - Epoch  19/50 | Train: 0.175707 | Val: 0.176509 | Corr: 0.140640 | LR: 5.00e-04
2026-03-04 20:58:09,985 - INFO -   ↳ Saved best model (val_corr=0.140640)
2026-03-04 20:58:14,946 - INFO - Epoch  20/50 | Train: 0.175640 | Val: 0.176935 | Corr: 0.141236 | LR: 5.00e-04
2026-03-04 20:58:14,961 - INFO -   ↳ Saved best model (val_corr=0.141236)
2026-03-04 20:58:19,960 - INFO - Epoch  21/50 | Train: 0.175455 | Val: 0.176274 | Corr: 0.141605 | LR: 5.00e-04
2026-03-04 20:58:19,971 - INFO -   ↳ Saved best model (val_corr=0.141605)
2026-03-04 20:58:24,964 - INFO - Epoch  22/50 | Train: 0.175358 | Val: 0.176456 | Corr: 0.140212 | LR: 5.00e-04
2026-03-04 20:58:29,985 - INFO - Epoch  23/50 | Train: 0.175106 | Val: 0.177810 | Corr: 0.143071 | LR: 5.00e-04
2026-03-04 20:58:30,002 - INFO -   ↳ Saved best model (val_corr=0.143071)
2026-03-04 20:58:35,023 - INFO - Epoch  24/50 | Train: 0.175051 | Val: 0.176175 | Corr: 0.143221 | LR: 5.00e-04
2026-03-04 20:58:35,037 - INFO -   ↳ Saved best model (val_corr=0.143221)
2026-03-04 20:58:40,021 - INFO - Epoch  25/50 | Train: 0.174778 | Val: 0.176349 | Corr: 0.144010 | LR: 5.00e-04
2026-03-04 20:58:40,035 - INFO -   ↳ Saved best model (val_corr=0.144010)
2026-03-04 20:58:45,048 - INFO - Epoch  26/50 | Train: 0.174750 | Val: 0.176101 | Corr: 0.143119 | LR: 5.00e-04
2026-03-04 20:58:50,074 - INFO - Epoch  27/50 | Train: 0.174708 | Val: 0.176194 | Corr: 0.143812 | LR: 5.00e-04
2026-03-04 20:58:55,054 - INFO - Epoch  28/50 | Train: 0.174507 | Val: 0.176275 | Corr: 0.143247 | LR: 5.00e-04
2026-03-04 20:58:59,978 - INFO - Epoch  29/50 | Train: 0.174485 | Val: 0.176081 | Corr: 0.144183 | LR: 5.00e-04
2026-03-04 20:58:59,990 - INFO -   ↳ Saved best model (val_corr=0.144183)
2026-03-04 20:59:04,909 - INFO - Epoch  30/50 | Train: 0.174356 | Val: 0.176280 | Corr: 0.142856 | LR: 5.00e-04
2026-03-04 20:59:09,714 - INFO - Epoch  31/50 | Train: 0.174276 | Val: 0.176111 | Corr: 0.145957 | LR: 5.00e-04
2026-03-04 20:59:09,752 - INFO -   ↳ Saved best model (val_corr=0.145957)
2026-03-04 20:59:14,586 - INFO - Epoch  32/50 | Train: 0.174156 | Val: 0.177270 | Corr: 0.144626 | LR: 5.00e-04
2026-03-04 20:59:19,391 - INFO - Epoch  33/50 | Train: 0.174084 | Val: 0.176334 | Corr: 0.146006 | LR: 5.00e-04
2026-03-04 20:59:19,410 - INFO -   ↳ Saved best model (val_corr=0.146006)
2026-03-04 20:59:24,316 - INFO - Epoch  34/50 | Train: 0.173999 | Val: 0.176823 | Corr: 0.145478 | LR: 5.00e-04
2026-03-04 20:59:29,426 - INFO - Epoch  35/50 | Train: 0.173906 | Val: 0.176002 | Corr: 0.144860 | LR: 5.00e-04
2026-03-04 20:59:34,514 - INFO - Epoch  36/50 | Train: 0.173797 | Val: 0.176304 | Corr: 0.144464 | LR: 5.00e-04
2026-03-04 20:59:39,596 - INFO - Epoch  37/50 | Train: 0.173752 | Val: 0.175977 | Corr: 0.146019 | LR: 5.00e-04
2026-03-04 20:59:39,615 - INFO -   ↳ Saved best model (val_corr=0.146019)
2026-03-04 20:59:44,584 - INFO - Epoch  38/50 | Train: 0.173605 | Val: 0.176195 | Corr: 0.145061 | LR: 5.00e-04
2026-03-04 20:59:49,511 - INFO - Epoch  39/50 | Train: 0.173664 | Val: 0.175819 | Corr: 0.146733 | LR: 5.00e-04
2026-03-04 20:59:49,533 - INFO -   ↳ Saved best model (val_corr=0.146733)
2026-03-04 20:59:54,419 - INFO - Epoch  40/50 | Train: 0.173500 | Val: 0.175912 | Corr: 0.146215 | LR: 5.00e-04
2026-03-04 20:59:59,287 - INFO - Epoch  41/50 | Train: 0.173404 | Val: 0.176193 | Corr: 0.146339 | LR: 5.00e-04
2026-03-04 21:00:04,240 - INFO - Epoch  42/50 | Train: 0.173282 | Val: 0.175981 | Corr: 0.146292 | LR: 5.00e-04
2026-03-04 21:00:09,376 - INFO - Epoch  43/50 | Train: 0.173350 | Val: 0.176181 | Corr: 0.145586 | LR: 5.00e-04
2026-03-04 21:00:14,522 - INFO - Epoch  44/50 | Train: 0.173268 | Val: 0.175877 | Corr: 0.146343 | LR: 5.00e-04
2026-03-04 21:00:19,644 - INFO - Epoch  45/50 | Train: 0.173104 | Val: 0.176195 | Corr: 0.147258 | LR: 2.50e-04
2026-03-04 21:00:19,658 - INFO -   ↳ Saved best model (val_corr=0.147258)
2026-03-04 21:00:24,772 - INFO - Epoch  46/50 | Train: 0.172657 | Val: 0.175883 | Corr: 0.146566 | LR: 2.50e-04
2026-03-04 21:00:29,858 - INFO - Epoch  47/50 | Train: 0.172514 | Val: 0.175799 | Corr: 0.147223 | LR: 2.50e-04
2026-03-04 21:00:34,949 - INFO - Epoch  48/50 | Train: 0.172452 | Val: 0.175866 | Corr: 0.146990 | LR: 2.50e-04
2026-03-04 21:00:39,813 - INFO - Epoch  49/50 | Train: 0.172408 | Val: 0.175841 | Corr: 0.146535 | LR: 2.50e-04
2026-03-04 21:00:44,703 - INFO - Epoch  50/50 | Train: 0.172385 | Val: 0.176016 | Corr: 0.146435 | LR: 2.50e-04
2026-03-04 21:00:44,704 - INFO - Training complete — best val corr: 0.147258
2026-03-04 21:00:45,864 - INFO - Test loss: 0.167926, Test corr: 0.142211
2026-03-04 21:00:46,211 - INFO - Fraction of variance explained (FVE): 0.021106
2026-03-04 21:00:46,211 - INFO - Generating figures …
2026-03-04 21:00:46,583 - INFO - Correlation between predicted and actual per-neuron averages: r=0.9913, p=0.00e+00
2026-03-04 21:00:48,140 - INFO - Pattern selectivity summary:
2026-03-04 21:00:48,140 - INFO -   Mean correlation across neurons: 0.4904
2026-03-04 21:00:48,140 - INFO -   Median correlation: 0.5374
2026-03-04 21:00:48,140 - INFO -   Neurons with r > 0.5: 33 / 63
2026-03-04 21:00:48,140 - INFO -   Neurons with r > 0.3: 54 / 63
2026-03-04 21:00:48,140 - INFO - Pattern selectivity — mean neuron corr: 0.4904
2026-03-04 21:00:49,514 - INFO - LOO (avg rate) — Model mean r: 0.2851, LOO mean r: 0.4546, Neurons model > LOO: 1/63
2026-03-04 21:00:51,164 - INFO - LOO (temporal) — Model mean r: 0.1431, LOO mean r: 0.3186, Neurons model > LOO: 0/63
2026-03-04 21:00:51,164 - INFO - Skipping oracle trial plots (skip_oracle_plots=True)
2026-03-04 21:00:51,171 - INFO - Experiment complete. Summary: {
  "run_dir": "/scratch/sb272/patterns5k_results/slurm_base_cnn_2026-03-04_16-53-19/trial_0069_learning_rate=5.0e-04_kernel_sizes=5x3x3_conv_channels=64x128x256_fc_dims=512_seed1",
  "model_type": "cnn",
  "batch_avg_test_loss": 0.1679259580373764,
  "batch_avg_test_corr": 0.14221060945297817,
  "all_test_fve": 0.02110613811583746,
  "AR_FVE": NaN,
  "AR_test_correlation": NaN,
  "best_val_corr": 0.14725847111215884,
  "total_params": 301567,
  "trainable_params": 301567,
  "epochs_trained": 50,
  "mean_pattern_corr": 0.49037256783708316,
  "history": 0,
  "init_state": true,
  "loo_avg_mean_corr": 0.45456832695830385,
  "model_avg_mean_corr": 0.285100876328161,
  "neurons_model_beats_loo_avg": 1,
  "loo_temporal_mean_corr": 0.31855225563049316,
  "all_test_corr": 0.1431112140417099,
  "neurons_model_beats_loo_temporal": 0,
  "kernel_sizes": [
    5,
    3,
    3
  ],
  "conv_channels": [
    64,
    128,
    256
  ],
  "fc_dims": [
    512
  ]
}
