2026-02-24 11:20:28,591 - INFO - ============================================================
2026-02-24 11:20:28,591 - INFO - Experiment run directory: results/multilayer_cnn_nohist_sweep_v2_2026-02-24_10-49-19/trial_0023_kernel_sizes=3_conv_channels=64x32_fc_dims=256
2026-02-24 11:20:28,591 - INFO - ============================================================
2026-02-24 11:20:28,591 - INFO - Using preloaded raw data (skipping I/O)
2026-02-24 11:20:28,591 - INFO - Stimulation channels: 42, Spiking neurons: 63
2026-02-24 11:20:28,591 - INFO - Unique patterns: 4050, Total trials: 5000
2026-02-24 11:20:28,603 - INFO - Split (oracle): train=3400, val=600, test=1000
2026-02-24 11:20:43,157 - INFO - BinnedStimSpikeDataset initialized:
2026-02-24 11:20:43,158 - INFO -   input_bin_size_ms=10, output_bin_size_ms=10
2026-02-24 11:20:43,158 - INFO -   n_input_bins=60, n_output_bins=60
2026-02-24 11:20:43,158 - INFO -   output_offset=0, total_bins_input=60, total_bins_output=60
2026-02-24 11:20:43,158 - INFO -   Valid start positions per trial: 0 to 0
2026-02-24 11:20:43,158 - INFO -   Total samples: 3400 (3400 trials × 1 positions)
2026-02-24 11:20:56,611 - INFO - BinnedStimSpikeDataset initialized:
2026-02-24 11:20:56,612 - INFO -   input_bin_size_ms=10, output_bin_size_ms=10
2026-02-24 11:20:56,612 - INFO -   n_input_bins=60, n_output_bins=60
2026-02-24 11:20:56,612 - INFO -   output_offset=0, total_bins_input=60, total_bins_output=60
2026-02-24 11:20:56,612 - INFO -   Valid start positions per trial: 0 to 0
2026-02-24 11:20:56,612 - INFO -   Total samples: 600 (600 trials × 1 positions)
2026-02-24 11:21:10,334 - INFO - BinnedStimSpikeDataset initialized:
2026-02-24 11:21:10,334 - INFO -   input_bin_size_ms=10, output_bin_size_ms=10
2026-02-24 11:21:10,334 - INFO -   n_input_bins=60, n_output_bins=60
2026-02-24 11:21:10,334 - INFO -   output_offset=0, total_bins_input=60, total_bins_output=60
2026-02-24 11:21:10,334 - INFO -   Valid start positions per trial: 0 to 0
2026-02-24 11:21:10,334 - INFO -   Total samples: 1000 (1000 trials × 1 positions)
2026-02-24 11:21:10,335 - INFO - Samples — train: 3400, val: 600, test: 1000
2026-02-24 11:21:10,335 - INFO - Input channels: 42, Neurons: 63
2026-02-24 11:21:10,335 - INFO - Using Apple Silicon MPS acceleration
2026-02-24 11:21:10,350 - INFO - Model: CNN — 32,895 trainable params (32,895 total)
2026-02-24 11:21:10,350 - ERROR -   FAILED: '<=' not supported between instances of 'float' and 'str'
2026-02-24 11:21:10,365 - INFO - 
======================================================================
2026-02-24 11:21:10,365 - INFO - [25/28] trial_0024_kernel_sizes=60_conv_channels=32x16_fc_dims=256
2026-02-24 11:21:10,365 - INFO -   Overrides: {"_arch": {"kernel_sizes": [60], "conv_channels": [32, 16], "fc_dims": [256], "weight_decay": "1e-4"}}
2026-02-24 11:21:10,365 - INFO -   Output: results/multilayer_cnn_nohist_sweep_v2_2026-02-24_10-49-19/trial_0024_kernel_sizes=60_conv_channels=32x16_fc_dims=256
