2026-03-04 03:11:56,566 - INFO - ============================================================
2026-03-04 03:11:56,566 - INFO - Experiment run directory: /scratch/sb272/patterns5k_results/slurm_hist_cnn_2026-03-03_15-13-01/trial_0380_learning_rate=5.0e-03_history=20_kernel_sizes=10_conv_channels=256_fc_dims=256_seed0
2026-03-04 03:11:56,566 - INFO - ============================================================
2026-03-04 03:11:56,566 - INFO - Loading data …
2026-03-04 03:11:57,245 - INFO - 63 unique neurons after dropping problematic neurons
2026-03-04 03:11:58,047 - INFO - Stimulation channels: 42, Spiking neurons: 63
2026-03-04 03:13:10,068 - INFO - Unique patterns: 4050, Total trials: 5000
2026-03-04 03:13:10,070 - INFO - Stimulation channels: 42, Spiking neurons: 63
2026-03-04 03:13:10,070 - INFO - Unique patterns: 4050, Total trials: 5000
2026-03-04 03:13:10,081 - INFO - Split (oracle): train=3400, val=600, test=1000
2026-03-04 03:13:24,576 - INFO - BinnedStimSpikeDataset initialized:
2026-03-04 03:13:24,576 - INFO -   input_bin_size_ms=10, output_bin_size_ms=10
2026-03-04 03:13:24,576 - INFO -   n_input_bins=60, n_output_bins=60
2026-03-04 03:13:24,577 - INFO -   output_offset=0, total_bins_input=60, total_bins_output=60
2026-03-04 03:13:24,577 - INFO -   Valid start positions per trial: 0 to 0
2026-03-04 03:13:24,577 - INFO -   Total samples: 3400 (3400 trials × 1 positions)
2026-03-04 03:13:38,572 - INFO - BinnedStimSpikeDataset initialized:
2026-03-04 03:13:38,572 - INFO -   input_bin_size_ms=10, output_bin_size_ms=10
2026-03-04 03:13:38,572 - INFO -   n_input_bins=60, n_output_bins=60
2026-03-04 03:13:38,572 - INFO -   output_offset=0, total_bins_input=60, total_bins_output=60
2026-03-04 03:13:38,572 - INFO -   Valid start positions per trial: 0 to 0
2026-03-04 03:13:38,572 - INFO -   Total samples: 600 (600 trials × 1 positions)
2026-03-04 03:13:52,627 - INFO - BinnedStimSpikeDataset initialized:
2026-03-04 03:13:52,627 - INFO -   input_bin_size_ms=10, output_bin_size_ms=10
2026-03-04 03:13:52,627 - INFO -   n_input_bins=60, n_output_bins=60
2026-03-04 03:13:52,627 - INFO -   output_offset=0, total_bins_input=60, total_bins_output=60
2026-03-04 03:13:52,627 - INFO -   Valid start positions per trial: 0 to 0
2026-03-04 03:13:52,627 - INFO -   Total samples: 1000 (1000 trials × 1 positions)
2026-03-04 03:13:52,628 - INFO - Samples — train: 3400, val: 600, test: 1000
2026-03-04 03:13:52,628 - INFO - Input channels: 105, Neurons: 63
2026-03-04 03:13:52,638 - INFO - Using CPU
2026-03-04 03:13:52,654 - INFO - Model: CNN — 351,551 trainable params (351,551 total)
2026-03-04 03:13:57,645 - INFO - Starting training …
2026-03-04 03:14:02,794 - INFO - Epoch   1/50 | Train: 0.205413 | Val: 0.187999 | Corr: 0.060212 | LR: 5.00e-03
2026-03-04 03:14:02,809 - INFO -   ↳ Saved best model (val_corr=0.060212)
2026-03-04 03:14:06,981 - INFO - Epoch   2/50 | Train: 0.183959 | Val: 0.185013 | Corr: 0.080603 | LR: 5.00e-03
2026-03-04 03:14:06,996 - INFO -   ↳ Saved best model (val_corr=0.080603)
2026-03-04 03:14:11,212 - INFO - Epoch   3/50 | Train: 0.181660 | Val: 0.183180 | Corr: 0.100373 | LR: 5.00e-03
2026-03-04 03:14:11,225 - INFO -   ↳ Saved best model (val_corr=0.100373)
2026-03-04 03:14:15,851 - INFO - Epoch   4/50 | Train: 0.179135 | Val: 0.182897 | Corr: 0.114530 | LR: 5.00e-03
2026-03-04 03:14:15,865 - INFO -   ↳ Saved best model (val_corr=0.114530)
2026-03-04 03:14:20,378 - INFO - Epoch   5/50 | Train: 0.177405 | Val: 0.180551 | Corr: 0.120460 | LR: 5.00e-03
2026-03-04 03:14:20,391 - INFO -   ↳ Saved best model (val_corr=0.120460)
2026-03-04 03:14:24,749 - INFO - Epoch   6/50 | Train: 0.175957 | Val: 0.181323 | Corr: 0.121812 | LR: 5.00e-03
2026-03-04 03:14:24,763 - INFO -   ↳ Saved best model (val_corr=0.121812)
2026-03-04 03:14:29,213 - INFO - Epoch   7/50 | Train: 0.174828 | Val: 0.180438 | Corr: 0.127916 | LR: 5.00e-03
2026-03-04 03:14:29,224 - INFO -   ↳ Saved best model (val_corr=0.127916)
2026-03-04 03:14:33,781 - INFO - Epoch   8/50 | Train: 0.173324 | Val: 0.180471 | Corr: 0.127913 | LR: 5.00e-03
2026-03-04 03:14:38,298 - INFO - Epoch   9/50 | Train: 0.172270 | Val: 0.180498 | Corr: 0.126806 | LR: 5.00e-03
2026-03-04 03:14:42,683 - INFO - Epoch  10/50 | Train: 0.171166 | Val: 0.180785 | Corr: 0.127476 | LR: 5.00e-03
2026-03-04 03:14:47,177 - INFO - Epoch  11/50 | Train: 0.170142 | Val: 0.181671 | Corr: 0.125987 | LR: 5.00e-03
2026-03-04 03:14:51,446 - INFO - Epoch  12/50 | Train: 0.169102 | Val: 0.182083 | Corr: 0.126064 | LR: 5.00e-03
2026-03-04 03:14:55,818 - INFO - Epoch  13/50 | Train: 0.168276 | Val: 0.181573 | Corr: 0.124615 | LR: 2.50e-03
2026-03-04 03:15:00,216 - INFO - Epoch  14/50 | Train: 0.165628 | Val: 0.182626 | Corr: 0.125546 | LR: 2.50e-03
2026-03-04 03:15:04,617 - INFO - Epoch  15/50 | Train: 0.164713 | Val: 0.183041 | Corr: 0.123307 | LR: 2.50e-03
2026-03-04 03:15:09,074 - INFO - Epoch  16/50 | Train: 0.164241 | Val: 0.183342 | Corr: 0.122783 | LR: 2.50e-03
2026-03-04 03:15:13,439 - INFO - Epoch  17/50 | Train: 0.163838 | Val: 0.183912 | Corr: 0.120810 | LR: 2.50e-03
2026-03-04 03:15:13,439 - INFO - Early stopping at epoch 17
2026-03-04 03:15:13,439 - INFO - Training complete — best val corr: 0.127916
2026-03-04 03:15:14,603 - INFO - Test loss: 0.168967, Test corr: 0.124629
2026-03-04 03:15:15,034 - INFO - Fraction of variance explained (FVE): 0.018467
2026-03-04 03:15:15,034 - INFO - Computing autoregressive (AR) test predictions …
2026-03-04 03:15:15,561 - INFO - AR FVE: 0.015612, AR test corr: 0.120940
2026-03-04 03:15:15,561 - INFO - Generating figures …
2026-03-04 03:15:15,925 - INFO - Correlation between predicted and actual per-neuron averages: r=0.9759, p=5.18e-42
2026-03-04 03:15:17,438 - INFO - Pattern selectivity summary:
2026-03-04 03:15:17,438 - INFO -   Mean correlation across neurons: 0.5020
2026-03-04 03:15:17,439 - INFO -   Median correlation: 0.5103
2026-03-04 03:15:17,439 - INFO -   Neurons with r > 0.5: 34 / 63
2026-03-04 03:15:17,439 - INFO -   Neurons with r > 0.3: 58 / 63
2026-03-04 03:15:17,439 - INFO - Pattern selectivity — mean neuron corr: 0.5020
2026-03-04 03:15:18,783 - INFO - LOO (avg rate) — Model mean r: 0.3700, LOO mean r: 0.4546, Neurons model > LOO: 10/63
2026-03-04 03:15:20,483 - INFO - LOO (temporal) — Model mean r: 0.1319, LOO mean r: 0.3186, Neurons model > LOO: 1/63
2026-03-04 03:15:20,483 - INFO - Skipping oracle trial plots (skip_oracle_plots=True)
2026-03-04 03:15:20,489 - INFO - Experiment complete. Summary: {
  "run_dir": "/scratch/sb272/patterns5k_results/slurm_hist_cnn_2026-03-03_15-13-01/trial_0380_learning_rate=5.0e-03_history=20_kernel_sizes=10_conv_channels=256_fc_dims=256_seed0",
  "model_type": "cnn",
  "batch_avg_test_loss": 0.1689672120809555,
  "batch_avg_test_corr": 0.12462887140675372,
  "all_test_fve": 0.01846721058800107,
  "AR_FVE": 0.015611655182308622,
  "AR_test_correlation": 0.12093982100486755,
  "best_val_corr": 0.12791557799860254,
  "total_params": 351551,
  "trainable_params": 351551,
  "epochs_trained": 17,
  "mean_pattern_corr": 0.5020454714436506,
  "history": 20,
  "init_state": true,
  "loo_avg_mean_corr": 0.45456832695830385,
  "model_avg_mean_corr": 0.37001526466458257,
  "neurons_model_beats_loo_avg": 10,
  "loo_temporal_mean_corr": 0.31855225563049316,
  "all_test_corr": 0.13193953037261963,
  "neurons_model_beats_loo_temporal": 1,
  "kernel_sizes": [
    10
  ],
  "conv_channels": [
    256
  ],
  "fc_dims": [
    256
  ]
}
