2026-03-05 00:15:19,862 - INFO - ============================================================
2026-03-05 00:15:19,862 - INFO - Experiment run directory: /scratch/sb272/patterns5k_results/slurm_base_cnn_2026-03-04_16-53-19/trial_0204_learning_rate=5.0e-03_kernel_sizes=5x3x3_conv_channels=64x128x256_fc_dims=512_seed0
2026-03-05 00:15:19,862 - INFO - ============================================================
2026-03-05 00:15:19,862 - INFO - Loading data …
2026-03-05 00:15:20,730 - INFO - 63 unique neurons after dropping problematic neurons
2026-03-05 00:15:21,908 - INFO - Stimulation channels: 42, Spiking neurons: 63
2026-03-05 00:17:14,966 - INFO - Unique patterns: 4050, Total trials: 5000
2026-03-05 00:17:14,968 - INFO - Stimulation channels: 42, Spiking neurons: 63
2026-03-05 00:17:14,969 - INFO - Unique patterns: 4050, Total trials: 5000
2026-03-05 00:17:14,984 - INFO - Split (oracle): train=3400, val=600, test=1000
2026-03-05 00:17:38,375 - INFO - BinnedStimSpikeDataset initialized:
2026-03-05 00:17:38,376 - INFO -   input_bin_size_ms=10, output_bin_size_ms=10
2026-03-05 00:17:38,376 - INFO -   n_input_bins=60, n_output_bins=60
2026-03-05 00:17:38,376 - INFO -   output_offset=0, total_bins_input=60, total_bins_output=60
2026-03-05 00:17:38,376 - INFO -   Valid start positions per trial: 0 to 0
2026-03-05 00:17:38,376 - INFO -   Total samples: 3400 (3400 trials × 1 positions)
2026-03-05 00:18:01,288 - INFO - BinnedStimSpikeDataset initialized:
2026-03-05 00:18:01,289 - INFO -   input_bin_size_ms=10, output_bin_size_ms=10
2026-03-05 00:18:01,289 - INFO -   n_input_bins=60, n_output_bins=60
2026-03-05 00:18:01,289 - INFO -   output_offset=0, total_bins_input=60, total_bins_output=60
2026-03-05 00:18:01,289 - INFO -   Valid start positions per trial: 0 to 0
2026-03-05 00:18:01,289 - INFO -   Total samples: 600 (600 trials × 1 positions)
2026-03-05 00:18:24,237 - INFO - BinnedStimSpikeDataset initialized:
2026-03-05 00:18:24,237 - INFO -   input_bin_size_ms=10, output_bin_size_ms=10
2026-03-05 00:18:24,237 - INFO -   n_input_bins=60, n_output_bins=60
2026-03-05 00:18:24,237 - INFO -   output_offset=0, total_bins_input=60, total_bins_output=60
2026-03-05 00:18:24,237 - INFO -   Valid start positions per trial: 0 to 0
2026-03-05 00:18:24,237 - INFO -   Total samples: 1000 (1000 trials × 1 positions)
2026-03-05 00:18:24,238 - INFO - Samples — train: 3400, val: 600, test: 1000
2026-03-05 00:18:24,238 - INFO - Input channels: 42, Neurons: 63
2026-03-05 00:18:24,248 - INFO - Using CPU
2026-03-05 00:18:24,264 - INFO - Model: CNN — 301,567 trainable params (301,567 total)
2026-03-05 00:18:39,186 - INFO - Starting training …
2026-03-05 00:18:47,323 - INFO - Epoch   1/50 | Train: 0.194753 | Val: 0.185412 | Corr: 0.078829 | LR: 5.00e-03
2026-03-05 00:18:47,349 - INFO -   ↳ Saved best model (val_corr=0.078829)
2026-03-05 00:18:54,411 - INFO - Epoch   2/50 | Train: 0.182836 | Val: 0.183954 | Corr: 0.090324 | LR: 5.00e-03
2026-03-05 00:18:54,434 - INFO -   ↳ Saved best model (val_corr=0.090324)
2026-03-05 00:19:01,385 - INFO - Epoch   3/50 | Train: 0.181193 | Val: 0.182046 | Corr: 0.103516 | LR: 5.00e-03
2026-03-05 00:19:01,408 - INFO -   ↳ Saved best model (val_corr=0.103516)
2026-03-05 00:19:08,821 - INFO - Epoch   4/50 | Train: 0.179983 | Val: 0.181402 | Corr: 0.108262 | LR: 5.00e-03
2026-03-05 00:19:08,874 - INFO -   ↳ Saved best model (val_corr=0.108262)
2026-03-05 00:19:16,100 - INFO - Epoch   5/50 | Train: 0.179232 | Val: 0.181017 | Corr: 0.114914 | LR: 5.00e-03
2026-03-05 00:19:16,134 - INFO -   ↳ Saved best model (val_corr=0.114914)
2026-03-05 00:19:23,402 - INFO - Epoch   6/50 | Train: 0.178242 | Val: 0.180973 | Corr: 0.119538 | LR: 5.00e-03
2026-03-05 00:19:23,429 - INFO -   ↳ Saved best model (val_corr=0.119538)
2026-03-05 00:19:30,723 - INFO - Epoch   7/50 | Train: 0.177883 | Val: 0.180387 | Corr: 0.123458 | LR: 5.00e-03
2026-03-05 00:19:30,741 - INFO -   ↳ Saved best model (val_corr=0.123458)
2026-03-05 00:19:38,027 - INFO - Epoch   8/50 | Train: 0.177401 | Val: 0.180022 | Corr: 0.127831 | LR: 5.00e-03
2026-03-05 00:19:38,044 - INFO -   ↳ Saved best model (val_corr=0.127831)
2026-03-05 00:19:45,252 - INFO - Epoch   9/50 | Train: 0.177136 | Val: 0.179747 | Corr: 0.129848 | LR: 5.00e-03
2026-03-05 00:19:45,284 - INFO -   ↳ Saved best model (val_corr=0.129848)
2026-03-05 00:19:52,546 - INFO - Epoch  10/50 | Train: 0.176677 | Val: 0.178748 | Corr: 0.133316 | LR: 5.00e-03
2026-03-05 00:19:52,593 - INFO -   ↳ Saved best model (val_corr=0.133316)
2026-03-05 00:19:59,851 - INFO - Epoch  11/50 | Train: 0.176394 | Val: 0.178717 | Corr: 0.134106 | LR: 5.00e-03
2026-03-05 00:19:59,880 - INFO -   ↳ Saved best model (val_corr=0.134106)
2026-03-05 00:20:07,112 - INFO - Epoch  12/50 | Train: 0.176241 | Val: 0.178793 | Corr: 0.135947 | LR: 5.00e-03
2026-03-05 00:20:07,139 - INFO -   ↳ Saved best model (val_corr=0.135947)
2026-03-05 00:20:14,538 - INFO - Epoch  13/50 | Train: 0.176027 | Val: 0.178724 | Corr: 0.136142 | LR: 5.00e-03
2026-03-05 00:20:14,576 - INFO -   ↳ Saved best model (val_corr=0.136142)
2026-03-05 00:20:22,090 - INFO - Epoch  14/50 | Train: 0.175901 | Val: 0.179392 | Corr: 0.134975 | LR: 5.00e-03
2026-03-05 00:20:29,523 - INFO - Epoch  15/50 | Train: 0.175855 | Val: 0.178848 | Corr: 0.137230 | LR: 5.00e-03
2026-03-05 00:20:29,549 - INFO -   ↳ Saved best model (val_corr=0.137230)
2026-03-05 00:20:36,744 - INFO - Epoch  16/50 | Train: 0.175539 | Val: 0.178480 | Corr: 0.138900 | LR: 5.00e-03
2026-03-05 00:20:36,775 - INFO -   ↳ Saved best model (val_corr=0.138900)
2026-03-05 00:20:43,933 - INFO - Epoch  17/50 | Train: 0.175417 | Val: 0.178682 | Corr: 0.138220 | LR: 5.00e-03
2026-03-05 00:20:51,061 - INFO - Epoch  18/50 | Train: 0.175123 | Val: 0.179056 | Corr: 0.138039 | LR: 5.00e-03
2026-03-05 00:20:58,216 - INFO - Epoch  19/50 | Train: 0.175045 | Val: 0.178506 | Corr: 0.139397 | LR: 5.00e-03
2026-03-05 00:20:58,233 - INFO -   ↳ Saved best model (val_corr=0.139397)
2026-03-05 00:21:05,456 - INFO - Epoch  20/50 | Train: 0.174882 | Val: 0.178814 | Corr: 0.139218 | LR: 5.00e-03
2026-03-05 00:21:12,608 - INFO - Epoch  21/50 | Train: 0.174790 | Val: 0.178376 | Corr: 0.140667 | LR: 5.00e-03
2026-03-05 00:21:12,639 - INFO -   ↳ Saved best model (val_corr=0.140667)
2026-03-05 00:21:19,481 - INFO - Epoch  22/50 | Train: 0.174574 | Val: 0.178576 | Corr: 0.139526 | LR: 5.00e-03
2026-03-05 00:21:26,885 - INFO - Epoch  23/50 | Train: 0.174499 | Val: 0.178173 | Corr: 0.141785 | LR: 5.00e-03
2026-03-05 00:21:26,914 - INFO -   ↳ Saved best model (val_corr=0.141785)
2026-03-05 00:21:34,166 - INFO - Epoch  24/50 | Train: 0.174445 | Val: 0.178599 | Corr: 0.140515 | LR: 5.00e-03
2026-03-05 00:21:41,475 - INFO - Epoch  25/50 | Train: 0.174249 | Val: 0.179044 | Corr: 0.141078 | LR: 5.00e-03
2026-03-05 00:21:48,654 - INFO - Epoch  26/50 | Train: 0.174080 | Val: 0.178609 | Corr: 0.140292 | LR: 5.00e-03
2026-03-05 00:21:55,773 - INFO - Epoch  27/50 | Train: 0.174035 | Val: 0.178349 | Corr: 0.140512 | LR: 5.00e-03
2026-03-05 00:22:02,915 - INFO - Epoch  28/50 | Train: 0.173920 | Val: 0.178427 | Corr: 0.141462 | LR: 5.00e-03
2026-03-05 00:22:10,083 - INFO - Epoch  29/50 | Train: 0.173737 | Val: 0.179052 | Corr: 0.139109 | LR: 2.50e-03
2026-03-05 00:22:17,274 - INFO - Epoch  30/50 | Train: 0.172888 | Val: 0.178795 | Corr: 0.142041 | LR: 2.50e-03
2026-03-05 00:22:17,330 - INFO -   ↳ Saved best model (val_corr=0.142041)
2026-03-05 00:22:24,556 - INFO - Epoch  31/50 | Train: 0.172599 | Val: 0.178685 | Corr: 0.142139 | LR: 2.50e-03
2026-03-05 00:22:24,595 - INFO -   ↳ Saved best model (val_corr=0.142139)
2026-03-05 00:22:31,751 - INFO - Epoch  32/50 | Train: 0.172476 | Val: 0.179257 | Corr: 0.141537 | LR: 2.50e-03
2026-03-05 00:22:38,840 - INFO - Epoch  33/50 | Train: 0.172365 | Val: 0.178726 | Corr: 0.141987 | LR: 2.50e-03
2026-03-05 00:22:46,009 - INFO - Epoch  34/50 | Train: 0.172249 | Val: 0.179597 | Corr: 0.141858 | LR: 2.50e-03
2026-03-05 00:22:53,255 - INFO - Epoch  35/50 | Train: 0.172176 | Val: 0.178814 | Corr: 0.141918 | LR: 1.25e-03
2026-03-05 00:23:00,628 - INFO - Epoch  36/50 | Train: 0.171667 | Val: 0.178597 | Corr: 0.143047 | LR: 1.25e-03
2026-03-05 00:23:00,646 - INFO -   ↳ Saved best model (val_corr=0.143047)
2026-03-05 00:23:07,730 - INFO - Epoch  37/50 | Train: 0.171509 | Val: 0.178563 | Corr: 0.143449 | LR: 1.25e-03
2026-03-05 00:23:07,747 - INFO -   ↳ Saved best model (val_corr=0.143449)
2026-03-05 00:23:14,831 - INFO - Epoch  38/50 | Train: 0.171398 | Val: 0.178640 | Corr: 0.143289 | LR: 1.25e-03
2026-03-05 00:23:21,999 - INFO - Epoch  39/50 | Train: 0.171444 | Val: 0.178733 | Corr: 0.142911 | LR: 1.25e-03
2026-03-05 00:23:29,265 - INFO - Epoch  40/50 | Train: 0.171312 | Val: 0.178623 | Corr: 0.143256 | LR: 1.25e-03
2026-03-05 00:23:36,600 - INFO - Epoch  41/50 | Train: 0.171239 | Val: 0.178621 | Corr: 0.142604 | LR: 6.25e-04
2026-03-05 00:23:44,021 - INFO - Epoch  42/50 | Train: 0.170887 | Val: 0.178958 | Corr: 0.142264 | LR: 6.25e-04
2026-03-05 00:23:51,311 - INFO - Epoch  43/50 | Train: 0.170876 | Val: 0.178960 | Corr: 0.141898 | LR: 6.25e-04
2026-03-05 00:23:58,783 - INFO - Epoch  44/50 | Train: 0.170731 | Val: 0.178832 | Corr: 0.141734 | LR: 6.25e-04
2026-03-05 00:24:06,043 - INFO - Epoch  45/50 | Train: 0.170782 | Val: 0.178808 | Corr: 0.141781 | LR: 6.25e-04
2026-03-05 00:24:13,286 - INFO - Epoch  46/50 | Train: 0.170814 | Val: 0.178896 | Corr: 0.141899 | LR: 6.25e-04
2026-03-05 00:24:20,552 - INFO - Epoch  47/50 | Train: 0.170697 | Val: 0.178945 | Corr: 0.142247 | LR: 3.13e-04
2026-03-05 00:24:20,552 - INFO - Early stopping at epoch 47
2026-03-05 00:24:20,552 - INFO - Training complete — best val corr: 0.143449
2026-03-05 00:24:22,303 - INFO - Test loss: 0.168367, Test corr: 0.135581
2026-03-05 00:24:22,780 - INFO - Fraction of variance explained (FVE): 0.022358
2026-03-05 00:24:22,780 - INFO - Generating figures …
2026-03-05 00:24:23,867 - INFO - Correlation between predicted and actual per-neuron averages: r=0.9946, p=0.00e+00
2026-03-05 00:24:26,317 - INFO - Pattern selectivity summary:
2026-03-05 00:24:26,317 - INFO -   Mean correlation across neurons: 0.4518
2026-03-05 00:24:26,317 - INFO -   Median correlation: 0.4906
2026-03-05 00:24:26,317 - INFO -   Neurons with r > 0.5: 30 / 63
2026-03-05 00:24:26,317 - INFO -   Neurons with r > 0.3: 48 / 63
2026-03-05 00:24:26,317 - INFO - Pattern selectivity — mean neuron corr: 0.4518
2026-03-05 00:24:28,057 - INFO - LOO (avg rate) — Model mean r: 0.2654, LOO mean r: 0.4546, Neurons model > LOO: 0/63
2026-03-05 00:24:30,238 - INFO - LOO (temporal) — Model mean r: 0.1362, LOO mean r: 0.3186, Neurons model > LOO: 0/63
2026-03-05 00:24:30,238 - INFO - Skipping oracle trial plots (skip_oracle_plots=True)
2026-03-05 00:24:30,267 - INFO - Experiment complete. Summary: {
  "run_dir": "/scratch/sb272/patterns5k_results/slurm_base_cnn_2026-03-04_16-53-19/trial_0204_learning_rate=5.0e-03_kernel_sizes=5x3x3_conv_channels=64x128x256_fc_dims=512_seed0",
  "model_type": "cnn",
  "batch_avg_test_loss": 0.1683671315908432,
  "batch_avg_test_corr": 0.13558055733339258,
  "all_test_fve": 0.02235840710382613,
  "AR_FVE": NaN,
  "AR_test_correlation": NaN,
  "best_val_corr": 0.14344894076446602,
  "total_params": 301567,
  "trainable_params": 301567,
  "epochs_trained": 47,
  "mean_pattern_corr": 0.45176177847881377,
  "history": 0,
  "init_state": true,
  "loo_avg_mean_corr": 0.45456832695830385,
  "model_avg_mean_corr": 0.26541952816954034,
  "neurons_model_beats_loo_avg": 0,
  "loo_temporal_mean_corr": 0.31855225563049316,
  "all_test_corr": 0.13619545102119446,
  "neurons_model_beats_loo_temporal": 0,
  "kernel_sizes": [
    5,
    3,
    3
  ],
  "conv_channels": [
    64,
    128,
    256
  ],
  "fc_dims": [
    512
  ]
}
