2026-03-03 20:49:54,846 - INFO - ============================================================
2026-03-03 20:49:54,846 - INFO - Experiment run directory: /scratch/sb272/patterns5k_results/slurm_hist_cnn_2026-03-03_15-13-01/trial_0085_learning_rate=1.0e-04_history=5_kernel_sizes=5_conv_channels=256_fc_dims=256_seed2
2026-03-03 20:49:54,846 - INFO - ============================================================
2026-03-03 20:49:54,846 - INFO - Loading data …
2026-03-03 20:49:55,465 - INFO - 63 unique neurons after dropping problematic neurons
2026-03-03 20:49:56,279 - INFO - Stimulation channels: 42, Spiking neurons: 63
2026-03-03 20:51:09,865 - INFO - Unique patterns: 4050, Total trials: 5000
2026-03-03 20:51:09,866 - INFO - Stimulation channels: 42, Spiking neurons: 63
2026-03-03 20:51:09,866 - INFO - Unique patterns: 4050, Total trials: 5000
2026-03-03 20:51:09,879 - INFO - Split (oracle): train=3400, val=600, test=1000
2026-03-03 20:51:25,548 - INFO - BinnedStimSpikeDataset initialized:
2026-03-03 20:51:25,549 - INFO -   input_bin_size_ms=10, output_bin_size_ms=10
2026-03-03 20:51:25,549 - INFO -   n_input_bins=60, n_output_bins=60
2026-03-03 20:51:25,549 - INFO -   output_offset=0, total_bins_input=60, total_bins_output=60
2026-03-03 20:51:25,549 - INFO -   Valid start positions per trial: 0 to 0
2026-03-03 20:51:25,549 - INFO -   Total samples: 3400 (3400 trials × 1 positions)
2026-03-03 20:51:40,885 - INFO - BinnedStimSpikeDataset initialized:
2026-03-03 20:51:40,885 - INFO -   input_bin_size_ms=10, output_bin_size_ms=10
2026-03-03 20:51:40,885 - INFO -   n_input_bins=60, n_output_bins=60
2026-03-03 20:51:40,885 - INFO -   output_offset=0, total_bins_input=60, total_bins_output=60
2026-03-03 20:51:40,885 - INFO -   Valid start positions per trial: 0 to 0
2026-03-03 20:51:40,885 - INFO -   Total samples: 600 (600 trials × 1 positions)
2026-03-03 20:51:56,223 - INFO - BinnedStimSpikeDataset initialized:
2026-03-03 20:51:56,223 - INFO -   input_bin_size_ms=10, output_bin_size_ms=10
2026-03-03 20:51:56,223 - INFO -   n_input_bins=60, n_output_bins=60
2026-03-03 20:51:56,223 - INFO -   output_offset=0, total_bins_input=60, total_bins_output=60
2026-03-03 20:51:56,223 - INFO -   Valid start positions per trial: 0 to 0
2026-03-03 20:51:56,223 - INFO -   Total samples: 1000 (1000 trials × 1 positions)
2026-03-03 20:51:56,223 - INFO - Samples — train: 3400, val: 600, test: 1000
2026-03-03 20:51:56,223 - INFO - Input channels: 105, Neurons: 63
2026-03-03 20:51:56,231 - INFO - Using CPU
2026-03-03 20:51:56,247 - INFO - Model: CNN — 217,151 trainable params (217,151 total)
2026-03-03 20:52:00,792 - INFO - Starting training …
2026-03-03 20:52:05,056 - INFO - Epoch   1/50 | Train: 0.405200 | Val: 0.194824 | Corr: 0.002160 | LR: 1.00e-04
2026-03-03 20:52:05,076 - INFO -   ↳ Saved best model (val_corr=0.002160)
2026-03-03 20:52:08,629 - INFO - Epoch   2/50 | Train: 0.195407 | Val: 0.190297 | Corr: 0.020453 | LR: 1.00e-04
2026-03-03 20:52:08,639 - INFO -   ↳ Saved best model (val_corr=0.020453)
2026-03-03 20:52:12,042 - INFO - Epoch   3/50 | Train: 0.192087 | Val: 0.188414 | Corr: 0.029985 | LR: 1.00e-04
2026-03-03 20:52:12,055 - INFO -   ↳ Saved best model (val_corr=0.029985)
2026-03-03 20:52:15,640 - INFO - Epoch   4/50 | Train: 0.190003 | Val: 0.186933 | Corr: 0.039389 | LR: 1.00e-04
2026-03-03 20:52:15,653 - INFO -   ↳ Saved best model (val_corr=0.039389)
2026-03-03 20:52:19,244 - INFO - Epoch   5/50 | Train: 0.188409 | Val: 0.185957 | Corr: 0.047008 | LR: 1.00e-04
2026-03-03 20:52:19,256 - INFO -   ↳ Saved best model (val_corr=0.047008)
2026-03-03 20:52:22,869 - INFO - Epoch   6/50 | Train: 0.187295 | Val: 0.185089 | Corr: 0.053392 | LR: 1.00e-04
2026-03-03 20:52:22,885 - INFO -   ↳ Saved best model (val_corr=0.053392)
2026-03-03 20:52:26,281 - INFO - Epoch   7/50 | Train: 0.186277 | Val: 0.184614 | Corr: 0.057702 | LR: 1.00e-04
2026-03-03 20:52:26,295 - INFO -   ↳ Saved best model (val_corr=0.057702)
2026-03-03 20:52:29,718 - INFO - Epoch   8/50 | Train: 0.185351 | Val: 0.183890 | Corr: 0.063355 | LR: 1.00e-04
2026-03-03 20:52:29,730 - INFO -   ↳ Saved best model (val_corr=0.063355)
2026-03-03 20:52:33,828 - INFO - Epoch   9/50 | Train: 0.184693 | Val: 0.183474 | Corr: 0.067474 | LR: 1.00e-04
2026-03-03 20:52:33,839 - INFO -   ↳ Saved best model (val_corr=0.067474)
2026-03-03 20:52:37,867 - INFO - Epoch  10/50 | Train: 0.184026 | Val: 0.183170 | Corr: 0.069616 | LR: 1.00e-04
2026-03-03 20:52:37,879 - INFO -   ↳ Saved best model (val_corr=0.069616)
2026-03-03 20:52:41,821 - INFO - Epoch  11/50 | Train: 0.183545 | Val: 0.182974 | Corr: 0.072258 | LR: 1.00e-04
2026-03-03 20:52:41,835 - INFO -   ↳ Saved best model (val_corr=0.072258)
2026-03-03 20:52:45,796 - INFO - Epoch  12/50 | Train: 0.183101 | Val: 0.182654 | Corr: 0.074894 | LR: 1.00e-04
2026-03-03 20:52:45,809 - INFO -   ↳ Saved best model (val_corr=0.074894)
2026-03-03 20:52:49,741 - INFO - Epoch  13/50 | Train: 0.182668 | Val: 0.182353 | Corr: 0.077838 | LR: 1.00e-04
2026-03-03 20:52:49,753 - INFO -   ↳ Saved best model (val_corr=0.077838)
2026-03-03 20:52:53,681 - INFO - Epoch  14/50 | Train: 0.182231 | Val: 0.182184 | Corr: 0.080222 | LR: 1.00e-04
2026-03-03 20:52:53,691 - INFO -   ↳ Saved best model (val_corr=0.080222)
2026-03-03 20:52:57,558 - INFO - Epoch  15/50 | Train: 0.181753 | Val: 0.181808 | Corr: 0.082845 | LR: 1.00e-04
2026-03-03 20:52:57,573 - INFO -   ↳ Saved best model (val_corr=0.082845)
2026-03-03 20:53:01,524 - INFO - Epoch  16/50 | Train: 0.181423 | Val: 0.181569 | Corr: 0.084974 | LR: 1.00e-04
2026-03-03 20:53:01,538 - INFO -   ↳ Saved best model (val_corr=0.084974)
2026-03-03 20:53:05,449 - INFO - Epoch  17/50 | Train: 0.180990 | Val: 0.181445 | Corr: 0.086579 | LR: 1.00e-04
2026-03-03 20:53:05,469 - INFO -   ↳ Saved best model (val_corr=0.086579)
2026-03-03 20:53:09,412 - INFO - Epoch  18/50 | Train: 0.180658 | Val: 0.181140 | Corr: 0.089685 | LR: 1.00e-04
2026-03-03 20:53:09,424 - INFO -   ↳ Saved best model (val_corr=0.089685)
2026-03-03 20:53:13,348 - INFO - Epoch  19/50 | Train: 0.180224 | Val: 0.180858 | Corr: 0.092113 | LR: 1.00e-04
2026-03-03 20:53:13,360 - INFO -   ↳ Saved best model (val_corr=0.092113)
2026-03-03 20:53:17,119 - INFO - Epoch  20/50 | Train: 0.179905 | Val: 0.180633 | Corr: 0.093685 | LR: 1.00e-04
2026-03-03 20:53:17,135 - INFO -   ↳ Saved best model (val_corr=0.093685)
2026-03-03 20:53:20,764 - INFO - Epoch  21/50 | Train: 0.179520 | Val: 0.180294 | Corr: 0.096319 | LR: 1.00e-04
2026-03-03 20:53:20,777 - INFO -   ↳ Saved best model (val_corr=0.096319)
2026-03-03 20:53:24,480 - INFO - Epoch  22/50 | Train: 0.179178 | Val: 0.180177 | Corr: 0.098368 | LR: 1.00e-04
2026-03-03 20:53:24,493 - INFO -   ↳ Saved best model (val_corr=0.098368)
2026-03-03 20:53:28,064 - INFO - Epoch  23/50 | Train: 0.178796 | Val: 0.179934 | Corr: 0.100331 | LR: 1.00e-04
2026-03-03 20:53:28,078 - INFO -   ↳ Saved best model (val_corr=0.100331)
2026-03-03 20:53:31,602 - INFO - Epoch  24/50 | Train: 0.178545 | Val: 0.179674 | Corr: 0.101766 | LR: 1.00e-04
2026-03-03 20:53:31,615 - INFO -   ↳ Saved best model (val_corr=0.101766)
2026-03-03 20:53:35,357 - INFO - Epoch  25/50 | Train: 0.178192 | Val: 0.179484 | Corr: 0.103596 | LR: 1.00e-04
2026-03-03 20:53:35,369 - INFO -   ↳ Saved best model (val_corr=0.103596)
2026-03-03 20:53:38,894 - INFO - Epoch  26/50 | Train: 0.177951 | Val: 0.179315 | Corr: 0.104889 | LR: 1.00e-04
2026-03-03 20:53:38,908 - INFO -   ↳ Saved best model (val_corr=0.104889)
2026-03-03 20:53:42,458 - INFO - Epoch  27/50 | Train: 0.177690 | Val: 0.179212 | Corr: 0.107042 | LR: 1.00e-04
2026-03-03 20:53:42,476 - INFO -   ↳ Saved best model (val_corr=0.107042)
2026-03-03 20:53:46,199 - INFO - Epoch  28/50 | Train: 0.177354 | Val: 0.179048 | Corr: 0.107572 | LR: 1.00e-04
2026-03-03 20:53:46,216 - INFO -   ↳ Saved best model (val_corr=0.107572)
2026-03-03 20:53:49,722 - INFO - Epoch  29/50 | Train: 0.177180 | Val: 0.178888 | Corr: 0.110405 | LR: 1.00e-04
2026-03-03 20:53:49,735 - INFO -   ↳ Saved best model (val_corr=0.110405)
2026-03-03 20:53:53,233 - INFO - Epoch  30/50 | Train: 0.176905 | Val: 0.178625 | Corr: 0.111676 | LR: 1.00e-04
2026-03-03 20:53:53,248 - INFO -   ↳ Saved best model (val_corr=0.111676)
2026-03-03 20:53:56,870 - INFO - Epoch  31/50 | Train: 0.176596 | Val: 0.178521 | Corr: 0.112186 | LR: 1.00e-04
2026-03-03 20:53:56,882 - INFO -   ↳ Saved best model (val_corr=0.112186)
2026-03-03 20:54:00,365 - INFO - Epoch  32/50 | Train: 0.176428 | Val: 0.178378 | Corr: 0.112831 | LR: 1.00e-04
2026-03-03 20:54:00,377 - INFO -   ↳ Saved best model (val_corr=0.112831)
2026-03-03 20:54:03,937 - INFO - Epoch  33/50 | Train: 0.176315 | Val: 0.178239 | Corr: 0.114715 | LR: 1.00e-04
2026-03-03 20:54:03,949 - INFO -   ↳ Saved best model (val_corr=0.114715)
2026-03-03 20:54:07,455 - INFO - Epoch  34/50 | Train: 0.175973 | Val: 0.178177 | Corr: 0.115724 | LR: 1.00e-04
2026-03-03 20:54:07,467 - INFO -   ↳ Saved best model (val_corr=0.115724)
2026-03-03 20:54:11,161 - INFO - Epoch  35/50 | Train: 0.175820 | Val: 0.178048 | Corr: 0.116703 | LR: 1.00e-04
2026-03-03 20:54:11,175 - INFO -   ↳ Saved best model (val_corr=0.116703)
2026-03-03 20:54:14,668 - INFO - Epoch  36/50 | Train: 0.175635 | Val: 0.177944 | Corr: 0.116437 | LR: 1.00e-04
2026-03-03 20:54:18,186 - INFO - Epoch  37/50 | Train: 0.175447 | Val: 0.177872 | Corr: 0.118609 | LR: 1.00e-04
2026-03-03 20:54:18,201 - INFO -   ↳ Saved best model (val_corr=0.118609)
2026-03-03 20:54:21,924 - INFO - Epoch  38/50 | Train: 0.175253 | Val: 0.177747 | Corr: 0.119100 | LR: 1.00e-04
2026-03-03 20:54:21,934 - INFO -   ↳ Saved best model (val_corr=0.119100)
2026-03-03 20:54:25,444 - INFO - Epoch  39/50 | Train: 0.175132 | Val: 0.177682 | Corr: 0.119746 | LR: 1.00e-04
2026-03-03 20:54:25,456 - INFO -   ↳ Saved best model (val_corr=0.119746)
2026-03-03 20:54:28,982 - INFO - Epoch  40/50 | Train: 0.174926 | Val: 0.177602 | Corr: 0.120743 | LR: 1.00e-04
2026-03-03 20:54:28,993 - INFO -   ↳ Saved best model (val_corr=0.120743)
2026-03-03 20:54:32,738 - INFO - Epoch  41/50 | Train: 0.174746 | Val: 0.177520 | Corr: 0.121754 | LR: 1.00e-04
2026-03-03 20:54:32,753 - INFO -   ↳ Saved best model (val_corr=0.121754)
2026-03-03 20:54:36,243 - INFO - Epoch  42/50 | Train: 0.174595 | Val: 0.177477 | Corr: 0.121730 | LR: 1.00e-04
2026-03-03 20:54:39,730 - INFO - Epoch  43/50 | Train: 0.174511 | Val: 0.177417 | Corr: 0.122378 | LR: 1.00e-04
2026-03-03 20:54:39,742 - INFO -   ↳ Saved best model (val_corr=0.122378)
2026-03-03 20:54:43,343 - INFO - Epoch  44/50 | Train: 0.174287 | Val: 0.177416 | Corr: 0.123259 | LR: 1.00e-04
2026-03-03 20:54:43,356 - INFO -   ↳ Saved best model (val_corr=0.123259)
2026-03-03 20:54:46,842 - INFO - Epoch  45/50 | Train: 0.174191 | Val: 0.177341 | Corr: 0.124478 | LR: 1.00e-04
2026-03-03 20:54:46,852 - INFO -   ↳ Saved best model (val_corr=0.124478)
2026-03-03 20:54:50,393 - INFO - Epoch  46/50 | Train: 0.174126 | Val: 0.177192 | Corr: 0.124539 | LR: 1.00e-04
2026-03-03 20:54:50,410 - INFO -   ↳ Saved best model (val_corr=0.124539)
2026-03-03 20:54:53,985 - INFO - Epoch  47/50 | Train: 0.173929 | Val: 0.177154 | Corr: 0.125326 | LR: 1.00e-04
2026-03-03 20:54:53,997 - INFO -   ↳ Saved best model (val_corr=0.125326)
2026-03-03 20:54:57,593 - INFO - Epoch  48/50 | Train: 0.173782 | Val: 0.177048 | Corr: 0.126304 | LR: 1.00e-04
2026-03-03 20:54:57,606 - INFO -   ↳ Saved best model (val_corr=0.126304)
2026-03-03 20:55:01,144 - INFO - Epoch  49/50 | Train: 0.173664 | Val: 0.177316 | Corr: 0.126858 | LR: 1.00e-04
2026-03-03 20:55:01,158 - INFO -   ↳ Saved best model (val_corr=0.126858)
2026-03-03 20:55:04,645 - INFO - Epoch  50/50 | Train: 0.173550 | Val: 0.177021 | Corr: 0.126718 | LR: 1.00e-04
2026-03-03 20:55:04,645 - INFO - Training complete — best val corr: 0.126858
2026-03-03 20:55:05,736 - INFO - Test loss: 0.168578, Test corr: 0.125311
2026-03-03 20:55:06,069 - INFO - Fraction of variance explained (FVE): 0.018274
2026-03-03 20:55:06,069 - INFO - Computing autoregressive (AR) test predictions …
2026-03-03 20:55:06,535 - INFO - AR FVE: 0.015809, AR test corr: 0.118212
2026-03-03 20:55:06,536 - INFO - Generating figures …
2026-03-03 20:55:06,948 - INFO - Correlation between predicted and actual per-neuron averages: r=0.9944, p=0.00e+00
2026-03-03 20:55:08,483 - INFO - Pattern selectivity summary:
2026-03-03 20:55:08,483 - INFO -   Mean correlation across neurons: 0.5437
2026-03-03 20:55:08,484 - INFO -   Median correlation: 0.5521
2026-03-03 20:55:08,484 - INFO -   Neurons with r > 0.5: 36 / 63
2026-03-03 20:55:08,484 - INFO -   Neurons with r > 0.3: 57 / 63
2026-03-03 20:55:08,484 - INFO - Pattern selectivity — mean neuron corr: 0.5437
2026-03-03 20:55:09,702 - INFO - LOO (avg rate) — Model mean r: 0.4056, LOO mean r: 0.4546, Neurons model > LOO: 17/63
2026-03-03 20:55:11,526 - INFO - LOO (temporal) — Model mean r: 0.1328, LOO mean r: 0.3186, Neurons model > LOO: 2/63
2026-03-03 20:55:11,526 - INFO - Skipping oracle trial plots (skip_oracle_plots=True)
2026-03-03 20:55:11,536 - INFO - Experiment complete. Summary: {
  "run_dir": "/scratch/sb272/patterns5k_results/slurm_hist_cnn_2026-03-03_15-13-01/trial_0085_learning_rate=1.0e-04_history=5_kernel_sizes=5_conv_channels=256_fc_dims=256_seed2",
  "model_type": "cnn",
  "batch_avg_test_loss": 0.16857809746265412,
  "batch_avg_test_corr": 0.12531089820721766,
  "all_test_fve": 0.018274337526351686,
  "AR_FVE": 0.015808742197733077,
  "AR_test_correlation": 0.11821221560239792,
  "best_val_corr": 0.1268576765529745,
  "total_params": 217151,
  "trainable_params": 217151,
  "epochs_trained": 50,
  "mean_pattern_corr": 0.5437454517790418,
  "history": 5,
  "init_state": true,
  "loo_avg_mean_corr": 0.45456832695830385,
  "model_avg_mean_corr": 0.4056455965806983,
  "neurons_model_beats_loo_avg": 17,
  "loo_temporal_mean_corr": 0.31855225563049316,
  "all_test_corr": 0.13280422985553741,
  "neurons_model_beats_loo_temporal": 2,
  "kernel_sizes": [
    5
  ],
  "conv_channels": [
    256
  ],
  "fc_dims": [
    256
  ]
}
