2026-03-04 01:41:03,915 - INFO - ============================================================
2026-03-04 01:41:03,915 - INFO - Experiment run directory: /scratch/sb272/patterns5k_results/slurm_hist_cnn_2026-03-03_15-13-01/trial_0260_learning_rate=1.0e-03_history=5_kernel_sizes=5_conv_channels=256_fc_dims=256_seed2
2026-03-04 01:41:03,916 - INFO - ============================================================
2026-03-04 01:41:03,916 - INFO - Loading data …
2026-03-04 01:41:04,855 - INFO - 63 unique neurons after dropping problematic neurons
2026-03-04 01:41:06,218 - INFO - Stimulation channels: 42, Spiking neurons: 63
2026-03-04 01:43:28,647 - INFO - Unique patterns: 4050, Total trials: 5000
2026-03-04 01:43:28,649 - INFO - Stimulation channels: 42, Spiking neurons: 63
2026-03-04 01:43:28,649 - INFO - Unique patterns: 4050, Total trials: 5000
2026-03-04 01:43:28,667 - INFO - Split (oracle): train=3400, val=600, test=1000
2026-03-04 01:43:58,691 - INFO - BinnedStimSpikeDataset initialized:
2026-03-04 01:43:58,693 - INFO -   input_bin_size_ms=10, output_bin_size_ms=10
2026-03-04 01:43:58,693 - INFO -   n_input_bins=60, n_output_bins=60
2026-03-04 01:43:58,693 - INFO -   output_offset=0, total_bins_input=60, total_bins_output=60
2026-03-04 01:43:58,693 - INFO -   Valid start positions per trial: 0 to 0
2026-03-04 01:43:58,693 - INFO -   Total samples: 3400 (3400 trials × 1 positions)
2026-03-04 01:44:28,042 - INFO - BinnedStimSpikeDataset initialized:
2026-03-04 01:44:28,044 - INFO -   input_bin_size_ms=10, output_bin_size_ms=10
2026-03-04 01:44:28,044 - INFO -   n_input_bins=60, n_output_bins=60
2026-03-04 01:44:28,044 - INFO -   output_offset=0, total_bins_input=60, total_bins_output=60
2026-03-04 01:44:28,044 - INFO -   Valid start positions per trial: 0 to 0
2026-03-04 01:44:28,044 - INFO -   Total samples: 600 (600 trials × 1 positions)
2026-03-04 01:44:57,465 - INFO - BinnedStimSpikeDataset initialized:
2026-03-04 01:44:57,465 - INFO -   input_bin_size_ms=10, output_bin_size_ms=10
2026-03-04 01:44:57,465 - INFO -   n_input_bins=60, n_output_bins=60
2026-03-04 01:44:57,465 - INFO -   output_offset=0, total_bins_input=60, total_bins_output=60
2026-03-04 01:44:57,465 - INFO -   Valid start positions per trial: 0 to 0
2026-03-04 01:44:57,465 - INFO -   Total samples: 1000 (1000 trials × 1 positions)
2026-03-04 01:44:57,466 - INFO - Samples — train: 3400, val: 600, test: 1000
2026-03-04 01:44:57,466 - INFO - Input channels: 105, Neurons: 63
2026-03-04 01:44:57,474 - INFO - Using CPU
2026-03-04 01:44:57,491 - INFO - Model: CNN — 217,151 trainable params (217,151 total)
2026-03-04 01:45:06,755 - INFO - Starting training …
2026-03-04 01:45:13,729 - INFO - Epoch   1/50 | Train: 0.219192 | Val: 0.185684 | Corr: 0.054025 | LR: 1.00e-03
2026-03-04 01:45:13,750 - INFO -   ↳ Saved best model (val_corr=0.054025)
2026-03-04 01:45:19,315 - INFO - Epoch   2/50 | Train: 0.185816 | Val: 0.183177 | Corr: 0.072746 | LR: 1.00e-03
2026-03-04 01:45:19,359 - INFO -   ↳ Saved best model (val_corr=0.072746)
2026-03-04 01:45:25,812 - INFO - Epoch   3/50 | Train: 0.182860 | Val: 0.181545 | Corr: 0.089350 | LR: 1.00e-03
2026-03-04 01:45:25,842 - INFO -   ↳ Saved best model (val_corr=0.089350)
2026-03-04 01:45:32,250 - INFO - Epoch   4/50 | Train: 0.180837 | Val: 0.180439 | Corr: 0.099230 | LR: 1.00e-03
2026-03-04 01:45:32,275 - INFO -   ↳ Saved best model (val_corr=0.099230)
2026-03-04 01:45:37,810 - INFO - Epoch   5/50 | Train: 0.179325 | Val: 0.179376 | Corr: 0.108064 | LR: 1.00e-03
2026-03-04 01:45:37,830 - INFO -   ↳ Saved best model (val_corr=0.108064)
2026-03-04 01:45:43,186 - INFO - Epoch   6/50 | Train: 0.178003 | Val: 0.178347 | Corr: 0.114450 | LR: 1.00e-03
2026-03-04 01:45:43,201 - INFO -   ↳ Saved best model (val_corr=0.114450)
2026-03-04 01:45:48,665 - INFO - Epoch   7/50 | Train: 0.177116 | Val: 0.179038 | Corr: 0.116990 | LR: 1.00e-03
2026-03-04 01:45:48,681 - INFO -   ↳ Saved best model (val_corr=0.116990)
2026-03-04 01:45:54,097 - INFO - Epoch   8/50 | Train: 0.176226 | Val: 0.177402 | Corr: 0.123556 | LR: 1.00e-03
2026-03-04 01:45:54,116 - INFO -   ↳ Saved best model (val_corr=0.123556)
2026-03-04 01:45:59,580 - INFO - Epoch   9/50 | Train: 0.175830 | Val: 0.177192 | Corr: 0.124890 | LR: 1.00e-03
2026-03-04 01:45:59,596 - INFO -   ↳ Saved best model (val_corr=0.124890)
2026-03-04 01:46:05,104 - INFO - Epoch  10/50 | Train: 0.174969 | Val: 0.176954 | Corr: 0.128004 | LR: 1.00e-03
2026-03-04 01:46:05,121 - INFO -   ↳ Saved best model (val_corr=0.128004)
2026-03-04 01:46:10,573 - INFO - Epoch  11/50 | Train: 0.174434 | Val: 0.177103 | Corr: 0.131341 | LR: 1.00e-03
2026-03-04 01:46:10,632 - INFO -   ↳ Saved best model (val_corr=0.131341)
2026-03-04 01:46:16,000 - INFO - Epoch  12/50 | Train: 0.174024 | Val: 0.176367 | Corr: 0.132048 | LR: 1.00e-03
2026-03-04 01:46:16,020 - INFO -   ↳ Saved best model (val_corr=0.132048)
2026-03-04 01:46:21,438 - INFO - Epoch  13/50 | Train: 0.173604 | Val: 0.176579 | Corr: 0.131871 | LR: 1.00e-03
2026-03-04 01:46:26,911 - INFO - Epoch  14/50 | Train: 0.173071 | Val: 0.176488 | Corr: 0.134902 | LR: 1.00e-03
2026-03-04 01:46:26,928 - INFO -   ↳ Saved best model (val_corr=0.134902)
2026-03-04 01:46:32,387 - INFO - Epoch  15/50 | Train: 0.172671 | Val: 0.177034 | Corr: 0.136499 | LR: 1.00e-03
2026-03-04 01:46:32,412 - INFO -   ↳ Saved best model (val_corr=0.136499)
2026-03-04 01:46:37,904 - INFO - Epoch  16/50 | Train: 0.172303 | Val: 0.176440 | Corr: 0.136005 | LR: 1.00e-03
2026-03-04 01:46:43,382 - INFO - Epoch  17/50 | Train: 0.171959 | Val: 0.176187 | Corr: 0.136263 | LR: 1.00e-03
2026-03-04 01:46:48,804 - INFO - Epoch  18/50 | Train: 0.171549 | Val: 0.176151 | Corr: 0.138116 | LR: 1.00e-03
2026-03-04 01:46:48,824 - INFO -   ↳ Saved best model (val_corr=0.138116)
2026-03-04 01:46:54,231 - INFO - Epoch  19/50 | Train: 0.171273 | Val: 0.176051 | Corr: 0.137854 | LR: 1.00e-03
2026-03-04 01:46:59,617 - INFO - Epoch  20/50 | Train: 0.170892 | Val: 0.176324 | Corr: 0.139294 | LR: 1.00e-03
2026-03-04 01:46:59,640 - INFO -   ↳ Saved best model (val_corr=0.139294)
2026-03-04 01:47:05,166 - INFO - Epoch  21/50 | Train: 0.170610 | Val: 0.176204 | Corr: 0.138342 | LR: 1.00e-03
2026-03-04 01:47:10,678 - INFO - Epoch  22/50 | Train: 0.170250 | Val: 0.176303 | Corr: 0.138311 | LR: 1.00e-03
2026-03-04 01:47:16,208 - INFO - Epoch  23/50 | Train: 0.169921 | Val: 0.176712 | Corr: 0.138795 | LR: 1.00e-03
2026-03-04 01:47:21,760 - INFO - Epoch  24/50 | Train: 0.169683 | Val: 0.176313 | Corr: 0.137884 | LR: 1.00e-03
2026-03-04 01:47:27,144 - INFO - Epoch  25/50 | Train: 0.169512 | Val: 0.176350 | Corr: 0.137621 | LR: 5.00e-04
2026-03-04 01:47:32,439 - INFO - Epoch  26/50 | Train: 0.168232 | Val: 0.176308 | Corr: 0.139237 | LR: 5.00e-04
2026-03-04 01:47:37,894 - INFO - Epoch  27/50 | Train: 0.167937 | Val: 0.176571 | Corr: 0.139112 | LR: 5.00e-04
2026-03-04 01:47:43,354 - INFO - Epoch  28/50 | Train: 0.167810 | Val: 0.176631 | Corr: 0.139549 | LR: 5.00e-04
2026-03-04 01:47:43,380 - INFO -   ↳ Saved best model (val_corr=0.139549)
2026-03-04 01:47:48,874 - INFO - Epoch  29/50 | Train: 0.167638 | Val: 0.176648 | Corr: 0.139338 | LR: 5.00e-04
2026-03-04 01:47:54,312 - INFO - Epoch  30/50 | Train: 0.167447 | Val: 0.176703 | Corr: 0.138572 | LR: 5.00e-04
2026-03-04 01:47:59,740 - INFO - Epoch  31/50 | Train: 0.167352 | Val: 0.177091 | Corr: 0.137645 | LR: 2.50e-04
2026-03-04 01:48:05,223 - INFO - Epoch  32/50 | Train: 0.166670 | Val: 0.176683 | Corr: 0.139698 | LR: 2.50e-04
2026-03-04 01:48:05,240 - INFO -   ↳ Saved best model (val_corr=0.139698)
2026-03-04 01:48:10,707 - INFO - Epoch  33/50 | Train: 0.166636 | Val: 0.176588 | Corr: 0.139255 | LR: 2.50e-04
2026-03-04 01:48:16,163 - INFO - Epoch  34/50 | Train: 0.166432 | Val: 0.177067 | Corr: 0.139123 | LR: 2.50e-04
2026-03-04 01:48:21,527 - INFO - Epoch  35/50 | Train: 0.166411 | Val: 0.176912 | Corr: 0.139136 | LR: 2.50e-04
2026-03-04 01:48:26,988 - INFO - Epoch  36/50 | Train: 0.166159 | Val: 0.176872 | Corr: 0.138579 | LR: 2.50e-04
2026-03-04 01:48:32,525 - INFO - Epoch  37/50 | Train: 0.166228 | Val: 0.176958 | Corr: 0.138995 | LR: 1.25e-04
2026-03-04 01:48:38,120 - INFO - Epoch  38/50 | Train: 0.165895 | Val: 0.176979 | Corr: 0.139035 | LR: 1.25e-04
2026-03-04 01:48:43,704 - INFO - Epoch  39/50 | Train: 0.165729 | Val: 0.176853 | Corr: 0.138882 | LR: 1.25e-04
2026-03-04 01:48:49,251 - INFO - Epoch  40/50 | Train: 0.165712 | Val: 0.177035 | Corr: 0.138966 | LR: 1.25e-04
2026-03-04 01:48:54,818 - INFO - Epoch  41/50 | Train: 0.165678 | Val: 0.177085 | Corr: 0.138784 | LR: 1.25e-04
2026-03-04 01:49:00,417 - INFO - Epoch  42/50 | Train: 0.165599 | Val: 0.177065 | Corr: 0.138775 | LR: 1.25e-04
2026-03-04 01:49:00,417 - INFO - Early stopping at epoch 42
2026-03-04 01:49:00,417 - INFO - Training complete — best val corr: 0.139698
2026-03-04 01:49:02,033 - INFO - Test loss: 0.167751, Test corr: 0.139581
2026-03-04 01:49:02,483 - INFO - Fraction of variance explained (FVE): 0.022381
2026-03-04 01:49:02,483 - INFO - Computing autoregressive (AR) test predictions …
2026-03-04 01:49:03,176 - INFO - AR FVE: 0.019684, AR test corr: 0.129892
2026-03-04 01:49:03,176 - INFO - Generating figures …
2026-03-04 01:49:03,827 - INFO - Correlation between predicted and actual per-neuron averages: r=0.9953, p=0.00e+00
2026-03-04 01:49:06,008 - INFO - Pattern selectivity summary:
2026-03-04 01:49:06,008 - INFO -   Mean correlation across neurons: 0.5854
2026-03-04 01:49:06,008 - INFO -   Median correlation: 0.6021
2026-03-04 01:49:06,008 - INFO -   Neurons with r > 0.5: 45 / 63
2026-03-04 01:49:06,008 - INFO -   Neurons with r > 0.3: 58 / 63
2026-03-04 01:49:06,008 - INFO - Pattern selectivity — mean neuron corr: 0.5854
2026-03-04 01:49:07,802 - INFO - LOO (avg rate) — Model mean r: 0.4344, LOO mean r: 0.4546, Neurons model > LOO: 17/63
2026-03-04 01:49:10,065 - INFO - LOO (temporal) — Model mean r: 0.1470, LOO mean r: 0.3186, Neurons model > LOO: 2/63
2026-03-04 01:49:10,065 - INFO - Skipping oracle trial plots (skip_oracle_plots=True)
2026-03-04 01:49:10,096 - INFO - Experiment complete. Summary: {
  "run_dir": "/scratch/sb272/patterns5k_results/slurm_hist_cnn_2026-03-03_15-13-01/trial_0260_learning_rate=1.0e-03_history=5_kernel_sizes=5_conv_channels=256_fc_dims=256_seed2",
  "model_type": "cnn",
  "batch_avg_test_loss": 0.16775106549263,
  "batch_avg_test_corr": 0.1395808635371853,
  "all_test_fve": 0.022380620714217897,
  "AR_FVE": 0.01968417375806778,
  "AR_test_correlation": 0.129892498254776,
  "best_val_corr": 0.13969754865999712,
  "total_params": 217151,
  "trainable_params": 217151,
  "epochs_trained": 42,
  "mean_pattern_corr": 0.5854012422307472,
  "history": 5,
  "init_state": true,
  "loo_avg_mean_corr": 0.45456832695830385,
  "model_avg_mean_corr": 0.43443251072962724,
  "neurons_model_beats_loo_avg": 17,
  "loo_temporal_mean_corr": 0.31855225563049316,
  "all_test_corr": 0.1470382958650589,
  "neurons_model_beats_loo_temporal": 2,
  "kernel_sizes": [
    5
  ],
  "conv_channels": [
    256
  ],
  "fc_dims": [
    256
  ]
}
