2026-03-04 01:17:36,225 - INFO - ============================================================
2026-03-04 01:17:36,225 - INFO - Experiment run directory: /scratch/sb272/patterns5k_results/slurm_hist_cnn_2026-03-03_15-13-01/trial_0402_learning_rate=5.0e-03_history=5_kernel_sizes=20_conv_channels=256_fc_dims=256_seed0
2026-03-04 01:17:36,225 - INFO - ============================================================
2026-03-04 01:17:36,225 - INFO - Loading data …
2026-03-04 01:17:37,203 - INFO - 63 unique neurons after dropping problematic neurons
2026-03-04 01:17:38,047 - INFO - Stimulation channels: 42, Spiking neurons: 63
2026-03-04 01:18:45,480 - INFO - Unique patterns: 4050, Total trials: 5000
2026-03-04 01:18:45,482 - INFO - Stimulation channels: 42, Spiking neurons: 63
2026-03-04 01:18:45,482 - INFO - Unique patterns: 4050, Total trials: 5000
2026-03-04 01:18:45,493 - INFO - Split (oracle): train=3400, val=600, test=1000
2026-03-04 01:18:59,683 - INFO - BinnedStimSpikeDataset initialized:
2026-03-04 01:18:59,683 - INFO -   input_bin_size_ms=10, output_bin_size_ms=10
2026-03-04 01:18:59,683 - INFO -   n_input_bins=60, n_output_bins=60
2026-03-04 01:18:59,683 - INFO -   output_offset=0, total_bins_input=60, total_bins_output=60
2026-03-04 01:18:59,683 - INFO -   Valid start positions per trial: 0 to 0
2026-03-04 01:18:59,683 - INFO -   Total samples: 3400 (3400 trials × 1 positions)
2026-03-04 01:19:13,371 - INFO - BinnedStimSpikeDataset initialized:
2026-03-04 01:19:13,371 - INFO -   input_bin_size_ms=10, output_bin_size_ms=10
2026-03-04 01:19:13,371 - INFO -   n_input_bins=60, n_output_bins=60
2026-03-04 01:19:13,371 - INFO -   output_offset=0, total_bins_input=60, total_bins_output=60
2026-03-04 01:19:13,371 - INFO -   Valid start positions per trial: 0 to 0
2026-03-04 01:19:13,371 - INFO -   Total samples: 600 (600 trials × 1 positions)
2026-03-04 01:19:27,156 - INFO - BinnedStimSpikeDataset initialized:
2026-03-04 01:19:27,156 - INFO -   input_bin_size_ms=10, output_bin_size_ms=10
2026-03-04 01:19:27,156 - INFO -   n_input_bins=60, n_output_bins=60
2026-03-04 01:19:27,156 - INFO -   output_offset=0, total_bins_input=60, total_bins_output=60
2026-03-04 01:19:27,156 - INFO -   Valid start positions per trial: 0 to 0
2026-03-04 01:19:27,156 - INFO -   Total samples: 1000 (1000 trials × 1 positions)
2026-03-04 01:19:27,157 - INFO - Samples — train: 3400, val: 600, test: 1000
2026-03-04 01:19:27,157 - INFO - Input channels: 105, Neurons: 63
2026-03-04 01:19:27,163 - INFO - Using CPU
2026-03-04 01:19:27,180 - INFO - Model: CNN — 620,351 trainable params (620,351 total)
2026-03-04 01:19:31,548 - INFO - Starting training …
2026-03-04 01:19:38,366 - INFO - Epoch   1/50 | Train: 0.202513 | Val: 0.186327 | Corr: 0.074985 | LR: 5.00e-03
2026-03-04 01:19:38,386 - INFO -   ↳ Saved best model (val_corr=0.074985)
2026-03-04 01:19:44,533 - INFO - Epoch   2/50 | Train: 0.181873 | Val: 0.186307 | Corr: 0.094375 | LR: 5.00e-03
2026-03-04 01:19:44,551 - INFO -   ↳ Saved best model (val_corr=0.094375)
2026-03-04 01:19:50,827 - INFO - Epoch   3/50 | Train: 0.179080 | Val: 0.181974 | Corr: 0.111150 | LR: 5.00e-03
2026-03-04 01:19:50,843 - INFO -   ↳ Saved best model (val_corr=0.111150)
2026-03-04 01:19:57,142 - INFO - Epoch   4/50 | Train: 0.176440 | Val: 0.180900 | Corr: 0.121011 | LR: 5.00e-03
2026-03-04 01:19:57,161 - INFO -   ↳ Saved best model (val_corr=0.121011)
2026-03-04 01:20:03,459 - INFO - Epoch   5/50 | Train: 0.174208 | Val: 0.179873 | Corr: 0.129293 | LR: 5.00e-03
2026-03-04 01:20:03,483 - INFO -   ↳ Saved best model (val_corr=0.129293)
2026-03-04 01:20:09,814 - INFO - Epoch   6/50 | Train: 0.171774 | Val: 0.179087 | Corr: 0.135581 | LR: 5.00e-03
2026-03-04 01:20:09,831 - INFO -   ↳ Saved best model (val_corr=0.135581)
2026-03-04 01:20:16,210 - INFO - Epoch   7/50 | Train: 0.169895 | Val: 0.178873 | Corr: 0.136703 | LR: 5.00e-03
2026-03-04 01:20:16,228 - INFO -   ↳ Saved best model (val_corr=0.136703)
2026-03-04 01:20:22,474 - INFO - Epoch   8/50 | Train: 0.168060 | Val: 0.179503 | Corr: 0.138550 | LR: 5.00e-03
2026-03-04 01:20:22,491 - INFO -   ↳ Saved best model (val_corr=0.138550)
2026-03-04 01:20:28,760 - INFO - Epoch   9/50 | Train: 0.166163 | Val: 0.180044 | Corr: 0.137888 | LR: 5.00e-03
2026-03-04 01:20:34,985 - INFO - Epoch  10/50 | Train: 0.164469 | Val: 0.180288 | Corr: 0.138732 | LR: 5.00e-03
2026-03-04 01:20:35,004 - INFO -   ↳ Saved best model (val_corr=0.138732)
2026-03-04 01:20:41,260 - INFO - Epoch  11/50 | Train: 0.162832 | Val: 0.181069 | Corr: 0.136927 | LR: 5.00e-03
2026-03-04 01:20:47,477 - INFO - Epoch  12/50 | Train: 0.161459 | Val: 0.181861 | Corr: 0.137151 | LR: 5.00e-03
2026-03-04 01:20:53,710 - INFO - Epoch  13/50 | Train: 0.160305 | Val: 0.182137 | Corr: 0.135672 | LR: 2.50e-03
2026-03-04 01:20:59,945 - INFO - Epoch  14/50 | Train: 0.157034 | Val: 0.184861 | Corr: 0.136148 | LR: 2.50e-03
2026-03-04 01:21:06,187 - INFO - Epoch  15/50 | Train: 0.155696 | Val: 0.184607 | Corr: 0.135896 | LR: 2.50e-03
2026-03-04 01:21:12,437 - INFO - Epoch  16/50 | Train: 0.154806 | Val: 0.185266 | Corr: 0.135053 | LR: 2.50e-03
2026-03-04 01:21:18,650 - INFO - Epoch  17/50 | Train: 0.154347 | Val: 0.186917 | Corr: 0.132918 | LR: 2.50e-03
2026-03-04 01:21:24,949 - INFO - Epoch  18/50 | Train: 0.153720 | Val: 0.187969 | Corr: 0.133727 | LR: 2.50e-03
2026-03-04 01:21:31,147 - INFO - Epoch  19/50 | Train: 0.153289 | Val: 0.187202 | Corr: 0.132888 | LR: 1.25e-03
2026-03-04 01:21:37,337 - INFO - Epoch  20/50 | Train: 0.151640 | Val: 0.189129 | Corr: 0.132656 | LR: 1.25e-03
2026-03-04 01:21:37,337 - INFO - Early stopping at epoch 20
2026-03-04 01:21:37,337 - INFO - Training complete — best val corr: 0.138732
2026-03-04 01:21:38,641 - INFO - Test loss: 0.168746, Test corr: 0.132316
2026-03-04 01:21:39,321 - INFO - Fraction of variance explained (FVE): 0.016226
2026-03-04 01:21:39,321 - INFO - Computing autoregressive (AR) test predictions …
2026-03-04 01:21:40,147 - INFO - AR FVE: 0.005751, AR test corr: 0.099259
2026-03-04 01:21:40,147 - INFO - Generating figures …
2026-03-04 01:21:40,525 - INFO - Correlation between predicted and actual per-neuron averages: r=0.9842, p=0.00e+00
2026-03-04 01:21:42,196 - INFO - Pattern selectivity summary:
2026-03-04 01:21:42,196 - INFO -   Mean correlation across neurons: 0.5699
2026-03-04 01:21:42,196 - INFO -   Median correlation: 0.5929
2026-03-04 01:21:42,196 - INFO -   Neurons with r > 0.5: 43 / 63
2026-03-04 01:21:42,196 - INFO -   Neurons with r > 0.3: 60 / 63
2026-03-04 01:21:42,197 - INFO - Pattern selectivity — mean neuron corr: 0.5699
2026-03-04 01:21:43,627 - INFO - LOO (avg rate) — Model mean r: 0.4458, LOO mean r: 0.4546, Neurons model > LOO: 22/63
2026-03-04 01:21:45,524 - INFO - LOO (temporal) — Model mean r: 0.1428, LOO mean r: 0.3186, Neurons model > LOO: 2/63
2026-03-04 01:21:45,525 - INFO - Skipping oracle trial plots (skip_oracle_plots=True)
2026-03-04 01:21:45,532 - INFO - Experiment complete. Summary: {
  "run_dir": "/scratch/sb272/patterns5k_results/slurm_hist_cnn_2026-03-03_15-13-01/trial_0402_learning_rate=5.0e-03_history=5_kernel_sizes=20_conv_channels=256_fc_dims=256_seed0",
  "model_type": "cnn",
  "batch_avg_test_loss": 0.16874617445468904,
  "batch_avg_test_corr": 0.13231628069483786,
  "all_test_fve": 0.016225608568342906,
  "AR_FVE": 0.005750510427686904,
  "AR_test_correlation": 0.09925903379917145,
  "best_val_corr": 0.138731614535763,
  "total_params": 620351,
  "trainable_params": 620351,
  "epochs_trained": 20,
  "mean_pattern_corr": 0.5699442175273871,
  "history": 5,
  "init_state": true,
  "loo_avg_mean_corr": 0.45456832695830385,
  "model_avg_mean_corr": 0.4458368192951474,
  "neurons_model_beats_loo_avg": 22,
  "loo_temporal_mean_corr": 0.31855225563049316,
  "all_test_corr": 0.1427515149116516,
  "neurons_model_beats_loo_temporal": 2,
  "kernel_sizes": [
    20
  ],
  "conv_channels": [
    256
  ],
  "fc_dims": [
    256
  ]
}
