2026-02-25 05:25:10,088 - INFO - ============================================================
2026-02-25 05:25:10,088 - INFO - Experiment run directory: results/multilayer_cnn_nohist_sweep_v2_2026-02-24_22-05-22/trial_0172_history=30_kernel_sizes=5_conv_channels=256_fc_dims=256
2026-02-25 05:25:10,088 - INFO - ============================================================
2026-02-25 05:25:10,088 - INFO - Using preloaded raw data (skipping I/O)
2026-02-25 05:25:10,088 - INFO - Stimulation channels: 42, Spiking neurons: 63
2026-02-25 05:25:10,088 - INFO - Unique patterns: 4050, Total trials: 5000
2026-02-25 05:25:10,099 - INFO - Split (oracle): train=3400, val=600, test=1000
2026-02-25 05:25:24,772 - INFO - BinnedStimSpikeDataset initialized:
2026-02-25 05:25:24,773 - INFO -   input_bin_size_ms=10, output_bin_size_ms=10
2026-02-25 05:25:24,773 - INFO -   n_input_bins=60, n_output_bins=60
2026-02-25 05:25:24,773 - INFO -   output_offset=0, total_bins_input=60, total_bins_output=60
2026-02-25 05:25:24,773 - INFO -   Valid start positions per trial: 0 to 0
2026-02-25 05:25:24,773 - INFO -   Total samples: 3400 (3400 trials × 1 positions)
2026-02-25 05:25:38,265 - INFO - BinnedStimSpikeDataset initialized:
2026-02-25 05:25:38,265 - INFO -   input_bin_size_ms=10, output_bin_size_ms=10
2026-02-25 05:25:38,265 - INFO -   n_input_bins=60, n_output_bins=60
2026-02-25 05:25:38,265 - INFO -   output_offset=0, total_bins_input=60, total_bins_output=60
2026-02-25 05:25:38,265 - INFO -   Valid start positions per trial: 0 to 0
2026-02-25 05:25:38,265 - INFO -   Total samples: 600 (600 trials × 1 positions)
2026-02-25 05:25:51,964 - INFO - BinnedStimSpikeDataset initialized:
2026-02-25 05:25:51,965 - INFO -   input_bin_size_ms=10, output_bin_size_ms=10
2026-02-25 05:25:51,965 - INFO -   n_input_bins=60, n_output_bins=60
2026-02-25 05:25:51,965 - INFO -   output_offset=0, total_bins_input=60, total_bins_output=60
2026-02-25 05:25:51,965 - INFO -   Valid start positions per trial: 0 to 0
2026-02-25 05:25:51,965 - INFO -   Total samples: 1000 (1000 trials × 1 positions)
2026-02-25 05:25:51,966 - INFO - Samples — train: 3400, val: 600, test: 1000
2026-02-25 05:25:51,966 - INFO - Input channels: 105, Neurons: 63
2026-02-25 05:25:51,966 - INFO - Using Apple Silicon MPS acceleration
2026-02-25 05:25:51,979 - INFO - Model: CNN — 217,151 trainable params (217,151 total)
2026-02-25 05:25:51,979 - INFO - Starting training …
2026-02-25 05:25:54,996 - INFO - Epoch   1/50 | Train: 0.233995 | Val: 0.199652 | Corr: 0.084735 | LR: 1.00e-03
2026-02-25 05:25:55,006 - INFO -   ↳ Saved best model (val_corr=0.084735)
2026-02-25 05:25:57,769 - INFO - Epoch   2/50 | Train: 0.199262 | Val: 0.195563 | Corr: 0.114552 | LR: 1.00e-03
2026-02-25 05:25:57,779 - INFO -   ↳ Saved best model (val_corr=0.114552)
2026-02-25 05:26:00,865 - INFO - Epoch   3/50 | Train: 0.194597 | Val: 0.191336 | Corr: 0.141982 | LR: 1.00e-03
2026-02-25 05:26:00,873 - INFO -   ↳ Saved best model (val_corr=0.141982)
2026-02-25 05:26:03,600 - INFO - Epoch   4/50 | Train: 0.191190 | Val: 0.189265 | Corr: 0.154482 | LR: 1.00e-03
2026-02-25 05:26:03,607 - INFO -   ↳ Saved best model (val_corr=0.154482)
2026-02-25 05:26:06,383 - INFO - Epoch   5/50 | Train: 0.188863 | Val: 0.187904 | Corr: 0.164751 | LR: 1.00e-03
2026-02-25 05:26:06,391 - INFO -   ↳ Saved best model (val_corr=0.164751)
2026-02-25 05:26:09,127 - INFO - Epoch   6/50 | Train: 0.187255 | Val: 0.186925 | Corr: 0.172504 | LR: 1.00e-03
2026-02-25 05:26:09,133 - INFO -   ↳ Saved best model (val_corr=0.172504)
2026-02-25 05:26:11,902 - INFO - Epoch   7/50 | Train: 0.186065 | Val: 0.186660 | Corr: 0.178705 | LR: 1.00e-03
2026-02-25 05:26:11,909 - INFO -   ↳ Saved best model (val_corr=0.178705)
2026-02-25 05:26:14,609 - INFO - Epoch   8/50 | Train: 0.185221 | Val: 0.185593 | Corr: 0.181637 | LR: 1.00e-03
2026-02-25 05:26:14,617 - INFO -   ↳ Saved best model (val_corr=0.181637)
2026-02-25 05:26:17,396 - INFO - Epoch   9/50 | Train: 0.184284 | Val: 0.185353 | Corr: 0.184552 | LR: 1.00e-03
2026-02-25 05:26:17,406 - INFO -   ↳ Saved best model (val_corr=0.184552)
2026-02-25 05:26:20,212 - INFO - Epoch  10/50 | Train: 0.183530 | Val: 0.185075 | Corr: 0.188879 | LR: 1.00e-03
2026-02-25 05:26:20,230 - INFO -   ↳ Saved best model (val_corr=0.188879)
2026-02-25 05:26:23,015 - INFO - Epoch  11/50 | Train: 0.182907 | Val: 0.184779 | Corr: 0.191867 | LR: 1.00e-03
2026-02-25 05:26:23,025 - INFO -   ↳ Saved best model (val_corr=0.191867)
2026-02-25 05:26:25,661 - INFO - Epoch  12/50 | Train: 0.182399 | Val: 0.184268 | Corr: 0.192811 | LR: 1.00e-03
2026-02-25 05:26:25,672 - INFO -   ↳ Saved best model (val_corr=0.192811)
2026-02-25 05:26:28,393 - INFO - Epoch  13/50 | Train: 0.181921 | Val: 0.184595 | Corr: 0.194339 | LR: 1.00e-03
2026-02-25 05:26:28,411 - INFO -   ↳ Saved best model (val_corr=0.194339)
2026-02-25 05:26:31,163 - INFO - Epoch  14/50 | Train: 0.181383 | Val: 0.184089 | Corr: 0.195646 | LR: 1.00e-03
2026-02-25 05:26:31,179 - INFO -   ↳ Saved best model (val_corr=0.195646)
2026-02-25 05:26:33,941 - INFO - Epoch  15/50 | Train: 0.181050 | Val: 0.184178 | Corr: 0.197602 | LR: 1.00e-03
2026-02-25 05:26:33,958 - INFO -   ↳ Saved best model (val_corr=0.197602)
2026-02-25 05:26:36,690 - INFO - Epoch  16/50 | Train: 0.180689 | Val: 0.183807 | Corr: 0.196874 | LR: 1.00e-03
2026-02-25 05:26:39,405 - INFO - Epoch  17/50 | Train: 0.180336 | Val: 0.183842 | Corr: 0.198313 | LR: 1.00e-03
2026-02-25 05:26:39,424 - INFO -   ↳ Saved best model (val_corr=0.198313)
2026-02-25 05:26:42,260 - INFO - Epoch  18/50 | Train: 0.179886 | Val: 0.184079 | Corr: 0.199968 | LR: 1.00e-03
2026-02-25 05:26:42,268 - INFO -   ↳ Saved best model (val_corr=0.199968)
2026-02-25 05:26:45,019 - INFO - Epoch  19/50 | Train: 0.179511 | Val: 0.183381 | Corr: 0.199393 | LR: 1.00e-03
2026-02-25 05:26:47,775 - INFO - Epoch  20/50 | Train: 0.179192 | Val: 0.183611 | Corr: 0.198853 | LR: 1.00e-03
2026-02-25 05:26:50,446 - INFO - Epoch  21/50 | Train: 0.178914 | Val: 0.183333 | Corr: 0.201182 | LR: 1.00e-03
2026-02-25 05:26:50,456 - INFO -   ↳ Saved best model (val_corr=0.201182)
2026-02-25 05:26:53,165 - INFO - Epoch  22/50 | Train: 0.178596 | Val: 0.184647 | Corr: 0.200250 | LR: 1.00e-03
2026-02-25 05:26:55,911 - INFO - Epoch  23/50 | Train: 0.178302 | Val: 0.183512 | Corr: 0.200119 | LR: 1.00e-03
2026-02-25 05:26:58,637 - INFO - Epoch  24/50 | Train: 0.177941 | Val: 0.183691 | Corr: 0.200646 | LR: 1.00e-03
2026-02-25 05:27:01,392 - INFO - Epoch  25/50 | Train: 0.177713 | Val: 0.183486 | Corr: 0.200646 | LR: 1.00e-03
2026-02-25 05:27:04,130 - INFO - Epoch  26/50 | Train: 0.177539 | Val: 0.183547 | Corr: 0.200508 | LR: 1.00e-03
2026-02-25 05:27:06,892 - INFO - Epoch  27/50 | Train: 0.177194 | Val: 0.183852 | Corr: 0.200342 | LR: 5.00e-04
2026-02-25 05:27:09,608 - INFO - Epoch  28/50 | Train: 0.176074 | Val: 0.183441 | Corr: 0.201499 | LR: 5.00e-04
2026-02-25 05:27:09,618 - INFO -   ↳ Saved best model (val_corr=0.201499)
2026-02-25 05:27:12,407 - INFO - Epoch  29/50 | Train: 0.175911 | Val: 0.183846 | Corr: 0.201000 | LR: 5.00e-04
2026-02-25 05:27:15,217 - INFO - Epoch  30/50 | Train: 0.175696 | Val: 0.183556 | Corr: 0.201240 | LR: 5.00e-04
2026-02-25 05:27:17,833 - INFO - Epoch  31/50 | Train: 0.175531 | Val: 0.183679 | Corr: 0.200848 | LR: 5.00e-04
2026-02-25 05:27:20,593 - INFO - Epoch  32/50 | Train: 0.175411 | Val: 0.183933 | Corr: 0.201323 | LR: 5.00e-04
2026-02-25 05:27:23,305 - INFO - Epoch  33/50 | Train: 0.175303 | Val: 0.183832 | Corr: 0.200804 | LR: 2.50e-04
2026-02-25 05:27:26,016 - INFO - Epoch  34/50 | Train: 0.174660 | Val: 0.183894 | Corr: 0.201303 | LR: 2.50e-04
2026-02-25 05:27:28,574 - INFO - Epoch  35/50 | Train: 0.174552 | Val: 0.183768 | Corr: 0.201214 | LR: 2.50e-04
2026-02-25 05:27:31,216 - INFO - Epoch  36/50 | Train: 0.174464 | Val: 0.183840 | Corr: 0.200968 | LR: 2.50e-04
2026-02-25 05:27:33,766 - INFO - Epoch  37/50 | Train: 0.174409 | Val: 0.183931 | Corr: 0.201257 | LR: 2.50e-04
2026-02-25 05:27:36,363 - INFO - Epoch  38/50 | Train: 0.174382 | Val: 0.183832 | Corr: 0.201211 | LR: 2.50e-04
2026-02-25 05:27:36,364 - INFO - Early stopping at epoch 38
2026-02-25 05:27:36,364 - INFO - Training complete — best val corr: 0.201499
2026-02-25 05:27:36,799 - INFO - Test loss: 0.174457, Test corr: 0.198480
2026-02-25 05:27:36,938 - INFO - Fraction of variance explained (FVE): 0.048825
2026-02-25 05:27:36,938 - INFO - Computing autoregressive (AR) test predictions …
2026-02-25 05:27:37,638 - INFO - AR FVE: 0.048592, AR test corr: 0.201876
2026-02-25 05:27:37,638 - INFO - Generating figures …
2026-02-25 05:27:37,941 - INFO - Correlation between predicted and actual per-neuron averages: r=0.9940, p=1.92e-60
2026-02-25 05:27:38,502 - INFO - Pattern selectivity summary:
2026-02-25 05:27:38,502 - INFO -   Mean correlation across neurons: 0.6140
2026-02-25 05:27:38,502 - INFO -   Median correlation: 0.6302
2026-02-25 05:27:38,502 - INFO -   Neurons with r > 0.5: 48 / 63
2026-02-25 05:27:38,502 - INFO -   Neurons with r > 0.3: 60 / 63
2026-02-25 05:27:38,502 - INFO - Pattern selectivity — mean neuron corr: 0.6140
2026-02-25 05:27:38,871 - INFO - LOO (avg rate) — Model mean r: 0.4156, LOO mean r: 0.4728, Neurons model > LOO: 11/63
2026-02-25 05:27:39,706 - INFO - LOO (temporal) — Model mean r: 0.2049, LOO mean r: 0.3815, Neurons model > LOO: 1/63
2026-02-25 05:27:39,707 - INFO - Skipping oracle trial plots (skip_oracle_plots=True)
2026-02-25 05:27:39,707 - INFO - Experiment complete. Summary: {
  "run_dir": "results/multilayer_cnn_nohist_sweep_v2_2026-02-24_22-05-22/trial_0172_history=30_kernel_sizes=5_conv_channels=256_fc_dims=256",
  "model_type": "cnn",
  "batch_avg_test_loss": 0.17445659852027892,
  "batch_avg_test_corr": 0.19848030727619811,
  "all_test_fve": 0.048825146659972174,
  "AR_FVE": 0.048591526727827766,
  "AR_test_correlation": 0.20187583565711975,
  "best_val_corr": 0.20149895498453477,
  "total_params": 217151,
  "trainable_params": 217151,
  "epochs_trained": 38,
  "mean_pattern_corr": 0.6140183763608001,
  "history": 30,
  "init_state": true,
  "loo_avg_mean_corr": 0.47275709111471625,
  "model_avg_mean_corr": 0.41561911867227946,
  "neurons_model_beats_loo_avg": 11,
  "loo_temporal_mean_corr": 0.3815135061740875,
  "all_test_corr": 0.20493239164352417,
  "neurons_model_beats_loo_temporal": 1,
  "kernel_sizes": [
    5
  ],
  "conv_channels": [
    256
  ],
  "fc_dims": [
    256
  ]
}
2026-02-25 05:27:39,715 - INFO - 
======================================================================
2026-02-25 05:27:39,715 - INFO - [174/864] trial_0173_history=30_kernel_sizes=5_conv_channels=256_fc_dims=256
2026-02-25 05:27:39,715 - INFO -   Overrides: {"_arch": {"kernel_sizes": [5], "conv_channels": [256], "fc_dims": [256]}, "history": 30, "weight_decay": 0.0001}
2026-02-25 05:27:39,715 - INFO -   Output: results/multilayer_cnn_nohist_sweep_v2_2026-02-24_22-05-22/trial_0173_history=30_kernel_sizes=5_conv_channels=256_fc_dims=256
