2026-03-03 22:01:07,688 - INFO - ============================================================
2026-03-03 22:01:07,688 - INFO - Experiment run directory: /scratch/sb272/patterns5k_results/slurm_hist_cnn_2026-03-03_15-13-01/trial_0286_learning_rate=1.0e-03_history=1_kernel_sizes=10x5x3_conv_channels=256x128x64_fc_dims=256_seed2
2026-03-03 22:01:07,688 - INFO - ============================================================
2026-03-03 22:01:07,688 - INFO - Loading data …
2026-03-03 22:01:08,624 - INFO - 63 unique neurons after dropping problematic neurons
2026-03-03 22:01:09,943 - INFO - Stimulation channels: 42, Spiking neurons: 63
2026-03-03 22:03:20,499 - INFO - Unique patterns: 4050, Total trials: 5000
2026-03-03 22:03:20,501 - INFO - Stimulation channels: 42, Spiking neurons: 63
2026-03-03 22:03:20,501 - INFO - Unique patterns: 4050, Total trials: 5000
2026-03-03 22:03:20,519 - INFO - Split (oracle): train=3400, val=600, test=1000
2026-03-03 22:03:47,833 - INFO - BinnedStimSpikeDataset initialized:
2026-03-03 22:03:47,835 - INFO -   input_bin_size_ms=10, output_bin_size_ms=10
2026-03-03 22:03:47,835 - INFO -   n_input_bins=60, n_output_bins=60
2026-03-03 22:03:47,835 - INFO -   output_offset=0, total_bins_input=60, total_bins_output=60
2026-03-03 22:03:47,835 - INFO -   Valid start positions per trial: 0 to 0
2026-03-03 22:03:47,835 - INFO -   Total samples: 3400 (3400 trials × 1 positions)
2026-03-03 22:04:13,827 - INFO - BinnedStimSpikeDataset initialized:
2026-03-03 22:04:13,827 - INFO -   input_bin_size_ms=10, output_bin_size_ms=10
2026-03-03 22:04:13,827 - INFO -   n_input_bins=60, n_output_bins=60
2026-03-03 22:04:13,827 - INFO -   output_offset=0, total_bins_input=60, total_bins_output=60
2026-03-03 22:04:13,827 - INFO -   Valid start positions per trial: 0 to 0
2026-03-03 22:04:13,827 - INFO -   Total samples: 600 (600 trials × 1 positions)
2026-03-03 22:04:40,050 - INFO - BinnedStimSpikeDataset initialized:
2026-03-03 22:04:40,050 - INFO -   input_bin_size_ms=10, output_bin_size_ms=10
2026-03-03 22:04:40,050 - INFO -   n_input_bins=60, n_output_bins=60
2026-03-03 22:04:40,050 - INFO -   output_offset=0, total_bins_input=60, total_bins_output=60
2026-03-03 22:04:40,050 - INFO -   Valid start positions per trial: 0 to 0
2026-03-03 22:04:40,050 - INFO -   Total samples: 1000 (1000 trials × 1 positions)
2026-03-03 22:04:40,050 - INFO - Samples — train: 3400, val: 600, test: 1000
2026-03-03 22:04:40,050 - INFO - Input channels: 105, Neurons: 63
2026-03-03 22:04:40,066 - INFO - Using CPU
2026-03-03 22:04:40,085 - INFO - Model: CNN — 491,391 trainable params (491,391 total)
2026-03-03 22:04:55,498 - INFO - Starting training …
2026-03-03 22:05:07,219 - INFO - Epoch   1/50 | Train: 0.219739 | Val: 0.173669 | Corr: 0.145451 | LR: 1.00e-03
2026-03-03 22:05:07,259 - INFO -   ↳ Saved best model (val_corr=0.145451)
2026-03-03 22:05:17,747 - INFO - Epoch   2/50 | Train: 0.174443 | Val: 0.169613 | Corr: 0.168085 | LR: 1.00e-03
2026-03-03 22:05:17,774 - INFO -   ↳ Saved best model (val_corr=0.168085)
2026-03-03 22:05:28,011 - INFO - Epoch   3/50 | Train: 0.170364 | Val: 0.167413 | Corr: 0.182407 | LR: 1.00e-03
2026-03-03 22:05:28,042 - INFO -   ↳ Saved best model (val_corr=0.182407)
2026-03-03 22:05:38,410 - INFO - Epoch   4/50 | Train: 0.167956 | Val: 0.167159 | Corr: 0.189523 | LR: 1.00e-03
2026-03-03 22:05:38,447 - INFO -   ↳ Saved best model (val_corr=0.189523)
2026-03-03 22:05:48,689 - INFO - Epoch   5/50 | Train: 0.165917 | Val: 0.165515 | Corr: 0.195342 | LR: 1.00e-03
2026-03-03 22:05:48,719 - INFO -   ↳ Saved best model (val_corr=0.195342)
2026-03-03 22:05:59,164 - INFO - Epoch   6/50 | Train: 0.164563 | Val: 0.164643 | Corr: 0.201077 | LR: 1.00e-03
2026-03-03 22:05:59,194 - INFO -   ↳ Saved best model (val_corr=0.201077)
2026-03-03 22:06:09,403 - INFO - Epoch   7/50 | Train: 0.163090 | Val: 0.164312 | Corr: 0.205763 | LR: 1.00e-03
2026-03-03 22:06:09,446 - INFO -   ↳ Saved best model (val_corr=0.205763)
2026-03-03 22:06:19,725 - INFO - Epoch   8/50 | Train: 0.161889 | Val: 0.163864 | Corr: 0.209977 | LR: 1.00e-03
2026-03-03 22:06:19,778 - INFO -   ↳ Saved best model (val_corr=0.209977)
2026-03-03 22:06:30,235 - INFO - Epoch   9/50 | Train: 0.160863 | Val: 0.163402 | Corr: 0.215227 | LR: 1.00e-03
2026-03-03 22:06:30,268 - INFO -   ↳ Saved best model (val_corr=0.215227)
2026-03-03 22:06:40,503 - INFO - Epoch  10/50 | Train: 0.159887 | Val: 0.162638 | Corr: 0.218686 | LR: 1.00e-03
2026-03-03 22:06:40,544 - INFO -   ↳ Saved best model (val_corr=0.218686)
2026-03-03 22:06:50,568 - INFO - Epoch  11/50 | Train: 0.159102 | Val: 0.163581 | Corr: 0.220349 | LR: 1.00e-03
2026-03-03 22:06:50,604 - INFO -   ↳ Saved best model (val_corr=0.220349)
2026-03-03 22:07:00,978 - INFO - Epoch  12/50 | Train: 0.158342 | Val: 0.161766 | Corr: 0.225065 | LR: 1.00e-03
2026-03-03 22:07:01,007 - INFO -   ↳ Saved best model (val_corr=0.225065)
2026-03-03 22:07:11,430 - INFO - Epoch  13/50 | Train: 0.157619 | Val: 0.162375 | Corr: 0.225883 | LR: 1.00e-03
2026-03-03 22:07:11,459 - INFO -   ↳ Saved best model (val_corr=0.225883)
2026-03-03 22:07:21,882 - INFO - Epoch  14/50 | Train: 0.157011 | Val: 0.161935 | Corr: 0.226141 | LR: 1.00e-03
2026-03-03 22:07:21,918 - INFO -   ↳ Saved best model (val_corr=0.226141)
2026-03-03 22:07:32,311 - INFO - Epoch  15/50 | Train: 0.156376 | Val: 0.161391 | Corr: 0.229337 | LR: 1.00e-03
2026-03-03 22:07:32,342 - INFO -   ↳ Saved best model (val_corr=0.229337)
2026-03-03 22:07:42,519 - INFO - Epoch  16/50 | Train: 0.155761 | Val: 0.161631 | Corr: 0.230360 | LR: 1.00e-03
2026-03-03 22:07:42,544 - INFO -   ↳ Saved best model (val_corr=0.230360)
2026-03-03 22:07:52,994 - INFO - Epoch  17/50 | Train: 0.155221 | Val: 0.161500 | Corr: 0.230694 | LR: 1.00e-03
2026-03-03 22:07:53,023 - INFO -   ↳ Saved best model (val_corr=0.230694)
2026-03-03 22:08:03,173 - INFO - Epoch  18/50 | Train: 0.154873 | Val: 0.161320 | Corr: 0.232384 | LR: 1.00e-03
2026-03-03 22:08:03,206 - INFO -   ↳ Saved best model (val_corr=0.232384)
2026-03-03 22:08:13,602 - INFO - Epoch  19/50 | Train: 0.154392 | Val: 0.161610 | Corr: 0.233682 | LR: 1.00e-03
2026-03-03 22:08:13,627 - INFO -   ↳ Saved best model (val_corr=0.233682)
2026-03-03 22:08:24,053 - INFO - Epoch  20/50 | Train: 0.154015 | Val: 0.161610 | Corr: 0.234029 | LR: 1.00e-03
2026-03-03 22:08:24,081 - INFO -   ↳ Saved best model (val_corr=0.234029)
2026-03-03 22:08:34,590 - INFO - Epoch  21/50 | Train: 0.153665 | Val: 0.161958 | Corr: 0.235064 | LR: 1.00e-03
2026-03-03 22:08:34,620 - INFO -   ↳ Saved best model (val_corr=0.235064)
2026-03-03 22:08:45,161 - INFO - Epoch  22/50 | Train: 0.153334 | Val: 0.161765 | Corr: 0.234708 | LR: 1.00e-03
2026-03-03 22:08:55,652 - INFO - Epoch  23/50 | Train: 0.152996 | Val: 0.161468 | Corr: 0.236032 | LR: 1.00e-03
2026-03-03 22:08:55,697 - INFO -   ↳ Saved best model (val_corr=0.236032)
2026-03-03 22:09:06,007 - INFO - Epoch  24/50 | Train: 0.152659 | Val: 0.161677 | Corr: 0.236569 | LR: 5.00e-04
2026-03-03 22:09:06,051 - INFO -   ↳ Saved best model (val_corr=0.236569)
2026-03-03 22:09:16,425 - INFO - Epoch  25/50 | Train: 0.151387 | Val: 0.161622 | Corr: 0.237536 | LR: 5.00e-04
2026-03-03 22:09:16,459 - INFO -   ↳ Saved best model (val_corr=0.237536)
2026-03-03 22:09:27,205 - INFO - Epoch  26/50 | Train: 0.150930 | Val: 0.161399 | Corr: 0.237199 | LR: 5.00e-04
2026-03-03 22:09:38,135 - INFO - Epoch  27/50 | Train: 0.150573 | Val: 0.161634 | Corr: 0.238140 | LR: 5.00e-04
2026-03-03 22:09:38,165 - INFO -   ↳ Saved best model (val_corr=0.238140)
2026-03-03 22:09:49,187 - INFO - Epoch  28/50 | Train: 0.150521 | Val: 0.161871 | Corr: 0.237260 | LR: 5.00e-04
2026-03-03 22:09:59,916 - INFO - Epoch  29/50 | Train: 0.150206 | Val: 0.161884 | Corr: 0.237303 | LR: 5.00e-04
2026-03-03 22:10:10,897 - INFO - Epoch  30/50 | Train: 0.150016 | Val: 0.161598 | Corr: 0.237965 | LR: 2.50e-04
2026-03-03 22:10:21,625 - INFO - Epoch  31/50 | Train: 0.149536 | Val: 0.161787 | Corr: 0.238059 | LR: 2.50e-04
2026-03-03 22:10:32,345 - INFO - Epoch  32/50 | Train: 0.149189 | Val: 0.161966 | Corr: 0.237920 | LR: 2.50e-04
2026-03-03 22:10:43,019 - INFO - Epoch  33/50 | Train: 0.149047 | Val: 0.162182 | Corr: 0.238439 | LR: 2.50e-04
2026-03-03 22:10:43,059 - INFO -   ↳ Saved best model (val_corr=0.238439)
2026-03-03 22:10:53,746 - INFO - Epoch  34/50 | Train: 0.148890 | Val: 0.162044 | Corr: 0.238980 | LR: 2.50e-04
2026-03-03 22:10:53,784 - INFO -   ↳ Saved best model (val_corr=0.238980)
2026-03-03 22:11:04,430 - INFO - Epoch  35/50 | Train: 0.148781 | Val: 0.162042 | Corr: 0.238555 | LR: 2.50e-04
2026-03-03 22:11:15,124 - INFO - Epoch  36/50 | Train: 0.148667 | Val: 0.162185 | Corr: 0.239365 | LR: 1.25e-04
2026-03-03 22:11:15,148 - INFO -   ↳ Saved best model (val_corr=0.239365)
2026-03-03 22:11:25,801 - INFO - Epoch  37/50 | Train: 0.148410 | Val: 0.162326 | Corr: 0.238944 | LR: 1.25e-04
2026-03-03 22:11:36,434 - INFO - Epoch  38/50 | Train: 0.148249 | Val: 0.162280 | Corr: 0.239241 | LR: 1.25e-04
2026-03-03 22:11:46,887 - INFO - Epoch  39/50 | Train: 0.148185 | Val: 0.162369 | Corr: 0.235521 | LR: 1.25e-04
2026-03-03 22:11:57,270 - INFO - Epoch  40/50 | Train: 0.148151 | Val: 0.162190 | Corr: 0.238068 | LR: 1.25e-04
2026-03-03 22:12:07,575 - INFO - Epoch  41/50 | Train: 0.148117 | Val: 0.162165 | Corr: 0.238964 | LR: 1.25e-04
2026-03-03 22:12:18,228 - INFO - Epoch  42/50 | Train: 0.148015 | Val: 0.162426 | Corr: 0.237566 | LR: 6.25e-05
2026-03-03 22:12:28,724 - INFO - Epoch  43/50 | Train: 0.147854 | Val: 0.162567 | Corr: 0.237633 | LR: 6.25e-05
2026-03-03 22:12:39,225 - INFO - Epoch  44/50 | Train: 0.147766 | Val: 0.162638 | Corr: 0.237703 | LR: 6.25e-05
2026-03-03 22:12:49,852 - INFO - Epoch  45/50 | Train: 0.147666 | Val: 0.162573 | Corr: 0.239230 | LR: 6.25e-05
2026-03-03 22:13:00,357 - INFO - Epoch  46/50 | Train: 0.147770 | Val: 0.162634 | Corr: 0.238521 | LR: 6.25e-05
2026-03-03 22:13:00,357 - INFO - Early stopping at epoch 46
2026-03-03 22:13:00,357 - INFO - Training complete — best val corr: 0.239365
2026-03-03 22:13:02,776 - INFO - Test loss: 0.153774, Test corr: 0.234189
2026-03-03 22:13:03,654 - INFO - Fraction of variance explained (FVE): 0.065775
2026-03-03 22:13:03,654 - INFO - Computing autoregressive (AR) test predictions …
2026-03-03 22:13:04,770 - INFO - AR FVE: -0.018847, AR test corr: 0.052631
2026-03-03 22:13:04,770 - INFO - Generating figures …
2026-03-03 22:13:05,617 - INFO - Correlation between predicted and actual per-neuron averages: r=0.9911, p=0.00e+00
2026-03-03 22:13:08,349 - INFO - Pattern selectivity summary:
2026-03-03 22:13:08,350 - INFO -   Mean correlation across neurons: 0.6887
2026-03-03 22:13:08,350 - INFO -   Median correlation: 0.7219
2026-03-03 22:13:08,350 - INFO -   Neurons with r > 0.5: 52 / 63
2026-03-03 22:13:08,350 - INFO -   Neurons with r > 0.3: 62 / 63
2026-03-03 22:13:08,350 - INFO - Pattern selectivity — mean neuron corr: 0.6887
2026-03-03 22:13:10,614 - INFO - LOO (avg rate) — Model mean r: 0.5633, LOO mean r: 0.4546, Neurons model > LOO: 48/63
2026-03-03 22:13:13,391 - INFO - LOO (temporal) — Model mean r: 0.2453, LOO mean r: 0.3186, Neurons model > LOO: 13/63
2026-03-03 22:13:13,391 - INFO - Skipping oracle trial plots (skip_oracle_plots=True)
2026-03-03 22:13:13,410 - INFO - Experiment complete. Summary: {
  "run_dir": "/scratch/sb272/patterns5k_results/slurm_hist_cnn_2026-03-03_15-13-01/trial_0286_learning_rate=1.0e-03_history=1_kernel_sizes=10x5x3_conv_channels=256x128x64_fc_dims=256_seed2",
  "model_type": "cnn",
  "batch_avg_test_loss": 0.1537739918231964,
  "batch_avg_test_corr": 0.23418948404122408,
  "all_test_fve": 0.06577538781695896,
  "AR_FVE": -0.018846721876235234,
  "AR_test_correlation": 0.05263109505176544,
  "best_val_corr": 0.23936457734098107,
  "total_params": 491391,
  "trainable_params": 491391,
  "epochs_trained": 46,
  "mean_pattern_corr": 0.6887378769994036,
  "history": 1,
  "init_state": true,
  "loo_avg_mean_corr": 0.45456832695830385,
  "model_avg_mean_corr": 0.563338856089124,
  "neurons_model_beats_loo_avg": 48,
  "loo_temporal_mean_corr": 0.31855225563049316,
  "all_test_corr": 0.24525412917137146,
  "neurons_model_beats_loo_temporal": 13,
  "kernel_sizes": [
    10,
    5,
    3
  ],
  "conv_channels": [
    256,
    128,
    64
  ],
  "fc_dims": [
    256
  ]
}
