2026-03-05 20:59:48,853 - INFO - ============================================================
2026-03-05 20:59:48,854 - INFO - Experiment run directory: /scratch/sb272/patterns5k_results/slurm_hist_cnn_2026-03-05_16-01-45/trial_0238_learning_rate=5.0e-04_history=1_kernel_sizes=3x3x3_conv_channels=256x256x256_fc_dims=512_seed0
2026-03-05 20:59:48,854 - INFO - ============================================================
2026-03-05 20:59:48,854 - INFO - Loading data …
2026-03-05 20:59:49,645 - INFO - 63 unique neurons after dropping problematic neurons
2026-03-05 20:59:50,728 - INFO - Stimulation channels: 42, Spiking neurons: 63
2026-03-05 21:01:37,157 - INFO - Unique patterns: 4050, Total trials: 5000
2026-03-05 21:01:37,159 - INFO - Stimulation channels: 42, Spiking neurons: 63
2026-03-05 21:01:37,159 - INFO - Unique patterns: 4050, Total trials: 5000
2026-03-05 21:01:37,174 - INFO - Split (oracle): train=3400, val=600, test=1000
2026-03-05 21:01:59,256 - INFO - BinnedStimSpikeDataset initialized:
2026-03-05 21:01:59,257 - INFO -   input_bin_size_ms=10, output_bin_size_ms=10
2026-03-05 21:01:59,257 - INFO -   n_input_bins=60, n_output_bins=60
2026-03-05 21:01:59,257 - INFO -   output_offset=0, total_bins_input=60, total_bins_output=60
2026-03-05 21:01:59,257 - INFO -   Valid start positions per trial: 0 to 0
2026-03-05 21:01:59,257 - INFO -   Total samples: 3400 (3400 trials × 1 positions)
2026-03-05 21:02:20,719 - INFO - BinnedStimSpikeDataset initialized:
2026-03-05 21:02:20,719 - INFO -   input_bin_size_ms=10, output_bin_size_ms=10
2026-03-05 21:02:20,719 - INFO -   n_input_bins=60, n_output_bins=60
2026-03-05 21:02:20,720 - INFO -   output_offset=0, total_bins_input=60, total_bins_output=60
2026-03-05 21:02:20,720 - INFO -   Valid start positions per trial: 0 to 0
2026-03-05 21:02:20,720 - INFO -   Total samples: 600 (600 trials × 1 positions)
2026-03-05 21:02:42,355 - INFO - BinnedStimSpikeDataset initialized:
2026-03-05 21:02:42,355 - INFO -   input_bin_size_ms=10, output_bin_size_ms=10
2026-03-05 21:02:42,355 - INFO -   n_input_bins=60, n_output_bins=60
2026-03-05 21:02:42,355 - INFO -   output_offset=0, total_bins_input=60, total_bins_output=60
2026-03-05 21:02:42,355 - INFO -   Valid start positions per trial: 0 to 0
2026-03-05 21:02:42,355 - INFO -   Total samples: 1000 (1000 trials × 1 positions)
2026-03-05 21:02:42,356 - INFO - Samples — train: 3400, val: 600, test: 1000
2026-03-05 21:02:42,356 - INFO - Input channels: 105, Neurons: 63
2026-03-05 21:02:42,362 - INFO - Using CPU
2026-03-05 21:02:42,369 - INFO - Model: CNN — 640,063 trainable params (640,063 total)
2026-03-05 21:02:46,520 - INFO - Starting training …
2026-03-05 21:02:57,388 - INFO - Epoch   1/50 | Train: 0.209569 | Val: 0.173500 | Corr: 0.160634 | LR: 5.00e-04
2026-03-05 21:02:57,406 - INFO -   ↳ Saved best model (val_corr=0.160634)
2026-03-05 21:03:07,497 - INFO - Epoch   2/50 | Train: 0.171000 | Val: 0.170180 | Corr: 0.184913 | LR: 5.00e-04
2026-03-05 21:03:07,523 - INFO -   ↳ Saved best model (val_corr=0.184913)
2026-03-05 21:03:17,551 - INFO - Epoch   3/50 | Train: 0.167863 | Val: 0.167884 | Corr: 0.203071 | LR: 5.00e-04
2026-03-05 21:03:17,569 - INFO -   ↳ Saved best model (val_corr=0.203071)
2026-03-05 21:03:27,631 - INFO - Epoch   4/50 | Train: 0.165689 | Val: 0.166066 | Corr: 0.215318 | LR: 5.00e-04
2026-03-05 21:03:27,648 - INFO -   ↳ Saved best model (val_corr=0.215318)
2026-03-05 21:03:37,729 - INFO - Epoch   5/50 | Train: 0.163877 | Val: 0.164596 | Corr: 0.227169 | LR: 5.00e-04
2026-03-05 21:03:37,746 - INFO -   ↳ Saved best model (val_corr=0.227169)
2026-03-05 21:03:47,842 - INFO - Epoch   6/50 | Train: 0.162575 | Val: 0.163476 | Corr: 0.235466 | LR: 5.00e-04
2026-03-05 21:03:47,861 - INFO -   ↳ Saved best model (val_corr=0.235466)
2026-03-05 21:03:57,911 - INFO - Epoch   7/50 | Train: 0.161522 | Val: 0.162947 | Corr: 0.240986 | LR: 5.00e-04
2026-03-05 21:03:57,930 - INFO -   ↳ Saved best model (val_corr=0.240986)
2026-03-05 21:04:07,997 - INFO - Epoch   8/50 | Train: 0.160616 | Val: 0.162390 | Corr: 0.245495 | LR: 5.00e-04
2026-03-05 21:04:08,013 - INFO -   ↳ Saved best model (val_corr=0.245495)
2026-03-05 21:04:18,092 - INFO - Epoch   9/50 | Train: 0.159794 | Val: 0.161775 | Corr: 0.251289 | LR: 5.00e-04
2026-03-05 21:04:18,110 - INFO -   ↳ Saved best model (val_corr=0.251289)
2026-03-05 21:04:28,159 - INFO - Epoch  10/50 | Train: 0.159080 | Val: 0.161385 | Corr: 0.255033 | LR: 5.00e-04
2026-03-05 21:04:28,181 - INFO -   ↳ Saved best model (val_corr=0.255033)
2026-03-05 21:04:38,296 - INFO - Epoch  11/50 | Train: 0.158459 | Val: 0.161306 | Corr: 0.256761 | LR: 5.00e-04
2026-03-05 21:04:38,312 - INFO -   ↳ Saved best model (val_corr=0.256761)
2026-03-05 21:04:48,419 - INFO - Epoch  12/50 | Train: 0.157981 | Val: 0.160979 | Corr: 0.258581 | LR: 5.00e-04
2026-03-05 21:04:48,437 - INFO -   ↳ Saved best model (val_corr=0.258581)
2026-03-05 21:04:58,546 - INFO - Epoch  13/50 | Train: 0.157422 | Val: 0.161498 | Corr: 0.262917 | LR: 5.00e-04
2026-03-05 21:04:58,583 - INFO -   ↳ Saved best model (val_corr=0.262917)
2026-03-05 21:05:11,353 - INFO - Epoch  14/50 | Train: 0.156883 | Val: 0.160388 | Corr: 0.264002 | LR: 5.00e-04
2026-03-05 21:05:11,367 - INFO -   ↳ Saved best model (val_corr=0.264002)
2026-03-05 21:05:27,311 - INFO - Epoch  15/50 | Train: 0.156521 | Val: 0.160243 | Corr: 0.265370 | LR: 5.00e-04
2026-03-05 21:05:27,331 - INFO -   ↳ Saved best model (val_corr=0.265370)
2026-03-05 21:05:43,415 - INFO - Epoch  16/50 | Train: 0.156070 | Val: 0.159912 | Corr: 0.267370 | LR: 5.00e-04
2026-03-05 21:05:43,440 - INFO -   ↳ Saved best model (val_corr=0.267370)
2026-03-05 21:05:59,718 - INFO - Epoch  17/50 | Train: 0.155752 | Val: 0.159807 | Corr: 0.268775 | LR: 5.00e-04
2026-03-05 21:05:59,736 - INFO -   ↳ Saved best model (val_corr=0.268775)
2026-03-05 21:06:16,602 - INFO - Epoch  18/50 | Train: 0.155338 | Val: 0.160100 | Corr: 0.269776 | LR: 5.00e-04
2026-03-05 21:06:16,619 - INFO -   ↳ Saved best model (val_corr=0.269776)
2026-03-05 21:06:36,831 - INFO - Epoch  19/50 | Train: 0.155045 | Val: 0.159845 | Corr: 0.269897 | LR: 5.00e-04
2026-03-05 21:06:36,853 - INFO -   ↳ Saved best model (val_corr=0.269897)
2026-03-05 21:06:57,511 - INFO - Epoch  20/50 | Train: 0.154739 | Val: 0.159578 | Corr: 0.270526 | LR: 5.00e-04
2026-03-05 21:06:57,529 - INFO -   ↳ Saved best model (val_corr=0.270526)
2026-03-05 21:07:18,052 - INFO - Epoch  21/50 | Train: 0.154550 | Val: 0.159656 | Corr: 0.270666 | LR: 5.00e-04
2026-03-05 21:07:18,071 - INFO -   ↳ Saved best model (val_corr=0.270666)
2026-03-05 21:07:38,649 - INFO - Epoch  22/50 | Train: 0.154125 | Val: 0.159481 | Corr: 0.271738 | LR: 5.00e-04
2026-03-05 21:07:38,684 - INFO -   ↳ Saved best model (val_corr=0.271738)
2026-03-05 21:07:58,880 - INFO - Epoch  23/50 | Train: 0.153922 | Val: 0.159768 | Corr: 0.271943 | LR: 5.00e-04
2026-03-05 21:07:58,905 - INFO -   ↳ Saved best model (val_corr=0.271943)
2026-03-05 21:08:19,503 - INFO - Epoch  24/50 | Train: 0.153539 | Val: 0.159446 | Corr: 0.272653 | LR: 5.00e-04
2026-03-05 21:08:19,525 - INFO -   ↳ Saved best model (val_corr=0.272653)
2026-03-05 21:08:40,126 - INFO - Epoch  25/50 | Train: 0.153281 | Val: 0.159391 | Corr: 0.273618 | LR: 5.00e-04
2026-03-05 21:08:40,169 - INFO -   ↳ Saved best model (val_corr=0.273618)
2026-03-05 21:09:00,706 - INFO - Epoch  26/50 | Train: 0.153168 | Val: 0.159410 | Corr: 0.273686 | LR: 5.00e-04
2026-03-05 21:09:00,725 - INFO -   ↳ Saved best model (val_corr=0.273686)
2026-03-05 21:09:23,118 - INFO - Epoch  27/50 | Train: 0.152898 | Val: 0.159274 | Corr: 0.274118 | LR: 5.00e-04
2026-03-05 21:09:23,140 - INFO -   ↳ Saved best model (val_corr=0.274118)
2026-03-05 21:09:44,572 - INFO - Epoch  28/50 | Train: 0.152620 | Val: 0.159233 | Corr: 0.274090 | LR: 5.00e-04
2026-03-05 21:10:05,448 - INFO - Epoch  29/50 | Train: 0.152458 | Val: 0.159517 | Corr: 0.273758 | LR: 5.00e-04
2026-03-05 21:10:25,088 - INFO - Epoch  30/50 | Train: 0.152235 | Val: 0.159747 | Corr: 0.273822 | LR: 5.00e-04
2026-03-05 21:10:43,474 - INFO - Epoch  31/50 | Train: 0.152072 | Val: 0.159481 | Corr: 0.274631 | LR: 5.00e-04
2026-03-05 21:10:43,498 - INFO -   ↳ Saved best model (val_corr=0.274631)
2026-03-05 21:11:00,641 - INFO - Epoch  32/50 | Train: 0.151857 | Val: 0.159482 | Corr: 0.274763 | LR: 5.00e-04
2026-03-05 21:11:00,662 - INFO -   ↳ Saved best model (val_corr=0.274763)
2026-03-05 21:11:18,255 - INFO - Epoch  33/50 | Train: 0.151666 | Val: 0.159206 | Corr: 0.275580 | LR: 5.00e-04
2026-03-05 21:11:18,273 - INFO -   ↳ Saved best model (val_corr=0.275580)
2026-03-05 21:11:36,089 - INFO - Epoch  34/50 | Train: 0.151571 | Val: 0.159267 | Corr: 0.275641 | LR: 5.00e-04
2026-03-05 21:11:36,110 - INFO -   ↳ Saved best model (val_corr=0.275641)
2026-03-05 21:11:53,241 - INFO - Epoch  35/50 | Train: 0.151291 | Val: 0.159257 | Corr: 0.274826 | LR: 5.00e-04
2026-03-05 21:12:10,496 - INFO - Epoch  36/50 | Train: 0.151146 | Val: 0.159184 | Corr: 0.276595 | LR: 5.00e-04
2026-03-05 21:12:10,515 - INFO -   ↳ Saved best model (val_corr=0.276595)
2026-03-05 21:12:27,849 - INFO - Epoch  37/50 | Train: 0.150989 | Val: 0.159560 | Corr: 0.275924 | LR: 5.00e-04
2026-03-05 21:12:45,782 - INFO - Epoch  38/50 | Train: 0.150805 | Val: 0.159369 | Corr: 0.275444 | LR: 5.00e-04
2026-03-05 21:13:03,656 - INFO - Epoch  39/50 | Train: 0.150665 | Val: 0.159255 | Corr: 0.275947 | LR: 5.00e-04
2026-03-05 21:13:20,333 - INFO - Epoch  40/50 | Train: 0.150495 | Val: 0.159680 | Corr: 0.275074 | LR: 5.00e-04
2026-03-05 21:13:37,561 - INFO - Epoch  41/50 | Train: 0.150433 | Val: 0.159226 | Corr: 0.275738 | LR: 5.00e-04
2026-03-05 21:13:55,277 - INFO - Epoch  42/50 | Train: 0.150342 | Val: 0.159531 | Corr: 0.275617 | LR: 2.50e-04
2026-03-05 21:14:13,109 - INFO - Epoch  43/50 | Train: 0.149533 | Val: 0.159380 | Corr: 0.277019 | LR: 2.50e-04
2026-03-05 21:14:13,135 - INFO -   ↳ Saved best model (val_corr=0.277019)
2026-03-05 21:14:30,252 - INFO - Epoch  44/50 | Train: 0.149215 | Val: 0.159486 | Corr: 0.276635 | LR: 2.50e-04
2026-03-05 21:14:47,466 - INFO - Epoch  45/50 | Train: 0.149076 | Val: 0.159353 | Corr: 0.277008 | LR: 2.50e-04
2026-03-05 21:15:04,718 - INFO - Epoch  46/50 | Train: 0.148981 | Val: 0.159295 | Corr: 0.277017 | LR: 2.50e-04
2026-03-05 21:15:22,799 - INFO - Epoch  47/50 | Train: 0.148835 | Val: 0.159382 | Corr: 0.277385 | LR: 2.50e-04
2026-03-05 21:15:22,823 - INFO -   ↳ Saved best model (val_corr=0.277385)
2026-03-05 21:15:40,740 - INFO - Epoch  48/50 | Train: 0.148769 | Val: 0.159295 | Corr: 0.277750 | LR: 1.25e-04
2026-03-05 21:15:40,762 - INFO -   ↳ Saved best model (val_corr=0.277750)
2026-03-05 21:15:57,539 - INFO - Epoch  49/50 | Train: 0.148382 | Val: 0.159541 | Corr: 0.275666 | LR: 1.25e-04
2026-03-05 21:16:14,711 - INFO - Epoch  50/50 | Train: 0.148317 | Val: 0.159510 | Corr: 0.277255 | LR: 1.25e-04
2026-03-05 21:16:14,711 - INFO - Training complete — best val corr: 0.277750
2026-03-05 21:16:17,372 - INFO - Test loss: 0.149665, Test corr: 0.267716
2026-03-05 21:16:18,672 - INFO - Fraction of variance explained (FVE): 0.085529
2026-03-05 21:16:18,672 - INFO - Computing autoregressive (AR) test predictions …
2026-03-05 21:16:20,137 - INFO - AR FVE: -0.016189, AR test corr: 0.067153
2026-03-05 21:16:20,137 - INFO - Generating figures …
2026-03-05 21:16:20,853 - INFO - Correlation between predicted and actual per-neuron averages: r=0.9910, p=0.00e+00
2026-03-05 21:16:24,121 - INFO - Pattern selectivity summary:
2026-03-05 21:16:24,121 - INFO -   Mean correlation across neurons: 0.7763
2026-03-05 21:16:24,122 - INFO -   Median correlation: 0.8034
2026-03-05 21:16:24,122 - INFO -   Neurons with r > 0.5: 59 / 63
2026-03-05 21:16:24,122 - INFO -   Neurons with r > 0.3: 63 / 63
2026-03-05 21:16:24,122 - INFO - Pattern selectivity — mean neuron corr: 0.7763
2026-03-05 21:16:26,856 - INFO - LOO (avg rate) — Model mean r: 0.6362, LOO mean r: 0.4546, Neurons model > LOO: 58/63
2026-03-05 21:16:30,855 - INFO - LOO (temporal) — Model mean r: 0.2796, LOO mean r: 0.3186, Neurons model > LOO: 16/63
2026-03-05 21:16:30,855 - INFO - Skipping oracle trial plots (skip_oracle_plots=True)
2026-03-05 21:16:30,862 - INFO - Experiment complete. Summary: {
  "run_dir": "/scratch/sb272/patterns5k_results/slurm_hist_cnn_2026-03-05_16-01-45/trial_0238_learning_rate=5.0e-04_history=1_kernel_sizes=3x3x3_conv_channels=256x256x256_fc_dims=512_seed0",
  "model_type": "cnn",
  "batch_avg_test_loss": 0.1496652054786682,
  "batch_avg_test_corr": 0.26771584169289414,
  "all_test_fve": 0.08552868782527863,
  "AR_FVE": -0.01618933015399509,
  "AR_test_correlation": 0.0671529695391655,
  "best_val_corr": 0.27774996156619786,
  "total_params": 640063,
  "trainable_params": 640063,
  "epochs_trained": 50,
  "mean_pattern_corr": 0.7763042393990169,
  "history": 1,
  "init_state": true,
  "loo_avg_mean_corr": 0.45456832695830385,
  "model_avg_mean_corr": 0.6362336349733828,
  "neurons_model_beats_loo_avg": 58,
  "loo_temporal_mean_corr": 0.31855225563049316,
  "all_test_corr": 0.279567688703537,
  "neurons_model_beats_loo_temporal": 16,
  "kernel_sizes": [
    3,
    3,
    3
  ],
  "conv_channels": [
    256,
    256,
    256
  ],
  "fc_dims": [
    512
  ]
}
