2026-02-15 19:38:48,019 - INFO - ============================================================
2026-02-15 19:38:48,019 - INFO - Experiment run directory: results/base_cnn_kernel_sweep_2026-02-15_11-28-56/trial_0188_learning_rate=1.0e-04
2026-02-15 19:38:48,019 - INFO - ============================================================
2026-02-15 19:38:48,019 - INFO - Using preloaded raw data (skipping I/O)
2026-02-15 19:38:48,019 - INFO - Stimulation channels: 42, Spiking neurons: 63
2026-02-15 19:38:48,019 - INFO - Unique patterns: 4050, Total trials: 5000
2026-02-15 19:38:48,034 - INFO - Split (oracle): train=3400, val=600, test=1000
2026-02-15 19:39:03,381 - INFO - BinnedStimSpikeDataset initialized:
2026-02-15 19:39:03,382 - INFO -   input_bin_size_ms=10, output_bin_size_ms=10
2026-02-15 19:39:03,382 - INFO -   n_input_bins=60, n_output_bins=60
2026-02-15 19:39:03,382 - INFO -   output_offset=0, total_bins_input=60, total_bins_output=60
2026-02-15 19:39:03,382 - INFO -   Valid start positions per trial: 0 to 0
2026-02-15 19:39:03,382 - INFO -   Total samples: 3400 (3400 trials × 1 positions)
2026-02-15 19:39:19,580 - INFO - BinnedStimSpikeDataset initialized:
2026-02-15 19:39:19,581 - INFO -   input_bin_size_ms=10, output_bin_size_ms=10
2026-02-15 19:39:19,581 - INFO -   n_input_bins=60, n_output_bins=60
2026-02-15 19:39:19,581 - INFO -   output_offset=0, total_bins_input=60, total_bins_output=60
2026-02-15 19:39:19,581 - INFO -   Valid start positions per trial: 0 to 0
2026-02-15 19:39:19,581 - INFO -   Total samples: 600 (600 trials × 1 positions)
2026-02-15 19:39:36,737 - INFO - BinnedStimSpikeDataset initialized:
2026-02-15 19:39:36,738 - INFO -   input_bin_size_ms=10, output_bin_size_ms=10
2026-02-15 19:39:36,738 - INFO -   n_input_bins=60, n_output_bins=60
2026-02-15 19:39:36,738 - INFO -   output_offset=0, total_bins_input=60, total_bins_output=60
2026-02-15 19:39:36,738 - INFO -   Valid start positions per trial: 0 to 0
2026-02-15 19:39:36,738 - INFO -   Total samples: 1000 (1000 trials × 1 positions)
2026-02-15 19:39:36,738 - INFO - Samples — train: 3400, val: 600, test: 1000
2026-02-15 19:39:36,738 - INFO - Input channels: 42, Neurons: 63
2026-02-15 19:39:36,739 - INFO - Using Apple Silicon MPS acceleration
2026-02-15 19:39:36,764 - INFO - Model: CNN — 727,871 trainable params (727,871 total)
2026-02-15 19:39:36,764 - INFO - Starting training …
2026-02-15 19:39:40,673 - INFO - Epoch   1/50 | Train: 0.402919 | Val: 0.204727 | Corr: 0.124069 | LR: 1.00e-04
2026-02-15 19:39:40,698 - INFO -   ↳ Saved best model (val_corr=0.124069)
2026-02-15 19:39:44,221 - INFO - Epoch   2/50 | Train: 0.205733 | Val: 0.202010 | Corr: 0.146210 | LR: 1.00e-04
2026-02-15 19:39:44,245 - INFO -   ↳ Saved best model (val_corr=0.146210)
2026-02-15 19:39:48,154 - INFO - Epoch   3/50 | Train: 0.202345 | Val: 0.200485 | Corr: 0.156098 | LR: 1.00e-04
2026-02-15 19:39:48,178 - INFO -   ↳ Saved best model (val_corr=0.156098)
2026-02-15 19:39:51,980 - INFO - Epoch   4/50 | Train: 0.200053 | Val: 0.199598 | Corr: 0.164094 | LR: 1.00e-04
2026-02-15 19:39:52,002 - INFO -   ↳ Saved best model (val_corr=0.164094)
2026-02-15 19:39:56,089 - INFO - Epoch   5/50 | Train: 0.198190 | Val: 0.198597 | Corr: 0.171059 | LR: 1.00e-04
2026-02-15 19:39:56,127 - INFO -   ↳ Saved best model (val_corr=0.171059)
2026-02-15 19:40:00,322 - INFO - Epoch   6/50 | Train: 0.196549 | Val: 0.197999 | Corr: 0.176180 | LR: 1.00e-04
2026-02-15 19:40:00,354 - INFO -   ↳ Saved best model (val_corr=0.176180)
2026-02-15 19:40:04,520 - INFO - Epoch   7/50 | Train: 0.195153 | Val: 0.197469 | Corr: 0.180022 | LR: 1.00e-04
2026-02-15 19:40:04,547 - INFO -   ↳ Saved best model (val_corr=0.180022)
2026-02-15 19:40:08,797 - INFO - Epoch   8/50 | Train: 0.194051 | Val: 0.196816 | Corr: 0.184633 | LR: 1.00e-04
2026-02-15 19:40:08,823 - INFO -   ↳ Saved best model (val_corr=0.184633)
2026-02-15 19:40:12,952 - INFO - Epoch   9/50 | Train: 0.193028 | Val: 0.196265 | Corr: 0.189212 | LR: 1.00e-04
2026-02-15 19:40:12,988 - INFO -   ↳ Saved best model (val_corr=0.189212)
2026-02-15 19:40:17,265 - INFO - Epoch  10/50 | Train: 0.192078 | Val: 0.195858 | Corr: 0.191822 | LR: 1.00e-04
2026-02-15 19:40:17,293 - INFO -   ↳ Saved best model (val_corr=0.191822)
2026-02-15 19:40:21,612 - INFO - Epoch  11/50 | Train: 0.191193 | Val: 0.195394 | Corr: 0.196001 | LR: 1.00e-04
2026-02-15 19:40:21,639 - INFO -   ↳ Saved best model (val_corr=0.196001)
2026-02-15 19:40:26,499 - INFO - Epoch  12/50 | Train: 0.190234 | Val: 0.194991 | Corr: 0.198963 | LR: 1.00e-04
2026-02-15 19:40:26,527 - INFO -   ↳ Saved best model (val_corr=0.198963)
2026-02-15 19:40:30,656 - INFO - Epoch  13/50 | Train: 0.189370 | Val: 0.194241 | Corr: 0.204007 | LR: 1.00e-04
2026-02-15 19:40:30,679 - INFO -   ↳ Saved best model (val_corr=0.204007)
2026-02-15 19:40:34,808 - INFO - Epoch  14/50 | Train: 0.188322 | Val: 0.193944 | Corr: 0.208205 | LR: 1.00e-04
2026-02-15 19:40:34,833 - INFO -   ↳ Saved best model (val_corr=0.208205)
2026-02-15 19:40:39,104 - INFO - Epoch  15/50 | Train: 0.187298 | Val: 0.192971 | Corr: 0.212695 | LR: 1.00e-04
2026-02-15 19:40:39,154 - INFO -   ↳ Saved best model (val_corr=0.212695)
2026-02-15 19:40:43,564 - INFO - Epoch  16/50 | Train: 0.186256 | Val: 0.192400 | Corr: 0.216586 | LR: 1.00e-04
2026-02-15 19:40:43,613 - INFO -   ↳ Saved best model (val_corr=0.216586)
2026-02-15 19:40:47,716 - INFO - Epoch  17/50 | Train: 0.185286 | Val: 0.191872 | Corr: 0.220138 | LR: 1.00e-04
2026-02-15 19:40:47,762 - INFO -   ↳ Saved best model (val_corr=0.220138)
2026-02-15 19:40:51,846 - INFO - Epoch  18/50 | Train: 0.184364 | Val: 0.191298 | Corr: 0.224788 | LR: 1.00e-04
2026-02-15 19:40:51,892 - INFO -   ↳ Saved best model (val_corr=0.224788)
2026-02-15 19:40:56,006 - INFO - Epoch  19/50 | Train: 0.183603 | Val: 0.190864 | Corr: 0.226898 | LR: 1.00e-04
2026-02-15 19:40:56,060 - INFO -   ↳ Saved best model (val_corr=0.226898)
2026-02-15 19:41:00,093 - INFO - Epoch  20/50 | Train: 0.182903 | Val: 0.190516 | Corr: 0.228010 | LR: 1.00e-04
2026-02-15 19:41:00,127 - INFO -   ↳ Saved best model (val_corr=0.228010)
2026-02-15 19:41:04,175 - INFO - Epoch  21/50 | Train: 0.182178 | Val: 0.190079 | Corr: 0.232319 | LR: 1.00e-04
2026-02-15 19:41:04,207 - INFO -   ↳ Saved best model (val_corr=0.232319)
2026-02-15 19:41:08,584 - INFO - Epoch  22/50 | Train: 0.181437 | Val: 0.189777 | Corr: 0.234168 | LR: 1.00e-04
2026-02-15 19:41:08,609 - INFO -   ↳ Saved best model (val_corr=0.234168)
2026-02-15 19:41:12,966 - INFO - Epoch  23/50 | Train: 0.180890 | Val: 0.189370 | Corr: 0.236299 | LR: 1.00e-04
2026-02-15 19:41:13,002 - INFO -   ↳ Saved best model (val_corr=0.236299)
2026-02-15 19:41:17,731 - INFO - Epoch  24/50 | Train: 0.180284 | Val: 0.189237 | Corr: 0.238235 | LR: 1.00e-04
2026-02-15 19:41:17,761 - INFO -   ↳ Saved best model (val_corr=0.238235)
2026-02-15 19:41:23,102 - INFO - Epoch  25/50 | Train: 0.179765 | Val: 0.189290 | Corr: 0.239922 | LR: 1.00e-04
2026-02-15 19:41:23,131 - INFO -   ↳ Saved best model (val_corr=0.239922)
2026-02-15 19:41:27,383 - INFO - Epoch  26/50 | Train: 0.179335 | Val: 0.188732 | Corr: 0.241395 | LR: 1.00e-04
2026-02-15 19:41:27,411 - INFO -   ↳ Saved best model (val_corr=0.241395)
2026-02-15 19:41:32,494 - INFO - Epoch  27/50 | Train: 0.178769 | Val: 0.188568 | Corr: 0.242204 | LR: 1.00e-04
2026-02-15 19:41:32,545 - INFO -   ↳ Saved best model (val_corr=0.242204)
2026-02-15 19:41:36,450 - INFO - Epoch  28/50 | Train: 0.178319 | Val: 0.188486 | Corr: 0.244099 | LR: 1.00e-04
2026-02-15 19:41:36,487 - INFO -   ↳ Saved best model (val_corr=0.244099)
2026-02-15 19:41:40,584 - INFO - Epoch  29/50 | Train: 0.177728 | Val: 0.188221 | Corr: 0.244788 | LR: 1.00e-04
2026-02-15 19:41:40,620 - INFO -   ↳ Saved best model (val_corr=0.244788)
2026-02-15 19:41:44,737 - INFO - Epoch  30/50 | Train: 0.177337 | Val: 0.188295 | Corr: 0.246322 | LR: 1.00e-04
2026-02-15 19:41:44,774 - INFO -   ↳ Saved best model (val_corr=0.246322)
2026-02-15 19:41:48,943 - INFO - Epoch  31/50 | Train: 0.177006 | Val: 0.187965 | Corr: 0.247892 | LR: 1.00e-04
2026-02-15 19:41:48,973 - INFO -   ↳ Saved best model (val_corr=0.247892)
2026-02-15 19:41:53,041 - INFO - Epoch  32/50 | Train: 0.176622 | Val: 0.187663 | Corr: 0.248367 | LR: 1.00e-04
2026-02-15 19:41:53,070 - INFO -   ↳ Saved best model (val_corr=0.248367)
2026-02-15 19:41:57,104 - INFO - Epoch  33/50 | Train: 0.176182 | Val: 0.187771 | Corr: 0.249669 | LR: 1.00e-04
2026-02-15 19:41:57,215 - INFO -   ↳ Saved best model (val_corr=0.249669)
2026-02-15 19:42:01,854 - INFO - Epoch  34/50 | Train: 0.175815 | Val: 0.187427 | Corr: 0.250962 | LR: 1.00e-04
2026-02-15 19:42:01,895 - INFO -   ↳ Saved best model (val_corr=0.250962)
2026-02-15 19:42:05,924 - INFO - Epoch  35/50 | Train: 0.175445 | Val: 0.187445 | Corr: 0.252236 | LR: 1.00e-04
2026-02-15 19:42:05,954 - INFO -   ↳ Saved best model (val_corr=0.252236)
2026-02-15 19:42:10,060 - INFO - Epoch  36/50 | Train: 0.175119 | Val: 0.187523 | Corr: 0.253092 | LR: 1.00e-04
2026-02-15 19:42:10,088 - INFO -   ↳ Saved best model (val_corr=0.253092)
2026-02-15 19:42:14,314 - INFO - Epoch  37/50 | Train: 0.174794 | Val: 0.187180 | Corr: 0.253715 | LR: 1.00e-04
2026-02-15 19:42:14,345 - INFO -   ↳ Saved best model (val_corr=0.253715)
2026-02-15 19:42:18,443 - INFO - Epoch  38/50 | Train: 0.174451 | Val: 0.187474 | Corr: 0.253792 | LR: 1.00e-04
2026-02-15 19:42:18,476 - INFO -   ↳ Saved best model (val_corr=0.253792)
2026-02-15 19:42:22,552 - INFO - Epoch  39/50 | Train: 0.174138 | Val: 0.187355 | Corr: 0.254466 | LR: 1.00e-04
2026-02-15 19:42:22,579 - INFO -   ↳ Saved best model (val_corr=0.254466)
2026-02-15 19:42:26,685 - INFO - Epoch  40/50 | Train: 0.173833 | Val: 0.187163 | Corr: 0.256545 | LR: 1.00e-04
2026-02-15 19:42:26,716 - INFO -   ↳ Saved best model (val_corr=0.256545)
2026-02-15 19:42:30,890 - INFO - Epoch  41/50 | Train: 0.173623 | Val: 0.187092 | Corr: 0.256028 | LR: 1.00e-04
2026-02-15 19:42:34,943 - INFO - Epoch  42/50 | Train: 0.173335 | Val: 0.186874 | Corr: 0.256847 | LR: 1.00e-04
2026-02-15 19:42:34,972 - INFO -   ↳ Saved best model (val_corr=0.256847)
2026-02-15 19:42:39,614 - INFO - Epoch  43/50 | Train: 0.172882 | Val: 0.186812 | Corr: 0.257378 | LR: 1.00e-04
2026-02-15 19:42:39,639 - INFO -   ↳ Saved best model (val_corr=0.257378)
2026-02-15 19:42:44,215 - INFO - Epoch  44/50 | Train: 0.172678 | Val: 0.186796 | Corr: 0.257427 | LR: 1.00e-04
2026-02-15 19:42:44,241 - INFO -   ↳ Saved best model (val_corr=0.257427)
2026-02-15 19:42:48,513 - INFO - Epoch  45/50 | Train: 0.172453 | Val: 0.187211 | Corr: 0.257590 | LR: 1.00e-04
2026-02-15 19:42:48,544 - INFO -   ↳ Saved best model (val_corr=0.257590)
2026-02-15 19:42:52,845 - INFO - Epoch  46/50 | Train: 0.172250 | Val: 0.186702 | Corr: 0.256450 | LR: 1.00e-04
2026-02-15 19:42:57,300 - INFO - Epoch  47/50 | Train: 0.171908 | Val: 0.186749 | Corr: 0.259082 | LR: 1.00e-04
2026-02-15 19:42:57,332 - INFO -   ↳ Saved best model (val_corr=0.259082)
2026-02-15 19:43:01,586 - INFO - Epoch  48/50 | Train: 0.171776 | Val: 0.187227 | Corr: 0.259812 | LR: 1.00e-04
2026-02-15 19:43:01,608 - INFO -   ↳ Saved best model (val_corr=0.259812)
2026-02-15 19:43:05,946 - INFO - Epoch  49/50 | Train: 0.171550 | Val: 0.186815 | Corr: 0.260034 | LR: 1.00e-04
2026-02-15 19:43:05,982 - INFO -   ↳ Saved best model (val_corr=0.260034)
2026-02-15 19:43:10,275 - INFO - Epoch  50/50 | Train: 0.171264 | Val: 0.186341 | Corr: 0.260620 | LR: 1.00e-04
2026-02-15 19:43:10,324 - INFO -   ↳ Saved best model (val_corr=0.260620)
2026-02-15 19:43:10,325 - INFO - Training complete — best val corr: 0.260620
2026-02-15 19:43:11,157 - INFO - Test loss: 0.176555, Test corr: 0.260908
2026-02-15 19:43:11,453 - INFO - Generating figures …
2026-02-15 19:43:11,961 - INFO - Correlation between predicted and actual per-neuron averages: r=0.9931, p=2.04e-58
2026-02-15 19:43:13,223 - INFO - Pattern selectivity summary:
2026-02-15 19:43:13,223 - INFO -   Mean correlation across neurons: 0.3739
2026-02-15 19:43:13,223 - INFO -   Median correlation: 0.3967
2026-02-15 19:43:13,223 - INFO -   Neurons with r > 0.5: 20 / 63
2026-02-15 19:43:13,224 - INFO -   Neurons with r > 0.3: 41 / 63
2026-02-15 19:43:13,224 - INFO - Pattern selectivity — mean neuron corr: 0.3739
2026-02-15 19:43:14,208 - INFO - LOO baseline — Model mean r: 0.2204, LOO mean r: 0.4728, Neurons model > LOO: 1/63
2026-02-15 19:43:14,209 - INFO - Skipping oracle trial plots (skip_oracle_plots=True)
2026-02-15 19:43:14,210 - INFO - Experiment complete. Summary: {
  "run_dir": "results/base_cnn_kernel_sweep_2026-02-15_11-28-56/trial_0188_learning_rate=1.0e-04",
  "model_type": "cnn",
  "test_loss": 0.1765552967786789,
  "test_corr": 0.2609079679954171,
  "best_val_corr": 0.2606198717614313,
  "total_params": 727871,
  "trainable_params": 727871,
  "epochs_trained": 50,
  "mean_pattern_corr": 0.373938494560924,
  "loo_mean_corr": 0.47275709111471625,
  "model_sample_mean_corr": 0.22037657135363853,
  "neurons_model_beats_loo": 1
}
2026-02-15 19:43:14,218 - INFO - 
======================================================================
2026-02-15 19:43:14,218 - INFO - [190/216] trial_0189_learning_rate=1.0e-04
2026-02-15 19:43:14,218 - INFO -   Overrides: {"kernel_sizes": [60], "learning_rate": 0.0001, "fc_dims": [256], "weight_decay": 0.001, "conv_channels": [64]}
2026-02-15 19:43:14,218 - INFO -   Output: results/base_cnn_kernel_sweep_2026-02-15_11-28-56/trial_0189_learning_rate=1.0e-04
