2026-03-05 20:17:44,543 - INFO - ============================================================
2026-03-05 20:17:44,543 - INFO - Experiment run directory: /scratch/sb272/patterns5k_results/slurm_hist_cnn_2026-03-05_16-01-45/trial_0457_learning_rate=1.0e-03_history=1_kernel_sizes=3x3x3_conv_channels=32x64x128_fc_dims=256_seed0
2026-03-05 20:17:44,543 - INFO - ============================================================
2026-03-05 20:17:44,543 - INFO - Loading data …
2026-03-05 20:17:45,392 - INFO - 63 unique neurons after dropping problematic neurons
2026-03-05 20:17:46,720 - INFO - Stimulation channels: 42, Spiking neurons: 63
2026-03-05 20:19:53,435 - INFO - Unique patterns: 4050, Total trials: 5000
2026-03-05 20:19:53,436 - INFO - Stimulation channels: 42, Spiking neurons: 63
2026-03-05 20:19:53,436 - INFO - Unique patterns: 4050, Total trials: 5000
2026-03-05 20:19:53,455 - INFO - Split (oracle): train=3400, val=600, test=1000
2026-03-05 20:20:19,352 - INFO - BinnedStimSpikeDataset initialized:
2026-03-05 20:20:19,353 - INFO -   input_bin_size_ms=10, output_bin_size_ms=10
2026-03-05 20:20:19,353 - INFO -   n_input_bins=60, n_output_bins=60
2026-03-05 20:20:19,353 - INFO -   output_offset=0, total_bins_input=60, total_bins_output=60
2026-03-05 20:20:19,353 - INFO -   Valid start positions per trial: 0 to 0
2026-03-05 20:20:19,353 - INFO -   Total samples: 3400 (3400 trials × 1 positions)
2026-03-05 20:20:44,421 - INFO - BinnedStimSpikeDataset initialized:
2026-03-05 20:20:44,422 - INFO -   input_bin_size_ms=10, output_bin_size_ms=10
2026-03-05 20:20:44,422 - INFO -   n_input_bins=60, n_output_bins=60
2026-03-05 20:20:44,422 - INFO -   output_offset=0, total_bins_input=60, total_bins_output=60
2026-03-05 20:20:44,422 - INFO -   Valid start positions per trial: 0 to 0
2026-03-05 20:20:44,422 - INFO -   Total samples: 600 (600 trials × 1 positions)
2026-03-05 20:21:10,318 - INFO - BinnedStimSpikeDataset initialized:
2026-03-05 20:21:10,318 - INFO -   input_bin_size_ms=10, output_bin_size_ms=10
2026-03-05 20:21:10,318 - INFO -   n_input_bins=60, n_output_bins=60
2026-03-05 20:21:10,318 - INFO -   output_offset=0, total_bins_input=60, total_bins_output=60
2026-03-05 20:21:10,318 - INFO -   Valid start positions per trial: 0 to 0
2026-03-05 20:21:10,318 - INFO -   Total samples: 1000 (1000 trials × 1 positions)
2026-03-05 20:21:10,318 - INFO - Samples — train: 3400, val: 600, test: 1000
2026-03-05 20:21:10,319 - INFO - Input channels: 105, Neurons: 63
2026-03-05 20:21:10,324 - INFO - Using CPU
2026-03-05 20:21:10,339 - INFO - Model: CNN — 90,687 trainable params (90,687 total)
2026-03-05 20:21:14,642 - INFO - Starting training …
2026-03-05 20:21:20,460 - INFO - Epoch   1/50 | Train: 0.216623 | Val: 0.178516 | Corr: 0.132018 | LR: 1.00e-03
2026-03-05 20:21:20,471 - INFO -   ↳ Saved best model (val_corr=0.132018)
2026-03-05 20:21:24,774 - INFO - Epoch   2/50 | Train: 0.175887 | Val: 0.174076 | Corr: 0.160497 | LR: 1.00e-03
2026-03-05 20:21:24,783 - INFO -   ↳ Saved best model (val_corr=0.160497)
2026-03-05 20:21:29,080 - INFO - Epoch   3/50 | Train: 0.172875 | Val: 0.172886 | Corr: 0.170058 | LR: 1.00e-03
2026-03-05 20:21:29,089 - INFO -   ↳ Saved best model (val_corr=0.170058)
2026-03-05 20:21:33,696 - INFO - Epoch   4/50 | Train: 0.171257 | Val: 0.170589 | Corr: 0.180770 | LR: 1.00e-03
2026-03-05 20:21:33,705 - INFO -   ↳ Saved best model (val_corr=0.180770)
2026-03-05 20:21:38,166 - INFO - Epoch   5/50 | Train: 0.170204 | Val: 0.169773 | Corr: 0.186392 | LR: 1.00e-03
2026-03-05 20:21:38,175 - INFO -   ↳ Saved best model (val_corr=0.186392)
2026-03-05 20:21:42,567 - INFO - Epoch   6/50 | Train: 0.169299 | Val: 0.169412 | Corr: 0.190147 | LR: 1.00e-03
2026-03-05 20:21:42,578 - INFO -   ↳ Saved best model (val_corr=0.190147)
2026-03-05 20:21:46,797 - INFO - Epoch   7/50 | Train: 0.168687 | Val: 0.168306 | Corr: 0.195837 | LR: 1.00e-03
2026-03-05 20:21:46,813 - INFO -   ↳ Saved best model (val_corr=0.195837)
2026-03-05 20:21:51,074 - INFO - Epoch   8/50 | Train: 0.168047 | Val: 0.168729 | Corr: 0.199002 | LR: 1.00e-03
2026-03-05 20:21:51,097 - INFO -   ↳ Saved best model (val_corr=0.199002)
2026-03-05 20:21:55,530 - INFO - Epoch   9/50 | Train: 0.167482 | Val: 0.167406 | Corr: 0.202802 | LR: 1.00e-03
2026-03-05 20:21:55,540 - INFO -   ↳ Saved best model (val_corr=0.202802)
2026-03-05 20:21:59,810 - INFO - Epoch  10/50 | Train: 0.167017 | Val: 0.167983 | Corr: 0.207852 | LR: 1.00e-03
2026-03-05 20:21:59,825 - INFO -   ↳ Saved best model (val_corr=0.207852)
2026-03-05 20:22:03,732 - INFO - Epoch  11/50 | Train: 0.166583 | Val: 0.166478 | Corr: 0.211115 | LR: 1.00e-03
2026-03-05 20:22:03,753 - INFO -   ↳ Saved best model (val_corr=0.211115)
2026-03-05 20:22:08,165 - INFO - Epoch  12/50 | Train: 0.166077 | Val: 0.166045 | Corr: 0.214555 | LR: 1.00e-03
2026-03-05 20:22:08,181 - INFO -   ↳ Saved best model (val_corr=0.214555)
2026-03-05 20:22:12,579 - INFO - Epoch  13/50 | Train: 0.165944 | Val: 0.166618 | Corr: 0.216318 | LR: 1.00e-03
2026-03-05 20:22:12,588 - INFO -   ↳ Saved best model (val_corr=0.216318)
2026-03-05 20:22:17,051 - INFO - Epoch  14/50 | Train: 0.165649 | Val: 0.165740 | Corr: 0.217186 | LR: 1.00e-03
2026-03-05 20:22:17,063 - INFO -   ↳ Saved best model (val_corr=0.217186)
2026-03-05 20:22:21,186 - INFO - Epoch  15/50 | Train: 0.165365 | Val: 0.165310 | Corr: 0.220127 | LR: 1.00e-03
2026-03-05 20:22:21,196 - INFO -   ↳ Saved best model (val_corr=0.220127)
2026-03-05 20:22:25,332 - INFO - Epoch  16/50 | Train: 0.165206 | Val: 0.165914 | Corr: 0.221852 | LR: 1.00e-03
2026-03-05 20:22:25,348 - INFO -   ↳ Saved best model (val_corr=0.221852)
2026-03-05 20:22:30,319 - INFO - Epoch  17/50 | Train: 0.164962 | Val: 0.165588 | Corr: 0.223330 | LR: 1.00e-03
2026-03-05 20:22:30,350 - INFO -   ↳ Saved best model (val_corr=0.223330)
2026-03-05 20:22:35,569 - INFO - Epoch  18/50 | Train: 0.164683 | Val: 0.165158 | Corr: 0.224620 | LR: 1.00e-03
2026-03-05 20:22:35,580 - INFO -   ↳ Saved best model (val_corr=0.224620)
2026-03-05 20:22:40,814 - INFO - Epoch  19/50 | Train: 0.164487 | Val: 0.164453 | Corr: 0.227190 | LR: 1.00e-03
2026-03-05 20:22:40,828 - INFO -   ↳ Saved best model (val_corr=0.227190)
2026-03-05 20:22:46,116 - INFO - Epoch  20/50 | Train: 0.164357 | Val: 0.164213 | Corr: 0.228595 | LR: 1.00e-03
2026-03-05 20:22:46,125 - INFO -   ↳ Saved best model (val_corr=0.228595)
2026-03-05 20:22:51,335 - INFO - Epoch  21/50 | Train: 0.164237 | Val: 0.164361 | Corr: 0.228581 | LR: 1.00e-03
2026-03-05 20:22:56,573 - INFO - Epoch  22/50 | Train: 0.164247 | Val: 0.164012 | Corr: 0.229131 | LR: 1.00e-03
2026-03-05 20:22:56,583 - INFO -   ↳ Saved best model (val_corr=0.229131)
2026-03-05 20:23:01,641 - INFO - Epoch  23/50 | Train: 0.164128 | Val: 0.163837 | Corr: 0.231380 | LR: 1.00e-03
2026-03-05 20:23:01,652 - INFO -   ↳ Saved best model (val_corr=0.231380)
2026-03-05 20:23:06,894 - INFO - Epoch  24/50 | Train: 0.163890 | Val: 0.163834 | Corr: 0.232223 | LR: 1.00e-03
2026-03-05 20:23:06,913 - INFO -   ↳ Saved best model (val_corr=0.232223)
2026-03-05 20:23:11,971 - INFO - Epoch  25/50 | Train: 0.163789 | Val: 0.163831 | Corr: 0.232894 | LR: 1.00e-03
2026-03-05 20:23:11,982 - INFO -   ↳ Saved best model (val_corr=0.232894)
2026-03-05 20:23:17,025 - INFO - Epoch  26/50 | Train: 0.163708 | Val: 0.163589 | Corr: 0.233923 | LR: 1.00e-03
2026-03-05 20:23:17,043 - INFO -   ↳ Saved best model (val_corr=0.233923)
2026-03-05 20:23:22,168 - INFO - Epoch  27/50 | Train: 0.163580 | Val: 0.163668 | Corr: 0.233492 | LR: 1.00e-03
2026-03-05 20:23:27,400 - INFO - Epoch  28/50 | Train: 0.163485 | Val: 0.164148 | Corr: 0.233934 | LR: 1.00e-03
2026-03-05 20:23:27,421 - INFO -   ↳ Saved best model (val_corr=0.233934)
2026-03-05 20:23:32,554 - INFO - Epoch  29/50 | Train: 0.163460 | Val: 0.163338 | Corr: 0.234549 | LR: 1.00e-03
2026-03-05 20:23:32,566 - INFO -   ↳ Saved best model (val_corr=0.234549)
2026-03-05 20:23:37,561 - INFO - Epoch  30/50 | Train: 0.163280 | Val: 0.163364 | Corr: 0.236452 | LR: 1.00e-03
2026-03-05 20:23:37,575 - INFO -   ↳ Saved best model (val_corr=0.236452)
2026-03-05 20:23:42,726 - INFO - Epoch  31/50 | Train: 0.163209 | Val: 0.163421 | Corr: 0.237131 | LR: 1.00e-03
2026-03-05 20:23:42,736 - INFO -   ↳ Saved best model (val_corr=0.237131)
2026-03-05 20:23:47,838 - INFO - Epoch  32/50 | Train: 0.163090 | Val: 0.163193 | Corr: 0.237152 | LR: 1.00e-03
2026-03-05 20:23:47,854 - INFO -   ↳ Saved best model (val_corr=0.237152)
2026-03-05 20:23:52,966 - INFO - Epoch  33/50 | Train: 0.163142 | Val: 0.163217 | Corr: 0.237717 | LR: 1.00e-03
2026-03-05 20:23:52,978 - INFO -   ↳ Saved best model (val_corr=0.237717)
2026-03-05 20:23:58,120 - INFO - Epoch  34/50 | Train: 0.162965 | Val: 0.163421 | Corr: 0.238136 | LR: 1.00e-03
2026-03-05 20:23:58,130 - INFO -   ↳ Saved best model (val_corr=0.238136)
2026-03-05 20:24:03,219 - INFO - Epoch  35/50 | Train: 0.162960 | Val: 0.163254 | Corr: 0.238433 | LR: 1.00e-03
2026-03-05 20:24:03,228 - INFO -   ↳ Saved best model (val_corr=0.238433)
2026-03-05 20:24:08,260 - INFO - Epoch  36/50 | Train: 0.162894 | Val: 0.163223 | Corr: 0.237548 | LR: 1.00e-03
2026-03-05 20:24:13,357 - INFO - Epoch  37/50 | Train: 0.162778 | Val: 0.162884 | Corr: 0.239172 | LR: 1.00e-03
2026-03-05 20:24:13,368 - INFO -   ↳ Saved best model (val_corr=0.239172)
2026-03-05 20:24:18,644 - INFO - Epoch  38/50 | Train: 0.162749 | Val: 0.163077 | Corr: 0.238524 | LR: 1.00e-03
2026-03-05 20:24:23,811 - INFO - Epoch  39/50 | Train: 0.162756 | Val: 0.162929 | Corr: 0.240086 | LR: 1.00e-03
2026-03-05 20:24:23,823 - INFO -   ↳ Saved best model (val_corr=0.240086)
2026-03-05 20:24:28,290 - INFO - Epoch  40/50 | Train: 0.162622 | Val: 0.162850 | Corr: 0.240012 | LR: 1.00e-03
2026-03-05 20:24:32,917 - INFO - Epoch  41/50 | Train: 0.162527 | Val: 0.162538 | Corr: 0.241713 | LR: 1.00e-03
2026-03-05 20:24:32,934 - INFO -   ↳ Saved best model (val_corr=0.241713)
2026-03-05 20:24:37,302 - INFO - Epoch  42/50 | Train: 0.162543 | Val: 0.162551 | Corr: 0.241389 | LR: 1.00e-03
2026-03-05 20:24:41,832 - INFO - Epoch  43/50 | Train: 0.162513 | Val: 0.162479 | Corr: 0.242668 | LR: 1.00e-03
2026-03-05 20:24:41,843 - INFO -   ↳ Saved best model (val_corr=0.242668)
2026-03-05 20:24:46,387 - INFO - Epoch  44/50 | Train: 0.162438 | Val: 0.162774 | Corr: 0.241849 | LR: 1.00e-03
2026-03-05 20:24:51,535 - INFO - Epoch  45/50 | Train: 0.162326 | Val: 0.162605 | Corr: 0.242612 | LR: 1.00e-03
2026-03-05 20:24:56,204 - INFO - Epoch  46/50 | Train: 0.162301 | Val: 0.162294 | Corr: 0.243887 | LR: 1.00e-03
2026-03-05 20:24:56,239 - INFO -   ↳ Saved best model (val_corr=0.243887)
2026-03-05 20:25:00,823 - INFO - Epoch  47/50 | Train: 0.162199 | Val: 0.162248 | Corr: 0.243567 | LR: 1.00e-03
2026-03-05 20:25:05,449 - INFO - Epoch  48/50 | Train: 0.162240 | Val: 0.162449 | Corr: 0.242902 | LR: 1.00e-03
2026-03-05 20:25:10,443 - INFO - Epoch  49/50 | Train: 0.162161 | Val: 0.162362 | Corr: 0.244053 | LR: 1.00e-03
2026-03-05 20:25:10,488 - INFO -   ↳ Saved best model (val_corr=0.244053)
2026-03-05 20:25:15,157 - INFO - Epoch  50/50 | Train: 0.162198 | Val: 0.163124 | Corr: 0.240606 | LR: 1.00e-03
2026-03-05 20:25:15,158 - INFO - Training complete — best val corr: 0.244053
2026-03-05 20:25:16,658 - INFO - Test loss: 0.152250, Test corr: 0.238957
2026-03-05 20:25:16,957 - INFO - Fraction of variance explained (FVE): 0.067795
2026-03-05 20:25:16,957 - INFO - Computing autoregressive (AR) test predictions …
2026-03-05 20:25:17,496 - INFO - AR FVE: -0.013809, AR test corr: 0.054205
2026-03-05 20:25:17,496 - INFO - Generating figures …
2026-03-05 20:25:18,377 - INFO - Correlation between predicted and actual per-neuron averages: r=0.9748, p=1.85e-41
2026-03-05 20:25:20,483 - INFO - Pattern selectivity summary:
2026-03-05 20:25:20,484 - INFO -   Mean correlation across neurons: 0.6831
2026-03-05 20:25:20,484 - INFO -   Median correlation: 0.7180
2026-03-05 20:25:20,484 - INFO -   Neurons with r > 0.5: 54 / 63
2026-03-05 20:25:20,484 - INFO -   Neurons with r > 0.3: 62 / 63
2026-03-05 20:25:20,484 - INFO - Pattern selectivity — mean neuron corr: 0.6831
2026-03-05 20:25:21,974 - INFO - LOO (avg rate) — Model mean r: 0.5432, LOO mean r: 0.4546, Neurons model > LOO: 48/63
2026-03-05 20:25:24,587 - INFO - LOO (temporal) — Model mean r: 0.2470, LOO mean r: 0.3186, Neurons model > LOO: 13/63
2026-03-05 20:25:24,587 - INFO - Skipping oracle trial plots (skip_oracle_plots=True)
2026-03-05 20:25:24,597 - INFO - Experiment complete. Summary: {
  "run_dir": "/scratch/sb272/patterns5k_results/slurm_hist_cnn_2026-03-05_16-01-45/trial_0457_learning_rate=1.0e-03_history=1_kernel_sizes=3x3x3_conv_channels=32x64x128_fc_dims=256_seed0",
  "model_type": "cnn",
  "batch_avg_test_loss": 0.15225026893615723,
  "batch_avg_test_corr": 0.238957379950284,
  "all_test_fve": 0.06779530502500988,
  "AR_FVE": -0.01380935547843812,
  "AR_test_correlation": 0.05420469865202904,
  "best_val_corr": 0.24405322289397138,
  "total_params": 90687,
  "trainable_params": 90687,
  "epochs_trained": 50,
  "mean_pattern_corr": 0.6830693806555935,
  "history": 1,
  "init_state": true,
  "loo_avg_mean_corr": 0.45456832695830385,
  "model_avg_mean_corr": 0.5432280956869884,
  "neurons_model_beats_loo_avg": 48,
  "loo_temporal_mean_corr": 0.31855225563049316,
  "all_test_corr": 0.2470339834690094,
  "neurons_model_beats_loo_temporal": 13,
  "kernel_sizes": [
    3,
    3,
    3
  ],
  "conv_channels": [
    32,
    64,
    128
  ],
  "fc_dims": [
    256
  ]
}
