2026-03-04 23:53:59,182 - INFO - ============================================================
2026-03-04 23:53:59,182 - INFO - Experiment run directory: /scratch/sb272/patterns5k_results/slurm_base_cnn_2026-03-04_16-53-19/trial_0234_learning_rate=5.0e-03_kernel_sizes=5x3x3_conv_channels=64x128x256_fc_dims=512_seed0
2026-03-04 23:53:59,182 - INFO - ============================================================
2026-03-04 23:53:59,182 - INFO - Loading data …
2026-03-04 23:54:00,284 - INFO - 63 unique neurons after dropping problematic neurons
2026-03-04 23:54:01,440 - INFO - Stimulation channels: 42, Spiking neurons: 63
2026-03-04 23:55:35,634 - INFO - Unique patterns: 4050, Total trials: 5000
2026-03-04 23:55:35,637 - INFO - Stimulation channels: 42, Spiking neurons: 63
2026-03-04 23:55:35,637 - INFO - Unique patterns: 4050, Total trials: 5000
2026-03-04 23:55:35,652 - INFO - Split (oracle): train=3400, val=600, test=1000
2026-03-04 23:55:54,160 - INFO - BinnedStimSpikeDataset initialized:
2026-03-04 23:55:54,161 - INFO -   input_bin_size_ms=10, output_bin_size_ms=10
2026-03-04 23:55:54,161 - INFO -   n_input_bins=60, n_output_bins=60
2026-03-04 23:55:54,161 - INFO -   output_offset=0, total_bins_input=60, total_bins_output=60
2026-03-04 23:55:54,161 - INFO -   Valid start positions per trial: 0 to 0
2026-03-04 23:55:54,161 - INFO -   Total samples: 3400 (3400 trials × 1 positions)
2026-03-04 23:56:12,106 - INFO - BinnedStimSpikeDataset initialized:
2026-03-04 23:56:12,106 - INFO -   input_bin_size_ms=10, output_bin_size_ms=10
2026-03-04 23:56:12,106 - INFO -   n_input_bins=60, n_output_bins=60
2026-03-04 23:56:12,106 - INFO -   output_offset=0, total_bins_input=60, total_bins_output=60
2026-03-04 23:56:12,106 - INFO -   Valid start positions per trial: 0 to 0
2026-03-04 23:56:12,106 - INFO -   Total samples: 600 (600 trials × 1 positions)
2026-03-04 23:56:30,362 - INFO - BinnedStimSpikeDataset initialized:
2026-03-04 23:56:30,362 - INFO -   input_bin_size_ms=10, output_bin_size_ms=10
2026-03-04 23:56:30,362 - INFO -   n_input_bins=60, n_output_bins=60
2026-03-04 23:56:30,362 - INFO -   output_offset=0, total_bins_input=60, total_bins_output=60
2026-03-04 23:56:30,362 - INFO -   Valid start positions per trial: 0 to 0
2026-03-04 23:56:30,362 - INFO -   Total samples: 1000 (1000 trials × 1 positions)
2026-03-04 23:56:30,362 - INFO - Samples — train: 3400, val: 600, test: 1000
2026-03-04 23:56:30,362 - INFO - Input channels: 42, Neurons: 63
2026-03-04 23:56:30,376 - INFO - Using CPU
2026-03-04 23:56:30,396 - INFO - Model: CNN — 301,567 trainable params (301,567 total)
2026-03-04 23:56:37,397 - INFO - Starting training …
2026-03-04 23:56:45,906 - INFO - Epoch   1/50 | Train: 0.194950 | Val: 0.186075 | Corr: 0.080297 | LR: 5.00e-03
2026-03-04 23:56:45,926 - INFO -   ↳ Saved best model (val_corr=0.080297)
2026-03-04 23:56:53,356 - INFO - Epoch   2/50 | Train: 0.182146 | Val: 0.182971 | Corr: 0.096435 | LR: 5.00e-03
2026-03-04 23:56:53,372 - INFO -   ↳ Saved best model (val_corr=0.096435)
2026-03-04 23:57:00,825 - INFO - Epoch   3/50 | Train: 0.180712 | Val: 0.182397 | Corr: 0.099992 | LR: 5.00e-03
2026-03-04 23:57:00,849 - INFO -   ↳ Saved best model (val_corr=0.099992)
2026-03-04 23:57:08,573 - INFO - Epoch   4/50 | Train: 0.179885 | Val: 0.180988 | Corr: 0.111190 | LR: 5.00e-03
2026-03-04 23:57:08,592 - INFO -   ↳ Saved best model (val_corr=0.111190)
2026-03-04 23:57:16,320 - INFO - Epoch   5/50 | Train: 0.178939 | Val: 0.180459 | Corr: 0.120015 | LR: 5.00e-03
2026-03-04 23:57:16,340 - INFO -   ↳ Saved best model (val_corr=0.120015)
2026-03-04 23:57:24,060 - INFO - Epoch   6/50 | Train: 0.178195 | Val: 0.179832 | Corr: 0.123686 | LR: 5.00e-03
2026-03-04 23:57:24,074 - INFO -   ↳ Saved best model (val_corr=0.123686)
2026-03-04 23:57:31,769 - INFO - Epoch   7/50 | Train: 0.177716 | Val: 0.179358 | Corr: 0.128283 | LR: 5.00e-03
2026-03-04 23:57:31,788 - INFO -   ↳ Saved best model (val_corr=0.128283)
2026-03-04 23:57:39,486 - INFO - Epoch   8/50 | Train: 0.177266 | Val: 0.179546 | Corr: 0.129774 | LR: 5.00e-03
2026-03-04 23:57:39,503 - INFO -   ↳ Saved best model (val_corr=0.129774)
2026-03-04 23:57:47,185 - INFO - Epoch   9/50 | Train: 0.176878 | Val: 0.179405 | Corr: 0.132446 | LR: 5.00e-03
2026-03-04 23:57:47,206 - INFO -   ↳ Saved best model (val_corr=0.132446)
2026-03-04 23:57:54,886 - INFO - Epoch  10/50 | Train: 0.176523 | Val: 0.178873 | Corr: 0.133824 | LR: 5.00e-03
2026-03-04 23:57:54,901 - INFO -   ↳ Saved best model (val_corr=0.133824)
2026-03-04 23:58:02,604 - INFO - Epoch  11/50 | Train: 0.176307 | Val: 0.178495 | Corr: 0.135787 | LR: 5.00e-03
2026-03-04 23:58:02,684 - INFO -   ↳ Saved best model (val_corr=0.135787)
2026-03-04 23:58:10,148 - INFO - Epoch  12/50 | Train: 0.176051 | Val: 0.178976 | Corr: 0.136405 | LR: 5.00e-03
2026-03-04 23:58:10,165 - INFO -   ↳ Saved best model (val_corr=0.136405)
2026-03-04 23:58:17,366 - INFO - Epoch  13/50 | Train: 0.175854 | Val: 0.178584 | Corr: 0.138357 | LR: 5.00e-03
2026-03-04 23:58:17,379 - INFO -   ↳ Saved best model (val_corr=0.138357)
2026-03-04 23:58:24,632 - INFO - Epoch  14/50 | Train: 0.175696 | Val: 0.178489 | Corr: 0.138696 | LR: 5.00e-03
2026-03-04 23:58:24,652 - INFO -   ↳ Saved best model (val_corr=0.138696)
2026-03-04 23:58:31,905 - INFO - Epoch  15/50 | Train: 0.175526 | Val: 0.178373 | Corr: 0.140217 | LR: 5.00e-03
2026-03-04 23:58:31,921 - INFO -   ↳ Saved best model (val_corr=0.140217)
2026-03-04 23:58:39,176 - INFO - Epoch  16/50 | Train: 0.175427 | Val: 0.178385 | Corr: 0.139483 | LR: 5.00e-03
2026-03-04 23:58:46,400 - INFO - Epoch  17/50 | Train: 0.175261 | Val: 0.178340 | Corr: 0.140367 | LR: 5.00e-03
2026-03-04 23:58:46,420 - INFO -   ↳ Saved best model (val_corr=0.140367)
2026-03-04 23:58:53,600 - INFO - Epoch  18/50 | Train: 0.175054 | Val: 0.179126 | Corr: 0.139406 | LR: 5.00e-03
2026-03-04 23:59:00,810 - INFO - Epoch  19/50 | Train: 0.174879 | Val: 0.178490 | Corr: 0.141520 | LR: 5.00e-03
2026-03-04 23:59:00,835 - INFO -   ↳ Saved best model (val_corr=0.141520)
2026-03-04 23:59:08,042 - INFO - Epoch  20/50 | Train: 0.174767 | Val: 0.178368 | Corr: 0.142494 | LR: 5.00e-03
2026-03-04 23:59:08,059 - INFO -   ↳ Saved best model (val_corr=0.142494)
2026-03-04 23:59:15,256 - INFO - Epoch  21/50 | Train: 0.174778 | Val: 0.178643 | Corr: 0.139298 | LR: 5.00e-03
2026-03-04 23:59:22,462 - INFO - Epoch  22/50 | Train: 0.174437 | Val: 0.178289 | Corr: 0.140924 | LR: 5.00e-03
2026-03-04 23:59:29,641 - INFO - Epoch  23/50 | Train: 0.174411 | Val: 0.178333 | Corr: 0.140856 | LR: 5.00e-03
2026-03-04 23:59:36,831 - INFO - Epoch  24/50 | Train: 0.174223 | Val: 0.178404 | Corr: 0.142211 | LR: 5.00e-03
2026-03-04 23:59:44,080 - INFO - Epoch  25/50 | Train: 0.174178 | Val: 0.178244 | Corr: 0.143909 | LR: 5.00e-03
2026-03-04 23:59:44,123 - INFO -   ↳ Saved best model (val_corr=0.143909)
2026-03-04 23:59:51,442 - INFO - Epoch  26/50 | Train: 0.174056 | Val: 0.178434 | Corr: 0.142366 | LR: 5.00e-03
2026-03-04 23:59:58,602 - INFO - Epoch  27/50 | Train: 0.173799 | Val: 0.178378 | Corr: 0.142886 | LR: 5.00e-03
2026-03-05 00:00:05,814 - INFO - Epoch  28/50 | Train: 0.173791 | Val: 0.178105 | Corr: 0.142528 | LR: 5.00e-03
2026-03-05 00:00:12,987 - INFO - Epoch  29/50 | Train: 0.173681 | Val: 0.178516 | Corr: 0.143168 | LR: 5.00e-03
2026-03-05 00:00:20,236 - INFO - Epoch  30/50 | Train: 0.173499 | Val: 0.178144 | Corr: 0.142514 | LR: 5.00e-03
2026-03-05 00:00:27,434 - INFO - Epoch  31/50 | Train: 0.173376 | Val: 0.178597 | Corr: 0.140021 | LR: 5.00e-03
2026-03-05 00:00:34,570 - INFO - Epoch  32/50 | Train: 0.173328 | Val: 0.178198 | Corr: 0.142459 | LR: 5.00e-03
2026-03-05 00:00:41,637 - INFO - Epoch  33/50 | Train: 0.173206 | Val: 0.178154 | Corr: 0.143510 | LR: 5.00e-03
2026-03-05 00:00:48,728 - INFO - Epoch  34/50 | Train: 0.173193 | Val: 0.178430 | Corr: 0.141569 | LR: 2.50e-03
2026-03-05 00:00:55,785 - INFO - Epoch  35/50 | Train: 0.172264 | Val: 0.178874 | Corr: 0.142948 | LR: 2.50e-03
2026-03-05 00:00:55,785 - INFO - Early stopping at epoch 35
2026-03-05 00:00:55,785 - INFO - Training complete — best val corr: 0.143909
2026-03-05 00:00:57,329 - INFO - Test loss: 0.168325, Test corr: 0.136087
2026-03-05 00:00:57,814 - INFO - Fraction of variance explained (FVE): 0.022251
2026-03-05 00:00:57,814 - INFO - Generating figures …
2026-03-05 00:00:58,419 - INFO - Correlation between predicted and actual per-neuron averages: r=0.9818, p=0.00e+00
2026-03-05 00:01:00,397 - INFO - Pattern selectivity summary:
2026-03-05 00:01:00,397 - INFO -   Mean correlation across neurons: 0.5037
2026-03-05 00:01:00,397 - INFO -   Median correlation: 0.5319
2026-03-05 00:01:00,397 - INFO -   Neurons with r > 0.5: 33 / 63
2026-03-05 00:01:00,397 - INFO -   Neurons with r > 0.3: 56 / 63
2026-03-05 00:01:00,397 - INFO - Pattern selectivity — mean neuron corr: 0.5037
2026-03-05 00:01:02,089 - INFO - LOO (avg rate) — Model mean r: 0.2886, LOO mean r: 0.4546, Neurons model > LOO: 3/63
2026-03-05 00:01:04,302 - INFO - LOO (temporal) — Model mean r: 0.1370, LOO mean r: 0.3186, Neurons model > LOO: 0/63
2026-03-05 00:01:04,302 - INFO - Skipping oracle trial plots (skip_oracle_plots=True)
2026-03-05 00:01:04,317 - INFO - Experiment complete. Summary: {
  "run_dir": "/scratch/sb272/patterns5k_results/slurm_base_cnn_2026-03-04_16-53-19/trial_0234_learning_rate=5.0e-03_kernel_sizes=5x3x3_conv_channels=64x128x256_fc_dims=512_seed0",
  "model_type": "cnn",
  "batch_avg_test_loss": 0.1683247376680374,
  "batch_avg_test_corr": 0.1360867413039231,
  "all_test_fve": 0.0222508604564364,
  "AR_FVE": NaN,
  "AR_test_correlation": NaN,
  "best_val_corr": 0.1439094457068514,
  "total_params": 301567,
  "trainable_params": 301567,
  "epochs_trained": 35,
  "mean_pattern_corr": 0.5036954108968809,
  "history": 0,
  "init_state": true,
  "loo_avg_mean_corr": 0.45456832695830385,
  "model_avg_mean_corr": 0.28857409183663696,
  "neurons_model_beats_loo_avg": 3,
  "loo_temporal_mean_corr": 0.31855225563049316,
  "all_test_corr": 0.13703176379203796,
  "neurons_model_beats_loo_temporal": 0,
  "kernel_sizes": [
    5,
    3,
    3
  ],
  "conv_channels": [
    64,
    128,
    256
  ],
  "fc_dims": [
    512
  ]
}
