2026-03-05 22:01:48,714 - INFO - ============================================================
2026-03-05 22:01:48,714 - INFO - Experiment run directory: /scratch/sb272/patterns5k_results/slurm_hist_cnn_2026-03-05_16-01-45/trial_0481_learning_rate=1.0e-03_history=5_kernel_sizes=3x3_conv_channels=64x128_fc_dims=256_seed1
2026-03-05 22:01:48,714 - INFO - ============================================================
2026-03-05 22:01:48,714 - INFO - Loading data …
2026-03-05 22:01:50,979 - INFO - 63 unique neurons after dropping problematic neurons
2026-03-05 22:01:53,143 - INFO - Stimulation channels: 42, Spiking neurons: 63
2026-03-05 22:04:56,620 - INFO - Unique patterns: 4050, Total trials: 5000
2026-03-05 22:04:56,622 - INFO - Stimulation channels: 42, Spiking neurons: 63
2026-03-05 22:04:56,622 - INFO - Unique patterns: 4050, Total trials: 5000
2026-03-05 22:04:56,655 - INFO - Split (oracle): train=3400, val=600, test=1000
2026-03-05 22:05:31,883 - INFO - BinnedStimSpikeDataset initialized:
2026-03-05 22:05:31,884 - INFO -   input_bin_size_ms=10, output_bin_size_ms=10
2026-03-05 22:05:31,884 - INFO -   n_input_bins=60, n_output_bins=60
2026-03-05 22:05:31,884 - INFO -   output_offset=0, total_bins_input=60, total_bins_output=60
2026-03-05 22:05:31,884 - INFO -   Valid start positions per trial: 0 to 0
2026-03-05 22:05:31,884 - INFO -   Total samples: 3400 (3400 trials × 1 positions)
2026-03-05 22:06:06,186 - INFO - BinnedStimSpikeDataset initialized:
2026-03-05 22:06:06,188 - INFO -   input_bin_size_ms=10, output_bin_size_ms=10
2026-03-05 22:06:06,188 - INFO -   n_input_bins=60, n_output_bins=60
2026-03-05 22:06:06,188 - INFO -   output_offset=0, total_bins_input=60, total_bins_output=60
2026-03-05 22:06:06,188 - INFO -   Valid start positions per trial: 0 to 0
2026-03-05 22:06:06,188 - INFO -   Total samples: 600 (600 trials × 1 positions)
2026-03-05 22:06:39,826 - INFO - BinnedStimSpikeDataset initialized:
2026-03-05 22:06:39,826 - INFO -   input_bin_size_ms=10, output_bin_size_ms=10
2026-03-05 22:06:39,826 - INFO -   n_input_bins=60, n_output_bins=60
2026-03-05 22:06:39,826 - INFO -   output_offset=0, total_bins_input=60, total_bins_output=60
2026-03-05 22:06:39,826 - INFO -   Valid start positions per trial: 0 to 0
2026-03-05 22:06:39,826 - INFO -   Total samples: 1000 (1000 trials × 1 positions)
2026-03-05 22:06:39,827 - INFO - Samples — train: 3400, val: 600, test: 1000
2026-03-05 22:06:39,827 - INFO - Input channels: 105, Neurons: 63
2026-03-05 22:06:39,834 - INFO - Using CPU
2026-03-05 22:06:39,852 - INFO - Model: CNN — 94,527 trainable params (94,527 total)
2026-03-05 22:06:44,204 - INFO - Starting training …
2026-03-05 22:06:52,685 - INFO - Epoch   1/50 | Train: 0.221377 | Val: 0.187067 | Corr: 0.076677 | LR: 1.00e-03
2026-03-05 22:06:52,698 - INFO -   ↳ Saved best model (val_corr=0.076677)
2026-03-05 22:07:00,175 - INFO - Epoch   2/50 | Train: 0.183784 | Val: 0.181623 | Corr: 0.088954 | LR: 1.00e-03
2026-03-05 22:07:00,194 - INFO -   ↳ Saved best model (val_corr=0.088954)
2026-03-05 22:07:07,758 - INFO - Epoch   3/50 | Train: 0.181721 | Val: 0.184229 | Corr: 0.098181 | LR: 1.00e-03
2026-03-05 22:07:07,767 - INFO -   ↳ Saved best model (val_corr=0.098181)
2026-03-05 22:07:14,055 - INFO - Epoch   4/50 | Train: 0.180461 | Val: 0.183958 | Corr: 0.106706 | LR: 1.00e-03
2026-03-05 22:07:14,067 - INFO -   ↳ Saved best model (val_corr=0.106706)
2026-03-05 22:07:20,410 - INFO - Epoch   5/50 | Train: 0.179382 | Val: 0.180179 | Corr: 0.113198 | LR: 1.00e-03
2026-03-05 22:07:20,420 - INFO -   ↳ Saved best model (val_corr=0.113198)
2026-03-05 22:07:26,460 - INFO - Epoch   6/50 | Train: 0.178586 | Val: 0.180471 | Corr: 0.119447 | LR: 1.00e-03
2026-03-05 22:07:26,478 - INFO -   ↳ Saved best model (val_corr=0.119447)
2026-03-05 22:07:32,649 - INFO - Epoch   7/50 | Train: 0.177867 | Val: 0.178736 | Corr: 0.123613 | LR: 1.00e-03
2026-03-05 22:07:32,661 - INFO -   ↳ Saved best model (val_corr=0.123613)
2026-03-05 22:07:38,859 - INFO - Epoch   8/50 | Train: 0.177399 | Val: 0.182359 | Corr: 0.128096 | LR: 1.00e-03
2026-03-05 22:07:38,870 - INFO -   ↳ Saved best model (val_corr=0.128096)
2026-03-05 22:07:46,300 - INFO - Epoch   9/50 | Train: 0.176980 | Val: 0.178396 | Corr: 0.129298 | LR: 1.00e-03
2026-03-05 22:07:46,310 - INFO -   ↳ Saved best model (val_corr=0.129298)
2026-03-05 22:07:53,727 - INFO - Epoch  10/50 | Train: 0.176587 | Val: 0.177676 | Corr: 0.131738 | LR: 1.00e-03
2026-03-05 22:07:53,747 - INFO -   ↳ Saved best model (val_corr=0.131738)
2026-03-05 22:08:01,189 - INFO - Epoch  11/50 | Train: 0.176368 | Val: 0.178891 | Corr: 0.135285 | LR: 1.00e-03
2026-03-05 22:08:01,199 - INFO -   ↳ Saved best model (val_corr=0.135285)
2026-03-05 22:08:08,599 - INFO - Epoch  12/50 | Train: 0.176040 | Val: 0.178716 | Corr: 0.137092 | LR: 1.00e-03
2026-03-05 22:08:08,607 - INFO -   ↳ Saved best model (val_corr=0.137092)
2026-03-05 22:08:14,547 - INFO - Epoch  13/50 | Train: 0.175876 | Val: 0.176688 | Corr: 0.138187 | LR: 1.00e-03
2026-03-05 22:08:14,561 - INFO -   ↳ Saved best model (val_corr=0.138187)
2026-03-05 22:08:20,724 - INFO - Epoch  14/50 | Train: 0.175592 | Val: 0.177422 | Corr: 0.140569 | LR: 1.00e-03
2026-03-05 22:08:20,744 - INFO -   ↳ Saved best model (val_corr=0.140569)
2026-03-05 22:08:26,953 - INFO - Epoch  15/50 | Train: 0.175463 | Val: 0.178605 | Corr: 0.140921 | LR: 1.00e-03
2026-03-05 22:08:26,962 - INFO -   ↳ Saved best model (val_corr=0.140921)
2026-03-05 22:08:33,197 - INFO - Epoch  16/50 | Train: 0.175273 | Val: 0.178252 | Corr: 0.142149 | LR: 1.00e-03
2026-03-05 22:08:33,207 - INFO -   ↳ Saved best model (val_corr=0.142149)
2026-03-05 22:08:40,015 - INFO - Epoch  17/50 | Train: 0.175171 | Val: 0.176781 | Corr: 0.142796 | LR: 1.00e-03
2026-03-05 22:08:40,028 - INFO -   ↳ Saved best model (val_corr=0.142796)
2026-03-05 22:08:47,576 - INFO - Epoch  18/50 | Train: 0.175044 | Val: 0.178565 | Corr: 0.144018 | LR: 1.00e-03
2026-03-05 22:08:47,591 - INFO -   ↳ Saved best model (val_corr=0.144018)
2026-03-05 22:08:55,111 - INFO - Epoch  19/50 | Train: 0.174855 | Val: 0.177925 | Corr: 0.143634 | LR: 5.00e-04
2026-03-05 22:09:02,536 - INFO - Epoch  20/50 | Train: 0.174166 | Val: 0.176522 | Corr: 0.146306 | LR: 5.00e-04
2026-03-05 22:09:02,547 - INFO -   ↳ Saved best model (val_corr=0.146306)
2026-03-05 22:09:08,762 - INFO - Epoch  21/50 | Train: 0.174032 | Val: 0.176748 | Corr: 0.146155 | LR: 5.00e-04
2026-03-05 22:09:14,976 - INFO - Epoch  22/50 | Train: 0.174030 | Val: 0.175941 | Corr: 0.145745 | LR: 5.00e-04
2026-03-05 22:09:21,062 - INFO - Epoch  23/50 | Train: 0.173905 | Val: 0.176177 | Corr: 0.145865 | LR: 5.00e-04
2026-03-05 22:09:27,279 - INFO - Epoch  24/50 | Train: 0.173881 | Val: 0.176002 | Corr: 0.146825 | LR: 5.00e-04
2026-03-05 22:09:27,290 - INFO -   ↳ Saved best model (val_corr=0.146825)
2026-03-05 22:09:33,465 - INFO - Epoch  25/50 | Train: 0.173769 | Val: 0.176579 | Corr: 0.147136 | LR: 5.00e-04
2026-03-05 22:09:33,474 - INFO -   ↳ Saved best model (val_corr=0.147136)
2026-03-05 22:09:40,730 - INFO - Epoch  26/50 | Train: 0.173695 | Val: 0.176676 | Corr: 0.148014 | LR: 5.00e-04
2026-03-05 22:09:40,740 - INFO -   ↳ Saved best model (val_corr=0.148014)
2026-03-05 22:09:48,137 - INFO - Epoch  27/50 | Train: 0.173673 | Val: 0.175820 | Corr: 0.146902 | LR: 5.00e-04
2026-03-05 22:09:55,540 - INFO - Epoch  28/50 | Train: 0.173549 | Val: 0.176613 | Corr: 0.147918 | LR: 5.00e-04
2026-03-05 22:10:02,422 - INFO - Epoch  29/50 | Train: 0.173505 | Val: 0.177075 | Corr: 0.148189 | LR: 5.00e-04
2026-03-05 22:10:02,432 - INFO -   ↳ Saved best model (val_corr=0.148189)
2026-03-05 22:10:08,618 - INFO - Epoch  30/50 | Train: 0.173552 | Val: 0.176055 | Corr: 0.148021 | LR: 5.00e-04
2026-03-05 22:10:14,858 - INFO - Epoch  31/50 | Train: 0.173416 | Val: 0.176361 | Corr: 0.148078 | LR: 5.00e-04
2026-03-05 22:10:21,106 - INFO - Epoch  32/50 | Train: 0.173302 | Val: 0.177082 | Corr: 0.148268 | LR: 5.00e-04
2026-03-05 22:10:21,130 - INFO -   ↳ Saved best model (val_corr=0.148268)
2026-03-05 22:10:27,395 - INFO - Epoch  33/50 | Train: 0.173354 | Val: 0.176068 | Corr: 0.148052 | LR: 2.50e-04
2026-03-05 22:10:34,430 - INFO - Epoch  34/50 | Train: 0.172875 | Val: 0.175807 | Corr: 0.148515 | LR: 2.50e-04
2026-03-05 22:10:34,444 - INFO -   ↳ Saved best model (val_corr=0.148515)
2026-03-05 22:10:41,867 - INFO - Epoch  35/50 | Train: 0.172896 | Val: 0.175999 | Corr: 0.148648 | LR: 2.50e-04
2026-03-05 22:10:41,878 - INFO -   ↳ Saved best model (val_corr=0.148648)
2026-03-05 22:10:49,356 - INFO - Epoch  36/50 | Train: 0.172918 | Val: 0.176257 | Corr: 0.149051 | LR: 2.50e-04
2026-03-05 22:10:49,367 - INFO -   ↳ Saved best model (val_corr=0.149051)
2026-03-05 22:10:56,064 - INFO - Epoch  37/50 | Train: 0.172837 | Val: 0.176290 | Corr: 0.148721 | LR: 2.50e-04
2026-03-05 22:11:02,321 - INFO - Epoch  38/50 | Train: 0.172832 | Val: 0.176723 | Corr: 0.149313 | LR: 2.50e-04
2026-03-05 22:11:02,331 - INFO -   ↳ Saved best model (val_corr=0.149313)
2026-03-05 22:11:09,090 - INFO - Epoch  39/50 | Train: 0.172718 | Val: 0.176255 | Corr: 0.149317 | LR: 1.25e-04
2026-03-05 22:11:09,100 - INFO -   ↳ Saved best model (val_corr=0.149317)
2026-03-05 22:11:15,648 - INFO - Epoch  40/50 | Train: 0.172558 | Val: 0.176292 | Corr: 0.149156 | LR: 1.25e-04
2026-03-05 22:11:22,463 - INFO - Epoch  41/50 | Train: 0.172515 | Val: 0.176495 | Corr: 0.149144 | LR: 1.25e-04
2026-03-05 22:11:29,317 - INFO - Epoch  42/50 | Train: 0.172484 | Val: 0.176456 | Corr: 0.149243 | LR: 1.25e-04
2026-03-05 22:11:36,197 - INFO - Epoch  43/50 | Train: 0.172559 | Val: 0.176511 | Corr: 0.149249 | LR: 1.25e-04
2026-03-05 22:11:43,092 - INFO - Epoch  44/50 | Train: 0.172545 | Val: 0.176069 | Corr: 0.149052 | LR: 1.25e-04
2026-03-05 22:11:48,895 - INFO - Epoch  45/50 | Train: 0.172380 | Val: 0.176009 | Corr: 0.149053 | LR: 6.25e-05
2026-03-05 22:11:55,528 - INFO - Epoch  46/50 | Train: 0.172387 | Val: 0.176370 | Corr: 0.149334 | LR: 6.25e-05
2026-03-05 22:11:55,546 - INFO -   ↳ Saved best model (val_corr=0.149334)
2026-03-05 22:12:01,682 - INFO - Epoch  47/50 | Train: 0.172375 | Val: 0.176197 | Corr: 0.149249 | LR: 6.25e-05
2026-03-05 22:12:07,962 - INFO - Epoch  48/50 | Train: 0.172356 | Val: 0.176296 | Corr: 0.149404 | LR: 6.25e-05
2026-03-05 22:12:07,974 - INFO -   ↳ Saved best model (val_corr=0.149404)
2026-03-05 22:12:14,176 - INFO - Epoch  49/50 | Train: 0.172320 | Val: 0.176535 | Corr: 0.149319 | LR: 6.25e-05
2026-03-05 22:12:20,717 - INFO - Epoch  50/50 | Train: 0.172271 | Val: 0.176146 | Corr: 0.149249 | LR: 6.25e-05
2026-03-05 22:12:20,717 - INFO - Training complete — best val corr: 0.149404
2026-03-05 22:12:22,774 - INFO - Test loss: 0.167333, Test corr: 0.143333
2026-03-05 22:12:23,375 - INFO - Fraction of variance explained (FVE): 0.021815
2026-03-05 22:12:23,375 - INFO - Computing autoregressive (AR) test predictions …
2026-03-05 22:12:24,261 - INFO - AR FVE: 0.018079, AR test corr: 0.130856
2026-03-05 22:12:24,261 - INFO - Generating figures …
2026-03-05 22:12:25,013 - INFO - Correlation between predicted and actual per-neuron averages: r=0.9963, p=0.00e+00
2026-03-05 22:12:27,785 - INFO - Pattern selectivity summary:
2026-03-05 22:12:27,786 - INFO -   Mean correlation across neurons: 0.5462
2026-03-05 22:12:27,786 - INFO -   Median correlation: 0.5654
2026-03-05 22:12:27,786 - INFO -   Neurons with r > 0.5: 41 / 63
2026-03-05 22:12:27,786 - INFO -   Neurons with r > 0.3: 56 / 63
2026-03-05 22:12:27,786 - INFO - Pattern selectivity — mean neuron corr: 0.5462
2026-03-05 22:12:30,033 - INFO - LOO (avg rate) — Model mean r: 0.3821, LOO mean r: 0.4546, Neurons model > LOO: 14/63
2026-03-05 22:12:34,740 - INFO - LOO (temporal) — Model mean r: 0.1491, LOO mean r: 0.3186, Neurons model > LOO: 2/63
2026-03-05 22:12:34,740 - INFO - Skipping oracle trial plots (skip_oracle_plots=True)
2026-03-05 22:12:34,748 - INFO - Experiment complete. Summary: {
  "run_dir": "/scratch/sb272/patterns5k_results/slurm_hist_cnn_2026-03-05_16-01-45/trial_0481_learning_rate=1.0e-03_history=5_kernel_sizes=3x3_conv_channels=64x128_fc_dims=256_seed1",
  "model_type": "cnn",
  "batch_avg_test_loss": 0.16733262276649474,
  "batch_avg_test_corr": 0.14333304818220427,
  "all_test_fve": 0.02181500480288551,
  "AR_FVE": 0.0180794738587879,
  "AR_test_correlation": 0.13085581362247467,
  "best_val_corr": 0.14940377765388538,
  "total_params": 94527,
  "trainable_params": 94527,
  "epochs_trained": 50,
  "mean_pattern_corr": 0.5461849830183899,
  "history": 5,
  "init_state": true,
  "loo_avg_mean_corr": 0.45456832695830385,
  "model_avg_mean_corr": 0.3821482907646683,
  "neurons_model_beats_loo_avg": 14,
  "loo_temporal_mean_corr": 0.31855225563049316,
  "all_test_corr": 0.14910897612571716,
  "neurons_model_beats_loo_temporal": 2,
  "kernel_sizes": [
    3,
    3
  ],
  "conv_channels": [
    64,
    128
  ],
  "fc_dims": [
    256
  ]
}
