2026-03-05 20:34:41,359 - INFO - ============================================================
2026-03-05 20:34:41,359 - INFO - Experiment run directory: /scratch/sb272/patterns5k_results/slurm_hist_cnn_2026-03-05_16-01-45/trial_0088_learning_rate=1.0e-04_history=1_kernel_sizes=3x3x3_conv_channels=256x256x256_fc_dims=512_seed1
2026-03-05 20:34:41,359 - INFO - ============================================================
2026-03-05 20:34:41,359 - INFO - Loading data …
2026-03-05 20:34:42,495 - INFO - 63 unique neurons after dropping problematic neurons
2026-03-05 20:34:44,125 - INFO - Stimulation channels: 42, Spiking neurons: 63
2026-03-05 20:37:22,004 - INFO - Unique patterns: 4050, Total trials: 5000
2026-03-05 20:37:22,007 - INFO - Stimulation channels: 42, Spiking neurons: 63
2026-03-05 20:37:22,007 - INFO - Unique patterns: 4050, Total trials: 5000
2026-03-05 20:37:22,033 - INFO - Split (oracle): train=3400, val=600, test=1000
2026-03-05 20:37:55,531 - INFO - BinnedStimSpikeDataset initialized:
2026-03-05 20:37:55,532 - INFO -   input_bin_size_ms=10, output_bin_size_ms=10
2026-03-05 20:37:55,532 - INFO -   n_input_bins=60, n_output_bins=60
2026-03-05 20:37:55,532 - INFO -   output_offset=0, total_bins_input=60, total_bins_output=60
2026-03-05 20:37:55,532 - INFO -   Valid start positions per trial: 0 to 0
2026-03-05 20:37:55,532 - INFO -   Total samples: 3400 (3400 trials × 1 positions)
2026-03-05 20:38:28,703 - INFO - BinnedStimSpikeDataset initialized:
2026-03-05 20:38:28,704 - INFO -   input_bin_size_ms=10, output_bin_size_ms=10
2026-03-05 20:38:28,704 - INFO -   n_input_bins=60, n_output_bins=60
2026-03-05 20:38:28,704 - INFO -   output_offset=0, total_bins_input=60, total_bins_output=60
2026-03-05 20:38:28,704 - INFO -   Valid start positions per trial: 0 to 0
2026-03-05 20:38:28,704 - INFO -   Total samples: 600 (600 trials × 1 positions)
2026-03-05 20:39:02,462 - INFO - BinnedStimSpikeDataset initialized:
2026-03-05 20:39:02,462 - INFO -   input_bin_size_ms=10, output_bin_size_ms=10
2026-03-05 20:39:02,462 - INFO -   n_input_bins=60, n_output_bins=60
2026-03-05 20:39:02,462 - INFO -   output_offset=0, total_bins_input=60, total_bins_output=60
2026-03-05 20:39:02,462 - INFO -   Valid start positions per trial: 0 to 0
2026-03-05 20:39:02,462 - INFO -   Total samples: 1000 (1000 trials × 1 positions)
2026-03-05 20:39:02,463 - INFO - Samples — train: 3400, val: 600, test: 1000
2026-03-05 20:39:02,463 - INFO - Input channels: 105, Neurons: 63
2026-03-05 20:39:02,483 - INFO - Using CPU
2026-03-05 20:39:02,495 - INFO - Model: CNN — 640,063 trainable params (640,063 total)
2026-03-05 20:39:07,088 - INFO - Starting training …
2026-03-05 20:39:25,476 - INFO - Epoch   1/50 | Train: 0.309073 | Val: 0.179065 | Corr: 0.122088 | LR: 1.00e-04
2026-03-05 20:39:25,496 - INFO -   ↳ Saved best model (val_corr=0.122088)
2026-03-05 20:39:42,758 - INFO - Epoch   2/50 | Train: 0.178168 | Val: 0.175304 | Corr: 0.143317 | LR: 1.00e-04
2026-03-05 20:39:42,778 - INFO -   ↳ Saved best model (val_corr=0.143317)
2026-03-05 20:40:00,111 - INFO - Epoch   3/50 | Train: 0.175405 | Val: 0.172649 | Corr: 0.158574 | LR: 1.00e-04
2026-03-05 20:40:00,147 - INFO -   ↳ Saved best model (val_corr=0.158574)
2026-03-05 20:40:18,070 - INFO - Epoch   4/50 | Train: 0.173344 | Val: 0.171358 | Corr: 0.166868 | LR: 1.00e-04
2026-03-05 20:40:18,089 - INFO -   ↳ Saved best model (val_corr=0.166868)
2026-03-05 20:40:35,848 - INFO - Epoch   5/50 | Train: 0.171876 | Val: 0.169986 | Corr: 0.174940 | LR: 1.00e-04
2026-03-05 20:40:35,868 - INFO -   ↳ Saved best model (val_corr=0.174940)
2026-03-05 20:40:52,849 - INFO - Epoch   6/50 | Train: 0.170741 | Val: 0.169580 | Corr: 0.179608 | LR: 1.00e-04
2026-03-05 20:40:52,874 - INFO -   ↳ Saved best model (val_corr=0.179608)
2026-03-05 20:41:10,161 - INFO - Epoch   7/50 | Train: 0.169589 | Val: 0.168286 | Corr: 0.187198 | LR: 1.00e-04
2026-03-05 20:41:10,184 - INFO -   ↳ Saved best model (val_corr=0.187198)
2026-03-05 20:41:27,282 - INFO - Epoch   8/50 | Train: 0.168633 | Val: 0.167274 | Corr: 0.192978 | LR: 1.00e-04
2026-03-05 20:41:27,305 - INFO -   ↳ Saved best model (val_corr=0.192978)
2026-03-05 20:41:45,079 - INFO - Epoch   9/50 | Train: 0.167772 | Val: 0.166609 | Corr: 0.199159 | LR: 1.00e-04
2026-03-05 20:41:45,100 - INFO -   ↳ Saved best model (val_corr=0.199159)
2026-03-05 20:42:02,829 - INFO - Epoch  10/50 | Train: 0.166971 | Val: 0.166121 | Corr: 0.204262 | LR: 1.00e-04
2026-03-05 20:42:02,849 - INFO -   ↳ Saved best model (val_corr=0.204262)
2026-03-05 20:42:19,821 - INFO - Epoch  11/50 | Train: 0.166263 | Val: 0.165505 | Corr: 0.209211 | LR: 1.00e-04
2026-03-05 20:42:19,839 - INFO -   ↳ Saved best model (val_corr=0.209211)
2026-03-05 20:42:37,001 - INFO - Epoch  12/50 | Train: 0.165518 | Val: 0.164577 | Corr: 0.214125 | LR: 1.00e-04
2026-03-05 20:42:37,024 - INFO -   ↳ Saved best model (val_corr=0.214125)
2026-03-05 20:42:54,151 - INFO - Epoch  13/50 | Train: 0.164964 | Val: 0.164241 | Corr: 0.218092 | LR: 1.00e-04
2026-03-05 20:42:54,172 - INFO -   ↳ Saved best model (val_corr=0.218092)
2026-03-05 20:43:11,920 - INFO - Epoch  14/50 | Train: 0.164340 | Val: 0.163927 | Corr: 0.221795 | LR: 1.00e-04
2026-03-05 20:43:11,942 - INFO -   ↳ Saved best model (val_corr=0.221795)
2026-03-05 20:43:29,708 - INFO - Epoch  15/50 | Train: 0.163832 | Val: 0.163802 | Corr: 0.225905 | LR: 1.00e-04
2026-03-05 20:43:29,735 - INFO -   ↳ Saved best model (val_corr=0.225905)
2026-03-05 20:43:46,474 - INFO - Epoch  16/50 | Train: 0.163315 | Val: 0.163230 | Corr: 0.228875 | LR: 1.00e-04
2026-03-05 20:43:46,497 - INFO -   ↳ Saved best model (val_corr=0.228875)
2026-03-05 20:44:03,441 - INFO - Epoch  17/50 | Train: 0.162855 | Val: 0.162806 | Corr: 0.231781 | LR: 1.00e-04
2026-03-05 20:44:03,466 - INFO -   ↳ Saved best model (val_corr=0.231781)
2026-03-05 20:44:20,816 - INFO - Epoch  18/50 | Train: 0.162446 | Val: 0.162636 | Corr: 0.233977 | LR: 1.00e-04
2026-03-05 20:44:20,842 - INFO -   ↳ Saved best model (val_corr=0.233977)
2026-03-05 20:44:38,592 - INFO - Epoch  19/50 | Train: 0.162034 | Val: 0.162285 | Corr: 0.235905 | LR: 1.00e-04
2026-03-05 20:44:38,611 - INFO -   ↳ Saved best model (val_corr=0.235905)
2026-03-05 20:44:56,448 - INFO - Epoch  20/50 | Train: 0.161619 | Val: 0.161897 | Corr: 0.239082 | LR: 1.00e-04
2026-03-05 20:44:56,470 - INFO -   ↳ Saved best model (val_corr=0.239082)
2026-03-05 20:45:13,151 - INFO - Epoch  21/50 | Train: 0.161302 | Val: 0.161526 | Corr: 0.240454 | LR: 1.00e-04
2026-03-05 20:45:13,173 - INFO -   ↳ Saved best model (val_corr=0.240454)
2026-03-05 20:45:30,248 - INFO - Epoch  22/50 | Train: 0.160919 | Val: 0.161934 | Corr: 0.242361 | LR: 1.00e-04
2026-03-05 20:45:30,273 - INFO -   ↳ Saved best model (val_corr=0.242361)
2026-03-05 20:45:48,011 - INFO - Epoch  23/50 | Train: 0.160637 | Val: 0.161437 | Corr: 0.244153 | LR: 1.00e-04
2026-03-05 20:45:48,031 - INFO -   ↳ Saved best model (val_corr=0.244153)
2026-03-05 20:46:05,713 - INFO - Epoch  24/50 | Train: 0.160271 | Val: 0.160979 | Corr: 0.245918 | LR: 1.00e-04
2026-03-05 20:46:05,744 - INFO -   ↳ Saved best model (val_corr=0.245918)
2026-03-05 20:46:22,802 - INFO - Epoch  25/50 | Train: 0.160041 | Val: 0.161103 | Corr: 0.247369 | LR: 1.00e-04
2026-03-05 20:46:22,822 - INFO -   ↳ Saved best model (val_corr=0.247369)
2026-03-05 20:46:39,738 - INFO - Epoch  26/50 | Train: 0.159706 | Val: 0.161154 | Corr: 0.248335 | LR: 1.00e-04
2026-03-05 20:46:39,758 - INFO -   ↳ Saved best model (val_corr=0.248335)
2026-03-05 20:46:56,785 - INFO - Epoch  27/50 | Train: 0.159482 | Val: 0.160596 | Corr: 0.249478 | LR: 1.00e-04
2026-03-05 20:46:56,803 - INFO -   ↳ Saved best model (val_corr=0.249478)
2026-03-05 20:47:14,616 - INFO - Epoch  28/50 | Train: 0.159229 | Val: 0.160299 | Corr: 0.251425 | LR: 1.00e-04
2026-03-05 20:47:14,637 - INFO -   ↳ Saved best model (val_corr=0.251425)
2026-03-05 20:47:32,275 - INFO - Epoch  29/50 | Train: 0.159052 | Val: 0.160340 | Corr: 0.252615 | LR: 1.00e-04
2026-03-05 20:47:32,298 - INFO -   ↳ Saved best model (val_corr=0.252615)
2026-03-05 20:47:49,194 - INFO - Epoch  30/50 | Train: 0.158777 | Val: 0.160296 | Corr: 0.253863 | LR: 1.00e-04
2026-03-05 20:47:49,214 - INFO -   ↳ Saved best model (val_corr=0.253863)
2026-03-05 20:48:06,285 - INFO - Epoch  31/50 | Train: 0.158593 | Val: 0.159987 | Corr: 0.254471 | LR: 1.00e-04
2026-03-05 20:48:06,304 - INFO -   ↳ Saved best model (val_corr=0.254471)
2026-03-05 20:48:23,237 - INFO - Epoch  32/50 | Train: 0.158301 | Val: 0.159746 | Corr: 0.255204 | LR: 1.00e-04
2026-03-05 20:48:23,263 - INFO -   ↳ Saved best model (val_corr=0.255204)
2026-03-05 20:48:41,018 - INFO - Epoch  33/50 | Train: 0.158144 | Val: 0.159653 | Corr: 0.256480 | LR: 1.00e-04
2026-03-05 20:48:41,036 - INFO -   ↳ Saved best model (val_corr=0.256480)
2026-03-05 20:48:58,787 - INFO - Epoch  34/50 | Train: 0.157889 | Val: 0.159857 | Corr: 0.256949 | LR: 1.00e-04
2026-03-05 20:48:58,808 - INFO -   ↳ Saved best model (val_corr=0.256949)
2026-03-05 20:49:15,537 - INFO - Epoch  35/50 | Train: 0.157746 | Val: 0.159830 | Corr: 0.257271 | LR: 1.00e-04
2026-03-05 20:49:15,558 - INFO -   ↳ Saved best model (val_corr=0.257271)
2026-03-05 20:49:32,655 - INFO - Epoch  36/50 | Train: 0.157449 | Val: 0.159664 | Corr: 0.258167 | LR: 1.00e-04
2026-03-05 20:49:32,678 - INFO -   ↳ Saved best model (val_corr=0.258167)
2026-03-05 20:49:49,983 - INFO - Epoch  37/50 | Train: 0.157380 | Val: 0.159495 | Corr: 0.259396 | LR: 1.00e-04
2026-03-05 20:49:50,005 - INFO -   ↳ Saved best model (val_corr=0.259396)
2026-03-05 20:50:07,759 - INFO - Epoch  38/50 | Train: 0.157131 | Val: 0.159791 | Corr: 0.259285 | LR: 1.00e-04
2026-03-05 20:50:25,520 - INFO - Epoch  39/50 | Train: 0.156957 | Val: 0.159382 | Corr: 0.260879 | LR: 1.00e-04
2026-03-05 20:50:25,546 - INFO -   ↳ Saved best model (val_corr=0.260879)
2026-03-05 20:50:41,979 - INFO - Epoch  40/50 | Train: 0.156716 | Val: 0.159365 | Corr: 0.260641 | LR: 1.00e-04
2026-03-05 20:50:59,067 - INFO - Epoch  41/50 | Train: 0.156614 | Val: 0.159022 | Corr: 0.262022 | LR: 1.00e-04
2026-03-05 20:50:59,090 - INFO -   ↳ Saved best model (val_corr=0.262022)
2026-03-05 20:51:16,569 - INFO - Epoch  42/50 | Train: 0.156420 | Val: 0.159569 | Corr: 0.262629 | LR: 1.00e-04
2026-03-05 20:51:16,594 - INFO -   ↳ Saved best model (val_corr=0.262629)
2026-03-05 20:51:34,411 - INFO - Epoch  43/50 | Train: 0.156274 | Val: 0.158945 | Corr: 0.262656 | LR: 1.00e-04
2026-03-05 20:51:34,432 - INFO -   ↳ Saved best model (val_corr=0.262656)
2026-03-05 20:51:52,274 - INFO - Epoch  44/50 | Train: 0.156247 | Val: 0.159101 | Corr: 0.262912 | LR: 1.00e-04
2026-03-05 20:51:52,297 - INFO -   ↳ Saved best model (val_corr=0.262912)
2026-03-05 20:52:08,863 - INFO - Epoch  45/50 | Train: 0.156037 | Val: 0.158862 | Corr: 0.263656 | LR: 1.00e-04
2026-03-05 20:52:08,885 - INFO -   ↳ Saved best model (val_corr=0.263656)
2026-03-05 20:52:25,825 - INFO - Epoch  46/50 | Train: 0.155866 | Val: 0.158929 | Corr: 0.263976 | LR: 1.00e-04
2026-03-05 20:52:25,847 - INFO -   ↳ Saved best model (val_corr=0.263976)
2026-03-05 20:52:43,254 - INFO - Epoch  47/50 | Train: 0.155726 | Val: 0.159033 | Corr: 0.265083 | LR: 1.00e-04
2026-03-05 20:52:43,280 - INFO -   ↳ Saved best model (val_corr=0.265083)
2026-03-05 20:53:01,105 - INFO - Epoch  48/50 | Train: 0.155642 | Val: 0.158944 | Corr: 0.264817 | LR: 1.00e-04
2026-03-05 20:53:18,852 - INFO - Epoch  49/50 | Train: 0.155446 | Val: 0.158661 | Corr: 0.265405 | LR: 1.00e-04
2026-03-05 20:53:18,877 - INFO -   ↳ Saved best model (val_corr=0.265405)
2026-03-05 20:53:35,503 - INFO - Epoch  50/50 | Train: 0.155428 | Val: 0.158615 | Corr: 0.265983 | LR: 1.00e-04
2026-03-05 20:53:35,522 - INFO -   ↳ Saved best model (val_corr=0.265983)
2026-03-05 20:53:35,523 - INFO - Training complete — best val corr: 0.265983
2026-03-05 20:53:38,265 - INFO - Test loss: 0.150176, Test corr: 0.256612
2026-03-05 20:53:39,563 - INFO - Fraction of variance explained (FVE): 0.078168
2026-03-05 20:53:39,563 - INFO - Computing autoregressive (AR) test predictions …
2026-03-05 20:53:41,089 - INFO - AR FVE: -0.013608, AR test corr: 0.068030
2026-03-05 20:53:41,090 - INFO - Generating figures …
2026-03-05 20:53:41,832 - INFO - Correlation between predicted and actual per-neuron averages: r=0.9929, p=0.00e+00
2026-03-05 20:53:45,278 - INFO - Pattern selectivity summary:
2026-03-05 20:53:45,278 - INFO -   Mean correlation across neurons: 0.7535
2026-03-05 20:53:45,278 - INFO -   Median correlation: 0.7734
2026-03-05 20:53:45,278 - INFO -   Neurons with r > 0.5: 58 / 63
2026-03-05 20:53:45,278 - INFO -   Neurons with r > 0.3: 63 / 63
2026-03-05 20:53:45,279 - INFO - Pattern selectivity — mean neuron corr: 0.7535
2026-03-05 20:53:48,211 - INFO - LOO (avg rate) — Model mean r: 0.6281, LOO mean r: 0.4546, Neurons model > LOO: 55/63
2026-03-05 20:53:52,850 - INFO - LOO (temporal) — Model mean r: 0.2675, LOO mean r: 0.3186, Neurons model > LOO: 14/63
2026-03-05 20:53:52,851 - INFO - Skipping oracle trial plots (skip_oracle_plots=True)
2026-03-05 20:53:52,860 - INFO - Experiment complete. Summary: {
  "run_dir": "/scratch/sb272/patterns5k_results/slurm_hist_cnn_2026-03-05_16-01-45/trial_0088_learning_rate=1.0e-04_history=1_kernel_sizes=3x3x3_conv_channels=256x256x256_fc_dims=512_seed1",
  "model_type": "cnn",
  "batch_avg_test_loss": 0.15017609775066376,
  "batch_avg_test_corr": 0.2566120061518484,
  "all_test_fve": 0.07816822945125519,
  "AR_FVE": -0.013608114113883367,
  "AR_test_correlation": 0.06802991032600403,
  "best_val_corr": 0.2659828979908468,
  "total_params": 640063,
  "trainable_params": 640063,
  "epochs_trained": 50,
  "mean_pattern_corr": 0.7535074736605832,
  "history": 1,
  "init_state": true,
  "loo_avg_mean_corr": 0.45456832695830385,
  "model_avg_mean_corr": 0.6280838131166332,
  "neurons_model_beats_loo_avg": 55,
  "loo_temporal_mean_corr": 0.31855225563049316,
  "all_test_corr": 0.26749736070632935,
  "neurons_model_beats_loo_temporal": 14,
  "kernel_sizes": [
    3,
    3,
    3
  ],
  "conv_channels": [
    256,
    256,
    256
  ],
  "fc_dims": [
    512
  ]
}
