2026-02-19 18:11:25,459 - INFO - ============================================================
2026-02-19 18:11:25,459 - INFO - Experiment run directory: results/hist_cnn_initstate_v3_2026-02-19_18-06-22/trial_0006_history=20
2026-02-19 18:11:25,459 - INFO - ============================================================
2026-02-19 18:11:25,459 - INFO - Using preloaded raw data (skipping I/O)
2026-02-19 18:11:25,459 - INFO - Stimulation channels: 42, Spiking neurons: 63
2026-02-19 18:11:25,459 - INFO - Unique patterns: 4050, Total trials: 5000
2026-02-19 18:11:25,515 - INFO - Split (oracle): train=3400, val=600, test=1000
2026-02-19 18:11:40,225 - INFO - BinnedStimSpikeDataset initialized:
2026-02-19 18:11:40,226 - INFO -   input_bin_size_ms=10, output_bin_size_ms=10
2026-02-19 18:11:40,226 - INFO -   n_input_bins=60, n_output_bins=60
2026-02-19 18:11:40,226 - INFO -   output_offset=0, total_bins_input=60, total_bins_output=60
2026-02-19 18:11:40,226 - INFO -   Valid start positions per trial: 0 to 0
2026-02-19 18:11:40,226 - INFO -   Total samples: 3400 (3400 trials × 1 positions)
2026-02-19 18:11:53,879 - INFO - BinnedStimSpikeDataset initialized:
2026-02-19 18:11:53,880 - INFO -   input_bin_size_ms=10, output_bin_size_ms=10
2026-02-19 18:11:53,880 - INFO -   n_input_bins=60, n_output_bins=60
2026-02-19 18:11:53,880 - INFO -   output_offset=0, total_bins_input=60, total_bins_output=60
2026-02-19 18:11:53,880 - INFO -   Valid start positions per trial: 0 to 0
2026-02-19 18:11:53,880 - INFO -   Total samples: 600 (600 trials × 1 positions)
2026-02-19 18:12:07,629 - INFO - BinnedStimSpikeDataset initialized:
2026-02-19 18:12:07,630 - INFO -   input_bin_size_ms=10, output_bin_size_ms=10
2026-02-19 18:12:07,630 - INFO -   n_input_bins=60, n_output_bins=60
2026-02-19 18:12:07,630 - INFO -   output_offset=0, total_bins_input=60, total_bins_output=60
2026-02-19 18:12:07,630 - INFO -   Valid start positions per trial: 0 to 0
2026-02-19 18:12:07,630 - INFO -   Total samples: 1000 (1000 trials × 1 positions)
2026-02-19 18:12:07,631 - INFO - Samples — train: 3400, val: 600, test: 1000
2026-02-19 18:12:07,631 - INFO - Input channels: 105, Neurons: 63
2026-02-19 18:12:07,631 - INFO - Using Apple Silicon MPS acceleration
2026-02-19 18:12:07,686 - INFO - Model: CNN — 163,391 trainable params (163,391 total)
2026-02-19 18:12:07,687 - INFO - Starting training …
2026-02-19 18:12:07,904 - ERROR -   FAILED: The size of tensor a (60) must match the size of tensor b (80) at non-singleton dimension 2
2026-02-19 18:12:07,920 - INFO - 
======================================================================
2026-02-19 18:12:07,920 - INFO - [8/56] trial_0007_history=1
2026-02-19 18:12:07,920 - INFO -   Overrides: {"kernel_sizes": [3], "weight_decay": 0.0001, "conv_channels": [256], "history": 1}
2026-02-19 18:12:07,920 - INFO -   Output: results/hist_cnn_initstate_v3_2026-02-19_18-06-22/trial_0007_history=1
