2026-03-03 20:43:56,925 - INFO - ============================================================
2026-03-03 20:43:56,925 - INFO - Experiment run directory: /scratch/sb272/patterns5k_results/slurm_hist_cnn_2026-03-03_15-13-01/trial_0168_learning_rate=5.0e-04_history=20_kernel_sizes=3_conv_channels=256_fc_dims=256_seed2
2026-03-03 20:43:56,925 - INFO - ============================================================
2026-03-03 20:43:56,925 - INFO - Loading data …
2026-03-03 20:43:58,592 - INFO - 63 unique neurons after dropping problematic neurons
2026-03-03 20:43:59,465 - INFO - Stimulation channels: 42, Spiking neurons: 63
2026-03-03 20:45:08,890 - INFO - Unique patterns: 4050, Total trials: 5000
2026-03-03 20:45:08,891 - INFO - Stimulation channels: 42, Spiking neurons: 63
2026-03-03 20:45:08,891 - INFO - Unique patterns: 4050, Total trials: 5000
2026-03-03 20:45:08,902 - INFO - Split (oracle): train=3400, val=600, test=1000
2026-03-03 20:45:23,080 - INFO - BinnedStimSpikeDataset initialized:
2026-03-03 20:45:23,080 - INFO -   input_bin_size_ms=10, output_bin_size_ms=10
2026-03-03 20:45:23,081 - INFO -   n_input_bins=60, n_output_bins=60
2026-03-03 20:45:23,081 - INFO -   output_offset=0, total_bins_input=60, total_bins_output=60
2026-03-03 20:45:23,081 - INFO -   Valid start positions per trial: 0 to 0
2026-03-03 20:45:23,081 - INFO -   Total samples: 3400 (3400 trials × 1 positions)
2026-03-03 20:45:36,829 - INFO - BinnedStimSpikeDataset initialized:
2026-03-03 20:45:36,830 - INFO -   input_bin_size_ms=10, output_bin_size_ms=10
2026-03-03 20:45:36,830 - INFO -   n_input_bins=60, n_output_bins=60
2026-03-03 20:45:36,830 - INFO -   output_offset=0, total_bins_input=60, total_bins_output=60
2026-03-03 20:45:36,830 - INFO -   Valid start positions per trial: 0 to 0
2026-03-03 20:45:36,830 - INFO -   Total samples: 600 (600 trials × 1 positions)
2026-03-03 20:45:50,685 - INFO - BinnedStimSpikeDataset initialized:
2026-03-03 20:45:50,685 - INFO -   input_bin_size_ms=10, output_bin_size_ms=10
2026-03-03 20:45:50,685 - INFO -   n_input_bins=60, n_output_bins=60
2026-03-03 20:45:50,685 - INFO -   output_offset=0, total_bins_input=60, total_bins_output=60
2026-03-03 20:45:50,685 - INFO -   Valid start positions per trial: 0 to 0
2026-03-03 20:45:50,685 - INFO -   Total samples: 1000 (1000 trials × 1 positions)
2026-03-03 20:45:50,686 - INFO - Samples — train: 3400, val: 600, test: 1000
2026-03-03 20:45:50,686 - INFO - Input channels: 105, Neurons: 63
2026-03-03 20:45:50,686 - INFO - Using CPU
2026-03-03 20:45:50,701 - INFO - Model: CNN — 163,391 trainable params (163,391 total)
2026-03-03 20:45:54,347 - INFO - Starting training …
2026-03-03 20:45:58,124 - INFO - Epoch   1/50 | Train: 0.243866 | Val: 0.189246 | Corr: 0.021182 | LR: 5.00e-04
2026-03-03 20:45:58,139 - INFO -   ↳ Saved best model (val_corr=0.021182)
2026-03-03 20:46:01,360 - INFO - Epoch   2/50 | Train: 0.189672 | Val: 0.185831 | Corr: 0.045784 | LR: 5.00e-04
2026-03-03 20:46:01,370 - INFO -   ↳ Saved best model (val_corr=0.045784)
2026-03-03 20:46:04,580 - INFO - Epoch   3/50 | Train: 0.186751 | Val: 0.184347 | Corr: 0.059291 | LR: 5.00e-04
2026-03-03 20:46:04,592 - INFO -   ↳ Saved best model (val_corr=0.059291)
2026-03-03 20:46:07,803 - INFO - Epoch   4/50 | Train: 0.184981 | Val: 0.183177 | Corr: 0.069925 | LR: 5.00e-04
2026-03-03 20:46:07,814 - INFO -   ↳ Saved best model (val_corr=0.069925)
2026-03-03 20:46:11,035 - INFO - Epoch   5/50 | Train: 0.183560 | Val: 0.182232 | Corr: 0.078415 | LR: 5.00e-04
2026-03-03 20:46:11,045 - INFO -   ↳ Saved best model (val_corr=0.078415)
2026-03-03 20:46:14,263 - INFO - Epoch   6/50 | Train: 0.182455 | Val: 0.181686 | Corr: 0.084098 | LR: 5.00e-04
2026-03-03 20:46:14,274 - INFO -   ↳ Saved best model (val_corr=0.084098)
2026-03-03 20:46:17,488 - INFO - Epoch   7/50 | Train: 0.181554 | Val: 0.180865 | Corr: 0.090297 | LR: 5.00e-04
2026-03-03 20:46:17,503 - INFO -   ↳ Saved best model (val_corr=0.090297)
2026-03-03 20:46:20,691 - INFO - Epoch   8/50 | Train: 0.180810 | Val: 0.180438 | Corr: 0.094773 | LR: 5.00e-04
2026-03-03 20:46:20,702 - INFO -   ↳ Saved best model (val_corr=0.094773)
2026-03-03 20:46:23,906 - INFO - Epoch   9/50 | Train: 0.179968 | Val: 0.179965 | Corr: 0.100266 | LR: 5.00e-04
2026-03-03 20:46:23,919 - INFO -   ↳ Saved best model (val_corr=0.100266)
2026-03-03 20:46:27,147 - INFO - Epoch  10/50 | Train: 0.179468 | Val: 0.179637 | Corr: 0.103838 | LR: 5.00e-04
2026-03-03 20:46:27,157 - INFO -   ↳ Saved best model (val_corr=0.103838)
2026-03-03 20:46:30,381 - INFO - Epoch  11/50 | Train: 0.178801 | Val: 0.179463 | Corr: 0.107578 | LR: 5.00e-04
2026-03-03 20:46:30,391 - INFO -   ↳ Saved best model (val_corr=0.107578)
2026-03-03 20:46:33,637 - INFO - Epoch  12/50 | Train: 0.178468 | Val: 0.179858 | Corr: 0.109634 | LR: 5.00e-04
2026-03-03 20:46:33,648 - INFO -   ↳ Saved best model (val_corr=0.109634)
2026-03-03 20:46:36,884 - INFO - Epoch  13/50 | Train: 0.178038 | Val: 0.179175 | Corr: 0.112002 | LR: 5.00e-04
2026-03-03 20:46:36,894 - INFO -   ↳ Saved best model (val_corr=0.112002)
2026-03-03 20:46:40,092 - INFO - Epoch  14/50 | Train: 0.177653 | Val: 0.178609 | Corr: 0.113828 | LR: 5.00e-04
2026-03-03 20:46:40,102 - INFO -   ↳ Saved best model (val_corr=0.113828)
2026-03-03 20:46:43,282 - INFO - Epoch  15/50 | Train: 0.177353 | Val: 0.178492 | Corr: 0.117852 | LR: 5.00e-04
2026-03-03 20:46:43,292 - INFO -   ↳ Saved best model (val_corr=0.117852)
2026-03-03 20:46:46,478 - INFO - Epoch  16/50 | Train: 0.176969 | Val: 0.179069 | Corr: 0.116607 | LR: 5.00e-04
2026-03-03 20:46:49,599 - INFO - Epoch  17/50 | Train: 0.176769 | Val: 0.178195 | Corr: 0.120573 | LR: 5.00e-04
2026-03-03 20:46:49,610 - INFO -   ↳ Saved best model (val_corr=0.120573)
2026-03-03 20:46:52,654 - INFO - Epoch  18/50 | Train: 0.176447 | Val: 0.178057 | Corr: 0.120150 | LR: 5.00e-04
2026-03-03 20:46:55,699 - INFO - Epoch  19/50 | Train: 0.176193 | Val: 0.177947 | Corr: 0.121511 | LR: 5.00e-04
2026-03-03 20:46:55,709 - INFO -   ↳ Saved best model (val_corr=0.121511)
2026-03-03 20:46:58,842 - INFO - Epoch  20/50 | Train: 0.175929 | Val: 0.177968 | Corr: 0.121807 | LR: 5.00e-04
2026-03-03 20:46:58,852 - INFO -   ↳ Saved best model (val_corr=0.121807)
2026-03-03 20:47:01,950 - INFO - Epoch  21/50 | Train: 0.175729 | Val: 0.178584 | Corr: 0.122465 | LR: 5.00e-04
2026-03-03 20:47:01,959 - INFO -   ↳ Saved best model (val_corr=0.122465)
2026-03-03 20:47:05,073 - INFO - Epoch  22/50 | Train: 0.175437 | Val: 0.177891 | Corr: 0.124137 | LR: 5.00e-04
2026-03-03 20:47:05,092 - INFO -   ↳ Saved best model (val_corr=0.124137)
2026-03-03 20:47:08,204 - INFO - Epoch  23/50 | Train: 0.175296 | Val: 0.177858 | Corr: 0.124146 | LR: 5.00e-04
2026-03-03 20:47:08,215 - INFO -   ↳ Saved best model (val_corr=0.124146)
2026-03-03 20:47:11,358 - INFO - Epoch  24/50 | Train: 0.175047 | Val: 0.177674 | Corr: 0.124071 | LR: 5.00e-04
2026-03-03 20:47:14,458 - INFO - Epoch  25/50 | Train: 0.174912 | Val: 0.177924 | Corr: 0.126198 | LR: 5.00e-04
2026-03-03 20:47:14,471 - INFO -   ↳ Saved best model (val_corr=0.126198)
2026-03-03 20:47:17,588 - INFO - Epoch  26/50 | Train: 0.174821 | Val: 0.177603 | Corr: 0.125233 | LR: 5.00e-04
2026-03-03 20:47:20,688 - INFO - Epoch  27/50 | Train: 0.174492 | Val: 0.177494 | Corr: 0.126902 | LR: 5.00e-04
2026-03-03 20:47:20,699 - INFO -   ↳ Saved best model (val_corr=0.126902)
2026-03-03 20:47:23,808 - INFO - Epoch  28/50 | Train: 0.174299 | Val: 0.177583 | Corr: 0.126646 | LR: 5.00e-04
2026-03-03 20:47:26,940 - INFO - Epoch  29/50 | Train: 0.174199 | Val: 0.177501 | Corr: 0.126997 | LR: 5.00e-04
2026-03-03 20:47:26,952 - INFO -   ↳ Saved best model (val_corr=0.126997)
2026-03-03 20:47:30,096 - INFO - Epoch  30/50 | Train: 0.174085 | Val: 0.177514 | Corr: 0.127236 | LR: 5.00e-04
2026-03-03 20:47:30,106 - INFO -   ↳ Saved best model (val_corr=0.127236)
2026-03-03 20:47:33,239 - INFO - Epoch  31/50 | Train: 0.173854 | Val: 0.177553 | Corr: 0.126183 | LR: 5.00e-04
2026-03-03 20:47:36,318 - INFO - Epoch  32/50 | Train: 0.173648 | Val: 0.177572 | Corr: 0.127570 | LR: 5.00e-04
2026-03-03 20:47:36,328 - INFO -   ↳ Saved best model (val_corr=0.127570)
2026-03-03 20:47:39,433 - INFO - Epoch  33/50 | Train: 0.173453 | Val: 0.177628 | Corr: 0.126734 | LR: 2.50e-04
2026-03-03 20:47:42,597 - INFO - Epoch  34/50 | Train: 0.172932 | Val: 0.177295 | Corr: 0.128821 | LR: 2.50e-04
2026-03-03 20:47:42,613 - INFO -   ↳ Saved best model (val_corr=0.128821)
2026-03-03 20:47:45,728 - INFO - Epoch  35/50 | Train: 0.172782 | Val: 0.177581 | Corr: 0.127923 | LR: 2.50e-04
2026-03-03 20:47:48,826 - INFO - Epoch  36/50 | Train: 0.172672 | Val: 0.177356 | Corr: 0.128201 | LR: 2.50e-04
2026-03-03 20:47:51,931 - INFO - Epoch  37/50 | Train: 0.172737 | Val: 0.177708 | Corr: 0.128451 | LR: 2.50e-04
2026-03-03 20:47:54,991 - INFO - Epoch  38/50 | Train: 0.172613 | Val: 0.177512 | Corr: 0.129182 | LR: 2.50e-04
2026-03-03 20:47:55,004 - INFO -   ↳ Saved best model (val_corr=0.129182)
2026-03-03 20:47:58,119 - INFO - Epoch  39/50 | Train: 0.172440 | Val: 0.177583 | Corr: 0.128040 | LR: 2.50e-04
2026-03-03 20:48:01,224 - INFO - Epoch  40/50 | Train: 0.172457 | Val: 0.177550 | Corr: 0.128558 | LR: 1.25e-04
2026-03-03 20:48:04,337 - INFO - Epoch  41/50 | Train: 0.172064 | Val: 0.177360 | Corr: 0.128824 | LR: 1.25e-04
2026-03-03 20:48:07,420 - INFO - Epoch  42/50 | Train: 0.172000 | Val: 0.177387 | Corr: 0.128442 | LR: 1.25e-04
2026-03-03 20:48:10,489 - INFO - Epoch  43/50 | Train: 0.171979 | Val: 0.177478 | Corr: 0.128906 | LR: 1.25e-04
2026-03-03 20:48:13,579 - INFO - Epoch  44/50 | Train: 0.171875 | Val: 0.177508 | Corr: 0.129343 | LR: 1.25e-04
2026-03-03 20:48:13,590 - INFO -   ↳ Saved best model (val_corr=0.129343)
2026-03-03 20:48:16,674 - INFO - Epoch  45/50 | Train: 0.171879 | Val: 0.177419 | Corr: 0.128727 | LR: 1.25e-04
2026-03-03 20:48:19,745 - INFO - Epoch  46/50 | Train: 0.171785 | Val: 0.177575 | Corr: 0.128883 | LR: 6.25e-05
2026-03-03 20:48:22,829 - INFO - Epoch  47/50 | Train: 0.171687 | Val: 0.177658 | Corr: 0.129112 | LR: 6.25e-05
2026-03-03 20:48:25,889 - INFO - Epoch  48/50 | Train: 0.171571 | Val: 0.177523 | Corr: 0.129100 | LR: 6.25e-05
2026-03-03 20:48:28,998 - INFO - Epoch  49/50 | Train: 0.171623 | Val: 0.177536 | Corr: 0.129201 | LR: 6.25e-05
2026-03-03 20:48:32,123 - INFO - Epoch  50/50 | Train: 0.171686 | Val: 0.177634 | Corr: 0.128943 | LR: 6.25e-05
2026-03-03 20:48:32,123 - INFO - Training complete — best val corr: 0.129343
2026-03-03 20:48:33,051 - INFO - Test loss: 0.169013, Test corr: 0.131765
2026-03-03 20:48:33,296 - INFO - Fraction of variance explained (FVE): 0.020598
2026-03-03 20:48:33,296 - INFO - Computing autoregressive (AR) test predictions …
2026-03-03 20:48:33,663 - INFO - AR FVE: 0.020722, AR test corr: 0.133285
2026-03-03 20:48:33,664 - INFO - Generating figures …
2026-03-03 20:48:34,013 - INFO - Correlation between predicted and actual per-neuron averages: r=0.9916, p=0.00e+00
2026-03-03 20:48:35,337 - INFO - Pattern selectivity summary:
2026-03-03 20:48:35,337 - INFO -   Mean correlation across neurons: 0.5362
2026-03-03 20:48:35,338 - INFO -   Median correlation: 0.5894
2026-03-03 20:48:35,338 - INFO -   Neurons with r > 0.5: 40 / 63
2026-03-03 20:48:35,338 - INFO -   Neurons with r > 0.3: 54 / 63
2026-03-03 20:48:35,338 - INFO - Pattern selectivity — mean neuron corr: 0.5362
2026-03-03 20:48:36,321 - INFO - LOO (avg rate) — Model mean r: 0.3837, LOO mean r: 0.4546, Neurons model > LOO: 9/63
2026-03-03 20:48:37,749 - INFO - LOO (temporal) — Model mean r: 0.1378, LOO mean r: 0.3186, Neurons model > LOO: 1/63
2026-03-03 20:48:37,749 - INFO - Skipping oracle trial plots (skip_oracle_plots=True)
2026-03-03 20:48:37,765 - INFO - Experiment complete. Summary: {
  "run_dir": "/scratch/sb272/patterns5k_results/slurm_hist_cnn_2026-03-03_15-13-01/trial_0168_learning_rate=5.0e-04_history=20_kernel_sizes=3_conv_channels=256_fc_dims=256_seed2",
  "model_type": "cnn",
  "batch_avg_test_loss": 0.16901297795772552,
  "batch_avg_test_corr": 0.13176510629331736,
  "all_test_fve": 0.02059838790742178,
  "AR_FVE": 0.020722326778230212,
  "AR_test_correlation": 0.13328461349010468,
  "best_val_corr": 0.12934308329318261,
  "total_params": 163391,
  "trainable_params": 163391,
  "epochs_trained": 50,
  "mean_pattern_corr": 0.5362157810434504,
  "history": 20,
  "init_state": true,
  "loo_avg_mean_corr": 0.45456832695830385,
  "model_avg_mean_corr": 0.38369634774780864,
  "neurons_model_beats_loo_avg": 9,
  "loo_temporal_mean_corr": 0.31855225563049316,
  "all_test_corr": 0.13779795169830322,
  "neurons_model_beats_loo_temporal": 1,
  "kernel_sizes": [
    3
  ],
  "conv_channels": [
    256
  ],
  "fc_dims": [
    256
  ]
}
