2026-03-06 10:05:39,934 - INFO - ============================================================
2026-03-06 10:05:39,934 - INFO - Experiment run directory: /scratch/sb272/patterns5k_results/slurm_base_cnn_2026-03-06_09-50-40/trial_0034_learning_rate=5.0e-04_kernel_sizes=3x3x3_conv_channels=256x256x256_fc_dims=512_seed0
2026-03-06 10:05:39,935 - INFO - ============================================================
2026-03-06 10:05:39,935 - INFO - Loading data …
2026-03-06 10:05:40,728 - INFO - 63 unique neurons after dropping problematic neurons
2026-03-06 10:05:41,786 - INFO - Stimulation channels: 42, Spiking neurons: 63
2026-03-06 10:07:27,421 - INFO - Unique patterns: 4050, Total trials: 5000
2026-03-06 10:07:27,424 - INFO - Stimulation channels: 42, Spiking neurons: 63
2026-03-06 10:07:27,425 - INFO - Unique patterns: 4050, Total trials: 5000
2026-03-06 10:07:27,440 - INFO - Split (oracle): train=3400, val=600, test=1000
2026-03-06 10:07:49,258 - INFO - BinnedStimSpikeDataset initialized:
2026-03-06 10:07:49,259 - INFO -   input_bin_size_ms=10, output_bin_size_ms=10
2026-03-06 10:07:49,259 - INFO -   n_input_bins=60, n_output_bins=60
2026-03-06 10:07:49,259 - INFO -   output_offset=0, total_bins_input=60, total_bins_output=60
2026-03-06 10:07:49,259 - INFO -   Valid start positions per trial: 0 to 0
2026-03-06 10:07:49,259 - INFO -   Total samples: 3400 (3400 trials × 1 positions)
2026-03-06 10:08:10,497 - INFO - BinnedStimSpikeDataset initialized:
2026-03-06 10:08:10,497 - INFO -   input_bin_size_ms=10, output_bin_size_ms=10
2026-03-06 10:08:10,497 - INFO -   n_input_bins=60, n_output_bins=60
2026-03-06 10:08:10,497 - INFO -   output_offset=0, total_bins_input=60, total_bins_output=60
2026-03-06 10:08:10,497 - INFO -   Valid start positions per trial: 0 to 0
2026-03-06 10:08:10,497 - INFO -   Total samples: 600 (600 trials × 1 positions)
2026-03-06 10:08:31,856 - INFO - BinnedStimSpikeDataset initialized:
2026-03-06 10:08:31,856 - INFO -   input_bin_size_ms=10, output_bin_size_ms=10
2026-03-06 10:08:31,856 - INFO -   n_input_bins=60, n_output_bins=60
2026-03-06 10:08:31,856 - INFO -   output_offset=0, total_bins_input=60, total_bins_output=60
2026-03-06 10:08:31,856 - INFO -   Valid start positions per trial: 0 to 0
2026-03-06 10:08:31,856 - INFO -   Total samples: 1000 (1000 trials × 1 positions)
2026-03-06 10:08:31,857 - INFO - Samples — train: 3400, val: 600, test: 1000
2026-03-06 10:08:31,857 - INFO - Input channels: 42, Neurons: 63
2026-03-06 10:08:31,863 - INFO - Using CPU
2026-03-06 10:08:31,882 - INFO - Model: CNN — 591,679 trainable params (591,679 total)
2026-03-06 10:08:36,692 - INFO - Starting training …
2026-03-06 10:08:46,903 - INFO - Epoch   1/50 | Train: 0.215158 | Val: 0.183697 | Corr: 0.080680 | LR: 5.00e-04
2026-03-06 10:08:46,929 - INFO -   ↳ Saved best model (val_corr=0.080680)
2026-03-06 10:08:56,613 - INFO - Epoch   2/50 | Train: 0.181760 | Val: 0.182594 | Corr: 0.093901 | LR: 5.00e-04
2026-03-06 10:08:56,632 - INFO -   ↳ Saved best model (val_corr=0.093901)
2026-03-06 10:09:06,266 - INFO - Epoch   3/50 | Train: 0.180508 | Val: 0.181837 | Corr: 0.101961 | LR: 5.00e-04
2026-03-06 10:09:06,287 - INFO -   ↳ Saved best model (val_corr=0.101961)
2026-03-06 10:09:15,946 - INFO - Epoch   4/50 | Train: 0.179446 | Val: 0.180732 | Corr: 0.111414 | LR: 5.00e-04
2026-03-06 10:09:15,969 - INFO -   ↳ Saved best model (val_corr=0.111414)
2026-03-06 10:09:25,452 - INFO - Epoch   5/50 | Train: 0.178303 | Val: 0.180208 | Corr: 0.116670 | LR: 5.00e-04
2026-03-06 10:09:25,472 - INFO -   ↳ Saved best model (val_corr=0.116670)
2026-03-06 10:09:34,956 - INFO - Epoch   6/50 | Train: 0.177524 | Val: 0.179598 | Corr: 0.124562 | LR: 5.00e-04
2026-03-06 10:09:34,981 - INFO -   ↳ Saved best model (val_corr=0.124562)
2026-03-06 10:09:44,522 - INFO - Epoch   7/50 | Train: 0.176758 | Val: 0.179624 | Corr: 0.125836 | LR: 5.00e-04
2026-03-06 10:09:44,542 - INFO -   ↳ Saved best model (val_corr=0.125836)
2026-03-06 10:09:54,041 - INFO - Epoch   8/50 | Train: 0.176266 | Val: 0.179217 | Corr: 0.129788 | LR: 5.00e-04
2026-03-06 10:09:54,061 - INFO -   ↳ Saved best model (val_corr=0.129788)
2026-03-06 10:10:03,534 - INFO - Epoch   9/50 | Train: 0.175714 | Val: 0.179529 | Corr: 0.131962 | LR: 5.00e-04
2026-03-06 10:10:03,550 - INFO -   ↳ Saved best model (val_corr=0.131962)
2026-03-06 10:10:13,020 - INFO - Epoch  10/50 | Train: 0.175333 | Val: 0.179100 | Corr: 0.133042 | LR: 5.00e-04
2026-03-06 10:10:13,039 - INFO -   ↳ Saved best model (val_corr=0.133042)
2026-03-06 10:10:22,527 - INFO - Epoch  11/50 | Train: 0.175103 | Val: 0.178849 | Corr: 0.134524 | LR: 5.00e-04
2026-03-06 10:10:22,545 - INFO -   ↳ Saved best model (val_corr=0.134524)
2026-03-06 10:10:32,033 - INFO - Epoch  12/50 | Train: 0.174509 | Val: 0.178834 | Corr: 0.135989 | LR: 5.00e-04
2026-03-06 10:10:32,056 - INFO -   ↳ Saved best model (val_corr=0.135989)
2026-03-06 10:10:41,539 - INFO - Epoch  13/50 | Train: 0.174145 | Val: 0.179396 | Corr: 0.134585 | LR: 5.00e-04
2026-03-06 10:10:51,085 - INFO - Epoch  14/50 | Train: 0.173681 | Val: 0.179302 | Corr: 0.136592 | LR: 5.00e-04
2026-03-06 10:10:51,136 - INFO -   ↳ Saved best model (val_corr=0.136592)
2026-03-06 10:11:00,600 - INFO - Epoch  15/50 | Train: 0.173462 | Val: 0.178918 | Corr: 0.134963 | LR: 5.00e-04
2026-03-06 10:11:10,066 - INFO - Epoch  16/50 | Train: 0.173128 | Val: 0.179962 | Corr: 0.131564 | LR: 5.00e-04
2026-03-06 10:11:19,530 - INFO - Epoch  17/50 | Train: 0.172853 | Val: 0.179269 | Corr: 0.134755 | LR: 2.50e-04
2026-03-06 10:11:29,038 - INFO - Epoch  18/50 | Train: 0.171868 | Val: 0.178973 | Corr: 0.135653 | LR: 2.50e-04
2026-03-06 10:11:38,540 - INFO - Epoch  19/50 | Train: 0.171584 | Val: 0.178994 | Corr: 0.137172 | LR: 2.50e-04
2026-03-06 10:11:38,568 - INFO -   ↳ Saved best model (val_corr=0.137172)
2026-03-06 10:11:48,068 - INFO - Epoch  20/50 | Train: 0.171268 | Val: 0.179188 | Corr: 0.136401 | LR: 2.50e-04
2026-03-06 10:11:57,560 - INFO - Epoch  21/50 | Train: 0.171187 | Val: 0.179059 | Corr: 0.137598 | LR: 2.50e-04
2026-03-06 10:11:57,612 - INFO -   ↳ Saved best model (val_corr=0.137598)
2026-03-06 10:12:07,098 - INFO - Epoch  22/50 | Train: 0.170995 | Val: 0.178995 | Corr: 0.136642 | LR: 2.50e-04
2026-03-06 10:12:16,586 - INFO - Epoch  23/50 | Train: 0.170804 | Val: 0.179330 | Corr: 0.135765 | LR: 1.25e-04
2026-03-06 10:12:26,065 - INFO - Epoch  24/50 | Train: 0.170233 | Val: 0.179642 | Corr: 0.135137 | LR: 1.25e-04
2026-03-06 10:12:35,567 - INFO - Epoch  25/50 | Train: 0.170093 | Val: 0.179754 | Corr: 0.136027 | LR: 1.25e-04
2026-03-06 10:12:45,135 - INFO - Epoch  26/50 | Train: 0.169972 | Val: 0.179643 | Corr: 0.135858 | LR: 1.25e-04
2026-03-06 10:12:54,639 - INFO - Epoch  27/50 | Train: 0.169847 | Val: 0.179423 | Corr: 0.136352 | LR: 1.25e-04
2026-03-06 10:13:04,157 - INFO - Epoch  28/50 | Train: 0.169766 | Val: 0.179652 | Corr: 0.136393 | LR: 1.25e-04
2026-03-06 10:13:13,637 - INFO - Epoch  29/50 | Train: 0.169674 | Val: 0.180093 | Corr: 0.135040 | LR: 6.25e-05
2026-03-06 10:13:23,101 - INFO - Epoch  30/50 | Train: 0.169292 | Val: 0.179715 | Corr: 0.135384 | LR: 6.25e-05
2026-03-06 10:13:32,577 - INFO - Epoch  31/50 | Train: 0.169290 | Val: 0.179747 | Corr: 0.135041 | LR: 6.25e-05
2026-03-06 10:13:32,577 - INFO - Early stopping at epoch 31
2026-03-06 10:13:32,577 - INFO - Training complete — best val corr: 0.137598
2026-03-06 10:13:34,109 - INFO - Test loss: 0.168928, Test corr: 0.131428
2026-03-06 10:13:34,791 - INFO - Fraction of variance explained (FVE): 0.019445
2026-03-06 10:13:34,791 - INFO - Generating figures …
2026-03-06 10:13:35,291 - INFO - Correlation between predicted and actual per-neuron averages: r=0.9881, p=0.00e+00
2026-03-06 10:13:37,284 - INFO - Pattern selectivity summary:
2026-03-06 10:13:37,284 - INFO -   Mean correlation across neurons: 0.4746
2026-03-06 10:13:37,284 - INFO -   Median correlation: 0.4881
2026-03-06 10:13:37,284 - INFO -   Neurons with r > 0.5: 31 / 63
2026-03-06 10:13:37,284 - INFO -   Neurons with r > 0.3: 49 / 63
2026-03-06 10:13:37,284 - INFO - Pattern selectivity — mean neuron corr: 0.4746
2026-03-06 10:13:38,926 - INFO - LOO (avg rate) — Model mean r: 0.2764, LOO mean r: 0.4546, Neurons model > LOO: 2/63
2026-03-06 10:13:40,987 - INFO - LOO (temporal) — Model mean r: 0.1311, LOO mean r: 0.3186, Neurons model > LOO: 0/63
2026-03-06 10:13:40,988 - INFO - Skipping oracle trial plots (skip_oracle_plots=True)
2026-03-06 10:13:41,002 - INFO - Experiment complete. Summary: {
  "run_dir": "/scratch/sb272/patterns5k_results/slurm_base_cnn_2026-03-06_09-50-40/trial_0034_learning_rate=5.0e-04_kernel_sizes=3x3x3_conv_channels=256x256x256_fc_dims=512_seed0",
  "model_type": "cnn",
  "batch_avg_test_loss": 0.16892818844318389,
  "batch_avg_test_corr": 0.13142756608452227,
  "all_test_fve": 0.01944544107194931,
  "AR_FVE": NaN,
  "AR_test_correlation": NaN,
  "best_val_corr": 0.13759841408688742,
  "total_params": 591679,
  "trainable_params": 591679,
  "epochs_trained": 31,
  "mean_pattern_corr": 0.4745660456183012,
  "history": 0,
  "init_state": true,
  "loo_avg_mean_corr": 0.45456832695830385,
  "model_avg_mean_corr": 0.2764365022913069,
  "neurons_model_beats_loo_avg": 2,
  "loo_temporal_mean_corr": 0.31855225563049316,
  "all_test_corr": 0.1311294585466385,
  "neurons_model_beats_loo_temporal": 0,
  "kernel_sizes": [
    3,
    3,
    3
  ],
  "conv_channels": [
    256,
    256,
    256
  ],
  "fc_dims": [
    512
  ]
}
