2026-03-05 20:02:25,899 - INFO - ============================================================
2026-03-05 20:02:25,900 - INFO - Experiment run directory: /scratch/sb272/patterns5k_results/slurm_hist_cnn_2026-03-05_16-01-45/trial_0260_learning_rate=5.0e-04_history=5_kernel_sizes=5x3_conv_channels=128x256_fc_dims=1024_seed1
2026-03-05 20:02:25,900 - INFO - ============================================================
2026-03-05 20:02:25,900 - INFO - Loading data …
2026-03-05 20:02:26,703 - INFO - 63 unique neurons after dropping problematic neurons
2026-03-05 20:02:27,777 - INFO - Stimulation channels: 42, Spiking neurons: 63
2026-03-05 20:04:20,540 - INFO - Unique patterns: 4050, Total trials: 5000
2026-03-05 20:04:20,541 - INFO - Stimulation channels: 42, Spiking neurons: 63
2026-03-05 20:04:20,541 - INFO - Unique patterns: 4050, Total trials: 5000
2026-03-05 20:04:20,557 - INFO - Split (oracle): train=3400, val=600, test=1000
2026-03-05 20:04:43,979 - INFO - BinnedStimSpikeDataset initialized:
2026-03-05 20:04:43,980 - INFO -   input_bin_size_ms=10, output_bin_size_ms=10
2026-03-05 20:04:43,980 - INFO -   n_input_bins=60, n_output_bins=60
2026-03-05 20:04:43,980 - INFO -   output_offset=0, total_bins_input=60, total_bins_output=60
2026-03-05 20:04:43,980 - INFO -   Valid start positions per trial: 0 to 0
2026-03-05 20:04:43,980 - INFO -   Total samples: 3400 (3400 trials × 1 positions)
2026-03-05 20:05:06,826 - INFO - BinnedStimSpikeDataset initialized:
2026-03-05 20:05:06,827 - INFO -   input_bin_size_ms=10, output_bin_size_ms=10
2026-03-05 20:05:06,827 - INFO -   n_input_bins=60, n_output_bins=60
2026-03-05 20:05:06,827 - INFO -   output_offset=0, total_bins_input=60, total_bins_output=60
2026-03-05 20:05:06,827 - INFO -   Valid start positions per trial: 0 to 0
2026-03-05 20:05:06,827 - INFO -   Total samples: 600 (600 trials × 1 positions)
2026-03-05 20:05:29,419 - INFO - BinnedStimSpikeDataset initialized:
2026-03-05 20:05:29,420 - INFO -   input_bin_size_ms=10, output_bin_size_ms=10
2026-03-05 20:05:29,420 - INFO -   n_input_bins=60, n_output_bins=60
2026-03-05 20:05:29,420 - INFO -   output_offset=0, total_bins_input=60, total_bins_output=60
2026-03-05 20:05:29,421 - INFO -   Valid start positions per trial: 0 to 0
2026-03-05 20:05:29,421 - INFO -   Total samples: 1000 (1000 trials × 1 positions)
2026-03-05 20:05:29,421 - INFO - Samples — train: 3400, val: 600, test: 1000
2026-03-05 20:05:29,421 - INFO - Input channels: 105, Neurons: 63
2026-03-05 20:05:29,440 - INFO - Using CPU
2026-03-05 20:05:29,446 - INFO - Model: CNN — 494,399 trainable params (494,399 total)
2026-03-05 20:05:33,193 - INFO - Starting training …
2026-03-05 20:05:42,452 - INFO - Epoch   1/50 | Train: 0.208730 | Val: 0.182481 | Corr: 0.084619 | LR: 5.00e-04
2026-03-05 20:05:42,468 - INFO -   ↳ Saved best model (val_corr=0.084619)
2026-03-05 20:05:50,747 - INFO - Epoch   2/50 | Train: 0.181560 | Val: 0.186099 | Corr: 0.099995 | LR: 5.00e-04
2026-03-05 20:05:50,762 - INFO -   ↳ Saved best model (val_corr=0.099995)
2026-03-05 20:05:59,088 - INFO - Epoch   3/50 | Train: 0.179371 | Val: 0.187714 | Corr: 0.110186 | LR: 5.00e-04
2026-03-05 20:05:59,103 - INFO -   ↳ Saved best model (val_corr=0.110186)
2026-03-05 20:06:07,373 - INFO - Epoch   4/50 | Train: 0.177880 | Val: 0.182294 | Corr: 0.118729 | LR: 5.00e-04
2026-03-05 20:06:07,385 - INFO -   ↳ Saved best model (val_corr=0.118729)
2026-03-05 20:06:15,631 - INFO - Epoch   5/50 | Train: 0.176764 | Val: 0.180439 | Corr: 0.127905 | LR: 5.00e-04
2026-03-05 20:06:15,644 - INFO -   ↳ Saved best model (val_corr=0.127905)
2026-03-05 20:06:23,858 - INFO - Epoch   6/50 | Train: 0.175680 | Val: 0.179243 | Corr: 0.129930 | LR: 5.00e-04
2026-03-05 20:06:23,873 - INFO -   ↳ Saved best model (val_corr=0.129930)
2026-03-05 20:06:32,101 - INFO - Epoch   7/50 | Train: 0.174921 | Val: 0.179848 | Corr: 0.137201 | LR: 5.00e-04
2026-03-05 20:06:32,117 - INFO -   ↳ Saved best model (val_corr=0.137201)
2026-03-05 20:06:40,568 - INFO - Epoch   8/50 | Train: 0.174365 | Val: 0.179830 | Corr: 0.138790 | LR: 5.00e-04
2026-03-05 20:06:40,582 - INFO -   ↳ Saved best model (val_corr=0.138790)
2026-03-05 20:06:49,769 - INFO - Epoch   9/50 | Train: 0.173589 | Val: 0.181429 | Corr: 0.141510 | LR: 5.00e-04
2026-03-05 20:06:49,783 - INFO -   ↳ Saved best model (val_corr=0.141510)
2026-03-05 20:06:58,707 - INFO - Epoch  10/50 | Train: 0.173044 | Val: 0.178558 | Corr: 0.143036 | LR: 5.00e-04
2026-03-05 20:06:58,719 - INFO -   ↳ Saved best model (val_corr=0.143036)
2026-03-05 20:07:07,538 - INFO - Epoch  11/50 | Train: 0.172642 | Val: 0.176527 | Corr: 0.144864 | LR: 5.00e-04
2026-03-05 20:07:07,554 - INFO -   ↳ Saved best model (val_corr=0.144864)
2026-03-05 20:07:16,541 - INFO - Epoch  12/50 | Train: 0.172184 | Val: 0.178785 | Corr: 0.146952 | LR: 5.00e-04
2026-03-05 20:07:16,556 - INFO -   ↳ Saved best model (val_corr=0.146952)
2026-03-05 20:07:25,302 - INFO - Epoch  13/50 | Train: 0.171819 | Val: 0.181045 | Corr: 0.146388 | LR: 5.00e-04
2026-03-05 20:07:34,194 - INFO - Epoch  14/50 | Train: 0.171421 | Val: 0.179402 | Corr: 0.148988 | LR: 5.00e-04
2026-03-05 20:07:34,209 - INFO -   ↳ Saved best model (val_corr=0.148988)
2026-03-05 20:07:43,032 - INFO - Epoch  15/50 | Train: 0.170990 | Val: 0.178763 | Corr: 0.148570 | LR: 5.00e-04
2026-03-05 20:07:51,731 - INFO - Epoch  16/50 | Train: 0.170729 | Val: 0.176317 | Corr: 0.149568 | LR: 5.00e-04
2026-03-05 20:07:51,746 - INFO -   ↳ Saved best model (val_corr=0.149568)
2026-03-05 20:08:00,145 - INFO - Epoch  17/50 | Train: 0.170453 | Val: 0.177653 | Corr: 0.149079 | LR: 5.00e-04
2026-03-05 20:08:08,332 - INFO - Epoch  18/50 | Train: 0.170190 | Val: 0.178749 | Corr: 0.149526 | LR: 5.00e-04
2026-03-05 20:08:16,624 - INFO - Epoch  19/50 | Train: 0.169713 | Val: 0.181633 | Corr: 0.150708 | LR: 5.00e-04
2026-03-05 20:08:16,638 - INFO -   ↳ Saved best model (val_corr=0.150708)
2026-03-05 20:08:25,595 - INFO - Epoch  20/50 | Train: 0.169445 | Val: 0.178423 | Corr: 0.151287 | LR: 5.00e-04
2026-03-05 20:08:25,610 - INFO -   ↳ Saved best model (val_corr=0.151287)
2026-03-05 20:08:34,689 - INFO - Epoch  21/50 | Train: 0.169145 | Val: 0.178252 | Corr: 0.152034 | LR: 5.00e-04
2026-03-05 20:08:34,703 - INFO -   ↳ Saved best model (val_corr=0.152034)
2026-03-05 20:08:43,850 - INFO - Epoch  22/50 | Train: 0.168982 | Val: 0.178991 | Corr: 0.151865 | LR: 2.50e-04
2026-03-05 20:08:52,778 - INFO - Epoch  23/50 | Train: 0.167884 | Val: 0.177985 | Corr: 0.152247 | LR: 2.50e-04
2026-03-05 20:08:52,797 - INFO -   ↳ Saved best model (val_corr=0.152247)
2026-03-05 20:09:01,832 - INFO - Epoch  24/50 | Train: 0.167512 | Val: 0.181043 | Corr: 0.153039 | LR: 2.50e-04
2026-03-05 20:09:01,844 - INFO -   ↳ Saved best model (val_corr=0.153039)
2026-03-05 20:09:10,901 - INFO - Epoch  25/50 | Train: 0.167494 | Val: 0.177685 | Corr: 0.151940 | LR: 2.50e-04
2026-03-05 20:09:20,022 - INFO - Epoch  26/50 | Train: 0.167324 | Val: 0.178406 | Corr: 0.152401 | LR: 2.50e-04
2026-03-05 20:09:29,063 - INFO - Epoch  27/50 | Train: 0.167140 | Val: 0.179358 | Corr: 0.152298 | LR: 2.50e-04
2026-03-05 20:09:37,635 - INFO - Epoch  28/50 | Train: 0.167043 | Val: 0.177255 | Corr: 0.151898 | LR: 1.25e-04
2026-03-05 20:09:46,048 - INFO - Epoch  29/50 | Train: 0.166536 | Val: 0.180499 | Corr: 0.153550 | LR: 1.25e-04
2026-03-05 20:09:46,065 - INFO -   ↳ Saved best model (val_corr=0.153550)
2026-03-05 20:09:54,465 - INFO - Epoch  30/50 | Train: 0.166325 | Val: 0.178681 | Corr: 0.153128 | LR: 1.25e-04
2026-03-05 20:10:03,466 - INFO - Epoch  31/50 | Train: 0.166148 | Val: 0.180340 | Corr: 0.153294 | LR: 1.25e-04
2026-03-05 20:10:12,453 - INFO - Epoch  32/50 | Train: 0.166084 | Val: 0.179469 | Corr: 0.152914 | LR: 1.25e-04
2026-03-05 20:10:21,437 - INFO - Epoch  33/50 | Train: 0.165978 | Val: 0.178708 | Corr: 0.152990 | LR: 1.25e-04
2026-03-05 20:10:30,304 - INFO - Epoch  34/50 | Train: 0.165982 | Val: 0.180063 | Corr: 0.153018 | LR: 6.25e-05
2026-03-05 20:10:39,387 - INFO - Epoch  35/50 | Train: 0.165590 | Val: 0.180467 | Corr: 0.153338 | LR: 6.25e-05
2026-03-05 20:10:48,486 - INFO - Epoch  36/50 | Train: 0.165517 | Val: 0.179026 | Corr: 0.152876 | LR: 6.25e-05
2026-03-05 20:10:57,613 - INFO - Epoch  37/50 | Train: 0.165514 | Val: 0.179847 | Corr: 0.153075 | LR: 6.25e-05
2026-03-05 20:11:06,757 - INFO - Epoch  38/50 | Train: 0.165432 | Val: 0.178916 | Corr: 0.153060 | LR: 6.25e-05
2026-03-05 20:11:15,428 - INFO - Epoch  39/50 | Train: 0.165385 | Val: 0.179730 | Corr: 0.153377 | LR: 6.25e-05
2026-03-05 20:11:15,428 - INFO - Early stopping at epoch 39
2026-03-05 20:11:15,428 - INFO - Training complete — best val corr: 0.153550
2026-03-05 20:11:16,968 - INFO - Test loss: 0.171414, Test corr: 0.147806
2026-03-05 20:11:17,579 - INFO - Fraction of variance explained (FVE): -0.006870
2026-03-05 20:11:17,579 - INFO - Computing autoregressive (AR) test predictions …
2026-03-05 20:11:18,420 - INFO - AR FVE: -0.004614, AR test corr: 0.130112
2026-03-05 20:11:18,420 - INFO - Generating figures …
2026-03-05 20:11:18,862 - INFO - Correlation between predicted and actual per-neuron averages: r=0.9941, p=0.00e+00
2026-03-05 20:11:21,020 - INFO - Pattern selectivity summary:
2026-03-05 20:11:21,020 - INFO -   Mean correlation across neurons: 0.5849
2026-03-05 20:11:21,021 - INFO -   Median correlation: 0.6363
2026-03-05 20:11:21,021 - INFO -   Neurons with r > 0.5: 44 / 63
2026-03-05 20:11:21,021 - INFO -   Neurons with r > 0.3: 59 / 63
2026-03-05 20:11:21,021 - INFO - Pattern selectivity — mean neuron corr: 0.5849
2026-03-05 20:11:22,807 - INFO - LOO (avg rate) — Model mean r: 0.4266, LOO mean r: 0.4546, Neurons model > LOO: 15/63
2026-03-05 20:11:26,133 - INFO - LOO (temporal) — Model mean r: 0.1545, LOO mean r: 0.3186, Neurons model > LOO: 2/63
2026-03-05 20:11:26,134 - INFO - Skipping oracle trial plots (skip_oracle_plots=True)
2026-03-05 20:11:26,139 - INFO - Experiment complete. Summary: {
  "run_dir": "/scratch/sb272/patterns5k_results/slurm_hist_cnn_2026-03-05_16-01-45/trial_0260_learning_rate=5.0e-04_history=5_kernel_sizes=5x3_conv_channels=128x256_fc_dims=1024_seed1",
  "model_type": "cnn",
  "batch_avg_test_loss": 0.17141448640823365,
  "batch_avg_test_corr": 0.14780579451907894,
  "all_test_fve": -0.006869683189997597,
  "AR_FVE": -0.004613519661010258,
  "AR_test_correlation": 0.1301121860742569,
  "best_val_corr": 0.1535498893282723,
  "total_params": 494399,
  "trainable_params": 494399,
  "epochs_trained": 39,
  "mean_pattern_corr": 0.5849186026353405,
  "history": 5,
  "init_state": true,
  "loo_avg_mean_corr": 0.45456832695830385,
  "model_avg_mean_corr": 0.4266406221290249,
  "neurons_model_beats_loo_avg": 15,
  "loo_temporal_mean_corr": 0.31855225563049316,
  "all_test_corr": 0.15446601808071136,
  "neurons_model_beats_loo_temporal": 2,
  "kernel_sizes": [
    5,
    3
  ],
  "conv_channels": [
    128,
    256
  ],
  "fc_dims": [
    1024
  ]
}
