2026-03-04 20:48:08,857 - INFO - ============================================================
2026-03-04 20:48:08,857 - INFO - Experiment run directory: /scratch/sb272/patterns5k_results/slurm_base_cnn_2026-03-04_16-53-19/trial_0069_learning_rate=5.0e-04_kernel_sizes=5x3x3_conv_channels=64x128x256_fc_dims=512_seed0
2026-03-04 20:48:08,857 - INFO - ============================================================
2026-03-04 20:48:08,857 - INFO - Loading data …
2026-03-04 20:48:10,381 - INFO - 63 unique neurons after dropping problematic neurons
2026-03-04 20:48:11,270 - INFO - Stimulation channels: 42, Spiking neurons: 63
2026-03-04 20:49:20,457 - INFO - Unique patterns: 4050, Total trials: 5000
2026-03-04 20:49:20,459 - INFO - Stimulation channels: 42, Spiking neurons: 63
2026-03-04 20:49:20,459 - INFO - Unique patterns: 4050, Total trials: 5000
2026-03-04 20:49:20,470 - INFO - Split (oracle): train=3400, val=600, test=1000
2026-03-04 20:49:34,662 - INFO - BinnedStimSpikeDataset initialized:
2026-03-04 20:49:34,663 - INFO -   input_bin_size_ms=10, output_bin_size_ms=10
2026-03-04 20:49:34,663 - INFO -   n_input_bins=60, n_output_bins=60
2026-03-04 20:49:34,663 - INFO -   output_offset=0, total_bins_input=60, total_bins_output=60
2026-03-04 20:49:34,663 - INFO -   Valid start positions per trial: 0 to 0
2026-03-04 20:49:34,663 - INFO -   Total samples: 3400 (3400 trials × 1 positions)
2026-03-04 20:49:48,408 - INFO - BinnedStimSpikeDataset initialized:
2026-03-04 20:49:48,408 - INFO -   input_bin_size_ms=10, output_bin_size_ms=10
2026-03-04 20:49:48,408 - INFO -   n_input_bins=60, n_output_bins=60
2026-03-04 20:49:48,408 - INFO -   output_offset=0, total_bins_input=60, total_bins_output=60
2026-03-04 20:49:48,408 - INFO -   Valid start positions per trial: 0 to 0
2026-03-04 20:49:48,408 - INFO -   Total samples: 600 (600 trials × 1 positions)
2026-03-04 20:50:02,190 - INFO - BinnedStimSpikeDataset initialized:
2026-03-04 20:50:02,190 - INFO -   input_bin_size_ms=10, output_bin_size_ms=10
2026-03-04 20:50:02,190 - INFO -   n_input_bins=60, n_output_bins=60
2026-03-04 20:50:02,190 - INFO -   output_offset=0, total_bins_input=60, total_bins_output=60
2026-03-04 20:50:02,190 - INFO -   Valid start positions per trial: 0 to 0
2026-03-04 20:50:02,190 - INFO -   Total samples: 1000 (1000 trials × 1 positions)
2026-03-04 20:50:02,190 - INFO - Samples — train: 3400, val: 600, test: 1000
2026-03-04 20:50:02,190 - INFO - Input channels: 42, Neurons: 63
2026-03-04 20:50:02,207 - INFO - Using CPU
2026-03-04 20:50:02,212 - INFO - Model: CNN — 301,567 trainable params (301,567 total)
2026-03-04 20:50:07,179 - INFO - Starting training …
2026-03-04 20:50:12,703 - INFO - Epoch   1/50 | Train: 0.215692 | Val: 0.185846 | Corr: 0.074250 | LR: 5.00e-04
2026-03-04 20:50:12,720 - INFO -   ↳ Saved best model (val_corr=0.074250)
2026-03-04 20:50:17,325 - INFO - Epoch   2/50 | Train: 0.182788 | Val: 0.183326 | Corr: 0.084456 | LR: 5.00e-04
2026-03-04 20:50:17,342 - INFO -   ↳ Saved best model (val_corr=0.084456)
2026-03-04 20:50:21,865 - INFO - Epoch   3/50 | Train: 0.181500 | Val: 0.182504 | Corr: 0.092636 | LR: 5.00e-04
2026-03-04 20:50:21,878 - INFO -   ↳ Saved best model (val_corr=0.092636)
2026-03-04 20:50:26,537 - INFO - Epoch   4/50 | Train: 0.180553 | Val: 0.182036 | Corr: 0.100574 | LR: 5.00e-04
2026-03-04 20:50:26,549 - INFO -   ↳ Saved best model (val_corr=0.100574)
2026-03-04 20:50:31,314 - INFO - Epoch   5/50 | Train: 0.180017 | Val: 0.181460 | Corr: 0.104057 | LR: 5.00e-04
2026-03-04 20:50:31,328 - INFO -   ↳ Saved best model (val_corr=0.104057)
2026-03-04 20:50:36,172 - INFO - Epoch   6/50 | Train: 0.179290 | Val: 0.181493 | Corr: 0.109783 | LR: 5.00e-04
2026-03-04 20:50:36,188 - INFO -   ↳ Saved best model (val_corr=0.109783)
2026-03-04 20:50:41,201 - INFO - Epoch   7/50 | Train: 0.178706 | Val: 0.180672 | Corr: 0.113722 | LR: 5.00e-04
2026-03-04 20:50:41,217 - INFO -   ↳ Saved best model (val_corr=0.113722)
2026-03-04 20:50:46,268 - INFO - Epoch   8/50 | Train: 0.178255 | Val: 0.180277 | Corr: 0.119053 | LR: 5.00e-04
2026-03-04 20:50:46,291 - INFO -   ↳ Saved best model (val_corr=0.119053)
2026-03-04 20:50:51,321 - INFO - Epoch   9/50 | Train: 0.177798 | Val: 0.179934 | Corr: 0.121049 | LR: 5.00e-04
2026-03-04 20:50:51,336 - INFO -   ↳ Saved best model (val_corr=0.121049)
2026-03-04 20:50:56,371 - INFO - Epoch  10/50 | Train: 0.177494 | Val: 0.179480 | Corr: 0.123465 | LR: 5.00e-04
2026-03-04 20:50:56,411 - INFO -   ↳ Saved best model (val_corr=0.123465)
2026-03-04 20:51:01,436 - INFO - Epoch  11/50 | Train: 0.177158 | Val: 0.179343 | Corr: 0.125875 | LR: 5.00e-04
2026-03-04 20:51:01,467 - INFO -   ↳ Saved best model (val_corr=0.125875)
2026-03-04 20:51:06,536 - INFO - Epoch  12/50 | Train: 0.176985 | Val: 0.180205 | Corr: 0.123488 | LR: 5.00e-04
2026-03-04 20:51:11,526 - INFO - Epoch  13/50 | Train: 0.176615 | Val: 0.179184 | Corr: 0.128950 | LR: 5.00e-04
2026-03-04 20:51:11,541 - INFO -   ↳ Saved best model (val_corr=0.128950)
2026-03-04 20:51:16,537 - INFO - Epoch  14/50 | Train: 0.176326 | Val: 0.178959 | Corr: 0.131091 | LR: 5.00e-04
2026-03-04 20:51:16,558 - INFO -   ↳ Saved best model (val_corr=0.131091)
2026-03-04 20:51:21,532 - INFO - Epoch  15/50 | Train: 0.176144 | Val: 0.178683 | Corr: 0.132481 | LR: 5.00e-04
2026-03-04 20:51:21,546 - INFO -   ↳ Saved best model (val_corr=0.132481)
2026-03-04 20:51:26,594 - INFO - Epoch  16/50 | Train: 0.175920 | Val: 0.178727 | Corr: 0.134548 | LR: 5.00e-04
2026-03-04 20:51:26,608 - INFO -   ↳ Saved best model (val_corr=0.134548)
2026-03-04 20:51:31,691 - INFO - Epoch  17/50 | Train: 0.175711 | Val: 0.178439 | Corr: 0.136165 | LR: 5.00e-04
2026-03-04 20:51:31,705 - INFO -   ↳ Saved best model (val_corr=0.136165)
2026-03-04 20:51:36,562 - INFO - Epoch  18/50 | Train: 0.175492 | Val: 0.178589 | Corr: 0.136083 | LR: 5.00e-04
2026-03-04 20:51:41,373 - INFO - Epoch  19/50 | Train: 0.175334 | Val: 0.178665 | Corr: 0.138090 | LR: 5.00e-04
2026-03-04 20:51:41,387 - INFO -   ↳ Saved best model (val_corr=0.138090)
2026-03-04 20:51:46,197 - INFO - Epoch  20/50 | Train: 0.175221 | Val: 0.178213 | Corr: 0.139388 | LR: 5.00e-04
2026-03-04 20:51:46,213 - INFO -   ↳ Saved best model (val_corr=0.139388)
2026-03-04 20:51:51,046 - INFO - Epoch  21/50 | Train: 0.175091 | Val: 0.178073 | Corr: 0.139293 | LR: 5.00e-04
2026-03-04 20:51:55,786 - INFO - Epoch  22/50 | Train: 0.174871 | Val: 0.178143 | Corr: 0.141188 | LR: 5.00e-04
2026-03-04 20:51:55,800 - INFO -   ↳ Saved best model (val_corr=0.141188)
2026-03-04 20:52:00,541 - INFO - Epoch  23/50 | Train: 0.174806 | Val: 0.178580 | Corr: 0.137986 | LR: 5.00e-04
2026-03-04 20:52:05,253 - INFO - Epoch  24/50 | Train: 0.174626 | Val: 0.178459 | Corr: 0.140325 | LR: 5.00e-04
2026-03-04 20:52:09,986 - INFO - Epoch  25/50 | Train: 0.174475 | Val: 0.178612 | Corr: 0.141311 | LR: 5.00e-04
2026-03-04 20:52:10,003 - INFO -   ↳ Saved best model (val_corr=0.141311)
2026-03-04 20:52:14,688 - INFO - Epoch  26/50 | Train: 0.174472 | Val: 0.177995 | Corr: 0.141396 | LR: 5.00e-04
2026-03-04 20:52:14,703 - INFO -   ↳ Saved best model (val_corr=0.141396)
2026-03-04 20:52:19,445 - INFO - Epoch  27/50 | Train: 0.174218 | Val: 0.177898 | Corr: 0.142594 | LR: 5.00e-04
2026-03-04 20:52:19,487 - INFO -   ↳ Saved best model (val_corr=0.142594)
2026-03-04 20:52:24,367 - INFO - Epoch  28/50 | Train: 0.174201 | Val: 0.178268 | Corr: 0.143621 | LR: 5.00e-04
2026-03-04 20:52:24,395 - INFO -   ↳ Saved best model (val_corr=0.143621)
2026-03-04 20:52:29,352 - INFO - Epoch  29/50 | Train: 0.174090 | Val: 0.177955 | Corr: 0.143386 | LR: 5.00e-04
2026-03-04 20:52:34,269 - INFO - Epoch  30/50 | Train: 0.173948 | Val: 0.178093 | Corr: 0.144099 | LR: 5.00e-04
2026-03-04 20:52:34,314 - INFO -   ↳ Saved best model (val_corr=0.144099)
2026-03-04 20:52:39,293 - INFO - Epoch  31/50 | Train: 0.173827 | Val: 0.177883 | Corr: 0.143017 | LR: 5.00e-04
2026-03-04 20:52:44,242 - INFO - Epoch  32/50 | Train: 0.173812 | Val: 0.177964 | Corr: 0.143674 | LR: 5.00e-04
2026-03-04 20:52:49,193 - INFO - Epoch  33/50 | Train: 0.173729 | Val: 0.177989 | Corr: 0.144281 | LR: 2.50e-04
2026-03-04 20:52:49,236 - INFO -   ↳ Saved best model (val_corr=0.144281)
2026-03-04 20:52:54,144 - INFO - Epoch  34/50 | Train: 0.173200 | Val: 0.177601 | Corr: 0.144840 | LR: 2.50e-04
2026-03-04 20:52:54,156 - INFO -   ↳ Saved best model (val_corr=0.144840)
2026-03-04 20:52:59,143 - INFO - Epoch  35/50 | Train: 0.173091 | Val: 0.177899 | Corr: 0.144902 | LR: 2.50e-04
2026-03-04 20:52:59,158 - INFO -   ↳ Saved best model (val_corr=0.144902)
2026-03-04 20:53:04,105 - INFO - Epoch  36/50 | Train: 0.173006 | Val: 0.177866 | Corr: 0.144805 | LR: 2.50e-04
2026-03-04 20:53:09,126 - INFO - Epoch  37/50 | Train: 0.172911 | Val: 0.177668 | Corr: 0.145327 | LR: 2.50e-04
2026-03-04 20:53:09,140 - INFO -   ↳ Saved best model (val_corr=0.145327)
2026-03-04 20:53:14,186 - INFO - Epoch  38/50 | Train: 0.172828 | Val: 0.177563 | Corr: 0.145692 | LR: 2.50e-04
2026-03-04 20:53:14,220 - INFO -   ↳ Saved best model (val_corr=0.145692)
2026-03-04 20:53:19,257 - INFO - Epoch  39/50 | Train: 0.172814 | Val: 0.177760 | Corr: 0.145380 | LR: 2.50e-04
2026-03-04 20:53:24,313 - INFO - Epoch  40/50 | Train: 0.172761 | Val: 0.177407 | Corr: 0.146143 | LR: 2.50e-04
2026-03-04 20:53:24,328 - INFO -   ↳ Saved best model (val_corr=0.146143)
2026-03-04 20:53:29,360 - INFO - Epoch  41/50 | Train: 0.172657 | Val: 0.177569 | Corr: 0.145949 | LR: 2.50e-04
2026-03-04 20:53:34,402 - INFO - Epoch  42/50 | Train: 0.172688 | Val: 0.178137 | Corr: 0.144295 | LR: 2.50e-04
2026-03-04 20:53:39,406 - INFO - Epoch  43/50 | Train: 0.172607 | Val: 0.177599 | Corr: 0.145431 | LR: 2.50e-04
2026-03-04 20:53:44,294 - INFO - Epoch  44/50 | Train: 0.172593 | Val: 0.177708 | Corr: 0.145980 | LR: 2.50e-04
2026-03-04 20:53:49,163 - INFO - Epoch  45/50 | Train: 0.172458 | Val: 0.177599 | Corr: 0.145077 | LR: 2.50e-04
2026-03-04 20:53:53,867 - INFO - Epoch  46/50 | Train: 0.172429 | Val: 0.177646 | Corr: 0.145680 | LR: 1.25e-04
2026-03-04 20:53:58,614 - INFO - Epoch  47/50 | Train: 0.172118 | Val: 0.177519 | Corr: 0.145875 | LR: 1.25e-04
2026-03-04 20:54:03,278 - INFO - Epoch  48/50 | Train: 0.172180 | Val: 0.177594 | Corr: 0.145952 | LR: 1.25e-04
2026-03-04 20:54:07,887 - INFO - Epoch  49/50 | Train: 0.172057 | Val: 0.177590 | Corr: 0.145624 | LR: 1.25e-04
2026-03-04 20:54:12,707 - INFO - Epoch  50/50 | Train: 0.172040 | Val: 0.177632 | Corr: 0.145890 | LR: 1.25e-04
2026-03-04 20:54:12,707 - INFO - Early stopping at epoch 50
2026-03-04 20:54:12,707 - INFO - Training complete — best val corr: 0.146143
2026-03-04 20:54:13,913 - INFO - Test loss: 0.167718, Test corr: 0.137847
2026-03-04 20:54:14,285 - INFO - Fraction of variance explained (FVE): 0.022396
2026-03-04 20:54:14,286 - INFO - Generating figures …
2026-03-04 20:54:14,759 - INFO - Correlation between predicted and actual per-neuron averages: r=0.9945, p=0.00e+00
2026-03-04 20:54:16,290 - INFO - Pattern selectivity summary:
2026-03-04 20:54:16,290 - INFO -   Mean correlation across neurons: 0.4785
2026-03-04 20:54:16,290 - INFO -   Median correlation: 0.5247
2026-03-04 20:54:16,290 - INFO -   Neurons with r > 0.5: 32 / 63
2026-03-04 20:54:16,291 - INFO -   Neurons with r > 0.3: 48 / 63
2026-03-04 20:54:16,291 - INFO - Pattern selectivity — mean neuron corr: 0.4785
2026-03-04 20:54:17,650 - INFO - LOO (avg rate) — Model mean r: 0.2782, LOO mean r: 0.4546, Neurons model > LOO: 1/63
2026-03-04 20:54:19,453 - INFO - LOO (temporal) — Model mean r: 0.1383, LOO mean r: 0.3186, Neurons model > LOO: 0/63
2026-03-04 20:54:19,453 - INFO - Skipping oracle trial plots (skip_oracle_plots=True)
2026-03-04 20:54:19,461 - INFO - Experiment complete. Summary: {
  "run_dir": "/scratch/sb272/patterns5k_results/slurm_base_cnn_2026-03-04_16-53-19/trial_0069_learning_rate=5.0e-04_kernel_sizes=5x3x3_conv_channels=64x128x256_fc_dims=512_seed0",
  "model_type": "cnn",
  "batch_avg_test_loss": 0.16771755743026734,
  "batch_avg_test_corr": 0.1378471385613207,
  "all_test_fve": 0.022395769755045574,
  "AR_FVE": NaN,
  "AR_test_correlation": NaN,
  "best_val_corr": 0.14614312287644127,
  "total_params": 301567,
  "trainable_params": 301567,
  "epochs_trained": 50,
  "mean_pattern_corr": 0.47845948126427557,
  "history": 0,
  "init_state": true,
  "loo_avg_mean_corr": 0.45456832695830385,
  "model_avg_mean_corr": 0.2782474346377635,
  "neurons_model_beats_loo_avg": 1,
  "loo_temporal_mean_corr": 0.31855225563049316,
  "all_test_corr": 0.13831526041030884,
  "neurons_model_beats_loo_temporal": 0,
  "kernel_sizes": [
    5,
    3,
    3
  ],
  "conv_channels": [
    64,
    128,
    256
  ],
  "fc_dims": [
    512
  ]
}
