2026-03-04 18:36:15,885 - INFO - ============================================================
2026-03-04 18:36:15,885 - INFO - Experiment run directory: /scratch/sb272/patterns5k_results/slurm_base_cnn_2026-03-04_16-53-19/trial_0023_learning_rate=1.0e-04_kernel_sizes=5x3x3_conv_channels=64x128x256_fc_dims=256_seed0
2026-03-04 18:36:15,885 - INFO - ============================================================
2026-03-04 18:36:15,886 - INFO - Loading data …
2026-03-04 18:36:16,648 - INFO - 63 unique neurons after dropping problematic neurons
2026-03-04 18:36:17,610 - INFO - Stimulation channels: 42, Spiking neurons: 63
2026-03-04 18:37:44,642 - INFO - Unique patterns: 4050, Total trials: 5000
2026-03-04 18:37:44,645 - INFO - Stimulation channels: 42, Spiking neurons: 63
2026-03-04 18:37:44,646 - INFO - Unique patterns: 4050, Total trials: 5000
2026-03-04 18:37:44,659 - INFO - Split (oracle): train=3400, val=600, test=1000
2026-03-04 18:38:02,827 - INFO - BinnedStimSpikeDataset initialized:
2026-03-04 18:38:02,828 - INFO -   input_bin_size_ms=10, output_bin_size_ms=10
2026-03-04 18:38:02,828 - INFO -   n_input_bins=60, n_output_bins=60
2026-03-04 18:38:02,828 - INFO -   output_offset=0, total_bins_input=60, total_bins_output=60
2026-03-04 18:38:02,828 - INFO -   Valid start positions per trial: 0 to 0
2026-03-04 18:38:02,828 - INFO -   Total samples: 3400 (3400 trials × 1 positions)
2026-03-04 18:38:20,167 - INFO - BinnedStimSpikeDataset initialized:
2026-03-04 18:38:20,168 - INFO -   input_bin_size_ms=10, output_bin_size_ms=10
2026-03-04 18:38:20,168 - INFO -   n_input_bins=60, n_output_bins=60
2026-03-04 18:38:20,168 - INFO -   output_offset=0, total_bins_input=60, total_bins_output=60
2026-03-04 18:38:20,168 - INFO -   Valid start positions per trial: 0 to 0
2026-03-04 18:38:20,168 - INFO -   Total samples: 600 (600 trials × 1 positions)
2026-03-04 18:38:37,805 - INFO - BinnedStimSpikeDataset initialized:
2026-03-04 18:38:37,806 - INFO -   input_bin_size_ms=10, output_bin_size_ms=10
2026-03-04 18:38:37,806 - INFO -   n_input_bins=60, n_output_bins=60
2026-03-04 18:38:37,806 - INFO -   output_offset=0, total_bins_input=60, total_bins_output=60
2026-03-04 18:38:37,806 - INFO -   Valid start positions per trial: 0 to 0
2026-03-04 18:38:37,806 - INFO -   Total samples: 1000 (1000 trials × 1 positions)
2026-03-04 18:38:37,806 - INFO - Samples — train: 3400, val: 600, test: 1000
2026-03-04 18:38:37,806 - INFO - Input channels: 42, Neurons: 63
2026-03-04 18:38:37,827 - INFO - Using CPU
2026-03-04 18:38:37,833 - INFO - Model: CNN — 219,647 trainable params (219,647 total)
2026-03-04 18:38:42,694 - INFO - Starting training …
2026-03-04 18:38:49,875 - INFO - Epoch   1/50 | Train: 0.378727 | Val: 0.190157 | Corr: 0.052873 | LR: 1.00e-04
2026-03-04 18:38:49,893 - INFO -   ↳ Saved best model (val_corr=0.052873)
2026-03-04 18:38:54,740 - INFO - Epoch   2/50 | Train: 0.186909 | Val: 0.186523 | Corr: 0.061990 | LR: 1.00e-04
2026-03-04 18:38:54,753 - INFO -   ↳ Saved best model (val_corr=0.061990)
2026-03-04 18:38:59,793 - INFO - Epoch   3/50 | Train: 0.185590 | Val: 0.185751 | Corr: 0.068344 | LR: 1.00e-04
2026-03-04 18:38:59,810 - INFO -   ↳ Saved best model (val_corr=0.068344)
2026-03-04 18:39:05,213 - INFO - Epoch   4/50 | Train: 0.184810 | Val: 0.185725 | Corr: 0.071011 | LR: 1.00e-04
2026-03-04 18:39:05,224 - INFO -   ↳ Saved best model (val_corr=0.071011)
2026-03-04 18:39:10,251 - INFO - Epoch   5/50 | Train: 0.184135 | Val: 0.185075 | Corr: 0.072889 | LR: 1.00e-04
2026-03-04 18:39:10,262 - INFO -   ↳ Saved best model (val_corr=0.072889)
2026-03-04 18:39:15,526 - INFO - Epoch   6/50 | Train: 0.183627 | Val: 0.184284 | Corr: 0.077338 | LR: 1.00e-04
2026-03-04 18:39:15,538 - INFO -   ↳ Saved best model (val_corr=0.077338)
2026-03-04 18:39:21,003 - INFO - Epoch   7/50 | Train: 0.183098 | Val: 0.183922 | Corr: 0.079624 | LR: 1.00e-04
2026-03-04 18:39:21,016 - INFO -   ↳ Saved best model (val_corr=0.079624)
2026-03-04 18:39:26,474 - INFO - Epoch   8/50 | Train: 0.182746 | Val: 0.183536 | Corr: 0.081420 | LR: 1.00e-04
2026-03-04 18:39:26,489 - INFO -   ↳ Saved best model (val_corr=0.081420)
2026-03-04 18:39:31,943 - INFO - Epoch   9/50 | Train: 0.182388 | Val: 0.183296 | Corr: 0.085286 | LR: 1.00e-04
2026-03-04 18:39:31,956 - INFO -   ↳ Saved best model (val_corr=0.085286)
2026-03-04 18:39:36,916 - INFO - Epoch  10/50 | Train: 0.182013 | Val: 0.183262 | Corr: 0.086949 | LR: 1.00e-04
2026-03-04 18:39:36,927 - INFO -   ↳ Saved best model (val_corr=0.086949)
2026-03-04 18:39:42,019 - INFO - Epoch  11/50 | Train: 0.181727 | Val: 0.183001 | Corr: 0.087545 | LR: 1.00e-04
2026-03-04 18:39:42,035 - INFO -   ↳ Saved best model (val_corr=0.087545)
2026-03-04 18:39:47,232 - INFO - Epoch  12/50 | Train: 0.181371 | Val: 0.182662 | Corr: 0.090363 | LR: 1.00e-04
2026-03-04 18:39:47,247 - INFO -   ↳ Saved best model (val_corr=0.090363)
2026-03-04 18:39:52,259 - INFO - Epoch  13/50 | Train: 0.181161 | Val: 0.182670 | Corr: 0.091620 | LR: 1.00e-04
2026-03-04 18:39:52,271 - INFO -   ↳ Saved best model (val_corr=0.091620)
2026-03-04 18:39:57,483 - INFO - Epoch  14/50 | Train: 0.180899 | Val: 0.182614 | Corr: 0.092274 | LR: 1.00e-04
2026-03-04 18:39:57,496 - INFO -   ↳ Saved best model (val_corr=0.092274)
2026-03-04 18:40:02,905 - INFO - Epoch  15/50 | Train: 0.180645 | Val: 0.182284 | Corr: 0.095095 | LR: 1.00e-04
2026-03-04 18:40:02,916 - INFO -   ↳ Saved best model (val_corr=0.095095)
2026-03-04 18:40:08,311 - INFO - Epoch  16/50 | Train: 0.180378 | Val: 0.182061 | Corr: 0.096877 | LR: 1.00e-04
2026-03-04 18:40:08,331 - INFO -   ↳ Saved best model (val_corr=0.096877)
2026-03-04 18:40:13,748 - INFO - Epoch  17/50 | Train: 0.180227 | Val: 0.181936 | Corr: 0.097465 | LR: 1.00e-04
2026-03-04 18:40:13,763 - INFO -   ↳ Saved best model (val_corr=0.097465)
2026-03-04 18:40:18,628 - INFO - Epoch  18/50 | Train: 0.179962 | Val: 0.182282 | Corr: 0.099112 | LR: 1.00e-04
2026-03-04 18:40:18,645 - INFO -   ↳ Saved best model (val_corr=0.099112)
2026-03-04 18:40:23,615 - INFO - Epoch  19/50 | Train: 0.179820 | Val: 0.182223 | Corr: 0.098923 | LR: 1.00e-04
2026-03-04 18:40:28,764 - INFO - Epoch  20/50 | Train: 0.179634 | Val: 0.182029 | Corr: 0.100675 | LR: 1.00e-04
2026-03-04 18:40:28,775 - INFO -   ↳ Saved best model (val_corr=0.100675)
2026-03-04 18:40:33,723 - INFO - Epoch  21/50 | Train: 0.179461 | Val: 0.181564 | Corr: 0.103333 | LR: 1.00e-04
2026-03-04 18:40:33,733 - INFO -   ↳ Saved best model (val_corr=0.103333)
2026-03-04 18:40:38,890 - INFO - Epoch  22/50 | Train: 0.179221 | Val: 0.181808 | Corr: 0.104547 | LR: 1.00e-04
2026-03-04 18:40:38,911 - INFO -   ↳ Saved best model (val_corr=0.104547)
2026-03-04 18:40:44,379 - INFO - Epoch  23/50 | Train: 0.179049 | Val: 0.181530 | Corr: 0.105892 | LR: 1.00e-04
2026-03-04 18:40:44,394 - INFO -   ↳ Saved best model (val_corr=0.105892)
2026-03-04 18:40:49,854 - INFO - Epoch  24/50 | Train: 0.178939 | Val: 0.181060 | Corr: 0.107734 | LR: 1.00e-04
2026-03-04 18:40:49,867 - INFO -   ↳ Saved best model (val_corr=0.107734)
2026-03-04 18:40:55,332 - INFO - Epoch  25/50 | Train: 0.178725 | Val: 0.181225 | Corr: 0.108742 | LR: 1.00e-04
2026-03-04 18:40:55,347 - INFO -   ↳ Saved best model (val_corr=0.108742)
2026-03-04 18:41:00,327 - INFO - Epoch  26/50 | Train: 0.178641 | Val: 0.180876 | Corr: 0.110526 | LR: 1.00e-04
2026-03-04 18:41:00,340 - INFO -   ↳ Saved best model (val_corr=0.110526)
2026-03-04 18:41:05,380 - INFO - Epoch  27/50 | Train: 0.178502 | Val: 0.180636 | Corr: 0.111890 | LR: 1.00e-04
2026-03-04 18:41:05,397 - INFO -   ↳ Saved best model (val_corr=0.111890)
2026-03-04 18:41:10,580 - INFO - Epoch  28/50 | Train: 0.178319 | Val: 0.180684 | Corr: 0.111908 | LR: 1.00e-04
2026-03-04 18:41:10,598 - INFO -   ↳ Saved best model (val_corr=0.111908)
2026-03-04 18:41:15,723 - INFO - Epoch  29/50 | Train: 0.178267 | Val: 0.180755 | Corr: 0.111110 | LR: 1.00e-04
2026-03-04 18:41:20,843 - INFO - Epoch  30/50 | Train: 0.177994 | Val: 0.180515 | Corr: 0.113996 | LR: 1.00e-04
2026-03-04 18:41:20,856 - INFO -   ↳ Saved best model (val_corr=0.113996)
2026-03-04 18:41:26,427 - INFO - Epoch  31/50 | Train: 0.177968 | Val: 0.180550 | Corr: 0.113678 | LR: 1.00e-04
2026-03-04 18:41:32,017 - INFO - Epoch  32/50 | Train: 0.177815 | Val: 0.180597 | Corr: 0.116752 | LR: 1.00e-04
2026-03-04 18:41:32,030 - INFO -   ↳ Saved best model (val_corr=0.116752)
2026-03-04 18:41:37,465 - INFO - Epoch  33/50 | Train: 0.177680 | Val: 0.180469 | Corr: 0.115832 | LR: 1.00e-04
2026-03-04 18:41:42,500 - INFO - Epoch  34/50 | Train: 0.177592 | Val: 0.180094 | Corr: 0.117355 | LR: 1.00e-04
2026-03-04 18:41:42,512 - INFO -   ↳ Saved best model (val_corr=0.117355)
2026-03-04 18:41:47,593 - INFO - Epoch  35/50 | Train: 0.177471 | Val: 0.180227 | Corr: 0.117722 | LR: 1.00e-04
2026-03-04 18:41:47,612 - INFO -   ↳ Saved best model (val_corr=0.117722)
2026-03-04 18:41:52,888 - INFO - Epoch  36/50 | Train: 0.177334 | Val: 0.179949 | Corr: 0.119668 | LR: 1.00e-04
2026-03-04 18:41:52,902 - INFO -   ↳ Saved best model (val_corr=0.119668)
2026-03-04 18:41:58,029 - INFO - Epoch  37/50 | Train: 0.177308 | Val: 0.179898 | Corr: 0.119409 | LR: 1.00e-04
2026-03-04 18:42:03,188 - INFO - Epoch  38/50 | Train: 0.177225 | Val: 0.179773 | Corr: 0.121121 | LR: 1.00e-04
2026-03-04 18:42:03,201 - INFO -   ↳ Saved best model (val_corr=0.121121)
2026-03-04 18:42:08,728 - INFO - Epoch  39/50 | Train: 0.177107 | Val: 0.179686 | Corr: 0.121649 | LR: 1.00e-04
2026-03-04 18:42:08,747 - INFO -   ↳ Saved best model (val_corr=0.121649)
2026-03-04 18:42:14,271 - INFO - Epoch  40/50 | Train: 0.177019 | Val: 0.179859 | Corr: 0.121551 | LR: 1.00e-04
2026-03-04 18:42:19,737 - INFO - Epoch  41/50 | Train: 0.176906 | Val: 0.179697 | Corr: 0.122457 | LR: 1.00e-04
2026-03-04 18:42:19,751 - INFO -   ↳ Saved best model (val_corr=0.122457)
2026-03-04 18:42:24,911 - INFO - Epoch  42/50 | Train: 0.176839 | Val: 0.179662 | Corr: 0.122528 | LR: 1.00e-04
2026-03-04 18:42:24,927 - INFO -   ↳ Saved best model (val_corr=0.122528)
2026-03-04 18:42:29,869 - INFO - Epoch  43/50 | Train: 0.176778 | Val: 0.179604 | Corr: 0.122658 | LR: 1.00e-04
2026-03-04 18:42:29,892 - INFO -   ↳ Saved best model (val_corr=0.122658)
2026-03-04 18:42:35,058 - INFO - Epoch  44/50 | Train: 0.176638 | Val: 0.179445 | Corr: 0.124108 | LR: 1.00e-04
2026-03-04 18:42:35,069 - INFO -   ↳ Saved best model (val_corr=0.124108)
2026-03-04 18:42:40,229 - INFO - Epoch  45/50 | Train: 0.176664 | Val: 0.179369 | Corr: 0.125214 | LR: 1.00e-04
2026-03-04 18:42:40,241 - INFO -   ↳ Saved best model (val_corr=0.125214)
2026-03-04 18:42:45,388 - INFO - Epoch  46/50 | Train: 0.176521 | Val: 0.179308 | Corr: 0.126371 | LR: 1.00e-04
2026-03-04 18:42:45,401 - INFO -   ↳ Saved best model (val_corr=0.126371)
2026-03-04 18:42:50,844 - INFO - Epoch  47/50 | Train: 0.176433 | Val: 0.179354 | Corr: 0.124868 | LR: 1.00e-04
2026-03-04 18:42:56,275 - INFO - Epoch  48/50 | Train: 0.176337 | Val: 0.179592 | Corr: 0.125976 | LR: 1.00e-04
2026-03-04 18:43:01,707 - INFO - Epoch  49/50 | Train: 0.176324 | Val: 0.179338 | Corr: 0.126703 | LR: 1.00e-04
2026-03-04 18:43:01,720 - INFO -   ↳ Saved best model (val_corr=0.126703)
2026-03-04 18:43:06,862 - INFO - Epoch  50/50 | Train: 0.176268 | Val: 0.179387 | Corr: 0.127143 | LR: 1.00e-04
2026-03-04 18:43:06,878 - INFO -   ↳ Saved best model (val_corr=0.127143)
2026-03-04 18:43:06,878 - INFO - Training complete — best val corr: 0.127143
2026-03-04 18:43:08,165 - INFO - Test loss: 0.169037, Test corr: 0.125629
2026-03-04 18:43:08,512 - INFO - Fraction of variance explained (FVE): 0.016916
2026-03-04 18:43:08,512 - INFO - Generating figures …
2026-03-04 18:43:08,908 - INFO - Correlation between predicted and actual per-neuron averages: r=0.9920, p=0.00e+00
2026-03-04 18:43:10,765 - INFO - Pattern selectivity summary:
2026-03-04 18:43:10,765 - INFO -   Mean correlation across neurons: 0.4478
2026-03-04 18:43:10,765 - INFO -   Median correlation: 0.4998
2026-03-04 18:43:10,765 - INFO -   Neurons with r > 0.5: 31 / 63
2026-03-04 18:43:10,765 - INFO -   Neurons with r > 0.3: 48 / 63
2026-03-04 18:43:10,766 - INFO - Pattern selectivity — mean neuron corr: 0.4478
2026-03-04 18:43:12,307 - INFO - LOO (avg rate) — Model mean r: 0.2615, LOO mean r: 0.4546, Neurons model > LOO: 1/63
2026-03-04 18:43:14,291 - INFO - LOO (temporal) — Model mean r: 0.1265, LOO mean r: 0.3186, Neurons model > LOO: 0/63
2026-03-04 18:43:14,291 - INFO - Skipping oracle trial plots (skip_oracle_plots=True)
2026-03-04 18:43:14,318 - INFO - Experiment complete. Summary: {
  "run_dir": "/scratch/sb272/patterns5k_results/slurm_base_cnn_2026-03-04_16-53-19/trial_0023_learning_rate=1.0e-04_kernel_sizes=5x3x3_conv_channels=64x128x256_fc_dims=256_seed0",
  "model_type": "cnn",
  "batch_avg_test_loss": 0.16903722774982452,
  "batch_avg_test_corr": 0.12562851198024363,
  "all_test_fve": 0.01691558531352452,
  "AR_FVE": NaN,
  "AR_test_correlation": NaN,
  "best_val_corr": 0.12714317682215492,
  "total_params": 219647,
  "trainable_params": 219647,
  "epochs_trained": 50,
  "mean_pattern_corr": 0.44777986101924505,
  "history": 0,
  "init_state": true,
  "loo_avg_mean_corr": 0.45456832695830385,
  "model_avg_mean_corr": 0.26145971321166445,
  "neurons_model_beats_loo_avg": 1,
  "loo_temporal_mean_corr": 0.31855225563049316,
  "all_test_corr": 0.12650425732135773,
  "neurons_model_beats_loo_temporal": 0,
  "kernel_sizes": [
    5,
    3,
    3
  ],
  "conv_channels": [
    64,
    128,
    256
  ],
  "fc_dims": [
    256
  ]
}
