2026-03-04 20:34:33,646 - INFO - ============================================================
2026-03-04 20:34:33,646 - INFO - Experiment run directory: /scratch/sb272/patterns5k_results/slurm_base_cnn_2026-03-04_16-53-19/trial_0197_learning_rate=5.0e-03_kernel_sizes=3x3_conv_channels=64x128_fc_dims=512_seed3
2026-03-04 20:34:33,646 - INFO - ============================================================
2026-03-04 20:34:33,646 - INFO - Loading data …
2026-03-04 20:34:34,281 - INFO - 63 unique neurons after dropping problematic neurons
2026-03-04 20:34:35,112 - INFO - Stimulation channels: 42, Spiking neurons: 63
2026-03-04 20:35:39,842 - INFO - Unique patterns: 4050, Total trials: 5000
2026-03-04 20:35:39,844 - INFO - Stimulation channels: 42, Spiking neurons: 63
2026-03-04 20:35:39,844 - INFO - Unique patterns: 4050, Total trials: 5000
2026-03-04 20:35:39,855 - INFO - Split (oracle): train=3400, val=600, test=1000
2026-03-04 20:35:54,087 - INFO - BinnedStimSpikeDataset initialized:
2026-03-04 20:35:54,087 - INFO -   input_bin_size_ms=10, output_bin_size_ms=10
2026-03-04 20:35:54,087 - INFO -   n_input_bins=60, n_output_bins=60
2026-03-04 20:35:54,087 - INFO -   output_offset=0, total_bins_input=60, total_bins_output=60
2026-03-04 20:35:54,087 - INFO -   Valid start positions per trial: 0 to 0
2026-03-04 20:35:54,087 - INFO -   Total samples: 3400 (3400 trials × 1 positions)
2026-03-04 20:36:07,790 - INFO - BinnedStimSpikeDataset initialized:
2026-03-04 20:36:07,790 - INFO -   input_bin_size_ms=10, output_bin_size_ms=10
2026-03-04 20:36:07,791 - INFO -   n_input_bins=60, n_output_bins=60
2026-03-04 20:36:07,791 - INFO -   output_offset=0, total_bins_input=60, total_bins_output=60
2026-03-04 20:36:07,791 - INFO -   Valid start positions per trial: 0 to 0
2026-03-04 20:36:07,791 - INFO -   Total samples: 600 (600 trials × 1 positions)
2026-03-04 20:36:21,605 - INFO - BinnedStimSpikeDataset initialized:
2026-03-04 20:36:21,605 - INFO -   input_bin_size_ms=10, output_bin_size_ms=10
2026-03-04 20:36:21,605 - INFO -   n_input_bins=60, n_output_bins=60
2026-03-04 20:36:21,605 - INFO -   output_offset=0, total_bins_input=60, total_bins_output=60
2026-03-04 20:36:21,605 - INFO -   Valid start positions per trial: 0 to 0
2026-03-04 20:36:21,605 - INFO -   Total samples: 1000 (1000 trials × 1 positions)
2026-03-04 20:36:21,605 - INFO - Samples — train: 3400, val: 600, test: 1000
2026-03-04 20:36:21,605 - INFO - Input channels: 42, Neurons: 63
2026-03-04 20:36:21,616 - INFO - Using CPU
2026-03-04 20:36:21,631 - INFO - Model: CNN — 131,583 trainable params (131,583 total)
2026-03-04 20:36:28,429 - INFO - Starting training …
2026-03-04 20:36:32,142 - INFO - Epoch   1/50 | Train: 0.197653 | Val: 0.179999 | Corr: 0.088770 | LR: 5.00e-03
2026-03-04 20:36:32,156 - INFO -   ↳ Saved best model (val_corr=0.088770)
2026-03-04 20:36:34,980 - INFO - Epoch   2/50 | Train: 0.181838 | Val: 0.178603 | Corr: 0.105125 | LR: 5.00e-03
2026-03-04 20:36:34,993 - INFO -   ↳ Saved best model (val_corr=0.105125)
2026-03-04 20:36:37,798 - INFO - Epoch   3/50 | Train: 0.180279 | Val: 0.179205 | Corr: 0.116537 | LR: 5.00e-03
2026-03-04 20:36:37,809 - INFO -   ↳ Saved best model (val_corr=0.116537)
2026-03-04 20:36:40,619 - INFO - Epoch   4/50 | Train: 0.179499 | Val: 0.179665 | Corr: 0.120142 | LR: 5.00e-03
2026-03-04 20:36:40,631 - INFO -   ↳ Saved best model (val_corr=0.120142)
2026-03-04 20:36:43,474 - INFO - Epoch   5/50 | Train: 0.179009 | Val: 0.177431 | Corr: 0.126426 | LR: 5.00e-03
2026-03-04 20:36:43,487 - INFO -   ↳ Saved best model (val_corr=0.126426)
2026-03-04 20:36:46,317 - INFO - Epoch   6/50 | Train: 0.178470 | Val: 0.176460 | Corr: 0.130238 | LR: 5.00e-03
2026-03-04 20:36:46,331 - INFO -   ↳ Saved best model (val_corr=0.130238)
2026-03-04 20:36:49,093 - INFO - Epoch   7/50 | Train: 0.178069 | Val: 0.176616 | Corr: 0.131263 | LR: 5.00e-03
2026-03-04 20:36:49,137 - INFO -   ↳ Saved best model (val_corr=0.131263)
2026-03-04 20:36:51,902 - INFO - Epoch   8/50 | Train: 0.177749 | Val: 0.176108 | Corr: 0.132345 | LR: 5.00e-03
2026-03-04 20:36:51,925 - INFO -   ↳ Saved best model (val_corr=0.132345)
2026-03-04 20:36:54,701 - INFO - Epoch   9/50 | Train: 0.177596 | Val: 0.176871 | Corr: 0.132888 | LR: 5.00e-03
2026-03-04 20:36:54,713 - INFO -   ↳ Saved best model (val_corr=0.132888)
2026-03-04 20:36:57,507 - INFO - Epoch  10/50 | Train: 0.177518 | Val: 0.176270 | Corr: 0.134442 | LR: 5.00e-03
2026-03-04 20:36:57,517 - INFO -   ↳ Saved best model (val_corr=0.134442)
2026-03-04 20:37:00,292 - INFO - Epoch  11/50 | Train: 0.177226 | Val: 0.176101 | Corr: 0.135071 | LR: 5.00e-03
2026-03-04 20:37:00,303 - INFO -   ↳ Saved best model (val_corr=0.135071)
2026-03-04 20:37:03,048 - INFO - Epoch  12/50 | Train: 0.176954 | Val: 0.175528 | Corr: 0.137080 | LR: 5.00e-03
2026-03-04 20:37:03,060 - INFO -   ↳ Saved best model (val_corr=0.137080)
2026-03-04 20:37:05,850 - INFO - Epoch  13/50 | Train: 0.176803 | Val: 0.175581 | Corr: 0.136315 | LR: 5.00e-03
2026-03-04 20:37:08,591 - INFO - Epoch  14/50 | Train: 0.176670 | Val: 0.176236 | Corr: 0.134663 | LR: 5.00e-03
2026-03-04 20:37:11,326 - INFO - Epoch  15/50 | Train: 0.176549 | Val: 0.175775 | Corr: 0.135537 | LR: 5.00e-03
2026-03-04 20:37:14,096 - INFO - Epoch  16/50 | Train: 0.176412 | Val: 0.175626 | Corr: 0.137065 | LR: 5.00e-03
2026-03-04 20:37:16,871 - INFO - Epoch  17/50 | Train: 0.176531 | Val: 0.175578 | Corr: 0.135626 | LR: 5.00e-03
2026-03-04 20:37:19,657 - INFO - Epoch  18/50 | Train: 0.176060 | Val: 0.175632 | Corr: 0.136944 | LR: 2.50e-03
2026-03-04 20:37:22,472 - INFO - Epoch  19/50 | Train: 0.175409 | Val: 0.175160 | Corr: 0.138786 | LR: 2.50e-03
2026-03-04 20:37:22,495 - INFO -   ↳ Saved best model (val_corr=0.138786)
2026-03-04 20:37:25,287 - INFO - Epoch  20/50 | Train: 0.175274 | Val: 0.175231 | Corr: 0.138518 | LR: 2.50e-03
2026-03-04 20:37:28,071 - INFO - Epoch  21/50 | Train: 0.175153 | Val: 0.175213 | Corr: 0.138550 | LR: 2.50e-03
2026-03-04 20:37:30,861 - INFO - Epoch  22/50 | Train: 0.175098 | Val: 0.175321 | Corr: 0.137302 | LR: 2.50e-03
2026-03-04 20:37:33,691 - INFO - Epoch  23/50 | Train: 0.175069 | Val: 0.175299 | Corr: 0.138484 | LR: 2.50e-03
2026-03-04 20:37:36,503 - INFO - Epoch  24/50 | Train: 0.174966 | Val: 0.175267 | Corr: 0.138390 | LR: 2.50e-03
2026-03-04 20:37:39,335 - INFO - Epoch  25/50 | Train: 0.174879 | Val: 0.175234 | Corr: 0.138564 | LR: 1.25e-03
2026-03-04 20:37:42,168 - INFO - Epoch  26/50 | Train: 0.174430 | Val: 0.175106 | Corr: 0.138930 | LR: 1.25e-03
2026-03-04 20:37:42,184 - INFO -   ↳ Saved best model (val_corr=0.138930)
2026-03-04 20:37:45,002 - INFO - Epoch  27/50 | Train: 0.174408 | Val: 0.175116 | Corr: 0.138711 | LR: 1.25e-03
2026-03-04 20:37:47,817 - INFO - Epoch  28/50 | Train: 0.174303 | Val: 0.175196 | Corr: 0.138578 | LR: 1.25e-03
2026-03-04 20:37:50,639 - INFO - Epoch  29/50 | Train: 0.174216 | Val: 0.175291 | Corr: 0.138868 | LR: 1.25e-03
2026-03-04 20:37:53,464 - INFO - Epoch  30/50 | Train: 0.174175 | Val: 0.175139 | Corr: 0.138929 | LR: 1.25e-03
2026-03-04 20:37:56,282 - INFO - Epoch  31/50 | Train: 0.174138 | Val: 0.175226 | Corr: 0.138876 | LR: 1.25e-03
2026-03-04 20:37:59,121 - INFO - Epoch  32/50 | Train: 0.174113 | Val: 0.175196 | Corr: 0.138985 | LR: 6.25e-04
2026-03-04 20:37:59,138 - INFO -   ↳ Saved best model (val_corr=0.138985)
2026-03-04 20:38:01,973 - INFO - Epoch  33/50 | Train: 0.173799 | Val: 0.175086 | Corr: 0.138995 | LR: 6.25e-04
2026-03-04 20:38:01,989 - INFO -   ↳ Saved best model (val_corr=0.138995)
2026-03-04 20:38:04,822 - INFO - Epoch  34/50 | Train: 0.173828 | Val: 0.175140 | Corr: 0.138883 | LR: 6.25e-04
2026-03-04 20:38:07,674 - INFO - Epoch  35/50 | Train: 0.173798 | Val: 0.175125 | Corr: 0.138888 | LR: 6.25e-04
2026-03-04 20:38:10,519 - INFO - Epoch  36/50 | Train: 0.173736 | Val: 0.175131 | Corr: 0.138910 | LR: 6.25e-04
2026-03-04 20:38:13,373 - INFO - Epoch  37/50 | Train: 0.173696 | Val: 0.175156 | Corr: 0.138486 | LR: 6.25e-04
2026-03-04 20:38:16,227 - INFO - Epoch  38/50 | Train: 0.173722 | Val: 0.175168 | Corr: 0.139375 | LR: 6.25e-04
2026-03-04 20:38:16,250 - INFO -   ↳ Saved best model (val_corr=0.139375)
2026-03-04 20:38:19,112 - INFO - Epoch  39/50 | Train: 0.173659 | Val: 0.175046 | Corr: 0.138832 | LR: 6.25e-04
2026-03-04 20:38:21,957 - INFO - Epoch  40/50 | Train: 0.173678 | Val: 0.175135 | Corr: 0.139248 | LR: 6.25e-04
2026-03-04 20:38:24,799 - INFO - Epoch  41/50 | Train: 0.173643 | Val: 0.175093 | Corr: 0.139121 | LR: 6.25e-04
2026-03-04 20:38:27,653 - INFO - Epoch  42/50 | Train: 0.173625 | Val: 0.175240 | Corr: 0.138862 | LR: 6.25e-04
2026-03-04 20:38:30,467 - INFO - Epoch  43/50 | Train: 0.173533 | Val: 0.175143 | Corr: 0.138822 | LR: 6.25e-04
2026-03-04 20:38:33,315 - INFO - Epoch  44/50 | Train: 0.173573 | Val: 0.175197 | Corr: 0.138955 | LR: 6.25e-04
2026-03-04 20:38:36,181 - INFO - Epoch  45/50 | Train: 0.173535 | Val: 0.175079 | Corr: 0.139015 | LR: 3.13e-04
2026-03-04 20:38:39,051 - INFO - Epoch  46/50 | Train: 0.173382 | Val: 0.175071 | Corr: 0.138931 | LR: 3.13e-04
2026-03-04 20:38:41,912 - INFO - Epoch  47/50 | Train: 0.173354 | Val: 0.175086 | Corr: 0.139068 | LR: 3.13e-04
2026-03-04 20:38:44,709 - INFO - Epoch  48/50 | Train: 0.173326 | Val: 0.175087 | Corr: 0.139052 | LR: 3.13e-04
2026-03-04 20:38:44,709 - INFO - Early stopping at epoch 48
2026-03-04 20:38:44,709 - INFO - Training complete — best val corr: 0.139375
2026-03-04 20:38:45,848 - INFO - Test loss: 0.167978, Test corr: 0.140142
2026-03-04 20:38:46,064 - INFO - Fraction of variance explained (FVE): 0.023989
2026-03-04 20:38:46,064 - INFO - Generating figures …
2026-03-04 20:38:46,558 - INFO - Correlation between predicted and actual per-neuron averages: r=0.9883, p=0.00e+00
2026-03-04 20:38:47,942 - INFO - Pattern selectivity summary:
2026-03-04 20:38:47,942 - INFO -   Mean correlation across neurons: 0.5225
2026-03-04 20:38:47,942 - INFO -   Median correlation: 0.5796
2026-03-04 20:38:47,942 - INFO -   Neurons with r > 0.5: 40 / 63
2026-03-04 20:38:47,942 - INFO -   Neurons with r > 0.3: 53 / 63
2026-03-04 20:38:47,942 - INFO - Pattern selectivity — mean neuron corr: 0.5225
2026-03-04 20:38:49,069 - INFO - LOO (avg rate) — Model mean r: 0.3066, LOO mean r: 0.4546, Neurons model > LOO: 1/63
2026-03-04 20:38:50,617 - INFO - LOO (temporal) — Model mean r: 0.1417, LOO mean r: 0.3186, Neurons model > LOO: 0/63
2026-03-04 20:38:50,617 - INFO - Skipping oracle trial plots (skip_oracle_plots=True)
2026-03-04 20:38:50,631 - INFO - Experiment complete. Summary: {
  "run_dir": "/scratch/sb272/patterns5k_results/slurm_base_cnn_2026-03-04_16-53-19/trial_0197_learning_rate=5.0e-03_kernel_sizes=3x3_conv_channels=64x128_fc_dims=512_seed3",
  "model_type": "cnn",
  "batch_avg_test_loss": 0.1679778594970703,
  "batch_avg_test_corr": 0.1401416357013548,
  "all_test_fve": 0.023989334939018128,
  "AR_FVE": NaN,
  "AR_test_correlation": NaN,
  "best_val_corr": 0.13937477244044538,
  "total_params": 131583,
  "trainable_params": 131583,
  "epochs_trained": 48,
  "mean_pattern_corr": 0.5225303236422927,
  "history": 0,
  "init_state": true,
  "loo_avg_mean_corr": 0.45456832695830385,
  "model_avg_mean_corr": 0.3066225509784793,
  "neurons_model_beats_loo_avg": 1,
  "loo_temporal_mean_corr": 0.31855225563049316,
  "all_test_corr": 0.14168377220630646,
  "neurons_model_beats_loo_temporal": 0,
  "kernel_sizes": [
    3,
    3
  ],
  "conv_channels": [
    64,
    128
  ],
  "fc_dims": [
    512
  ]
}
