2026-03-06 11:49:05,256 - INFO - ============================================================
2026-03-06 11:49:05,256 - INFO - Experiment run directory: /scratch/sb272/patterns5k_results/slurm_base_cnn_2026-03-06_09-50-40/trial_0039_learning_rate=1.0e-03_kernel_sizes=3x3x3_conv_channels=128x128x128_fc_dims=512_seed0
2026-03-06 11:49:05,256 - INFO - ============================================================
2026-03-06 11:49:05,256 - INFO - Loading data …
2026-03-06 11:49:06,052 - INFO - 63 unique neurons after dropping problematic neurons
2026-03-06 11:49:07,118 - INFO - Stimulation channels: 42, Spiking neurons: 63
2026-03-06 11:50:53,330 - INFO - Unique patterns: 4050, Total trials: 5000
2026-03-06 11:50:53,332 - INFO - Stimulation channels: 42, Spiking neurons: 63
2026-03-06 11:50:53,332 - INFO - Unique patterns: 4050, Total trials: 5000
2026-03-06 11:50:53,347 - INFO - Split (oracle): train=3400, val=600, test=1000
2026-03-06 11:51:15,365 - INFO - BinnedStimSpikeDataset initialized:
2026-03-06 11:51:15,368 - INFO -   input_bin_size_ms=10, output_bin_size_ms=10
2026-03-06 11:51:15,368 - INFO -   n_input_bins=60, n_output_bins=60
2026-03-06 11:51:15,368 - INFO -   output_offset=0, total_bins_input=60, total_bins_output=60
2026-03-06 11:51:15,368 - INFO -   Valid start positions per trial: 0 to 0
2026-03-06 11:51:15,368 - INFO -   Total samples: 3400 (3400 trials × 1 positions)
2026-03-06 11:51:36,780 - INFO - BinnedStimSpikeDataset initialized:
2026-03-06 11:51:36,781 - INFO -   input_bin_size_ms=10, output_bin_size_ms=10
2026-03-06 11:51:36,781 - INFO -   n_input_bins=60, n_output_bins=60
2026-03-06 11:51:36,781 - INFO -   output_offset=0, total_bins_input=60, total_bins_output=60
2026-03-06 11:51:36,781 - INFO -   Valid start positions per trial: 0 to 0
2026-03-06 11:51:36,781 - INFO -   Total samples: 600 (600 trials × 1 positions)
2026-03-06 11:51:58,360 - INFO - BinnedStimSpikeDataset initialized:
2026-03-06 11:51:58,360 - INFO -   input_bin_size_ms=10, output_bin_size_ms=10
2026-03-06 11:51:58,360 - INFO -   n_input_bins=60, n_output_bins=60
2026-03-06 11:51:58,360 - INFO -   output_offset=0, total_bins_input=60, total_bins_output=60
2026-03-06 11:51:58,361 - INFO -   Valid start positions per trial: 0 to 0
2026-03-06 11:51:58,361 - INFO -   Total samples: 1000 (1000 trials × 1 positions)
2026-03-06 11:51:58,361 - INFO - Samples — train: 3400, val: 600, test: 1000
2026-03-06 11:51:58,361 - INFO - Input channels: 42, Neurons: 63
2026-03-06 11:51:58,367 - INFO - Using CPU
2026-03-06 11:51:58,384 - INFO - Model: CNN — 213,951 trainable params (213,951 total)
2026-03-06 11:52:04,505 - INFO - Starting training …
2026-03-06 11:52:10,129 - INFO - Epoch   1/50 | Train: 0.208712 | Val: 0.184205 | Corr: 0.078507 | LR: 1.00e-03
2026-03-06 11:52:10,149 - INFO -   ↳ Saved best model (val_corr=0.078507)
2026-03-06 11:52:15,148 - INFO - Epoch   2/50 | Train: 0.181956 | Val: 0.182545 | Corr: 0.091782 | LR: 1.00e-03
2026-03-06 11:52:15,166 - INFO -   ↳ Saved best model (val_corr=0.091782)
2026-03-06 11:52:20,108 - INFO - Epoch   3/50 | Train: 0.180943 | Val: 0.182544 | Corr: 0.096181 | LR: 1.00e-03
2026-03-06 11:52:20,126 - INFO -   ↳ Saved best model (val_corr=0.096181)
2026-03-06 11:52:25,099 - INFO - Epoch   4/50 | Train: 0.179942 | Val: 0.181422 | Corr: 0.106510 | LR: 1.00e-03
2026-03-06 11:52:25,118 - INFO -   ↳ Saved best model (val_corr=0.106510)
2026-03-06 11:52:30,075 - INFO - Epoch   5/50 | Train: 0.179264 | Val: 0.180871 | Corr: 0.111508 | LR: 1.00e-03
2026-03-06 11:52:30,092 - INFO -   ↳ Saved best model (val_corr=0.111508)
2026-03-06 11:52:35,054 - INFO - Epoch   6/50 | Train: 0.178469 | Val: 0.181340 | Corr: 0.115765 | LR: 1.00e-03
2026-03-06 11:52:35,072 - INFO -   ↳ Saved best model (val_corr=0.115765)
2026-03-06 11:52:40,022 - INFO - Epoch   7/50 | Train: 0.177940 | Val: 0.180135 | Corr: 0.122278 | LR: 1.00e-03
2026-03-06 11:52:40,044 - INFO -   ↳ Saved best model (val_corr=0.122278)
2026-03-06 11:52:44,990 - INFO - Epoch   8/50 | Train: 0.177412 | Val: 0.179625 | Corr: 0.126930 | LR: 1.00e-03
2026-03-06 11:52:45,008 - INFO -   ↳ Saved best model (val_corr=0.126930)
2026-03-06 11:52:50,039 - INFO - Epoch   9/50 | Train: 0.176926 | Val: 0.179682 | Corr: 0.127264 | LR: 1.00e-03
2026-03-06 11:52:50,054 - INFO -   ↳ Saved best model (val_corr=0.127264)
2026-03-06 11:52:55,030 - INFO - Epoch  10/50 | Train: 0.176688 | Val: 0.179386 | Corr: 0.132149 | LR: 1.00e-03
2026-03-06 11:52:55,062 - INFO -   ↳ Saved best model (val_corr=0.132149)
2026-03-06 11:52:59,977 - INFO - Epoch  11/50 | Train: 0.176287 | Val: 0.179082 | Corr: 0.132657 | LR: 1.00e-03
2026-03-06 11:52:59,996 - INFO -   ↳ Saved best model (val_corr=0.132657)
2026-03-06 11:53:04,961 - INFO - Epoch  12/50 | Train: 0.175966 | Val: 0.178924 | Corr: 0.135948 | LR: 1.00e-03
2026-03-06 11:53:04,984 - INFO -   ↳ Saved best model (val_corr=0.135948)
2026-03-06 11:53:09,947 - INFO - Epoch  13/50 | Train: 0.175698 | Val: 0.178999 | Corr: 0.136014 | LR: 1.00e-03
2026-03-06 11:53:09,965 - INFO -   ↳ Saved best model (val_corr=0.136014)
2026-03-06 11:53:14,923 - INFO - Epoch  14/50 | Train: 0.175595 | Val: 0.178814 | Corr: 0.136715 | LR: 1.00e-03
2026-03-06 11:53:14,944 - INFO -   ↳ Saved best model (val_corr=0.136715)
2026-03-06 11:53:19,899 - INFO - Epoch  15/50 | Train: 0.175274 | Val: 0.178878 | Corr: 0.136880 | LR: 1.00e-03
2026-03-06 11:53:19,916 - INFO -   ↳ Saved best model (val_corr=0.136880)
2026-03-06 11:53:24,873 - INFO - Epoch  16/50 | Train: 0.175085 | Val: 0.179170 | Corr: 0.137201 | LR: 1.00e-03
2026-03-06 11:53:24,896 - INFO -   ↳ Saved best model (val_corr=0.137201)
2026-03-06 11:53:29,864 - INFO - Epoch  17/50 | Train: 0.174795 | Val: 0.178693 | Corr: 0.138683 | LR: 1.00e-03
2026-03-06 11:53:29,886 - INFO -   ↳ Saved best model (val_corr=0.138683)
2026-03-06 11:53:34,861 - INFO - Epoch  18/50 | Train: 0.174745 | Val: 0.179327 | Corr: 0.139710 | LR: 1.00e-03
2026-03-06 11:53:34,875 - INFO -   ↳ Saved best model (val_corr=0.139710)
2026-03-06 11:53:39,851 - INFO - Epoch  19/50 | Train: 0.174489 | Val: 0.178453 | Corr: 0.139525 | LR: 1.00e-03
2026-03-06 11:53:44,815 - INFO - Epoch  20/50 | Train: 0.174462 | Val: 0.178573 | Corr: 0.138504 | LR: 1.00e-03
2026-03-06 11:53:49,793 - INFO - Epoch  21/50 | Train: 0.174312 | Val: 0.178552 | Corr: 0.139526 | LR: 1.00e-03
2026-03-06 11:53:54,811 - INFO - Epoch  22/50 | Train: 0.174146 | Val: 0.178739 | Corr: 0.140040 | LR: 1.00e-03
2026-03-06 11:53:54,837 - INFO -   ↳ Saved best model (val_corr=0.140040)
2026-03-06 11:53:59,826 - INFO - Epoch  23/50 | Train: 0.173979 | Val: 0.178740 | Corr: 0.139173 | LR: 1.00e-03
2026-03-06 11:54:04,793 - INFO - Epoch  24/50 | Train: 0.173769 | Val: 0.179008 | Corr: 0.138387 | LR: 1.00e-03
2026-03-06 11:54:09,770 - INFO - Epoch  25/50 | Train: 0.173630 | Val: 0.178879 | Corr: 0.139478 | LR: 5.00e-04
2026-03-06 11:54:14,742 - INFO - Epoch  26/50 | Train: 0.172877 | Val: 0.178697 | Corr: 0.139786 | LR: 5.00e-04
2026-03-06 11:54:19,710 - INFO - Epoch  27/50 | Train: 0.172709 | Val: 0.178453 | Corr: 0.140926 | LR: 5.00e-04
2026-03-06 11:54:19,738 - INFO -   ↳ Saved best model (val_corr=0.140926)
2026-03-06 11:54:24,709 - INFO - Epoch  28/50 | Train: 0.172584 | Val: 0.178668 | Corr: 0.140235 | LR: 5.00e-04
2026-03-06 11:54:29,716 - INFO - Epoch  29/50 | Train: 0.172486 | Val: 0.178648 | Corr: 0.139434 | LR: 5.00e-04
2026-03-06 11:54:34,706 - INFO - Epoch  30/50 | Train: 0.172449 | Val: 0.178655 | Corr: 0.139467 | LR: 5.00e-04
2026-03-06 11:54:39,691 - INFO - Epoch  31/50 | Train: 0.172329 | Val: 0.179002 | Corr: 0.140023 | LR: 2.50e-04
2026-03-06 11:54:44,648 - INFO - Epoch  32/50 | Train: 0.171894 | Val: 0.178650 | Corr: 0.140292 | LR: 2.50e-04
2026-03-06 11:54:49,617 - INFO - Epoch  33/50 | Train: 0.171837 | Val: 0.178560 | Corr: 0.140519 | LR: 2.50e-04
2026-03-06 11:54:54,622 - INFO - Epoch  34/50 | Train: 0.171733 | Val: 0.178943 | Corr: 0.138636 | LR: 2.50e-04
2026-03-06 11:54:59,591 - INFO - Epoch  35/50 | Train: 0.171647 | Val: 0.179068 | Corr: 0.138402 | LR: 2.50e-04
2026-03-06 11:55:04,557 - INFO - Epoch  36/50 | Train: 0.171584 | Val: 0.178937 | Corr: 0.138442 | LR: 2.50e-04
2026-03-06 11:55:09,543 - INFO - Epoch  37/50 | Train: 0.171550 | Val: 0.178834 | Corr: 0.138957 | LR: 1.25e-04
2026-03-06 11:55:09,543 - INFO - Early stopping at epoch 37
2026-03-06 11:55:09,543 - INFO - Training complete — best val corr: 0.140926
2026-03-06 11:55:10,746 - INFO - Test loss: 0.168688, Test corr: 0.134741
2026-03-06 11:55:11,104 - INFO - Fraction of variance explained (FVE): 0.020281
2026-03-06 11:55:11,104 - INFO - Generating figures …
2026-03-06 11:55:11,615 - INFO - Correlation between predicted and actual per-neuron averages: r=0.9901, p=0.00e+00
2026-03-06 11:55:13,407 - INFO - Pattern selectivity summary:
2026-03-06 11:55:13,407 - INFO -   Mean correlation across neurons: 0.4709
2026-03-06 11:55:13,408 - INFO -   Median correlation: 0.4995
2026-03-06 11:55:13,408 - INFO -   Neurons with r > 0.5: 31 / 63
2026-03-06 11:55:13,408 - INFO -   Neurons with r > 0.3: 50 / 63
2026-03-06 11:55:13,408 - INFO - Pattern selectivity — mean neuron corr: 0.4709
2026-03-06 11:55:14,746 - INFO - LOO (avg rate) — Model mean r: 0.2754, LOO mean r: 0.4546, Neurons model > LOO: 1/63
2026-03-06 11:55:16,623 - INFO - LOO (temporal) — Model mean r: 0.1351, LOO mean r: 0.3186, Neurons model > LOO: 0/63
2026-03-06 11:55:16,623 - INFO - Skipping oracle trial plots (skip_oracle_plots=True)
2026-03-06 11:55:16,635 - INFO - Experiment complete. Summary: {
  "run_dir": "/scratch/sb272/patterns5k_results/slurm_base_cnn_2026-03-06_09-50-40/trial_0039_learning_rate=1.0e-03_kernel_sizes=3x3x3_conv_channels=128x128x128_fc_dims=512_seed0",
  "model_type": "cnn",
  "batch_avg_test_loss": 0.1686879780292511,
  "batch_avg_test_corr": 0.13474108865829026,
  "all_test_fve": 0.020280770839206756,
  "AR_FVE": NaN,
  "AR_test_correlation": NaN,
  "best_val_corr": 0.1409256128057416,
  "total_params": 213951,
  "trainable_params": 213951,
  "epochs_trained": 37,
  "mean_pattern_corr": 0.4709421325309132,
  "history": 0,
  "init_state": true,
  "loo_avg_mean_corr": 0.45456832695830385,
  "model_avg_mean_corr": 0.27535336089073525,
  "neurons_model_beats_loo_avg": 1,
  "loo_temporal_mean_corr": 0.31855225563049316,
  "all_test_corr": 0.13508698344230652,
  "neurons_model_beats_loo_temporal": 0,
  "kernel_sizes": [
    3,
    3,
    3
  ],
  "conv_channels": [
    128,
    128,
    128
  ],
  "fc_dims": [
    512
  ]
}
