2026-03-06 00:24:57,205 - INFO - ============================================================
2026-03-06 00:24:57,206 - INFO - Experiment run directory: /scratch/sb272/patterns5k_results/slurm_hist_cnn_2026-03-05_16-01-45/trial_0440_learning_rate=5.0e-04_history=20_kernel_sizes=5x3_conv_channels=128x256_fc_dims=1024_seed1
2026-03-06 00:24:57,206 - INFO - ============================================================
2026-03-06 00:24:57,206 - INFO - Loading data …
2026-03-06 00:24:58,051 - INFO - 63 unique neurons after dropping problematic neurons
2026-03-06 00:24:59,172 - INFO - Stimulation channels: 42, Spiking neurons: 63
2026-03-06 00:26:52,034 - INFO - Unique patterns: 4050, Total trials: 5000
2026-03-06 00:26:52,035 - INFO - Stimulation channels: 42, Spiking neurons: 63
2026-03-06 00:26:52,035 - INFO - Unique patterns: 4050, Total trials: 5000
2026-03-06 00:26:52,050 - INFO - Split (oracle): train=3400, val=600, test=1000
2026-03-06 00:27:14,475 - INFO - BinnedStimSpikeDataset initialized:
2026-03-06 00:27:14,476 - INFO -   input_bin_size_ms=10, output_bin_size_ms=10
2026-03-06 00:27:14,476 - INFO -   n_input_bins=60, n_output_bins=60
2026-03-06 00:27:14,476 - INFO -   output_offset=0, total_bins_input=60, total_bins_output=60
2026-03-06 00:27:14,476 - INFO -   Valid start positions per trial: 0 to 0
2026-03-06 00:27:14,476 - INFO -   Total samples: 3400 (3400 trials × 1 positions)
2026-03-06 00:27:36,320 - INFO - BinnedStimSpikeDataset initialized:
2026-03-06 00:27:36,320 - INFO -   input_bin_size_ms=10, output_bin_size_ms=10
2026-03-06 00:27:36,320 - INFO -   n_input_bins=60, n_output_bins=60
2026-03-06 00:27:36,320 - INFO -   output_offset=0, total_bins_input=60, total_bins_output=60
2026-03-06 00:27:36,320 - INFO -   Valid start positions per trial: 0 to 0
2026-03-06 00:27:36,320 - INFO -   Total samples: 600 (600 trials × 1 positions)
2026-03-06 00:27:58,408 - INFO - BinnedStimSpikeDataset initialized:
2026-03-06 00:27:58,409 - INFO -   input_bin_size_ms=10, output_bin_size_ms=10
2026-03-06 00:27:58,409 - INFO -   n_input_bins=60, n_output_bins=60
2026-03-06 00:27:58,409 - INFO -   output_offset=0, total_bins_input=60, total_bins_output=60
2026-03-06 00:27:58,409 - INFO -   Valid start positions per trial: 0 to 0
2026-03-06 00:27:58,409 - INFO -   Total samples: 1000 (1000 trials × 1 positions)
2026-03-06 00:27:58,409 - INFO - Samples — train: 3400, val: 600, test: 1000
2026-03-06 00:27:58,409 - INFO - Input channels: 105, Neurons: 63
2026-03-06 00:27:58,414 - INFO - Using CPU
2026-03-06 00:27:58,432 - INFO - Model: CNN — 494,399 trainable params (494,399 total)
2026-03-06 00:28:02,201 - INFO - Starting training …
2026-03-06 00:28:11,741 - INFO - Epoch   1/50 | Train: 0.207659 | Val: 0.187978 | Corr: 0.080294 | LR: 5.00e-04
2026-03-06 00:28:11,758 - INFO -   ↳ Saved best model (val_corr=0.080294)
2026-03-06 00:28:20,315 - INFO - Epoch   2/50 | Train: 0.182319 | Val: 0.185488 | Corr: 0.092098 | LR: 5.00e-04
2026-03-06 00:28:20,329 - INFO -   ↳ Saved best model (val_corr=0.092098)
2026-03-06 00:28:28,876 - INFO - Epoch   3/50 | Train: 0.180373 | Val: 0.184285 | Corr: 0.103794 | LR: 5.00e-04
2026-03-06 00:28:28,891 - INFO -   ↳ Saved best model (val_corr=0.103794)
2026-03-06 00:28:37,415 - INFO - Epoch   4/50 | Train: 0.178969 | Val: 0.183267 | Corr: 0.112033 | LR: 5.00e-04
2026-03-06 00:28:37,430 - INFO -   ↳ Saved best model (val_corr=0.112033)
2026-03-06 00:28:45,959 - INFO - Epoch   5/50 | Train: 0.177725 | Val: 0.179921 | Corr: 0.120251 | LR: 5.00e-04
2026-03-06 00:28:45,977 - INFO -   ↳ Saved best model (val_corr=0.120251)
2026-03-06 00:28:54,508 - INFO - Epoch   6/50 | Train: 0.177011 | Val: 0.184911 | Corr: 0.124779 | LR: 5.00e-04
2026-03-06 00:28:54,524 - INFO -   ↳ Saved best model (val_corr=0.124779)
2026-03-06 00:29:03,050 - INFO - Epoch   7/50 | Train: 0.176191 | Val: 0.180518 | Corr: 0.128594 | LR: 5.00e-04
2026-03-06 00:29:03,065 - INFO -   ↳ Saved best model (val_corr=0.128594)
2026-03-06 00:29:11,596 - INFO - Epoch   8/50 | Train: 0.175467 | Val: 0.180550 | Corr: 0.131667 | LR: 5.00e-04
2026-03-06 00:29:11,613 - INFO -   ↳ Saved best model (val_corr=0.131667)
2026-03-06 00:29:20,129 - INFO - Epoch   9/50 | Train: 0.174879 | Val: 0.180416 | Corr: 0.131554 | LR: 5.00e-04
2026-03-06 00:29:28,633 - INFO - Epoch  10/50 | Train: 0.174496 | Val: 0.179345 | Corr: 0.135817 | LR: 5.00e-04
2026-03-06 00:29:28,658 - INFO -   ↳ Saved best model (val_corr=0.135817)
2026-03-06 00:29:37,179 - INFO - Epoch  11/50 | Train: 0.173965 | Val: 0.182285 | Corr: 0.136343 | LR: 5.00e-04
2026-03-06 00:29:37,195 - INFO -   ↳ Saved best model (val_corr=0.136343)
2026-03-06 00:29:45,695 - INFO - Epoch  12/50 | Train: 0.173552 | Val: 0.180339 | Corr: 0.137528 | LR: 5.00e-04
2026-03-06 00:29:45,713 - INFO -   ↳ Saved best model (val_corr=0.137528)
2026-03-06 00:29:54,253 - INFO - Epoch  13/50 | Train: 0.173252 | Val: 0.177789 | Corr: 0.138388 | LR: 5.00e-04
2026-03-06 00:29:54,267 - INFO -   ↳ Saved best model (val_corr=0.138388)
2026-03-06 00:30:02,882 - INFO - Epoch  14/50 | Train: 0.172774 | Val: 0.179445 | Corr: 0.139803 | LR: 5.00e-04
2026-03-06 00:30:02,901 - INFO -   ↳ Saved best model (val_corr=0.139803)
2026-03-06 00:30:11,508 - INFO - Epoch  15/50 | Train: 0.172319 | Val: 0.182328 | Corr: 0.139018 | LR: 5.00e-04
2026-03-06 00:30:20,144 - INFO - Epoch  16/50 | Train: 0.172217 | Val: 0.179390 | Corr: 0.139316 | LR: 5.00e-04
2026-03-06 00:30:28,801 - INFO - Epoch  17/50 | Train: 0.171924 | Val: 0.179838 | Corr: 0.140068 | LR: 5.00e-04
2026-03-06 00:30:28,817 - INFO -   ↳ Saved best model (val_corr=0.140068)
2026-03-06 00:30:37,446 - INFO - Epoch  18/50 | Train: 0.171557 | Val: 0.183715 | Corr: 0.140365 | LR: 5.00e-04
2026-03-06 00:30:37,459 - INFO -   ↳ Saved best model (val_corr=0.140365)
2026-03-06 00:30:46,090 - INFO - Epoch  19/50 | Train: 0.171210 | Val: 0.180589 | Corr: 0.140841 | LR: 2.50e-04
2026-03-06 00:30:46,106 - INFO -   ↳ Saved best model (val_corr=0.140841)
2026-03-06 00:30:54,738 - INFO - Epoch  20/50 | Train: 0.170174 | Val: 0.180566 | Corr: 0.142114 | LR: 2.50e-04
2026-03-06 00:30:54,761 - INFO -   ↳ Saved best model (val_corr=0.142114)
2026-03-06 00:31:03,421 - INFO - Epoch  21/50 | Train: 0.169817 | Val: 0.181132 | Corr: 0.141996 | LR: 2.50e-04
2026-03-06 00:31:12,043 - INFO - Epoch  22/50 | Train: 0.169687 | Val: 0.181249 | Corr: 0.142637 | LR: 2.50e-04
2026-03-06 00:31:12,059 - INFO -   ↳ Saved best model (val_corr=0.142637)
2026-03-06 00:31:20,699 - INFO - Epoch  23/50 | Train: 0.169591 | Val: 0.183151 | Corr: 0.142997 | LR: 2.50e-04
2026-03-06 00:31:20,716 - INFO -   ↳ Saved best model (val_corr=0.142997)
2026-03-06 00:31:29,339 - INFO - Epoch  24/50 | Train: 0.169403 | Val: 0.180660 | Corr: 0.143363 | LR: 2.50e-04
2026-03-06 00:31:29,356 - INFO -   ↳ Saved best model (val_corr=0.143363)
2026-03-06 00:31:37,995 - INFO - Epoch  25/50 | Train: 0.169231 | Val: 0.179340 | Corr: 0.142609 | LR: 1.25e-04
2026-03-06 00:31:46,636 - INFO - Epoch  26/50 | Train: 0.168661 | Val: 0.181794 | Corr: 0.143736 | LR: 1.25e-04
2026-03-06 00:31:46,651 - INFO -   ↳ Saved best model (val_corr=0.143736)
2026-03-06 00:31:55,286 - INFO - Epoch  27/50 | Train: 0.168507 | Val: 0.180830 | Corr: 0.142516 | LR: 1.25e-04
2026-03-06 00:32:03,908 - INFO - Epoch  28/50 | Train: 0.168417 | Val: 0.180700 | Corr: 0.142706 | LR: 1.25e-04
2026-03-06 00:32:12,529 - INFO - Epoch  29/50 | Train: 0.168348 | Val: 0.180156 | Corr: 0.142660 | LR: 1.25e-04
2026-03-06 00:32:21,206 - INFO - Epoch  30/50 | Train: 0.168253 | Val: 0.180983 | Corr: 0.142728 | LR: 1.25e-04
2026-03-06 00:32:29,846 - INFO - Epoch  31/50 | Train: 0.168152 | Val: 0.181061 | Corr: 0.142939 | LR: 6.25e-05
2026-03-06 00:32:38,470 - INFO - Epoch  32/50 | Train: 0.167829 | Val: 0.181515 | Corr: 0.143465 | LR: 6.25e-05
2026-03-06 00:32:47,096 - INFO - Epoch  33/50 | Train: 0.167729 | Val: 0.181202 | Corr: 0.143055 | LR: 6.25e-05
2026-03-06 00:32:55,772 - INFO - Epoch  34/50 | Train: 0.167759 | Val: 0.180818 | Corr: 0.142999 | LR: 6.25e-05
2026-03-06 00:33:04,415 - INFO - Epoch  35/50 | Train: 0.167633 | Val: 0.181274 | Corr: 0.143133 | LR: 6.25e-05
2026-03-06 00:33:13,048 - INFO - Epoch  36/50 | Train: 0.167648 | Val: 0.180758 | Corr: 0.143203 | LR: 6.25e-05
2026-03-06 00:33:13,048 - INFO - Early stopping at epoch 36
2026-03-06 00:33:13,049 - INFO - Training complete — best val corr: 0.143736
2026-03-06 00:33:14,597 - INFO - Test loss: 0.173202, Test corr: 0.137421
2026-03-06 00:33:15,215 - INFO - Fraction of variance explained (FVE): -0.005298
2026-03-06 00:33:15,215 - INFO - Computing autoregressive (AR) test predictions …
2026-03-06 00:33:16,067 - INFO - AR FVE: -0.004942, AR test corr: 0.135037
2026-03-06 00:33:16,068 - INFO - Generating figures …
2026-03-06 00:33:16,530 - INFO - Correlation between predicted and actual per-neuron averages: r=0.9945, p=0.00e+00
2026-03-06 00:33:18,655 - INFO - Pattern selectivity summary:
2026-03-06 00:33:18,655 - INFO -   Mean correlation across neurons: 0.5356
2026-03-06 00:33:18,656 - INFO -   Median correlation: 0.5527
2026-03-06 00:33:18,656 - INFO -   Neurons with r > 0.5: 35 / 63
2026-03-06 00:33:18,656 - INFO -   Neurons with r > 0.3: 58 / 63
2026-03-06 00:33:18,656 - INFO - Pattern selectivity — mean neuron corr: 0.5356
2026-03-06 00:33:20,436 - INFO - LOO (avg rate) — Model mean r: 0.3755, LOO mean r: 0.4546, Neurons model > LOO: 10/63
2026-03-06 00:33:22,833 - INFO - LOO (temporal) — Model mean r: 0.1432, LOO mean r: 0.3186, Neurons model > LOO: 1/63
2026-03-06 00:33:22,833 - INFO - Skipping oracle trial plots (skip_oracle_plots=True)
2026-03-06 00:33:22,852 - INFO - Experiment complete. Summary: {
  "run_dir": "/scratch/sb272/patterns5k_results/slurm_hist_cnn_2026-03-05_16-01-45/trial_0440_learning_rate=5.0e-04_history=20_kernel_sizes=5x3_conv_channels=128x256_fc_dims=1024_seed1",
  "model_type": "cnn",
  "batch_avg_test_loss": 0.17320235395431519,
  "batch_avg_test_corr": 0.1374211680166946,
  "all_test_fve": -0.005298163209642682,
  "AR_FVE": -0.004942036810375396,
  "AR_test_correlation": 0.1350373476743698,
  "best_val_corr": 0.1437361626067111,
  "total_params": 494399,
  "trainable_params": 494399,
  "epochs_trained": 36,
  "mean_pattern_corr": 0.5356023591051008,
  "history": 20,
  "init_state": true,
  "loo_avg_mean_corr": 0.45456832695830385,
  "model_avg_mean_corr": 0.3755429206464154,
  "neurons_model_beats_loo_avg": 10,
  "loo_temporal_mean_corr": 0.31855225563049316,
  "all_test_corr": 0.1431676745414734,
  "neurons_model_beats_loo_temporal": 1,
  "kernel_sizes": [
    5,
    3
  ],
  "conv_channels": [
    128,
    256
  ],
  "fc_dims": [
    1024
  ]
}
