2026-02-20 11:24:52,807 - INFO - ============================================================
2026-02-20 11:24:52,807 - INFO - Experiment run directory: results/base_cnn_sweep3_2026-02-20_11-17-00/trial_0004
2026-02-20 11:24:52,807 - INFO - ============================================================
2026-02-20 11:24:52,807 - INFO - Using preloaded raw data (skipping I/O)
2026-02-20 11:24:52,807 - INFO - Stimulation channels: 42, Spiking neurons: 63
2026-02-20 11:24:52,807 - INFO - Unique patterns: 4050, Total trials: 5000
2026-02-20 11:24:52,834 - INFO - Split (oracle): train=3400, val=600, test=1000
2026-02-20 11:25:11,285 - INFO - BinnedStimSpikeDataset initialized:
2026-02-20 11:25:11,286 - INFO -   input_bin_size_ms=10, output_bin_size_ms=10
2026-02-20 11:25:11,286 - INFO -   n_input_bins=60, n_output_bins=60
2026-02-20 11:25:11,286 - INFO -   output_offset=0, total_bins_input=60, total_bins_output=60
2026-02-20 11:25:11,286 - INFO -   Valid start positions per trial: 0 to 0
2026-02-20 11:25:11,286 - INFO -   Total samples: 3400 (3400 trials × 1 positions)
2026-02-20 11:25:27,143 - INFO - BinnedStimSpikeDataset initialized:
2026-02-20 11:25:27,143 - INFO -   input_bin_size_ms=10, output_bin_size_ms=10
2026-02-20 11:25:27,144 - INFO -   n_input_bins=60, n_output_bins=60
2026-02-20 11:25:27,144 - INFO -   output_offset=0, total_bins_input=60, total_bins_output=60
2026-02-20 11:25:27,144 - INFO -   Valid start positions per trial: 0 to 0
2026-02-20 11:25:27,144 - INFO -   Total samples: 600 (600 trials × 1 positions)
2026-02-20 11:25:43,154 - INFO - BinnedStimSpikeDataset initialized:
2026-02-20 11:25:43,155 - INFO -   input_bin_size_ms=10, output_bin_size_ms=10
2026-02-20 11:25:43,155 - INFO -   n_input_bins=60, n_output_bins=60
2026-02-20 11:25:43,155 - INFO -   output_offset=0, total_bins_input=60, total_bins_output=60
2026-02-20 11:25:43,155 - INFO -   Valid start positions per trial: 0 to 0
2026-02-20 11:25:43,155 - INFO -   Total samples: 1000 (1000 trials × 1 positions)
2026-02-20 11:25:43,156 - INFO - Samples — train: 3400, val: 600, test: 1000
2026-02-20 11:25:43,156 - INFO - Input channels: 42, Neurons: 63
2026-02-20 11:25:43,156 - INFO - Using Apple Silicon MPS acceleration
2026-02-20 11:25:43,165 - INFO - Model: CNN — 65,727 trainable params (65,727 total)
2026-02-20 11:25:43,166 - INFO - Starting training …
2026-02-20 11:25:45,169 - INFO - Epoch   1/50 | Train: 0.253300 | Val: 0.200421 | Corr: 0.073271 | LR: 1.00e-03
2026-02-20 11:25:45,174 - INFO -   ↳ Saved best model (val_corr=0.073271)
2026-02-20 11:25:47,019 - INFO - Epoch   2/50 | Train: 0.200041 | Val: 0.194858 | Corr: 0.107544 | LR: 1.00e-03
2026-02-20 11:25:47,024 - INFO -   ↳ Saved best model (val_corr=0.107544)
2026-02-20 11:25:49,088 - INFO - Epoch   3/50 | Train: 0.195811 | Val: 0.192053 | Corr: 0.131033 | LR: 1.00e-03
2026-02-20 11:25:49,091 - INFO -   ↳ Saved best model (val_corr=0.131033)
2026-02-20 11:25:50,964 - INFO - Epoch   4/50 | Train: 0.193264 | Val: 0.190136 | Corr: 0.146943 | LR: 1.00e-03
2026-02-20 11:25:50,968 - INFO -   ↳ Saved best model (val_corr=0.146943)
2026-02-20 11:25:52,903 - INFO - Epoch   5/50 | Train: 0.191412 | Val: 0.189544 | Corr: 0.158512 | LR: 1.00e-03
2026-02-20 11:25:52,907 - INFO -   ↳ Saved best model (val_corr=0.158512)
2026-02-20 11:25:54,819 - INFO - Epoch   6/50 | Train: 0.190108 | Val: 0.187869 | Corr: 0.165993 | LR: 1.00e-03
2026-02-20 11:25:54,822 - INFO -   ↳ Saved best model (val_corr=0.165993)
2026-02-20 11:25:56,655 - INFO - Epoch   7/50 | Train: 0.189107 | Val: 0.187096 | Corr: 0.172018 | LR: 1.00e-03
2026-02-20 11:25:56,659 - INFO -   ↳ Saved best model (val_corr=0.172018)
2026-02-20 11:25:58,625 - INFO - Epoch   8/50 | Train: 0.188287 | Val: 0.186492 | Corr: 0.176260 | LR: 1.00e-03
2026-02-20 11:25:58,629 - INFO -   ↳ Saved best model (val_corr=0.176260)
2026-02-20 11:26:00,464 - INFO - Epoch   9/50 | Train: 0.187641 | Val: 0.186034 | Corr: 0.179404 | LR: 1.00e-03
2026-02-20 11:26:00,468 - INFO -   ↳ Saved best model (val_corr=0.179404)
2026-02-20 11:26:02,396 - INFO - Epoch  10/50 | Train: 0.187168 | Val: 0.185634 | Corr: 0.181907 | LR: 1.00e-03
2026-02-20 11:26:02,401 - INFO -   ↳ Saved best model (val_corr=0.181907)
2026-02-20 11:26:04,385 - INFO - Epoch  11/50 | Train: 0.186794 | Val: 0.185645 | Corr: 0.184093 | LR: 1.00e-03
2026-02-20 11:26:04,389 - INFO -   ↳ Saved best model (val_corr=0.184093)
2026-02-20 11:26:06,495 - INFO - Epoch  12/50 | Train: 0.186494 | Val: 0.185412 | Corr: 0.184299 | LR: 1.00e-03
2026-02-20 11:26:06,500 - INFO -   ↳ Saved best model (val_corr=0.184299)
2026-02-20 11:26:09,002 - INFO - Epoch  13/50 | Train: 0.186211 | Val: 0.185298 | Corr: 0.185989 | LR: 1.00e-03
2026-02-20 11:26:09,007 - INFO -   ↳ Saved best model (val_corr=0.185989)
2026-02-20 11:26:10,971 - INFO - Epoch  14/50 | Train: 0.185943 | Val: 0.185027 | Corr: 0.187967 | LR: 1.00e-03
2026-02-20 11:26:10,975 - INFO -   ↳ Saved best model (val_corr=0.187967)
2026-02-20 11:26:12,812 - INFO - Epoch  15/50 | Train: 0.185714 | Val: 0.184732 | Corr: 0.188585 | LR: 1.00e-03
2026-02-20 11:26:12,816 - INFO -   ↳ Saved best model (val_corr=0.188585)
2026-02-20 11:26:14,947 - INFO - Epoch  16/50 | Train: 0.185457 | Val: 0.184607 | Corr: 0.189151 | LR: 1.00e-03
2026-02-20 11:26:14,955 - INFO -   ↳ Saved best model (val_corr=0.189151)
2026-02-20 11:26:17,127 - INFO - Epoch  17/50 | Train: 0.185360 | Val: 0.184565 | Corr: 0.189387 | LR: 1.00e-03
2026-02-20 11:26:17,137 - INFO -   ↳ Saved best model (val_corr=0.189387)
2026-02-20 11:26:20,004 - INFO - Epoch  18/50 | Train: 0.185105 | Val: 0.184307 | Corr: 0.191373 | LR: 1.00e-03
2026-02-20 11:26:20,024 - INFO -   ↳ Saved best model (val_corr=0.191373)
2026-02-20 11:26:22,048 - INFO - Epoch  19/50 | Train: 0.184950 | Val: 0.184850 | Corr: 0.192352 | LR: 1.00e-03
2026-02-20 11:26:22,054 - INFO -   ↳ Saved best model (val_corr=0.192352)
2026-02-20 11:26:24,457 - INFO - Epoch  20/50 | Train: 0.184718 | Val: 0.184174 | Corr: 0.192973 | LR: 1.00e-03
2026-02-20 11:26:24,464 - INFO -   ↳ Saved best model (val_corr=0.192973)
2026-02-20 11:26:26,939 - INFO - Epoch  21/50 | Train: 0.184692 | Val: 0.184214 | Corr: 0.192675 | LR: 1.00e-03
2026-02-20 11:26:29,526 - INFO - Epoch  22/50 | Train: 0.184564 | Val: 0.184283 | Corr: 0.193821 | LR: 1.00e-03
2026-02-20 11:26:29,538 - INFO -   ↳ Saved best model (val_corr=0.193821)
2026-02-20 11:26:32,146 - INFO - Epoch  23/50 | Train: 0.184397 | Val: 0.183938 | Corr: 0.194341 | LR: 1.00e-03
2026-02-20 11:26:32,152 - INFO -   ↳ Saved best model (val_corr=0.194341)
2026-02-20 11:26:34,290 - INFO - Epoch  24/50 | Train: 0.184341 | Val: 0.184139 | Corr: 0.194721 | LR: 1.00e-03
2026-02-20 11:26:34,296 - INFO -   ↳ Saved best model (val_corr=0.194721)
2026-02-20 11:26:36,386 - INFO - Epoch  25/50 | Train: 0.184166 | Val: 0.184017 | Corr: 0.194526 | LR: 1.00e-03
2026-02-20 11:26:38,442 - INFO - Epoch  26/50 | Train: 0.184050 | Val: 0.184193 | Corr: 0.195065 | LR: 1.00e-03
2026-02-20 11:26:38,446 - INFO -   ↳ Saved best model (val_corr=0.195065)
2026-02-20 11:26:41,340 - INFO - Epoch  27/50 | Train: 0.183897 | Val: 0.184067 | Corr: 0.195363 | LR: 1.00e-03
2026-02-20 11:26:41,347 - INFO -   ↳ Saved best model (val_corr=0.195363)
2026-02-20 11:26:43,748 - INFO - Epoch  28/50 | Train: 0.183831 | Val: 0.184110 | Corr: 0.195326 | LR: 1.00e-03
2026-02-20 11:26:45,837 - INFO - Epoch  29/50 | Train: 0.183781 | Val: 0.184851 | Corr: 0.195810 | LR: 5.00e-04
2026-02-20 11:26:45,842 - INFO -   ↳ Saved best model (val_corr=0.195810)
2026-02-20 11:26:48,085 - INFO - Epoch  30/50 | Train: 0.183308 | Val: 0.183888 | Corr: 0.196815 | LR: 5.00e-04
2026-02-20 11:26:48,090 - INFO -   ↳ Saved best model (val_corr=0.196815)
2026-02-20 11:26:50,126 - INFO - Epoch  31/50 | Train: 0.183211 | Val: 0.183929 | Corr: 0.197010 | LR: 5.00e-04
2026-02-20 11:26:50,132 - INFO -   ↳ Saved best model (val_corr=0.197010)
2026-02-20 11:26:52,210 - INFO - Epoch  32/50 | Train: 0.183152 | Val: 0.184164 | Corr: 0.197438 | LR: 5.00e-04
2026-02-20 11:26:52,215 - INFO -   ↳ Saved best model (val_corr=0.197438)
2026-02-20 11:26:54,091 - INFO - Epoch  33/50 | Train: 0.183127 | Val: 0.183711 | Corr: 0.197594 | LR: 5.00e-04
2026-02-20 11:26:54,095 - INFO -   ↳ Saved best model (val_corr=0.197594)
2026-02-20 11:26:56,044 - INFO - Epoch  34/50 | Train: 0.183032 | Val: 0.183461 | Corr: 0.198116 | LR: 5.00e-04
2026-02-20 11:26:56,048 - INFO -   ↳ Saved best model (val_corr=0.198116)
2026-02-20 11:26:57,901 - INFO - Epoch  35/50 | Train: 0.183016 | Val: 0.183772 | Corr: 0.197676 | LR: 5.00e-04
2026-02-20 11:26:59,750 - INFO - Epoch  36/50 | Train: 0.183002 | Val: 0.183741 | Corr: 0.197904 | LR: 5.00e-04
2026-02-20 11:27:01,748 - INFO - Epoch  37/50 | Train: 0.182867 | Val: 0.183502 | Corr: 0.198187 | LR: 5.00e-04
2026-02-20 11:27:01,752 - INFO -   ↳ Saved best model (val_corr=0.198187)
2026-02-20 11:27:03,602 - INFO - Epoch  38/50 | Train: 0.182934 | Val: 0.183959 | Corr: 0.198113 | LR: 5.00e-04
2026-02-20 11:27:05,633 - INFO - Epoch  39/50 | Train: 0.182807 | Val: 0.184343 | Corr: 0.197725 | LR: 5.00e-04
2026-02-20 11:27:07,824 - INFO - Epoch  40/50 | Train: 0.182845 | Val: 0.183696 | Corr: 0.197948 | LR: 2.50e-04
2026-02-20 11:27:10,043 - INFO - Epoch  41/50 | Train: 0.182560 | Val: 0.183594 | Corr: 0.198458 | LR: 2.50e-04
2026-02-20 11:27:10,047 - INFO -   ↳ Saved best model (val_corr=0.198458)
2026-02-20 11:27:12,002 - INFO - Epoch  42/50 | Train: 0.182535 | Val: 0.183984 | Corr: 0.198598 | LR: 2.50e-04
2026-02-20 11:27:12,007 - INFO -   ↳ Saved best model (val_corr=0.198598)
2026-02-20 11:27:14,127 - INFO - Epoch  43/50 | Train: 0.182456 | Val: 0.183664 | Corr: 0.198378 | LR: 2.50e-04
2026-02-20 11:27:16,410 - INFO - Epoch  44/50 | Train: 0.182446 | Val: 0.183944 | Corr: 0.198449 | LR: 2.50e-04
2026-02-20 11:27:18,455 - INFO - Epoch  45/50 | Train: 0.182501 | Val: 0.183748 | Corr: 0.198397 | LR: 2.50e-04
2026-02-20 11:27:20,476 - INFO - Epoch  46/50 | Train: 0.182465 | Val: 0.183839 | Corr: 0.198552 | LR: 1.25e-04
2026-02-20 11:27:22,320 - INFO - Epoch  47/50 | Train: 0.182299 | Val: 0.183625 | Corr: 0.198939 | LR: 1.25e-04
2026-02-20 11:27:22,324 - INFO -   ↳ Saved best model (val_corr=0.198939)
2026-02-20 11:27:24,261 - INFO - Epoch  48/50 | Train: 0.182300 | Val: 0.183642 | Corr: 0.198692 | LR: 1.25e-04
2026-02-20 11:27:26,200 - INFO - Epoch  49/50 | Train: 0.182227 | Val: 0.183581 | Corr: 0.199025 | LR: 1.25e-04
2026-02-20 11:27:26,205 - INFO -   ↳ Saved best model (val_corr=0.199025)
2026-02-20 11:27:28,390 - INFO - Epoch  50/50 | Train: 0.182227 | Val: 0.183688 | Corr: 0.198815 | LR: 1.25e-04
2026-02-20 11:27:28,390 - INFO - Training complete — best val corr: 0.199025
2026-02-20 11:27:29,043 - INFO - Test loss: 0.174547, Test corr: 0.203464
2026-02-20 11:27:29,172 - INFO - Generating figures …
2026-02-20 11:27:29,569 - INFO - Correlation between predicted and actual per-neuron averages: r=0.9955, p=4.54e-64
2026-02-20 11:27:30,916 - INFO - Pattern selectivity summary:
2026-02-20 11:27:30,916 - INFO -   Mean correlation across neurons: 0.6015
2026-02-20 11:27:30,916 - INFO -   Median correlation: 0.6416
2026-02-20 11:27:30,916 - INFO -   Neurons with r > 0.5: 47 / 63
2026-02-20 11:27:30,916 - INFO -   Neurons with r > 0.3: 55 / 63
2026-02-20 11:27:30,916 - INFO - Pattern selectivity — mean neuron corr: 0.6015
2026-02-20 11:27:31,400 - INFO - LOO (avg rate) — Model mean r: 0.3502, LOO mean r: 0.4728, Neurons model > LOO: 2/63
2026-02-20 11:27:32,487 - INFO - LOO (temporal) — Model mean r: 0.2050, LOO mean r: 0.3815, Neurons model > LOO: 0/63
2026-02-20 11:27:32,487 - INFO - Skipping oracle trial plots (skip_oracle_plots=True)
2026-02-20 11:27:32,487 - INFO - Experiment complete. Summary: {
  "run_dir": "results/base_cnn_sweep3_2026-02-20_11-17-00/trial_0004",
  "model_type": "cnn",
  "test_loss": 0.17454688119888306,
  "test_corr": 0.20346398508385757,
  "best_val_corr": 0.19902504980103597,
  "total_params": 65727,
  "trainable_params": 65727,
  "epochs_trained": 50,
  "mean_pattern_corr": 0.601472920006464,
  "loo_avg_mean_corr": 0.47275709111471625,
  "model_avg_mean_corr": 0.3501615062532831,
  "neurons_model_beats_loo_avg": 2,
  "loo_temporal_mean_corr": 0.3815135061740875,
  "model_temporal_mean_corr": 0.2049972414970398,
  "neurons_model_beats_loo_temporal": 0
}
2026-02-20 11:27:32,521 - INFO - 
======================================================================
2026-02-20 11:27:32,521 - INFO - [6/28] trial_0005
2026-02-20 11:27:32,521 - INFO -   Overrides: {"kernel_sizes": [3], "weight_decay": 0, "conv_channels": [256]}
2026-02-20 11:27:32,521 - INFO -   Output: results/base_cnn_sweep3_2026-02-20_11-17-00/trial_0005
