2026-02-25 05:20:26,722 - INFO - ============================================================
2026-02-25 05:20:26,722 - INFO - Experiment run directory: results/multilayer_cnn_nohist_sweep_v2_2026-02-24_22-05-22/trial_0170_history=20_kernel_sizes=5_conv_channels=256_fc_dims=256
2026-02-25 05:20:26,722 - INFO - ============================================================
2026-02-25 05:20:26,722 - INFO - Using preloaded raw data (skipping I/O)
2026-02-25 05:20:26,722 - INFO - Stimulation channels: 42, Spiking neurons: 63
2026-02-25 05:20:26,722 - INFO - Unique patterns: 4050, Total trials: 5000
2026-02-25 05:20:26,733 - INFO - Split (oracle): train=3400, val=600, test=1000
2026-02-25 05:20:41,360 - INFO - BinnedStimSpikeDataset initialized:
2026-02-25 05:20:41,361 - INFO -   input_bin_size_ms=10, output_bin_size_ms=10
2026-02-25 05:20:41,361 - INFO -   n_input_bins=60, n_output_bins=60
2026-02-25 05:20:41,361 - INFO -   output_offset=0, total_bins_input=60, total_bins_output=60
2026-02-25 05:20:41,361 - INFO -   Valid start positions per trial: 0 to 0
2026-02-25 05:20:41,361 - INFO -   Total samples: 3400 (3400 trials × 1 positions)
2026-02-25 05:20:54,863 - INFO - BinnedStimSpikeDataset initialized:
2026-02-25 05:20:54,864 - INFO -   input_bin_size_ms=10, output_bin_size_ms=10
2026-02-25 05:20:54,864 - INFO -   n_input_bins=60, n_output_bins=60
2026-02-25 05:20:54,864 - INFO -   output_offset=0, total_bins_input=60, total_bins_output=60
2026-02-25 05:20:54,864 - INFO -   Valid start positions per trial: 0 to 0
2026-02-25 05:20:54,864 - INFO -   Total samples: 600 (600 trials × 1 positions)
2026-02-25 05:21:08,558 - INFO - BinnedStimSpikeDataset initialized:
2026-02-25 05:21:08,558 - INFO -   input_bin_size_ms=10, output_bin_size_ms=10
2026-02-25 05:21:08,558 - INFO -   n_input_bins=60, n_output_bins=60
2026-02-25 05:21:08,558 - INFO -   output_offset=0, total_bins_input=60, total_bins_output=60
2026-02-25 05:21:08,558 - INFO -   Valid start positions per trial: 0 to 0
2026-02-25 05:21:08,558 - INFO -   Total samples: 1000 (1000 trials × 1 positions)
2026-02-25 05:21:08,559 - INFO - Samples — train: 3400, val: 600, test: 1000
2026-02-25 05:21:08,559 - INFO - Input channels: 105, Neurons: 63
2026-02-25 05:21:08,559 - INFO - Using Apple Silicon MPS acceleration
2026-02-25 05:21:08,573 - INFO - Model: CNN — 217,151 trainable params (217,151 total)
2026-02-25 05:21:08,573 - INFO - Starting training …
2026-02-25 05:21:11,567 - INFO - Epoch   1/50 | Train: 0.234723 | Val: 0.200291 | Corr: 0.081276 | LR: 1.00e-03
2026-02-25 05:21:11,574 - INFO -   ↳ Saved best model (val_corr=0.081276)
2026-02-25 05:21:14,334 - INFO - Epoch   2/50 | Train: 0.200190 | Val: 0.196513 | Corr: 0.107641 | LR: 1.00e-03
2026-02-25 05:21:14,394 - INFO -   ↳ Saved best model (val_corr=0.107641)
2026-02-25 05:21:17,157 - INFO - Epoch   3/50 | Train: 0.196235 | Val: 0.192746 | Corr: 0.131620 | LR: 1.00e-03
2026-02-25 05:21:17,167 - INFO -   ↳ Saved best model (val_corr=0.131620)
2026-02-25 05:21:19,889 - INFO - Epoch   4/50 | Train: 0.192222 | Val: 0.190015 | Corr: 0.149467 | LR: 1.00e-03
2026-02-25 05:21:19,895 - INFO -   ↳ Saved best model (val_corr=0.149467)
2026-02-25 05:21:22,664 - INFO - Epoch   5/50 | Train: 0.189551 | Val: 0.188378 | Corr: 0.161397 | LR: 1.00e-03
2026-02-25 05:21:22,675 - INFO -   ↳ Saved best model (val_corr=0.161397)
2026-02-25 05:21:25,422 - INFO - Epoch   6/50 | Train: 0.187977 | Val: 0.187127 | Corr: 0.171553 | LR: 1.00e-03
2026-02-25 05:21:25,434 - INFO -   ↳ Saved best model (val_corr=0.171553)
2026-02-25 05:21:28,291 - INFO - Epoch   7/50 | Train: 0.186738 | Val: 0.186762 | Corr: 0.177812 | LR: 1.00e-03
2026-02-25 05:21:28,305 - INFO -   ↳ Saved best model (val_corr=0.177812)
2026-02-25 05:21:31,081 - INFO - Epoch   8/50 | Train: 0.185672 | Val: 0.185530 | Corr: 0.182577 | LR: 1.00e-03
2026-02-25 05:21:31,091 - INFO -   ↳ Saved best model (val_corr=0.182577)
2026-02-25 05:21:33,926 - INFO - Epoch   9/50 | Train: 0.184785 | Val: 0.185306 | Corr: 0.185439 | LR: 1.00e-03
2026-02-25 05:21:33,942 - INFO -   ↳ Saved best model (val_corr=0.185439)
2026-02-25 05:21:36,776 - INFO - Epoch  10/50 | Train: 0.184133 | Val: 0.184973 | Corr: 0.186866 | LR: 1.00e-03
2026-02-25 05:21:36,792 - INFO -   ↳ Saved best model (val_corr=0.186866)
2026-02-25 05:21:39,573 - INFO - Epoch  11/50 | Train: 0.183553 | Val: 0.184618 | Corr: 0.190499 | LR: 1.00e-03
2026-02-25 05:21:39,581 - INFO -   ↳ Saved best model (val_corr=0.190499)
2026-02-25 05:21:42,421 - INFO - Epoch  12/50 | Train: 0.182910 | Val: 0.184270 | Corr: 0.192989 | LR: 1.00e-03
2026-02-25 05:21:42,430 - INFO -   ↳ Saved best model (val_corr=0.192989)
2026-02-25 05:21:45,095 - INFO - Epoch  13/50 | Train: 0.182348 | Val: 0.184527 | Corr: 0.193665 | LR: 1.00e-03
2026-02-25 05:21:45,102 - INFO -   ↳ Saved best model (val_corr=0.193665)
2026-02-25 05:21:47,904 - INFO - Epoch  14/50 | Train: 0.181894 | Val: 0.184099 | Corr: 0.194610 | LR: 1.00e-03
2026-02-25 05:21:47,911 - INFO -   ↳ Saved best model (val_corr=0.194610)
2026-02-25 05:21:50,656 - INFO - Epoch  15/50 | Train: 0.181349 | Val: 0.184054 | Corr: 0.195901 | LR: 1.00e-03
2026-02-25 05:21:50,671 - INFO -   ↳ Saved best model (val_corr=0.195901)
2026-02-25 05:21:53,521 - INFO - Epoch  16/50 | Train: 0.181114 | Val: 0.183731 | Corr: 0.197690 | LR: 1.00e-03
2026-02-25 05:21:53,529 - INFO -   ↳ Saved best model (val_corr=0.197690)
2026-02-25 05:21:56,311 - INFO - Epoch  17/50 | Train: 0.180740 | Val: 0.183987 | Corr: 0.196912 | LR: 1.00e-03
2026-02-25 05:21:59,134 - INFO - Epoch  18/50 | Train: 0.180363 | Val: 0.184659 | Corr: 0.198724 | LR: 1.00e-03
2026-02-25 05:21:59,141 - INFO -   ↳ Saved best model (val_corr=0.198724)
2026-02-25 05:22:01,955 - INFO - Epoch  19/50 | Train: 0.179933 | Val: 0.183774 | Corr: 0.197408 | LR: 1.00e-03
2026-02-25 05:22:04,700 - INFO - Epoch  20/50 | Train: 0.179689 | Val: 0.183824 | Corr: 0.199471 | LR: 1.00e-03
2026-02-25 05:22:04,711 - INFO -   ↳ Saved best model (val_corr=0.199471)
2026-02-25 05:22:07,530 - INFO - Epoch  21/50 | Train: 0.179285 | Val: 0.183876 | Corr: 0.198597 | LR: 1.00e-03
2026-02-25 05:22:10,159 - INFO - Epoch  22/50 | Train: 0.178924 | Val: 0.184008 | Corr: 0.199634 | LR: 5.00e-04
2026-02-25 05:22:10,165 - INFO -   ↳ Saved best model (val_corr=0.199634)
2026-02-25 05:22:12,873 - INFO - Epoch  23/50 | Train: 0.177850 | Val: 0.183633 | Corr: 0.201720 | LR: 5.00e-04
2026-02-25 05:22:12,887 - INFO -   ↳ Saved best model (val_corr=0.201720)
2026-02-25 05:22:15,639 - INFO - Epoch  24/50 | Train: 0.177485 | Val: 0.183666 | Corr: 0.200009 | LR: 5.00e-04
2026-02-25 05:22:18,460 - INFO - Epoch  25/50 | Train: 0.177314 | Val: 0.184248 | Corr: 0.201059 | LR: 5.00e-04
2026-02-25 05:22:21,208 - INFO - Epoch  26/50 | Train: 0.177152 | Val: 0.183765 | Corr: 0.200181 | LR: 5.00e-04
2026-02-25 05:22:24,037 - INFO - Epoch  27/50 | Train: 0.176968 | Val: 0.183926 | Corr: 0.200292 | LR: 5.00e-04
2026-02-25 05:22:26,932 - INFO - Epoch  28/50 | Train: 0.176840 | Val: 0.183990 | Corr: 0.199379 | LR: 5.00e-04
2026-02-25 05:22:29,702 - INFO - Epoch  29/50 | Train: 0.176672 | Val: 0.184062 | Corr: 0.199831 | LR: 2.50e-04
2026-02-25 05:22:32,513 - INFO - Epoch  30/50 | Train: 0.176006 | Val: 0.183808 | Corr: 0.201008 | LR: 2.50e-04
2026-02-25 05:22:35,284 - INFO - Epoch  31/50 | Train: 0.175958 | Val: 0.183939 | Corr: 0.200551 | LR: 2.50e-04
2026-02-25 05:22:38,009 - INFO - Epoch  32/50 | Train: 0.175806 | Val: 0.183960 | Corr: 0.200297 | LR: 2.50e-04
2026-02-25 05:22:40,709 - INFO - Epoch  33/50 | Train: 0.175746 | Val: 0.183898 | Corr: 0.200319 | LR: 2.50e-04
2026-02-25 05:22:40,709 - INFO - Early stopping at epoch 33
2026-02-25 05:22:40,709 - INFO - Training complete — best val corr: 0.201720
2026-02-25 05:22:41,146 - INFO - Test loss: 0.174574, Test corr: 0.201415
2026-02-25 05:22:41,290 - INFO - Fraction of variance explained (FVE): 0.048368
2026-02-25 05:22:41,291 - INFO - Computing autoregressive (AR) test predictions …
2026-02-25 05:22:41,668 - INFO - AR FVE: 0.047508, AR test corr: 0.202555
2026-02-25 05:22:41,669 - INFO - Generating figures …
2026-02-25 05:22:41,957 - INFO - Correlation between predicted and actual per-neuron averages: r=0.9932, p=9.28e-59
2026-02-25 05:22:42,695 - INFO - Pattern selectivity summary:
2026-02-25 05:22:42,695 - INFO -   Mean correlation across neurons: 0.5985
2026-02-25 05:22:42,695 - INFO -   Median correlation: 0.6080
2026-02-25 05:22:42,695 - INFO -   Neurons with r > 0.5: 45 / 63
2026-02-25 05:22:42,695 - INFO -   Neurons with r > 0.3: 59 / 63
2026-02-25 05:22:42,695 - INFO - Pattern selectivity — mean neuron corr: 0.5985
2026-02-25 05:22:43,076 - INFO - LOO (avg rate) — Model mean r: 0.4017, LOO mean r: 0.4728, Neurons model > LOO: 11/63
2026-02-25 05:22:43,842 - INFO - LOO (temporal) — Model mean r: 0.2071, LOO mean r: 0.3815, Neurons model > LOO: 1/63
2026-02-25 05:22:43,842 - INFO - Skipping oracle trial plots (skip_oracle_plots=True)
2026-02-25 05:22:43,842 - INFO - Experiment complete. Summary: {
  "run_dir": "results/multilayer_cnn_nohist_sweep_v2_2026-02-24_22-05-22/trial_0170_history=20_kernel_sizes=5_conv_channels=256_fc_dims=256",
  "model_type": "cnn",
  "batch_avg_test_loss": 0.1745739233493805,
  "batch_avg_test_corr": 0.20141504302494848,
  "all_test_fve": 0.048368278949979755,
  "AR_FVE": 0.0475075121909853,
  "AR_test_correlation": 0.20255523920059204,
  "best_val_corr": 0.20171951108876385,
  "total_params": 217151,
  "trainable_params": 217151,
  "epochs_trained": 33,
  "mean_pattern_corr": 0.5984522033809031,
  "history": 20,
  "init_state": true,
  "loo_avg_mean_corr": 0.47275709111471625,
  "model_avg_mean_corr": 0.4017111076561553,
  "neurons_model_beats_loo_avg": 11,
  "loo_temporal_mean_corr": 0.3815135061740875,
  "all_test_corr": 0.20707662403583527,
  "neurons_model_beats_loo_temporal": 1,
  "kernel_sizes": [
    5
  ],
  "conv_channels": [
    256
  ],
  "fc_dims": [
    256
  ]
}
2026-02-25 05:22:43,874 - INFO - 
======================================================================
2026-02-25 05:22:43,874 - INFO - [172/864] trial_0171_history=20_kernel_sizes=5_conv_channels=256_fc_dims=256
2026-02-25 05:22:43,874 - INFO -   Overrides: {"_arch": {"kernel_sizes": [5], "conv_channels": [256], "fc_dims": [256]}, "history": 20, "weight_decay": 0.001}
2026-02-25 05:22:43,874 - INFO -   Output: results/multilayer_cnn_nohist_sweep_v2_2026-02-24_22-05-22/trial_0171_history=20_kernel_sizes=5_conv_channels=256_fc_dims=256
