2026-03-04 21:34:43,309 - INFO - ============================================================
2026-03-04 21:34:43,310 - INFO - Experiment run directory: /scratch/sb272/patterns5k_results/slurm_base_cnn_2026-03-04_16-53-19/trial_0087_learning_rate=5.0e-04_kernel_sizes=3x3x3_conv_channels=128x128x128_fc_dims=512_seed2
2026-03-04 21:34:43,310 - INFO - ============================================================
2026-03-04 21:34:43,310 - INFO - Loading data …
2026-03-04 21:34:44,500 - INFO - 63 unique neurons after dropping problematic neurons
2026-03-04 21:34:45,472 - INFO - Stimulation channels: 42, Spiking neurons: 63
2026-03-04 21:36:04,589 - INFO - Unique patterns: 4050, Total trials: 5000
2026-03-04 21:36:04,590 - INFO - Stimulation channels: 42, Spiking neurons: 63
2026-03-04 21:36:04,590 - INFO - Unique patterns: 4050, Total trials: 5000
2026-03-04 21:36:04,601 - INFO - Split (oracle): train=3400, val=600, test=1000
2026-03-04 21:36:19,096 - INFO - BinnedStimSpikeDataset initialized:
2026-03-04 21:36:19,097 - INFO -   input_bin_size_ms=10, output_bin_size_ms=10
2026-03-04 21:36:19,097 - INFO -   n_input_bins=60, n_output_bins=60
2026-03-04 21:36:19,097 - INFO -   output_offset=0, total_bins_input=60, total_bins_output=60
2026-03-04 21:36:19,097 - INFO -   Valid start positions per trial: 0 to 0
2026-03-04 21:36:19,097 - INFO -   Total samples: 3400 (3400 trials × 1 positions)
2026-03-04 21:36:33,138 - INFO - BinnedStimSpikeDataset initialized:
2026-03-04 21:36:33,139 - INFO -   input_bin_size_ms=10, output_bin_size_ms=10
2026-03-04 21:36:33,139 - INFO -   n_input_bins=60, n_output_bins=60
2026-03-04 21:36:33,139 - INFO -   output_offset=0, total_bins_input=60, total_bins_output=60
2026-03-04 21:36:33,139 - INFO -   Valid start positions per trial: 0 to 0
2026-03-04 21:36:33,139 - INFO -   Total samples: 600 (600 trials × 1 positions)
2026-03-04 21:36:47,284 - INFO - BinnedStimSpikeDataset initialized:
2026-03-04 21:36:47,284 - INFO -   input_bin_size_ms=10, output_bin_size_ms=10
2026-03-04 21:36:47,284 - INFO -   n_input_bins=60, n_output_bins=60
2026-03-04 21:36:47,284 - INFO -   output_offset=0, total_bins_input=60, total_bins_output=60
2026-03-04 21:36:47,284 - INFO -   Valid start positions per trial: 0 to 0
2026-03-04 21:36:47,284 - INFO -   Total samples: 1000 (1000 trials × 1 positions)
2026-03-04 21:36:47,284 - INFO - Samples — train: 3400, val: 600, test: 1000
2026-03-04 21:36:47,284 - INFO - Input channels: 42, Neurons: 63
2026-03-04 21:36:47,304 - INFO - Using CPU
2026-03-04 21:36:47,308 - INFO - Model: CNN — 213,951 trainable params (213,951 total)
2026-03-04 21:36:52,873 - INFO - Starting training …
2026-03-04 21:36:58,704 - INFO - Epoch   1/50 | Train: 0.221993 | Val: 0.181542 | Corr: 0.073288 | LR: 5.00e-04
2026-03-04 21:36:58,719 - INFO -   ↳ Saved best model (val_corr=0.073288)
2026-03-04 21:37:03,619 - INFO - Epoch   2/50 | Train: 0.182986 | Val: 0.181040 | Corr: 0.081715 | LR: 5.00e-04
2026-03-04 21:37:03,635 - INFO -   ↳ Saved best model (val_corr=0.081715)
2026-03-04 21:37:08,503 - INFO - Epoch   3/50 | Train: 0.182097 | Val: 0.180406 | Corr: 0.086783 | LR: 5.00e-04
2026-03-04 21:37:08,519 - INFO -   ↳ Saved best model (val_corr=0.086783)
2026-03-04 21:37:13,451 - INFO - Epoch   4/50 | Train: 0.181264 | Val: 0.180441 | Corr: 0.094132 | LR: 5.00e-04
2026-03-04 21:37:13,465 - INFO -   ↳ Saved best model (val_corr=0.094132)
2026-03-04 21:37:18,349 - INFO - Epoch   5/50 | Train: 0.180495 | Val: 0.179460 | Corr: 0.098009 | LR: 5.00e-04
2026-03-04 21:37:18,375 - INFO -   ↳ Saved best model (val_corr=0.098009)
2026-03-04 21:37:23,228 - INFO - Epoch   6/50 | Train: 0.179761 | Val: 0.178798 | Corr: 0.107888 | LR: 5.00e-04
2026-03-04 21:37:23,239 - INFO -   ↳ Saved best model (val_corr=0.107888)
2026-03-04 21:37:27,978 - INFO - Epoch   7/50 | Train: 0.179219 | Val: 0.178207 | Corr: 0.110932 | LR: 5.00e-04
2026-03-04 21:37:27,989 - INFO -   ↳ Saved best model (val_corr=0.110932)
2026-03-04 21:37:32,814 - INFO - Epoch   8/50 | Train: 0.178661 | Val: 0.178429 | Corr: 0.112664 | LR: 5.00e-04
2026-03-04 21:37:32,833 - INFO -   ↳ Saved best model (val_corr=0.112664)
2026-03-04 21:37:37,781 - INFO - Epoch   9/50 | Train: 0.178239 | Val: 0.177988 | Corr: 0.117039 | LR: 5.00e-04
2026-03-04 21:37:37,797 - INFO -   ↳ Saved best model (val_corr=0.117039)
2026-03-04 21:37:42,617 - INFO - Epoch  10/50 | Train: 0.177831 | Val: 0.177860 | Corr: 0.118528 | LR: 5.00e-04
2026-03-04 21:37:42,632 - INFO -   ↳ Saved best model (val_corr=0.118528)
2026-03-04 21:37:47,425 - INFO - Epoch  11/50 | Train: 0.177531 | Val: 0.177720 | Corr: 0.122205 | LR: 5.00e-04
2026-03-04 21:37:47,439 - INFO -   ↳ Saved best model (val_corr=0.122205)
2026-03-04 21:37:52,330 - INFO - Epoch  12/50 | Train: 0.177136 | Val: 0.177422 | Corr: 0.121900 | LR: 5.00e-04
2026-03-04 21:37:57,119 - INFO - Epoch  13/50 | Train: 0.176841 | Val: 0.178540 | Corr: 0.125103 | LR: 5.00e-04
2026-03-04 21:37:57,135 - INFO -   ↳ Saved best model (val_corr=0.125103)
2026-03-04 21:38:01,968 - INFO - Epoch  14/50 | Train: 0.176621 | Val: 0.176812 | Corr: 0.126321 | LR: 5.00e-04
2026-03-04 21:38:01,983 - INFO -   ↳ Saved best model (val_corr=0.126321)
2026-03-04 21:38:06,732 - INFO - Epoch  15/50 | Train: 0.176415 | Val: 0.178791 | Corr: 0.126657 | LR: 5.00e-04
2026-03-04 21:38:06,758 - INFO -   ↳ Saved best model (val_corr=0.126657)
2026-03-04 21:38:11,450 - INFO - Epoch  16/50 | Train: 0.176114 | Val: 0.176884 | Corr: 0.128057 | LR: 5.00e-04
2026-03-04 21:38:11,467 - INFO -   ↳ Saved best model (val_corr=0.128057)
2026-03-04 21:38:16,268 - INFO - Epoch  17/50 | Train: 0.176003 | Val: 0.176892 | Corr: 0.128748 | LR: 5.00e-04
2026-03-04 21:38:16,285 - INFO -   ↳ Saved best model (val_corr=0.128748)
2026-03-04 21:38:21,161 - INFO - Epoch  18/50 | Train: 0.175765 | Val: 0.176877 | Corr: 0.128861 | LR: 5.00e-04
2026-03-04 21:38:21,175 - INFO -   ↳ Saved best model (val_corr=0.128861)
2026-03-04 21:38:25,946 - INFO - Epoch  19/50 | Train: 0.175656 | Val: 0.177067 | Corr: 0.131132 | LR: 5.00e-04
2026-03-04 21:38:25,977 - INFO -   ↳ Saved best model (val_corr=0.131132)
2026-03-04 21:38:30,763 - INFO - Epoch  20/50 | Train: 0.175449 | Val: 0.177794 | Corr: 0.131993 | LR: 2.50e-04
2026-03-04 21:38:30,785 - INFO -   ↳ Saved best model (val_corr=0.131993)
2026-03-04 21:38:35,527 - INFO - Epoch  21/50 | Train: 0.174907 | Val: 0.176507 | Corr: 0.131290 | LR: 2.50e-04
2026-03-04 21:38:40,300 - INFO - Epoch  22/50 | Train: 0.174654 | Val: 0.176634 | Corr: 0.131879 | LR: 2.50e-04
2026-03-04 21:38:45,085 - INFO - Epoch  23/50 | Train: 0.174626 | Val: 0.176616 | Corr: 0.131825 | LR: 2.50e-04
2026-03-04 21:38:49,873 - INFO - Epoch  24/50 | Train: 0.174471 | Val: 0.176809 | Corr: 0.131771 | LR: 2.50e-04
2026-03-04 21:38:54,628 - INFO - Epoch  25/50 | Train: 0.174428 | Val: 0.177302 | Corr: 0.131534 | LR: 2.50e-04
2026-03-04 21:38:59,361 - INFO - Epoch  26/50 | Train: 0.174282 | Val: 0.177016 | Corr: 0.131031 | LR: 2.50e-04
2026-03-04 21:39:04,006 - INFO - Epoch  27/50 | Train: 0.174220 | Val: 0.176394 | Corr: 0.132852 | LR: 2.50e-04
2026-03-04 21:39:04,025 - INFO -   ↳ Saved best model (val_corr=0.132852)
2026-03-04 21:39:08,685 - INFO - Epoch  28/50 | Train: 0.174162 | Val: 0.176659 | Corr: 0.133168 | LR: 2.50e-04
2026-03-04 21:39:08,700 - INFO -   ↳ Saved best model (val_corr=0.133168)
2026-03-04 21:39:13,316 - INFO - Epoch  29/50 | Train: 0.174112 | Val: 0.177159 | Corr: 0.131827 | LR: 2.50e-04
2026-03-04 21:39:17,931 - INFO - Epoch  30/50 | Train: 0.173975 | Val: 0.176515 | Corr: 0.133569 | LR: 2.50e-04
2026-03-04 21:39:17,944 - INFO -   ↳ Saved best model (val_corr=0.133569)
2026-03-04 21:39:22,532 - INFO - Epoch  31/50 | Train: 0.173970 | Val: 0.176693 | Corr: 0.132096 | LR: 2.50e-04
2026-03-04 21:39:27,129 - INFO - Epoch  32/50 | Train: 0.173835 | Val: 0.176963 | Corr: 0.133378 | LR: 2.50e-04
2026-03-04 21:39:31,574 - INFO - Epoch  33/50 | Train: 0.173868 | Val: 0.177360 | Corr: 0.133460 | LR: 1.25e-04
2026-03-04 21:39:36,203 - INFO - Epoch  34/50 | Train: 0.173471 | Val: 0.176749 | Corr: 0.133352 | LR: 1.25e-04
2026-03-04 21:39:40,752 - INFO - Epoch  35/50 | Train: 0.173405 | Val: 0.176565 | Corr: 0.133115 | LR: 1.25e-04
2026-03-04 21:39:45,398 - INFO - Epoch  36/50 | Train: 0.173387 | Val: 0.176490 | Corr: 0.133005 | LR: 1.25e-04
2026-03-04 21:39:50,073 - INFO - Epoch  37/50 | Train: 0.173264 | Val: 0.176579 | Corr: 0.133188 | LR: 1.25e-04
2026-03-04 21:39:54,856 - INFO - Epoch  38/50 | Train: 0.173286 | Val: 0.176682 | Corr: 0.132337 | LR: 1.25e-04
2026-03-04 21:39:59,657 - INFO - Epoch  39/50 | Train: 0.173217 | Val: 0.176531 | Corr: 0.133505 | LR: 6.25e-05
2026-03-04 21:40:04,406 - INFO - Epoch  40/50 | Train: 0.173021 | Val: 0.176667 | Corr: 0.133054 | LR: 6.25e-05
2026-03-04 21:40:04,406 - INFO - Early stopping at epoch 40
2026-03-04 21:40:04,406 - INFO - Training complete — best val corr: 0.133569
2026-03-04 21:40:05,666 - INFO - Test loss: 0.168681, Test corr: 0.133559
2026-03-04 21:40:05,986 - INFO - Fraction of variance explained (FVE): 0.019400
2026-03-04 21:40:05,986 - INFO - Generating figures …
2026-03-04 21:40:06,491 - INFO - Correlation between predicted and actual per-neuron averages: r=0.9881, p=0.00e+00
2026-03-04 21:40:08,187 - INFO - Pattern selectivity summary:
2026-03-04 21:40:08,188 - INFO -   Mean correlation across neurons: 0.4693
2026-03-04 21:40:08,188 - INFO -   Median correlation: 0.5109
2026-03-04 21:40:08,188 - INFO -   Neurons with r > 0.5: 35 / 63
2026-03-04 21:40:08,188 - INFO -   Neurons with r > 0.3: 51 / 63
2026-03-04 21:40:08,188 - INFO - Pattern selectivity — mean neuron corr: 0.4693
2026-03-04 21:40:09,664 - INFO - LOO (avg rate) — Model mean r: 0.2750, LOO mean r: 0.4546, Neurons model > LOO: 1/63
2026-03-04 21:40:11,959 - INFO - LOO (temporal) — Model mean r: 0.1345, LOO mean r: 0.3186, Neurons model > LOO: 0/63
2026-03-04 21:40:11,959 - INFO - Skipping oracle trial plots (skip_oracle_plots=True)
2026-03-04 21:40:11,970 - INFO - Experiment complete. Summary: {
  "run_dir": "/scratch/sb272/patterns5k_results/slurm_base_cnn_2026-03-04_16-53-19/trial_0087_learning_rate=5.0e-04_kernel_sizes=3x3x3_conv_channels=128x128x128_fc_dims=512_seed2",
  "model_type": "cnn",
  "batch_avg_test_loss": 0.1686808171272278,
  "batch_avg_test_corr": 0.13355899965799384,
  "all_test_fve": 0.0194000866678026,
  "AR_FVE": NaN,
  "AR_test_correlation": NaN,
  "best_val_corr": 0.13356916867212051,
  "total_params": 213951,
  "trainable_params": 213951,
  "epochs_trained": 40,
  "mean_pattern_corr": 0.46931222349123247,
  "history": 0,
  "init_state": true,
  "loo_avg_mean_corr": 0.45456832695830385,
  "model_avg_mean_corr": 0.27503278322768354,
  "neurons_model_beats_loo_avg": 1,
  "loo_temporal_mean_corr": 0.31855225563049316,
  "all_test_corr": 0.13445623219013214,
  "neurons_model_beats_loo_temporal": 0,
  "kernel_sizes": [
    3,
    3,
    3
  ],
  "conv_channels": [
    128,
    128,
    128
  ],
  "fc_dims": [
    512
  ]
}
