2026-02-26 04:42:39,572 - INFO - ============================================================
2026-02-26 04:42:39,572 - INFO - Experiment run directory: results/cache_cnn_sweep_2026-02-26_00-36-32/trial_0043_kernel_sizes=10_conv_channels=256_fc_dims=256
2026-02-26 04:42:39,572 - INFO - ============================================================
2026-02-26 04:42:39,572 - INFO - Using preloaded raw data (skipping I/O)
2026-02-26 04:42:39,572 - INFO - Stimulation channels: 42, Spiking neurons: 63
2026-02-26 04:42:39,572 - INFO - Unique patterns: 4050, Total trials: 5000
2026-02-26 04:42:39,585 - INFO - Split (oracle): train=3400, val=600, test=1000
2026-02-26 04:42:53,788 - INFO - BinnedStimSpikeDataset initialized:
2026-02-26 04:42:53,789 - INFO -   input_bin_size_ms=10, output_bin_size_ms=10
2026-02-26 04:42:53,789 - INFO -   n_input_bins=60, n_output_bins=60
2026-02-26 04:42:53,789 - INFO -   output_offset=0, total_bins_input=60, total_bins_output=60
2026-02-26 04:42:53,789 - INFO -   Valid start positions per trial: 0 to 0
2026-02-26 04:42:53,789 - INFO -   Total samples: 3400 (3400 trials × 1 positions)
2026-02-26 04:43:07,224 - INFO - BinnedStimSpikeDataset initialized:
2026-02-26 04:43:07,225 - INFO -   input_bin_size_ms=10, output_bin_size_ms=10
2026-02-26 04:43:07,225 - INFO -   n_input_bins=60, n_output_bins=60
2026-02-26 04:43:07,225 - INFO -   output_offset=0, total_bins_input=60, total_bins_output=60
2026-02-26 04:43:07,225 - INFO -   Valid start positions per trial: 0 to 0
2026-02-26 04:43:07,225 - INFO -   Total samples: 600 (600 trials × 1 positions)
2026-02-26 04:43:20,773 - INFO - BinnedStimSpikeDataset initialized:
2026-02-26 04:43:20,774 - INFO -   input_bin_size_ms=10, output_bin_size_ms=10
2026-02-26 04:43:20,774 - INFO -   n_input_bins=60, n_output_bins=60
2026-02-26 04:43:20,774 - INFO -   output_offset=0, total_bins_input=60, total_bins_output=60
2026-02-26 04:43:20,774 - INFO -   Valid start positions per trial: 0 to 0
2026-02-26 04:43:20,774 - INFO -   Total samples: 1000 (1000 trials × 1 positions)
2026-02-26 04:43:20,775 - INFO - Samples — train: 3400, val: 600, test: 1000
2026-02-26 04:43:20,775 - INFO - Input channels: 42, Neurons: 63
2026-02-26 04:43:20,775 - INFO - Using Apple Silicon MPS acceleration
2026-02-26 04:43:21,031 - INFO - Model: CACHE_CNN — 5,351,903 trainable params (5,351,903 total)
2026-02-26 04:43:21,031 - INFO - Starting training …
2026-02-26 04:43:33,422 - INFO - Epoch   1/50 | Train: 0.220765 | Val: 0.187242 | Corr: 0.172297 | LR: 1.00e-03
2026-02-26 04:43:33,607 - INFO -   ↳ Saved best model (val_corr=0.172297)
2026-02-26 04:43:45,850 - INFO - Epoch   2/50 | Train: 0.185743 | Val: 0.180107 | Corr: 0.219182 | LR: 1.00e-03
2026-02-26 04:43:45,956 - INFO -   ↳ Saved best model (val_corr=0.219182)
2026-02-26 04:43:58,181 - INFO - Epoch   3/50 | Train: 0.179499 | Val: 0.176703 | Corr: 0.245057 | LR: 1.00e-03
2026-02-26 04:43:58,329 - INFO -   ↳ Saved best model (val_corr=0.245057)
2026-02-26 04:44:10,518 - INFO - Epoch   4/50 | Train: 0.175451 | Val: 0.176181 | Corr: 0.258492 | LR: 1.00e-03
2026-02-26 04:44:10,687 - INFO -   ↳ Saved best model (val_corr=0.258492)
2026-02-26 04:44:30,760 - INFO - Epoch   5/50 | Train: 0.172387 | Val: 0.174522 | Corr: 0.265059 | LR: 1.00e-03
2026-02-26 04:44:30,867 - INFO -   ↳ Saved best model (val_corr=0.265059)
2026-02-26 04:44:55,808 - INFO - Epoch   6/50 | Train: 0.169624 | Val: 0.172912 | Corr: 0.268995 | LR: 1.00e-03
2026-02-26 04:44:55,887 - INFO -   ↳ Saved best model (val_corr=0.268995)
2026-02-26 04:45:13,498 - INFO - Epoch   7/50 | Train: 0.167046 | Val: 0.172580 | Corr: 0.272453 | LR: 1.00e-03
2026-02-26 04:45:13,582 - INFO -   ↳ Saved best model (val_corr=0.272453)
2026-02-26 04:45:29,464 - INFO - Epoch   8/50 | Train: 0.164616 | Val: 0.172020 | Corr: 0.273352 | LR: 1.00e-03
2026-02-26 04:45:29,554 - INFO -   ↳ Saved best model (val_corr=0.273352)
2026-02-26 04:45:44,799 - INFO - Epoch   9/50 | Train: 0.162509 | Val: 0.172316 | Corr: 0.275285 | LR: 1.00e-03
2026-02-26 04:45:44,963 - INFO -   ↳ Saved best model (val_corr=0.275285)
2026-02-26 04:45:59,959 - INFO - Epoch  10/50 | Train: 0.160334 | Val: 0.172130 | Corr: 0.275543 | LR: 1.00e-03
2026-02-26 04:46:00,051 - INFO -   ↳ Saved best model (val_corr=0.275543)
2026-02-26 04:46:15,405 - INFO - Epoch  11/50 | Train: 0.158287 | Val: 0.172666 | Corr: 0.274459 | LR: 1.00e-03
2026-02-26 04:46:30,873 - INFO - Epoch  12/50 | Train: 0.156619 | Val: 0.172563 | Corr: 0.273283 | LR: 1.00e-03
2026-02-26 04:46:46,031 - INFO - Epoch  13/50 | Train: 0.154743 | Val: 0.172972 | Corr: 0.272472 | LR: 1.00e-03
2026-02-26 04:47:01,124 - INFO - Epoch  14/50 | Train: 0.153287 | Val: 0.173361 | Corr: 0.270982 | LR: 5.00e-04
2026-02-26 04:47:16,208 - INFO - Epoch  15/50 | Train: 0.149863 | Val: 0.174135 | Corr: 0.269717 | LR: 5.00e-04
2026-02-26 04:47:31,357 - INFO - Epoch  16/50 | Train: 0.148239 | Val: 0.175370 | Corr: 0.268041 | LR: 5.00e-04
2026-02-26 04:47:46,439 - INFO - Epoch  17/50 | Train: 0.147392 | Val: 0.175569 | Corr: 0.266278 | LR: 5.00e-04
2026-02-26 04:48:01,492 - INFO - Epoch  18/50 | Train: 0.146378 | Val: 0.176141 | Corr: 0.264515 | LR: 5.00e-04
2026-02-26 04:48:16,608 - INFO - Epoch  19/50 | Train: 0.145558 | Val: 0.176500 | Corr: 0.263887 | LR: 5.00e-04
2026-02-26 04:48:31,889 - INFO - Epoch  20/50 | Train: 0.144676 | Val: 0.177303 | Corr: 0.261613 | LR: 2.50e-04
2026-02-26 04:48:31,889 - INFO - Early stopping at epoch 20
2026-02-26 04:48:31,889 - INFO - Training complete — best val corr: 0.275543
2026-02-26 04:48:33,505 - INFO - Test loss: 0.163794, Test corr: 0.265454
2026-02-26 04:48:34,797 - INFO - Fraction of variance explained (FVE): 0.082843
2026-02-26 04:48:34,797 - INFO - Generating figures …
2026-02-26 04:48:35,212 - INFO - Correlation between predicted and actual per-neuron averages: r=0.9829, p=1.58e-46
2026-02-26 04:48:35,438 - WARNING - Could not generate pattern selectivity plot: 'NoneType' object has no attribute 'shape'
2026-02-26 04:48:35,441 - WARNING - LOO baseline failed: 'NoneType' object has no attribute 'shape'
2026-02-26 04:48:35,441 - INFO - Skipping oracle trial plots (skip_oracle_plots=True)
2026-02-26 04:48:35,442 - INFO - Experiment complete. Summary: {
  "run_dir": "results/cache_cnn_sweep_2026-02-26_00-36-32/trial_0043_kernel_sizes=10_conv_channels=256_fc_dims=256",
  "model_type": "cache_cnn",
  "batch_avg_test_loss": 0.16379384112358092,
  "batch_avg_test_corr": 0.2654544313701329,
  "all_test_fve": 0.08284310783658709,
  "AR_FVE": NaN,
  "AR_test_correlation": NaN,
  "best_val_corr": 0.2755429247480942,
  "total_params": 5351903,
  "trainable_params": 5351903,
  "epochs_trained": 20,
  "mean_pattern_corr": NaN,
  "history": 0,
  "init_state": false,
  "kernel_sizes": [
    10
  ],
  "conv_channels": [
    256
  ],
  "fc_dims": [
    256
  ],
  "cache_size": 20,
  "cache_embed_dim": 32
}
2026-02-26 04:48:35,444 - INFO - 
======================================================================
2026-02-26 04:48:35,444 - INFO - [45/135] trial_0044_kernel_sizes=10_conv_channels=256_fc_dims=256
2026-02-26 04:48:35,444 - INFO -   Overrides: {"_arch": {"kernel_sizes": [10], "conv_channels": [256], "fc_dims": [256]}, "cache_size": 20, "cache_embed_dim": 64}
2026-02-26 04:48:35,444 - INFO -   Output: results/cache_cnn_sweep_2026-02-26_00-36-32/trial_0044_kernel_sizes=10_conv_channels=256_fc_dims=256
