2026-03-03 21:39:46,549 - INFO - ============================================================
2026-03-03 21:39:46,549 - INFO - Experiment run directory: /scratch/sb272/patterns5k_results/slurm_hist_cnn_2026-03-03_15-13-01/trial_0172_learning_rate=5.0e-04_history=20_kernel_sizes=10x3_conv_channels=256x128_fc_dims=256_seed1
2026-03-03 21:39:46,549 - INFO - ============================================================
2026-03-03 21:39:46,549 - INFO - Loading data …
2026-03-03 21:39:47,429 - INFO - 63 unique neurons after dropping problematic neurons
2026-03-03 21:39:48,320 - INFO - Stimulation channels: 42, Spiking neurons: 63
2026-03-03 21:40:58,083 - INFO - Unique patterns: 4050, Total trials: 5000
2026-03-03 21:40:58,100 - INFO - Stimulation channels: 42, Spiking neurons: 63
2026-03-03 21:40:58,100 - INFO - Unique patterns: 4050, Total trials: 5000
2026-03-03 21:40:58,112 - INFO - Split (oracle): train=3400, val=600, test=1000
2026-03-03 21:41:12,379 - INFO - BinnedStimSpikeDataset initialized:
2026-03-03 21:41:12,379 - INFO -   input_bin_size_ms=10, output_bin_size_ms=10
2026-03-03 21:41:12,379 - INFO -   n_input_bins=60, n_output_bins=60
2026-03-03 21:41:12,379 - INFO -   output_offset=0, total_bins_input=60, total_bins_output=60
2026-03-03 21:41:12,379 - INFO -   Valid start positions per trial: 0 to 0
2026-03-03 21:41:12,379 - INFO -   Total samples: 3400 (3400 trials × 1 positions)
2026-03-03 21:41:26,092 - INFO - BinnedStimSpikeDataset initialized:
2026-03-03 21:41:26,092 - INFO -   input_bin_size_ms=10, output_bin_size_ms=10
2026-03-03 21:41:26,092 - INFO -   n_input_bins=60, n_output_bins=60
2026-03-03 21:41:26,092 - INFO -   output_offset=0, total_bins_input=60, total_bins_output=60
2026-03-03 21:41:26,092 - INFO -   Valid start positions per trial: 0 to 0
2026-03-03 21:41:26,092 - INFO -   Total samples: 600 (600 trials × 1 positions)
2026-03-03 21:41:39,883 - INFO - BinnedStimSpikeDataset initialized:
2026-03-03 21:41:39,883 - INFO -   input_bin_size_ms=10, output_bin_size_ms=10
2026-03-03 21:41:39,883 - INFO -   n_input_bins=60, n_output_bins=60
2026-03-03 21:41:39,883 - INFO -   output_offset=0, total_bins_input=60, total_bins_output=60
2026-03-03 21:41:39,883 - INFO -   Valid start positions per trial: 0 to 0
2026-03-03 21:41:39,883 - INFO -   Total samples: 1000 (1000 trials × 1 positions)
2026-03-03 21:41:39,883 - INFO - Samples — train: 3400, val: 600, test: 1000
2026-03-03 21:41:39,883 - INFO - Input channels: 105, Neurons: 63
2026-03-03 21:41:39,893 - INFO - Using CPU
2026-03-03 21:41:39,911 - INFO - Model: CNN — 417,471 trainable params (417,471 total)
2026-03-03 21:41:44,384 - INFO - Starting training …
2026-03-03 21:41:50,079 - INFO - Epoch   1/50 | Train: 0.247200 | Val: 0.184867 | Corr: 0.070794 | LR: 5.00e-04
2026-03-03 21:41:50,096 - INFO -   ↳ Saved best model (val_corr=0.070794)
2026-03-03 21:41:55,055 - INFO - Epoch   2/50 | Train: 0.183858 | Val: 0.183468 | Corr: 0.082596 | LR: 5.00e-04
2026-03-03 21:41:55,068 - INFO -   ↳ Saved best model (val_corr=0.082596)
2026-03-03 21:42:00,056 - INFO - Epoch   3/50 | Train: 0.181053 | Val: 0.184355 | Corr: 0.090908 | LR: 5.00e-04
2026-03-03 21:42:00,071 - INFO -   ↳ Saved best model (val_corr=0.090908)
2026-03-03 21:42:05,085 - INFO - Epoch   4/50 | Train: 0.179091 | Val: 0.181114 | Corr: 0.099980 | LR: 5.00e-04
2026-03-03 21:42:05,101 - INFO -   ↳ Saved best model (val_corr=0.099980)
2026-03-03 21:42:10,156 - INFO - Epoch   5/50 | Train: 0.177548 | Val: 0.180851 | Corr: 0.102947 | LR: 5.00e-04
2026-03-03 21:42:10,169 - INFO -   ↳ Saved best model (val_corr=0.102947)
2026-03-03 21:42:15,318 - INFO - Epoch   6/50 | Train: 0.176169 | Val: 0.180249 | Corr: 0.108254 | LR: 5.00e-04
2026-03-03 21:42:15,333 - INFO -   ↳ Saved best model (val_corr=0.108254)
2026-03-03 21:42:20,490 - INFO - Epoch   7/50 | Train: 0.175118 | Val: 0.180723 | Corr: 0.110765 | LR: 5.00e-04
2026-03-03 21:42:20,506 - INFO -   ↳ Saved best model (val_corr=0.110765)
2026-03-03 21:42:25,625 - INFO - Epoch   8/50 | Train: 0.174123 | Val: 0.179826 | Corr: 0.114313 | LR: 5.00e-04
2026-03-03 21:42:25,640 - INFO -   ↳ Saved best model (val_corr=0.114313)
2026-03-03 21:42:30,755 - INFO - Epoch   9/50 | Train: 0.173194 | Val: 0.180574 | Corr: 0.117191 | LR: 5.00e-04
2026-03-03 21:42:30,769 - INFO -   ↳ Saved best model (val_corr=0.117191)
2026-03-03 21:42:35,714 - INFO - Epoch  10/50 | Train: 0.172263 | Val: 0.180625 | Corr: 0.115546 | LR: 5.00e-04
2026-03-03 21:42:40,848 - INFO - Epoch  11/50 | Train: 0.171572 | Val: 0.180285 | Corr: 0.120141 | LR: 5.00e-04
2026-03-03 21:42:40,863 - INFO -   ↳ Saved best model (val_corr=0.120141)
2026-03-03 21:42:45,927 - INFO - Epoch  12/50 | Train: 0.170741 | Val: 0.179067 | Corr: 0.120959 | LR: 5.00e-04
2026-03-03 21:42:45,947 - INFO -   ↳ Saved best model (val_corr=0.120959)
2026-03-03 21:42:51,069 - INFO - Epoch  13/50 | Train: 0.170034 | Val: 0.180645 | Corr: 0.121451 | LR: 5.00e-04
2026-03-03 21:42:51,119 - INFO -   ↳ Saved best model (val_corr=0.121451)
2026-03-03 21:42:56,204 - INFO - Epoch  14/50 | Train: 0.169377 | Val: 0.180572 | Corr: 0.121983 | LR: 5.00e-04
2026-03-03 21:42:56,224 - INFO -   ↳ Saved best model (val_corr=0.121983)
2026-03-03 21:43:01,321 - INFO - Epoch  15/50 | Train: 0.168711 | Val: 0.180851 | Corr: 0.124324 | LR: 5.00e-04
2026-03-03 21:43:01,339 - INFO -   ↳ Saved best model (val_corr=0.124324)
2026-03-03 21:43:06,453 - INFO - Epoch  16/50 | Train: 0.168147 | Val: 0.181446 | Corr: 0.123624 | LR: 5.00e-04
2026-03-03 21:43:11,542 - INFO - Epoch  17/50 | Train: 0.167474 | Val: 0.180147 | Corr: 0.122828 | LR: 5.00e-04
2026-03-03 21:43:16,680 - INFO - Epoch  18/50 | Train: 0.166972 | Val: 0.180841 | Corr: 0.124692 | LR: 2.50e-04
2026-03-03 21:43:16,697 - INFO -   ↳ Saved best model (val_corr=0.124692)
2026-03-03 21:43:21,773 - INFO - Epoch  19/50 | Train: 0.165300 | Val: 0.180360 | Corr: 0.124828 | LR: 2.50e-04
2026-03-03 21:43:21,791 - INFO -   ↳ Saved best model (val_corr=0.124828)
2026-03-03 21:43:26,971 - INFO - Epoch  20/50 | Train: 0.164617 | Val: 0.181144 | Corr: 0.126109 | LR: 2.50e-04
2026-03-03 21:43:26,991 - INFO -   ↳ Saved best model (val_corr=0.126109)
2026-03-03 21:43:32,127 - INFO - Epoch  21/50 | Train: 0.164290 | Val: 0.181244 | Corr: 0.125109 | LR: 2.50e-04
2026-03-03 21:43:37,251 - INFO - Epoch  22/50 | Train: 0.163940 | Val: 0.181306 | Corr: 0.124805 | LR: 2.50e-04
2026-03-03 21:43:42,357 - INFO - Epoch  23/50 | Train: 0.163721 | Val: 0.181176 | Corr: 0.124748 | LR: 2.50e-04
2026-03-03 21:43:47,453 - INFO - Epoch  24/50 | Train: 0.163437 | Val: 0.181674 | Corr: 0.126112 | LR: 1.25e-04
2026-03-03 21:43:47,469 - INFO -   ↳ Saved best model (val_corr=0.126112)
2026-03-03 21:43:52,619 - INFO - Epoch  25/50 | Train: 0.162520 | Val: 0.181539 | Corr: 0.125550 | LR: 1.25e-04
2026-03-03 21:43:57,722 - INFO - Epoch  26/50 | Train: 0.162280 | Val: 0.181550 | Corr: 0.124997 | LR: 1.25e-04
2026-03-03 21:44:02,841 - INFO - Epoch  27/50 | Train: 0.162124 | Val: 0.181749 | Corr: 0.124864 | LR: 1.25e-04
2026-03-03 21:44:07,932 - INFO - Epoch  28/50 | Train: 0.161896 | Val: 0.181631 | Corr: 0.125418 | LR: 1.25e-04
2026-03-03 21:44:13,052 - INFO - Epoch  29/50 | Train: 0.161831 | Val: 0.181734 | Corr: 0.124607 | LR: 1.25e-04
2026-03-03 21:44:18,146 - INFO - Epoch  30/50 | Train: 0.161562 | Val: 0.181997 | Corr: 0.125313 | LR: 6.25e-05
2026-03-03 21:44:23,260 - INFO - Epoch  31/50 | Train: 0.161215 | Val: 0.182096 | Corr: 0.125233 | LR: 6.25e-05
2026-03-03 21:44:28,358 - INFO - Epoch  32/50 | Train: 0.161117 | Val: 0.182033 | Corr: 0.124847 | LR: 6.25e-05
2026-03-03 21:44:33,498 - INFO - Epoch  33/50 | Train: 0.161020 | Val: 0.181981 | Corr: 0.124893 | LR: 6.25e-05
2026-03-03 21:44:38,628 - INFO - Epoch  34/50 | Train: 0.160918 | Val: 0.182020 | Corr: 0.125262 | LR: 6.25e-05
2026-03-03 21:44:38,628 - INFO - Early stopping at epoch 34
2026-03-03 21:44:38,628 - INFO - Training complete — best val corr: 0.126112
2026-03-03 21:44:39,775 - INFO - Test loss: 0.172626, Test corr: 0.119953
2026-03-03 21:44:40,245 - INFO - Fraction of variance explained (FVE): -0.000123
2026-03-03 21:44:40,245 - INFO - Computing autoregressive (AR) test predictions …
2026-03-03 21:44:40,837 - INFO - AR FVE: 0.001728, AR test corr: 0.117607
2026-03-03 21:44:40,837 - INFO - Generating figures …
2026-03-03 21:44:41,208 - INFO - Correlation between predicted and actual per-neuron averages: r=0.9930, p=0.00e+00
2026-03-03 21:44:42,781 - INFO - Pattern selectivity summary:
2026-03-03 21:44:42,781 - INFO -   Mean correlation across neurons: 0.4971
2026-03-03 21:44:42,781 - INFO -   Median correlation: 0.5506
2026-03-03 21:44:42,781 - INFO -   Neurons with r > 0.5: 35 / 63
2026-03-03 21:44:42,781 - INFO -   Neurons with r > 0.3: 52 / 63
2026-03-03 21:44:42,781 - INFO - Pattern selectivity — mean neuron corr: 0.4971
2026-03-03 21:44:44,118 - INFO - LOO (avg rate) — Model mean r: 0.3526, LOO mean r: 0.4546, Neurons model > LOO: 10/63
2026-03-03 21:44:45,808 - INFO - LOO (temporal) — Model mean r: 0.1263, LOO mean r: 0.3186, Neurons model > LOO: 1/63
2026-03-03 21:44:45,809 - INFO - Skipping oracle trial plots (skip_oracle_plots=True)
2026-03-03 21:44:45,816 - INFO - Experiment complete. Summary: {
  "run_dir": "/scratch/sb272/patterns5k_results/slurm_hist_cnn_2026-03-03_15-13-01/trial_0172_learning_rate=5.0e-04_history=20_kernel_sizes=10x3_conv_channels=256x128_fc_dims=256_seed1",
  "model_type": "cnn",
  "batch_avg_test_loss": 0.17262577843666077,
  "batch_avg_test_corr": 0.11995262156253542,
  "all_test_fve": -0.00012250646712288024,
  "AR_FVE": 0.0017276661736624582,
  "AR_test_correlation": 0.1176074668765068,
  "best_val_corr": 0.12611249649408557,
  "total_params": 417471,
  "trainable_params": 417471,
  "epochs_trained": 34,
  "mean_pattern_corr": 0.4971257047361795,
  "history": 20,
  "init_state": true,
  "loo_avg_mean_corr": 0.45456832695830385,
  "model_avg_mean_corr": 0.3526362133257462,
  "neurons_model_beats_loo_avg": 10,
  "loo_temporal_mean_corr": 0.31855225563049316,
  "all_test_corr": 0.12626279890537262,
  "neurons_model_beats_loo_temporal": 1,
  "kernel_sizes": [
    10,
    3
  ],
  "conv_channels": [
    256,
    128
  ],
  "fc_dims": [
    256
  ]
}
