2026-02-26 02:27:53,237 - INFO - ============================================================
2026-02-26 02:27:53,237 - INFO - Experiment run directory: results/cache_cnn_sweep_2026-02-26_00-36-32/trial_0021_kernel_sizes=5_conv_channels=256_fc_dims=256
2026-02-26 02:27:53,237 - INFO - ============================================================
2026-02-26 02:27:53,237 - INFO - Using preloaded raw data (skipping I/O)
2026-02-26 02:27:53,237 - INFO - Stimulation channels: 42, Spiking neurons: 63
2026-02-26 02:27:53,237 - INFO - Unique patterns: 4050, Total trials: 5000
2026-02-26 02:27:53,249 - INFO - Split (oracle): train=3400, val=600, test=1000
2026-02-26 02:28:07,558 - INFO - BinnedStimSpikeDataset initialized:
2026-02-26 02:28:07,559 - INFO -   input_bin_size_ms=10, output_bin_size_ms=10
2026-02-26 02:28:07,559 - INFO -   n_input_bins=60, n_output_bins=60
2026-02-26 02:28:07,559 - INFO -   output_offset=0, total_bins_input=60, total_bins_output=60
2026-02-26 02:28:07,559 - INFO -   Valid start positions per trial: 0 to 0
2026-02-26 02:28:07,559 - INFO -   Total samples: 3400 (3400 trials × 1 positions)
2026-02-26 02:28:21,028 - INFO - BinnedStimSpikeDataset initialized:
2026-02-26 02:28:21,029 - INFO -   input_bin_size_ms=10, output_bin_size_ms=10
2026-02-26 02:28:21,029 - INFO -   n_input_bins=60, n_output_bins=60
2026-02-26 02:28:21,029 - INFO -   output_offset=0, total_bins_input=60, total_bins_output=60
2026-02-26 02:28:21,029 - INFO -   Valid start positions per trial: 0 to 0
2026-02-26 02:28:21,029 - INFO -   Total samples: 600 (600 trials × 1 positions)
2026-02-26 02:28:34,565 - INFO - BinnedStimSpikeDataset initialized:
2026-02-26 02:28:34,565 - INFO -   input_bin_size_ms=10, output_bin_size_ms=10
2026-02-26 02:28:34,565 - INFO -   n_input_bins=60, n_output_bins=60
2026-02-26 02:28:34,565 - INFO -   output_offset=0, total_bins_input=60, total_bins_output=60
2026-02-26 02:28:34,565 - INFO -   Valid start positions per trial: 0 to 0
2026-02-26 02:28:34,565 - INFO -   Total samples: 1000 (1000 trials × 1 positions)
2026-02-26 02:28:34,565 - INFO - Samples — train: 3400, val: 600, test: 1000
2026-02-26 02:28:34,565 - INFO - Input channels: 42, Neurons: 63
2026-02-26 02:28:34,568 - INFO - Using Apple Silicon MPS acceleration
2026-02-26 02:28:34,595 - INFO - Model: CACHE_CNN — 781,679 trainable params (781,679 total)
2026-02-26 02:28:34,596 - INFO - Starting training …
2026-02-26 02:28:38,188 - INFO - Epoch   1/50 | Train: 0.217662 | Val: 0.183654 | Corr: 0.198112 | LR: 1.00e-03
2026-02-26 02:28:38,207 - INFO -   ↳ Saved best model (val_corr=0.198112)
2026-02-26 02:28:41,278 - INFO - Epoch   2/50 | Train: 0.183917 | Val: 0.178854 | Corr: 0.232939 | LR: 1.00e-03
2026-02-26 02:28:41,294 - INFO -   ↳ Saved best model (val_corr=0.232939)
2026-02-26 02:28:44,353 - INFO - Epoch   3/50 | Train: 0.179819 | Val: 0.176771 | Corr: 0.250845 | LR: 1.00e-03
2026-02-26 02:28:44,374 - INFO -   ↳ Saved best model (val_corr=0.250845)
2026-02-26 02:28:47,604 - INFO - Epoch   4/50 | Train: 0.177114 | Val: 0.174085 | Corr: 0.263168 | LR: 1.00e-03
2026-02-26 02:28:47,626 - INFO -   ↳ Saved best model (val_corr=0.263168)
2026-02-26 02:28:50,835 - INFO - Epoch   5/50 | Train: 0.174673 | Val: 0.172852 | Corr: 0.271994 | LR: 1.00e-03
2026-02-26 02:28:50,887 - INFO -   ↳ Saved best model (val_corr=0.271994)
2026-02-26 02:28:54,011 - INFO - Epoch   6/50 | Train: 0.172896 | Val: 0.171352 | Corr: 0.278524 | LR: 1.00e-03
2026-02-26 02:28:54,029 - INFO -   ↳ Saved best model (val_corr=0.278524)
2026-02-26 02:28:57,160 - INFO - Epoch   7/50 | Train: 0.171476 | Val: 0.171312 | Corr: 0.284158 | LR: 1.00e-03
2026-02-26 02:28:57,200 - INFO -   ↳ Saved best model (val_corr=0.284158)
2026-02-26 02:29:00,359 - INFO - Epoch   8/50 | Train: 0.170416 | Val: 0.169685 | Corr: 0.287151 | LR: 1.00e-03
2026-02-26 02:29:00,407 - INFO -   ↳ Saved best model (val_corr=0.287151)
2026-02-26 02:29:03,492 - INFO - Epoch   9/50 | Train: 0.169486 | Val: 0.169172 | Corr: 0.289531 | LR: 1.00e-03
2026-02-26 02:29:03,512 - INFO -   ↳ Saved best model (val_corr=0.289531)
2026-02-26 02:29:06,530 - INFO - Epoch  10/50 | Train: 0.168703 | Val: 0.169345 | Corr: 0.292677 | LR: 1.00e-03
2026-02-26 02:29:06,548 - INFO -   ↳ Saved best model (val_corr=0.292677)
2026-02-26 02:29:09,603 - INFO - Epoch  11/50 | Train: 0.167966 | Val: 0.168660 | Corr: 0.294392 | LR: 1.00e-03
2026-02-26 02:29:09,621 - INFO -   ↳ Saved best model (val_corr=0.294392)
2026-02-26 02:29:12,636 - INFO - Epoch  12/50 | Train: 0.167272 | Val: 0.168945 | Corr: 0.295946 | LR: 1.00e-03
2026-02-26 02:29:12,658 - INFO -   ↳ Saved best model (val_corr=0.295946)
2026-02-26 02:29:15,964 - INFO - Epoch  13/50 | Train: 0.166656 | Val: 0.167858 | Corr: 0.297086 | LR: 1.00e-03
2026-02-26 02:29:15,983 - INFO -   ↳ Saved best model (val_corr=0.297086)
2026-02-26 02:29:19,167 - INFO - Epoch  14/50 | Train: 0.166174 | Val: 0.167853 | Corr: 0.298478 | LR: 1.00e-03
2026-02-26 02:29:19,184 - INFO -   ↳ Saved best model (val_corr=0.298478)
2026-02-26 02:29:22,246 - INFO - Epoch  15/50 | Train: 0.165575 | Val: 0.167365 | Corr: 0.299827 | LR: 1.00e-03
2026-02-26 02:29:22,266 - INFO -   ↳ Saved best model (val_corr=0.299827)
2026-02-26 02:29:25,369 - INFO - Epoch  16/50 | Train: 0.165146 | Val: 0.167368 | Corr: 0.300653 | LR: 1.00e-03
2026-02-26 02:29:25,388 - INFO -   ↳ Saved best model (val_corr=0.300653)
2026-02-26 02:29:28,535 - INFO - Epoch  17/50 | Train: 0.164672 | Val: 0.167523 | Corr: 0.301180 | LR: 1.00e-03
2026-02-26 02:29:28,554 - INFO -   ↳ Saved best model (val_corr=0.301180)
2026-02-26 02:29:31,593 - INFO - Epoch  18/50 | Train: 0.164245 | Val: 0.167376 | Corr: 0.300998 | LR: 1.00e-03
2026-02-26 02:29:34,567 - INFO - Epoch  19/50 | Train: 0.163836 | Val: 0.167171 | Corr: 0.301701 | LR: 1.00e-03
2026-02-26 02:29:34,583 - INFO -   ↳ Saved best model (val_corr=0.301701)
2026-02-26 02:29:37,574 - INFO - Epoch  20/50 | Train: 0.163499 | Val: 0.167032 | Corr: 0.302827 | LR: 1.00e-03
2026-02-26 02:29:37,591 - INFO -   ↳ Saved best model (val_corr=0.302827)
2026-02-26 02:29:40,761 - INFO - Epoch  21/50 | Train: 0.163110 | Val: 0.166991 | Corr: 0.303058 | LR: 1.00e-03
2026-02-26 02:29:40,785 - INFO -   ↳ Saved best model (val_corr=0.303058)
2026-02-26 02:29:43,848 - INFO - Epoch  22/50 | Train: 0.162720 | Val: 0.167052 | Corr: 0.302815 | LR: 1.00e-03
2026-02-26 02:29:46,953 - INFO - Epoch  23/50 | Train: 0.162506 | Val: 0.167450 | Corr: 0.303110 | LR: 1.00e-03
2026-02-26 02:29:46,984 - INFO -   ↳ Saved best model (val_corr=0.303110)
2026-02-26 02:29:50,074 - INFO - Epoch  24/50 | Train: 0.162219 | Val: 0.167168 | Corr: 0.302951 | LR: 1.00e-03
2026-02-26 02:29:53,279 - INFO - Epoch  25/50 | Train: 0.161854 | Val: 0.167443 | Corr: 0.303143 | LR: 1.00e-03
2026-02-26 02:29:53,303 - INFO -   ↳ Saved best model (val_corr=0.303143)
2026-02-26 02:29:56,522 - INFO - Epoch  26/50 | Train: 0.161591 | Val: 0.167394 | Corr: 0.303394 | LR: 1.00e-03
2026-02-26 02:29:56,540 - INFO -   ↳ Saved best model (val_corr=0.303394)
2026-02-26 02:29:59,662 - INFO - Epoch  27/50 | Train: 0.161353 | Val: 0.167059 | Corr: 0.303374 | LR: 5.00e-04
2026-02-26 02:30:02,656 - INFO - Epoch  28/50 | Train: 0.160207 | Val: 0.166915 | Corr: 0.304471 | LR: 5.00e-04
2026-02-26 02:30:02,677 - INFO -   ↳ Saved best model (val_corr=0.304471)
2026-02-26 02:30:05,818 - INFO - Epoch  29/50 | Train: 0.159849 | Val: 0.166938 | Corr: 0.304749 | LR: 5.00e-04
2026-02-26 02:30:05,867 - INFO -   ↳ Saved best model (val_corr=0.304749)
2026-02-26 02:30:08,853 - INFO - Epoch  30/50 | Train: 0.159677 | Val: 0.166932 | Corr: 0.304511 | LR: 5.00e-04
2026-02-26 02:30:11,820 - INFO - Epoch  31/50 | Train: 0.159562 | Val: 0.166974 | Corr: 0.304508 | LR: 5.00e-04
2026-02-26 02:30:14,807 - INFO - Epoch  32/50 | Train: 0.159260 | Val: 0.167019 | Corr: 0.304538 | LR: 5.00e-04
2026-02-26 02:30:17,875 - INFO - Epoch  33/50 | Train: 0.159259 | Val: 0.166992 | Corr: 0.304627 | LR: 5.00e-04
2026-02-26 02:30:21,021 - INFO - Epoch  34/50 | Train: 0.159030 | Val: 0.167214 | Corr: 0.304667 | LR: 2.50e-04
2026-02-26 02:30:24,184 - INFO - Epoch  35/50 | Train: 0.158406 | Val: 0.167139 | Corr: 0.304903 | LR: 2.50e-04
2026-02-26 02:30:24,206 - INFO -   ↳ Saved best model (val_corr=0.304903)
2026-02-26 02:30:27,233 - INFO - Epoch  36/50 | Train: 0.158233 | Val: 0.167365 | Corr: 0.304993 | LR: 2.50e-04
2026-02-26 02:30:27,276 - INFO -   ↳ Saved best model (val_corr=0.304993)
2026-02-26 02:30:30,336 - INFO - Epoch  37/50 | Train: 0.158197 | Val: 0.167087 | Corr: 0.304960 | LR: 2.50e-04
2026-02-26 02:30:33,479 - INFO - Epoch  38/50 | Train: 0.158100 | Val: 0.167232 | Corr: 0.304717 | LR: 2.50e-04
2026-02-26 02:30:36,827 - INFO - Epoch  39/50 | Train: 0.157983 | Val: 0.167167 | Corr: 0.304530 | LR: 2.50e-04
2026-02-26 02:30:39,882 - INFO - Epoch  40/50 | Train: 0.157924 | Val: 0.167292 | Corr: 0.304583 | LR: 1.25e-04
2026-02-26 02:30:42,877 - INFO - Epoch  41/50 | Train: 0.157631 | Val: 0.167216 | Corr: 0.304637 | LR: 1.25e-04
2026-02-26 02:30:45,897 - INFO - Epoch  42/50 | Train: 0.157542 | Val: 0.167203 | Corr: 0.304711 | LR: 1.25e-04
2026-02-26 02:30:49,008 - INFO - Epoch  43/50 | Train: 0.157471 | Val: 0.167248 | Corr: 0.304664 | LR: 1.25e-04
2026-02-26 02:30:51,945 - INFO - Epoch  44/50 | Train: 0.157410 | Val: 0.167218 | Corr: 0.304763 | LR: 1.25e-04
2026-02-26 02:30:55,057 - INFO - Epoch  45/50 | Train: 0.157328 | Val: 0.167259 | Corr: 0.304576 | LR: 1.25e-04
2026-02-26 02:30:58,113 - INFO - Epoch  46/50 | Train: 0.157330 | Val: 0.167272 | Corr: 0.304510 | LR: 6.25e-05
2026-02-26 02:30:58,113 - INFO - Early stopping at epoch 46
2026-02-26 02:30:58,113 - INFO - Training complete — best val corr: 0.304993
2026-02-26 02:30:58,787 - INFO - Test loss: 0.159249, Test corr: 0.298485
2026-02-26 02:30:59,069 - INFO - Fraction of variance explained (FVE): 0.101254
2026-02-26 02:30:59,069 - INFO - Generating figures …
2026-02-26 02:30:59,279 - INFO - Correlation between predicted and actual per-neuron averages: r=0.9951, p=5.67e-63
2026-02-26 02:30:59,490 - WARNING - Could not generate pattern selectivity plot: 'NoneType' object has no attribute 'shape'
2026-02-26 02:30:59,498 - WARNING - LOO baseline failed: 'NoneType' object has no attribute 'shape'
2026-02-26 02:30:59,498 - INFO - Skipping oracle trial plots (skip_oracle_plots=True)
2026-02-26 02:30:59,499 - INFO - Experiment complete. Summary: {
  "run_dir": "results/cache_cnn_sweep_2026-02-26_00-36-32/trial_0021_kernel_sizes=5_conv_channels=256_fc_dims=256",
  "model_type": "cache_cnn",
  "batch_avg_test_loss": 0.15924947822093963,
  "batch_avg_test_corr": 0.2984851593948163,
  "all_test_fve": 0.1012537952453371,
  "AR_FVE": NaN,
  "AR_test_correlation": NaN,
  "best_val_corr": 0.3049928928708459,
  "total_params": 781679,
  "trainable_params": 781679,
  "epochs_trained": 46,
  "mean_pattern_corr": NaN,
  "history": 0,
  "init_state": false,
  "kernel_sizes": [
    5
  ],
  "conv_channels": [
    256
  ],
  "fc_dims": [
    256
  ],
  "cache_size": 5,
  "cache_embed_dim": 8
}
2026-02-26 02:30:59,502 - INFO - 
======================================================================
2026-02-26 02:30:59,502 - INFO - [23/135] trial_0022_kernel_sizes=5_conv_channels=256_fc_dims=256
2026-02-26 02:30:59,502 - INFO -   Overrides: {"_arch": {"kernel_sizes": [5], "conv_channels": [256], "fc_dims": [256]}, "cache_size": 5, "cache_embed_dim": 32}
2026-02-26 02:30:59,502 - INFO -   Output: results/cache_cnn_sweep_2026-02-26_00-36-32/trial_0022_kernel_sizes=5_conv_channels=256_fc_dims=256
