2026-03-06 00:52:34,140 - INFO - ============================================================
2026-03-06 00:52:34,140 - INFO - Experiment run directory: /scratch/sb272/patterns5k_results/slurm_hist_cnn_2026-03-05_16-01-45/trial_0442_learning_rate=5.0e-04_history=20_kernel_sizes=3x3x3_conv_channels=32x64x128_fc_dims=256_seed1
2026-03-06 00:52:34,140 - INFO - ============================================================
2026-03-06 00:52:34,140 - INFO - Loading data …
2026-03-06 00:52:34,994 - INFO - 63 unique neurons after dropping problematic neurons
2026-03-06 00:52:36,114 - INFO - Stimulation channels: 42, Spiking neurons: 63
2026-03-06 00:54:29,905 - INFO - Unique patterns: 4050, Total trials: 5000
2026-03-06 00:54:29,907 - INFO - Stimulation channels: 42, Spiking neurons: 63
2026-03-06 00:54:29,907 - INFO - Unique patterns: 4050, Total trials: 5000
2026-03-06 00:54:29,922 - INFO - Split (oracle): train=3400, val=600, test=1000
2026-03-06 00:54:52,464 - INFO - BinnedStimSpikeDataset initialized:
2026-03-06 00:54:52,464 - INFO -   input_bin_size_ms=10, output_bin_size_ms=10
2026-03-06 00:54:52,465 - INFO -   n_input_bins=60, n_output_bins=60
2026-03-06 00:54:52,465 - INFO -   output_offset=0, total_bins_input=60, total_bins_output=60
2026-03-06 00:54:52,465 - INFO -   Valid start positions per trial: 0 to 0
2026-03-06 00:54:52,465 - INFO -   Total samples: 3400 (3400 trials × 1 positions)
2026-03-06 00:55:14,404 - INFO - BinnedStimSpikeDataset initialized:
2026-03-06 00:55:14,404 - INFO -   input_bin_size_ms=10, output_bin_size_ms=10
2026-03-06 00:55:14,404 - INFO -   n_input_bins=60, n_output_bins=60
2026-03-06 00:55:14,404 - INFO -   output_offset=0, total_bins_input=60, total_bins_output=60
2026-03-06 00:55:14,404 - INFO -   Valid start positions per trial: 0 to 0
2026-03-06 00:55:14,404 - INFO -   Total samples: 600 (600 trials × 1 positions)
2026-03-06 00:55:36,470 - INFO - BinnedStimSpikeDataset initialized:
2026-03-06 00:55:36,470 - INFO -   input_bin_size_ms=10, output_bin_size_ms=10
2026-03-06 00:55:36,470 - INFO -   n_input_bins=60, n_output_bins=60
2026-03-06 00:55:36,470 - INFO -   output_offset=0, total_bins_input=60, total_bins_output=60
2026-03-06 00:55:36,470 - INFO -   Valid start positions per trial: 0 to 0
2026-03-06 00:55:36,470 - INFO -   Total samples: 1000 (1000 trials × 1 positions)
2026-03-06 00:55:36,471 - INFO - Samples — train: 3400, val: 600, test: 1000
2026-03-06 00:55:36,471 - INFO - Input channels: 105, Neurons: 63
2026-03-06 00:55:36,476 - INFO - Using CPU
2026-03-06 00:55:36,492 - INFO - Model: CNN — 90,687 trainable params (90,687 total)
2026-03-06 00:55:40,051 - INFO - Starting training …
2026-03-06 00:55:44,519 - INFO - Epoch   1/50 | Train: 0.245129 | Val: 0.186518 | Corr: 0.067146 | LR: 5.00e-04
2026-03-06 00:55:44,531 - INFO -   ↳ Saved best model (val_corr=0.067146)
2026-03-06 00:55:48,191 - INFO - Epoch   2/50 | Train: 0.185850 | Val: 0.184586 | Corr: 0.076358 | LR: 5.00e-04
2026-03-06 00:55:48,201 - INFO -   ↳ Saved best model (val_corr=0.076358)
2026-03-06 00:55:51,761 - INFO - Epoch   3/50 | Train: 0.184353 | Val: 0.182613 | Corr: 0.081960 | LR: 5.00e-04
2026-03-06 00:55:51,770 - INFO -   ↳ Saved best model (val_corr=0.081960)
2026-03-06 00:55:55,380 - INFO - Epoch   4/50 | Train: 0.183317 | Val: 0.181668 | Corr: 0.088074 | LR: 5.00e-04
2026-03-06 00:55:55,389 - INFO -   ↳ Saved best model (val_corr=0.088074)
2026-03-06 00:55:58,998 - INFO - Epoch   5/50 | Train: 0.182504 | Val: 0.181591 | Corr: 0.091806 | LR: 5.00e-04
2026-03-06 00:55:59,011 - INFO -   ↳ Saved best model (val_corr=0.091806)
2026-03-06 00:56:02,579 - INFO - Epoch   6/50 | Train: 0.181982 | Val: 0.181001 | Corr: 0.094233 | LR: 5.00e-04
2026-03-06 00:56:02,588 - INFO -   ↳ Saved best model (val_corr=0.094233)
2026-03-06 00:56:06,208 - INFO - Epoch   7/50 | Train: 0.181368 | Val: 0.180487 | Corr: 0.098003 | LR: 5.00e-04
2026-03-06 00:56:06,217 - INFO -   ↳ Saved best model (val_corr=0.098003)
2026-03-06 00:56:09,822 - INFO - Epoch   8/50 | Train: 0.180920 | Val: 0.180510 | Corr: 0.103142 | LR: 5.00e-04
2026-03-06 00:56:09,831 - INFO -   ↳ Saved best model (val_corr=0.103142)
2026-03-06 00:56:13,444 - INFO - Epoch   9/50 | Train: 0.180549 | Val: 0.180520 | Corr: 0.106645 | LR: 5.00e-04
2026-03-06 00:56:13,456 - INFO -   ↳ Saved best model (val_corr=0.106645)
2026-03-06 00:56:16,939 - INFO - Epoch  10/50 | Train: 0.180117 | Val: 0.179501 | Corr: 0.108551 | LR: 5.00e-04
2026-03-06 00:56:16,954 - INFO -   ↳ Saved best model (val_corr=0.108551)
2026-03-06 00:56:20,467 - INFO - Epoch  11/50 | Train: 0.179875 | Val: 0.179351 | Corr: 0.111649 | LR: 5.00e-04
2026-03-06 00:56:20,476 - INFO -   ↳ Saved best model (val_corr=0.111649)
2026-03-06 00:56:23,964 - INFO - Epoch  12/50 | Train: 0.179507 | Val: 0.179485 | Corr: 0.114716 | LR: 5.00e-04
2026-03-06 00:56:23,974 - INFO -   ↳ Saved best model (val_corr=0.114716)
2026-03-06 00:56:27,466 - INFO - Epoch  13/50 | Train: 0.179193 | Val: 0.178926 | Corr: 0.116097 | LR: 5.00e-04
2026-03-06 00:56:27,481 - INFO -   ↳ Saved best model (val_corr=0.116097)
2026-03-06 00:56:30,997 - INFO - Epoch  14/50 | Train: 0.178922 | Val: 0.179273 | Corr: 0.120379 | LR: 5.00e-04
2026-03-06 00:56:31,004 - INFO -   ↳ Saved best model (val_corr=0.120379)
2026-03-06 00:56:34,533 - INFO - Epoch  15/50 | Train: 0.178680 | Val: 0.178175 | Corr: 0.121889 | LR: 5.00e-04
2026-03-06 00:56:34,543 - INFO -   ↳ Saved best model (val_corr=0.121889)
2026-03-06 00:56:38,084 - INFO - Epoch  16/50 | Train: 0.178520 | Val: 0.179459 | Corr: 0.125058 | LR: 5.00e-04
2026-03-06 00:56:38,093 - INFO -   ↳ Saved best model (val_corr=0.125058)
2026-03-06 00:56:41,624 - INFO - Epoch  17/50 | Train: 0.178397 | Val: 0.178206 | Corr: 0.125146 | LR: 5.00e-04
2026-03-06 00:56:41,633 - INFO -   ↳ Saved best model (val_corr=0.125146)
2026-03-06 00:56:45,161 - INFO - Epoch  18/50 | Train: 0.178058 | Val: 0.178597 | Corr: 0.127222 | LR: 5.00e-04
2026-03-06 00:56:45,173 - INFO -   ↳ Saved best model (val_corr=0.127222)
2026-03-06 00:56:48,705 - INFO - Epoch  19/50 | Train: 0.177916 | Val: 0.178925 | Corr: 0.125835 | LR: 5.00e-04
2026-03-06 00:56:52,302 - INFO - Epoch  20/50 | Train: 0.177671 | Val: 0.177554 | Corr: 0.129427 | LR: 5.00e-04
2026-03-06 00:56:52,313 - INFO -   ↳ Saved best model (val_corr=0.129427)
2026-03-06 00:56:55,874 - INFO - Epoch  21/50 | Train: 0.177587 | Val: 0.177466 | Corr: 0.131268 | LR: 5.00e-04
2026-03-06 00:56:55,882 - INFO -   ↳ Saved best model (val_corr=0.131268)
2026-03-06 00:56:59,442 - INFO - Epoch  22/50 | Train: 0.177378 | Val: 0.177794 | Corr: 0.132023 | LR: 5.00e-04
2026-03-06 00:56:59,452 - INFO -   ↳ Saved best model (val_corr=0.132023)
2026-03-06 00:57:03,012 - INFO - Epoch  23/50 | Train: 0.177298 | Val: 0.177288 | Corr: 0.132715 | LR: 5.00e-04
2026-03-06 00:57:03,021 - INFO -   ↳ Saved best model (val_corr=0.132715)
2026-03-06 00:57:06,589 - INFO - Epoch  24/50 | Train: 0.177189 | Val: 0.178102 | Corr: 0.133784 | LR: 5.00e-04
2026-03-06 00:57:06,600 - INFO -   ↳ Saved best model (val_corr=0.133784)
2026-03-06 00:57:10,154 - INFO - Epoch  25/50 | Train: 0.176990 | Val: 0.177151 | Corr: 0.134383 | LR: 5.00e-04
2026-03-06 00:57:10,164 - INFO -   ↳ Saved best model (val_corr=0.134383)
2026-03-06 00:57:13,717 - INFO - Epoch  26/50 | Train: 0.176945 | Val: 0.177055 | Corr: 0.134608 | LR: 5.00e-04
2026-03-06 00:57:13,730 - INFO -   ↳ Saved best model (val_corr=0.134608)
2026-03-06 00:57:17,287 - INFO - Epoch  27/50 | Train: 0.176865 | Val: 0.177061 | Corr: 0.135578 | LR: 5.00e-04
2026-03-06 00:57:17,296 - INFO -   ↳ Saved best model (val_corr=0.135578)
2026-03-06 00:57:20,867 - INFO - Epoch  28/50 | Train: 0.176786 | Val: 0.177157 | Corr: 0.136843 | LR: 5.00e-04
2026-03-06 00:57:20,877 - INFO -   ↳ Saved best model (val_corr=0.136843)
2026-03-06 00:57:24,404 - INFO - Epoch  29/50 | Train: 0.176651 | Val: 0.176754 | Corr: 0.137491 | LR: 5.00e-04
2026-03-06 00:57:24,415 - INFO -   ↳ Saved best model (val_corr=0.137491)
2026-03-06 00:57:27,960 - INFO - Epoch  30/50 | Train: 0.176571 | Val: 0.177266 | Corr: 0.137493 | LR: 5.00e-04
2026-03-06 00:57:27,969 - INFO -   ↳ Saved best model (val_corr=0.137493)
2026-03-06 00:57:31,524 - INFO - Epoch  31/50 | Train: 0.176515 | Val: 0.177103 | Corr: 0.138308 | LR: 5.00e-04
2026-03-06 00:57:31,537 - INFO -   ↳ Saved best model (val_corr=0.138308)
2026-03-06 00:57:35,054 - INFO - Epoch  32/50 | Train: 0.176436 | Val: 0.176738 | Corr: 0.139301 | LR: 5.00e-04
2026-03-06 00:57:35,063 - INFO -   ↳ Saved best model (val_corr=0.139301)
2026-03-06 00:57:38,591 - INFO - Epoch  33/50 | Train: 0.176367 | Val: 0.176715 | Corr: 0.139245 | LR: 5.00e-04
2026-03-06 00:57:42,101 - INFO - Epoch  34/50 | Train: 0.176268 | Val: 0.177079 | Corr: 0.140094 | LR: 5.00e-04
2026-03-06 00:57:42,113 - INFO -   ↳ Saved best model (val_corr=0.140094)
2026-03-06 00:57:45,626 - INFO - Epoch  35/50 | Train: 0.176234 | Val: 0.176978 | Corr: 0.140222 | LR: 5.00e-04
2026-03-06 00:57:45,649 - INFO -   ↳ Saved best model (val_corr=0.140222)
2026-03-06 00:57:49,203 - INFO - Epoch  36/50 | Train: 0.176155 | Val: 0.176636 | Corr: 0.140798 | LR: 5.00e-04
2026-03-06 00:57:49,214 - INFO -   ↳ Saved best model (val_corr=0.140798)
2026-03-06 00:57:52,745 - INFO - Epoch  37/50 | Train: 0.176129 | Val: 0.176590 | Corr: 0.141538 | LR: 5.00e-04
2026-03-06 00:57:52,760 - INFO -   ↳ Saved best model (val_corr=0.141538)
2026-03-06 00:57:56,278 - INFO - Epoch  38/50 | Train: 0.176005 | Val: 0.176423 | Corr: 0.141289 | LR: 5.00e-04
2026-03-06 00:57:59,799 - INFO - Epoch  39/50 | Train: 0.175947 | Val: 0.176513 | Corr: 0.141123 | LR: 5.00e-04
2026-03-06 00:58:03,328 - INFO - Epoch  40/50 | Train: 0.175935 | Val: 0.176475 | Corr: 0.141715 | LR: 5.00e-04
2026-03-06 00:58:03,337 - INFO -   ↳ Saved best model (val_corr=0.141715)
2026-03-06 00:58:06,788 - INFO - Epoch  41/50 | Train: 0.175895 | Val: 0.176520 | Corr: 0.141270 | LR: 5.00e-04
2026-03-06 00:58:10,235 - INFO - Epoch  42/50 | Train: 0.175867 | Val: 0.176427 | Corr: 0.142799 | LR: 5.00e-04
2026-03-06 00:58:10,246 - INFO -   ↳ Saved best model (val_corr=0.142799)
2026-03-06 00:58:13,702 - INFO - Epoch  43/50 | Train: 0.175715 | Val: 0.176339 | Corr: 0.142487 | LR: 5.00e-04
2026-03-06 00:58:17,147 - INFO - Epoch  44/50 | Train: 0.175788 | Val: 0.176307 | Corr: 0.142327 | LR: 5.00e-04
2026-03-06 00:58:20,684 - INFO - Epoch  45/50 | Train: 0.175797 | Val: 0.176651 | Corr: 0.142689 | LR: 5.00e-04
2026-03-06 00:58:24,226 - INFO - Epoch  46/50 | Train: 0.175776 | Val: 0.176249 | Corr: 0.142913 | LR: 5.00e-04
2026-03-06 00:58:24,237 - INFO -   ↳ Saved best model (val_corr=0.142913)
2026-03-06 00:58:27,756 - INFO - Epoch  47/50 | Train: 0.175579 | Val: 0.176238 | Corr: 0.143422 | LR: 5.00e-04
2026-03-06 00:58:27,768 - INFO -   ↳ Saved best model (val_corr=0.143422)
2026-03-06 00:58:31,295 - INFO - Epoch  48/50 | Train: 0.175494 | Val: 0.176362 | Corr: 0.143350 | LR: 5.00e-04
2026-03-06 00:58:34,826 - INFO - Epoch  49/50 | Train: 0.175508 | Val: 0.176205 | Corr: 0.143753 | LR: 5.00e-04
2026-03-06 00:58:34,837 - INFO -   ↳ Saved best model (val_corr=0.143753)
2026-03-06 00:58:38,366 - INFO - Epoch  50/50 | Train: 0.175462 | Val: 0.176787 | Corr: 0.144280 | LR: 5.00e-04
2026-03-06 00:58:38,377 - INFO -   ↳ Saved best model (val_corr=0.144280)
2026-03-06 00:58:38,377 - INFO - Training complete — best val corr: 0.144280
2026-03-06 00:58:39,626 - INFO - Test loss: 0.168501, Test corr: 0.133133
2026-03-06 00:58:39,890 - INFO - Fraction of variance explained (FVE): 0.020671
2026-03-06 00:58:39,890 - INFO - Computing autoregressive (AR) test predictions …
2026-03-06 00:58:40,335 - INFO - AR FVE: 0.019364, AR test corr: 0.128782
2026-03-06 00:58:40,335 - INFO - Generating figures …
2026-03-06 00:58:40,797 - INFO - Correlation between predicted and actual per-neuron averages: r=0.9906, p=0.00e+00
2026-03-06 00:58:42,507 - INFO - Pattern selectivity summary:
2026-03-06 00:58:42,507 - INFO -   Mean correlation across neurons: 0.4843
2026-03-06 00:58:42,507 - INFO -   Median correlation: 0.5169
2026-03-06 00:58:42,507 - INFO -   Neurons with r > 0.5: 35 / 63
2026-03-06 00:58:42,507 - INFO -   Neurons with r > 0.3: 54 / 63
2026-03-06 00:58:42,508 - INFO - Pattern selectivity — mean neuron corr: 0.4843
2026-03-06 00:58:43,830 - INFO - LOO (avg rate) — Model mean r: 0.3425, LOO mean r: 0.4546, Neurons model > LOO: 9/63
2026-03-06 00:58:45,722 - INFO - LOO (temporal) — Model mean r: 0.1381, LOO mean r: 0.3186, Neurons model > LOO: 1/63
2026-03-06 00:58:45,723 - INFO - Skipping oracle trial plots (skip_oracle_plots=True)
2026-03-06 00:58:45,729 - INFO - Experiment complete. Summary: {
  "run_dir": "/scratch/sb272/patterns5k_results/slurm_hist_cnn_2026-03-05_16-01-45/trial_0442_learning_rate=5.0e-04_history=20_kernel_sizes=3x3x3_conv_channels=32x64x128_fc_dims=256_seed1",
  "model_type": "cnn",
  "batch_avg_test_loss": 0.16850054728984834,
  "batch_avg_test_corr": 0.13313293070456395,
  "all_test_fve": 0.02067111881952437,
  "AR_FVE": 0.019364469581180148,
  "AR_test_correlation": 0.12878228724002838,
  "best_val_corr": 0.14428022540863522,
  "total_params": 90687,
  "trainable_params": 90687,
  "epochs_trained": 50,
  "mean_pattern_corr": 0.48431305482798065,
  "history": 20,
  "init_state": true,
  "loo_avg_mean_corr": 0.45456832695830385,
  "model_avg_mean_corr": 0.34249423561896986,
  "neurons_model_beats_loo_avg": 9,
  "loo_temporal_mean_corr": 0.31855225563049316,
  "all_test_corr": 0.1381368637084961,
  "neurons_model_beats_loo_temporal": 1,
  "kernel_sizes": [
    3,
    3,
    3
  ],
  "conv_channels": [
    32,
    64,
    128
  ],
  "fc_dims": [
    256
  ]
}
