2026-02-26 02:56:55,479 - INFO - ============================================================
2026-02-26 02:56:55,480 - INFO - Experiment run directory: results/cache_cnn_sweep_2026-02-26_00-36-32/trial_0027_kernel_sizes=5_conv_channels=256_fc_dims=256
2026-02-26 02:56:55,480 - INFO - ============================================================
2026-02-26 02:56:55,480 - INFO - Using preloaded raw data (skipping I/O)
2026-02-26 02:56:55,480 - INFO - Stimulation channels: 42, Spiking neurons: 63
2026-02-26 02:56:55,480 - INFO - Unique patterns: 4050, Total trials: 5000
2026-02-26 02:56:55,493 - INFO - Split (oracle): train=3400, val=600, test=1000
2026-02-26 02:57:09,772 - INFO - BinnedStimSpikeDataset initialized:
2026-02-26 02:57:09,773 - INFO -   input_bin_size_ms=10, output_bin_size_ms=10
2026-02-26 02:57:09,773 - INFO -   n_input_bins=60, n_output_bins=60
2026-02-26 02:57:09,773 - INFO -   output_offset=0, total_bins_input=60, total_bins_output=60
2026-02-26 02:57:09,773 - INFO -   Valid start positions per trial: 0 to 0
2026-02-26 02:57:09,773 - INFO -   Total samples: 3400 (3400 trials × 1 positions)
2026-02-26 02:57:23,195 - INFO - BinnedStimSpikeDataset initialized:
2026-02-26 02:57:23,196 - INFO -   input_bin_size_ms=10, output_bin_size_ms=10
2026-02-26 02:57:23,196 - INFO -   n_input_bins=60, n_output_bins=60
2026-02-26 02:57:23,196 - INFO -   output_offset=0, total_bins_input=60, total_bins_output=60
2026-02-26 02:57:23,196 - INFO -   Valid start positions per trial: 0 to 0
2026-02-26 02:57:23,196 - INFO -   Total samples: 600 (600 trials × 1 positions)
2026-02-26 02:57:36,728 - INFO - BinnedStimSpikeDataset initialized:
2026-02-26 02:57:36,729 - INFO -   input_bin_size_ms=10, output_bin_size_ms=10
2026-02-26 02:57:36,729 - INFO -   n_input_bins=60, n_output_bins=60
2026-02-26 02:57:36,729 - INFO -   output_offset=0, total_bins_input=60, total_bins_output=60
2026-02-26 02:57:36,729 - INFO -   Valid start positions per trial: 0 to 0
2026-02-26 02:57:36,729 - INFO -   Total samples: 1000 (1000 trials × 1 positions)
2026-02-26 02:57:36,729 - INFO - Samples — train: 3400, val: 600, test: 1000
2026-02-26 02:57:36,729 - INFO - Input channels: 42, Neurons: 63
2026-02-26 02:57:36,729 - INFO - Using Apple Silicon MPS acceleration
2026-02-26 02:57:36,756 - INFO - Model: CACHE_CNN — 781,799 trainable params (781,799 total)
2026-02-26 02:57:36,756 - INFO - Starting training …
2026-02-26 02:57:39,884 - INFO - Epoch   1/50 | Train: 0.221235 | Val: 0.184631 | Corr: 0.188741 | LR: 1.00e-03
2026-02-26 02:57:39,906 - INFO -   ↳ Saved best model (val_corr=0.188741)
2026-02-26 02:57:43,154 - INFO - Epoch   2/50 | Train: 0.184239 | Val: 0.179892 | Corr: 0.232611 | LR: 1.00e-03
2026-02-26 02:57:43,178 - INFO -   ↳ Saved best model (val_corr=0.232611)
2026-02-26 02:57:46,276 - INFO - Epoch   3/50 | Train: 0.178975 | Val: 0.174801 | Corr: 0.255352 | LR: 1.00e-03
2026-02-26 02:57:46,327 - INFO -   ↳ Saved best model (val_corr=0.255352)
2026-02-26 02:57:49,434 - INFO - Epoch   4/50 | Train: 0.175530 | Val: 0.172842 | Corr: 0.268813 | LR: 1.00e-03
2026-02-26 02:57:49,486 - INFO -   ↳ Saved best model (val_corr=0.268813)
2026-02-26 02:57:52,719 - INFO - Epoch   5/50 | Train: 0.173010 | Val: 0.170698 | Corr: 0.278531 | LR: 1.00e-03
2026-02-26 02:57:52,750 - INFO -   ↳ Saved best model (val_corr=0.278531)
2026-02-26 02:57:55,848 - INFO - Epoch   6/50 | Train: 0.171186 | Val: 0.169560 | Corr: 0.285026 | LR: 1.00e-03
2026-02-26 02:57:55,865 - INFO -   ↳ Saved best model (val_corr=0.285026)
2026-02-26 02:57:58,875 - INFO - Epoch   7/50 | Train: 0.169907 | Val: 0.168967 | Corr: 0.289734 | LR: 1.00e-03
2026-02-26 02:57:58,927 - INFO -   ↳ Saved best model (val_corr=0.289734)
2026-02-26 02:58:01,915 - INFO - Epoch   8/50 | Train: 0.168754 | Val: 0.168290 | Corr: 0.293162 | LR: 1.00e-03
2026-02-26 02:58:01,934 - INFO -   ↳ Saved best model (val_corr=0.293162)
2026-02-26 02:58:04,951 - INFO - Epoch   9/50 | Train: 0.167771 | Val: 0.167415 | Corr: 0.296624 | LR: 1.00e-03
2026-02-26 02:58:04,968 - INFO -   ↳ Saved best model (val_corr=0.296624)
2026-02-26 02:58:07,963 - INFO - Epoch  10/50 | Train: 0.166927 | Val: 0.167286 | Corr: 0.299148 | LR: 1.00e-03
2026-02-26 02:58:07,982 - INFO -   ↳ Saved best model (val_corr=0.299148)
2026-02-26 02:58:10,959 - INFO - Epoch  11/50 | Train: 0.166141 | Val: 0.166746 | Corr: 0.301084 | LR: 1.00e-03
2026-02-26 02:58:10,980 - INFO -   ↳ Saved best model (val_corr=0.301084)
2026-02-26 02:58:14,052 - INFO - Epoch  12/50 | Train: 0.165407 | Val: 0.166393 | Corr: 0.303334 | LR: 1.00e-03
2026-02-26 02:58:14,069 - INFO -   ↳ Saved best model (val_corr=0.303334)
2026-02-26 02:58:17,076 - INFO - Epoch  13/50 | Train: 0.164807 | Val: 0.166205 | Corr: 0.304329 | LR: 1.00e-03
2026-02-26 02:58:17,091 - INFO -   ↳ Saved best model (val_corr=0.304329)
2026-02-26 02:58:19,986 - INFO - Epoch  14/50 | Train: 0.164317 | Val: 0.166074 | Corr: 0.305630 | LR: 1.00e-03
2026-02-26 02:58:20,003 - INFO -   ↳ Saved best model (val_corr=0.305630)
2026-02-26 02:58:23,049 - INFO - Epoch  15/50 | Train: 0.163628 | Val: 0.166510 | Corr: 0.306462 | LR: 1.00e-03
2026-02-26 02:58:23,067 - INFO -   ↳ Saved best model (val_corr=0.306462)
2026-02-26 02:58:26,099 - INFO - Epoch  16/50 | Train: 0.163125 | Val: 0.166203 | Corr: 0.307431 | LR: 1.00e-03
2026-02-26 02:58:26,117 - INFO -   ↳ Saved best model (val_corr=0.307431)
2026-02-26 02:58:29,188 - INFO - Epoch  17/50 | Train: 0.162679 | Val: 0.166671 | Corr: 0.308077 | LR: 1.00e-03
2026-02-26 02:58:29,205 - INFO -   ↳ Saved best model (val_corr=0.308077)
2026-02-26 02:58:32,135 - INFO - Epoch  18/50 | Train: 0.162288 | Val: 0.165750 | Corr: 0.308963 | LR: 1.00e-03
2026-02-26 02:58:32,155 - INFO -   ↳ Saved best model (val_corr=0.308963)
2026-02-26 02:58:35,103 - INFO - Epoch  19/50 | Train: 0.161769 | Val: 0.165615 | Corr: 0.309347 | LR: 1.00e-03
2026-02-26 02:58:35,120 - INFO -   ↳ Saved best model (val_corr=0.309347)
2026-02-26 02:58:38,186 - INFO - Epoch  20/50 | Train: 0.161388 | Val: 0.165655 | Corr: 0.309716 | LR: 1.00e-03
2026-02-26 02:58:38,201 - INFO -   ↳ Saved best model (val_corr=0.309716)
2026-02-26 02:58:41,260 - INFO - Epoch  21/50 | Train: 0.161010 | Val: 0.165667 | Corr: 0.310119 | LR: 1.00e-03
2026-02-26 02:58:41,278 - INFO -   ↳ Saved best model (val_corr=0.310119)
2026-02-26 02:58:44,193 - INFO - Epoch  22/50 | Train: 0.160564 | Val: 0.165338 | Corr: 0.310467 | LR: 1.00e-03
2026-02-26 02:58:44,220 - INFO -   ↳ Saved best model (val_corr=0.310467)
2026-02-26 02:58:47,193 - INFO - Epoch  23/50 | Train: 0.160227 | Val: 0.165635 | Corr: 0.310067 | LR: 1.00e-03
2026-02-26 02:58:50,167 - INFO - Epoch  24/50 | Train: 0.159933 | Val: 0.165656 | Corr: 0.310208 | LR: 1.00e-03
2026-02-26 02:58:53,238 - INFO - Epoch  25/50 | Train: 0.159571 | Val: 0.165549 | Corr: 0.310583 | LR: 1.00e-03
2026-02-26 02:58:53,255 - INFO -   ↳ Saved best model (val_corr=0.310583)
2026-02-26 02:58:56,363 - INFO - Epoch  26/50 | Train: 0.159251 | Val: 0.165624 | Corr: 0.310397 | LR: 1.00e-03
2026-02-26 02:58:59,327 - INFO - Epoch  27/50 | Train: 0.158997 | Val: 0.165699 | Corr: 0.310770 | LR: 1.00e-03
2026-02-26 02:58:59,362 - INFO -   ↳ Saved best model (val_corr=0.310770)
2026-02-26 02:59:02,477 - INFO - Epoch  28/50 | Train: 0.158657 | Val: 0.165564 | Corr: 0.310454 | LR: 5.00e-04
2026-02-26 02:59:05,467 - INFO - Epoch  29/50 | Train: 0.157533 | Val: 0.165400 | Corr: 0.311525 | LR: 5.00e-04
2026-02-26 02:59:05,488 - INFO -   ↳ Saved best model (val_corr=0.311525)
2026-02-26 02:59:08,563 - INFO - Epoch  30/50 | Train: 0.157180 | Val: 0.165616 | Corr: 0.311357 | LR: 5.00e-04
2026-02-26 02:59:11,578 - INFO - Epoch  31/50 | Train: 0.156905 | Val: 0.165611 | Corr: 0.311043 | LR: 5.00e-04
2026-02-26 02:59:14,538 - INFO - Epoch  32/50 | Train: 0.156743 | Val: 0.165817 | Corr: 0.310731 | LR: 5.00e-04
2026-02-26 02:59:17,608 - INFO - Epoch  33/50 | Train: 0.156581 | Val: 0.165689 | Corr: 0.310480 | LR: 5.00e-04
2026-02-26 02:59:20,560 - INFO - Epoch  34/50 | Train: 0.156406 | Val: 0.165714 | Corr: 0.310686 | LR: 2.50e-04
2026-02-26 02:59:23,583 - INFO - Epoch  35/50 | Train: 0.155854 | Val: 0.165742 | Corr: 0.310872 | LR: 2.50e-04
2026-02-26 02:59:26,506 - INFO - Epoch  36/50 | Train: 0.155666 | Val: 0.165659 | Corr: 0.310811 | LR: 2.50e-04
2026-02-26 02:59:29,527 - INFO - Epoch  37/50 | Train: 0.155532 | Val: 0.165837 | Corr: 0.310754 | LR: 2.50e-04
2026-02-26 02:59:32,570 - INFO - Epoch  38/50 | Train: 0.155426 | Val: 0.165888 | Corr: 0.310794 | LR: 2.50e-04
2026-02-26 02:59:35,706 - INFO - Epoch  39/50 | Train: 0.155268 | Val: 0.165949 | Corr: 0.310476 | LR: 2.50e-04
2026-02-26 02:59:35,707 - INFO - Early stopping at epoch 39
2026-02-26 02:59:35,707 - INFO - Training complete — best val corr: 0.311525
2026-02-26 02:59:36,385 - INFO - Test loss: 0.157460, Test corr: 0.301941
2026-02-26 02:59:36,664 - INFO - Fraction of variance explained (FVE): 0.107343
2026-02-26 02:59:36,664 - INFO - Generating figures …
2026-02-26 02:59:36,870 - INFO - Correlation between predicted and actual per-neuron averages: r=0.9959, p=1.61e-65
2026-02-26 02:59:37,099 - WARNING - Could not generate pattern selectivity plot: 'NoneType' object has no attribute 'shape'
2026-02-26 02:59:37,103 - WARNING - LOO baseline failed: 'NoneType' object has no attribute 'shape'
2026-02-26 02:59:37,103 - INFO - Skipping oracle trial plots (skip_oracle_plots=True)
2026-02-26 02:59:37,103 - INFO - Experiment complete. Summary: {
  "run_dir": "results/cache_cnn_sweep_2026-02-26_00-36-32/trial_0027_kernel_sizes=5_conv_channels=256_fc_dims=256",
  "model_type": "cache_cnn",
  "batch_avg_test_loss": 0.1574596868753433,
  "batch_avg_test_corr": 0.30194129057347324,
  "all_test_fve": 0.10734341731147161,
  "AR_FVE": NaN,
  "AR_test_correlation": NaN,
  "best_val_corr": 0.3115253277270546,
  "total_params": 781799,
  "trainable_params": 781799,
  "epochs_trained": 39,
  "mean_pattern_corr": NaN,
  "history": 0,
  "init_state": false,
  "kernel_sizes": [
    5
  ],
  "conv_channels": [
    256
  ],
  "fc_dims": [
    256
  ],
  "cache_size": 20,
  "cache_embed_dim": 8
}
2026-02-26 02:59:37,105 - INFO - 
======================================================================
2026-02-26 02:59:37,105 - INFO - [29/135] trial_0028_kernel_sizes=5_conv_channels=256_fc_dims=256
2026-02-26 02:59:37,105 - INFO -   Overrides: {"_arch": {"kernel_sizes": [5], "conv_channels": [256], "fc_dims": [256]}, "cache_size": 20, "cache_embed_dim": 32}
2026-02-26 02:59:37,105 - INFO -   Output: results/cache_cnn_sweep_2026-02-26_00-36-32/trial_0028_kernel_sizes=5_conv_channels=256_fc_dims=256
