2026-03-06 03:51:50,018 - INFO - ============================================================
2026-03-06 03:51:50,018 - INFO - Experiment run directory: /scratch/sb272/patterns5k_results/slurm_hist_cnn_2026-03-05_16-01-45/trial_0519_learning_rate=1.0e-03_history=20_kernel_sizes=5x3x3_conv_channels=64x128x256_fc_dims=512_seed0
2026-03-06 03:51:50,018 - INFO - ============================================================
2026-03-06 03:51:50,018 - INFO - Loading data …
2026-03-06 03:51:50,925 - INFO - 63 unique neurons after dropping problematic neurons
2026-03-06 03:51:52,209 - INFO - Stimulation channels: 42, Spiking neurons: 63
2026-03-06 03:54:03,095 - INFO - Unique patterns: 4050, Total trials: 5000
2026-03-06 03:54:03,095 - INFO - Stimulation channels: 42, Spiking neurons: 63
2026-03-06 03:54:03,095 - INFO - Unique patterns: 4050, Total trials: 5000
2026-03-06 03:54:03,112 - INFO - Split (oracle): train=3400, val=600, test=1000
2026-03-06 03:54:29,907 - INFO - BinnedStimSpikeDataset initialized:
2026-03-06 03:54:29,908 - INFO -   input_bin_size_ms=10, output_bin_size_ms=10
2026-03-06 03:54:29,908 - INFO -   n_input_bins=60, n_output_bins=60
2026-03-06 03:54:29,908 - INFO -   output_offset=0, total_bins_input=60, total_bins_output=60
2026-03-06 03:54:29,908 - INFO -   Valid start positions per trial: 0 to 0
2026-03-06 03:54:29,908 - INFO -   Total samples: 3400 (3400 trials × 1 positions)
2026-03-06 03:54:56,021 - INFO - BinnedStimSpikeDataset initialized:
2026-03-06 03:54:56,021 - INFO -   input_bin_size_ms=10, output_bin_size_ms=10
2026-03-06 03:54:56,021 - INFO -   n_input_bins=60, n_output_bins=60
2026-03-06 03:54:56,021 - INFO -   output_offset=0, total_bins_input=60, total_bins_output=60
2026-03-06 03:54:56,021 - INFO -   Valid start positions per trial: 0 to 0
2026-03-06 03:54:56,021 - INFO -   Total samples: 600 (600 trials × 1 positions)
2026-03-06 03:55:22,433 - INFO - BinnedStimSpikeDataset initialized:
2026-03-06 03:55:22,433 - INFO -   input_bin_size_ms=10, output_bin_size_ms=10
2026-03-06 03:55:22,433 - INFO -   n_input_bins=60, n_output_bins=60
2026-03-06 03:55:22,433 - INFO -   output_offset=0, total_bins_input=60, total_bins_output=60
2026-03-06 03:55:22,433 - INFO -   Valid start positions per trial: 0 to 0
2026-03-06 03:55:22,433 - INFO -   Total samples: 1000 (1000 trials × 1 positions)
2026-03-06 03:55:22,433 - INFO - Samples — train: 3400, val: 600, test: 1000
2026-03-06 03:55:22,433 - INFO - Input channels: 105, Neurons: 63
2026-03-06 03:55:22,438 - INFO - Using CPU
2026-03-06 03:55:22,456 - INFO - Model: CNN — 321,727 trainable params (321,727 total)
2026-03-06 03:55:26,039 - INFO - Starting training …
2026-03-06 03:55:36,440 - INFO - Epoch   1/50 | Train: 0.205612 | Val: 0.185339 | Corr: 0.076331 | LR: 1.00e-03
2026-03-06 03:55:36,456 - INFO -   ↳ Saved best model (val_corr=0.076331)
2026-03-06 03:55:45,529 - INFO - Epoch   2/50 | Train: 0.182434 | Val: 0.182909 | Corr: 0.090247 | LR: 1.00e-03
2026-03-06 03:55:45,544 - INFO -   ↳ Saved best model (val_corr=0.090247)
2026-03-06 03:55:54,467 - INFO - Epoch   3/50 | Train: 0.180737 | Val: 0.181855 | Corr: 0.103956 | LR: 1.00e-03
2026-03-06 03:55:54,480 - INFO -   ↳ Saved best model (val_corr=0.103956)
2026-03-06 03:56:03,621 - INFO - Epoch   4/50 | Train: 0.179426 | Val: 0.181490 | Corr: 0.111758 | LR: 1.00e-03
2026-03-06 03:56:03,635 - INFO -   ↳ Saved best model (val_corr=0.111758)
2026-03-06 03:56:12,484 - INFO - Epoch   5/50 | Train: 0.178301 | Val: 0.180115 | Corr: 0.118036 | LR: 1.00e-03
2026-03-06 03:56:12,502 - INFO -   ↳ Saved best model (val_corr=0.118036)
2026-03-06 03:56:21,426 - INFO - Epoch   6/50 | Train: 0.177755 | Val: 0.179673 | Corr: 0.125162 | LR: 1.00e-03
2026-03-06 03:56:21,438 - INFO -   ↳ Saved best model (val_corr=0.125162)
2026-03-06 03:56:30,447 - INFO - Epoch   7/50 | Train: 0.176943 | Val: 0.179935 | Corr: 0.129847 | LR: 1.00e-03
2026-03-06 03:56:30,481 - INFO -   ↳ Saved best model (val_corr=0.129847)
2026-03-06 03:56:39,493 - INFO - Epoch   8/50 | Train: 0.176694 | Val: 0.179461 | Corr: 0.129455 | LR: 1.00e-03
2026-03-06 03:56:48,572 - INFO - Epoch   9/50 | Train: 0.176068 | Val: 0.179304 | Corr: 0.135244 | LR: 1.00e-03
2026-03-06 03:56:48,597 - INFO -   ↳ Saved best model (val_corr=0.135244)
2026-03-06 03:56:57,697 - INFO - Epoch  10/50 | Train: 0.175662 | Val: 0.178503 | Corr: 0.137832 | LR: 1.00e-03
2026-03-06 03:56:57,711 - INFO -   ↳ Saved best model (val_corr=0.137832)
2026-03-06 03:57:06,861 - INFO - Epoch  11/50 | Train: 0.175185 | Val: 0.178796 | Corr: 0.140538 | LR: 1.00e-03
2026-03-06 03:57:06,875 - INFO -   ↳ Saved best model (val_corr=0.140538)
2026-03-06 03:57:15,768 - INFO - Epoch  12/50 | Train: 0.174701 | Val: 0.178533 | Corr: 0.137398 | LR: 1.00e-03
2026-03-06 03:57:24,746 - INFO - Epoch  13/50 | Train: 0.174598 | Val: 0.178963 | Corr: 0.142135 | LR: 1.00e-03
2026-03-06 03:57:24,759 - INFO -   ↳ Saved best model (val_corr=0.142135)
2026-03-06 03:57:33,676 - INFO - Epoch  14/50 | Train: 0.174153 | Val: 0.178165 | Corr: 0.142655 | LR: 1.00e-03
2026-03-06 03:57:33,692 - INFO -   ↳ Saved best model (val_corr=0.142655)
2026-03-06 03:57:42,659 - INFO - Epoch  15/50 | Train: 0.173776 | Val: 0.177965 | Corr: 0.144035 | LR: 1.00e-03
2026-03-06 03:57:42,675 - INFO -   ↳ Saved best model (val_corr=0.144035)
2026-03-06 03:57:51,864 - INFO - Epoch  16/50 | Train: 0.173465 | Val: 0.179059 | Corr: 0.145589 | LR: 1.00e-03
2026-03-06 03:57:51,877 - INFO -   ↳ Saved best model (val_corr=0.145589)
2026-03-06 03:58:00,891 - INFO - Epoch  17/50 | Train: 0.173236 | Val: 0.177833 | Corr: 0.145844 | LR: 1.00e-03
2026-03-06 03:58:00,904 - INFO -   ↳ Saved best model (val_corr=0.145844)
2026-03-06 03:58:09,914 - INFO - Epoch  18/50 | Train: 0.172905 | Val: 0.177684 | Corr: 0.147417 | LR: 1.00e-03
2026-03-06 03:58:09,931 - INFO -   ↳ Saved best model (val_corr=0.147417)
2026-03-06 03:58:18,935 - INFO - Epoch  19/50 | Train: 0.172775 | Val: 0.178213 | Corr: 0.147304 | LR: 1.00e-03
2026-03-06 03:58:27,865 - INFO - Epoch  20/50 | Train: 0.172504 | Val: 0.177684 | Corr: 0.146434 | LR: 1.00e-03
2026-03-06 03:58:36,790 - INFO - Epoch  21/50 | Train: 0.172357 | Val: 0.178797 | Corr: 0.146212 | LR: 1.00e-03
2026-03-06 03:58:45,739 - INFO - Epoch  22/50 | Train: 0.172101 | Val: 0.177696 | Corr: 0.147729 | LR: 1.00e-03
2026-03-06 03:58:45,754 - INFO -   ↳ Saved best model (val_corr=0.147729)
2026-03-06 03:58:54,716 - INFO - Epoch  23/50 | Train: 0.171848 | Val: 0.178971 | Corr: 0.146020 | LR: 1.00e-03
2026-03-06 03:59:03,564 - INFO - Epoch  24/50 | Train: 0.171769 | Val: 0.177571 | Corr: 0.148431 | LR: 1.00e-03
2026-03-06 03:59:03,581 - INFO -   ↳ Saved best model (val_corr=0.148431)
2026-03-06 03:59:12,529 - INFO - Epoch  25/50 | Train: 0.171499 | Val: 0.178555 | Corr: 0.147907 | LR: 1.00e-03
2026-03-06 03:59:21,481 - INFO - Epoch  26/50 | Train: 0.171256 | Val: 0.177914 | Corr: 0.148150 | LR: 1.00e-03
2026-03-06 03:59:30,493 - INFO - Epoch  27/50 | Train: 0.171177 | Val: 0.178808 | Corr: 0.149497 | LR: 1.00e-03
2026-03-06 03:59:30,512 - INFO -   ↳ Saved best model (val_corr=0.149497)
2026-03-06 03:59:39,386 - INFO - Epoch  28/50 | Train: 0.170939 | Val: 0.177944 | Corr: 0.147906 | LR: 1.00e-03
2026-03-06 03:59:48,502 - INFO - Epoch  29/50 | Train: 0.170892 | Val: 0.178435 | Corr: 0.148840 | LR: 1.00e-03
2026-03-06 03:59:57,571 - INFO - Epoch  30/50 | Train: 0.170670 | Val: 0.178291 | Corr: 0.148615 | LR: 5.00e-04
2026-03-06 04:00:06,442 - INFO - Epoch  31/50 | Train: 0.169814 | Val: 0.177897 | Corr: 0.149981 | LR: 5.00e-04
2026-03-06 04:00:06,462 - INFO -   ↳ Saved best model (val_corr=0.149981)
2026-03-06 04:00:15,253 - INFO - Epoch  32/50 | Train: 0.169475 | Val: 0.178078 | Corr: 0.149115 | LR: 5.00e-04
2026-03-06 04:00:24,023 - INFO - Epoch  33/50 | Train: 0.169322 | Val: 0.178264 | Corr: 0.149150 | LR: 5.00e-04
2026-03-06 04:00:32,771 - INFO - Epoch  34/50 | Train: 0.169331 | Val: 0.177951 | Corr: 0.149856 | LR: 5.00e-04
2026-03-06 04:00:41,569 - INFO - Epoch  35/50 | Train: 0.169129 | Val: 0.178373 | Corr: 0.149321 | LR: 5.00e-04
2026-03-06 04:00:50,594 - INFO - Epoch  36/50 | Train: 0.169068 | Val: 0.178243 | Corr: 0.148220 | LR: 2.50e-04
2026-03-06 04:00:59,448 - INFO - Epoch  37/50 | Train: 0.168522 | Val: 0.178556 | Corr: 0.149633 | LR: 2.50e-04
2026-03-06 04:01:08,284 - INFO - Epoch  38/50 | Train: 0.168388 | Val: 0.178122 | Corr: 0.150134 | LR: 2.50e-04
2026-03-06 04:01:08,299 - INFO -   ↳ Saved best model (val_corr=0.150134)
2026-03-06 04:01:17,235 - INFO - Epoch  39/50 | Train: 0.168295 | Val: 0.178734 | Corr: 0.149477 | LR: 2.50e-04
2026-03-06 04:01:26,052 - INFO - Epoch  40/50 | Train: 0.168246 | Val: 0.178398 | Corr: 0.150027 | LR: 2.50e-04
2026-03-06 04:01:34,782 - INFO - Epoch  41/50 | Train: 0.168154 | Val: 0.178310 | Corr: 0.149763 | LR: 2.50e-04
2026-03-06 04:01:43,919 - INFO - Epoch  42/50 | Train: 0.168132 | Val: 0.178312 | Corr: 0.149877 | LR: 1.25e-04
2026-03-06 04:01:53,112 - INFO - Epoch  43/50 | Train: 0.167919 | Val: 0.178384 | Corr: 0.149980 | LR: 1.25e-04
2026-03-06 04:02:02,176 - INFO - Epoch  44/50 | Train: 0.167912 | Val: 0.178343 | Corr: 0.150264 | LR: 1.25e-04
2026-03-06 04:02:02,194 - INFO -   ↳ Saved best model (val_corr=0.150264)
2026-03-06 04:02:11,252 - INFO - Epoch  45/50 | Train: 0.167813 | Val: 0.178680 | Corr: 0.150074 | LR: 1.25e-04
2026-03-06 04:02:20,249 - INFO - Epoch  46/50 | Train: 0.167771 | Val: 0.178282 | Corr: 0.150183 | LR: 1.25e-04
2026-03-06 04:02:29,093 - INFO - Epoch  47/50 | Train: 0.167692 | Val: 0.178632 | Corr: 0.150209 | LR: 1.25e-04
2026-03-06 04:02:37,936 - INFO - Epoch  48/50 | Train: 0.167723 | Val: 0.178638 | Corr: 0.149820 | LR: 6.25e-05
2026-03-06 04:02:46,885 - INFO - Epoch  49/50 | Train: 0.167583 | Val: 0.178511 | Corr: 0.149920 | LR: 6.25e-05
2026-03-06 04:02:55,904 - INFO - Epoch  50/50 | Train: 0.167568 | Val: 0.178358 | Corr: 0.150011 | LR: 6.25e-05
2026-03-06 04:02:55,904 - INFO - Training complete — best val corr: 0.150264
2026-03-06 04:02:57,916 - INFO - Test loss: 0.168154, Test corr: 0.141510
2026-03-06 04:02:58,538 - INFO - Fraction of variance explained (FVE): 0.024417
2026-03-06 04:02:58,538 - INFO - Computing autoregressive (AR) test predictions …
2026-03-06 04:02:59,322 - INFO - AR FVE: 0.021172, AR test corr: 0.134905
2026-03-06 04:02:59,322 - INFO - Generating figures …
2026-03-06 04:02:59,892 - INFO - Correlation between predicted and actual per-neuron averages: r=0.9915, p=0.00e+00
2026-03-06 04:03:02,531 - INFO - Pattern selectivity summary:
2026-03-06 04:03:02,531 - INFO -   Mean correlation across neurons: 0.5423
2026-03-06 04:03:02,531 - INFO -   Median correlation: 0.5675
2026-03-06 04:03:02,531 - INFO -   Neurons with r > 0.5: 41 / 63
2026-03-06 04:03:02,531 - INFO -   Neurons with r > 0.3: 58 / 63
2026-03-06 04:03:02,531 - INFO - Pattern selectivity — mean neuron corr: 0.5423
2026-03-06 04:03:04,545 - INFO - LOO (avg rate) — Model mean r: 0.3808, LOO mean r: 0.4546, Neurons model > LOO: 13/63
2026-03-06 04:03:07,215 - INFO - LOO (temporal) — Model mean r: 0.1479, LOO mean r: 0.3186, Neurons model > LOO: 1/63
2026-03-06 04:03:07,215 - INFO - Skipping oracle trial plots (skip_oracle_plots=True)
2026-03-06 04:03:07,221 - INFO - Experiment complete. Summary: {
  "run_dir": "/scratch/sb272/patterns5k_results/slurm_hist_cnn_2026-03-05_16-01-45/trial_0519_learning_rate=1.0e-03_history=20_kernel_sizes=5x3x3_conv_channels=64x128x256_fc_dims=512_seed0",
  "model_type": "cnn",
  "batch_avg_test_loss": 0.16815363502502442,
  "batch_avg_test_corr": 0.1415099568681382,
  "all_test_fve": 0.024416778768811907,
  "AR_FVE": 0.021172083559490386,
  "AR_test_correlation": 0.13490474224090576,
  "best_val_corr": 0.1502643571919573,
  "total_params": 321727,
  "trainable_params": 321727,
  "epochs_trained": 50,
  "mean_pattern_corr": 0.5422602408154938,
  "history": 20,
  "init_state": true,
  "loo_avg_mean_corr": 0.45456832695830385,
  "model_avg_mean_corr": 0.380817678120455,
  "neurons_model_beats_loo_avg": 13,
  "loo_temporal_mean_corr": 0.31855225563049316,
  "all_test_corr": 0.14787344634532928,
  "neurons_model_beats_loo_temporal": 1,
  "kernel_sizes": [
    5,
    3,
    3
  ],
  "conv_channels": [
    64,
    128,
    256
  ],
  "fc_dims": [
    512
  ]
}
