2026-03-04 01:56:44,950 - INFO - ============================================================
2026-03-04 01:56:44,950 - INFO - Experiment run directory: /scratch/sb272/patterns5k_results/slurm_hist_cnn_2026-03-03_15-13-01/trial_0281_learning_rate=1.0e-03_history=1_kernel_sizes=5_conv_channels=256_fc_dims=256_seed0
2026-03-04 01:56:44,950 - INFO - ============================================================
2026-03-04 01:56:44,950 - INFO - Loading data …
2026-03-04 01:56:45,807 - INFO - 63 unique neurons after dropping problematic neurons
2026-03-04 01:56:46,970 - INFO - Stimulation channels: 42, Spiking neurons: 63
2026-03-04 01:58:45,746 - INFO - Unique patterns: 4050, Total trials: 5000
2026-03-04 01:58:45,747 - INFO - Stimulation channels: 42, Spiking neurons: 63
2026-03-04 01:58:45,747 - INFO - Unique patterns: 4050, Total trials: 5000
2026-03-04 01:58:45,763 - INFO - Split (oracle): train=3400, val=600, test=1000
2026-03-04 01:59:10,326 - INFO - BinnedStimSpikeDataset initialized:
2026-03-04 01:59:10,327 - INFO -   input_bin_size_ms=10, output_bin_size_ms=10
2026-03-04 01:59:10,327 - INFO -   n_input_bins=60, n_output_bins=60
2026-03-04 01:59:10,327 - INFO -   output_offset=0, total_bins_input=60, total_bins_output=60
2026-03-04 01:59:10,327 - INFO -   Valid start positions per trial: 0 to 0
2026-03-04 01:59:10,327 - INFO -   Total samples: 3400 (3400 trials × 1 positions)
2026-03-04 01:59:34,263 - INFO - BinnedStimSpikeDataset initialized:
2026-03-04 01:59:34,263 - INFO -   input_bin_size_ms=10, output_bin_size_ms=10
2026-03-04 01:59:34,263 - INFO -   n_input_bins=60, n_output_bins=60
2026-03-04 01:59:34,263 - INFO -   output_offset=0, total_bins_input=60, total_bins_output=60
2026-03-04 01:59:34,263 - INFO -   Valid start positions per trial: 0 to 0
2026-03-04 01:59:34,263 - INFO -   Total samples: 600 (600 trials × 1 positions)
2026-03-04 01:59:58,271 - INFO - BinnedStimSpikeDataset initialized:
2026-03-04 01:59:58,271 - INFO -   input_bin_size_ms=10, output_bin_size_ms=10
2026-03-04 01:59:58,271 - INFO -   n_input_bins=60, n_output_bins=60
2026-03-04 01:59:58,271 - INFO -   output_offset=0, total_bins_input=60, total_bins_output=60
2026-03-04 01:59:58,271 - INFO -   Valid start positions per trial: 0 to 0
2026-03-04 01:59:58,271 - INFO -   Total samples: 1000 (1000 trials × 1 positions)
2026-03-04 01:59:58,271 - INFO - Samples — train: 3400, val: 600, test: 1000
2026-03-04 01:59:58,271 - INFO - Input channels: 105, Neurons: 63
2026-03-04 01:59:58,278 - INFO - Using CPU
2026-03-04 01:59:58,282 - INFO - Model: CNN — 217,151 trainable params (217,151 total)
2026-03-04 02:00:06,469 - INFO - Starting training …
2026-03-04 02:00:13,081 - INFO - Epoch   1/50 | Train: 0.206467 | Val: 0.175192 | Corr: 0.157244 | LR: 1.00e-03
2026-03-04 02:00:13,118 - INFO -   ↳ Saved best model (val_corr=0.157244)
2026-03-04 02:00:18,621 - INFO - Epoch   2/50 | Train: 0.172666 | Val: 0.171140 | Corr: 0.189815 | LR: 1.00e-03
2026-03-04 02:00:18,639 - INFO -   ↳ Saved best model (val_corr=0.189815)
2026-03-04 02:00:23,863 - INFO - Epoch   3/50 | Train: 0.169191 | Val: 0.169660 | Corr: 0.208633 | LR: 1.00e-03
2026-03-04 02:00:23,883 - INFO -   ↳ Saved best model (val_corr=0.208633)
2026-03-04 02:00:29,079 - INFO - Epoch   4/50 | Train: 0.167192 | Val: 0.168497 | Corr: 0.217134 | LR: 1.00e-03
2026-03-04 02:00:29,092 - INFO -   ↳ Saved best model (val_corr=0.217134)
2026-03-04 02:00:34,344 - INFO - Epoch   5/50 | Train: 0.165635 | Val: 0.167236 | Corr: 0.226655 | LR: 1.00e-03
2026-03-04 02:00:34,359 - INFO -   ↳ Saved best model (val_corr=0.226655)
2026-03-04 02:00:39,605 - INFO - Epoch   6/50 | Train: 0.164247 | Val: 0.166255 | Corr: 0.231769 | LR: 1.00e-03
2026-03-04 02:00:39,620 - INFO -   ↳ Saved best model (val_corr=0.231769)
2026-03-04 02:00:44,701 - INFO - Epoch   7/50 | Train: 0.163446 | Val: 0.166470 | Corr: 0.234577 | LR: 1.00e-03
2026-03-04 02:00:44,734 - INFO -   ↳ Saved best model (val_corr=0.234577)
2026-03-04 02:00:49,700 - INFO - Epoch   8/50 | Train: 0.162962 | Val: 0.165215 | Corr: 0.239104 | LR: 1.00e-03
2026-03-04 02:00:49,739 - INFO -   ↳ Saved best model (val_corr=0.239104)
2026-03-04 02:00:54,707 - INFO - Epoch   9/50 | Train: 0.162164 | Val: 0.164960 | Corr: 0.240554 | LR: 1.00e-03
2026-03-04 02:00:54,732 - INFO -   ↳ Saved best model (val_corr=0.240554)
2026-03-04 02:00:59,876 - INFO - Epoch  10/50 | Train: 0.161561 | Val: 0.164307 | Corr: 0.244686 | LR: 1.00e-03
2026-03-04 02:00:59,888 - INFO -   ↳ Saved best model (val_corr=0.244686)
2026-03-04 02:01:05,110 - INFO - Epoch  11/50 | Train: 0.160883 | Val: 0.164298 | Corr: 0.245992 | LR: 1.00e-03
2026-03-04 02:01:05,124 - INFO -   ↳ Saved best model (val_corr=0.245992)
2026-03-04 02:01:10,321 - INFO - Epoch  12/50 | Train: 0.160533 | Val: 0.165437 | Corr: 0.246885 | LR: 1.00e-03
2026-03-04 02:01:10,339 - INFO -   ↳ Saved best model (val_corr=0.246885)
2026-03-04 02:01:15,556 - INFO - Epoch  13/50 | Train: 0.160151 | Val: 0.163987 | Corr: 0.247572 | LR: 1.00e-03
2026-03-04 02:01:15,572 - INFO -   ↳ Saved best model (val_corr=0.247572)
2026-03-04 02:01:20,829 - INFO - Epoch  14/50 | Train: 0.159681 | Val: 0.164258 | Corr: 0.249699 | LR: 1.00e-03
2026-03-04 02:01:20,842 - INFO -   ↳ Saved best model (val_corr=0.249699)
2026-03-04 02:01:26,057 - INFO - Epoch  15/50 | Train: 0.159347 | Val: 0.163720 | Corr: 0.249525 | LR: 1.00e-03
2026-03-04 02:01:31,260 - INFO - Epoch  16/50 | Train: 0.159010 | Val: 0.163451 | Corr: 0.251675 | LR: 1.00e-03
2026-03-04 02:01:31,275 - INFO -   ↳ Saved best model (val_corr=0.251675)
2026-03-04 02:01:36,495 - INFO - Epoch  17/50 | Train: 0.158645 | Val: 0.163236 | Corr: 0.252960 | LR: 1.00e-03
2026-03-04 02:01:36,511 - INFO -   ↳ Saved best model (val_corr=0.252960)
2026-03-04 02:01:41,723 - INFO - Epoch  18/50 | Train: 0.158361 | Val: 0.163273 | Corr: 0.251996 | LR: 1.00e-03
2026-03-04 02:01:46,966 - INFO - Epoch  19/50 | Train: 0.158090 | Val: 0.163127 | Corr: 0.253217 | LR: 1.00e-03
2026-03-04 02:01:46,981 - INFO -   ↳ Saved best model (val_corr=0.253217)
2026-03-04 02:01:52,212 - INFO - Epoch  20/50 | Train: 0.157670 | Val: 0.163238 | Corr: 0.253743 | LR: 1.00e-03
2026-03-04 02:01:52,224 - INFO -   ↳ Saved best model (val_corr=0.253743)
2026-03-04 02:01:57,490 - INFO - Epoch  21/50 | Train: 0.157519 | Val: 0.163227 | Corr: 0.254471 | LR: 1.00e-03
2026-03-04 02:01:57,507 - INFO -   ↳ Saved best model (val_corr=0.254471)
2026-03-04 02:02:02,656 - INFO - Epoch  22/50 | Train: 0.157258 | Val: 0.163142 | Corr: 0.253936 | LR: 1.00e-03
2026-03-04 02:02:07,801 - INFO - Epoch  23/50 | Train: 0.156951 | Val: 0.163122 | Corr: 0.254741 | LR: 1.00e-03
2026-03-04 02:02:07,815 - INFO -   ↳ Saved best model (val_corr=0.254741)
2026-03-04 02:02:13,064 - INFO - Epoch  24/50 | Train: 0.156689 | Val: 0.163069 | Corr: 0.253942 | LR: 1.00e-03
2026-03-04 02:02:18,312 - INFO - Epoch  25/50 | Train: 0.156571 | Val: 0.162942 | Corr: 0.255113 | LR: 1.00e-03
2026-03-04 02:02:18,328 - INFO -   ↳ Saved best model (val_corr=0.255113)
2026-03-04 02:02:23,522 - INFO - Epoch  26/50 | Train: 0.156347 | Val: 0.163115 | Corr: 0.254515 | LR: 1.00e-03
2026-03-04 02:02:28,790 - INFO - Epoch  27/50 | Train: 0.156125 | Val: 0.163495 | Corr: 0.255352 | LR: 1.00e-03
2026-03-04 02:02:28,804 - INFO -   ↳ Saved best model (val_corr=0.255352)
2026-03-04 02:02:34,087 - INFO - Epoch  28/50 | Train: 0.155833 | Val: 0.163051 | Corr: 0.254999 | LR: 1.00e-03
2026-03-04 02:02:39,285 - INFO - Epoch  29/50 | Train: 0.155815 | Val: 0.163011 | Corr: 0.255581 | LR: 1.00e-03
2026-03-04 02:02:39,296 - INFO -   ↳ Saved best model (val_corr=0.255581)
2026-03-04 02:02:44,472 - INFO - Epoch  30/50 | Train: 0.155555 | Val: 0.163043 | Corr: 0.254839 | LR: 1.00e-03
2026-03-04 02:02:49,666 - INFO - Epoch  31/50 | Train: 0.155448 | Val: 0.163169 | Corr: 0.255125 | LR: 5.00e-04
2026-03-04 02:02:54,906 - INFO - Epoch  32/50 | Train: 0.154411 | Val: 0.162706 | Corr: 0.256427 | LR: 5.00e-04
2026-03-04 02:02:54,928 - INFO -   ↳ Saved best model (val_corr=0.256427)
2026-03-04 02:03:00,127 - INFO - Epoch  33/50 | Train: 0.154152 | Val: 0.162897 | Corr: 0.255906 | LR: 5.00e-04
2026-03-04 02:03:05,271 - INFO - Epoch  34/50 | Train: 0.154021 | Val: 0.162952 | Corr: 0.255857 | LR: 5.00e-04
2026-03-04 02:03:10,489 - INFO - Epoch  35/50 | Train: 0.153869 | Val: 0.162998 | Corr: 0.255892 | LR: 5.00e-04
2026-03-04 02:03:15,717 - INFO - Epoch  36/50 | Train: 0.153921 | Val: 0.163124 | Corr: 0.256080 | LR: 5.00e-04
2026-03-04 02:03:20,920 - INFO - Epoch  37/50 | Train: 0.153778 | Val: 0.163075 | Corr: 0.256177 | LR: 5.00e-04
2026-03-04 02:03:26,109 - INFO - Epoch  38/50 | Train: 0.153740 | Val: 0.163098 | Corr: 0.255010 | LR: 2.50e-04
2026-03-04 02:03:31,272 - INFO - Epoch  39/50 | Train: 0.153191 | Val: 0.163048 | Corr: 0.255231 | LR: 2.50e-04
2026-03-04 02:03:36,423 - INFO - Epoch  40/50 | Train: 0.153088 | Val: 0.163222 | Corr: 0.255353 | LR: 2.50e-04
2026-03-04 02:03:41,615 - INFO - Epoch  41/50 | Train: 0.152957 | Val: 0.163185 | Corr: 0.255271 | LR: 2.50e-04
2026-03-04 02:03:46,815 - INFO - Epoch  42/50 | Train: 0.152920 | Val: 0.163429 | Corr: 0.255361 | LR: 2.50e-04
2026-03-04 02:03:46,815 - INFO - Early stopping at epoch 42
2026-03-04 02:03:46,815 - INFO - Training complete — best val corr: 0.256427
2026-03-04 02:03:48,503 - INFO - Test loss: 0.152594, Test corr: 0.246945
2026-03-04 02:03:48,955 - INFO - Fraction of variance explained (FVE): 0.075286
2026-03-04 02:03:48,955 - INFO - Computing autoregressive (AR) test predictions …
2026-03-04 02:03:49,604 - INFO - AR FVE: -0.005093, AR test corr: 0.094709
2026-03-04 02:03:49,604 - INFO - Generating figures …
2026-03-04 02:03:50,209 - INFO - Correlation between predicted and actual per-neuron averages: r=0.9951, p=0.00e+00
2026-03-04 02:03:52,497 - INFO - Pattern selectivity summary:
2026-03-04 02:03:52,497 - INFO -   Mean correlation across neurons: 0.7881
2026-03-04 02:03:52,498 - INFO -   Median correlation: 0.8208
2026-03-04 02:03:52,498 - INFO -   Neurons with r > 0.5: 61 / 63
2026-03-04 02:03:52,498 - INFO -   Neurons with r > 0.3: 63 / 63
2026-03-04 02:03:52,498 - INFO - Pattern selectivity — mean neuron corr: 0.7881
2026-03-04 02:03:54,440 - INFO - LOO (avg rate) — Model mean r: 0.6795, LOO mean r: 0.4546, Neurons model > LOO: 61/63
2026-03-04 02:03:56,765 - INFO - LOO (temporal) — Model mean r: 0.2594, LOO mean r: 0.3186, Neurons model > LOO: 13/63
2026-03-04 02:03:56,765 - INFO - Skipping oracle trial plots (skip_oracle_plots=True)
2026-03-04 02:03:56,776 - INFO - Experiment complete. Summary: {
  "run_dir": "/scratch/sb272/patterns5k_results/slurm_hist_cnn_2026-03-03_15-13-01/trial_0281_learning_rate=1.0e-03_history=1_kernel_sizes=5_conv_channels=256_fc_dims=256_seed0",
  "model_type": "cnn",
  "batch_avg_test_loss": 0.1525943740606308,
  "batch_avg_test_corr": 0.24694535729530254,
  "all_test_fve": 0.07528607902072725,
  "AR_FVE": -0.005092815747336736,
  "AR_test_correlation": 0.09470945596694946,
  "best_val_corr": 0.2564266280295353,
  "total_params": 217151,
  "trainable_params": 217151,
  "epochs_trained": 42,
  "mean_pattern_corr": 0.7880741122906422,
  "history": 1,
  "init_state": true,
  "loo_avg_mean_corr": 0.45456832695830385,
  "model_avg_mean_corr": 0.679522271885216,
  "neurons_model_beats_loo_avg": 61,
  "loo_temporal_mean_corr": 0.31855225563049316,
  "all_test_corr": 0.2594030201435089,
  "neurons_model_beats_loo_temporal": 13,
  "kernel_sizes": [
    5
  ],
  "conv_channels": [
    256
  ],
  "fc_dims": [
    256
  ]
}
