2026-03-04 20:46:00,718 - INFO - ============================================================
2026-03-04 20:46:00,718 - INFO - Experiment run directory: /scratch/sb272/patterns5k_results/slurm_base_cnn_2026-03-04_16-53-19/trial_0046_learning_rate=1.0e-04_kernel_sizes=3x3_conv_channels=64x128_fc_dims=256_seed4
2026-03-04 20:46:00,718 - INFO - ============================================================
2026-03-04 20:46:00,718 - INFO - Loading data …
2026-03-04 20:46:02,252 - INFO - 63 unique neurons after dropping problematic neurons
2026-03-04 20:46:03,116 - INFO - Stimulation channels: 42, Spiking neurons: 63
2026-03-04 20:47:12,716 - INFO - Unique patterns: 4050, Total trials: 5000
2026-03-04 20:47:12,718 - INFO - Stimulation channels: 42, Spiking neurons: 63
2026-03-04 20:47:12,718 - INFO - Unique patterns: 4050, Total trials: 5000
2026-03-04 20:47:12,729 - INFO - Split (oracle): train=3400, val=600, test=1000
2026-03-04 20:47:26,910 - INFO - BinnedStimSpikeDataset initialized:
2026-03-04 20:47:26,910 - INFO -   input_bin_size_ms=10, output_bin_size_ms=10
2026-03-04 20:47:26,910 - INFO -   n_input_bins=60, n_output_bins=60
2026-03-04 20:47:26,910 - INFO -   output_offset=0, total_bins_input=60, total_bins_output=60
2026-03-04 20:47:26,910 - INFO -   Valid start positions per trial: 0 to 0
2026-03-04 20:47:26,910 - INFO -   Total samples: 3400 (3400 trials × 1 positions)
2026-03-04 20:47:40,599 - INFO - BinnedStimSpikeDataset initialized:
2026-03-04 20:47:40,603 - INFO -   input_bin_size_ms=10, output_bin_size_ms=10
2026-03-04 20:47:40,603 - INFO -   n_input_bins=60, n_output_bins=60
2026-03-04 20:47:40,603 - INFO -   output_offset=0, total_bins_input=60, total_bins_output=60
2026-03-04 20:47:40,603 - INFO -   Valid start positions per trial: 0 to 0
2026-03-04 20:47:40,603 - INFO -   Total samples: 600 (600 trials × 1 positions)
2026-03-04 20:47:54,425 - INFO - BinnedStimSpikeDataset initialized:
2026-03-04 20:47:54,425 - INFO -   input_bin_size_ms=10, output_bin_size_ms=10
2026-03-04 20:47:54,425 - INFO -   n_input_bins=60, n_output_bins=60
2026-03-04 20:47:54,425 - INFO -   output_offset=0, total_bins_input=60, total_bins_output=60
2026-03-04 20:47:54,425 - INFO -   Valid start positions per trial: 0 to 0
2026-03-04 20:47:54,425 - INFO -   Total samples: 1000 (1000 trials × 1 positions)
2026-03-04 20:47:54,425 - INFO - Samples — train: 3400, val: 600, test: 1000
2026-03-04 20:47:54,425 - INFO - Input channels: 42, Neurons: 63
2026-03-04 20:47:54,442 - INFO - Using CPU
2026-03-04 20:47:54,446 - INFO - Model: CNN — 82,431 trainable params (82,431 total)
2026-03-04 20:48:00,015 - INFO - Starting training …
2026-03-04 20:48:03,414 - INFO - Epoch   1/50 | Train: 0.447270 | Val: 0.207685 | Corr: 0.038698 | LR: 1.00e-04
2026-03-04 20:48:03,427 - INFO -   ↳ Saved best model (val_corr=0.038698)
2026-03-04 20:48:05,751 - INFO - Epoch   2/50 | Train: 0.191708 | Val: 0.191358 | Corr: 0.056555 | LR: 1.00e-04
2026-03-04 20:48:05,765 - INFO -   ↳ Saved best model (val_corr=0.056555)
2026-03-04 20:48:08,064 - INFO - Epoch   3/50 | Train: 0.188155 | Val: 0.189030 | Corr: 0.061055 | LR: 1.00e-04
2026-03-04 20:48:08,087 - INFO -   ↳ Saved best model (val_corr=0.061055)
2026-03-04 20:48:10,387 - INFO - Epoch   4/50 | Train: 0.187297 | Val: 0.189601 | Corr: 0.064622 | LR: 1.00e-04
2026-03-04 20:48:10,396 - INFO -   ↳ Saved best model (val_corr=0.064622)
2026-03-04 20:48:12,725 - INFO - Epoch   5/50 | Train: 0.186605 | Val: 0.188819 | Corr: 0.067555 | LR: 1.00e-04
2026-03-04 20:48:12,737 - INFO -   ↳ Saved best model (val_corr=0.067555)
2026-03-04 20:48:15,072 - INFO - Epoch   6/50 | Train: 0.185955 | Val: 0.187575 | Corr: 0.070330 | LR: 1.00e-04
2026-03-04 20:48:15,087 - INFO -   ↳ Saved best model (val_corr=0.070330)
2026-03-04 20:48:17,411 - INFO - Epoch   7/50 | Train: 0.185516 | Val: 0.188439 | Corr: 0.071794 | LR: 1.00e-04
2026-03-04 20:48:17,419 - INFO -   ↳ Saved best model (val_corr=0.071794)
2026-03-04 20:48:19,738 - INFO - Epoch   8/50 | Train: 0.185042 | Val: 0.185658 | Corr: 0.074158 | LR: 1.00e-04
2026-03-04 20:48:19,750 - INFO -   ↳ Saved best model (val_corr=0.074158)
2026-03-04 20:48:22,056 - INFO - Epoch   9/50 | Train: 0.184576 | Val: 0.187361 | Corr: 0.075668 | LR: 1.00e-04
2026-03-04 20:48:22,074 - INFO -   ↳ Saved best model (val_corr=0.075668)
2026-03-04 20:48:24,399 - INFO - Epoch  10/50 | Train: 0.184302 | Val: 0.186280 | Corr: 0.077666 | LR: 1.00e-04
2026-03-04 20:48:24,409 - INFO -   ↳ Saved best model (val_corr=0.077666)
2026-03-04 20:48:26,717 - INFO - Epoch  11/50 | Train: 0.183851 | Val: 0.185535 | Corr: 0.079455 | LR: 1.00e-04
2026-03-04 20:48:26,732 - INFO -   ↳ Saved best model (val_corr=0.079455)
2026-03-04 20:48:29,032 - INFO - Epoch  12/50 | Train: 0.183558 | Val: 0.185394 | Corr: 0.081366 | LR: 1.00e-04
2026-03-04 20:48:29,042 - INFO -   ↳ Saved best model (val_corr=0.081366)
2026-03-04 20:48:31,336 - INFO - Epoch  13/50 | Train: 0.183166 | Val: 0.186698 | Corr: 0.082646 | LR: 1.00e-04
2026-03-04 20:48:31,345 - INFO -   ↳ Saved best model (val_corr=0.082646)
2026-03-04 20:48:33,637 - INFO - Epoch  14/50 | Train: 0.182894 | Val: 0.185030 | Corr: 0.084979 | LR: 1.00e-04
2026-03-04 20:48:33,650 - INFO -   ↳ Saved best model (val_corr=0.084979)
2026-03-04 20:48:35,940 - INFO - Epoch  15/50 | Train: 0.182657 | Val: 0.185635 | Corr: 0.086199 | LR: 1.00e-04
2026-03-04 20:48:35,950 - INFO -   ↳ Saved best model (val_corr=0.086199)
2026-03-04 20:48:38,263 - INFO - Epoch  16/50 | Train: 0.182333 | Val: 0.186056 | Corr: 0.087514 | LR: 1.00e-04
2026-03-04 20:48:38,271 - INFO -   ↳ Saved best model (val_corr=0.087514)
2026-03-04 20:48:40,618 - INFO - Epoch  17/50 | Train: 0.182159 | Val: 0.183557 | Corr: 0.088544 | LR: 1.00e-04
2026-03-04 20:48:40,626 - INFO -   ↳ Saved best model (val_corr=0.088544)
2026-03-04 20:48:43,030 - INFO - Epoch  18/50 | Train: 0.181931 | Val: 0.184381 | Corr: 0.089859 | LR: 1.00e-04
2026-03-04 20:48:43,046 - INFO -   ↳ Saved best model (val_corr=0.089859)
2026-03-04 20:48:45,488 - INFO - Epoch  19/50 | Train: 0.181687 | Val: 0.183471 | Corr: 0.091106 | LR: 1.00e-04
2026-03-04 20:48:45,496 - INFO -   ↳ Saved best model (val_corr=0.091106)
2026-03-04 20:48:47,901 - INFO - Epoch  20/50 | Train: 0.181548 | Val: 0.185396 | Corr: 0.092025 | LR: 1.00e-04
2026-03-04 20:48:47,909 - INFO -   ↳ Saved best model (val_corr=0.092025)
2026-03-04 20:48:50,338 - INFO - Epoch  21/50 | Train: 0.181282 | Val: 0.183885 | Corr: 0.092874 | LR: 1.00e-04
2026-03-04 20:48:50,354 - INFO -   ↳ Saved best model (val_corr=0.092874)
2026-03-04 20:48:52,766 - INFO - Epoch  22/50 | Train: 0.181076 | Val: 0.183490 | Corr: 0.094764 | LR: 1.00e-04
2026-03-04 20:48:52,775 - INFO -   ↳ Saved best model (val_corr=0.094764)
2026-03-04 20:48:55,174 - INFO - Epoch  23/50 | Train: 0.180965 | Val: 0.183178 | Corr: 0.095528 | LR: 1.00e-04
2026-03-04 20:48:55,189 - INFO -   ↳ Saved best model (val_corr=0.095528)
2026-03-04 20:48:57,588 - INFO - Epoch  24/50 | Train: 0.180773 | Val: 0.184021 | Corr: 0.096217 | LR: 1.00e-04
2026-03-04 20:48:57,597 - INFO -   ↳ Saved best model (val_corr=0.096217)
2026-03-04 20:49:00,002 - INFO - Epoch  25/50 | Train: 0.180595 | Val: 0.183891 | Corr: 0.097839 | LR: 1.00e-04
2026-03-04 20:49:00,024 - INFO -   ↳ Saved best model (val_corr=0.097839)
2026-03-04 20:49:02,468 - INFO - Epoch  26/50 | Train: 0.180406 | Val: 0.183369 | Corr: 0.098527 | LR: 1.00e-04
2026-03-04 20:49:02,479 - INFO -   ↳ Saved best model (val_corr=0.098527)
2026-03-04 20:49:04,820 - INFO - Epoch  27/50 | Train: 0.180229 | Val: 0.183161 | Corr: 0.100052 | LR: 1.00e-04
2026-03-04 20:49:04,831 - INFO -   ↳ Saved best model (val_corr=0.100052)
2026-03-04 20:49:07,157 - INFO - Epoch  28/50 | Train: 0.180169 | Val: 0.182941 | Corr: 0.101070 | LR: 1.00e-04
2026-03-04 20:49:07,174 - INFO -   ↳ Saved best model (val_corr=0.101070)
2026-03-04 20:49:09,503 - INFO - Epoch  29/50 | Train: 0.179991 | Val: 0.182506 | Corr: 0.102589 | LR: 1.00e-04
2026-03-04 20:49:09,514 - INFO -   ↳ Saved best model (val_corr=0.102589)
2026-03-04 20:49:11,882 - INFO - Epoch  30/50 | Train: 0.179842 | Val: 0.181360 | Corr: 0.103260 | LR: 1.00e-04
2026-03-04 20:49:11,889 - INFO -   ↳ Saved best model (val_corr=0.103260)
2026-03-04 20:49:14,203 - INFO - Epoch  31/50 | Train: 0.179670 | Val: 0.181889 | Corr: 0.104548 | LR: 1.00e-04
2026-03-04 20:49:14,213 - INFO -   ↳ Saved best model (val_corr=0.104548)
2026-03-04 20:49:16,550 - INFO - Epoch  32/50 | Train: 0.179556 | Val: 0.182847 | Corr: 0.105239 | LR: 1.00e-04
2026-03-04 20:49:16,561 - INFO -   ↳ Saved best model (val_corr=0.105239)
2026-03-04 20:49:18,914 - INFO - Epoch  33/50 | Train: 0.179439 | Val: 0.182124 | Corr: 0.105586 | LR: 1.00e-04
2026-03-04 20:49:18,945 - INFO -   ↳ Saved best model (val_corr=0.105586)
2026-03-04 20:49:21,343 - INFO - Epoch  34/50 | Train: 0.179285 | Val: 0.182382 | Corr: 0.107506 | LR: 1.00e-04
2026-03-04 20:49:21,351 - INFO -   ↳ Saved best model (val_corr=0.107506)
2026-03-04 20:49:23,672 - INFO - Epoch  35/50 | Train: 0.179188 | Val: 0.181881 | Corr: 0.108037 | LR: 1.00e-04
2026-03-04 20:49:23,682 - INFO -   ↳ Saved best model (val_corr=0.108037)
2026-03-04 20:49:26,049 - INFO - Epoch  36/50 | Train: 0.179131 | Val: 0.181937 | Corr: 0.108462 | LR: 5.00e-05
2026-03-04 20:49:26,059 - INFO -   ↳ Saved best model (val_corr=0.108462)
2026-03-04 20:49:28,372 - INFO - Epoch  37/50 | Train: 0.178894 | Val: 0.181697 | Corr: 0.109032 | LR: 5.00e-05
2026-03-04 20:49:28,381 - INFO -   ↳ Saved best model (val_corr=0.109032)
2026-03-04 20:49:30,731 - INFO - Epoch  38/50 | Train: 0.178814 | Val: 0.181693 | Corr: 0.109326 | LR: 5.00e-05
2026-03-04 20:49:30,742 - INFO -   ↳ Saved best model (val_corr=0.109326)
2026-03-04 20:49:33,106 - INFO - Epoch  39/50 | Train: 0.178884 | Val: 0.181602 | Corr: 0.109959 | LR: 5.00e-05
2026-03-04 20:49:33,115 - INFO -   ↳ Saved best model (val_corr=0.109959)
2026-03-04 20:49:35,433 - INFO - Epoch  40/50 | Train: 0.178794 | Val: 0.181651 | Corr: 0.110372 | LR: 5.00e-05
2026-03-04 20:49:35,441 - INFO -   ↳ Saved best model (val_corr=0.110372)
2026-03-04 20:49:37,738 - INFO - Epoch  41/50 | Train: 0.178764 | Val: 0.181056 | Corr: 0.110801 | LR: 5.00e-05
2026-03-04 20:49:37,748 - INFO -   ↳ Saved best model (val_corr=0.110801)
2026-03-04 20:49:40,031 - INFO - Epoch  42/50 | Train: 0.178798 | Val: 0.181063 | Corr: 0.111024 | LR: 5.00e-05
2026-03-04 20:49:40,040 - INFO -   ↳ Saved best model (val_corr=0.111024)
2026-03-04 20:49:42,317 - INFO - Epoch  43/50 | Train: 0.178647 | Val: 0.181247 | Corr: 0.111280 | LR: 5.00e-05
2026-03-04 20:49:42,324 - INFO -   ↳ Saved best model (val_corr=0.111280)
2026-03-04 20:49:44,649 - INFO - Epoch  44/50 | Train: 0.178583 | Val: 0.181913 | Corr: 0.111454 | LR: 5.00e-05
2026-03-04 20:49:44,660 - INFO -   ↳ Saved best model (val_corr=0.111454)
2026-03-04 20:49:47,011 - INFO - Epoch  45/50 | Train: 0.178573 | Val: 0.181415 | Corr: 0.111906 | LR: 5.00e-05
2026-03-04 20:49:47,020 - INFO -   ↳ Saved best model (val_corr=0.111906)
2026-03-04 20:49:49,292 - INFO - Epoch  46/50 | Train: 0.178509 | Val: 0.181664 | Corr: 0.112301 | LR: 5.00e-05
2026-03-04 20:49:49,303 - INFO -   ↳ Saved best model (val_corr=0.112301)
2026-03-04 20:49:51,565 - INFO - Epoch  47/50 | Train: 0.178435 | Val: 0.181182 | Corr: 0.112614 | LR: 2.50e-05
2026-03-04 20:49:51,572 - INFO -   ↳ Saved best model (val_corr=0.112614)
2026-03-04 20:49:53,782 - INFO - Epoch  48/50 | Train: 0.178381 | Val: 0.181276 | Corr: 0.112780 | LR: 2.50e-05
2026-03-04 20:49:53,793 - INFO -   ↳ Saved best model (val_corr=0.112780)
2026-03-04 20:49:56,058 - INFO - Epoch  49/50 | Train: 0.178390 | Val: 0.180813 | Corr: 0.112753 | LR: 2.50e-05
2026-03-04 20:49:58,338 - INFO - Epoch  50/50 | Train: 0.178390 | Val: 0.181194 | Corr: 0.113302 | LR: 2.50e-05
2026-03-04 20:49:58,346 - INFO -   ↳ Saved best model (val_corr=0.113302)
2026-03-04 20:49:58,347 - INFO - Training complete — best val corr: 0.113302
2026-03-04 20:49:59,345 - INFO - Test loss: 0.171839, Test corr: 0.113430
2026-03-04 20:49:59,510 - INFO - Fraction of variance explained (FVE): 0.009375
2026-03-04 20:49:59,510 - INFO - Generating figures …
2026-03-04 20:49:59,873 - INFO - Correlation between predicted and actual per-neuron averages: r=0.9953, p=0.00e+00
2026-03-04 20:50:01,247 - INFO - Pattern selectivity summary:
2026-03-04 20:50:01,247 - INFO -   Mean correlation across neurons: 0.4049
2026-03-04 20:50:01,247 - INFO -   Median correlation: 0.4617
2026-03-04 20:50:01,247 - INFO -   Neurons with r > 0.5: 26 / 63
2026-03-04 20:50:01,247 - INFO -   Neurons with r > 0.3: 46 / 63
2026-03-04 20:50:01,247 - INFO - Pattern selectivity — mean neuron corr: 0.4049
2026-03-04 20:50:02,386 - INFO - LOO (avg rate) — Model mean r: 0.2419, LOO mean r: 0.4546, Neurons model > LOO: 1/63
2026-03-04 20:50:03,909 - INFO - LOO (temporal) — Model mean r: 0.1147, LOO mean r: 0.3186, Neurons model > LOO: 0/63
2026-03-04 20:50:03,909 - INFO - Skipping oracle trial plots (skip_oracle_plots=True)
2026-03-04 20:50:03,916 - INFO - Experiment complete. Summary: {
  "run_dir": "/scratch/sb272/patterns5k_results/slurm_base_cnn_2026-03-04_16-53-19/trial_0046_learning_rate=1.0e-04_kernel_sizes=3x3_conv_channels=64x128_fc_dims=256_seed4",
  "model_type": "cnn",
  "batch_avg_test_loss": 0.17183937084674836,
  "batch_avg_test_corr": 0.11343043269096006,
  "all_test_fve": 0.009374517296987867,
  "AR_FVE": NaN,
  "AR_test_correlation": NaN,
  "best_val_corr": 0.11330222656334277,
  "total_params": 82431,
  "trainable_params": 82431,
  "epochs_trained": 50,
  "mean_pattern_corr": 0.4048613186819813,
  "history": 0,
  "init_state": true,
  "loo_avg_mean_corr": 0.45456832695830385,
  "model_avg_mean_corr": 0.24189604652932037,
  "neurons_model_beats_loo_avg": 1,
  "loo_temporal_mean_corr": 0.31855225563049316,
  "all_test_corr": 0.11474603414535522,
  "neurons_model_beats_loo_temporal": 0,
  "kernel_sizes": [
    3,
    3
  ],
  "conv_channels": [
    64,
    128
  ],
  "fc_dims": [
    256
  ]
}
