2026-02-15 17:16:46,147 - INFO - ============================================================
2026-02-15 17:16:46,147 - INFO - Experiment run directory: results/base_cnn_kernel_sweep_2026-02-15_11-28-56/trial_0151_learning_rate=1.0e-04
2026-02-15 17:16:46,147 - INFO - ============================================================
2026-02-15 17:16:46,147 - INFO - Using preloaded raw data (skipping I/O)
2026-02-15 17:16:46,147 - INFO - Stimulation channels: 42, Spiking neurons: 63
2026-02-15 17:16:46,147 - INFO - Unique patterns: 4050, Total trials: 5000
2026-02-15 17:16:46,161 - INFO - Split (oracle): train=3400, val=600, test=1000
2026-02-15 17:17:00,328 - INFO - BinnedStimSpikeDataset initialized:
2026-02-15 17:17:00,328 - INFO -   input_bin_size_ms=10, output_bin_size_ms=10
2026-02-15 17:17:00,328 - INFO -   n_input_bins=60, n_output_bins=60
2026-02-15 17:17:00,328 - INFO -   output_offset=0, total_bins_input=60, total_bins_output=60
2026-02-15 17:17:00,328 - INFO -   Valid start positions per trial: 0 to 0
2026-02-15 17:17:00,328 - INFO -   Total samples: 3400 (3400 trials × 1 positions)
2026-02-15 17:17:13,789 - INFO - BinnedStimSpikeDataset initialized:
2026-02-15 17:17:13,790 - INFO -   input_bin_size_ms=10, output_bin_size_ms=10
2026-02-15 17:17:13,790 - INFO -   n_input_bins=60, n_output_bins=60
2026-02-15 17:17:13,790 - INFO -   output_offset=0, total_bins_input=60, total_bins_output=60
2026-02-15 17:17:13,790 - INFO -   Valid start positions per trial: 0 to 0
2026-02-15 17:17:13,790 - INFO -   Total samples: 600 (600 trials × 1 positions)
2026-02-15 17:17:27,331 - INFO - BinnedStimSpikeDataset initialized:
2026-02-15 17:17:27,331 - INFO -   input_bin_size_ms=10, output_bin_size_ms=10
2026-02-15 17:17:27,331 - INFO -   n_input_bins=60, n_output_bins=60
2026-02-15 17:17:27,331 - INFO -   output_offset=0, total_bins_input=60, total_bins_output=60
2026-02-15 17:17:27,331 - INFO -   Valid start positions per trial: 0 to 0
2026-02-15 17:17:27,331 - INFO -   Total samples: 1000 (1000 trials × 1 positions)
2026-02-15 17:17:27,334 - INFO - Samples — train: 3400, val: 600, test: 1000
2026-02-15 17:17:27,334 - INFO - Input channels: 42, Neurons: 63
2026-02-15 17:17:27,335 - INFO - Using Apple Silicon MPS acceleration
2026-02-15 17:17:27,353 - INFO - Model: CNN — 210,879 trainable params (210,879 total)
2026-02-15 17:17:27,353 - INFO - Starting training …
2026-02-15 17:17:30,241 - INFO - Epoch   1/50 | Train: 0.480438 | Val: 0.212313 | Corr: 0.078109 | LR: 1.00e-04
2026-02-15 17:17:30,260 - INFO -   ↳ Saved best model (val_corr=0.078109)
2026-02-15 17:17:33,164 - INFO - Epoch   2/50 | Train: 0.209965 | Val: 0.204678 | Corr: 0.128598 | LR: 1.00e-04
2026-02-15 17:17:33,180 - INFO -   ↳ Saved best model (val_corr=0.128598)
2026-02-15 17:17:36,171 - INFO - Epoch   3/50 | Train: 0.205905 | Val: 0.202983 | Corr: 0.140115 | LR: 1.00e-04
2026-02-15 17:17:36,188 - INFO -   ↳ Saved best model (val_corr=0.140115)
2026-02-15 17:17:38,668 - INFO - Epoch   4/50 | Train: 0.203898 | Val: 0.202013 | Corr: 0.147981 | LR: 1.00e-04
2026-02-15 17:17:38,684 - INFO -   ↳ Saved best model (val_corr=0.147981)
2026-02-15 17:17:41,461 - INFO - Epoch   5/50 | Train: 0.202488 | Val: 0.201092 | Corr: 0.154549 | LR: 1.00e-04
2026-02-15 17:17:41,486 - INFO -   ↳ Saved best model (val_corr=0.154549)
2026-02-15 17:17:43,992 - INFO - Epoch   6/50 | Train: 0.201195 | Val: 0.200378 | Corr: 0.159281 | LR: 1.00e-04
2026-02-15 17:17:44,009 - INFO -   ↳ Saved best model (val_corr=0.159281)
2026-02-15 17:17:46,617 - INFO - Epoch   7/50 | Train: 0.199988 | Val: 0.199526 | Corr: 0.164951 | LR: 1.00e-04
2026-02-15 17:17:46,628 - INFO -   ↳ Saved best model (val_corr=0.164951)
2026-02-15 17:17:49,202 - INFO - Epoch   8/50 | Train: 0.199023 | Val: 0.198852 | Corr: 0.168943 | LR: 1.00e-04
2026-02-15 17:17:49,210 - INFO -   ↳ Saved best model (val_corr=0.168943)
2026-02-15 17:17:51,665 - INFO - Epoch   9/50 | Train: 0.198191 | Val: 0.198366 | Corr: 0.171909 | LR: 1.00e-04
2026-02-15 17:17:51,673 - INFO -   ↳ Saved best model (val_corr=0.171909)
2026-02-15 17:17:54,052 - INFO - Epoch  10/50 | Train: 0.197327 | Val: 0.197844 | Corr: 0.175241 | LR: 1.00e-04
2026-02-15 17:17:54,065 - INFO -   ↳ Saved best model (val_corr=0.175241)
2026-02-15 17:17:56,777 - INFO - Epoch  11/50 | Train: 0.196626 | Val: 0.197342 | Corr: 0.178201 | LR: 1.00e-04
2026-02-15 17:17:56,787 - INFO -   ↳ Saved best model (val_corr=0.178201)
2026-02-15 17:17:59,226 - INFO - Epoch  12/50 | Train: 0.196081 | Val: 0.196958 | Corr: 0.180597 | LR: 1.00e-04
2026-02-15 17:17:59,235 - INFO -   ↳ Saved best model (val_corr=0.180597)
2026-02-15 17:18:01,704 - INFO - Epoch  13/50 | Train: 0.195512 | Val: 0.196620 | Corr: 0.183127 | LR: 1.00e-04
2026-02-15 17:18:01,714 - INFO -   ↳ Saved best model (val_corr=0.183127)
2026-02-15 17:18:04,210 - INFO - Epoch  14/50 | Train: 0.194880 | Val: 0.196174 | Corr: 0.186002 | LR: 1.00e-04
2026-02-15 17:18:04,217 - INFO -   ↳ Saved best model (val_corr=0.186002)
2026-02-15 17:18:06,940 - INFO - Epoch  15/50 | Train: 0.194422 | Val: 0.195867 | Corr: 0.188020 | LR: 1.00e-04
2026-02-15 17:18:06,953 - INFO -   ↳ Saved best model (val_corr=0.188020)
2026-02-15 17:18:09,563 - INFO - Epoch  16/50 | Train: 0.193873 | Val: 0.195508 | Corr: 0.191106 | LR: 1.00e-04
2026-02-15 17:18:09,571 - INFO -   ↳ Saved best model (val_corr=0.191106)
2026-02-15 17:18:11,941 - INFO - Epoch  17/50 | Train: 0.193336 | Val: 0.195088 | Corr: 0.193821 | LR: 1.00e-04
2026-02-15 17:18:11,954 - INFO -   ↳ Saved best model (val_corr=0.193821)
2026-02-15 17:18:14,529 - INFO - Epoch  18/50 | Train: 0.192846 | Val: 0.194674 | Corr: 0.196945 | LR: 1.00e-04
2026-02-15 17:18:14,541 - INFO -   ↳ Saved best model (val_corr=0.196945)
2026-02-15 17:18:17,360 - INFO - Epoch  19/50 | Train: 0.192325 | Val: 0.194319 | Corr: 0.199691 | LR: 1.00e-04
2026-02-15 17:18:17,365 - INFO -   ↳ Saved best model (val_corr=0.199691)
2026-02-15 17:18:19,677 - INFO - Epoch  20/50 | Train: 0.191856 | Val: 0.193877 | Corr: 0.202780 | LR: 1.00e-04
2026-02-15 17:18:19,682 - INFO -   ↳ Saved best model (val_corr=0.202780)
2026-02-15 17:18:22,705 - INFO - Epoch  21/50 | Train: 0.191345 | Val: 0.193507 | Corr: 0.205517 | LR: 1.00e-04
2026-02-15 17:18:22,713 - INFO -   ↳ Saved best model (val_corr=0.205517)
2026-02-15 17:18:24,999 - INFO - Epoch  22/50 | Train: 0.190821 | Val: 0.192833 | Corr: 0.209298 | LR: 1.00e-04
2026-02-15 17:18:25,004 - INFO -   ↳ Saved best model (val_corr=0.209298)
2026-02-15 17:18:27,304 - INFO - Epoch  23/50 | Train: 0.190349 | Val: 0.192473 | Corr: 0.212012 | LR: 1.00e-04
2026-02-15 17:18:27,309 - INFO -   ↳ Saved best model (val_corr=0.212012)
2026-02-15 17:18:29,912 - INFO - Epoch  24/50 | Train: 0.189897 | Val: 0.192186 | Corr: 0.214197 | LR: 1.00e-04
2026-02-15 17:18:29,917 - INFO -   ↳ Saved best model (val_corr=0.214197)
2026-02-15 17:18:32,584 - INFO - Epoch  25/50 | Train: 0.189411 | Val: 0.191656 | Corr: 0.216214 | LR: 1.00e-04
2026-02-15 17:18:32,589 - INFO -   ↳ Saved best model (val_corr=0.216214)
2026-02-15 17:18:35,346 - INFO - Epoch  26/50 | Train: 0.189115 | Val: 0.191319 | Corr: 0.218869 | LR: 1.00e-04
2026-02-15 17:18:35,354 - INFO -   ↳ Saved best model (val_corr=0.218869)
2026-02-15 17:18:38,251 - INFO - Epoch  27/50 | Train: 0.188688 | Val: 0.190943 | Corr: 0.220663 | LR: 1.00e-04
2026-02-15 17:18:38,260 - INFO -   ↳ Saved best model (val_corr=0.220663)
2026-02-15 17:18:40,812 - INFO - Epoch  28/50 | Train: 0.188307 | Val: 0.190612 | Corr: 0.222678 | LR: 1.00e-04
2026-02-15 17:18:40,826 - INFO -   ↳ Saved best model (val_corr=0.222678)
2026-02-15 17:18:43,547 - INFO - Epoch  29/50 | Train: 0.187900 | Val: 0.190469 | Corr: 0.224562 | LR: 1.00e-04
2026-02-15 17:18:43,557 - INFO -   ↳ Saved best model (val_corr=0.224562)
2026-02-15 17:18:45,760 - INFO - Epoch  30/50 | Train: 0.187594 | Val: 0.190095 | Corr: 0.226161 | LR: 1.00e-04
2026-02-15 17:18:45,764 - INFO -   ↳ Saved best model (val_corr=0.226161)
2026-02-15 17:18:48,192 - INFO - Epoch  31/50 | Train: 0.187340 | Val: 0.189835 | Corr: 0.227597 | LR: 1.00e-04
2026-02-15 17:18:48,197 - INFO -   ↳ Saved best model (val_corr=0.227597)
2026-02-15 17:18:50,804 - INFO - Epoch  32/50 | Train: 0.186992 | Val: 0.189671 | Corr: 0.227814 | LR: 1.00e-04
2026-02-15 17:18:50,808 - INFO -   ↳ Saved best model (val_corr=0.227814)
2026-02-15 17:18:53,369 - INFO - Epoch  33/50 | Train: 0.186763 | Val: 0.189422 | Corr: 0.230019 | LR: 1.00e-04
2026-02-15 17:18:53,374 - INFO -   ↳ Saved best model (val_corr=0.230019)
2026-02-15 17:18:55,971 - INFO - Epoch  34/50 | Train: 0.186490 | Val: 0.189229 | Corr: 0.231605 | LR: 1.00e-04
2026-02-15 17:18:55,978 - INFO -   ↳ Saved best model (val_corr=0.231605)
2026-02-15 17:18:58,499 - INFO - Epoch  35/50 | Train: 0.186163 | Val: 0.189040 | Corr: 0.232045 | LR: 1.00e-04
2026-02-15 17:18:58,506 - INFO -   ↳ Saved best model (val_corr=0.232045)
2026-02-15 17:19:01,053 - INFO - Epoch  36/50 | Train: 0.185931 | Val: 0.188816 | Corr: 0.233537 | LR: 1.00e-04
2026-02-15 17:19:01,062 - INFO -   ↳ Saved best model (val_corr=0.233537)
2026-02-15 17:19:03,670 - INFO - Epoch  37/50 | Train: 0.185667 | Val: 0.188587 | Corr: 0.234623 | LR: 1.00e-04
2026-02-15 17:19:03,682 - INFO -   ↳ Saved best model (val_corr=0.234623)
2026-02-15 17:19:06,058 - INFO - Epoch  38/50 | Train: 0.185372 | Val: 0.188407 | Corr: 0.236383 | LR: 1.00e-04
2026-02-15 17:19:06,075 - INFO -   ↳ Saved best model (val_corr=0.236383)
2026-02-15 17:19:08,547 - INFO - Epoch  39/50 | Train: 0.185185 | Val: 0.188170 | Corr: 0.236735 | LR: 1.00e-04
2026-02-15 17:19:08,562 - INFO -   ↳ Saved best model (val_corr=0.236735)
2026-02-15 17:19:10,858 - INFO - Epoch  40/50 | Train: 0.184899 | Val: 0.188019 | Corr: 0.238102 | LR: 1.00e-04
2026-02-15 17:19:10,867 - INFO -   ↳ Saved best model (val_corr=0.238102)
2026-02-15 17:19:13,347 - INFO - Epoch  41/50 | Train: 0.184659 | Val: 0.187866 | Corr: 0.238686 | LR: 1.00e-04
2026-02-15 17:19:13,357 - INFO -   ↳ Saved best model (val_corr=0.238686)
2026-02-15 17:19:16,117 - INFO - Epoch  42/50 | Train: 0.184457 | Val: 0.187540 | Corr: 0.240567 | LR: 1.00e-04
2026-02-15 17:19:16,123 - INFO -   ↳ Saved best model (val_corr=0.240567)
2026-02-15 17:19:18,794 - INFO - Epoch  43/50 | Train: 0.184195 | Val: 0.187440 | Corr: 0.240371 | LR: 1.00e-04
2026-02-15 17:19:21,323 - INFO - Epoch  44/50 | Train: 0.184017 | Val: 0.187331 | Corr: 0.241823 | LR: 1.00e-04
2026-02-15 17:19:21,328 - INFO -   ↳ Saved best model (val_corr=0.241823)
2026-02-15 17:19:23,671 - INFO - Epoch  45/50 | Train: 0.183839 | Val: 0.187142 | Corr: 0.242566 | LR: 1.00e-04
2026-02-15 17:19:23,676 - INFO -   ↳ Saved best model (val_corr=0.242566)
2026-02-15 17:19:26,187 - INFO - Epoch  46/50 | Train: 0.183615 | Val: 0.187060 | Corr: 0.243059 | LR: 1.00e-04
2026-02-15 17:19:26,192 - INFO -   ↳ Saved best model (val_corr=0.243059)
2026-02-15 17:19:28,855 - INFO - Epoch  47/50 | Train: 0.183426 | Val: 0.186974 | Corr: 0.243691 | LR: 1.00e-04
2026-02-15 17:19:28,861 - INFO -   ↳ Saved best model (val_corr=0.243691)
2026-02-15 17:19:31,447 - INFO - Epoch  48/50 | Train: 0.183247 | Val: 0.186767 | Corr: 0.244162 | LR: 1.00e-04
2026-02-15 17:19:31,455 - INFO -   ↳ Saved best model (val_corr=0.244162)
2026-02-15 17:19:34,124 - INFO - Epoch  49/50 | Train: 0.183100 | Val: 0.186617 | Corr: 0.245922 | LR: 1.00e-04
2026-02-15 17:19:34,129 - INFO -   ↳ Saved best model (val_corr=0.245922)
2026-02-15 17:19:36,741 - INFO - Epoch  50/50 | Train: 0.182882 | Val: 0.186451 | Corr: 0.246893 | LR: 1.00e-04
2026-02-15 17:19:36,746 - INFO -   ↳ Saved best model (val_corr=0.246893)
2026-02-15 17:19:36,747 - INFO - Training complete — best val corr: 0.246893
2026-02-15 17:19:37,111 - INFO - Test loss: 0.177687, Test corr: 0.240805
2026-02-15 17:19:37,223 - INFO - Generating figures …
2026-02-15 17:19:37,626 - INFO - Correlation between predicted and actual per-neuron averages: r=0.9937, p=8.59e-60
2026-02-15 17:19:38,297 - INFO - Pattern selectivity summary:
2026-02-15 17:19:38,297 - INFO -   Mean correlation across neurons: 0.3526
2026-02-15 17:19:38,297 - INFO -   Median correlation: 0.3751
2026-02-15 17:19:38,297 - INFO -   Neurons with r > 0.5: 15 / 63
2026-02-15 17:19:38,297 - INFO -   Neurons with r > 0.3: 39 / 63
2026-02-15 17:19:38,298 - INFO - Pattern selectivity — mean neuron corr: 0.3526
2026-02-15 17:19:38,650 - INFO - LOO baseline — Model mean r: 0.2018, LOO mean r: 0.4728, Neurons model > LOO: 1/63
2026-02-15 17:19:38,650 - INFO - Skipping oracle trial plots (skip_oracle_plots=True)
2026-02-15 17:19:38,651 - INFO - Experiment complete. Summary: {
  "run_dir": "results/base_cnn_kernel_sweep_2026-02-15_11-28-56/trial_0151_learning_rate=1.0e-04",
  "model_type": "cnn",
  "test_loss": 0.17768729960918425,
  "test_corr": 0.2408054260879789,
  "best_val_corr": 0.24689323232555532,
  "total_params": 210879,
  "trainable_params": 210879,
  "epochs_trained": 50,
  "mean_pattern_corr": 0.35255225779370936,
  "loo_mean_corr": 0.47275709111471625,
  "model_sample_mean_corr": 0.20183356633343402,
  "neurons_model_beats_loo": 1
}
2026-02-15 17:19:38,651 - INFO - 
======================================================================
2026-02-15 17:19:38,651 - INFO - [153/216] trial_0152_learning_rate=1.0e-04
2026-02-15 17:19:38,651 - INFO -   Overrides: {"kernel_sizes": [30], "learning_rate": 0.0001, "fc_dims": [256], "weight_decay": 0.0001, "conv_channels": [256]}
2026-02-15 17:19:38,651 - INFO -   Output: results/base_cnn_kernel_sweep_2026-02-15_11-28-56/trial_0152_learning_rate=1.0e-04
