2026-03-05 21:44:14,284 - INFO - ============================================================
2026-03-05 21:44:14,284 - INFO - Experiment run directory: /scratch/sb272/patterns5k_results/slurm_hist_cnn_2026-03-05_16-01-45/trial_0067_learning_rate=1.0e-04_history=20_kernel_sizes=3x3x3_conv_channels=32x64x128_fc_dims=256_seed0
2026-03-05 21:44:14,284 - INFO - ============================================================
2026-03-05 21:44:14,284 - INFO - Loading data …
2026-03-05 21:44:15,184 - INFO - 63 unique neurons after dropping problematic neurons
2026-03-05 21:44:16,406 - INFO - Stimulation channels: 42, Spiking neurons: 63
2026-03-05 21:46:19,770 - INFO - Unique patterns: 4050, Total trials: 5000
2026-03-05 21:46:19,771 - INFO - Stimulation channels: 42, Spiking neurons: 63
2026-03-05 21:46:19,771 - INFO - Unique patterns: 4050, Total trials: 5000
2026-03-05 21:46:19,789 - INFO - Split (oracle): train=3400, val=600, test=1000
2026-03-05 21:46:45,011 - INFO - BinnedStimSpikeDataset initialized:
2026-03-05 21:46:45,012 - INFO -   input_bin_size_ms=10, output_bin_size_ms=10
2026-03-05 21:46:45,012 - INFO -   n_input_bins=60, n_output_bins=60
2026-03-05 21:46:45,012 - INFO -   output_offset=0, total_bins_input=60, total_bins_output=60
2026-03-05 21:46:45,012 - INFO -   Valid start positions per trial: 0 to 0
2026-03-05 21:46:45,012 - INFO -   Total samples: 3400 (3400 trials × 1 positions)
2026-03-05 21:47:09,185 - INFO - BinnedStimSpikeDataset initialized:
2026-03-05 21:47:09,185 - INFO -   input_bin_size_ms=10, output_bin_size_ms=10
2026-03-05 21:47:09,185 - INFO -   n_input_bins=60, n_output_bins=60
2026-03-05 21:47:09,185 - INFO -   output_offset=0, total_bins_input=60, total_bins_output=60
2026-03-05 21:47:09,185 - INFO -   Valid start positions per trial: 0 to 0
2026-03-05 21:47:09,185 - INFO -   Total samples: 600 (600 trials × 1 positions)
2026-03-05 21:47:33,843 - INFO - BinnedStimSpikeDataset initialized:
2026-03-05 21:47:33,843 - INFO -   input_bin_size_ms=10, output_bin_size_ms=10
2026-03-05 21:47:33,843 - INFO -   n_input_bins=60, n_output_bins=60
2026-03-05 21:47:33,843 - INFO -   output_offset=0, total_bins_input=60, total_bins_output=60
2026-03-05 21:47:33,843 - INFO -   Valid start positions per trial: 0 to 0
2026-03-05 21:47:33,843 - INFO -   Total samples: 1000 (1000 trials × 1 positions)
2026-03-05 21:47:33,843 - INFO - Samples — train: 3400, val: 600, test: 1000
2026-03-05 21:47:33,843 - INFO - Input channels: 105, Neurons: 63
2026-03-05 21:47:33,847 - INFO - Using CPU
2026-03-05 21:47:33,863 - INFO - Model: CNN — 90,687 trainable params (90,687 total)
2026-03-05 21:47:37,462 - INFO - Starting training …
2026-03-05 21:47:42,644 - INFO - Epoch   1/50 | Train: 0.462219 | Val: 0.203262 | Corr: 0.044842 | LR: 1.00e-04
2026-03-05 21:47:42,654 - INFO -   ↳ Saved best model (val_corr=0.044842)
2026-03-05 21:47:47,078 - INFO - Epoch   2/50 | Train: 0.190152 | Val: 0.189112 | Corr: 0.054325 | LR: 1.00e-04
2026-03-05 21:47:47,089 - INFO -   ↳ Saved best model (val_corr=0.054325)
2026-03-05 21:47:51,521 - INFO - Epoch   3/50 | Train: 0.187592 | Val: 0.188054 | Corr: 0.058750 | LR: 1.00e-04
2026-03-05 21:47:51,531 - INFO -   ↳ Saved best model (val_corr=0.058750)
2026-03-05 21:47:56,002 - INFO - Epoch   4/50 | Train: 0.186802 | Val: 0.187654 | Corr: 0.062465 | LR: 1.00e-04
2026-03-05 21:47:56,015 - INFO -   ↳ Saved best model (val_corr=0.062465)
2026-03-05 21:48:00,375 - INFO - Epoch   5/50 | Train: 0.186143 | Val: 0.186034 | Corr: 0.065568 | LR: 1.00e-04
2026-03-05 21:48:00,383 - INFO -   ↳ Saved best model (val_corr=0.065568)
2026-03-05 21:48:04,771 - INFO - Epoch   6/50 | Train: 0.185563 | Val: 0.186167 | Corr: 0.067775 | LR: 1.00e-04
2026-03-05 21:48:04,780 - INFO -   ↳ Saved best model (val_corr=0.067775)
2026-03-05 21:48:09,310 - INFO - Epoch   7/50 | Train: 0.184950 | Val: 0.185961 | Corr: 0.069744 | LR: 1.00e-04
2026-03-05 21:48:09,322 - INFO -   ↳ Saved best model (val_corr=0.069744)
2026-03-05 21:48:13,742 - INFO - Epoch   8/50 | Train: 0.184736 | Val: 0.185265 | Corr: 0.071564 | LR: 1.00e-04
2026-03-05 21:48:13,753 - INFO -   ↳ Saved best model (val_corr=0.071564)
2026-03-05 21:48:18,190 - INFO - Epoch   9/50 | Train: 0.184301 | Val: 0.184984 | Corr: 0.073178 | LR: 1.00e-04
2026-03-05 21:48:18,201 - INFO -   ↳ Saved best model (val_corr=0.073178)
2026-03-05 21:48:22,727 - INFO - Epoch  10/50 | Train: 0.183929 | Val: 0.184725 | Corr: 0.075046 | LR: 1.00e-04
2026-03-05 21:48:22,736 - INFO -   ↳ Saved best model (val_corr=0.075046)
2026-03-05 21:48:27,280 - INFO - Epoch  11/50 | Train: 0.183653 | Val: 0.184329 | Corr: 0.076249 | LR: 1.00e-04
2026-03-05 21:48:27,288 - INFO -   ↳ Saved best model (val_corr=0.076249)
2026-03-05 21:48:31,679 - INFO - Epoch  12/50 | Train: 0.183382 | Val: 0.184480 | Corr: 0.078008 | LR: 1.00e-04
2026-03-05 21:48:31,689 - INFO -   ↳ Saved best model (val_corr=0.078008)
2026-03-05 21:48:36,028 - INFO - Epoch  13/50 | Train: 0.183146 | Val: 0.184045 | Corr: 0.078534 | LR: 1.00e-04
2026-03-05 21:48:36,037 - INFO -   ↳ Saved best model (val_corr=0.078534)
2026-03-05 21:48:40,513 - INFO - Epoch  14/50 | Train: 0.182823 | Val: 0.184409 | Corr: 0.080132 | LR: 1.00e-04
2026-03-05 21:48:40,523 - INFO -   ↳ Saved best model (val_corr=0.080132)
2026-03-05 21:48:44,852 - INFO - Epoch  15/50 | Train: 0.182721 | Val: 0.183854 | Corr: 0.082214 | LR: 1.00e-04
2026-03-05 21:48:44,861 - INFO -   ↳ Saved best model (val_corr=0.082214)
2026-03-05 21:48:49,199 - INFO - Epoch  16/50 | Train: 0.182478 | Val: 0.183647 | Corr: 0.082774 | LR: 1.00e-04
2026-03-05 21:48:49,206 - INFO -   ↳ Saved best model (val_corr=0.082774)
2026-03-05 21:48:53,559 - INFO - Epoch  17/50 | Train: 0.182233 | Val: 0.183312 | Corr: 0.083938 | LR: 1.00e-04
2026-03-05 21:48:53,567 - INFO -   ↳ Saved best model (val_corr=0.083938)
2026-03-05 21:48:58,085 - INFO - Epoch  18/50 | Train: 0.182028 | Val: 0.183545 | Corr: 0.085823 | LR: 1.00e-04
2026-03-05 21:48:58,096 - INFO -   ↳ Saved best model (val_corr=0.085823)
2026-03-05 21:49:02,533 - INFO - Epoch  19/50 | Train: 0.181847 | Val: 0.183515 | Corr: 0.087616 | LR: 1.00e-04
2026-03-05 21:49:02,543 - INFO -   ↳ Saved best model (val_corr=0.087616)
2026-03-05 21:49:06,973 - INFO - Epoch  20/50 | Train: 0.181710 | Val: 0.183185 | Corr: 0.087930 | LR: 1.00e-04
2026-03-05 21:49:06,982 - INFO -   ↳ Saved best model (val_corr=0.087930)
2026-03-05 21:49:11,541 - INFO - Epoch  21/50 | Train: 0.181500 | Val: 0.182903 | Corr: 0.089386 | LR: 1.00e-04
2026-03-05 21:49:11,549 - INFO -   ↳ Saved best model (val_corr=0.089386)
2026-03-05 21:49:15,942 - INFO - Epoch  22/50 | Train: 0.181376 | Val: 0.182935 | Corr: 0.091089 | LR: 1.00e-04
2026-03-05 21:49:15,953 - INFO -   ↳ Saved best model (val_corr=0.091089)
2026-03-05 21:49:20,358 - INFO - Epoch  23/50 | Train: 0.181142 | Val: 0.182605 | Corr: 0.092700 | LR: 1.00e-04
2026-03-05 21:49:20,366 - INFO -   ↳ Saved best model (val_corr=0.092700)
2026-03-05 21:49:24,763 - INFO - Epoch  24/50 | Train: 0.181014 | Val: 0.182463 | Corr: 0.093229 | LR: 1.00e-04
2026-03-05 21:49:24,775 - INFO -   ↳ Saved best model (val_corr=0.093229)
2026-03-05 21:49:29,252 - INFO - Epoch  25/50 | Train: 0.180938 | Val: 0.182387 | Corr: 0.093584 | LR: 1.00e-04
2026-03-05 21:49:29,261 - INFO -   ↳ Saved best model (val_corr=0.093584)
2026-03-05 21:49:33,669 - INFO - Epoch  26/50 | Train: 0.180746 | Val: 0.182568 | Corr: 0.095618 | LR: 1.00e-04
2026-03-05 21:49:33,679 - INFO -   ↳ Saved best model (val_corr=0.095618)
2026-03-05 21:49:38,064 - INFO - Epoch  27/50 | Train: 0.180664 | Val: 0.182273 | Corr: 0.096386 | LR: 1.00e-04
2026-03-05 21:49:38,075 - INFO -   ↳ Saved best model (val_corr=0.096386)
2026-03-05 21:49:42,619 - INFO - Epoch  28/50 | Train: 0.180414 | Val: 0.182350 | Corr: 0.096278 | LR: 1.00e-04
2026-03-05 21:49:47,017 - INFO - Epoch  29/50 | Train: 0.180275 | Val: 0.182002 | Corr: 0.098111 | LR: 1.00e-04
2026-03-05 21:49:47,027 - INFO -   ↳ Saved best model (val_corr=0.098111)
2026-03-05 21:49:51,413 - INFO - Epoch  30/50 | Train: 0.180202 | Val: 0.182280 | Corr: 0.099346 | LR: 1.00e-04
2026-03-05 21:49:51,421 - INFO -   ↳ Saved best model (val_corr=0.099346)
2026-03-05 21:49:55,829 - INFO - Epoch  31/50 | Train: 0.180062 | Val: 0.181972 | Corr: 0.099914 | LR: 1.00e-04
2026-03-05 21:49:55,841 - INFO -   ↳ Saved best model (val_corr=0.099914)
2026-03-05 21:50:00,387 - INFO - Epoch  32/50 | Train: 0.179970 | Val: 0.182135 | Corr: 0.102100 | LR: 1.00e-04
2026-03-05 21:50:00,398 - INFO -   ↳ Saved best model (val_corr=0.102100)
2026-03-05 21:50:04,805 - INFO - Epoch  33/50 | Train: 0.179844 | Val: 0.181868 | Corr: 0.102295 | LR: 1.00e-04
2026-03-05 21:50:04,814 - INFO -   ↳ Saved best model (val_corr=0.102295)
2026-03-05 21:50:09,168 - INFO - Epoch  34/50 | Train: 0.179727 | Val: 0.181546 | Corr: 0.103811 | LR: 1.00e-04
2026-03-05 21:50:09,179 - INFO -   ↳ Saved best model (val_corr=0.103811)
2026-03-05 21:50:13,710 - INFO - Epoch  35/50 | Train: 0.179607 | Val: 0.181347 | Corr: 0.104958 | LR: 1.00e-04
2026-03-05 21:50:13,718 - INFO -   ↳ Saved best model (val_corr=0.104958)
2026-03-05 21:50:18,118 - INFO - Epoch  36/50 | Train: 0.179426 | Val: 0.181783 | Corr: 0.105732 | LR: 1.00e-04
2026-03-05 21:50:18,127 - INFO -   ↳ Saved best model (val_corr=0.105732)
2026-03-05 21:50:22,494 - INFO - Epoch  37/50 | Train: 0.179367 | Val: 0.181126 | Corr: 0.107126 | LR: 1.00e-04
2026-03-05 21:50:22,503 - INFO -   ↳ Saved best model (val_corr=0.107126)
2026-03-05 21:50:26,979 - INFO - Epoch  38/50 | Train: 0.179180 | Val: 0.181374 | Corr: 0.107555 | LR: 1.00e-04
2026-03-05 21:50:26,990 - INFO -   ↳ Saved best model (val_corr=0.107555)
2026-03-05 21:50:31,385 - INFO - Epoch  39/50 | Train: 0.179178 | Val: 0.180995 | Corr: 0.109021 | LR: 1.00e-04
2026-03-05 21:50:31,394 - INFO -   ↳ Saved best model (val_corr=0.109021)
2026-03-05 21:50:35,735 - INFO - Epoch  40/50 | Train: 0.179004 | Val: 0.180976 | Corr: 0.109580 | LR: 1.00e-04
2026-03-05 21:50:35,745 - INFO -   ↳ Saved best model (val_corr=0.109580)
2026-03-05 21:50:40,093 - INFO - Epoch  41/50 | Train: 0.178890 | Val: 0.181034 | Corr: 0.110332 | LR: 1.00e-04
2026-03-05 21:50:40,103 - INFO -   ↳ Saved best model (val_corr=0.110332)
2026-03-05 21:50:44,675 - INFO - Epoch  42/50 | Train: 0.178792 | Val: 0.180876 | Corr: 0.111300 | LR: 1.00e-04
2026-03-05 21:50:44,685 - INFO -   ↳ Saved best model (val_corr=0.111300)
2026-03-05 21:50:49,135 - INFO - Epoch  43/50 | Train: 0.178722 | Val: 0.180795 | Corr: 0.112009 | LR: 1.00e-04
2026-03-05 21:50:49,146 - INFO -   ↳ Saved best model (val_corr=0.112009)
2026-03-05 21:50:53,603 - INFO - Epoch  44/50 | Train: 0.178716 | Val: 0.180582 | Corr: 0.113286 | LR: 1.00e-04
2026-03-05 21:50:53,612 - INFO -   ↳ Saved best model (val_corr=0.113286)
2026-03-05 21:50:58,108 - INFO - Epoch  45/50 | Train: 0.178553 | Val: 0.180570 | Corr: 0.113692 | LR: 1.00e-04
2026-03-05 21:50:58,117 - INFO -   ↳ Saved best model (val_corr=0.113692)
2026-03-05 21:51:02,419 - INFO - Epoch  46/50 | Train: 0.178458 | Val: 0.180565 | Corr: 0.114327 | LR: 1.00e-04
2026-03-05 21:51:02,435 - INFO -   ↳ Saved best model (val_corr=0.114327)
2026-03-05 21:51:06,842 - INFO - Epoch  47/50 | Train: 0.178448 | Val: 0.180661 | Corr: 0.115244 | LR: 1.00e-04
2026-03-05 21:51:06,853 - INFO -   ↳ Saved best model (val_corr=0.115244)
2026-03-05 21:51:11,351 - INFO - Epoch  48/50 | Train: 0.178294 | Val: 0.180462 | Corr: 0.115574 | LR: 1.00e-04
2026-03-05 21:51:11,364 - INFO -   ↳ Saved best model (val_corr=0.115574)
2026-03-05 21:51:15,983 - INFO - Epoch  49/50 | Train: 0.178212 | Val: 0.180524 | Corr: 0.115897 | LR: 1.00e-04
2026-03-05 21:51:15,994 - INFO -   ↳ Saved best model (val_corr=0.115897)
2026-03-05 21:51:20,520 - INFO - Epoch  50/50 | Train: 0.178152 | Val: 0.180509 | Corr: 0.116380 | LR: 1.00e-04
2026-03-05 21:51:20,529 - INFO -   ↳ Saved best model (val_corr=0.116380)
2026-03-05 21:51:20,529 - INFO - Training complete — best val corr: 0.116380
2026-03-05 21:51:21,890 - INFO - Test loss: 0.169794, Test corr: 0.116435
2026-03-05 21:51:22,209 - INFO - Fraction of variance explained (FVE): 0.015740
2026-03-05 21:51:22,209 - INFO - Computing autoregressive (AR) test predictions …
2026-03-05 21:51:22,727 - INFO - AR FVE: 0.014709, AR test corr: 0.113430
2026-03-05 21:51:22,727 - INFO - Generating figures …
2026-03-05 21:51:23,259 - INFO - Correlation between predicted and actual per-neuron averages: r=0.9919, p=0.00e+00
2026-03-05 21:51:25,037 - INFO - Pattern selectivity summary:
2026-03-05 21:51:25,037 - INFO -   Mean correlation across neurons: 0.4202
2026-03-05 21:51:25,037 - INFO -   Median correlation: 0.4148
2026-03-05 21:51:25,037 - INFO -   Neurons with r > 0.5: 25 / 63
2026-03-05 21:51:25,037 - INFO -   Neurons with r > 0.3: 45 / 63
2026-03-05 21:51:25,037 - INFO - Pattern selectivity — mean neuron corr: 0.4202
2026-03-05 21:51:26,459 - INFO - LOO (avg rate) — Model mean r: 0.2968, LOO mean r: 0.4546, Neurons model > LOO: 6/63
2026-03-05 21:51:28,545 - INFO - LOO (temporal) — Model mean r: 0.1202, LOO mean r: 0.3186, Neurons model > LOO: 0/63
2026-03-05 21:51:28,545 - INFO - Skipping oracle trial plots (skip_oracle_plots=True)
2026-03-05 21:51:28,551 - INFO - Experiment complete. Summary: {
  "run_dir": "/scratch/sb272/patterns5k_results/slurm_hist_cnn_2026-03-05_16-01-45/trial_0067_learning_rate=1.0e-04_history=20_kernel_sizes=3x3x3_conv_channels=32x64x128_fc_dims=256_seed0",
  "model_type": "cnn",
  "batch_avg_test_loss": 0.1697936931848526,
  "batch_avg_test_corr": 0.11643510672134594,
  "all_test_fve": 0.015739803276364765,
  "AR_FVE": 0.014709461302984329,
  "AR_test_correlation": 0.11342976242303848,
  "best_val_corr": 0.11637960026560956,
  "total_params": 90687,
  "trainable_params": 90687,
  "epochs_trained": 50,
  "mean_pattern_corr": 0.42020302974978624,
  "history": 20,
  "init_state": true,
  "loo_avg_mean_corr": 0.45456832695830385,
  "model_avg_mean_corr": 0.29681005505473856,
  "neurons_model_beats_loo_avg": 6,
  "loo_temporal_mean_corr": 0.31855225563049316,
  "all_test_corr": 0.1202392578125,
  "neurons_model_beats_loo_temporal": 0,
  "kernel_sizes": [
    3,
    3,
    3
  ],
  "conv_channels": [
    32,
    64,
    128
  ],
  "fc_dims": [
    256
  ]
}
