2026-03-04 17:44:19,881 - INFO - ============================================================
2026-03-04 17:44:19,881 - INFO - Experiment run directory: /scratch/sb272/patterns5k_results/slurm_base_cnn_2026-03-04_16-53-19/trial_0062_learning_rate=5.0e-04_kernel_sizes=3x3_conv_channels=64x128_fc_dims=512_seed1
2026-03-04 17:44:19,881 - INFO - ============================================================
2026-03-04 17:44:19,881 - INFO - Loading data …
2026-03-04 17:44:21,072 - INFO - 63 unique neurons after dropping problematic neurons
2026-03-04 17:44:21,946 - INFO - Stimulation channels: 42, Spiking neurons: 63
2026-03-04 17:45:31,605 - INFO - Unique patterns: 4050, Total trials: 5000
2026-03-04 17:45:31,606 - INFO - Stimulation channels: 42, Spiking neurons: 63
2026-03-04 17:45:31,607 - INFO - Unique patterns: 4050, Total trials: 5000
2026-03-04 17:45:31,617 - INFO - Split (oracle): train=3400, val=600, test=1000
2026-03-04 17:45:45,771 - INFO - BinnedStimSpikeDataset initialized:
2026-03-04 17:45:45,771 - INFO -   input_bin_size_ms=10, output_bin_size_ms=10
2026-03-04 17:45:45,771 - INFO -   n_input_bins=60, n_output_bins=60
2026-03-04 17:45:45,771 - INFO -   output_offset=0, total_bins_input=60, total_bins_output=60
2026-03-04 17:45:45,771 - INFO -   Valid start positions per trial: 0 to 0
2026-03-04 17:45:45,772 - INFO -   Total samples: 3400 (3400 trials × 1 positions)
2026-03-04 17:45:59,519 - INFO - BinnedStimSpikeDataset initialized:
2026-03-04 17:45:59,519 - INFO -   input_bin_size_ms=10, output_bin_size_ms=10
2026-03-04 17:45:59,519 - INFO -   n_input_bins=60, n_output_bins=60
2026-03-04 17:45:59,519 - INFO -   output_offset=0, total_bins_input=60, total_bins_output=60
2026-03-04 17:45:59,519 - INFO -   Valid start positions per trial: 0 to 0
2026-03-04 17:45:59,519 - INFO -   Total samples: 600 (600 trials × 1 positions)
2026-03-04 17:46:13,285 - INFO - BinnedStimSpikeDataset initialized:
2026-03-04 17:46:13,285 - INFO -   input_bin_size_ms=10, output_bin_size_ms=10
2026-03-04 17:46:13,285 - INFO -   n_input_bins=60, n_output_bins=60
2026-03-04 17:46:13,285 - INFO -   output_offset=0, total_bins_input=60, total_bins_output=60
2026-03-04 17:46:13,285 - INFO -   Valid start positions per trial: 0 to 0
2026-03-04 17:46:13,285 - INFO -   Total samples: 1000 (1000 trials × 1 positions)
2026-03-04 17:46:13,286 - INFO - Samples — train: 3400, val: 600, test: 1000
2026-03-04 17:46:13,286 - INFO - Input channels: 42, Neurons: 63
2026-03-04 17:46:13,301 - INFO - Using CPU
2026-03-04 17:46:13,305 - INFO - Model: CNN — 131,583 trainable params (131,583 total)
2026-03-04 17:46:17,436 - INFO - Starting training …
2026-03-04 17:46:21,092 - INFO - Epoch   1/50 | Train: 0.231298 | Val: 0.186377 | Corr: 0.065945 | LR: 5.00e-04
2026-03-04 17:46:21,102 - INFO -   ↳ Saved best model (val_corr=0.065945)
2026-03-04 17:46:24,096 - INFO - Epoch   2/50 | Train: 0.184984 | Val: 0.188408 | Corr: 0.079829 | LR: 5.00e-04
2026-03-04 17:46:24,106 - INFO -   ↳ Saved best model (val_corr=0.079829)
2026-03-04 17:46:27,080 - INFO - Epoch   3/50 | Train: 0.183369 | Val: 0.185775 | Corr: 0.085627 | LR: 5.00e-04
2026-03-04 17:46:27,101 - INFO -   ↳ Saved best model (val_corr=0.085627)
2026-03-04 17:46:30,071 - INFO - Epoch   4/50 | Train: 0.182320 | Val: 0.184078 | Corr: 0.093846 | LR: 5.00e-04
2026-03-04 17:46:30,083 - INFO -   ↳ Saved best model (val_corr=0.093846)
2026-03-04 17:46:33,089 - INFO - Epoch   5/50 | Train: 0.181408 | Val: 0.184549 | Corr: 0.098605 | LR: 5.00e-04
2026-03-04 17:46:33,099 - INFO -   ↳ Saved best model (val_corr=0.098605)
2026-03-04 17:46:36,070 - INFO - Epoch   6/50 | Train: 0.180776 | Val: 0.183820 | Corr: 0.103656 | LR: 5.00e-04
2026-03-04 17:46:36,083 - INFO -   ↳ Saved best model (val_corr=0.103656)
2026-03-04 17:46:39,035 - INFO - Epoch   7/50 | Train: 0.180218 | Val: 0.181804 | Corr: 0.107287 | LR: 5.00e-04
2026-03-04 17:46:39,048 - INFO -   ↳ Saved best model (val_corr=0.107287)
2026-03-04 17:46:41,982 - INFO - Epoch   8/50 | Train: 0.179568 | Val: 0.181310 | Corr: 0.110566 | LR: 5.00e-04
2026-03-04 17:46:41,993 - INFO -   ↳ Saved best model (val_corr=0.110566)
2026-03-04 17:46:44,967 - INFO - Epoch   9/50 | Train: 0.179178 | Val: 0.182880 | Corr: 0.115091 | LR: 5.00e-04
2026-03-04 17:46:44,976 - INFO -   ↳ Saved best model (val_corr=0.115091)
2026-03-04 17:46:47,941 - INFO - Epoch  10/50 | Train: 0.178864 | Val: 0.180353 | Corr: 0.117005 | LR: 5.00e-04
2026-03-04 17:46:47,952 - INFO -   ↳ Saved best model (val_corr=0.117005)
2026-03-04 17:46:50,929 - INFO - Epoch  11/50 | Train: 0.178532 | Val: 0.181630 | Corr: 0.120069 | LR: 5.00e-04
2026-03-04 17:46:50,940 - INFO -   ↳ Saved best model (val_corr=0.120069)
2026-03-04 17:46:53,899 - INFO - Epoch  12/50 | Train: 0.178294 | Val: 0.180333 | Corr: 0.121591 | LR: 5.00e-04
2026-03-04 17:46:53,907 - INFO -   ↳ Saved best model (val_corr=0.121591)
2026-03-04 17:46:56,890 - INFO - Epoch  13/50 | Train: 0.178015 | Val: 0.179479 | Corr: 0.123273 | LR: 5.00e-04
2026-03-04 17:46:56,901 - INFO -   ↳ Saved best model (val_corr=0.123273)
2026-03-04 17:46:59,852 - INFO - Epoch  14/50 | Train: 0.177789 | Val: 0.180414 | Corr: 0.125276 | LR: 5.00e-04
2026-03-04 17:46:59,869 - INFO -   ↳ Saved best model (val_corr=0.125276)
2026-03-04 17:47:02,789 - INFO - Epoch  15/50 | Train: 0.177581 | Val: 0.179648 | Corr: 0.125352 | LR: 5.00e-04
2026-03-04 17:47:02,802 - INFO -   ↳ Saved best model (val_corr=0.125352)
2026-03-04 17:47:05,734 - INFO - Epoch  16/50 | Train: 0.177424 | Val: 0.182188 | Corr: 0.128229 | LR: 5.00e-04
2026-03-04 17:47:05,744 - INFO -   ↳ Saved best model (val_corr=0.128229)
2026-03-04 17:47:08,675 - INFO - Epoch  17/50 | Train: 0.177315 | Val: 0.180501 | Corr: 0.129912 | LR: 5.00e-04
2026-03-04 17:47:08,685 - INFO -   ↳ Saved best model (val_corr=0.129912)
2026-03-04 17:47:11,628 - INFO - Epoch  18/50 | Train: 0.177104 | Val: 0.178671 | Corr: 0.130670 | LR: 5.00e-04
2026-03-04 17:47:11,636 - INFO -   ↳ Saved best model (val_corr=0.130670)
2026-03-04 17:47:14,512 - INFO - Epoch  19/50 | Train: 0.177004 | Val: 0.180172 | Corr: 0.131212 | LR: 5.00e-04
2026-03-04 17:47:14,522 - INFO -   ↳ Saved best model (val_corr=0.131212)
2026-03-04 17:47:17,421 - INFO - Epoch  20/50 | Train: 0.177041 | Val: 0.179103 | Corr: 0.133139 | LR: 5.00e-04
2026-03-04 17:47:17,430 - INFO -   ↳ Saved best model (val_corr=0.133139)
2026-03-04 17:47:20,297 - INFO - Epoch  21/50 | Train: 0.176870 | Val: 0.177628 | Corr: 0.132818 | LR: 5.00e-04
2026-03-04 17:47:23,143 - INFO - Epoch  22/50 | Train: 0.176746 | Val: 0.179704 | Corr: 0.133909 | LR: 5.00e-04
2026-03-04 17:47:23,163 - INFO -   ↳ Saved best model (val_corr=0.133909)
2026-03-04 17:47:26,020 - INFO - Epoch  23/50 | Train: 0.176567 | Val: 0.178373 | Corr: 0.133983 | LR: 5.00e-04
2026-03-04 17:47:26,033 - INFO -   ↳ Saved best model (val_corr=0.133983)
2026-03-04 17:47:28,910 - INFO - Epoch  24/50 | Train: 0.176487 | Val: 0.178158 | Corr: 0.135135 | LR: 5.00e-04
2026-03-04 17:47:28,921 - INFO -   ↳ Saved best model (val_corr=0.135135)
2026-03-04 17:47:31,720 - INFO - Epoch  25/50 | Train: 0.176413 | Val: 0.179025 | Corr: 0.135811 | LR: 5.00e-04
2026-03-04 17:47:31,736 - INFO -   ↳ Saved best model (val_corr=0.135811)
2026-03-04 17:47:34,514 - INFO - Epoch  26/50 | Train: 0.176306 | Val: 0.178447 | Corr: 0.136056 | LR: 5.00e-04
2026-03-04 17:47:34,527 - INFO -   ↳ Saved best model (val_corr=0.136056)
2026-03-04 17:47:37,360 - INFO - Epoch  27/50 | Train: 0.176191 | Val: 0.178746 | Corr: 0.137183 | LR: 2.50e-04
2026-03-04 17:47:37,369 - INFO -   ↳ Saved best model (val_corr=0.137183)
2026-03-04 17:47:40,227 - INFO - Epoch  28/50 | Train: 0.175926 | Val: 0.178809 | Corr: 0.138040 | LR: 2.50e-04
2026-03-04 17:47:40,237 - INFO -   ↳ Saved best model (val_corr=0.138040)
2026-03-04 17:47:43,091 - INFO - Epoch  29/50 | Train: 0.175730 | Val: 0.178672 | Corr: 0.138327 | LR: 2.50e-04
2026-03-04 17:47:43,101 - INFO -   ↳ Saved best model (val_corr=0.138327)
2026-03-04 17:47:45,941 - INFO - Epoch  30/50 | Train: 0.175729 | Val: 0.178352 | Corr: 0.138284 | LR: 2.50e-04
2026-03-04 17:47:48,788 - INFO - Epoch  31/50 | Train: 0.175692 | Val: 0.177858 | Corr: 0.138439 | LR: 2.50e-04
2026-03-04 17:47:48,799 - INFO -   ↳ Saved best model (val_corr=0.138439)
2026-03-04 17:47:51,657 - INFO - Epoch  32/50 | Train: 0.175663 | Val: 0.177923 | Corr: 0.138616 | LR: 2.50e-04
2026-03-04 17:47:51,668 - INFO -   ↳ Saved best model (val_corr=0.138616)
2026-03-04 17:47:54,502 - INFO - Epoch  33/50 | Train: 0.175679 | Val: 0.179122 | Corr: 0.138893 | LR: 1.25e-04
2026-03-04 17:47:54,511 - INFO -   ↳ Saved best model (val_corr=0.138893)
2026-03-04 17:47:57,347 - INFO - Epoch  34/50 | Train: 0.175394 | Val: 0.177531 | Corr: 0.139027 | LR: 1.25e-04
2026-03-04 17:47:57,356 - INFO -   ↳ Saved best model (val_corr=0.139027)
2026-03-04 17:48:00,232 - INFO - Epoch  35/50 | Train: 0.175394 | Val: 0.177869 | Corr: 0.139430 | LR: 1.25e-04
2026-03-04 17:48:00,243 - INFO -   ↳ Saved best model (val_corr=0.139430)
2026-03-04 17:48:03,123 - INFO - Epoch  36/50 | Train: 0.175367 | Val: 0.177717 | Corr: 0.139585 | LR: 1.25e-04
2026-03-04 17:48:03,132 - INFO -   ↳ Saved best model (val_corr=0.139585)
2026-03-04 17:48:05,987 - INFO - Epoch  37/50 | Train: 0.175285 | Val: 0.177749 | Corr: 0.139161 | LR: 1.25e-04
2026-03-04 17:48:08,848 - INFO - Epoch  38/50 | Train: 0.175287 | Val: 0.177357 | Corr: 0.139214 | LR: 1.25e-04
2026-03-04 17:48:11,752 - INFO - Epoch  39/50 | Train: 0.175228 | Val: 0.178948 | Corr: 0.139661 | LR: 1.25e-04
2026-03-04 17:48:11,766 - INFO -   ↳ Saved best model (val_corr=0.139661)
2026-03-04 17:48:14,608 - INFO - Epoch  40/50 | Train: 0.175244 | Val: 0.178029 | Corr: 0.139701 | LR: 1.25e-04
2026-03-04 17:48:14,616 - INFO -   ↳ Saved best model (val_corr=0.139701)
2026-03-04 17:48:17,524 - INFO - Epoch  41/50 | Train: 0.175258 | Val: 0.178353 | Corr: 0.139907 | LR: 1.25e-04
2026-03-04 17:48:17,537 - INFO -   ↳ Saved best model (val_corr=0.139907)
2026-03-04 17:48:20,431 - INFO - Epoch  42/50 | Train: 0.175209 | Val: 0.178726 | Corr: 0.140061 | LR: 1.25e-04
2026-03-04 17:48:20,443 - INFO -   ↳ Saved best model (val_corr=0.140061)
2026-03-04 17:48:23,329 - INFO - Epoch  43/50 | Train: 0.175164 | Val: 0.178885 | Corr: 0.139662 | LR: 1.25e-04
2026-03-04 17:48:26,250 - INFO - Epoch  44/50 | Train: 0.175192 | Val: 0.178229 | Corr: 0.139747 | LR: 6.25e-05
2026-03-04 17:48:29,212 - INFO - Epoch  45/50 | Train: 0.175139 | Val: 0.178140 | Corr: 0.140005 | LR: 6.25e-05
2026-03-04 17:48:32,265 - INFO - Epoch  46/50 | Train: 0.175086 | Val: 0.178341 | Corr: 0.140200 | LR: 6.25e-05
2026-03-04 17:48:32,278 - INFO -   ↳ Saved best model (val_corr=0.140200)
2026-03-04 17:48:35,329 - INFO - Epoch  47/50 | Train: 0.175082 | Val: 0.178237 | Corr: 0.140319 | LR: 6.25e-05
2026-03-04 17:48:35,342 - INFO -   ↳ Saved best model (val_corr=0.140319)
2026-03-04 17:48:38,363 - INFO - Epoch  48/50 | Train: 0.175074 | Val: 0.178106 | Corr: 0.140327 | LR: 6.25e-05
2026-03-04 17:48:38,376 - INFO -   ↳ Saved best model (val_corr=0.140327)
2026-03-04 17:48:41,405 - INFO - Epoch  49/50 | Train: 0.174997 | Val: 0.178077 | Corr: 0.140374 | LR: 6.25e-05
2026-03-04 17:48:41,435 - INFO -   ↳ Saved best model (val_corr=0.140374)
2026-03-04 17:48:44,308 - INFO - Epoch  50/50 | Train: 0.175019 | Val: 0.178464 | Corr: 0.140443 | LR: 3.13e-05
2026-03-04 17:48:44,319 - INFO -   ↳ Saved best model (val_corr=0.140443)
2026-03-04 17:48:44,319 - INFO - Training complete — best val corr: 0.140443
2026-03-04 17:48:45,368 - INFO - Test loss: 0.170082, Test corr: 0.135042
2026-03-04 17:48:45,592 - INFO - Fraction of variance explained (FVE): 0.016069
2026-03-04 17:48:45,592 - INFO - Generating figures …
2026-03-04 17:48:45,950 - INFO - Correlation between predicted and actual per-neuron averages: r=0.9963, p=0.00e+00
2026-03-04 17:48:47,314 - INFO - Pattern selectivity summary:
2026-03-04 17:48:47,314 - INFO -   Mean correlation across neurons: 0.4899
2026-03-04 17:48:47,314 - INFO -   Median correlation: 0.5210
2026-03-04 17:48:47,314 - INFO -   Neurons with r > 0.5: 33 / 63
2026-03-04 17:48:47,314 - INFO -   Neurons with r > 0.3: 51 / 63
2026-03-04 17:48:47,315 - INFO - Pattern selectivity — mean neuron corr: 0.4899
2026-03-04 17:48:48,439 - INFO - LOO (avg rate) — Model mean r: 0.2868, LOO mean r: 0.4546, Neurons model > LOO: 1/63
2026-03-04 17:48:49,981 - INFO - LOO (temporal) — Model mean r: 0.1361, LOO mean r: 0.3186, Neurons model > LOO: 0/63
2026-03-04 17:48:49,981 - INFO - Skipping oracle trial plots (skip_oracle_plots=True)
2026-03-04 17:48:49,988 - INFO - Experiment complete. Summary: {
  "run_dir": "/scratch/sb272/patterns5k_results/slurm_base_cnn_2026-03-04_16-53-19/trial_0062_learning_rate=5.0e-04_kernel_sizes=3x3_conv_channels=64x128_fc_dims=512_seed1",
  "model_type": "cnn",
  "batch_avg_test_loss": 0.17008187353610993,
  "batch_avg_test_corr": 0.13504186626818454,
  "all_test_fve": 0.01606863264053587,
  "AR_FVE": NaN,
  "AR_test_correlation": NaN,
  "best_val_corr": 0.14044285689767266,
  "total_params": 131583,
  "trainable_params": 131583,
  "epochs_trained": 50,
  "mean_pattern_corr": 0.4899354112227778,
  "history": 0,
  "init_state": true,
  "loo_avg_mean_corr": 0.45456832695830385,
  "model_avg_mean_corr": 0.286845544430524,
  "neurons_model_beats_loo_avg": 1,
  "loo_temporal_mean_corr": 0.31855225563049316,
  "all_test_corr": 0.13608865439891815,
  "neurons_model_beats_loo_temporal": 0,
  "kernel_sizes": [
    3,
    3
  ],
  "conv_channels": [
    64,
    128
  ],
  "fc_dims": [
    512
  ]
}
