2026-02-16 17:56:27,082 - INFO - ============================================================
2026-02-16 17:56:27,082 - INFO - Experiment run directory: results/hist_cnn_v2_2026-02-16_15-55-59/trial_0045_history=6
2026-02-16 17:56:27,082 - INFO - ============================================================
2026-02-16 17:56:27,082 - INFO - Using preloaded raw data (skipping I/O)
2026-02-16 17:56:27,082 - INFO - Stimulation channels: 42, Spiking neurons: 63
2026-02-16 17:56:27,082 - INFO - Unique patterns: 4050, Total trials: 5000
2026-02-16 17:56:27,093 - INFO - Split (oracle): train=3400, val=600, test=1000
2026-02-16 17:56:41,548 - INFO - BinnedStimSpikeDataset initialized:
2026-02-16 17:56:41,549 - INFO -   input_bin_size_ms=10, output_bin_size_ms=10
2026-02-16 17:56:41,549 - INFO -   n_input_bins=60, n_output_bins=60
2026-02-16 17:56:41,549 - INFO -   output_offset=0, total_bins_input=60, total_bins_output=60
2026-02-16 17:56:41,549 - INFO -   Valid start positions per trial: 0 to 0
2026-02-16 17:56:41,549 - INFO -   Total samples: 3400 (3400 trials × 1 positions)
2026-02-16 17:56:55,210 - INFO - BinnedStimSpikeDataset initialized:
2026-02-16 17:56:55,211 - INFO -   input_bin_size_ms=10, output_bin_size_ms=10
2026-02-16 17:56:55,211 - INFO -   n_input_bins=60, n_output_bins=60
2026-02-16 17:56:55,211 - INFO -   output_offset=0, total_bins_input=60, total_bins_output=60
2026-02-16 17:56:55,211 - INFO -   Valid start positions per trial: 0 to 0
2026-02-16 17:56:55,211 - INFO -   Total samples: 600 (600 trials × 1 positions)
2026-02-16 17:57:08,842 - INFO - BinnedStimSpikeDataset initialized:
2026-02-16 17:57:08,843 - INFO -   input_bin_size_ms=10, output_bin_size_ms=10
2026-02-16 17:57:08,843 - INFO -   n_input_bins=60, n_output_bins=60
2026-02-16 17:57:08,843 - INFO -   output_offset=0, total_bins_input=60, total_bins_output=60
2026-02-16 17:57:08,843 - INFO -   Valid start positions per trial: 0 to 0
2026-02-16 17:57:08,843 - INFO -   Total samples: 1000 (1000 trials × 1 positions)
2026-02-16 17:57:08,843 - INFO - Samples — train: 3400, val: 600, test: 1000
2026-02-16 17:57:08,843 - INFO - Input channels: 105, Neurons: 63
2026-02-16 17:57:08,843 - INFO - Using Apple Silicon MPS acceleration
2026-02-16 17:57:08,865 - INFO - Model: CNN — 351,551 trainable params (351,551 total)
2026-02-16 17:57:08,866 - INFO - Starting training …
2026-02-16 17:57:11,962 - INFO - Epoch   1/50 | Train: 0.228772 | Val: 0.198148 | Corr: 0.099705 | LR: 1.00e-03
2026-02-16 17:57:11,975 - INFO -   ↳ Saved best model (val_corr=0.099705)
2026-02-16 17:57:14,588 - INFO - Epoch   2/50 | Train: 0.197391 | Val: 0.194676 | Corr: 0.123353 | LR: 1.00e-03
2026-02-16 17:57:14,601 - INFO -   ↳ Saved best model (val_corr=0.123353)
2026-02-16 17:57:17,204 - INFO - Epoch   3/50 | Train: 0.193249 | Val: 0.191511 | Corr: 0.143709 | LR: 1.00e-03
2026-02-16 17:57:17,216 - INFO -   ↳ Saved best model (val_corr=0.143709)
2026-02-16 17:57:20,029 - INFO - Epoch   4/50 | Train: 0.189619 | Val: 0.188591 | Corr: 0.161452 | LR: 1.00e-03
2026-02-16 17:57:20,038 - INFO -   ↳ Saved best model (val_corr=0.161452)
2026-02-16 17:57:22,758 - INFO - Epoch   5/50 | Train: 0.186518 | Val: 0.186750 | Corr: 0.172849 | LR: 1.00e-03
2026-02-16 17:57:22,769 - INFO -   ↳ Saved best model (val_corr=0.172849)
2026-02-16 17:57:25,270 - INFO - Epoch   6/50 | Train: 0.184322 | Val: 0.185202 | Corr: 0.181407 | LR: 1.00e-03
2026-02-16 17:57:25,279 - INFO -   ↳ Saved best model (val_corr=0.181407)
2026-02-16 17:57:27,988 - INFO - Epoch   7/50 | Train: 0.182684 | Val: 0.183866 | Corr: 0.189100 | LR: 1.00e-03
2026-02-16 17:57:27,996 - INFO -   ↳ Saved best model (val_corr=0.189100)
2026-02-16 17:57:30,590 - INFO - Epoch   8/50 | Train: 0.181258 | Val: 0.183276 | Corr: 0.193837 | LR: 1.00e-03
2026-02-16 17:57:30,597 - INFO -   ↳ Saved best model (val_corr=0.193837)
2026-02-16 17:57:33,208 - INFO - Epoch   9/50 | Train: 0.180147 | Val: 0.182634 | Corr: 0.197641 | LR: 1.00e-03
2026-02-16 17:57:33,216 - INFO -   ↳ Saved best model (val_corr=0.197641)
2026-02-16 17:57:35,741 - INFO - Epoch  10/50 | Train: 0.179071 | Val: 0.182138 | Corr: 0.202373 | LR: 1.00e-03
2026-02-16 17:57:35,749 - INFO -   ↳ Saved best model (val_corr=0.202373)
2026-02-16 17:57:38,246 - INFO - Epoch  11/50 | Train: 0.178080 | Val: 0.182049 | Corr: 0.203120 | LR: 1.00e-03
2026-02-16 17:57:38,261 - INFO -   ↳ Saved best model (val_corr=0.203120)
2026-02-16 17:57:40,922 - INFO - Epoch  12/50 | Train: 0.177275 | Val: 0.181553 | Corr: 0.205655 | LR: 1.00e-03
2026-02-16 17:57:40,933 - INFO -   ↳ Saved best model (val_corr=0.205655)
2026-02-16 17:57:43,501 - INFO - Epoch  13/50 | Train: 0.176496 | Val: 0.181495 | Corr: 0.206613 | LR: 1.00e-03
2026-02-16 17:57:43,510 - INFO -   ↳ Saved best model (val_corr=0.206613)
2026-02-16 17:57:46,166 - INFO - Epoch  14/50 | Train: 0.175840 | Val: 0.181178 | Corr: 0.208107 | LR: 1.00e-03
2026-02-16 17:57:46,173 - INFO -   ↳ Saved best model (val_corr=0.208107)
2026-02-16 17:57:48,881 - INFO - Epoch  15/50 | Train: 0.175251 | Val: 0.181066 | Corr: 0.210462 | LR: 1.00e-03
2026-02-16 17:57:48,889 - INFO -   ↳ Saved best model (val_corr=0.210462)
2026-02-16 17:57:51,409 - INFO - Epoch  16/50 | Train: 0.174635 | Val: 0.181886 | Corr: 0.211558 | LR: 1.00e-03
2026-02-16 17:57:51,417 - INFO -   ↳ Saved best model (val_corr=0.211558)
2026-02-16 17:57:54,060 - INFO - Epoch  17/50 | Train: 0.174086 | Val: 0.181002 | Corr: 0.211840 | LR: 1.00e-03
2026-02-16 17:57:54,067 - INFO -   ↳ Saved best model (val_corr=0.211840)
2026-02-16 17:57:56,686 - INFO - Epoch  18/50 | Train: 0.173490 | Val: 0.181092 | Corr: 0.213296 | LR: 1.00e-03
2026-02-16 17:57:56,697 - INFO -   ↳ Saved best model (val_corr=0.213296)
2026-02-16 17:57:59,268 - INFO - Epoch  19/50 | Train: 0.172990 | Val: 0.180852 | Corr: 0.213174 | LR: 1.00e-03
2026-02-16 17:58:01,962 - INFO - Epoch  20/50 | Train: 0.172573 | Val: 0.180835 | Corr: 0.214734 | LR: 1.00e-03
2026-02-16 17:58:01,969 - INFO -   ↳ Saved best model (val_corr=0.214734)
2026-02-16 17:58:04,668 - INFO - Epoch  21/50 | Train: 0.172026 | Val: 0.180752 | Corr: 0.214555 | LR: 1.00e-03
2026-02-16 17:58:07,457 - INFO - Epoch  22/50 | Train: 0.171609 | Val: 0.181096 | Corr: 0.215063 | LR: 1.00e-03
2026-02-16 17:58:07,465 - INFO -   ↳ Saved best model (val_corr=0.215063)
2026-02-16 17:58:10,100 - INFO - Epoch  23/50 | Train: 0.171263 | Val: 0.181130 | Corr: 0.214912 | LR: 1.00e-03
2026-02-16 17:58:12,918 - INFO - Epoch  24/50 | Train: 0.170777 | Val: 0.181327 | Corr: 0.214793 | LR: 1.00e-03
2026-02-16 17:58:15,613 - INFO - Epoch  25/50 | Train: 0.170444 | Val: 0.181643 | Corr: 0.213901 | LR: 1.00e-03
2026-02-16 17:58:18,189 - INFO - Epoch  26/50 | Train: 0.170115 | Val: 0.181232 | Corr: 0.214764 | LR: 1.00e-03
2026-02-16 17:58:20,528 - INFO - Epoch  27/50 | Train: 0.169689 | Val: 0.181479 | Corr: 0.216576 | LR: 5.00e-04
2026-02-16 17:58:20,536 - INFO -   ↳ Saved best model (val_corr=0.216576)
2026-02-16 17:58:23,170 - INFO - Epoch  28/50 | Train: 0.168373 | Val: 0.181263 | Corr: 0.216672 | LR: 5.00e-04
2026-02-16 17:58:23,177 - INFO -   ↳ Saved best model (val_corr=0.216672)
2026-02-16 17:58:25,627 - INFO - Epoch  29/50 | Train: 0.167854 | Val: 0.181519 | Corr: 0.216237 | LR: 5.00e-04
2026-02-16 17:58:28,082 - INFO - Epoch  30/50 | Train: 0.167559 | Val: 0.181653 | Corr: 0.216268 | LR: 5.00e-04
2026-02-16 17:58:30,619 - INFO - Epoch  31/50 | Train: 0.167388 | Val: 0.181563 | Corr: 0.216226 | LR: 5.00e-04
2026-02-16 17:58:33,280 - INFO - Epoch  32/50 | Train: 0.167273 | Val: 0.181605 | Corr: 0.216435 | LR: 5.00e-04
2026-02-16 17:58:35,873 - INFO - Epoch  33/50 | Train: 0.167143 | Val: 0.181891 | Corr: 0.215826 | LR: 2.50e-04
2026-02-16 17:58:38,423 - INFO - Epoch  34/50 | Train: 0.166365 | Val: 0.181789 | Corr: 0.216717 | LR: 2.50e-04
2026-02-16 17:58:38,431 - INFO -   ↳ Saved best model (val_corr=0.216717)
2026-02-16 17:58:41,031 - INFO - Epoch  35/50 | Train: 0.166149 | Val: 0.181668 | Corr: 0.216478 | LR: 2.50e-04
2026-02-16 17:58:43,914 - INFO - Epoch  36/50 | Train: 0.166092 | Val: 0.181665 | Corr: 0.216708 | LR: 2.50e-04
2026-02-16 17:58:46,696 - INFO - Epoch  37/50 | Train: 0.165847 | Val: 0.181839 | Corr: 0.216376 | LR: 2.50e-04
2026-02-16 17:58:49,463 - INFO - Epoch  38/50 | Train: 0.165799 | Val: 0.181997 | Corr: 0.216061 | LR: 2.50e-04
2026-02-16 17:58:52,136 - INFO - Epoch  39/50 | Train: 0.165762 | Val: 0.182036 | Corr: 0.216092 | LR: 1.25e-04
2026-02-16 17:58:54,754 - INFO - Epoch  40/50 | Train: 0.165396 | Val: 0.182067 | Corr: 0.215873 | LR: 1.25e-04
2026-02-16 17:58:57,440 - INFO - Epoch  41/50 | Train: 0.165362 | Val: 0.181939 | Corr: 0.216267 | LR: 1.25e-04
2026-02-16 17:59:00,201 - INFO - Epoch  42/50 | Train: 0.165197 | Val: 0.182044 | Corr: 0.216071 | LR: 1.25e-04
2026-02-16 17:59:02,998 - INFO - Epoch  43/50 | Train: 0.165156 | Val: 0.182119 | Corr: 0.216276 | LR: 1.25e-04
2026-02-16 17:59:05,915 - INFO - Epoch  44/50 | Train: 0.165094 | Val: 0.182119 | Corr: 0.216005 | LR: 1.25e-04
2026-02-16 17:59:05,915 - INFO - Early stopping at epoch 44
2026-02-16 17:59:05,915 - INFO - Training complete — best val corr: 0.216717
2026-02-16 17:59:06,383 - INFO - Test loss: 0.171873, Test corr: 0.217293
2026-02-16 17:59:06,507 - INFO - Generating figures …
2026-02-16 17:59:06,720 - INFO - Correlation between predicted and actual per-neuron averages: r=0.9938, p=7.42e-60
2026-02-16 17:59:07,296 - INFO - Pattern selectivity summary:
2026-02-16 17:59:07,296 - INFO -   Mean correlation across neurons: 0.6448
2026-02-16 17:59:07,296 - INFO -   Median correlation: 0.6510
2026-02-16 17:59:07,296 - INFO -   Neurons with r > 0.5: 53 / 63
2026-02-16 17:59:07,296 - INFO -   Neurons with r > 0.3: 61 / 63
2026-02-16 17:59:07,296 - INFO - Pattern selectivity — mean neuron corr: 0.6448
2026-02-16 17:59:07,672 - INFO - LOO (avg rate) — Model mean r: 0.4332, LOO mean r: 0.4728, Neurons model > LOO: 17/63
2026-02-16 17:59:08,473 - INFO - LOO (temporal) — Model mean r: 0.2243, LOO mean r: 0.3815, Neurons model > LOO: 1/63
2026-02-16 17:59:08,473 - INFO - Skipping oracle trial plots (skip_oracle_plots=True)
2026-02-16 17:59:08,473 - INFO - Experiment complete. Summary: {
  "run_dir": "results/hist_cnn_v2_2026-02-16_15-55-59/trial_0045_history=6",
  "model_type": "cnn",
  "test_loss": 0.17187323796749115,
  "test_corr": 0.21729280008042248,
  "best_val_corr": 0.2167168735493604,
  "total_params": 351551,
  "trainable_params": 351551,
  "epochs_trained": 44,
  "mean_pattern_corr": 0.6447911079216917,
  "loo_avg_mean_corr": 0.47275709111471625,
  "model_avg_mean_corr": 0.4332499984443315,
  "neurons_model_beats_loo_avg": 17,
  "loo_temporal_mean_corr": 0.3815135061740875,
  "model_temporal_mean_corr": 0.22425256669521332,
  "neurons_model_beats_loo_temporal": 1
}
2026-02-16 17:59:08,475 - INFO - 
======================================================================
2026-02-16 17:59:08,475 - INFO - [47/48] trial_0046_history=10
2026-02-16 17:59:08,475 - INFO -   Overrides: {"kernel_sizes": [10], "weight_decay": 0.0001, "conv_channels": [256], "history": 10}
2026-02-16 17:59:08,475 - INFO -   Output: results/hist_cnn_v2_2026-02-16_15-55-59/trial_0046_history=10
