2026-02-25 11:37:35,619 - INFO - ============================================================
2026-02-25 11:37:35,619 - INFO - Experiment run directory: results/multilayer_cnn_nohist_sweep_v2_2026-02-24_22-05-22/trial_0314_history=20_kernel_sizes=15_conv_channels=128_fc_dims=256
2026-02-25 11:37:35,619 - INFO - ============================================================
2026-02-25 11:37:35,619 - INFO - Using preloaded raw data (skipping I/O)
2026-02-25 11:37:35,619 - INFO - Stimulation channels: 42, Spiking neurons: 63
2026-02-25 11:37:35,619 - INFO - Unique patterns: 4050, Total trials: 5000
2026-02-25 11:37:35,632 - INFO - Split (oracle): train=3400, val=600, test=1000
2026-02-25 11:37:52,805 - INFO - BinnedStimSpikeDataset initialized:
2026-02-25 11:37:52,806 - INFO -   input_bin_size_ms=10, output_bin_size_ms=10
2026-02-25 11:37:52,806 - INFO -   n_input_bins=60, n_output_bins=60
2026-02-25 11:37:52,806 - INFO -   output_offset=0, total_bins_input=60, total_bins_output=60
2026-02-25 11:37:52,806 - INFO -   Valid start positions per trial: 0 to 0
2026-02-25 11:37:52,806 - INFO -   Total samples: 3400 (3400 trials × 1 positions)
2026-02-25 11:38:07,654 - INFO - BinnedStimSpikeDataset initialized:
2026-02-25 11:38:07,654 - INFO -   input_bin_size_ms=10, output_bin_size_ms=10
2026-02-25 11:38:07,654 - INFO -   n_input_bins=60, n_output_bins=60
2026-02-25 11:38:07,654 - INFO -   output_offset=0, total_bins_input=60, total_bins_output=60
2026-02-25 11:38:07,654 - INFO -   Valid start positions per trial: 0 to 0
2026-02-25 11:38:07,654 - INFO -   Total samples: 600 (600 trials × 1 positions)
2026-02-25 11:38:23,776 - INFO - BinnedStimSpikeDataset initialized:
2026-02-25 11:38:23,776 - INFO -   input_bin_size_ms=10, output_bin_size_ms=10
2026-02-25 11:38:23,776 - INFO -   n_input_bins=60, n_output_bins=60
2026-02-25 11:38:23,776 - INFO -   output_offset=0, total_bins_input=60, total_bins_output=60
2026-02-25 11:38:23,776 - INFO -   Valid start positions per trial: 0 to 0
2026-02-25 11:38:23,776 - INFO -   Total samples: 1000 (1000 trials × 1 positions)
2026-02-25 11:38:23,777 - INFO - Samples — train: 3400, val: 600, test: 1000
2026-02-25 11:38:23,777 - INFO - Input channels: 105, Neurons: 63
2026-02-25 11:38:23,779 - INFO - Using Apple Silicon MPS acceleration
2026-02-25 11:38:23,792 - INFO - Model: CNN — 251,199 trainable params (251,199 total)
2026-02-25 11:38:23,792 - INFO - Starting training …
2026-02-25 11:38:26,501 - INFO - Epoch   1/50 | Train: 0.236636 | Val: 0.200258 | Corr: 0.087209 | LR: 1.00e-03
2026-02-25 11:38:26,513 - INFO -   ↳ Saved best model (val_corr=0.087209)
2026-02-25 11:38:29,360 - INFO - Epoch   2/50 | Train: 0.198682 | Val: 0.196629 | Corr: 0.110339 | LR: 1.00e-03
2026-02-25 11:38:29,385 - INFO -   ↳ Saved best model (val_corr=0.110339)
2026-02-25 11:38:31,891 - INFO - Epoch   3/50 | Train: 0.195115 | Val: 0.194759 | Corr: 0.122992 | LR: 1.00e-03
2026-02-25 11:38:31,915 - INFO -   ↳ Saved best model (val_corr=0.122992)
2026-02-25 11:38:34,605 - INFO - Epoch   4/50 | Train: 0.192839 | Val: 0.193013 | Corr: 0.134155 | LR: 1.00e-03
2026-02-25 11:38:34,618 - INFO -   ↳ Saved best model (val_corr=0.134155)
2026-02-25 11:38:37,339 - INFO - Epoch   5/50 | Train: 0.191026 | Val: 0.191409 | Corr: 0.145897 | LR: 1.00e-03
2026-02-25 11:38:37,348 - INFO -   ↳ Saved best model (val_corr=0.145897)
2026-02-25 11:38:39,756 - INFO - Epoch   6/50 | Train: 0.189001 | Val: 0.189511 | Corr: 0.157024 | LR: 1.00e-03
2026-02-25 11:38:39,764 - INFO -   ↳ Saved best model (val_corr=0.157024)
2026-02-25 11:38:42,331 - INFO - Epoch   7/50 | Train: 0.187049 | Val: 0.188131 | Corr: 0.166781 | LR: 1.00e-03
2026-02-25 11:38:42,339 - INFO -   ↳ Saved best model (val_corr=0.166781)
2026-02-25 11:38:44,743 - INFO - Epoch   8/50 | Train: 0.185457 | Val: 0.186797 | Corr: 0.172070 | LR: 1.00e-03
2026-02-25 11:38:44,751 - INFO -   ↳ Saved best model (val_corr=0.172070)
2026-02-25 11:38:47,153 - INFO - Epoch   9/50 | Train: 0.184131 | Val: 0.186026 | Corr: 0.177261 | LR: 1.00e-03
2026-02-25 11:38:47,165 - INFO -   ↳ Saved best model (val_corr=0.177261)
2026-02-25 11:38:49,625 - INFO - Epoch  10/50 | Train: 0.183055 | Val: 0.185473 | Corr: 0.180026 | LR: 1.00e-03
2026-02-25 11:38:49,634 - INFO -   ↳ Saved best model (val_corr=0.180026)
2026-02-25 11:38:52,104 - INFO - Epoch  11/50 | Train: 0.182176 | Val: 0.185119 | Corr: 0.183997 | LR: 1.00e-03
2026-02-25 11:38:52,111 - INFO -   ↳ Saved best model (val_corr=0.183997)
2026-02-25 11:38:54,681 - INFO - Epoch  12/50 | Train: 0.181285 | Val: 0.184697 | Corr: 0.185761 | LR: 1.00e-03
2026-02-25 11:38:54,688 - INFO -   ↳ Saved best model (val_corr=0.185761)
2026-02-25 11:38:57,134 - INFO - Epoch  13/50 | Train: 0.180497 | Val: 0.184120 | Corr: 0.189253 | LR: 1.00e-03
2026-02-25 11:38:57,145 - INFO -   ↳ Saved best model (val_corr=0.189253)
2026-02-25 11:38:59,549 - INFO - Epoch  14/50 | Train: 0.179877 | Val: 0.184245 | Corr: 0.192233 | LR: 1.00e-03
2026-02-25 11:38:59,557 - INFO -   ↳ Saved best model (val_corr=0.192233)
2026-02-25 11:39:02,146 - INFO - Epoch  15/50 | Train: 0.179263 | Val: 0.183848 | Corr: 0.192671 | LR: 1.00e-03
2026-02-25 11:39:02,153 - INFO -   ↳ Saved best model (val_corr=0.192671)
2026-02-25 11:39:04,542 - INFO - Epoch  16/50 | Train: 0.178674 | Val: 0.183671 | Corr: 0.193684 | LR: 1.00e-03
2026-02-25 11:39:04,550 - INFO -   ↳ Saved best model (val_corr=0.193684)
2026-02-25 11:39:06,981 - INFO - Epoch  17/50 | Train: 0.178100 | Val: 0.183697 | Corr: 0.195247 | LR: 1.00e-03
2026-02-25 11:39:06,990 - INFO -   ↳ Saved best model (val_corr=0.195247)
2026-02-25 11:39:09,625 - INFO - Epoch  18/50 | Train: 0.177668 | Val: 0.183458 | Corr: 0.195153 | LR: 1.00e-03
2026-02-25 11:39:12,117 - INFO - Epoch  19/50 | Train: 0.177142 | Val: 0.183612 | Corr: 0.196692 | LR: 1.00e-03
2026-02-25 11:39:12,125 - INFO -   ↳ Saved best model (val_corr=0.196692)
2026-02-25 11:39:15,134 - INFO - Epoch  20/50 | Train: 0.176722 | Val: 0.183496 | Corr: 0.195825 | LR: 1.00e-03
2026-02-25 11:39:17,852 - INFO - Epoch  21/50 | Train: 0.176182 | Val: 0.183659 | Corr: 0.197058 | LR: 1.00e-03
2026-02-25 11:39:17,859 - INFO -   ↳ Saved best model (val_corr=0.197058)
2026-02-25 11:39:20,319 - INFO - Epoch  22/50 | Train: 0.175887 | Val: 0.183558 | Corr: 0.197114 | LR: 1.00e-03
2026-02-25 11:39:20,326 - INFO -   ↳ Saved best model (val_corr=0.197114)
2026-02-25 11:39:22,955 - INFO - Epoch  23/50 | Train: 0.175591 | Val: 0.183639 | Corr: 0.197340 | LR: 1.00e-03
2026-02-25 11:39:22,966 - INFO -   ↳ Saved best model (val_corr=0.197340)
2026-02-25 11:39:25,598 - INFO - Epoch  24/50 | Train: 0.175105 | Val: 0.183541 | Corr: 0.198610 | LR: 5.00e-04
2026-02-25 11:39:25,606 - INFO -   ↳ Saved best model (val_corr=0.198610)
2026-02-25 11:39:28,341 - INFO - Epoch  25/50 | Train: 0.173901 | Val: 0.183455 | Corr: 0.198863 | LR: 5.00e-04
2026-02-25 11:39:28,349 - INFO -   ↳ Saved best model (val_corr=0.198863)
2026-02-25 11:39:30,871 - INFO - Epoch  26/50 | Train: 0.173389 | Val: 0.183611 | Corr: 0.198405 | LR: 5.00e-04
2026-02-25 11:39:33,404 - INFO - Epoch  27/50 | Train: 0.173237 | Val: 0.183634 | Corr: 0.198608 | LR: 5.00e-04
2026-02-25 11:39:35,950 - INFO - Epoch  28/50 | Train: 0.173021 | Val: 0.183708 | Corr: 0.198089 | LR: 5.00e-04
2026-02-25 11:39:38,288 - INFO - Epoch  29/50 | Train: 0.172864 | Val: 0.183699 | Corr: 0.198603 | LR: 5.00e-04
2026-02-25 11:39:40,892 - INFO - Epoch  30/50 | Train: 0.172636 | Val: 0.183975 | Corr: 0.198387 | LR: 2.50e-04
2026-02-25 11:39:43,426 - INFO - Epoch  31/50 | Train: 0.171912 | Val: 0.183817 | Corr: 0.198737 | LR: 2.50e-04
2026-02-25 11:39:46,169 - INFO - Epoch  32/50 | Train: 0.171755 | Val: 0.183883 | Corr: 0.198623 | LR: 2.50e-04
2026-02-25 11:39:49,548 - INFO - Epoch  33/50 | Train: 0.171621 | Val: 0.184020 | Corr: 0.198545 | LR: 2.50e-04
2026-02-25 11:39:52,269 - INFO - Epoch  34/50 | Train: 0.171497 | Val: 0.184073 | Corr: 0.198066 | LR: 2.50e-04
2026-02-25 11:39:55,020 - INFO - Epoch  35/50 | Train: 0.171460 | Val: 0.184066 | Corr: 0.198220 | LR: 2.50e-04
2026-02-25 11:39:55,020 - INFO - Early stopping at epoch 35
2026-02-25 11:39:55,021 - INFO - Training complete — best val corr: 0.198863
2026-02-25 11:39:55,588 - INFO - Test loss: 0.173749, Test corr: 0.196527
2026-02-25 11:39:55,755 - INFO - Fraction of variance explained (FVE): 0.045688
2026-02-25 11:39:55,756 - INFO - Computing autoregressive (AR) test predictions …
2026-02-25 11:39:56,773 - INFO - AR FVE: 0.043603, AR test corr: 0.197504
2026-02-25 11:39:56,773 - INFO - Generating figures …
2026-02-25 11:39:57,303 - INFO - Correlation between predicted and actual per-neuron averages: r=0.9943, p=5.19e-61
2026-02-25 11:39:58,693 - INFO - Pattern selectivity summary:
2026-02-25 11:39:58,693 - INFO -   Mean correlation across neurons: 0.5794
2026-02-25 11:39:58,694 - INFO -   Median correlation: 0.6039
2026-02-25 11:39:58,694 - INFO -   Neurons with r > 0.5: 47 / 63
2026-02-25 11:39:58,694 - INFO -   Neurons with r > 0.3: 58 / 63
2026-02-25 11:39:58,694 - INFO - Pattern selectivity — mean neuron corr: 0.5794
2026-02-25 11:39:59,477 - INFO - LOO (avg rate) — Model mean r: 0.4093, LOO mean r: 0.4728, Neurons model > LOO: 15/63
2026-02-25 11:40:00,584 - INFO - LOO (temporal) — Model mean r: 0.2046, LOO mean r: 0.3815, Neurons model > LOO: 1/63
2026-02-25 11:40:00,584 - INFO - Skipping oracle trial plots (skip_oracle_plots=True)
2026-02-25 11:40:00,585 - INFO - Experiment complete. Summary: {
  "run_dir": "results/multilayer_cnn_nohist_sweep_v2_2026-02-24_22-05-22/trial_0314_history=20_kernel_sizes=15_conv_channels=128_fc_dims=256",
  "model_type": "cnn",
  "batch_avg_test_loss": 0.17374949991703034,
  "batch_avg_test_corr": 0.19652749164888456,
  "all_test_fve": 0.04568849007288615,
  "AR_FVE": 0.043603444856310646,
  "AR_test_correlation": 0.19750384986400604,
  "best_val_corr": 0.19886329868690159,
  "total_params": 251199,
  "trainable_params": 251199,
  "epochs_trained": 35,
  "mean_pattern_corr": 0.5794205479259589,
  "history": 20,
  "init_state": true,
  "loo_avg_mean_corr": 0.47275709111471625,
  "model_avg_mean_corr": 0.4092738179412264,
  "neurons_model_beats_loo_avg": 15,
  "loo_temporal_mean_corr": 0.3815135061740875,
  "all_test_corr": 0.20455493032932281,
  "neurons_model_beats_loo_temporal": 1,
  "kernel_sizes": [
    15
  ],
  "conv_channels": [
    128
  ],
  "fc_dims": [
    256
  ]
}
2026-02-25 11:40:00,675 - INFO - 
======================================================================
2026-02-25 11:40:00,675 - INFO - [316/864] trial_0315_history=20_kernel_sizes=15_conv_channels=128_fc_dims=256
2026-02-25 11:40:00,675 - INFO -   Overrides: {"_arch": {"kernel_sizes": [15], "conv_channels": [128], "fc_dims": [256]}, "history": 20, "weight_decay": 0.001}
2026-02-25 11:40:00,675 - INFO -   Output: results/multilayer_cnn_nohist_sweep_v2_2026-02-24_22-05-22/trial_0315_history=20_kernel_sizes=15_conv_channels=128_fc_dims=256
