2026-02-19 20:28:21,707 - INFO - ============================================================
2026-02-19 20:28:21,707 - INFO - Experiment run directory: results/hist_cnn_initstate_v3_2026-02-19_18-40-39/trial_0041_history=20
2026-02-19 20:28:21,707 - INFO - ============================================================
2026-02-19 20:28:21,707 - INFO - Using preloaded raw data (skipping I/O)
2026-02-19 20:28:21,707 - INFO - Stimulation channels: 42, Spiking neurons: 63
2026-02-19 20:28:21,707 - INFO - Unique patterns: 4050, Total trials: 5000
2026-02-19 20:28:21,718 - INFO - Split (oracle): train=3400, val=600, test=1000
2026-02-19 20:28:36,342 - INFO - BinnedStimSpikeDataset initialized:
2026-02-19 20:28:36,343 - INFO -   input_bin_size_ms=10, output_bin_size_ms=10
2026-02-19 20:28:36,343 - INFO -   n_input_bins=60, n_output_bins=60
2026-02-19 20:28:36,343 - INFO -   output_offset=0, total_bins_input=60, total_bins_output=60
2026-02-19 20:28:36,343 - INFO -   Valid start positions per trial: 0 to 0
2026-02-19 20:28:36,343 - INFO -   Total samples: 3400 (3400 trials × 1 positions)
2026-02-19 20:28:49,854 - INFO - BinnedStimSpikeDataset initialized:
2026-02-19 20:28:49,855 - INFO -   input_bin_size_ms=10, output_bin_size_ms=10
2026-02-19 20:28:49,855 - INFO -   n_input_bins=60, n_output_bins=60
2026-02-19 20:28:49,855 - INFO -   output_offset=0, total_bins_input=60, total_bins_output=60
2026-02-19 20:28:49,855 - INFO -   Valid start positions per trial: 0 to 0
2026-02-19 20:28:49,855 - INFO -   Total samples: 600 (600 trials × 1 positions)
2026-02-19 20:29:03,601 - INFO - BinnedStimSpikeDataset initialized:
2026-02-19 20:29:03,602 - INFO -   input_bin_size_ms=10, output_bin_size_ms=10
2026-02-19 20:29:03,602 - INFO -   n_input_bins=60, n_output_bins=60
2026-02-19 20:29:03,602 - INFO -   output_offset=0, total_bins_input=60, total_bins_output=60
2026-02-19 20:29:03,602 - INFO -   Valid start positions per trial: 0 to 0
2026-02-19 20:29:03,602 - INFO -   Total samples: 1000 (1000 trials × 1 positions)
2026-02-19 20:29:03,603 - INFO - Samples — train: 3400, val: 600, test: 1000
2026-02-19 20:29:03,603 - INFO - Input channels: 105, Neurons: 63
2026-02-19 20:29:03,604 - INFO - Using Apple Silicon MPS acceleration
2026-02-19 20:29:03,619 - INFO - Model: CNN — 351,551 trainable params (351,551 total)
2026-02-19 20:29:03,620 - INFO - Starting training …
2026-02-19 20:29:07,423 - INFO - Epoch   1/50 | Train: 0.235226 | Val: 0.199970 | Corr: 0.088715 | LR: 1.00e-03
2026-02-19 20:29:07,432 - INFO -   ↳ Saved best model (val_corr=0.088715)
2026-02-19 20:29:10,820 - INFO - Epoch   2/50 | Train: 0.198896 | Val: 0.196328 | Corr: 0.111117 | LR: 1.00e-03
2026-02-19 20:29:10,831 - INFO -   ↳ Saved best model (val_corr=0.111117)
2026-02-19 20:29:14,255 - INFO - Epoch   3/50 | Train: 0.194896 | Val: 0.193604 | Corr: 0.130742 | LR: 1.00e-03
2026-02-19 20:29:14,269 - INFO -   ↳ Saved best model (val_corr=0.130742)
2026-02-19 20:29:17,517 - INFO - Epoch   4/50 | Train: 0.191272 | Val: 0.190556 | Corr: 0.149906 | LR: 1.00e-03
2026-02-19 20:29:17,532 - INFO -   ↳ Saved best model (val_corr=0.149906)
2026-02-19 20:29:21,009 - INFO - Epoch   5/50 | Train: 0.188121 | Val: 0.188291 | Corr: 0.161782 | LR: 1.00e-03
2026-02-19 20:29:21,022 - INFO -   ↳ Saved best model (val_corr=0.161782)
2026-02-19 20:29:24,391 - INFO - Epoch   6/50 | Train: 0.185903 | Val: 0.186613 | Corr: 0.173306 | LR: 1.00e-03
2026-02-19 20:29:24,402 - INFO -   ↳ Saved best model (val_corr=0.173306)
2026-02-19 20:29:27,719 - INFO - Epoch   7/50 | Train: 0.184142 | Val: 0.186112 | Corr: 0.179887 | LR: 1.00e-03
2026-02-19 20:29:27,730 - INFO -   ↳ Saved best model (val_corr=0.179887)
2026-02-19 20:29:31,014 - INFO - Epoch   8/50 | Train: 0.182703 | Val: 0.185376 | Corr: 0.183509 | LR: 1.00e-03
2026-02-19 20:29:31,043 - INFO -   ↳ Saved best model (val_corr=0.183509)
2026-02-19 20:29:34,457 - INFO - Epoch   9/50 | Train: 0.181673 | Val: 0.184502 | Corr: 0.187970 | LR: 1.00e-03
2026-02-19 20:29:34,477 - INFO -   ↳ Saved best model (val_corr=0.187970)
2026-02-19 20:29:37,872 - INFO - Epoch  10/50 | Train: 0.180851 | Val: 0.184405 | Corr: 0.191124 | LR: 1.00e-03
2026-02-19 20:29:37,890 - INFO -   ↳ Saved best model (val_corr=0.191124)
2026-02-19 20:29:41,212 - INFO - Epoch  11/50 | Train: 0.180020 | Val: 0.183934 | Corr: 0.193104 | LR: 1.00e-03
2026-02-19 20:29:41,228 - INFO -   ↳ Saved best model (val_corr=0.193104)
2026-02-19 20:29:44,487 - INFO - Epoch  12/50 | Train: 0.179255 | Val: 0.183894 | Corr: 0.194286 | LR: 1.00e-03
2026-02-19 20:29:44,503 - INFO -   ↳ Saved best model (val_corr=0.194286)
2026-02-19 20:29:47,863 - INFO - Epoch  13/50 | Train: 0.178465 | Val: 0.184028 | Corr: 0.195310 | LR: 1.00e-03
2026-02-19 20:29:47,881 - INFO -   ↳ Saved best model (val_corr=0.195310)
2026-02-19 20:29:51,172 - INFO - Epoch  14/50 | Train: 0.177807 | Val: 0.183897 | Corr: 0.194211 | LR: 1.00e-03
2026-02-19 20:29:54,437 - INFO - Epoch  15/50 | Train: 0.177170 | Val: 0.183971 | Corr: 0.196848 | LR: 1.00e-03
2026-02-19 20:29:54,453 - INFO -   ↳ Saved best model (val_corr=0.196848)
2026-02-19 20:29:57,756 - INFO - Epoch  16/50 | Train: 0.176668 | Val: 0.184073 | Corr: 0.198047 | LR: 1.00e-03
2026-02-19 20:29:57,774 - INFO -   ↳ Saved best model (val_corr=0.198047)
2026-02-19 20:30:01,061 - INFO - Epoch  17/50 | Train: 0.176053 | Val: 0.183764 | Corr: 0.197229 | LR: 1.00e-03
2026-02-19 20:30:04,292 - INFO - Epoch  18/50 | Train: 0.175670 | Val: 0.183725 | Corr: 0.198971 | LR: 1.00e-03
2026-02-19 20:30:04,304 - INFO -   ↳ Saved best model (val_corr=0.198971)
2026-02-19 20:30:07,622 - INFO - Epoch  19/50 | Train: 0.175151 | Val: 0.183821 | Corr: 0.198162 | LR: 1.00e-03
2026-02-19 20:30:10,930 - INFO - Epoch  20/50 | Train: 0.174460 | Val: 0.183725 | Corr: 0.198735 | LR: 1.00e-03
2026-02-19 20:30:14,283 - INFO - Epoch  21/50 | Train: 0.174145 | Val: 0.183760 | Corr: 0.198075 | LR: 1.00e-03
2026-02-19 20:30:17,619 - INFO - Epoch  22/50 | Train: 0.173661 | Val: 0.184026 | Corr: 0.199302 | LR: 1.00e-03
2026-02-19 20:30:17,631 - INFO -   ↳ Saved best model (val_corr=0.199302)
2026-02-19 20:30:20,896 - INFO - Epoch  23/50 | Train: 0.173368 | Val: 0.184584 | Corr: 0.198727 | LR: 1.00e-03
2026-02-19 20:30:24,255 - INFO - Epoch  24/50 | Train: 0.172870 | Val: 0.184237 | Corr: 0.199727 | LR: 5.00e-04
2026-02-19 20:30:24,268 - INFO -   ↳ Saved best model (val_corr=0.199727)
2026-02-19 20:30:27,543 - INFO - Epoch  25/50 | Train: 0.171289 | Val: 0.184035 | Corr: 0.200360 | LR: 5.00e-04
2026-02-19 20:30:27,556 - INFO -   ↳ Saved best model (val_corr=0.200360)
2026-02-19 20:30:30,853 - INFO - Epoch  26/50 | Train: 0.170823 | Val: 0.184133 | Corr: 0.199794 | LR: 5.00e-04
2026-02-19 20:30:34,224 - INFO - Epoch  27/50 | Train: 0.170542 | Val: 0.184365 | Corr: 0.198799 | LR: 5.00e-04
2026-02-19 20:30:37,561 - INFO - Epoch  28/50 | Train: 0.170366 | Val: 0.184520 | Corr: 0.199054 | LR: 5.00e-04
2026-02-19 20:30:40,852 - INFO - Epoch  29/50 | Train: 0.170089 | Val: 0.184656 | Corr: 0.198692 | LR: 5.00e-04
2026-02-19 20:30:44,183 - INFO - Epoch  30/50 | Train: 0.169916 | Val: 0.184819 | Corr: 0.198712 | LR: 2.50e-04
2026-02-19 20:30:47,549 - INFO - Epoch  31/50 | Train: 0.169156 | Val: 0.184826 | Corr: 0.198489 | LR: 2.50e-04
2026-02-19 20:30:50,754 - INFO - Epoch  32/50 | Train: 0.168895 | Val: 0.184793 | Corr: 0.198423 | LR: 2.50e-04
2026-02-19 20:30:54,076 - INFO - Epoch  33/50 | Train: 0.168819 | Val: 0.184819 | Corr: 0.198715 | LR: 2.50e-04
2026-02-19 20:30:57,512 - INFO - Epoch  34/50 | Train: 0.168643 | Val: 0.184903 | Corr: 0.198961 | LR: 2.50e-04
2026-02-19 20:31:00,803 - INFO - Epoch  35/50 | Train: 0.168570 | Val: 0.185123 | Corr: 0.197878 | LR: 2.50e-04
2026-02-19 20:31:00,803 - INFO - Early stopping at epoch 35
2026-02-19 20:31:00,803 - INFO - Training complete — best val corr: 0.200360
2026-02-19 20:31:01,279 - INFO - Test loss: 0.174426, Test corr: 0.198505
2026-02-19 20:31:01,427 - INFO - Generating figures …
2026-02-19 20:31:01,635 - INFO - Correlation between predicted and actual per-neuron averages: r=0.9910, p=5.67e-55
2026-02-19 20:31:02,229 - INFO - Pattern selectivity summary:
2026-02-19 20:31:02,230 - INFO -   Mean correlation across neurons: 0.6129
2026-02-19 20:31:02,230 - INFO -   Median correlation: 0.6221
2026-02-19 20:31:02,230 - INFO -   Neurons with r > 0.5: 51 / 63
2026-02-19 20:31:02,230 - INFO -   Neurons with r > 0.3: 59 / 63
2026-02-19 20:31:02,230 - INFO - Pattern selectivity — mean neuron corr: 0.6129
2026-02-19 20:31:02,624 - INFO - LOO (avg rate) — Model mean r: 0.4234, LOO mean r: 0.4728, Neurons model > LOO: 15/63
2026-02-19 20:31:03,365 - INFO - LOO (temporal) — Model mean r: 0.2061, LOO mean r: 0.3815, Neurons model > LOO: 1/63
2026-02-19 20:31:03,365 - INFO - Skipping oracle trial plots (skip_oracle_plots=True)
2026-02-19 20:31:03,365 - INFO - Experiment complete. Summary: {
  "run_dir": "results/hist_cnn_initstate_v3_2026-02-19_18-40-39/trial_0041_history=20",
  "model_type": "cnn",
  "test_loss": 0.17442622780799866,
  "test_corr": 0.19850507251653177,
  "best_val_corr": 0.20035996332382625,
  "total_params": 351551,
  "trainable_params": 351551,
  "epochs_trained": 35,
  "mean_pattern_corr": 0.6128779977260459,
  "loo_avg_mean_corr": 0.47275709111471625,
  "model_avg_mean_corr": 0.42335112161714417,
  "neurons_model_beats_loo_avg": 15,
  "loo_temporal_mean_corr": 0.3815135061740875,
  "model_temporal_mean_corr": 0.2061186581850052,
  "neurons_model_beats_loo_temporal": 1
}
2026-02-19 20:31:03,367 - INFO - 
======================================================================
2026-02-19 20:31:03,367 - INFO - [43/56] trial_0042_history=1
2026-02-19 20:31:03,367 - INFO -   Overrides: {"kernel_sizes": [20], "weight_decay": 0, "conv_channels": [256], "history": 1}
2026-02-19 20:31:03,367 - INFO -   Output: results/hist_cnn_initstate_v3_2026-02-19_18-40-39/trial_0042_history=1
