2026-03-04 18:24:16,105 - INFO - ============================================================
2026-03-04 18:24:16,105 - INFO - Experiment run directory: /scratch/sb272/patterns5k_results/slurm_base_cnn_2026-03-04_16-53-19/trial_0143_learning_rate=1.0e-03_kernel_sizes=5x3x3_conv_channels=64x128x256_fc_dims=256_seed2
2026-03-04 18:24:16,105 - INFO - ============================================================
2026-03-04 18:24:16,105 - INFO - Loading data …
2026-03-04 18:24:18,644 - INFO - 63 unique neurons after dropping problematic neurons
2026-03-04 18:24:20,144 - INFO - Stimulation channels: 42, Spiking neurons: 63
2026-03-04 18:26:06,388 - INFO - Unique patterns: 4050, Total trials: 5000
2026-03-04 18:26:06,390 - INFO - Stimulation channels: 42, Spiking neurons: 63
2026-03-04 18:26:06,390 - INFO - Unique patterns: 4050, Total trials: 5000
2026-03-04 18:26:06,409 - INFO - Split (oracle): train=3400, val=600, test=1000
2026-03-04 18:26:25,920 - INFO - BinnedStimSpikeDataset initialized:
2026-03-04 18:26:25,921 - INFO -   input_bin_size_ms=10, output_bin_size_ms=10
2026-03-04 18:26:25,921 - INFO -   n_input_bins=60, n_output_bins=60
2026-03-04 18:26:25,921 - INFO -   output_offset=0, total_bins_input=60, total_bins_output=60
2026-03-04 18:26:25,921 - INFO -   Valid start positions per trial: 0 to 0
2026-03-04 18:26:25,921 - INFO -   Total samples: 3400 (3400 trials × 1 positions)
2026-03-04 18:26:43,839 - INFO - BinnedStimSpikeDataset initialized:
2026-03-04 18:26:43,839 - INFO -   input_bin_size_ms=10, output_bin_size_ms=10
2026-03-04 18:26:43,839 - INFO -   n_input_bins=60, n_output_bins=60
2026-03-04 18:26:43,839 - INFO -   output_offset=0, total_bins_input=60, total_bins_output=60
2026-03-04 18:26:43,839 - INFO -   Valid start positions per trial: 0 to 0
2026-03-04 18:26:43,839 - INFO -   Total samples: 600 (600 trials × 1 positions)
2026-03-04 18:27:02,288 - INFO - BinnedStimSpikeDataset initialized:
2026-03-04 18:27:02,288 - INFO -   input_bin_size_ms=10, output_bin_size_ms=10
2026-03-04 18:27:02,288 - INFO -   n_input_bins=60, n_output_bins=60
2026-03-04 18:27:02,288 - INFO -   output_offset=0, total_bins_input=60, total_bins_output=60
2026-03-04 18:27:02,288 - INFO -   Valid start positions per trial: 0 to 0
2026-03-04 18:27:02,288 - INFO -   Total samples: 1000 (1000 trials × 1 positions)
2026-03-04 18:27:02,289 - INFO - Samples — train: 3400, val: 600, test: 1000
2026-03-04 18:27:02,289 - INFO - Input channels: 42, Neurons: 63
2026-03-04 18:27:02,295 - INFO - Using CPU
2026-03-04 18:27:02,314 - INFO - Model: CNN — 219,647 trainable params (219,647 total)
2026-03-04 18:27:08,555 - INFO - Starting training …
2026-03-04 18:27:16,234 - INFO - Epoch   1/50 | Train: 0.211200 | Val: 0.181830 | Corr: 0.075254 | LR: 1.00e-03
2026-03-04 18:27:16,250 - INFO -   ↳ Saved best model (val_corr=0.075254)
2026-03-04 18:27:24,031 - INFO - Epoch   2/50 | Train: 0.183252 | Val: 0.180274 | Corr: 0.086995 | LR: 1.00e-03
2026-03-04 18:27:24,057 - INFO -   ↳ Saved best model (val_corr=0.086995)
2026-03-04 18:27:31,913 - INFO - Epoch   3/50 | Train: 0.181857 | Val: 0.179836 | Corr: 0.094602 | LR: 1.00e-03
2026-03-04 18:27:31,936 - INFO -   ↳ Saved best model (val_corr=0.094602)
2026-03-04 18:27:37,951 - INFO - Epoch   4/50 | Train: 0.180963 | Val: 0.179208 | Corr: 0.099306 | LR: 1.00e-03
2026-03-04 18:27:37,966 - INFO -   ↳ Saved best model (val_corr=0.099306)
2026-03-04 18:27:43,908 - INFO - Epoch   5/50 | Train: 0.179921 | Val: 0.179272 | Corr: 0.104428 | LR: 1.00e-03
2026-03-04 18:27:43,923 - INFO -   ↳ Saved best model (val_corr=0.104428)
2026-03-04 18:27:50,032 - INFO - Epoch   6/50 | Train: 0.179423 | Val: 0.178389 | Corr: 0.108573 | LR: 1.00e-03
2026-03-04 18:27:50,058 - INFO -   ↳ Saved best model (val_corr=0.108573)
2026-03-04 18:27:57,665 - INFO - Epoch   7/50 | Train: 0.178762 | Val: 0.177686 | Corr: 0.115304 | LR: 1.00e-03
2026-03-04 18:27:57,697 - INFO -   ↳ Saved best model (val_corr=0.115304)
2026-03-04 18:28:05,514 - INFO - Epoch   8/50 | Train: 0.178527 | Val: 0.177607 | Corr: 0.118150 | LR: 1.00e-03
2026-03-04 18:28:05,532 - INFO -   ↳ Saved best model (val_corr=0.118150)
2026-03-04 18:28:12,583 - INFO - Epoch   9/50 | Train: 0.178028 | Val: 0.177182 | Corr: 0.120624 | LR: 1.00e-03
2026-03-04 18:28:12,597 - INFO -   ↳ Saved best model (val_corr=0.120624)
2026-03-04 18:28:18,552 - INFO - Epoch  10/50 | Train: 0.177707 | Val: 0.177062 | Corr: 0.122810 | LR: 1.00e-03
2026-03-04 18:28:18,572 - INFO -   ↳ Saved best model (val_corr=0.122810)
2026-03-04 18:28:24,713 - INFO - Epoch  11/50 | Train: 0.177377 | Val: 0.177762 | Corr: 0.119494 | LR: 1.00e-03
2026-03-04 18:28:31,561 - INFO - Epoch  12/50 | Train: 0.177240 | Val: 0.177056 | Corr: 0.126377 | LR: 1.00e-03
2026-03-04 18:28:31,580 - INFO -   ↳ Saved best model (val_corr=0.126377)
2026-03-04 18:28:39,321 - INFO - Epoch  13/50 | Train: 0.176792 | Val: 0.176808 | Corr: 0.128930 | LR: 1.00e-03
2026-03-04 18:28:39,341 - INFO -   ↳ Saved best model (val_corr=0.128930)
2026-03-04 18:28:47,230 - INFO - Epoch  14/50 | Train: 0.176726 | Val: 0.176764 | Corr: 0.127513 | LR: 1.00e-03
2026-03-04 18:28:53,741 - INFO - Epoch  15/50 | Train: 0.176487 | Val: 0.176665 | Corr: 0.129025 | LR: 1.00e-03
2026-03-04 18:28:53,760 - INFO -   ↳ Saved best model (val_corr=0.129025)
2026-03-04 18:28:59,559 - INFO - Epoch  16/50 | Train: 0.176352 | Val: 0.176567 | Corr: 0.130793 | LR: 1.00e-03
2026-03-04 18:28:59,600 - INFO -   ↳ Saved best model (val_corr=0.130793)
2026-03-04 18:29:05,371 - INFO - Epoch  17/50 | Train: 0.176098 | Val: 0.176613 | Corr: 0.131198 | LR: 1.00e-03
2026-03-04 18:29:05,396 - INFO -   ↳ Saved best model (val_corr=0.131198)
2026-03-04 18:29:11,102 - INFO - Epoch  18/50 | Train: 0.176006 | Val: 0.176498 | Corr: 0.132483 | LR: 1.00e-03
2026-03-04 18:29:11,124 - INFO -   ↳ Saved best model (val_corr=0.132483)
2026-03-04 18:29:17,716 - INFO - Epoch  19/50 | Train: 0.175757 | Val: 0.176757 | Corr: 0.132499 | LR: 1.00e-03
2026-03-04 18:29:17,734 - INFO -   ↳ Saved best model (val_corr=0.132499)
2026-03-04 18:29:25,483 - INFO - Epoch  20/50 | Train: 0.175545 | Val: 0.176564 | Corr: 0.132077 | LR: 1.00e-03
2026-03-04 18:29:33,253 - INFO - Epoch  21/50 | Train: 0.175372 | Val: 0.176203 | Corr: 0.132647 | LR: 1.00e-03
2026-03-04 18:29:33,296 - INFO -   ↳ Saved best model (val_corr=0.132647)
2026-03-04 18:29:39,500 - INFO - Epoch  22/50 | Train: 0.175286 | Val: 0.176581 | Corr: 0.134091 | LR: 1.00e-03
2026-03-04 18:29:39,525 - INFO -   ↳ Saved best model (val_corr=0.134091)
2026-03-04 18:29:45,364 - INFO - Epoch  23/50 | Train: 0.175197 | Val: 0.176535 | Corr: 0.135207 | LR: 1.00e-03
2026-03-04 18:29:45,376 - INFO -   ↳ Saved best model (val_corr=0.135207)
2026-03-04 18:29:51,039 - INFO - Epoch  24/50 | Train: 0.175092 | Val: 0.176560 | Corr: 0.132925 | LR: 1.00e-03
2026-03-04 18:29:56,602 - INFO - Epoch  25/50 | Train: 0.174945 | Val: 0.176054 | Corr: 0.135714 | LR: 1.00e-03
2026-03-04 18:29:56,614 - INFO -   ↳ Saved best model (val_corr=0.135714)
2026-03-04 18:30:02,351 - INFO - Epoch  26/50 | Train: 0.174776 | Val: 0.176363 | Corr: 0.136240 | LR: 1.00e-03
2026-03-04 18:30:02,394 - INFO -   ↳ Saved best model (val_corr=0.136240)
2026-03-04 18:30:09,767 - INFO - Epoch  27/50 | Train: 0.174732 | Val: 0.176225 | Corr: 0.135466 | LR: 1.00e-03
2026-03-04 18:30:17,337 - INFO - Epoch  28/50 | Train: 0.174608 | Val: 0.176492 | Corr: 0.135215 | LR: 1.00e-03
2026-03-04 18:30:24,040 - INFO - Epoch  29/50 | Train: 0.174512 | Val: 0.175900 | Corr: 0.137249 | LR: 1.00e-03
2026-03-04 18:30:24,064 - INFO -   ↳ Saved best model (val_corr=0.137249)
2026-03-04 18:30:29,916 - INFO - Epoch  30/50 | Train: 0.174325 | Val: 0.176212 | Corr: 0.135698 | LR: 1.00e-03
2026-03-04 18:30:35,709 - INFO - Epoch  31/50 | Train: 0.174246 | Val: 0.176166 | Corr: 0.135270 | LR: 1.00e-03
2026-03-04 18:30:41,503 - INFO - Epoch  32/50 | Train: 0.174048 | Val: 0.176718 | Corr: 0.134762 | LR: 1.00e-03
2026-03-04 18:30:47,303 - INFO - Epoch  33/50 | Train: 0.174061 | Val: 0.176886 | Corr: 0.136528 | LR: 1.00e-03
2026-03-04 18:30:54,968 - INFO - Epoch  34/50 | Train: 0.173976 | Val: 0.176681 | Corr: 0.134821 | LR: 1.00e-03
2026-03-04 18:31:02,476 - INFO - Epoch  35/50 | Train: 0.173885 | Val: 0.176060 | Corr: 0.136456 | LR: 5.00e-04
2026-03-04 18:31:09,017 - INFO - Epoch  36/50 | Train: 0.173280 | Val: 0.176344 | Corr: 0.136890 | LR: 5.00e-04
2026-03-04 18:31:14,846 - INFO - Epoch  37/50 | Train: 0.173117 | Val: 0.176585 | Corr: 0.136376 | LR: 5.00e-04
2026-03-04 18:31:20,977 - INFO - Epoch  38/50 | Train: 0.173019 | Val: 0.176618 | Corr: 0.137501 | LR: 5.00e-04
2026-03-04 18:31:20,995 - INFO -   ↳ Saved best model (val_corr=0.137501)
2026-03-04 18:31:27,706 - INFO - Epoch  39/50 | Train: 0.172888 | Val: 0.176092 | Corr: 0.137454 | LR: 5.00e-04
2026-03-04 18:31:35,323 - INFO - Epoch  40/50 | Train: 0.172854 | Val: 0.176123 | Corr: 0.137247 | LR: 5.00e-04
2026-03-04 18:31:42,952 - INFO - Epoch  41/50 | Train: 0.172843 | Val: 0.176308 | Corr: 0.137272 | LR: 2.50e-04
2026-03-04 18:31:49,649 - INFO - Epoch  42/50 | Train: 0.172423 | Val: 0.176157 | Corr: 0.137120 | LR: 2.50e-04
2026-03-04 18:31:55,619 - INFO - Epoch  43/50 | Train: 0.172446 | Val: 0.176395 | Corr: 0.136580 | LR: 2.50e-04
2026-03-04 18:32:01,743 - INFO - Epoch  44/50 | Train: 0.172416 | Val: 0.176203 | Corr: 0.136654 | LR: 2.50e-04
2026-03-04 18:32:08,752 - INFO - Epoch  45/50 | Train: 0.172359 | Val: 0.176740 | Corr: 0.136592 | LR: 2.50e-04
2026-03-04 18:32:16,539 - INFO - Epoch  46/50 | Train: 0.172345 | Val: 0.176315 | Corr: 0.137243 | LR: 2.50e-04
2026-03-04 18:32:23,569 - INFO - Epoch  47/50 | Train: 0.172249 | Val: 0.177100 | Corr: 0.135769 | LR: 1.25e-04
2026-03-04 18:32:29,528 - INFO - Epoch  48/50 | Train: 0.172030 | Val: 0.176435 | Corr: 0.136911 | LR: 1.25e-04
2026-03-04 18:32:29,528 - INFO - Early stopping at epoch 48
2026-03-04 18:32:29,528 - INFO - Training complete — best val corr: 0.137501
2026-03-04 18:32:30,967 - INFO - Test loss: 0.168258, Test corr: 0.138978
2026-03-04 18:32:31,421 - INFO - Fraction of variance explained (FVE): 0.023238
2026-03-04 18:32:31,421 - INFO - Generating figures …
2026-03-04 18:32:31,894 - INFO - Correlation between predicted and actual per-neuron averages: r=0.9920, p=0.00e+00
2026-03-04 18:32:33,767 - INFO - Pattern selectivity summary:
2026-03-04 18:32:33,767 - INFO -   Mean correlation across neurons: 0.5108
2026-03-04 18:32:33,767 - INFO -   Median correlation: 0.5382
2026-03-04 18:32:33,767 - INFO -   Neurons with r > 0.5: 37 / 63
2026-03-04 18:32:33,767 - INFO -   Neurons with r > 0.3: 53 / 63
2026-03-04 18:32:33,767 - INFO - Pattern selectivity — mean neuron corr: 0.5108
2026-03-04 18:32:35,248 - INFO - LOO (avg rate) — Model mean r: 0.2942, LOO mean r: 0.4546, Neurons model > LOO: 1/63
2026-03-04 18:32:37,379 - INFO - LOO (temporal) — Model mean r: 0.1400, LOO mean r: 0.3186, Neurons model > LOO: 0/63
2026-03-04 18:32:37,379 - INFO - Skipping oracle trial plots (skip_oracle_plots=True)
2026-03-04 18:32:37,386 - INFO - Experiment complete. Summary: {
  "run_dir": "/scratch/sb272/patterns5k_results/slurm_base_cnn_2026-03-04_16-53-19/trial_0143_learning_rate=1.0e-03_kernel_sizes=5x3x3_conv_channels=64x128x256_fc_dims=256_seed2",
  "model_type": "cnn",
  "batch_avg_test_loss": 0.16825848984718322,
  "batch_avg_test_corr": 0.13897791748187655,
  "all_test_fve": 0.02323802974489,
  "AR_FVE": NaN,
  "AR_test_correlation": NaN,
  "best_val_corr": 0.13750145734944438,
  "total_params": 219647,
  "trainable_params": 219647,
  "epochs_trained": 48,
  "mean_pattern_corr": 0.5108306748054762,
  "history": 0,
  "init_state": true,
  "loo_avg_mean_corr": 0.45456832695830385,
  "model_avg_mean_corr": 0.2941891453435687,
  "neurons_model_beats_loo_avg": 1,
  "loo_temporal_mean_corr": 0.31855225563049316,
  "all_test_corr": 0.14003711938858032,
  "neurons_model_beats_loo_temporal": 0,
  "kernel_sizes": [
    5,
    3,
    3
  ],
  "conv_channels": [
    64,
    128,
    256
  ],
  "fc_dims": [
    256
  ]
}
