2026-03-03 21:02:19,380 - INFO - ============================================================
2026-03-03 21:02:19,380 - INFO - Experiment run directory: /scratch/sb272/patterns5k_results/slurm_hist_cnn_2026-03-03_15-13-01/trial_0285_learning_rate=1.0e-03_history=1_kernel_sizes=10x5_conv_channels=256x128_fc_dims=256_seed0
2026-03-03 21:02:19,380 - INFO - ============================================================
2026-03-03 21:02:19,380 - INFO - Loading data …
2026-03-03 21:02:20,287 - INFO - 63 unique neurons after dropping problematic neurons
2026-03-03 21:02:21,608 - INFO - Stimulation channels: 42, Spiking neurons: 63
2026-03-03 21:04:31,879 - INFO - Unique patterns: 4050, Total trials: 5000
2026-03-03 21:04:31,883 - INFO - Stimulation channels: 42, Spiking neurons: 63
2026-03-03 21:04:31,883 - INFO - Unique patterns: 4050, Total trials: 5000
2026-03-03 21:04:31,901 - INFO - Split (oracle): train=3400, val=600, test=1000
2026-03-03 21:05:00,173 - INFO - BinnedStimSpikeDataset initialized:
2026-03-03 21:05:00,174 - INFO -   input_bin_size_ms=10, output_bin_size_ms=10
2026-03-03 21:05:00,174 - INFO -   n_input_bins=60, n_output_bins=60
2026-03-03 21:05:00,174 - INFO -   output_offset=0, total_bins_input=60, total_bins_output=60
2026-03-03 21:05:00,174 - INFO -   Valid start positions per trial: 0 to 0
2026-03-03 21:05:00,174 - INFO -   Total samples: 3400 (3400 trials × 1 positions)
2026-03-03 21:05:27,250 - INFO - BinnedStimSpikeDataset initialized:
2026-03-03 21:05:27,250 - INFO -   input_bin_size_ms=10, output_bin_size_ms=10
2026-03-03 21:05:27,250 - INFO -   n_input_bins=60, n_output_bins=60
2026-03-03 21:05:27,250 - INFO -   output_offset=0, total_bins_input=60, total_bins_output=60
2026-03-03 21:05:27,250 - INFO -   Valid start positions per trial: 0 to 0
2026-03-03 21:05:27,250 - INFO -   Total samples: 600 (600 trials × 1 positions)
2026-03-03 21:05:54,563 - INFO - BinnedStimSpikeDataset initialized:
2026-03-03 21:05:54,564 - INFO -   input_bin_size_ms=10, output_bin_size_ms=10
2026-03-03 21:05:54,564 - INFO -   n_input_bins=60, n_output_bins=60
2026-03-03 21:05:54,564 - INFO -   output_offset=0, total_bins_input=60, total_bins_output=60
2026-03-03 21:05:54,564 - INFO -   Valid start positions per trial: 0 to 0
2026-03-03 21:05:54,564 - INFO -   Total samples: 1000 (1000 trials × 1 positions)
2026-03-03 21:05:54,564 - INFO - Samples — train: 3400, val: 600, test: 1000
2026-03-03 21:05:54,564 - INFO - Input channels: 105, Neurons: 63
2026-03-03 21:05:54,573 - INFO - Using CPU
2026-03-03 21:05:54,593 - INFO - Model: CNN — 483,007 trainable params (483,007 total)
2026-03-03 21:06:06,516 - INFO - Starting training …
2026-03-03 21:06:17,805 - INFO - Epoch   1/50 | Train: 0.211238 | Val: 0.176912 | Corr: 0.153728 | LR: 1.00e-03
2026-03-03 21:06:17,835 - INFO -   ↳ Saved best model (val_corr=0.153728)
2026-03-03 21:06:27,877 - INFO - Epoch   2/50 | Train: 0.171532 | Val: 0.173267 | Corr: 0.178299 | LR: 1.00e-03
2026-03-03 21:06:27,899 - INFO -   ↳ Saved best model (val_corr=0.178299)
2026-03-03 21:06:37,853 - INFO - Epoch   3/50 | Train: 0.167965 | Val: 0.172229 | Corr: 0.194987 | LR: 1.00e-03
2026-03-03 21:06:37,884 - INFO -   ↳ Saved best model (val_corr=0.194987)
2026-03-03 21:06:47,765 - INFO - Epoch   4/50 | Train: 0.165196 | Val: 0.168842 | Corr: 0.209996 | LR: 1.00e-03
2026-03-03 21:06:47,790 - INFO -   ↳ Saved best model (val_corr=0.209996)
2026-03-03 21:06:57,723 - INFO - Epoch   5/50 | Train: 0.163087 | Val: 0.166480 | Corr: 0.220274 | LR: 1.00e-03
2026-03-03 21:06:57,763 - INFO -   ↳ Saved best model (val_corr=0.220274)
2026-03-03 21:07:07,652 - INFO - Epoch   6/50 | Train: 0.161588 | Val: 0.166247 | Corr: 0.226724 | LR: 1.00e-03
2026-03-03 21:07:07,673 - INFO -   ↳ Saved best model (val_corr=0.226724)
2026-03-03 21:07:17,593 - INFO - Epoch   7/50 | Train: 0.160214 | Val: 0.166396 | Corr: 0.231730 | LR: 1.00e-03
2026-03-03 21:07:17,622 - INFO -   ↳ Saved best model (val_corr=0.231730)
2026-03-03 21:07:27,685 - INFO - Epoch   8/50 | Train: 0.159040 | Val: 0.164624 | Corr: 0.235212 | LR: 1.00e-03
2026-03-03 21:07:27,707 - INFO -   ↳ Saved best model (val_corr=0.235212)
2026-03-03 21:07:37,739 - INFO - Epoch   9/50 | Train: 0.157943 | Val: 0.164554 | Corr: 0.240291 | LR: 1.00e-03
2026-03-03 21:07:37,769 - INFO -   ↳ Saved best model (val_corr=0.240291)
2026-03-03 21:07:47,716 - INFO - Epoch  10/50 | Train: 0.157104 | Val: 0.163766 | Corr: 0.242832 | LR: 1.00e-03
2026-03-03 21:07:47,748 - INFO -   ↳ Saved best model (val_corr=0.242832)
2026-03-03 21:07:57,777 - INFO - Epoch  11/50 | Train: 0.156419 | Val: 0.163995 | Corr: 0.244072 | LR: 1.00e-03
2026-03-03 21:07:57,809 - INFO -   ↳ Saved best model (val_corr=0.244072)
2026-03-03 21:08:07,978 - INFO - Epoch  12/50 | Train: 0.155576 | Val: 0.165079 | Corr: 0.245454 | LR: 1.00e-03
2026-03-03 21:08:08,005 - INFO -   ↳ Saved best model (val_corr=0.245454)
2026-03-03 21:08:17,983 - INFO - Epoch  13/50 | Train: 0.154859 | Val: 0.163556 | Corr: 0.245176 | LR: 1.00e-03
2026-03-03 21:08:28,437 - INFO - Epoch  14/50 | Train: 0.154169 | Val: 0.163257 | Corr: 0.247556 | LR: 1.00e-03
2026-03-03 21:08:28,468 - INFO -   ↳ Saved best model (val_corr=0.247556)
2026-03-03 21:08:38,806 - INFO - Epoch  15/50 | Train: 0.153619 | Val: 0.163799 | Corr: 0.248693 | LR: 1.00e-03
2026-03-03 21:08:38,832 - INFO -   ↳ Saved best model (val_corr=0.248693)
2026-03-03 21:08:49,160 - INFO - Epoch  16/50 | Train: 0.153163 | Val: 0.164370 | Corr: 0.247399 | LR: 1.00e-03
2026-03-03 21:08:59,429 - INFO - Epoch  17/50 | Train: 0.152737 | Val: 0.164048 | Corr: 0.248209 | LR: 1.00e-03
2026-03-03 21:09:09,779 - INFO - Epoch  18/50 | Train: 0.152211 | Val: 0.163875 | Corr: 0.248375 | LR: 1.00e-03
2026-03-03 21:09:20,177 - INFO - Epoch  19/50 | Train: 0.151877 | Val: 0.164759 | Corr: 0.248515 | LR: 1.00e-03
2026-03-03 21:09:30,721 - INFO - Epoch  20/50 | Train: 0.151441 | Val: 0.165315 | Corr: 0.247049 | LR: 5.00e-04
2026-03-03 21:09:41,045 - INFO - Epoch  21/50 | Train: 0.149723 | Val: 0.164926 | Corr: 0.249557 | LR: 5.00e-04
2026-03-03 21:09:41,096 - INFO -   ↳ Saved best model (val_corr=0.249557)
2026-03-03 21:09:51,361 - INFO - Epoch  22/50 | Train: 0.149080 | Val: 0.164316 | Corr: 0.249019 | LR: 5.00e-04
2026-03-03 21:10:01,752 - INFO - Epoch  23/50 | Train: 0.148944 | Val: 0.164656 | Corr: 0.249379 | LR: 5.00e-04
2026-03-03 21:10:12,065 - INFO - Epoch  24/50 | Train: 0.148552 | Val: 0.165219 | Corr: 0.247290 | LR: 5.00e-04
2026-03-03 21:10:22,361 - INFO - Epoch  25/50 | Train: 0.148411 | Val: 0.164427 | Corr: 0.249129 | LR: 5.00e-04
2026-03-03 21:10:32,719 - INFO - Epoch  26/50 | Train: 0.148292 | Val: 0.164861 | Corr: 0.248336 | LR: 2.50e-04
2026-03-03 21:10:43,084 - INFO - Epoch  27/50 | Train: 0.147407 | Val: 0.164846 | Corr: 0.249828 | LR: 2.50e-04
2026-03-03 21:10:43,124 - INFO -   ↳ Saved best model (val_corr=0.249828)
2026-03-03 21:10:53,266 - INFO - Epoch  28/50 | Train: 0.147082 | Val: 0.164738 | Corr: 0.249082 | LR: 2.50e-04
2026-03-03 21:11:03,584 - INFO - Epoch  29/50 | Train: 0.146944 | Val: 0.164841 | Corr: 0.248521 | LR: 2.50e-04
2026-03-03 21:11:13,872 - INFO - Epoch  30/50 | Train: 0.146732 | Val: 0.165198 | Corr: 0.248786 | LR: 2.50e-04
2026-03-03 21:11:24,143 - INFO - Epoch  31/50 | Train: 0.146603 | Val: 0.165173 | Corr: 0.247751 | LR: 2.50e-04
2026-03-03 21:11:34,324 - INFO - Epoch  32/50 | Train: 0.146554 | Val: 0.165115 | Corr: 0.248747 | LR: 1.25e-04
2026-03-03 21:11:44,594 - INFO - Epoch  33/50 | Train: 0.146117 | Val: 0.165127 | Corr: 0.247868 | LR: 1.25e-04
2026-03-03 21:11:54,831 - INFO - Epoch  34/50 | Train: 0.145990 | Val: 0.164954 | Corr: 0.248715 | LR: 1.25e-04
2026-03-03 21:12:05,078 - INFO - Epoch  35/50 | Train: 0.145905 | Val: 0.165380 | Corr: 0.247138 | LR: 1.25e-04
2026-03-03 21:12:15,351 - INFO - Epoch  36/50 | Train: 0.145769 | Val: 0.165362 | Corr: 0.247118 | LR: 1.25e-04
2026-03-03 21:12:25,446 - INFO - Epoch  37/50 | Train: 0.145827 | Val: 0.165481 | Corr: 0.246976 | LR: 1.25e-04
2026-03-03 21:12:25,446 - INFO - Early stopping at epoch 37
2026-03-03 21:12:25,446 - INFO - Training complete — best val corr: 0.249828
2026-03-03 21:12:27,866 - INFO - Test loss: 0.153858, Test corr: 0.241601
2026-03-03 21:12:28,711 - INFO - Fraction of variance explained (FVE): 0.063710
2026-03-03 21:12:28,711 - INFO - Computing autoregressive (AR) test predictions …
2026-03-03 21:12:29,734 - INFO - AR FVE: -0.010353, AR test corr: 0.069950
2026-03-03 21:12:29,734 - INFO - Generating figures …
2026-03-03 21:12:30,536 - INFO - Correlation between predicted and actual per-neuron averages: r=0.9933, p=0.00e+00
2026-03-03 21:12:33,604 - INFO - Pattern selectivity summary:
2026-03-03 21:12:33,604 - INFO -   Mean correlation across neurons: 0.7357
2026-03-03 21:12:33,605 - INFO -   Median correlation: 0.7600
2026-03-03 21:12:33,605 - INFO -   Neurons with r > 0.5: 58 / 63
2026-03-03 21:12:33,605 - INFO -   Neurons with r > 0.3: 62 / 63
2026-03-03 21:12:33,605 - INFO - Pattern selectivity — mean neuron corr: 0.7357
2026-03-03 21:12:36,072 - INFO - LOO (avg rate) — Model mean r: 0.6108, LOO mean r: 0.4546, Neurons model > LOO: 54/63
2026-03-03 21:12:39,135 - INFO - LOO (temporal) — Model mean r: 0.2536, LOO mean r: 0.3186, Neurons model > LOO: 13/63
2026-03-03 21:12:39,135 - INFO - Skipping oracle trial plots (skip_oracle_plots=True)
2026-03-03 21:12:39,155 - INFO - Experiment complete. Summary: {
  "run_dir": "/scratch/sb272/patterns5k_results/slurm_hist_cnn_2026-03-03_15-13-01/trial_0285_learning_rate=1.0e-03_history=1_kernel_sizes=10x5_conv_channels=256x128_fc_dims=256_seed0",
  "model_type": "cnn",
  "batch_avg_test_loss": 0.15385777163505554,
  "batch_avg_test_corr": 0.24160149214894464,
  "all_test_fve": 0.06371010295928471,
  "AR_FVE": -0.010353446006774902,
  "AR_test_correlation": 0.0699499249458313,
  "best_val_corr": 0.2498277609502081,
  "total_params": 483007,
  "trainable_params": 483007,
  "epochs_trained": 37,
  "mean_pattern_corr": 0.7357134784160887,
  "history": 1,
  "init_state": true,
  "loo_avg_mean_corr": 0.45456832695830385,
  "model_avg_mean_corr": 0.6108330137274501,
  "neurons_model_beats_loo_avg": 54,
  "loo_temporal_mean_corr": 0.31855225563049316,
  "all_test_corr": 0.2536122798919678,
  "neurons_model_beats_loo_temporal": 13,
  "kernel_sizes": [
    10,
    5
  ],
  "conv_channels": [
    256,
    128
  ],
  "fc_dims": [
    256
  ]
}
