2026-03-05 22:46:13,311 - INFO - ============================================================
2026-03-05 22:46:13,311 - INFO - Experiment run directory: /scratch/sb272/patterns5k_results/slurm_hist_cnn_2026-03-05_16-01-45/trial_0395_learning_rate=5.0e-04_history=2_kernel_sizes=5x3_conv_channels=128x256_fc_dims=1024_seed1
2026-03-05 22:46:13,311 - INFO - ============================================================
2026-03-05 22:46:13,311 - INFO - Loading data …
2026-03-05 22:46:15,254 - INFO - 63 unique neurons after dropping problematic neurons
2026-03-05 22:46:16,400 - INFO - Stimulation channels: 42, Spiking neurons: 63
2026-03-05 22:47:50,832 - INFO - Unique patterns: 4050, Total trials: 5000
2026-03-05 22:47:50,834 - INFO - Stimulation channels: 42, Spiking neurons: 63
2026-03-05 22:47:50,834 - INFO - Unique patterns: 4050, Total trials: 5000
2026-03-05 22:47:50,846 - INFO - Split (oracle): train=3400, val=600, test=1000
2026-03-05 22:48:07,622 - INFO - BinnedStimSpikeDataset initialized:
2026-03-05 22:48:07,623 - INFO -   input_bin_size_ms=10, output_bin_size_ms=10
2026-03-05 22:48:07,623 - INFO -   n_input_bins=60, n_output_bins=60
2026-03-05 22:48:07,623 - INFO -   output_offset=0, total_bins_input=60, total_bins_output=60
2026-03-05 22:48:07,623 - INFO -   Valid start positions per trial: 0 to 0
2026-03-05 22:48:07,623 - INFO -   Total samples: 3400 (3400 trials × 1 positions)
2026-03-05 22:48:23,893 - INFO - BinnedStimSpikeDataset initialized:
2026-03-05 22:48:23,893 - INFO -   input_bin_size_ms=10, output_bin_size_ms=10
2026-03-05 22:48:23,893 - INFO -   n_input_bins=60, n_output_bins=60
2026-03-05 22:48:23,893 - INFO -   output_offset=0, total_bins_input=60, total_bins_output=60
2026-03-05 22:48:23,893 - INFO -   Valid start positions per trial: 0 to 0
2026-03-05 22:48:23,893 - INFO -   Total samples: 600 (600 trials × 1 positions)
2026-03-05 22:48:39,065 - INFO - BinnedStimSpikeDataset initialized:
2026-03-05 22:48:39,065 - INFO -   input_bin_size_ms=10, output_bin_size_ms=10
2026-03-05 22:48:39,065 - INFO -   n_input_bins=60, n_output_bins=60
2026-03-05 22:48:39,065 - INFO -   output_offset=0, total_bins_input=60, total_bins_output=60
2026-03-05 22:48:39,065 - INFO -   Valid start positions per trial: 0 to 0
2026-03-05 22:48:39,065 - INFO -   Total samples: 1000 (1000 trials × 1 positions)
2026-03-05 22:48:39,066 - INFO - Samples — train: 3400, val: 600, test: 1000
2026-03-05 22:48:39,066 - INFO - Input channels: 105, Neurons: 63
2026-03-05 22:48:39,066 - INFO - Using CPU
2026-03-05 22:48:39,085 - INFO - Model: CNN — 494,399 trainable params (494,399 total)
2026-03-05 22:48:42,455 - INFO - Starting training …
2026-03-05 22:48:52,078 - INFO - Epoch   1/50 | Train: 0.203262 | Val: 0.179596 | Corr: 0.145504 | LR: 5.00e-04
2026-03-05 22:48:52,094 - INFO -   ↳ Saved best model (val_corr=0.145504)
2026-03-05 22:49:01,890 - INFO - Epoch   2/50 | Train: 0.173562 | Val: 0.177889 | Corr: 0.169514 | LR: 5.00e-04
2026-03-05 22:49:01,911 - INFO -   ↳ Saved best model (val_corr=0.169514)
2026-03-05 22:49:11,809 - INFO - Epoch   3/50 | Train: 0.170425 | Val: 0.176841 | Corr: 0.187028 | LR: 5.00e-04
2026-03-05 22:49:11,826 - INFO -   ↳ Saved best model (val_corr=0.187028)
2026-03-05 22:49:20,568 - INFO - Epoch   4/50 | Train: 0.168294 | Val: 0.169800 | Corr: 0.203816 | LR: 5.00e-04
2026-03-05 22:49:20,583 - INFO -   ↳ Saved best model (val_corr=0.203816)
2026-03-05 22:49:29,965 - INFO - Epoch   5/50 | Train: 0.166747 | Val: 0.167752 | Corr: 0.215540 | LR: 5.00e-04
2026-03-05 22:49:29,988 - INFO -   ↳ Saved best model (val_corr=0.215540)
2026-03-05 22:49:39,558 - INFO - Epoch   6/50 | Train: 0.165305 | Val: 0.167077 | Corr: 0.222371 | LR: 5.00e-04
2026-03-05 22:49:39,573 - INFO -   ↳ Saved best model (val_corr=0.222371)
2026-03-05 22:49:49,236 - INFO - Epoch   7/50 | Train: 0.164449 | Val: 0.169667 | Corr: 0.227568 | LR: 5.00e-04
2026-03-05 22:49:49,251 - INFO -   ↳ Saved best model (val_corr=0.227568)
2026-03-05 22:49:58,988 - INFO - Epoch   8/50 | Train: 0.163717 | Val: 0.165658 | Corr: 0.233043 | LR: 5.00e-04
2026-03-05 22:49:59,005 - INFO -   ↳ Saved best model (val_corr=0.233043)
2026-03-05 22:50:08,799 - INFO - Epoch   9/50 | Train: 0.163055 | Val: 0.168330 | Corr: 0.238005 | LR: 5.00e-04
2026-03-05 22:50:08,816 - INFO -   ↳ Saved best model (val_corr=0.238005)
2026-03-05 22:50:17,769 - INFO - Epoch  10/50 | Train: 0.162612 | Val: 0.168514 | Corr: 0.239393 | LR: 5.00e-04
2026-03-05 22:50:17,785 - INFO -   ↳ Saved best model (val_corr=0.239393)
2026-03-05 22:50:27,190 - INFO - Epoch  11/50 | Train: 0.161898 | Val: 0.167155 | Corr: 0.242816 | LR: 5.00e-04
2026-03-05 22:50:27,206 - INFO -   ↳ Saved best model (val_corr=0.242816)
2026-03-05 22:50:35,396 - INFO - Epoch  12/50 | Train: 0.161294 | Val: 0.165892 | Corr: 0.244259 | LR: 5.00e-04
2026-03-05 22:50:35,413 - INFO -   ↳ Saved best model (val_corr=0.244259)
2026-03-05 22:50:43,991 - INFO - Epoch  13/50 | Train: 0.160959 | Val: 0.166831 | Corr: 0.244602 | LR: 5.00e-04
2026-03-05 22:50:44,006 - INFO -   ↳ Saved best model (val_corr=0.244602)
2026-03-05 22:50:53,419 - INFO - Epoch  14/50 | Train: 0.160561 | Val: 0.167192 | Corr: 0.248813 | LR: 2.50e-04
2026-03-05 22:50:53,435 - INFO -   ↳ Saved best model (val_corr=0.248813)
2026-03-05 22:51:02,231 - INFO - Epoch  15/50 | Train: 0.159579 | Val: 0.165635 | Corr: 0.250426 | LR: 2.50e-04
2026-03-05 22:51:02,248 - INFO -   ↳ Saved best model (val_corr=0.250426)
2026-03-05 22:51:11,257 - INFO - Epoch  16/50 | Train: 0.159234 | Val: 0.166606 | Corr: 0.250383 | LR: 2.50e-04
2026-03-05 22:51:20,243 - INFO - Epoch  17/50 | Train: 0.159107 | Val: 0.166082 | Corr: 0.251560 | LR: 2.50e-04
2026-03-05 22:51:20,257 - INFO -   ↳ Saved best model (val_corr=0.251560)
2026-03-05 22:51:29,321 - INFO - Epoch  18/50 | Train: 0.158903 | Val: 0.166801 | Corr: 0.252674 | LR: 2.50e-04
2026-03-05 22:51:29,336 - INFO -   ↳ Saved best model (val_corr=0.252674)
2026-03-05 22:51:39,767 - INFO - Epoch  19/50 | Train: 0.158777 | Val: 0.164049 | Corr: 0.253747 | LR: 2.50e-04
2026-03-05 22:51:39,783 - INFO -   ↳ Saved best model (val_corr=0.253747)
2026-03-05 22:51:49,452 - INFO - Epoch  20/50 | Train: 0.158586 | Val: 0.164199 | Corr: 0.253802 | LR: 2.50e-04
2026-03-05 22:51:49,486 - INFO -   ↳ Saved best model (val_corr=0.253802)
2026-03-05 22:51:59,139 - INFO - Epoch  21/50 | Train: 0.158394 | Val: 0.163952 | Corr: 0.253909 | LR: 2.50e-04
2026-03-05 22:51:59,153 - INFO -   ↳ Saved best model (val_corr=0.253909)
2026-03-05 22:52:08,644 - INFO - Epoch  22/50 | Train: 0.158302 | Val: 0.164564 | Corr: 0.255340 | LR: 2.50e-04
2026-03-05 22:52:08,677 - INFO -   ↳ Saved best model (val_corr=0.255340)
2026-03-05 22:52:18,790 - INFO - Epoch  23/50 | Train: 0.158044 | Val: 0.165298 | Corr: 0.255438 | LR: 2.50e-04
2026-03-05 22:52:18,806 - INFO -   ↳ Saved best model (val_corr=0.255438)
2026-03-05 22:52:28,859 - INFO - Epoch  24/50 | Train: 0.157914 | Val: 0.167745 | Corr: 0.255053 | LR: 2.50e-04
2026-03-05 22:52:37,226 - INFO - Epoch  25/50 | Train: 0.157714 | Val: 0.163878 | Corr: 0.255757 | LR: 2.50e-04
2026-03-05 22:52:37,240 - INFO -   ↳ Saved best model (val_corr=0.255757)
2026-03-05 22:52:45,481 - INFO - Epoch  26/50 | Train: 0.157688 | Val: 0.165662 | Corr: 0.255511 | LR: 2.50e-04
2026-03-05 22:52:53,990 - INFO - Epoch  27/50 | Train: 0.157497 | Val: 0.164265 | Corr: 0.256375 | LR: 2.50e-04
2026-03-05 22:52:54,006 - INFO -   ↳ Saved best model (val_corr=0.256375)
2026-03-05 22:53:02,846 - INFO - Epoch  28/50 | Train: 0.157490 | Val: 0.164325 | Corr: 0.256292 | LR: 2.50e-04
2026-03-05 22:53:11,867 - INFO - Epoch  29/50 | Train: 0.157308 | Val: 0.165403 | Corr: 0.257838 | LR: 2.50e-04
2026-03-05 22:53:11,882 - INFO -   ↳ Saved best model (val_corr=0.257838)
2026-03-05 22:53:21,332 - INFO - Epoch  30/50 | Train: 0.157171 | Val: 0.165876 | Corr: 0.257330 | LR: 2.50e-04
2026-03-05 22:53:30,678 - INFO - Epoch  31/50 | Train: 0.157033 | Val: 0.163357 | Corr: 0.258506 | LR: 2.50e-04
2026-03-05 22:53:30,691 - INFO -   ↳ Saved best model (val_corr=0.258506)
2026-03-05 22:53:40,286 - INFO - Epoch  32/50 | Train: 0.157012 | Val: 0.164982 | Corr: 0.254679 | LR: 2.50e-04
2026-03-05 22:53:49,727 - INFO - Epoch  33/50 | Train: 0.156878 | Val: 0.164381 | Corr: 0.258147 | LR: 2.50e-04
2026-03-05 22:53:59,156 - INFO - Epoch  34/50 | Train: 0.156794 | Val: 0.164508 | Corr: 0.258451 | LR: 2.50e-04
2026-03-05 22:54:08,185 - INFO - Epoch  35/50 | Train: 0.156577 | Val: 0.165814 | Corr: 0.260240 | LR: 2.50e-04
2026-03-05 22:54:08,215 - INFO -   ↳ Saved best model (val_corr=0.260240)
2026-03-05 22:54:17,282 - INFO - Epoch  36/50 | Train: 0.156517 | Val: 0.164548 | Corr: 0.258410 | LR: 2.50e-04
2026-03-05 22:54:26,945 - INFO - Epoch  37/50 | Train: 0.156440 | Val: 0.164434 | Corr: 0.259909 | LR: 1.25e-04
2026-03-05 22:54:36,362 - INFO - Epoch  38/50 | Train: 0.155934 | Val: 0.163579 | Corr: 0.260089 | LR: 1.25e-04
2026-03-05 22:54:45,165 - INFO - Epoch  39/50 | Train: 0.155807 | Val: 0.163953 | Corr: 0.260765 | LR: 1.25e-04
2026-03-05 22:54:45,182 - INFO -   ↳ Saved best model (val_corr=0.260765)
2026-03-05 22:54:53,345 - INFO - Epoch  40/50 | Train: 0.155720 | Val: 0.164434 | Corr: 0.260605 | LR: 1.25e-04
2026-03-05 22:55:02,819 - INFO - Epoch  41/50 | Train: 0.155667 | Val: 0.163728 | Corr: 0.258329 | LR: 1.25e-04
2026-03-05 22:55:12,241 - INFO - Epoch  42/50 | Train: 0.155634 | Val: 0.163625 | Corr: 0.259679 | LR: 1.25e-04
2026-03-05 22:55:20,800 - INFO - Epoch  43/50 | Train: 0.155614 | Val: 0.164940 | Corr: 0.260003 | LR: 6.25e-05
2026-03-05 22:55:29,742 - INFO - Epoch  44/50 | Train: 0.155336 | Val: 0.164947 | Corr: 0.259933 | LR: 6.25e-05
2026-03-05 22:55:38,958 - INFO - Epoch  45/50 | Train: 0.155285 | Val: 0.163600 | Corr: 0.260330 | LR: 6.25e-05
2026-03-05 22:55:48,447 - INFO - Epoch  46/50 | Train: 0.155216 | Val: 0.163750 | Corr: 0.261089 | LR: 6.25e-05
2026-03-05 22:55:48,462 - INFO -   ↳ Saved best model (val_corr=0.261089)
2026-03-05 22:55:58,701 - INFO - Epoch  47/50 | Train: 0.155195 | Val: 0.163669 | Corr: 0.261027 | LR: 6.25e-05
2026-03-05 22:56:08,780 - INFO - Epoch  48/50 | Train: 0.155226 | Val: 0.163966 | Corr: 0.260249 | LR: 6.25e-05
2026-03-05 22:56:17,322 - INFO - Epoch  49/50 | Train: 0.155142 | Val: 0.163129 | Corr: 0.261266 | LR: 6.25e-05
2026-03-05 22:56:17,337 - INFO -   ↳ Saved best model (val_corr=0.261266)
2026-03-05 22:56:26,820 - INFO - Epoch  50/50 | Train: 0.155091 | Val: 0.164213 | Corr: 0.260572 | LR: 6.25e-05
2026-03-05 22:56:26,820 - INFO - Training complete — best val corr: 0.261266
2026-03-05 22:56:28,528 - INFO - Test loss: 0.154715, Test corr: 0.248896
2026-03-05 22:56:29,286 - INFO - Fraction of variance explained (FVE): 0.064584
2026-03-05 22:56:29,286 - INFO - Computing autoregressive (AR) test predictions …
2026-03-05 22:56:30,300 - INFO - AR FVE: 0.004067, AR test corr: 0.096054
2026-03-05 22:56:30,300 - INFO - Generating figures …
2026-03-05 22:56:30,786 - INFO - Correlation between predicted and actual per-neuron averages: r=0.9958, p=0.00e+00
2026-03-05 22:56:33,178 - INFO - Pattern selectivity summary:
2026-03-05 22:56:33,178 - INFO -   Mean correlation across neurons: 0.7600
2026-03-05 22:56:33,179 - INFO -   Median correlation: 0.7918
2026-03-05 22:56:33,179 - INFO -   Neurons with r > 0.5: 59 / 63
2026-03-05 22:56:33,179 - INFO -   Neurons with r > 0.3: 63 / 63
2026-03-05 22:56:33,179 - INFO - Pattern selectivity — mean neuron corr: 0.7600
2026-03-05 22:56:34,891 - INFO - LOO (avg rate) — Model mean r: 0.6259, LOO mean r: 0.4546, Neurons model > LOO: 58/63
2026-03-05 22:56:37,207 - INFO - LOO (temporal) — Model mean r: 0.2603, LOO mean r: 0.3186, Neurons model > LOO: 11/63
2026-03-05 22:56:37,207 - INFO - Skipping oracle trial plots (skip_oracle_plots=True)
2026-03-05 22:56:37,215 - INFO - Experiment complete. Summary: {
  "run_dir": "/scratch/sb272/patterns5k_results/slurm_hist_cnn_2026-03-05_16-01-45/trial_0395_learning_rate=5.0e-04_history=2_kernel_sizes=5x3_conv_channels=128x256_fc_dims=1024_seed1",
  "model_type": "cnn",
  "batch_avg_test_loss": 0.15471506023406983,
  "batch_avg_test_corr": 0.2488962281388873,
  "all_test_fve": 0.06458375945923821,
  "AR_FVE": 0.004067477725801014,
  "AR_test_correlation": 0.09605441987514496,
  "best_val_corr": 0.26126578836245784,
  "total_params": 494399,
  "trainable_params": 494399,
  "epochs_trained": 50,
  "mean_pattern_corr": 0.7600122034290551,
  "history": 2,
  "init_state": true,
  "loo_avg_mean_corr": 0.45456832695830385,
  "model_avg_mean_corr": 0.6259421028189256,
  "neurons_model_beats_loo_avg": 58,
  "loo_temporal_mean_corr": 0.31855225563049316,
  "all_test_corr": 0.2602840065956116,
  "neurons_model_beats_loo_temporal": 11,
  "kernel_sizes": [
    5,
    3
  ],
  "conv_channels": [
    128,
    256
  ],
  "fc_dims": [
    1024
  ]
}
