2026-03-04 22:11:31,813 - INFO - ============================================================
2026-03-04 22:11:31,813 - INFO - Experiment run directory: /scratch/sb272/patterns5k_results/slurm_base_cnn_2026-03-04_16-53-19/trial_0097_learning_rate=5.0e-04_kernel_sizes=3x3x3_conv_channels=32x64x128_fc_dims=256_seed2
2026-03-04 22:11:31,813 - INFO - ============================================================
2026-03-04 22:11:31,813 - INFO - Loading data …
2026-03-04 22:11:32,954 - INFO - 63 unique neurons after dropping problematic neurons
2026-03-04 22:11:34,473 - INFO - Stimulation channels: 42, Spiking neurons: 63
2026-03-04 22:14:05,329 - INFO - Unique patterns: 4050, Total trials: 5000
2026-03-04 22:14:05,330 - INFO - Stimulation channels: 42, Spiking neurons: 63
2026-03-04 22:14:05,330 - INFO - Unique patterns: 4050, Total trials: 5000
2026-03-04 22:14:05,351 - INFO - Split (oracle): train=3400, val=600, test=1000
2026-03-04 22:14:38,344 - INFO - BinnedStimSpikeDataset initialized:
2026-03-04 22:14:38,345 - INFO -   input_bin_size_ms=10, output_bin_size_ms=10
2026-03-04 22:14:38,345 - INFO -   n_input_bins=60, n_output_bins=60
2026-03-04 22:14:38,345 - INFO -   output_offset=0, total_bins_input=60, total_bins_output=60
2026-03-04 22:14:38,345 - INFO -   Valid start positions per trial: 0 to 0
2026-03-04 22:14:38,345 - INFO -   Total samples: 3400 (3400 trials × 1 positions)
2026-03-04 22:15:10,629 - INFO - BinnedStimSpikeDataset initialized:
2026-03-04 22:15:10,630 - INFO -   input_bin_size_ms=10, output_bin_size_ms=10
2026-03-04 22:15:10,630 - INFO -   n_input_bins=60, n_output_bins=60
2026-03-04 22:15:10,630 - INFO -   output_offset=0, total_bins_input=60, total_bins_output=60
2026-03-04 22:15:10,630 - INFO -   Valid start positions per trial: 0 to 0
2026-03-04 22:15:10,630 - INFO -   Total samples: 600 (600 trials × 1 positions)
2026-03-04 22:15:42,681 - INFO - BinnedStimSpikeDataset initialized:
2026-03-04 22:15:42,681 - INFO -   input_bin_size_ms=10, output_bin_size_ms=10
2026-03-04 22:15:42,681 - INFO -   n_input_bins=60, n_output_bins=60
2026-03-04 22:15:42,681 - INFO -   output_offset=0, total_bins_input=60, total_bins_output=60
2026-03-04 22:15:42,681 - INFO -   Valid start positions per trial: 0 to 0
2026-03-04 22:15:42,681 - INFO -   Total samples: 1000 (1000 trials × 1 positions)
2026-03-04 22:15:42,681 - INFO - Samples — train: 3400, val: 600, test: 1000
2026-03-04 22:15:42,681 - INFO - Input channels: 42, Neurons: 63
2026-03-04 22:15:42,702 - INFO - Using CPU
2026-03-04 22:15:42,719 - INFO - Model: CNN — 84,639 trainable params (84,639 total)
2026-03-04 22:15:46,299 - INFO - Starting training …
2026-03-04 22:15:53,411 - INFO - Epoch   1/50 | Train: 0.247386 | Val: 0.182819 | Corr: 0.066006 | LR: 5.00e-04
2026-03-04 22:15:53,422 - INFO -   ↳ Saved best model (val_corr=0.066006)
2026-03-04 22:15:59,343 - INFO - Epoch   2/50 | Train: 0.185258 | Val: 0.182656 | Corr: 0.071241 | LR: 5.00e-04
2026-03-04 22:15:59,353 - INFO -   ↳ Saved best model (val_corr=0.071241)
2026-03-04 22:16:05,187 - INFO - Epoch   3/50 | Train: 0.184113 | Val: 0.181510 | Corr: 0.075077 | LR: 5.00e-04
2026-03-04 22:16:05,196 - INFO -   ↳ Saved best model (val_corr=0.075077)
2026-03-04 22:16:11,040 - INFO - Epoch   4/50 | Train: 0.183347 | Val: 0.181815 | Corr: 0.079269 | LR: 5.00e-04
2026-03-04 22:16:11,048 - INFO -   ↳ Saved best model (val_corr=0.079269)
2026-03-04 22:16:16,935 - INFO - Epoch   5/50 | Train: 0.182689 | Val: 0.180641 | Corr: 0.084197 | LR: 5.00e-04
2026-03-04 22:16:16,948 - INFO -   ↳ Saved best model (val_corr=0.084197)
2026-03-04 22:16:22,903 - INFO - Epoch   6/50 | Train: 0.182116 | Val: 0.180738 | Corr: 0.088220 | LR: 5.00e-04
2026-03-04 22:16:22,915 - INFO -   ↳ Saved best model (val_corr=0.088220)
2026-03-04 22:16:28,815 - INFO - Epoch   7/50 | Train: 0.181728 | Val: 0.180470 | Corr: 0.088816 | LR: 5.00e-04
2026-03-04 22:16:28,823 - INFO -   ↳ Saved best model (val_corr=0.088816)
2026-03-04 22:16:34,151 - INFO - Epoch   8/50 | Train: 0.181251 | Val: 0.179605 | Corr: 0.093776 | LR: 5.00e-04
2026-03-04 22:16:34,161 - INFO -   ↳ Saved best model (val_corr=0.093776)
2026-03-04 22:16:39,775 - INFO - Epoch   9/50 | Train: 0.181018 | Val: 0.179479 | Corr: 0.095396 | LR: 5.00e-04
2026-03-04 22:16:39,784 - INFO -   ↳ Saved best model (val_corr=0.095396)
2026-03-04 22:16:45,571 - INFO - Epoch  10/50 | Train: 0.180654 | Val: 0.179796 | Corr: 0.097732 | LR: 5.00e-04
2026-03-04 22:16:45,579 - INFO -   ↳ Saved best model (val_corr=0.097732)
2026-03-04 22:16:51,301 - INFO - Epoch  11/50 | Train: 0.180343 | Val: 0.179077 | Corr: 0.101099 | LR: 5.00e-04
2026-03-04 22:16:51,311 - INFO -   ↳ Saved best model (val_corr=0.101099)
2026-03-04 22:16:56,970 - INFO - Epoch  12/50 | Train: 0.180071 | Val: 0.178856 | Corr: 0.103270 | LR: 5.00e-04
2026-03-04 22:16:56,985 - INFO -   ↳ Saved best model (val_corr=0.103270)
2026-03-04 22:17:02,651 - INFO - Epoch  13/50 | Train: 0.179823 | Val: 0.179035 | Corr: 0.103989 | LR: 5.00e-04
2026-03-04 22:17:02,659 - INFO -   ↳ Saved best model (val_corr=0.103989)
2026-03-04 22:17:08,575 - INFO - Epoch  14/50 | Train: 0.179616 | Val: 0.178710 | Corr: 0.107900 | LR: 5.00e-04
2026-03-04 22:17:08,583 - INFO -   ↳ Saved best model (val_corr=0.107900)
2026-03-04 22:17:14,489 - INFO - Epoch  15/50 | Train: 0.179466 | Val: 0.178162 | Corr: 0.109922 | LR: 5.00e-04
2026-03-04 22:17:14,503 - INFO -   ↳ Saved best model (val_corr=0.109922)
2026-03-04 22:17:20,415 - INFO - Epoch  16/50 | Train: 0.179208 | Val: 0.178470 | Corr: 0.111057 | LR: 5.00e-04
2026-03-04 22:17:20,424 - INFO -   ↳ Saved best model (val_corr=0.111057)
2026-03-04 22:17:26,335 - INFO - Epoch  17/50 | Train: 0.178999 | Val: 0.177964 | Corr: 0.112469 | LR: 5.00e-04
2026-03-04 22:17:26,345 - INFO -   ↳ Saved best model (val_corr=0.112469)
2026-03-04 22:17:32,297 - INFO - Epoch  18/50 | Train: 0.178823 | Val: 0.178107 | Corr: 0.114535 | LR: 5.00e-04
2026-03-04 22:17:32,307 - INFO -   ↳ Saved best model (val_corr=0.114535)
2026-03-04 22:17:38,249 - INFO - Epoch  19/50 | Train: 0.178730 | Val: 0.178067 | Corr: 0.115994 | LR: 5.00e-04
2026-03-04 22:17:38,259 - INFO -   ↳ Saved best model (val_corr=0.115994)
2026-03-04 22:17:44,180 - INFO - Epoch  20/50 | Train: 0.178544 | Val: 0.177670 | Corr: 0.118051 | LR: 5.00e-04
2026-03-04 22:17:44,188 - INFO -   ↳ Saved best model (val_corr=0.118051)
2026-03-04 22:17:49,640 - INFO - Epoch  21/50 | Train: 0.178394 | Val: 0.177419 | Corr: 0.118418 | LR: 5.00e-04
2026-03-04 22:17:49,647 - INFO -   ↳ Saved best model (val_corr=0.118418)
2026-03-04 22:17:55,266 - INFO - Epoch  22/50 | Train: 0.178282 | Val: 0.177734 | Corr: 0.120253 | LR: 5.00e-04
2026-03-04 22:17:55,275 - INFO -   ↳ Saved best model (val_corr=0.120253)
2026-03-04 22:18:00,971 - INFO - Epoch  23/50 | Train: 0.178154 | Val: 0.177324 | Corr: 0.120650 | LR: 5.00e-04
2026-03-04 22:18:00,980 - INFO -   ↳ Saved best model (val_corr=0.120650)
2026-03-04 22:18:06,693 - INFO - Epoch  24/50 | Train: 0.178001 | Val: 0.177189 | Corr: 0.121483 | LR: 5.00e-04
2026-03-04 22:18:06,700 - INFO -   ↳ Saved best model (val_corr=0.121483)
2026-03-04 22:18:12,330 - INFO - Epoch  25/50 | Train: 0.178031 | Val: 0.177759 | Corr: 0.122563 | LR: 5.00e-04
2026-03-04 22:18:12,339 - INFO -   ↳ Saved best model (val_corr=0.122563)
2026-03-04 22:18:17,936 - INFO - Epoch  26/50 | Train: 0.177883 | Val: 0.177132 | Corr: 0.124437 | LR: 5.00e-04
2026-03-04 22:18:17,945 - INFO -   ↳ Saved best model (val_corr=0.124437)
2026-03-04 22:18:23,810 - INFO - Epoch  27/50 | Train: 0.177773 | Val: 0.177371 | Corr: 0.125136 | LR: 5.00e-04
2026-03-04 22:18:23,819 - INFO -   ↳ Saved best model (val_corr=0.125136)
2026-03-04 22:18:29,685 - INFO - Epoch  28/50 | Train: 0.177566 | Val: 0.176844 | Corr: 0.125339 | LR: 5.00e-04
2026-03-04 22:18:29,696 - INFO -   ↳ Saved best model (val_corr=0.125339)
2026-03-04 22:18:35,593 - INFO - Epoch  29/50 | Train: 0.177564 | Val: 0.176836 | Corr: 0.125799 | LR: 5.00e-04
2026-03-04 22:18:35,602 - INFO -   ↳ Saved best model (val_corr=0.125799)
2026-03-04 22:18:41,443 - INFO - Epoch  30/50 | Train: 0.177501 | Val: 0.176778 | Corr: 0.127722 | LR: 5.00e-04
2026-03-04 22:18:41,453 - INFO -   ↳ Saved best model (val_corr=0.127722)
2026-03-04 22:18:47,430 - INFO - Epoch  31/50 | Train: 0.177440 | Val: 0.176675 | Corr: 0.127892 | LR: 5.00e-04
2026-03-04 22:18:47,440 - INFO -   ↳ Saved best model (val_corr=0.127892)
2026-03-04 22:18:53,384 - INFO - Epoch  32/50 | Train: 0.177336 | Val: 0.176981 | Corr: 0.128799 | LR: 5.00e-04
2026-03-04 22:18:53,414 - INFO -   ↳ Saved best model (val_corr=0.128799)
2026-03-04 22:18:59,333 - INFO - Epoch  33/50 | Train: 0.177271 | Val: 0.177151 | Corr: 0.128146 | LR: 5.00e-04
2026-03-04 22:19:04,776 - INFO - Epoch  34/50 | Train: 0.177289 | Val: 0.176643 | Corr: 0.129779 | LR: 5.00e-04
2026-03-04 22:19:04,789 - INFO -   ↳ Saved best model (val_corr=0.129779)
2026-03-04 22:19:10,404 - INFO - Epoch  35/50 | Train: 0.177178 | Val: 0.176644 | Corr: 0.129471 | LR: 5.00e-04
2026-03-04 22:19:16,098 - INFO - Epoch  36/50 | Train: 0.177118 | Val: 0.176385 | Corr: 0.130506 | LR: 5.00e-04
2026-03-04 22:19:16,106 - INFO -   ↳ Saved best model (val_corr=0.130506)
2026-03-04 22:19:21,804 - INFO - Epoch  37/50 | Train: 0.177057 | Val: 0.176446 | Corr: 0.130584 | LR: 5.00e-04
2026-03-04 22:19:21,815 - INFO -   ↳ Saved best model (val_corr=0.130584)
2026-03-04 22:19:27,450 - INFO - Epoch  38/50 | Train: 0.177023 | Val: 0.176312 | Corr: 0.130576 | LR: 5.00e-04
2026-03-04 22:19:33,111 - INFO - Epoch  39/50 | Train: 0.176964 | Val: 0.176335 | Corr: 0.131367 | LR: 5.00e-04
2026-03-04 22:19:33,123 - INFO -   ↳ Saved best model (val_corr=0.131367)
2026-03-04 22:19:39,021 - INFO - Epoch  40/50 | Train: 0.176953 | Val: 0.176499 | Corr: 0.131917 | LR: 5.00e-04
2026-03-04 22:19:39,029 - INFO -   ↳ Saved best model (val_corr=0.131917)
2026-03-04 22:19:44,922 - INFO - Epoch  41/50 | Train: 0.176943 | Val: 0.176581 | Corr: 0.132195 | LR: 5.00e-04
2026-03-04 22:19:44,931 - INFO -   ↳ Saved best model (val_corr=0.132195)
2026-03-04 22:19:50,774 - INFO - Epoch  42/50 | Train: 0.176832 | Val: 0.176532 | Corr: 0.132185 | LR: 5.00e-04
2026-03-04 22:19:56,629 - INFO - Epoch  43/50 | Train: 0.176722 | Val: 0.176247 | Corr: 0.132492 | LR: 5.00e-04
2026-03-04 22:19:56,639 - INFO -   ↳ Saved best model (val_corr=0.132492)
2026-03-04 22:20:02,528 - INFO - Epoch  44/50 | Train: 0.176776 | Val: 0.176220 | Corr: 0.133449 | LR: 5.00e-04
2026-03-04 22:20:02,537 - INFO -   ↳ Saved best model (val_corr=0.133449)
2026-03-04 22:20:08,446 - INFO - Epoch  45/50 | Train: 0.176802 | Val: 0.176215 | Corr: 0.133214 | LR: 5.00e-04
2026-03-04 22:20:14,318 - INFO - Epoch  46/50 | Train: 0.176690 | Val: 0.176574 | Corr: 0.132115 | LR: 5.00e-04
2026-03-04 22:20:19,697 - INFO - Epoch  47/50 | Train: 0.176681 | Val: 0.176183 | Corr: 0.133424 | LR: 5.00e-04
2026-03-04 22:20:25,196 - INFO - Epoch  48/50 | Train: 0.176621 | Val: 0.176367 | Corr: 0.133520 | LR: 5.00e-04
2026-03-04 22:20:25,205 - INFO -   ↳ Saved best model (val_corr=0.133520)
2026-03-04 22:20:30,785 - INFO - Epoch  49/50 | Train: 0.176593 | Val: 0.176102 | Corr: 0.133822 | LR: 5.00e-04
2026-03-04 22:20:30,795 - INFO -   ↳ Saved best model (val_corr=0.133822)
2026-03-04 22:20:36,462 - INFO - Epoch  50/50 | Train: 0.176579 | Val: 0.176028 | Corr: 0.134248 | LR: 5.00e-04
2026-03-04 22:20:36,483 - INFO -   ↳ Saved best model (val_corr=0.134248)
2026-03-04 22:20:36,484 - INFO - Training complete — best val corr: 0.134248
2026-03-04 22:20:38,332 - INFO - Test loss: 0.167874, Test corr: 0.136586
2026-03-04 22:20:38,739 - INFO - Fraction of variance explained (FVE): 0.022860
2026-03-04 22:20:38,739 - INFO - Generating figures …
2026-03-04 22:20:39,539 - INFO - Correlation between predicted and actual per-neuron averages: r=0.9927, p=0.00e+00
2026-03-04 22:20:42,021 - INFO - Pattern selectivity summary:
2026-03-04 22:20:42,021 - INFO -   Mean correlation across neurons: 0.4826
2026-03-04 22:20:42,021 - INFO -   Median correlation: 0.5444
2026-03-04 22:20:42,021 - INFO -   Neurons with r > 0.5: 35 / 63
2026-03-04 22:20:42,021 - INFO -   Neurons with r > 0.3: 53 / 63
2026-03-04 22:20:42,021 - INFO - Pattern selectivity — mean neuron corr: 0.4826
2026-03-04 22:20:43,977 - INFO - LOO (avg rate) — Model mean r: 0.2797, LOO mean r: 0.4546, Neurons model > LOO: 2/63
2026-03-04 22:20:46,684 - INFO - LOO (temporal) — Model mean r: 0.1375, LOO mean r: 0.3186, Neurons model > LOO: 0/63
2026-03-04 22:20:46,684 - INFO - Skipping oracle trial plots (skip_oracle_plots=True)
2026-03-04 22:20:46,691 - INFO - Experiment complete. Summary: {
  "run_dir": "/scratch/sb272/patterns5k_results/slurm_base_cnn_2026-03-04_16-53-19/trial_0097_learning_rate=5.0e-04_kernel_sizes=3x3x3_conv_channels=32x64x128_fc_dims=256_seed2",
  "model_type": "cnn",
  "batch_avg_test_loss": 0.16787427282333375,
  "batch_avg_test_corr": 0.13658568864907916,
  "all_test_fve": 0.02286009845279512,
  "AR_FVE": NaN,
  "AR_test_correlation": NaN,
  "best_val_corr": 0.13424798714546227,
  "total_params": 84639,
  "trainable_params": 84639,
  "epochs_trained": 50,
  "mean_pattern_corr": 0.48255366324676946,
  "history": 0,
  "init_state": true,
  "loo_avg_mean_corr": 0.45456832695830385,
  "model_avg_mean_corr": 0.2796963123861715,
  "neurons_model_beats_loo_avg": 2,
  "loo_temporal_mean_corr": 0.31855225563049316,
  "all_test_corr": 0.13746865093708038,
  "neurons_model_beats_loo_temporal": 0,
  "kernel_sizes": [
    3,
    3,
    3
  ],
  "conv_channels": [
    32,
    64,
    128
  ],
  "fc_dims": [
    256
  ]
}
