2026-02-16 04:58:51,822 - INFO - ============================================================
2026-02-16 04:58:51,822 - INFO - Experiment run directory: results/base_cnn_kernel_sweep_2026-02-15_19-39-07/trial_0189_learning_rate=1.0e-04
2026-02-16 04:58:51,822 - INFO - ============================================================
2026-02-16 04:58:51,822 - INFO - Using preloaded raw data (skipping I/O)
2026-02-16 04:58:51,822 - INFO - Stimulation channels: 42, Spiking neurons: 63
2026-02-16 04:58:51,822 - INFO - Unique patterns: 4050, Total trials: 5000
2026-02-16 04:58:51,834 - INFO - Split (oracle): train=3400, val=600, test=1000
2026-02-16 04:59:05,841 - INFO - BinnedStimSpikeDataset initialized:
2026-02-16 04:59:05,841 - INFO -   input_bin_size_ms=10, output_bin_size_ms=10
2026-02-16 04:59:05,841 - INFO -   n_input_bins=60, n_output_bins=60
2026-02-16 04:59:05,841 - INFO -   output_offset=0, total_bins_input=60, total_bins_output=60
2026-02-16 04:59:05,841 - INFO -   Valid start positions per trial: 0 to 0
2026-02-16 04:59:05,842 - INFO -   Total samples: 3400 (3400 trials × 1 positions)
2026-02-16 04:59:19,242 - INFO - BinnedStimSpikeDataset initialized:
2026-02-16 04:59:19,243 - INFO -   input_bin_size_ms=10, output_bin_size_ms=10
2026-02-16 04:59:19,243 - INFO -   n_input_bins=60, n_output_bins=60
2026-02-16 04:59:19,243 - INFO -   output_offset=0, total_bins_input=60, total_bins_output=60
2026-02-16 04:59:19,243 - INFO -   Valid start positions per trial: 0 to 0
2026-02-16 04:59:19,243 - INFO -   Total samples: 600 (600 trials × 1 positions)
2026-02-16 04:59:32,732 - INFO - BinnedStimSpikeDataset initialized:
2026-02-16 04:59:32,732 - INFO -   input_bin_size_ms=10, output_bin_size_ms=10
2026-02-16 04:59:32,732 - INFO -   n_input_bins=60, n_output_bins=60
2026-02-16 04:59:32,732 - INFO -   output_offset=0, total_bins_input=60, total_bins_output=60
2026-02-16 04:59:32,732 - INFO -   Valid start positions per trial: 0 to 0
2026-02-16 04:59:32,732 - INFO -   Total samples: 1000 (1000 trials × 1 positions)
2026-02-16 04:59:32,733 - INFO - Samples — train: 3400, val: 600, test: 1000
2026-02-16 04:59:32,733 - INFO - Input channels: 105, Neurons: 63
2026-02-16 04:59:32,733 - INFO - Using Apple Silicon MPS acceleration
2026-02-16 04:59:32,888 - INFO - Model: CNN — 436,223 trainable params (436,223 total)
2026-02-16 04:59:32,889 - INFO - Starting training …
2026-02-16 04:59:37,759 - INFO - Epoch   1/50 | Train: 0.522803 | Val: 0.230807 | Corr: 0.088460 | LR: 1.00e-04
2026-02-16 04:59:37,788 - INFO -   ↳ Saved best model (val_corr=0.088460)
2026-02-16 04:59:42,565 - INFO - Epoch   2/50 | Train: 0.208165 | Val: 0.195887 | Corr: 0.185753 | LR: 1.00e-04
2026-02-16 04:59:42,597 - INFO -   ↳ Saved best model (val_corr=0.185753)
2026-02-16 04:59:47,394 - INFO - Epoch   3/50 | Train: 0.196439 | Val: 0.193203 | Corr: 0.203320 | LR: 1.00e-04
2026-02-16 04:59:47,425 - INFO -   ↳ Saved best model (val_corr=0.203320)
2026-02-16 04:59:52,202 - INFO - Epoch   4/50 | Train: 0.193295 | Val: 0.191869 | Corr: 0.213760 | LR: 1.00e-04
2026-02-16 04:59:52,232 - INFO -   ↳ Saved best model (val_corr=0.213760)
2026-02-16 04:59:56,970 - INFO - Epoch   5/50 | Train: 0.191131 | Val: 0.190659 | Corr: 0.221822 | LR: 1.00e-04
2026-02-16 04:59:56,993 - INFO -   ↳ Saved best model (val_corr=0.221822)
2026-02-16 05:00:01,769 - INFO - Epoch   6/50 | Train: 0.189259 | Val: 0.189532 | Corr: 0.229676 | LR: 1.00e-04
2026-02-16 05:00:01,787 - INFO -   ↳ Saved best model (val_corr=0.229676)
2026-02-16 05:00:06,575 - INFO - Epoch   7/50 | Train: 0.187489 | Val: 0.188268 | Corr: 0.239096 | LR: 1.00e-04
2026-02-16 05:00:06,595 - INFO -   ↳ Saved best model (val_corr=0.239096)
2026-02-16 05:00:11,418 - INFO - Epoch   8/50 | Train: 0.185791 | Val: 0.187432 | Corr: 0.246293 | LR: 1.00e-04
2026-02-16 05:00:11,436 - INFO -   ↳ Saved best model (val_corr=0.246293)
2026-02-16 05:00:16,180 - INFO - Epoch   9/50 | Train: 0.184362 | Val: 0.186345 | Corr: 0.252612 | LR: 1.00e-04
2026-02-16 05:00:16,195 - INFO -   ↳ Saved best model (val_corr=0.252612)
2026-02-16 05:00:20,846 - INFO - Epoch  10/50 | Train: 0.183118 | Val: 0.185611 | Corr: 0.257372 | LR: 1.00e-04
2026-02-16 05:00:20,853 - INFO -   ↳ Saved best model (val_corr=0.257372)
2026-02-16 05:00:25,518 - INFO - Epoch  11/50 | Train: 0.181988 | Val: 0.184960 | Corr: 0.262252 | LR: 1.00e-04
2026-02-16 05:00:25,537 - INFO -   ↳ Saved best model (val_corr=0.262252)
2026-02-16 05:00:30,282 - INFO - Epoch  12/50 | Train: 0.181061 | Val: 0.184632 | Corr: 0.266369 | LR: 1.00e-04
2026-02-16 05:00:30,302 - INFO -   ↳ Saved best model (val_corr=0.266369)
2026-02-16 05:00:35,081 - INFO - Epoch  13/50 | Train: 0.180140 | Val: 0.183984 | Corr: 0.270256 | LR: 1.00e-04
2026-02-16 05:00:35,102 - INFO -   ↳ Saved best model (val_corr=0.270256)
2026-02-16 05:00:39,898 - INFO - Epoch  14/50 | Train: 0.179403 | Val: 0.183822 | Corr: 0.273337 | LR: 1.00e-04
2026-02-16 05:00:39,918 - INFO -   ↳ Saved best model (val_corr=0.273337)
2026-02-16 05:00:44,687 - INFO - Epoch  15/50 | Train: 0.178612 | Val: 0.183344 | Corr: 0.276811 | LR: 1.00e-04
2026-02-16 05:00:44,714 - INFO -   ↳ Saved best model (val_corr=0.276811)
2026-02-16 05:00:49,388 - INFO - Epoch  16/50 | Train: 0.177946 | Val: 0.183166 | Corr: 0.279740 | LR: 1.00e-04
2026-02-16 05:00:49,406 - INFO -   ↳ Saved best model (val_corr=0.279740)
2026-02-16 05:00:54,052 - INFO - Epoch  17/50 | Train: 0.177311 | Val: 0.182556 | Corr: 0.282286 | LR: 1.00e-04
2026-02-16 05:00:54,069 - INFO -   ↳ Saved best model (val_corr=0.282286)
2026-02-16 05:00:58,759 - INFO - Epoch  18/50 | Train: 0.176662 | Val: 0.182548 | Corr: 0.284424 | LR: 1.00e-04
2026-02-16 05:00:58,787 - INFO -   ↳ Saved best model (val_corr=0.284424)
2026-02-16 05:01:03,636 - INFO - Epoch  19/50 | Train: 0.176131 | Val: 0.182068 | Corr: 0.286433 | LR: 1.00e-04
2026-02-16 05:01:03,662 - INFO -   ↳ Saved best model (val_corr=0.286433)
2026-02-16 05:01:08,470 - INFO - Epoch  20/50 | Train: 0.175595 | Val: 0.181915 | Corr: 0.288220 | LR: 1.00e-04
2026-02-16 05:01:08,488 - INFO -   ↳ Saved best model (val_corr=0.288220)
2026-02-16 05:01:13,306 - INFO - Epoch  21/50 | Train: 0.175148 | Val: 0.181931 | Corr: 0.289595 | LR: 1.00e-04
2026-02-16 05:01:13,344 - INFO -   ↳ Saved best model (val_corr=0.289595)
2026-02-16 05:01:18,166 - INFO - Epoch  22/50 | Train: 0.174598 | Val: 0.181886 | Corr: 0.291063 | LR: 1.00e-04
2026-02-16 05:01:18,187 - INFO -   ↳ Saved best model (val_corr=0.291063)
2026-02-16 05:01:22,898 - INFO - Epoch  23/50 | Train: 0.174164 | Val: 0.181730 | Corr: 0.291456 | LR: 1.00e-04
2026-02-16 05:01:22,906 - INFO -   ↳ Saved best model (val_corr=0.291456)
2026-02-16 05:01:27,515 - INFO - Epoch  24/50 | Train: 0.173758 | Val: 0.181525 | Corr: 0.293344 | LR: 1.00e-04
2026-02-16 05:01:27,531 - INFO -   ↳ Saved best model (val_corr=0.293344)
2026-02-16 05:01:32,362 - INFO - Epoch  25/50 | Train: 0.173378 | Val: 0.181499 | Corr: 0.294074 | LR: 1.00e-04
2026-02-16 05:01:32,379 - INFO -   ↳ Saved best model (val_corr=0.294074)
2026-02-16 05:01:37,177 - INFO - Epoch  26/50 | Train: 0.172994 | Val: 0.181280 | Corr: 0.294896 | LR: 1.00e-04
2026-02-16 05:01:37,194 - INFO -   ↳ Saved best model (val_corr=0.294896)
2026-02-16 05:01:42,038 - INFO - Epoch  27/50 | Train: 0.172603 | Val: 0.181341 | Corr: 0.295513 | LR: 1.00e-04
2026-02-16 05:01:42,059 - INFO -   ↳ Saved best model (val_corr=0.295513)
2026-02-16 05:01:46,903 - INFO - Epoch  28/50 | Train: 0.172258 | Val: 0.181212 | Corr: 0.295969 | LR: 1.00e-04
2026-02-16 05:01:46,922 - INFO -   ↳ Saved best model (val_corr=0.295969)
2026-02-16 05:01:51,723 - INFO - Epoch  29/50 | Train: 0.171908 | Val: 0.181689 | Corr: 0.296384 | LR: 1.00e-04
2026-02-16 05:01:51,742 - INFO -   ↳ Saved best model (val_corr=0.296384)
2026-02-16 05:01:56,623 - INFO - Epoch  30/50 | Train: 0.171613 | Val: 0.181493 | Corr: 0.296816 | LR: 1.00e-04
2026-02-16 05:01:56,644 - INFO -   ↳ Saved best model (val_corr=0.296816)
2026-02-16 05:02:01,476 - INFO - Epoch  31/50 | Train: 0.171258 | Val: 0.181231 | Corr: 0.298008 | LR: 1.00e-04
2026-02-16 05:02:01,507 - INFO -   ↳ Saved best model (val_corr=0.298008)
2026-02-16 05:02:06,268 - INFO - Epoch  32/50 | Train: 0.170952 | Val: 0.180871 | Corr: 0.298381 | LR: 1.00e-04
2026-02-16 05:02:06,300 - INFO -   ↳ Saved best model (val_corr=0.298381)
2026-02-16 05:02:11,098 - INFO - Epoch  33/50 | Train: 0.170673 | Val: 0.181447 | Corr: 0.298223 | LR: 1.00e-04
2026-02-16 05:02:15,922 - INFO - Epoch  34/50 | Train: 0.170394 | Val: 0.181064 | Corr: 0.299514 | LR: 1.00e-04
2026-02-16 05:02:15,952 - INFO -   ↳ Saved best model (val_corr=0.299514)
2026-02-16 05:02:20,777 - INFO - Epoch  35/50 | Train: 0.170173 | Val: 0.180965 | Corr: 0.299882 | LR: 1.00e-04
2026-02-16 05:02:20,802 - INFO -   ↳ Saved best model (val_corr=0.299882)
2026-02-16 05:02:25,567 - INFO - Epoch  36/50 | Train: 0.169842 | Val: 0.181009 | Corr: 0.299476 | LR: 1.00e-04
2026-02-16 05:02:30,376 - INFO - Epoch  37/50 | Train: 0.169638 | Val: 0.181147 | Corr: 0.299479 | LR: 1.00e-04
2026-02-16 05:02:35,160 - INFO - Epoch  38/50 | Train: 0.169372 | Val: 0.181027 | Corr: 0.300299 | LR: 5.00e-05
2026-02-16 05:02:35,182 - INFO -   ↳ Saved best model (val_corr=0.300299)
2026-02-16 05:02:39,921 - INFO - Epoch  39/50 | Train: 0.168558 | Val: 0.181077 | Corr: 0.300576 | LR: 5.00e-05
2026-02-16 05:02:39,928 - INFO -   ↳ Saved best model (val_corr=0.300576)
2026-02-16 05:02:44,591 - INFO - Epoch  40/50 | Train: 0.168272 | Val: 0.181238 | Corr: 0.300329 | LR: 5.00e-05
2026-02-16 05:02:49,371 - INFO - Epoch  41/50 | Train: 0.168153 | Val: 0.181230 | Corr: 0.300162 | LR: 5.00e-05
2026-02-16 05:02:54,078 - INFO - Epoch  42/50 | Train: 0.167995 | Val: 0.181348 | Corr: 0.300076 | LR: 5.00e-05
2026-02-16 05:02:58,856 - INFO - Epoch  43/50 | Train: 0.167847 | Val: 0.181487 | Corr: 0.300055 | LR: 5.00e-05
2026-02-16 05:03:03,591 - INFO - Epoch  44/50 | Train: 0.167773 | Val: 0.181525 | Corr: 0.300095 | LR: 2.50e-05
2026-02-16 05:03:08,402 - INFO - Epoch  45/50 | Train: 0.167256 | Val: 0.181450 | Corr: 0.300445 | LR: 2.50e-05
2026-02-16 05:03:13,037 - INFO - Epoch  46/50 | Train: 0.167179 | Val: 0.181427 | Corr: 0.300469 | LR: 2.50e-05
2026-02-16 05:03:17,762 - INFO - Epoch  47/50 | Train: 0.167136 | Val: 0.181545 | Corr: 0.300329 | LR: 2.50e-05
2026-02-16 05:03:22,538 - INFO - Epoch  48/50 | Train: 0.167056 | Val: 0.181144 | Corr: 0.300998 | LR: 2.50e-05
2026-02-16 05:03:22,557 - INFO -   ↳ Saved best model (val_corr=0.300998)
2026-02-16 05:03:27,342 - INFO - Epoch  49/50 | Train: 0.166872 | Val: 0.181486 | Corr: 0.300475 | LR: 2.50e-05
2026-02-16 05:03:31,982 - INFO - Epoch  50/50 | Train: 0.166864 | Val: 0.181511 | Corr: 0.300298 | LR: 1.25e-05
2026-02-16 05:03:31,983 - INFO - Training complete — best val corr: 0.300998
2026-02-16 05:03:32,380 - INFO - Test loss: 0.171592, Test corr: 0.297279
2026-02-16 05:03:32,562 - INFO - Generating figures …
2026-02-16 05:03:32,803 - INFO - Correlation between predicted and actual per-neuron averages: r=0.9947, p=4.55e-62
2026-02-16 05:03:33,380 - INFO - Pattern selectivity summary:
2026-02-16 05:03:33,381 - INFO -   Mean correlation across neurons: 0.5297
2026-02-16 05:03:33,381 - INFO -   Median correlation: 0.5446
2026-02-16 05:03:33,381 - INFO -   Neurons with r > 0.5: 36 / 63
2026-02-16 05:03:33,381 - INFO -   Neurons with r > 0.3: 58 / 63
2026-02-16 05:03:33,381 - INFO - Pattern selectivity — mean neuron corr: 0.5297
2026-02-16 05:03:33,771 - INFO - LOO baseline — Model mean r: 0.4845, LOO mean r: 0.4728, Neurons model > LOO: 32/63
2026-02-16 05:03:33,771 - INFO - Skipping oracle trial plots (skip_oracle_plots=True)
2026-02-16 05:03:33,772 - INFO - Experiment complete. Summary: {
  "run_dir": "results/base_cnn_kernel_sweep_2026-02-15_19-39-07/trial_0189_learning_rate=1.0e-04",
  "model_type": "cnn",
  "test_loss": 0.17159240257740022,
  "test_corr": 0.2972794732856045,
  "best_val_corr": 0.3009980486356622,
  "total_params": 436223,
  "trainable_params": 436223,
  "epochs_trained": 50,
  "mean_pattern_corr": 0.5297005030004841,
  "loo_mean_corr": 0.47275709111471625,
  "model_sample_mean_corr": 0.4844629814998234,
  "neurons_model_beats_loo": 32
}
2026-02-16 05:03:33,777 - INFO - 
======================================================================
2026-02-16 05:03:33,777 - INFO - [191/216] trial_0190_learning_rate=1.0e-04
2026-02-16 05:03:33,777 - INFO -   Overrides: {"kernel_sizes": [60], "learning_rate": 0.0001, "weight_decay": 0.001, "conv_channels": [128]}
2026-02-16 05:03:33,778 - INFO -   Output: results/base_cnn_kernel_sweep_2026-02-15_19-39-07/trial_0190_learning_rate=1.0e-04
