2026-03-04 01:21:36,783 - INFO - ============================================================
2026-03-04 01:21:36,783 - INFO - Experiment run directory: /scratch/sb272/patterns5k_results/slurm_hist_cnn_2026-03-03_15-13-01/trial_0082_learning_rate=1.0e-04_history=2_kernel_sizes=10x5_conv_channels=256x128_fc_dims=256_seed0
2026-03-04 01:21:36,783 - INFO - ============================================================
2026-03-04 01:21:36,783 - INFO - Loading data …
2026-03-04 01:21:38,609 - INFO - 63 unique neurons after dropping problematic neurons
2026-03-04 01:21:39,625 - INFO - Stimulation channels: 42, Spiking neurons: 63
2026-03-04 01:22:57,954 - INFO - Unique patterns: 4050, Total trials: 5000
2026-03-04 01:22:57,956 - INFO - Stimulation channels: 42, Spiking neurons: 63
2026-03-04 01:22:57,957 - INFO - Unique patterns: 4050, Total trials: 5000
2026-03-04 01:22:57,969 - INFO - Split (oracle): train=3400, val=600, test=1000
2026-03-04 01:23:12,424 - INFO - BinnedStimSpikeDataset initialized:
2026-03-04 01:23:12,426 - INFO -   input_bin_size_ms=10, output_bin_size_ms=10
2026-03-04 01:23:12,426 - INFO -   n_input_bins=60, n_output_bins=60
2026-03-04 01:23:12,426 - INFO -   output_offset=0, total_bins_input=60, total_bins_output=60
2026-03-04 01:23:12,426 - INFO -   Valid start positions per trial: 0 to 0
2026-03-04 01:23:12,426 - INFO -   Total samples: 3400 (3400 trials × 1 positions)
2026-03-04 01:23:26,322 - INFO - BinnedStimSpikeDataset initialized:
2026-03-04 01:23:26,322 - INFO -   input_bin_size_ms=10, output_bin_size_ms=10
2026-03-04 01:23:26,323 - INFO -   n_input_bins=60, n_output_bins=60
2026-03-04 01:23:26,323 - INFO -   output_offset=0, total_bins_input=60, total_bins_output=60
2026-03-04 01:23:26,323 - INFO -   Valid start positions per trial: 0 to 0
2026-03-04 01:23:26,323 - INFO -   Total samples: 600 (600 trials × 1 positions)
2026-03-04 01:23:40,326 - INFO - BinnedStimSpikeDataset initialized:
2026-03-04 01:23:40,327 - INFO -   input_bin_size_ms=10, output_bin_size_ms=10
2026-03-04 01:23:40,327 - INFO -   n_input_bins=60, n_output_bins=60
2026-03-04 01:23:40,327 - INFO -   output_offset=0, total_bins_input=60, total_bins_output=60
2026-03-04 01:23:40,327 - INFO -   Valid start positions per trial: 0 to 0
2026-03-04 01:23:40,327 - INFO -   Total samples: 1000 (1000 trials × 1 positions)
2026-03-04 01:23:40,327 - INFO - Samples — train: 3400, val: 600, test: 1000
2026-03-04 01:23:40,327 - INFO - Input channels: 105, Neurons: 63
2026-03-04 01:23:40,338 - INFO - Using CPU
2026-03-04 01:23:40,356 - INFO - Model: CNN — 483,007 trainable params (483,007 total)
2026-03-04 01:23:45,018 - INFO - Starting training …
2026-03-04 01:23:52,166 - INFO - Epoch   1/50 | Train: 0.438882 | Val: 0.200505 | Corr: 0.081701 | LR: 1.00e-04
2026-03-04 01:23:52,185 - INFO -   ↳ Saved best model (val_corr=0.081701)
2026-03-04 01:23:58,356 - INFO - Epoch   2/50 | Train: 0.184135 | Val: 0.184156 | Corr: 0.124160 | LR: 1.00e-04
2026-03-04 01:23:58,372 - INFO -   ↳ Saved best model (val_corr=0.124160)
2026-03-04 01:24:04,624 - INFO - Epoch   3/50 | Train: 0.179169 | Val: 0.181757 | Corr: 0.133098 | LR: 1.00e-04
2026-03-04 01:24:04,641 - INFO -   ↳ Saved best model (val_corr=0.133098)
2026-03-04 01:24:10,811 - INFO - Epoch   4/50 | Train: 0.177209 | Val: 0.179467 | Corr: 0.139684 | LR: 1.00e-04
2026-03-04 01:24:10,830 - INFO -   ↳ Saved best model (val_corr=0.139684)
2026-03-04 01:24:17,023 - INFO - Epoch   5/50 | Train: 0.175640 | Val: 0.178962 | Corr: 0.145420 | LR: 1.00e-04
2026-03-04 01:24:17,038 - INFO -   ↳ Saved best model (val_corr=0.145420)
2026-03-04 01:24:23,211 - INFO - Epoch   6/50 | Train: 0.174160 | Val: 0.178646 | Corr: 0.150487 | LR: 1.00e-04
2026-03-04 01:24:23,227 - INFO -   ↳ Saved best model (val_corr=0.150487)
2026-03-04 01:24:29,482 - INFO - Epoch   7/50 | Train: 0.172724 | Val: 0.177444 | Corr: 0.156950 | LR: 1.00e-04
2026-03-04 01:24:29,513 - INFO -   ↳ Saved best model (val_corr=0.156950)
2026-03-04 01:24:35,653 - INFO - Epoch   8/50 | Train: 0.171458 | Val: 0.176650 | Corr: 0.161719 | LR: 1.00e-04
2026-03-04 01:24:35,668 - INFO -   ↳ Saved best model (val_corr=0.161719)
2026-03-04 01:24:41,860 - INFO - Epoch   9/50 | Train: 0.170400 | Val: 0.174615 | Corr: 0.166869 | LR: 1.00e-04
2026-03-04 01:24:41,874 - INFO -   ↳ Saved best model (val_corr=0.166869)
2026-03-04 01:24:48,160 - INFO - Epoch  10/50 | Train: 0.169528 | Val: 0.175251 | Corr: 0.170514 | LR: 1.00e-04
2026-03-04 01:24:48,174 - INFO -   ↳ Saved best model (val_corr=0.170514)
2026-03-04 01:24:54,301 - INFO - Epoch  11/50 | Train: 0.168730 | Val: 0.174217 | Corr: 0.173559 | LR: 1.00e-04
2026-03-04 01:24:54,317 - INFO -   ↳ Saved best model (val_corr=0.173559)
2026-03-04 01:25:00,515 - INFO - Epoch  12/50 | Train: 0.167946 | Val: 0.172349 | Corr: 0.177344 | LR: 1.00e-04
2026-03-04 01:25:00,532 - INFO -   ↳ Saved best model (val_corr=0.177344)
2026-03-04 01:25:06,709 - INFO - Epoch  13/50 | Train: 0.167186 | Val: 0.172839 | Corr: 0.180271 | LR: 1.00e-04
2026-03-04 01:25:06,726 - INFO -   ↳ Saved best model (val_corr=0.180271)
2026-03-04 01:25:12,963 - INFO - Epoch  14/50 | Train: 0.166603 | Val: 0.173253 | Corr: 0.182883 | LR: 1.00e-04
2026-03-04 01:25:12,980 - INFO -   ↳ Saved best model (val_corr=0.182883)
2026-03-04 01:25:19,157 - INFO - Epoch  15/50 | Train: 0.165861 | Val: 0.172432 | Corr: 0.184641 | LR: 1.00e-04
2026-03-04 01:25:19,173 - INFO -   ↳ Saved best model (val_corr=0.184641)
2026-03-04 01:25:25,482 - INFO - Epoch  16/50 | Train: 0.165314 | Val: 0.174124 | Corr: 0.186245 | LR: 1.00e-04
2026-03-04 01:25:25,498 - INFO -   ↳ Saved best model (val_corr=0.186245)
2026-03-04 01:25:31,680 - INFO - Epoch  17/50 | Train: 0.164719 | Val: 0.171807 | Corr: 0.191459 | LR: 1.00e-04
2026-03-04 01:25:31,694 - INFO -   ↳ Saved best model (val_corr=0.191459)
2026-03-04 01:25:37,878 - INFO - Epoch  18/50 | Train: 0.164099 | Val: 0.170039 | Corr: 0.194975 | LR: 1.00e-04
2026-03-04 01:25:37,898 - INFO -   ↳ Saved best model (val_corr=0.194975)
2026-03-04 01:25:44,117 - INFO - Epoch  19/50 | Train: 0.163580 | Val: 0.170055 | Corr: 0.197442 | LR: 1.00e-04
2026-03-04 01:25:44,136 - INFO -   ↳ Saved best model (val_corr=0.197442)
2026-03-04 01:25:50,308 - INFO - Epoch  20/50 | Train: 0.163107 | Val: 0.170326 | Corr: 0.199253 | LR: 1.00e-04
2026-03-04 01:25:50,323 - INFO -   ↳ Saved best model (val_corr=0.199253)
2026-03-04 01:25:56,568 - INFO - Epoch  21/50 | Train: 0.162577 | Val: 0.171168 | Corr: 0.200790 | LR: 1.00e-04
2026-03-04 01:25:56,587 - INFO -   ↳ Saved best model (val_corr=0.200790)
2026-03-04 01:26:02,788 - INFO - Epoch  22/50 | Train: 0.162114 | Val: 0.169989 | Corr: 0.203777 | LR: 1.00e-04
2026-03-04 01:26:02,806 - INFO -   ↳ Saved best model (val_corr=0.203777)
2026-03-04 01:26:09,086 - INFO - Epoch  23/50 | Train: 0.161613 | Val: 0.170517 | Corr: 0.205127 | LR: 1.00e-04
2026-03-04 01:26:09,110 - INFO -   ↳ Saved best model (val_corr=0.205127)
2026-03-04 01:26:15,280 - INFO - Epoch  24/50 | Train: 0.161201 | Val: 0.170722 | Corr: 0.206776 | LR: 1.00e-04
2026-03-04 01:26:15,295 - INFO -   ↳ Saved best model (val_corr=0.206776)
2026-03-04 01:26:21,495 - INFO - Epoch  25/50 | Train: 0.160802 | Val: 0.168797 | Corr: 0.209291 | LR: 1.00e-04
2026-03-04 01:26:21,513 - INFO -   ↳ Saved best model (val_corr=0.209291)
2026-03-04 01:26:27,728 - INFO - Epoch  26/50 | Train: 0.160412 | Val: 0.169403 | Corr: 0.211436 | LR: 1.00e-04
2026-03-04 01:26:27,744 - INFO -   ↳ Saved best model (val_corr=0.211436)
2026-03-04 01:26:33,949 - INFO - Epoch  27/50 | Train: 0.160061 | Val: 0.169117 | Corr: 0.213443 | LR: 1.00e-04
2026-03-04 01:26:33,965 - INFO -   ↳ Saved best model (val_corr=0.213443)
2026-03-04 01:26:40,304 - INFO - Epoch  28/50 | Train: 0.159686 | Val: 0.169544 | Corr: 0.213754 | LR: 1.00e-04
2026-03-04 01:26:40,318 - INFO -   ↳ Saved best model (val_corr=0.213754)
2026-03-04 01:26:46,464 - INFO - Epoch  29/50 | Train: 0.159396 | Val: 0.168577 | Corr: 0.215986 | LR: 1.00e-04
2026-03-04 01:26:46,479 - INFO -   ↳ Saved best model (val_corr=0.215986)
2026-03-04 01:26:52,639 - INFO - Epoch  30/50 | Train: 0.159018 | Val: 0.167931 | Corr: 0.216271 | LR: 1.00e-04
2026-03-04 01:26:52,653 - INFO -   ↳ Saved best model (val_corr=0.216271)
2026-03-04 01:26:58,856 - INFO - Epoch  31/50 | Train: 0.158672 | Val: 0.168356 | Corr: 0.216665 | LR: 1.00e-04
2026-03-04 01:26:58,891 - INFO -   ↳ Saved best model (val_corr=0.216665)
2026-03-04 01:27:05,177 - INFO - Epoch  32/50 | Train: 0.158460 | Val: 0.167864 | Corr: 0.218550 | LR: 1.00e-04
2026-03-04 01:27:05,194 - INFO -   ↳ Saved best model (val_corr=0.218550)
2026-03-04 01:27:11,411 - INFO - Epoch  33/50 | Train: 0.158157 | Val: 0.168221 | Corr: 0.219553 | LR: 1.00e-04
2026-03-04 01:27:11,427 - INFO -   ↳ Saved best model (val_corr=0.219553)
2026-03-04 01:27:17,594 - INFO - Epoch  34/50 | Train: 0.157861 | Val: 0.168244 | Corr: 0.220237 | LR: 1.00e-04
2026-03-04 01:27:17,609 - INFO -   ↳ Saved best model (val_corr=0.220237)
2026-03-04 01:27:23,850 - INFO - Epoch  35/50 | Train: 0.157538 | Val: 0.168279 | Corr: 0.220049 | LR: 1.00e-04
2026-03-04 01:27:30,007 - INFO - Epoch  36/50 | Train: 0.157345 | Val: 0.168100 | Corr: 0.222223 | LR: 1.00e-04
2026-03-04 01:27:30,023 - INFO -   ↳ Saved best model (val_corr=0.222223)
2026-03-04 01:27:36,226 - INFO - Epoch  37/50 | Train: 0.156994 | Val: 0.168546 | Corr: 0.223311 | LR: 1.00e-04
2026-03-04 01:27:36,243 - INFO -   ↳ Saved best model (val_corr=0.223311)
2026-03-04 01:27:42,552 - INFO - Epoch  38/50 | Train: 0.156815 | Val: 0.168080 | Corr: 0.223393 | LR: 5.00e-05
2026-03-04 01:27:42,569 - INFO -   ↳ Saved best model (val_corr=0.223393)
2026-03-04 01:27:48,934 - INFO - Epoch  39/50 | Train: 0.156326 | Val: 0.167351 | Corr: 0.225126 | LR: 5.00e-05
2026-03-04 01:27:48,950 - INFO -   ↳ Saved best model (val_corr=0.225126)
2026-03-04 01:27:55,158 - INFO - Epoch  40/50 | Train: 0.156154 | Val: 0.167894 | Corr: 0.225387 | LR: 5.00e-05
2026-03-04 01:27:55,181 - INFO -   ↳ Saved best model (val_corr=0.225387)
2026-03-04 01:28:01,300 - INFO - Epoch  41/50 | Train: 0.155908 | Val: 0.167484 | Corr: 0.225678 | LR: 5.00e-05
2026-03-04 01:28:01,321 - INFO -   ↳ Saved best model (val_corr=0.225678)
2026-03-04 01:28:07,732 - INFO - Epoch  42/50 | Train: 0.155809 | Val: 0.167874 | Corr: 0.225642 | LR: 5.00e-05
2026-03-04 01:28:13,892 - INFO - Epoch  43/50 | Train: 0.155567 | Val: 0.167623 | Corr: 0.224011 | LR: 5.00e-05
2026-03-04 01:28:20,073 - INFO - Epoch  44/50 | Train: 0.155534 | Val: 0.167527 | Corr: 0.226033 | LR: 5.00e-05
2026-03-04 01:28:20,088 - INFO -   ↳ Saved best model (val_corr=0.226033)
2026-03-04 01:28:26,269 - INFO - Epoch  45/50 | Train: 0.155405 | Val: 0.167994 | Corr: 0.225254 | LR: 2.50e-05
2026-03-04 01:28:32,571 - INFO - Epoch  46/50 | Train: 0.155176 | Val: 0.167461 | Corr: 0.226810 | LR: 2.50e-05
2026-03-04 01:28:32,586 - INFO -   ↳ Saved best model (val_corr=0.226810)
2026-03-04 01:28:38,821 - INFO - Epoch  47/50 | Train: 0.155033 | Val: 0.167957 | Corr: 0.226166 | LR: 2.50e-05
2026-03-04 01:28:45,084 - INFO - Epoch  48/50 | Train: 0.154886 | Val: 0.167453 | Corr: 0.226580 | LR: 2.50e-05
2026-03-04 01:28:51,340 - INFO - Epoch  49/50 | Train: 0.154936 | Val: 0.167321 | Corr: 0.227361 | LR: 2.50e-05
2026-03-04 01:28:51,363 - INFO -   ↳ Saved best model (val_corr=0.227361)
2026-03-04 01:28:57,625 - INFO - Epoch  50/50 | Train: 0.154832 | Val: 0.167968 | Corr: 0.226514 | LR: 2.50e-05
2026-03-04 01:28:57,625 - INFO - Training complete — best val corr: 0.227361
2026-03-04 01:28:59,060 - INFO - Test loss: 0.156145, Test corr: 0.220550
2026-03-04 01:28:59,636 - INFO - Fraction of variance explained (FVE): 0.056428
2026-03-04 01:28:59,637 - INFO - Computing autoregressive (AR) test predictions …
2026-03-04 01:29:00,300 - INFO - AR FVE: -0.003531, AR test corr: 0.080852
2026-03-04 01:29:00,300 - INFO - Generating figures …
2026-03-04 01:29:00,689 - INFO - Correlation between predicted and actual per-neuron averages: r=0.9954, p=0.00e+00
2026-03-04 01:29:02,496 - INFO - Pattern selectivity summary:
2026-03-04 01:29:02,496 - INFO -   Mean correlation across neurons: 0.6775
2026-03-04 01:29:02,496 - INFO -   Median correlation: 0.7115
2026-03-04 01:29:02,496 - INFO -   Neurons with r > 0.5: 53 / 63
2026-03-04 01:29:02,496 - INFO -   Neurons with r > 0.3: 61 / 63
2026-03-04 01:29:02,496 - INFO - Pattern selectivity — mean neuron corr: 0.6775
2026-03-04 01:29:04,088 - INFO - LOO (avg rate) — Model mean r: 0.5685, LOO mean r: 0.4546, Neurons model > LOO: 48/63
2026-03-04 01:29:06,041 - INFO - LOO (temporal) — Model mean r: 0.2319, LOO mean r: 0.3186, Neurons model > LOO: 6/63
2026-03-04 01:29:06,042 - INFO - Skipping oracle trial plots (skip_oracle_plots=True)
2026-03-04 01:29:06,050 - INFO - Experiment complete. Summary: {
  "run_dir": "/scratch/sb272/patterns5k_results/slurm_hist_cnn_2026-03-03_15-13-01/trial_0082_learning_rate=1.0e-04_history=2_kernel_sizes=10x5_conv_channels=256x128_fc_dims=256_seed0",
  "model_type": "cnn",
  "batch_avg_test_loss": 0.15614475190639496,
  "batch_avg_test_corr": 0.22055034609831398,
  "all_test_fve": 0.05642813727969215,
  "AR_FVE": -0.0035310680904085674,
  "AR_test_correlation": 0.08085177093744278,
  "best_val_corr": 0.22736142720837946,
  "total_params": 483007,
  "trainable_params": 483007,
  "epochs_trained": 50,
  "mean_pattern_corr": 0.6774505026277685,
  "history": 2,
  "init_state": true,
  "loo_avg_mean_corr": 0.45456832695830385,
  "model_avg_mean_corr": 0.5684614552096985,
  "neurons_model_beats_loo_avg": 48,
  "loo_temporal_mean_corr": 0.31855225563049316,
  "all_test_corr": 0.23189418017864227,
  "neurons_model_beats_loo_temporal": 6,
  "kernel_sizes": [
    10,
    5
  ],
  "conv_channels": [
    256,
    128
  ],
  "fc_dims": [
    256
  ]
}
