2026-02-15 19:43:14,222 - INFO - ============================================================
2026-02-15 19:43:14,222 - INFO - Experiment run directory: results/base_cnn_kernel_sweep_2026-02-15_11-28-56/trial_0189_learning_rate=1.0e-04
2026-02-15 19:43:14,222 - INFO - ============================================================
2026-02-15 19:43:14,222 - INFO - Using preloaded raw data (skipping I/O)
2026-02-15 19:43:14,222 - INFO - Stimulation channels: 42, Spiking neurons: 63
2026-02-15 19:43:14,222 - INFO - Unique patterns: 4050, Total trials: 5000
2026-02-15 19:43:14,256 - INFO - Split (oracle): train=3400, val=600, test=1000
2026-02-15 19:43:37,721 - INFO - BinnedStimSpikeDataset initialized:
2026-02-15 19:43:37,723 - INFO -   input_bin_size_ms=10, output_bin_size_ms=10
2026-02-15 19:43:37,723 - INFO -   n_input_bins=60, n_output_bins=60
2026-02-15 19:43:37,723 - INFO -   output_offset=0, total_bins_input=60, total_bins_output=60
2026-02-15 19:43:37,723 - INFO -   Valid start positions per trial: 0 to 0
2026-02-15 19:43:37,723 - INFO -   Total samples: 3400 (3400 trials × 1 positions)
2026-02-15 19:43:57,938 - INFO - BinnedStimSpikeDataset initialized:
2026-02-15 19:43:57,939 - INFO -   input_bin_size_ms=10, output_bin_size_ms=10
2026-02-15 19:43:57,939 - INFO -   n_input_bins=60, n_output_bins=60
2026-02-15 19:43:57,939 - INFO -   output_offset=0, total_bins_input=60, total_bins_output=60
2026-02-15 19:43:57,939 - INFO -   Valid start positions per trial: 0 to 0
2026-02-15 19:43:57,939 - INFO -   Total samples: 600 (600 trials × 1 positions)
2026-02-15 19:44:18,354 - INFO - BinnedStimSpikeDataset initialized:
2026-02-15 19:44:18,355 - INFO -   input_bin_size_ms=10, output_bin_size_ms=10
2026-02-15 19:44:18,355 - INFO -   n_input_bins=60, n_output_bins=60
2026-02-15 19:44:18,355 - INFO -   output_offset=0, total_bins_input=60, total_bins_output=60
2026-02-15 19:44:18,355 - INFO -   Valid start positions per trial: 0 to 0
2026-02-15 19:44:18,355 - INFO -   Total samples: 1000 (1000 trials × 1 positions)
2026-02-15 19:44:18,356 - INFO - Samples — train: 3400, val: 600, test: 1000
2026-02-15 19:44:18,356 - INFO - Input channels: 42, Neurons: 63
2026-02-15 19:44:18,356 - INFO - Using Apple Silicon MPS acceleration
2026-02-15 19:44:18,367 - INFO - Model: CNN — 194,303 trainable params (194,303 total)
2026-02-15 19:44:18,368 - INFO - Starting training …
2026-02-15 19:44:20,986 - INFO - Epoch   1/50 | Train: 0.532044 | Val: 0.231387 | Corr: 0.048624 | LR: 1.00e-04
2026-02-15 19:44:20,994 - INFO -   ↳ Saved best model (val_corr=0.048624)
2026-02-15 19:44:23,501 - INFO - Epoch   2/50 | Train: 0.214975 | Val: 0.205115 | Corr: 0.124130 | LR: 1.00e-04
2026-02-15 19:44:23,509 - INFO -   ↳ Saved best model (val_corr=0.124130)
2026-02-15 19:44:26,092 - INFO - Epoch   3/50 | Train: 0.205542 | Val: 0.202408 | Corr: 0.142881 | LR: 1.00e-04
2026-02-15 19:44:26,103 - INFO -   ↳ Saved best model (val_corr=0.142881)
2026-02-15 19:44:28,702 - INFO - Epoch   4/50 | Train: 0.203001 | Val: 0.201239 | Corr: 0.150878 | LR: 1.00e-04
2026-02-15 19:44:28,712 - INFO -   ↳ Saved best model (val_corr=0.150878)
2026-02-15 19:44:31,310 - INFO - Epoch   5/50 | Train: 0.201291 | Val: 0.200560 | Corr: 0.156373 | LR: 1.00e-04
2026-02-15 19:44:31,317 - INFO -   ↳ Saved best model (val_corr=0.156373)
2026-02-15 19:44:34,098 - INFO - Epoch   6/50 | Train: 0.199933 | Val: 0.199861 | Corr: 0.160438 | LR: 1.00e-04
2026-02-15 19:44:34,105 - INFO -   ↳ Saved best model (val_corr=0.160438)
2026-02-15 19:44:36,959 - INFO - Epoch   7/50 | Train: 0.198844 | Val: 0.199422 | Corr: 0.164423 | LR: 1.00e-04
2026-02-15 19:44:36,966 - INFO -   ↳ Saved best model (val_corr=0.164423)
2026-02-15 19:44:39,649 - INFO - Epoch   8/50 | Train: 0.198039 | Val: 0.198944 | Corr: 0.167890 | LR: 1.00e-04
2026-02-15 19:44:39,656 - INFO -   ↳ Saved best model (val_corr=0.167890)
2026-02-15 19:44:42,342 - INFO - Epoch   9/50 | Train: 0.197171 | Val: 0.198534 | Corr: 0.170456 | LR: 1.00e-04
2026-02-15 19:44:42,351 - INFO -   ↳ Saved best model (val_corr=0.170456)
2026-02-15 19:44:45,008 - INFO - Epoch  10/50 | Train: 0.196415 | Val: 0.198081 | Corr: 0.173855 | LR: 1.00e-04
2026-02-15 19:44:45,020 - INFO -   ↳ Saved best model (val_corr=0.173855)
2026-02-15 19:44:47,718 - INFO - Epoch  11/50 | Train: 0.195725 | Val: 0.197603 | Corr: 0.176633 | LR: 1.00e-04
2026-02-15 19:44:47,727 - INFO -   ↳ Saved best model (val_corr=0.176633)
2026-02-15 19:44:50,419 - INFO - Epoch  12/50 | Train: 0.195093 | Val: 0.197423 | Corr: 0.178285 | LR: 1.00e-04
2026-02-15 19:44:50,428 - INFO -   ↳ Saved best model (val_corr=0.178285)
2026-02-15 19:44:53,164 - INFO - Epoch  13/50 | Train: 0.194683 | Val: 0.197061 | Corr: 0.180034 | LR: 1.00e-04
2026-02-15 19:44:53,183 - INFO -   ↳ Saved best model (val_corr=0.180034)
2026-02-15 19:44:55,973 - INFO - Epoch  14/50 | Train: 0.194069 | Val: 0.196757 | Corr: 0.181945 | LR: 1.00e-04
2026-02-15 19:44:55,981 - INFO -   ↳ Saved best model (val_corr=0.181945)
2026-02-15 19:44:58,854 - INFO - Epoch  15/50 | Train: 0.193690 | Val: 0.196497 | Corr: 0.183871 | LR: 1.00e-04
2026-02-15 19:44:58,872 - INFO -   ↳ Saved best model (val_corr=0.183871)
2026-02-15 19:45:01,768 - INFO - Epoch  16/50 | Train: 0.193227 | Val: 0.196177 | Corr: 0.185690 | LR: 1.00e-04
2026-02-15 19:45:01,774 - INFO -   ↳ Saved best model (val_corr=0.185690)
2026-02-15 19:45:04,507 - INFO - Epoch  17/50 | Train: 0.192826 | Val: 0.195872 | Corr: 0.186820 | LR: 1.00e-04
2026-02-15 19:45:04,514 - INFO -   ↳ Saved best model (val_corr=0.186820)
2026-02-15 19:45:07,274 - INFO - Epoch  18/50 | Train: 0.192412 | Val: 0.195823 | Corr: 0.188171 | LR: 1.00e-04
2026-02-15 19:45:07,281 - INFO -   ↳ Saved best model (val_corr=0.188171)
2026-02-15 19:45:10,095 - INFO - Epoch  19/50 | Train: 0.192056 | Val: 0.195510 | Corr: 0.190749 | LR: 1.00e-04
2026-02-15 19:45:10,103 - INFO -   ↳ Saved best model (val_corr=0.190749)
2026-02-15 19:45:12,919 - INFO - Epoch  20/50 | Train: 0.191723 | Val: 0.195243 | Corr: 0.192249 | LR: 1.00e-04
2026-02-15 19:45:12,928 - INFO -   ↳ Saved best model (val_corr=0.192249)
2026-02-15 19:45:15,633 - INFO - Epoch  21/50 | Train: 0.191438 | Val: 0.195132 | Corr: 0.194018 | LR: 1.00e-04
2026-02-15 19:45:15,640 - INFO -   ↳ Saved best model (val_corr=0.194018)
2026-02-15 19:45:18,334 - INFO - Epoch  22/50 | Train: 0.191015 | Val: 0.194809 | Corr: 0.195607 | LR: 1.00e-04
2026-02-15 19:45:18,341 - INFO -   ↳ Saved best model (val_corr=0.195607)
2026-02-15 19:45:21,005 - INFO - Epoch  23/50 | Train: 0.190825 | Val: 0.194547 | Corr: 0.197574 | LR: 1.00e-04
2026-02-15 19:45:21,012 - INFO -   ↳ Saved best model (val_corr=0.197574)
2026-02-15 19:45:23,817 - INFO - Epoch  24/50 | Train: 0.190540 | Val: 0.194366 | Corr: 0.198686 | LR: 1.00e-04
2026-02-15 19:45:23,825 - INFO -   ↳ Saved best model (val_corr=0.198686)
2026-02-15 19:45:26,513 - INFO - Epoch  25/50 | Train: 0.190233 | Val: 0.194224 | Corr: 0.199796 | LR: 1.00e-04
2026-02-15 19:45:26,522 - INFO -   ↳ Saved best model (val_corr=0.199796)
2026-02-15 19:45:29,273 - INFO - Epoch  26/50 | Train: 0.190001 | Val: 0.194082 | Corr: 0.200905 | LR: 1.00e-04
2026-02-15 19:45:29,281 - INFO -   ↳ Saved best model (val_corr=0.200905)
2026-02-15 19:45:31,980 - INFO - Epoch  27/50 | Train: 0.189756 | Val: 0.193795 | Corr: 0.202055 | LR: 1.00e-04
2026-02-15 19:45:31,987 - INFO -   ↳ Saved best model (val_corr=0.202055)
2026-02-15 19:45:34,664 - INFO - Epoch  28/50 | Train: 0.189461 | Val: 0.193708 | Corr: 0.203369 | LR: 1.00e-04
2026-02-15 19:45:34,671 - INFO -   ↳ Saved best model (val_corr=0.203369)
2026-02-15 19:45:37,355 - INFO - Epoch  29/50 | Train: 0.189203 | Val: 0.193455 | Corr: 0.205631 | LR: 1.00e-04
2026-02-15 19:45:37,361 - INFO -   ↳ Saved best model (val_corr=0.205631)
2026-02-15 19:45:40,113 - INFO - Epoch  30/50 | Train: 0.188969 | Val: 0.193231 | Corr: 0.205457 | LR: 1.00e-04
2026-02-15 19:45:42,792 - INFO - Epoch  31/50 | Train: 0.188706 | Val: 0.193091 | Corr: 0.207687 | LR: 1.00e-04
2026-02-15 19:45:42,798 - INFO -   ↳ Saved best model (val_corr=0.207687)
2026-02-15 19:45:45,468 - INFO - Epoch  32/50 | Train: 0.188523 | Val: 0.192823 | Corr: 0.208740 | LR: 1.00e-04
2026-02-15 19:45:45,475 - INFO -   ↳ Saved best model (val_corr=0.208740)
2026-02-15 19:45:48,206 - INFO - Epoch  33/50 | Train: 0.188224 | Val: 0.192634 | Corr: 0.210609 | LR: 1.00e-04
2026-02-15 19:45:48,212 - INFO -   ↳ Saved best model (val_corr=0.210609)
2026-02-15 19:45:50,802 - INFO - Epoch  34/50 | Train: 0.188014 | Val: 0.192401 | Corr: 0.211395 | LR: 1.00e-04
2026-02-15 19:45:50,810 - INFO -   ↳ Saved best model (val_corr=0.211395)
2026-02-15 19:45:53,327 - INFO - Epoch  35/50 | Train: 0.187745 | Val: 0.192297 | Corr: 0.213024 | LR: 1.00e-04
2026-02-15 19:45:53,336 - INFO -   ↳ Saved best model (val_corr=0.213024)
2026-02-15 19:45:55,980 - INFO - Epoch  36/50 | Train: 0.187536 | Val: 0.191917 | Corr: 0.215290 | LR: 1.00e-04
2026-02-15 19:45:55,988 - INFO -   ↳ Saved best model (val_corr=0.215290)
2026-02-15 19:45:58,636 - INFO - Epoch  37/50 | Train: 0.187207 | Val: 0.191897 | Corr: 0.215469 | LR: 1.00e-04
2026-02-15 19:45:58,643 - INFO -   ↳ Saved best model (val_corr=0.215469)
2026-02-15 19:46:01,217 - INFO - Epoch  38/50 | Train: 0.187006 | Val: 0.191474 | Corr: 0.217123 | LR: 1.00e-04
2026-02-15 19:46:01,228 - INFO -   ↳ Saved best model (val_corr=0.217123)
2026-02-15 19:46:03,782 - INFO - Epoch  39/50 | Train: 0.186685 | Val: 0.191287 | Corr: 0.218013 | LR: 1.00e-04
2026-02-15 19:46:03,790 - INFO -   ↳ Saved best model (val_corr=0.218013)
2026-02-15 19:46:06,444 - INFO - Epoch  40/50 | Train: 0.186512 | Val: 0.191026 | Corr: 0.219490 | LR: 1.00e-04
2026-02-15 19:46:06,451 - INFO -   ↳ Saved best model (val_corr=0.219490)
2026-02-15 19:46:08,990 - INFO - Epoch  41/50 | Train: 0.186319 | Val: 0.191086 | Corr: 0.220476 | LR: 1.00e-04
2026-02-15 19:46:08,997 - INFO -   ↳ Saved best model (val_corr=0.220476)
2026-02-15 19:46:11,646 - INFO - Epoch  42/50 | Train: 0.186128 | Val: 0.190802 | Corr: 0.221224 | LR: 1.00e-04
2026-02-15 19:46:11,652 - INFO -   ↳ Saved best model (val_corr=0.221224)
2026-02-15 19:46:14,226 - INFO - Epoch  43/50 | Train: 0.185927 | Val: 0.190643 | Corr: 0.222764 | LR: 1.00e-04
2026-02-15 19:46:14,233 - INFO -   ↳ Saved best model (val_corr=0.222764)
2026-02-15 19:46:16,989 - INFO - Epoch  44/50 | Train: 0.185662 | Val: 0.190502 | Corr: 0.223467 | LR: 1.00e-04
2026-02-15 19:46:16,998 - INFO -   ↳ Saved best model (val_corr=0.223467)
2026-02-15 19:46:19,627 - INFO - Epoch  45/50 | Train: 0.185524 | Val: 0.190282 | Corr: 0.224325 | LR: 1.00e-04
2026-02-15 19:46:19,635 - INFO -   ↳ Saved best model (val_corr=0.224325)
2026-02-15 19:46:22,329 - INFO - Epoch  46/50 | Train: 0.185375 | Val: 0.190148 | Corr: 0.225210 | LR: 1.00e-04
2026-02-15 19:46:22,337 - INFO -   ↳ Saved best model (val_corr=0.225210)
2026-02-15 19:46:24,993 - INFO - Epoch  47/50 | Train: 0.185085 | Val: 0.190077 | Corr: 0.226418 | LR: 1.00e-04
2026-02-15 19:46:25,002 - INFO -   ↳ Saved best model (val_corr=0.226418)
2026-02-15 19:46:27,767 - INFO - Epoch  48/50 | Train: 0.184949 | Val: 0.189896 | Corr: 0.226780 | LR: 1.00e-04
2026-02-15 19:46:27,773 - INFO -   ↳ Saved best model (val_corr=0.226780)
2026-02-15 19:46:30,502 - INFO - Epoch  49/50 | Train: 0.184807 | Val: 0.189673 | Corr: 0.227366 | LR: 1.00e-04
2026-02-15 19:46:30,511 - INFO -   ↳ Saved best model (val_corr=0.227366)
2026-02-15 19:46:33,307 - INFO - Epoch  50/50 | Train: 0.184598 | Val: 0.189585 | Corr: 0.228443 | LR: 1.00e-04
2026-02-15 19:46:33,316 - INFO -   ↳ Saved best model (val_corr=0.228443)
2026-02-15 19:46:33,317 - INFO - Training complete — best val corr: 0.228443
2026-02-15 19:46:33,988 - INFO - Test loss: 0.180128, Test corr: 0.226058
2026-02-15 19:46:34,441 - INFO - Generating figures …
2026-02-15 19:46:34,906 - INFO - Correlation between predicted and actual per-neuron averages: r=0.9933, p=6.40e-59
2026-02-15 19:46:36,273 - INFO - Pattern selectivity summary:
2026-02-15 19:46:36,273 - INFO -   Mean correlation across neurons: 0.2563
2026-02-15 19:46:36,273 - INFO -   Median correlation: 0.2564
2026-02-15 19:46:36,273 - INFO -   Neurons with r > 0.5: 8 / 63
2026-02-15 19:46:36,274 - INFO -   Neurons with r > 0.3: 25 / 63
2026-02-15 19:46:36,274 - INFO - Pattern selectivity — mean neuron corr: 0.2563
2026-02-15 19:46:37,016 - INFO - LOO baseline — Model mean r: 0.1415, LOO mean r: 0.4728, Neurons model > LOO: 1/63
2026-02-15 19:46:37,016 - INFO - Skipping oracle trial plots (skip_oracle_plots=True)
2026-02-15 19:46:37,017 - INFO - Experiment complete. Summary: {
  "run_dir": "results/base_cnn_kernel_sweep_2026-02-15_11-28-56/trial_0189_learning_rate=1.0e-04",
  "model_type": "cnn",
  "test_loss": 0.18012846112251282,
  "test_corr": 0.22605794343795235,
  "best_val_corr": 0.2284429088206638,
  "total_params": 194303,
  "trainable_params": 194303,
  "epochs_trained": 50,
  "mean_pattern_corr": 0.25627456933352916,
  "loo_mean_corr": 0.47275709111471625,
  "model_sample_mean_corr": 0.1414628265380579,
  "neurons_model_beats_loo": 1
}
2026-02-15 19:46:37,046 - INFO - 
======================================================================
2026-02-15 19:46:37,046 - INFO - [191/216] trial_0190_learning_rate=1.0e-04
2026-02-15 19:46:37,046 - INFO -   Overrides: {"kernel_sizes": [60], "learning_rate": 0.0001, "fc_dims": [256], "weight_decay": 0.001, "conv_channels": [128]}
2026-02-15 19:46:37,046 - INFO -   Output: results/base_cnn_kernel_sweep_2026-02-15_11-28-56/trial_0190_learning_rate=1.0e-04
