2026-03-05 22:51:40,955 - INFO - ============================================================
2026-03-05 22:51:40,956 - INFO - Experiment run directory: /scratch/sb272/patterns5k_results/slurm_hist_cnn_2026-03-05_16-01-45/trial_0503_learning_rate=1.0e-03_history=10_kernel_sizes=5x3x3_conv_channels=64x128x256_fc_dims=256_seed0
2026-03-05 22:51:40,956 - INFO - ============================================================
2026-03-05 22:51:40,956 - INFO - Loading data …
2026-03-05 22:51:41,896 - INFO - 63 unique neurons after dropping problematic neurons
2026-03-05 22:51:43,218 - INFO - Stimulation channels: 42, Spiking neurons: 63
2026-03-05 22:53:57,153 - INFO - Unique patterns: 4050, Total trials: 5000
2026-03-05 22:53:57,155 - INFO - Stimulation channels: 42, Spiking neurons: 63
2026-03-05 22:53:57,155 - INFO - Unique patterns: 4050, Total trials: 5000
2026-03-05 22:53:57,175 - INFO - Split (oracle): train=3400, val=600, test=1000
2026-03-05 22:54:24,776 - INFO - BinnedStimSpikeDataset initialized:
2026-03-05 22:54:24,776 - INFO -   input_bin_size_ms=10, output_bin_size_ms=10
2026-03-05 22:54:24,777 - INFO -   n_input_bins=60, n_output_bins=60
2026-03-05 22:54:24,777 - INFO -   output_offset=0, total_bins_input=60, total_bins_output=60
2026-03-05 22:54:24,777 - INFO -   Valid start positions per trial: 0 to 0
2026-03-05 22:54:24,777 - INFO -   Total samples: 3400 (3400 trials × 1 positions)
2026-03-05 22:54:52,108 - INFO - BinnedStimSpikeDataset initialized:
2026-03-05 22:54:52,108 - INFO -   input_bin_size_ms=10, output_bin_size_ms=10
2026-03-05 22:54:52,108 - INFO -   n_input_bins=60, n_output_bins=60
2026-03-05 22:54:52,108 - INFO -   output_offset=0, total_bins_input=60, total_bins_output=60
2026-03-05 22:54:52,108 - INFO -   Valid start positions per trial: 0 to 0
2026-03-05 22:54:52,108 - INFO -   Total samples: 600 (600 trials × 1 positions)
2026-03-05 22:55:19,189 - INFO - BinnedStimSpikeDataset initialized:
2026-03-05 22:55:19,189 - INFO -   input_bin_size_ms=10, output_bin_size_ms=10
2026-03-05 22:55:19,189 - INFO -   n_input_bins=60, n_output_bins=60
2026-03-05 22:55:19,189 - INFO -   output_offset=0, total_bins_input=60, total_bins_output=60
2026-03-05 22:55:19,189 - INFO -   Valid start positions per trial: 0 to 0
2026-03-05 22:55:19,189 - INFO -   Total samples: 1000 (1000 trials × 1 positions)
2026-03-05 22:55:19,190 - INFO - Samples — train: 3400, val: 600, test: 1000
2026-03-05 22:55:19,190 - INFO - Input channels: 105, Neurons: 63
2026-03-05 22:55:19,198 - INFO - Using CPU
2026-03-05 22:55:19,215 - INFO - Model: CNN — 239,807 trainable params (239,807 total)
2026-03-05 22:55:25,033 - INFO - Starting training …
2026-03-05 22:55:33,969 - INFO - Epoch   1/50 | Train: 0.212637 | Val: 0.184130 | Corr: 0.083234 | LR: 1.00e-03
2026-03-05 22:55:33,986 - INFO -   ↳ Saved best model (val_corr=0.083234)
2026-03-05 22:55:41,918 - INFO - Epoch   2/50 | Train: 0.182282 | Val: 0.182154 | Corr: 0.099169 | LR: 1.00e-03
2026-03-05 22:55:41,936 - INFO -   ↳ Saved best model (val_corr=0.099169)
2026-03-05 22:55:49,847 - INFO - Epoch   3/50 | Train: 0.180434 | Val: 0.181405 | Corr: 0.105632 | LR: 1.00e-03
2026-03-05 22:55:49,867 - INFO -   ↳ Saved best model (val_corr=0.105632)
2026-03-05 22:55:57,655 - INFO - Epoch   4/50 | Train: 0.178991 | Val: 0.180623 | Corr: 0.116991 | LR: 1.00e-03
2026-03-05 22:55:57,677 - INFO -   ↳ Saved best model (val_corr=0.116991)
2026-03-05 22:56:05,546 - INFO - Epoch   5/50 | Train: 0.178032 | Val: 0.179993 | Corr: 0.124110 | LR: 1.00e-03
2026-03-05 22:56:05,560 - INFO -   ↳ Saved best model (val_corr=0.124110)
2026-03-05 22:56:13,480 - INFO - Epoch   6/50 | Train: 0.177262 | Val: 0.179795 | Corr: 0.125530 | LR: 1.00e-03
2026-03-05 22:56:13,496 - INFO -   ↳ Saved best model (val_corr=0.125530)
2026-03-05 22:56:21,464 - INFO - Epoch   7/50 | Train: 0.176598 | Val: 0.179223 | Corr: 0.130053 | LR: 1.00e-03
2026-03-05 22:56:21,478 - INFO -   ↳ Saved best model (val_corr=0.130053)
2026-03-05 22:56:29,544 - INFO - Epoch   8/50 | Train: 0.175861 | Val: 0.179848 | Corr: 0.136535 | LR: 1.00e-03
2026-03-05 22:56:29,560 - INFO -   ↳ Saved best model (val_corr=0.136535)
2026-03-05 22:56:37,411 - INFO - Epoch   9/50 | Train: 0.175538 | Val: 0.178476 | Corr: 0.141435 | LR: 1.00e-03
2026-03-05 22:56:37,429 - INFO -   ↳ Saved best model (val_corr=0.141435)
2026-03-05 22:56:45,351 - INFO - Epoch  10/50 | Train: 0.174999 | Val: 0.178015 | Corr: 0.143256 | LR: 1.00e-03
2026-03-05 22:56:45,365 - INFO -   ↳ Saved best model (val_corr=0.143256)
2026-03-05 22:56:53,249 - INFO - Epoch  11/50 | Train: 0.174606 | Val: 0.177720 | Corr: 0.144169 | LR: 1.00e-03
2026-03-05 22:56:53,267 - INFO -   ↳ Saved best model (val_corr=0.144169)
2026-03-05 22:57:01,321 - INFO - Epoch  12/50 | Train: 0.174248 | Val: 0.177943 | Corr: 0.145608 | LR: 1.00e-03
2026-03-05 22:57:01,337 - INFO -   ↳ Saved best model (val_corr=0.145608)
2026-03-05 22:57:09,237 - INFO - Epoch  13/50 | Train: 0.173864 | Val: 0.177466 | Corr: 0.146397 | LR: 1.00e-03
2026-03-05 22:57:09,256 - INFO -   ↳ Saved best model (val_corr=0.146397)
2026-03-05 22:57:17,173 - INFO - Epoch  14/50 | Train: 0.173507 | Val: 0.178250 | Corr: 0.148496 | LR: 1.00e-03
2026-03-05 22:57:17,189 - INFO -   ↳ Saved best model (val_corr=0.148496)
2026-03-05 22:57:25,077 - INFO - Epoch  15/50 | Train: 0.173293 | Val: 0.177498 | Corr: 0.149852 | LR: 1.00e-03
2026-03-05 22:57:25,092 - INFO -   ↳ Saved best model (val_corr=0.149852)
2026-03-05 22:57:33,071 - INFO - Epoch  16/50 | Train: 0.172897 | Val: 0.177464 | Corr: 0.149954 | LR: 1.00e-03
2026-03-05 22:57:33,085 - INFO -   ↳ Saved best model (val_corr=0.149954)
2026-03-05 22:57:40,835 - INFO - Epoch  17/50 | Train: 0.172651 | Val: 0.177352 | Corr: 0.151952 | LR: 1.00e-03
2026-03-05 22:57:40,856 - INFO -   ↳ Saved best model (val_corr=0.151952)
2026-03-05 22:57:48,682 - INFO - Epoch  18/50 | Train: 0.172480 | Val: 0.177427 | Corr: 0.149735 | LR: 1.00e-03
2026-03-05 22:57:56,645 - INFO - Epoch  19/50 | Train: 0.172288 | Val: 0.177054 | Corr: 0.153339 | LR: 1.00e-03
2026-03-05 22:57:56,665 - INFO -   ↳ Saved best model (val_corr=0.153339)
2026-03-05 22:58:04,592 - INFO - Epoch  20/50 | Train: 0.171935 | Val: 0.177353 | Corr: 0.152754 | LR: 1.00e-03
2026-03-05 22:58:12,441 - INFO - Epoch  21/50 | Train: 0.171845 | Val: 0.177065 | Corr: 0.155600 | LR: 1.00e-03
2026-03-05 22:58:12,457 - INFO -   ↳ Saved best model (val_corr=0.155600)
2026-03-05 22:58:20,296 - INFO - Epoch  22/50 | Train: 0.171492 | Val: 0.177628 | Corr: 0.155026 | LR: 1.00e-03
2026-03-05 22:58:28,213 - INFO - Epoch  23/50 | Train: 0.171286 | Val: 0.179841 | Corr: 0.152744 | LR: 1.00e-03
2026-03-05 22:58:36,129 - INFO - Epoch  24/50 | Train: 0.171107 | Val: 0.177598 | Corr: 0.154827 | LR: 1.00e-03
2026-03-05 22:58:44,009 - INFO - Epoch  25/50 | Train: 0.170863 | Val: 0.177328 | Corr: 0.154685 | LR: 5.00e-04
2026-03-05 22:58:51,744 - INFO - Epoch  26/50 | Train: 0.169872 | Val: 0.177199 | Corr: 0.156805 | LR: 5.00e-04
2026-03-05 22:58:51,761 - INFO -   ↳ Saved best model (val_corr=0.156805)
2026-03-05 22:58:59,596 - INFO - Epoch  27/50 | Train: 0.169709 | Val: 0.176943 | Corr: 0.157249 | LR: 5.00e-04
2026-03-05 22:58:59,610 - INFO -   ↳ Saved best model (val_corr=0.157249)
2026-03-05 22:59:07,455 - INFO - Epoch  28/50 | Train: 0.169463 | Val: 0.177133 | Corr: 0.157741 | LR: 5.00e-04
2026-03-05 22:59:07,469 - INFO -   ↳ Saved best model (val_corr=0.157741)
2026-03-05 22:59:15,326 - INFO - Epoch  29/50 | Train: 0.169493 | Val: 0.176971 | Corr: 0.158225 | LR: 5.00e-04
2026-03-05 22:59:15,341 - INFO -   ↳ Saved best model (val_corr=0.158225)
2026-03-05 22:59:23,260 - INFO - Epoch  30/50 | Train: 0.169286 | Val: 0.176993 | Corr: 0.158276 | LR: 5.00e-04
2026-03-05 22:59:23,275 - INFO -   ↳ Saved best model (val_corr=0.158276)
2026-03-05 22:59:31,075 - INFO - Epoch  31/50 | Train: 0.169167 | Val: 0.177270 | Corr: 0.158798 | LR: 5.00e-04
2026-03-05 22:59:31,094 - INFO -   ↳ Saved best model (val_corr=0.158798)
2026-03-05 22:59:39,035 - INFO - Epoch  32/50 | Train: 0.169078 | Val: 0.177342 | Corr: 0.158158 | LR: 5.00e-04
2026-03-05 22:59:47,072 - INFO - Epoch  33/50 | Train: 0.168994 | Val: 0.177500 | Corr: 0.157892 | LR: 2.50e-04
2026-03-05 22:59:54,876 - INFO - Epoch  34/50 | Train: 0.168516 | Val: 0.177498 | Corr: 0.158931 | LR: 2.50e-04
2026-03-05 22:59:54,890 - INFO -   ↳ Saved best model (val_corr=0.158931)
2026-03-05 23:00:02,762 - INFO - Epoch  35/50 | Train: 0.168387 | Val: 0.177227 | Corr: 0.158918 | LR: 2.50e-04
2026-03-05 23:00:10,628 - INFO - Epoch  36/50 | Train: 0.168390 | Val: 0.177438 | Corr: 0.159417 | LR: 2.50e-04
2026-03-05 23:00:10,652 - INFO -   ↳ Saved best model (val_corr=0.159417)
2026-03-05 23:00:18,453 - INFO - Epoch  37/50 | Train: 0.168355 | Val: 0.177387 | Corr: 0.160122 | LR: 2.50e-04
2026-03-05 23:00:18,468 - INFO -   ↳ Saved best model (val_corr=0.160122)
2026-03-05 23:00:26,357 - INFO - Epoch  38/50 | Train: 0.168142 | Val: 0.177487 | Corr: 0.159087 | LR: 2.50e-04
2026-03-05 23:00:34,421 - INFO - Epoch  39/50 | Train: 0.168124 | Val: 0.177104 | Corr: 0.159437 | LR: 1.25e-04
2026-03-05 23:00:42,457 - INFO - Epoch  40/50 | Train: 0.167852 | Val: 0.177361 | Corr: 0.159255 | LR: 1.25e-04
2026-03-05 23:00:50,423 - INFO - Epoch  41/50 | Train: 0.167778 | Val: 0.177409 | Corr: 0.159677 | LR: 1.25e-04
2026-03-05 23:00:58,308 - INFO - Epoch  42/50 | Train: 0.167720 | Val: 0.177395 | Corr: 0.159933 | LR: 1.25e-04
2026-03-05 23:01:06,283 - INFO - Epoch  43/50 | Train: 0.167752 | Val: 0.177336 | Corr: 0.159369 | LR: 1.25e-04
2026-03-05 23:01:14,272 - INFO - Epoch  44/50 | Train: 0.167715 | Val: 0.177169 | Corr: 0.159847 | LR: 1.25e-04
2026-03-05 23:01:22,205 - INFO - Epoch  45/50 | Train: 0.167746 | Val: 0.177626 | Corr: 0.159213 | LR: 6.25e-05
2026-03-05 23:01:30,098 - INFO - Epoch  46/50 | Train: 0.167497 | Val: 0.177290 | Corr: 0.159666 | LR: 6.25e-05
2026-03-05 23:01:37,990 - INFO - Epoch  47/50 | Train: 0.167539 | Val: 0.177429 | Corr: 0.159722 | LR: 6.25e-05
2026-03-05 23:01:37,990 - INFO - Early stopping at epoch 47
2026-03-05 23:01:37,990 - INFO - Training complete — best val corr: 0.160122
2026-03-05 23:01:39,788 - INFO - Test loss: 0.166512, Test corr: 0.150015
2026-03-05 23:01:40,346 - INFO - Fraction of variance explained (FVE): 0.027442
2026-03-05 23:01:40,346 - INFO - Computing autoregressive (AR) test predictions …
2026-03-05 23:01:41,115 - INFO - AR FVE: 0.019843, AR test corr: 0.130485
2026-03-05 23:01:41,115 - INFO - Generating figures …
2026-03-05 23:01:41,701 - INFO - Correlation between predicted and actual per-neuron averages: r=0.9938, p=0.00e+00
2026-03-05 23:01:43,986 - INFO - Pattern selectivity summary:
2026-03-05 23:01:43,986 - INFO -   Mean correlation across neurons: 0.5079
2026-03-05 23:01:43,986 - INFO -   Median correlation: 0.5357
2026-03-05 23:01:43,986 - INFO -   Neurons with r > 0.5: 34 / 63
2026-03-05 23:01:43,986 - INFO -   Neurons with r > 0.3: 55 / 63
2026-03-05 23:01:43,986 - INFO - Pattern selectivity — mean neuron corr: 0.5079
2026-03-05 23:01:45,808 - INFO - LOO (avg rate) — Model mean r: 0.3614, LOO mean r: 0.4546, Neurons model > LOO: 8/63
2026-03-05 23:01:48,260 - INFO - LOO (temporal) — Model mean r: 0.1562, LOO mean r: 0.3186, Neurons model > LOO: 2/63
2026-03-05 23:01:48,260 - INFO - Skipping oracle trial plots (skip_oracle_plots=True)
2026-03-05 23:01:48,267 - INFO - Experiment complete. Summary: {
  "run_dir": "/scratch/sb272/patterns5k_results/slurm_hist_cnn_2026-03-05_16-01-45/trial_0503_learning_rate=1.0e-03_history=10_kernel_sizes=5x3x3_conv_channels=64x128x256_fc_dims=256_seed0",
  "model_type": "cnn",
  "batch_avg_test_loss": 0.16651175153255462,
  "batch_avg_test_corr": 0.15001518384321882,
  "all_test_fve": 0.027441654886518205,
  "AR_FVE": 0.019843099609253897,
  "AR_test_correlation": 0.13048508763313293,
  "best_val_corr": 0.1601216961223266,
  "total_params": 239807,
  "trainable_params": 239807,
  "epochs_trained": 47,
  "mean_pattern_corr": 0.5079392475860512,
  "history": 10,
  "init_state": true,
  "loo_avg_mean_corr": 0.45456832695830385,
  "model_avg_mean_corr": 0.36143752134934254,
  "neurons_model_beats_loo_avg": 8,
  "loo_temporal_mean_corr": 0.31855225563049316,
  "all_test_corr": 0.15623627603054047,
  "neurons_model_beats_loo_temporal": 2,
  "kernel_sizes": [
    5,
    3,
    3
  ],
  "conv_channels": [
    64,
    128,
    256
  ],
  "fc_dims": [
    256
  ]
}
