2026-03-05 20:40:22,205 - INFO - ============================================================
2026-03-05 20:40:22,205 - INFO - Experiment run directory: /scratch/sb272/patterns5k_results/slurm_hist_cnn_2026-03-05_16-01-45/trial_0210_learning_rate=1.0e-04_history=20_kernel_sizes=3x3_conv_channels=64x128_fc_dims=128_seed0
2026-03-05 20:40:22,205 - INFO - ============================================================
2026-03-05 20:40:22,205 - INFO - Loading data …
2026-03-05 20:40:23,019 - INFO - 63 unique neurons after dropping problematic neurons
2026-03-05 20:40:24,147 - INFO - Stimulation channels: 42, Spiking neurons: 63
2026-03-05 20:42:16,918 - INFO - Unique patterns: 4050, Total trials: 5000
2026-03-05 20:42:16,919 - INFO - Stimulation channels: 42, Spiking neurons: 63
2026-03-05 20:42:16,919 - INFO - Unique patterns: 4050, Total trials: 5000
2026-03-05 20:42:16,934 - INFO - Split (oracle): train=3400, val=600, test=1000
2026-03-05 20:42:40,467 - INFO - BinnedStimSpikeDataset initialized:
2026-03-05 20:42:40,468 - INFO -   input_bin_size_ms=10, output_bin_size_ms=10
2026-03-05 20:42:40,468 - INFO -   n_input_bins=60, n_output_bins=60
2026-03-05 20:42:40,469 - INFO -   output_offset=0, total_bins_input=60, total_bins_output=60
2026-03-05 20:42:40,469 - INFO -   Valid start positions per trial: 0 to 0
2026-03-05 20:42:40,469 - INFO -   Total samples: 3400 (3400 trials × 1 positions)
2026-03-05 20:43:03,293 - INFO - BinnedStimSpikeDataset initialized:
2026-03-05 20:43:03,293 - INFO -   input_bin_size_ms=10, output_bin_size_ms=10
2026-03-05 20:43:03,293 - INFO -   n_input_bins=60, n_output_bins=60
2026-03-05 20:43:03,293 - INFO -   output_offset=0, total_bins_input=60, total_bins_output=60
2026-03-05 20:43:03,294 - INFO -   Valid start positions per trial: 0 to 0
2026-03-05 20:43:03,294 - INFO -   Total samples: 600 (600 trials × 1 positions)
2026-03-05 20:43:26,293 - INFO - BinnedStimSpikeDataset initialized:
2026-03-05 20:43:26,293 - INFO -   input_bin_size_ms=10, output_bin_size_ms=10
2026-03-05 20:43:26,293 - INFO -   n_input_bins=60, n_output_bins=60
2026-03-05 20:43:26,293 - INFO -   output_offset=0, total_bins_input=60, total_bins_output=60
2026-03-05 20:43:26,293 - INFO -   Valid start positions per trial: 0 to 0
2026-03-05 20:43:26,293 - INFO -   Total samples: 1000 (1000 trials × 1 positions)
2026-03-05 20:43:26,294 - INFO - Samples — train: 3400, val: 600, test: 1000
2026-03-05 20:43:26,294 - INFO - Input channels: 105, Neurons: 63
2026-03-05 20:43:26,300 - INFO - Using CPU
2026-03-05 20:43:26,304 - INFO - Model: CNN — 69,951 trainable params (69,951 total)
2026-03-05 20:43:29,829 - INFO - Starting training …
2026-03-05 20:43:33,782 - INFO - Epoch   1/50 | Train: 0.572722 | Val: 0.240236 | Corr: 0.038699 | LR: 1.00e-04
2026-03-05 20:43:33,791 - INFO -   ↳ Saved best model (val_corr=0.038699)
2026-03-05 20:43:36,963 - INFO - Epoch   2/50 | Train: 0.199297 | Val: 0.193371 | Corr: 0.055077 | LR: 1.00e-04
2026-03-05 20:43:36,971 - INFO -   ↳ Saved best model (val_corr=0.055077)
2026-03-05 20:43:40,125 - INFO - Epoch   3/50 | Train: 0.189934 | Val: 0.191581 | Corr: 0.061688 | LR: 1.00e-04
2026-03-05 20:43:40,135 - INFO -   ↳ Saved best model (val_corr=0.061688)
2026-03-05 20:43:43,265 - INFO - Epoch   4/50 | Train: 0.188634 | Val: 0.190127 | Corr: 0.064623 | LR: 1.00e-04
2026-03-05 20:43:43,274 - INFO -   ↳ Saved best model (val_corr=0.064623)
2026-03-05 20:43:46,431 - INFO - Epoch   5/50 | Train: 0.187721 | Val: 0.190539 | Corr: 0.066681 | LR: 1.00e-04
2026-03-05 20:43:46,444 - INFO -   ↳ Saved best model (val_corr=0.066681)
2026-03-05 20:43:49,626 - INFO - Epoch   6/50 | Train: 0.187104 | Val: 0.188527 | Corr: 0.068712 | LR: 1.00e-04
2026-03-05 20:43:49,634 - INFO -   ↳ Saved best model (val_corr=0.068712)
2026-03-05 20:43:52,820 - INFO - Epoch   7/50 | Train: 0.186604 | Val: 0.188848 | Corr: 0.069350 | LR: 1.00e-04
2026-03-05 20:43:52,828 - INFO -   ↳ Saved best model (val_corr=0.069350)
2026-03-05 20:43:55,943 - INFO - Epoch   8/50 | Train: 0.185998 | Val: 0.188404 | Corr: 0.071425 | LR: 1.00e-04
2026-03-05 20:43:55,952 - INFO -   ↳ Saved best model (val_corr=0.071425)
2026-03-05 20:43:59,121 - INFO - Epoch   9/50 | Train: 0.185534 | Val: 0.189161 | Corr: 0.072132 | LR: 1.00e-04
2026-03-05 20:43:59,129 - INFO -   ↳ Saved best model (val_corr=0.072132)
2026-03-05 20:44:02,286 - INFO - Epoch  10/50 | Train: 0.185072 | Val: 0.188727 | Corr: 0.073680 | LR: 1.00e-04
2026-03-05 20:44:02,292 - INFO -   ↳ Saved best model (val_corr=0.073680)
2026-03-05 20:44:05,439 - INFO - Epoch  11/50 | Train: 0.184651 | Val: 0.188292 | Corr: 0.074643 | LR: 1.00e-04
2026-03-05 20:44:05,447 - INFO -   ↳ Saved best model (val_corr=0.074643)
2026-03-05 20:44:08,574 - INFO - Epoch  12/50 | Train: 0.184172 | Val: 0.187806 | Corr: 0.075989 | LR: 1.00e-04
2026-03-05 20:44:08,582 - INFO -   ↳ Saved best model (val_corr=0.075989)
2026-03-05 20:44:11,728 - INFO - Epoch  13/50 | Train: 0.183800 | Val: 0.187512 | Corr: 0.076922 | LR: 1.00e-04
2026-03-05 20:44:11,739 - INFO -   ↳ Saved best model (val_corr=0.076922)
2026-03-05 20:44:14,908 - INFO - Epoch  14/50 | Train: 0.183521 | Val: 0.186947 | Corr: 0.077981 | LR: 1.00e-04
2026-03-05 20:44:14,916 - INFO -   ↳ Saved best model (val_corr=0.077981)
2026-03-05 20:44:18,051 - INFO - Epoch  15/50 | Train: 0.183149 | Val: 0.186715 | Corr: 0.079369 | LR: 1.00e-04
2026-03-05 20:44:18,060 - INFO -   ↳ Saved best model (val_corr=0.079369)
2026-03-05 20:44:21,225 - INFO - Epoch  16/50 | Train: 0.182879 | Val: 0.186293 | Corr: 0.080907 | LR: 1.00e-04
2026-03-05 20:44:21,233 - INFO -   ↳ Saved best model (val_corr=0.080907)
2026-03-05 20:44:24,388 - INFO - Epoch  17/50 | Train: 0.182563 | Val: 0.186616 | Corr: 0.081805 | LR: 1.00e-04
2026-03-05 20:44:24,400 - INFO -   ↳ Saved best model (val_corr=0.081805)
2026-03-05 20:44:27,382 - INFO - Epoch  18/50 | Train: 0.182320 | Val: 0.186676 | Corr: 0.082782 | LR: 1.00e-04
2026-03-05 20:44:27,390 - INFO -   ↳ Saved best model (val_corr=0.082782)
2026-03-05 20:44:30,519 - INFO - Epoch  19/50 | Train: 0.181999 | Val: 0.186358 | Corr: 0.083850 | LR: 1.00e-04
2026-03-05 20:44:30,530 - INFO -   ↳ Saved best model (val_corr=0.083850)
2026-03-05 20:44:33,713 - INFO - Epoch  20/50 | Train: 0.181752 | Val: 0.186165 | Corr: 0.084490 | LR: 1.00e-04
2026-03-05 20:44:33,724 - INFO -   ↳ Saved best model (val_corr=0.084490)
2026-03-05 20:44:36,924 - INFO - Epoch  21/50 | Train: 0.181531 | Val: 0.186026 | Corr: 0.085249 | LR: 1.00e-04
2026-03-05 20:44:36,934 - INFO -   ↳ Saved best model (val_corr=0.085249)
2026-03-05 20:44:40,123 - INFO - Epoch  22/50 | Train: 0.181355 | Val: 0.186219 | Corr: 0.087176 | LR: 1.00e-04
2026-03-05 20:44:40,133 - INFO -   ↳ Saved best model (val_corr=0.087176)
2026-03-05 20:44:43,257 - INFO - Epoch  23/50 | Train: 0.181208 | Val: 0.184428 | Corr: 0.088206 | LR: 1.00e-04
2026-03-05 20:44:43,269 - INFO -   ↳ Saved best model (val_corr=0.088206)
2026-03-05 20:44:46,452 - INFO - Epoch  24/50 | Train: 0.180992 | Val: 0.186190 | Corr: 0.088933 | LR: 1.00e-04
2026-03-05 20:44:46,463 - INFO -   ↳ Saved best model (val_corr=0.088933)
2026-03-05 20:44:49,661 - INFO - Epoch  25/50 | Train: 0.180714 | Val: 0.184345 | Corr: 0.089925 | LR: 1.00e-04
2026-03-05 20:44:49,669 - INFO -   ↳ Saved best model (val_corr=0.089925)
2026-03-05 20:44:52,791 - INFO - Epoch  26/50 | Train: 0.180497 | Val: 0.185123 | Corr: 0.090865 | LR: 1.00e-04
2026-03-05 20:44:52,802 - INFO -   ↳ Saved best model (val_corr=0.090865)
2026-03-05 20:44:55,883 - INFO - Epoch  27/50 | Train: 0.180397 | Val: 0.185148 | Corr: 0.092062 | LR: 1.00e-04
2026-03-05 20:44:55,891 - INFO -   ↳ Saved best model (val_corr=0.092062)
2026-03-05 20:44:58,993 - INFO - Epoch  28/50 | Train: 0.180276 | Val: 0.184485 | Corr: 0.093448 | LR: 1.00e-04
2026-03-05 20:44:59,002 - INFO -   ↳ Saved best model (val_corr=0.093448)
2026-03-05 20:45:02,118 - INFO - Epoch  29/50 | Train: 0.180088 | Val: 0.184751 | Corr: 0.093757 | LR: 1.00e-04
2026-03-05 20:45:02,126 - INFO -   ↳ Saved best model (val_corr=0.093757)
2026-03-05 20:45:05,282 - INFO - Epoch  30/50 | Train: 0.179930 | Val: 0.185604 | Corr: 0.094673 | LR: 1.00e-04
2026-03-05 20:45:05,289 - INFO -   ↳ Saved best model (val_corr=0.094673)
2026-03-05 20:45:08,451 - INFO - Epoch  31/50 | Train: 0.179833 | Val: 0.184577 | Corr: 0.094911 | LR: 5.00e-05
2026-03-05 20:45:08,472 - INFO -   ↳ Saved best model (val_corr=0.094911)
2026-03-05 20:45:11,645 - INFO - Epoch  32/50 | Train: 0.179653 | Val: 0.184303 | Corr: 0.096077 | LR: 5.00e-05
2026-03-05 20:45:11,659 - INFO -   ↳ Saved best model (val_corr=0.096077)
2026-03-05 20:45:14,861 - INFO - Epoch  33/50 | Train: 0.179506 | Val: 0.184374 | Corr: 0.096538 | LR: 5.00e-05
2026-03-05 20:45:14,869 - INFO -   ↳ Saved best model (val_corr=0.096538)
2026-03-05 20:45:18,018 - INFO - Epoch  34/50 | Train: 0.179514 | Val: 0.184200 | Corr: 0.096790 | LR: 5.00e-05
2026-03-05 20:45:18,027 - INFO -   ↳ Saved best model (val_corr=0.096790)
2026-03-05 20:45:21,195 - INFO - Epoch  35/50 | Train: 0.179419 | Val: 0.184490 | Corr: 0.097428 | LR: 5.00e-05
2026-03-05 20:45:21,202 - INFO -   ↳ Saved best model (val_corr=0.097428)
2026-03-05 20:45:24,433 - INFO - Epoch  36/50 | Train: 0.179313 | Val: 0.184008 | Corr: 0.097624 | LR: 5.00e-05
2026-03-05 20:45:24,441 - INFO -   ↳ Saved best model (val_corr=0.097624)
2026-03-05 20:45:27,608 - INFO - Epoch  37/50 | Train: 0.179307 | Val: 0.184431 | Corr: 0.097942 | LR: 5.00e-05
2026-03-05 20:45:27,617 - INFO -   ↳ Saved best model (val_corr=0.097942)
2026-03-05 20:45:30,711 - INFO - Epoch  38/50 | Train: 0.179168 | Val: 0.183803 | Corr: 0.098266 | LR: 5.00e-05
2026-03-05 20:45:30,721 - INFO -   ↳ Saved best model (val_corr=0.098266)
2026-03-05 20:45:33,961 - INFO - Epoch  39/50 | Train: 0.179109 | Val: 0.184141 | Corr: 0.098817 | LR: 5.00e-05
2026-03-05 20:45:33,968 - INFO -   ↳ Saved best model (val_corr=0.098817)
2026-03-05 20:45:37,164 - INFO - Epoch  40/50 | Train: 0.179149 | Val: 0.184104 | Corr: 0.099307 | LR: 5.00e-05
2026-03-05 20:45:37,173 - INFO -   ↳ Saved best model (val_corr=0.099307)
2026-03-05 20:45:40,444 - INFO - Epoch  41/50 | Train: 0.179005 | Val: 0.184117 | Corr: 0.099569 | LR: 5.00e-05
2026-03-05 20:45:40,451 - INFO -   ↳ Saved best model (val_corr=0.099569)
2026-03-05 20:45:43,609 - INFO - Epoch  42/50 | Train: 0.178960 | Val: 0.184468 | Corr: 0.099767 | LR: 5.00e-05
2026-03-05 20:45:43,616 - INFO -   ↳ Saved best model (val_corr=0.099767)
2026-03-05 20:45:46,790 - INFO - Epoch  43/50 | Train: 0.178922 | Val: 0.183602 | Corr: 0.100002 | LR: 5.00e-05
2026-03-05 20:45:46,801 - INFO -   ↳ Saved best model (val_corr=0.100002)
2026-03-05 20:45:49,984 - INFO - Epoch  44/50 | Train: 0.178809 | Val: 0.183567 | Corr: 0.100427 | LR: 5.00e-05
2026-03-05 20:45:49,993 - INFO -   ↳ Saved best model (val_corr=0.100427)
2026-03-05 20:45:53,167 - INFO - Epoch  45/50 | Train: 0.178839 | Val: 0.183673 | Corr: 0.101099 | LR: 5.00e-05
2026-03-05 20:45:53,183 - INFO -   ↳ Saved best model (val_corr=0.101099)
2026-03-05 20:45:56,359 - INFO - Epoch  46/50 | Train: 0.178702 | Val: 0.183583 | Corr: 0.101567 | LR: 5.00e-05
2026-03-05 20:45:56,366 - INFO -   ↳ Saved best model (val_corr=0.101567)
2026-03-05 20:45:59,519 - INFO - Epoch  47/50 | Train: 0.178664 | Val: 0.183957 | Corr: 0.101561 | LR: 5.00e-05
2026-03-05 20:46:02,523 - INFO - Epoch  48/50 | Train: 0.178691 | Val: 0.183411 | Corr: 0.102055 | LR: 5.00e-05
2026-03-05 20:46:02,533 - INFO -   ↳ Saved best model (val_corr=0.102055)
2026-03-05 20:46:05,721 - INFO - Epoch  49/50 | Train: 0.178606 | Val: 0.183350 | Corr: 0.102127 | LR: 5.00e-05
2026-03-05 20:46:05,730 - INFO -   ↳ Saved best model (val_corr=0.102127)
2026-03-05 20:46:08,872 - INFO - Epoch  50/50 | Train: 0.178477 | Val: 0.183401 | Corr: 0.102516 | LR: 5.00e-05
2026-03-05 20:46:08,885 - INFO -   ↳ Saved best model (val_corr=0.102516)
2026-03-05 20:46:08,885 - INFO - Training complete — best val corr: 0.102516
2026-03-05 20:46:10,101 - INFO - Test loss: 0.172402, Test corr: 0.104547
2026-03-05 20:46:10,346 - INFO - Fraction of variance explained (FVE): 0.006424
2026-03-05 20:46:10,346 - INFO - Computing autoregressive (AR) test predictions …
2026-03-05 20:46:10,739 - INFO - AR FVE: 0.006897, AR test corr: 0.105341
2026-03-05 20:46:10,739 - INFO - Generating figures …
2026-03-05 20:46:11,238 - INFO - Correlation between predicted and actual per-neuron averages: r=0.9946, p=0.00e+00
2026-03-05 20:46:12,934 - INFO - Pattern selectivity summary:
2026-03-05 20:46:12,934 - INFO -   Mean correlation across neurons: 0.3629
2026-03-05 20:46:12,934 - INFO -   Median correlation: 0.4092
2026-03-05 20:46:12,934 - INFO -   Neurons with r > 0.5: 21 / 63
2026-03-05 20:46:12,934 - INFO -   Neurons with r > 0.3: 43 / 63
2026-03-05 20:46:12,935 - INFO - Pattern selectivity — mean neuron corr: 0.3629
2026-03-05 20:46:14,293 - INFO - LOO (avg rate) — Model mean r: 0.2580, LOO mean r: 0.4546, Neurons model > LOO: 5/63
2026-03-05 20:46:16,083 - INFO - LOO (temporal) — Model mean r: 0.1075, LOO mean r: 0.3186, Neurons model > LOO: 0/63
2026-03-05 20:46:16,083 - INFO - Skipping oracle trial plots (skip_oracle_plots=True)
2026-03-05 20:46:16,091 - INFO - Experiment complete. Summary: {
  "run_dir": "/scratch/sb272/patterns5k_results/slurm_hist_cnn_2026-03-05_16-01-45/trial_0210_learning_rate=1.0e-04_history=20_kernel_sizes=3x3_conv_channels=64x128_fc_dims=128_seed0",
  "model_type": "cnn",
  "batch_avg_test_loss": 0.17240202808380126,
  "batch_avg_test_corr": 0.10454695579139638,
  "all_test_fve": 0.006424257679591103,
  "AR_FVE": 0.006897371912759448,
  "AR_test_correlation": 0.10534124076366425,
  "best_val_corr": 0.10251575211342313,
  "total_params": 69951,
  "trainable_params": 69951,
  "epochs_trained": 50,
  "mean_pattern_corr": 0.36285818008264215,
  "history": 20,
  "init_state": true,
  "loo_avg_mean_corr": 0.45456832695830385,
  "model_avg_mean_corr": 0.2580182234307051,
  "neurons_model_beats_loo_avg": 5,
  "loo_temporal_mean_corr": 0.31855225563049316,
  "all_test_corr": 0.10746318101882935,
  "neurons_model_beats_loo_temporal": 0,
  "kernel_sizes": [
    3,
    3
  ],
  "conv_channels": [
    64,
    128
  ],
  "fc_dims": [
    128
  ]
}
