2026-03-06 00:23:24,758 - INFO - ============================================================
2026-03-06 00:23:24,758 - INFO - Experiment run directory: /scratch/sb272/patterns5k_results/slurm_hist_cnn_2026-03-05_16-01-45/trial_0413_learning_rate=5.0e-04_history=5_kernel_sizes=5x3x3_conv_channels=64x128x256_fc_dims=256_seed0
2026-03-06 00:23:24,758 - INFO - ============================================================
2026-03-06 00:23:24,758 - INFO - Loading data …
2026-03-06 00:23:25,861 - INFO - 63 unique neurons after dropping problematic neurons
2026-03-06 00:23:27,351 - INFO - Stimulation channels: 42, Spiking neurons: 63
2026-03-06 00:26:03,225 - INFO - Unique patterns: 4050, Total trials: 5000
2026-03-06 00:26:03,226 - INFO - Stimulation channels: 42, Spiking neurons: 63
2026-03-06 00:26:03,226 - INFO - Unique patterns: 4050, Total trials: 5000
2026-03-06 00:26:03,248 - INFO - Split (oracle): train=3400, val=600, test=1000
2026-03-06 00:26:35,870 - INFO - BinnedStimSpikeDataset initialized:
2026-03-06 00:26:35,870 - INFO -   input_bin_size_ms=10, output_bin_size_ms=10
2026-03-06 00:26:35,870 - INFO -   n_input_bins=60, n_output_bins=60
2026-03-06 00:26:35,870 - INFO -   output_offset=0, total_bins_input=60, total_bins_output=60
2026-03-06 00:26:35,870 - INFO -   Valid start positions per trial: 0 to 0
2026-03-06 00:26:35,870 - INFO -   Total samples: 3400 (3400 trials × 1 positions)
2026-03-06 00:27:07,889 - INFO - BinnedStimSpikeDataset initialized:
2026-03-06 00:27:07,890 - INFO -   input_bin_size_ms=10, output_bin_size_ms=10
2026-03-06 00:27:07,890 - INFO -   n_input_bins=60, n_output_bins=60
2026-03-06 00:27:07,890 - INFO -   output_offset=0, total_bins_input=60, total_bins_output=60
2026-03-06 00:27:07,890 - INFO -   Valid start positions per trial: 0 to 0
2026-03-06 00:27:07,890 - INFO -   Total samples: 600 (600 trials × 1 positions)
2026-03-06 00:27:39,515 - INFO - BinnedStimSpikeDataset initialized:
2026-03-06 00:27:39,515 - INFO -   input_bin_size_ms=10, output_bin_size_ms=10
2026-03-06 00:27:39,515 - INFO -   n_input_bins=60, n_output_bins=60
2026-03-06 00:27:39,515 - INFO -   output_offset=0, total_bins_input=60, total_bins_output=60
2026-03-06 00:27:39,515 - INFO -   Valid start positions per trial: 0 to 0
2026-03-06 00:27:39,515 - INFO -   Total samples: 1000 (1000 trials × 1 positions)
2026-03-06 00:27:39,516 - INFO - Samples — train: 3400, val: 600, test: 1000
2026-03-06 00:27:39,516 - INFO - Input channels: 105, Neurons: 63
2026-03-06 00:27:39,520 - INFO - Using CPU
2026-03-06 00:27:39,527 - INFO - Model: CNN — 239,807 trainable params (239,807 total)
2026-03-06 00:27:43,383 - INFO - Starting training …
2026-03-06 00:27:56,944 - INFO - Epoch   1/50 | Train: 0.230702 | Val: 0.186990 | Corr: 0.075716 | LR: 5.00e-04
2026-03-06 00:27:56,961 - INFO -   ↳ Saved best model (val_corr=0.075716)
2026-03-06 00:28:06,966 - INFO - Epoch   2/50 | Train: 0.183653 | Val: 0.183491 | Corr: 0.085319 | LR: 5.00e-04
2026-03-06 00:28:06,986 - INFO -   ↳ Saved best model (val_corr=0.085319)
2026-03-06 00:28:17,183 - INFO - Epoch   3/50 | Train: 0.181769 | Val: 0.182090 | Corr: 0.097059 | LR: 5.00e-04
2026-03-06 00:28:17,198 - INFO -   ↳ Saved best model (val_corr=0.097059)
2026-03-06 00:28:28,060 - INFO - Epoch   4/50 | Train: 0.180324 | Val: 0.181317 | Corr: 0.103116 | LR: 5.00e-04
2026-03-06 00:28:28,075 - INFO -   ↳ Saved best model (val_corr=0.103116)
2026-03-06 00:28:40,275 - INFO - Epoch   5/50 | Train: 0.179280 | Val: 0.180960 | Corr: 0.110430 | LR: 5.00e-04
2026-03-06 00:28:40,287 - INFO -   ↳ Saved best model (val_corr=0.110430)
2026-03-06 00:28:51,126 - INFO - Epoch   6/50 | Train: 0.178354 | Val: 0.180677 | Corr: 0.113747 | LR: 5.00e-04
2026-03-06 00:28:51,140 - INFO -   ↳ Saved best model (val_corr=0.113747)
2026-03-06 00:29:01,259 - INFO - Epoch   7/50 | Train: 0.177590 | Val: 0.179502 | Corr: 0.121082 | LR: 5.00e-04
2026-03-06 00:29:01,274 - INFO -   ↳ Saved best model (val_corr=0.121082)
2026-03-06 00:29:11,474 - INFO - Epoch   8/50 | Train: 0.177032 | Val: 0.179425 | Corr: 0.123710 | LR: 5.00e-04
2026-03-06 00:29:11,489 - INFO -   ↳ Saved best model (val_corr=0.123710)
2026-03-06 00:29:23,051 - INFO - Epoch   9/50 | Train: 0.176390 | Val: 0.179086 | Corr: 0.127261 | LR: 5.00e-04
2026-03-06 00:29:23,066 - INFO -   ↳ Saved best model (val_corr=0.127261)
2026-03-06 00:29:35,272 - INFO - Epoch  10/50 | Train: 0.175920 | Val: 0.178789 | Corr: 0.129916 | LR: 5.00e-04
2026-03-06 00:29:35,285 - INFO -   ↳ Saved best model (val_corr=0.129916)
2026-03-06 00:29:45,393 - INFO - Epoch  11/50 | Train: 0.175525 | Val: 0.178484 | Corr: 0.132814 | LR: 5.00e-04
2026-03-06 00:29:45,406 - INFO -   ↳ Saved best model (val_corr=0.132814)
2026-03-06 00:29:55,521 - INFO - Epoch  12/50 | Train: 0.175027 | Val: 0.178208 | Corr: 0.136436 | LR: 5.00e-04
2026-03-06 00:29:55,533 - INFO -   ↳ Saved best model (val_corr=0.136436)
2026-03-06 00:30:05,765 - INFO - Epoch  13/50 | Train: 0.174658 | Val: 0.177775 | Corr: 0.137220 | LR: 5.00e-04
2026-03-06 00:30:05,811 - INFO -   ↳ Saved best model (val_corr=0.137220)
2026-03-06 00:30:18,009 - INFO - Epoch  14/50 | Train: 0.174325 | Val: 0.177812 | Corr: 0.140035 | LR: 5.00e-04
2026-03-06 00:30:18,021 - INFO -   ↳ Saved best model (val_corr=0.140035)
2026-03-06 00:30:29,496 - INFO - Epoch  15/50 | Train: 0.173931 | Val: 0.177388 | Corr: 0.142891 | LR: 5.00e-04
2026-03-06 00:30:29,512 - INFO -   ↳ Saved best model (val_corr=0.142891)
2026-03-06 00:30:39,554 - INFO - Epoch  16/50 | Train: 0.173614 | Val: 0.176976 | Corr: 0.145162 | LR: 5.00e-04
2026-03-06 00:30:39,567 - INFO -   ↳ Saved best model (val_corr=0.145162)
2026-03-06 00:30:49,683 - INFO - Epoch  17/50 | Train: 0.173198 | Val: 0.176997 | Corr: 0.145169 | LR: 5.00e-04
2026-03-06 00:30:49,698 - INFO -   ↳ Saved best model (val_corr=0.145169)
2026-03-06 00:31:00,612 - INFO - Epoch  18/50 | Train: 0.173138 | Val: 0.177337 | Corr: 0.146608 | LR: 5.00e-04
2026-03-06 00:31:00,627 - INFO -   ↳ Saved best model (val_corr=0.146608)
2026-03-06 00:31:12,848 - INFO - Epoch  19/50 | Train: 0.172937 | Val: 0.176920 | Corr: 0.148145 | LR: 5.00e-04
2026-03-06 00:31:12,865 - INFO -   ↳ Saved best model (val_corr=0.148145)
2026-03-06 00:31:23,671 - INFO - Epoch  20/50 | Train: 0.172472 | Val: 0.176826 | Corr: 0.148817 | LR: 5.00e-04
2026-03-06 00:31:23,684 - INFO -   ↳ Saved best model (val_corr=0.148817)
2026-03-06 00:31:33,785 - INFO - Epoch  21/50 | Train: 0.172309 | Val: 0.176441 | Corr: 0.151177 | LR: 5.00e-04
2026-03-06 00:31:33,799 - INFO -   ↳ Saved best model (val_corr=0.151177)
2026-03-06 00:31:44,029 - INFO - Epoch  22/50 | Train: 0.171961 | Val: 0.176334 | Corr: 0.152693 | LR: 5.00e-04
2026-03-06 00:31:44,041 - INFO -   ↳ Saved best model (val_corr=0.152693)
2026-03-06 00:31:55,695 - INFO - Epoch  23/50 | Train: 0.171779 | Val: 0.176177 | Corr: 0.153632 | LR: 5.00e-04
2026-03-06 00:31:55,712 - INFO -   ↳ Saved best model (val_corr=0.153632)
2026-03-06 00:32:07,884 - INFO - Epoch  24/50 | Train: 0.171673 | Val: 0.176116 | Corr: 0.154572 | LR: 5.00e-04
2026-03-06 00:32:07,898 - INFO -   ↳ Saved best model (val_corr=0.154572)
2026-03-06 00:32:17,754 - INFO - Epoch  25/50 | Train: 0.171433 | Val: 0.176158 | Corr: 0.155007 | LR: 5.00e-04
2026-03-06 00:32:17,770 - INFO -   ↳ Saved best model (val_corr=0.155007)
2026-03-06 00:32:27,826 - INFO - Epoch  26/50 | Train: 0.171183 | Val: 0.176020 | Corr: 0.156717 | LR: 5.00e-04
2026-03-06 00:32:27,839 - INFO -   ↳ Saved best model (val_corr=0.156717)
2026-03-06 00:32:38,092 - INFO - Epoch  27/50 | Train: 0.171066 | Val: 0.176366 | Corr: 0.154780 | LR: 5.00e-04
2026-03-06 00:32:50,340 - INFO - Epoch  28/50 | Train: 0.170907 | Val: 0.176085 | Corr: 0.156129 | LR: 5.00e-04
2026-03-06 00:33:01,841 - INFO - Epoch  29/50 | Train: 0.170773 | Val: 0.176593 | Corr: 0.156716 | LR: 5.00e-04
2026-03-06 00:33:11,787 - INFO - Epoch  30/50 | Train: 0.170659 | Val: 0.176297 | Corr: 0.156901 | LR: 5.00e-04
2026-03-06 00:33:11,800 - INFO -   ↳ Saved best model (val_corr=0.156901)
2026-03-06 00:33:21,960 - INFO - Epoch  31/50 | Train: 0.170419 | Val: 0.175977 | Corr: 0.157598 | LR: 5.00e-04
2026-03-06 00:33:21,977 - INFO -   ↳ Saved best model (val_corr=0.157598)
2026-03-06 00:33:32,960 - INFO - Epoch  32/50 | Train: 0.170261 | Val: 0.175881 | Corr: 0.158651 | LR: 5.00e-04
2026-03-06 00:33:32,972 - INFO -   ↳ Saved best model (val_corr=0.158651)
2026-03-06 00:33:45,112 - INFO - Epoch  33/50 | Train: 0.170167 | Val: 0.176022 | Corr: 0.159462 | LR: 5.00e-04
2026-03-06 00:33:45,125 - INFO -   ↳ Saved best model (val_corr=0.159462)
2026-03-06 00:33:55,823 - INFO - Epoch  34/50 | Train: 0.169909 | Val: 0.175630 | Corr: 0.160557 | LR: 5.00e-04
2026-03-06 00:33:55,835 - INFO -   ↳ Saved best model (val_corr=0.160557)
2026-03-06 00:34:05,917 - INFO - Epoch  35/50 | Train: 0.169922 | Val: 0.175827 | Corr: 0.160042 | LR: 5.00e-04
2026-03-06 00:34:16,129 - INFO - Epoch  36/50 | Train: 0.169813 | Val: 0.176830 | Corr: 0.159542 | LR: 5.00e-04
2026-03-06 00:34:27,747 - INFO - Epoch  37/50 | Train: 0.169614 | Val: 0.175755 | Corr: 0.161794 | LR: 5.00e-04
2026-03-06 00:34:27,762 - INFO -   ↳ Saved best model (val_corr=0.161794)
2026-03-06 00:34:39,864 - INFO - Epoch  38/50 | Train: 0.169478 | Val: 0.175619 | Corr: 0.161161 | LR: 5.00e-04
2026-03-06 00:34:50,064 - INFO - Epoch  39/50 | Train: 0.169407 | Val: 0.175697 | Corr: 0.162328 | LR: 5.00e-04
2026-03-06 00:34:50,078 - INFO -   ↳ Saved best model (val_corr=0.162328)
2026-03-06 00:35:00,168 - INFO - Epoch  40/50 | Train: 0.169318 | Val: 0.175487 | Corr: 0.162527 | LR: 5.00e-04
2026-03-06 00:35:00,181 - INFO -   ↳ Saved best model (val_corr=0.162527)
2026-03-06 00:35:10,384 - INFO - Epoch  41/50 | Train: 0.169103 | Val: 0.175332 | Corr: 0.162531 | LR: 5.00e-04
2026-03-06 00:35:10,396 - INFO -   ↳ Saved best model (val_corr=0.162531)
2026-03-06 00:35:22,531 - INFO - Epoch  42/50 | Train: 0.169040 | Val: 0.175438 | Corr: 0.162307 | LR: 5.00e-04
2026-03-06 00:35:33,923 - INFO - Epoch  43/50 | Train: 0.168923 | Val: 0.175512 | Corr: 0.162866 | LR: 5.00e-04
2026-03-06 00:35:33,939 - INFO -   ↳ Saved best model (val_corr=0.162866)
2026-03-06 00:35:43,981 - INFO - Epoch  44/50 | Train: 0.168863 | Val: 0.175834 | Corr: 0.162358 | LR: 5.00e-04
2026-03-06 00:35:54,156 - INFO - Epoch  45/50 | Train: 0.168862 | Val: 0.175321 | Corr: 0.164501 | LR: 5.00e-04
2026-03-06 00:35:54,171 - INFO -   ↳ Saved best model (val_corr=0.164501)
2026-03-06 00:36:05,077 - INFO - Epoch  46/50 | Train: 0.168645 | Val: 0.176463 | Corr: 0.162347 | LR: 5.00e-04
2026-03-06 00:36:17,140 - INFO - Epoch  47/50 | Train: 0.168576 | Val: 0.176054 | Corr: 0.162121 | LR: 2.50e-04
2026-03-06 00:36:27,961 - INFO - Epoch  48/50 | Train: 0.167983 | Val: 0.175525 | Corr: 0.164362 | LR: 2.50e-04
2026-03-06 00:36:38,038 - INFO - Epoch  49/50 | Train: 0.167867 | Val: 0.175400 | Corr: 0.164582 | LR: 2.50e-04
2026-03-06 00:36:38,053 - INFO -   ↳ Saved best model (val_corr=0.164582)
2026-03-06 00:36:48,260 - INFO - Epoch  50/50 | Train: 0.167796 | Val: 0.175535 | Corr: 0.164695 | LR: 2.50e-04
2026-03-06 00:36:48,274 - INFO -   ↳ Saved best model (val_corr=0.164695)
2026-03-06 00:36:48,274 - INFO - Training complete — best val corr: 0.164695
2026-03-06 00:36:50,496 - INFO - Test loss: 0.165273, Test corr: 0.152426
2026-03-06 00:36:51,369 - INFO - Fraction of variance explained (FVE): 0.028173
2026-03-06 00:36:51,369 - INFO - Computing autoregressive (AR) test predictions …
2026-03-06 00:36:52,600 - INFO - AR FVE: 0.014385, AR test corr: 0.115629
2026-03-06 00:36:52,600 - INFO - Generating figures …
2026-03-06 00:36:53,348 - INFO - Correlation between predicted and actual per-neuron averages: r=0.9911, p=0.00e+00
2026-03-06 00:36:56,774 - INFO - Pattern selectivity summary:
2026-03-06 00:36:56,774 - INFO -   Mean correlation across neurons: 0.5736
2026-03-06 00:36:56,774 - INFO -   Median correlation: 0.6084
2026-03-06 00:36:56,774 - INFO -   Neurons with r > 0.5: 45 / 63
2026-03-06 00:36:56,775 - INFO -   Neurons with r > 0.3: 59 / 63
2026-03-06 00:36:56,775 - INFO - Pattern selectivity — mean neuron corr: 0.5736
2026-03-06 00:36:59,722 - INFO - LOO (avg rate) — Model mean r: 0.4268, LOO mean r: 0.4546, Neurons model > LOO: 17/63
2026-03-06 00:37:04,968 - INFO - LOO (temporal) — Model mean r: 0.1596, LOO mean r: 0.3186, Neurons model > LOO: 2/63
2026-03-06 00:37:04,968 - INFO - Skipping oracle trial plots (skip_oracle_plots=True)
2026-03-06 00:37:04,974 - INFO - Experiment complete. Summary: {
  "run_dir": "/scratch/sb272/patterns5k_results/slurm_hist_cnn_2026-03-05_16-01-45/trial_0413_learning_rate=5.0e-04_history=5_kernel_sizes=5x3x3_conv_channels=64x128x256_fc_dims=256_seed0",
  "model_type": "cnn",
  "batch_avg_test_loss": 0.16527256667613982,
  "batch_avg_test_corr": 0.15242595730132463,
  "all_test_fve": 0.028172810872395832,
  "AR_FVE": 0.014385300023215157,
  "AR_test_correlation": 0.11562874168157578,
  "best_val_corr": 0.16469470584918824,
  "total_params": 239807,
  "trainable_params": 239807,
  "epochs_trained": 50,
  "mean_pattern_corr": 0.5736223473535473,
  "history": 5,
  "init_state": true,
  "loo_avg_mean_corr": 0.45456832695830385,
  "model_avg_mean_corr": 0.42683353712948124,
  "neurons_model_beats_loo_avg": 17,
  "loo_temporal_mean_corr": 0.31855225563049316,
  "all_test_corr": 0.15964479744434357,
  "neurons_model_beats_loo_temporal": 2,
  "kernel_sizes": [
    5,
    3,
    3
  ],
  "conv_channels": [
    64,
    128,
    256
  ],
  "fc_dims": [
    256
  ]
}
