2026-03-06 11:56:02,859 - INFO - ============================================================
2026-03-06 11:56:02,859 - INFO - Experiment run directory: /scratch/sb272/patterns5k_results/slurm_base_cnn_2026-03-06_09-50-40/trial_0055_learning_rate=5.0e-03_kernel_sizes=3x3x3_conv_channels=32x64x128_fc_dims=256_seed1
2026-03-06 11:56:02,859 - INFO - ============================================================
2026-03-06 11:56:02,859 - INFO - Loading data …
2026-03-06 11:56:03,675 - INFO - 63 unique neurons after dropping problematic neurons
2026-03-06 11:56:04,808 - INFO - Stimulation channels: 42, Spiking neurons: 63
2026-03-06 11:57:59,829 - INFO - Unique patterns: 4050, Total trials: 5000
2026-03-06 11:57:59,831 - INFO - Stimulation channels: 42, Spiking neurons: 63
2026-03-06 11:57:59,831 - INFO - Unique patterns: 4050, Total trials: 5000
2026-03-06 11:57:59,847 - INFO - Split (oracle): train=3400, val=600, test=1000
2026-03-06 11:58:23,637 - INFO - BinnedStimSpikeDataset initialized:
2026-03-06 11:58:23,638 - INFO -   input_bin_size_ms=10, output_bin_size_ms=10
2026-03-06 11:58:23,638 - INFO -   n_input_bins=60, n_output_bins=60
2026-03-06 11:58:23,638 - INFO -   output_offset=0, total_bins_input=60, total_bins_output=60
2026-03-06 11:58:23,638 - INFO -   Valid start positions per trial: 0 to 0
2026-03-06 11:58:23,638 - INFO -   Total samples: 3400 (3400 trials × 1 positions)
2026-03-06 11:58:46,800 - INFO - BinnedStimSpikeDataset initialized:
2026-03-06 11:58:46,801 - INFO -   input_bin_size_ms=10, output_bin_size_ms=10
2026-03-06 11:58:46,801 - INFO -   n_input_bins=60, n_output_bins=60
2026-03-06 11:58:46,801 - INFO -   output_offset=0, total_bins_input=60, total_bins_output=60
2026-03-06 11:58:46,801 - INFO -   Valid start positions per trial: 0 to 0
2026-03-06 11:58:46,801 - INFO -   Total samples: 600 (600 trials × 1 positions)
2026-03-06 11:59:10,032 - INFO - BinnedStimSpikeDataset initialized:
2026-03-06 11:59:10,032 - INFO -   input_bin_size_ms=10, output_bin_size_ms=10
2026-03-06 11:59:10,033 - INFO -   n_input_bins=60, n_output_bins=60
2026-03-06 11:59:10,033 - INFO -   output_offset=0, total_bins_input=60, total_bins_output=60
2026-03-06 11:59:10,033 - INFO -   Valid start positions per trial: 0 to 0
2026-03-06 11:59:10,033 - INFO -   Total samples: 1000 (1000 trials × 1 positions)
2026-03-06 11:59:10,033 - INFO - Samples — train: 3400, val: 600, test: 1000
2026-03-06 11:59:10,033 - INFO - Input channels: 42, Neurons: 63
2026-03-06 11:59:10,039 - INFO - Using CPU
2026-03-06 11:59:10,054 - INFO - Model: CNN — 84,639 trainable params (84,639 total)
2026-03-06 11:59:14,644 - INFO - Starting training …
2026-03-06 11:59:19,377 - INFO - Epoch   1/50 | Train: 0.199054 | Val: 0.182983 | Corr: 0.070300 | LR: 5.00e-03
2026-03-06 11:59:19,405 - INFO -   ↳ Saved best model (val_corr=0.070300)
2026-03-06 11:59:23,079 - INFO - Epoch   2/50 | Train: 0.183241 | Val: 0.181176 | Corr: 0.095205 | LR: 5.00e-03
2026-03-06 11:59:23,125 - INFO -   ↳ Saved best model (val_corr=0.095205)
2026-03-06 11:59:26,841 - INFO - Epoch   3/50 | Train: 0.181744 | Val: 0.181123 | Corr: 0.101941 | LR: 5.00e-03
2026-03-06 11:59:26,855 - INFO -   ↳ Saved best model (val_corr=0.101941)
2026-03-06 11:59:30,568 - INFO - Epoch   4/50 | Train: 0.181145 | Val: 0.180157 | Corr: 0.109113 | LR: 5.00e-03
2026-03-06 11:59:30,578 - INFO -   ↳ Saved best model (val_corr=0.109113)
2026-03-06 11:59:34,296 - INFO - Epoch   5/50 | Train: 0.179982 | Val: 0.179439 | Corr: 0.114083 | LR: 5.00e-03
2026-03-06 11:59:34,307 - INFO -   ↳ Saved best model (val_corr=0.114083)
2026-03-06 11:59:38,012 - INFO - Epoch   6/50 | Train: 0.179553 | Val: 0.178765 | Corr: 0.119183 | LR: 5.00e-03
2026-03-06 11:59:38,025 - INFO -   ↳ Saved best model (val_corr=0.119183)
2026-03-06 11:59:41,758 - INFO - Epoch   7/50 | Train: 0.179244 | Val: 0.178841 | Corr: 0.121093 | LR: 5.00e-03
2026-03-06 11:59:41,782 - INFO -   ↳ Saved best model (val_corr=0.121093)
2026-03-06 11:59:45,556 - INFO - Epoch   8/50 | Train: 0.178861 | Val: 0.178111 | Corr: 0.125696 | LR: 5.00e-03
2026-03-06 11:59:45,566 - INFO -   ↳ Saved best model (val_corr=0.125696)
2026-03-06 11:59:49,256 - INFO - Epoch   9/50 | Train: 0.178673 | Val: 0.178031 | Corr: 0.126698 | LR: 5.00e-03
2026-03-06 11:59:49,269 - INFO -   ↳ Saved best model (val_corr=0.126698)
2026-03-06 11:59:52,980 - INFO - Epoch  10/50 | Train: 0.178537 | Val: 0.177885 | Corr: 0.129898 | LR: 5.00e-03
2026-03-06 11:59:52,990 - INFO -   ↳ Saved best model (val_corr=0.129898)
2026-03-06 11:59:56,762 - INFO - Epoch  11/50 | Train: 0.178296 | Val: 0.178464 | Corr: 0.130836 | LR: 5.00e-03
2026-03-06 11:59:56,772 - INFO -   ↳ Saved best model (val_corr=0.130836)
2026-03-06 12:00:00,636 - INFO - Epoch  12/50 | Train: 0.178116 | Val: 0.177706 | Corr: 0.132565 | LR: 5.00e-03
2026-03-06 12:00:00,650 - INFO -   ↳ Saved best model (val_corr=0.132565)
2026-03-06 12:00:04,352 - INFO - Epoch  13/50 | Train: 0.178037 | Val: 0.177841 | Corr: 0.133414 | LR: 5.00e-03
2026-03-06 12:00:04,362 - INFO -   ↳ Saved best model (val_corr=0.133414)
2026-03-06 12:00:08,135 - INFO - Epoch  14/50 | Train: 0.177905 | Val: 0.177501 | Corr: 0.133953 | LR: 5.00e-03
2026-03-06 12:00:08,150 - INFO -   ↳ Saved best model (val_corr=0.133953)
2026-03-06 12:00:12,064 - INFO - Epoch  15/50 | Train: 0.177653 | Val: 0.177543 | Corr: 0.135272 | LR: 5.00e-03
2026-03-06 12:00:12,078 - INFO -   ↳ Saved best model (val_corr=0.135272)
2026-03-06 12:00:15,913 - INFO - Epoch  16/50 | Train: 0.177603 | Val: 0.177277 | Corr: 0.136429 | LR: 5.00e-03
2026-03-06 12:00:15,926 - INFO -   ↳ Saved best model (val_corr=0.136429)
2026-03-06 12:00:19,621 - INFO - Epoch  17/50 | Train: 0.177559 | Val: 0.177488 | Corr: 0.137285 | LR: 5.00e-03
2026-03-06 12:00:19,660 - INFO -   ↳ Saved best model (val_corr=0.137285)
2026-03-06 12:00:23,501 - INFO - Epoch  18/50 | Train: 0.177488 | Val: 0.177112 | Corr: 0.137365 | LR: 5.00e-03
2026-03-06 12:00:23,512 - INFO -   ↳ Saved best model (val_corr=0.137365)
2026-03-06 12:00:27,283 - INFO - Epoch  19/50 | Train: 0.177390 | Val: 0.177240 | Corr: 0.138360 | LR: 5.00e-03
2026-03-06 12:00:27,293 - INFO -   ↳ Saved best model (val_corr=0.138360)
2026-03-06 12:00:31,033 - INFO - Epoch  20/50 | Train: 0.177197 | Val: 0.177110 | Corr: 0.138213 | LR: 5.00e-03
2026-03-06 12:00:34,830 - INFO - Epoch  21/50 | Train: 0.177202 | Val: 0.176851 | Corr: 0.138837 | LR: 5.00e-03
2026-03-06 12:00:34,842 - INFO -   ↳ Saved best model (val_corr=0.138837)
2026-03-06 12:00:38,539 - INFO - Epoch  22/50 | Train: 0.177078 | Val: 0.177091 | Corr: 0.138844 | LR: 5.00e-03
2026-03-06 12:00:38,552 - INFO -   ↳ Saved best model (val_corr=0.138844)
2026-03-06 12:00:42,274 - INFO - Epoch  23/50 | Train: 0.176930 | Val: 0.176720 | Corr: 0.140482 | LR: 5.00e-03
2026-03-06 12:00:42,290 - INFO -   ↳ Saved best model (val_corr=0.140482)
2026-03-06 12:00:46,113 - INFO - Epoch  24/50 | Train: 0.176981 | Val: 0.176685 | Corr: 0.140668 | LR: 5.00e-03
2026-03-06 12:00:46,120 - INFO -   ↳ Saved best model (val_corr=0.140668)
2026-03-06 12:00:49,884 - INFO - Epoch  25/50 | Train: 0.176902 | Val: 0.177046 | Corr: 0.139871 | LR: 5.00e-03
2026-03-06 12:00:53,650 - INFO - Epoch  26/50 | Train: 0.176854 | Val: 0.176742 | Corr: 0.140741 | LR: 5.00e-03
2026-03-06 12:00:53,660 - INFO -   ↳ Saved best model (val_corr=0.140741)
2026-03-06 12:00:57,370 - INFO - Epoch  27/50 | Train: 0.176707 | Val: 0.177006 | Corr: 0.138591 | LR: 5.00e-03
2026-03-06 12:01:01,138 - INFO - Epoch  28/50 | Train: 0.176646 | Val: 0.176841 | Corr: 0.140247 | LR: 5.00e-03
2026-03-06 12:01:04,954 - INFO - Epoch  29/50 | Train: 0.176567 | Val: 0.176660 | Corr: 0.140982 | LR: 5.00e-03
2026-03-06 12:01:04,964 - INFO -   ↳ Saved best model (val_corr=0.140982)
2026-03-06 12:01:08,913 - INFO - Epoch  30/50 | Train: 0.176546 | Val: 0.176853 | Corr: 0.140861 | LR: 5.00e-03
2026-03-06 12:01:12,781 - INFO - Epoch  31/50 | Train: 0.176556 | Val: 0.176726 | Corr: 0.141682 | LR: 5.00e-03
2026-03-06 12:01:12,792 - INFO -   ↳ Saved best model (val_corr=0.141682)
2026-03-06 12:01:16,650 - INFO - Epoch  32/50 | Train: 0.176477 | Val: 0.176647 | Corr: 0.141925 | LR: 5.00e-03
2026-03-06 12:01:16,666 - INFO -   ↳ Saved best model (val_corr=0.141925)
2026-03-06 12:01:20,469 - INFO - Epoch  33/50 | Train: 0.176411 | Val: 0.176588 | Corr: 0.141585 | LR: 5.00e-03
2026-03-06 12:01:24,294 - INFO - Epoch  34/50 | Train: 0.176461 | Val: 0.176431 | Corr: 0.142098 | LR: 5.00e-03
2026-03-06 12:01:24,307 - INFO -   ↳ Saved best model (val_corr=0.142098)
2026-03-06 12:01:28,142 - INFO - Epoch  35/50 | Train: 0.176313 | Val: 0.176462 | Corr: 0.141895 | LR: 5.00e-03
2026-03-06 12:01:32,005 - INFO - Epoch  36/50 | Train: 0.176223 | Val: 0.176467 | Corr: 0.142527 | LR: 5.00e-03
2026-03-06 12:01:32,017 - INFO -   ↳ Saved best model (val_corr=0.142527)
2026-03-06 12:01:35,819 - INFO - Epoch  37/50 | Train: 0.176195 | Val: 0.176595 | Corr: 0.142576 | LR: 5.00e-03
2026-03-06 12:01:35,830 - INFO -   ↳ Saved best model (val_corr=0.142576)
2026-03-06 12:01:39,626 - INFO - Epoch  38/50 | Train: 0.176229 | Val: 0.176465 | Corr: 0.142569 | LR: 5.00e-03
2026-03-06 12:01:43,412 - INFO - Epoch  39/50 | Train: 0.176151 | Val: 0.176658 | Corr: 0.142616 | LR: 5.00e-03
2026-03-06 12:01:43,423 - INFO -   ↳ Saved best model (val_corr=0.142616)
2026-03-06 12:01:47,210 - INFO - Epoch  40/50 | Train: 0.176087 | Val: 0.176411 | Corr: 0.143205 | LR: 5.00e-03
2026-03-06 12:01:47,221 - INFO -   ↳ Saved best model (val_corr=0.143205)
2026-03-06 12:01:51,000 - INFO - Epoch  41/50 | Train: 0.176012 | Val: 0.176366 | Corr: 0.143952 | LR: 5.00e-03
2026-03-06 12:01:51,010 - INFO -   ↳ Saved best model (val_corr=0.143952)
2026-03-06 12:01:54,836 - INFO - Epoch  42/50 | Train: 0.176097 | Val: 0.176469 | Corr: 0.143658 | LR: 5.00e-03
2026-03-06 12:01:58,663 - INFO - Epoch  43/50 | Train: 0.176020 | Val: 0.176904 | Corr: 0.143610 | LR: 5.00e-03
2026-03-06 12:02:02,738 - INFO - Epoch  44/50 | Train: 0.175983 | Val: 0.176517 | Corr: 0.143146 | LR: 5.00e-03
2026-03-06 12:02:06,580 - INFO - Epoch  45/50 | Train: 0.175963 | Val: 0.176265 | Corr: 0.144175 | LR: 5.00e-03
2026-03-06 12:02:06,592 - INFO -   ↳ Saved best model (val_corr=0.144175)
2026-03-06 12:02:10,414 - INFO - Epoch  46/50 | Train: 0.175896 | Val: 0.176544 | Corr: 0.143163 | LR: 5.00e-03
2026-03-06 12:02:14,257 - INFO - Epoch  47/50 | Train: 0.175872 | Val: 0.176486 | Corr: 0.143032 | LR: 5.00e-03
2026-03-06 12:02:18,082 - INFO - Epoch  48/50 | Train: 0.175761 | Val: 0.176450 | Corr: 0.142669 | LR: 5.00e-03
2026-03-06 12:02:21,807 - INFO - Epoch  49/50 | Train: 0.175825 | Val: 0.176608 | Corr: 0.142659 | LR: 5.00e-03
2026-03-06 12:02:25,616 - INFO - Epoch  50/50 | Train: 0.175804 | Val: 0.176486 | Corr: 0.143674 | LR: 5.00e-03
2026-03-06 12:02:25,616 - INFO - Training complete — best val corr: 0.144175
2026-03-06 12:02:26,915 - INFO - Test loss: 0.167995, Test corr: 0.136216
2026-03-06 12:02:27,190 - INFO - Fraction of variance explained (FVE): 0.022082
2026-03-06 12:02:27,190 - INFO - Generating figures …
2026-03-06 12:02:27,681 - INFO - Correlation between predicted and actual per-neuron averages: r=0.9871, p=0.00e+00
2026-03-06 12:02:29,479 - INFO - Pattern selectivity summary:
2026-03-06 12:02:29,479 - INFO -   Mean correlation across neurons: 0.5014
2026-03-06 12:02:29,479 - INFO -   Median correlation: 0.5694
2026-03-06 12:02:29,479 - INFO -   Neurons with r > 0.5: 36 / 63
2026-03-06 12:02:29,479 - INFO -   Neurons with r > 0.3: 52 / 63
2026-03-06 12:02:29,479 - INFO - Pattern selectivity — mean neuron corr: 0.5014
2026-03-06 12:02:30,885 - INFO - LOO (avg rate) — Model mean r: 0.2900, LOO mean r: 0.4546, Neurons model > LOO: 1/63
2026-03-06 12:02:32,789 - INFO - LOO (temporal) — Model mean r: 0.1370, LOO mean r: 0.3186, Neurons model > LOO: 0/63
2026-03-06 12:02:32,790 - INFO - Skipping oracle trial plots (skip_oracle_plots=True)
2026-03-06 12:02:32,798 - INFO - Experiment complete. Summary: {
  "run_dir": "/scratch/sb272/patterns5k_results/slurm_base_cnn_2026-03-06_09-50-40/trial_0055_learning_rate=5.0e-03_kernel_sizes=3x3x3_conv_channels=32x64x128_fc_dims=256_seed1",
  "model_type": "cnn",
  "batch_avg_test_loss": 0.16799495267868042,
  "batch_avg_test_corr": 0.136215987772155,
  "all_test_fve": 0.022082305143749904,
  "AR_FVE": NaN,
  "AR_test_correlation": NaN,
  "best_val_corr": 0.14417485920972012,
  "total_params": 84639,
  "trainable_params": 84639,
  "epochs_trained": 50,
  "mean_pattern_corr": 0.5014041506680698,
  "history": 0,
  "init_state": true,
  "loo_avg_mean_corr": 0.45456832695830385,
  "model_avg_mean_corr": 0.28999505213691346,
  "neurons_model_beats_loo_avg": 1,
  "loo_temporal_mean_corr": 0.31855225563049316,
  "all_test_corr": 0.13699844479560852,
  "neurons_model_beats_loo_temporal": 0,
  "kernel_sizes": [
    3,
    3,
    3
  ],
  "conv_channels": [
    32,
    64,
    128
  ],
  "fc_dims": [
    256
  ]
}
