2026-03-06 00:24:08,032 - INFO - ============================================================
2026-03-06 00:24:08,033 - INFO - Experiment run directory: /scratch/sb272/patterns5k_results/slurm_hist_cnn_2026-03-05_16-01-45/trial_0222_learning_rate=1.0e-04_history=20_kernel_sizes=3x3x3_conv_channels=128x128x128_fc_dims=512_seed1
2026-03-06 00:24:08,033 - INFO - ============================================================
2026-03-06 00:24:08,033 - INFO - Loading data …
2026-03-06 00:24:08,880 - INFO - 63 unique neurons after dropping problematic neurons
2026-03-06 00:24:10,018 - INFO - Stimulation channels: 42, Spiking neurons: 63
2026-03-06 00:26:12,614 - INFO - Unique patterns: 4050, Total trials: 5000
2026-03-06 00:26:12,615 - INFO - Stimulation channels: 42, Spiking neurons: 63
2026-03-06 00:26:12,615 - INFO - Unique patterns: 4050, Total trials: 5000
2026-03-06 00:26:12,632 - INFO - Split (oracle): train=3400, val=600, test=1000
2026-03-06 00:26:37,231 - INFO - BinnedStimSpikeDataset initialized:
2026-03-06 00:26:37,232 - INFO -   input_bin_size_ms=10, output_bin_size_ms=10
2026-03-06 00:26:37,232 - INFO -   n_input_bins=60, n_output_bins=60
2026-03-06 00:26:37,232 - INFO -   output_offset=0, total_bins_input=60, total_bins_output=60
2026-03-06 00:26:37,232 - INFO -   Valid start positions per trial: 0 to 0
2026-03-06 00:26:37,232 - INFO -   Total samples: 3400 (3400 trials × 1 positions)
2026-03-06 00:27:01,697 - INFO - BinnedStimSpikeDataset initialized:
2026-03-06 00:27:01,697 - INFO -   input_bin_size_ms=10, output_bin_size_ms=10
2026-03-06 00:27:01,697 - INFO -   n_input_bins=60, n_output_bins=60
2026-03-06 00:27:01,697 - INFO -   output_offset=0, total_bins_input=60, total_bins_output=60
2026-03-06 00:27:01,697 - INFO -   Valid start positions per trial: 0 to 0
2026-03-06 00:27:01,697 - INFO -   Total samples: 600 (600 trials × 1 positions)
2026-03-06 00:27:25,739 - INFO - BinnedStimSpikeDataset initialized:
2026-03-06 00:27:25,739 - INFO -   input_bin_size_ms=10, output_bin_size_ms=10
2026-03-06 00:27:25,739 - INFO -   n_input_bins=60, n_output_bins=60
2026-03-06 00:27:25,739 - INFO -   output_offset=0, total_bins_input=60, total_bins_output=60
2026-03-06 00:27:25,739 - INFO -   Valid start positions per trial: 0 to 0
2026-03-06 00:27:25,739 - INFO -   Total samples: 1000 (1000 trials × 1 positions)
2026-03-06 00:27:25,740 - INFO - Samples — train: 3400, val: 600, test: 1000
2026-03-06 00:27:25,740 - INFO - Input channels: 105, Neurons: 63
2026-03-06 00:27:25,758 - INFO - Using CPU
2026-03-06 00:27:25,763 - INFO - Model: CNN — 238,143 trainable params (238,143 total)
2026-03-06 00:27:29,030 - INFO - Starting training …
2026-03-06 00:27:36,559 - INFO - Epoch   1/50 | Train: 0.376318 | Val: 0.191322 | Corr: 0.063073 | LR: 1.00e-04
2026-03-06 00:27:36,572 - INFO -   ↳ Saved best model (val_corr=0.063073)
2026-03-06 00:27:42,793 - INFO - Epoch   2/50 | Train: 0.186621 | Val: 0.186601 | Corr: 0.072250 | LR: 1.00e-04
2026-03-06 00:27:42,803 - INFO -   ↳ Saved best model (val_corr=0.072250)
2026-03-06 00:27:49,542 - INFO - Epoch   3/50 | Train: 0.185094 | Val: 0.184232 | Corr: 0.077398 | LR: 1.00e-04
2026-03-06 00:27:49,555 - INFO -   ↳ Saved best model (val_corr=0.077398)
2026-03-06 00:27:55,949 - INFO - Epoch   4/50 | Train: 0.184224 | Val: 0.183711 | Corr: 0.080249 | LR: 1.00e-04
2026-03-06 00:27:55,961 - INFO -   ↳ Saved best model (val_corr=0.080249)
2026-03-06 00:28:02,361 - INFO - Epoch   5/50 | Train: 0.183658 | Val: 0.182537 | Corr: 0.082576 | LR: 1.00e-04
2026-03-06 00:28:02,378 - INFO -   ↳ Saved best model (val_corr=0.082576)
2026-03-06 00:28:08,906 - INFO - Epoch   6/50 | Train: 0.183217 | Val: 0.182430 | Corr: 0.084424 | LR: 1.00e-04
2026-03-06 00:28:08,919 - INFO -   ↳ Saved best model (val_corr=0.084424)
2026-03-06 00:28:15,301 - INFO - Epoch   7/50 | Train: 0.182830 | Val: 0.182240 | Corr: 0.087299 | LR: 1.00e-04
2026-03-06 00:28:15,311 - INFO -   ↳ Saved best model (val_corr=0.087299)
2026-03-06 00:28:21,812 - INFO - Epoch   8/50 | Train: 0.182506 | Val: 0.181805 | Corr: 0.091067 | LR: 1.00e-04
2026-03-06 00:28:21,825 - INFO -   ↳ Saved best model (val_corr=0.091067)
2026-03-06 00:28:27,843 - INFO - Epoch   9/50 | Train: 0.182052 | Val: 0.182032 | Corr: 0.092661 | LR: 1.00e-04
2026-03-06 00:28:27,856 - INFO -   ↳ Saved best model (val_corr=0.092661)
2026-03-06 00:28:34,533 - INFO - Epoch  10/50 | Train: 0.181733 | Val: 0.181646 | Corr: 0.095239 | LR: 1.00e-04
2026-03-06 00:28:34,543 - INFO -   ↳ Saved best model (val_corr=0.095239)
2026-03-06 00:28:41,077 - INFO - Epoch  11/50 | Train: 0.181375 | Val: 0.180700 | Corr: 0.098471 | LR: 1.00e-04
2026-03-06 00:28:41,088 - INFO -   ↳ Saved best model (val_corr=0.098471)
2026-03-06 00:28:47,382 - INFO - Epoch  12/50 | Train: 0.181004 | Val: 0.180434 | Corr: 0.100859 | LR: 1.00e-04
2026-03-06 00:28:47,396 - INFO -   ↳ Saved best model (val_corr=0.100859)
2026-03-06 00:28:53,958 - INFO - Epoch  13/50 | Train: 0.180780 | Val: 0.180820 | Corr: 0.102262 | LR: 1.00e-04
2026-03-06 00:28:53,969 - INFO -   ↳ Saved best model (val_corr=0.102262)
2026-03-06 00:29:00,290 - INFO - Epoch  14/50 | Train: 0.180435 | Val: 0.180318 | Corr: 0.104666 | LR: 1.00e-04
2026-03-06 00:29:00,301 - INFO -   ↳ Saved best model (val_corr=0.104666)
2026-03-06 00:29:06,791 - INFO - Epoch  15/50 | Train: 0.180165 | Val: 0.180328 | Corr: 0.107213 | LR: 1.00e-04
2026-03-06 00:29:06,803 - INFO -   ↳ Saved best model (val_corr=0.107213)
2026-03-06 00:29:12,898 - INFO - Epoch  16/50 | Train: 0.179920 | Val: 0.179882 | Corr: 0.108250 | LR: 1.00e-04
2026-03-06 00:29:12,910 - INFO -   ↳ Saved best model (val_corr=0.108250)
2026-03-06 00:29:19,142 - INFO - Epoch  17/50 | Train: 0.179587 | Val: 0.179879 | Corr: 0.110546 | LR: 1.00e-04
2026-03-06 00:29:19,155 - INFO -   ↳ Saved best model (val_corr=0.110546)
2026-03-06 00:29:26,067 - INFO - Epoch  18/50 | Train: 0.179400 | Val: 0.179572 | Corr: 0.111264 | LR: 1.00e-04
2026-03-06 00:29:26,079 - INFO -   ↳ Saved best model (val_corr=0.111264)
2026-03-06 00:29:32,491 - INFO - Epoch  19/50 | Train: 0.179119 | Val: 0.179177 | Corr: 0.113289 | LR: 1.00e-04
2026-03-06 00:29:32,503 - INFO -   ↳ Saved best model (val_corr=0.113289)
2026-03-06 00:29:39,135 - INFO - Epoch  20/50 | Train: 0.178883 | Val: 0.179392 | Corr: 0.114897 | LR: 1.00e-04
2026-03-06 00:29:39,148 - INFO -   ↳ Saved best model (val_corr=0.114897)
2026-03-06 00:29:45,494 - INFO - Epoch  21/50 | Train: 0.178640 | Val: 0.178990 | Corr: 0.116838 | LR: 1.00e-04
2026-03-06 00:29:45,505 - INFO -   ↳ Saved best model (val_corr=0.116838)
2026-03-06 00:29:51,744 - INFO - Epoch  22/50 | Train: 0.178408 | Val: 0.179040 | Corr: 0.117718 | LR: 1.00e-04
2026-03-06 00:29:51,757 - INFO -   ↳ Saved best model (val_corr=0.117718)
2026-03-06 00:29:58,370 - INFO - Epoch  23/50 | Train: 0.178186 | Val: 0.178702 | Corr: 0.119743 | LR: 1.00e-04
2026-03-06 00:29:58,383 - INFO -   ↳ Saved best model (val_corr=0.119743)
2026-03-06 00:30:04,787 - INFO - Epoch  24/50 | Train: 0.177911 | Val: 0.179200 | Corr: 0.120942 | LR: 1.00e-04
2026-03-06 00:30:04,812 - INFO -   ↳ Saved best model (val_corr=0.120942)
2026-03-06 00:30:11,409 - INFO - Epoch  25/50 | Train: 0.177748 | Val: 0.178777 | Corr: 0.122152 | LR: 1.00e-04
2026-03-06 00:30:11,422 - INFO -   ↳ Saved best model (val_corr=0.122152)
2026-03-06 00:30:17,785 - INFO - Epoch  26/50 | Train: 0.177560 | Val: 0.178745 | Corr: 0.123808 | LR: 1.00e-04
2026-03-06 00:30:17,796 - INFO -   ↳ Saved best model (val_corr=0.123808)
2026-03-06 00:30:24,090 - INFO - Epoch  27/50 | Train: 0.177329 | Val: 0.178658 | Corr: 0.124915 | LR: 1.00e-04
2026-03-06 00:30:24,101 - INFO -   ↳ Saved best model (val_corr=0.124915)
2026-03-06 00:30:30,372 - INFO - Epoch  28/50 | Train: 0.177124 | Val: 0.178136 | Corr: 0.126327 | LR: 1.00e-04
2026-03-06 00:30:30,383 - INFO -   ↳ Saved best model (val_corr=0.126327)
2026-03-06 00:30:36,613 - INFO - Epoch  29/50 | Train: 0.176979 | Val: 0.178260 | Corr: 0.128198 | LR: 1.00e-04
2026-03-06 00:30:36,624 - INFO -   ↳ Saved best model (val_corr=0.128198)
2026-03-06 00:30:42,769 - INFO - Epoch  30/50 | Train: 0.176848 | Val: 0.178118 | Corr: 0.127657 | LR: 1.00e-04
2026-03-06 00:30:49,077 - INFO - Epoch  31/50 | Train: 0.176638 | Val: 0.178003 | Corr: 0.129993 | LR: 1.00e-04
2026-03-06 00:30:49,088 - INFO -   ↳ Saved best model (val_corr=0.129993)
2026-03-06 00:30:55,425 - INFO - Epoch  32/50 | Train: 0.176490 | Val: 0.178688 | Corr: 0.130528 | LR: 1.00e-04
2026-03-06 00:30:55,436 - INFO -   ↳ Saved best model (val_corr=0.130528)
2026-03-06 00:31:01,730 - INFO - Epoch  33/50 | Train: 0.176280 | Val: 0.177935 | Corr: 0.130364 | LR: 1.00e-04
2026-03-06 00:31:08,929 - INFO - Epoch  34/50 | Train: 0.176169 | Val: 0.177790 | Corr: 0.131607 | LR: 1.00e-04
2026-03-06 00:31:08,941 - INFO -   ↳ Saved best model (val_corr=0.131607)
2026-03-06 00:31:16,140 - INFO - Epoch  35/50 | Train: 0.175973 | Val: 0.178057 | Corr: 0.132216 | LR: 1.00e-04
2026-03-06 00:31:16,158 - INFO -   ↳ Saved best model (val_corr=0.132216)
2026-03-06 00:31:23,290 - INFO - Epoch  36/50 | Train: 0.175828 | Val: 0.177575 | Corr: 0.133225 | LR: 1.00e-04
2026-03-06 00:31:23,302 - INFO -   ↳ Saved best model (val_corr=0.133225)
2026-03-06 00:31:30,333 - INFO - Epoch  37/50 | Train: 0.175697 | Val: 0.177401 | Corr: 0.133693 | LR: 1.00e-04
2026-03-06 00:31:30,345 - INFO -   ↳ Saved best model (val_corr=0.133693)
2026-03-06 00:31:37,460 - INFO - Epoch  38/50 | Train: 0.175631 | Val: 0.177863 | Corr: 0.133946 | LR: 1.00e-04
2026-03-06 00:31:37,474 - INFO -   ↳ Saved best model (val_corr=0.133946)
2026-03-06 00:31:44,618 - INFO - Epoch  39/50 | Train: 0.175554 | Val: 0.177488 | Corr: 0.134736 | LR: 1.00e-04
2026-03-06 00:31:44,628 - INFO -   ↳ Saved best model (val_corr=0.134736)
2026-03-06 00:31:51,891 - INFO - Epoch  40/50 | Train: 0.175288 | Val: 0.177560 | Corr: 0.134812 | LR: 1.00e-04
2026-03-06 00:31:51,904 - INFO -   ↳ Saved best model (val_corr=0.134812)
2026-03-06 00:31:58,954 - INFO - Epoch  41/50 | Train: 0.175219 | Val: 0.178111 | Corr: 0.135731 | LR: 1.00e-04
2026-03-06 00:31:58,966 - INFO -   ↳ Saved best model (val_corr=0.135731)
2026-03-06 00:32:05,947 - INFO - Epoch  42/50 | Train: 0.175089 | Val: 0.177251 | Corr: 0.135729 | LR: 1.00e-04
2026-03-06 00:32:12,893 - INFO - Epoch  43/50 | Train: 0.174932 | Val: 0.177619 | Corr: 0.135874 | LR: 1.00e-04
2026-03-06 00:32:12,905 - INFO -   ↳ Saved best model (val_corr=0.135874)
2026-03-06 00:32:20,044 - INFO - Epoch  44/50 | Train: 0.174910 | Val: 0.177831 | Corr: 0.136239 | LR: 1.00e-04
2026-03-06 00:32:20,056 - INFO -   ↳ Saved best model (val_corr=0.136239)
2026-03-06 00:32:27,177 - INFO - Epoch  45/50 | Train: 0.174765 | Val: 0.177328 | Corr: 0.135771 | LR: 1.00e-04
2026-03-06 00:32:34,299 - INFO - Epoch  46/50 | Train: 0.174719 | Val: 0.178158 | Corr: 0.137059 | LR: 1.00e-04
2026-03-06 00:32:34,313 - INFO -   ↳ Saved best model (val_corr=0.137059)
2026-03-06 00:32:41,442 - INFO - Epoch  47/50 | Train: 0.174506 | Val: 0.177480 | Corr: 0.137901 | LR: 1.00e-04
2026-03-06 00:32:41,454 - INFO -   ↳ Saved best model (val_corr=0.137901)
2026-03-06 00:32:48,754 - INFO - Epoch  48/50 | Train: 0.174448 | Val: 0.177179 | Corr: 0.137716 | LR: 1.00e-04
2026-03-06 00:32:55,836 - INFO - Epoch  49/50 | Train: 0.174303 | Val: 0.177261 | Corr: 0.138178 | LR: 1.00e-04
2026-03-06 00:32:55,848 - INFO -   ↳ Saved best model (val_corr=0.138178)
2026-03-06 00:33:02,037 - INFO - Epoch  50/50 | Train: 0.174238 | Val: 0.177689 | Corr: 0.138251 | LR: 1.00e-04
2026-03-06 00:33:02,048 - INFO -   ↳ Saved best model (val_corr=0.138251)
2026-03-06 00:33:02,049 - INFO - Training complete — best val corr: 0.138251
2026-03-06 00:33:03,651 - INFO - Test loss: 0.169520, Test corr: 0.128309
2026-03-06 00:33:04,171 - INFO - Fraction of variance explained (FVE): 0.015466
2026-03-06 00:33:04,171 - INFO - Computing autoregressive (AR) test predictions …
2026-03-06 00:33:04,892 - INFO - AR FVE: 0.014436, AR test corr: 0.122894
2026-03-06 00:33:04,892 - INFO - Generating figures …
2026-03-06 00:33:05,428 - INFO - Correlation between predicted and actual per-neuron averages: r=0.9913, p=0.00e+00
2026-03-06 00:33:07,629 - INFO - Pattern selectivity summary:
2026-03-06 00:33:07,630 - INFO -   Mean correlation across neurons: 0.5006
2026-03-06 00:33:07,630 - INFO -   Median correlation: 0.5138
2026-03-06 00:33:07,630 - INFO -   Neurons with r > 0.5: 33 / 63
2026-03-06 00:33:07,630 - INFO -   Neurons with r > 0.3: 55 / 63
2026-03-06 00:33:07,630 - INFO - Pattern selectivity — mean neuron corr: 0.5006
2026-03-06 00:33:09,470 - INFO - LOO (avg rate) — Model mean r: 0.3541, LOO mean r: 0.4546, Neurons model > LOO: 11/63
2026-03-06 00:33:11,813 - INFO - LOO (temporal) — Model mean r: 0.1337, LOO mean r: 0.3186, Neurons model > LOO: 1/63
2026-03-06 00:33:11,813 - INFO - Skipping oracle trial plots (skip_oracle_plots=True)
2026-03-06 00:33:11,818 - INFO - Experiment complete. Summary: {
  "run_dir": "/scratch/sb272/patterns5k_results/slurm_hist_cnn_2026-03-05_16-01-45/trial_0222_learning_rate=1.0e-04_history=20_kernel_sizes=3x3x3_conv_channels=128x128x128_fc_dims=512_seed1",
  "model_type": "cnn",
  "batch_avg_test_loss": 0.1695202441215515,
  "batch_avg_test_corr": 0.1283089432085313,
  "all_test_fve": 0.01546587830498105,
  "AR_FVE": 0.01443629226987324,
  "AR_test_correlation": 0.12289442867040634,
  "best_val_corr": 0.13825099004587352,
  "total_params": 238143,
  "trainable_params": 238143,
  "epochs_trained": 50,
  "mean_pattern_corr": 0.5005656312567821,
  "history": 20,
  "init_state": true,
  "loo_avg_mean_corr": 0.45456832695830385,
  "model_avg_mean_corr": 0.3540724964786016,
  "neurons_model_beats_loo_avg": 11,
  "loo_temporal_mean_corr": 0.31855225563049316,
  "all_test_corr": 0.13367998600006104,
  "neurons_model_beats_loo_temporal": 1,
  "kernel_sizes": [
    3,
    3,
    3
  ],
  "conv_channels": [
    128,
    128,
    128
  ],
  "fc_dims": [
    512
  ]
}
