2026-03-06 10:11:06,235 - INFO - ============================================================
2026-03-06 10:11:06,235 - INFO - Experiment run directory: /scratch/sb272/patterns5k_results/slurm_base_cnn_2026-03-06_09-50-40/trial_0051_learning_rate=1.0e-03_kernel_sizes=3x3x3_conv_channels=128x128x128_fc_dims=512_seed0
2026-03-06 10:11:06,235 - INFO - ============================================================
2026-03-06 10:11:06,235 - INFO - Loading data …
2026-03-06 10:11:07,053 - INFO - 63 unique neurons after dropping problematic neurons
2026-03-06 10:11:08,180 - INFO - Stimulation channels: 42, Spiking neurons: 63
2026-03-06 10:13:03,050 - INFO - Unique patterns: 4050, Total trials: 5000
2026-03-06 10:13:03,051 - INFO - Stimulation channels: 42, Spiking neurons: 63
2026-03-06 10:13:03,052 - INFO - Unique patterns: 4050, Total trials: 5000
2026-03-06 10:13:03,067 - INFO - Split (oracle): train=3400, val=600, test=1000
2026-03-06 10:13:26,944 - INFO - BinnedStimSpikeDataset initialized:
2026-03-06 10:13:26,945 - INFO -   input_bin_size_ms=10, output_bin_size_ms=10
2026-03-06 10:13:26,945 - INFO -   n_input_bins=60, n_output_bins=60
2026-03-06 10:13:26,945 - INFO -   output_offset=0, total_bins_input=60, total_bins_output=60
2026-03-06 10:13:26,946 - INFO -   Valid start positions per trial: 0 to 0
2026-03-06 10:13:26,946 - INFO -   Total samples: 3400 (3400 trials × 1 positions)
2026-03-06 10:13:50,297 - INFO - BinnedStimSpikeDataset initialized:
2026-03-06 10:13:50,297 - INFO -   input_bin_size_ms=10, output_bin_size_ms=10
2026-03-06 10:13:50,297 - INFO -   n_input_bins=60, n_output_bins=60
2026-03-06 10:13:50,297 - INFO -   output_offset=0, total_bins_input=60, total_bins_output=60
2026-03-06 10:13:50,297 - INFO -   Valid start positions per trial: 0 to 0
2026-03-06 10:13:50,297 - INFO -   Total samples: 600 (600 trials × 1 positions)
2026-03-06 10:14:13,673 - INFO - BinnedStimSpikeDataset initialized:
2026-03-06 10:14:13,673 - INFO -   input_bin_size_ms=10, output_bin_size_ms=10
2026-03-06 10:14:13,673 - INFO -   n_input_bins=60, n_output_bins=60
2026-03-06 10:14:13,673 - INFO -   output_offset=0, total_bins_input=60, total_bins_output=60
2026-03-06 10:14:13,673 - INFO -   Valid start positions per trial: 0 to 0
2026-03-06 10:14:13,673 - INFO -   Total samples: 1000 (1000 trials × 1 positions)
2026-03-06 10:14:13,673 - INFO - Samples — train: 3400, val: 600, test: 1000
2026-03-06 10:14:13,673 - INFO - Input channels: 42, Neurons: 63
2026-03-06 10:14:13,679 - INFO - Using CPU
2026-03-06 10:14:13,696 - INFO - Model: CNN — 213,951 trainable params (213,951 total)
2026-03-06 10:14:18,479 - INFO - Starting training …
2026-03-06 10:14:25,163 - INFO - Epoch   1/50 | Train: 0.206684 | Val: 0.184648 | Corr: 0.076418 | LR: 1.00e-03
2026-03-06 10:14:25,184 - INFO -   ↳ Saved best model (val_corr=0.076418)
2026-03-06 10:14:30,921 - INFO - Epoch   2/50 | Train: 0.182084 | Val: 0.183374 | Corr: 0.083764 | LR: 1.00e-03
2026-03-06 10:14:30,936 - INFO -   ↳ Saved best model (val_corr=0.083764)
2026-03-06 10:14:36,606 - INFO - Epoch   3/50 | Train: 0.180891 | Val: 0.182091 | Corr: 0.099317 | LR: 1.00e-03
2026-03-06 10:14:36,622 - INFO -   ↳ Saved best model (val_corr=0.099317)
2026-03-06 10:14:42,337 - INFO - Epoch   4/50 | Train: 0.180019 | Val: 0.182078 | Corr: 0.107086 | LR: 1.00e-03
2026-03-06 10:14:42,353 - INFO -   ↳ Saved best model (val_corr=0.107086)
2026-03-06 10:14:48,022 - INFO - Epoch   5/50 | Train: 0.179156 | Val: 0.181174 | Corr: 0.112914 | LR: 1.00e-03
2026-03-06 10:14:48,039 - INFO -   ↳ Saved best model (val_corr=0.112914)
2026-03-06 10:14:53,743 - INFO - Epoch   6/50 | Train: 0.178447 | Val: 0.180145 | Corr: 0.119285 | LR: 1.00e-03
2026-03-06 10:14:53,774 - INFO -   ↳ Saved best model (val_corr=0.119285)
2026-03-06 10:14:59,473 - INFO - Epoch   7/50 | Train: 0.177950 | Val: 0.180610 | Corr: 0.123588 | LR: 1.00e-03
2026-03-06 10:14:59,495 - INFO -   ↳ Saved best model (val_corr=0.123588)
2026-03-06 10:15:05,090 - INFO - Epoch   8/50 | Train: 0.177354 | Val: 0.179608 | Corr: 0.127017 | LR: 1.00e-03
2026-03-06 10:15:05,105 - INFO -   ↳ Saved best model (val_corr=0.127017)
2026-03-06 10:15:10,797 - INFO - Epoch   9/50 | Train: 0.177023 | Val: 0.179990 | Corr: 0.127690 | LR: 1.00e-03
2026-03-06 10:15:10,816 - INFO -   ↳ Saved best model (val_corr=0.127690)
2026-03-06 10:15:16,555 - INFO - Epoch  10/50 | Train: 0.176555 | Val: 0.179583 | Corr: 0.127614 | LR: 1.00e-03
2026-03-06 10:15:22,272 - INFO - Epoch  11/50 | Train: 0.176274 | Val: 0.179291 | Corr: 0.131131 | LR: 1.00e-03
2026-03-06 10:15:22,289 - INFO -   ↳ Saved best model (val_corr=0.131131)
2026-03-06 10:15:28,051 - INFO - Epoch  12/50 | Train: 0.175846 | Val: 0.178978 | Corr: 0.133555 | LR: 1.00e-03
2026-03-06 10:15:28,065 - INFO -   ↳ Saved best model (val_corr=0.133555)
2026-03-06 10:15:33,820 - INFO - Epoch  13/50 | Train: 0.175815 | Val: 0.179012 | Corr: 0.135590 | LR: 1.00e-03
2026-03-06 10:15:33,839 - INFO -   ↳ Saved best model (val_corr=0.135590)
2026-03-06 10:15:39,847 - INFO - Epoch  14/50 | Train: 0.175472 | Val: 0.178719 | Corr: 0.136528 | LR: 1.00e-03
2026-03-06 10:15:39,866 - INFO -   ↳ Saved best model (val_corr=0.136528)
2026-03-06 10:15:45,695 - INFO - Epoch  15/50 | Train: 0.175173 | Val: 0.179255 | Corr: 0.133249 | LR: 1.00e-03
2026-03-06 10:15:51,445 - INFO - Epoch  16/50 | Train: 0.175077 | Val: 0.178447 | Corr: 0.138404 | LR: 1.00e-03
2026-03-06 10:15:51,467 - INFO -   ↳ Saved best model (val_corr=0.138404)
2026-03-06 10:15:57,237 - INFO - Epoch  17/50 | Train: 0.174759 | Val: 0.178558 | Corr: 0.138076 | LR: 1.00e-03
2026-03-06 10:16:03,018 - INFO - Epoch  18/50 | Train: 0.174678 | Val: 0.178679 | Corr: 0.138404 | LR: 1.00e-03
2026-03-06 10:16:08,796 - INFO - Epoch  19/50 | Train: 0.174433 | Val: 0.178929 | Corr: 0.138198 | LR: 1.00e-03
2026-03-06 10:16:14,569 - INFO - Epoch  20/50 | Train: 0.174297 | Val: 0.178698 | Corr: 0.137941 | LR: 1.00e-03
2026-03-06 10:16:20,409 - INFO - Epoch  21/50 | Train: 0.174211 | Val: 0.178582 | Corr: 0.139889 | LR: 1.00e-03
2026-03-06 10:16:20,425 - INFO -   ↳ Saved best model (val_corr=0.139889)
2026-03-06 10:16:26,275 - INFO - Epoch  22/50 | Train: 0.174027 | Val: 0.178604 | Corr: 0.138494 | LR: 5.00e-04
2026-03-06 10:16:32,000 - INFO - Epoch  23/50 | Train: 0.173186 | Val: 0.178851 | Corr: 0.138836 | LR: 5.00e-04
2026-03-06 10:16:37,825 - INFO - Epoch  24/50 | Train: 0.173017 | Val: 0.178592 | Corr: 0.139674 | LR: 5.00e-04
2026-03-06 10:16:43,490 - INFO - Epoch  25/50 | Train: 0.172907 | Val: 0.178507 | Corr: 0.140219 | LR: 5.00e-04
2026-03-06 10:16:43,509 - INFO -   ↳ Saved best model (val_corr=0.140219)
2026-03-06 10:16:49,143 - INFO - Epoch  26/50 | Train: 0.172791 | Val: 0.178589 | Corr: 0.139956 | LR: 5.00e-04
2026-03-06 10:16:54,878 - INFO - Epoch  27/50 | Train: 0.172711 | Val: 0.179401 | Corr: 0.137400 | LR: 5.00e-04
2026-03-06 10:17:00,564 - INFO - Epoch  28/50 | Train: 0.172646 | Val: 0.178616 | Corr: 0.139721 | LR: 2.50e-04
2026-03-06 10:17:06,266 - INFO - Epoch  29/50 | Train: 0.172178 | Val: 0.178512 | Corr: 0.139860 | LR: 2.50e-04
2026-03-06 10:17:11,954 - INFO - Epoch  30/50 | Train: 0.172037 | Val: 0.178591 | Corr: 0.139807 | LR: 2.50e-04
2026-03-06 10:17:17,660 - INFO - Epoch  31/50 | Train: 0.172072 | Val: 0.178880 | Corr: 0.138567 | LR: 2.50e-04
2026-03-06 10:17:23,353 - INFO - Epoch  32/50 | Train: 0.171880 | Val: 0.179063 | Corr: 0.137974 | LR: 2.50e-04
2026-03-06 10:17:29,260 - INFO - Epoch  33/50 | Train: 0.171860 | Val: 0.178756 | Corr: 0.139515 | LR: 2.50e-04
2026-03-06 10:17:34,903 - INFO - Epoch  34/50 | Train: 0.171891 | Val: 0.178739 | Corr: 0.138972 | LR: 1.25e-04
2026-03-06 10:17:40,499 - INFO - Epoch  35/50 | Train: 0.171550 | Val: 0.178916 | Corr: 0.139140 | LR: 1.25e-04
2026-03-06 10:17:40,499 - INFO - Early stopping at epoch 35
2026-03-06 10:17:40,500 - INFO - Training complete — best val corr: 0.140219
2026-03-06 10:17:41,865 - INFO - Test loss: 0.168716, Test corr: 0.133980
2026-03-06 10:17:42,289 - INFO - Fraction of variance explained (FVE): 0.021193
2026-03-06 10:17:42,289 - INFO - Generating figures …
2026-03-06 10:17:42,767 - INFO - Correlation between predicted and actual per-neuron averages: r=0.9882, p=0.00e+00
2026-03-06 10:17:44,760 - INFO - Pattern selectivity summary:
2026-03-06 10:17:44,760 - INFO -   Mean correlation across neurons: 0.4936
2026-03-06 10:17:44,760 - INFO -   Median correlation: 0.5276
2026-03-06 10:17:44,760 - INFO -   Neurons with r > 0.5: 36 / 63
2026-03-06 10:17:44,760 - INFO -   Neurons with r > 0.3: 52 / 63
2026-03-06 10:17:44,761 - INFO - Pattern selectivity — mean neuron corr: 0.4936
2026-03-06 10:17:46,296 - INFO - LOO (avg rate) — Model mean r: 0.2881, LOO mean r: 0.4546, Neurons model > LOO: 0/63
2026-03-06 10:17:48,347 - INFO - LOO (temporal) — Model mean r: 0.1344, LOO mean r: 0.3186, Neurons model > LOO: 0/63
2026-03-06 10:17:48,348 - INFO - Skipping oracle trial plots (skip_oracle_plots=True)
2026-03-06 10:17:48,355 - INFO - Experiment complete. Summary: {
  "run_dir": "/scratch/sb272/patterns5k_results/slurm_base_cnn_2026-03-06_09-50-40/trial_0051_learning_rate=1.0e-03_kernel_sizes=3x3x3_conv_channels=128x128x128_fc_dims=512_seed0",
  "model_type": "cnn",
  "batch_avg_test_loss": 0.16871649885177611,
  "batch_avg_test_corr": 0.1339801677322046,
  "all_test_fve": 0.02119288368830605,
  "AR_FVE": NaN,
  "AR_test_correlation": NaN,
  "best_val_corr": 0.14021861832281787,
  "total_params": 213951,
  "trainable_params": 213951,
  "epochs_trained": 35,
  "mean_pattern_corr": 0.49361184305137684,
  "history": 0,
  "init_state": true,
  "loo_avg_mean_corr": 0.45456832695830385,
  "model_avg_mean_corr": 0.288116080028239,
  "neurons_model_beats_loo_avg": 0,
  "loo_temporal_mean_corr": 0.31855225563049316,
  "all_test_corr": 0.13441380858421326,
  "neurons_model_beats_loo_temporal": 0,
  "kernel_sizes": [
    3,
    3,
    3
  ],
  "conv_channels": [
    128,
    128,
    128
  ],
  "fc_dims": [
    512
  ]
}
