2026-03-04 02:26:44,185 - INFO - ============================================================
2026-03-04 02:26:44,185 - INFO - Experiment run directory: /scratch/sb272/patterns5k_results/slurm_hist_cnn_2026-03-03_15-13-01/trial_0295_learning_rate=1.0e-03_history=5_kernel_sizes=5_conv_channels=256_fc_dims=256_seed2
2026-03-04 02:26:44,185 - INFO - ============================================================
2026-03-04 02:26:44,185 - INFO - Loading data …
2026-03-04 02:26:45,094 - INFO - 63 unique neurons after dropping problematic neurons
2026-03-04 02:26:46,388 - INFO - Stimulation channels: 42, Spiking neurons: 63
2026-03-04 02:28:56,391 - INFO - Unique patterns: 4050, Total trials: 5000
2026-03-04 02:28:56,395 - INFO - Stimulation channels: 42, Spiking neurons: 63
2026-03-04 02:28:56,395 - INFO - Unique patterns: 4050, Total trials: 5000
2026-03-04 02:28:56,413 - INFO - Split (oracle): train=3400, val=600, test=1000
2026-03-04 02:29:22,729 - INFO - BinnedStimSpikeDataset initialized:
2026-03-04 02:29:22,730 - INFO -   input_bin_size_ms=10, output_bin_size_ms=10
2026-03-04 02:29:22,730 - INFO -   n_input_bins=60, n_output_bins=60
2026-03-04 02:29:22,730 - INFO -   output_offset=0, total_bins_input=60, total_bins_output=60
2026-03-04 02:29:22,730 - INFO -   Valid start positions per trial: 0 to 0
2026-03-04 02:29:22,730 - INFO -   Total samples: 3400 (3400 trials × 1 positions)
2026-03-04 02:29:48,092 - INFO - BinnedStimSpikeDataset initialized:
2026-03-04 02:29:48,092 - INFO -   input_bin_size_ms=10, output_bin_size_ms=10
2026-03-04 02:29:48,092 - INFO -   n_input_bins=60, n_output_bins=60
2026-03-04 02:29:48,092 - INFO -   output_offset=0, total_bins_input=60, total_bins_output=60
2026-03-04 02:29:48,092 - INFO -   Valid start positions per trial: 0 to 0
2026-03-04 02:29:48,092 - INFO -   Total samples: 600 (600 trials × 1 positions)
2026-03-04 02:30:13,922 - INFO - BinnedStimSpikeDataset initialized:
2026-03-04 02:30:13,922 - INFO -   input_bin_size_ms=10, output_bin_size_ms=10
2026-03-04 02:30:13,922 - INFO -   n_input_bins=60, n_output_bins=60
2026-03-04 02:30:13,922 - INFO -   output_offset=0, total_bins_input=60, total_bins_output=60
2026-03-04 02:30:13,922 - INFO -   Valid start positions per trial: 0 to 0
2026-03-04 02:30:13,922 - INFO -   Total samples: 1000 (1000 trials × 1 positions)
2026-03-04 02:30:13,922 - INFO - Samples — train: 3400, val: 600, test: 1000
2026-03-04 02:30:13,922 - INFO - Input channels: 105, Neurons: 63
2026-03-04 02:30:13,937 - INFO - Using CPU
2026-03-04 02:30:13,967 - INFO - Model: CNN — 217,151 trainable params (217,151 total)
2026-03-04 02:30:27,975 - INFO - Starting training …
2026-03-04 02:30:35,402 - INFO - Epoch   1/50 | Train: 0.220873 | Val: 0.185425 | Corr: 0.053505 | LR: 1.00e-03
2026-03-04 02:30:35,433 - INFO -   ↳ Saved best model (val_corr=0.053505)
2026-03-04 02:30:41,402 - INFO - Epoch   2/50 | Train: 0.185872 | Val: 0.183562 | Corr: 0.072375 | LR: 1.00e-03
2026-03-04 02:30:41,430 - INFO -   ↳ Saved best model (val_corr=0.072375)
2026-03-04 02:30:47,365 - INFO - Epoch   3/50 | Train: 0.183182 | Val: 0.182525 | Corr: 0.085558 | LR: 1.00e-03
2026-03-04 02:30:47,397 - INFO -   ↳ Saved best model (val_corr=0.085558)
2026-03-04 02:30:53,274 - INFO - Epoch   4/50 | Train: 0.181084 | Val: 0.180646 | Corr: 0.097543 | LR: 1.00e-03
2026-03-04 02:30:53,305 - INFO -   ↳ Saved best model (val_corr=0.097543)
2026-03-04 02:30:59,201 - INFO - Epoch   5/50 | Train: 0.179453 | Val: 0.179201 | Corr: 0.106210 | LR: 1.00e-03
2026-03-04 02:30:59,242 - INFO -   ↳ Saved best model (val_corr=0.106210)
2026-03-04 02:31:05,127 - INFO - Epoch   6/50 | Train: 0.178205 | Val: 0.178727 | Corr: 0.110764 | LR: 1.00e-03
2026-03-04 02:31:05,153 - INFO -   ↳ Saved best model (val_corr=0.110764)
2026-03-04 02:31:11,262 - INFO - Epoch   7/50 | Train: 0.177456 | Val: 0.178778 | Corr: 0.115521 | LR: 1.00e-03
2026-03-04 02:31:11,295 - INFO -   ↳ Saved best model (val_corr=0.115521)
2026-03-04 02:31:17,276 - INFO - Epoch   8/50 | Train: 0.176555 | Val: 0.177712 | Corr: 0.122107 | LR: 1.00e-03
2026-03-04 02:31:17,311 - INFO -   ↳ Saved best model (val_corr=0.122107)
2026-03-04 02:31:23,258 - INFO - Epoch   9/50 | Train: 0.175864 | Val: 0.177142 | Corr: 0.124020 | LR: 1.00e-03
2026-03-04 02:31:23,291 - INFO -   ↳ Saved best model (val_corr=0.124020)
2026-03-04 02:31:29,320 - INFO - Epoch  10/50 | Train: 0.175176 | Val: 0.176919 | Corr: 0.127370 | LR: 1.00e-03
2026-03-04 02:31:29,359 - INFO -   ↳ Saved best model (val_corr=0.127370)
2026-03-04 02:31:35,306 - INFO - Epoch  11/50 | Train: 0.174696 | Val: 0.177085 | Corr: 0.130355 | LR: 1.00e-03
2026-03-04 02:31:35,347 - INFO -   ↳ Saved best model (val_corr=0.130355)
2026-03-04 02:31:41,228 - INFO - Epoch  12/50 | Train: 0.174173 | Val: 0.176620 | Corr: 0.131378 | LR: 1.00e-03
2026-03-04 02:31:41,269 - INFO -   ↳ Saved best model (val_corr=0.131378)
2026-03-04 02:31:47,222 - INFO - Epoch  13/50 | Train: 0.173949 | Val: 0.178524 | Corr: 0.133675 | LR: 1.00e-03
2026-03-04 02:31:47,278 - INFO -   ↳ Saved best model (val_corr=0.133675)
2026-03-04 02:31:53,136 - INFO - Epoch  14/50 | Train: 0.173293 | Val: 0.176556 | Corr: 0.133371 | LR: 1.00e-03
2026-03-04 02:31:58,618 - INFO - Epoch  15/50 | Train: 0.172881 | Val: 0.176767 | Corr: 0.135695 | LR: 1.00e-03
2026-03-04 02:31:58,652 - INFO -   ↳ Saved best model (val_corr=0.135695)
2026-03-04 02:32:04,377 - INFO - Epoch  16/50 | Train: 0.172561 | Val: 0.176233 | Corr: 0.135707 | LR: 1.00e-03
2026-03-04 02:32:04,408 - INFO -   ↳ Saved best model (val_corr=0.135707)
2026-03-04 02:32:10,155 - INFO - Epoch  17/50 | Train: 0.172186 | Val: 0.177750 | Corr: 0.136923 | LR: 1.00e-03
2026-03-04 02:32:10,187 - INFO -   ↳ Saved best model (val_corr=0.136923)
2026-03-04 02:32:15,958 - INFO - Epoch  18/50 | Train: 0.171890 | Val: 0.176823 | Corr: 0.136889 | LR: 1.00e-03
2026-03-04 02:32:21,699 - INFO - Epoch  19/50 | Train: 0.171403 | Val: 0.176361 | Corr: 0.138013 | LR: 1.00e-03
2026-03-04 02:32:21,726 - INFO -   ↳ Saved best model (val_corr=0.138013)
2026-03-04 02:32:27,546 - INFO - Epoch  20/50 | Train: 0.170999 | Val: 0.176228 | Corr: 0.136880 | LR: 1.00e-03
2026-03-04 02:32:33,316 - INFO - Epoch  21/50 | Train: 0.170820 | Val: 0.176388 | Corr: 0.136837 | LR: 1.00e-03
2026-03-04 02:32:39,204 - INFO - Epoch  22/50 | Train: 0.170527 | Val: 0.176404 | Corr: 0.137480 | LR: 5.00e-04
2026-03-04 02:32:45,056 - INFO - Epoch  23/50 | Train: 0.169256 | Val: 0.176038 | Corr: 0.138656 | LR: 5.00e-04
2026-03-04 02:32:45,093 - INFO -   ↳ Saved best model (val_corr=0.138656)
2026-03-04 02:32:50,842 - INFO - Epoch  24/50 | Train: 0.168908 | Val: 0.176110 | Corr: 0.138428 | LR: 5.00e-04
2026-03-04 02:32:56,738 - INFO - Epoch  25/50 | Train: 0.168779 | Val: 0.176240 | Corr: 0.137875 | LR: 5.00e-04
2026-03-04 02:33:02,433 - INFO - Epoch  26/50 | Train: 0.168560 | Val: 0.176245 | Corr: 0.138334 | LR: 5.00e-04
2026-03-04 02:33:08,332 - INFO - Epoch  27/50 | Train: 0.168355 | Val: 0.176574 | Corr: 0.138188 | LR: 5.00e-04
2026-03-04 02:33:14,150 - INFO - Epoch  28/50 | Train: 0.168309 | Val: 0.176308 | Corr: 0.138313 | LR: 5.00e-04
2026-03-04 02:33:20,029 - INFO - Epoch  29/50 | Train: 0.168079 | Val: 0.176610 | Corr: 0.138653 | LR: 2.50e-04
2026-03-04 02:33:26,036 - INFO - Epoch  30/50 | Train: 0.167472 | Val: 0.176274 | Corr: 0.138274 | LR: 2.50e-04
2026-03-04 02:33:31,980 - INFO - Epoch  31/50 | Train: 0.167227 | Val: 0.176376 | Corr: 0.138891 | LR: 2.50e-04
2026-03-04 02:33:32,022 - INFO -   ↳ Saved best model (val_corr=0.138891)
2026-03-04 02:33:38,168 - INFO - Epoch  32/50 | Train: 0.167262 | Val: 0.176270 | Corr: 0.138515 | LR: 2.50e-04
2026-03-04 02:33:44,099 - INFO - Epoch  33/50 | Train: 0.167025 | Val: 0.176767 | Corr: 0.138568 | LR: 2.50e-04
2026-03-04 02:33:50,031 - INFO - Epoch  34/50 | Train: 0.167009 | Val: 0.176530 | Corr: 0.138449 | LR: 2.50e-04
2026-03-04 02:33:56,037 - INFO - Epoch  35/50 | Train: 0.166869 | Val: 0.176575 | Corr: 0.138166 | LR: 1.25e-04
2026-03-04 02:34:02,034 - INFO - Epoch  36/50 | Train: 0.166525 | Val: 0.176627 | Corr: 0.138596 | LR: 1.25e-04
2026-03-04 02:34:08,080 - INFO - Epoch  37/50 | Train: 0.166501 | Val: 0.176742 | Corr: 0.137979 | LR: 1.25e-04
2026-03-04 02:34:14,097 - INFO - Epoch  38/50 | Train: 0.166449 | Val: 0.176717 | Corr: 0.138125 | LR: 1.25e-04
2026-03-04 02:34:19,955 - INFO - Epoch  39/50 | Train: 0.166382 | Val: 0.176789 | Corr: 0.138556 | LR: 1.25e-04
2026-03-04 02:34:26,002 - INFO - Epoch  40/50 | Train: 0.166281 | Val: 0.176839 | Corr: 0.138508 | LR: 1.25e-04
2026-03-04 02:34:32,001 - INFO - Epoch  41/50 | Train: 0.166324 | Val: 0.176617 | Corr: 0.138241 | LR: 6.25e-05
2026-03-04 02:34:32,001 - INFO - Early stopping at epoch 41
2026-03-04 02:34:32,001 - INFO - Training complete — best val corr: 0.138891
2026-03-04 02:34:33,940 - INFO - Test loss: 0.167556, Test corr: 0.140955
2026-03-04 02:34:34,452 - INFO - Fraction of variance explained (FVE): 0.022872
2026-03-04 02:34:34,452 - INFO - Computing autoregressive (AR) test predictions …
2026-03-04 02:34:35,143 - INFO - AR FVE: 0.019761, AR test corr: 0.131004
2026-03-04 02:34:35,143 - INFO - Generating figures …
2026-03-04 02:34:36,006 - INFO - Correlation between predicted and actual per-neuron averages: r=0.9932, p=0.00e+00
2026-03-04 02:34:38,695 - INFO - Pattern selectivity summary:
2026-03-04 02:34:38,695 - INFO -   Mean correlation across neurons: 0.5860
2026-03-04 02:34:38,695 - INFO -   Median correlation: 0.6132
2026-03-04 02:34:38,695 - INFO -   Neurons with r > 0.5: 44 / 63
2026-03-04 02:34:38,695 - INFO -   Neurons with r > 0.3: 59 / 63
2026-03-04 02:34:38,695 - INFO - Pattern selectivity — mean neuron corr: 0.5860
2026-03-04 02:34:40,715 - INFO - LOO (avg rate) — Model mean r: 0.4344, LOO mean r: 0.4546, Neurons model > LOO: 17/63
2026-03-04 02:34:43,290 - INFO - LOO (temporal) — Model mean r: 0.1486, LOO mean r: 0.3186, Neurons model > LOO: 2/63
2026-03-04 02:34:43,291 - INFO - Skipping oracle trial plots (skip_oracle_plots=True)
2026-03-04 02:34:43,321 - INFO - Experiment complete. Summary: {
  "run_dir": "/scratch/sb272/patterns5k_results/slurm_hist_cnn_2026-03-03_15-13-01/trial_0295_learning_rate=1.0e-03_history=5_kernel_sizes=5_conv_channels=256_fc_dims=256_seed2",
  "model_type": "cnn",
  "batch_avg_test_loss": 0.16755630934238433,
  "batch_avg_test_corr": 0.140954545295615,
  "all_test_fve": 0.022872205764528305,
  "AR_FVE": 0.019760597319830032,
  "AR_test_correlation": 0.13100415468215942,
  "best_val_corr": 0.13889066358975716,
  "total_params": 217151,
  "trainable_params": 217151,
  "epochs_trained": 41,
  "mean_pattern_corr": 0.5860190527539717,
  "history": 5,
  "init_state": true,
  "loo_avg_mean_corr": 0.45456832695830385,
  "model_avg_mean_corr": 0.4343743449651937,
  "neurons_model_beats_loo_avg": 17,
  "loo_temporal_mean_corr": 0.31855225563049316,
  "all_test_corr": 0.1485571563243866,
  "neurons_model_beats_loo_temporal": 2,
  "kernel_sizes": [
    5
  ],
  "conv_channels": [
    256
  ],
  "fc_dims": [
    256
  ]
}
