2026-03-05 21:13:51,851 - INFO - ============================================================
2026-03-05 21:13:51,851 - INFO - Experiment run directory: /scratch/sb272/patterns5k_results/slurm_hist_cnn_2026-03-05_16-01-45/trial_0315_learning_rate=5.0e-04_history=2_kernel_sizes=3x3_conv_channels=64x128_fc_dims=128_seed0
2026-03-05 21:13:51,851 - INFO - ============================================================
2026-03-05 21:13:51,851 - INFO - Loading data …
2026-03-05 21:13:53,499 - INFO - 63 unique neurons after dropping problematic neurons
2026-03-05 21:13:54,500 - INFO - Stimulation channels: 42, Spiking neurons: 63
2026-03-05 21:15:18,230 - INFO - Unique patterns: 4050, Total trials: 5000
2026-03-05 21:15:18,231 - INFO - Stimulation channels: 42, Spiking neurons: 63
2026-03-05 21:15:18,231 - INFO - Unique patterns: 4050, Total trials: 5000
2026-03-05 21:15:18,243 - INFO - Split (oracle): train=3400, val=600, test=1000
2026-03-05 21:15:35,013 - INFO - BinnedStimSpikeDataset initialized:
2026-03-05 21:15:35,015 - INFO -   input_bin_size_ms=10, output_bin_size_ms=10
2026-03-05 21:15:35,015 - INFO -   n_input_bins=60, n_output_bins=60
2026-03-05 21:15:35,015 - INFO -   output_offset=0, total_bins_input=60, total_bins_output=60
2026-03-05 21:15:35,015 - INFO -   Valid start positions per trial: 0 to 0
2026-03-05 21:15:35,015 - INFO -   Total samples: 3400 (3400 trials × 1 positions)
2026-03-05 21:15:50,828 - INFO - BinnedStimSpikeDataset initialized:
2026-03-05 21:15:50,828 - INFO -   input_bin_size_ms=10, output_bin_size_ms=10
2026-03-05 21:15:50,828 - INFO -   n_input_bins=60, n_output_bins=60
2026-03-05 21:15:50,828 - INFO -   output_offset=0, total_bins_input=60, total_bins_output=60
2026-03-05 21:15:50,828 - INFO -   Valid start positions per trial: 0 to 0
2026-03-05 21:15:50,828 - INFO -   Total samples: 600 (600 trials × 1 positions)
2026-03-05 21:16:06,879 - INFO - BinnedStimSpikeDataset initialized:
2026-03-05 21:16:06,879 - INFO -   input_bin_size_ms=10, output_bin_size_ms=10
2026-03-05 21:16:06,879 - INFO -   n_input_bins=60, n_output_bins=60
2026-03-05 21:16:06,879 - INFO -   output_offset=0, total_bins_input=60, total_bins_output=60
2026-03-05 21:16:06,879 - INFO -   Valid start positions per trial: 0 to 0
2026-03-05 21:16:06,879 - INFO -   Total samples: 1000 (1000 trials × 1 positions)
2026-03-05 21:16:06,880 - INFO - Samples — train: 3400, val: 600, test: 1000
2026-03-05 21:16:06,880 - INFO - Input channels: 105, Neurons: 63
2026-03-05 21:16:06,902 - INFO - Using CPU
2026-03-05 21:16:06,918 - INFO - Model: CNN — 69,951 trainable params (69,951 total)
2026-03-05 21:16:13,825 - INFO - Starting training …
2026-03-05 21:16:17,929 - INFO - Epoch   1/50 | Train: 0.272675 | Val: 0.186006 | Corr: 0.118337 | LR: 5.00e-04
2026-03-05 21:16:17,947 - INFO -   ↳ Saved best model (val_corr=0.118337)
2026-03-05 21:16:20,686 - INFO - Epoch   2/50 | Train: 0.180708 | Val: 0.182741 | Corr: 0.134243 | LR: 5.00e-04
2026-03-05 21:16:20,696 - INFO -   ↳ Saved best model (val_corr=0.134243)
2026-03-05 21:16:23,486 - INFO - Epoch   3/50 | Train: 0.177630 | Val: 0.178500 | Corr: 0.148674 | LR: 5.00e-04
2026-03-05 21:16:23,500 - INFO -   ↳ Saved best model (val_corr=0.148674)
2026-03-05 21:16:26,297 - INFO - Epoch   4/50 | Train: 0.175432 | Val: 0.176756 | Corr: 0.157038 | LR: 5.00e-04
2026-03-05 21:16:26,315 - INFO -   ↳ Saved best model (val_corr=0.157038)
2026-03-05 21:16:29,128 - INFO - Epoch   5/50 | Train: 0.173936 | Val: 0.175627 | Corr: 0.166530 | LR: 5.00e-04
2026-03-05 21:16:29,143 - INFO -   ↳ Saved best model (val_corr=0.166530)
2026-03-05 21:16:31,875 - INFO - Epoch   6/50 | Train: 0.172847 | Val: 0.174318 | Corr: 0.172865 | LR: 5.00e-04
2026-03-05 21:16:31,890 - INFO -   ↳ Saved best model (val_corr=0.172865)
2026-03-05 21:16:34,624 - INFO - Epoch   7/50 | Train: 0.171857 | Val: 0.173688 | Corr: 0.179881 | LR: 5.00e-04
2026-03-05 21:16:34,634 - INFO -   ↳ Saved best model (val_corr=0.179881)
2026-03-05 21:16:37,299 - INFO - Epoch   8/50 | Train: 0.171091 | Val: 0.174468 | Corr: 0.183096 | LR: 5.00e-04
2026-03-05 21:16:37,314 - INFO -   ↳ Saved best model (val_corr=0.183096)
2026-03-05 21:16:39,950 - INFO - Epoch   9/50 | Train: 0.170329 | Val: 0.171989 | Corr: 0.190311 | LR: 5.00e-04
2026-03-05 21:16:39,963 - INFO -   ↳ Saved best model (val_corr=0.190311)
2026-03-05 21:16:42,636 - INFO - Epoch  10/50 | Train: 0.169690 | Val: 0.171535 | Corr: 0.194720 | LR: 5.00e-04
2026-03-05 21:16:42,647 - INFO -   ↳ Saved best model (val_corr=0.194720)
2026-03-05 21:16:45,257 - INFO - Epoch  11/50 | Train: 0.169118 | Val: 0.170362 | Corr: 0.198270 | LR: 5.00e-04
2026-03-05 21:16:45,274 - INFO -   ↳ Saved best model (val_corr=0.198270)
2026-03-05 21:16:47,888 - INFO - Epoch  12/50 | Train: 0.168685 | Val: 0.169752 | Corr: 0.200530 | LR: 5.00e-04
2026-03-05 21:16:47,898 - INFO -   ↳ Saved best model (val_corr=0.200530)
2026-03-05 21:16:50,599 - INFO - Epoch  13/50 | Train: 0.168317 | Val: 0.169226 | Corr: 0.204843 | LR: 5.00e-04
2026-03-05 21:16:50,612 - INFO -   ↳ Saved best model (val_corr=0.204843)
2026-03-05 21:16:53,313 - INFO - Epoch  14/50 | Train: 0.167890 | Val: 0.171050 | Corr: 0.205940 | LR: 5.00e-04
2026-03-05 21:16:53,323 - INFO -   ↳ Saved best model (val_corr=0.205940)
2026-03-05 21:16:55,944 - INFO - Epoch  15/50 | Train: 0.167550 | Val: 0.168734 | Corr: 0.210042 | LR: 5.00e-04
2026-03-05 21:16:55,958 - INFO -   ↳ Saved best model (val_corr=0.210042)
2026-03-05 21:16:58,636 - INFO - Epoch  16/50 | Train: 0.167261 | Val: 0.169051 | Corr: 0.212142 | LR: 5.00e-04
2026-03-05 21:16:58,646 - INFO -   ↳ Saved best model (val_corr=0.212142)
2026-03-05 21:17:01,311 - INFO - Epoch  17/50 | Train: 0.166924 | Val: 0.170770 | Corr: 0.214164 | LR: 5.00e-04
2026-03-05 21:17:01,330 - INFO -   ↳ Saved best model (val_corr=0.214164)
2026-03-05 21:17:04,042 - INFO - Epoch  18/50 | Train: 0.166706 | Val: 0.168872 | Corr: 0.218072 | LR: 5.00e-04
2026-03-05 21:17:04,056 - INFO -   ↳ Saved best model (val_corr=0.218072)
2026-03-05 21:17:06,757 - INFO - Epoch  19/50 | Train: 0.166516 | Val: 0.168718 | Corr: 0.218449 | LR: 5.00e-04
2026-03-05 21:17:06,771 - INFO -   ↳ Saved best model (val_corr=0.218449)
2026-03-05 21:17:09,462 - INFO - Epoch  20/50 | Train: 0.166239 | Val: 0.168372 | Corr: 0.220394 | LR: 5.00e-04
2026-03-05 21:17:09,474 - INFO -   ↳ Saved best model (val_corr=0.220394)
2026-03-05 21:17:12,129 - INFO - Epoch  21/50 | Train: 0.166001 | Val: 0.168677 | Corr: 0.222496 | LR: 5.00e-04
2026-03-05 21:17:12,142 - INFO -   ↳ Saved best model (val_corr=0.222496)
2026-03-05 21:17:14,799 - INFO - Epoch  22/50 | Train: 0.165860 | Val: 0.167181 | Corr: 0.224619 | LR: 5.00e-04
2026-03-05 21:17:14,808 - INFO -   ↳ Saved best model (val_corr=0.224619)
2026-03-05 21:17:17,488 - INFO - Epoch  23/50 | Train: 0.165623 | Val: 0.168165 | Corr: 0.221246 | LR: 5.00e-04
2026-03-05 21:17:20,156 - INFO - Epoch  24/50 | Train: 0.165545 | Val: 0.167896 | Corr: 0.226137 | LR: 5.00e-04
2026-03-05 21:17:20,171 - INFO -   ↳ Saved best model (val_corr=0.226137)
2026-03-05 21:17:22,923 - INFO - Epoch  25/50 | Train: 0.165396 | Val: 0.166439 | Corr: 0.229144 | LR: 5.00e-04
2026-03-05 21:17:22,936 - INFO -   ↳ Saved best model (val_corr=0.229144)
2026-03-05 21:17:25,647 - INFO - Epoch  26/50 | Train: 0.165176 | Val: 0.166352 | Corr: 0.229764 | LR: 5.00e-04
2026-03-05 21:17:25,657 - INFO -   ↳ Saved best model (val_corr=0.229764)
2026-03-05 21:17:28,413 - INFO - Epoch  27/50 | Train: 0.165093 | Val: 0.166334 | Corr: 0.231241 | LR: 5.00e-04
2026-03-05 21:17:28,428 - INFO -   ↳ Saved best model (val_corr=0.231241)
2026-03-05 21:17:31,081 - INFO - Epoch  28/50 | Train: 0.164907 | Val: 0.166242 | Corr: 0.231035 | LR: 5.00e-04
2026-03-05 21:17:33,750 - INFO - Epoch  29/50 | Train: 0.164809 | Val: 0.165942 | Corr: 0.233122 | LR: 5.00e-04
2026-03-05 21:17:33,759 - INFO -   ↳ Saved best model (val_corr=0.233122)
2026-03-05 21:17:36,445 - INFO - Epoch  30/50 | Train: 0.164757 | Val: 0.167021 | Corr: 0.232561 | LR: 5.00e-04
2026-03-05 21:17:39,057 - INFO - Epoch  31/50 | Train: 0.164581 | Val: 0.166129 | Corr: 0.234029 | LR: 5.00e-04
2026-03-05 21:17:39,077 - INFO -   ↳ Saved best model (val_corr=0.234029)
2026-03-05 21:17:41,675 - INFO - Epoch  32/50 | Train: 0.164498 | Val: 0.166009 | Corr: 0.234781 | LR: 5.00e-04
2026-03-05 21:17:41,686 - INFO -   ↳ Saved best model (val_corr=0.234781)
2026-03-05 21:17:44,238 - INFO - Epoch  33/50 | Train: 0.164450 | Val: 0.166242 | Corr: 0.234706 | LR: 5.00e-04
2026-03-05 21:17:46,886 - INFO - Epoch  34/50 | Train: 0.164273 | Val: 0.165961 | Corr: 0.236331 | LR: 5.00e-04
2026-03-05 21:17:46,894 - INFO -   ↳ Saved best model (val_corr=0.236331)
2026-03-05 21:17:49,488 - INFO - Epoch  35/50 | Train: 0.164212 | Val: 0.166637 | Corr: 0.236826 | LR: 2.50e-04
2026-03-05 21:17:49,497 - INFO -   ↳ Saved best model (val_corr=0.236826)
2026-03-05 21:17:52,092 - INFO - Epoch  36/50 | Train: 0.163840 | Val: 0.165173 | Corr: 0.239940 | LR: 2.50e-04
2026-03-05 21:17:52,107 - INFO -   ↳ Saved best model (val_corr=0.239940)
2026-03-05 21:17:54,684 - INFO - Epoch  37/50 | Train: 0.163762 | Val: 0.165591 | Corr: 0.239702 | LR: 2.50e-04
2026-03-05 21:17:57,259 - INFO - Epoch  38/50 | Train: 0.163690 | Val: 0.165483 | Corr: 0.239476 | LR: 2.50e-04
2026-03-05 21:17:59,803 - INFO - Epoch  39/50 | Train: 0.163638 | Val: 0.165220 | Corr: 0.240063 | LR: 2.50e-04
2026-03-05 21:17:59,811 - INFO -   ↳ Saved best model (val_corr=0.240063)
2026-03-05 21:18:02,346 - INFO - Epoch  40/50 | Train: 0.163698 | Val: 0.165214 | Corr: 0.240332 | LR: 2.50e-04
2026-03-05 21:18:02,355 - INFO -   ↳ Saved best model (val_corr=0.240332)
2026-03-05 21:18:04,937 - INFO - Epoch  41/50 | Train: 0.163607 | Val: 0.165647 | Corr: 0.240322 | LR: 2.50e-04
2026-03-05 21:18:07,503 - INFO - Epoch  42/50 | Train: 0.163614 | Val: 0.165642 | Corr: 0.240237 | LR: 1.25e-04
2026-03-05 21:18:10,082 - INFO - Epoch  43/50 | Train: 0.163407 | Val: 0.164970 | Corr: 0.242330 | LR: 1.25e-04
2026-03-05 21:18:10,093 - INFO -   ↳ Saved best model (val_corr=0.242330)
2026-03-05 21:18:12,649 - INFO - Epoch  44/50 | Train: 0.163415 | Val: 0.165112 | Corr: 0.241391 | LR: 1.25e-04
2026-03-05 21:18:15,228 - INFO - Epoch  45/50 | Train: 0.163348 | Val: 0.165157 | Corr: 0.241570 | LR: 1.25e-04
2026-03-05 21:18:17,829 - INFO - Epoch  46/50 | Train: 0.163289 | Val: 0.165310 | Corr: 0.241788 | LR: 1.25e-04
2026-03-05 21:18:20,422 - INFO - Epoch  47/50 | Train: 0.163263 | Val: 0.165305 | Corr: 0.241726 | LR: 1.25e-04
2026-03-05 21:18:22,971 - INFO - Epoch  48/50 | Train: 0.163161 | Val: 0.165416 | Corr: 0.240950 | LR: 1.25e-04
2026-03-05 21:18:25,473 - INFO - Epoch  49/50 | Train: 0.163262 | Val: 0.165790 | Corr: 0.240787 | LR: 6.25e-05
2026-03-05 21:18:27,983 - INFO - Epoch  50/50 | Train: 0.163133 | Val: 0.165023 | Corr: 0.242689 | LR: 6.25e-05
2026-03-05 21:18:27,997 - INFO -   ↳ Saved best model (val_corr=0.242689)
2026-03-05 21:18:27,997 - INFO - Training complete — best val corr: 0.242689
2026-03-05 21:18:29,241 - INFO - Test loss: 0.155072, Test corr: 0.234037
2026-03-05 21:18:29,451 - INFO - Fraction of variance explained (FVE): 0.068071
2026-03-05 21:18:29,451 - INFO - Computing autoregressive (AR) test predictions …
2026-03-05 21:18:29,770 - INFO - AR FVE: 0.004912, AR test corr: 0.103167
2026-03-05 21:18:29,770 - INFO - Generating figures …
2026-03-05 21:18:30,164 - INFO - Correlation between predicted and actual per-neuron averages: r=0.9955, p=0.00e+00
2026-03-05 21:18:31,888 - INFO - Pattern selectivity summary:
2026-03-05 21:18:31,888 - INFO -   Mean correlation across neurons: 0.7001
2026-03-05 21:18:31,888 - INFO -   Median correlation: 0.7271
2026-03-05 21:18:31,888 - INFO -   Neurons with r > 0.5: 56 / 63
2026-03-05 21:18:31,888 - INFO -   Neurons with r > 0.3: 61 / 63
2026-03-05 21:18:31,888 - INFO - Pattern selectivity — mean neuron corr: 0.7001
2026-03-05 21:18:33,301 - INFO - LOO (avg rate) — Model mean r: 0.5758, LOO mean r: 0.4546, Neurons model > LOO: 51/63
2026-03-05 21:18:35,294 - INFO - LOO (temporal) — Model mean r: 0.2437, LOO mean r: 0.3186, Neurons model > LOO: 8/63
2026-03-05 21:18:35,294 - INFO - Skipping oracle trial plots (skip_oracle_plots=True)
2026-03-05 21:18:35,300 - INFO - Experiment complete. Summary: {
  "run_dir": "/scratch/sb272/patterns5k_results/slurm_hist_cnn_2026-03-05_16-01-45/trial_0315_learning_rate=5.0e-04_history=2_kernel_sizes=3x3_conv_channels=64x128_fc_dims=128_seed0",
  "model_type": "cnn",
  "batch_avg_test_loss": 0.15507209396362304,
  "batch_avg_test_corr": 0.23403718123970574,
  "all_test_fve": 0.06807057062784831,
  "AR_FVE": 0.004912125685858348,
  "AR_test_correlation": 0.1031668558716774,
  "best_val_corr": 0.24268867980686074,
  "total_params": 69951,
  "trainable_params": 69951,
  "epochs_trained": 50,
  "mean_pattern_corr": 0.7001120718147439,
  "history": 2,
  "init_state": true,
  "loo_avg_mean_corr": 0.45456832695830385,
  "model_avg_mean_corr": 0.5757954084878156,
  "neurons_model_beats_loo_avg": 51,
  "loo_temporal_mean_corr": 0.31855225563049316,
  "all_test_corr": 0.2437100112438202,
  "neurons_model_beats_loo_temporal": 8,
  "kernel_sizes": [
    3,
    3
  ],
  "conv_channels": [
    64,
    128
  ],
  "fc_dims": [
    128
  ]
}
