2026-03-05 17:05:50,253 - INFO - ============================================================
2026-03-05 17:05:50,253 - INFO - Experiment run directory: /scratch/sb272/patterns5k_results/slurm_hist_cnn_2026-03-05_16-01-45/trial_0027_learning_rate=1.0e-04_history=2_kernel_sizes=3x3x3_conv_channels=128x128x128_fc_dims=512_seed1
2026-03-05 17:05:50,253 - INFO - ============================================================
2026-03-05 17:05:50,253 - INFO - Loading data …
2026-03-05 17:05:51,225 - INFO - 63 unique neurons after dropping problematic neurons
2026-03-05 17:05:52,511 - INFO - Stimulation channels: 42, Spiking neurons: 63
2026-03-05 17:08:04,099 - INFO - Unique patterns: 4050, Total trials: 5000
2026-03-05 17:08:04,100 - INFO - Stimulation channels: 42, Spiking neurons: 63
2026-03-05 17:08:04,100 - INFO - Unique patterns: 4050, Total trials: 5000
2026-03-05 17:08:04,117 - INFO - Split (oracle): train=3400, val=600, test=1000
2026-03-05 17:08:31,497 - INFO - BinnedStimSpikeDataset initialized:
2026-03-05 17:08:31,497 - INFO -   input_bin_size_ms=10, output_bin_size_ms=10
2026-03-05 17:08:31,497 - INFO -   n_input_bins=60, n_output_bins=60
2026-03-05 17:08:31,497 - INFO -   output_offset=0, total_bins_input=60, total_bins_output=60
2026-03-05 17:08:31,497 - INFO -   Valid start positions per trial: 0 to 0
2026-03-05 17:08:31,497 - INFO -   Total samples: 3400 (3400 trials × 1 positions)
2026-03-05 17:08:58,165 - INFO - BinnedStimSpikeDataset initialized:
2026-03-05 17:08:58,165 - INFO -   input_bin_size_ms=10, output_bin_size_ms=10
2026-03-05 17:08:58,165 - INFO -   n_input_bins=60, n_output_bins=60
2026-03-05 17:08:58,165 - INFO -   output_offset=0, total_bins_input=60, total_bins_output=60
2026-03-05 17:08:58,165 - INFO -   Valid start positions per trial: 0 to 0
2026-03-05 17:08:58,166 - INFO -   Total samples: 600 (600 trials × 1 positions)
2026-03-05 17:09:25,017 - INFO - BinnedStimSpikeDataset initialized:
2026-03-05 17:09:25,017 - INFO -   input_bin_size_ms=10, output_bin_size_ms=10
2026-03-05 17:09:25,018 - INFO -   n_input_bins=60, n_output_bins=60
2026-03-05 17:09:25,018 - INFO -   output_offset=0, total_bins_input=60, total_bins_output=60
2026-03-05 17:09:25,018 - INFO -   Valid start positions per trial: 0 to 0
2026-03-05 17:09:25,018 - INFO -   Total samples: 1000 (1000 trials × 1 positions)
2026-03-05 17:09:25,018 - INFO - Samples — train: 3400, val: 600, test: 1000
2026-03-05 17:09:25,018 - INFO - Input channels: 105, Neurons: 63
2026-03-05 17:09:25,036 - INFO - Using CPU
2026-03-05 17:09:25,041 - INFO - Model: CNN — 238,143 trainable params (238,143 total)
2026-03-05 17:09:29,868 - INFO - Starting training …
2026-03-05 17:09:38,423 - INFO - Epoch   1/50 | Train: 0.363604 | Val: 0.187656 | Corr: 0.084516 | LR: 1.00e-04
2026-03-05 17:09:38,436 - INFO -   ↳ Saved best model (val_corr=0.084516)
2026-03-05 17:09:46,043 - INFO - Epoch   2/50 | Train: 0.183035 | Val: 0.180344 | Corr: 0.116344 | LR: 1.00e-04
2026-03-05 17:09:46,056 - INFO -   ↳ Saved best model (val_corr=0.116344)
2026-03-05 17:09:53,656 - INFO - Epoch   3/50 | Train: 0.180037 | Val: 0.177547 | Corr: 0.128273 | LR: 1.00e-04
2026-03-05 17:09:53,668 - INFO -   ↳ Saved best model (val_corr=0.128273)
2026-03-05 17:10:01,247 - INFO - Epoch   4/50 | Train: 0.178216 | Val: 0.176311 | Corr: 0.137909 | LR: 1.00e-04
2026-03-05 17:10:01,258 - INFO -   ↳ Saved best model (val_corr=0.137909)
2026-03-05 17:10:08,849 - INFO - Epoch   5/50 | Train: 0.176987 | Val: 0.175157 | Corr: 0.144671 | LR: 1.00e-04
2026-03-05 17:10:08,862 - INFO -   ↳ Saved best model (val_corr=0.144671)
2026-03-05 17:10:16,398 - INFO - Epoch   6/50 | Train: 0.175893 | Val: 0.174573 | Corr: 0.148952 | LR: 1.00e-04
2026-03-05 17:10:16,410 - INFO -   ↳ Saved best model (val_corr=0.148952)
2026-03-05 17:10:23,959 - INFO - Epoch   7/50 | Train: 0.175001 | Val: 0.173759 | Corr: 0.154272 | LR: 1.00e-04
2026-03-05 17:10:23,971 - INFO -   ↳ Saved best model (val_corr=0.154272)
2026-03-05 17:10:31,520 - INFO - Epoch   8/50 | Train: 0.174185 | Val: 0.172733 | Corr: 0.159453 | LR: 1.00e-04
2026-03-05 17:10:31,534 - INFO -   ↳ Saved best model (val_corr=0.159453)
2026-03-05 17:10:39,106 - INFO - Epoch   9/50 | Train: 0.173527 | Val: 0.172123 | Corr: 0.163784 | LR: 1.00e-04
2026-03-05 17:10:39,122 - INFO -   ↳ Saved best model (val_corr=0.163784)
2026-03-05 17:10:46,663 - INFO - Epoch  10/50 | Train: 0.172944 | Val: 0.171771 | Corr: 0.165742 | LR: 1.00e-04
2026-03-05 17:10:46,685 - INFO -   ↳ Saved best model (val_corr=0.165742)
2026-03-05 17:10:54,215 - INFO - Epoch  11/50 | Train: 0.172265 | Val: 0.171361 | Corr: 0.169476 | LR: 1.00e-04
2026-03-05 17:10:54,227 - INFO -   ↳ Saved best model (val_corr=0.169476)
2026-03-05 17:11:01,708 - INFO - Epoch  12/50 | Train: 0.171720 | Val: 0.170524 | Corr: 0.173979 | LR: 1.00e-04
2026-03-05 17:11:01,720 - INFO -   ↳ Saved best model (val_corr=0.173979)
2026-03-05 17:11:09,239 - INFO - Epoch  13/50 | Train: 0.171204 | Val: 0.170646 | Corr: 0.175070 | LR: 1.00e-04
2026-03-05 17:11:09,252 - INFO -   ↳ Saved best model (val_corr=0.175070)
2026-03-05 17:11:16,746 - INFO - Epoch  14/50 | Train: 0.170819 | Val: 0.170107 | Corr: 0.177487 | LR: 1.00e-04
2026-03-05 17:11:16,759 - INFO -   ↳ Saved best model (val_corr=0.177487)
2026-03-05 17:11:24,258 - INFO - Epoch  15/50 | Train: 0.170475 | Val: 0.169684 | Corr: 0.181650 | LR: 1.00e-04
2026-03-05 17:11:24,270 - INFO -   ↳ Saved best model (val_corr=0.181650)
2026-03-05 17:11:31,767 - INFO - Epoch  16/50 | Train: 0.170037 | Val: 0.169394 | Corr: 0.184484 | LR: 1.00e-04
2026-03-05 17:11:31,781 - INFO -   ↳ Saved best model (val_corr=0.184484)
2026-03-05 17:11:39,322 - INFO - Epoch  17/50 | Train: 0.169620 | Val: 0.169096 | Corr: 0.186788 | LR: 1.00e-04
2026-03-05 17:11:39,338 - INFO -   ↳ Saved best model (val_corr=0.186788)
2026-03-05 17:11:46,766 - INFO - Epoch  18/50 | Train: 0.169280 | Val: 0.168815 | Corr: 0.189204 | LR: 1.00e-04
2026-03-05 17:11:46,779 - INFO -   ↳ Saved best model (val_corr=0.189204)
2026-03-05 17:11:54,214 - INFO - Epoch  19/50 | Train: 0.169019 | Val: 0.168644 | Corr: 0.190639 | LR: 1.00e-04
2026-03-05 17:11:54,230 - INFO -   ↳ Saved best model (val_corr=0.190639)
2026-03-05 17:12:01,658 - INFO - Epoch  20/50 | Train: 0.168602 | Val: 0.168106 | Corr: 0.193474 | LR: 1.00e-04
2026-03-05 17:12:01,670 - INFO -   ↳ Saved best model (val_corr=0.193474)
2026-03-05 17:12:09,110 - INFO - Epoch  21/50 | Train: 0.168352 | Val: 0.168004 | Corr: 0.196644 | LR: 1.00e-04
2026-03-05 17:12:09,125 - INFO -   ↳ Saved best model (val_corr=0.196644)
2026-03-05 17:12:16,646 - INFO - Epoch  22/50 | Train: 0.167983 | Val: 0.167840 | Corr: 0.199334 | LR: 1.00e-04
2026-03-05 17:12:16,659 - INFO -   ↳ Saved best model (val_corr=0.199334)
2026-03-05 17:12:24,154 - INFO - Epoch  23/50 | Train: 0.167702 | Val: 0.167207 | Corr: 0.201136 | LR: 1.00e-04
2026-03-05 17:12:24,168 - INFO -   ↳ Saved best model (val_corr=0.201136)
2026-03-05 17:12:31,683 - INFO - Epoch  24/50 | Train: 0.167388 | Val: 0.166709 | Corr: 0.203439 | LR: 1.00e-04
2026-03-05 17:12:31,696 - INFO -   ↳ Saved best model (val_corr=0.203439)
2026-03-05 17:12:39,216 - INFO - Epoch  25/50 | Train: 0.167127 | Val: 0.166985 | Corr: 0.204993 | LR: 1.00e-04
2026-03-05 17:12:39,230 - INFO -   ↳ Saved best model (val_corr=0.204993)
2026-03-05 17:12:46,745 - INFO - Epoch  26/50 | Train: 0.166875 | Val: 0.166937 | Corr: 0.206841 | LR: 1.00e-04
2026-03-05 17:12:46,758 - INFO -   ↳ Saved best model (val_corr=0.206841)
2026-03-05 17:12:54,210 - INFO - Epoch  27/50 | Train: 0.166618 | Val: 0.166409 | Corr: 0.208450 | LR: 1.00e-04
2026-03-05 17:12:54,223 - INFO -   ↳ Saved best model (val_corr=0.208450)
2026-03-05 17:13:01,676 - INFO - Epoch  28/50 | Train: 0.166376 | Val: 0.166362 | Corr: 0.210977 | LR: 1.00e-04
2026-03-05 17:13:01,708 - INFO -   ↳ Saved best model (val_corr=0.210977)
2026-03-05 17:13:09,178 - INFO - Epoch  29/50 | Train: 0.166032 | Val: 0.166165 | Corr: 0.212450 | LR: 1.00e-04
2026-03-05 17:13:09,190 - INFO -   ↳ Saved best model (val_corr=0.212450)
2026-03-05 17:13:16,680 - INFO - Epoch  30/50 | Train: 0.165920 | Val: 0.165920 | Corr: 0.214000 | LR: 1.00e-04
2026-03-05 17:13:16,691 - INFO -   ↳ Saved best model (val_corr=0.214000)
2026-03-05 17:13:24,172 - INFO - Epoch  31/50 | Train: 0.165613 | Val: 0.165960 | Corr: 0.215360 | LR: 1.00e-04
2026-03-05 17:13:24,191 - INFO -   ↳ Saved best model (val_corr=0.215360)
2026-03-05 17:13:31,676 - INFO - Epoch  32/50 | Train: 0.165478 | Val: 0.166605 | Corr: 0.215994 | LR: 1.00e-04
2026-03-05 17:13:31,688 - INFO -   ↳ Saved best model (val_corr=0.215994)
2026-03-05 17:13:39,177 - INFO - Epoch  33/50 | Train: 0.165276 | Val: 0.165712 | Corr: 0.219342 | LR: 1.00e-04
2026-03-05 17:13:39,189 - INFO -   ↳ Saved best model (val_corr=0.219342)
2026-03-05 17:13:46,727 - INFO - Epoch  34/50 | Train: 0.165111 | Val: 0.164968 | Corr: 0.220180 | LR: 1.00e-04
2026-03-05 17:13:46,743 - INFO -   ↳ Saved best model (val_corr=0.220180)
2026-03-05 17:13:54,280 - INFO - Epoch  35/50 | Train: 0.164858 | Val: 0.164790 | Corr: 0.222175 | LR: 1.00e-04
2026-03-05 17:13:54,301 - INFO -   ↳ Saved best model (val_corr=0.222175)
2026-03-05 17:14:01,832 - INFO - Epoch  36/50 | Train: 0.164565 | Val: 0.165099 | Corr: 0.223293 | LR: 1.00e-04
2026-03-05 17:14:01,844 - INFO -   ↳ Saved best model (val_corr=0.223293)
2026-03-05 17:14:09,398 - INFO - Epoch  37/50 | Train: 0.164530 | Val: 0.164910 | Corr: 0.224289 | LR: 1.00e-04
2026-03-05 17:14:09,409 - INFO -   ↳ Saved best model (val_corr=0.224289)
2026-03-05 17:14:16,951 - INFO - Epoch  38/50 | Train: 0.164358 | Val: 0.165011 | Corr: 0.225438 | LR: 1.00e-04
2026-03-05 17:14:16,964 - INFO -   ↳ Saved best model (val_corr=0.225438)
2026-03-05 17:14:24,468 - INFO - Epoch  39/50 | Train: 0.164233 | Val: 0.164347 | Corr: 0.227049 | LR: 1.00e-04
2026-03-05 17:14:24,484 - INFO -   ↳ Saved best model (val_corr=0.227049)
2026-03-05 17:14:31,996 - INFO - Epoch  40/50 | Train: 0.164001 | Val: 0.164192 | Corr: 0.228170 | LR: 1.00e-04
2026-03-05 17:14:32,011 - INFO -   ↳ Saved best model (val_corr=0.228170)
2026-03-05 17:14:39,518 - INFO - Epoch  41/50 | Train: 0.163856 | Val: 0.164224 | Corr: 0.229168 | LR: 1.00e-04
2026-03-05 17:14:39,530 - INFO -   ↳ Saved best model (val_corr=0.229168)
2026-03-05 17:14:47,037 - INFO - Epoch  42/50 | Train: 0.163716 | Val: 0.163931 | Corr: 0.230005 | LR: 1.00e-04
2026-03-05 17:14:47,050 - INFO -   ↳ Saved best model (val_corr=0.230005)
2026-03-05 17:14:54,512 - INFO - Epoch  43/50 | Train: 0.163512 | Val: 0.163690 | Corr: 0.230971 | LR: 1.00e-04
2026-03-05 17:14:54,557 - INFO -   ↳ Saved best model (val_corr=0.230971)
2026-03-05 17:15:02,014 - INFO - Epoch  44/50 | Train: 0.163428 | Val: 0.164171 | Corr: 0.231547 | LR: 1.00e-04
2026-03-05 17:15:02,027 - INFO -   ↳ Saved best model (val_corr=0.231547)
2026-03-05 17:15:09,509 - INFO - Epoch  45/50 | Train: 0.163348 | Val: 0.163709 | Corr: 0.233336 | LR: 1.00e-04
2026-03-05 17:15:09,521 - INFO -   ↳ Saved best model (val_corr=0.233336)
2026-03-05 17:15:17,002 - INFO - Epoch  46/50 | Train: 0.163215 | Val: 0.163503 | Corr: 0.233282 | LR: 1.00e-04
2026-03-05 17:15:24,501 - INFO - Epoch  47/50 | Train: 0.163109 | Val: 0.163901 | Corr: 0.234188 | LR: 1.00e-04
2026-03-05 17:15:24,514 - INFO -   ↳ Saved best model (val_corr=0.234188)
2026-03-05 17:15:31,989 - INFO - Epoch  48/50 | Train: 0.162899 | Val: 0.163394 | Corr: 0.235300 | LR: 1.00e-04
2026-03-05 17:15:32,004 - INFO -   ↳ Saved best model (val_corr=0.235300)
2026-03-05 17:15:39,451 - INFO - Epoch  49/50 | Train: 0.162746 | Val: 0.163794 | Corr: 0.235541 | LR: 1.00e-04
2026-03-05 17:15:39,463 - INFO -   ↳ Saved best model (val_corr=0.235541)
2026-03-05 17:15:46,918 - INFO - Epoch  50/50 | Train: 0.162707 | Val: 0.163138 | Corr: 0.236959 | LR: 1.00e-04
2026-03-05 17:15:46,955 - INFO -   ↳ Saved best model (val_corr=0.236959)
2026-03-05 17:15:46,955 - INFO - Training complete — best val corr: 0.236959
2026-03-05 17:15:48,645 - INFO - Test loss: 0.154504, Test corr: 0.229074
2026-03-05 17:15:49,223 - INFO - Fraction of variance explained (FVE): 0.064198
2026-03-05 17:15:49,223 - INFO - Computing autoregressive (AR) test predictions …
2026-03-05 17:15:49,974 - INFO - AR FVE: -0.005150, AR test corr: 0.073477
2026-03-05 17:15:49,974 - INFO - Generating figures …
2026-03-05 17:15:50,548 - INFO - Correlation between predicted and actual per-neuron averages: r=0.9962, p=0.00e+00
2026-03-05 17:15:52,808 - INFO - Pattern selectivity summary:
2026-03-05 17:15:52,809 - INFO -   Mean correlation across neurons: 0.6895
2026-03-05 17:15:52,809 - INFO -   Median correlation: 0.7023
2026-03-05 17:15:52,809 - INFO -   Neurons with r > 0.5: 56 / 63
2026-03-05 17:15:52,809 - INFO -   Neurons with r > 0.3: 62 / 63
2026-03-05 17:15:52,809 - INFO - Pattern selectivity — mean neuron corr: 0.6895
2026-03-05 17:15:54,638 - INFO - LOO (avg rate) — Model mean r: 0.5648, LOO mean r: 0.4546, Neurons model > LOO: 49/63
2026-03-05 17:15:57,118 - INFO - LOO (temporal) — Model mean r: 0.2385, LOO mean r: 0.3186, Neurons model > LOO: 9/63
2026-03-05 17:15:57,118 - INFO - Skipping oracle trial plots (skip_oracle_plots=True)
2026-03-05 17:15:57,124 - INFO - Experiment complete. Summary: {
  "run_dir": "/scratch/sb272/patterns5k_results/slurm_hist_cnn_2026-03-05_16-01-45/trial_0027_learning_rate=1.0e-04_history=2_kernel_sizes=3x3x3_conv_channels=128x128x128_fc_dims=512_seed1",
  "model_type": "cnn",
  "batch_avg_test_loss": 0.15450393533706666,
  "batch_avg_test_corr": 0.22907426417216073,
  "all_test_fve": 0.06419834541896033,
  "AR_FVE": -0.005150246241736034,
  "AR_test_correlation": 0.07347743958234787,
  "best_val_corr": 0.23695941874562115,
  "total_params": 238143,
  "trainable_params": 238143,
  "epochs_trained": 50,
  "mean_pattern_corr": 0.6894914601198647,
  "history": 2,
  "init_state": true,
  "loo_avg_mean_corr": 0.45456832695830385,
  "model_avg_mean_corr": 0.5648225527319061,
  "neurons_model_beats_loo_avg": 49,
  "loo_temporal_mean_corr": 0.31855225563049316,
  "all_test_corr": 0.2384808361530304,
  "neurons_model_beats_loo_temporal": 9,
  "kernel_sizes": [
    3,
    3,
    3
  ],
  "conv_channels": [
    128,
    128,
    128
  ],
  "fc_dims": [
    512
  ]
}
