2026-03-04 17:04:43,050 - INFO - ============================================================
2026-03-04 17:04:43,050 - INFO - Experiment run directory: /scratch/sb272/patterns5k_results/slurm_base_cnn_2026-03-04_16-53-19/trial_0130_learning_rate=1.0e-03_kernel_sizes=5x3x3_conv_channels=64x128x256_fc_dims=1024_seed1
2026-03-04 17:04:43,050 - INFO - ============================================================
2026-03-04 17:04:43,050 - INFO - Loading data …
2026-03-04 17:04:43,949 - INFO - 63 unique neurons after dropping problematic neurons
2026-03-04 17:04:45,143 - INFO - Stimulation channels: 42, Spiking neurons: 63
2026-03-04 17:06:44,791 - INFO - Unique patterns: 4050, Total trials: 5000
2026-03-04 17:06:44,792 - INFO - Stimulation channels: 42, Spiking neurons: 63
2026-03-04 17:06:44,792 - INFO - Unique patterns: 4050, Total trials: 5000
2026-03-04 17:06:44,808 - INFO - Split (oracle): train=3400, val=600, test=1000
2026-03-04 17:07:08,560 - INFO - BinnedStimSpikeDataset initialized:
2026-03-04 17:07:08,561 - INFO -   input_bin_size_ms=10, output_bin_size_ms=10
2026-03-04 17:07:08,561 - INFO -   n_input_bins=60, n_output_bins=60
2026-03-04 17:07:08,561 - INFO -   output_offset=0, total_bins_input=60, total_bins_output=60
2026-03-04 17:07:08,561 - INFO -   Valid start positions per trial: 0 to 0
2026-03-04 17:07:08,561 - INFO -   Total samples: 3400 (3400 trials × 1 positions)
2026-03-04 17:07:31,431 - INFO - BinnedStimSpikeDataset initialized:
2026-03-04 17:07:31,431 - INFO -   input_bin_size_ms=10, output_bin_size_ms=10
2026-03-04 17:07:31,431 - INFO -   n_input_bins=60, n_output_bins=60
2026-03-04 17:07:31,431 - INFO -   output_offset=0, total_bins_input=60, total_bins_output=60
2026-03-04 17:07:31,431 - INFO -   Valid start positions per trial: 0 to 0
2026-03-04 17:07:31,431 - INFO -   Total samples: 600 (600 trials × 1 positions)
2026-03-04 17:07:54,269 - INFO - BinnedStimSpikeDataset initialized:
2026-03-04 17:07:54,269 - INFO -   input_bin_size_ms=10, output_bin_size_ms=10
2026-03-04 17:07:54,269 - INFO -   n_input_bins=60, n_output_bins=60
2026-03-04 17:07:54,269 - INFO -   output_offset=0, total_bins_input=60, total_bins_output=60
2026-03-04 17:07:54,269 - INFO -   Valid start positions per trial: 0 to 0
2026-03-04 17:07:54,269 - INFO -   Total samples: 1000 (1000 trials × 1 positions)
2026-03-04 17:07:54,270 - INFO - Samples — train: 3400, val: 600, test: 1000
2026-03-04 17:07:54,270 - INFO - Input channels: 42, Neurons: 63
2026-03-04 17:07:54,289 - INFO - Using CPU
2026-03-04 17:07:54,296 - INFO - Model: CNN — 465,407 trainable params (465,407 total)
2026-03-04 17:07:57,600 - INFO - Starting training …
2026-03-04 17:08:07,256 - INFO - Epoch   1/50 | Train: 0.199129 | Val: 0.181769 | Corr: 0.084902 | LR: 1.00e-03
2026-03-04 17:08:07,280 - INFO -   ↳ Saved best model (val_corr=0.084902)
2026-03-04 17:08:16,156 - INFO - Epoch   2/50 | Train: 0.181975 | Val: 0.181184 | Corr: 0.096220 | LR: 1.00e-03
2026-03-04 17:08:16,172 - INFO -   ↳ Saved best model (val_corr=0.096220)
2026-03-04 17:08:24,952 - INFO - Epoch   3/50 | Train: 0.180723 | Val: 0.180504 | Corr: 0.104808 | LR: 1.00e-03
2026-03-04 17:08:24,971 - INFO -   ↳ Saved best model (val_corr=0.104808)
2026-03-04 17:08:33,769 - INFO - Epoch   4/50 | Train: 0.179809 | Val: 0.179443 | Corr: 0.112988 | LR: 1.00e-03
2026-03-04 17:08:33,786 - INFO -   ↳ Saved best model (val_corr=0.112988)
2026-03-04 17:08:42,302 - INFO - Epoch   5/50 | Train: 0.178981 | Val: 0.178511 | Corr: 0.122164 | LR: 1.00e-03
2026-03-04 17:08:42,318 - INFO -   ↳ Saved best model (val_corr=0.122164)
2026-03-04 17:08:50,545 - INFO - Epoch   6/50 | Train: 0.178542 | Val: 0.178492 | Corr: 0.127117 | LR: 1.00e-03
2026-03-04 17:08:50,566 - INFO -   ↳ Saved best model (val_corr=0.127117)
2026-03-04 17:08:58,902 - INFO - Epoch   7/50 | Train: 0.177766 | Val: 0.178092 | Corr: 0.127456 | LR: 1.00e-03
2026-03-04 17:08:58,919 - INFO -   ↳ Saved best model (val_corr=0.127456)
2026-03-04 17:09:07,204 - INFO - Epoch   8/50 | Train: 0.177593 | Val: 0.178590 | Corr: 0.131449 | LR: 1.00e-03
2026-03-04 17:09:07,221 - INFO -   ↳ Saved best model (val_corr=0.131449)
2026-03-04 17:09:15,454 - INFO - Epoch   9/50 | Train: 0.176998 | Val: 0.177376 | Corr: 0.135242 | LR: 1.00e-03
2026-03-04 17:09:15,469 - INFO -   ↳ Saved best model (val_corr=0.135242)
2026-03-04 17:09:23,667 - INFO - Epoch  10/50 | Train: 0.176847 | Val: 0.176827 | Corr: 0.137243 | LR: 1.00e-03
2026-03-04 17:09:23,684 - INFO -   ↳ Saved best model (val_corr=0.137243)
2026-03-04 17:09:31,965 - INFO - Epoch  11/50 | Train: 0.176411 | Val: 0.177176 | Corr: 0.137456 | LR: 1.00e-03
2026-03-04 17:09:31,987 - INFO -   ↳ Saved best model (val_corr=0.137456)
2026-03-04 17:09:40,333 - INFO - Epoch  12/50 | Train: 0.176041 | Val: 0.176631 | Corr: 0.139257 | LR: 1.00e-03
2026-03-04 17:09:40,362 - INFO -   ↳ Saved best model (val_corr=0.139257)
2026-03-04 17:09:48,574 - INFO - Epoch  13/50 | Train: 0.175976 | Val: 0.177007 | Corr: 0.139783 | LR: 1.00e-03
2026-03-04 17:09:48,589 - INFO -   ↳ Saved best model (val_corr=0.139783)
2026-03-04 17:09:56,836 - INFO - Epoch  14/50 | Train: 0.175697 | Val: 0.176554 | Corr: 0.140986 | LR: 1.00e-03
2026-03-04 17:09:56,853 - INFO -   ↳ Saved best model (val_corr=0.140986)
2026-03-04 17:10:05,092 - INFO - Epoch  15/50 | Train: 0.175445 | Val: 0.176911 | Corr: 0.143025 | LR: 1.00e-03
2026-03-04 17:10:05,107 - INFO -   ↳ Saved best model (val_corr=0.143025)
2026-03-04 17:10:13,334 - INFO - Epoch  16/50 | Train: 0.175344 | Val: 0.176329 | Corr: 0.142100 | LR: 1.00e-03
2026-03-04 17:10:21,629 - INFO - Epoch  17/50 | Train: 0.175037 | Val: 0.176590 | Corr: 0.143019 | LR: 1.00e-03
2026-03-04 17:10:29,920 - INFO - Epoch  18/50 | Train: 0.175082 | Val: 0.177245 | Corr: 0.138909 | LR: 1.00e-03
2026-03-04 17:10:38,217 - INFO - Epoch  19/50 | Train: 0.174720 | Val: 0.176158 | Corr: 0.144717 | LR: 1.00e-03
2026-03-04 17:10:38,242 - INFO -   ↳ Saved best model (val_corr=0.144717)
2026-03-04 17:10:46,496 - INFO - Epoch  20/50 | Train: 0.174513 | Val: 0.176321 | Corr: 0.143942 | LR: 1.00e-03
2026-03-04 17:10:54,726 - INFO - Epoch  21/50 | Train: 0.174268 | Val: 0.177342 | Corr: 0.142836 | LR: 1.00e-03
2026-03-04 17:11:02,951 - INFO - Epoch  22/50 | Train: 0.174357 | Val: 0.176321 | Corr: 0.144673 | LR: 1.00e-03
2026-03-04 17:11:11,126 - INFO - Epoch  23/50 | Train: 0.173979 | Val: 0.176642 | Corr: 0.143163 | LR: 1.00e-03
2026-03-04 17:11:19,399 - INFO - Epoch  24/50 | Train: 0.174055 | Val: 0.176270 | Corr: 0.145037 | LR: 1.00e-03
2026-03-04 17:11:19,417 - INFO -   ↳ Saved best model (val_corr=0.145037)
2026-03-04 17:11:27,705 - INFO - Epoch  25/50 | Train: 0.173824 | Val: 0.176185 | Corr: 0.144320 | LR: 5.00e-04
2026-03-04 17:11:36,100 - INFO - Epoch  26/50 | Train: 0.172955 | Val: 0.176178 | Corr: 0.145900 | LR: 5.00e-04
2026-03-04 17:11:36,118 - INFO -   ↳ Saved best model (val_corr=0.145900)
2026-03-04 17:11:44,529 - INFO - Epoch  27/50 | Train: 0.172807 | Val: 0.176113 | Corr: 0.146248 | LR: 5.00e-04
2026-03-04 17:11:44,546 - INFO -   ↳ Saved best model (val_corr=0.146248)
2026-03-04 17:11:52,869 - INFO - Epoch  28/50 | Train: 0.172568 | Val: 0.175978 | Corr: 0.145890 | LR: 5.00e-04
2026-03-04 17:12:01,287 - INFO - Epoch  29/50 | Train: 0.172488 | Val: 0.176095 | Corr: 0.146283 | LR: 5.00e-04
2026-03-04 17:12:01,302 - INFO -   ↳ Saved best model (val_corr=0.146283)
2026-03-04 17:12:09,606 - INFO - Epoch  30/50 | Train: 0.172445 | Val: 0.176216 | Corr: 0.146051 | LR: 5.00e-04
2026-03-04 17:12:17,873 - INFO - Epoch  31/50 | Train: 0.172384 | Val: 0.176035 | Corr: 0.146181 | LR: 5.00e-04
2026-03-04 17:12:26,069 - INFO - Epoch  32/50 | Train: 0.172135 | Val: 0.176119 | Corr: 0.145502 | LR: 5.00e-04
2026-03-04 17:12:34,348 - INFO - Epoch  33/50 | Train: 0.172188 | Val: 0.176130 | Corr: 0.145926 | LR: 5.00e-04
2026-03-04 17:12:42,534 - INFO - Epoch  34/50 | Train: 0.172057 | Val: 0.176197 | Corr: 0.145502 | LR: 2.50e-04
2026-03-04 17:12:50,816 - INFO - Epoch  35/50 | Train: 0.171542 | Val: 0.176115 | Corr: 0.146509 | LR: 2.50e-04
2026-03-04 17:12:50,832 - INFO -   ↳ Saved best model (val_corr=0.146509)
2026-03-04 17:12:59,192 - INFO - Epoch  36/50 | Train: 0.171486 | Val: 0.175920 | Corr: 0.146638 | LR: 2.50e-04
2026-03-04 17:12:59,208 - INFO -   ↳ Saved best model (val_corr=0.146638)
2026-03-04 17:13:07,470 - INFO - Epoch  37/50 | Train: 0.171421 | Val: 0.176099 | Corr: 0.146043 | LR: 2.50e-04
2026-03-04 17:13:15,776 - INFO - Epoch  38/50 | Train: 0.171389 | Val: 0.176132 | Corr: 0.146447 | LR: 2.50e-04
2026-03-04 17:13:24,025 - INFO - Epoch  39/50 | Train: 0.171336 | Val: 0.176002 | Corr: 0.146385 | LR: 2.50e-04
2026-03-04 17:13:32,317 - INFO - Epoch  40/50 | Train: 0.171230 | Val: 0.176204 | Corr: 0.145687 | LR: 2.50e-04
2026-03-04 17:13:40,510 - INFO - Epoch  41/50 | Train: 0.171277 | Val: 0.176074 | Corr: 0.146135 | LR: 2.50e-04
2026-03-04 17:13:48,774 - INFO - Epoch  42/50 | Train: 0.171160 | Val: 0.176118 | Corr: 0.146381 | LR: 1.25e-04
2026-03-04 17:13:57,065 - INFO - Epoch  43/50 | Train: 0.170893 | Val: 0.176109 | Corr: 0.145985 | LR: 1.25e-04
2026-03-04 17:14:05,395 - INFO - Epoch  44/50 | Train: 0.170845 | Val: 0.176084 | Corr: 0.146143 | LR: 1.25e-04
2026-03-04 17:14:13,724 - INFO - Epoch  45/50 | Train: 0.170812 | Val: 0.176228 | Corr: 0.145585 | LR: 1.25e-04
2026-03-04 17:14:22,048 - INFO - Epoch  46/50 | Train: 0.170736 | Val: 0.176014 | Corr: 0.146383 | LR: 1.25e-04
2026-03-04 17:14:22,048 - INFO - Early stopping at epoch 46
2026-03-04 17:14:22,048 - INFO - Training complete — best val corr: 0.146638
2026-03-04 17:14:23,457 - INFO - Test loss: 0.167607, Test corr: 0.141095
2026-03-04 17:14:24,035 - INFO - Fraction of variance explained (FVE): 0.023628
2026-03-04 17:14:24,035 - INFO - Generating figures …
2026-03-04 17:14:24,489 - INFO - Correlation between predicted and actual per-neuron averages: r=0.9943, p=0.00e+00
2026-03-04 17:14:26,504 - INFO - Pattern selectivity summary:
2026-03-04 17:14:26,504 - INFO -   Mean correlation across neurons: 0.5077
2026-03-04 17:14:26,504 - INFO -   Median correlation: 0.5274
2026-03-04 17:14:26,504 - INFO -   Neurons with r > 0.5: 36 / 63
2026-03-04 17:14:26,504 - INFO -   Neurons with r > 0.3: 53 / 63
2026-03-04 17:14:26,504 - INFO - Pattern selectivity — mean neuron corr: 0.5077
2026-03-04 17:14:28,175 - INFO - LOO (avg rate) — Model mean r: 0.2946, LOO mean r: 0.4546, Neurons model > LOO: 1/63
2026-03-04 17:14:30,356 - INFO - LOO (temporal) — Model mean r: 0.1423, LOO mean r: 0.3186, Neurons model > LOO: 0/63
2026-03-04 17:14:30,356 - INFO - Skipping oracle trial plots (skip_oracle_plots=True)
2026-03-04 17:14:30,365 - INFO - Experiment complete. Summary: {
  "run_dir": "/scratch/sb272/patterns5k_results/slurm_base_cnn_2026-03-04_16-53-19/trial_0130_learning_rate=1.0e-03_kernel_sizes=5x3x3_conv_channels=64x128x256_fc_dims=1024_seed1",
  "model_type": "cnn",
  "batch_avg_test_loss": 0.16760732281208038,
  "batch_avg_test_corr": 0.14109537959304078,
  "all_test_fve": 0.02362814876768324,
  "AR_FVE": NaN,
  "AR_test_correlation": NaN,
  "best_val_corr": 0.1466379629112496,
  "total_params": 465407,
  "trainable_params": 465407,
  "epochs_trained": 46,
  "mean_pattern_corr": 0.5077351040019594,
  "history": 0,
  "init_state": true,
  "loo_avg_mean_corr": 0.45456832695830385,
  "model_avg_mean_corr": 0.294613472659537,
  "neurons_model_beats_loo_avg": 1,
  "loo_temporal_mean_corr": 0.31855225563049316,
  "all_test_corr": 0.142294242978096,
  "neurons_model_beats_loo_temporal": 0,
  "kernel_sizes": [
    5,
    3,
    3
  ],
  "conv_channels": [
    64,
    128,
    256
  ],
  "fc_dims": [
    1024
  ]
}
