2026-03-04 18:11:28,425 - INFO - ============================================================
2026-03-04 18:11:28,425 - INFO - Experiment run directory: /scratch/sb272/patterns5k_results/slurm_base_cnn_2026-03-04_16-53-19/trial_0121_learning_rate=1.0e-03_kernel_sizes=3x3_conv_channels=64x128_fc_dims=256_seed4
2026-03-04 18:11:28,425 - INFO - ============================================================
2026-03-04 18:11:28,425 - INFO - Loading data …
2026-03-04 18:11:29,476 - INFO - 63 unique neurons after dropping problematic neurons
2026-03-04 18:11:30,906 - INFO - Stimulation channels: 42, Spiking neurons: 63
2026-03-04 18:13:55,504 - INFO - Unique patterns: 4050, Total trials: 5000
2026-03-04 18:13:55,505 - INFO - Stimulation channels: 42, Spiking neurons: 63
2026-03-04 18:13:55,506 - INFO - Unique patterns: 4050, Total trials: 5000
2026-03-04 18:13:55,526 - INFO - Split (oracle): train=3400, val=600, test=1000
2026-03-04 18:14:27,759 - INFO - BinnedStimSpikeDataset initialized:
2026-03-04 18:14:27,760 - INFO -   input_bin_size_ms=10, output_bin_size_ms=10
2026-03-04 18:14:27,760 - INFO -   n_input_bins=60, n_output_bins=60
2026-03-04 18:14:27,760 - INFO -   output_offset=0, total_bins_input=60, total_bins_output=60
2026-03-04 18:14:27,760 - INFO -   Valid start positions per trial: 0 to 0
2026-03-04 18:14:27,760 - INFO -   Total samples: 3400 (3400 trials × 1 positions)
2026-03-04 18:14:58,942 - INFO - BinnedStimSpikeDataset initialized:
2026-03-04 18:14:58,943 - INFO -   input_bin_size_ms=10, output_bin_size_ms=10
2026-03-04 18:14:58,943 - INFO -   n_input_bins=60, n_output_bins=60
2026-03-04 18:14:58,943 - INFO -   output_offset=0, total_bins_input=60, total_bins_output=60
2026-03-04 18:14:58,943 - INFO -   Valid start positions per trial: 0 to 0
2026-03-04 18:14:58,943 - INFO -   Total samples: 600 (600 trials × 1 positions)
2026-03-04 18:15:31,263 - INFO - BinnedStimSpikeDataset initialized:
2026-03-04 18:15:31,263 - INFO -   input_bin_size_ms=10, output_bin_size_ms=10
2026-03-04 18:15:31,263 - INFO -   n_input_bins=60, n_output_bins=60
2026-03-04 18:15:31,263 - INFO -   output_offset=0, total_bins_input=60, total_bins_output=60
2026-03-04 18:15:31,263 - INFO -   Valid start positions per trial: 0 to 0
2026-03-04 18:15:31,263 - INFO -   Total samples: 1000 (1000 trials × 1 positions)
2026-03-04 18:15:31,264 - INFO - Samples — train: 3400, val: 600, test: 1000
2026-03-04 18:15:31,264 - INFO - Input channels: 42, Neurons: 63
2026-03-04 18:15:31,284 - INFO - Using CPU
2026-03-04 18:15:31,289 - INFO - Model: CNN — 82,431 trainable params (82,431 total)
2026-03-04 18:15:35,035 - INFO - Starting training …
2026-03-04 18:15:41,612 - INFO - Epoch   1/50 | Train: 0.222155 | Val: 0.188099 | Corr: 0.070433 | LR: 1.00e-03
2026-03-04 18:15:41,624 - INFO -   ↳ Saved best model (val_corr=0.070433)
2026-03-04 18:15:46,707 - INFO - Epoch   2/50 | Train: 0.184332 | Val: 0.184442 | Corr: 0.081706 | LR: 1.00e-03
2026-03-04 18:15:46,716 - INFO -   ↳ Saved best model (val_corr=0.081706)
2026-03-04 18:15:51,706 - INFO - Epoch   3/50 | Train: 0.182713 | Val: 0.183587 | Corr: 0.088039 | LR: 1.00e-03
2026-03-04 18:15:51,725 - INFO -   ↳ Saved best model (val_corr=0.088039)
2026-03-04 18:15:57,158 - INFO - Epoch   4/50 | Train: 0.181588 | Val: 0.182675 | Corr: 0.097366 | LR: 1.00e-03
2026-03-04 18:15:57,167 - INFO -   ↳ Saved best model (val_corr=0.097366)
2026-03-04 18:16:02,584 - INFO - Epoch   5/50 | Train: 0.180600 | Val: 0.182165 | Corr: 0.101108 | LR: 1.00e-03
2026-03-04 18:16:02,593 - INFO -   ↳ Saved best model (val_corr=0.101108)
2026-03-04 18:16:07,965 - INFO - Epoch   6/50 | Train: 0.179867 | Val: 0.181627 | Corr: 0.108719 | LR: 1.00e-03
2026-03-04 18:16:07,978 - INFO -   ↳ Saved best model (val_corr=0.108719)
2026-03-04 18:16:13,402 - INFO - Epoch   7/50 | Train: 0.179263 | Val: 0.180958 | Corr: 0.112436 | LR: 1.00e-03
2026-03-04 18:16:13,412 - INFO -   ↳ Saved best model (val_corr=0.112436)
2026-03-04 18:16:18,784 - INFO - Epoch   8/50 | Train: 0.178706 | Val: 0.181546 | Corr: 0.116021 | LR: 1.00e-03
2026-03-04 18:16:18,794 - INFO -   ↳ Saved best model (val_corr=0.116021)
2026-03-04 18:16:24,182 - INFO - Epoch   9/50 | Train: 0.178375 | Val: 0.180102 | Corr: 0.117783 | LR: 1.00e-03
2026-03-04 18:16:24,193 - INFO -   ↳ Saved best model (val_corr=0.117783)
2026-03-04 18:16:29,349 - INFO - Epoch  10/50 | Train: 0.178113 | Val: 0.179286 | Corr: 0.120452 | LR: 1.00e-03
2026-03-04 18:16:29,356 - INFO -   ↳ Saved best model (val_corr=0.120452)
2026-03-04 18:16:34,367 - INFO - Epoch  11/50 | Train: 0.177843 | Val: 0.178940 | Corr: 0.122895 | LR: 1.00e-03
2026-03-04 18:16:34,377 - INFO -   ↳ Saved best model (val_corr=0.122895)
2026-03-04 18:16:39,466 - INFO - Epoch  12/50 | Train: 0.177532 | Val: 0.178800 | Corr: 0.123723 | LR: 1.00e-03
2026-03-04 18:16:39,475 - INFO -   ↳ Saved best model (val_corr=0.123723)
2026-03-04 18:16:44,546 - INFO - Epoch  13/50 | Train: 0.177392 | Val: 0.178484 | Corr: 0.126576 | LR: 1.00e-03
2026-03-04 18:16:44,556 - INFO -   ↳ Saved best model (val_corr=0.126576)
2026-03-04 18:16:49,635 - INFO - Epoch  14/50 | Train: 0.177271 | Val: 0.178380 | Corr: 0.127633 | LR: 1.00e-03
2026-03-04 18:16:49,644 - INFO -   ↳ Saved best model (val_corr=0.127633)
2026-03-04 18:16:55,105 - INFO - Epoch  15/50 | Train: 0.177023 | Val: 0.178496 | Corr: 0.128856 | LR: 1.00e-03
2026-03-04 18:16:55,118 - INFO -   ↳ Saved best model (val_corr=0.128856)
2026-03-04 18:17:00,525 - INFO - Epoch  16/50 | Train: 0.177002 | Val: 0.178092 | Corr: 0.129401 | LR: 1.00e-03
2026-03-04 18:17:00,537 - INFO -   ↳ Saved best model (val_corr=0.129401)
2026-03-04 18:17:05,967 - INFO - Epoch  17/50 | Train: 0.176796 | Val: 0.177906 | Corr: 0.130312 | LR: 1.00e-03
2026-03-04 18:17:05,975 - INFO -   ↳ Saved best model (val_corr=0.130312)
2026-03-04 18:17:11,378 - INFO - Epoch  18/50 | Train: 0.176800 | Val: 0.178431 | Corr: 0.132482 | LR: 1.00e-03
2026-03-04 18:17:11,388 - INFO -   ↳ Saved best model (val_corr=0.132482)
2026-03-04 18:17:16,806 - INFO - Epoch  19/50 | Train: 0.176738 | Val: 0.177905 | Corr: 0.132447 | LR: 1.00e-03
2026-03-04 18:17:22,219 - INFO - Epoch  20/50 | Train: 0.176583 | Val: 0.178194 | Corr: 0.132615 | LR: 1.00e-03
2026-03-04 18:17:22,228 - INFO -   ↳ Saved best model (val_corr=0.132615)
2026-03-04 18:17:27,652 - INFO - Epoch  21/50 | Train: 0.176467 | Val: 0.177722 | Corr: 0.132864 | LR: 1.00e-03
2026-03-04 18:17:27,661 - INFO -   ↳ Saved best model (val_corr=0.132864)
2026-03-04 18:17:32,633 - INFO - Epoch  22/50 | Train: 0.176388 | Val: 0.177957 | Corr: 0.133905 | LR: 1.00e-03
2026-03-04 18:17:32,642 - INFO -   ↳ Saved best model (val_corr=0.133905)
2026-03-04 18:17:37,770 - INFO - Epoch  23/50 | Train: 0.176295 | Val: 0.178497 | Corr: 0.134747 | LR: 1.00e-03
2026-03-04 18:17:37,780 - INFO -   ↳ Saved best model (val_corr=0.134747)
2026-03-04 18:17:42,819 - INFO - Epoch  24/50 | Train: 0.176261 | Val: 0.177968 | Corr: 0.134526 | LR: 1.00e-03
2026-03-04 18:17:47,851 - INFO - Epoch  25/50 | Train: 0.176125 | Val: 0.177674 | Corr: 0.135950 | LR: 1.00e-03
2026-03-04 18:17:47,860 - INFO -   ↳ Saved best model (val_corr=0.135950)
2026-03-04 18:17:53,057 - INFO - Epoch  26/50 | Train: 0.176063 | Val: 0.177613 | Corr: 0.136080 | LR: 1.00e-03
2026-03-04 18:17:53,065 - INFO -   ↳ Saved best model (val_corr=0.136080)
2026-03-04 18:17:58,447 - INFO - Epoch  27/50 | Train: 0.176003 | Val: 0.177564 | Corr: 0.135779 | LR: 1.00e-03
2026-03-04 18:18:03,842 - INFO - Epoch  28/50 | Train: 0.175860 | Val: 0.177722 | Corr: 0.135833 | LR: 1.00e-03
2026-03-04 18:18:09,240 - INFO - Epoch  29/50 | Train: 0.175892 | Val: 0.177598 | Corr: 0.136133 | LR: 1.00e-03
2026-03-04 18:18:09,248 - INFO -   ↳ Saved best model (val_corr=0.136133)
2026-03-04 18:18:14,640 - INFO - Epoch  30/50 | Train: 0.175832 | Val: 0.177426 | Corr: 0.135518 | LR: 1.00e-03
2026-03-04 18:18:20,019 - INFO - Epoch  31/50 | Train: 0.175782 | Val: 0.177983 | Corr: 0.137084 | LR: 1.00e-03
2026-03-04 18:18:20,027 - INFO -   ↳ Saved best model (val_corr=0.137084)
2026-03-04 18:18:25,417 - INFO - Epoch  32/50 | Train: 0.175758 | Val: 0.178163 | Corr: 0.138130 | LR: 1.00e-03
2026-03-04 18:18:25,427 - INFO -   ↳ Saved best model (val_corr=0.138130)
2026-03-04 18:18:30,535 - INFO - Epoch  33/50 | Train: 0.175669 | Val: 0.177611 | Corr: 0.136307 | LR: 1.00e-03
2026-03-04 18:18:35,553 - INFO - Epoch  34/50 | Train: 0.175704 | Val: 0.177436 | Corr: 0.136612 | LR: 1.00e-03
2026-03-04 18:18:40,634 - INFO - Epoch  35/50 | Train: 0.175479 | Val: 0.177536 | Corr: 0.137722 | LR: 1.00e-03
2026-03-04 18:18:45,652 - INFO - Epoch  36/50 | Train: 0.175479 | Val: 0.177376 | Corr: 0.136878 | LR: 1.00e-03
2026-03-04 18:18:50,759 - INFO - Epoch  37/50 | Train: 0.175448 | Val: 0.177619 | Corr: 0.137648 | LR: 1.00e-03
2026-03-04 18:18:56,148 - INFO - Epoch  38/50 | Train: 0.175397 | Val: 0.177482 | Corr: 0.138481 | LR: 1.00e-03
2026-03-04 18:18:56,159 - INFO -   ↳ Saved best model (val_corr=0.138481)
2026-03-04 18:19:01,546 - INFO - Epoch  39/50 | Train: 0.175343 | Val: 0.177447 | Corr: 0.137250 | LR: 1.00e-03
2026-03-04 18:19:06,933 - INFO - Epoch  40/50 | Train: 0.175260 | Val: 0.177543 | Corr: 0.139126 | LR: 1.00e-03
2026-03-04 18:19:06,945 - INFO -   ↳ Saved best model (val_corr=0.139126)
2026-03-04 18:19:12,340 - INFO - Epoch  41/50 | Train: 0.175274 | Val: 0.177381 | Corr: 0.137965 | LR: 1.00e-03
2026-03-04 18:19:17,727 - INFO - Epoch  42/50 | Train: 0.175135 | Val: 0.177156 | Corr: 0.138309 | LR: 1.00e-03
2026-03-04 18:19:23,131 - INFO - Epoch  43/50 | Train: 0.175232 | Val: 0.177317 | Corr: 0.138410 | LR: 1.00e-03
2026-03-04 18:19:28,292 - INFO - Epoch  44/50 | Train: 0.175148 | Val: 0.177248 | Corr: 0.138099 | LR: 1.00e-03
2026-03-04 18:19:33,277 - INFO - Epoch  45/50 | Train: 0.175008 | Val: 0.177238 | Corr: 0.138527 | LR: 1.00e-03
2026-03-04 18:19:38,391 - INFO - Epoch  46/50 | Train: 0.175033 | Val: 0.177239 | Corr: 0.137792 | LR: 1.00e-03
2026-03-04 18:19:43,441 - INFO - Epoch  47/50 | Train: 0.175065 | Val: 0.177728 | Corr: 0.137796 | LR: 1.00e-03
2026-03-04 18:19:48,505 - INFO - Epoch  48/50 | Train: 0.174937 | Val: 0.177726 | Corr: 0.138978 | LR: 5.00e-04
2026-03-04 18:19:53,947 - INFO - Epoch  49/50 | Train: 0.174586 | Val: 0.177552 | Corr: 0.138465 | LR: 5.00e-04
2026-03-04 18:19:59,413 - INFO - Epoch  50/50 | Train: 0.174532 | Val: 0.177280 | Corr: 0.139050 | LR: 5.00e-04
2026-03-04 18:19:59,413 - INFO - Early stopping at epoch 50
2026-03-04 18:19:59,413 - INFO - Training complete — best val corr: 0.139126
2026-03-04 18:20:01,354 - INFO - Test loss: 0.168884, Test corr: 0.137482
2026-03-04 18:20:01,752 - INFO - Fraction of variance explained (FVE): 0.021055
2026-03-04 18:20:01,752 - INFO - Generating figures …
2026-03-04 18:20:02,549 - INFO - Correlation between predicted and actual per-neuron averages: r=0.9842, p=0.00e+00
2026-03-04 18:20:05,258 - INFO - Pattern selectivity summary:
2026-03-04 18:20:05,258 - INFO -   Mean correlation across neurons: 0.5191
2026-03-04 18:20:05,259 - INFO -   Median correlation: 0.5722
2026-03-04 18:20:05,259 - INFO -   Neurons with r > 0.5: 37 / 63
2026-03-04 18:20:05,259 - INFO -   Neurons with r > 0.3: 53 / 63
2026-03-04 18:20:05,259 - INFO - Pattern selectivity — mean neuron corr: 0.5191
2026-03-04 18:20:07,449 - INFO - LOO (avg rate) — Model mean r: 0.3025, LOO mean r: 0.4546, Neurons model > LOO: 2/63
2026-03-04 18:20:10,619 - INFO - LOO (temporal) — Model mean r: 0.1390, LOO mean r: 0.3186, Neurons model > LOO: 0/63
2026-03-04 18:20:10,619 - INFO - Skipping oracle trial plots (skip_oracle_plots=True)
2026-03-04 18:20:10,626 - INFO - Experiment complete. Summary: {
  "run_dir": "/scratch/sb272/patterns5k_results/slurm_base_cnn_2026-03-04_16-53-19/trial_0121_learning_rate=1.0e-03_kernel_sizes=3x3_conv_channels=64x128_fc_dims=256_seed4",
  "model_type": "cnn",
  "batch_avg_test_loss": 0.16888397884368897,
  "batch_avg_test_corr": 0.13748152848854145,
  "all_test_fve": 0.02105480054068187,
  "AR_FVE": NaN,
  "AR_test_correlation": NaN,
  "best_val_corr": 0.1391259574389778,
  "total_params": 82431,
  "trainable_params": 82431,
  "epochs_trained": 50,
  "mean_pattern_corr": 0.5190772369965819,
  "history": 0,
  "init_state": true,
  "loo_avg_mean_corr": 0.45456832695830385,
  "model_avg_mean_corr": 0.3024572117112098,
  "neurons_model_beats_loo_avg": 2,
  "loo_temporal_mean_corr": 0.31855225563049316,
  "all_test_corr": 0.13895469903945923,
  "neurons_model_beats_loo_temporal": 0,
  "kernel_sizes": [
    3,
    3
  ],
  "conv_channels": [
    64,
    128
  ],
  "fc_dims": [
    256
  ]
}
