2026-03-05 18:00:09,489 - INFO - ============================================================
2026-03-05 18:00:09,490 - INFO - Experiment run directory: /scratch/sb272/patterns5k_results/slurm_hist_cnn_2026-03-05_16-01-45/trial_0253_learning_rate=5.0e-04_history=2_kernel_sizes=3x3x3_conv_channels=256x256x256_fc_dims=512_seed1
2026-03-05 18:00:09,490 - INFO - ============================================================
2026-03-05 18:00:09,490 - INFO - Loading data …
2026-03-05 18:00:10,343 - INFO - 63 unique neurons after dropping problematic neurons
2026-03-05 18:00:11,536 - INFO - Stimulation channels: 42, Spiking neurons: 63
2026-03-05 18:02:09,593 - INFO - Unique patterns: 4050, Total trials: 5000
2026-03-05 18:02:09,594 - INFO - Stimulation channels: 42, Spiking neurons: 63
2026-03-05 18:02:09,594 - INFO - Unique patterns: 4050, Total trials: 5000
2026-03-05 18:02:09,610 - INFO - Split (oracle): train=3400, val=600, test=1000
2026-03-05 18:02:33,280 - INFO - BinnedStimSpikeDataset initialized:
2026-03-05 18:02:33,281 - INFO -   input_bin_size_ms=10, output_bin_size_ms=10
2026-03-05 18:02:33,281 - INFO -   n_input_bins=60, n_output_bins=60
2026-03-05 18:02:33,281 - INFO -   output_offset=0, total_bins_input=60, total_bins_output=60
2026-03-05 18:02:33,281 - INFO -   Valid start positions per trial: 0 to 0
2026-03-05 18:02:33,281 - INFO -   Total samples: 3400 (3400 trials × 1 positions)
2026-03-05 18:02:56,509 - INFO - BinnedStimSpikeDataset initialized:
2026-03-05 18:02:56,509 - INFO -   input_bin_size_ms=10, output_bin_size_ms=10
2026-03-05 18:02:56,509 - INFO -   n_input_bins=60, n_output_bins=60
2026-03-05 18:02:56,509 - INFO -   output_offset=0, total_bins_input=60, total_bins_output=60
2026-03-05 18:02:56,509 - INFO -   Valid start positions per trial: 0 to 0
2026-03-05 18:02:56,509 - INFO -   Total samples: 600 (600 trials × 1 positions)
2026-03-05 18:03:19,799 - INFO - BinnedStimSpikeDataset initialized:
2026-03-05 18:03:19,799 - INFO -   input_bin_size_ms=10, output_bin_size_ms=10
2026-03-05 18:03:19,799 - INFO -   n_input_bins=60, n_output_bins=60
2026-03-05 18:03:19,799 - INFO -   output_offset=0, total_bins_input=60, total_bins_output=60
2026-03-05 18:03:19,799 - INFO -   Valid start positions per trial: 0 to 0
2026-03-05 18:03:19,799 - INFO -   Total samples: 1000 (1000 trials × 1 positions)
2026-03-05 18:03:19,800 - INFO - Samples — train: 3400, val: 600, test: 1000
2026-03-05 18:03:19,800 - INFO - Input channels: 105, Neurons: 63
2026-03-05 18:03:19,818 - INFO - Using CPU
2026-03-05 18:03:19,825 - INFO - Model: CNN — 640,063 trainable params (640,063 total)
2026-03-05 18:03:24,127 - INFO - Starting training …
2026-03-05 18:03:36,050 - INFO - Epoch   1/50 | Train: 0.209606 | Val: 0.174666 | Corr: 0.151750 | LR: 5.00e-04
2026-03-05 18:03:36,066 - INFO -   ↳ Saved best model (val_corr=0.151750)
2026-03-05 18:03:46,996 - INFO - Epoch   2/50 | Train: 0.173208 | Val: 0.170141 | Corr: 0.176727 | LR: 5.00e-04
2026-03-05 18:03:47,019 - INFO -   ↳ Saved best model (val_corr=0.176727)
2026-03-05 18:03:57,839 - INFO - Epoch   3/50 | Train: 0.170213 | Val: 0.168192 | Corr: 0.191751 | LR: 5.00e-04
2026-03-05 18:03:57,855 - INFO -   ↳ Saved best model (val_corr=0.191751)
2026-03-05 18:04:08,796 - INFO - Epoch   4/50 | Train: 0.167941 | Val: 0.167233 | Corr: 0.204872 | LR: 5.00e-04
2026-03-05 18:04:08,812 - INFO -   ↳ Saved best model (val_corr=0.204872)
2026-03-05 18:04:19,787 - INFO - Epoch   5/50 | Train: 0.166280 | Val: 0.165764 | Corr: 0.214615 | LR: 5.00e-04
2026-03-05 18:04:19,802 - INFO -   ↳ Saved best model (val_corr=0.214615)
2026-03-05 18:04:31,009 - INFO - Epoch   6/50 | Train: 0.164736 | Val: 0.164368 | Corr: 0.226312 | LR: 5.00e-04
2026-03-05 18:04:31,029 - INFO -   ↳ Saved best model (val_corr=0.226312)
2026-03-05 18:04:42,071 - INFO - Epoch   7/50 | Train: 0.163592 | Val: 0.164077 | Corr: 0.232268 | LR: 5.00e-04
2026-03-05 18:04:42,094 - INFO -   ↳ Saved best model (val_corr=0.232268)
2026-03-05 18:04:53,044 - INFO - Epoch   8/50 | Train: 0.162687 | Val: 0.162698 | Corr: 0.237696 | LR: 5.00e-04
2026-03-05 18:04:53,061 - INFO -   ↳ Saved best model (val_corr=0.237696)
2026-03-05 18:05:04,015 - INFO - Epoch   9/50 | Train: 0.161866 | Val: 0.162343 | Corr: 0.242144 | LR: 5.00e-04
2026-03-05 18:05:04,039 - INFO -   ↳ Saved best model (val_corr=0.242144)
2026-03-05 18:05:15,102 - INFO - Epoch  10/50 | Train: 0.161148 | Val: 0.162057 | Corr: 0.246405 | LR: 5.00e-04
2026-03-05 18:05:15,119 - INFO -   ↳ Saved best model (val_corr=0.246405)
2026-03-05 18:05:26,234 - INFO - Epoch  11/50 | Train: 0.160521 | Val: 0.162040 | Corr: 0.245758 | LR: 5.00e-04
2026-03-05 18:05:37,253 - INFO - Epoch  12/50 | Train: 0.159971 | Val: 0.161334 | Corr: 0.251247 | LR: 5.00e-04
2026-03-05 18:05:37,276 - INFO -   ↳ Saved best model (val_corr=0.251247)
2026-03-05 18:05:48,247 - INFO - Epoch  13/50 | Train: 0.159460 | Val: 0.161228 | Corr: 0.253508 | LR: 5.00e-04
2026-03-05 18:05:48,265 - INFO -   ↳ Saved best model (val_corr=0.253508)
2026-03-05 18:05:59,185 - INFO - Epoch  14/50 | Train: 0.158968 | Val: 0.161122 | Corr: 0.254752 | LR: 5.00e-04
2026-03-05 18:05:59,204 - INFO -   ↳ Saved best model (val_corr=0.254752)
2026-03-05 18:06:10,454 - INFO - Epoch  15/50 | Train: 0.158495 | Val: 0.160768 | Corr: 0.255997 | LR: 5.00e-04
2026-03-05 18:06:10,473 - INFO -   ↳ Saved best model (val_corr=0.255997)
2026-03-05 18:06:21,499 - INFO - Epoch  16/50 | Train: 0.158133 | Val: 0.160531 | Corr: 0.258262 | LR: 5.00e-04
2026-03-05 18:06:21,523 - INFO -   ↳ Saved best model (val_corr=0.258262)
2026-03-05 18:06:32,478 - INFO - Epoch  17/50 | Train: 0.157724 | Val: 0.160654 | Corr: 0.258944 | LR: 5.00e-04
2026-03-05 18:06:32,502 - INFO -   ↳ Saved best model (val_corr=0.258944)
2026-03-05 18:06:43,475 - INFO - Epoch  18/50 | Train: 0.157327 | Val: 0.160426 | Corr: 0.260006 | LR: 5.00e-04
2026-03-05 18:06:43,514 - INFO -   ↳ Saved best model (val_corr=0.260006)
2026-03-05 18:06:54,462 - INFO - Epoch  19/50 | Train: 0.156891 | Val: 0.160157 | Corr: 0.261389 | LR: 5.00e-04
2026-03-05 18:06:54,481 - INFO -   ↳ Saved best model (val_corr=0.261389)
2026-03-05 18:07:05,579 - INFO - Epoch  20/50 | Train: 0.156649 | Val: 0.160183 | Corr: 0.261990 | LR: 5.00e-04
2026-03-05 18:07:05,595 - INFO -   ↳ Saved best model (val_corr=0.261990)
2026-03-05 18:07:16,596 - INFO - Epoch  21/50 | Train: 0.156413 | Val: 0.160230 | Corr: 0.262468 | LR: 5.00e-04
2026-03-05 18:07:16,614 - INFO -   ↳ Saved best model (val_corr=0.262468)
2026-03-05 18:07:27,546 - INFO - Epoch  22/50 | Train: 0.156146 | Val: 0.159992 | Corr: 0.264107 | LR: 5.00e-04
2026-03-05 18:07:27,564 - INFO -   ↳ Saved best model (val_corr=0.264107)
2026-03-05 18:07:38,499 - INFO - Epoch  23/50 | Train: 0.155824 | Val: 0.160214 | Corr: 0.263933 | LR: 5.00e-04
2026-03-05 18:07:49,731 - INFO - Epoch  24/50 | Train: 0.155467 | Val: 0.160500 | Corr: 0.265132 | LR: 5.00e-04
2026-03-05 18:07:49,748 - INFO -   ↳ Saved best model (val_corr=0.265132)
2026-03-05 18:08:00,798 - INFO - Epoch  25/50 | Train: 0.155248 | Val: 0.160269 | Corr: 0.264800 | LR: 5.00e-04
2026-03-05 18:08:11,653 - INFO - Epoch  26/50 | Train: 0.155043 | Val: 0.159796 | Corr: 0.265731 | LR: 5.00e-04
2026-03-05 18:08:11,670 - INFO -   ↳ Saved best model (val_corr=0.265731)
2026-03-05 18:08:22,733 - INFO - Epoch  27/50 | Train: 0.154717 | Val: 0.160178 | Corr: 0.264470 | LR: 5.00e-04
2026-03-05 18:08:33,838 - INFO - Epoch  28/50 | Train: 0.154514 | Val: 0.160242 | Corr: 0.266637 | LR: 5.00e-04
2026-03-05 18:08:33,854 - INFO -   ↳ Saved best model (val_corr=0.266637)
2026-03-05 18:08:45,007 - INFO - Epoch  29/50 | Train: 0.154347 | Val: 0.159980 | Corr: 0.266270 | LR: 5.00e-04
2026-03-05 18:08:56,078 - INFO - Epoch  30/50 | Train: 0.154123 | Val: 0.159911 | Corr: 0.268334 | LR: 5.00e-04
2026-03-05 18:08:56,095 - INFO -   ↳ Saved best model (val_corr=0.268334)
2026-03-05 18:09:07,074 - INFO - Epoch  31/50 | Train: 0.153842 | Val: 0.159966 | Corr: 0.266895 | LR: 5.00e-04
2026-03-05 18:09:18,018 - INFO - Epoch  32/50 | Train: 0.153650 | Val: 0.159996 | Corr: 0.267628 | LR: 2.50e-04
2026-03-05 18:09:28,971 - INFO - Epoch  33/50 | Train: 0.152813 | Val: 0.160146 | Corr: 0.267370 | LR: 2.50e-04
2026-03-05 18:09:40,100 - INFO - Epoch  34/50 | Train: 0.152516 | Val: 0.159951 | Corr: 0.268569 | LR: 2.50e-04
2026-03-05 18:09:40,116 - INFO -   ↳ Saved best model (val_corr=0.268569)
2026-03-05 18:09:51,150 - INFO - Epoch  35/50 | Train: 0.152406 | Val: 0.159843 | Corr: 0.268706 | LR: 2.50e-04
2026-03-05 18:09:51,164 - INFO -   ↳ Saved best model (val_corr=0.268706)
2026-03-05 18:10:02,107 - INFO - Epoch  36/50 | Train: 0.152268 | Val: 0.159751 | Corr: 0.268803 | LR: 2.50e-04
2026-03-05 18:10:02,133 - INFO -   ↳ Saved best model (val_corr=0.268803)
2026-03-05 18:10:13,076 - INFO - Epoch  37/50 | Train: 0.152022 | Val: 0.159891 | Corr: 0.268464 | LR: 2.50e-04
2026-03-05 18:10:24,039 - INFO - Epoch  38/50 | Train: 0.152007 | Val: 0.159993 | Corr: 0.268747 | LR: 2.50e-04
2026-03-05 18:10:35,160 - INFO - Epoch  39/50 | Train: 0.151878 | Val: 0.159906 | Corr: 0.268564 | LR: 2.50e-04
2026-03-05 18:10:46,151 - INFO - Epoch  40/50 | Train: 0.151777 | Val: 0.160135 | Corr: 0.268457 | LR: 2.50e-04
2026-03-05 18:10:57,053 - INFO - Epoch  41/50 | Train: 0.151725 | Val: 0.160235 | Corr: 0.267283 | LR: 2.50e-04
2026-03-05 18:11:08,004 - INFO - Epoch  42/50 | Train: 0.151576 | Val: 0.159962 | Corr: 0.269497 | LR: 1.25e-04
2026-03-05 18:11:08,020 - INFO -   ↳ Saved best model (val_corr=0.269497)
2026-03-05 18:11:19,237 - INFO - Epoch  43/50 | Train: 0.151088 | Val: 0.160056 | Corr: 0.268434 | LR: 1.25e-04
2026-03-05 18:11:30,233 - INFO - Epoch  44/50 | Train: 0.150893 | Val: 0.160186 | Corr: 0.269043 | LR: 1.25e-04
2026-03-05 18:11:41,185 - INFO - Epoch  45/50 | Train: 0.150866 | Val: 0.160055 | Corr: 0.269309 | LR: 1.25e-04
2026-03-05 18:11:52,152 - INFO - Epoch  46/50 | Train: 0.150771 | Val: 0.160283 | Corr: 0.269541 | LR: 1.25e-04
2026-03-05 18:11:52,169 - INFO -   ↳ Saved best model (val_corr=0.269541)
2026-03-05 18:12:03,188 - INFO - Epoch  47/50 | Train: 0.150753 | Val: 0.159886 | Corr: 0.270694 | LR: 1.25e-04
2026-03-05 18:12:03,205 - INFO -   ↳ Saved best model (val_corr=0.270694)
2026-03-05 18:12:14,447 - INFO - Epoch  48/50 | Train: 0.150695 | Val: 0.160028 | Corr: 0.269859 | LR: 6.25e-05
2026-03-05 18:12:25,466 - INFO - Epoch  49/50 | Train: 0.150549 | Val: 0.159984 | Corr: 0.270690 | LR: 6.25e-05
2026-03-05 18:12:36,395 - INFO - Epoch  50/50 | Train: 0.150285 | Val: 0.160039 | Corr: 0.270894 | LR: 6.25e-05
2026-03-05 18:12:36,423 - INFO -   ↳ Saved best model (val_corr=0.270894)
2026-03-05 18:12:36,424 - INFO - Training complete — best val corr: 0.270894
2026-03-05 18:12:38,254 - INFO - Test loss: 0.151781, Test corr: 0.258771
2026-03-05 18:12:39,080 - INFO - Fraction of variance explained (FVE): 0.081542
2026-03-05 18:12:39,080 - INFO - Computing autoregressive (AR) test predictions …
2026-03-05 18:12:40,050 - INFO - AR FVE: -0.010205, AR test corr: 0.076000
2026-03-05 18:12:40,050 - INFO - Generating figures …
2026-03-05 18:12:40,547 - INFO - Correlation between predicted and actual per-neuron averages: r=0.9951, p=0.00e+00
2026-03-05 18:12:42,924 - INFO - Pattern selectivity summary:
2026-03-05 18:12:42,924 - INFO -   Mean correlation across neurons: 0.7760
2026-03-05 18:12:42,924 - INFO -   Median correlation: 0.8019
2026-03-05 18:12:42,924 - INFO -   Neurons with r > 0.5: 60 / 63
2026-03-05 18:12:42,924 - INFO -   Neurons with r > 0.3: 63 / 63
2026-03-05 18:12:42,924 - INFO - Pattern selectivity — mean neuron corr: 0.7760
2026-03-05 18:12:44,886 - INFO - LOO (avg rate) — Model mean r: 0.6285, LOO mean r: 0.4546, Neurons model > LOO: 59/63
2026-03-05 18:12:48,076 - INFO - LOO (temporal) — Model mean r: 0.2698, LOO mean r: 0.3186, Neurons model > LOO: 12/63
2026-03-05 18:12:48,076 - INFO - Skipping oracle trial plots (skip_oracle_plots=True)
2026-03-05 18:12:48,096 - INFO - Experiment complete. Summary: {
  "run_dir": "/scratch/sb272/patterns5k_results/slurm_hist_cnn_2026-03-05_16-01-45/trial_0253_learning_rate=5.0e-04_history=2_kernel_sizes=3x3x3_conv_channels=256x256x256_fc_dims=512_seed1",
  "model_type": "cnn",
  "batch_avg_test_loss": 0.15178071868419646,
  "batch_avg_test_corr": 0.25877091776676125,
  "all_test_fve": 0.08154234242817712,
  "AR_FVE": -0.010205174249316018,
  "AR_test_correlation": 0.0759999006986618,
  "best_val_corr": 0.27089404759533947,
  "total_params": 640063,
  "trainable_params": 640063,
  "epochs_trained": 50,
  "mean_pattern_corr": 0.7759754410132301,
  "history": 2,
  "init_state": true,
  "loo_avg_mean_corr": 0.45456832695830385,
  "model_avg_mean_corr": 0.6284891727127394,
  "neurons_model_beats_loo_avg": 59,
  "loo_temporal_mean_corr": 0.31855225563049316,
  "all_test_corr": 0.26983821392059326,
  "neurons_model_beats_loo_temporal": 12,
  "kernel_sizes": [
    3,
    3,
    3
  ],
  "conv_channels": [
    256,
    256,
    256
  ],
  "fc_dims": [
    512
  ]
}
