2026-02-16 04:08:02,082 - INFO - ============================================================
2026-02-16 04:08:02,082 - INFO - Experiment run directory: results/base_cnn_kernel_sweep_2026-02-15_19-39-07/trial_0177_learning_rate=0.01
2026-02-16 04:08:02,082 - INFO - ============================================================
2026-02-16 04:08:02,082 - INFO - Using preloaded raw data (skipping I/O)
2026-02-16 04:08:02,082 - INFO - Stimulation channels: 42, Spiking neurons: 63
2026-02-16 04:08:02,082 - INFO - Unique patterns: 4050, Total trials: 5000
2026-02-16 04:08:02,094 - INFO - Split (oracle): train=3400, val=600, test=1000
2026-02-16 04:08:16,127 - INFO - BinnedStimSpikeDataset initialized:
2026-02-16 04:08:16,128 - INFO -   input_bin_size_ms=10, output_bin_size_ms=10
2026-02-16 04:08:16,128 - INFO -   n_input_bins=60, n_output_bins=60
2026-02-16 04:08:16,128 - INFO -   output_offset=0, total_bins_input=60, total_bins_output=60
2026-02-16 04:08:16,128 - INFO -   Valid start positions per trial: 0 to 0
2026-02-16 04:08:16,128 - INFO -   Total samples: 3400 (3400 trials × 1 positions)
2026-02-16 04:08:29,493 - INFO - BinnedStimSpikeDataset initialized:
2026-02-16 04:08:29,493 - INFO -   input_bin_size_ms=10, output_bin_size_ms=10
2026-02-16 04:08:29,493 - INFO -   n_input_bins=60, n_output_bins=60
2026-02-16 04:08:29,493 - INFO -   output_offset=0, total_bins_input=60, total_bins_output=60
2026-02-16 04:08:29,493 - INFO -   Valid start positions per trial: 0 to 0
2026-02-16 04:08:29,493 - INFO -   Total samples: 600 (600 trials × 1 positions)
2026-02-16 04:08:42,998 - INFO - BinnedStimSpikeDataset initialized:
2026-02-16 04:08:42,999 - INFO -   input_bin_size_ms=10, output_bin_size_ms=10
2026-02-16 04:08:42,999 - INFO -   n_input_bins=60, n_output_bins=60
2026-02-16 04:08:42,999 - INFO -   output_offset=0, total_bins_input=60, total_bins_output=60
2026-02-16 04:08:42,999 - INFO -   Valid start positions per trial: 0 to 0
2026-02-16 04:08:42,999 - INFO -   Total samples: 1000 (1000 trials × 1 positions)
2026-02-16 04:08:43,000 - INFO - Samples — train: 3400, val: 600, test: 1000
2026-02-16 04:08:43,000 - INFO - Input channels: 105, Neurons: 63
2026-02-16 04:08:43,000 - INFO - Using Apple Silicon MPS acceleration
2026-02-16 04:08:43,013 - INFO - Model: CNN — 234,623 trainable params (234,623 total)
2026-02-16 04:08:43,013 - INFO - Starting training …
2026-02-16 04:08:46,398 - INFO - Epoch   1/50 | Train: 0.204537 | Val: 0.186630 | Corr: 0.243452 | LR: 1.00e-02
2026-02-16 04:08:46,412 - INFO -   ↳ Saved best model (val_corr=0.243452)
2026-02-16 04:08:49,697 - INFO - Epoch   2/50 | Train: 0.185885 | Val: 0.183481 | Corr: 0.268494 | LR: 1.00e-02
2026-02-16 04:08:49,703 - INFO -   ↳ Saved best model (val_corr=0.268494)
2026-02-16 04:08:53,097 - INFO - Epoch   3/50 | Train: 0.182271 | Val: 0.180933 | Corr: 0.286105 | LR: 1.00e-02
2026-02-16 04:08:53,108 - INFO -   ↳ Saved best model (val_corr=0.286105)
2026-02-16 04:08:56,408 - INFO - Epoch   4/50 | Train: 0.179883 | Val: 0.179320 | Corr: 0.298454 | LR: 1.00e-02
2026-02-16 04:08:56,421 - INFO -   ↳ Saved best model (val_corr=0.298454)
2026-02-16 04:08:59,751 - INFO - Epoch   5/50 | Train: 0.177973 | Val: 0.178765 | Corr: 0.304605 | LR: 1.00e-02
2026-02-16 04:08:59,763 - INFO -   ↳ Saved best model (val_corr=0.304605)
2026-02-16 04:09:03,033 - INFO - Epoch   6/50 | Train: 0.176511 | Val: 0.177798 | Corr: 0.307237 | LR: 1.00e-02
2026-02-16 04:09:03,043 - INFO -   ↳ Saved best model (val_corr=0.307237)
2026-02-16 04:09:06,408 - INFO - Epoch   7/50 | Train: 0.175231 | Val: 0.177115 | Corr: 0.311978 | LR: 1.00e-02
2026-02-16 04:09:06,422 - INFO -   ↳ Saved best model (val_corr=0.311978)
2026-02-16 04:09:09,750 - INFO - Epoch   8/50 | Train: 0.173910 | Val: 0.178589 | Corr: 0.312644 | LR: 1.00e-02
2026-02-16 04:09:09,765 - INFO -   ↳ Saved best model (val_corr=0.312644)
2026-02-16 04:09:13,181 - INFO - Epoch   9/50 | Train: 0.173082 | Val: 0.176421 | Corr: 0.317234 | LR: 1.00e-02
2026-02-16 04:09:13,195 - INFO -   ↳ Saved best model (val_corr=0.317234)
2026-02-16 04:09:16,525 - INFO - Epoch  10/50 | Train: 0.172224 | Val: 0.176801 | Corr: 0.318951 | LR: 1.00e-02
2026-02-16 04:09:16,539 - INFO -   ↳ Saved best model (val_corr=0.318951)
2026-02-16 04:09:19,874 - INFO - Epoch  11/50 | Train: 0.171505 | Val: 0.176801 | Corr: 0.319439 | LR: 1.00e-02
2026-02-16 04:09:19,888 - INFO -   ↳ Saved best model (val_corr=0.319439)
2026-02-16 04:09:23,275 - INFO - Epoch  12/50 | Train: 0.170912 | Val: 0.176187 | Corr: 0.318525 | LR: 1.00e-02
2026-02-16 04:09:26,604 - INFO - Epoch  13/50 | Train: 0.170472 | Val: 0.176108 | Corr: 0.320717 | LR: 1.00e-02
2026-02-16 04:09:26,619 - INFO -   ↳ Saved best model (val_corr=0.320717)
2026-02-16 04:09:29,870 - INFO - Epoch  14/50 | Train: 0.170092 | Val: 0.176375 | Corr: 0.321037 | LR: 1.00e-02
2026-02-16 04:09:29,884 - INFO -   ↳ Saved best model (val_corr=0.321037)
2026-02-16 04:09:33,255 - INFO - Epoch  15/50 | Train: 0.169754 | Val: 0.175755 | Corr: 0.323092 | LR: 1.00e-02
2026-02-16 04:09:33,270 - INFO -   ↳ Saved best model (val_corr=0.323092)
2026-02-16 04:09:36,432 - INFO - Epoch  16/50 | Train: 0.169375 | Val: 0.176408 | Corr: 0.321407 | LR: 1.00e-02
2026-02-16 04:09:39,817 - INFO - Epoch  17/50 | Train: 0.168916 | Val: 0.176265 | Corr: 0.321867 | LR: 1.00e-02
2026-02-16 04:09:43,041 - INFO - Epoch  18/50 | Train: 0.168528 | Val: 0.176337 | Corr: 0.322842 | LR: 1.00e-02
2026-02-16 04:09:46,370 - INFO - Epoch  19/50 | Train: 0.168416 | Val: 0.176480 | Corr: 0.322949 | LR: 1.00e-02
2026-02-16 04:09:49,652 - INFO - Epoch  20/50 | Train: 0.168086 | Val: 0.176676 | Corr: 0.321728 | LR: 1.00e-02
2026-02-16 04:09:53,052 - INFO - Epoch  21/50 | Train: 0.167909 | Val: 0.176622 | Corr: 0.322314 | LR: 5.00e-03
2026-02-16 04:09:56,361 - INFO - Epoch  22/50 | Train: 0.166105 | Val: 0.176251 | Corr: 0.324970 | LR: 5.00e-03
2026-02-16 04:09:56,372 - INFO -   ↳ Saved best model (val_corr=0.324970)
2026-02-16 04:09:59,628 - INFO - Epoch  23/50 | Train: 0.165479 | Val: 0.176913 | Corr: 0.324068 | LR: 5.00e-03
2026-02-16 04:10:02,951 - INFO - Epoch  24/50 | Train: 0.165228 | Val: 0.176908 | Corr: 0.323555 | LR: 5.00e-03
2026-02-16 04:10:06,299 - INFO - Epoch  25/50 | Train: 0.165161 | Val: 0.177270 | Corr: 0.323003 | LR: 5.00e-03
2026-02-16 04:10:09,571 - INFO - Epoch  26/50 | Train: 0.164984 | Val: 0.177076 | Corr: 0.323520 | LR: 5.00e-03
2026-02-16 04:10:12,821 - INFO - Epoch  27/50 | Train: 0.164835 | Val: 0.177645 | Corr: 0.322742 | LR: 2.50e-03
2026-02-16 04:10:16,199 - INFO - Epoch  28/50 | Train: 0.163977 | Val: 0.177648 | Corr: 0.323749 | LR: 2.50e-03
2026-02-16 04:10:19,476 - INFO - Epoch  29/50 | Train: 0.163644 | Val: 0.177872 | Corr: 0.323525 | LR: 2.50e-03
2026-02-16 04:10:22,863 - INFO - Epoch  30/50 | Train: 0.163469 | Val: 0.177607 | Corr: 0.324049 | LR: 2.50e-03
2026-02-16 04:10:26,079 - INFO - Epoch  31/50 | Train: 0.163390 | Val: 0.177741 | Corr: 0.323977 | LR: 2.50e-03
2026-02-16 04:10:29,344 - INFO - Epoch  32/50 | Train: 0.163252 | Val: 0.177926 | Corr: 0.323109 | LR: 2.50e-03
2026-02-16 04:10:29,345 - INFO - Early stopping at epoch 32
2026-02-16 04:10:29,345 - INFO - Training complete — best val corr: 0.324970
2026-02-16 04:10:29,923 - INFO - Test loss: 0.166949, Test corr: 0.320426
2026-02-16 04:10:30,055 - INFO - Generating figures …
2026-02-16 04:10:30,261 - INFO - Correlation between predicted and actual per-neuron averages: r=0.9893, p=1.13e-52
2026-02-16 04:10:31,109 - INFO - Pattern selectivity summary:
2026-02-16 04:10:31,109 - INFO -   Mean correlation across neurons: 0.6202
2026-02-16 04:10:31,109 - INFO -   Median correlation: 0.6349
2026-02-16 04:10:31,109 - INFO -   Neurons with r > 0.5: 52 / 63
2026-02-16 04:10:31,109 - INFO -   Neurons with r > 0.3: 62 / 63
2026-02-16 04:10:31,109 - INFO - Pattern selectivity — mean neuron corr: 0.6202
2026-02-16 04:10:31,467 - INFO - LOO baseline — Model mean r: 0.4986, LOO mean r: 0.4728, Neurons model > LOO: 33/63
2026-02-16 04:10:31,467 - INFO - Skipping oracle trial plots (skip_oracle_plots=True)
2026-02-16 04:10:31,468 - INFO - Experiment complete. Summary: {
  "run_dir": "results/base_cnn_kernel_sweep_2026-02-15_19-39-07/trial_0177_learning_rate=0.01",
  "model_type": "cnn",
  "test_loss": 0.16694887578487397,
  "test_corr": 0.3204256421513042,
  "best_val_corr": 0.32496972004570096,
  "total_params": 234623,
  "trainable_params": 234623,
  "epochs_trained": 32,
  "mean_pattern_corr": 0.6202232097508188,
  "loo_mean_corr": 0.47275709111471625,
  "model_sample_mean_corr": 0.4985751511954821,
  "neurons_model_beats_loo": 33
}
2026-02-16 04:10:31,472 - INFO - 
======================================================================
2026-02-16 04:10:31,472 - INFO - [179/216] trial_0178_learning_rate=0.01
2026-02-16 04:10:31,472 - INFO -   Overrides: {"kernel_sizes": [30], "learning_rate": 0.01, "weight_decay": 0.001, "conv_channels": [128]}
2026-02-16 04:10:31,472 - INFO -   Output: results/base_cnn_kernel_sweep_2026-02-15_19-39-07/trial_0178_learning_rate=0.01
