2026-02-15 14:02:03,238 - INFO - ============================================================
2026-02-15 14:02:03,238 - INFO - Experiment run directory: results/base_cnn_kernel_sweep_2026-02-15_11-28-56/trial_0068_learning_rate=0.01
2026-02-15 14:02:03,238 - INFO - ============================================================
2026-02-15 14:02:03,238 - INFO - Using preloaded raw data (skipping I/O)
2026-02-15 14:02:03,238 - INFO - Stimulation channels: 42, Spiking neurons: 63
2026-02-15 14:02:03,238 - INFO - Unique patterns: 4050, Total trials: 5000
2026-02-15 14:02:03,249 - INFO - Split (oracle): train=3400, val=600, test=1000
2026-02-15 14:02:17,433 - INFO - BinnedStimSpikeDataset initialized:
2026-02-15 14:02:17,433 - INFO -   input_bin_size_ms=10, output_bin_size_ms=10
2026-02-15 14:02:17,433 - INFO -   n_input_bins=60, n_output_bins=60
2026-02-15 14:02:17,433 - INFO -   output_offset=0, total_bins_input=60, total_bins_output=60
2026-02-15 14:02:17,433 - INFO -   Valid start positions per trial: 0 to 0
2026-02-15 14:02:17,434 - INFO -   Total samples: 3400 (3400 trials × 1 positions)
2026-02-15 14:02:30,867 - INFO - BinnedStimSpikeDataset initialized:
2026-02-15 14:02:30,868 - INFO -   input_bin_size_ms=10, output_bin_size_ms=10
2026-02-15 14:02:30,868 - INFO -   n_input_bins=60, n_output_bins=60
2026-02-15 14:02:30,868 - INFO -   output_offset=0, total_bins_input=60, total_bins_output=60
2026-02-15 14:02:30,868 - INFO -   Valid start positions per trial: 0 to 0
2026-02-15 14:02:30,868 - INFO -   Total samples: 600 (600 trials × 1 positions)
2026-02-15 14:02:44,407 - INFO - BinnedStimSpikeDataset initialized:
2026-02-15 14:02:44,408 - INFO -   input_bin_size_ms=10, output_bin_size_ms=10
2026-02-15 14:02:44,408 - INFO -   n_input_bins=60, n_output_bins=60
2026-02-15 14:02:44,408 - INFO -   output_offset=0, total_bins_input=60, total_bins_output=60
2026-02-15 14:02:44,408 - INFO -   Valid start positions per trial: 0 to 0
2026-02-15 14:02:44,408 - INFO -   Total samples: 1000 (1000 trials × 1 positions)
2026-02-15 14:02:44,408 - INFO - Samples — train: 3400, val: 600, test: 1000
2026-02-15 14:02:44,408 - INFO - Input channels: 42, Neurons: 63
2026-02-15 14:02:44,408 - INFO - Using Apple Silicon MPS acceleration
2026-02-15 14:02:44,423 - INFO - Model: CNN — 115,007 trainable params (115,007 total)
2026-02-15 14:02:44,423 - INFO - Starting training …
2026-02-15 14:02:46,902 - INFO - Epoch   1/50 | Train: 0.213348 | Val: 0.192455 | Corr: 0.203499 | LR: 1.00e-02
2026-02-15 14:02:46,910 - INFO -   ↳ Saved best model (val_corr=0.203499)
2026-02-15 14:02:49,210 - INFO - Epoch   2/50 | Train: 0.192925 | Val: 0.188072 | Corr: 0.238064 | LR: 1.00e-02
2026-02-15 14:02:49,218 - INFO -   ↳ Saved best model (val_corr=0.238064)
2026-02-15 14:02:51,467 - INFO - Epoch   3/50 | Train: 0.189860 | Val: 0.186740 | Corr: 0.247171 | LR: 1.00e-02
2026-02-15 14:02:51,475 - INFO -   ↳ Saved best model (val_corr=0.247171)
2026-02-15 14:02:53,702 - INFO - Epoch   4/50 | Train: 0.188784 | Val: 0.186519 | Corr: 0.250601 | LR: 1.00e-02
2026-02-15 14:02:53,708 - INFO -   ↳ Saved best model (val_corr=0.250601)
2026-02-15 14:02:55,907 - INFO - Epoch   5/50 | Train: 0.187801 | Val: 0.186722 | Corr: 0.255522 | LR: 1.00e-02
2026-02-15 14:02:55,915 - INFO -   ↳ Saved best model (val_corr=0.255522)
2026-02-15 14:02:58,179 - INFO - Epoch   6/50 | Train: 0.187072 | Val: 0.185305 | Corr: 0.258646 | LR: 1.00e-02
2026-02-15 14:02:58,185 - INFO -   ↳ Saved best model (val_corr=0.258646)
2026-02-15 14:03:00,459 - INFO - Epoch   7/50 | Train: 0.186570 | Val: 0.185253 | Corr: 0.259345 | LR: 1.00e-02
2026-02-15 14:03:00,466 - INFO -   ↳ Saved best model (val_corr=0.259345)
2026-02-15 14:03:02,758 - INFO - Epoch   8/50 | Train: 0.186221 | Val: 0.184879 | Corr: 0.262358 | LR: 1.00e-02
2026-02-15 14:03:02,763 - INFO -   ↳ Saved best model (val_corr=0.262358)
2026-02-15 14:03:04,958 - INFO - Epoch   9/50 | Train: 0.185642 | Val: 0.185174 | Corr: 0.261180 | LR: 1.00e-02
2026-02-15 14:03:07,181 - INFO - Epoch  10/50 | Train: 0.185306 | Val: 0.184673 | Corr: 0.263281 | LR: 1.00e-02
2026-02-15 14:03:07,186 - INFO -   ↳ Saved best model (val_corr=0.263281)
2026-02-15 14:03:09,463 - INFO - Epoch  11/50 | Train: 0.185094 | Val: 0.184618 | Corr: 0.263614 | LR: 1.00e-02
2026-02-15 14:03:09,468 - INFO -   ↳ Saved best model (val_corr=0.263614)
2026-02-15 14:03:11,692 - INFO - Epoch  12/50 | Train: 0.184772 | Val: 0.184754 | Corr: 0.264554 | LR: 1.00e-02
2026-02-15 14:03:11,697 - INFO -   ↳ Saved best model (val_corr=0.264554)
2026-02-15 14:03:13,845 - INFO - Epoch  13/50 | Train: 0.184606 | Val: 0.184656 | Corr: 0.264683 | LR: 1.00e-02
2026-02-15 14:03:13,851 - INFO -   ↳ Saved best model (val_corr=0.264683)
2026-02-15 14:03:16,022 - INFO - Epoch  14/50 | Train: 0.184294 | Val: 0.184659 | Corr: 0.263675 | LR: 1.00e-02
2026-02-15 14:03:18,292 - INFO - Epoch  15/50 | Train: 0.184104 | Val: 0.184768 | Corr: 0.264757 | LR: 1.00e-02
2026-02-15 14:03:18,297 - INFO -   ↳ Saved best model (val_corr=0.264757)
2026-02-15 14:03:20,589 - INFO - Epoch  16/50 | Train: 0.183913 | Val: 0.184464 | Corr: 0.264727 | LR: 1.00e-02
2026-02-15 14:03:22,789 - INFO - Epoch  17/50 | Train: 0.183684 | Val: 0.184592 | Corr: 0.263827 | LR: 1.00e-02
2026-02-15 14:03:24,600 - INFO - Epoch  18/50 | Train: 0.183654 | Val: 0.184454 | Corr: 0.265230 | LR: 1.00e-02
2026-02-15 14:03:24,606 - INFO -   ↳ Saved best model (val_corr=0.265230)
2026-02-15 14:03:26,583 - INFO - Epoch  19/50 | Train: 0.183529 | Val: 0.184481 | Corr: 0.265534 | LR: 1.00e-02
2026-02-15 14:03:26,601 - INFO -   ↳ Saved best model (val_corr=0.265534)
2026-02-15 14:03:28,725 - INFO - Epoch  20/50 | Train: 0.183352 | Val: 0.184504 | Corr: 0.264372 | LR: 1.00e-02
2026-02-15 14:03:30,841 - INFO - Epoch  21/50 | Train: 0.183262 | Val: 0.184725 | Corr: 0.262965 | LR: 1.00e-02
2026-02-15 14:03:33,049 - INFO - Epoch  22/50 | Train: 0.183216 | Val: 0.184678 | Corr: 0.263557 | LR: 5.00e-03
2026-02-15 14:03:35,186 - INFO - Epoch  23/50 | Train: 0.182197 | Val: 0.184230 | Corr: 0.267566 | LR: 5.00e-03
2026-02-15 14:03:35,190 - INFO -   ↳ Saved best model (val_corr=0.267566)
2026-02-15 14:03:37,355 - INFO - Epoch  24/50 | Train: 0.181933 | Val: 0.184211 | Corr: 0.267493 | LR: 5.00e-03
2026-02-15 14:03:39,557 - INFO - Epoch  25/50 | Train: 0.181803 | Val: 0.184330 | Corr: 0.266706 | LR: 5.00e-03
2026-02-15 14:03:41,792 - INFO - Epoch  26/50 | Train: 0.181688 | Val: 0.184416 | Corr: 0.266282 | LR: 5.00e-03
2026-02-15 14:03:44,059 - INFO - Epoch  27/50 | Train: 0.181693 | Val: 0.184341 | Corr: 0.267018 | LR: 5.00e-03
2026-02-15 14:03:46,192 - INFO - Epoch  28/50 | Train: 0.181575 | Val: 0.184415 | Corr: 0.266143 | LR: 5.00e-03
2026-02-15 14:03:48,350 - INFO - Epoch  29/50 | Train: 0.181529 | Val: 0.184461 | Corr: 0.266360 | LR: 5.00e-03
2026-02-15 14:03:50,627 - INFO - Epoch  30/50 | Train: 0.181506 | Val: 0.184666 | Corr: 0.265510 | LR: 2.50e-03
2026-02-15 14:03:52,959 - INFO - Epoch  31/50 | Train: 0.180826 | Val: 0.184382 | Corr: 0.266745 | LR: 2.50e-03
2026-02-15 14:03:55,240 - INFO - Epoch  32/50 | Train: 0.180699 | Val: 0.184456 | Corr: 0.266558 | LR: 2.50e-03
2026-02-15 14:03:57,475 - INFO - Epoch  33/50 | Train: 0.180649 | Val: 0.184619 | Corr: 0.265906 | LR: 2.50e-03
2026-02-15 14:03:57,475 - INFO - Early stopping at epoch 33
2026-02-15 14:03:57,475 - INFO - Training complete — best val corr: 0.267566
2026-02-15 14:03:57,715 - INFO - Test loss: 0.174913, Test corr: 0.268071
2026-02-15 14:03:57,789 - INFO - Generating figures …
2026-02-15 14:03:57,996 - INFO - Correlation between predicted and actual per-neuron averages: r=0.9929, p=3.63e-58
2026-02-15 14:03:58,665 - INFO - Pattern selectivity summary:
2026-02-15 14:03:58,665 - INFO -   Mean correlation across neurons: 0.5891
2026-02-15 14:03:58,665 - INFO -   Median correlation: 0.6307
2026-02-15 14:03:58,665 - INFO -   Neurons with r > 0.5: 44 / 63
2026-02-15 14:03:58,665 - INFO -   Neurons with r > 0.3: 55 / 63
2026-02-15 14:03:58,666 - INFO - Pattern selectivity — mean neuron corr: 0.5891
2026-02-15 14:03:58,998 - INFO - LOO baseline — Model mean r: 0.3446, LOO mean r: 0.4728, Neurons model > LOO: 2/63
2026-02-15 14:03:58,998 - INFO - Skipping oracle trial plots (skip_oracle_plots=True)
2026-02-15 14:03:58,998 - INFO - Experiment complete. Summary: {
  "run_dir": "results/base_cnn_kernel_sweep_2026-02-15_11-28-56/trial_0068_learning_rate=0.01",
  "model_type": "cnn",
  "test_loss": 0.17491327333450318,
  "test_corr": 0.26807094813803317,
  "best_val_corr": 0.26756638130470695,
  "total_params": 115007,
  "trainable_params": 115007,
  "epochs_trained": 33,
  "mean_pattern_corr": 0.5890779144357321,
  "loo_mean_corr": 0.47275709111471625,
  "model_sample_mean_corr": 0.3446088113806174,
  "neurons_model_beats_loo": 2
}
2026-02-15 14:03:58,998 - INFO - 
======================================================================
2026-02-15 14:03:58,998 - INFO - [70/216] trial_0069_learning_rate=0.01
2026-02-15 14:03:58,998 - INFO -   Overrides: {"kernel_sizes": [3], "learning_rate": 0.01, "fc_dims": [256], "weight_decay": 0.001, "conv_channels": [64]}
2026-02-15 14:03:58,998 - INFO -   Output: results/base_cnn_kernel_sweep_2026-02-15_11-28-56/trial_0069_learning_rate=0.01
