2026-03-06 00:37:42,713 - INFO - ============================================================
2026-03-06 00:37:42,713 - INFO - Experiment run directory: /scratch/sb272/patterns5k_results/slurm_hist_cnn_2026-03-05_16-01-45/trial_0347_learning_rate=5.0e-04_history=10_kernel_sizes=3x3_conv_channels=64x128_fc_dims=512_seed0
2026-03-06 00:37:42,713 - INFO - ============================================================
2026-03-06 00:37:42,713 - INFO - Loading data …
2026-03-06 00:37:43,616 - INFO - 63 unique neurons after dropping problematic neurons
2026-03-06 00:37:44,849 - INFO - Stimulation channels: 42, Spiking neurons: 63
2026-03-06 00:39:49,776 - INFO - Unique patterns: 4050, Total trials: 5000
2026-03-06 00:39:49,777 - INFO - Stimulation channels: 42, Spiking neurons: 63
2026-03-06 00:39:49,777 - INFO - Unique patterns: 4050, Total trials: 5000
2026-03-06 00:39:49,793 - INFO - Split (oracle): train=3400, val=600, test=1000
2026-03-06 00:40:14,663 - INFO - BinnedStimSpikeDataset initialized:
2026-03-06 00:40:14,664 - INFO -   input_bin_size_ms=10, output_bin_size_ms=10
2026-03-06 00:40:14,664 - INFO -   n_input_bins=60, n_output_bins=60
2026-03-06 00:40:14,664 - INFO -   output_offset=0, total_bins_input=60, total_bins_output=60
2026-03-06 00:40:14,664 - INFO -   Valid start positions per trial: 0 to 0
2026-03-06 00:40:14,664 - INFO -   Total samples: 3400 (3400 trials × 1 positions)
2026-03-06 00:40:38,644 - INFO - BinnedStimSpikeDataset initialized:
2026-03-06 00:40:38,644 - INFO -   input_bin_size_ms=10, output_bin_size_ms=10
2026-03-06 00:40:38,644 - INFO -   n_input_bins=60, n_output_bins=60
2026-03-06 00:40:38,644 - INFO -   output_offset=0, total_bins_input=60, total_bins_output=60
2026-03-06 00:40:38,645 - INFO -   Valid start positions per trial: 0 to 0
2026-03-06 00:40:38,645 - INFO -   Total samples: 600 (600 trials × 1 positions)
2026-03-06 00:41:02,936 - INFO - BinnedStimSpikeDataset initialized:
2026-03-06 00:41:02,936 - INFO -   input_bin_size_ms=10, output_bin_size_ms=10
2026-03-06 00:41:02,936 - INFO -   n_input_bins=60, n_output_bins=60
2026-03-06 00:41:02,936 - INFO -   output_offset=0, total_bins_input=60, total_bins_output=60
2026-03-06 00:41:02,936 - INFO -   Valid start positions per trial: 0 to 0
2026-03-06 00:41:02,936 - INFO -   Total samples: 1000 (1000 trials × 1 positions)
2026-03-06 00:41:02,937 - INFO - Samples — train: 3400, val: 600, test: 1000
2026-03-06 00:41:02,937 - INFO - Input channels: 105, Neurons: 63
2026-03-06 00:41:02,941 - INFO - Using CPU
2026-03-06 00:41:02,956 - INFO - Model: CNN — 143,679 trainable params (143,679 total)
2026-03-06 00:41:06,077 - INFO - Starting training …
2026-03-06 00:41:12,219 - INFO - Epoch   1/50 | Train: 0.226725 | Val: 0.189082 | Corr: 0.067227 | LR: 5.00e-04
2026-03-06 00:41:12,228 - INFO -   ↳ Saved best model (val_corr=0.067227)
2026-03-06 00:41:17,281 - INFO - Epoch   2/50 | Train: 0.184086 | Val: 0.187349 | Corr: 0.076877 | LR: 5.00e-04
2026-03-06 00:41:17,290 - INFO -   ↳ Saved best model (val_corr=0.076877)
2026-03-06 00:41:22,227 - INFO - Epoch   3/50 | Train: 0.182309 | Val: 0.189120 | Corr: 0.085007 | LR: 5.00e-04
2026-03-06 00:41:22,235 - INFO -   ↳ Saved best model (val_corr=0.085007)
2026-03-06 00:41:27,167 - INFO - Epoch   4/50 | Train: 0.181153 | Val: 0.188146 | Corr: 0.091729 | LR: 5.00e-04
2026-03-06 00:41:27,178 - INFO -   ↳ Saved best model (val_corr=0.091729)
2026-03-06 00:41:32,199 - INFO - Epoch   5/50 | Train: 0.180223 | Val: 0.185915 | Corr: 0.097501 | LR: 5.00e-04
2026-03-06 00:41:32,208 - INFO -   ↳ Saved best model (val_corr=0.097501)
2026-03-06 00:41:37,055 - INFO - Epoch   6/50 | Train: 0.179472 | Val: 0.185078 | Corr: 0.102581 | LR: 5.00e-04
2026-03-06 00:41:37,063 - INFO -   ↳ Saved best model (val_corr=0.102581)
2026-03-06 00:41:41,892 - INFO - Epoch   7/50 | Train: 0.178779 | Val: 0.186216 | Corr: 0.106634 | LR: 5.00e-04
2026-03-06 00:41:41,900 - INFO -   ↳ Saved best model (val_corr=0.106634)
2026-03-06 00:41:46,812 - INFO - Epoch   8/50 | Train: 0.178279 | Val: 0.184824 | Corr: 0.110788 | LR: 5.00e-04
2026-03-06 00:41:46,821 - INFO -   ↳ Saved best model (val_corr=0.110788)
2026-03-06 00:41:51,789 - INFO - Epoch   9/50 | Train: 0.177752 | Val: 0.182592 | Corr: 0.113632 | LR: 5.00e-04
2026-03-06 00:41:51,797 - INFO -   ↳ Saved best model (val_corr=0.113632)
2026-03-06 00:41:56,684 - INFO - Epoch  10/50 | Train: 0.177310 | Val: 0.184526 | Corr: 0.117756 | LR: 5.00e-04
2026-03-06 00:41:56,694 - INFO -   ↳ Saved best model (val_corr=0.117756)
2026-03-06 00:42:01,684 - INFO - Epoch  11/50 | Train: 0.176985 | Val: 0.183028 | Corr: 0.121281 | LR: 5.00e-04
2026-03-06 00:42:01,692 - INFO -   ↳ Saved best model (val_corr=0.121281)
2026-03-06 00:42:06,666 - INFO - Epoch  12/50 | Train: 0.176644 | Val: 0.181684 | Corr: 0.124170 | LR: 5.00e-04
2026-03-06 00:42:06,675 - INFO -   ↳ Saved best model (val_corr=0.124170)
2026-03-06 00:42:11,394 - INFO - Epoch  13/50 | Train: 0.176390 | Val: 0.182060 | Corr: 0.126168 | LR: 5.00e-04
2026-03-06 00:42:11,404 - INFO -   ↳ Saved best model (val_corr=0.126168)
2026-03-06 00:42:16,045 - INFO - Epoch  14/50 | Train: 0.176034 | Val: 0.179660 | Corr: 0.127283 | LR: 5.00e-04
2026-03-06 00:42:16,055 - INFO -   ↳ Saved best model (val_corr=0.127283)
2026-03-06 00:42:20,807 - INFO - Epoch  15/50 | Train: 0.175863 | Val: 0.181649 | Corr: 0.130302 | LR: 5.00e-04
2026-03-06 00:42:20,815 - INFO -   ↳ Saved best model (val_corr=0.130302)
2026-03-06 00:42:25,839 - INFO - Epoch  16/50 | Train: 0.175648 | Val: 0.182512 | Corr: 0.132440 | LR: 5.00e-04
2026-03-06 00:42:25,849 - INFO -   ↳ Saved best model (val_corr=0.132440)
2026-03-06 00:42:30,961 - INFO - Epoch  17/50 | Train: 0.175416 | Val: 0.179984 | Corr: 0.133097 | LR: 5.00e-04
2026-03-06 00:42:30,970 - INFO -   ↳ Saved best model (val_corr=0.133097)
2026-03-06 00:42:36,082 - INFO - Epoch  18/50 | Train: 0.175418 | Val: 0.179687 | Corr: 0.134503 | LR: 5.00e-04
2026-03-06 00:42:36,091 - INFO -   ↳ Saved best model (val_corr=0.134503)
2026-03-06 00:42:41,098 - INFO - Epoch  19/50 | Train: 0.175176 | Val: 0.181106 | Corr: 0.136351 | LR: 5.00e-04
2026-03-06 00:42:41,106 - INFO -   ↳ Saved best model (val_corr=0.136351)
2026-03-06 00:42:46,142 - INFO - Epoch  20/50 | Train: 0.174928 | Val: 0.180842 | Corr: 0.137316 | LR: 2.50e-04
2026-03-06 00:42:46,153 - INFO -   ↳ Saved best model (val_corr=0.137316)
2026-03-06 00:42:51,170 - INFO - Epoch  21/50 | Train: 0.174466 | Val: 0.180377 | Corr: 0.138460 | LR: 2.50e-04
2026-03-06 00:42:51,181 - INFO -   ↳ Saved best model (val_corr=0.138460)
2026-03-06 00:42:56,335 - INFO - Epoch  22/50 | Train: 0.174343 | Val: 0.179755 | Corr: 0.138505 | LR: 2.50e-04
2026-03-06 00:42:56,344 - INFO -   ↳ Saved best model (val_corr=0.138505)
2026-03-06 00:43:01,487 - INFO - Epoch  23/50 | Train: 0.174264 | Val: 0.181027 | Corr: 0.139877 | LR: 2.50e-04
2026-03-06 00:43:01,495 - INFO -   ↳ Saved best model (val_corr=0.139877)
2026-03-06 00:43:06,633 - INFO - Epoch  24/50 | Train: 0.174276 | Val: 0.179663 | Corr: 0.138983 | LR: 2.50e-04
2026-03-06 00:43:11,802 - INFO - Epoch  25/50 | Train: 0.174109 | Val: 0.179719 | Corr: 0.139664 | LR: 2.50e-04
2026-03-06 00:43:16,939 - INFO - Epoch  26/50 | Train: 0.174096 | Val: 0.179662 | Corr: 0.140600 | LR: 1.25e-04
2026-03-06 00:43:16,951 - INFO -   ↳ Saved best model (val_corr=0.140600)
2026-03-06 00:43:21,942 - INFO - Epoch  27/50 | Train: 0.173869 | Val: 0.179261 | Corr: 0.140973 | LR: 1.25e-04
2026-03-06 00:43:21,951 - INFO -   ↳ Saved best model (val_corr=0.140973)
2026-03-06 00:43:27,266 - INFO - Epoch  28/50 | Train: 0.173668 | Val: 0.179291 | Corr: 0.140993 | LR: 1.25e-04
2026-03-06 00:43:27,275 - INFO -   ↳ Saved best model (val_corr=0.140993)
2026-03-06 00:43:32,565 - INFO - Epoch  29/50 | Train: 0.173692 | Val: 0.179513 | Corr: 0.141345 | LR: 1.25e-04
2026-03-06 00:43:32,574 - INFO -   ↳ Saved best model (val_corr=0.141345)
2026-03-06 00:43:37,828 - INFO - Epoch  30/50 | Train: 0.173656 | Val: 0.179591 | Corr: 0.141701 | LR: 1.25e-04
2026-03-06 00:43:37,838 - INFO -   ↳ Saved best model (val_corr=0.141701)
2026-03-06 00:43:42,817 - INFO - Epoch  31/50 | Train: 0.173737 | Val: 0.179387 | Corr: 0.141589 | LR: 1.25e-04
2026-03-06 00:43:47,801 - INFO - Epoch  32/50 | Train: 0.173648 | Val: 0.180307 | Corr: 0.142484 | LR: 1.25e-04
2026-03-06 00:43:47,811 - INFO -   ↳ Saved best model (val_corr=0.142484)
2026-03-06 00:43:52,675 - INFO - Epoch  33/50 | Train: 0.173593 | Val: 0.179289 | Corr: 0.141823 | LR: 6.25e-05
2026-03-06 00:43:57,572 - INFO - Epoch  34/50 | Train: 0.173424 | Val: 0.179722 | Corr: 0.142065 | LR: 6.25e-05
2026-03-06 00:44:02,448 - INFO - Epoch  35/50 | Train: 0.173382 | Val: 0.179242 | Corr: 0.142310 | LR: 6.25e-05
2026-03-06 00:44:07,395 - INFO - Epoch  36/50 | Train: 0.173368 | Val: 0.179650 | Corr: 0.142353 | LR: 6.25e-05
2026-03-06 00:44:12,443 - INFO - Epoch  37/50 | Train: 0.173295 | Val: 0.179267 | Corr: 0.142350 | LR: 6.25e-05
2026-03-06 00:44:17,467 - INFO - Epoch  38/50 | Train: 0.173242 | Val: 0.179878 | Corr: 0.142624 | LR: 6.25e-05
2026-03-06 00:44:17,478 - INFO -   ↳ Saved best model (val_corr=0.142624)
2026-03-06 00:44:22,762 - INFO - Epoch  39/50 | Train: 0.173371 | Val: 0.179790 | Corr: 0.142662 | LR: 6.25e-05
2026-03-06 00:44:22,770 - INFO -   ↳ Saved best model (val_corr=0.142662)
2026-03-06 00:44:28,028 - INFO - Epoch  40/50 | Train: 0.173300 | Val: 0.179501 | Corr: 0.142527 | LR: 6.25e-05
2026-03-06 00:44:33,287 - INFO - Epoch  41/50 | Train: 0.173255 | Val: 0.179371 | Corr: 0.142629 | LR: 3.13e-05
2026-03-06 00:44:38,494 - INFO - Epoch  42/50 | Train: 0.173176 | Val: 0.179801 | Corr: 0.142765 | LR: 3.13e-05
2026-03-06 00:44:38,504 - INFO -   ↳ Saved best model (val_corr=0.142765)
2026-03-06 00:44:43,724 - INFO - Epoch  43/50 | Train: 0.173198 | Val: 0.179648 | Corr: 0.142811 | LR: 3.13e-05
2026-03-06 00:44:43,731 - INFO -   ↳ Saved best model (val_corr=0.142811)
2026-03-06 00:44:48,984 - INFO - Epoch  44/50 | Train: 0.173166 | Val: 0.179507 | Corr: 0.142666 | LR: 3.13e-05
2026-03-06 00:44:53,946 - INFO - Epoch  45/50 | Train: 0.173168 | Val: 0.180252 | Corr: 0.142944 | LR: 3.13e-05
2026-03-06 00:44:53,957 - INFO -   ↳ Saved best model (val_corr=0.142944)
2026-03-06 00:44:58,825 - INFO - Epoch  46/50 | Train: 0.173176 | Val: 0.179754 | Corr: 0.142943 | LR: 3.13e-05
2026-03-06 00:45:03,903 - INFO - Epoch  47/50 | Train: 0.173159 | Val: 0.179916 | Corr: 0.142852 | LR: 1.56e-05
2026-03-06 00:45:08,957 - INFO - Epoch  48/50 | Train: 0.173062 | Val: 0.179647 | Corr: 0.142850 | LR: 1.56e-05
2026-03-06 00:45:13,787 - INFO - Epoch  49/50 | Train: 0.173095 | Val: 0.179780 | Corr: 0.142839 | LR: 1.56e-05
2026-03-06 00:45:18,851 - INFO - Epoch  50/50 | Train: 0.173137 | Val: 0.179622 | Corr: 0.142989 | LR: 1.56e-05
2026-03-06 00:45:18,861 - INFO -   ↳ Saved best model (val_corr=0.142989)
2026-03-06 00:45:18,862 - INFO - Training complete — best val corr: 0.142989
2026-03-06 00:45:20,439 - INFO - Test loss: 0.168928, Test corr: 0.138795
2026-03-06 00:45:20,786 - INFO - Fraction of variance explained (FVE): 0.016842
2026-03-06 00:45:20,786 - INFO - Computing autoregressive (AR) test predictions …
2026-03-06 00:45:21,331 - INFO - AR FVE: 0.011712, AR test corr: 0.128343
2026-03-06 00:45:21,331 - INFO - Generating figures …
2026-03-06 00:45:21,834 - INFO - Correlation between predicted and actual per-neuron averages: r=0.9958, p=0.00e+00
2026-03-06 00:45:23,864 - INFO - Pattern selectivity summary:
2026-03-06 00:45:23,864 - INFO -   Mean correlation across neurons: 0.5245
2026-03-06 00:45:23,864 - INFO -   Median correlation: 0.5562
2026-03-06 00:45:23,864 - INFO -   Neurons with r > 0.5: 37 / 63
2026-03-06 00:45:23,864 - INFO -   Neurons with r > 0.3: 58 / 63
2026-03-06 00:45:23,864 - INFO - Pattern selectivity — mean neuron corr: 0.5245
2026-03-06 00:45:25,565 - INFO - LOO (avg rate) — Model mean r: 0.3583, LOO mean r: 0.4546, Neurons model > LOO: 8/63
2026-03-06 00:45:27,828 - INFO - LOO (temporal) — Model mean r: 0.1438, LOO mean r: 0.3186, Neurons model > LOO: 2/63
2026-03-06 00:45:27,828 - INFO - Skipping oracle trial plots (skip_oracle_plots=True)
2026-03-06 00:45:27,833 - INFO - Experiment complete. Summary: {
  "run_dir": "/scratch/sb272/patterns5k_results/slurm_hist_cnn_2026-03-05_16-01-45/trial_0347_learning_rate=5.0e-04_history=10_kernel_sizes=3x3_conv_channels=64x128_fc_dims=512_seed0",
  "model_type": "cnn",
  "batch_avg_test_loss": 0.168927751660347,
  "batch_avg_test_corr": 0.1387953733942851,
  "all_test_fve": 0.016841779625605024,
  "AR_FVE": 0.011712459344712515,
  "AR_test_correlation": 0.12834256887435913,
  "best_val_corr": 0.14298863801227477,
  "total_params": 143679,
  "trainable_params": 143679,
  "epochs_trained": 50,
  "mean_pattern_corr": 0.5244837007488861,
  "history": 10,
  "init_state": true,
  "loo_avg_mean_corr": 0.45456832695830385,
  "model_avg_mean_corr": 0.35834617089510656,
  "neurons_model_beats_loo_avg": 8,
  "loo_temporal_mean_corr": 0.31855225563049316,
  "all_test_corr": 0.14380264282226562,
  "neurons_model_beats_loo_temporal": 2,
  "kernel_sizes": [
    3,
    3
  ],
  "conv_channels": [
    64,
    128
  ],
  "fc_dims": [
    512
  ]
}
