2026-03-03 22:06:32,243 - INFO - ============================================================
2026-03-03 22:06:32,243 - INFO - Experiment run directory: /scratch/sb272/patterns5k_results/slurm_hist_cnn_2026-03-03_15-13-01/trial_0139_learning_rate=5.0e-04_history=20_kernel_sizes=10x5x3_conv_channels=256x128x64_fc_dims=256_seed2
2026-03-03 22:06:32,243 - INFO - ============================================================
2026-03-03 22:06:32,243 - INFO - Loading data …
2026-03-03 22:06:33,483 - INFO - 63 unique neurons after dropping problematic neurons
2026-03-03 22:06:34,458 - INFO - Stimulation channels: 42, Spiking neurons: 63
2026-03-03 22:07:47,886 - INFO - Unique patterns: 4050, Total trials: 5000
2026-03-03 22:07:47,887 - INFO - Stimulation channels: 42, Spiking neurons: 63
2026-03-03 22:07:47,887 - INFO - Unique patterns: 4050, Total trials: 5000
2026-03-03 22:07:47,899 - INFO - Split (oracle): train=3400, val=600, test=1000
2026-03-03 22:08:02,212 - INFO - BinnedStimSpikeDataset initialized:
2026-03-03 22:08:02,212 - INFO -   input_bin_size_ms=10, output_bin_size_ms=10
2026-03-03 22:08:02,212 - INFO -   n_input_bins=60, n_output_bins=60
2026-03-03 22:08:02,212 - INFO -   output_offset=0, total_bins_input=60, total_bins_output=60
2026-03-03 22:08:02,212 - INFO -   Valid start positions per trial: 0 to 0
2026-03-03 22:08:02,212 - INFO -   Total samples: 3400 (3400 trials × 1 positions)
2026-03-03 22:08:16,021 - INFO - BinnedStimSpikeDataset initialized:
2026-03-03 22:08:16,021 - INFO -   input_bin_size_ms=10, output_bin_size_ms=10
2026-03-03 22:08:16,021 - INFO -   n_input_bins=60, n_output_bins=60
2026-03-03 22:08:16,021 - INFO -   output_offset=0, total_bins_input=60, total_bins_output=60
2026-03-03 22:08:16,021 - INFO -   Valid start positions per trial: 0 to 0
2026-03-03 22:08:16,021 - INFO -   Total samples: 600 (600 trials × 1 positions)
2026-03-03 22:08:29,924 - INFO - BinnedStimSpikeDataset initialized:
2026-03-03 22:08:29,924 - INFO -   input_bin_size_ms=10, output_bin_size_ms=10
2026-03-03 22:08:29,924 - INFO -   n_input_bins=60, n_output_bins=60
2026-03-03 22:08:29,924 - INFO -   output_offset=0, total_bins_input=60, total_bins_output=60
2026-03-03 22:08:29,924 - INFO -   Valid start positions per trial: 0 to 0
2026-03-03 22:08:29,924 - INFO -   Total samples: 1000 (1000 trials × 1 positions)
2026-03-03 22:08:29,925 - INFO - Samples — train: 3400, val: 600, test: 1000
2026-03-03 22:08:29,925 - INFO - Input channels: 105, Neurons: 63
2026-03-03 22:08:29,951 - INFO - Using CPU
2026-03-03 22:08:29,969 - INFO - Model: CNN — 491,391 trainable params (491,391 total)
2026-03-03 22:08:44,623 - INFO - Starting training …
2026-03-03 22:08:52,231 - INFO - Epoch   1/50 | Train: 0.263250 | Val: 0.182189 | Corr: 0.072593 | LR: 5.00e-04
2026-03-03 22:08:52,291 - INFO -   ↳ Saved best model (val_corr=0.072593)
2026-03-03 22:08:58,557 - INFO - Epoch   2/50 | Train: 0.184213 | Val: 0.180759 | Corr: 0.085659 | LR: 5.00e-04
2026-03-03 22:08:58,608 - INFO -   ↳ Saved best model (val_corr=0.085659)
2026-03-03 22:09:04,898 - INFO - Epoch   3/50 | Train: 0.182011 | Val: 0.180266 | Corr: 0.091508 | LR: 5.00e-04
2026-03-03 22:09:04,939 - INFO -   ↳ Saved best model (val_corr=0.091508)
2026-03-03 22:09:11,194 - INFO - Epoch   4/50 | Train: 0.180405 | Val: 0.179605 | Corr: 0.095394 | LR: 5.00e-04
2026-03-03 22:09:11,232 - INFO -   ↳ Saved best model (val_corr=0.095394)
2026-03-03 22:09:17,429 - INFO - Epoch   5/50 | Train: 0.178893 | Val: 0.178882 | Corr: 0.100823 | LR: 5.00e-04
2026-03-03 22:09:17,470 - INFO -   ↳ Saved best model (val_corr=0.100823)
2026-03-03 22:09:23,702 - INFO - Epoch   6/50 | Train: 0.177615 | Val: 0.178943 | Corr: 0.104116 | LR: 5.00e-04
2026-03-03 22:09:23,746 - INFO -   ↳ Saved best model (val_corr=0.104116)
2026-03-03 22:09:30,034 - INFO - Epoch   7/50 | Train: 0.176305 | Val: 0.178788 | Corr: 0.105074 | LR: 5.00e-04
2026-03-03 22:09:30,092 - INFO -   ↳ Saved best model (val_corr=0.105074)
2026-03-03 22:09:36,401 - INFO - Epoch   8/50 | Train: 0.175013 | Val: 0.178688 | Corr: 0.106355 | LR: 5.00e-04
2026-03-03 22:09:36,455 - INFO -   ↳ Saved best model (val_corr=0.106355)
2026-03-03 22:09:42,753 - INFO - Epoch   9/50 | Train: 0.173816 | Val: 0.178922 | Corr: 0.107987 | LR: 5.00e-04
2026-03-03 22:09:42,792 - INFO -   ↳ Saved best model (val_corr=0.107987)
2026-03-03 22:09:49,095 - INFO - Epoch  10/50 | Train: 0.172778 | Val: 0.178949 | Corr: 0.111429 | LR: 5.00e-04
2026-03-03 22:09:49,139 - INFO -   ↳ Saved best model (val_corr=0.111429)
2026-03-03 22:09:55,434 - INFO - Epoch  11/50 | Train: 0.171718 | Val: 0.179314 | Corr: 0.109922 | LR: 5.00e-04
2026-03-03 22:10:01,739 - INFO - Epoch  12/50 | Train: 0.170638 | Val: 0.179356 | Corr: 0.111889 | LR: 5.00e-04
2026-03-03 22:10:01,787 - INFO -   ↳ Saved best model (val_corr=0.111889)
2026-03-03 22:10:08,114 - INFO - Epoch  13/50 | Train: 0.169665 | Val: 0.179194 | Corr: 0.109300 | LR: 5.00e-04
2026-03-03 22:10:14,397 - INFO - Epoch  14/50 | Train: 0.168774 | Val: 0.179644 | Corr: 0.112774 | LR: 2.50e-04
2026-03-03 22:10:14,433 - INFO -   ↳ Saved best model (val_corr=0.112774)
2026-03-03 22:10:20,810 - INFO - Epoch  15/50 | Train: 0.166850 | Val: 0.179839 | Corr: 0.112521 | LR: 2.50e-04
2026-03-03 22:10:27,099 - INFO - Epoch  16/50 | Train: 0.166181 | Val: 0.180267 | Corr: 0.112577 | LR: 2.50e-04
2026-03-03 22:10:33,363 - INFO - Epoch  17/50 | Train: 0.165637 | Val: 0.180980 | Corr: 0.112352 | LR: 2.50e-04
2026-03-03 22:10:39,734 - INFO - Epoch  18/50 | Train: 0.165096 | Val: 0.182583 | Corr: 0.112111 | LR: 2.50e-04
2026-03-03 22:10:46,117 - INFO - Epoch  19/50 | Train: 0.164702 | Val: 0.180584 | Corr: 0.113984 | LR: 2.50e-04
2026-03-03 22:10:46,147 - INFO -   ↳ Saved best model (val_corr=0.113984)
2026-03-03 22:10:52,491 - INFO - Epoch  20/50 | Train: 0.164331 | Val: 0.181988 | Corr: 0.113524 | LR: 1.25e-04
2026-03-03 22:10:58,876 - INFO - Epoch  21/50 | Train: 0.163403 | Val: 0.181279 | Corr: 0.112732 | LR: 1.25e-04
2026-03-03 22:11:05,225 - INFO - Epoch  22/50 | Train: 0.163091 | Val: 0.181289 | Corr: 0.113604 | LR: 1.25e-04
2026-03-03 22:11:11,641 - INFO - Epoch  23/50 | Train: 0.162818 | Val: 0.181246 | Corr: 0.113169 | LR: 1.25e-04
2026-03-03 22:11:17,895 - INFO - Epoch  24/50 | Train: 0.162533 | Val: 0.182061 | Corr: 0.113486 | LR: 1.25e-04
2026-03-03 22:11:24,181 - INFO - Epoch  25/50 | Train: 0.162452 | Val: 0.182921 | Corr: 0.112240 | LR: 1.25e-04
2026-03-03 22:11:30,643 - INFO - Epoch  26/50 | Train: 0.162184 | Val: 0.182653 | Corr: 0.112257 | LR: 6.25e-05
2026-03-03 22:11:37,109 - INFO - Epoch  27/50 | Train: 0.161792 | Val: 0.182786 | Corr: 0.113348 | LR: 6.25e-05
2026-03-03 22:11:43,542 - INFO - Epoch  28/50 | Train: 0.161550 | Val: 0.182468 | Corr: 0.113022 | LR: 6.25e-05
2026-03-03 22:11:49,958 - INFO - Epoch  29/50 | Train: 0.161452 | Val: 0.183190 | Corr: 0.113085 | LR: 6.25e-05
2026-03-03 22:11:49,958 - INFO - Early stopping at epoch 29
2026-03-03 22:11:49,958 - INFO - Training complete — best val corr: 0.113984
2026-03-03 22:11:51,531 - INFO - Test loss: 0.170971, Test corr: 0.114682
2026-03-03 22:11:52,093 - INFO - Fraction of variance explained (FVE): 0.012108
2026-03-03 22:11:52,093 - INFO - Computing autoregressive (AR) test predictions …
2026-03-03 22:11:52,781 - INFO - AR FVE: 0.010323, AR test corr: 0.111376
2026-03-03 22:11:52,782 - INFO - Generating figures …
2026-03-03 22:11:53,622 - INFO - Correlation between predicted and actual per-neuron averages: r=0.9904, p=0.00e+00
2026-03-03 22:11:55,718 - INFO - Pattern selectivity summary:
2026-03-03 22:11:55,718 - INFO -   Mean correlation across neurons: 0.4116
2026-03-03 22:11:55,718 - INFO -   Median correlation: 0.4506
2026-03-03 22:11:55,718 - INFO -   Neurons with r > 0.5: 23 / 63
2026-03-03 22:11:55,718 - INFO -   Neurons with r > 0.3: 44 / 63
2026-03-03 22:11:55,718 - INFO - Pattern selectivity — mean neuron corr: 0.4116
2026-03-03 22:11:57,406 - INFO - LOO (avg rate) — Model mean r: 0.3057, LOO mean r: 0.4546, Neurons model > LOO: 9/63
2026-03-03 22:11:59,528 - INFO - LOO (temporal) — Model mean r: 0.1212, LOO mean r: 0.3186, Neurons model > LOO: 1/63
2026-03-03 22:11:59,528 - INFO - Skipping oracle trial plots (skip_oracle_plots=True)
2026-03-03 22:11:59,563 - INFO - Experiment complete. Summary: {
  "run_dir": "/scratch/sb272/patterns5k_results/slurm_hist_cnn_2026-03-03_15-13-01/trial_0139_learning_rate=5.0e-04_history=20_kernel_sizes=10x5x3_conv_channels=256x128x64_fc_dims=256_seed2",
  "model_type": "cnn",
  "batch_avg_test_loss": 0.17097091710567475,
  "batch_avg_test_corr": 0.11468200609330624,
  "all_test_fve": 0.012107635301256936,
  "AR_FVE": 0.010322734477028014,
  "AR_test_correlation": 0.1113758236169815,
  "best_val_corr": 0.11398434191087677,
  "total_params": 491391,
  "trainable_params": 491391,
  "epochs_trained": 29,
  "mean_pattern_corr": 0.41155702454418636,
  "history": 20,
  "init_state": true,
  "loo_avg_mean_corr": 0.45456832695830385,
  "model_avg_mean_corr": 0.3056797916438651,
  "neurons_model_beats_loo_avg": 9,
  "loo_temporal_mean_corr": 0.31855225563049316,
  "all_test_corr": 0.12117418646812439,
  "neurons_model_beats_loo_temporal": 1,
  "kernel_sizes": [
    10,
    5,
    3
  ],
  "conv_channels": [
    256,
    128,
    64
  ],
  "fc_dims": [
    256
  ]
}
