2026-03-06 03:44:38,675 - INFO - ============================================================
2026-03-06 03:44:38,675 - INFO - Experiment run directory: /scratch/sb272/patterns5k_results/slurm_hist_cnn_2026-03-05_16-01-45/trial_0566_learning_rate=1.0e-03_history=5_kernel_sizes=3x3x3_conv_channels=128x128x128_fc_dims=256_seed0
2026-03-06 03:44:38,675 - INFO - ============================================================
2026-03-06 03:44:38,675 - INFO - Loading data …
2026-03-06 03:44:39,910 - INFO - 63 unique neurons after dropping problematic neurons
2026-03-06 03:44:41,081 - INFO - Stimulation channels: 42, Spiking neurons: 63
2026-03-06 03:46:11,787 - INFO - Unique patterns: 4050, Total trials: 5000
2026-03-06 03:46:11,788 - INFO - Stimulation channels: 42, Spiking neurons: 63
2026-03-06 03:46:11,788 - INFO - Unique patterns: 4050, Total trials: 5000
2026-03-06 03:46:11,801 - INFO - Split (oracle): train=3400, val=600, test=1000
2026-03-06 03:46:27,492 - INFO - BinnedStimSpikeDataset initialized:
2026-03-06 03:46:27,493 - INFO -   input_bin_size_ms=10, output_bin_size_ms=10
2026-03-06 03:46:27,493 - INFO -   n_input_bins=60, n_output_bins=60
2026-03-06 03:46:27,493 - INFO -   output_offset=0, total_bins_input=60, total_bins_output=60
2026-03-06 03:46:27,493 - INFO -   Valid start positions per trial: 0 to 0
2026-03-06 03:46:27,493 - INFO -   Total samples: 3400 (3400 trials × 1 positions)
2026-03-06 03:46:42,624 - INFO - BinnedStimSpikeDataset initialized:
2026-03-06 03:46:42,625 - INFO -   input_bin_size_ms=10, output_bin_size_ms=10
2026-03-06 03:46:42,625 - INFO -   n_input_bins=60, n_output_bins=60
2026-03-06 03:46:42,625 - INFO -   output_offset=0, total_bins_input=60, total_bins_output=60
2026-03-06 03:46:42,625 - INFO -   Valid start positions per trial: 0 to 0
2026-03-06 03:46:42,625 - INFO -   Total samples: 600 (600 trials × 1 positions)
2026-03-06 03:46:57,941 - INFO - BinnedStimSpikeDataset initialized:
2026-03-06 03:46:57,941 - INFO -   input_bin_size_ms=10, output_bin_size_ms=10
2026-03-06 03:46:57,941 - INFO -   n_input_bins=60, n_output_bins=60
2026-03-06 03:46:57,941 - INFO -   output_offset=0, total_bins_input=60, total_bins_output=60
2026-03-06 03:46:57,941 - INFO -   Valid start positions per trial: 0 to 0
2026-03-06 03:46:57,941 - INFO -   Total samples: 1000 (1000 trials × 1 positions)
2026-03-06 03:46:57,942 - INFO - Samples — train: 3400, val: 600, test: 1000
2026-03-06 03:46:57,942 - INFO - Input channels: 105, Neurons: 63
2026-03-06 03:46:57,946 - INFO - Using CPU
2026-03-06 03:46:57,963 - INFO - Model: CNN — 188,991 trainable params (188,991 total)
2026-03-06 03:47:01,284 - INFO - Starting training …
2026-03-06 03:47:07,301 - INFO - Epoch   1/50 | Train: 0.217350 | Val: 0.183738 | Corr: 0.084469 | LR: 1.00e-03
2026-03-06 03:47:07,318 - INFO -   ↳ Saved best model (val_corr=0.084469)
2026-03-06 03:47:12,413 - INFO - Epoch   2/50 | Train: 0.182124 | Val: 0.183047 | Corr: 0.096539 | LR: 1.00e-03
2026-03-06 03:47:12,426 - INFO -   ↳ Saved best model (val_corr=0.096539)
2026-03-06 03:47:17,332 - INFO - Epoch   3/50 | Train: 0.180281 | Val: 0.181072 | Corr: 0.107130 | LR: 1.00e-03
2026-03-06 03:47:17,344 - INFO -   ↳ Saved best model (val_corr=0.107130)
2026-03-06 03:47:22,574 - INFO - Epoch   4/50 | Train: 0.179095 | Val: 0.180697 | Corr: 0.114810 | LR: 1.00e-03
2026-03-06 03:47:22,586 - INFO -   ↳ Saved best model (val_corr=0.114810)
2026-03-06 03:47:27,730 - INFO - Epoch   5/50 | Train: 0.178160 | Val: 0.179768 | Corr: 0.119696 | LR: 1.00e-03
2026-03-06 03:47:27,742 - INFO -   ↳ Saved best model (val_corr=0.119696)
2026-03-06 03:47:32,289 - INFO - Epoch   6/50 | Train: 0.177246 | Val: 0.179291 | Corr: 0.125629 | LR: 1.00e-03
2026-03-06 03:47:32,311 - INFO -   ↳ Saved best model (val_corr=0.125629)
2026-03-06 03:47:37,424 - INFO - Epoch   7/50 | Train: 0.176467 | Val: 0.178905 | Corr: 0.129630 | LR: 1.00e-03
2026-03-06 03:47:37,435 - INFO -   ↳ Saved best model (val_corr=0.129630)
2026-03-06 03:47:42,580 - INFO - Epoch   8/50 | Train: 0.175653 | Val: 0.178531 | Corr: 0.133438 | LR: 1.00e-03
2026-03-06 03:47:42,591 - INFO -   ↳ Saved best model (val_corr=0.133438)
2026-03-06 03:47:48,213 - INFO - Epoch   9/50 | Train: 0.175189 | Val: 0.178119 | Corr: 0.136151 | LR: 1.00e-03
2026-03-06 03:47:48,232 - INFO -   ↳ Saved best model (val_corr=0.136151)
2026-03-06 03:47:54,197 - INFO - Epoch  10/50 | Train: 0.174414 | Val: 0.177629 | Corr: 0.139432 | LR: 1.00e-03
2026-03-06 03:47:54,210 - INFO -   ↳ Saved best model (val_corr=0.139432)
2026-03-06 03:47:59,707 - INFO - Epoch  11/50 | Train: 0.174104 | Val: 0.177360 | Corr: 0.142326 | LR: 1.00e-03
2026-03-06 03:47:59,719 - INFO -   ↳ Saved best model (val_corr=0.142326)
2026-03-06 03:48:04,692 - INFO - Epoch  12/50 | Train: 0.173750 | Val: 0.177451 | Corr: 0.142775 | LR: 1.00e-03
2026-03-06 03:48:04,703 - INFO -   ↳ Saved best model (val_corr=0.142775)
2026-03-06 03:48:08,650 - INFO - Epoch  13/50 | Train: 0.173213 | Val: 0.177386 | Corr: 0.145786 | LR: 1.00e-03
2026-03-06 03:48:08,661 - INFO -   ↳ Saved best model (val_corr=0.145786)
2026-03-06 03:48:12,920 - INFO - Epoch  14/50 | Train: 0.172788 | Val: 0.177707 | Corr: 0.146528 | LR: 1.00e-03
2026-03-06 03:48:12,930 - INFO -   ↳ Saved best model (val_corr=0.146528)
2026-03-06 03:48:16,976 - INFO - Epoch  15/50 | Train: 0.172392 | Val: 0.177215 | Corr: 0.147409 | LR: 1.00e-03
2026-03-06 03:48:16,988 - INFO -   ↳ Saved best model (val_corr=0.147409)
2026-03-06 03:48:21,526 - INFO - Epoch  16/50 | Train: 0.172156 | Val: 0.176988 | Corr: 0.147893 | LR: 1.00e-03
2026-03-06 03:48:21,535 - INFO -   ↳ Saved best model (val_corr=0.147893)
2026-03-06 03:48:26,373 - INFO - Epoch  17/50 | Train: 0.171870 | Val: 0.176784 | Corr: 0.150206 | LR: 1.00e-03
2026-03-06 03:48:26,383 - INFO -   ↳ Saved best model (val_corr=0.150206)
2026-03-06 03:48:31,094 - INFO - Epoch  18/50 | Train: 0.171529 | Val: 0.176606 | Corr: 0.151463 | LR: 1.00e-03
2026-03-06 03:48:31,104 - INFO -   ↳ Saved best model (val_corr=0.151463)
2026-03-06 03:48:35,732 - INFO - Epoch  19/50 | Train: 0.171266 | Val: 0.176557 | Corr: 0.152145 | LR: 1.00e-03
2026-03-06 03:48:35,742 - INFO -   ↳ Saved best model (val_corr=0.152145)
2026-03-06 03:48:40,344 - INFO - Epoch  20/50 | Train: 0.171090 | Val: 0.177326 | Corr: 0.150355 | LR: 1.00e-03
2026-03-06 03:48:44,749 - INFO - Epoch  21/50 | Train: 0.170849 | Val: 0.176766 | Corr: 0.153762 | LR: 1.00e-03
2026-03-06 03:48:44,765 - INFO -   ↳ Saved best model (val_corr=0.153762)
2026-03-06 03:48:49,975 - INFO - Epoch  22/50 | Train: 0.170519 | Val: 0.178911 | Corr: 0.148794 | LR: 1.00e-03
2026-03-06 03:48:55,244 - INFO - Epoch  23/50 | Train: 0.170297 | Val: 0.176790 | Corr: 0.152602 | LR: 1.00e-03
2026-03-06 03:49:00,948 - INFO - Epoch  24/50 | Train: 0.170051 | Val: 0.176685 | Corr: 0.154455 | LR: 1.00e-03
2026-03-06 03:49:00,961 - INFO -   ↳ Saved best model (val_corr=0.154455)
2026-03-06 03:49:06,582 - INFO - Epoch  25/50 | Train: 0.169965 | Val: 0.176871 | Corr: 0.153902 | LR: 5.00e-04
2026-03-06 03:49:10,867 - INFO - Epoch  26/50 | Train: 0.168913 | Val: 0.176965 | Corr: 0.154708 | LR: 5.00e-04
2026-03-06 03:49:10,879 - INFO -   ↳ Saved best model (val_corr=0.154708)
2026-03-06 03:49:15,374 - INFO - Epoch  27/50 | Train: 0.168701 | Val: 0.177807 | Corr: 0.153090 | LR: 5.00e-04
2026-03-06 03:49:20,158 - INFO - Epoch  28/50 | Train: 0.168564 | Val: 0.176705 | Corr: 0.155098 | LR: 5.00e-04
2026-03-06 03:49:20,169 - INFO -   ↳ Saved best model (val_corr=0.155098)
2026-03-06 03:49:24,928 - INFO - Epoch  29/50 | Train: 0.168403 | Val: 0.177060 | Corr: 0.154248 | LR: 5.00e-04
2026-03-06 03:49:29,926 - INFO - Epoch  30/50 | Train: 0.168207 | Val: 0.176773 | Corr: 0.155015 | LR: 5.00e-04
2026-03-06 03:49:34,900 - INFO - Epoch  31/50 | Train: 0.168144 | Val: 0.178125 | Corr: 0.152734 | LR: 2.50e-04
2026-03-06 03:49:39,627 - INFO - Epoch  32/50 | Train: 0.167687 | Val: 0.177151 | Corr: 0.153872 | LR: 2.50e-04
2026-03-06 03:49:44,634 - INFO - Epoch  33/50 | Train: 0.167466 | Val: 0.177414 | Corr: 0.154212 | LR: 2.50e-04
2026-03-06 03:49:49,552 - INFO - Epoch  34/50 | Train: 0.167394 | Val: 0.177181 | Corr: 0.154547 | LR: 2.50e-04
2026-03-06 03:49:55,194 - INFO - Epoch  35/50 | Train: 0.167332 | Val: 0.176965 | Corr: 0.154666 | LR: 2.50e-04
2026-03-06 03:50:00,915 - INFO - Epoch  36/50 | Train: 0.167347 | Val: 0.177704 | Corr: 0.153994 | LR: 2.50e-04
2026-03-06 03:50:06,718 - INFO - Epoch  37/50 | Train: 0.167361 | Val: 0.176987 | Corr: 0.155339 | LR: 1.25e-04
2026-03-06 03:50:06,730 - INFO -   ↳ Saved best model (val_corr=0.155339)
2026-03-06 03:50:12,345 - INFO - Epoch  38/50 | Train: 0.166927 | Val: 0.177377 | Corr: 0.154121 | LR: 1.25e-04
2026-03-06 03:50:16,176 - INFO - Epoch  39/50 | Train: 0.166985 | Val: 0.177342 | Corr: 0.154197 | LR: 1.25e-04
2026-03-06 03:50:19,943 - INFO - Epoch  40/50 | Train: 0.166877 | Val: 0.177587 | Corr: 0.153981 | LR: 1.25e-04
2026-03-06 03:50:23,690 - INFO - Epoch  41/50 | Train: 0.166823 | Val: 0.177921 | Corr: 0.153408 | LR: 1.25e-04
2026-03-06 03:50:28,060 - INFO - Epoch  42/50 | Train: 0.166850 | Val: 0.177361 | Corr: 0.154312 | LR: 1.25e-04
2026-03-06 03:50:32,702 - INFO - Epoch  43/50 | Train: 0.166799 | Val: 0.177851 | Corr: 0.153359 | LR: 6.25e-05
2026-03-06 03:50:37,599 - INFO - Epoch  44/50 | Train: 0.166654 | Val: 0.177491 | Corr: 0.154118 | LR: 6.25e-05
2026-03-06 03:50:42,482 - INFO - Epoch  45/50 | Train: 0.166638 | Val: 0.177346 | Corr: 0.154548 | LR: 6.25e-05
2026-03-06 03:50:47,188 - INFO - Epoch  46/50 | Train: 0.166631 | Val: 0.177505 | Corr: 0.154453 | LR: 6.25e-05
2026-03-06 03:50:51,730 - INFO - Epoch  47/50 | Train: 0.166661 | Val: 0.177479 | Corr: 0.154422 | LR: 6.25e-05
2026-03-06 03:50:51,730 - INFO - Early stopping at epoch 47
2026-03-06 03:50:51,731 - INFO - Training complete — best val corr: 0.155339
2026-03-06 03:50:52,919 - INFO - Test loss: 0.166134, Test corr: 0.148425
2026-03-06 03:50:53,246 - INFO - Fraction of variance explained (FVE): 0.025728
2026-03-06 03:50:53,246 - INFO - Computing autoregressive (AR) test predictions …
2026-03-06 03:50:53,681 - INFO - AR FVE: 0.017027, AR test corr: 0.124437
2026-03-06 03:50:53,681 - INFO - Generating figures …
2026-03-06 03:50:54,072 - INFO - Correlation between predicted and actual per-neuron averages: r=0.9937, p=0.00e+00
2026-03-06 03:50:55,960 - INFO - Pattern selectivity summary:
2026-03-06 03:50:55,960 - INFO -   Mean correlation across neurons: 0.5648
2026-03-06 03:50:55,960 - INFO -   Median correlation: 0.6004
2026-03-06 03:50:55,960 - INFO -   Neurons with r > 0.5: 46 / 63
2026-03-06 03:50:55,960 - INFO -   Neurons with r > 0.3: 59 / 63
2026-03-06 03:50:55,960 - INFO - Pattern selectivity — mean neuron corr: 0.5648
2026-03-06 03:50:57,755 - INFO - LOO (avg rate) — Model mean r: 0.4072, LOO mean r: 0.4546, Neurons model > LOO: 14/63
2026-03-06 03:50:59,973 - INFO - LOO (temporal) — Model mean r: 0.1549, LOO mean r: 0.3186, Neurons model > LOO: 2/63
2026-03-06 03:50:59,973 - INFO - Skipping oracle trial plots (skip_oracle_plots=True)
2026-03-06 03:50:59,980 - INFO - Experiment complete. Summary: {
  "run_dir": "/scratch/sb272/patterns5k_results/slurm_hist_cnn_2026-03-05_16-01-45/trial_0566_learning_rate=1.0e-03_history=5_kernel_sizes=3x3x3_conv_channels=128x128x128_fc_dims=256_seed0",
  "model_type": "cnn",
  "batch_avg_test_loss": 0.16613410675525667,
  "batch_avg_test_corr": 0.14842462933896172,
  "all_test_fve": 0.025727949445209806,
  "AR_FVE": 0.017026990179031615,
  "AR_test_correlation": 0.1244368776679039,
  "best_val_corr": 0.15533906448953502,
  "total_params": 188991,
  "trainable_params": 188991,
  "epochs_trained": 47,
  "mean_pattern_corr": 0.5648233327546132,
  "history": 5,
  "init_state": true,
  "loo_avg_mean_corr": 0.45456832695830385,
  "model_avg_mean_corr": 0.407225312423553,
  "neurons_model_beats_loo_avg": 14,
  "loo_temporal_mean_corr": 0.31855225563049316,
  "all_test_corr": 0.15491531789302826,
  "neurons_model_beats_loo_temporal": 2,
  "kernel_sizes": [
    3,
    3,
    3
  ],
  "conv_channels": [
    128,
    128,
    128
  ],
  "fc_dims": [
    256
  ]
}
