2026-02-25 02:55:20,523 - INFO - ============================================================
2026-02-25 02:55:20,524 - INFO - Experiment run directory: results/multilayer_cnn_nohist_sweep_v2_2026-02-24_22-05-22/trial_0116_history=3_kernel_sizes=10_conv_channels=256_fc_dims=256
2026-02-25 02:55:20,524 - INFO - ============================================================
2026-02-25 02:55:20,524 - INFO - Using preloaded raw data (skipping I/O)
2026-02-25 02:55:20,524 - INFO - Stimulation channels: 42, Spiking neurons: 63
2026-02-25 02:55:20,524 - INFO - Unique patterns: 4050, Total trials: 5000
2026-02-25 02:55:20,535 - INFO - Split (oracle): train=3400, val=600, test=1000
2026-02-25 02:55:35,181 - INFO - BinnedStimSpikeDataset initialized:
2026-02-25 02:55:35,182 - INFO -   input_bin_size_ms=10, output_bin_size_ms=10
2026-02-25 02:55:35,182 - INFO -   n_input_bins=60, n_output_bins=60
2026-02-25 02:55:35,182 - INFO -   output_offset=0, total_bins_input=60, total_bins_output=60
2026-02-25 02:55:35,182 - INFO -   Valid start positions per trial: 0 to 0
2026-02-25 02:55:35,182 - INFO -   Total samples: 3400 (3400 trials × 1 positions)
2026-02-25 02:55:48,658 - INFO - BinnedStimSpikeDataset initialized:
2026-02-25 02:55:48,658 - INFO -   input_bin_size_ms=10, output_bin_size_ms=10
2026-02-25 02:55:48,658 - INFO -   n_input_bins=60, n_output_bins=60
2026-02-25 02:55:48,658 - INFO -   output_offset=0, total_bins_input=60, total_bins_output=60
2026-02-25 02:55:48,658 - INFO -   Valid start positions per trial: 0 to 0
2026-02-25 02:55:48,658 - INFO -   Total samples: 600 (600 trials × 1 positions)
2026-02-25 02:56:02,339 - INFO - BinnedStimSpikeDataset initialized:
2026-02-25 02:56:02,340 - INFO -   input_bin_size_ms=10, output_bin_size_ms=10
2026-02-25 02:56:02,340 - INFO -   n_input_bins=60, n_output_bins=60
2026-02-25 02:56:02,340 - INFO -   output_offset=0, total_bins_input=60, total_bins_output=60
2026-02-25 02:56:02,340 - INFO -   Valid start positions per trial: 0 to 0
2026-02-25 02:56:02,340 - INFO -   Total samples: 1000 (1000 trials × 1 positions)
2026-02-25 02:56:02,340 - INFO - Samples — train: 3400, val: 600, test: 1000
2026-02-25 02:56:02,340 - INFO - Input channels: 105, Neurons: 63
2026-02-25 02:56:02,340 - INFO - Using Apple Silicon MPS acceleration
2026-02-25 02:56:02,366 - INFO - Model: CNN — 351,551 trainable params (351,551 total)
2026-02-25 02:56:02,367 - INFO - Starting training …
2026-02-25 02:56:05,821 - INFO - Epoch   1/50 | Train: 0.229493 | Val: 0.195181 | Corr: 0.119416 | LR: 1.00e-03
2026-02-25 02:56:05,834 - INFO -   ↳ Saved best model (val_corr=0.119416)
2026-02-25 02:56:09,102 - INFO - Epoch   2/50 | Train: 0.194171 | Val: 0.191077 | Corr: 0.147890 | LR: 1.00e-03
2026-02-25 02:56:09,112 - INFO -   ↳ Saved best model (val_corr=0.147890)
2026-02-25 02:56:12,417 - INFO - Epoch   3/50 | Train: 0.189597 | Val: 0.187750 | Corr: 0.169063 | LR: 1.00e-03
2026-02-25 02:56:12,429 - INFO -   ↳ Saved best model (val_corr=0.169063)
2026-02-25 02:56:15,729 - INFO - Epoch   4/50 | Train: 0.186133 | Val: 0.184958 | Corr: 0.187757 | LR: 1.00e-03
2026-02-25 02:56:15,752 - INFO -   ↳ Saved best model (val_corr=0.187757)
2026-02-25 02:56:19,035 - INFO - Epoch   5/50 | Train: 0.183229 | Val: 0.182967 | Corr: 0.200064 | LR: 1.00e-03
2026-02-25 02:56:19,050 - INFO -   ↳ Saved best model (val_corr=0.200064)
2026-02-25 02:56:22,346 - INFO - Epoch   6/50 | Train: 0.181170 | Val: 0.181461 | Corr: 0.208738 | LR: 1.00e-03
2026-02-25 02:56:22,359 - INFO -   ↳ Saved best model (val_corr=0.208738)
2026-02-25 02:56:25,622 - INFO - Epoch   7/50 | Train: 0.179713 | Val: 0.180883 | Corr: 0.211955 | LR: 1.00e-03
2026-02-25 02:56:25,638 - INFO -   ↳ Saved best model (val_corr=0.211955)
2026-02-25 02:56:28,934 - INFO - Epoch   8/50 | Train: 0.178245 | Val: 0.180200 | Corr: 0.217097 | LR: 1.00e-03
2026-02-25 02:56:28,951 - INFO -   ↳ Saved best model (val_corr=0.217097)
2026-02-25 02:56:32,276 - INFO - Epoch   9/50 | Train: 0.177329 | Val: 0.179522 | Corr: 0.220714 | LR: 1.00e-03
2026-02-25 02:56:32,289 - INFO -   ↳ Saved best model (val_corr=0.220714)
2026-02-25 02:56:35,521 - INFO - Epoch  10/50 | Train: 0.176257 | Val: 0.179459 | Corr: 0.224403 | LR: 1.00e-03
2026-02-25 02:56:35,531 - INFO -   ↳ Saved best model (val_corr=0.224403)
2026-02-25 02:56:38,795 - INFO - Epoch  11/50 | Train: 0.175434 | Val: 0.179002 | Corr: 0.225974 | LR: 1.00e-03
2026-02-25 02:56:38,803 - INFO -   ↳ Saved best model (val_corr=0.225974)
2026-02-25 02:56:42,138 - INFO - Epoch  12/50 | Train: 0.174744 | Val: 0.178616 | Corr: 0.227681 | LR: 1.00e-03
2026-02-25 02:56:42,148 - INFO -   ↳ Saved best model (val_corr=0.227681)
2026-02-25 02:56:45,381 - INFO - Epoch  13/50 | Train: 0.174009 | Val: 0.178149 | Corr: 0.229231 | LR: 1.00e-03
2026-02-25 02:56:45,392 - INFO -   ↳ Saved best model (val_corr=0.229231)
2026-02-25 02:56:48,651 - INFO - Epoch  14/50 | Train: 0.173276 | Val: 0.177972 | Corr: 0.231531 | LR: 1.00e-03
2026-02-25 02:56:48,660 - INFO -   ↳ Saved best model (val_corr=0.231531)
2026-02-25 02:56:51,939 - INFO - Epoch  15/50 | Train: 0.172638 | Val: 0.177983 | Corr: 0.231252 | LR: 1.00e-03
2026-02-25 02:56:55,212 - INFO - Epoch  16/50 | Train: 0.172185 | Val: 0.177892 | Corr: 0.232618 | LR: 1.00e-03
2026-02-25 02:56:55,221 - INFO -   ↳ Saved best model (val_corr=0.232618)
2026-02-25 02:56:58,497 - INFO - Epoch  17/50 | Train: 0.171516 | Val: 0.177836 | Corr: 0.233158 | LR: 1.00e-03
2026-02-25 02:56:58,508 - INFO -   ↳ Saved best model (val_corr=0.233158)
2026-02-25 02:57:01,772 - INFO - Epoch  18/50 | Train: 0.171063 | Val: 0.177721 | Corr: 0.234054 | LR: 1.00e-03
2026-02-25 02:57:01,782 - INFO -   ↳ Saved best model (val_corr=0.234054)
2026-02-25 02:57:05,002 - INFO - Epoch  19/50 | Train: 0.170576 | Val: 0.177805 | Corr: 0.233500 | LR: 1.00e-03
2026-02-25 02:57:08,231 - INFO - Epoch  20/50 | Train: 0.170082 | Val: 0.177978 | Corr: 0.233320 | LR: 1.00e-03
2026-02-25 02:57:11,506 - INFO - Epoch  21/50 | Train: 0.169662 | Val: 0.177758 | Corr: 0.234845 | LR: 1.00e-03
2026-02-25 02:57:11,516 - INFO -   ↳ Saved best model (val_corr=0.234845)
2026-02-25 02:57:14,737 - INFO - Epoch  22/50 | Train: 0.169178 | Val: 0.177993 | Corr: 0.234414 | LR: 1.00e-03
2026-02-25 02:57:18,027 - INFO - Epoch  23/50 | Train: 0.168838 | Val: 0.177895 | Corr: 0.234656 | LR: 1.00e-03
2026-02-25 02:57:21,330 - INFO - Epoch  24/50 | Train: 0.168566 | Val: 0.178428 | Corr: 0.235288 | LR: 5.00e-04
2026-02-25 02:57:21,339 - INFO -   ↳ Saved best model (val_corr=0.235288)
2026-02-25 02:57:24,611 - INFO - Epoch  25/50 | Train: 0.166995 | Val: 0.177886 | Corr: 0.236104 | LR: 5.00e-04
2026-02-25 02:57:24,622 - INFO -   ↳ Saved best model (val_corr=0.236104)
2026-02-25 02:57:27,949 - INFO - Epoch  26/50 | Train: 0.166549 | Val: 0.177929 | Corr: 0.235505 | LR: 5.00e-04
2026-02-25 02:57:31,322 - INFO - Epoch  27/50 | Train: 0.166310 | Val: 0.177949 | Corr: 0.236081 | LR: 5.00e-04
2026-02-25 02:57:34,561 - INFO - Epoch  28/50 | Train: 0.166136 | Val: 0.178094 | Corr: 0.235732 | LR: 5.00e-04
2026-02-25 02:57:37,805 - INFO - Epoch  29/50 | Train: 0.165912 | Val: 0.178097 | Corr: 0.235741 | LR: 5.00e-04
2026-02-25 02:57:41,155 - INFO - Epoch  30/50 | Train: 0.165686 | Val: 0.178347 | Corr: 0.235214 | LR: 2.50e-04
2026-02-25 02:57:44,425 - INFO - Epoch  31/50 | Train: 0.164851 | Val: 0.178217 | Corr: 0.235820 | LR: 2.50e-04
2026-02-25 02:57:47,713 - INFO - Epoch  32/50 | Train: 0.164638 | Val: 0.178297 | Corr: 0.235518 | LR: 2.50e-04
2026-02-25 02:57:50,996 - INFO - Epoch  33/50 | Train: 0.164604 | Val: 0.178372 | Corr: 0.235431 | LR: 2.50e-04
2026-02-25 02:57:54,247 - INFO - Epoch  34/50 | Train: 0.164437 | Val: 0.178513 | Corr: 0.235091 | LR: 2.50e-04
2026-02-25 02:57:57,526 - INFO - Epoch  35/50 | Train: 0.164363 | Val: 0.178595 | Corr: 0.235439 | LR: 2.50e-04
2026-02-25 02:57:57,526 - INFO - Early stopping at epoch 35
2026-02-25 02:57:57,526 - INFO - Training complete — best val corr: 0.236104
2026-02-25 02:57:58,003 - INFO - Test loss: 0.168675, Test corr: 0.233980
2026-02-25 02:57:58,165 - INFO - Fraction of variance explained (FVE): 0.065006
2026-02-25 02:57:58,165 - INFO - Computing autoregressive (AR) test predictions …
2026-02-25 02:57:58,519 - INFO - AR FVE: 0.040040, AR test corr: 0.192502
2026-02-25 02:57:58,519 - INFO - Generating figures …
2026-02-25 02:57:58,813 - INFO - Correlation between predicted and actual per-neuron averages: r=0.9943, p=5.55e-61
2026-02-25 02:57:59,388 - INFO - Pattern selectivity summary:
2026-02-25 02:57:59,388 - INFO -   Mean correlation across neurons: 0.6729
2026-02-25 02:57:59,388 - INFO -   Median correlation: 0.6832
2026-02-25 02:57:59,388 - INFO -   Neurons with r > 0.5: 53 / 63
2026-02-25 02:57:59,388 - INFO -   Neurons with r > 0.3: 63 / 63
2026-02-25 02:57:59,388 - INFO - Pattern selectivity — mean neuron corr: 0.6729
2026-02-25 02:57:59,780 - INFO - LOO (avg rate) — Model mean r: 0.5005, LOO mean r: 0.4728, Neurons model > LOO: 29/63
2026-02-25 02:58:00,661 - INFO - LOO (temporal) — Model mean r: 0.2429, LOO mean r: 0.3815, Neurons model > LOO: 3/63
2026-02-25 02:58:00,661 - INFO - Skipping oracle trial plots (skip_oracle_plots=True)
2026-02-25 02:58:00,662 - INFO - Experiment complete. Summary: {
  "run_dir": "results/multilayer_cnn_nohist_sweep_v2_2026-02-24_22-05-22/trial_0116_history=3_kernel_sizes=10_conv_channels=256_fc_dims=256",
  "model_type": "cnn",
  "batch_avg_test_loss": 0.16867451524734497,
  "batch_avg_test_corr": 0.23398014522220792,
  "all_test_fve": 0.06500581994889275,
  "AR_FVE": 0.040039903587765165,
  "AR_test_correlation": 0.1925024539232254,
  "best_val_corr": 0.23610449723725882,
  "total_params": 351551,
  "trainable_params": 351551,
  "epochs_trained": 35,
  "mean_pattern_corr": 0.6728633528150777,
  "history": 3,
  "init_state": true,
  "loo_avg_mean_corr": 0.47275709111471625,
  "model_avg_mean_corr": 0.5005253512644176,
  "neurons_model_beats_loo_avg": 29,
  "loo_temporal_mean_corr": 0.3815135061740875,
  "all_test_corr": 0.2428896725177765,
  "neurons_model_beats_loo_temporal": 3,
  "kernel_sizes": [
    10
  ],
  "conv_channels": [
    256
  ],
  "fc_dims": [
    256
  ]
}
2026-02-25 02:58:00,689 - INFO - 
======================================================================
2026-02-25 02:58:00,689 - INFO - [118/864] trial_0117_history=3_kernel_sizes=10_conv_channels=256_fc_dims=256
2026-02-25 02:58:00,689 - INFO -   Overrides: {"_arch": {"kernel_sizes": [10], "conv_channels": [256], "fc_dims": [256]}, "history": 3, "weight_decay": 0.0001}
2026-02-25 02:58:00,689 - INFO -   Output: results/multilayer_cnn_nohist_sweep_v2_2026-02-24_22-05-22/trial_0117_history=3_kernel_sizes=10_conv_channels=256_fc_dims=256
