2026-02-25 03:14:50,645 - INFO - ============================================================
2026-02-25 03:14:50,645 - INFO - Experiment run directory: results/multilayer_cnn_nohist_sweep_v2_2026-02-24_22-05-22/trial_0123_history=4_kernel_sizes=10_conv_channels=256_fc_dims=256
2026-02-25 03:14:50,645 - INFO - ============================================================
2026-02-25 03:14:50,645 - INFO - Using preloaded raw data (skipping I/O)
2026-02-25 03:14:50,645 - INFO - Stimulation channels: 42, Spiking neurons: 63
2026-02-25 03:14:50,645 - INFO - Unique patterns: 4050, Total trials: 5000
2026-02-25 03:14:50,656 - INFO - Split (oracle): train=3400, val=600, test=1000
2026-02-25 03:15:05,274 - INFO - BinnedStimSpikeDataset initialized:
2026-02-25 03:15:05,275 - INFO -   input_bin_size_ms=10, output_bin_size_ms=10
2026-02-25 03:15:05,275 - INFO -   n_input_bins=60, n_output_bins=60
2026-02-25 03:15:05,275 - INFO -   output_offset=0, total_bins_input=60, total_bins_output=60
2026-02-25 03:15:05,275 - INFO -   Valid start positions per trial: 0 to 0
2026-02-25 03:15:05,275 - INFO -   Total samples: 3400 (3400 trials × 1 positions)
2026-02-25 03:15:18,765 - INFO - BinnedStimSpikeDataset initialized:
2026-02-25 03:15:18,765 - INFO -   input_bin_size_ms=10, output_bin_size_ms=10
2026-02-25 03:15:18,766 - INFO -   n_input_bins=60, n_output_bins=60
2026-02-25 03:15:18,766 - INFO -   output_offset=0, total_bins_input=60, total_bins_output=60
2026-02-25 03:15:18,766 - INFO -   Valid start positions per trial: 0 to 0
2026-02-25 03:15:18,766 - INFO -   Total samples: 600 (600 trials × 1 positions)
2026-02-25 03:15:32,462 - INFO - BinnedStimSpikeDataset initialized:
2026-02-25 03:15:32,463 - INFO -   input_bin_size_ms=10, output_bin_size_ms=10
2026-02-25 03:15:32,463 - INFO -   n_input_bins=60, n_output_bins=60
2026-02-25 03:15:32,463 - INFO -   output_offset=0, total_bins_input=60, total_bins_output=60
2026-02-25 03:15:32,463 - INFO -   Valid start positions per trial: 0 to 0
2026-02-25 03:15:32,463 - INFO -   Total samples: 1000 (1000 trials × 1 positions)
2026-02-25 03:15:32,466 - INFO - Samples — train: 3400, val: 600, test: 1000
2026-02-25 03:15:32,466 - INFO - Input channels: 105, Neurons: 63
2026-02-25 03:15:32,466 - INFO - Using Apple Silicon MPS acceleration
2026-02-25 03:15:32,485 - INFO - Model: CNN — 351,551 trainable params (351,551 total)
2026-02-25 03:15:32,485 - INFO - Starting training …
2026-02-25 03:15:36,344 - INFO - Epoch   1/50 | Train: 0.229225 | Val: 0.195461 | Corr: 0.118958 | LR: 1.00e-03
2026-02-25 03:15:36,356 - INFO -   ↳ Saved best model (val_corr=0.118958)
2026-02-25 03:15:39,643 - INFO - Epoch   2/50 | Train: 0.194657 | Val: 0.191696 | Corr: 0.146315 | LR: 1.00e-03
2026-02-25 03:15:39,659 - INFO -   ↳ Saved best model (val_corr=0.146315)
2026-02-25 03:15:42,993 - INFO - Epoch   3/50 | Train: 0.190659 | Val: 0.189050 | Corr: 0.166320 | LR: 1.00e-03
2026-02-25 03:15:43,011 - INFO -   ↳ Saved best model (val_corr=0.166320)
2026-02-25 03:15:46,392 - INFO - Epoch   4/50 | Train: 0.186947 | Val: 0.185481 | Corr: 0.184925 | LR: 1.00e-03
2026-02-25 03:15:46,406 - INFO -   ↳ Saved best model (val_corr=0.184925)
2026-02-25 03:15:49,672 - INFO - Epoch   5/50 | Train: 0.183859 | Val: 0.183346 | Corr: 0.195349 | LR: 1.00e-03
2026-02-25 03:15:49,693 - INFO -   ↳ Saved best model (val_corr=0.195349)
2026-02-25 03:15:53,090 - INFO - Epoch   6/50 | Train: 0.181732 | Val: 0.181878 | Corr: 0.205242 | LR: 1.00e-03
2026-02-25 03:15:53,103 - INFO -   ↳ Saved best model (val_corr=0.205242)
2026-02-25 03:15:56,476 - INFO - Epoch   7/50 | Train: 0.180110 | Val: 0.181152 | Corr: 0.209162 | LR: 1.00e-03
2026-02-25 03:15:56,488 - INFO -   ↳ Saved best model (val_corr=0.209162)
2026-02-25 03:15:59,805 - INFO - Epoch   8/50 | Train: 0.178728 | Val: 0.180335 | Corr: 0.215537 | LR: 1.00e-03
2026-02-25 03:15:59,825 - INFO -   ↳ Saved best model (val_corr=0.215537)
2026-02-25 03:16:03,207 - INFO - Epoch   9/50 | Train: 0.177718 | Val: 0.179908 | Corr: 0.218721 | LR: 1.00e-03
2026-02-25 03:16:03,230 - INFO -   ↳ Saved best model (val_corr=0.218721)
2026-02-25 03:16:06,597 - INFO - Epoch  10/50 | Train: 0.176718 | Val: 0.179656 | Corr: 0.220528 | LR: 1.00e-03
2026-02-25 03:16:06,609 - INFO -   ↳ Saved best model (val_corr=0.220528)
2026-02-25 03:16:09,962 - INFO - Epoch  11/50 | Train: 0.176018 | Val: 0.179262 | Corr: 0.223372 | LR: 1.00e-03
2026-02-25 03:16:09,975 - INFO -   ↳ Saved best model (val_corr=0.223372)
2026-02-25 03:16:13,297 - INFO - Epoch  12/50 | Train: 0.175162 | Val: 0.179096 | Corr: 0.225316 | LR: 1.00e-03
2026-02-25 03:16:13,306 - INFO -   ↳ Saved best model (val_corr=0.225316)
2026-02-25 03:16:16,622 - INFO - Epoch  13/50 | Train: 0.174430 | Val: 0.178750 | Corr: 0.226025 | LR: 1.00e-03
2026-02-25 03:16:16,632 - INFO -   ↳ Saved best model (val_corr=0.226025)
2026-02-25 03:16:19,745 - INFO - Epoch  14/50 | Train: 0.173806 | Val: 0.178473 | Corr: 0.228409 | LR: 1.00e-03
2026-02-25 03:16:19,755 - INFO -   ↳ Saved best model (val_corr=0.228409)
2026-02-25 03:16:23,034 - INFO - Epoch  15/50 | Train: 0.173246 | Val: 0.178494 | Corr: 0.227966 | LR: 1.00e-03
2026-02-25 03:16:26,455 - INFO - Epoch  16/50 | Train: 0.172683 | Val: 0.178456 | Corr: 0.229110 | LR: 1.00e-03
2026-02-25 03:16:26,466 - INFO -   ↳ Saved best model (val_corr=0.229110)
2026-02-25 03:16:29,714 - INFO - Epoch  17/50 | Train: 0.172113 | Val: 0.178187 | Corr: 0.230382 | LR: 1.00e-03
2026-02-25 03:16:29,724 - INFO -   ↳ Saved best model (val_corr=0.230382)
2026-02-25 03:16:33,095 - INFO - Epoch  18/50 | Train: 0.171685 | Val: 0.178632 | Corr: 0.229688 | LR: 1.00e-03
2026-02-25 03:16:36,478 - INFO - Epoch  19/50 | Train: 0.171140 | Val: 0.178709 | Corr: 0.229444 | LR: 1.00e-03
2026-02-25 03:16:39,794 - INFO - Epoch  20/50 | Train: 0.170675 | Val: 0.178563 | Corr: 0.231165 | LR: 1.00e-03
2026-02-25 03:16:39,805 - INFO -   ↳ Saved best model (val_corr=0.231165)
2026-02-25 03:16:43,185 - INFO - Epoch  21/50 | Train: 0.170373 | Val: 0.178576 | Corr: 0.230124 | LR: 1.00e-03
2026-02-25 03:16:46,523 - INFO - Epoch  22/50 | Train: 0.169895 | Val: 0.178527 | Corr: 0.230650 | LR: 1.00e-03
2026-02-25 03:16:49,867 - INFO - Epoch  23/50 | Train: 0.169470 | Val: 0.178540 | Corr: 0.232270 | LR: 5.00e-04
2026-02-25 03:16:49,884 - INFO -   ↳ Saved best model (val_corr=0.232270)
2026-02-25 03:16:53,189 - INFO - Epoch  24/50 | Train: 0.167828 | Val: 0.178177 | Corr: 0.233279 | LR: 5.00e-04
2026-02-25 03:16:53,199 - INFO -   ↳ Saved best model (val_corr=0.233279)
2026-02-25 03:16:56,515 - INFO - Epoch  25/50 | Train: 0.167556 | Val: 0.178490 | Corr: 0.232606 | LR: 5.00e-04
2026-02-25 03:16:59,839 - INFO - Epoch  26/50 | Train: 0.167178 | Val: 0.178394 | Corr: 0.232925 | LR: 5.00e-04
2026-02-25 03:17:03,197 - INFO - Epoch  27/50 | Train: 0.166967 | Val: 0.178527 | Corr: 0.232720 | LR: 5.00e-04
2026-02-25 03:17:06,510 - INFO - Epoch  28/50 | Train: 0.166830 | Val: 0.178660 | Corr: 0.232519 | LR: 5.00e-04
2026-02-25 03:17:09,805 - INFO - Epoch  29/50 | Train: 0.166639 | Val: 0.178677 | Corr: 0.232421 | LR: 2.50e-04
2026-02-25 03:17:13,132 - INFO - Epoch  30/50 | Train: 0.165779 | Val: 0.178702 | Corr: 0.232555 | LR: 2.50e-04
2026-02-25 03:17:16,555 - INFO - Epoch  31/50 | Train: 0.165558 | Val: 0.178913 | Corr: 0.232195 | LR: 2.50e-04
2026-02-25 03:17:19,863 - INFO - Epoch  32/50 | Train: 0.165422 | Val: 0.178862 | Corr: 0.232069 | LR: 2.50e-04
2026-02-25 03:17:23,132 - INFO - Epoch  33/50 | Train: 0.165357 | Val: 0.178957 | Corr: 0.231910 | LR: 2.50e-04
2026-02-25 03:17:26,463 - INFO - Epoch  34/50 | Train: 0.165261 | Val: 0.178903 | Corr: 0.231996 | LR: 2.50e-04
2026-02-25 03:17:26,463 - INFO - Early stopping at epoch 34
2026-02-25 03:17:26,463 - INFO - Training complete — best val corr: 0.233279
2026-02-25 03:17:26,932 - INFO - Test loss: 0.168932, Test corr: 0.228466
2026-02-25 03:17:27,090 - INFO - Fraction of variance explained (FVE): 0.062813
2026-02-25 03:17:27,090 - INFO - Computing autoregressive (AR) test predictions …
2026-02-25 03:17:27,318 - INFO - AR FVE: 0.039748, AR test corr: 0.193536
2026-02-25 03:17:27,318 - INFO - Generating figures …
2026-02-25 03:17:27,593 - INFO - Correlation between predicted and actual per-neuron averages: r=0.9912, p=2.72e-55
2026-02-25 03:17:28,329 - INFO - Pattern selectivity summary:
2026-02-25 03:17:28,329 - INFO -   Mean correlation across neurons: 0.6683
2026-02-25 03:17:28,329 - INFO -   Median correlation: 0.6819
2026-02-25 03:17:28,329 - INFO -   Neurons with r > 0.5: 52 / 63
2026-02-25 03:17:28,329 - INFO -   Neurons with r > 0.3: 63 / 63
2026-02-25 03:17:28,329 - INFO - Pattern selectivity — mean neuron corr: 0.6683
2026-02-25 03:17:28,726 - INFO - LOO (avg rate) — Model mean r: 0.5013, LOO mean r: 0.4728, Neurons model > LOO: 30/63
2026-02-25 03:17:29,478 - INFO - LOO (temporal) — Model mean r: 0.2372, LOO mean r: 0.3815, Neurons model > LOO: 1/63
2026-02-25 03:17:29,478 - INFO - Skipping oracle trial plots (skip_oracle_plots=True)
2026-02-25 03:17:29,479 - INFO - Experiment complete. Summary: {
  "run_dir": "results/multilayer_cnn_nohist_sweep_v2_2026-02-24_22-05-22/trial_0123_history=4_kernel_sizes=10_conv_channels=256_fc_dims=256",
  "model_type": "cnn",
  "batch_avg_test_loss": 0.16893198108673096,
  "batch_avg_test_corr": 0.2284663296018992,
  "all_test_fve": 0.0628125270207723,
  "AR_FVE": 0.039748351725320964,
  "AR_test_correlation": 0.19353564083576202,
  "best_val_corr": 0.23327866094731553,
  "total_params": 351551,
  "trainable_params": 351551,
  "epochs_trained": 34,
  "mean_pattern_corr": 0.6682636102376176,
  "history": 4,
  "init_state": true,
  "loo_avg_mean_corr": 0.47275709111471625,
  "model_avg_mean_corr": 0.5012555037391981,
  "neurons_model_beats_loo_avg": 30,
  "loo_temporal_mean_corr": 0.3815135061740875,
  "all_test_corr": 0.2372458130121231,
  "neurons_model_beats_loo_temporal": 1,
  "kernel_sizes": [
    10
  ],
  "conv_channels": [
    256
  ],
  "fc_dims": [
    256
  ]
}
2026-02-25 03:17:29,513 - INFO - 
======================================================================
2026-02-25 03:17:29,513 - INFO - [125/864] trial_0124_history=5_kernel_sizes=10_conv_channels=256_fc_dims=256
2026-02-25 03:17:29,513 - INFO -   Overrides: {"_arch": {"kernel_sizes": [10], "conv_channels": [256], "fc_dims": [256]}, "history": 5, "weight_decay": 0}
2026-02-25 03:17:29,513 - INFO -   Output: results/multilayer_cnn_nohist_sweep_v2_2026-02-24_22-05-22/trial_0124_history=5_kernel_sizes=10_conv_channels=256_fc_dims=256
