2026-03-04 21:16:23,447 - INFO - ============================================================
2026-03-04 21:16:23,447 - INFO - Experiment run directory: /scratch/sb272/patterns5k_results/slurm_base_cnn_2026-03-04_16-53-19/trial_0147_learning_rate=1.0e-03_kernel_sizes=3x3x3_conv_channels=128x128x128_fc_dims=512_seed2
2026-03-04 21:16:23,447 - INFO - ============================================================
2026-03-04 21:16:23,448 - INFO - Loading data …
2026-03-04 21:16:24,602 - INFO - 63 unique neurons after dropping problematic neurons
2026-03-04 21:16:25,417 - INFO - Stimulation channels: 42, Spiking neurons: 63
2026-03-04 21:17:30,218 - INFO - Unique patterns: 4050, Total trials: 5000
2026-03-04 21:17:30,224 - INFO - Stimulation channels: 42, Spiking neurons: 63
2026-03-04 21:17:30,224 - INFO - Unique patterns: 4050, Total trials: 5000
2026-03-04 21:17:30,235 - INFO - Split (oracle): train=3400, val=600, test=1000
2026-03-04 21:17:44,514 - INFO - BinnedStimSpikeDataset initialized:
2026-03-04 21:17:44,514 - INFO -   input_bin_size_ms=10, output_bin_size_ms=10
2026-03-04 21:17:44,514 - INFO -   n_input_bins=60, n_output_bins=60
2026-03-04 21:17:44,514 - INFO -   output_offset=0, total_bins_input=60, total_bins_output=60
2026-03-04 21:17:44,514 - INFO -   Valid start positions per trial: 0 to 0
2026-03-04 21:17:44,514 - INFO -   Total samples: 3400 (3400 trials × 1 positions)
2026-03-04 21:17:58,245 - INFO - BinnedStimSpikeDataset initialized:
2026-03-04 21:17:58,245 - INFO -   input_bin_size_ms=10, output_bin_size_ms=10
2026-03-04 21:17:58,245 - INFO -   n_input_bins=60, n_output_bins=60
2026-03-04 21:17:58,245 - INFO -   output_offset=0, total_bins_input=60, total_bins_output=60
2026-03-04 21:17:58,245 - INFO -   Valid start positions per trial: 0 to 0
2026-03-04 21:17:58,245 - INFO -   Total samples: 600 (600 trials × 1 positions)
2026-03-04 21:18:12,109 - INFO - BinnedStimSpikeDataset initialized:
2026-03-04 21:18:12,110 - INFO -   input_bin_size_ms=10, output_bin_size_ms=10
2026-03-04 21:18:12,110 - INFO -   n_input_bins=60, n_output_bins=60
2026-03-04 21:18:12,110 - INFO -   output_offset=0, total_bins_input=60, total_bins_output=60
2026-03-04 21:18:12,110 - INFO -   Valid start positions per trial: 0 to 0
2026-03-04 21:18:12,110 - INFO -   Total samples: 1000 (1000 trials × 1 positions)
2026-03-04 21:18:12,110 - INFO - Samples — train: 3400, val: 600, test: 1000
2026-03-04 21:18:12,110 - INFO - Input channels: 42, Neurons: 63
2026-03-04 21:18:12,139 - INFO - Using CPU
2026-03-04 21:18:12,156 - INFO - Model: CNN — 213,951 trainable params (213,951 total)
2026-03-04 21:18:18,605 - INFO - Starting training …
2026-03-04 21:18:23,115 - INFO - Epoch   1/50 | Train: 0.209050 | Val: 0.181152 | Corr: 0.076128 | LR: 1.00e-03
2026-03-04 21:18:23,134 - INFO -   ↳ Saved best model (val_corr=0.076128)
2026-03-04 21:18:26,911 - INFO - Epoch   2/50 | Train: 0.182452 | Val: 0.180959 | Corr: 0.086401 | LR: 1.00e-03
2026-03-04 21:18:26,942 - INFO -   ↳ Saved best model (val_corr=0.086401)
2026-03-04 21:18:30,684 - INFO - Epoch   3/50 | Train: 0.181223 | Val: 0.179496 | Corr: 0.097822 | LR: 1.00e-03
2026-03-04 21:18:30,699 - INFO -   ↳ Saved best model (val_corr=0.097822)
2026-03-04 21:18:34,442 - INFO - Epoch   4/50 | Train: 0.180293 | Val: 0.178827 | Corr: 0.107087 | LR: 1.00e-03
2026-03-04 21:18:34,456 - INFO -   ↳ Saved best model (val_corr=0.107087)
2026-03-04 21:18:38,206 - INFO - Epoch   5/50 | Train: 0.179370 | Val: 0.177986 | Corr: 0.112860 | LR: 1.00e-03
2026-03-04 21:18:38,219 - INFO -   ↳ Saved best model (val_corr=0.112860)
2026-03-04 21:18:41,951 - INFO - Epoch   6/50 | Train: 0.178729 | Val: 0.178581 | Corr: 0.117230 | LR: 1.00e-03
2026-03-04 21:18:42,001 - INFO -   ↳ Saved best model (val_corr=0.117230)
2026-03-04 21:18:45,761 - INFO - Epoch   7/50 | Train: 0.178160 | Val: 0.178632 | Corr: 0.121553 | LR: 1.00e-03
2026-03-04 21:18:45,785 - INFO -   ↳ Saved best model (val_corr=0.121553)
2026-03-04 21:18:49,546 - INFO - Epoch   8/50 | Train: 0.177772 | Val: 0.177207 | Corr: 0.123729 | LR: 1.00e-03
2026-03-04 21:18:49,559 - INFO -   ↳ Saved best model (val_corr=0.123729)
2026-03-04 21:18:53,296 - INFO - Epoch   9/50 | Train: 0.177290 | Val: 0.176840 | Corr: 0.126793 | LR: 1.00e-03
2026-03-04 21:18:53,309 - INFO -   ↳ Saved best model (val_corr=0.126793)
2026-03-04 21:18:57,083 - INFO - Epoch  10/50 | Train: 0.176810 | Val: 0.176916 | Corr: 0.127775 | LR: 1.00e-03
2026-03-04 21:18:57,111 - INFO -   ↳ Saved best model (val_corr=0.127775)
2026-03-04 21:19:00,861 - INFO - Epoch  11/50 | Train: 0.176471 | Val: 0.177892 | Corr: 0.129468 | LR: 1.00e-03
2026-03-04 21:19:00,877 - INFO -   ↳ Saved best model (val_corr=0.129468)
2026-03-04 21:19:04,559 - INFO - Epoch  12/50 | Train: 0.176428 | Val: 0.176602 | Corr: 0.130547 | LR: 1.00e-03
2026-03-04 21:19:04,574 - INFO -   ↳ Saved best model (val_corr=0.130547)
2026-03-04 21:19:08,326 - INFO - Epoch  13/50 | Train: 0.176080 | Val: 0.177099 | Corr: 0.131460 | LR: 1.00e-03
2026-03-04 21:19:08,365 - INFO -   ↳ Saved best model (val_corr=0.131460)
2026-03-04 21:19:12,136 - INFO - Epoch  14/50 | Train: 0.175794 | Val: 0.177078 | Corr: 0.131700 | LR: 1.00e-03
2026-03-04 21:19:12,152 - INFO -   ↳ Saved best model (val_corr=0.131700)
2026-03-04 21:19:15,894 - INFO - Epoch  15/50 | Train: 0.175585 | Val: 0.176409 | Corr: 0.134387 | LR: 1.00e-03
2026-03-04 21:19:15,908 - INFO -   ↳ Saved best model (val_corr=0.134387)
2026-03-04 21:19:19,616 - INFO - Epoch  16/50 | Train: 0.175435 | Val: 0.176687 | Corr: 0.132835 | LR: 1.00e-03
2026-03-04 21:19:23,279 - INFO - Epoch  17/50 | Train: 0.175222 | Val: 0.177328 | Corr: 0.134607 | LR: 1.00e-03
2026-03-04 21:19:23,297 - INFO -   ↳ Saved best model (val_corr=0.134607)
2026-03-04 21:19:26,938 - INFO - Epoch  18/50 | Train: 0.175072 | Val: 0.176981 | Corr: 0.133569 | LR: 1.00e-03
2026-03-04 21:19:30,649 - INFO - Epoch  19/50 | Train: 0.174870 | Val: 0.176559 | Corr: 0.133038 | LR: 1.00e-03
2026-03-04 21:19:34,378 - INFO - Epoch  20/50 | Train: 0.174777 | Val: 0.176330 | Corr: 0.135527 | LR: 1.00e-03
2026-03-04 21:19:34,390 - INFO -   ↳ Saved best model (val_corr=0.135527)
2026-03-04 21:19:38,092 - INFO - Epoch  21/50 | Train: 0.174571 | Val: 0.176566 | Corr: 0.133493 | LR: 1.00e-03
2026-03-04 21:19:41,850 - INFO - Epoch  22/50 | Train: 0.174476 | Val: 0.176967 | Corr: 0.135500 | LR: 1.00e-03
2026-03-04 21:19:45,663 - INFO - Epoch  23/50 | Train: 0.174206 | Val: 0.176492 | Corr: 0.134582 | LR: 1.00e-03
2026-03-04 21:19:49,429 - INFO - Epoch  24/50 | Train: 0.174093 | Val: 0.176446 | Corr: 0.134373 | LR: 1.00e-03
2026-03-04 21:19:53,175 - INFO - Epoch  25/50 | Train: 0.173970 | Val: 0.176427 | Corr: 0.135454 | LR: 1.00e-03
2026-03-04 21:19:56,997 - INFO - Epoch  26/50 | Train: 0.173862 | Val: 0.176425 | Corr: 0.135418 | LR: 5.00e-04
2026-03-04 21:20:00,786 - INFO - Epoch  27/50 | Train: 0.173130 | Val: 0.176747 | Corr: 0.134600 | LR: 5.00e-04
2026-03-04 21:20:04,607 - INFO - Epoch  28/50 | Train: 0.172984 | Val: 0.176672 | Corr: 0.134656 | LR: 5.00e-04
2026-03-04 21:20:08,395 - INFO - Epoch  29/50 | Train: 0.172766 | Val: 0.176402 | Corr: 0.135286 | LR: 5.00e-04
2026-03-04 21:20:12,190 - INFO - Epoch  30/50 | Train: 0.172747 | Val: 0.176767 | Corr: 0.135155 | LR: 5.00e-04
2026-03-04 21:20:12,190 - INFO - Early stopping at epoch 30
2026-03-04 21:20:12,190 - INFO - Training complete — best val corr: 0.135527
2026-03-04 21:20:13,262 - INFO - Test loss: 0.168123, Test corr: 0.137589
2026-03-04 21:20:13,562 - INFO - Fraction of variance explained (FVE): 0.022010
2026-03-04 21:20:13,563 - INFO - Generating figures …
2026-03-04 21:20:13,942 - INFO - Correlation between predicted and actual per-neuron averages: r=0.9826, p=0.00e+00
2026-03-04 21:20:15,369 - INFO - Pattern selectivity summary:
2026-03-04 21:20:15,369 - INFO -   Mean correlation across neurons: 0.4797
2026-03-04 21:20:15,370 - INFO -   Median correlation: 0.5233
2026-03-04 21:20:15,370 - INFO -   Neurons with r > 0.5: 34 / 63
2026-03-04 21:20:15,370 - INFO -   Neurons with r > 0.3: 50 / 63
2026-03-04 21:20:15,370 - INFO - Pattern selectivity — mean neuron corr: 0.4797
2026-03-04 21:20:16,520 - INFO - LOO (avg rate) — Model mean r: 0.2820, LOO mean r: 0.4546, Neurons model > LOO: 1/63
2026-03-04 21:20:18,546 - INFO - LOO (temporal) — Model mean r: 0.1386, LOO mean r: 0.3186, Neurons model > LOO: 0/63
2026-03-04 21:20:18,546 - INFO - Skipping oracle trial plots (skip_oracle_plots=True)
2026-03-04 21:20:18,553 - INFO - Experiment complete. Summary: {
  "run_dir": "/scratch/sb272/patterns5k_results/slurm_base_cnn_2026-03-04_16-53-19/trial_0147_learning_rate=1.0e-03_kernel_sizes=3x3x3_conv_channels=128x128x128_fc_dims=512_seed2",
  "model_type": "cnn",
  "batch_avg_test_loss": 0.16812278044223786,
  "batch_avg_test_corr": 0.13758878035956332,
  "all_test_fve": 0.02200993375172691,
  "AR_FVE": NaN,
  "AR_test_correlation": NaN,
  "best_val_corr": 0.13552690576066073,
  "total_params": 213951,
  "trainable_params": 213951,
  "epochs_trained": 30,
  "mean_pattern_corr": 0.4796825568043666,
  "history": 0,
  "init_state": true,
  "loo_avg_mean_corr": 0.45456832695830385,
  "model_avg_mean_corr": 0.28198805284985734,
  "neurons_model_beats_loo_avg": 1,
  "loo_temporal_mean_corr": 0.31855225563049316,
  "all_test_corr": 0.13858628273010254,
  "neurons_model_beats_loo_temporal": 0,
  "kernel_sizes": [
    3,
    3,
    3
  ],
  "conv_channels": [
    128,
    128,
    128
  ],
  "fc_dims": [
    512
  ]
}
