2026-03-03 22:16:30,266 - INFO - ============================================================
2026-03-03 22:16:30,266 - INFO - Experiment run directory: /scratch/sb272/patterns5k_results/slurm_hist_cnn_2026-03-03_15-13-01/trial_0321_learning_rate=5.0e-03_history=1_kernel_sizes=10x5x3_conv_channels=256x128x64_fc_dims=256_seed2
2026-03-03 22:16:30,266 - INFO - ============================================================
2026-03-03 22:16:30,266 - INFO - Loading data …
2026-03-03 22:16:31,116 - INFO - 63 unique neurons after dropping problematic neurons
2026-03-03 22:16:32,336 - INFO - Stimulation channels: 42, Spiking neurons: 63
2026-03-03 22:18:33,139 - INFO - Unique patterns: 4050, Total trials: 5000
2026-03-03 22:18:33,140 - INFO - Stimulation channels: 42, Spiking neurons: 63
2026-03-03 22:18:33,140 - INFO - Unique patterns: 4050, Total trials: 5000
2026-03-03 22:18:33,157 - INFO - Split (oracle): train=3400, val=600, test=1000
2026-03-03 22:18:58,040 - INFO - BinnedStimSpikeDataset initialized:
2026-03-03 22:18:58,041 - INFO -   input_bin_size_ms=10, output_bin_size_ms=10
2026-03-03 22:18:58,041 - INFO -   n_input_bins=60, n_output_bins=60
2026-03-03 22:18:58,041 - INFO -   output_offset=0, total_bins_input=60, total_bins_output=60
2026-03-03 22:18:58,041 - INFO -   Valid start positions per trial: 0 to 0
2026-03-03 22:18:58,041 - INFO -   Total samples: 3400 (3400 trials × 1 positions)
2026-03-03 22:19:22,516 - INFO - BinnedStimSpikeDataset initialized:
2026-03-03 22:19:22,516 - INFO -   input_bin_size_ms=10, output_bin_size_ms=10
2026-03-03 22:19:22,516 - INFO -   n_input_bins=60, n_output_bins=60
2026-03-03 22:19:22,516 - INFO -   output_offset=0, total_bins_input=60, total_bins_output=60
2026-03-03 22:19:22,516 - INFO -   Valid start positions per trial: 0 to 0
2026-03-03 22:19:22,516 - INFO -   Total samples: 600 (600 trials × 1 positions)
2026-03-03 22:19:47,096 - INFO - BinnedStimSpikeDataset initialized:
2026-03-03 22:19:47,096 - INFO -   input_bin_size_ms=10, output_bin_size_ms=10
2026-03-03 22:19:47,096 - INFO -   n_input_bins=60, n_output_bins=60
2026-03-03 22:19:47,096 - INFO -   output_offset=0, total_bins_input=60, total_bins_output=60
2026-03-03 22:19:47,096 - INFO -   Valid start positions per trial: 0 to 0
2026-03-03 22:19:47,096 - INFO -   Total samples: 1000 (1000 trials × 1 positions)
2026-03-03 22:19:47,096 - INFO - Samples — train: 3400, val: 600, test: 1000
2026-03-03 22:19:47,096 - INFO - Input channels: 105, Neurons: 63
2026-03-03 22:19:47,104 - INFO - Using CPU
2026-03-03 22:19:47,123 - INFO - Model: CNN — 491,391 trainable params (491,391 total)
2026-03-03 22:19:52,540 - INFO - Starting training …
2026-03-03 22:20:03,693 - INFO - Epoch   1/50 | Train: 0.192040 | Val: 0.170828 | Corr: 0.160418 | LR: 5.00e-03
2026-03-03 22:20:03,713 - INFO -   ↳ Saved best model (val_corr=0.160418)
2026-03-03 22:20:13,670 - INFO - Epoch   2/50 | Train: 0.171226 | Val: 0.168190 | Corr: 0.180524 | LR: 5.00e-03
2026-03-03 22:20:13,688 - INFO -   ↳ Saved best model (val_corr=0.180524)
2026-03-03 22:20:23,740 - INFO - Epoch   3/50 | Train: 0.167802 | Val: 0.167251 | Corr: 0.189607 | LR: 5.00e-03
2026-03-03 22:20:23,756 - INFO -   ↳ Saved best model (val_corr=0.189607)
2026-03-03 22:20:33,576 - INFO - Epoch   4/50 | Train: 0.165787 | Val: 0.164728 | Corr: 0.199514 | LR: 5.00e-03
2026-03-03 22:20:33,593 - INFO -   ↳ Saved best model (val_corr=0.199514)
2026-03-03 22:20:43,530 - INFO - Epoch   5/50 | Train: 0.164030 | Val: 0.164423 | Corr: 0.206141 | LR: 5.00e-03
2026-03-03 22:20:43,547 - INFO -   ↳ Saved best model (val_corr=0.206141)
2026-03-03 22:20:53,414 - INFO - Epoch   6/50 | Train: 0.162547 | Val: 0.163443 | Corr: 0.211488 | LR: 5.00e-03
2026-03-03 22:20:53,433 - INFO -   ↳ Saved best model (val_corr=0.211488)
2026-03-03 22:21:03,431 - INFO - Epoch   7/50 | Train: 0.161321 | Val: 0.162554 | Corr: 0.216321 | LR: 5.00e-03
2026-03-03 22:21:03,450 - INFO -   ↳ Saved best model (val_corr=0.216321)
2026-03-03 22:21:13,495 - INFO - Epoch   8/50 | Train: 0.160161 | Val: 0.162150 | Corr: 0.219764 | LR: 5.00e-03
2026-03-03 22:21:13,516 - INFO -   ↳ Saved best model (val_corr=0.219764)
2026-03-03 22:21:23,635 - INFO - Epoch   9/50 | Train: 0.159202 | Val: 0.162114 | Corr: 0.222711 | LR: 5.00e-03
2026-03-03 22:21:23,654 - INFO -   ↳ Saved best model (val_corr=0.222711)
2026-03-03 22:21:34,155 - INFO - Epoch  10/50 | Train: 0.158474 | Val: 0.161942 | Corr: 0.224785 | LR: 5.00e-03
2026-03-03 22:21:34,178 - INFO -   ↳ Saved best model (val_corr=0.224785)
2026-03-03 22:21:44,810 - INFO - Epoch  11/50 | Train: 0.157762 | Val: 0.162320 | Corr: 0.225879 | LR: 5.00e-03
2026-03-03 22:21:44,825 - INFO -   ↳ Saved best model (val_corr=0.225879)
2026-03-03 22:21:55,102 - INFO - Epoch  12/50 | Train: 0.156945 | Val: 0.161601 | Corr: 0.228400 | LR: 5.00e-03
2026-03-03 22:21:55,125 - INFO -   ↳ Saved best model (val_corr=0.228400)
2026-03-03 22:22:05,372 - INFO - Epoch  13/50 | Train: 0.156514 | Val: 0.161350 | Corr: 0.230300 | LR: 5.00e-03
2026-03-03 22:22:05,396 - INFO -   ↳ Saved best model (val_corr=0.230300)
2026-03-03 22:22:15,858 - INFO - Epoch  14/50 | Train: 0.155896 | Val: 0.161265 | Corr: 0.230335 | LR: 5.00e-03
2026-03-03 22:22:15,890 - INFO -   ↳ Saved best model (val_corr=0.230335)
2026-03-03 22:22:26,630 - INFO - Epoch  15/50 | Train: 0.155319 | Val: 0.161430 | Corr: 0.232914 | LR: 5.00e-03
2026-03-03 22:22:26,650 - INFO -   ↳ Saved best model (val_corr=0.232914)
2026-03-03 22:22:37,349 - INFO - Epoch  16/50 | Train: 0.154791 | Val: 0.161526 | Corr: 0.232598 | LR: 5.00e-03
2026-03-03 22:22:47,554 - INFO - Epoch  17/50 | Train: 0.154312 | Val: 0.161455 | Corr: 0.234903 | LR: 5.00e-03
2026-03-03 22:22:47,584 - INFO -   ↳ Saved best model (val_corr=0.234903)
2026-03-03 22:22:58,244 - INFO - Epoch  18/50 | Train: 0.153889 | Val: 0.161816 | Corr: 0.232657 | LR: 5.00e-03
2026-03-03 22:23:08,557 - INFO - Epoch  19/50 | Train: 0.153590 | Val: 0.160979 | Corr: 0.236887 | LR: 5.00e-03
2026-03-03 22:23:08,600 - INFO -   ↳ Saved best model (val_corr=0.236887)
2026-03-03 22:23:18,836 - INFO - Epoch  20/50 | Train: 0.153164 | Val: 0.161184 | Corr: 0.237260 | LR: 5.00e-03
2026-03-03 22:23:18,867 - INFO -   ↳ Saved best model (val_corr=0.237260)
2026-03-03 22:23:29,024 - INFO - Epoch  21/50 | Train: 0.152928 | Val: 0.160976 | Corr: 0.237787 | LR: 5.00e-03
2026-03-03 22:23:29,057 - INFO -   ↳ Saved best model (val_corr=0.237787)
2026-03-03 22:23:39,712 - INFO - Epoch  22/50 | Train: 0.152522 | Val: 0.161259 | Corr: 0.236002 | LR: 5.00e-03
2026-03-03 22:23:50,112 - INFO - Epoch  23/50 | Train: 0.152247 | Val: 0.161126 | Corr: 0.238836 | LR: 5.00e-03
2026-03-03 22:23:50,128 - INFO -   ↳ Saved best model (val_corr=0.238836)
2026-03-03 22:24:00,490 - INFO - Epoch  24/50 | Train: 0.151962 | Val: 0.161179 | Corr: 0.238770 | LR: 5.00e-03
2026-03-03 22:24:10,847 - INFO - Epoch  25/50 | Train: 0.151818 | Val: 0.161627 | Corr: 0.237192 | LR: 2.50e-03
2026-03-03 22:24:21,178 - INFO - Epoch  26/50 | Train: 0.150386 | Val: 0.161184 | Corr: 0.240383 | LR: 2.50e-03
2026-03-03 22:24:21,195 - INFO -   ↳ Saved best model (val_corr=0.240383)
2026-03-03 22:24:31,587 - INFO - Epoch  27/50 | Train: 0.149720 | Val: 0.161326 | Corr: 0.238583 | LR: 2.50e-03
2026-03-03 22:24:41,763 - INFO - Epoch  28/50 | Train: 0.149335 | Val: 0.161479 | Corr: 0.239654 | LR: 2.50e-03
2026-03-03 22:24:52,069 - INFO - Epoch  29/50 | Train: 0.149221 | Val: 0.161634 | Corr: 0.240613 | LR: 2.50e-03
2026-03-03 22:24:52,084 - INFO -   ↳ Saved best model (val_corr=0.240613)
2026-03-03 22:25:02,382 - INFO - Epoch  30/50 | Train: 0.149070 | Val: 0.161430 | Corr: 0.240206 | LR: 2.50e-03
2026-03-03 22:25:12,559 - INFO - Epoch  31/50 | Train: 0.148835 | Val: 0.161399 | Corr: 0.239121 | LR: 1.25e-03
2026-03-03 22:25:22,516 - INFO - Epoch  32/50 | Train: 0.148131 | Val: 0.161557 | Corr: 0.239901 | LR: 1.25e-03
2026-03-03 22:25:33,196 - INFO - Epoch  33/50 | Train: 0.147817 | Val: 0.161702 | Corr: 0.239409 | LR: 1.25e-03
2026-03-03 22:25:43,904 - INFO - Epoch  34/50 | Train: 0.147633 | Val: 0.161847 | Corr: 0.240622 | LR: 1.25e-03
2026-03-03 22:25:43,924 - INFO -   ↳ Saved best model (val_corr=0.240622)
2026-03-03 22:25:54,547 - INFO - Epoch  35/50 | Train: 0.147497 | Val: 0.161621 | Corr: 0.240509 | LR: 1.25e-03
2026-03-03 22:26:05,172 - INFO - Epoch  36/50 | Train: 0.147446 | Val: 0.161993 | Corr: 0.239225 | LR: 1.25e-03
2026-03-03 22:26:15,728 - INFO - Epoch  37/50 | Train: 0.147324 | Val: 0.161803 | Corr: 0.240426 | LR: 6.25e-04
2026-03-03 22:26:26,323 - INFO - Epoch  38/50 | Train: 0.146925 | Val: 0.162019 | Corr: 0.237742 | LR: 6.25e-04
2026-03-03 22:26:37,211 - INFO - Epoch  39/50 | Train: 0.146747 | Val: 0.161971 | Corr: 0.240674 | LR: 6.25e-04
2026-03-03 22:26:37,231 - INFO -   ↳ Saved best model (val_corr=0.240674)
2026-03-03 22:26:47,894 - INFO - Epoch  40/50 | Train: 0.146697 | Val: 0.162089 | Corr: 0.240265 | LR: 6.25e-04
2026-03-03 22:26:57,823 - INFO - Epoch  41/50 | Train: 0.146679 | Val: 0.162137 | Corr: 0.239627 | LR: 6.25e-04
2026-03-03 22:27:08,093 - INFO - Epoch  42/50 | Train: 0.146527 | Val: 0.162214 | Corr: 0.240767 | LR: 6.25e-04
2026-03-03 22:27:08,119 - INFO -   ↳ Saved best model (val_corr=0.240767)
2026-03-03 22:27:18,386 - INFO - Epoch  43/50 | Train: 0.146520 | Val: 0.161983 | Corr: 0.241366 | LR: 3.13e-04
2026-03-03 22:27:18,401 - INFO -   ↳ Saved best model (val_corr=0.241366)
2026-03-03 22:27:28,746 - INFO - Epoch  44/50 | Train: 0.146267 | Val: 0.162082 | Corr: 0.240443 | LR: 3.13e-04
2026-03-03 22:27:39,025 - INFO - Epoch  45/50 | Train: 0.146170 | Val: 0.162136 | Corr: 0.240807 | LR: 3.13e-04
2026-03-03 22:27:49,492 - INFO - Epoch  46/50 | Train: 0.146188 | Val: 0.162451 | Corr: 0.240061 | LR: 3.13e-04
2026-03-03 22:27:59,890 - INFO - Epoch  47/50 | Train: 0.146149 | Val: 0.162405 | Corr: 0.240461 | LR: 3.13e-04
2026-03-03 22:28:09,858 - INFO - Epoch  48/50 | Train: 0.146068 | Val: 0.162441 | Corr: 0.240834 | LR: 3.13e-04
2026-03-03 22:28:20,149 - INFO - Epoch  49/50 | Train: 0.146062 | Val: 0.162242 | Corr: 0.238729 | LR: 1.56e-04
2026-03-03 22:28:30,141 - INFO - Epoch  50/50 | Train: 0.145935 | Val: 0.162327 | Corr: 0.239245 | LR: 1.56e-04
2026-03-03 22:28:30,142 - INFO - Training complete — best val corr: 0.241366
2026-03-03 22:28:32,258 - INFO - Test loss: 0.153404, Test corr: 0.237468
2026-03-03 22:28:33,172 - INFO - Fraction of variance explained (FVE): 0.068815
2026-03-03 22:28:33,172 - INFO - Computing autoregressive (AR) test predictions …
2026-03-03 22:28:34,144 - INFO - AR FVE: -0.017443, AR test corr: 0.054658
2026-03-03 22:28:34,144 - INFO - Generating figures …
2026-03-03 22:28:34,666 - INFO - Correlation between predicted and actual per-neuron averages: r=0.9920, p=0.00e+00
2026-03-03 22:28:37,173 - INFO - Pattern selectivity summary:
2026-03-03 22:28:37,173 - INFO -   Mean correlation across neurons: 0.6966
2026-03-03 22:28:37,173 - INFO -   Median correlation: 0.7222
2026-03-03 22:28:37,174 - INFO -   Neurons with r > 0.5: 56 / 63
2026-03-03 22:28:37,174 - INFO -   Neurons with r > 0.3: 63 / 63
2026-03-03 22:28:37,174 - INFO - Pattern selectivity — mean neuron corr: 0.6966
2026-03-03 22:28:39,438 - INFO - LOO (avg rate) — Model mean r: 0.5627, LOO mean r: 0.4546, Neurons model > LOO: 45/63
2026-03-03 22:28:42,334 - INFO - LOO (temporal) — Model mean r: 0.2486, LOO mean r: 0.3186, Neurons model > LOO: 13/63
2026-03-03 22:28:42,334 - INFO - Skipping oracle trial plots (skip_oracle_plots=True)
2026-03-03 22:28:42,340 - INFO - Experiment complete. Summary: {
  "run_dir": "/scratch/sb272/patterns5k_results/slurm_hist_cnn_2026-03-03_15-13-01/trial_0321_learning_rate=5.0e-03_history=1_kernel_sizes=10x5x3_conv_channels=256x128x64_fc_dims=256_seed2",
  "model_type": "cnn",
  "batch_avg_test_loss": 0.15340424752235413,
  "batch_avg_test_corr": 0.2374680497843151,
  "all_test_fve": 0.06881527768241034,
  "AR_FVE": -0.017443212251814586,
  "AR_test_correlation": 0.05465830862522125,
  "best_val_corr": 0.24136636324091795,
  "total_params": 491391,
  "trainable_params": 491391,
  "epochs_trained": 50,
  "mean_pattern_corr": 0.6966111158041579,
  "history": 1,
  "init_state": true,
  "loo_avg_mean_corr": 0.45456832695830385,
  "model_avg_mean_corr": 0.562694997746761,
  "neurons_model_beats_loo_avg": 45,
  "loo_temporal_mean_corr": 0.31855225563049316,
  "all_test_corr": 0.24860528111457825,
  "neurons_model_beats_loo_temporal": 13,
  "kernel_sizes": [
    10,
    5,
    3
  ],
  "conv_channels": [
    256,
    128,
    64
  ],
  "fc_dims": [
    256
  ]
}
