2026-03-04 23:13:19,269 - INFO - ============================================================
2026-03-04 23:13:19,269 - INFO - Experiment run directory: /scratch/sb272/patterns5k_results/slurm_base_cnn_2026-03-04_16-53-19/trial_0029_learning_rate=1.0e-04_kernel_sizes=3x3x3_conv_channels=256x256x256_fc_dims=1024_seed4
2026-03-04 23:13:19,269 - INFO - ============================================================
2026-03-04 23:13:19,269 - INFO - Loading data …
2026-03-04 23:13:20,004 - INFO - 63 unique neurons after dropping problematic neurons
2026-03-04 23:13:20,856 - INFO - Stimulation channels: 42, Spiking neurons: 63
2026-03-04 23:14:36,973 - INFO - Unique patterns: 4050, Total trials: 5000
2026-03-04 23:14:36,974 - INFO - Stimulation channels: 42, Spiking neurons: 63
2026-03-04 23:14:36,974 - INFO - Unique patterns: 4050, Total trials: 5000
2026-03-04 23:14:36,986 - INFO - Split (oracle): train=3400, val=600, test=1000
2026-03-04 23:14:53,696 - INFO - BinnedStimSpikeDataset initialized:
2026-03-04 23:14:53,696 - INFO -   input_bin_size_ms=10, output_bin_size_ms=10
2026-03-04 23:14:53,696 - INFO -   n_input_bins=60, n_output_bins=60
2026-03-04 23:14:53,696 - INFO -   output_offset=0, total_bins_input=60, total_bins_output=60
2026-03-04 23:14:53,696 - INFO -   Valid start positions per trial: 0 to 0
2026-03-04 23:14:53,696 - INFO -   Total samples: 3400 (3400 trials × 1 positions)
2026-03-04 23:15:09,755 - INFO - BinnedStimSpikeDataset initialized:
2026-03-04 23:15:09,755 - INFO -   input_bin_size_ms=10, output_bin_size_ms=10
2026-03-04 23:15:09,755 - INFO -   n_input_bins=60, n_output_bins=60
2026-03-04 23:15:09,755 - INFO -   output_offset=0, total_bins_input=60, total_bins_output=60
2026-03-04 23:15:09,755 - INFO -   Valid start positions per trial: 0 to 0
2026-03-04 23:15:09,755 - INFO -   Total samples: 600 (600 trials × 1 positions)
2026-03-04 23:15:25,852 - INFO - BinnedStimSpikeDataset initialized:
2026-03-04 23:15:25,852 - INFO -   input_bin_size_ms=10, output_bin_size_ms=10
2026-03-04 23:15:25,852 - INFO -   n_input_bins=60, n_output_bins=60
2026-03-04 23:15:25,852 - INFO -   output_offset=0, total_bins_input=60, total_bins_output=60
2026-03-04 23:15:25,852 - INFO -   Valid start positions per trial: 0 to 0
2026-03-04 23:15:25,852 - INFO -   Total samples: 1000 (1000 trials × 1 positions)
2026-03-04 23:15:25,852 - INFO - Samples — train: 3400, val: 600, test: 1000
2026-03-04 23:15:25,852 - INFO - Input channels: 42, Neurons: 63
2026-03-04 23:15:25,873 - INFO - Using CPU
2026-03-04 23:15:25,881 - INFO - Model: CNN — 755,519 trainable params (755,519 total)
2026-03-04 23:15:30,090 - INFO - Starting training …
2026-03-04 23:15:40,569 - INFO - Epoch   1/50 | Train: 0.272948 | Val: 0.183117 | Corr: 0.077218 | LR: 1.00e-04
2026-03-04 23:15:40,586 - INFO -   ↳ Saved best model (val_corr=0.077218)
2026-03-04 23:15:50,317 - INFO - Epoch   2/50 | Train: 0.182982 | Val: 0.182095 | Corr: 0.081558 | LR: 1.00e-04
2026-03-04 23:15:50,333 - INFO -   ↳ Saved best model (val_corr=0.081558)
2026-03-04 23:16:00,010 - INFO - Epoch   3/50 | Train: 0.182232 | Val: 0.181388 | Corr: 0.088444 | LR: 1.00e-04
2026-03-04 23:16:00,029 - INFO -   ↳ Saved best model (val_corr=0.088444)
2026-03-04 23:16:09,830 - INFO - Epoch   4/50 | Train: 0.181561 | Val: 0.181815 | Corr: 0.089497 | LR: 1.00e-04
2026-03-04 23:16:09,872 - INFO -   ↳ Saved best model (val_corr=0.089497)
2026-03-04 23:16:19,642 - INFO - Epoch   5/50 | Train: 0.180973 | Val: 0.180742 | Corr: 0.096635 | LR: 1.00e-04
2026-03-04 23:16:19,693 - INFO -   ↳ Saved best model (val_corr=0.096635)
2026-03-04 23:16:29,417 - INFO - Epoch   6/50 | Train: 0.180410 | Val: 0.180466 | Corr: 0.100999 | LR: 1.00e-04
2026-03-04 23:16:29,436 - INFO -   ↳ Saved best model (val_corr=0.100999)
2026-03-04 23:16:39,227 - INFO - Epoch   7/50 | Train: 0.179861 | Val: 0.180275 | Corr: 0.104262 | LR: 1.00e-04
2026-03-04 23:16:39,246 - INFO -   ↳ Saved best model (val_corr=0.104262)
2026-03-04 23:16:48,988 - INFO - Epoch   8/50 | Train: 0.179408 | Val: 0.179817 | Corr: 0.107593 | LR: 1.00e-04
2026-03-04 23:16:49,010 - INFO -   ↳ Saved best model (val_corr=0.107593)
2026-03-04 23:16:58,776 - INFO - Epoch   9/50 | Train: 0.178920 | Val: 0.179353 | Corr: 0.111299 | LR: 1.00e-04
2026-03-04 23:16:58,799 - INFO -   ↳ Saved best model (val_corr=0.111299)
2026-03-04 23:17:08,649 - INFO - Epoch  10/50 | Train: 0.178393 | Val: 0.179158 | Corr: 0.113930 | LR: 1.00e-04
2026-03-04 23:17:08,669 - INFO -   ↳ Saved best model (val_corr=0.113930)
2026-03-04 23:17:18,452 - INFO - Epoch  11/50 | Train: 0.178013 | Val: 0.178970 | Corr: 0.116879 | LR: 1.00e-04
2026-03-04 23:17:18,475 - INFO -   ↳ Saved best model (val_corr=0.116879)
2026-03-04 23:17:28,262 - INFO - Epoch  12/50 | Train: 0.177653 | Val: 0.178716 | Corr: 0.119961 | LR: 1.00e-04
2026-03-04 23:17:28,278 - INFO -   ↳ Saved best model (val_corr=0.119961)
2026-03-04 23:17:38,062 - INFO - Epoch  13/50 | Train: 0.177374 | Val: 0.178886 | Corr: 0.120962 | LR: 1.00e-04
2026-03-04 23:17:38,080 - INFO -   ↳ Saved best model (val_corr=0.120962)
2026-03-04 23:17:47,858 - INFO - Epoch  14/50 | Train: 0.176988 | Val: 0.178567 | Corr: 0.122646 | LR: 1.00e-04
2026-03-04 23:17:47,873 - INFO -   ↳ Saved best model (val_corr=0.122646)
2026-03-04 23:17:57,700 - INFO - Epoch  15/50 | Train: 0.176772 | Val: 0.178374 | Corr: 0.123946 | LR: 1.00e-04
2026-03-04 23:17:57,723 - INFO -   ↳ Saved best model (val_corr=0.123946)
2026-03-04 23:18:07,520 - INFO - Epoch  16/50 | Train: 0.176447 | Val: 0.178317 | Corr: 0.125012 | LR: 1.00e-04
2026-03-04 23:18:07,551 - INFO -   ↳ Saved best model (val_corr=0.125012)
2026-03-04 23:18:17,354 - INFO - Epoch  17/50 | Train: 0.176212 | Val: 0.178412 | Corr: 0.125743 | LR: 1.00e-04
2026-03-04 23:18:17,373 - INFO -   ↳ Saved best model (val_corr=0.125743)
2026-03-04 23:18:27,165 - INFO - Epoch  18/50 | Train: 0.175936 | Val: 0.178203 | Corr: 0.126588 | LR: 1.00e-04
2026-03-04 23:18:27,189 - INFO -   ↳ Saved best model (val_corr=0.126588)
2026-03-04 23:18:36,984 - INFO - Epoch  19/50 | Train: 0.175717 | Val: 0.178233 | Corr: 0.128041 | LR: 1.00e-04
2026-03-04 23:18:37,005 - INFO -   ↳ Saved best model (val_corr=0.128041)
2026-03-04 23:18:46,754 - INFO - Epoch  20/50 | Train: 0.175416 | Val: 0.178226 | Corr: 0.129487 | LR: 1.00e-04
2026-03-04 23:18:46,776 - INFO -   ↳ Saved best model (val_corr=0.129487)
2026-03-04 23:18:56,560 - INFO - Epoch  21/50 | Train: 0.175170 | Val: 0.177881 | Corr: 0.129740 | LR: 1.00e-04
2026-03-04 23:18:56,579 - INFO -   ↳ Saved best model (val_corr=0.129740)
2026-03-04 23:19:06,378 - INFO - Epoch  22/50 | Train: 0.175033 | Val: 0.177925 | Corr: 0.130456 | LR: 1.00e-04
2026-03-04 23:19:06,396 - INFO -   ↳ Saved best model (val_corr=0.130456)
2026-03-04 23:19:16,149 - INFO - Epoch  23/50 | Train: 0.174837 | Val: 0.178012 | Corr: 0.129828 | LR: 1.00e-04
2026-03-04 23:19:25,964 - INFO - Epoch  24/50 | Train: 0.174675 | Val: 0.178023 | Corr: 0.130312 | LR: 1.00e-04
2026-03-04 23:19:35,739 - INFO - Epoch  25/50 | Train: 0.174443 | Val: 0.177940 | Corr: 0.131362 | LR: 1.00e-04
2026-03-04 23:19:35,754 - INFO -   ↳ Saved best model (val_corr=0.131362)
2026-03-04 23:19:45,579 - INFO - Epoch  26/50 | Train: 0.174264 | Val: 0.178011 | Corr: 0.131614 | LR: 1.00e-04
2026-03-04 23:19:45,597 - INFO -   ↳ Saved best model (val_corr=0.131614)
2026-03-04 23:19:55,282 - INFO - Epoch  27/50 | Train: 0.174142 | Val: 0.177813 | Corr: 0.132346 | LR: 1.00e-04
2026-03-04 23:19:55,301 - INFO -   ↳ Saved best model (val_corr=0.132346)
2026-03-04 23:20:05,165 - INFO - Epoch  28/50 | Train: 0.173961 | Val: 0.177829 | Corr: 0.132712 | LR: 1.00e-04
2026-03-04 23:20:05,182 - INFO -   ↳ Saved best model (val_corr=0.132712)
2026-03-04 23:20:15,076 - INFO - Epoch  29/50 | Train: 0.173816 | Val: 0.177996 | Corr: 0.131704 | LR: 1.00e-04
2026-03-04 23:20:24,911 - INFO - Epoch  30/50 | Train: 0.173641 | Val: 0.177740 | Corr: 0.132375 | LR: 1.00e-04
2026-03-04 23:20:34,694 - INFO - Epoch  31/50 | Train: 0.173454 | Val: 0.177851 | Corr: 0.132952 | LR: 1.00e-04
2026-03-04 23:20:34,717 - INFO -   ↳ Saved best model (val_corr=0.132952)
2026-03-04 23:20:44,498 - INFO - Epoch  32/50 | Train: 0.173313 | Val: 0.177917 | Corr: 0.132243 | LR: 1.00e-04
2026-03-04 23:20:54,276 - INFO - Epoch  33/50 | Train: 0.173235 | Val: 0.177761 | Corr: 0.132666 | LR: 1.00e-04
2026-03-04 23:21:04,059 - INFO - Epoch  34/50 | Train: 0.173040 | Val: 0.178371 | Corr: 0.130286 | LR: 1.00e-04
2026-03-04 23:21:13,831 - INFO - Epoch  35/50 | Train: 0.172886 | Val: 0.177866 | Corr: 0.133989 | LR: 1.00e-04
2026-03-04 23:21:13,852 - INFO -   ↳ Saved best model (val_corr=0.133989)
2026-03-04 23:21:23,623 - INFO - Epoch  36/50 | Train: 0.172761 | Val: 0.177920 | Corr: 0.133474 | LR: 5.00e-05
2026-03-04 23:21:33,399 - INFO - Epoch  37/50 | Train: 0.172369 | Val: 0.178303 | Corr: 0.134647 | LR: 5.00e-05
2026-03-04 23:21:33,491 - INFO -   ↳ Saved best model (val_corr=0.134647)
2026-03-04 23:21:43,271 - INFO - Epoch  38/50 | Train: 0.172364 | Val: 0.177883 | Corr: 0.133647 | LR: 5.00e-05
2026-03-04 23:21:52,962 - INFO - Epoch  39/50 | Train: 0.172240 | Val: 0.177733 | Corr: 0.133528 | LR: 5.00e-05
2026-03-04 23:22:02,556 - INFO - Epoch  40/50 | Train: 0.172146 | Val: 0.178136 | Corr: 0.134660 | LR: 5.00e-05
2026-03-04 23:22:02,579 - INFO -   ↳ Saved best model (val_corr=0.134660)
2026-03-04 23:22:12,174 - INFO - Epoch  41/50 | Train: 0.172011 | Val: 0.177975 | Corr: 0.133912 | LR: 5.00e-05
2026-03-04 23:22:21,720 - INFO - Epoch  42/50 | Train: 0.172009 | Val: 0.177829 | Corr: 0.134413 | LR: 2.50e-05
2026-03-04 23:22:31,298 - INFO - Epoch  43/50 | Train: 0.171808 | Val: 0.178159 | Corr: 0.134916 | LR: 2.50e-05
2026-03-04 23:22:31,319 - INFO -   ↳ Saved best model (val_corr=0.134916)
2026-03-04 23:22:40,905 - INFO - Epoch  44/50 | Train: 0.171786 | Val: 0.177979 | Corr: 0.134988 | LR: 2.50e-05
2026-03-04 23:22:40,922 - INFO -   ↳ Saved best model (val_corr=0.134988)
2026-03-04 23:22:50,472 - INFO - Epoch  45/50 | Train: 0.171652 | Val: 0.178035 | Corr: 0.135288 | LR: 2.50e-05
2026-03-04 23:22:50,488 - INFO -   ↳ Saved best model (val_corr=0.135288)
2026-03-04 23:23:00,034 - INFO - Epoch  46/50 | Train: 0.171696 | Val: 0.177988 | Corr: 0.134558 | LR: 2.50e-05
2026-03-04 23:23:09,613 - INFO - Epoch  47/50 | Train: 0.171639 | Val: 0.177873 | Corr: 0.134553 | LR: 2.50e-05
2026-03-04 23:23:19,165 - INFO - Epoch  48/50 | Train: 0.171567 | Val: 0.177911 | Corr: 0.134944 | LR: 1.25e-05
2026-03-04 23:23:28,780 - INFO - Epoch  49/50 | Train: 0.171437 | Val: 0.177943 | Corr: 0.135207 | LR: 1.25e-05
2026-03-04 23:23:38,317 - INFO - Epoch  50/50 | Train: 0.171521 | Val: 0.177960 | Corr: 0.134985 | LR: 1.25e-05
2026-03-04 23:23:38,318 - INFO - Training complete — best val corr: 0.135288
2026-03-04 23:23:39,949 - INFO - Test loss: 0.169334, Test corr: 0.131233
2026-03-04 23:23:40,709 - INFO - Fraction of variance explained (FVE): 0.012369
2026-03-04 23:23:40,709 - INFO - Generating figures …
2026-03-04 23:23:41,097 - INFO - Correlation between predicted and actual per-neuron averages: r=0.9897, p=0.00e+00
2026-03-04 23:23:43,178 - INFO - Pattern selectivity summary:
2026-03-04 23:23:43,178 - INFO -   Mean correlation across neurons: 0.4898
2026-03-04 23:23:43,178 - INFO -   Median correlation: 0.5145
2026-03-04 23:23:43,178 - INFO -   Neurons with r > 0.5: 35 / 63
2026-03-04 23:23:43,178 - INFO -   Neurons with r > 0.3: 51 / 63
2026-03-04 23:23:43,179 - INFO - Pattern selectivity — mean neuron corr: 0.4898
2026-03-04 23:23:44,975 - INFO - LOO (avg rate) — Model mean r: 0.2848, LOO mean r: 0.4546, Neurons model > LOO: 1/63
2026-03-04 23:23:47,220 - INFO - LOO (temporal) — Model mean r: 0.1318, LOO mean r: 0.3186, Neurons model > LOO: 0/63
2026-03-04 23:23:47,220 - INFO - Skipping oracle trial plots (skip_oracle_plots=True)
2026-03-04 23:23:47,238 - INFO - Experiment complete. Summary: {
  "run_dir": "/scratch/sb272/patterns5k_results/slurm_base_cnn_2026-03-04_16-53-19/trial_0029_learning_rate=1.0e-04_kernel_sizes=3x3x3_conv_channels=256x256x256_fc_dims=1024_seed4",
  "model_type": "cnn",
  "batch_avg_test_loss": 0.16933357763290405,
  "batch_avg_test_corr": 0.1312327573850126,
  "all_test_fve": 0.01236883799235026,
  "AR_FVE": NaN,
  "AR_test_correlation": NaN,
  "best_val_corr": 0.13528799865257382,
  "total_params": 755519,
  "trainable_params": 755519,
  "epochs_trained": 50,
  "mean_pattern_corr": 0.48984209986017185,
  "history": 0,
  "init_state": true,
  "loo_avg_mean_corr": 0.45456832695830385,
  "model_avg_mean_corr": 0.2847881840128697,
  "neurons_model_beats_loo_avg": 1,
  "loo_temporal_mean_corr": 0.31855225563049316,
  "all_test_corr": 0.1318243443965912,
  "neurons_model_beats_loo_temporal": 0,
  "kernel_sizes": [
    3,
    3,
    3
  ],
  "conv_channels": [
    256,
    256,
    256
  ],
  "fc_dims": [
    1024
  ]
}
