2026-03-05 17:45:24,076 - INFO - ============================================================
2026-03-05 17:45:24,076 - INFO - Experiment run directory: /scratch/sb272/patterns5k_results/slurm_hist_cnn_2026-03-05_16-01-45/trial_0155_learning_rate=1.0e-04_history=1_kernel_sizes=5x3_conv_channels=128x256_fc_dims=1024_seed0
2026-03-05 17:45:24,076 - INFO - ============================================================
2026-03-05 17:45:24,076 - INFO - Loading data …
2026-03-05 17:45:25,477 - INFO - 63 unique neurons after dropping problematic neurons
2026-03-05 17:45:26,992 - INFO - Stimulation channels: 42, Spiking neurons: 63
2026-03-05 17:47:24,861 - INFO - Unique patterns: 4050, Total trials: 5000
2026-03-05 17:47:24,863 - INFO - Stimulation channels: 42, Spiking neurons: 63
2026-03-05 17:47:24,863 - INFO - Unique patterns: 4050, Total trials: 5000
2026-03-05 17:47:24,882 - INFO - Split (oracle): train=3400, val=600, test=1000
2026-03-05 17:47:42,332 - INFO - BinnedStimSpikeDataset initialized:
2026-03-05 17:47:42,333 - INFO -   input_bin_size_ms=10, output_bin_size_ms=10
2026-03-05 17:47:42,333 - INFO -   n_input_bins=60, n_output_bins=60
2026-03-05 17:47:42,333 - INFO -   output_offset=0, total_bins_input=60, total_bins_output=60
2026-03-05 17:47:42,333 - INFO -   Valid start positions per trial: 0 to 0
2026-03-05 17:47:42,333 - INFO -   Total samples: 3400 (3400 trials × 1 positions)
2026-03-05 17:47:59,172 - INFO - BinnedStimSpikeDataset initialized:
2026-03-05 17:47:59,172 - INFO -   input_bin_size_ms=10, output_bin_size_ms=10
2026-03-05 17:47:59,172 - INFO -   n_input_bins=60, n_output_bins=60
2026-03-05 17:47:59,172 - INFO -   output_offset=0, total_bins_input=60, total_bins_output=60
2026-03-05 17:47:59,172 - INFO -   Valid start positions per trial: 0 to 0
2026-03-05 17:47:59,172 - INFO -   Total samples: 600 (600 trials × 1 positions)
2026-03-05 17:48:15,937 - INFO - BinnedStimSpikeDataset initialized:
2026-03-05 17:48:15,938 - INFO -   input_bin_size_ms=10, output_bin_size_ms=10
2026-03-05 17:48:15,938 - INFO -   n_input_bins=60, n_output_bins=60
2026-03-05 17:48:15,938 - INFO -   output_offset=0, total_bins_input=60, total_bins_output=60
2026-03-05 17:48:15,938 - INFO -   Valid start positions per trial: 0 to 0
2026-03-05 17:48:15,938 - INFO -   Total samples: 1000 (1000 trials × 1 positions)
2026-03-05 17:48:15,938 - INFO - Samples — train: 3400, val: 600, test: 1000
2026-03-05 17:48:15,938 - INFO - Input channels: 105, Neurons: 63
2026-03-05 17:48:15,959 - INFO - Using CPU
2026-03-05 17:48:15,968 - INFO - Model: CNN — 494,399 trainable params (494,399 total)
2026-03-05 17:48:20,953 - INFO - Starting training …
2026-03-05 17:48:35,209 - INFO - Epoch   1/50 | Train: 0.274789 | Val: 0.186914 | Corr: 0.109684 | LR: 1.00e-04
2026-03-05 17:48:35,229 - INFO -   ↳ Saved best model (val_corr=0.109684)
2026-03-05 17:48:46,729 - INFO - Epoch   2/50 | Train: 0.178791 | Val: 0.183969 | Corr: 0.131992 | LR: 1.00e-04
2026-03-05 17:48:46,746 - INFO -   ↳ Saved best model (val_corr=0.131992)
2026-03-05 17:48:58,415 - INFO - Epoch   3/50 | Train: 0.176006 | Val: 0.180358 | Corr: 0.146054 | LR: 1.00e-04
2026-03-05 17:48:58,431 - INFO -   ↳ Saved best model (val_corr=0.146054)
2026-03-05 17:49:11,567 - INFO - Epoch   4/50 | Train: 0.173781 | Val: 0.180018 | Corr: 0.157669 | LR: 1.00e-04
2026-03-05 17:49:11,585 - INFO -   ↳ Saved best model (val_corr=0.157669)
2026-03-05 17:49:24,735 - INFO - Epoch   5/50 | Train: 0.172206 | Val: 0.177274 | Corr: 0.165186 | LR: 1.00e-04
2026-03-05 17:49:24,756 - INFO -   ↳ Saved best model (val_corr=0.165186)
2026-03-05 17:49:36,377 - INFO - Epoch   6/50 | Train: 0.171074 | Val: 0.176173 | Corr: 0.172067 | LR: 1.00e-04
2026-03-05 17:49:36,396 - INFO -   ↳ Saved best model (val_corr=0.172067)
2026-03-05 17:49:48,419 - INFO - Epoch   7/50 | Train: 0.169975 | Val: 0.176137 | Corr: 0.179868 | LR: 1.00e-04
2026-03-05 17:49:48,437 - INFO -   ↳ Saved best model (val_corr=0.179868)
2026-03-05 17:50:01,536 - INFO - Epoch   8/50 | Train: 0.169135 | Val: 0.173481 | Corr: 0.185847 | LR: 1.00e-04
2026-03-05 17:50:01,552 - INFO -   ↳ Saved best model (val_corr=0.185847)
2026-03-05 17:50:14,344 - INFO - Epoch   9/50 | Train: 0.168283 | Val: 0.173553 | Corr: 0.191556 | LR: 1.00e-04
2026-03-05 17:50:14,377 - INFO -   ↳ Saved best model (val_corr=0.191556)
2026-03-05 17:50:26,052 - INFO - Epoch  10/50 | Train: 0.167471 | Val: 0.172791 | Corr: 0.197531 | LR: 1.00e-04
2026-03-05 17:50:26,070 - INFO -   ↳ Saved best model (val_corr=0.197531)
2026-03-05 17:50:38,554 - INFO - Epoch  11/50 | Train: 0.166751 | Val: 0.173331 | Corr: 0.201278 | LR: 1.00e-04
2026-03-05 17:50:38,571 - INFO -   ↳ Saved best model (val_corr=0.201278)
2026-03-05 17:50:51,203 - INFO - Epoch  12/50 | Train: 0.166101 | Val: 0.171621 | Corr: 0.205728 | LR: 1.00e-04
2026-03-05 17:50:51,224 - INFO -   ↳ Saved best model (val_corr=0.205728)
2026-03-05 17:51:03,958 - INFO - Epoch  13/50 | Train: 0.165602 | Val: 0.170643 | Corr: 0.210180 | LR: 1.00e-04
2026-03-05 17:51:03,978 - INFO -   ↳ Saved best model (val_corr=0.210180)
2026-03-05 17:51:15,700 - INFO - Epoch  14/50 | Train: 0.165097 | Val: 0.171114 | Corr: 0.213961 | LR: 1.00e-04
2026-03-05 17:51:15,717 - INFO -   ↳ Saved best model (val_corr=0.213961)
2026-03-05 17:51:27,225 - INFO - Epoch  15/50 | Train: 0.164609 | Val: 0.170612 | Corr: 0.216794 | LR: 1.00e-04
2026-03-05 17:51:27,255 - INFO -   ↳ Saved best model (val_corr=0.216794)
2026-03-05 17:51:38,921 - INFO - Epoch  16/50 | Train: 0.164143 | Val: 0.170126 | Corr: 0.218989 | LR: 1.00e-04
2026-03-05 17:51:38,941 - INFO -   ↳ Saved best model (val_corr=0.218989)
2026-03-05 17:51:50,659 - INFO - Epoch  17/50 | Train: 0.163808 | Val: 0.169551 | Corr: 0.222783 | LR: 1.00e-04
2026-03-05 17:51:50,677 - INFO -   ↳ Saved best model (val_corr=0.222783)
2026-03-05 17:52:02,470 - INFO - Epoch  18/50 | Train: 0.163389 | Val: 0.169423 | Corr: 0.225044 | LR: 1.00e-04
2026-03-05 17:52:02,490 - INFO -   ↳ Saved best model (val_corr=0.225044)
2026-03-05 17:52:14,585 - INFO - Epoch  19/50 | Train: 0.163069 | Val: 0.169923 | Corr: 0.227538 | LR: 1.00e-04
2026-03-05 17:52:14,605 - INFO -   ↳ Saved best model (val_corr=0.227538)
2026-03-05 17:52:26,250 - INFO - Epoch  20/50 | Train: 0.162758 | Val: 0.169986 | Corr: 0.230134 | LR: 1.00e-04
2026-03-05 17:52:26,268 - INFO -   ↳ Saved best model (val_corr=0.230134)
2026-03-05 17:52:39,490 - INFO - Epoch  21/50 | Train: 0.162403 | Val: 0.170263 | Corr: 0.230669 | LR: 1.00e-04
2026-03-05 17:52:39,513 - INFO -   ↳ Saved best model (val_corr=0.230669)
2026-03-05 17:52:53,091 - INFO - Epoch  22/50 | Train: 0.162034 | Val: 0.168962 | Corr: 0.233249 | LR: 1.00e-04
2026-03-05 17:52:53,111 - INFO -   ↳ Saved best model (val_corr=0.233249)
2026-03-05 17:53:04,963 - INFO - Epoch  23/50 | Train: 0.161908 | Val: 0.167825 | Corr: 0.235277 | LR: 1.00e-04
2026-03-05 17:53:04,980 - INFO -   ↳ Saved best model (val_corr=0.235277)
2026-03-05 17:53:17,125 - INFO - Epoch  24/50 | Train: 0.161563 | Val: 0.168397 | Corr: 0.237563 | LR: 1.00e-04
2026-03-05 17:53:17,145 - INFO -   ↳ Saved best model (val_corr=0.237563)
2026-03-05 17:53:30,813 - INFO - Epoch  25/50 | Train: 0.161305 | Val: 0.167698 | Corr: 0.237767 | LR: 1.00e-04
2026-03-05 17:53:30,837 - INFO -   ↳ Saved best model (val_corr=0.237767)
2026-03-05 17:53:44,350 - INFO - Epoch  26/50 | Train: 0.161114 | Val: 0.168457 | Corr: 0.240022 | LR: 1.00e-04
2026-03-05 17:53:44,370 - INFO -   ↳ Saved best model (val_corr=0.240022)
2026-03-05 17:53:56,200 - INFO - Epoch  27/50 | Train: 0.160827 | Val: 0.167113 | Corr: 0.240976 | LR: 1.00e-04
2026-03-05 17:53:56,216 - INFO -   ↳ Saved best model (val_corr=0.240976)
2026-03-05 17:54:07,938 - INFO - Epoch  28/50 | Train: 0.160611 | Val: 0.167944 | Corr: 0.242389 | LR: 1.00e-04
2026-03-05 17:54:07,966 - INFO -   ↳ Saved best model (val_corr=0.242389)
2026-03-05 17:54:20,812 - INFO - Epoch  29/50 | Train: 0.160532 | Val: 0.168466 | Corr: 0.243122 | LR: 1.00e-04
2026-03-05 17:54:20,829 - INFO -   ↳ Saved best model (val_corr=0.243122)
2026-03-05 17:54:33,659 - INFO - Epoch  30/50 | Train: 0.160265 | Val: 0.166043 | Corr: 0.244426 | LR: 1.00e-04
2026-03-05 17:54:33,681 - INFO -   ↳ Saved best model (val_corr=0.244426)
2026-03-05 17:54:45,103 - INFO - Epoch  31/50 | Train: 0.160211 | Val: 0.166460 | Corr: 0.245434 | LR: 1.00e-04
2026-03-05 17:54:45,121 - INFO -   ↳ Saved best model (val_corr=0.245434)
2026-03-05 17:54:56,684 - INFO - Epoch  32/50 | Train: 0.159895 | Val: 0.168362 | Corr: 0.246515 | LR: 1.00e-04
2026-03-05 17:54:56,703 - INFO -   ↳ Saved best model (val_corr=0.246515)
2026-03-05 17:55:09,596 - INFO - Epoch  33/50 | Train: 0.159698 | Val: 0.167967 | Corr: 0.246954 | LR: 1.00e-04
2026-03-05 17:55:09,614 - INFO -   ↳ Saved best model (val_corr=0.246954)
2026-03-05 17:55:22,386 - INFO - Epoch  34/50 | Train: 0.159507 | Val: 0.166321 | Corr: 0.248179 | LR: 1.00e-04
2026-03-05 17:55:22,405 - INFO -   ↳ Saved best model (val_corr=0.248179)
2026-03-05 17:55:33,706 - INFO - Epoch  35/50 | Train: 0.159409 | Val: 0.167494 | Corr: 0.249114 | LR: 1.00e-04
2026-03-05 17:55:33,726 - INFO -   ↳ Saved best model (val_corr=0.249114)
2026-03-05 17:55:45,544 - INFO - Epoch  36/50 | Train: 0.159280 | Val: 0.166449 | Corr: 0.249508 | LR: 5.00e-05
2026-03-05 17:55:45,562 - INFO -   ↳ Saved best model (val_corr=0.249508)
2026-03-05 17:55:58,650 - INFO - Epoch  37/50 | Train: 0.158897 | Val: 0.165781 | Corr: 0.250450 | LR: 5.00e-05
2026-03-05 17:55:58,669 - INFO -   ↳ Saved best model (val_corr=0.250450)
2026-03-05 17:56:11,796 - INFO - Epoch  38/50 | Train: 0.158735 | Val: 0.167167 | Corr: 0.251137 | LR: 5.00e-05
2026-03-05 17:56:11,820 - INFO -   ↳ Saved best model (val_corr=0.251137)
2026-03-05 17:56:23,986 - INFO - Epoch  39/50 | Train: 0.158776 | Val: 0.167241 | Corr: 0.249643 | LR: 5.00e-05
2026-03-05 17:56:36,491 - INFO - Epoch  40/50 | Train: 0.158670 | Val: 0.167089 | Corr: 0.251230 | LR: 5.00e-05
2026-03-05 17:56:36,510 - INFO -   ↳ Saved best model (val_corr=0.251230)
2026-03-05 17:56:50,045 - INFO - Epoch  41/50 | Train: 0.158534 | Val: 0.167455 | Corr: 0.251779 | LR: 5.00e-05
2026-03-05 17:56:50,066 - INFO -   ↳ Saved best model (val_corr=0.251779)
2026-03-05 17:57:03,278 - INFO - Epoch  42/50 | Train: 0.158542 | Val: 0.165920 | Corr: 0.252772 | LR: 5.00e-05
2026-03-05 17:57:03,294 - INFO -   ↳ Saved best model (val_corr=0.252772)
2026-03-05 17:57:14,438 - INFO - Epoch  43/50 | Train: 0.158487 | Val: 0.165931 | Corr: 0.253036 | LR: 2.50e-05
2026-03-05 17:57:14,455 - INFO -   ↳ Saved best model (val_corr=0.253036)
2026-03-05 17:57:26,635 - INFO - Epoch  44/50 | Train: 0.158298 | Val: 0.166204 | Corr: 0.252950 | LR: 2.50e-05
2026-03-05 17:57:39,391 - INFO - Epoch  45/50 | Train: 0.158233 | Val: 0.165398 | Corr: 0.253738 | LR: 2.50e-05
2026-03-05 17:57:39,410 - INFO -   ↳ Saved best model (val_corr=0.253738)
2026-03-05 17:57:51,970 - INFO - Epoch  46/50 | Train: 0.158153 | Val: 0.166382 | Corr: 0.253173 | LR: 2.50e-05
2026-03-05 17:58:03,431 - INFO - Epoch  47/50 | Train: 0.158050 | Val: 0.166697 | Corr: 0.252886 | LR: 2.50e-05
2026-03-05 17:58:15,469 - INFO - Epoch  48/50 | Train: 0.158234 | Val: 0.166890 | Corr: 0.253408 | LR: 2.50e-05
2026-03-05 17:58:28,409 - INFO - Epoch  49/50 | Train: 0.158100 | Val: 0.167376 | Corr: 0.252233 | LR: 2.50e-05
2026-03-05 17:58:40,175 - INFO - Epoch  50/50 | Train: 0.157977 | Val: 0.165719 | Corr: 0.254026 | LR: 2.50e-05
2026-03-05 17:58:40,200 - INFO -   ↳ Saved best model (val_corr=0.254026)
2026-03-05 17:58:40,201 - INFO - Training complete — best val corr: 0.254026
2026-03-05 17:58:42,232 - INFO - Test loss: 0.155637, Test corr: 0.244013
2026-03-05 17:58:43,178 - INFO - Fraction of variance explained (FVE): 0.055806
2026-03-05 17:58:43,178 - INFO - Computing autoregressive (AR) test predictions …
2026-03-05 17:58:44,331 - INFO - AR FVE: -0.000216, AR test corr: 0.086560
2026-03-05 17:58:44,332 - INFO - Generating figures …
2026-03-05 17:58:44,825 - INFO - Correlation between predicted and actual per-neuron averages: r=0.9959, p=0.00e+00
2026-03-05 17:58:47,460 - INFO - Pattern selectivity summary:
2026-03-05 17:58:47,460 - INFO -   Mean correlation across neurons: 0.7388
2026-03-05 17:58:47,460 - INFO -   Median correlation: 0.7739
2026-03-05 17:58:47,460 - INFO -   Neurons with r > 0.5: 57 / 63
2026-03-05 17:58:47,461 - INFO -   Neurons with r > 0.3: 63 / 63
2026-03-05 17:58:47,461 - INFO - Pattern selectivity — mean neuron corr: 0.7388
2026-03-05 17:58:49,739 - INFO - LOO (avg rate) — Model mean r: 0.6214, LOO mean r: 0.4546, Neurons model > LOO: 57/63
2026-03-05 17:58:52,892 - INFO - LOO (temporal) — Model mean r: 0.2549, LOO mean r: 0.3186, Neurons model > LOO: 13/63
2026-03-05 17:58:52,893 - INFO - Skipping oracle trial plots (skip_oracle_plots=True)
2026-03-05 17:58:52,901 - INFO - Experiment complete. Summary: {
  "run_dir": "/scratch/sb272/patterns5k_results/slurm_hist_cnn_2026-03-05_16-01-45/trial_0155_learning_rate=1.0e-04_history=1_kernel_sizes=5x3_conv_channels=128x256_fc_dims=1024_seed0",
  "model_type": "cnn",
  "batch_avg_test_loss": 0.15563738870620727,
  "batch_avg_test_corr": 0.244012737097274,
  "all_test_fve": 0.055806218631683835,
  "AR_FVE": -0.00021571677828591967,
  "AR_test_correlation": 0.08656025677919388,
  "best_val_corr": 0.25402587512849345,
  "total_params": 494399,
  "trainable_params": 494399,
  "epochs_trained": 50,
  "mean_pattern_corr": 0.7388164076588108,
  "history": 1,
  "init_state": true,
  "loo_avg_mean_corr": 0.45456832695830385,
  "model_avg_mean_corr": 0.6214102640179966,
  "neurons_model_beats_loo_avg": 57,
  "loo_temporal_mean_corr": 0.31855225563049316,
  "all_test_corr": 0.2549496591091156,
  "neurons_model_beats_loo_temporal": 13,
  "kernel_sizes": [
    5,
    3
  ],
  "conv_channels": [
    128,
    256
  ],
  "fc_dims": [
    1024
  ]
}
