2026-02-26 02:50:10,500 - INFO - ============================================================
2026-02-26 02:50:10,500 - INFO - Experiment run directory: results/cache_cnn_sweep_2026-02-26_00-36-32/trial_0026_kernel_sizes=5_conv_channels=256_fc_dims=256
2026-02-26 02:50:10,500 - INFO - ============================================================
2026-02-26 02:50:10,500 - INFO - Using preloaded raw data (skipping I/O)
2026-02-26 02:50:10,500 - INFO - Stimulation channels: 42, Spiking neurons: 63
2026-02-26 02:50:10,500 - INFO - Unique patterns: 4050, Total trials: 5000
2026-02-26 02:50:10,511 - INFO - Split (oracle): train=3400, val=600, test=1000
2026-02-26 02:50:24,630 - INFO - BinnedStimSpikeDataset initialized:
2026-02-26 02:50:24,632 - INFO -   input_bin_size_ms=10, output_bin_size_ms=10
2026-02-26 02:50:24,632 - INFO -   n_input_bins=60, n_output_bins=60
2026-02-26 02:50:24,632 - INFO -   output_offset=0, total_bins_input=60, total_bins_output=60
2026-02-26 02:50:24,632 - INFO -   Valid start positions per trial: 0 to 0
2026-02-26 02:50:24,632 - INFO -   Total samples: 3400 (3400 trials × 1 positions)
2026-02-26 02:50:38,081 - INFO - BinnedStimSpikeDataset initialized:
2026-02-26 02:50:38,081 - INFO -   input_bin_size_ms=10, output_bin_size_ms=10
2026-02-26 02:50:38,081 - INFO -   n_input_bins=60, n_output_bins=60
2026-02-26 02:50:38,081 - INFO -   output_offset=0, total_bins_input=60, total_bins_output=60
2026-02-26 02:50:38,081 - INFO -   Valid start positions per trial: 0 to 0
2026-02-26 02:50:38,081 - INFO -   Total samples: 600 (600 trials × 1 positions)
2026-02-26 02:50:51,631 - INFO - BinnedStimSpikeDataset initialized:
2026-02-26 02:50:51,632 - INFO -   input_bin_size_ms=10, output_bin_size_ms=10
2026-02-26 02:50:51,632 - INFO -   n_input_bins=60, n_output_bins=60
2026-02-26 02:50:51,632 - INFO -   output_offset=0, total_bins_input=60, total_bins_output=60
2026-02-26 02:50:51,632 - INFO -   Valid start positions per trial: 0 to 0
2026-02-26 02:50:51,632 - INFO -   Total samples: 1000 (1000 trials × 1 positions)
2026-02-26 02:50:51,632 - INFO - Samples — train: 3400, val: 600, test: 1000
2026-02-26 02:50:51,632 - INFO - Input channels: 42, Neurons: 63
2026-02-26 02:50:51,632 - INFO - Using Apple Silicon MPS acceleration
2026-02-26 02:50:51,822 - INFO - Model: CACHE_CNN — 5,298,175 trainable params (5,298,175 total)
2026-02-26 02:50:51,823 - INFO - Starting training …
2026-02-26 02:51:04,352 - INFO - Epoch   1/50 | Train: 0.217726 | Val: 0.186914 | Corr: 0.196407 | LR: 1.00e-03
2026-02-26 02:51:04,511 - INFO -   ↳ Saved best model (val_corr=0.196407)
2026-02-26 02:51:16,882 - INFO - Epoch   2/50 | Train: 0.182997 | Val: 0.178432 | Corr: 0.236505 | LR: 1.00e-03
2026-02-26 02:51:17,049 - INFO -   ↳ Saved best model (val_corr=0.236505)
2026-02-26 02:51:36,251 - INFO - Epoch   3/50 | Train: 0.178173 | Val: 0.176552 | Corr: 0.256255 | LR: 1.00e-03
2026-02-26 02:51:36,361 - INFO -   ↳ Saved best model (val_corr=0.256255)
2026-02-26 02:51:59,581 - INFO - Epoch   4/50 | Train: 0.175168 | Val: 0.174054 | Corr: 0.266288 | LR: 1.00e-03
2026-02-26 02:51:59,716 - INFO -   ↳ Saved best model (val_corr=0.266288)
2026-02-26 02:52:18,100 - INFO - Epoch   5/50 | Train: 0.172545 | Val: 0.173074 | Corr: 0.271482 | LR: 1.00e-03
2026-02-26 02:52:18,340 - INFO -   ↳ Saved best model (val_corr=0.271482)
2026-02-26 02:52:34,805 - INFO - Epoch   6/50 | Train: 0.170311 | Val: 0.171692 | Corr: 0.277569 | LR: 1.00e-03
2026-02-26 02:52:34,932 - INFO -   ↳ Saved best model (val_corr=0.277569)
2026-02-26 02:52:50,556 - INFO - Epoch   7/50 | Train: 0.168305 | Val: 0.170907 | Corr: 0.281431 | LR: 1.00e-03
2026-02-26 02:52:50,648 - INFO -   ↳ Saved best model (val_corr=0.281431)
2026-02-26 02:53:05,940 - INFO - Epoch   8/50 | Train: 0.166333 | Val: 0.170452 | Corr: 0.284392 | LR: 1.00e-03
2026-02-26 02:53:06,034 - INFO -   ↳ Saved best model (val_corr=0.284392)
2026-02-26 02:53:21,116 - INFO - Epoch   9/50 | Train: 0.164776 | Val: 0.170171 | Corr: 0.285957 | LR: 1.00e-03
2026-02-26 02:53:21,208 - INFO -   ↳ Saved best model (val_corr=0.285957)
2026-02-26 02:53:36,388 - INFO - Epoch  10/50 | Train: 0.163347 | Val: 0.170232 | Corr: 0.288017 | LR: 1.00e-03
2026-02-26 02:53:36,470 - INFO -   ↳ Saved best model (val_corr=0.288017)
2026-02-26 02:53:51,702 - INFO - Epoch  11/50 | Train: 0.161909 | Val: 0.170073 | Corr: 0.288178 | LR: 1.00e-03
2026-02-26 02:53:51,788 - INFO -   ↳ Saved best model (val_corr=0.288178)
2026-02-26 02:54:06,847 - INFO - Epoch  12/50 | Train: 0.160764 | Val: 0.169856 | Corr: 0.288434 | LR: 1.00e-03
2026-02-26 02:54:06,934 - INFO -   ↳ Saved best model (val_corr=0.288434)
2026-02-26 02:54:21,867 - INFO - Epoch  13/50 | Train: 0.159613 | Val: 0.170023 | Corr: 0.288962 | LR: 1.00e-03
2026-02-26 02:54:22,003 - INFO -   ↳ Saved best model (val_corr=0.288962)
2026-02-26 02:54:37,195 - INFO - Epoch  14/50 | Train: 0.158460 | Val: 0.170158 | Corr: 0.287879 | LR: 1.00e-03
2026-02-26 02:54:52,145 - INFO - Epoch  15/50 | Train: 0.157577 | Val: 0.170453 | Corr: 0.287425 | LR: 1.00e-03
2026-02-26 02:55:06,973 - INFO - Epoch  16/50 | Train: 0.156513 | Val: 0.170518 | Corr: 0.286651 | LR: 1.00e-03
2026-02-26 02:55:21,822 - INFO - Epoch  17/50 | Train: 0.155630 | Val: 0.171233 | Corr: 0.285909 | LR: 1.00e-03
2026-02-26 02:55:37,050 - INFO - Epoch  18/50 | Train: 0.154701 | Val: 0.171108 | Corr: 0.285901 | LR: 5.00e-04
2026-02-26 02:55:51,959 - INFO - Epoch  19/50 | Train: 0.152221 | Val: 0.171470 | Corr: 0.284703 | LR: 5.00e-04
2026-02-26 02:56:06,863 - INFO - Epoch  20/50 | Train: 0.151342 | Val: 0.172145 | Corr: 0.283748 | LR: 5.00e-04
2026-02-26 02:56:21,828 - INFO - Epoch  21/50 | Train: 0.150836 | Val: 0.172350 | Corr: 0.282766 | LR: 5.00e-04
2026-02-26 02:56:36,931 - INFO - Epoch  22/50 | Train: 0.150226 | Val: 0.172745 | Corr: 0.281423 | LR: 5.00e-04
2026-02-26 02:56:51,999 - INFO - Epoch  23/50 | Train: 0.149687 | Val: 0.172623 | Corr: 0.281414 | LR: 5.00e-04
2026-02-26 02:56:51,999 - INFO - Early stopping at epoch 23
2026-02-26 02:56:51,999 - INFO - Training complete — best val corr: 0.288962
2026-02-26 02:56:53,669 - INFO - Test loss: 0.161902, Test corr: 0.278453
2026-02-26 02:56:55,037 - INFO - Fraction of variance explained (FVE): 0.088084
2026-02-26 02:56:55,038 - INFO - Generating figures …
2026-02-26 02:56:55,245 - INFO - Correlation between predicted and actual per-neuron averages: r=0.9896, p=4.37e-53
2026-02-26 02:56:55,471 - WARNING - Could not generate pattern selectivity plot: 'NoneType' object has no attribute 'shape'
2026-02-26 02:56:55,475 - WARNING - LOO baseline failed: 'NoneType' object has no attribute 'shape'
2026-02-26 02:56:55,475 - INFO - Skipping oracle trial plots (skip_oracle_plots=True)
2026-02-26 02:56:55,475 - INFO - Experiment complete. Summary: {
  "run_dir": "results/cache_cnn_sweep_2026-02-26_00-36-32/trial_0026_kernel_sizes=5_conv_channels=256_fc_dims=256",
  "model_type": "cache_cnn",
  "batch_avg_test_loss": 0.16190220761299134,
  "batch_avg_test_corr": 0.27845320868155105,
  "all_test_fve": 0.08808441294564141,
  "AR_FVE": NaN,
  "AR_test_correlation": NaN,
  "best_val_corr": 0.28896246796246655,
  "total_params": 5298175,
  "trainable_params": 5298175,
  "epochs_trained": 23,
  "mean_pattern_corr": NaN,
  "history": 0,
  "init_state": false,
  "kernel_sizes": [
    5
  ],
  "conv_channels": [
    256
  ],
  "fc_dims": [
    256
  ],
  "cache_size": 10,
  "cache_embed_dim": 64
}
2026-02-26 02:56:55,477 - INFO - 
======================================================================
2026-02-26 02:56:55,477 - INFO - [28/135] trial_0027_kernel_sizes=5_conv_channels=256_fc_dims=256
2026-02-26 02:56:55,478 - INFO -   Overrides: {"_arch": {"kernel_sizes": [5], "conv_channels": [256], "fc_dims": [256]}, "cache_size": 20, "cache_embed_dim": 8}
2026-02-26 02:56:55,478 - INFO -   Output: results/cache_cnn_sweep_2026-02-26_00-36-32/trial_0027_kernel_sizes=5_conv_channels=256_fc_dims=256
