2026-03-03 22:32:05,665 - INFO - ============================================================
2026-03-03 22:32:05,666 - INFO - Experiment run directory: /scratch/sb272/patterns5k_results/slurm_hist_cnn_2026-03-03_15-13-01/trial_0175_learning_rate=5.0e-04_history=1_kernel_sizes=3_conv_channels=256_fc_dims=256_seed2
2026-03-03 22:32:05,666 - INFO - ============================================================
2026-03-03 22:32:05,666 - INFO - Loading data …
2026-03-03 22:32:07,198 - INFO - 63 unique neurons after dropping problematic neurons
2026-03-03 22:32:08,090 - INFO - Stimulation channels: 42, Spiking neurons: 63
2026-03-03 22:33:20,712 - INFO - Unique patterns: 4050, Total trials: 5000
2026-03-03 22:33:20,713 - INFO - Stimulation channels: 42, Spiking neurons: 63
2026-03-03 22:33:20,713 - INFO - Unique patterns: 4050, Total trials: 5000
2026-03-03 22:33:20,724 - INFO - Split (oracle): train=3400, val=600, test=1000
2026-03-03 22:33:35,126 - INFO - BinnedStimSpikeDataset initialized:
2026-03-03 22:33:35,127 - INFO -   input_bin_size_ms=10, output_bin_size_ms=10
2026-03-03 22:33:35,127 - INFO -   n_input_bins=60, n_output_bins=60
2026-03-03 22:33:35,127 - INFO -   output_offset=0, total_bins_input=60, total_bins_output=60
2026-03-03 22:33:35,127 - INFO -   Valid start positions per trial: 0 to 0
2026-03-03 22:33:35,127 - INFO -   Total samples: 3400 (3400 trials × 1 positions)
2026-03-03 22:33:49,044 - INFO - BinnedStimSpikeDataset initialized:
2026-03-03 22:33:49,045 - INFO -   input_bin_size_ms=10, output_bin_size_ms=10
2026-03-03 22:33:49,045 - INFO -   n_input_bins=60, n_output_bins=60
2026-03-03 22:33:49,045 - INFO -   output_offset=0, total_bins_input=60, total_bins_output=60
2026-03-03 22:33:49,045 - INFO -   Valid start positions per trial: 0 to 0
2026-03-03 22:33:49,045 - INFO -   Total samples: 600 (600 trials × 1 positions)
2026-03-03 22:34:03,084 - INFO - BinnedStimSpikeDataset initialized:
2026-03-03 22:34:03,084 - INFO -   input_bin_size_ms=10, output_bin_size_ms=10
2026-03-03 22:34:03,084 - INFO -   n_input_bins=60, n_output_bins=60
2026-03-03 22:34:03,084 - INFO -   output_offset=0, total_bins_input=60, total_bins_output=60
2026-03-03 22:34:03,084 - INFO -   Valid start positions per trial: 0 to 0
2026-03-03 22:34:03,084 - INFO -   Total samples: 1000 (1000 trials × 1 positions)
2026-03-03 22:34:03,084 - INFO - Samples — train: 3400, val: 600, test: 1000
2026-03-03 22:34:03,084 - INFO - Input channels: 105, Neurons: 63
2026-03-03 22:34:03,093 - INFO - Using CPU
2026-03-03 22:34:03,108 - INFO - Model: CNN — 163,391 trainable params (163,391 total)
2026-03-03 22:34:07,273 - INFO - Starting training …
2026-03-03 22:34:11,516 - INFO - Epoch   1/50 | Train: 0.234809 | Val: 0.177080 | Corr: 0.124505 | LR: 5.00e-04
2026-03-03 22:34:11,529 - INFO -   ↳ Saved best model (val_corr=0.124505)
2026-03-03 22:34:14,545 - INFO - Epoch   2/50 | Train: 0.177314 | Val: 0.171646 | Corr: 0.162372 | LR: 5.00e-04
2026-03-03 22:34:14,554 - INFO -   ↳ Saved best model (val_corr=0.162372)
2026-03-03 22:34:17,527 - INFO - Epoch   3/50 | Train: 0.173032 | Val: 0.169299 | Corr: 0.180734 | LR: 5.00e-04
2026-03-03 22:34:17,539 - INFO -   ↳ Saved best model (val_corr=0.180734)
2026-03-03 22:34:20,557 - INFO - Epoch   4/50 | Train: 0.170807 | Val: 0.167453 | Corr: 0.196893 | LR: 5.00e-04
2026-03-03 22:34:20,567 - INFO -   ↳ Saved best model (val_corr=0.196893)
2026-03-03 22:34:23,599 - INFO - Epoch   5/50 | Train: 0.169041 | Val: 0.166429 | Corr: 0.206035 | LR: 5.00e-04
2026-03-03 22:34:23,611 - INFO -   ↳ Saved best model (val_corr=0.206035)
2026-03-03 22:34:26,556 - INFO - Epoch   6/50 | Train: 0.167846 | Val: 0.166055 | Corr: 0.211958 | LR: 5.00e-04
2026-03-03 22:34:26,569 - INFO -   ↳ Saved best model (val_corr=0.211958)
2026-03-03 22:34:29,624 - INFO - Epoch   7/50 | Train: 0.167129 | Val: 0.165212 | Corr: 0.217815 | LR: 5.00e-04
2026-03-03 22:34:29,637 - INFO -   ↳ Saved best model (val_corr=0.217815)
2026-03-03 22:34:32,693 - INFO - Epoch   8/50 | Train: 0.166097 | Val: 0.164491 | Corr: 0.223236 | LR: 5.00e-04
2026-03-03 22:34:32,704 - INFO -   ↳ Saved best model (val_corr=0.223236)
2026-03-03 22:34:35,765 - INFO - Epoch   9/50 | Train: 0.165434 | Val: 0.164085 | Corr: 0.226072 | LR: 5.00e-04
2026-03-03 22:34:35,774 - INFO -   ↳ Saved best model (val_corr=0.226072)
2026-03-03 22:34:38,859 - INFO - Epoch  10/50 | Train: 0.164858 | Val: 0.164082 | Corr: 0.227824 | LR: 5.00e-04
2026-03-03 22:34:38,871 - INFO -   ↳ Saved best model (val_corr=0.227824)
2026-03-03 22:34:41,954 - INFO - Epoch  11/50 | Train: 0.164322 | Val: 0.163310 | Corr: 0.231646 | LR: 5.00e-04
2026-03-03 22:34:41,966 - INFO -   ↳ Saved best model (val_corr=0.231646)
2026-03-03 22:34:45,086 - INFO - Epoch  12/50 | Train: 0.163717 | Val: 0.163816 | Corr: 0.234016 | LR: 5.00e-04
2026-03-03 22:34:45,096 - INFO -   ↳ Saved best model (val_corr=0.234016)
2026-03-03 22:34:48,198 - INFO - Epoch  13/50 | Train: 0.163300 | Val: 0.163241 | Corr: 0.235481 | LR: 5.00e-04
2026-03-03 22:34:48,209 - INFO -   ↳ Saved best model (val_corr=0.235481)
2026-03-03 22:34:51,206 - INFO - Epoch  14/50 | Train: 0.163007 | Val: 0.162703 | Corr: 0.236747 | LR: 5.00e-04
2026-03-03 22:34:51,217 - INFO -   ↳ Saved best model (val_corr=0.236747)
2026-03-03 22:34:54,317 - INFO - Epoch  15/50 | Train: 0.162855 | Val: 0.162468 | Corr: 0.238125 | LR: 5.00e-04
2026-03-03 22:34:54,327 - INFO -   ↳ Saved best model (val_corr=0.238125)
2026-03-03 22:34:57,389 - INFO - Epoch  16/50 | Train: 0.162245 | Val: 0.162366 | Corr: 0.241323 | LR: 5.00e-04
2026-03-03 22:34:57,401 - INFO -   ↳ Saved best model (val_corr=0.241323)
2026-03-03 22:35:00,437 - INFO - Epoch  17/50 | Train: 0.162107 | Val: 0.162167 | Corr: 0.241328 | LR: 5.00e-04
2026-03-03 22:35:00,445 - INFO -   ↳ Saved best model (val_corr=0.241328)
2026-03-03 22:35:03,514 - INFO - Epoch  18/50 | Train: 0.161757 | Val: 0.161947 | Corr: 0.242663 | LR: 5.00e-04
2026-03-03 22:35:03,524 - INFO -   ↳ Saved best model (val_corr=0.242663)
2026-03-03 22:35:06,618 - INFO - Epoch  19/50 | Train: 0.161519 | Val: 0.161889 | Corr: 0.243083 | LR: 5.00e-04
2026-03-03 22:35:06,630 - INFO -   ↳ Saved best model (val_corr=0.243083)
2026-03-03 22:35:09,757 - INFO - Epoch  20/50 | Train: 0.161302 | Val: 0.161716 | Corr: 0.244793 | LR: 5.00e-04
2026-03-03 22:35:09,767 - INFO -   ↳ Saved best model (val_corr=0.244793)
2026-03-03 22:35:13,652 - INFO - Epoch  21/50 | Train: 0.161069 | Val: 0.161471 | Corr: 0.246237 | LR: 5.00e-04
2026-03-03 22:35:13,664 - INFO -   ↳ Saved best model (val_corr=0.246237)
2026-03-03 22:35:16,827 - INFO - Epoch  22/50 | Train: 0.160930 | Val: 0.161577 | Corr: 0.246883 | LR: 5.00e-04
2026-03-03 22:35:16,836 - INFO -   ↳ Saved best model (val_corr=0.246883)
2026-03-03 22:35:19,799 - INFO - Epoch  23/50 | Train: 0.160584 | Val: 0.162176 | Corr: 0.247898 | LR: 5.00e-04
2026-03-03 22:35:19,809 - INFO -   ↳ Saved best model (val_corr=0.247898)
2026-03-03 22:35:22,845 - INFO - Epoch  24/50 | Train: 0.160441 | Val: 0.161477 | Corr: 0.247819 | LR: 5.00e-04
2026-03-03 22:35:25,943 - INFO - Epoch  25/50 | Train: 0.160214 | Val: 0.161930 | Corr: 0.248422 | LR: 5.00e-04
2026-03-03 22:35:25,954 - INFO -   ↳ Saved best model (val_corr=0.248422)
2026-03-03 22:35:29,030 - INFO - Epoch  26/50 | Train: 0.160065 | Val: 0.161120 | Corr: 0.248719 | LR: 5.00e-04
2026-03-03 22:35:29,044 - INFO -   ↳ Saved best model (val_corr=0.248719)
2026-03-03 22:35:32,113 - INFO - Epoch  27/50 | Train: 0.160064 | Val: 0.161487 | Corr: 0.250208 | LR: 5.00e-04
2026-03-03 22:35:32,124 - INFO -   ↳ Saved best model (val_corr=0.250208)
2026-03-03 22:35:35,146 - INFO - Epoch  28/50 | Train: 0.159816 | Val: 0.161108 | Corr: 0.250437 | LR: 5.00e-04
2026-03-03 22:35:35,156 - INFO -   ↳ Saved best model (val_corr=0.250437)
2026-03-03 22:35:38,181 - INFO - Epoch  29/50 | Train: 0.159640 | Val: 0.161194 | Corr: 0.251139 | LR: 5.00e-04
2026-03-03 22:35:38,192 - INFO -   ↳ Saved best model (val_corr=0.251139)
2026-03-03 22:35:41,205 - INFO - Epoch  30/50 | Train: 0.159417 | Val: 0.161188 | Corr: 0.251371 | LR: 5.00e-04
2026-03-03 22:35:41,215 - INFO -   ↳ Saved best model (val_corr=0.251371)
2026-03-03 22:35:44,237 - INFO - Epoch  31/50 | Train: 0.159490 | Val: 0.160997 | Corr: 0.251385 | LR: 5.00e-04
2026-03-03 22:35:44,248 - INFO -   ↳ Saved best model (val_corr=0.251385)
2026-03-03 22:35:47,283 - INFO - Epoch  32/50 | Train: 0.159293 | Val: 0.160742 | Corr: 0.251634 | LR: 5.00e-04
2026-03-03 22:35:47,299 - INFO -   ↳ Saved best model (val_corr=0.251634)
2026-03-03 22:35:50,316 - INFO - Epoch  33/50 | Train: 0.159073 | Val: 0.160737 | Corr: 0.251886 | LR: 5.00e-04
2026-03-03 22:35:50,327 - INFO -   ↳ Saved best model (val_corr=0.251886)
2026-03-03 22:35:53,350 - INFO - Epoch  34/50 | Train: 0.159012 | Val: 0.161773 | Corr: 0.252460 | LR: 5.00e-04
2026-03-03 22:35:53,361 - INFO -   ↳ Saved best model (val_corr=0.252460)
2026-03-03 22:35:56,365 - INFO - Epoch  35/50 | Train: 0.158809 | Val: 0.160654 | Corr: 0.252764 | LR: 5.00e-04
2026-03-03 22:35:56,375 - INFO -   ↳ Saved best model (val_corr=0.252764)
2026-03-03 22:35:59,392 - INFO - Epoch  36/50 | Train: 0.158776 | Val: 0.160952 | Corr: 0.253129 | LR: 5.00e-04
2026-03-03 22:35:59,402 - INFO -   ↳ Saved best model (val_corr=0.253129)
2026-03-03 22:36:02,402 - INFO - Epoch  37/50 | Train: 0.158539 | Val: 0.160898 | Corr: 0.253519 | LR: 5.00e-04
2026-03-03 22:36:02,414 - INFO -   ↳ Saved best model (val_corr=0.253519)
2026-03-03 22:36:05,409 - INFO - Epoch  38/50 | Train: 0.158499 | Val: 0.160613 | Corr: 0.254033 | LR: 5.00e-04
2026-03-03 22:36:05,420 - INFO -   ↳ Saved best model (val_corr=0.254033)
2026-03-03 22:36:08,448 - INFO - Epoch  39/50 | Train: 0.158410 | Val: 0.160964 | Corr: 0.253685 | LR: 5.00e-04
2026-03-03 22:36:11,426 - INFO - Epoch  40/50 | Train: 0.158191 | Val: 0.160637 | Corr: 0.253521 | LR: 5.00e-04
2026-03-03 22:36:14,439 - INFO - Epoch  41/50 | Train: 0.158182 | Val: 0.160523 | Corr: 0.253718 | LR: 5.00e-04
2026-03-03 22:36:17,437 - INFO - Epoch  42/50 | Train: 0.158089 | Val: 0.161113 | Corr: 0.254030 | LR: 5.00e-04
2026-03-03 22:36:20,454 - INFO - Epoch  43/50 | Train: 0.157954 | Val: 0.160630 | Corr: 0.253647 | LR: 5.00e-04
2026-03-03 22:36:23,403 - INFO - Epoch  44/50 | Train: 0.157960 | Val: 0.160502 | Corr: 0.253719 | LR: 5.00e-04
2026-03-03 22:36:26,362 - INFO - Epoch  45/50 | Train: 0.157870 | Val: 0.160960 | Corr: 0.254165 | LR: 5.00e-04
2026-03-03 22:36:26,379 - INFO -   ↳ Saved best model (val_corr=0.254165)
2026-03-03 22:36:29,391 - INFO - Epoch  46/50 | Train: 0.157788 | Val: 0.160595 | Corr: 0.254386 | LR: 5.00e-04
2026-03-03 22:36:29,403 - INFO -   ↳ Saved best model (val_corr=0.254386)
2026-03-03 22:36:32,445 - INFO - Epoch  47/50 | Train: 0.157610 | Val: 0.160745 | Corr: 0.254269 | LR: 5.00e-04
2026-03-03 22:36:35,428 - INFO - Epoch  48/50 | Train: 0.157659 | Val: 0.160491 | Corr: 0.254454 | LR: 5.00e-04
2026-03-03 22:36:35,440 - INFO -   ↳ Saved best model (val_corr=0.254454)
2026-03-03 22:36:38,415 - INFO - Epoch  49/50 | Train: 0.157505 | Val: 0.160515 | Corr: 0.254274 | LR: 5.00e-04
2026-03-03 22:36:41,380 - INFO - Epoch  50/50 | Train: 0.157538 | Val: 0.160967 | Corr: 0.254382 | LR: 2.50e-04
2026-03-03 22:36:41,380 - INFO - Training complete — best val corr: 0.254454
2026-03-03 22:36:42,331 - INFO - Test loss: 0.152645, Test corr: 0.247706
2026-03-03 22:36:42,579 - INFO - Fraction of variance explained (FVE): 0.075297
2026-03-03 22:36:42,580 - INFO - Computing autoregressive (AR) test predictions …
2026-03-03 22:36:42,938 - INFO - AR FVE: -0.003676, AR test corr: 0.099524
2026-03-03 22:36:42,938 - INFO - Generating figures …
2026-03-03 22:36:43,288 - INFO - Correlation between predicted and actual per-neuron averages: r=0.9950, p=0.00e+00
2026-03-03 22:36:44,643 - INFO - Pattern selectivity summary:
2026-03-03 22:36:44,643 - INFO -   Mean correlation across neurons: 0.7837
2026-03-03 22:36:44,643 - INFO -   Median correlation: 0.8186
2026-03-03 22:36:44,643 - INFO -   Neurons with r > 0.5: 61 / 63
2026-03-03 22:36:44,643 - INFO -   Neurons with r > 0.3: 63 / 63
2026-03-03 22:36:44,643 - INFO - Pattern selectivity — mean neuron corr: 0.7837
2026-03-03 22:36:45,718 - INFO - LOO (avg rate) — Model mean r: 0.6774, LOO mean r: 0.4546, Neurons model > LOO: 62/63
2026-03-03 22:36:47,215 - INFO - LOO (temporal) — Model mean r: 0.2590, LOO mean r: 0.3186, Neurons model > LOO: 14/63
2026-03-03 22:36:47,215 - INFO - Skipping oracle trial plots (skip_oracle_plots=True)
2026-03-03 22:36:47,222 - INFO - Experiment complete. Summary: {
  "run_dir": "/scratch/sb272/patterns5k_results/slurm_hist_cnn_2026-03-03_15-13-01/trial_0175_learning_rate=5.0e-04_history=1_kernel_sizes=3_conv_channels=256_fc_dims=256_seed2",
  "model_type": "cnn",
  "batch_avg_test_loss": 0.15264467895030975,
  "batch_avg_test_corr": 0.24770596862748367,
  "all_test_fve": 0.07529707655074104,
  "AR_FVE": -0.0036758562875172447,
  "AR_test_correlation": 0.09952365607023239,
  "best_val_corr": 0.2544538530481535,
  "total_params": 163391,
  "trainable_params": 163391,
  "epochs_trained": 50,
  "mean_pattern_corr": 0.783682379004334,
  "history": 1,
  "init_state": true,
  "loo_avg_mean_corr": 0.45456832695830385,
  "model_avg_mean_corr": 0.6774140047486947,
  "neurons_model_beats_loo_avg": 62,
  "loo_temporal_mean_corr": 0.31855225563049316,
  "all_test_corr": 0.258992463350296,
  "neurons_model_beats_loo_temporal": 14,
  "kernel_sizes": [
    3
  ],
  "conv_channels": [
    256
  ],
  "fc_dims": [
    256
  ]
}
