2026-02-15 14:14:52,518 - INFO - ============================================================
2026-02-15 14:14:52,518 - INFO - Experiment run directory: results/base_cnn_kernel_sweep_2026-02-15_11-28-56/trial_0074_learning_rate=1.0e-04
2026-02-15 14:14:52,518 - INFO - ============================================================
2026-02-15 14:14:52,518 - INFO - Using preloaded raw data (skipping I/O)
2026-02-15 14:14:52,518 - INFO - Stimulation channels: 42, Spiking neurons: 63
2026-02-15 14:14:52,518 - INFO - Unique patterns: 4050, Total trials: 5000
2026-02-15 14:14:52,530 - INFO - Split (oracle): train=3400, val=600, test=1000
2026-02-15 14:15:06,710 - INFO - BinnedStimSpikeDataset initialized:
2026-02-15 14:15:06,710 - INFO -   input_bin_size_ms=10, output_bin_size_ms=10
2026-02-15 14:15:06,710 - INFO -   n_input_bins=60, n_output_bins=60
2026-02-15 14:15:06,710 - INFO -   output_offset=0, total_bins_input=60, total_bins_output=60
2026-02-15 14:15:06,710 - INFO -   Valid start positions per trial: 0 to 0
2026-02-15 14:15:06,710 - INFO -   Total samples: 3400 (3400 trials × 1 positions)
2026-02-15 14:15:20,152 - INFO - BinnedStimSpikeDataset initialized:
2026-02-15 14:15:20,153 - INFO -   input_bin_size_ms=10, output_bin_size_ms=10
2026-02-15 14:15:20,153 - INFO -   n_input_bins=60, n_output_bins=60
2026-02-15 14:15:20,153 - INFO -   output_offset=0, total_bins_input=60, total_bins_output=60
2026-02-15 14:15:20,153 - INFO -   Valid start positions per trial: 0 to 0
2026-02-15 14:15:20,153 - INFO -   Total samples: 600 (600 trials × 1 positions)
2026-02-15 14:15:33,694 - INFO - BinnedStimSpikeDataset initialized:
2026-02-15 14:15:33,695 - INFO -   input_bin_size_ms=10, output_bin_size_ms=10
2026-02-15 14:15:33,695 - INFO -   n_input_bins=60, n_output_bins=60
2026-02-15 14:15:33,695 - INFO -   output_offset=0, total_bins_input=60, total_bins_output=60
2026-02-15 14:15:33,695 - INFO -   Valid start positions per trial: 0 to 0
2026-02-15 14:15:33,695 - INFO -   Total samples: 1000 (1000 trials × 1 positions)
2026-02-15 14:15:33,695 - INFO - Samples — train: 3400, val: 600, test: 1000
2026-02-15 14:15:33,695 - INFO - Input channels: 42, Neurons: 63
2026-02-15 14:15:33,695 - INFO - Using Apple Silicon MPS acceleration
2026-02-15 14:15:33,715 - INFO - Model: CNN — 136,511 trainable params (136,511 total)
2026-02-15 14:15:33,715 - INFO - Starting training …
2026-02-15 14:15:36,196 - INFO - Epoch   1/50 | Train: 0.454946 | Val: 0.226537 | Corr: 0.033281 | LR: 1.00e-04
2026-02-15 14:15:36,208 - INFO -   ↳ Saved best model (val_corr=0.033281)
2026-02-15 14:15:38,570 - INFO - Epoch   2/50 | Train: 0.221349 | Val: 0.215192 | Corr: 0.094057 | LR: 1.00e-04
2026-02-15 14:15:38,576 - INFO -   ↳ Saved best model (val_corr=0.094057)
2026-02-15 14:15:40,861 - INFO - Epoch   3/50 | Train: 0.214435 | Val: 0.209032 | Corr: 0.118209 | LR: 1.00e-04
2026-02-15 14:15:40,871 - INFO -   ↳ Saved best model (val_corr=0.118209)
2026-02-15 14:15:43,194 - INFO - Epoch   4/50 | Train: 0.209941 | Val: 0.205410 | Corr: 0.134221 | LR: 1.00e-04
2026-02-15 14:15:43,200 - INFO -   ↳ Saved best model (val_corr=0.134221)
2026-02-15 14:15:45,487 - INFO - Epoch   5/50 | Train: 0.206829 | Val: 0.202894 | Corr: 0.147695 | LR: 1.00e-04
2026-02-15 14:15:45,493 - INFO -   ↳ Saved best model (val_corr=0.147695)
2026-02-15 14:15:47,819 - INFO - Epoch   6/50 | Train: 0.204403 | Val: 0.200933 | Corr: 0.157670 | LR: 1.00e-04
2026-02-15 14:15:47,824 - INFO -   ↳ Saved best model (val_corr=0.157670)
2026-02-15 14:15:50,083 - INFO - Epoch   7/50 | Train: 0.202524 | Val: 0.199228 | Corr: 0.167788 | LR: 1.00e-04
2026-02-15 14:15:50,088 - INFO -   ↳ Saved best model (val_corr=0.167788)
2026-02-15 14:15:52,326 - INFO - Epoch   8/50 | Train: 0.200729 | Val: 0.197807 | Corr: 0.177548 | LR: 1.00e-04
2026-02-15 14:15:52,331 - INFO -   ↳ Saved best model (val_corr=0.177548)
2026-02-15 14:15:54,675 - INFO - Epoch   9/50 | Train: 0.199392 | Val: 0.196444 | Corr: 0.185728 | LR: 1.00e-04
2026-02-15 14:15:54,680 - INFO -   ↳ Saved best model (val_corr=0.185728)
2026-02-15 14:15:57,025 - INFO - Epoch  10/50 | Train: 0.198119 | Val: 0.195408 | Corr: 0.193204 | LR: 1.00e-04
2026-02-15 14:15:57,029 - INFO -   ↳ Saved best model (val_corr=0.193204)
2026-02-15 14:15:59,365 - INFO - Epoch  11/50 | Train: 0.197165 | Val: 0.194445 | Corr: 0.198891 | LR: 1.00e-04
2026-02-15 14:15:59,369 - INFO -   ↳ Saved best model (val_corr=0.198891)
2026-02-15 14:16:01,559 - INFO - Epoch  12/50 | Train: 0.196007 | Val: 0.193614 | Corr: 0.204771 | LR: 1.00e-04
2026-02-15 14:16:01,564 - INFO -   ↳ Saved best model (val_corr=0.204771)
2026-02-15 14:16:03,872 - INFO - Epoch  13/50 | Train: 0.195152 | Val: 0.193039 | Corr: 0.208880 | LR: 1.00e-04
2026-02-15 14:16:03,880 - INFO -   ↳ Saved best model (val_corr=0.208880)
2026-02-15 14:16:06,145 - INFO - Epoch  14/50 | Train: 0.194307 | Val: 0.192367 | Corr: 0.213339 | LR: 1.00e-04
2026-02-15 14:16:06,153 - INFO -   ↳ Saved best model (val_corr=0.213339)
2026-02-15 14:16:08,530 - INFO - Epoch  15/50 | Train: 0.193635 | Val: 0.191644 | Corr: 0.217717 | LR: 1.00e-04
2026-02-15 14:16:08,535 - INFO -   ↳ Saved best model (val_corr=0.217717)
2026-02-15 14:16:10,851 - INFO - Epoch  16/50 | Train: 0.192947 | Val: 0.191173 | Corr: 0.221764 | LR: 1.00e-04
2026-02-15 14:16:10,856 - INFO -   ↳ Saved best model (val_corr=0.221764)
2026-02-15 14:16:13,190 - INFO - Epoch  17/50 | Train: 0.192276 | Val: 0.190647 | Corr: 0.224635 | LR: 1.00e-04
2026-02-15 14:16:13,194 - INFO -   ↳ Saved best model (val_corr=0.224635)
2026-02-15 14:16:15,470 - INFO - Epoch  18/50 | Train: 0.191718 | Val: 0.190167 | Corr: 0.228462 | LR: 1.00e-04
2026-02-15 14:16:15,474 - INFO -   ↳ Saved best model (val_corr=0.228462)
2026-02-15 14:16:17,797 - INFO - Epoch  19/50 | Train: 0.191211 | Val: 0.189539 | Corr: 0.232181 | LR: 1.00e-04
2026-02-15 14:16:17,802 - INFO -   ↳ Saved best model (val_corr=0.232181)
2026-02-15 14:16:20,023 - INFO - Epoch  20/50 | Train: 0.190695 | Val: 0.189281 | Corr: 0.234693 | LR: 1.00e-04
2026-02-15 14:16:20,028 - INFO -   ↳ Saved best model (val_corr=0.234693)
2026-02-15 14:16:22,316 - INFO - Epoch  21/50 | Train: 0.190172 | Val: 0.188723 | Corr: 0.237576 | LR: 1.00e-04
2026-02-15 14:16:22,321 - INFO -   ↳ Saved best model (val_corr=0.237576)
2026-02-15 14:16:24,654 - INFO - Epoch  22/50 | Train: 0.189710 | Val: 0.188370 | Corr: 0.240182 | LR: 1.00e-04
2026-02-15 14:16:24,659 - INFO -   ↳ Saved best model (val_corr=0.240182)
2026-02-15 14:16:27,018 - INFO - Epoch  23/50 | Train: 0.189339 | Val: 0.188072 | Corr: 0.241765 | LR: 1.00e-04
2026-02-15 14:16:27,023 - INFO -   ↳ Saved best model (val_corr=0.241765)
2026-02-15 14:16:29,313 - INFO - Epoch  24/50 | Train: 0.188944 | Val: 0.187737 | Corr: 0.244289 | LR: 1.00e-04
2026-02-15 14:16:29,318 - INFO -   ↳ Saved best model (val_corr=0.244289)
2026-02-15 14:16:31,625 - INFO - Epoch  25/50 | Train: 0.188598 | Val: 0.187682 | Corr: 0.245978 | LR: 1.00e-04
2026-02-15 14:16:31,630 - INFO -   ↳ Saved best model (val_corr=0.245978)
2026-02-15 14:16:33,956 - INFO - Epoch  26/50 | Train: 0.188262 | Val: 0.187218 | Corr: 0.247540 | LR: 1.00e-04
2026-02-15 14:16:33,961 - INFO -   ↳ Saved best model (val_corr=0.247540)
2026-02-15 14:16:36,226 - INFO - Epoch  27/50 | Train: 0.187951 | Val: 0.186954 | Corr: 0.249296 | LR: 1.00e-04
2026-02-15 14:16:36,230 - INFO -   ↳ Saved best model (val_corr=0.249296)
2026-02-15 14:16:38,474 - INFO - Epoch  28/50 | Train: 0.187643 | Val: 0.186787 | Corr: 0.250022 | LR: 1.00e-04
2026-02-15 14:16:38,479 - INFO -   ↳ Saved best model (val_corr=0.250022)
2026-02-15 14:16:40,753 - INFO - Epoch  29/50 | Train: 0.187416 | Val: 0.186488 | Corr: 0.251483 | LR: 1.00e-04
2026-02-15 14:16:40,759 - INFO -   ↳ Saved best model (val_corr=0.251483)
2026-02-15 14:16:43,086 - INFO - Epoch  30/50 | Train: 0.187180 | Val: 0.186314 | Corr: 0.252908 | LR: 1.00e-04
2026-02-15 14:16:43,091 - INFO -   ↳ Saved best model (val_corr=0.252908)
2026-02-15 14:16:45,374 - INFO - Epoch  31/50 | Train: 0.186973 | Val: 0.186050 | Corr: 0.254213 | LR: 1.00e-04
2026-02-15 14:16:45,379 - INFO -   ↳ Saved best model (val_corr=0.254213)
2026-02-15 14:16:47,640 - INFO - Epoch  32/50 | Train: 0.186662 | Val: 0.185932 | Corr: 0.254788 | LR: 1.00e-04
2026-02-15 14:16:47,646 - INFO -   ↳ Saved best model (val_corr=0.254788)
2026-02-15 14:16:49,951 - INFO - Epoch  33/50 | Train: 0.186477 | Val: 0.185810 | Corr: 0.255530 | LR: 1.00e-04
2026-02-15 14:16:49,957 - INFO -   ↳ Saved best model (val_corr=0.255530)
2026-02-15 14:16:52,270 - INFO - Epoch  34/50 | Train: 0.186307 | Val: 0.185827 | Corr: 0.256176 | LR: 1.00e-04
2026-02-15 14:16:52,279 - INFO -   ↳ Saved best model (val_corr=0.256176)
2026-02-15 14:16:54,615 - INFO - Epoch  35/50 | Train: 0.186118 | Val: 0.185538 | Corr: 0.257357 | LR: 1.00e-04
2026-02-15 14:16:54,621 - INFO -   ↳ Saved best model (val_corr=0.257357)
2026-02-15 14:16:56,918 - INFO - Epoch  36/50 | Train: 0.185923 | Val: 0.185407 | Corr: 0.257728 | LR: 1.00e-04
2026-02-15 14:16:56,923 - INFO -   ↳ Saved best model (val_corr=0.257728)
2026-02-15 14:16:59,261 - INFO - Epoch  37/50 | Train: 0.185774 | Val: 0.185341 | Corr: 0.258815 | LR: 1.00e-04
2026-02-15 14:16:59,266 - INFO -   ↳ Saved best model (val_corr=0.258815)
2026-02-15 14:17:01,565 - INFO - Epoch  38/50 | Train: 0.185642 | Val: 0.185275 | Corr: 0.259378 | LR: 1.00e-04
2026-02-15 14:17:01,569 - INFO -   ↳ Saved best model (val_corr=0.259378)
2026-02-15 14:17:03,878 - INFO - Epoch  39/50 | Train: 0.185442 | Val: 0.185114 | Corr: 0.259798 | LR: 1.00e-04
2026-02-15 14:17:03,883 - INFO -   ↳ Saved best model (val_corr=0.259798)
2026-02-15 14:17:06,082 - INFO - Epoch  40/50 | Train: 0.185368 | Val: 0.185056 | Corr: 0.260637 | LR: 1.00e-04
2026-02-15 14:17:06,092 - INFO -   ↳ Saved best model (val_corr=0.260637)
2026-02-15 14:17:08,462 - INFO - Epoch  41/50 | Train: 0.185248 | Val: 0.184782 | Corr: 0.261409 | LR: 1.00e-04
2026-02-15 14:17:08,470 - INFO -   ↳ Saved best model (val_corr=0.261409)
2026-02-15 14:17:10,771 - INFO - Epoch  42/50 | Train: 0.185040 | Val: 0.184754 | Corr: 0.261957 | LR: 1.00e-04
2026-02-15 14:17:10,775 - INFO -   ↳ Saved best model (val_corr=0.261957)
2026-02-15 14:17:13,057 - INFO - Epoch  43/50 | Train: 0.184932 | Val: 0.184678 | Corr: 0.262223 | LR: 1.00e-04
2026-02-15 14:17:13,062 - INFO -   ↳ Saved best model (val_corr=0.262223)
2026-02-15 14:17:15,335 - INFO - Epoch  44/50 | Train: 0.184831 | Val: 0.184728 | Corr: 0.262634 | LR: 1.00e-04
2026-02-15 14:17:15,340 - INFO -   ↳ Saved best model (val_corr=0.262634)
2026-02-15 14:17:17,679 - INFO - Epoch  45/50 | Train: 0.184684 | Val: 0.184627 | Corr: 0.262801 | LR: 1.00e-04
2026-02-15 14:17:17,684 - INFO -   ↳ Saved best model (val_corr=0.262801)
2026-02-15 14:17:20,001 - INFO - Epoch  46/50 | Train: 0.184590 | Val: 0.184652 | Corr: 0.263636 | LR: 1.00e-04
2026-02-15 14:17:20,006 - INFO -   ↳ Saved best model (val_corr=0.263636)
2026-02-15 14:17:22,317 - INFO - Epoch  47/50 | Train: 0.184449 | Val: 0.184375 | Corr: 0.263992 | LR: 1.00e-04
2026-02-15 14:17:22,321 - INFO -   ↳ Saved best model (val_corr=0.263992)
2026-02-15 14:17:24,589 - INFO - Epoch  48/50 | Train: 0.184383 | Val: 0.184414 | Corr: 0.264217 | LR: 1.00e-04
2026-02-15 14:17:24,593 - INFO -   ↳ Saved best model (val_corr=0.264217)
2026-02-15 14:17:26,881 - INFO - Epoch  49/50 | Train: 0.184284 | Val: 0.184372 | Corr: 0.263973 | LR: 1.00e-04
2026-02-15 14:17:29,203 - INFO - Epoch  50/50 | Train: 0.184148 | Val: 0.184282 | Corr: 0.265003 | LR: 1.00e-04
2026-02-15 14:17:29,207 - INFO -   ↳ Saved best model (val_corr=0.265003)
2026-02-15 14:17:29,208 - INFO - Training complete — best val corr: 0.265003
2026-02-15 14:17:29,449 - INFO - Test loss: 0.174686, Test corr: 0.265979
2026-02-15 14:17:29,527 - INFO - Generating figures …
2026-02-15 14:17:29,739 - INFO - Correlation between predicted and actual per-neuron averages: r=0.9950, p=1.06e-62
2026-02-15 14:17:30,582 - INFO - Pattern selectivity summary:
2026-02-15 14:17:30,582 - INFO -   Mean correlation across neurons: 0.5558
2026-02-15 14:17:30,582 - INFO -   Median correlation: 0.5902
2026-02-15 14:17:30,582 - INFO -   Neurons with r > 0.5: 42 / 63
2026-02-15 14:17:30,582 - INFO -   Neurons with r > 0.3: 52 / 63
2026-02-15 14:17:30,582 - INFO - Pattern selectivity — mean neuron corr: 0.5558
2026-02-15 14:17:30,919 - INFO - LOO baseline — Model mean r: 0.3249, LOO mean r: 0.4728, Neurons model > LOO: 2/63
2026-02-15 14:17:30,920 - INFO - Skipping oracle trial plots (skip_oracle_plots=True)
2026-02-15 14:17:30,920 - INFO - Experiment complete. Summary: {
  "run_dir": "results/base_cnn_kernel_sweep_2026-02-15_11-28-56/trial_0074_learning_rate=1.0e-04",
  "model_type": "cnn",
  "test_loss": 0.17468555986881257,
  "test_corr": 0.26597926275344475,
  "best_val_corr": 0.26500269025499357,
  "total_params": 136511,
  "trainable_params": 136511,
  "epochs_trained": 50,
  "mean_pattern_corr": 0.5557948148170255,
  "loo_mean_corr": 0.47275709111471625,
  "model_sample_mean_corr": 0.3248514534368804,
  "neurons_model_beats_loo": 2
}
2026-02-15 14:17:30,920 - INFO - 
======================================================================
2026-02-15 14:17:30,920 - INFO - [76/216] trial_0075_learning_rate=1.0e-04
2026-02-15 14:17:30,920 - INFO -   Overrides: {"kernel_sizes": [5], "learning_rate": 0.0001, "fc_dims": [256], "weight_decay": 1e-05, "conv_channels": [64]}
2026-02-15 14:17:30,920 - INFO -   Output: results/base_cnn_kernel_sweep_2026-02-15_11-28-56/trial_0075_learning_rate=1.0e-04
