2026-03-03 23:05:16,695 - INFO - ============================================================
2026-03-03 23:05:16,696 - INFO - Experiment run directory: /scratch/sb272/patterns5k_results/slurm_hist_cnn_2026-03-03_15-13-01/trial_0255_learning_rate=1.0e-03_history=2_kernel_sizes=20_conv_channels=256_fc_dims=256_seed2
2026-03-03 23:05:16,696 - INFO - ============================================================
2026-03-03 23:05:16,696 - INFO - Loading data …
2026-03-03 23:05:17,644 - INFO - 63 unique neurons after dropping problematic neurons
2026-03-03 23:05:19,032 - INFO - Stimulation channels: 42, Spiking neurons: 63
2026-03-03 23:07:41,700 - INFO - Unique patterns: 4050, Total trials: 5000
2026-03-03 23:07:41,703 - INFO - Stimulation channels: 42, Spiking neurons: 63
2026-03-03 23:07:41,703 - INFO - Unique patterns: 4050, Total trials: 5000
2026-03-03 23:07:41,722 - INFO - Split (oracle): train=3400, val=600, test=1000
2026-03-03 23:08:11,881 - INFO - BinnedStimSpikeDataset initialized:
2026-03-03 23:08:11,883 - INFO -   input_bin_size_ms=10, output_bin_size_ms=10
2026-03-03 23:08:11,883 - INFO -   n_input_bins=60, n_output_bins=60
2026-03-03 23:08:11,883 - INFO -   output_offset=0, total_bins_input=60, total_bins_output=60
2026-03-03 23:08:11,883 - INFO -   Valid start positions per trial: 0 to 0
2026-03-03 23:08:11,883 - INFO -   Total samples: 3400 (3400 trials × 1 positions)
2026-03-03 23:08:41,240 - INFO - BinnedStimSpikeDataset initialized:
2026-03-03 23:08:41,243 - INFO -   input_bin_size_ms=10, output_bin_size_ms=10
2026-03-03 23:08:41,243 - INFO -   n_input_bins=60, n_output_bins=60
2026-03-03 23:08:41,243 - INFO -   output_offset=0, total_bins_input=60, total_bins_output=60
2026-03-03 23:08:41,243 - INFO -   Valid start positions per trial: 0 to 0
2026-03-03 23:08:41,243 - INFO -   Total samples: 600 (600 trials × 1 positions)
2026-03-03 23:09:10,797 - INFO - BinnedStimSpikeDataset initialized:
2026-03-03 23:09:10,797 - INFO -   input_bin_size_ms=10, output_bin_size_ms=10
2026-03-03 23:09:10,797 - INFO -   n_input_bins=60, n_output_bins=60
2026-03-03 23:09:10,797 - INFO -   output_offset=0, total_bins_input=60, total_bins_output=60
2026-03-03 23:09:10,797 - INFO -   Valid start positions per trial: 0 to 0
2026-03-03 23:09:10,797 - INFO -   Total samples: 1000 (1000 trials × 1 positions)
2026-03-03 23:09:10,797 - INFO - Samples — train: 3400, val: 600, test: 1000
2026-03-03 23:09:10,797 - INFO - Input channels: 105, Neurons: 63
2026-03-03 23:09:10,843 - INFO - Using CPU
2026-03-03 23:09:10,862 - INFO - Model: CNN — 620,351 trainable params (620,351 total)
2026-03-03 23:09:27,037 - INFO - Starting training …
2026-03-03 23:09:40,141 - INFO - Epoch   1/50 | Train: 0.206185 | Val: 0.174727 | Corr: 0.147089 | LR: 1.00e-03
2026-03-03 23:09:40,182 - INFO -   ↳ Saved best model (val_corr=0.147089)
2026-03-03 23:09:52,143 - INFO - Epoch   2/50 | Train: 0.172871 | Val: 0.171034 | Corr: 0.174083 | LR: 1.00e-03
2026-03-03 23:09:52,176 - INFO -   ↳ Saved best model (val_corr=0.174083)
2026-03-03 23:10:04,152 - INFO - Epoch   3/50 | Train: 0.168788 | Val: 0.168888 | Corr: 0.194210 | LR: 1.00e-03
2026-03-03 23:10:04,180 - INFO -   ↳ Saved best model (val_corr=0.194210)
2026-03-03 23:10:16,105 - INFO - Epoch   4/50 | Train: 0.165998 | Val: 0.167503 | Corr: 0.204585 | LR: 1.00e-03
2026-03-03 23:10:16,138 - INFO -   ↳ Saved best model (val_corr=0.204585)
2026-03-03 23:10:28,065 - INFO - Epoch   5/50 | Train: 0.164133 | Val: 0.166588 | Corr: 0.212205 | LR: 1.00e-03
2026-03-03 23:10:28,097 - INFO -   ↳ Saved best model (val_corr=0.212205)
2026-03-03 23:10:39,783 - INFO - Epoch   6/50 | Train: 0.162298 | Val: 0.165773 | Corr: 0.218823 | LR: 1.00e-03
2026-03-03 23:10:39,819 - INFO -   ↳ Saved best model (val_corr=0.218823)
2026-03-03 23:10:51,224 - INFO - Epoch   7/50 | Train: 0.160854 | Val: 0.166006 | Corr: 0.222448 | LR: 1.00e-03
2026-03-03 23:10:51,274 - INFO -   ↳ Saved best model (val_corr=0.222448)
2026-03-03 23:11:02,500 - INFO - Epoch   8/50 | Train: 0.159533 | Val: 0.165495 | Corr: 0.224091 | LR: 1.00e-03
2026-03-03 23:11:02,546 - INFO -   ↳ Saved best model (val_corr=0.224091)
2026-03-03 23:11:13,572 - INFO - Epoch   9/50 | Train: 0.158459 | Val: 0.166335 | Corr: 0.224963 | LR: 1.00e-03
2026-03-03 23:11:13,594 - INFO -   ↳ Saved best model (val_corr=0.224963)
2026-03-03 23:11:25,082 - INFO - Epoch  10/50 | Train: 0.157468 | Val: 0.164963 | Corr: 0.227550 | LR: 1.00e-03
2026-03-03 23:11:25,117 - INFO -   ↳ Saved best model (val_corr=0.227550)
2026-03-03 23:11:36,407 - INFO - Epoch  11/50 | Train: 0.156442 | Val: 0.165380 | Corr: 0.227247 | LR: 1.00e-03
2026-03-03 23:11:47,699 - INFO - Epoch  12/50 | Train: 0.155585 | Val: 0.164989 | Corr: 0.229361 | LR: 1.00e-03
2026-03-03 23:11:47,735 - INFO -   ↳ Saved best model (val_corr=0.229361)
2026-03-03 23:11:59,012 - INFO - Epoch  13/50 | Train: 0.154756 | Val: 0.165099 | Corr: 0.229107 | LR: 1.00e-03
2026-03-03 23:12:10,234 - INFO - Epoch  14/50 | Train: 0.153856 | Val: 0.165206 | Corr: 0.230720 | LR: 1.00e-03
2026-03-03 23:12:10,268 - INFO -   ↳ Saved best model (val_corr=0.230720)
2026-03-03 23:12:21,762 - INFO - Epoch  15/50 | Train: 0.153060 | Val: 0.165739 | Corr: 0.228502 | LR: 1.00e-03
2026-03-03 23:12:33,566 - INFO - Epoch  16/50 | Train: 0.152290 | Val: 0.166274 | Corr: 0.229729 | LR: 5.00e-04
2026-03-03 23:12:45,345 - INFO - Epoch  17/50 | Train: 0.149972 | Val: 0.165512 | Corr: 0.230828 | LR: 5.00e-04
2026-03-03 23:12:45,378 - INFO -   ↳ Saved best model (val_corr=0.230828)
2026-03-03 23:12:56,925 - INFO - Epoch  18/50 | Train: 0.149149 | Val: 0.166142 | Corr: 0.228675 | LR: 5.00e-04
2026-03-03 23:13:08,374 - INFO - Epoch  19/50 | Train: 0.148724 | Val: 0.165840 | Corr: 0.229910 | LR: 5.00e-04
2026-03-03 23:13:19,685 - INFO - Epoch  20/50 | Train: 0.148216 | Val: 0.166385 | Corr: 0.228952 | LR: 5.00e-04
2026-03-03 23:13:31,259 - INFO - Epoch  21/50 | Train: 0.147907 | Val: 0.167892 | Corr: 0.227453 | LR: 5.00e-04
2026-03-03 23:13:42,996 - INFO - Epoch  22/50 | Train: 0.147401 | Val: 0.167083 | Corr: 0.227722 | LR: 2.50e-04
2026-03-03 23:13:54,436 - INFO - Epoch  23/50 | Train: 0.146270 | Val: 0.167316 | Corr: 0.227980 | LR: 2.50e-04
2026-03-03 23:14:05,856 - INFO - Epoch  24/50 | Train: 0.145947 | Val: 0.167402 | Corr: 0.227700 | LR: 2.50e-04
2026-03-03 23:14:17,185 - INFO - Epoch  25/50 | Train: 0.145623 | Val: 0.167964 | Corr: 0.226861 | LR: 2.50e-04
2026-03-03 23:14:28,442 - INFO - Epoch  26/50 | Train: 0.145467 | Val: 0.167811 | Corr: 0.226927 | LR: 2.50e-04
2026-03-03 23:14:40,420 - INFO - Epoch  27/50 | Train: 0.145160 | Val: 0.167614 | Corr: 0.225998 | LR: 2.50e-04
2026-03-03 23:14:40,420 - INFO - Early stopping at epoch 27
2026-03-03 23:14:40,420 - INFO - Training complete — best val corr: 0.230828
2026-03-03 23:14:43,017 - INFO - Test loss: 0.156696, Test corr: 0.226866
2026-03-03 23:14:44,070 - INFO - Fraction of variance explained (FVE): 0.062291
2026-03-03 23:14:44,070 - INFO - Computing autoregressive (AR) test predictions …
2026-03-03 23:14:45,377 - INFO - AR FVE: -0.006562, AR test corr: 0.083388
2026-03-03 23:14:45,377 - INFO - Generating figures …
2026-03-03 23:14:46,223 - INFO - Correlation between predicted and actual per-neuron averages: r=0.9887, p=0.00e+00
2026-03-03 23:14:49,237 - INFO - Pattern selectivity summary:
2026-03-03 23:14:49,237 - INFO -   Mean correlation across neurons: 0.7346
2026-03-03 23:14:49,238 - INFO -   Median correlation: 0.7445
2026-03-03 23:14:49,238 - INFO -   Neurons with r > 0.5: 60 / 63
2026-03-03 23:14:49,238 - INFO -   Neurons with r > 0.3: 62 / 63
2026-03-03 23:14:49,238 - INFO - Pattern selectivity — mean neuron corr: 0.7346
2026-03-03 23:14:51,768 - INFO - LOO (avg rate) — Model mean r: 0.6373, LOO mean r: 0.4546, Neurons model > LOO: 57/63
2026-03-03 23:14:54,826 - INFO - LOO (temporal) — Model mean r: 0.2391, LOO mean r: 0.3186, Neurons model > LOO: 9/63
2026-03-03 23:14:54,826 - INFO - Skipping oracle trial plots (skip_oracle_plots=True)
2026-03-03 23:14:54,842 - INFO - Experiment complete. Summary: {
  "run_dir": "/scratch/sb272/patterns5k_results/slurm_hist_cnn_2026-03-03_15-13-01/trial_0255_learning_rate=1.0e-03_history=2_kernel_sizes=20_conv_channels=256_fc_dims=256_seed2",
  "model_type": "cnn",
  "batch_avg_test_loss": 0.15669551062583922,
  "batch_avg_test_corr": 0.22686632915655577,
  "all_test_fve": 0.06229142253361051,
  "AR_FVE": -0.006562095785897876,
  "AR_test_correlation": 0.08338844776153564,
  "best_val_corr": 0.23082799926589406,
  "total_params": 620351,
  "trainable_params": 620351,
  "epochs_trained": 27,
  "mean_pattern_corr": 0.7345956549737128,
  "history": 2,
  "init_state": true,
  "loo_avg_mean_corr": 0.45456832695830385,
  "model_avg_mean_corr": 0.6373254913695937,
  "neurons_model_beats_loo_avg": 57,
  "loo_temporal_mean_corr": 0.31855225563049316,
  "all_test_corr": 0.2391211986541748,
  "neurons_model_beats_loo_temporal": 9,
  "kernel_sizes": [
    20
  ],
  "conv_channels": [
    256
  ],
  "fc_dims": [
    256
  ]
}
