2026-03-04 20:14:42,609 - INFO - ============================================================
2026-03-04 20:14:42,610 - INFO - Experiment run directory: /scratch/sb272/patterns5k_results/slurm_base_cnn_2026-03-04_16-53-19/trial_0104_learning_rate=5.0e-04_kernel_sizes=3x3x3_conv_channels=256x256x256_fc_dims=1024_seed2
2026-03-04 20:14:42,610 - INFO - ============================================================
2026-03-04 20:14:42,610 - INFO - Loading data …
2026-03-04 20:14:43,584 - INFO - 63 unique neurons after dropping problematic neurons
2026-03-04 20:14:44,845 - INFO - Stimulation channels: 42, Spiking neurons: 63
2026-03-04 20:16:50,696 - INFO - Unique patterns: 4050, Total trials: 5000
2026-03-04 20:16:50,697 - INFO - Stimulation channels: 42, Spiking neurons: 63
2026-03-04 20:16:50,697 - INFO - Unique patterns: 4050, Total trials: 5000
2026-03-04 20:16:50,716 - INFO - Split (oracle): train=3400, val=600, test=1000
2026-03-04 20:17:16,700 - INFO - BinnedStimSpikeDataset initialized:
2026-03-04 20:17:16,700 - INFO -   input_bin_size_ms=10, output_bin_size_ms=10
2026-03-04 20:17:16,700 - INFO -   n_input_bins=60, n_output_bins=60
2026-03-04 20:17:16,700 - INFO -   output_offset=0, total_bins_input=60, total_bins_output=60
2026-03-04 20:17:16,700 - INFO -   Valid start positions per trial: 0 to 0
2026-03-04 20:17:16,701 - INFO -   Total samples: 3400 (3400 trials × 1 positions)
2026-03-04 20:17:42,019 - INFO - BinnedStimSpikeDataset initialized:
2026-03-04 20:17:42,019 - INFO -   input_bin_size_ms=10, output_bin_size_ms=10
2026-03-04 20:17:42,020 - INFO -   n_input_bins=60, n_output_bins=60
2026-03-04 20:17:42,020 - INFO -   output_offset=0, total_bins_input=60, total_bins_output=60
2026-03-04 20:17:42,020 - INFO -   Valid start positions per trial: 0 to 0
2026-03-04 20:17:42,020 - INFO -   Total samples: 600 (600 trials × 1 positions)
2026-03-04 20:18:07,276 - INFO - BinnedStimSpikeDataset initialized:
2026-03-04 20:18:07,278 - INFO -   input_bin_size_ms=10, output_bin_size_ms=10
2026-03-04 20:18:07,278 - INFO -   n_input_bins=60, n_output_bins=60
2026-03-04 20:18:07,278 - INFO -   output_offset=0, total_bins_input=60, total_bins_output=60
2026-03-04 20:18:07,278 - INFO -   Valid start positions per trial: 0 to 0
2026-03-04 20:18:07,278 - INFO -   Total samples: 1000 (1000 trials × 1 positions)
2026-03-04 20:18:07,279 - INFO - Samples — train: 3400, val: 600, test: 1000
2026-03-04 20:18:07,279 - INFO - Input channels: 42, Neurons: 63
2026-03-04 20:18:07,303 - INFO - Using CPU
2026-03-04 20:18:07,323 - INFO - Model: CNN — 755,519 trainable params (755,519 total)
2026-03-04 20:18:15,351 - INFO - Starting training …
2026-03-04 20:18:30,707 - INFO - Epoch   1/50 | Train: 0.205951 | Val: 0.181313 | Corr: 0.080772 | LR: 5.00e-04
2026-03-04 20:18:30,728 - INFO -   ↳ Saved best model (val_corr=0.080772)
2026-03-04 20:18:43,127 - INFO - Epoch   2/50 | Train: 0.181502 | Val: 0.179863 | Corr: 0.094901 | LR: 5.00e-04
2026-03-04 20:18:43,143 - INFO -   ↳ Saved best model (val_corr=0.094901)
2026-03-04 20:18:55,402 - INFO - Epoch   3/50 | Train: 0.180461 | Val: 0.178831 | Corr: 0.104724 | LR: 5.00e-04
2026-03-04 20:18:55,421 - INFO -   ↳ Saved best model (val_corr=0.104724)
2026-03-04 20:19:07,621 - INFO - Epoch   4/50 | Train: 0.179164 | Val: 0.178719 | Corr: 0.113584 | LR: 5.00e-04
2026-03-04 20:19:07,643 - INFO -   ↳ Saved best model (val_corr=0.113584)
2026-03-04 20:19:19,937 - INFO - Epoch   5/50 | Train: 0.178103 | Val: 0.178153 | Corr: 0.117844 | LR: 5.00e-04
2026-03-04 20:19:19,958 - INFO -   ↳ Saved best model (val_corr=0.117844)
2026-03-04 20:19:32,229 - INFO - Epoch   6/50 | Train: 0.177337 | Val: 0.177274 | Corr: 0.123102 | LR: 5.00e-04
2026-03-04 20:19:32,259 - INFO -   ↳ Saved best model (val_corr=0.123102)
2026-03-04 20:19:44,509 - INFO - Epoch   7/50 | Train: 0.176743 | Val: 0.177295 | Corr: 0.126627 | LR: 5.00e-04
2026-03-04 20:19:44,526 - INFO -   ↳ Saved best model (val_corr=0.126627)
2026-03-04 20:19:56,828 - INFO - Epoch   8/50 | Train: 0.176112 | Val: 0.177743 | Corr: 0.126813 | LR: 5.00e-04
2026-03-04 20:19:56,848 - INFO -   ↳ Saved best model (val_corr=0.126813)
2026-03-04 20:20:09,039 - INFO - Epoch   9/50 | Train: 0.175648 | Val: 0.177312 | Corr: 0.129545 | LR: 5.00e-04
2026-03-04 20:20:09,058 - INFO -   ↳ Saved best model (val_corr=0.129545)
2026-03-04 20:20:21,493 - INFO - Epoch  10/50 | Train: 0.175359 | Val: 0.177400 | Corr: 0.129427 | LR: 5.00e-04
2026-03-04 20:20:33,695 - INFO - Epoch  11/50 | Train: 0.174731 | Val: 0.177095 | Corr: 0.129999 | LR: 5.00e-04
2026-03-04 20:20:33,729 - INFO -   ↳ Saved best model (val_corr=0.129999)
2026-03-04 20:20:46,166 - INFO - Epoch  12/50 | Train: 0.174375 | Val: 0.176760 | Corr: 0.131782 | LR: 5.00e-04
2026-03-04 20:20:46,182 - INFO -   ↳ Saved best model (val_corr=0.131782)
2026-03-04 20:20:58,553 - INFO - Epoch  13/50 | Train: 0.173919 | Val: 0.176925 | Corr: 0.132570 | LR: 5.00e-04
2026-03-04 20:20:58,575 - INFO -   ↳ Saved best model (val_corr=0.132570)
2026-03-04 20:21:10,783 - INFO - Epoch  14/50 | Train: 0.173616 | Val: 0.176854 | Corr: 0.131111 | LR: 5.00e-04
2026-03-04 20:21:22,964 - INFO - Epoch  15/50 | Train: 0.173305 | Val: 0.177928 | Corr: 0.132885 | LR: 5.00e-04
2026-03-04 20:21:22,986 - INFO -   ↳ Saved best model (val_corr=0.132885)
2026-03-04 20:21:35,275 - INFO - Epoch  16/50 | Train: 0.172895 | Val: 0.176927 | Corr: 0.131000 | LR: 5.00e-04
2026-03-04 20:21:47,532 - INFO - Epoch  17/50 | Train: 0.172718 | Val: 0.177149 | Corr: 0.132147 | LR: 5.00e-04
2026-03-04 20:21:59,948 - INFO - Epoch  18/50 | Train: 0.172347 | Val: 0.176897 | Corr: 0.132006 | LR: 2.50e-04
2026-03-04 20:22:12,152 - INFO - Epoch  19/50 | Train: 0.171207 | Val: 0.177014 | Corr: 0.133541 | LR: 2.50e-04
2026-03-04 20:22:12,175 - INFO -   ↳ Saved best model (val_corr=0.133541)
2026-03-04 20:22:24,426 - INFO - Epoch  20/50 | Train: 0.170976 | Val: 0.177136 | Corr: 0.133442 | LR: 2.50e-04
2026-03-04 20:22:36,689 - INFO - Epoch  21/50 | Train: 0.170704 | Val: 0.177167 | Corr: 0.132090 | LR: 2.50e-04
2026-03-04 20:22:49,026 - INFO - Epoch  22/50 | Train: 0.170615 | Val: 0.177320 | Corr: 0.132377 | LR: 2.50e-04
2026-03-04 20:23:01,362 - INFO - Epoch  23/50 | Train: 0.170410 | Val: 0.177284 | Corr: 0.133111 | LR: 2.50e-04
2026-03-04 20:23:13,599 - INFO - Epoch  24/50 | Train: 0.170155 | Val: 0.177379 | Corr: 0.131205 | LR: 1.25e-04
2026-03-04 20:23:25,765 - INFO - Epoch  25/50 | Train: 0.169607 | Val: 0.177503 | Corr: 0.131735 | LR: 1.25e-04
2026-03-04 20:23:38,003 - INFO - Epoch  26/50 | Train: 0.169405 | Val: 0.177404 | Corr: 0.131509 | LR: 1.25e-04
2026-03-04 20:23:50,296 - INFO - Epoch  27/50 | Train: 0.169290 | Val: 0.177463 | Corr: 0.132995 | LR: 1.25e-04
2026-03-04 20:24:02,616 - INFO - Epoch  28/50 | Train: 0.169178 | Val: 0.177527 | Corr: 0.131557 | LR: 1.25e-04
2026-03-04 20:24:14,911 - INFO - Epoch  29/50 | Train: 0.169134 | Val: 0.177461 | Corr: 0.131247 | LR: 1.25e-04
2026-03-04 20:24:14,911 - INFO - Early stopping at epoch 29
2026-03-04 20:24:14,912 - INFO - Training complete — best val corr: 0.133541
2026-03-04 20:24:17,017 - INFO - Test loss: 0.168728, Test corr: 0.137381
2026-03-04 20:24:17,917 - INFO - Fraction of variance explained (FVE): 0.017520
2026-03-04 20:24:17,918 - INFO - Generating figures …
2026-03-04 20:24:18,384 - INFO - Correlation between predicted and actual per-neuron averages: r=0.9927, p=0.00e+00
2026-03-04 20:24:20,960 - INFO - Pattern selectivity summary:
2026-03-04 20:24:20,960 - INFO -   Mean correlation across neurons: 0.5078
2026-03-04 20:24:20,961 - INFO -   Median correlation: 0.5381
2026-03-04 20:24:20,961 - INFO -   Neurons with r > 0.5: 36 / 63
2026-03-04 20:24:20,961 - INFO -   Neurons with r > 0.3: 54 / 63
2026-03-04 20:24:20,961 - INFO - Pattern selectivity — mean neuron corr: 0.5078
2026-03-04 20:24:23,160 - INFO - LOO (avg rate) — Model mean r: 0.2956, LOO mean r: 0.4546, Neurons model > LOO: 1/63
2026-03-04 20:24:26,030 - INFO - LOO (temporal) — Model mean r: 0.1377, LOO mean r: 0.3186, Neurons model > LOO: 0/63
2026-03-04 20:24:26,030 - INFO - Skipping oracle trial plots (skip_oracle_plots=True)
2026-03-04 20:24:26,071 - INFO - Experiment complete. Summary: {
  "run_dir": "/scratch/sb272/patterns5k_results/slurm_base_cnn_2026-03-04_16-53-19/trial_0104_learning_rate=5.0e-04_kernel_sizes=3x3x3_conv_channels=256x256x256_fc_dims=1024_seed2",
  "model_type": "cnn",
  "batch_avg_test_loss": 0.16872791421413422,
  "batch_avg_test_corr": 0.13738128360641144,
  "all_test_fve": 0.017520332147204686,
  "AR_FVE": NaN,
  "AR_test_correlation": NaN,
  "best_val_corr": 0.13354147529486582,
  "total_params": 755519,
  "trainable_params": 755519,
  "epochs_trained": 29,
  "mean_pattern_corr": 0.5077855799605132,
  "history": 0,
  "init_state": true,
  "loo_avg_mean_corr": 0.45456832695830385,
  "model_avg_mean_corr": 0.29561976999867867,
  "neurons_model_beats_loo_avg": 1,
  "loo_temporal_mean_corr": 0.31855225563049316,
  "all_test_corr": 0.1377083659172058,
  "neurons_model_beats_loo_temporal": 0,
  "kernel_sizes": [
    3,
    3,
    3
  ],
  "conv_channels": [
    256,
    256,
    256
  ],
  "fc_dims": [
    1024
  ]
}
