2026-02-25 04:56:14,093 - INFO - ============================================================
2026-02-25 04:56:14,093 - INFO - Experiment run directory: results/multilayer_cnn_nohist_sweep_v2_2026-02-24_22-05-22/trial_0161_history=5_kernel_sizes=5_conv_channels=256_fc_dims=256
2026-02-25 04:56:14,093 - INFO - ============================================================
2026-02-25 04:56:14,093 - INFO - Using preloaded raw data (skipping I/O)
2026-02-25 04:56:14,093 - INFO - Stimulation channels: 42, Spiking neurons: 63
2026-02-25 04:56:14,093 - INFO - Unique patterns: 4050, Total trials: 5000
2026-02-25 04:56:14,108 - INFO - Split (oracle): train=3400, val=600, test=1000
2026-02-25 04:56:28,770 - INFO - BinnedStimSpikeDataset initialized:
2026-02-25 04:56:28,771 - INFO -   input_bin_size_ms=10, output_bin_size_ms=10
2026-02-25 04:56:28,771 - INFO -   n_input_bins=60, n_output_bins=60
2026-02-25 04:56:28,771 - INFO -   output_offset=0, total_bins_input=60, total_bins_output=60
2026-02-25 04:56:28,771 - INFO -   Valid start positions per trial: 0 to 0
2026-02-25 04:56:28,771 - INFO -   Total samples: 3400 (3400 trials × 1 positions)
2026-02-25 04:56:42,256 - INFO - BinnedStimSpikeDataset initialized:
2026-02-25 04:56:42,256 - INFO -   input_bin_size_ms=10, output_bin_size_ms=10
2026-02-25 04:56:42,256 - INFO -   n_input_bins=60, n_output_bins=60
2026-02-25 04:56:42,256 - INFO -   output_offset=0, total_bins_input=60, total_bins_output=60
2026-02-25 04:56:42,256 - INFO -   Valid start positions per trial: 0 to 0
2026-02-25 04:56:42,256 - INFO -   Total samples: 600 (600 trials × 1 positions)
2026-02-25 04:56:55,965 - INFO - BinnedStimSpikeDataset initialized:
2026-02-25 04:56:55,966 - INFO -   input_bin_size_ms=10, output_bin_size_ms=10
2026-02-25 04:56:55,966 - INFO -   n_input_bins=60, n_output_bins=60
2026-02-25 04:56:55,966 - INFO -   output_offset=0, total_bins_input=60, total_bins_output=60
2026-02-25 04:56:55,966 - INFO -   Valid start positions per trial: 0 to 0
2026-02-25 04:56:55,966 - INFO -   Total samples: 1000 (1000 trials × 1 positions)
2026-02-25 04:56:55,967 - INFO - Samples — train: 3400, val: 600, test: 1000
2026-02-25 04:56:55,967 - INFO - Input channels: 105, Neurons: 63
2026-02-25 04:56:55,967 - INFO - Using Apple Silicon MPS acceleration
2026-02-25 04:56:55,982 - INFO - Model: CNN — 217,151 trainable params (217,151 total)
2026-02-25 04:56:55,983 - INFO - Starting training …
2026-02-25 04:56:59,025 - INFO - Epoch   1/50 | Train: 0.232297 | Val: 0.199043 | Corr: 0.087687 | LR: 1.00e-03
2026-02-25 04:56:59,034 - INFO -   ↳ Saved best model (val_corr=0.087687)
2026-02-25 04:57:01,725 - INFO - Epoch   2/50 | Train: 0.198794 | Val: 0.195099 | Corr: 0.117161 | LR: 1.00e-03
2026-02-25 04:57:01,733 - INFO -   ↳ Saved best model (val_corr=0.117161)
2026-02-25 04:57:04,488 - INFO - Epoch   3/50 | Train: 0.194505 | Val: 0.191139 | Corr: 0.142279 | LR: 1.00e-03
2026-02-25 04:57:04,500 - INFO -   ↳ Saved best model (val_corr=0.142279)
2026-02-25 04:57:07,280 - INFO - Epoch   4/50 | Train: 0.190651 | Val: 0.188570 | Corr: 0.159054 | LR: 1.00e-03
2026-02-25 04:57:07,291 - INFO -   ↳ Saved best model (val_corr=0.159054)
2026-02-25 04:57:10,122 - INFO - Epoch   5/50 | Train: 0.188137 | Val: 0.186971 | Corr: 0.171188 | LR: 1.00e-03
2026-02-25 04:57:10,138 - INFO -   ↳ Saved best model (val_corr=0.171188)
2026-02-25 04:57:12,933 - INFO - Epoch   6/50 | Train: 0.186446 | Val: 0.185623 | Corr: 0.178998 | LR: 1.00e-03
2026-02-25 04:57:12,959 - INFO -   ↳ Saved best model (val_corr=0.178998)
2026-02-25 04:57:15,894 - INFO - Epoch   7/50 | Train: 0.185126 | Val: 0.184599 | Corr: 0.186985 | LR: 1.00e-03
2026-02-25 04:57:15,906 - INFO -   ↳ Saved best model (val_corr=0.186985)
2026-02-25 04:57:18,705 - INFO - Epoch   8/50 | Train: 0.184025 | Val: 0.183891 | Corr: 0.191126 | LR: 1.00e-03
2026-02-25 04:57:18,725 - INFO -   ↳ Saved best model (val_corr=0.191126)
2026-02-25 04:57:21,595 - INFO - Epoch   9/50 | Train: 0.183174 | Val: 0.183391 | Corr: 0.193984 | LR: 1.00e-03
2026-02-25 04:57:21,607 - INFO -   ↳ Saved best model (val_corr=0.193984)
2026-02-25 04:57:24,430 - INFO - Epoch  10/50 | Train: 0.182410 | Val: 0.183229 | Corr: 0.196444 | LR: 1.00e-03
2026-02-25 04:57:24,447 - INFO -   ↳ Saved best model (val_corr=0.196444)
2026-02-25 04:57:27,250 - INFO - Epoch  11/50 | Train: 0.181691 | Val: 0.182548 | Corr: 0.200062 | LR: 1.00e-03
2026-02-25 04:57:27,266 - INFO -   ↳ Saved best model (val_corr=0.200062)
2026-02-25 04:57:29,939 - INFO - Epoch  12/50 | Train: 0.180979 | Val: 0.182194 | Corr: 0.202913 | LR: 1.00e-03
2026-02-25 04:57:29,955 - INFO -   ↳ Saved best model (val_corr=0.202913)
2026-02-25 04:57:32,746 - INFO - Epoch  13/50 | Train: 0.180533 | Val: 0.182066 | Corr: 0.205001 | LR: 1.00e-03
2026-02-25 04:57:32,759 - INFO -   ↳ Saved best model (val_corr=0.205001)
2026-02-25 04:57:35,595 - INFO - Epoch  14/50 | Train: 0.179983 | Val: 0.182216 | Corr: 0.206137 | LR: 1.00e-03
2026-02-25 04:57:35,602 - INFO -   ↳ Saved best model (val_corr=0.206137)
2026-02-25 04:57:38,330 - INFO - Epoch  15/50 | Train: 0.179563 | Val: 0.182193 | Corr: 0.207090 | LR: 1.00e-03
2026-02-25 04:57:38,339 - INFO -   ↳ Saved best model (val_corr=0.207090)
2026-02-25 04:57:41,137 - INFO - Epoch  16/50 | Train: 0.179040 | Val: 0.181566 | Corr: 0.208325 | LR: 1.00e-03
2026-02-25 04:57:41,144 - INFO -   ↳ Saved best model (val_corr=0.208325)
2026-02-25 04:57:43,823 - INFO - Epoch  17/50 | Train: 0.178716 | Val: 0.181905 | Corr: 0.209333 | LR: 1.00e-03
2026-02-25 04:57:43,832 - INFO -   ↳ Saved best model (val_corr=0.209333)
2026-02-25 04:57:46,625 - INFO - Epoch  18/50 | Train: 0.178312 | Val: 0.181384 | Corr: 0.209767 | LR: 1.00e-03
2026-02-25 04:57:46,632 - INFO -   ↳ Saved best model (val_corr=0.209767)
2026-02-25 04:57:49,435 - INFO - Epoch  19/50 | Train: 0.177936 | Val: 0.182087 | Corr: 0.210418 | LR: 1.00e-03
2026-02-25 04:57:49,442 - INFO -   ↳ Saved best model (val_corr=0.210418)
2026-02-25 04:57:52,202 - INFO - Epoch  20/50 | Train: 0.177576 | Val: 0.181200 | Corr: 0.212153 | LR: 1.00e-03
2026-02-25 04:57:52,216 - INFO -   ↳ Saved best model (val_corr=0.212153)
2026-02-25 04:57:55,020 - INFO - Epoch  21/50 | Train: 0.177281 | Val: 0.181444 | Corr: 0.210654 | LR: 1.00e-03
2026-02-25 04:57:57,745 - INFO - Epoch  22/50 | Train: 0.176912 | Val: 0.181187 | Corr: 0.211100 | LR: 1.00e-03
2026-02-25 04:58:00,542 - INFO - Epoch  23/50 | Train: 0.176681 | Val: 0.181679 | Corr: 0.210551 | LR: 1.00e-03
2026-02-25 04:58:03,313 - INFO - Epoch  24/50 | Train: 0.176347 | Val: 0.181673 | Corr: 0.212068 | LR: 1.00e-03
2026-02-25 04:58:06,110 - INFO - Epoch  25/50 | Train: 0.175930 | Val: 0.181528 | Corr: 0.211150 | LR: 1.00e-03
2026-02-25 04:58:08,878 - INFO - Epoch  26/50 | Train: 0.175812 | Val: 0.181593 | Corr: 0.211726 | LR: 5.00e-04
2026-02-25 04:58:11,698 - INFO - Epoch  27/50 | Train: 0.174671 | Val: 0.181181 | Corr: 0.212882 | LR: 5.00e-04
2026-02-25 04:58:11,716 - INFO -   ↳ Saved best model (val_corr=0.212882)
2026-02-25 04:58:14,527 - INFO - Epoch  28/50 | Train: 0.174330 | Val: 0.181278 | Corr: 0.212166 | LR: 5.00e-04
2026-02-25 04:58:17,245 - INFO - Epoch  29/50 | Train: 0.174201 | Val: 0.181508 | Corr: 0.212850 | LR: 5.00e-04
2026-02-25 04:58:20,033 - INFO - Epoch  30/50 | Train: 0.174008 | Val: 0.181348 | Corr: 0.212957 | LR: 5.00e-04
2026-02-25 04:58:20,051 - INFO -   ↳ Saved best model (val_corr=0.212957)
2026-02-25 04:58:22,767 - INFO - Epoch  31/50 | Train: 0.173795 | Val: 0.181401 | Corr: 0.212546 | LR: 5.00e-04
2026-02-25 04:58:25,577 - INFO - Epoch  32/50 | Train: 0.173722 | Val: 0.181525 | Corr: 0.212639 | LR: 5.00e-04
2026-02-25 04:58:28,296 - INFO - Epoch  33/50 | Train: 0.173676 | Val: 0.181403 | Corr: 0.212401 | LR: 2.50e-04
2026-02-25 04:58:31,095 - INFO - Epoch  34/50 | Train: 0.172995 | Val: 0.181464 | Corr: 0.212976 | LR: 2.50e-04
2026-02-25 04:58:31,111 - INFO -   ↳ Saved best model (val_corr=0.212976)
2026-02-25 04:58:33,900 - INFO - Epoch  35/50 | Train: 0.172837 | Val: 0.181350 | Corr: 0.212875 | LR: 2.50e-04
2026-02-25 04:58:36,689 - INFO - Epoch  36/50 | Train: 0.172796 | Val: 0.181374 | Corr: 0.212344 | LR: 2.50e-04
2026-02-25 04:58:39,491 - INFO - Epoch  37/50 | Train: 0.172717 | Val: 0.181516 | Corr: 0.212649 | LR: 2.50e-04
2026-02-25 04:58:42,205 - INFO - Epoch  38/50 | Train: 0.172672 | Val: 0.181613 | Corr: 0.212470 | LR: 2.50e-04
2026-02-25 04:58:44,989 - INFO - Epoch  39/50 | Train: 0.172621 | Val: 0.181724 | Corr: 0.212500 | LR: 1.25e-04
2026-02-25 04:58:47,672 - INFO - Epoch  40/50 | Train: 0.172262 | Val: 0.181604 | Corr: 0.212612 | LR: 1.25e-04
2026-02-25 04:58:50,292 - INFO - Epoch  41/50 | Train: 0.172237 | Val: 0.181498 | Corr: 0.212722 | LR: 1.25e-04
2026-02-25 04:58:52,911 - INFO - Epoch  42/50 | Train: 0.172133 | Val: 0.181532 | Corr: 0.212436 | LR: 1.25e-04
2026-02-25 04:58:55,589 - INFO - Epoch  43/50 | Train: 0.172118 | Val: 0.181521 | Corr: 0.212650 | LR: 1.25e-04
2026-02-25 04:58:58,178 - INFO - Epoch  44/50 | Train: 0.172078 | Val: 0.181650 | Corr: 0.212622 | LR: 1.25e-04
2026-02-25 04:58:58,178 - INFO - Early stopping at epoch 44
2026-02-25 04:58:58,178 - INFO - Training complete — best val corr: 0.212976
2026-02-25 04:58:58,617 - INFO - Test loss: 0.171813, Test corr: 0.215679
2026-02-25 04:58:58,752 - INFO - Fraction of variance explained (FVE): 0.054270
2026-02-25 04:58:58,752 - INFO - Computing autoregressive (AR) test predictions …
2026-02-25 04:58:59,133 - INFO - AR FVE: 0.046054, AR test corr: 0.202983
2026-02-25 04:58:59,133 - INFO - Generating figures …
2026-02-25 04:58:59,451 - INFO - Correlation between predicted and actual per-neuron averages: r=0.9917, p=4.93e-56
2026-02-25 04:59:00,203 - INFO - Pattern selectivity summary:
2026-02-25 04:59:00,203 - INFO -   Mean correlation across neurons: 0.6663
2026-02-25 04:59:00,203 - INFO -   Median correlation: 0.6970
2026-02-25 04:59:00,203 - INFO -   Neurons with r > 0.5: 53 / 63
2026-02-25 04:59:00,203 - INFO -   Neurons with r > 0.3: 63 / 63
2026-02-25 04:59:00,203 - INFO - Pattern selectivity — mean neuron corr: 0.6663
2026-02-25 04:59:00,587 - INFO - LOO (avg rate) — Model mean r: 0.4428, LOO mean r: 0.4728, Neurons model > LOO: 18/63
2026-02-25 04:59:01,367 - INFO - LOO (temporal) — Model mean r: 0.2218, LOO mean r: 0.3815, Neurons model > LOO: 1/63
2026-02-25 04:59:01,368 - INFO - Skipping oracle trial plots (skip_oracle_plots=True)
2026-02-25 04:59:01,368 - INFO - Experiment complete. Summary: {
  "run_dir": "results/multilayer_cnn_nohist_sweep_v2_2026-02-24_22-05-22/trial_0161_history=5_kernel_sizes=5_conv_channels=256_fc_dims=256",
  "model_type": "cnn",
  "batch_avg_test_loss": 0.17181294023990631,
  "batch_avg_test_corr": 0.2156790534116302,
  "all_test_fve": 0.05427026180993943,
  "AR_FVE": 0.04605353635454935,
  "AR_test_correlation": 0.202983096241951,
  "best_val_corr": 0.2129758603631579,
  "total_params": 217151,
  "trainable_params": 217151,
  "epochs_trained": 44,
  "mean_pattern_corr": 0.6662871877330636,
  "history": 5,
  "init_state": true,
  "loo_avg_mean_corr": 0.47275709111471625,
  "model_avg_mean_corr": 0.44283461871749086,
  "neurons_model_beats_loo_avg": 18,
  "loo_temporal_mean_corr": 0.3815135061740875,
  "all_test_corr": 0.22180460393428802,
  "neurons_model_beats_loo_temporal": 1,
  "kernel_sizes": [
    5
  ],
  "conv_channels": [
    256
  ],
  "fc_dims": [
    256
  ]
}
2026-02-25 04:59:01,377 - INFO - 
======================================================================
2026-02-25 04:59:01,377 - INFO - [163/864] trial_0162_history=5_kernel_sizes=5_conv_channels=256_fc_dims=256
2026-02-25 04:59:01,377 - INFO -   Overrides: {"_arch": {"kernel_sizes": [5], "conv_channels": [256], "fc_dims": [256]}, "history": 5, "weight_decay": 0.0005}
2026-02-25 04:59:01,377 - INFO -   Output: results/multilayer_cnn_nohist_sweep_v2_2026-02-24_22-05-22/trial_0162_history=5_kernel_sizes=5_conv_channels=256_fc_dims=256
