2026-03-03 23:30:10,452 - INFO - ============================================================
2026-03-03 23:30:10,452 - INFO - Experiment run directory: /scratch/sb272/patterns5k_results/slurm_hist_cnn_2026-03-03_15-13-01/trial_0290_learning_rate=1.0e-03_history=2_kernel_sizes=20_conv_channels=256_fc_dims=256_seed0
2026-03-03 23:30:10,452 - INFO - ============================================================
2026-03-03 23:30:10,452 - INFO - Loading data …
2026-03-03 23:30:11,389 - INFO - 63 unique neurons after dropping problematic neurons
2026-03-03 23:30:12,742 - INFO - Stimulation channels: 42, Spiking neurons: 63
2026-03-03 23:32:30,631 - INFO - Unique patterns: 4050, Total trials: 5000
2026-03-03 23:32:30,639 - INFO - Stimulation channels: 42, Spiking neurons: 63
2026-03-03 23:32:30,639 - INFO - Unique patterns: 4050, Total trials: 5000
2026-03-03 23:32:30,658 - INFO - Split (oracle): train=3400, val=600, test=1000
2026-03-03 23:32:59,727 - INFO - BinnedStimSpikeDataset initialized:
2026-03-03 23:32:59,729 - INFO -   input_bin_size_ms=10, output_bin_size_ms=10
2026-03-03 23:32:59,729 - INFO -   n_input_bins=60, n_output_bins=60
2026-03-03 23:32:59,729 - INFO -   output_offset=0, total_bins_input=60, total_bins_output=60
2026-03-03 23:32:59,729 - INFO -   Valid start positions per trial: 0 to 0
2026-03-03 23:32:59,729 - INFO -   Total samples: 3400 (3400 trials × 1 positions)
2026-03-03 23:33:28,107 - INFO - BinnedStimSpikeDataset initialized:
2026-03-03 23:33:28,109 - INFO -   input_bin_size_ms=10, output_bin_size_ms=10
2026-03-03 23:33:28,109 - INFO -   n_input_bins=60, n_output_bins=60
2026-03-03 23:33:28,109 - INFO -   output_offset=0, total_bins_input=60, total_bins_output=60
2026-03-03 23:33:28,109 - INFO -   Valid start positions per trial: 0 to 0
2026-03-03 23:33:28,109 - INFO -   Total samples: 600 (600 trials × 1 positions)
2026-03-03 23:33:56,093 - INFO - BinnedStimSpikeDataset initialized:
2026-03-03 23:33:56,093 - INFO -   input_bin_size_ms=10, output_bin_size_ms=10
2026-03-03 23:33:56,093 - INFO -   n_input_bins=60, n_output_bins=60
2026-03-03 23:33:56,093 - INFO -   output_offset=0, total_bins_input=60, total_bins_output=60
2026-03-03 23:33:56,093 - INFO -   Valid start positions per trial: 0 to 0
2026-03-03 23:33:56,093 - INFO -   Total samples: 1000 (1000 trials × 1 positions)
2026-03-03 23:33:56,093 - INFO - Samples — train: 3400, val: 600, test: 1000
2026-03-03 23:33:56,093 - INFO - Input channels: 105, Neurons: 63
2026-03-03 23:33:56,110 - INFO - Using CPU
2026-03-03 23:33:56,128 - INFO - Model: CNN — 620,351 trainable params (620,351 total)
2026-03-03 23:34:08,485 - INFO - Starting training …
2026-03-03 23:34:21,223 - INFO - Epoch   1/50 | Train: 0.207886 | Val: 0.177710 | Corr: 0.145281 | LR: 1.00e-03
2026-03-03 23:34:21,261 - INFO -   ↳ Saved best model (val_corr=0.145281)
2026-03-03 23:34:32,404 - INFO - Epoch   2/50 | Train: 0.172498 | Val: 0.173486 | Corr: 0.176424 | LR: 1.00e-03
2026-03-03 23:34:32,443 - INFO -   ↳ Saved best model (val_corr=0.176424)
2026-03-03 23:34:43,993 - INFO - Epoch   3/50 | Train: 0.168248 | Val: 0.171865 | Corr: 0.193845 | LR: 1.00e-03
2026-03-03 23:34:44,026 - INFO -   ↳ Saved best model (val_corr=0.193845)
2026-03-03 23:34:55,348 - INFO - Epoch   4/50 | Train: 0.165654 | Val: 0.170196 | Corr: 0.206082 | LR: 1.00e-03
2026-03-03 23:34:55,416 - INFO -   ↳ Saved best model (val_corr=0.206082)
2026-03-03 23:35:06,946 - INFO - Epoch   5/50 | Train: 0.163589 | Val: 0.169635 | Corr: 0.212926 | LR: 1.00e-03
2026-03-03 23:35:06,992 - INFO -   ↳ Saved best model (val_corr=0.212926)
2026-03-03 23:35:18,585 - INFO - Epoch   6/50 | Train: 0.162192 | Val: 0.168717 | Corr: 0.219013 | LR: 1.00e-03
2026-03-03 23:35:18,605 - INFO -   ↳ Saved best model (val_corr=0.219013)
2026-03-03 23:35:30,165 - INFO - Epoch   7/50 | Train: 0.160663 | Val: 0.168255 | Corr: 0.223510 | LR: 1.00e-03
2026-03-03 23:35:30,193 - INFO -   ↳ Saved best model (val_corr=0.223510)
2026-03-03 23:35:41,764 - INFO - Epoch   8/50 | Train: 0.159344 | Val: 0.168229 | Corr: 0.224714 | LR: 1.00e-03
2026-03-03 23:35:41,788 - INFO -   ↳ Saved best model (val_corr=0.224714)
2026-03-03 23:35:53,314 - INFO - Epoch   9/50 | Train: 0.158226 | Val: 0.167943 | Corr: 0.226192 | LR: 1.00e-03
2026-03-03 23:35:53,344 - INFO -   ↳ Saved best model (val_corr=0.226192)
2026-03-03 23:36:04,963 - INFO - Epoch  10/50 | Train: 0.157375 | Val: 0.168389 | Corr: 0.229109 | LR: 1.00e-03
2026-03-03 23:36:04,990 - INFO -   ↳ Saved best model (val_corr=0.229109)
2026-03-03 23:36:16,457 - INFO - Epoch  11/50 | Train: 0.156051 | Val: 0.168284 | Corr: 0.229328 | LR: 1.00e-03
2026-03-03 23:36:16,495 - INFO -   ↳ Saved best model (val_corr=0.229328)
2026-03-03 23:36:27,933 - INFO - Epoch  12/50 | Train: 0.155240 | Val: 0.167718 | Corr: 0.229763 | LR: 1.00e-03
2026-03-03 23:36:27,997 - INFO -   ↳ Saved best model (val_corr=0.229763)
2026-03-03 23:36:39,385 - INFO - Epoch  13/50 | Train: 0.154270 | Val: 0.167718 | Corr: 0.229390 | LR: 1.00e-03
2026-03-03 23:36:50,447 - INFO - Epoch  14/50 | Train: 0.153503 | Val: 0.167665 | Corr: 0.230946 | LR: 1.00e-03
2026-03-03 23:36:50,476 - INFO -   ↳ Saved best model (val_corr=0.230946)
2026-03-03 23:37:01,765 - INFO - Epoch  15/50 | Train: 0.152817 | Val: 0.168338 | Corr: 0.229689 | LR: 1.00e-03
2026-03-03 23:37:13,035 - INFO - Epoch  16/50 | Train: 0.151819 | Val: 0.168335 | Corr: 0.230802 | LR: 1.00e-03
2026-03-03 23:37:24,155 - INFO - Epoch  17/50 | Train: 0.151260 | Val: 0.169430 | Corr: 0.229747 | LR: 1.00e-03
2026-03-03 23:37:35,170 - INFO - Epoch  18/50 | Train: 0.150653 | Val: 0.168651 | Corr: 0.230797 | LR: 1.00e-03
2026-03-03 23:37:46,357 - INFO - Epoch  19/50 | Train: 0.149958 | Val: 0.169310 | Corr: 0.229941 | LR: 1.00e-03
2026-03-03 23:37:57,568 - INFO - Epoch  20/50 | Train: 0.149426 | Val: 0.169553 | Corr: 0.229940 | LR: 5.00e-04
2026-03-03 23:38:08,780 - INFO - Epoch  21/50 | Train: 0.147167 | Val: 0.169279 | Corr: 0.231208 | LR: 5.00e-04
2026-03-03 23:38:08,823 - INFO -   ↳ Saved best model (val_corr=0.231208)
2026-03-03 23:38:20,036 - INFO - Epoch  22/50 | Train: 0.146559 | Val: 0.169703 | Corr: 0.230820 | LR: 5.00e-04
2026-03-03 23:38:31,433 - INFO - Epoch  23/50 | Train: 0.146125 | Val: 0.169848 | Corr: 0.229722 | LR: 5.00e-04
2026-03-03 23:38:42,775 - INFO - Epoch  24/50 | Train: 0.145872 | Val: 0.170119 | Corr: 0.228881 | LR: 5.00e-04
2026-03-03 23:38:54,117 - INFO - Epoch  25/50 | Train: 0.145449 | Val: 0.170637 | Corr: 0.228542 | LR: 5.00e-04
2026-03-03 23:39:05,479 - INFO - Epoch  26/50 | Train: 0.145155 | Val: 0.171112 | Corr: 0.228087 | LR: 2.50e-04
2026-03-03 23:39:16,777 - INFO - Epoch  27/50 | Train: 0.143981 | Val: 0.170867 | Corr: 0.228703 | LR: 2.50e-04
2026-03-03 23:39:28,128 - INFO - Epoch  28/50 | Train: 0.143684 | Val: 0.171203 | Corr: 0.227594 | LR: 2.50e-04
2026-03-03 23:39:39,346 - INFO - Epoch  29/50 | Train: 0.143559 | Val: 0.171057 | Corr: 0.227525 | LR: 2.50e-04
2026-03-03 23:39:50,651 - INFO - Epoch  30/50 | Train: 0.143224 | Val: 0.171799 | Corr: 0.226970 | LR: 2.50e-04
2026-03-03 23:40:01,935 - INFO - Epoch  31/50 | Train: 0.143192 | Val: 0.171678 | Corr: 0.226955 | LR: 2.50e-04
2026-03-03 23:40:01,935 - INFO - Early stopping at epoch 31
2026-03-03 23:40:01,935 - INFO - Training complete — best val corr: 0.231208
2026-03-03 23:40:04,290 - INFO - Test loss: 0.157859, Test corr: 0.223235
2026-03-03 23:40:05,259 - INFO - Fraction of variance explained (FVE): 0.057272
2026-03-03 23:40:05,259 - INFO - Computing autoregressive (AR) test predictions …
2026-03-03 23:40:06,382 - INFO - AR FVE: -0.007813, AR test corr: 0.081289
2026-03-03 23:40:06,382 - INFO - Generating figures …
2026-03-03 23:40:07,581 - INFO - Correlation between predicted and actual per-neuron averages: r=0.9928, p=0.00e+00
2026-03-03 23:40:10,784 - INFO - Pattern selectivity summary:
2026-03-03 23:40:10,785 - INFO -   Mean correlation across neurons: 0.7420
2026-03-03 23:40:10,785 - INFO -   Median correlation: 0.7480
2026-03-03 23:40:10,785 - INFO -   Neurons with r > 0.5: 60 / 63
2026-03-03 23:40:10,785 - INFO -   Neurons with r > 0.3: 62 / 63
2026-03-03 23:40:10,785 - INFO - Pattern selectivity — mean neuron corr: 0.7420
2026-03-03 23:40:13,511 - INFO - LOO (avg rate) — Model mean r: 0.6394, LOO mean r: 0.4546, Neurons model > LOO: 58/63
2026-03-03 23:40:16,748 - INFO - LOO (temporal) — Model mean r: 0.2360, LOO mean r: 0.3186, Neurons model > LOO: 7/63
2026-03-03 23:40:16,749 - INFO - Skipping oracle trial plots (skip_oracle_plots=True)
2026-03-03 23:40:16,790 - INFO - Experiment complete. Summary: {
  "run_dir": "/scratch/sb272/patterns5k_results/slurm_hist_cnn_2026-03-03_15-13-01/trial_0290_learning_rate=1.0e-03_history=2_kernel_sizes=20_conv_channels=256_fc_dims=256_seed0",
  "model_type": "cnn",
  "batch_avg_test_loss": 0.1578589873313904,
  "batch_avg_test_corr": 0.2232348858076771,
  "all_test_fve": 0.0572718826551286,
  "AR_FVE": -0.007813125375717406,
  "AR_test_correlation": 0.08128908276557922,
  "best_val_corr": 0.2312084330650326,
  "total_params": 620351,
  "trainable_params": 620351,
  "epochs_trained": 31,
  "mean_pattern_corr": 0.7420308212575777,
  "history": 2,
  "init_state": true,
  "loo_avg_mean_corr": 0.45456832695830385,
  "model_avg_mean_corr": 0.6394040641646824,
  "neurons_model_beats_loo_avg": 58,
  "loo_temporal_mean_corr": 0.31855225563049316,
  "all_test_corr": 0.2359888106584549,
  "neurons_model_beats_loo_temporal": 7,
  "kernel_sizes": [
    20
  ],
  "conv_channels": [
    256
  ],
  "fc_dims": [
    256
  ]
}
