2026-03-04 18:58:21,887 - INFO - ============================================================
2026-03-04 18:58:21,887 - INFO - Experiment run directory: /scratch/sb272/patterns5k_results/slurm_base_cnn_2026-03-04_16-53-19/trial_0173_learning_rate=1.0e-03_kernel_sizes=5x3x3_conv_channels=64x128x256_fc_dims=256_seed2
2026-03-04 18:58:21,887 - INFO - ============================================================
2026-03-04 18:58:21,887 - INFO - Loading data …
2026-03-04 18:58:22,789 - INFO - 63 unique neurons after dropping problematic neurons
2026-03-04 18:58:23,973 - INFO - Stimulation channels: 42, Spiking neurons: 63
2026-03-04 19:00:21,359 - INFO - Unique patterns: 4050, Total trials: 5000
2026-03-04 19:00:21,360 - INFO - Stimulation channels: 42, Spiking neurons: 63
2026-03-04 19:00:21,360 - INFO - Unique patterns: 4050, Total trials: 5000
2026-03-04 19:00:21,375 - INFO - Split (oracle): train=3400, val=600, test=1000
2026-03-04 19:00:44,571 - INFO - BinnedStimSpikeDataset initialized:
2026-03-04 19:00:44,571 - INFO -   input_bin_size_ms=10, output_bin_size_ms=10
2026-03-04 19:00:44,571 - INFO -   n_input_bins=60, n_output_bins=60
2026-03-04 19:00:44,571 - INFO -   output_offset=0, total_bins_input=60, total_bins_output=60
2026-03-04 19:00:44,571 - INFO -   Valid start positions per trial: 0 to 0
2026-03-04 19:00:44,571 - INFO -   Total samples: 3400 (3400 trials × 1 positions)
2026-03-04 19:01:06,979 - INFO - BinnedStimSpikeDataset initialized:
2026-03-04 19:01:06,979 - INFO -   input_bin_size_ms=10, output_bin_size_ms=10
2026-03-04 19:01:06,979 - INFO -   n_input_bins=60, n_output_bins=60
2026-03-04 19:01:06,979 - INFO -   output_offset=0, total_bins_input=60, total_bins_output=60
2026-03-04 19:01:06,979 - INFO -   Valid start positions per trial: 0 to 0
2026-03-04 19:01:06,979 - INFO -   Total samples: 600 (600 trials × 1 positions)
2026-03-04 19:01:29,475 - INFO - BinnedStimSpikeDataset initialized:
2026-03-04 19:01:29,476 - INFO -   input_bin_size_ms=10, output_bin_size_ms=10
2026-03-04 19:01:29,476 - INFO -   n_input_bins=60, n_output_bins=60
2026-03-04 19:01:29,476 - INFO -   output_offset=0, total_bins_input=60, total_bins_output=60
2026-03-04 19:01:29,476 - INFO -   Valid start positions per trial: 0 to 0
2026-03-04 19:01:29,476 - INFO -   Total samples: 1000 (1000 trials × 1 positions)
2026-03-04 19:01:29,476 - INFO - Samples — train: 3400, val: 600, test: 1000
2026-03-04 19:01:29,476 - INFO - Input channels: 42, Neurons: 63
2026-03-04 19:01:29,494 - INFO - Using CPU
2026-03-04 19:01:29,498 - INFO - Model: CNN — 219,647 trainable params (219,647 total)
2026-03-04 19:01:32,331 - INFO - Starting training …
2026-03-04 19:01:38,852 - INFO - Epoch   1/50 | Train: 0.210797 | Val: 0.181781 | Corr: 0.075129 | LR: 1.00e-03
2026-03-04 19:01:38,867 - INFO -   ↳ Saved best model (val_corr=0.075129)
2026-03-04 19:01:44,344 - INFO - Epoch   2/50 | Train: 0.183336 | Val: 0.181193 | Corr: 0.086351 | LR: 1.00e-03
2026-03-04 19:01:44,369 - INFO -   ↳ Saved best model (val_corr=0.086351)
2026-03-04 19:01:49,848 - INFO - Epoch   3/50 | Train: 0.181853 | Val: 0.179711 | Corr: 0.093947 | LR: 1.00e-03
2026-03-04 19:01:49,858 - INFO -   ↳ Saved best model (val_corr=0.093947)
2026-03-04 19:01:55,340 - INFO - Epoch   4/50 | Train: 0.180825 | Val: 0.179129 | Corr: 0.099398 | LR: 1.00e-03
2026-03-04 19:01:55,350 - INFO -   ↳ Saved best model (val_corr=0.099398)
2026-03-04 19:02:00,767 - INFO - Epoch   5/50 | Train: 0.180176 | Val: 0.178705 | Corr: 0.105919 | LR: 1.00e-03
2026-03-04 19:02:00,779 - INFO -   ↳ Saved best model (val_corr=0.105919)
2026-03-04 19:02:06,807 - INFO - Epoch   6/50 | Train: 0.179454 | Val: 0.178442 | Corr: 0.109966 | LR: 1.00e-03
2026-03-04 19:02:06,818 - INFO -   ↳ Saved best model (val_corr=0.109966)
2026-03-04 19:02:12,772 - INFO - Epoch   7/50 | Train: 0.178994 | Val: 0.177731 | Corr: 0.114847 | LR: 1.00e-03
2026-03-04 19:02:12,783 - INFO -   ↳ Saved best model (val_corr=0.114847)
2026-03-04 19:02:18,762 - INFO - Epoch   8/50 | Train: 0.178510 | Val: 0.178157 | Corr: 0.116917 | LR: 1.00e-03
2026-03-04 19:02:18,774 - INFO -   ↳ Saved best model (val_corr=0.116917)
2026-03-04 19:02:24,785 - INFO - Epoch   9/50 | Train: 0.178161 | Val: 0.177684 | Corr: 0.118636 | LR: 1.00e-03
2026-03-04 19:02:24,799 - INFO -   ↳ Saved best model (val_corr=0.118636)
2026-03-04 19:02:30,805 - INFO - Epoch  10/50 | Train: 0.177674 | Val: 0.177883 | Corr: 0.118343 | LR: 1.00e-03
2026-03-04 19:02:36,738 - INFO - Epoch  11/50 | Train: 0.177540 | Val: 0.176996 | Corr: 0.124026 | LR: 1.00e-03
2026-03-04 19:02:36,751 - INFO -   ↳ Saved best model (val_corr=0.124026)
2026-03-04 19:02:42,717 - INFO - Epoch  12/50 | Train: 0.177083 | Val: 0.176780 | Corr: 0.126728 | LR: 1.00e-03
2026-03-04 19:02:42,732 - INFO -   ↳ Saved best model (val_corr=0.126728)
2026-03-04 19:02:48,737 - INFO - Epoch  13/50 | Train: 0.176793 | Val: 0.176737 | Corr: 0.128303 | LR: 1.00e-03
2026-03-04 19:02:48,750 - INFO -   ↳ Saved best model (val_corr=0.128303)
2026-03-04 19:02:54,708 - INFO - Epoch  14/50 | Train: 0.176626 | Val: 0.176991 | Corr: 0.126742 | LR: 1.00e-03
2026-03-04 19:03:00,644 - INFO - Epoch  15/50 | Train: 0.176495 | Val: 0.177259 | Corr: 0.128926 | LR: 1.00e-03
2026-03-04 19:03:00,654 - INFO -   ↳ Saved best model (val_corr=0.128926)
2026-03-04 19:03:06,565 - INFO - Epoch  16/50 | Train: 0.176305 | Val: 0.177305 | Corr: 0.130286 | LR: 1.00e-03
2026-03-04 19:03:06,578 - INFO -   ↳ Saved best model (val_corr=0.130286)
2026-03-04 19:03:12,440 - INFO - Epoch  17/50 | Train: 0.176090 | Val: 0.177090 | Corr: 0.130317 | LR: 1.00e-03
2026-03-04 19:03:12,450 - INFO -   ↳ Saved best model (val_corr=0.130317)
2026-03-04 19:03:18,315 - INFO - Epoch  18/50 | Train: 0.175797 | Val: 0.176625 | Corr: 0.131487 | LR: 1.00e-03
2026-03-04 19:03:18,326 - INFO -   ↳ Saved best model (val_corr=0.131487)
2026-03-04 19:03:24,209 - INFO - Epoch  19/50 | Train: 0.175666 | Val: 0.176533 | Corr: 0.131759 | LR: 1.00e-03
2026-03-04 19:03:24,222 - INFO -   ↳ Saved best model (val_corr=0.131759)
2026-03-04 19:03:30,101 - INFO - Epoch  20/50 | Train: 0.175567 | Val: 0.176859 | Corr: 0.132776 | LR: 1.00e-03
2026-03-04 19:03:30,114 - INFO -   ↳ Saved best model (val_corr=0.132776)
2026-03-04 19:03:36,089 - INFO - Epoch  21/50 | Train: 0.175457 | Val: 0.176169 | Corr: 0.135371 | LR: 1.00e-03
2026-03-04 19:03:36,100 - INFO -   ↳ Saved best model (val_corr=0.135371)
2026-03-04 19:03:42,051 - INFO - Epoch  22/50 | Train: 0.175299 | Val: 0.176829 | Corr: 0.133463 | LR: 1.00e-03
2026-03-04 19:03:47,954 - INFO - Epoch  23/50 | Train: 0.175136 | Val: 0.177526 | Corr: 0.131601 | LR: 1.00e-03
2026-03-04 19:03:53,882 - INFO - Epoch  24/50 | Train: 0.175053 | Val: 0.176458 | Corr: 0.134770 | LR: 1.00e-03
2026-03-04 19:03:59,846 - INFO - Epoch  25/50 | Train: 0.174904 | Val: 0.177070 | Corr: 0.134725 | LR: 1.00e-03
2026-03-04 19:04:05,798 - INFO - Epoch  26/50 | Train: 0.174712 | Val: 0.176005 | Corr: 0.136878 | LR: 1.00e-03
2026-03-04 19:04:05,814 - INFO -   ↳ Saved best model (val_corr=0.136878)
2026-03-04 19:04:11,726 - INFO - Epoch  27/50 | Train: 0.174601 | Val: 0.176064 | Corr: 0.135882 | LR: 1.00e-03
2026-03-04 19:04:17,643 - INFO - Epoch  28/50 | Train: 0.174597 | Val: 0.176060 | Corr: 0.135251 | LR: 1.00e-03
2026-03-04 19:04:23,565 - INFO - Epoch  29/50 | Train: 0.174421 | Val: 0.175930 | Corr: 0.136651 | LR: 1.00e-03
2026-03-04 19:04:29,487 - INFO - Epoch  30/50 | Train: 0.174253 | Val: 0.176378 | Corr: 0.135442 | LR: 1.00e-03
2026-03-04 19:04:35,418 - INFO - Epoch  31/50 | Train: 0.174208 | Val: 0.176313 | Corr: 0.136160 | LR: 1.00e-03
2026-03-04 19:04:41,339 - INFO - Epoch  32/50 | Train: 0.174072 | Val: 0.175956 | Corr: 0.138183 | LR: 1.00e-03
2026-03-04 19:04:41,356 - INFO -   ↳ Saved best model (val_corr=0.138183)
2026-03-04 19:04:47,355 - INFO - Epoch  33/50 | Train: 0.174090 | Val: 0.176157 | Corr: 0.136884 | LR: 1.00e-03
2026-03-04 19:04:53,352 - INFO - Epoch  34/50 | Train: 0.173965 | Val: 0.176233 | Corr: 0.137886 | LR: 1.00e-03
2026-03-04 19:04:59,342 - INFO - Epoch  35/50 | Train: 0.173871 | Val: 0.176159 | Corr: 0.138637 | LR: 5.00e-04
2026-03-04 19:04:59,355 - INFO -   ↳ Saved best model (val_corr=0.138637)
2026-03-04 19:05:05,358 - INFO - Epoch  36/50 | Train: 0.173214 | Val: 0.175880 | Corr: 0.139249 | LR: 5.00e-04
2026-03-04 19:05:05,372 - INFO -   ↳ Saved best model (val_corr=0.139249)
2026-03-04 19:05:11,057 - INFO - Epoch  37/50 | Train: 0.173136 | Val: 0.175955 | Corr: 0.138946 | LR: 5.00e-04
2026-03-04 19:05:16,722 - INFO - Epoch  38/50 | Train: 0.172929 | Val: 0.175922 | Corr: 0.137914 | LR: 5.00e-04
2026-03-04 19:05:22,372 - INFO - Epoch  39/50 | Train: 0.172896 | Val: 0.176213 | Corr: 0.136336 | LR: 5.00e-04
2026-03-04 19:05:28,021 - INFO - Epoch  40/50 | Train: 0.172796 | Val: 0.176674 | Corr: 0.135990 | LR: 5.00e-04
2026-03-04 19:05:33,660 - INFO - Epoch  41/50 | Train: 0.172721 | Val: 0.176247 | Corr: 0.137125 | LR: 5.00e-04
2026-03-04 19:05:39,310 - INFO - Epoch  42/50 | Train: 0.172686 | Val: 0.176391 | Corr: 0.137028 | LR: 2.50e-04
2026-03-04 19:05:44,945 - INFO - Epoch  43/50 | Train: 0.172363 | Val: 0.176273 | Corr: 0.137098 | LR: 2.50e-04
2026-03-04 19:05:50,589 - INFO - Epoch  44/50 | Train: 0.172209 | Val: 0.176501 | Corr: 0.136520 | LR: 2.50e-04
2026-03-04 19:05:56,240 - INFO - Epoch  45/50 | Train: 0.172288 | Val: 0.176572 | Corr: 0.136576 | LR: 2.50e-04
2026-03-04 19:06:01,887 - INFO - Epoch  46/50 | Train: 0.172225 | Val: 0.176401 | Corr: 0.136928 | LR: 2.50e-04
2026-03-04 19:06:01,888 - INFO - Early stopping at epoch 46
2026-03-04 19:06:01,888 - INFO - Training complete — best val corr: 0.139249
2026-03-04 19:06:03,557 - INFO - Test loss: 0.167872, Test corr: 0.136736
2026-03-04 19:06:03,963 - INFO - Fraction of variance explained (FVE): 0.021453
2026-03-04 19:06:03,963 - INFO - Generating figures …
2026-03-04 19:06:04,496 - INFO - Correlation between predicted and actual per-neuron averages: r=0.9921, p=0.00e+00
2026-03-04 19:06:06,626 - INFO - Pattern selectivity summary:
2026-03-04 19:06:06,626 - INFO -   Mean correlation across neurons: 0.4823
2026-03-04 19:06:06,626 - INFO -   Median correlation: 0.5181
2026-03-04 19:06:06,626 - INFO -   Neurons with r > 0.5: 33 / 63
2026-03-04 19:06:06,626 - INFO -   Neurons with r > 0.3: 53 / 63
2026-03-04 19:06:06,626 - INFO - Pattern selectivity — mean neuron corr: 0.4823
2026-03-04 19:06:08,310 - INFO - LOO (avg rate) — Model mean r: 0.2801, LOO mean r: 0.4546, Neurons model > LOO: 1/63
2026-03-04 19:06:10,537 - INFO - LOO (temporal) — Model mean r: 0.1368, LOO mean r: 0.3186, Neurons model > LOO: 0/63
2026-03-04 19:06:10,537 - INFO - Skipping oracle trial plots (skip_oracle_plots=True)
2026-03-04 19:06:10,550 - INFO - Experiment complete. Summary: {
  "run_dir": "/scratch/sb272/patterns5k_results/slurm_base_cnn_2026-03-04_16-53-19/trial_0173_learning_rate=1.0e-03_kernel_sizes=5x3x3_conv_channels=64x128x256_fc_dims=256_seed2",
  "model_type": "cnn",
  "batch_avg_test_loss": 0.16787239289283754,
  "batch_avg_test_corr": 0.13673601032085714,
  "all_test_fve": 0.021452576395065065,
  "AR_FVE": NaN,
  "AR_test_correlation": NaN,
  "best_val_corr": 0.13924882014077905,
  "total_params": 219647,
  "trainable_params": 219647,
  "epochs_trained": 46,
  "mean_pattern_corr": 0.48228586281319924,
  "history": 0,
  "init_state": true,
  "loo_avg_mean_corr": 0.45456832695830385,
  "model_avg_mean_corr": 0.2800732548859847,
  "neurons_model_beats_loo_avg": 1,
  "loo_temporal_mean_corr": 0.31855225563049316,
  "all_test_corr": 0.13680467009544373,
  "neurons_model_beats_loo_temporal": 0,
  "kernel_sizes": [
    5,
    3,
    3
  ],
  "conv_channels": [
    64,
    128,
    256
  ],
  "fc_dims": [
    256
  ]
}
