2026-02-15 16:49:10,212 - INFO - ============================================================
2026-02-15 16:49:10,212 - INFO - Experiment run directory: results/base_cnn_kernel_sweep_2026-02-15_11-28-56/trial_0140_learning_rate=0.01
2026-02-15 16:49:10,212 - INFO - ============================================================
2026-02-15 16:49:10,212 - INFO - Using preloaded raw data (skipping I/O)
2026-02-15 16:49:10,212 - INFO - Stimulation channels: 42, Spiking neurons: 63
2026-02-15 16:49:10,212 - INFO - Unique patterns: 4050, Total trials: 5000
2026-02-15 16:49:10,224 - INFO - Split (oracle): train=3400, val=600, test=1000
2026-02-15 16:49:24,322 - INFO - BinnedStimSpikeDataset initialized:
2026-02-15 16:49:24,324 - INFO -   input_bin_size_ms=10, output_bin_size_ms=10
2026-02-15 16:49:24,324 - INFO -   n_input_bins=60, n_output_bins=60
2026-02-15 16:49:24,324 - INFO -   output_offset=0, total_bins_input=60, total_bins_output=60
2026-02-15 16:49:24,324 - INFO -   Valid start positions per trial: 0 to 0
2026-02-15 16:49:24,324 - INFO -   Total samples: 3400 (3400 trials × 1 positions)
2026-02-15 16:49:37,723 - INFO - BinnedStimSpikeDataset initialized:
2026-02-15 16:49:37,723 - INFO -   input_bin_size_ms=10, output_bin_size_ms=10
2026-02-15 16:49:37,723 - INFO -   n_input_bins=60, n_output_bins=60
2026-02-15 16:49:37,723 - INFO -   output_offset=0, total_bins_input=60, total_bins_output=60
2026-02-15 16:49:37,723 - INFO -   Valid start positions per trial: 0 to 0
2026-02-15 16:49:37,723 - INFO -   Total samples: 600 (600 trials × 1 positions)
2026-02-15 16:49:51,197 - INFO - BinnedStimSpikeDataset initialized:
2026-02-15 16:49:51,197 - INFO -   input_bin_size_ms=10, output_bin_size_ms=10
2026-02-15 16:49:51,197 - INFO -   n_input_bins=60, n_output_bins=60
2026-02-15 16:49:51,197 - INFO -   output_offset=0, total_bins_input=60, total_bins_output=60
2026-02-15 16:49:51,197 - INFO -   Valid start positions per trial: 0 to 0
2026-02-15 16:49:51,197 - INFO -   Total samples: 1000 (1000 trials × 1 positions)
2026-02-15 16:49:51,198 - INFO - Samples — train: 3400, val: 600, test: 1000
2026-02-15 16:49:51,198 - INFO - Input channels: 42, Neurons: 63
2026-02-15 16:49:51,198 - INFO - Using Apple Silicon MPS acceleration
2026-02-15 16:49:51,221 - INFO - Model: CNN — 190,271 trainable params (190,271 total)
2026-02-15 16:49:51,223 - INFO - Starting training …
2026-02-15 16:49:53,658 - INFO - Epoch   1/50 | Train: 0.214404 | Val: 0.195590 | Corr: 0.196128 | LR: 1.00e-02
2026-02-15 16:49:53,668 - INFO -   ↳ Saved best model (val_corr=0.196128)
2026-02-15 16:49:56,190 - INFO - Epoch   2/50 | Train: 0.192912 | Val: 0.188023 | Corr: 0.231775 | LR: 1.00e-02
2026-02-15 16:49:56,205 - INFO -   ↳ Saved best model (val_corr=0.231775)
2026-02-15 16:49:58,591 - INFO - Epoch   3/50 | Train: 0.188965 | Val: 0.186742 | Corr: 0.246208 | LR: 1.00e-02
2026-02-15 16:49:58,605 - INFO -   ↳ Saved best model (val_corr=0.246208)
2026-02-15 16:50:00,931 - INFO - Epoch   4/50 | Train: 0.187032 | Val: 0.185166 | Corr: 0.253569 | LR: 1.00e-02
2026-02-15 16:50:00,944 - INFO -   ↳ Saved best model (val_corr=0.253569)
2026-02-15 16:50:03,329 - INFO - Epoch   5/50 | Train: 0.185608 | Val: 0.184041 | Corr: 0.258804 | LR: 1.00e-02
2026-02-15 16:50:03,339 - INFO -   ↳ Saved best model (val_corr=0.258804)
2026-02-15 16:50:05,793 - INFO - Epoch   6/50 | Train: 0.184645 | Val: 0.183820 | Corr: 0.261190 | LR: 1.00e-02
2026-02-15 16:50:05,800 - INFO -   ↳ Saved best model (val_corr=0.261190)
2026-02-15 16:50:08,209 - INFO - Epoch   7/50 | Train: 0.183907 | Val: 0.183761 | Corr: 0.261253 | LR: 1.00e-02
2026-02-15 16:50:08,219 - INFO -   ↳ Saved best model (val_corr=0.261253)
2026-02-15 16:50:10,680 - INFO - Epoch   8/50 | Train: 0.183146 | Val: 0.183933 | Corr: 0.261767 | LR: 1.00e-02
2026-02-15 16:50:10,687 - INFO -   ↳ Saved best model (val_corr=0.261767)
2026-02-15 16:50:12,991 - INFO - Epoch   9/50 | Train: 0.182548 | Val: 0.183386 | Corr: 0.264584 | LR: 1.00e-02
2026-02-15 16:50:13,002 - INFO -   ↳ Saved best model (val_corr=0.264584)
2026-02-15 16:50:15,370 - INFO - Epoch  10/50 | Train: 0.182046 | Val: 0.183209 | Corr: 0.264801 | LR: 1.00e-02
2026-02-15 16:50:15,381 - INFO -   ↳ Saved best model (val_corr=0.264801)
2026-02-15 16:50:17,754 - INFO - Epoch  11/50 | Train: 0.181586 | Val: 0.183752 | Corr: 0.264615 | LR: 1.00e-02
2026-02-15 16:50:20,304 - INFO - Epoch  12/50 | Train: 0.181241 | Val: 0.183211 | Corr: 0.266831 | LR: 1.00e-02
2026-02-15 16:50:20,318 - INFO -   ↳ Saved best model (val_corr=0.266831)
2026-02-15 16:50:22,726 - INFO - Epoch  13/50 | Train: 0.180725 | Val: 0.183486 | Corr: 0.265660 | LR: 1.00e-02
2026-02-15 16:50:25,131 - INFO - Epoch  14/50 | Train: 0.180405 | Val: 0.183755 | Corr: 0.264703 | LR: 1.00e-02
2026-02-15 16:50:27,505 - INFO - Epoch  15/50 | Train: 0.180124 | Val: 0.184023 | Corr: 0.265065 | LR: 1.00e-02
2026-02-15 16:50:29,813 - INFO - Epoch  16/50 | Train: 0.179721 | Val: 0.183821 | Corr: 0.263936 | LR: 5.00e-03
2026-02-15 16:50:32,253 - INFO - Epoch  17/50 | Train: 0.178091 | Val: 0.183323 | Corr: 0.268369 | LR: 5.00e-03
2026-02-15 16:50:32,261 - INFO -   ↳ Saved best model (val_corr=0.268369)
2026-02-15 16:50:34,703 - INFO - Epoch  18/50 | Train: 0.177567 | Val: 0.183593 | Corr: 0.267157 | LR: 5.00e-03
2026-02-15 16:50:37,107 - INFO - Epoch  19/50 | Train: 0.177402 | Val: 0.183647 | Corr: 0.267047 | LR: 5.00e-03
2026-02-15 16:50:39,537 - INFO - Epoch  20/50 | Train: 0.177213 | Val: 0.183721 | Corr: 0.267136 | LR: 5.00e-03
2026-02-15 16:50:41,804 - INFO - Epoch  21/50 | Train: 0.176989 | Val: 0.183851 | Corr: 0.265823 | LR: 5.00e-03
2026-02-15 16:50:44,240 - INFO - Epoch  22/50 | Train: 0.176893 | Val: 0.184207 | Corr: 0.264651 | LR: 2.50e-03
2026-02-15 16:50:46,568 - INFO - Epoch  23/50 | Train: 0.175790 | Val: 0.184194 | Corr: 0.265828 | LR: 2.50e-03
2026-02-15 16:50:48,886 - INFO - Epoch  24/50 | Train: 0.175625 | Val: 0.183981 | Corr: 0.266782 | LR: 2.50e-03
2026-02-15 16:50:51,344 - INFO - Epoch  25/50 | Train: 0.175420 | Val: 0.184155 | Corr: 0.266512 | LR: 2.50e-03
2026-02-15 16:50:53,784 - INFO - Epoch  26/50 | Train: 0.175275 | Val: 0.184578 | Corr: 0.264979 | LR: 2.50e-03
2026-02-15 16:50:56,166 - INFO - Epoch  27/50 | Train: 0.175184 | Val: 0.184336 | Corr: 0.265340 | LR: 2.50e-03
2026-02-15 16:50:56,166 - INFO - Early stopping at epoch 27
2026-02-15 16:50:56,166 - INFO - Training complete — best val corr: 0.268369
2026-02-15 16:50:56,529 - INFO - Test loss: 0.173572, Test corr: 0.266280
2026-02-15 16:50:56,690 - INFO - Generating figures …
2026-02-15 16:50:56,901 - INFO - Correlation between predicted and actual per-neuron averages: r=0.9922, p=6.75e-57
2026-02-15 16:50:57,617 - INFO - Pattern selectivity summary:
2026-02-15 16:50:57,618 - INFO -   Mean correlation across neurons: 0.6227
2026-02-15 16:50:57,618 - INFO -   Median correlation: 0.6694
2026-02-15 16:50:57,618 - INFO -   Neurons with r > 0.5: 46 / 63
2026-02-15 16:50:57,618 - INFO -   Neurons with r > 0.3: 61 / 63
2026-02-15 16:50:57,618 - INFO - Pattern selectivity — mean neuron corr: 0.6227
2026-02-15 16:50:57,963 - INFO - LOO baseline — Model mean r: 0.3574, LOO mean r: 0.4728, Neurons model > LOO: 3/63
2026-02-15 16:50:57,963 - INFO - Skipping oracle trial plots (skip_oracle_plots=True)
2026-02-15 16:50:57,963 - INFO - Experiment complete. Summary: {
  "run_dir": "results/base_cnn_kernel_sweep_2026-02-15_11-28-56/trial_0140_learning_rate=0.01",
  "model_type": "cnn",
  "test_loss": 0.17357167494297027,
  "test_corr": 0.26628007975560336,
  "best_val_corr": 0.26836937419275336,
  "total_params": 190271,
  "trainable_params": 190271,
  "epochs_trained": 27,
  "mean_pattern_corr": 0.6226590619565706,
  "loo_mean_corr": 0.47275709111471625,
  "model_sample_mean_corr": 0.3573842291279282,
  "neurons_model_beats_loo": 3
}
2026-02-15 16:50:57,963 - INFO - 
======================================================================
2026-02-15 16:50:57,963 - INFO - [142/216] trial_0141_learning_rate=0.01
2026-02-15 16:50:57,963 - INFO -   Overrides: {"kernel_sizes": [10], "learning_rate": 0.01, "fc_dims": [256], "weight_decay": 0.001, "conv_channels": [64]}
2026-02-15 16:50:57,964 - INFO -   Output: results/base_cnn_kernel_sweep_2026-02-15_11-28-56/trial_0141_learning_rate=0.01
