2026-03-04 00:51:00,425 - INFO - ============================================================
2026-03-04 00:51:00,426 - INFO - Experiment run directory: /scratch/sb272/patterns5k_results/slurm_hist_cnn_2026-03-03_15-13-01/trial_0353_learning_rate=5.0e-03_history=1_kernel_sizes=20_conv_channels=256_fc_dims=256_seed0
2026-03-04 00:51:00,426 - INFO - ============================================================
2026-03-04 00:51:00,426 - INFO - Loading data …
2026-03-04 00:51:01,641 - INFO - 63 unique neurons after dropping problematic neurons
2026-03-04 00:51:02,584 - INFO - Stimulation channels: 42, Spiking neurons: 63
2026-03-04 00:52:09,410 - INFO - Unique patterns: 4050, Total trials: 5000
2026-03-04 00:52:09,412 - INFO - Stimulation channels: 42, Spiking neurons: 63
2026-03-04 00:52:09,412 - INFO - Unique patterns: 4050, Total trials: 5000
2026-03-04 00:52:09,423 - INFO - Split (oracle): train=3400, val=600, test=1000
2026-03-04 00:52:23,601 - INFO - BinnedStimSpikeDataset initialized:
2026-03-04 00:52:23,601 - INFO -   input_bin_size_ms=10, output_bin_size_ms=10
2026-03-04 00:52:23,601 - INFO -   n_input_bins=60, n_output_bins=60
2026-03-04 00:52:23,601 - INFO -   output_offset=0, total_bins_input=60, total_bins_output=60
2026-03-04 00:52:23,601 - INFO -   Valid start positions per trial: 0 to 0
2026-03-04 00:52:23,601 - INFO -   Total samples: 3400 (3400 trials × 1 positions)
2026-03-04 00:52:37,302 - INFO - BinnedStimSpikeDataset initialized:
2026-03-04 00:52:37,302 - INFO -   input_bin_size_ms=10, output_bin_size_ms=10
2026-03-04 00:52:37,302 - INFO -   n_input_bins=60, n_output_bins=60
2026-03-04 00:52:37,302 - INFO -   output_offset=0, total_bins_input=60, total_bins_output=60
2026-03-04 00:52:37,302 - INFO -   Valid start positions per trial: 0 to 0
2026-03-04 00:52:37,302 - INFO -   Total samples: 600 (600 trials × 1 positions)
2026-03-04 00:52:51,098 - INFO - BinnedStimSpikeDataset initialized:
2026-03-04 00:52:51,098 - INFO -   input_bin_size_ms=10, output_bin_size_ms=10
2026-03-04 00:52:51,098 - INFO -   n_input_bins=60, n_output_bins=60
2026-03-04 00:52:51,098 - INFO -   output_offset=0, total_bins_input=60, total_bins_output=60
2026-03-04 00:52:51,098 - INFO -   Valid start positions per trial: 0 to 0
2026-03-04 00:52:51,098 - INFO -   Total samples: 1000 (1000 trials × 1 positions)
2026-03-04 00:52:51,099 - INFO - Samples — train: 3400, val: 600, test: 1000
2026-03-04 00:52:51,099 - INFO - Input channels: 105, Neurons: 63
2026-03-04 00:52:51,099 - INFO - Using CPU
2026-03-04 00:52:51,116 - INFO - Model: CNN — 620,351 trainable params (620,351 total)
2026-03-04 00:52:54,815 - INFO - Starting training …
2026-03-04 00:53:01,578 - INFO - Epoch   1/50 | Train: 0.192299 | Val: 0.176360 | Corr: 0.155866 | LR: 5.00e-03
2026-03-04 00:53:01,593 - INFO -   ↳ Saved best model (val_corr=0.155866)
2026-03-04 00:53:07,704 - INFO - Epoch   2/50 | Train: 0.171296 | Val: 0.172084 | Corr: 0.192911 | LR: 5.00e-03
2026-03-04 00:53:07,750 - INFO -   ↳ Saved best model (val_corr=0.192911)
2026-03-04 00:53:13,807 - INFO - Epoch   3/50 | Train: 0.167183 | Val: 0.168622 | Corr: 0.212724 | LR: 5.00e-03
2026-03-04 00:53:13,822 - INFO -   ↳ Saved best model (val_corr=0.212724)
2026-03-04 00:53:19,967 - INFO - Epoch   4/50 | Train: 0.164523 | Val: 0.167284 | Corr: 0.222802 | LR: 5.00e-03
2026-03-04 00:53:19,992 - INFO -   ↳ Saved best model (val_corr=0.222802)
2026-03-04 00:53:26,147 - INFO - Epoch   5/50 | Train: 0.161837 | Val: 0.166577 | Corr: 0.228878 | LR: 5.00e-03
2026-03-04 00:53:26,164 - INFO -   ↳ Saved best model (val_corr=0.228878)
2026-03-04 00:53:32,377 - INFO - Epoch   6/50 | Train: 0.159832 | Val: 0.166681 | Corr: 0.232705 | LR: 5.00e-03
2026-03-04 00:53:32,393 - INFO -   ↳ Saved best model (val_corr=0.232705)
2026-03-04 00:53:38,422 - INFO - Epoch   7/50 | Train: 0.158036 | Val: 0.165541 | Corr: 0.235003 | LR: 5.00e-03
2026-03-04 00:53:38,444 - INFO -   ↳ Saved best model (val_corr=0.235003)
2026-03-04 00:53:44,601 - INFO - Epoch   8/50 | Train: 0.156439 | Val: 0.165865 | Corr: 0.236518 | LR: 5.00e-03
2026-03-04 00:53:44,617 - INFO -   ↳ Saved best model (val_corr=0.236518)
2026-03-04 00:53:50,819 - INFO - Epoch   9/50 | Train: 0.155236 | Val: 0.165674 | Corr: 0.237686 | LR: 5.00e-03
2026-03-04 00:53:50,835 - INFO -   ↳ Saved best model (val_corr=0.237686)
2026-03-04 00:53:57,037 - INFO - Epoch  10/50 | Train: 0.153841 | Val: 0.165884 | Corr: 0.237670 | LR: 5.00e-03
2026-03-04 00:54:03,253 - INFO - Epoch  11/50 | Train: 0.152588 | Val: 0.166862 | Corr: 0.235002 | LR: 5.00e-03
2026-03-04 00:54:09,470 - INFO - Epoch  12/50 | Train: 0.151503 | Val: 0.166857 | Corr: 0.235483 | LR: 5.00e-03
2026-03-04 00:54:15,668 - INFO - Epoch  13/50 | Train: 0.150753 | Val: 0.167834 | Corr: 0.234420 | LR: 2.50e-03
2026-03-04 00:54:21,842 - INFO - Epoch  14/50 | Train: 0.147678 | Val: 0.168114 | Corr: 0.235474 | LR: 2.50e-03
2026-03-04 00:54:28,051 - INFO - Epoch  15/50 | Train: 0.146642 | Val: 0.168012 | Corr: 0.234850 | LR: 2.50e-03
2026-03-04 00:54:34,198 - INFO - Epoch  16/50 | Train: 0.145961 | Val: 0.168953 | Corr: 0.234607 | LR: 2.50e-03
2026-03-04 00:54:40,313 - INFO - Epoch  17/50 | Train: 0.145565 | Val: 0.168640 | Corr: 0.232690 | LR: 2.50e-03
2026-03-04 00:54:46,505 - INFO - Epoch  18/50 | Train: 0.145114 | Val: 0.169539 | Corr: 0.231274 | LR: 2.50e-03
2026-03-04 00:54:52,696 - INFO - Epoch  19/50 | Train: 0.144640 | Val: 0.169981 | Corr: 0.230447 | LR: 1.25e-03
2026-03-04 00:54:52,696 - INFO - Early stopping at epoch 19
2026-03-04 00:54:52,696 - INFO - Training complete — best val corr: 0.237686
2026-03-04 00:54:54,020 - INFO - Test loss: 0.154787, Test corr: 0.230748
2026-03-04 00:54:54,667 - INFO - Fraction of variance explained (FVE): 0.064932
2026-03-04 00:54:54,667 - INFO - Computing autoregressive (AR) test predictions …
2026-03-04 00:54:55,408 - INFO - AR FVE: -0.006545, AR test corr: 0.080786
2026-03-04 00:54:55,408 - INFO - Generating figures …
2026-03-04 00:54:55,768 - INFO - Correlation between predicted and actual per-neuron averages: r=0.9671, p=5.73e-38
2026-03-04 00:54:57,450 - INFO - Pattern selectivity summary:
2026-03-04 00:54:57,450 - INFO -   Mean correlation across neurons: 0.7072
2026-03-04 00:54:57,451 - INFO -   Median correlation: 0.7076
2026-03-04 00:54:57,451 - INFO -   Neurons with r > 0.5: 60 / 63
2026-03-04 00:54:57,451 - INFO -   Neurons with r > 0.3: 62 / 63
2026-03-04 00:54:57,451 - INFO - Pattern selectivity — mean neuron corr: 0.7072
2026-03-04 00:54:58,931 - INFO - LOO (avg rate) — Model mean r: 0.6029, LOO mean r: 0.4546, Neurons model > LOO: 51/63
2026-03-04 00:55:00,762 - INFO - LOO (temporal) — Model mean r: 0.2436, LOO mean r: 0.3186, Neurons model > LOO: 11/63
2026-03-04 00:55:00,762 - INFO - Skipping oracle trial plots (skip_oracle_plots=True)
2026-03-04 00:55:00,771 - INFO - Experiment complete. Summary: {
  "run_dir": "/scratch/sb272/patterns5k_results/slurm_hist_cnn_2026-03-03_15-13-01/trial_0353_learning_rate=5.0e-03_history=1_kernel_sizes=20_conv_channels=256_fc_dims=256_seed0",
  "model_type": "cnn",
  "batch_avg_test_loss": 0.1547874608039856,
  "batch_avg_test_corr": 0.23074841966487936,
  "all_test_fve": 0.0649320644045633,
  "AR_FVE": -0.00654482746881152,
  "AR_test_correlation": 0.08078581839799881,
  "best_val_corr": 0.23768561583450312,
  "total_params": 620351,
  "trainable_params": 620351,
  "epochs_trained": 19,
  "mean_pattern_corr": 0.7071832936062316,
  "history": 1,
  "init_state": true,
  "loo_avg_mean_corr": 0.45456832695830385,
  "model_avg_mean_corr": 0.6028930021295762,
  "neurons_model_beats_loo_avg": 51,
  "loo_temporal_mean_corr": 0.31855225563049316,
  "all_test_corr": 0.24357880651950836,
  "neurons_model_beats_loo_temporal": 11,
  "kernel_sizes": [
    20
  ],
  "conv_channels": [
    256
  ],
  "fc_dims": [
    256
  ]
}
