2026-03-05 23:45:21,857 - INFO - ============================================================
2026-03-05 23:45:21,857 - INFO - Experiment run directory: /scratch/sb272/patterns5k_results/slurm_hist_cnn_2026-03-05_16-01-45/trial_0344_learning_rate=5.0e-04_history=5_kernel_sizes=3x3x3_conv_channels=256x256x256_fc_dims=1024_seed0
2026-03-05 23:45:21,857 - INFO - ============================================================
2026-03-05 23:45:21,857 - INFO - Loading data …
2026-03-05 23:45:22,770 - INFO - 63 unique neurons after dropping problematic neurons
2026-03-05 23:45:23,993 - INFO - Stimulation channels: 42, Spiking neurons: 63
2026-03-05 23:47:28,052 - INFO - Unique patterns: 4050, Total trials: 5000
2026-03-05 23:47:28,053 - INFO - Stimulation channels: 42, Spiking neurons: 63
2026-03-05 23:47:28,053 - INFO - Unique patterns: 4050, Total trials: 5000
2026-03-05 23:47:28,070 - INFO - Split (oracle): train=3400, val=600, test=1000
2026-03-05 23:47:53,483 - INFO - BinnedStimSpikeDataset initialized:
2026-03-05 23:47:53,484 - INFO -   input_bin_size_ms=10, output_bin_size_ms=10
2026-03-05 23:47:53,484 - INFO -   n_input_bins=60, n_output_bins=60
2026-03-05 23:47:53,484 - INFO -   output_offset=0, total_bins_input=60, total_bins_output=60
2026-03-05 23:47:53,484 - INFO -   Valid start positions per trial: 0 to 0
2026-03-05 23:47:53,484 - INFO -   Total samples: 3400 (3400 trials × 1 positions)
2026-03-05 23:48:18,070 - INFO - BinnedStimSpikeDataset initialized:
2026-03-05 23:48:18,070 - INFO -   input_bin_size_ms=10, output_bin_size_ms=10
2026-03-05 23:48:18,070 - INFO -   n_input_bins=60, n_output_bins=60
2026-03-05 23:48:18,070 - INFO -   output_offset=0, total_bins_input=60, total_bins_output=60
2026-03-05 23:48:18,070 - INFO -   Valid start positions per trial: 0 to 0
2026-03-05 23:48:18,070 - INFO -   Total samples: 600 (600 trials × 1 positions)
2026-03-05 23:48:42,629 - INFO - BinnedStimSpikeDataset initialized:
2026-03-05 23:48:42,629 - INFO -   input_bin_size_ms=10, output_bin_size_ms=10
2026-03-05 23:48:42,629 - INFO -   n_input_bins=60, n_output_bins=60
2026-03-05 23:48:42,629 - INFO -   output_offset=0, total_bins_input=60, total_bins_output=60
2026-03-05 23:48:42,629 - INFO -   Valid start positions per trial: 0 to 0
2026-03-05 23:48:42,629 - INFO -   Total samples: 1000 (1000 trials × 1 positions)
2026-03-05 23:48:42,629 - INFO - Samples — train: 3400, val: 600, test: 1000
2026-03-05 23:48:42,629 - INFO - Input channels: 105, Neurons: 63
2026-03-05 23:48:42,633 - INFO - Using CPU
2026-03-05 23:48:42,654 - INFO - Model: CNN — 803,903 trainable params (803,903 total)
2026-03-05 23:48:45,707 - INFO - Starting training …
2026-03-05 23:49:01,951 - INFO - Epoch   1/50 | Train: 0.204923 | Val: 0.182890 | Corr: 0.089338 | LR: 5.00e-04
2026-03-05 23:49:01,974 - INFO -   ↳ Saved best model (val_corr=0.089338)
2026-03-05 23:49:16,660 - INFO - Epoch   2/50 | Train: 0.180158 | Val: 0.182630 | Corr: 0.104707 | LR: 5.00e-04
2026-03-05 23:49:16,679 - INFO -   ↳ Saved best model (val_corr=0.104707)
2026-03-05 23:49:31,278 - INFO - Epoch   3/50 | Train: 0.178282 | Val: 0.180756 | Corr: 0.118868 | LR: 5.00e-04
2026-03-05 23:49:31,294 - INFO -   ↳ Saved best model (val_corr=0.118868)
2026-03-05 23:49:46,266 - INFO - Epoch   4/50 | Train: 0.176776 | Val: 0.179095 | Corr: 0.129455 | LR: 5.00e-04
2026-03-05 23:49:46,283 - INFO -   ↳ Saved best model (val_corr=0.129455)
2026-03-05 23:50:01,421 - INFO - Epoch   5/50 | Train: 0.175406 | Val: 0.178446 | Corr: 0.134838 | LR: 5.00e-04
2026-03-05 23:50:01,441 - INFO -   ↳ Saved best model (val_corr=0.134838)
2026-03-05 23:50:16,737 - INFO - Epoch   6/50 | Train: 0.174336 | Val: 0.178271 | Corr: 0.140316 | LR: 5.00e-04
2026-03-05 23:50:16,758 - INFO -   ↳ Saved best model (val_corr=0.140316)
2026-03-05 23:50:31,933 - INFO - Epoch   7/50 | Train: 0.173341 | Val: 0.177866 | Corr: 0.145646 | LR: 5.00e-04
2026-03-05 23:50:31,957 - INFO -   ↳ Saved best model (val_corr=0.145646)
2026-03-05 23:50:47,015 - INFO - Epoch   8/50 | Train: 0.172479 | Val: 0.177338 | Corr: 0.148635 | LR: 5.00e-04
2026-03-05 23:50:47,035 - INFO -   ↳ Saved best model (val_corr=0.148635)
2026-03-05 23:51:02,204 - INFO - Epoch   9/50 | Train: 0.171777 | Val: 0.176926 | Corr: 0.150740 | LR: 5.00e-04
2026-03-05 23:51:02,224 - INFO -   ↳ Saved best model (val_corr=0.150740)
2026-03-05 23:51:17,709 - INFO - Epoch  10/50 | Train: 0.171024 | Val: 0.177143 | Corr: 0.150657 | LR: 5.00e-04
2026-03-05 23:51:33,080 - INFO - Epoch  11/50 | Train: 0.170434 | Val: 0.176805 | Corr: 0.153101 | LR: 5.00e-04
2026-03-05 23:51:33,098 - INFO -   ↳ Saved best model (val_corr=0.153101)
2026-03-05 23:51:48,550 - INFO - Epoch  12/50 | Train: 0.169782 | Val: 0.176957 | Corr: 0.154900 | LR: 5.00e-04
2026-03-05 23:51:48,568 - INFO -   ↳ Saved best model (val_corr=0.154900)
2026-03-05 23:52:03,881 - INFO - Epoch  13/50 | Train: 0.169281 | Val: 0.177303 | Corr: 0.156459 | LR: 5.00e-04
2026-03-05 23:52:03,899 - INFO -   ↳ Saved best model (val_corr=0.156459)
2026-03-05 23:52:19,079 - INFO - Epoch  14/50 | Train: 0.168617 | Val: 0.176742 | Corr: 0.155132 | LR: 5.00e-04
2026-03-05 23:52:34,178 - INFO - Epoch  15/50 | Train: 0.168194 | Val: 0.176767 | Corr: 0.156689 | LR: 5.00e-04
2026-03-05 23:52:34,198 - INFO -   ↳ Saved best model (val_corr=0.156689)
2026-03-05 23:52:49,504 - INFO - Epoch  16/50 | Train: 0.167631 | Val: 0.176910 | Corr: 0.155494 | LR: 5.00e-04
2026-03-05 23:53:04,545 - INFO - Epoch  17/50 | Train: 0.166951 | Val: 0.177020 | Corr: 0.158329 | LR: 5.00e-04
2026-03-05 23:53:04,565 - INFO -   ↳ Saved best model (val_corr=0.158329)
2026-03-05 23:53:20,505 - INFO - Epoch  18/50 | Train: 0.166672 | Val: 0.177530 | Corr: 0.158782 | LR: 5.00e-04
2026-03-05 23:53:20,527 - INFO -   ↳ Saved best model (val_corr=0.158782)
2026-03-05 23:53:36,100 - INFO - Epoch  19/50 | Train: 0.166140 | Val: 0.177304 | Corr: 0.157312 | LR: 5.00e-04
2026-03-05 23:53:51,305 - INFO - Epoch  20/50 | Train: 0.165810 | Val: 0.177283 | Corr: 0.159712 | LR: 2.50e-04
2026-03-05 23:53:51,324 - INFO -   ↳ Saved best model (val_corr=0.159712)
2026-03-05 23:54:07,100 - INFO - Epoch  21/50 | Train: 0.164207 | Val: 0.177243 | Corr: 0.159107 | LR: 2.50e-04
2026-03-05 23:54:22,125 - INFO - Epoch  22/50 | Train: 0.163924 | Val: 0.177718 | Corr: 0.158489 | LR: 2.50e-04
2026-03-05 23:54:37,277 - INFO - Epoch  23/50 | Train: 0.163543 | Val: 0.177936 | Corr: 0.158893 | LR: 2.50e-04
2026-03-05 23:54:52,448 - INFO - Epoch  24/50 | Train: 0.163402 | Val: 0.177312 | Corr: 0.160380 | LR: 2.50e-04
2026-03-05 23:54:52,466 - INFO -   ↳ Saved best model (val_corr=0.160380)
2026-03-05 23:55:07,701 - INFO - Epoch  25/50 | Train: 0.163144 | Val: 0.178288 | Corr: 0.158941 | LR: 2.50e-04
2026-03-05 23:55:22,637 - INFO - Epoch  26/50 | Train: 0.162825 | Val: 0.178405 | Corr: 0.158793 | LR: 1.25e-04
2026-03-05 23:55:37,928 - INFO - Epoch  27/50 | Train: 0.162040 | Val: 0.178671 | Corr: 0.157788 | LR: 1.25e-04
2026-03-05 23:55:52,962 - INFO - Epoch  28/50 | Train: 0.161918 | Val: 0.178768 | Corr: 0.158580 | LR: 1.25e-04
2026-03-05 23:56:07,795 - INFO - Epoch  29/50 | Train: 0.161673 | Val: 0.178397 | Corr: 0.158700 | LR: 1.25e-04
2026-03-05 23:56:22,631 - INFO - Epoch  30/50 | Train: 0.161565 | Val: 0.177916 | Corr: 0.159900 | LR: 1.25e-04
2026-03-05 23:56:37,140 - INFO - Epoch  31/50 | Train: 0.161458 | Val: 0.178285 | Corr: 0.159196 | LR: 1.25e-04
2026-03-05 23:56:52,255 - INFO - Epoch  32/50 | Train: 0.161352 | Val: 0.178248 | Corr: 0.159872 | LR: 6.25e-05
2026-03-05 23:57:07,106 - INFO - Epoch  33/50 | Train: 0.160897 | Val: 0.179014 | Corr: 0.159129 | LR: 6.25e-05
2026-03-05 23:57:21,608 - INFO - Epoch  34/50 | Train: 0.160786 | Val: 0.178954 | Corr: 0.158751 | LR: 6.25e-05
2026-03-05 23:57:21,608 - INFO - Early stopping at epoch 34
2026-03-05 23:57:21,608 - INFO - Training complete — best val corr: 0.160380
2026-03-05 23:57:23,716 - INFO - Test loss: 0.166776, Test corr: 0.151116
2026-03-05 23:57:24,781 - INFO - Fraction of variance explained (FVE): 0.022724
2026-03-05 23:57:24,781 - INFO - Computing autoregressive (AR) test predictions …
2026-03-05 23:57:26,092 - INFO - AR FVE: 0.012417, AR test corr: 0.122428
2026-03-05 23:57:26,092 - INFO - Generating figures …
2026-03-05 23:57:26,589 - INFO - Correlation between predicted and actual per-neuron averages: r=0.9869, p=0.00e+00
2026-03-05 23:57:29,263 - INFO - Pattern selectivity summary:
2026-03-05 23:57:29,263 - INFO -   Mean correlation across neurons: 0.5757
2026-03-05 23:57:29,263 - INFO -   Median correlation: 0.6053
2026-03-05 23:57:29,263 - INFO -   Neurons with r > 0.5: 41 / 63
2026-03-05 23:57:29,263 - INFO -   Neurons with r > 0.3: 59 / 63
2026-03-05 23:57:29,263 - INFO - Pattern selectivity — mean neuron corr: 0.5757
2026-03-05 23:57:31,433 - INFO - LOO (avg rate) — Model mean r: 0.4201, LOO mean r: 0.4546, Neurons model > LOO: 16/63
2026-03-05 23:57:34,208 - INFO - LOO (temporal) — Model mean r: 0.1577, LOO mean r: 0.3186, Neurons model > LOO: 2/63
2026-03-05 23:57:34,208 - INFO - Skipping oracle trial plots (skip_oracle_plots=True)
2026-03-05 23:57:34,213 - INFO - Experiment complete. Summary: {
  "run_dir": "/scratch/sb272/patterns5k_results/slurm_hist_cnn_2026-03-05_16-01-45/trial_0344_learning_rate=5.0e-04_history=5_kernel_sizes=3x3x3_conv_channels=256x256x256_fc_dims=1024_seed0",
  "model_type": "cnn",
  "batch_avg_test_loss": 0.1667758229970932,
  "batch_avg_test_corr": 0.15111586873840097,
  "all_test_fve": 0.022723927384331113,
  "AR_FVE": 0.0124172776464432,
  "AR_test_correlation": 0.12242832034826279,
  "best_val_corr": 0.1603799336259831,
  "total_params": 803903,
  "trainable_params": 803903,
  "epochs_trained": 34,
  "mean_pattern_corr": 0.5756625265740978,
  "history": 5,
  "init_state": true,
  "loo_avg_mean_corr": 0.45456832695830385,
  "model_avg_mean_corr": 0.4201225476320407,
  "neurons_model_beats_loo_avg": 16,
  "loo_temporal_mean_corr": 0.31855225563049316,
  "all_test_corr": 0.15767447650432587,
  "neurons_model_beats_loo_temporal": 2,
  "kernel_sizes": [
    3,
    3,
    3
  ],
  "conv_channels": [
    256,
    256,
    256
  ],
  "fc_dims": [
    1024
  ]
}
