2026-03-03 20:23:57,025 - INFO - ============================================================
2026-03-03 20:23:57,026 - INFO - Experiment run directory: /scratch/sb272/patterns5k_results/slurm_hist_cnn_2026-03-03_15-13-01/trial_0317_learning_rate=5.0e-03_history=1_kernel_sizes=10_conv_channels=256_fc_dims=256_seed1
2026-03-03 20:23:57,026 - INFO - ============================================================
2026-03-03 20:23:57,026 - INFO - Loading data …
2026-03-03 20:23:57,884 - INFO - 63 unique neurons after dropping problematic neurons
2026-03-03 20:23:59,118 - INFO - Stimulation channels: 42, Spiking neurons: 63
2026-03-03 20:26:01,827 - INFO - Unique patterns: 4050, Total trials: 5000
2026-03-03 20:26:01,829 - INFO - Stimulation channels: 42, Spiking neurons: 63
2026-03-03 20:26:01,829 - INFO - Unique patterns: 4050, Total trials: 5000
2026-03-03 20:26:01,846 - INFO - Split (oracle): train=3400, val=600, test=1000
2026-03-03 20:26:27,076 - INFO - BinnedStimSpikeDataset initialized:
2026-03-03 20:26:27,077 - INFO -   input_bin_size_ms=10, output_bin_size_ms=10
2026-03-03 20:26:27,077 - INFO -   n_input_bins=60, n_output_bins=60
2026-03-03 20:26:27,077 - INFO -   output_offset=0, total_bins_input=60, total_bins_output=60
2026-03-03 20:26:27,077 - INFO -   Valid start positions per trial: 0 to 0
2026-03-03 20:26:27,077 - INFO -   Total samples: 3400 (3400 trials × 1 positions)
2026-03-03 20:26:51,826 - INFO - BinnedStimSpikeDataset initialized:
2026-03-03 20:26:51,826 - INFO -   input_bin_size_ms=10, output_bin_size_ms=10
2026-03-03 20:26:51,826 - INFO -   n_input_bins=60, n_output_bins=60
2026-03-03 20:26:51,826 - INFO -   output_offset=0, total_bins_input=60, total_bins_output=60
2026-03-03 20:26:51,826 - INFO -   Valid start positions per trial: 0 to 0
2026-03-03 20:26:51,826 - INFO -   Total samples: 600 (600 trials × 1 positions)
2026-03-03 20:27:16,519 - INFO - BinnedStimSpikeDataset initialized:
2026-03-03 20:27:16,519 - INFO -   input_bin_size_ms=10, output_bin_size_ms=10
2026-03-03 20:27:16,519 - INFO -   n_input_bins=60, n_output_bins=60
2026-03-03 20:27:16,519 - INFO -   output_offset=0, total_bins_input=60, total_bins_output=60
2026-03-03 20:27:16,519 - INFO -   Valid start positions per trial: 0 to 0
2026-03-03 20:27:16,519 - INFO -   Total samples: 1000 (1000 trials × 1 positions)
2026-03-03 20:27:16,519 - INFO - Samples — train: 3400, val: 600, test: 1000
2026-03-03 20:27:16,519 - INFO - Input channels: 105, Neurons: 63
2026-03-03 20:27:16,527 - INFO - Using CPU
2026-03-03 20:27:16,544 - INFO - Model: CNN — 351,551 trainable params (351,551 total)
2026-03-03 20:27:21,454 - INFO - Starting training …
2026-03-03 20:27:29,440 - INFO - Epoch   1/50 | Train: 0.192574 | Val: 0.172438 | Corr: 0.171134 | LR: 5.00e-03
2026-03-03 20:27:29,467 - INFO -   ↳ Saved best model (val_corr=0.171134)
2026-03-03 20:27:36,231 - INFO - Epoch   2/50 | Train: 0.170830 | Val: 0.169781 | Corr: 0.202082 | LR: 5.00e-03
2026-03-03 20:27:36,247 - INFO -   ↳ Saved best model (val_corr=0.202082)
2026-03-03 20:27:43,047 - INFO - Epoch   3/50 | Train: 0.167415 | Val: 0.165553 | Corr: 0.222885 | LR: 5.00e-03
2026-03-03 20:27:43,068 - INFO -   ↳ Saved best model (val_corr=0.222885)
2026-03-03 20:27:50,159 - INFO - Epoch   4/50 | Train: 0.164830 | Val: 0.164242 | Corr: 0.234760 | LR: 5.00e-03
2026-03-03 20:27:50,179 - INFO -   ↳ Saved best model (val_corr=0.234760)
2026-03-03 20:27:56,984 - INFO - Epoch   5/50 | Train: 0.162960 | Val: 0.163359 | Corr: 0.240822 | LR: 5.00e-03
2026-03-03 20:27:57,009 - INFO -   ↳ Saved best model (val_corr=0.240822)
2026-03-03 20:28:03,997 - INFO - Epoch   6/50 | Train: 0.161628 | Val: 0.162992 | Corr: 0.244937 | LR: 5.00e-03
2026-03-03 20:28:04,015 - INFO -   ↳ Saved best model (val_corr=0.244937)
2026-03-03 20:28:11,064 - INFO - Epoch   7/50 | Train: 0.160509 | Val: 0.164268 | Corr: 0.247774 | LR: 5.00e-03
2026-03-03 20:28:11,079 - INFO -   ↳ Saved best model (val_corr=0.247774)
2026-03-03 20:28:18,137 - INFO - Epoch   8/50 | Train: 0.159463 | Val: 0.162178 | Corr: 0.247967 | LR: 5.00e-03
2026-03-03 20:28:18,149 - INFO -   ↳ Saved best model (val_corr=0.247967)
2026-03-03 20:28:25,205 - INFO - Epoch   9/50 | Train: 0.158252 | Val: 0.161994 | Corr: 0.250945 | LR: 5.00e-03
2026-03-03 20:28:25,222 - INFO -   ↳ Saved best model (val_corr=0.250945)
2026-03-03 20:28:32,143 - INFO - Epoch  10/50 | Train: 0.157873 | Val: 0.162972 | Corr: 0.250694 | LR: 5.00e-03
2026-03-03 20:28:39,109 - INFO - Epoch  11/50 | Train: 0.157062 | Val: 0.162012 | Corr: 0.251738 | LR: 5.00e-03
2026-03-03 20:28:39,134 - INFO -   ↳ Saved best model (val_corr=0.251738)
2026-03-03 20:28:46,101 - INFO - Epoch  12/50 | Train: 0.156132 | Val: 0.162792 | Corr: 0.251853 | LR: 5.00e-03
2026-03-03 20:28:46,117 - INFO -   ↳ Saved best model (val_corr=0.251853)
2026-03-03 20:28:53,129 - INFO - Epoch  13/50 | Train: 0.155566 | Val: 0.162113 | Corr: 0.251651 | LR: 5.00e-03
2026-03-03 20:29:00,015 - INFO - Epoch  14/50 | Train: 0.154950 | Val: 0.162143 | Corr: 0.250138 | LR: 5.00e-03
2026-03-03 20:29:07,051 - INFO - Epoch  15/50 | Train: 0.154433 | Val: 0.162286 | Corr: 0.249977 | LR: 2.50e-03
2026-03-03 20:29:14,068 - INFO - Epoch  16/50 | Train: 0.152328 | Val: 0.162418 | Corr: 0.252540 | LR: 2.50e-03
2026-03-03 20:29:14,096 - INFO -   ↳ Saved best model (val_corr=0.252540)
2026-03-03 20:29:21,000 - INFO - Epoch  17/50 | Train: 0.151693 | Val: 0.162921 | Corr: 0.250777 | LR: 2.50e-03
2026-03-03 20:29:27,808 - INFO - Epoch  18/50 | Train: 0.151326 | Val: 0.162509 | Corr: 0.250553 | LR: 2.50e-03
2026-03-03 20:29:34,760 - INFO - Epoch  19/50 | Train: 0.150931 | Val: 0.163294 | Corr: 0.249991 | LR: 2.50e-03
2026-03-03 20:29:41,789 - INFO - Epoch  20/50 | Train: 0.150715 | Val: 0.162899 | Corr: 0.249526 | LR: 2.50e-03
2026-03-03 20:29:48,574 - INFO - Epoch  21/50 | Train: 0.150475 | Val: 0.163285 | Corr: 0.248828 | LR: 1.25e-03
2026-03-03 20:29:55,694 - INFO - Epoch  22/50 | Train: 0.149150 | Val: 0.163181 | Corr: 0.249712 | LR: 1.25e-03
2026-03-03 20:30:02,812 - INFO - Epoch  23/50 | Train: 0.148927 | Val: 0.163387 | Corr: 0.248399 | LR: 1.25e-03
2026-03-03 20:30:09,953 - INFO - Epoch  24/50 | Train: 0.148681 | Val: 0.163489 | Corr: 0.248948 | LR: 1.25e-03
2026-03-03 20:30:16,918 - INFO - Epoch  25/50 | Train: 0.148516 | Val: 0.163658 | Corr: 0.248011 | LR: 1.25e-03
2026-03-03 20:30:24,052 - INFO - Epoch  26/50 | Train: 0.148358 | Val: 0.163932 | Corr: 0.247870 | LR: 1.25e-03
2026-03-03 20:30:24,052 - INFO - Early stopping at epoch 26
2026-03-03 20:30:24,053 - INFO - Training complete — best val corr: 0.252540
2026-03-03 20:30:25,953 - INFO - Test loss: 0.153804, Test corr: 0.242394
2026-03-03 20:30:26,589 - INFO - Fraction of variance explained (FVE): 0.072791
2026-03-03 20:30:26,589 - INFO - Computing autoregressive (AR) test predictions …
2026-03-03 20:30:27,410 - INFO - AR FVE: -0.012310, AR test corr: 0.073282
2026-03-03 20:30:27,410 - INFO - Generating figures …
2026-03-03 20:30:28,042 - INFO - Correlation between predicted and actual per-neuron averages: r=0.9836, p=0.00e+00
2026-03-03 20:30:30,469 - INFO - Pattern selectivity summary:
2026-03-03 20:30:30,469 - INFO -   Mean correlation across neurons: 0.7602
2026-03-03 20:30:30,469 - INFO -   Median correlation: 0.7662
2026-03-03 20:30:30,469 - INFO -   Neurons with r > 0.5: 60 / 63
2026-03-03 20:30:30,469 - INFO -   Neurons with r > 0.3: 63 / 63
2026-03-03 20:30:30,469 - INFO - Pattern selectivity — mean neuron corr: 0.7602
2026-03-03 20:30:32,515 - INFO - LOO (avg rate) — Model mean r: 0.6398, LOO mean r: 0.4546, Neurons model > LOO: 58/63
2026-03-03 20:30:35,044 - INFO - LOO (temporal) — Model mean r: 0.2546, LOO mean r: 0.3186, Neurons model > LOO: 12/63
2026-03-03 20:30:35,044 - INFO - Skipping oracle trial plots (skip_oracle_plots=True)
2026-03-03 20:30:35,056 - INFO - Experiment complete. Summary: {
  "run_dir": "/scratch/sb272/patterns5k_results/slurm_hist_cnn_2026-03-03_15-13-01/trial_0317_learning_rate=5.0e-03_history=1_kernel_sizes=10_conv_channels=256_fc_dims=256_seed1",
  "model_type": "cnn",
  "batch_avg_test_loss": 0.15380423283576966,
  "batch_avg_test_corr": 0.2423942573332191,
  "all_test_fve": 0.07279067001645527,
  "AR_FVE": -0.012309582460494269,
  "AR_test_correlation": 0.07328203320503235,
  "best_val_corr": 0.25254018661748007,
  "total_params": 351551,
  "trainable_params": 351551,
  "epochs_trained": 26,
  "mean_pattern_corr": 0.7602280802621151,
  "history": 1,
  "init_state": true,
  "loo_avg_mean_corr": 0.45456832695830385,
  "model_avg_mean_corr": 0.639765175429806,
  "neurons_model_beats_loo_avg": 58,
  "loo_temporal_mean_corr": 0.31855225563049316,
  "all_test_corr": 0.25457972288131714,
  "neurons_model_beats_loo_temporal": 12,
  "kernel_sizes": [
    10
  ],
  "conv_channels": [
    256
  ],
  "fc_dims": [
    256
  ]
}
