2026-03-05 18:22:47,478 - INFO - ============================================================
2026-03-05 18:22:47,478 - INFO - Experiment run directory: /scratch/sb272/patterns5k_results/slurm_hist_cnn_2026-03-05_16-01-45/trial_0425_learning_rate=5.0e-04_history=10_kernel_sizes=5x3_conv_channels=128x256_fc_dims=1024_seed1
2026-03-05 18:22:47,478 - INFO - ============================================================
2026-03-05 18:22:47,478 - INFO - Loading data …
2026-03-05 18:22:49,681 - INFO - 63 unique neurons after dropping problematic neurons
2026-03-05 18:22:51,851 - INFO - Stimulation channels: 42, Spiking neurons: 63
2026-03-05 18:26:03,625 - INFO - Unique patterns: 4050, Total trials: 5000
2026-03-05 18:26:03,627 - INFO - Stimulation channels: 42, Spiking neurons: 63
2026-03-05 18:26:03,627 - INFO - Unique patterns: 4050, Total trials: 5000
2026-03-05 18:26:03,658 - INFO - Split (oracle): train=3400, val=600, test=1000
2026-03-05 18:26:40,626 - INFO - BinnedStimSpikeDataset initialized:
2026-03-05 18:26:40,627 - INFO -   input_bin_size_ms=10, output_bin_size_ms=10
2026-03-05 18:26:40,627 - INFO -   n_input_bins=60, n_output_bins=60
2026-03-05 18:26:40,627 - INFO -   output_offset=0, total_bins_input=60, total_bins_output=60
2026-03-05 18:26:40,627 - INFO -   Valid start positions per trial: 0 to 0
2026-03-05 18:26:40,627 - INFO -   Total samples: 3400 (3400 trials × 1 positions)
2026-03-05 18:27:15,444 - INFO - BinnedStimSpikeDataset initialized:
2026-03-05 18:27:15,445 - INFO -   input_bin_size_ms=10, output_bin_size_ms=10
2026-03-05 18:27:15,445 - INFO -   n_input_bins=60, n_output_bins=60
2026-03-05 18:27:15,445 - INFO -   output_offset=0, total_bins_input=60, total_bins_output=60
2026-03-05 18:27:15,445 - INFO -   Valid start positions per trial: 0 to 0
2026-03-05 18:27:15,445 - INFO -   Total samples: 600 (600 trials × 1 positions)
2026-03-05 18:27:51,136 - INFO - BinnedStimSpikeDataset initialized:
2026-03-05 18:27:51,136 - INFO -   input_bin_size_ms=10, output_bin_size_ms=10
2026-03-05 18:27:51,136 - INFO -   n_input_bins=60, n_output_bins=60
2026-03-05 18:27:51,136 - INFO -   output_offset=0, total_bins_input=60, total_bins_output=60
2026-03-05 18:27:51,136 - INFO -   Valid start positions per trial: 0 to 0
2026-03-05 18:27:51,136 - INFO -   Total samples: 1000 (1000 trials × 1 positions)
2026-03-05 18:27:51,137 - INFO - Samples — train: 3400, val: 600, test: 1000
2026-03-05 18:27:51,137 - INFO - Input channels: 105, Neurons: 63
2026-03-05 18:27:51,144 - INFO - Using CPU
2026-03-05 18:27:51,167 - INFO - Model: CNN — 494,399 trainable params (494,399 total)
2026-03-05 18:27:55,436 - INFO - Starting training …
2026-03-05 18:28:14,730 - INFO - Epoch   1/50 | Train: 0.208360 | Val: 0.189778 | Corr: 0.082602 | LR: 5.00e-04
2026-03-05 18:28:14,748 - INFO -   ↳ Saved best model (val_corr=0.082602)
2026-03-05 18:28:32,533 - INFO - Epoch   2/50 | Train: 0.181850 | Val: 0.183633 | Corr: 0.097506 | LR: 5.00e-04
2026-03-05 18:28:32,551 - INFO -   ↳ Saved best model (val_corr=0.097506)
2026-03-05 18:28:49,651 - INFO - Epoch   3/50 | Train: 0.179770 | Val: 0.186355 | Corr: 0.108769 | LR: 5.00e-04
2026-03-05 18:28:49,674 - INFO -   ↳ Saved best model (val_corr=0.108769)
2026-03-05 18:29:06,464 - INFO - Epoch   4/50 | Train: 0.178323 | Val: 0.180806 | Corr: 0.118340 | LR: 5.00e-04
2026-03-05 18:29:06,485 - INFO -   ↳ Saved best model (val_corr=0.118340)
2026-03-05 18:29:23,636 - INFO - Epoch   5/50 | Train: 0.177048 | Val: 0.181166 | Corr: 0.124211 | LR: 5.00e-04
2026-03-05 18:29:23,656 - INFO -   ↳ Saved best model (val_corr=0.124211)
2026-03-05 18:29:40,497 - INFO - Epoch   6/50 | Train: 0.176107 | Val: 0.184316 | Corr: 0.129650 | LR: 5.00e-04
2026-03-05 18:29:40,514 - INFO -   ↳ Saved best model (val_corr=0.129650)
2026-03-05 18:29:57,165 - INFO - Epoch   7/50 | Train: 0.175365 | Val: 0.181342 | Corr: 0.133484 | LR: 5.00e-04
2026-03-05 18:29:57,186 - INFO -   ↳ Saved best model (val_corr=0.133484)
2026-03-05 18:30:14,745 - INFO - Epoch   8/50 | Train: 0.174711 | Val: 0.178605 | Corr: 0.136838 | LR: 5.00e-04
2026-03-05 18:30:14,762 - INFO -   ↳ Saved best model (val_corr=0.136838)
2026-03-05 18:30:32,246 - INFO - Epoch   9/50 | Train: 0.173937 | Val: 0.180596 | Corr: 0.138282 | LR: 5.00e-04
2026-03-05 18:30:32,268 - INFO -   ↳ Saved best model (val_corr=0.138282)
2026-03-05 18:30:49,899 - INFO - Epoch  10/50 | Train: 0.173603 | Val: 0.180145 | Corr: 0.139302 | LR: 5.00e-04
2026-03-05 18:30:49,918 - INFO -   ↳ Saved best model (val_corr=0.139302)
2026-03-05 18:31:06,402 - INFO - Epoch  11/50 | Train: 0.173201 | Val: 0.176896 | Corr: 0.139756 | LR: 5.00e-04
2026-03-05 18:31:06,424 - INFO -   ↳ Saved best model (val_corr=0.139756)
2026-03-05 18:31:23,592 - INFO - Epoch  12/50 | Train: 0.172685 | Val: 0.179474 | Corr: 0.141859 | LR: 5.00e-04
2026-03-05 18:31:23,611 - INFO -   ↳ Saved best model (val_corr=0.141859)
2026-03-05 18:31:40,707 - INFO - Epoch  13/50 | Train: 0.172309 | Val: 0.183448 | Corr: 0.143168 | LR: 5.00e-04
2026-03-05 18:31:40,728 - INFO -   ↳ Saved best model (val_corr=0.143168)
2026-03-05 18:31:57,107 - INFO - Epoch  14/50 | Train: 0.171816 | Val: 0.178535 | Corr: 0.144109 | LR: 5.00e-04
2026-03-05 18:31:57,128 - INFO -   ↳ Saved best model (val_corr=0.144109)
2026-03-05 18:32:14,768 - INFO - Epoch  15/50 | Train: 0.171526 | Val: 0.178221 | Corr: 0.145887 | LR: 5.00e-04
2026-03-05 18:32:14,786 - INFO -   ↳ Saved best model (val_corr=0.145887)
2026-03-05 18:32:32,200 - INFO - Epoch  16/50 | Train: 0.171086 | Val: 0.181194 | Corr: 0.146768 | LR: 5.00e-04
2026-03-05 18:32:32,219 - INFO -   ↳ Saved best model (val_corr=0.146768)
2026-03-05 18:32:49,938 - INFO - Epoch  17/50 | Train: 0.170884 | Val: 0.181653 | Corr: 0.147453 | LR: 2.50e-04
2026-03-05 18:32:49,960 - INFO -   ↳ Saved best model (val_corr=0.147453)
2026-03-05 18:33:06,810 - INFO - Epoch  18/50 | Train: 0.169667 | Val: 0.178641 | Corr: 0.148004 | LR: 2.50e-04
2026-03-05 18:33:06,827 - INFO -   ↳ Saved best model (val_corr=0.148004)
2026-03-05 18:33:23,742 - INFO - Epoch  19/50 | Train: 0.169327 | Val: 0.179023 | Corr: 0.147595 | LR: 2.50e-04
2026-03-05 18:33:40,841 - INFO - Epoch  20/50 | Train: 0.169205 | Val: 0.177606 | Corr: 0.148399 | LR: 2.50e-04
2026-03-05 18:33:40,859 - INFO -   ↳ Saved best model (val_corr=0.148399)
2026-03-05 18:33:57,929 - INFO - Epoch  21/50 | Train: 0.169061 | Val: 0.177946 | Corr: 0.147663 | LR: 2.50e-04
2026-03-05 18:34:14,864 - INFO - Epoch  22/50 | Train: 0.168824 | Val: 0.180826 | Corr: 0.148337 | LR: 2.50e-04
2026-03-05 18:34:31,329 - INFO - Epoch  23/50 | Train: 0.168716 | Val: 0.179583 | Corr: 0.148297 | LR: 1.25e-04
2026-03-05 18:34:48,942 - INFO - Epoch  24/50 | Train: 0.168222 | Val: 0.180732 | Corr: 0.148828 | LR: 1.25e-04
2026-03-05 18:34:48,965 - INFO -   ↳ Saved best model (val_corr=0.148828)
2026-03-05 18:35:06,449 - INFO - Epoch  25/50 | Train: 0.167986 | Val: 0.180657 | Corr: 0.148977 | LR: 1.25e-04
2026-03-05 18:35:06,466 - INFO -   ↳ Saved best model (val_corr=0.148977)
2026-03-05 18:35:24,057 - INFO - Epoch  26/50 | Train: 0.167888 | Val: 0.180945 | Corr: 0.148737 | LR: 1.25e-04
2026-03-05 18:35:41,068 - INFO - Epoch  27/50 | Train: 0.167774 | Val: 0.179338 | Corr: 0.147987 | LR: 1.25e-04
2026-03-05 18:35:57,743 - INFO - Epoch  28/50 | Train: 0.167803 | Val: 0.181870 | Corr: 0.149070 | LR: 1.25e-04
2026-03-05 18:35:57,764 - INFO -   ↳ Saved best model (val_corr=0.149070)
2026-03-05 18:36:14,873 - INFO - Epoch  29/50 | Train: 0.167571 | Val: 0.178696 | Corr: 0.148453 | LR: 6.25e-05
2026-03-05 18:36:31,341 - INFO - Epoch  30/50 | Train: 0.167286 | Val: 0.179636 | Corr: 0.148390 | LR: 6.25e-05
2026-03-05 18:36:48,386 - INFO - Epoch  31/50 | Train: 0.167231 | Val: 0.180081 | Corr: 0.148705 | LR: 6.25e-05
2026-03-05 18:37:06,042 - INFO - Epoch  32/50 | Train: 0.167173 | Val: 0.180081 | Corr: 0.148560 | LR: 6.25e-05
2026-03-05 18:37:23,518 - INFO - Epoch  33/50 | Train: 0.167107 | Val: 0.179465 | Corr: 0.148259 | LR: 6.25e-05
2026-03-05 18:37:41,178 - INFO - Epoch  34/50 | Train: 0.167080 | Val: 0.179299 | Corr: 0.148085 | LR: 6.25e-05
2026-03-05 18:37:57,768 - INFO - Epoch  35/50 | Train: 0.166964 | Val: 0.179508 | Corr: 0.148401 | LR: 3.13e-05
2026-03-05 18:38:14,936 - INFO - Epoch  36/50 | Train: 0.166851 | Val: 0.179010 | Corr: 0.148211 | LR: 3.13e-05
2026-03-05 18:38:31,930 - INFO - Epoch  37/50 | Train: 0.166777 | Val: 0.179844 | Corr: 0.148254 | LR: 3.13e-05
2026-03-05 18:38:48,165 - INFO - Epoch  38/50 | Train: 0.166814 | Val: 0.180741 | Corr: 0.148422 | LR: 3.13e-05
2026-03-05 18:38:48,166 - INFO - Early stopping at epoch 38
2026-03-05 18:38:48,166 - INFO - Training complete — best val corr: 0.149070
2026-03-05 18:38:51,124 - INFO - Test loss: 0.172902, Test corr: 0.144518
2026-03-05 18:38:52,468 - INFO - Fraction of variance explained (FVE): -0.008720
2026-03-05 18:38:52,468 - INFO - Computing autoregressive (AR) test predictions …
2026-03-05 18:38:54,345 - INFO - AR FVE: -0.015718, AR test corr: 0.132179
2026-03-05 18:38:54,345 - INFO - Generating figures …
2026-03-05 18:38:55,063 - INFO - Correlation between predicted and actual per-neuron averages: r=0.9940, p=0.00e+00
2026-03-05 18:38:59,132 - INFO - Pattern selectivity summary:
2026-03-05 18:38:59,132 - INFO -   Mean correlation across neurons: 0.5492
2026-03-05 18:38:59,133 - INFO -   Median correlation: 0.5591
2026-03-05 18:38:59,133 - INFO -   Neurons with r > 0.5: 41 / 63
2026-03-05 18:38:59,133 - INFO -   Neurons with r > 0.3: 59 / 63
2026-03-05 18:38:59,133 - INFO - Pattern selectivity — mean neuron corr: 0.5492
2026-03-05 18:39:03,744 - INFO - LOO (avg rate) — Model mean r: 0.3840, LOO mean r: 0.4546, Neurons model > LOO: 11/63
2026-03-05 18:39:09,486 - INFO - LOO (temporal) — Model mean r: 0.1513, LOO mean r: 0.3186, Neurons model > LOO: 1/63
2026-03-05 18:39:09,486 - INFO - Skipping oracle trial plots (skip_oracle_plots=True)
2026-03-05 18:39:09,492 - INFO - Experiment complete. Summary: {
  "run_dir": "/scratch/sb272/patterns5k_results/slurm_hist_cnn_2026-03-05_16-01-45/trial_0425_learning_rate=5.0e-04_history=10_kernel_sizes=5x3_conv_channels=128x256_fc_dims=1024_seed1",
  "model_type": "cnn",
  "batch_avg_test_loss": 0.172901539683342,
  "batch_avg_test_corr": 0.14451839809072473,
  "all_test_fve": -0.008719578621879456,
  "AR_FVE": -0.01571775712664165,
  "AR_test_correlation": 0.1321791559457779,
  "best_val_corr": 0.14906995899467024,
  "total_params": 494399,
  "trainable_params": 494399,
  "epochs_trained": 38,
  "mean_pattern_corr": 0.5492254528181442,
  "history": 10,
  "init_state": true,
  "loo_avg_mean_corr": 0.45456832695830385,
  "model_avg_mean_corr": 0.38399419454555245,
  "neurons_model_beats_loo_avg": 11,
  "loo_temporal_mean_corr": 0.31855225563049316,
  "all_test_corr": 0.1512944996356964,
  "neurons_model_beats_loo_temporal": 1,
  "kernel_sizes": [
    5,
    3
  ],
  "conv_channels": [
    128,
    256
  ],
  "fc_dims": [
    1024
  ]
}
