2026-03-03 20:25:45,589 - INFO - ============================================================
2026-03-03 20:25:45,589 - INFO - Experiment run directory: /scratch/sb272/patterns5k_results/slurm_hist_cnn_2026-03-03_15-13-01/trial_0234_learning_rate=1.0e-03_history=10_kernel_sizes=20_conv_channels=256_fc_dims=256_seed1
2026-03-03 20:25:45,589 - INFO - ============================================================
2026-03-03 20:25:45,589 - INFO - Loading data …
2026-03-03 20:25:47,168 - INFO - 63 unique neurons after dropping problematic neurons
2026-03-03 20:25:48,137 - INFO - Stimulation channels: 42, Spiking neurons: 63
2026-03-03 20:27:04,091 - INFO - Unique patterns: 4050, Total trials: 5000
2026-03-03 20:27:04,093 - INFO - Stimulation channels: 42, Spiking neurons: 63
2026-03-03 20:27:04,093 - INFO - Unique patterns: 4050, Total trials: 5000
2026-03-03 20:27:04,105 - INFO - Split (oracle): train=3400, val=600, test=1000
2026-03-03 20:27:18,856 - INFO - BinnedStimSpikeDataset initialized:
2026-03-03 20:27:18,856 - INFO -   input_bin_size_ms=10, output_bin_size_ms=10
2026-03-03 20:27:18,856 - INFO -   n_input_bins=60, n_output_bins=60
2026-03-03 20:27:18,856 - INFO -   output_offset=0, total_bins_input=60, total_bins_output=60
2026-03-03 20:27:18,856 - INFO -   Valid start positions per trial: 0 to 0
2026-03-03 20:27:18,856 - INFO -   Total samples: 3400 (3400 trials × 1 positions)
2026-03-03 20:27:33,125 - INFO - BinnedStimSpikeDataset initialized:
2026-03-03 20:27:33,125 - INFO -   input_bin_size_ms=10, output_bin_size_ms=10
2026-03-03 20:27:33,125 - INFO -   n_input_bins=60, n_output_bins=60
2026-03-03 20:27:33,125 - INFO -   output_offset=0, total_bins_input=60, total_bins_output=60
2026-03-03 20:27:33,125 - INFO -   Valid start positions per trial: 0 to 0
2026-03-03 20:27:33,125 - INFO -   Total samples: 600 (600 trials × 1 positions)
2026-03-03 20:27:47,405 - INFO - BinnedStimSpikeDataset initialized:
2026-03-03 20:27:47,405 - INFO -   input_bin_size_ms=10, output_bin_size_ms=10
2026-03-03 20:27:47,405 - INFO -   n_input_bins=60, n_output_bins=60
2026-03-03 20:27:47,405 - INFO -   output_offset=0, total_bins_input=60, total_bins_output=60
2026-03-03 20:27:47,405 - INFO -   Valid start positions per trial: 0 to 0
2026-03-03 20:27:47,405 - INFO -   Total samples: 1000 (1000 trials × 1 positions)
2026-03-03 20:27:47,405 - INFO - Samples — train: 3400, val: 600, test: 1000
2026-03-03 20:27:47,405 - INFO - Input channels: 105, Neurons: 63
2026-03-03 20:27:47,413 - INFO - Using CPU
2026-03-03 20:27:47,431 - INFO - Model: CNN — 620,351 trainable params (620,351 total)
2026-03-03 20:27:52,200 - INFO - Starting training …
2026-03-03 20:27:59,555 - INFO - Epoch   1/50 | Train: 0.217162 | Val: 0.187074 | Corr: 0.063889 | LR: 1.00e-03
2026-03-03 20:27:59,577 - INFO -   ↳ Saved best model (val_corr=0.063889)
2026-03-03 20:28:06,415 - INFO - Epoch   2/50 | Train: 0.183540 | Val: 0.184647 | Corr: 0.079393 | LR: 1.00e-03
2026-03-03 20:28:06,436 - INFO -   ↳ Saved best model (val_corr=0.079393)
2026-03-03 20:28:13,184 - INFO - Epoch   3/50 | Train: 0.180301 | Val: 0.183734 | Corr: 0.087574 | LR: 1.00e-03
2026-03-03 20:28:13,208 - INFO -   ↳ Saved best model (val_corr=0.087574)
2026-03-03 20:28:19,895 - INFO - Epoch   4/50 | Train: 0.178140 | Val: 0.183126 | Corr: 0.093786 | LR: 1.00e-03
2026-03-03 20:28:19,912 - INFO -   ↳ Saved best model (val_corr=0.093786)
2026-03-03 20:28:26,652 - INFO - Epoch   5/50 | Train: 0.176456 | Val: 0.181950 | Corr: 0.102589 | LR: 1.00e-03
2026-03-03 20:28:26,672 - INFO -   ↳ Saved best model (val_corr=0.102589)
2026-03-03 20:28:33,411 - INFO - Epoch   6/50 | Train: 0.175056 | Val: 0.181502 | Corr: 0.108344 | LR: 1.00e-03
2026-03-03 20:28:33,429 - INFO -   ↳ Saved best model (val_corr=0.108344)
2026-03-03 20:28:40,123 - INFO - Epoch   7/50 | Train: 0.173558 | Val: 0.180799 | Corr: 0.114954 | LR: 1.00e-03
2026-03-03 20:28:40,142 - INFO -   ↳ Saved best model (val_corr=0.114954)
2026-03-03 20:28:46,803 - INFO - Epoch   8/50 | Train: 0.172195 | Val: 0.180355 | Corr: 0.118244 | LR: 1.00e-03
2026-03-03 20:28:46,824 - INFO -   ↳ Saved best model (val_corr=0.118244)
2026-03-03 20:28:53,568 - INFO - Epoch   9/50 | Train: 0.171043 | Val: 0.180726 | Corr: 0.122498 | LR: 1.00e-03
2026-03-03 20:28:53,589 - INFO -   ↳ Saved best model (val_corr=0.122498)
2026-03-03 20:29:00,360 - INFO - Epoch  10/50 | Train: 0.169669 | Val: 0.179974 | Corr: 0.124766 | LR: 1.00e-03
2026-03-03 20:29:00,386 - INFO -   ↳ Saved best model (val_corr=0.124766)
2026-03-03 20:29:07,182 - INFO - Epoch  11/50 | Train: 0.168540 | Val: 0.180113 | Corr: 0.126711 | LR: 1.00e-03
2026-03-03 20:29:07,205 - INFO -   ↳ Saved best model (val_corr=0.126711)
2026-03-03 20:29:14,065 - INFO - Epoch  12/50 | Train: 0.167243 | Val: 0.180331 | Corr: 0.127575 | LR: 1.00e-03
2026-03-03 20:29:14,085 - INFO -   ↳ Saved best model (val_corr=0.127575)
2026-03-03 20:29:20,975 - INFO - Epoch  13/50 | Train: 0.166136 | Val: 0.180327 | Corr: 0.126211 | LR: 1.00e-03
2026-03-03 20:29:27,783 - INFO - Epoch  14/50 | Train: 0.165116 | Val: 0.180089 | Corr: 0.128268 | LR: 1.00e-03
2026-03-03 20:29:27,800 - INFO -   ↳ Saved best model (val_corr=0.128268)
2026-03-03 20:29:34,746 - INFO - Epoch  15/50 | Train: 0.164461 | Val: 0.180153 | Corr: 0.129507 | LR: 1.00e-03
2026-03-03 20:29:34,765 - INFO -   ↳ Saved best model (val_corr=0.129507)
2026-03-03 20:29:41,543 - INFO - Epoch  16/50 | Train: 0.163330 | Val: 0.180332 | Corr: 0.129923 | LR: 5.00e-04
2026-03-03 20:29:41,559 - INFO -   ↳ Saved best model (val_corr=0.129923)
2026-03-03 20:29:48,465 - INFO - Epoch  17/50 | Train: 0.160694 | Val: 0.180258 | Corr: 0.131434 | LR: 5.00e-04
2026-03-03 20:29:48,497 - INFO -   ↳ Saved best model (val_corr=0.131434)
2026-03-03 20:29:55,567 - INFO - Epoch  18/50 | Train: 0.159821 | Val: 0.181975 | Corr: 0.130401 | LR: 5.00e-04
2026-03-03 20:30:02,525 - INFO - Epoch  19/50 | Train: 0.159290 | Val: 0.181362 | Corr: 0.129797 | LR: 5.00e-04
2026-03-03 20:30:09,459 - INFO - Epoch  20/50 | Train: 0.158610 | Val: 0.181733 | Corr: 0.129902 | LR: 5.00e-04
2026-03-03 20:30:16,488 - INFO - Epoch  21/50 | Train: 0.158242 | Val: 0.182484 | Corr: 0.128747 | LR: 5.00e-04
2026-03-03 20:30:23,345 - INFO - Epoch  22/50 | Train: 0.157760 | Val: 0.182088 | Corr: 0.129163 | LR: 2.50e-04
2026-03-03 20:30:30,275 - INFO - Epoch  23/50 | Train: 0.156378 | Val: 0.182604 | Corr: 0.130034 | LR: 2.50e-04
2026-03-03 20:30:37,106 - INFO - Epoch  24/50 | Train: 0.155924 | Val: 0.182428 | Corr: 0.129920 | LR: 2.50e-04
2026-03-03 20:30:43,874 - INFO - Epoch  25/50 | Train: 0.155665 | Val: 0.182739 | Corr: 0.128717 | LR: 2.50e-04
2026-03-03 20:30:50,588 - INFO - Epoch  26/50 | Train: 0.155451 | Val: 0.183174 | Corr: 0.128641 | LR: 2.50e-04
2026-03-03 20:30:57,371 - INFO - Epoch  27/50 | Train: 0.155222 | Val: 0.183269 | Corr: 0.128244 | LR: 2.50e-04
2026-03-03 20:30:57,371 - INFO - Early stopping at epoch 27
2026-03-03 20:30:57,371 - INFO - Training complete — best val corr: 0.131434
2026-03-03 20:30:58,846 - INFO - Test loss: 0.170071, Test corr: 0.127202
2026-03-03 20:30:59,528 - INFO - Fraction of variance explained (FVE): 0.016487
2026-03-03 20:30:59,528 - INFO - Computing autoregressive (AR) test predictions …
2026-03-03 20:31:00,298 - INFO - AR FVE: 0.011680, AR test corr: 0.115878
2026-03-03 20:31:00,298 - INFO - Generating figures …
2026-03-03 20:31:00,670 - INFO - Correlation between predicted and actual per-neuron averages: r=0.9878, p=0.00e+00
2026-03-03 20:31:02,488 - INFO - Pattern selectivity summary:
2026-03-03 20:31:02,488 - INFO -   Mean correlation across neurons: 0.5278
2026-03-03 20:31:02,488 - INFO -   Median correlation: 0.5290
2026-03-03 20:31:02,488 - INFO -   Neurons with r > 0.5: 36 / 63
2026-03-03 20:31:02,488 - INFO -   Neurons with r > 0.3: 57 / 63
2026-03-03 20:31:02,488 - INFO - Pattern selectivity — mean neuron corr: 0.5278
2026-03-03 20:31:03,915 - INFO - LOO (avg rate) — Model mean r: 0.4068, LOO mean r: 0.4546, Neurons model > LOO: 18/63
2026-03-03 20:31:05,801 - INFO - LOO (temporal) — Model mean r: 0.1382, LOO mean r: 0.3186, Neurons model > LOO: 1/63
2026-03-03 20:31:05,801 - INFO - Skipping oracle trial plots (skip_oracle_plots=True)
2026-03-03 20:31:05,811 - INFO - Experiment complete. Summary: {
  "run_dir": "/scratch/sb272/patterns5k_results/slurm_hist_cnn_2026-03-03_15-13-01/trial_0234_learning_rate=1.0e-03_history=10_kernel_sizes=20_conv_channels=256_fc_dims=256_seed1",
  "model_type": "cnn",
  "batch_avg_test_loss": 0.17007103514671326,
  "batch_avg_test_corr": 0.12720187059993968,
  "all_test_fve": 0.016486962636311848,
  "AR_FVE": 0.011680333387284051,
  "AR_test_correlation": 0.11587829887866974,
  "best_val_corr": 0.13143371674658275,
  "total_params": 620351,
  "trainable_params": 620351,
  "epochs_trained": 27,
  "mean_pattern_corr": 0.5278233924031243,
  "history": 10,
  "init_state": true,
  "loo_avg_mean_corr": 0.45456832695830385,
  "model_avg_mean_corr": 0.40681498580846853,
  "neurons_model_beats_loo_avg": 18,
  "loo_temporal_mean_corr": 0.31855225563049316,
  "all_test_corr": 0.1381584256887436,
  "neurons_model_beats_loo_temporal": 1,
  "kernel_sizes": [
    20
  ],
  "conv_channels": [
    256
  ],
  "fc_dims": [
    256
  ]
}
