2026-03-05 23:19:25,485 - INFO - ============================================================
2026-03-05 23:19:25,486 - INFO - Experiment run directory: /scratch/sb272/patterns5k_results/slurm_hist_cnn_2026-03-05_16-01-45/trial_0270_learning_rate=5.0e-04_history=10_kernel_sizes=3x3_conv_channels=64x128_fc_dims=128_seed0
2026-03-05 23:19:25,486 - INFO - ============================================================
2026-03-05 23:19:25,486 - INFO - Loading data …
2026-03-05 23:19:26,415 - INFO - 63 unique neurons after dropping problematic neurons
2026-03-05 23:19:27,699 - INFO - Stimulation channels: 42, Spiking neurons: 63
2026-03-05 23:21:43,208 - INFO - Unique patterns: 4050, Total trials: 5000
2026-03-05 23:21:43,209 - INFO - Stimulation channels: 42, Spiking neurons: 63
2026-03-05 23:21:43,209 - INFO - Unique patterns: 4050, Total trials: 5000
2026-03-05 23:21:43,225 - INFO - Split (oracle): train=3400, val=600, test=1000
2026-03-05 23:22:11,823 - INFO - BinnedStimSpikeDataset initialized:
2026-03-05 23:22:11,824 - INFO -   input_bin_size_ms=10, output_bin_size_ms=10
2026-03-05 23:22:11,824 - INFO -   n_input_bins=60, n_output_bins=60
2026-03-05 23:22:11,824 - INFO -   output_offset=0, total_bins_input=60, total_bins_output=60
2026-03-05 23:22:11,824 - INFO -   Valid start positions per trial: 0 to 0
2026-03-05 23:22:11,824 - INFO -   Total samples: 3400 (3400 trials × 1 positions)
2026-03-05 23:22:39,486 - INFO - BinnedStimSpikeDataset initialized:
2026-03-05 23:22:39,486 - INFO -   input_bin_size_ms=10, output_bin_size_ms=10
2026-03-05 23:22:39,486 - INFO -   n_input_bins=60, n_output_bins=60
2026-03-05 23:22:39,486 - INFO -   output_offset=0, total_bins_input=60, total_bins_output=60
2026-03-05 23:22:39,486 - INFO -   Valid start positions per trial: 0 to 0
2026-03-05 23:22:39,486 - INFO -   Total samples: 600 (600 trials × 1 positions)
2026-03-05 23:23:07,548 - INFO - BinnedStimSpikeDataset initialized:
2026-03-05 23:23:07,548 - INFO -   input_bin_size_ms=10, output_bin_size_ms=10
2026-03-05 23:23:07,548 - INFO -   n_input_bins=60, n_output_bins=60
2026-03-05 23:23:07,548 - INFO -   output_offset=0, total_bins_input=60, total_bins_output=60
2026-03-05 23:23:07,548 - INFO -   Valid start positions per trial: 0 to 0
2026-03-05 23:23:07,548 - INFO -   Total samples: 1000 (1000 trials × 1 positions)
2026-03-05 23:23:07,549 - INFO - Samples — train: 3400, val: 600, test: 1000
2026-03-05 23:23:07,549 - INFO - Input channels: 105, Neurons: 63
2026-03-05 23:23:07,567 - INFO - Using CPU
2026-03-05 23:23:07,571 - INFO - Model: CNN — 69,951 trainable params (69,951 total)
2026-03-05 23:23:11,872 - INFO - Starting training …
2026-03-05 23:23:17,470 - INFO - Epoch   1/50 | Train: 0.275984 | Val: 0.189285 | Corr: 0.065956 | LR: 5.00e-04
2026-03-05 23:23:17,482 - INFO -   ↳ Saved best model (val_corr=0.065956)
2026-03-05 23:23:21,697 - INFO - Epoch   2/50 | Train: 0.186421 | Val: 0.186643 | Corr: 0.074249 | LR: 5.00e-04
2026-03-05 23:23:21,707 - INFO -   ↳ Saved best model (val_corr=0.074249)
2026-03-05 23:23:26,127 - INFO - Epoch   3/50 | Train: 0.184581 | Val: 0.185532 | Corr: 0.081013 | LR: 5.00e-04
2026-03-05 23:23:26,137 - INFO -   ↳ Saved best model (val_corr=0.081013)
2026-03-05 23:23:30,351 - INFO - Epoch   4/50 | Train: 0.183204 | Val: 0.186986 | Corr: 0.085330 | LR: 5.00e-04
2026-03-05 23:23:30,365 - INFO -   ↳ Saved best model (val_corr=0.085330)
2026-03-05 23:23:34,760 - INFO - Epoch   5/50 | Train: 0.182062 | Val: 0.185620 | Corr: 0.090257 | LR: 5.00e-04
2026-03-05 23:23:34,772 - INFO -   ↳ Saved best model (val_corr=0.090257)
2026-03-05 23:23:39,088 - INFO - Epoch   6/50 | Train: 0.181205 | Val: 0.187057 | Corr: 0.093515 | LR: 5.00e-04
2026-03-05 23:23:39,101 - INFO -   ↳ Saved best model (val_corr=0.093515)
2026-03-05 23:23:43,491 - INFO - Epoch   7/50 | Train: 0.180656 | Val: 0.186572 | Corr: 0.096444 | LR: 5.00e-04
2026-03-05 23:23:43,499 - INFO -   ↳ Saved best model (val_corr=0.096444)
2026-03-05 23:23:47,857 - INFO - Epoch   8/50 | Train: 0.179943 | Val: 0.182201 | Corr: 0.100130 | LR: 5.00e-04
2026-03-05 23:23:47,868 - INFO -   ↳ Saved best model (val_corr=0.100130)
2026-03-05 23:23:52,207 - INFO - Epoch   9/50 | Train: 0.179549 | Val: 0.183224 | Corr: 0.102622 | LR: 5.00e-04
2026-03-05 23:23:52,222 - INFO -   ↳ Saved best model (val_corr=0.102622)
2026-03-05 23:23:56,560 - INFO - Epoch  10/50 | Train: 0.179029 | Val: 0.183699 | Corr: 0.104632 | LR: 5.00e-04
2026-03-05 23:23:56,569 - INFO -   ↳ Saved best model (val_corr=0.104632)
2026-03-05 23:24:00,855 - INFO - Epoch  11/50 | Train: 0.178747 | Val: 0.183687 | Corr: 0.107352 | LR: 5.00e-04
2026-03-05 23:24:00,866 - INFO -   ↳ Saved best model (val_corr=0.107352)
2026-03-05 23:24:05,214 - INFO - Epoch  12/50 | Train: 0.178313 | Val: 0.183119 | Corr: 0.110823 | LR: 5.00e-04
2026-03-05 23:24:05,224 - INFO -   ↳ Saved best model (val_corr=0.110823)
2026-03-05 23:24:09,459 - INFO - Epoch  13/50 | Train: 0.178022 | Val: 0.183044 | Corr: 0.113124 | LR: 5.00e-04
2026-03-05 23:24:09,469 - INFO -   ↳ Saved best model (val_corr=0.113124)
2026-03-05 23:24:13,748 - INFO - Epoch  14/50 | Train: 0.177863 | Val: 0.181242 | Corr: 0.114851 | LR: 5.00e-04
2026-03-05 23:24:13,759 - INFO -   ↳ Saved best model (val_corr=0.114851)
2026-03-05 23:24:18,047 - INFO - Epoch  15/50 | Train: 0.177529 | Val: 0.180563 | Corr: 0.117957 | LR: 5.00e-04
2026-03-05 23:24:18,057 - INFO -   ↳ Saved best model (val_corr=0.117957)
2026-03-05 23:24:22,268 - INFO - Epoch  16/50 | Train: 0.177340 | Val: 0.181289 | Corr: 0.120431 | LR: 5.00e-04
2026-03-05 23:24:22,277 - INFO -   ↳ Saved best model (val_corr=0.120431)
2026-03-05 23:24:26,714 - INFO - Epoch  17/50 | Train: 0.177008 | Val: 0.181418 | Corr: 0.121410 | LR: 5.00e-04
2026-03-05 23:24:26,723 - INFO -   ↳ Saved best model (val_corr=0.121410)
2026-03-05 23:24:30,886 - INFO - Epoch  18/50 | Train: 0.176976 | Val: 0.180794 | Corr: 0.122458 | LR: 5.00e-04
2026-03-05 23:24:30,897 - INFO -   ↳ Saved best model (val_corr=0.122458)
2026-03-05 23:24:35,339 - INFO - Epoch  19/50 | Train: 0.176771 | Val: 0.182396 | Corr: 0.123485 | LR: 5.00e-04
2026-03-05 23:24:35,347 - INFO -   ↳ Saved best model (val_corr=0.123485)
2026-03-05 23:24:39,458 - INFO - Epoch  20/50 | Train: 0.176568 | Val: 0.180173 | Corr: 0.124503 | LR: 5.00e-04
2026-03-05 23:24:39,464 - INFO -   ↳ Saved best model (val_corr=0.124503)
2026-03-05 23:24:44,022 - INFO - Epoch  21/50 | Train: 0.176426 | Val: 0.181033 | Corr: 0.125277 | LR: 5.00e-04
2026-03-05 23:24:44,032 - INFO -   ↳ Saved best model (val_corr=0.125277)
2026-03-05 23:24:48,285 - INFO - Epoch  22/50 | Train: 0.176174 | Val: 0.180194 | Corr: 0.127021 | LR: 5.00e-04
2026-03-05 23:24:48,294 - INFO -   ↳ Saved best model (val_corr=0.127021)
2026-03-05 23:24:52,703 - INFO - Epoch  23/50 | Train: 0.176071 | Val: 0.179503 | Corr: 0.128460 | LR: 5.00e-04
2026-03-05 23:24:52,711 - INFO -   ↳ Saved best model (val_corr=0.128460)
2026-03-05 23:24:56,959 - INFO - Epoch  24/50 | Train: 0.175948 | Val: 0.179648 | Corr: 0.128742 | LR: 5.00e-04
2026-03-05 23:24:56,969 - INFO -   ↳ Saved best model (val_corr=0.128742)
2026-03-05 23:25:01,351 - INFO - Epoch  25/50 | Train: 0.175885 | Val: 0.179384 | Corr: 0.130188 | LR: 5.00e-04
2026-03-05 23:25:01,359 - INFO -   ↳ Saved best model (val_corr=0.130188)
2026-03-05 23:25:05,625 - INFO - Epoch  26/50 | Train: 0.175629 | Val: 0.179123 | Corr: 0.131197 | LR: 5.00e-04
2026-03-05 23:25:05,634 - INFO -   ↳ Saved best model (val_corr=0.131197)
2026-03-05 23:25:09,974 - INFO - Epoch  27/50 | Train: 0.175586 | Val: 0.179122 | Corr: 0.132054 | LR: 5.00e-04
2026-03-05 23:25:09,982 - INFO -   ↳ Saved best model (val_corr=0.132054)
2026-03-05 23:25:14,163 - INFO - Epoch  28/50 | Train: 0.175410 | Val: 0.178838 | Corr: 0.133546 | LR: 5.00e-04
2026-03-05 23:25:14,172 - INFO -   ↳ Saved best model (val_corr=0.133546)
2026-03-05 23:25:18,505 - INFO - Epoch  29/50 | Train: 0.175403 | Val: 0.179170 | Corr: 0.132744 | LR: 5.00e-04
2026-03-05 23:25:22,817 - INFO - Epoch  30/50 | Train: 0.175269 | Val: 0.179792 | Corr: 0.135072 | LR: 5.00e-04
2026-03-05 23:25:22,826 - INFO -   ↳ Saved best model (val_corr=0.135072)
2026-03-05 23:25:27,223 - INFO - Epoch  31/50 | Train: 0.175111 | Val: 0.179510 | Corr: 0.134851 | LR: 5.00e-04
2026-03-05 23:25:31,616 - INFO - Epoch  32/50 | Train: 0.175124 | Val: 0.178886 | Corr: 0.135637 | LR: 5.00e-04
2026-03-05 23:25:31,629 - INFO -   ↳ Saved best model (val_corr=0.135637)
2026-03-05 23:25:35,911 - INFO - Epoch  33/50 | Train: 0.174992 | Val: 0.178765 | Corr: 0.135534 | LR: 5.00e-04
2026-03-05 23:25:40,372 - INFO - Epoch  34/50 | Train: 0.174860 | Val: 0.180004 | Corr: 0.136811 | LR: 5.00e-04
2026-03-05 23:25:40,381 - INFO -   ↳ Saved best model (val_corr=0.136811)
2026-03-05 23:25:44,609 - INFO - Epoch  35/50 | Train: 0.174889 | Val: 0.178812 | Corr: 0.135546 | LR: 5.00e-04
2026-03-05 23:25:48,962 - INFO - Epoch  36/50 | Train: 0.174776 | Val: 0.178973 | Corr: 0.136461 | LR: 5.00e-04
2026-03-05 23:25:53,127 - INFO - Epoch  37/50 | Train: 0.174646 | Val: 0.178955 | Corr: 0.136391 | LR: 5.00e-04
2026-03-05 23:25:57,583 - INFO - Epoch  38/50 | Train: 0.174661 | Val: 0.178996 | Corr: 0.137610 | LR: 5.00e-04
2026-03-05 23:25:57,595 - INFO -   ↳ Saved best model (val_corr=0.137610)
2026-03-05 23:26:01,815 - INFO - Epoch  39/50 | Train: 0.174527 | Val: 0.179134 | Corr: 0.139366 | LR: 2.50e-04
2026-03-05 23:26:01,824 - INFO -   ↳ Saved best model (val_corr=0.139366)
2026-03-05 23:26:06,328 - INFO - Epoch  40/50 | Train: 0.174154 | Val: 0.178725 | Corr: 0.138836 | LR: 2.50e-04
2026-03-05 23:26:10,538 - INFO - Epoch  41/50 | Train: 0.174116 | Val: 0.178767 | Corr: 0.139182 | LR: 2.50e-04
2026-03-05 23:26:14,978 - INFO - Epoch  42/50 | Train: 0.174086 | Val: 0.178733 | Corr: 0.139539 | LR: 2.50e-04
2026-03-05 23:26:14,989 - INFO -   ↳ Saved best model (val_corr=0.139539)
2026-03-05 23:26:19,247 - INFO - Epoch  43/50 | Train: 0.174001 | Val: 0.178774 | Corr: 0.139679 | LR: 2.50e-04
2026-03-05 23:26:19,256 - INFO -   ↳ Saved best model (val_corr=0.139679)
2026-03-05 23:26:23,506 - INFO - Epoch  44/50 | Train: 0.174024 | Val: 0.178652 | Corr: 0.138950 | LR: 2.50e-04
2026-03-05 23:26:27,761 - INFO - Epoch  45/50 | Train: 0.174062 | Val: 0.178831 | Corr: 0.139255 | LR: 2.50e-04
2026-03-05 23:26:32,179 - INFO - Epoch  46/50 | Train: 0.173931 | Val: 0.178866 | Corr: 0.139040 | LR: 2.50e-04
2026-03-05 23:26:36,465 - INFO - Epoch  47/50 | Train: 0.173851 | Val: 0.178669 | Corr: 0.140098 | LR: 2.50e-04
2026-03-05 23:26:36,474 - INFO -   ↳ Saved best model (val_corr=0.140098)
2026-03-05 23:26:40,851 - INFO - Epoch  48/50 | Train: 0.173918 | Val: 0.178625 | Corr: 0.139884 | LR: 2.50e-04
2026-03-05 23:26:45,168 - INFO - Epoch  49/50 | Train: 0.173870 | Val: 0.178753 | Corr: 0.139584 | LR: 2.50e-04
2026-03-05 23:26:49,476 - INFO - Epoch  50/50 | Train: 0.173845 | Val: 0.178531 | Corr: 0.140030 | LR: 2.50e-04
2026-03-05 23:26:49,477 - INFO - Training complete — best val corr: 0.140098
2026-03-05 23:26:51,109 - INFO - Test loss: 0.168131, Test corr: 0.134765
2026-03-05 23:26:51,429 - INFO - Fraction of variance explained (FVE): 0.020903
2026-03-05 23:26:51,430 - INFO - Computing autoregressive (AR) test predictions …
2026-03-05 23:26:51,932 - INFO - AR FVE: 0.017166, AR test corr: 0.124988
2026-03-05 23:26:51,932 - INFO - Generating figures …
2026-03-05 23:26:52,554 - INFO - Correlation between predicted and actual per-neuron averages: r=0.9945, p=0.00e+00
2026-03-05 23:26:54,778 - INFO - Pattern selectivity summary:
2026-03-05 23:26:54,778 - INFO -   Mean correlation across neurons: 0.4897
2026-03-05 23:26:54,778 - INFO -   Median correlation: 0.5032
2026-03-05 23:26:54,778 - INFO -   Neurons with r > 0.5: 33 / 63
2026-03-05 23:26:54,778 - INFO -   Neurons with r > 0.3: 52 / 63
2026-03-05 23:26:54,778 - INFO - Pattern selectivity — mean neuron corr: 0.4897
2026-03-05 23:26:57,347 - INFO - LOO (avg rate) — Model mean r: 0.3421, LOO mean r: 0.4546, Neurons model > LOO: 9/63
2026-03-05 23:26:59,650 - INFO - LOO (temporal) — Model mean r: 0.1397, LOO mean r: 0.3186, Neurons model > LOO: 1/63
2026-03-05 23:26:59,650 - INFO - Skipping oracle trial plots (skip_oracle_plots=True)
2026-03-05 23:26:59,657 - INFO - Experiment complete. Summary: {
  "run_dir": "/scratch/sb272/patterns5k_results/slurm_hist_cnn_2026-03-05_16-01-45/trial_0270_learning_rate=5.0e-04_history=10_kernel_sizes=3x3_conv_channels=64x128_fc_dims=128_seed0",
  "model_type": "cnn",
  "batch_avg_test_loss": 0.1681310337781906,
  "batch_avg_test_corr": 0.1347647102054193,
  "all_test_fve": 0.02090263839751955,
  "AR_FVE": 0.01716640449705578,
  "AR_test_correlation": 0.12498825788497925,
  "best_val_corr": 0.14009807883449185,
  "total_params": 69951,
  "trainable_params": 69951,
  "epochs_trained": 50,
  "mean_pattern_corr": 0.489669739108778,
  "history": 10,
  "init_state": true,
  "loo_avg_mean_corr": 0.45456832695830385,
  "model_avg_mean_corr": 0.3421338252000003,
  "neurons_model_beats_loo_avg": 9,
  "loo_temporal_mean_corr": 0.31855225563049316,
  "all_test_corr": 0.13971765339374542,
  "neurons_model_beats_loo_temporal": 1,
  "kernel_sizes": [
    3,
    3
  ],
  "conv_channels": [
    64,
    128
  ],
  "fc_dims": [
    128
  ]
}
