2026-02-16 01:34:58,117 - INFO - ============================================================
2026-02-16 01:34:58,117 - INFO - Experiment run directory: results/base_cnn_kernel_sweep_2026-02-15_19-39-07/trial_0127_learning_rate=1.0e-03
2026-02-16 01:34:58,117 - INFO - ============================================================
2026-02-16 01:34:58,117 - INFO - Using preloaded raw data (skipping I/O)
2026-02-16 01:34:58,117 - INFO - Stimulation channels: 42, Spiking neurons: 63
2026-02-16 01:34:58,117 - INFO - Unique patterns: 4050, Total trials: 5000
2026-02-16 01:34:58,130 - INFO - Split (oracle): train=3400, val=600, test=1000
2026-02-16 01:35:12,282 - INFO - BinnedStimSpikeDataset initialized:
2026-02-16 01:35:12,283 - INFO -   input_bin_size_ms=10, output_bin_size_ms=10
2026-02-16 01:35:12,283 - INFO -   n_input_bins=60, n_output_bins=60
2026-02-16 01:35:12,283 - INFO -   output_offset=0, total_bins_input=60, total_bins_output=60
2026-02-16 01:35:12,283 - INFO -   Valid start positions per trial: 0 to 0
2026-02-16 01:35:12,283 - INFO -   Total samples: 3400 (3400 trials × 1 positions)
2026-02-16 01:35:25,650 - INFO - BinnedStimSpikeDataset initialized:
2026-02-16 01:35:25,651 - INFO -   input_bin_size_ms=10, output_bin_size_ms=10
2026-02-16 01:35:25,651 - INFO -   n_input_bins=60, n_output_bins=60
2026-02-16 01:35:25,651 - INFO -   output_offset=0, total_bins_input=60, total_bins_output=60
2026-02-16 01:35:25,651 - INFO -   Valid start positions per trial: 0 to 0
2026-02-16 01:35:25,651 - INFO -   Total samples: 600 (600 trials × 1 positions)
2026-02-16 01:35:39,146 - INFO - BinnedStimSpikeDataset initialized:
2026-02-16 01:35:39,149 - INFO -   input_bin_size_ms=10, output_bin_size_ms=10
2026-02-16 01:35:39,149 - INFO -   n_input_bins=60, n_output_bins=60
2026-02-16 01:35:39,149 - INFO -   output_offset=0, total_bins_input=60, total_bins_output=60
2026-02-16 01:35:39,149 - INFO -   Valid start positions per trial: 0 to 0
2026-02-16 01:35:39,149 - INFO -   Total samples: 1000 (1000 trials × 1 positions)
2026-02-16 01:35:39,150 - INFO - Samples — train: 3400, val: 600, test: 1000
2026-02-16 01:35:39,150 - INFO - Input channels: 105, Neurons: 63
2026-02-16 01:35:39,150 - INFO - Using Apple Silicon MPS acceleration
2026-02-16 01:35:39,163 - INFO - Model: CNN — 183,999 trainable params (183,999 total)
2026-02-16 01:35:39,164 - INFO - Starting training …
2026-02-16 01:35:41,894 - INFO - Epoch   1/50 | Train: 0.230448 | Val: 0.188010 | Corr: 0.245568 | LR: 1.00e-03
2026-02-16 01:35:41,906 - INFO -   ↳ Saved best model (val_corr=0.245568)
2026-02-16 01:35:44,460 - INFO - Epoch   2/50 | Train: 0.187047 | Val: 0.182837 | Corr: 0.285482 | LR: 1.00e-03
2026-02-16 01:35:44,474 - INFO -   ↳ Saved best model (val_corr=0.285482)
2026-02-16 01:35:47,150 - INFO - Epoch   3/50 | Train: 0.182595 | Val: 0.179998 | Corr: 0.305353 | LR: 1.00e-03
2026-02-16 01:35:47,165 - INFO -   ↳ Saved best model (val_corr=0.305353)
2026-02-16 01:35:49,836 - INFO - Epoch   4/50 | Train: 0.180033 | Val: 0.177934 | Corr: 0.317640 | LR: 1.00e-03
2026-02-16 01:35:49,848 - INFO -   ↳ Saved best model (val_corr=0.317640)
2026-02-16 01:35:52,507 - INFO - Epoch   5/50 | Train: 0.177951 | Val: 0.176547 | Corr: 0.325432 | LR: 1.00e-03
2026-02-16 01:35:52,518 - INFO -   ↳ Saved best model (val_corr=0.325432)
2026-02-16 01:35:55,216 - INFO - Epoch   6/50 | Train: 0.176415 | Val: 0.175330 | Corr: 0.332604 | LR: 1.00e-03
2026-02-16 01:35:55,222 - INFO -   ↳ Saved best model (val_corr=0.332604)
2026-02-16 01:35:57,870 - INFO - Epoch   7/50 | Train: 0.175215 | Val: 0.174190 | Corr: 0.337058 | LR: 1.00e-03
2026-02-16 01:35:57,879 - INFO -   ↳ Saved best model (val_corr=0.337058)
2026-02-16 01:36:00,500 - INFO - Epoch   8/50 | Train: 0.174214 | Val: 0.173467 | Corr: 0.341877 | LR: 1.00e-03
2026-02-16 01:36:00,510 - INFO -   ↳ Saved best model (val_corr=0.341877)
2026-02-16 01:36:03,058 - INFO - Epoch   9/50 | Train: 0.173267 | Val: 0.172912 | Corr: 0.344980 | LR: 1.00e-03
2026-02-16 01:36:03,066 - INFO -   ↳ Saved best model (val_corr=0.344980)
2026-02-16 01:36:05,650 - INFO - Epoch  10/50 | Train: 0.172578 | Val: 0.172377 | Corr: 0.345890 | LR: 1.00e-03
2026-02-16 01:36:05,659 - INFO -   ↳ Saved best model (val_corr=0.345890)
2026-02-16 01:36:08,314 - INFO - Epoch  11/50 | Train: 0.171951 | Val: 0.171966 | Corr: 0.349122 | LR: 1.00e-03
2026-02-16 01:36:08,324 - INFO -   ↳ Saved best model (val_corr=0.349122)
2026-02-16 01:36:10,936 - INFO - Epoch  12/50 | Train: 0.171269 | Val: 0.171671 | Corr: 0.350403 | LR: 1.00e-03
2026-02-16 01:36:10,944 - INFO -   ↳ Saved best model (val_corr=0.350403)
2026-02-16 01:36:13,612 - INFO - Epoch  13/50 | Train: 0.170909 | Val: 0.171867 | Corr: 0.352594 | LR: 1.00e-03
2026-02-16 01:36:13,623 - INFO -   ↳ Saved best model (val_corr=0.352594)
2026-02-16 01:36:16,298 - INFO - Epoch  14/50 | Train: 0.170427 | Val: 0.171122 | Corr: 0.353425 | LR: 1.00e-03
2026-02-16 01:36:16,309 - INFO -   ↳ Saved best model (val_corr=0.353425)
2026-02-16 01:36:19,041 - INFO - Epoch  15/50 | Train: 0.169977 | Val: 0.170831 | Corr: 0.355268 | LR: 1.00e-03
2026-02-16 01:36:19,052 - INFO -   ↳ Saved best model (val_corr=0.355268)
2026-02-16 01:36:21,767 - INFO - Epoch  16/50 | Train: 0.169564 | Val: 0.171056 | Corr: 0.355567 | LR: 1.00e-03
2026-02-16 01:36:21,780 - INFO -   ↳ Saved best model (val_corr=0.355567)
2026-02-16 01:36:24,479 - INFO - Epoch  17/50 | Train: 0.169235 | Val: 0.170644 | Corr: 0.356429 | LR: 1.00e-03
2026-02-16 01:36:24,490 - INFO -   ↳ Saved best model (val_corr=0.356429)
2026-02-16 01:36:27,192 - INFO - Epoch  18/50 | Train: 0.168908 | Val: 0.170445 | Corr: 0.357216 | LR: 1.00e-03
2026-02-16 01:36:27,205 - INFO -   ↳ Saved best model (val_corr=0.357216)
2026-02-16 01:36:29,932 - INFO - Epoch  19/50 | Train: 0.168556 | Val: 0.170447 | Corr: 0.358145 | LR: 1.00e-03
2026-02-16 01:36:29,946 - INFO -   ↳ Saved best model (val_corr=0.358145)
2026-02-16 01:36:32,594 - INFO - Epoch  20/50 | Train: 0.168284 | Val: 0.170546 | Corr: 0.358545 | LR: 1.00e-03
2026-02-16 01:36:32,603 - INFO -   ↳ Saved best model (val_corr=0.358545)
2026-02-16 01:36:35,103 - INFO - Epoch  21/50 | Train: 0.168012 | Val: 0.170627 | Corr: 0.359484 | LR: 1.00e-03
2026-02-16 01:36:35,109 - INFO -   ↳ Saved best model (val_corr=0.359484)
2026-02-16 01:36:37,744 - INFO - Epoch  22/50 | Train: 0.167909 | Val: 0.170142 | Corr: 0.359981 | LR: 1.00e-03
2026-02-16 01:36:37,756 - INFO -   ↳ Saved best model (val_corr=0.359981)
2026-02-16 01:36:40,380 - INFO - Epoch  23/50 | Train: 0.167559 | Val: 0.170171 | Corr: 0.359665 | LR: 1.00e-03
2026-02-16 01:36:43,068 - INFO - Epoch  24/50 | Train: 0.167307 | Val: 0.170251 | Corr: 0.360206 | LR: 1.00e-03
2026-02-16 01:36:43,081 - INFO -   ↳ Saved best model (val_corr=0.360206)
2026-02-16 01:36:45,692 - INFO - Epoch  25/50 | Train: 0.167061 | Val: 0.170016 | Corr: 0.360607 | LR: 1.00e-03
2026-02-16 01:36:45,705 - INFO -   ↳ Saved best model (val_corr=0.360607)
2026-02-16 01:36:48,436 - INFO - Epoch  26/50 | Train: 0.166922 | Val: 0.170172 | Corr: 0.360516 | LR: 1.00e-03
2026-02-16 01:36:51,127 - INFO - Epoch  27/50 | Train: 0.166614 | Val: 0.170185 | Corr: 0.361400 | LR: 1.00e-03
2026-02-16 01:36:51,142 - INFO -   ↳ Saved best model (val_corr=0.361400)
2026-02-16 01:36:53,863 - INFO - Epoch  28/50 | Train: 0.166505 | Val: 0.169995 | Corr: 0.360971 | LR: 1.00e-03
2026-02-16 01:36:56,463 - INFO - Epoch  29/50 | Train: 0.166350 | Val: 0.169854 | Corr: 0.361450 | LR: 1.00e-03
2026-02-16 01:36:56,479 - INFO -   ↳ Saved best model (val_corr=0.361450)
2026-02-16 01:36:59,177 - INFO - Epoch  30/50 | Train: 0.166054 | Val: 0.169827 | Corr: 0.361356 | LR: 1.00e-03
2026-02-16 01:37:01,848 - INFO - Epoch  31/50 | Train: 0.165978 | Val: 0.169866 | Corr: 0.361363 | LR: 1.00e-03
2026-02-16 01:37:04,561 - INFO - Epoch  32/50 | Train: 0.165862 | Val: 0.169816 | Corr: 0.361775 | LR: 1.00e-03
2026-02-16 01:37:04,575 - INFO -   ↳ Saved best model (val_corr=0.361775)
2026-02-16 01:37:07,156 - INFO - Epoch  33/50 | Train: 0.165638 | Val: 0.170182 | Corr: 0.361964 | LR: 1.00e-03
2026-02-16 01:37:07,167 - INFO -   ↳ Saved best model (val_corr=0.361964)
2026-02-16 01:37:09,861 - INFO - Epoch  34/50 | Train: 0.165637 | Val: 0.170099 | Corr: 0.360961 | LR: 1.00e-03
2026-02-16 01:37:12,550 - INFO - Epoch  35/50 | Train: 0.165460 | Val: 0.169852 | Corr: 0.362291 | LR: 1.00e-03
2026-02-16 01:37:12,562 - INFO -   ↳ Saved best model (val_corr=0.362291)
2026-02-16 01:37:15,232 - INFO - Epoch  36/50 | Train: 0.165336 | Val: 0.169874 | Corr: 0.361835 | LR: 5.00e-04
2026-02-16 01:37:17,838 - INFO - Epoch  37/50 | Train: 0.164413 | Val: 0.169770 | Corr: 0.363122 | LR: 5.00e-04
2026-02-16 01:37:17,845 - INFO -   ↳ Saved best model (val_corr=0.363122)
2026-02-16 01:37:20,457 - INFO - Epoch  38/50 | Train: 0.164205 | Val: 0.169837 | Corr: 0.363469 | LR: 5.00e-04
2026-02-16 01:37:20,465 - INFO -   ↳ Saved best model (val_corr=0.363469)
2026-02-16 01:37:23,173 - INFO - Epoch  39/50 | Train: 0.164131 | Val: 0.169830 | Corr: 0.363212 | LR: 5.00e-04
2026-02-16 01:37:25,818 - INFO - Epoch  40/50 | Train: 0.163995 | Val: 0.169862 | Corr: 0.363234 | LR: 5.00e-04
2026-02-16 01:37:28,487 - INFO - Epoch  41/50 | Train: 0.163917 | Val: 0.170000 | Corr: 0.363097 | LR: 5.00e-04
2026-02-16 01:37:31,134 - INFO - Epoch  42/50 | Train: 0.163891 | Val: 0.169848 | Corr: 0.363138 | LR: 5.00e-04
2026-02-16 01:37:33,807 - INFO - Epoch  43/50 | Train: 0.163796 | Val: 0.169909 | Corr: 0.362661 | LR: 2.50e-04
2026-02-16 01:37:36,491 - INFO - Epoch  44/50 | Train: 0.163449 | Val: 0.169843 | Corr: 0.363183 | LR: 2.50e-04
2026-02-16 01:37:39,180 - INFO - Epoch  45/50 | Train: 0.163280 | Val: 0.169878 | Corr: 0.363049 | LR: 2.50e-04
2026-02-16 01:37:41,825 - INFO - Epoch  46/50 | Train: 0.163247 | Val: 0.169848 | Corr: 0.363262 | LR: 2.50e-04
2026-02-16 01:37:44,535 - INFO - Epoch  47/50 | Train: 0.163184 | Val: 0.169916 | Corr: 0.363107 | LR: 2.50e-04
2026-02-16 01:37:47,234 - INFO - Epoch  48/50 | Train: 0.163098 | Val: 0.169931 | Corr: 0.363149 | LR: 2.50e-04
2026-02-16 01:37:47,234 - INFO - Early stopping at epoch 48
2026-02-16 01:37:47,234 - INFO - Training complete — best val corr: 0.363469
2026-02-16 01:37:47,869 - INFO - Test loss: 0.161458, Test corr: 0.358831
2026-02-16 01:37:48,194 - INFO - Generating figures …
2026-02-16 01:37:48,420 - INFO - Correlation between predicted and actual per-neuron averages: r=0.9940, p=3.10e-60
2026-02-16 01:37:49,358 - INFO - Pattern selectivity summary:
2026-02-16 01:37:49,358 - INFO -   Mean correlation across neurons: 0.7321
2026-02-16 01:37:49,358 - INFO -   Median correlation: 0.7542
2026-02-16 01:37:49,358 - INFO -   Neurons with r > 0.5: 60 / 63
2026-02-16 01:37:49,358 - INFO -   Neurons with r > 0.3: 63 / 63
2026-02-16 01:37:49,358 - INFO - Pattern selectivity — mean neuron corr: 0.7321
2026-02-16 01:37:49,708 - INFO - LOO baseline — Model mean r: 0.5951, LOO mean r: 0.4728, Neurons model > LOO: 51/63
2026-02-16 01:37:49,709 - INFO - Skipping oracle trial plots (skip_oracle_plots=True)
2026-02-16 01:37:49,709 - INFO - Experiment complete. Summary: {
  "run_dir": "results/base_cnn_kernel_sweep_2026-02-15_19-39-07/trial_0127_learning_rate=1.0e-03",
  "model_type": "cnn",
  "test_loss": 0.1614582052230835,
  "test_corr": 0.3588306139364409,
  "best_val_corr": 0.363468885848945,
  "total_params": 183999,
  "trainable_params": 183999,
  "epochs_trained": 48,
  "mean_pattern_corr": 0.7320613086360855,
  "loo_mean_corr": 0.47275709111471625,
  "model_sample_mean_corr": 0.595125936537262,
  "neurons_model_beats_loo": 51
}
2026-02-16 01:37:49,711 - INFO - 
======================================================================
2026-02-16 01:37:49,711 - INFO - [129/216] trial_0128_learning_rate=1.0e-03
2026-02-16 01:37:49,711 - INFO -   Overrides: {"kernel_sizes": [10], "learning_rate": 0.001, "weight_decay": 0.0001, "conv_channels": [256]}
2026-02-16 01:37:49,711 - INFO -   Output: results/base_cnn_kernel_sweep_2026-02-15_19-39-07/trial_0128_learning_rate=1.0e-03
