2026-02-15 12:42:34,431 - INFO - ============================================================
2026-02-15 12:42:34,431 - INFO - Experiment run directory: results/base_cnn_kernel_sweep_2026-02-15_11-28-56/trial_0034_learning_rate=0.01
2026-02-15 12:42:34,431 - INFO - ============================================================
2026-02-15 12:42:34,431 - INFO - Using preloaded raw data (skipping I/O)
2026-02-15 12:42:34,431 - INFO - Stimulation channels: 42, Spiking neurons: 63
2026-02-15 12:42:34,431 - INFO - Unique patterns: 4050, Total trials: 5000
2026-02-15 12:42:34,449 - INFO - Split (oracle): train=3400, val=600, test=1000
2026-02-15 12:42:48,418 - INFO - BinnedStimSpikeDataset initialized:
2026-02-15 12:42:48,419 - INFO -   input_bin_size_ms=10, output_bin_size_ms=10
2026-02-15 12:42:48,419 - INFO -   n_input_bins=60, n_output_bins=60
2026-02-15 12:42:48,419 - INFO -   output_offset=0, total_bins_input=60, total_bins_output=60
2026-02-15 12:42:48,419 - INFO -   Valid start positions per trial: 0 to 0
2026-02-15 12:42:48,419 - INFO -   Total samples: 3400 (3400 trials × 1 positions)
2026-02-15 12:43:01,816 - INFO - BinnedStimSpikeDataset initialized:
2026-02-15 12:43:01,817 - INFO -   input_bin_size_ms=10, output_bin_size_ms=10
2026-02-15 12:43:01,817 - INFO -   n_input_bins=60, n_output_bins=60
2026-02-15 12:43:01,817 - INFO -   output_offset=0, total_bins_input=60, total_bins_output=60
2026-02-15 12:43:01,817 - INFO -   Valid start positions per trial: 0 to 0
2026-02-15 12:43:01,817 - INFO -   Total samples: 600 (600 trials × 1 positions)
2026-02-15 12:43:15,237 - INFO - BinnedStimSpikeDataset initialized:
2026-02-15 12:43:15,238 - INFO -   input_bin_size_ms=10, output_bin_size_ms=10
2026-02-15 12:43:15,238 - INFO -   n_input_bins=60, n_output_bins=60
2026-02-15 12:43:15,238 - INFO -   output_offset=0, total_bins_input=60, total_bins_output=60
2026-02-15 12:43:15,238 - INFO -   Valid start positions per trial: 0 to 0
2026-02-15 12:43:15,238 - INFO -   Total samples: 1000 (1000 trials × 1 positions)
2026-02-15 12:43:15,239 - INFO - Samples — train: 3400, val: 600, test: 1000
2026-02-15 12:43:15,239 - INFO - Input channels: 42, Neurons: 63
2026-02-15 12:43:15,239 - INFO - Using Apple Silicon MPS acceleration
2026-02-15 12:43:15,249 - INFO - Model: CNN — 54,975 trainable params (54,975 total)
2026-02-15 12:43:15,250 - INFO - Starting training …
2026-02-15 12:43:17,201 - INFO - Epoch   1/50 | Train: 0.218376 | Val: 0.198870 | Corr: 0.183371 | LR: 1.00e-02
2026-02-15 12:43:17,206 - INFO -   ↳ Saved best model (val_corr=0.183371)
2026-02-15 12:43:19,235 - INFO - Epoch   2/50 | Train: 0.198239 | Val: 0.195473 | Corr: 0.204677 | LR: 1.00e-02
2026-02-15 12:43:19,240 - INFO -   ↳ Saved best model (val_corr=0.204677)
2026-02-15 12:43:21,342 - INFO - Epoch   3/50 | Train: 0.196602 | Val: 0.194477 | Corr: 0.212161 | LR: 1.00e-02
2026-02-15 12:43:21,349 - INFO -   ↳ Saved best model (val_corr=0.212161)
2026-02-15 12:43:23,489 - INFO - Epoch   4/50 | Train: 0.195938 | Val: 0.193992 | Corr: 0.216878 | LR: 1.00e-02
2026-02-15 12:43:23,497 - INFO -   ↳ Saved best model (val_corr=0.216878)
2026-02-15 12:43:25,591 - INFO - Epoch   5/50 | Train: 0.195340 | Val: 0.193996 | Corr: 0.217692 | LR: 1.00e-02
2026-02-15 12:43:25,613 - INFO -   ↳ Saved best model (val_corr=0.217692)
2026-02-15 12:43:27,631 - INFO - Epoch   6/50 | Train: 0.195108 | Val: 0.193786 | Corr: 0.218882 | LR: 1.00e-02
2026-02-15 12:43:27,635 - INFO -   ↳ Saved best model (val_corr=0.218882)
2026-02-15 12:43:29,657 - INFO - Epoch   7/50 | Train: 0.194893 | Val: 0.193855 | Corr: 0.219034 | LR: 1.00e-02
2026-02-15 12:43:29,661 - INFO -   ↳ Saved best model (val_corr=0.219034)
2026-02-15 12:43:31,643 - INFO - Epoch   8/50 | Train: 0.194787 | Val: 0.193642 | Corr: 0.221461 | LR: 1.00e-02
2026-02-15 12:43:31,649 - INFO -   ↳ Saved best model (val_corr=0.221461)
2026-02-15 12:43:33,684 - INFO - Epoch   9/50 | Train: 0.194571 | Val: 0.193523 | Corr: 0.221841 | LR: 1.00e-02
2026-02-15 12:43:33,688 - INFO -   ↳ Saved best model (val_corr=0.221841)
2026-02-15 12:43:35,649 - INFO - Epoch  10/50 | Train: 0.194401 | Val: 0.193499 | Corr: 0.222096 | LR: 1.00e-02
2026-02-15 12:43:35,653 - INFO -   ↳ Saved best model (val_corr=0.222096)
2026-02-15 12:43:37,630 - INFO - Epoch  11/50 | Train: 0.194268 | Val: 0.193289 | Corr: 0.223642 | LR: 1.00e-02
2026-02-15 12:43:37,634 - INFO -   ↳ Saved best model (val_corr=0.223642)
2026-02-15 12:43:39,669 - INFO - Epoch  12/50 | Train: 0.194203 | Val: 0.193463 | Corr: 0.222577 | LR: 1.00e-02
2026-02-15 12:43:41,674 - INFO - Epoch  13/50 | Train: 0.194021 | Val: 0.193437 | Corr: 0.223885 | LR: 1.00e-02
2026-02-15 12:43:41,678 - INFO -   ↳ Saved best model (val_corr=0.223885)
2026-02-15 12:43:43,659 - INFO - Epoch  14/50 | Train: 0.193947 | Val: 0.194009 | Corr: 0.222394 | LR: 1.00e-02
2026-02-15 12:43:45,701 - INFO - Epoch  15/50 | Train: 0.193888 | Val: 0.193376 | Corr: 0.224263 | LR: 1.00e-02
2026-02-15 12:43:45,704 - INFO -   ↳ Saved best model (val_corr=0.224263)
2026-02-15 12:43:47,678 - INFO - Epoch  16/50 | Train: 0.193791 | Val: 0.193578 | Corr: 0.224173 | LR: 1.00e-02
2026-02-15 12:43:49,723 - INFO - Epoch  17/50 | Train: 0.193633 | Val: 0.193283 | Corr: 0.224652 | LR: 5.00e-03
2026-02-15 12:43:49,726 - INFO -   ↳ Saved best model (val_corr=0.224652)
2026-02-15 12:43:51,663 - INFO - Epoch  18/50 | Train: 0.193131 | Val: 0.192885 | Corr: 0.227654 | LR: 5.00e-03
2026-02-15 12:43:51,666 - INFO -   ↳ Saved best model (val_corr=0.227654)
2026-02-15 12:43:53,685 - INFO - Epoch  19/50 | Train: 0.193007 | Val: 0.192896 | Corr: 0.227945 | LR: 5.00e-03
2026-02-15 12:43:53,689 - INFO -   ↳ Saved best model (val_corr=0.227945)
2026-02-15 12:43:55,712 - INFO - Epoch  20/50 | Train: 0.192899 | Val: 0.193060 | Corr: 0.227972 | LR: 5.00e-03
2026-02-15 12:43:55,716 - INFO -   ↳ Saved best model (val_corr=0.227972)
2026-02-15 12:43:57,716 - INFO - Epoch  21/50 | Train: 0.192920 | Val: 0.192785 | Corr: 0.228505 | LR: 5.00e-03
2026-02-15 12:43:57,719 - INFO -   ↳ Saved best model (val_corr=0.228505)
2026-02-15 12:43:59,686 - INFO - Epoch  22/50 | Train: 0.192894 | Val: 0.193009 | Corr: 0.228379 | LR: 5.00e-03
2026-02-15 12:44:01,668 - INFO - Epoch  23/50 | Train: 0.192762 | Val: 0.192802 | Corr: 0.228269 | LR: 5.00e-03
2026-02-15 12:44:03,698 - INFO - Epoch  24/50 | Train: 0.192796 | Val: 0.192789 | Corr: 0.228983 | LR: 5.00e-03
2026-02-15 12:44:03,701 - INFO -   ↳ Saved best model (val_corr=0.228983)
2026-02-15 12:44:05,739 - INFO - Epoch  25/50 | Train: 0.192764 | Val: 0.192893 | Corr: 0.227954 | LR: 5.00e-03
2026-02-15 12:44:07,664 - INFO - Epoch  26/50 | Train: 0.192714 | Val: 0.192978 | Corr: 0.228396 | LR: 5.00e-03
2026-02-15 12:44:09,694 - INFO - Epoch  27/50 | Train: 0.192703 | Val: 0.193073 | Corr: 0.228105 | LR: 2.50e-03
2026-02-15 12:44:11,681 - INFO - Epoch  28/50 | Train: 0.192329 | Val: 0.192689 | Corr: 0.229825 | LR: 2.50e-03
2026-02-15 12:44:11,684 - INFO -   ↳ Saved best model (val_corr=0.229825)
2026-02-15 12:44:13,643 - INFO - Epoch  29/50 | Train: 0.192302 | Val: 0.192711 | Corr: 0.229815 | LR: 2.50e-03
2026-02-15 12:44:15,587 - INFO - Epoch  30/50 | Train: 0.192252 | Val: 0.192742 | Corr: 0.229716 | LR: 2.50e-03
2026-02-15 12:44:17,556 - INFO - Epoch  31/50 | Train: 0.192240 | Val: 0.192688 | Corr: 0.230320 | LR: 2.50e-03
2026-02-15 12:44:17,560 - INFO -   ↳ Saved best model (val_corr=0.230320)
2026-02-15 12:44:19,566 - INFO - Epoch  32/50 | Train: 0.192254 | Val: 0.192654 | Corr: 0.229973 | LR: 2.50e-03
2026-02-15 12:44:21,550 - INFO - Epoch  33/50 | Train: 0.192169 | Val: 0.192684 | Corr: 0.230093 | LR: 2.50e-03
2026-02-15 12:44:23,526 - INFO - Epoch  34/50 | Train: 0.192141 | Val: 0.192671 | Corr: 0.230430 | LR: 2.50e-03
2026-02-15 12:44:23,531 - INFO -   ↳ Saved best model (val_corr=0.230430)
2026-02-15 12:44:25,566 - INFO - Epoch  35/50 | Train: 0.192166 | Val: 0.192695 | Corr: 0.230078 | LR: 2.50e-03
2026-02-15 12:44:27,558 - INFO - Epoch  36/50 | Train: 0.192105 | Val: 0.192603 | Corr: 0.230251 | LR: 2.50e-03
2026-02-15 12:44:29,607 - INFO - Epoch  37/50 | Train: 0.192083 | Val: 0.192681 | Corr: 0.230708 | LR: 2.50e-03
2026-02-15 12:44:29,611 - INFO -   ↳ Saved best model (val_corr=0.230708)
2026-02-15 12:44:31,576 - INFO - Epoch  38/50 | Train: 0.192076 | Val: 0.192725 | Corr: 0.229277 | LR: 2.50e-03
2026-02-15 12:44:33,572 - INFO - Epoch  39/50 | Train: 0.192043 | Val: 0.192641 | Corr: 0.230329 | LR: 2.50e-03
2026-02-15 12:44:35,610 - INFO - Epoch  40/50 | Train: 0.192012 | Val: 0.192745 | Corr: 0.230193 | LR: 2.50e-03
2026-02-15 12:44:37,613 - INFO - Epoch  41/50 | Train: 0.192009 | Val: 0.192623 | Corr: 0.230264 | LR: 2.50e-03
2026-02-15 12:44:39,610 - INFO - Epoch  42/50 | Train: 0.191976 | Val: 0.192665 | Corr: 0.230226 | LR: 1.25e-03
2026-02-15 12:44:41,593 - INFO - Epoch  43/50 | Train: 0.191800 | Val: 0.192613 | Corr: 0.230820 | LR: 1.25e-03
2026-02-15 12:44:41,596 - INFO -   ↳ Saved best model (val_corr=0.230820)
2026-02-15 12:44:43,629 - INFO - Epoch  44/50 | Train: 0.191759 | Val: 0.192548 | Corr: 0.231189 | LR: 1.25e-03
2026-02-15 12:44:43,632 - INFO -   ↳ Saved best model (val_corr=0.231189)
2026-02-15 12:44:45,683 - INFO - Epoch  45/50 | Train: 0.191745 | Val: 0.192542 | Corr: 0.231296 | LR: 1.25e-03
2026-02-15 12:44:45,687 - INFO -   ↳ Saved best model (val_corr=0.231296)
2026-02-15 12:44:47,661 - INFO - Epoch  46/50 | Train: 0.191702 | Val: 0.192635 | Corr: 0.230709 | LR: 1.25e-03
2026-02-15 12:44:49,657 - INFO - Epoch  47/50 | Train: 0.191731 | Val: 0.192632 | Corr: 0.230601 | LR: 1.25e-03
2026-02-15 12:44:51,582 - INFO - Epoch  48/50 | Train: 0.191682 | Val: 0.192645 | Corr: 0.230940 | LR: 1.25e-03
2026-02-15 12:44:53,588 - INFO - Epoch  49/50 | Train: 0.191666 | Val: 0.192512 | Corr: 0.231408 | LR: 1.25e-03
2026-02-15 12:44:53,592 - INFO -   ↳ Saved best model (val_corr=0.231408)
2026-02-15 12:44:55,591 - INFO - Epoch  50/50 | Train: 0.191675 | Val: 0.192515 | Corr: 0.231259 | LR: 1.25e-03
2026-02-15 12:44:55,592 - INFO - Training complete — best val corr: 0.231408
2026-02-15 12:44:55,832 - INFO - Test loss: 0.183294, Test corr: 0.233364
2026-02-15 12:44:55,902 - INFO - Generating figures …
2026-02-15 12:44:56,119 - INFO - Correlation between predicted and actual per-neuron averages: r=0.9945, p=1.74e-61
2026-02-15 12:44:56,964 - INFO - Pattern selectivity summary:
2026-02-15 12:44:56,964 - INFO -   Mean correlation across neurons: 0.5761
2026-02-15 12:44:56,964 - INFO -   Median correlation: 0.6267
2026-02-15 12:44:56,965 - INFO -   Neurons with r > 0.5: 43 / 63
2026-02-15 12:44:56,965 - INFO -   Neurons with r > 0.3: 54 / 63
2026-02-15 12:44:56,965 - INFO - Pattern selectivity — mean neuron corr: 0.5761
2026-02-15 12:44:57,290 - INFO - LOO baseline — Model mean r: 0.3384, LOO mean r: 0.4728, Neurons model > LOO: 2/63
2026-02-15 12:44:57,290 - INFO - Skipping oracle trial plots (skip_oracle_plots=True)
2026-02-15 12:44:57,290 - INFO - Experiment complete. Summary: {
  "run_dir": "results/base_cnn_kernel_sweep_2026-02-15_11-28-56/trial_0034_learning_rate=0.01",
  "model_type": "cnn",
  "test_loss": 0.18329351937770844,
  "test_corr": 0.2333637033318624,
  "best_val_corr": 0.23140755307319233,
  "total_params": 54975,
  "trainable_params": 54975,
  "epochs_trained": 50,
  "mean_pattern_corr": 0.576055082101705,
  "loo_mean_corr": 0.47275709111471625,
  "model_sample_mean_corr": 0.33843314463174345,
  "neurons_model_beats_loo": 2
}
2026-02-15 12:44:57,290 - INFO - 
======================================================================
2026-02-15 12:44:57,290 - INFO - [36/216] trial_0035_learning_rate=0.01
2026-02-15 12:44:57,290 - INFO -   Overrides: {"kernel_sizes": [1], "learning_rate": 0.01, "fc_dims": [256], "weight_decay": 0.001, "conv_channels": [256]}
2026-02-15 12:44:57,290 - INFO -   Output: results/base_cnn_kernel_sweep_2026-02-15_11-28-56/trial_0035_learning_rate=0.01
